12-07 17:41:52.124 W/OSDynamicObjectDataQuerier( 2832): Attempted to start tracking objects when tracker was already started
12-07 17:41:52.124 E/TrackedObjectManager( 2832): Failed to connect to TrackedObjectService with error Status(-129, EX_TRANSACTION_FAILED): 'DEAD_OBJECT: '
12-07 17:41:52.124 E/TrackedObjectManager( 2832): Failed to start tracking keyboard object with error Status(-129, EX_TRANSACTION_FAILED): 'DEAD_OBJECT: '
12-07 17:41:52.135 E/TrackedObjectManager( 2832): Failed to connect to TrackedObjectService with error Status(-129, EX_TRANSACTION_FAILED): 'DEAD_OBJECT: '
12-07 17:41:52.135 W/OSDynamicObjectDataQuerier( 2832): Attempted to start tracking objects when tracker was already started
12-07 17:41:52.135 E/TrackedObjectManager( 2832): Failed to connect to TrackedObjectService with error Status(-129, EX_TRANSACTION_FAILED): 'DEAD_OBJECT: '
12-07 17:41:52.135 E/TrackedObjectManager( 2832): Failed to start tracking keyboard object with error Status(-129, EX_TRANSACTION_FAILED): 'DEAD_OBJECT: '
12-07 17:41:52.146 E/TrackedObjectManager( 2832): Failed to connect to TrackedObjectService with error Status(-129, EX_TRANSACTION_FAILED): 'DEAD_OBJECT: '
12-07 17:41:52.146 W/OSDynamicObjectDataQuerier( 2832): Attempted to start tracking objects when tracker was already started
12-07 17:41:52.146 E/TrackedObjectManager( 2832): Failed to connect to TrackedObjectService with error Status(-129, EX_TRANSACTION_FAILED): 'DEAD_OBJECT: '
12-07 17:41:52.146 E/TrackedObjectManager( 2832): Failed to start tracking keyboard object with error Status(-129, EX_TRANSACTION_FAILED): 'DEAD_OBJECT: '
12-07 17:41:52.157 E/TrackedObjectManager( 2832): Failed to connect to TrackedObjectService with error Status(-129, EX_TRANSACTION_FAILED): 'DEAD_OBJECT: '
12-07 17:41:52.157 W/OSDynamicObjectDataQuerier( 2832): Attempted to start tracking objects when tracker was already started
12-07 17:41:52.157 E/TrackedObjectManager( 2832): Failed to connect to TrackedObjectService with error Status(-129, EX_TRANSACTION_FAILED): 'DEAD_OBJECT: '
12-07 17:41:52.157 E/TrackedObjectManager( 2832): Failed to start tracking keyboard object with error Status(-129, EX_TRANSACTION_FAILED): 'DEAD_OBJECT: '
12-07 17:41:52.160 D/TrafficStats( 2252): tagSocket(98) with statsTag=0xffffffff, statsUid=-1
12-07 17:41:52.168 E/TrackedObjectManager( 2832): Failed to connect to TrackedObjectService with error Status(-129, EX_TRANSACTION_FAILED): 'DEAD_OBJECT: '
12-07 17:41:52.168 W/OSDynamicObjectDataQuerier( 2832): Attempted to start tracking objects when tracker was already started
12-07 17:41:52.168 E/TrackedObjectManager( 2832): Failed to connect to TrackedObjectService with error Status(-129, EX_TRANSACTION_FAILED): 'DEAD_OBJECT: '
12-07 17:41:52.168 E/TrackedObjectManager( 2832): Failed to start tracking keyboard object with error Status(-129, EX_TRANSACTION_FAILED): 'DEAD_OBJECT: '
12-07 17:41:52.180 E/TrackedObjectManager( 2832): Failed to connect to TrackedObjectService with error Status(-129, EX_TRANSACTION_FAILED): 'DEAD_OBJECT: '
12-07 17:41:52.180 W/OSDynamicObjectDataQuerier( 2832): Attempted to start tracking objects when tracker was already started
12-07 17:41:52.180 E/TrackedObjectManager( 2832): Failed to connect to TrackedObjectService with error Status(-129, EX_TRANSACTION_FAILED): 'DEAD_OBJECT: '
12-07 17:41:52.180 E/TrackedObjectManager( 2832): Failed to start tracking keyboard object with error Status(-129, EX_TRANSACTION_FAILED): 'DEAD_OBJECT: '
12-07 17:41:52.186 D/TrafficStats( 2252): tagSocket(98) with statsTag=0xffffffff, statsUid=-1
12-07 17:41:52.191 E/TrackedObjectManager( 2832): Failed to connect to TrackedObjectService with error Status(-129, EX_TRANSACTION_FAILED): 'DEAD_OBJECT: '
12-07 17:41:52.191 W/OSDynamicObjectDataQuerier( 2832): Attempted to start tracking objects when tracker was already started
12-07 17:41:52.191 E/TrackedObjectManager( 2832): Failed to connect to TrackedObjectService with error Status(-129, EX_TRANSACTION_FAILED): 'DEAD_OBJECT: '
12-07 17:41:52.191 E/TrackedObjectManager( 2832): Failed to start tracking keyboard object with error Status(-129, EX_TRANSACTION_FAILED): 'DEAD_OBJECT: '
12-07 17:41:52.202 E/TrackedObjectManager( 2832): Failed to connect to TrackedObjectService with error Status(-129, EX_TRANSACTION_FAILED): 'DEAD_OBJECT: '
12-07 17:41:52.202 W/OSDynamicObjectDataQuerier( 2832): Attempted to start tracking objects when tracker was already started
12-07 17:41:52.202 E/TrackedObjectManager( 2832): Failed to connect to TrackedObjectService with error Status(-129, EX_TRANSACTION_FAILED): 'DEAD_OBJECT: '
12-07 17:41:52.202 E/TrackedObjectManager( 2832): Failed to start tracking keyboard object with error Status(-129, EX_TRANSACTION_FAILED): 'DEAD_OBJECT: '
12-07 17:41:52.213 E/TrackedObjectManager( 2832): Failed to connect to TrackedObjectService with error Status(-129, EX_TRANSACTION_FAILED): 'DEAD_OBJECT: '
12-07 17:41:52.213 W/OSDynamicObjectDataQuerier( 2832): Attempted to start tracking objects when tracker was already started
12-07 17:41:52.213 E/TrackedObjectManager( 2832): Failed to connect to TrackedObjectService with error Status(-129, EX_TRANSACTION_FAILED): 'DEAD_OBJECT: '
12-07 17:41:52.213 E/TrackedObjectManager( 2832): Failed to start tracking keyboard object with error Status(-129, EX_TRANSACTION_FAILED): 'DEAD_OBJECT: '
12-07 17:41:52.221 E/[CT]    ( 2832): CALIBRATION_RUNTIME: OnlineCalibrationSession: Calibration unsuccessful status code is 3.
12-07 17:41:52.224 E/TrackedObjectManager( 2832): Failed to connect to TrackedObjectService with error Status(-129, EX_TRANSACTION_FAILED): 'DEAD_OBJECT: '
12-07 17:41:52.224 W/OSDynamicObjectDataQuerier( 2832): Attempted to start tracking objects when tracker was already started
12-07 17:41:52.224 E/TrackedObjectManager( 2832): Failed to connect to TrackedObjectService with error Status(-129, EX_TRANSACTION_FAILED): 'DEAD_OBJECT: '
12-07 17:41:52.224 E/TrackedObjectManager( 2832): Failed to start tracking keyboard object with error Status(-129, EX_TRANSACTION_FAILED): 'DEAD_OBJECT: '
12-07 17:41:52.229 I/com.limelight.LimeLog( 2252): https://10.1.95.5:47984/applist?uniqueid=0123456789ABCDEF&uuid=ae32db90-52d4-4fb9-b434-ac1279c88e3f -> <?xml version="1.0" encoding="utf-8"?>
12-07 17:41:52.229 I/com.limelight.LimeLog( 2252): <root status_code="200"><App><IsHdrSupported>1</IsHdrSupported><AppTitle>Desktop</AppTitle><ID>881448767</ID></App><App><IsHdrSupported>1</IsHdrSupported><AppTitle>Steam Big Picture</AppTitle><ID>1093255277</ID></App></root>
12-07 17:41:52.235 E/TrackedObjectManager( 2832): Failed to connect to TrackedObjectService with error Status(-129, EX_TRANSACTION_FAILED): 'DEAD_OBJECT: '
12-07 17:41:52.235 W/OSDynamicObjectDataQuerier( 2832): Attempted to start tracking objects when tracker was already started
12-07 17:41:52.235 E/TrackedObjectManager( 2832): Failed to connect to TrackedObjectService with error Status(-129, EX_TRANSACTION_FAILED): 'DEAD_OBJECT: '
12-07 17:41:52.235 E/TrackedObjectManager( 2832): Failed to start tracking keyboard object with error Status(-129, EX_TRANSACTION_FAILED): 'DEAD_OBJECT: '
12-07 17:41:52.246 E/TrackedObjectManager( 2832): Failed to connect to TrackedObjectService with error Status(-129, EX_TRANSACTION_FAILED): 'DEAD_OBJECT: '
12-07 17:41:52.246 W/OSDynamicObjectDataQuerier( 2832): Attempted to start tracking objects when tracker was already started
12-07 17:41:52.246 E/TrackedObjectManager( 2832): Failed to connect to TrackedObjectService with error Status(-129, EX_TRANSACTION_FAILED): 'DEAD_OBJECT: '
12-07 17:41:52.246 E/TrackedObjectManager( 2832): Failed to start tracking keyboard object with error Status(-129, EX_TRANSACTION_FAILED): 'DEAD_OBJECT: '
12-07 17:41:52.257 E/TrackedObjectManager( 2832): Failed to connect to TrackedObjectService with error Status(-129, EX_TRANSACTION_FAILED): 'DEAD_OBJECT: '
12-07 17:41:52.257 W/OSDynamicObjectDataQuerier( 2832): Attempted to start tracking objects when tracker was already started
12-07 17:41:52.257 E/TrackedObjectManager( 2832): Failed to connect to TrackedObjectService with error Status(-129, EX_TRANSACTION_FAILED): 'DEAD_OBJECT: '
12-07 17:41:52.257 E/TrackedObjectManager( 2832): Failed to start tracking keyboard object with error Status(-129, EX_TRANSACTION_FAILED): 'DEAD_OBJECT: '
12-07 17:41:52.267 I/MRSS    ( 1157): BOLT:HexagonTelemetry: Global DSP utilization: 20.42% (1021 / 5003 ms), Scalar Util: 62.68%, HVX Util: 55.79%, HMX Util: 24.75%, DMA Active: 0.00%, Freq: 1171.2 MHz
12-07 17:41:52.267 I/MRSS    ( 1157): boltlib: Logging Rpc stats (detailed=false, onAbort=false)
12-07 17:41:52.267 I/MRSS    ( 1157): boltlib: DSP Rpc stats over 5003 ms: {"HexagonCvpPreprocessorCompute":150,"unnamed_et0":150}
12-07 17:41:52.268 E/TrackedObjectManager( 2832): Failed to connect to TrackedObjectService with error Status(-129, EX_TRANSACTION_FAILED): 'DEAD_OBJECT: '
12-07 17:41:52.268 W/OSDynamicObjectDataQuerier( 2832): Attempted to start tracking objects when tracker was already started
12-07 17:41:52.268 E/TrackedObjectManager( 2832): Failed to connect to TrackedObjectService with error Status(-129, EX_TRANSACTION_FAILED): 'DEAD_OBJECT: '
12-07 17:41:52.268 E/TrackedObjectManager( 2832): Failed to start tracking keyboard object with error Status(-129, EX_TRANSACTION_FAILED): 'DEAD_OBJECT: '
12-07 17:41:52.279 E/TrackedObjectManager( 2832): Failed to connect to TrackedObjectService with error Status(-129, EX_TRANSACTION_FAILED): 'DEAD_OBJECT: '
12-07 17:41:52.279 W/OSDynamicObjectDataQuerier( 2832): Attempted to start tracking objects when tracker was already started
12-07 17:41:52.279 E/TrackedObjectManager( 2832): Failed to connect to TrackedObjectService with error Status(-129, EX_TRANSACTION_FAILED): 'DEAD_OBJECT: '
12-07 17:41:52.279 E/TrackedObjectManager( 2832): Failed to start tracking keyboard object with error Status(-129, EX_TRANSACTION_FAILED): 'DEAD_OBJECT: '
12-07 17:41:52.290 E/TrackedObjectManager( 2832): Failed to connect to TrackedObjectService with error Status(-129, EX_TRANSACTION_FAILED): 'DEAD_OBJECT: '
12-07 17:41:52.290 W/OSDynamicObjectDataQuerier( 2832): Attempted to start tracking objects when tracker was already started
12-07 17:41:52.290 E/TrackedObjectManager( 2832): Failed to connect to TrackedObjectService with error Status(-129, EX_TRANSACTION_FAILED): 'DEAD_OBJECT: '
12-07 17:41:52.290 E/TrackedObjectManager( 2832): Failed to start tracking keyboard object with error Status(-129, EX_TRANSACTION_FAILED): 'DEAD_OBJECT: '
12-07 17:41:52.301 E/TrackedObjectManager( 2832): Failed to connect to TrackedObjectService with error Status(-129, EX_TRANSACTION_FAILED): 'DEAD_OBJECT: '
12-07 17:41:52.301 W/OSDynamicObjectDataQuerier( 2832): Attempted to start tracking objects when tracker was already started
12-07 17:41:52.301 E/TrackedObjectManager( 2832): Failed to connect to TrackedObjectService with error Status(-129, EX_TRANSACTION_FAILED): 'DEAD_OBJECT: '
12-07 17:41:52.301 E/TrackedObjectManager( 2832): Failed to start tracking keyboard object with error Status(-129, EX_TRANSACTION_FAILED): 'DEAD_OBJECT: '
12-07 17:41:52.303 I/[CT]    ( 2832): MIXEDREALITY: PassthroughApiManager: GetUpdatedLayerState: (every 2 seconds) PT is: ON numLayers: 1
12-07 17:41:52.313 E/TrackedObjectManager( 2832): Failed to connect to TrackedObjectService with error Status(-129, EX_TRANSACTION_FAILED): 'DEAD_OBJECT: '
12-07 17:41:52.313 W/OSDynamicObjectDataQuerier( 2832): Attempted to start tracking objects when tracker was already started
12-07 17:41:52.313 E/TrackedObjectManager( 2832): Failed to connect to TrackedObjectService with error Status(-129, EX_TRANSACTION_FAILED): 'DEAD_OBJECT: '
12-07 17:41:52.313 E/TrackedObjectManager( 2832): Failed to start tracking keyboard object with error Status(-129, EX_TRANSACTION_FAILED): 'DEAD_OBJECT: '
12-07 17:41:52.316 I/[CT]    ( 4885): CasNetworkTelemetryObserver: CasNetworkTelemetryObserver onEOM
12-07 17:41:52.318 I/Vsync   ( 2832): Vsync 1307:  2 x 11.11 ms (90.00 Hz, at 146786.202)
12-07 17:41:52.318 I/[CT]    ( 4885): SP:VpsModule:RequestHandler: Attempting to localize anchors using VPS result. IA: 5f371968-9ed3-6f1a-e844-c720fb1dc9a1 event uuuid: 7128e754-98db-5738-cd84-577c17ce47cf
12-07 17:41:52.318 I/[CT]    ( 4885): SP:VpsModule:RequestHandler: Attempting to localize anchors using VPS result. IA: 7021d39c-da18-b4b1-aea6-c370fa74e85e event uuuid: 7128e754-98db-5738-cd84-577c17ce47cf
12-07 17:41:52.318 I/[CT]    ( 4885): SP:VpsModule:RequestHandler: Attempting to localize anchors using VPS result. IA: d7b83170-58cf-21b9-3e00-d9486efad9f0 event uuuid: 7128e754-98db-5738-cd84-577c17ce47cf
12-07 17:41:52.318 I/[CT]    ( 4885): SP:VpsModule:RequestHandler: Attempting to localize anchors using VPS result. IA: 5f9e4916-442f-c89f-645b-cfc31df641e4 event uuuid: 7128e754-98db-5738-cd84-577c17ce47cf
12-07 17:41:52.318 I/[CT]    ( 4885): SP:VpsModule:RequestHandler: Attempting to localize anchors using VPS result. IA: f3b26d7d-bb06-fc2b-b57a-e468fce40631 event uuuid: 7128e754-98db-5738-cd84-577c17ce47cf
12-07 17:41:52.318 I/[CT]    ( 4885): SP:VpsModule:RequestHandler: Attempting to localize anchors using VPS result. IA: 1e96e4f8-8e2b-6ed4-7c73-786ab27a2d30 event uuuid: 7128e754-98db-5738-cd84-577c17ce47cf
12-07 17:41:52.318 I/[CT]    ( 4885): SP:VpsModule:RequestHandler: Attempting to localize anchors using VPS result. IA: 9deebdc0-4579-197e-cd04-95504e42c71e event uuuid: 7128e754-98db-5738-cd84-577c17ce47cf
12-07 17:41:52.318 I/[CT]    ( 4885): SP:VpsModule:RequestHandler: Attempting to localize anchors using VPS result. IA: 175f5af8-e70e-a9be-e600-ee6ea9a5c2b3 event uuuid: 7128e754-98db-5738-cd84-577c17ce47cf
12-07 17:41:52.318 I/[CT]    ( 4885): SP:VpsModule:RequestHandler: Attempting to localize anchors using VPS result. IA: d5804f63-9d00-67c0-8e31-cdd3b0954ce4 event uuuid: 7128e754-98db-5738-cd84-577c17ce47cf
12-07 17:41:52.318 I/[CT]    ( 4885): SP:VpsModule:RequestHandler: Attempting to localize anchors using VPS result. IA: 982488ff-7f9f-426b-862a-de32e65f48c4 event uuuid: 7128e754-98db-5738-cd84-577c17ce47cf
12-07 17:41:52.318 I/[CT]    ( 4885): SP:VpsModule:RequestHandler: Attempting to localize anchors using VPS result. IA: 944419c6-a527-14a5-b376-ca5360bc366f event uuuid: 7128e754-98db-5738-cd84-577c17ce47cf
12-07 17:41:52.318 I/[CT]    ( 4885): SP:VpsModule:RequestHandler: Attempting to localize anchors using VPS result. IA: e71ded85-893b-ed6e-d214-6a25f0b02d3e event uuuid: 7128e754-98db-5738-cd84-577c17ce47cf
12-07 17:41:52.318 I/[CT]    ( 4885): SP:VpsModule:RequestHandler: Attempting to localize anchors using VPS result. IA: e1a86e66-193a-56a6-9ca9-b10f81bb420b event uuuid: 7128e754-98db-5738-cd84-577c17ce47cf
12-07 17:41:52.318 I/[CT]    ( 4885): SP:VpsModule:RequestHandler: Attempting to localize anchors using VPS result. IA: 2d6fe3b1-bf6e-835a-b019-98acf6c185a2 event uuuid: 7128e754-98db-5738-cd84-577c17ce47cf
12-07 17:41:52.318 I/[CT]    ( 4885): SP:VpsModule:RequestHandler: Attempting to localize anchors using VPS result. IA: 81eff8af-8acd-59b9-fade-80426025c0ac event uuuid: 7128e754-98db-5738-cd84-577c17ce47cf
12-07 17:41:52.318 I/[CT]    ( 4885): SP:VpsModule:RequestHandler: Attempting to localize anchors using VPS result. IA: e5e067ed-bad3-1841-5147-76c929814a71 event uuuid: 7128e754-98db-5738-cd84-577c17ce47cf
12-07 17:41:52.318 I/[CT]    ( 4885): SP:VpsModule:RequestHandler: Attempting to localize anchors using VPS result. IA: 6e2f9621-0728-2990-8ff0-9ab655ab35ec event uuuid: 7128e754-98db-5738-cd84-577c17ce47cf
12-07 17:41:52.318 I/[CT]    ( 4885): SP:VpsModule:RequestHandler: Attempting to localize anchors using VPS result. IA: 08c27d25-7cde-13e2-d6fd-d4766fcd3df7 event uuuid: 7128e754-98db-5738-cd84-577c17ce47cf
12-07 17:41:52.318 I/[CT]    ( 4885): SP:VpsModule:RequestHandler: Attempting to localize anchors using VPS result. IA: c2567940-3217-93da-94de-c87d5de3b4db event uuuid: 7128e754-98db-5738-cd84-577c17ce47cf
12-07 17:41:52.318 I/[CT]    ( 4885): SP:VpsModule:RequestHandler: Attempting to localize anchors using VPS result. IA: ef6b7e2d-4920-2ca9-0cb6-9209ec8e0afd event uuuid: 7128e754-98db-5738-cd84-577c17ce47cf
12-07 17:41:52.318 I/[CT]    ( 4885): SP:VpsModule:RequestHandler: Attempting to localize anchors using VPS result. IA: efa50d7c-c898-f867-b3f5-d829a8d2eda9 event uuuid: 7128e754-98db-5738-cd84-577c17ce47cf
12-07 17:41:52.318 I/[CT]    ( 4885): SP:VpsModule:RequestHandler: Attempting to localize anchors using VPS result. IA: c9af5e5f-622b-b167-ec64-3b9189fa0e8a event uuuid: 7128e754-98db-5738-cd84-577c17ce47cf
12-07 17:41:52.318 I/[CT]    ( 4885): SP:VpsModule:RequestHandler: Attempting to localize anchors using VPS result. IA: d8e95159-4b01-9d53-4b77-7c7c9affa97b event uuuid: 7128e754-98db-5738-cd84-577c17ce47cf
12-07 17:41:52.318 I/[CT]    ( 4885): SP:VpsModule:RequestHandler: Attempting to localize anchors using VPS result. IA: 31b959d2-80e3-9bc3-3171-63def4946562 event uuuid: 7128e754-98db-5738-cd84-577c17ce47cf
12-07 17:41:52.318 I/[CT]    ( 4885): SP:VpsModule:RequestHandler: Attempting to localize anchors using VPS result. IA: 4f4080bd-912c-a351-e025-5554d6901a34 event uuuid: 7128e754-98db-5738-cd84-577c17ce47cf
12-07 17:41:52.318 I/[CT]    ( 4885): SP:VpsModule:RequestHandler: Attempting to localize anchors using VPS result. IA: c2ca8038-e691-b778-6dde-40954ec5a5c7 event uuuid: 7128e754-98db-5738-cd84-577c17ce47cf
12-07 17:41:52.318 D/TelemetryService( 1126): PathwayGuard: from OSSDK/NDK is not allowed to send oculus_sps_network_stats; dropping; Please use the Statsd approach https://www.internalfb.com/intern/wiki/HzOS_Systems/HzOS_Systems_Performance_and_Reliability/VROS_System_Insights/VROS_Telemetry/XFN/Statsd/
12-07 17:41:52.318 D/TelemetryService( 1126): Reported oculus_telemetry_blocked_ossdk_events breach event
12-07 17:41:52.319 I/Tracking( 9368): AnchorCache: Attempting to localize anchor: 5f371968-9ed3-6f1a-e844-c720fb1dc9a1
12-07 17:41:52.319 I/Tracking( 9368): AnchorCache: Attempting to localize anchor: 7021d39c-da18-b4b1-aea6-c370fa74e85e
12-07 17:41:52.319 I/Tracking( 9368): AnchorCache: Attempting to localize anchor: d7b83170-58cf-21b9-3e00-d9486efad9f0
12-07 17:41:52.319 I/Tracking( 9368): AnchorCache: Attempting to localize anchor: 5f9e4916-442f-c89f-645b-cfc31df641e4
12-07 17:41:52.319 I/Tracking( 9368): AnchorCache: Attempting to localize anchor: f3b26d7d-bb06-fc2b-b57a-e468fce40631
12-07 17:41:52.319 I/Tracking( 9368): AnchorCache: Attempting to localize anchor: 1e96e4f8-8e2b-6ed4-7c73-786ab27a2d30
12-07 17:41:52.319 I/Tracking( 9368): AnchorCache: Attempting to localize anchor: 9deebdc0-4579-197e-cd04-95504e42c71e
12-07 17:41:52.320 I/Tracking( 9368): AnchorCache: Attempting to localize anchor: 175f5af8-e70e-a9be-e600-ee6ea9a5c2b3
12-07 17:41:52.320 I/Tracking( 9368): AnchorCache: Attempting to localize anchor: d5804f63-9d00-67c0-8e31-cdd3b0954ce4
12-07 17:41:52.320 I/Tracking( 9368): AnchorCache: Attempting to localize anchor: 982488ff-7f9f-426b-862a-de32e65f48c4
12-07 17:41:52.320 I/Tracking( 9368): AnchorCache: Attempting to localize anchor: 944419c6-a527-14a5-b376-ca5360bc366f
12-07 17:41:52.320 I/Tracking( 9368): AnchorCache: Attempting to localize anchor: e71ded85-893b-ed6e-d214-6a25f0b02d3e
12-07 17:41:52.320 I/Tracking( 9368): AnchorCache: Attempting to localize anchor: e1a86e66-193a-56a6-9ca9-b10f81bb420b
12-07 17:41:52.320 I/Tracking( 9368): AnchorCache: Attempting to localize anchor: 2d6fe3b1-bf6e-835a-b019-98acf6c185a2
12-07 17:41:52.320 I/Tracking( 9368): AnchorCache: Attempting to localize anchor: 81eff8af-8acd-59b9-fade-80426025c0ac
12-07 17:41:52.320 I/Tracking( 9368): AnchorCache: Attempting to localize anchor: e5e067ed-bad3-1841-5147-76c929814a71
12-07 17:41:52.320 I/Tracking( 9368): AnchorCache: Attempting to localize anchor: 6e2f9621-0728-2990-8ff0-9ab655ab35ec
12-07 17:41:52.320 I/Tracking( 9368): AnchorCache: Attempting to localize anchor: 08c27d25-7cde-13e2-d6fd-d4766fcd3df7
12-07 17:41:52.320 I/Tracking( 9368): AnchorCache: Attempting to localize anchor: c2567940-3217-93da-94de-c87d5de3b4db
12-07 17:41:52.320 I/Tracking( 9368): AnchorCache: Attempting to localize anchor: ef6b7e2d-4920-2ca9-0cb6-9209ec8e0afd
12-07 17:41:52.320 I/Tracking( 9368): AnchorCache: Attempting to localize anchor: efa50d7c-c898-f867-b3f5-d829a8d2eda9
12-07 17:41:52.320 I/Tracking( 9368): AnchorCache: Attempting to localize anchor: c9af5e5f-622b-b167-ec64-3b9189fa0e8a
12-07 17:41:52.320 I/Tracking( 9368): AnchorCache: Attempting to localize anchor: d8e95159-4b01-9d53-4b77-7c7c9affa97b
12-07 17:41:52.320 I/Tracking( 9368): AnchorCache: Attempting to localize anchor: 31b959d2-80e3-9bc3-3171-63def4946562
12-07 17:41:52.320 I/Tracking( 9368): AnchorCache: Attempting to localize anchor: 4f4080bd-912c-a351-e025-5554d6901a34
12-07 17:41:52.320 I/Tracking( 9368): AnchorCache: Attempting to localize anchor: c2ca8038-e691-b778-6dde-40954ec5a5c7
12-07 17:41:52.321 I/[CT]    ( 4885): SlamAnchorPersistenceRuntimeIpcClient: SlamAnchorPersistenceRuntimeIpcClient: Localize Anchors took 0.002783333
12-07 17:41:52.321 I/[CT]    ( 4885): SP:VpsModule:RequestHandler: Successfully localized anchor 5f371968-9ed3-6f1a-e844-c720fb1dc9a1, code: Success(0), event uuid: 7128e754-98db-5738-cd84-577c17ce47cf
12-07 17:41:52.321 I/[CT]    ( 4885): SP:VpsModule:RequestHandler: Successfully localized anchor 7021d39c-da18-b4b1-aea6-c370fa74e85e, code: Success(0), event uuid: 7128e754-98db-5738-cd84-577c17ce47cf
12-07 17:41:52.321 I/[CT]    ( 4885): SP:VpsModule:RequestHandler: Successfully localized anchor d7b83170-58cf-21b9-3e00-d9486efad9f0, code: Success(0), event uuid: 7128e754-98db-5738-cd84-577c17ce47cf
12-07 17:41:52.321 I/[CT]    ( 4885): SP:VpsModule:RequestHandler: Successfully localized anchor 5f9e4916-442f-c89f-645b-cfc31df641e4, code: Success(0), event uuid: 7128e754-98db-5738-cd84-577c17ce47cf
12-07 17:41:52.321 I/[CT]    ( 4885): SP:VpsModule:RequestHandler: Successfully localized anchor f3b26d7d-bb06-fc2b-b57a-e468fce40631, code: Success(0), event uuid: 7128e754-98db-5738-cd84-577c17ce47cf
12-07 17:41:52.321 I/[CT]    ( 4885): SP:VpsModule:RequestHandler: Successfully localized anchor 1e96e4f8-8e2b-6ed4-7c73-786ab27a2d30, code: Success(0), event uuid: 7128e754-98db-5738-cd84-577c17ce47cf
12-07 17:41:52.321 I/[CT]    ( 4885): SP:VpsModule:RequestHandler: Successfully localized anchor 9deebdc0-4579-197e-cd04-95504e42c71e, code: Success(0), event uuid: 7128e754-98db-5738-cd84-577c17ce47cf
12-07 17:41:52.321 I/[CT]    ( 4885): SP:VpsModule:RequestHandler: Successfully localized anchor 175f5af8-e70e-a9be-e600-ee6ea9a5c2b3, code: Success(0), event uuid: 7128e754-98db-5738-cd84-577c17ce47cf
12-07 17:41:52.321 I/[CT]    ( 4885): SP:VpsModule:RequestHandler: Successfully localized anchor d5804f63-9d00-67c0-8e31-cdd3b0954ce4, code: Success(0), event uuid: 7128e754-98db-5738-cd84-577c17ce47cf
12-07 17:41:52.321 I/[CT]    ( 4885): SP:VpsModule:RequestHandler: Successfully localized anchor 982488ff-7f9f-426b-862a-de32e65f48c4, code: Success(0), event uuid: 7128e754-98db-5738-cd84-577c17ce47cf
12-07 17:41:52.321 I/[CT]    ( 4885): SP:VpsModule:RequestHandler: Successfully localized anchor 944419c6-a527-14a5-b376-ca5360bc366f, code: Success(0), event uuid: 7128e754-98db-5738-cd84-577c17ce47cf
12-07 17:41:52.321 I/[CT]    ( 4885): SP:VpsModule:RequestHandler: Successfully localized anchor e71ded85-893b-ed6e-d214-6a25f0b02d3e, code: Success(0), event uuid: 7128e754-98db-5738-cd84-577c17ce47cf
12-07 17:41:52.321 I/[CT]    ( 4885): SP:VpsModule:RequestHandler: Successfully localized anchor e1a86e66-193a-56a6-9ca9-b10f81bb420b, code: Success(0), event uuid: 7128e754-98db-5738-cd84-577c17ce47cf
12-07 17:41:52.321 I/[CT]    ( 4885): SP:VpsModule:RequestHandler: Successfully localized anchor 2d6fe3b1-bf6e-835a-b019-98acf6c185a2, code: Success(0), event uuid: 7128e754-98db-5738-cd84-577c17ce47cf
12-07 17:41:52.321 I/[CT]    ( 4885): SP:VpsModule:RequestHandler: Successfully localized anchor 81eff8af-8acd-59b9-fade-80426025c0ac, code: Success(0), event uuid: 7128e754-98db-5738-cd84-577c17ce47cf
12-07 17:41:52.321 I/[CT]    ( 4885): SP:VpsModule:RequestHandler: Successfully localized anchor e5e067ed-bad3-1841-5147-76c929814a71, code: Success(0), event uuid: 7128e754-98db-5738-cd84-577c17ce47cf
12-07 17:41:52.321 I/[CT]    ( 4885): SP:VpsModule:RequestHandler: Successfully localized anchor 6e2f9621-0728-2990-8ff0-9ab655ab35ec, code: Success(0), event uuid: 7128e754-98db-5738-cd84-577c17ce47cf
12-07 17:41:52.321 I/[CT]    ( 4885): SP:VpsModule:RequestHandler: Successfully localized anchor 08c27d25-7cde-13e2-d6fd-d4766fcd3df7, code: Success(0), event uuid: 7128e754-98db-5738-cd84-577c17ce47cf
12-07 17:41:52.321 I/[CT]    ( 4885): SP:VpsModule:RequestHandler: Successfully localized anchor c2567940-3217-93da-94de-c87d5de3b4db, code: Success(0), event uuid: 7128e754-98db-5738-cd84-577c17ce47cf
12-07 17:41:52.321 I/[CT]    ( 4885): SP:VpsModule:RequestHandler: Successfully localized anchor ef6b7e2d-4920-2ca9-0cb6-9209ec8e0afd, code: Success(0), event uuid: 7128e754-98db-5738-cd84-577c17ce47cf
12-07 17:41:52.321 I/[CT]    ( 4885): SP:VpsModule:RequestHandler: Successfully localized anchor efa50d7c-c898-f867-b3f5-d829a8d2eda9, code: Success(0), event uuid: 7128e754-98db-5738-cd84-577c17ce47cf
12-07 17:41:52.321 I/[CT]    ( 4885): SP:VpsModule:RequestHandler: Successfully localized anchor c9af5e5f-622b-b167-ec64-3b9189fa0e8a, code: Success(0), event uuid: 7128e754-98db-5738-cd84-577c17ce47cf
12-07 17:41:52.321 I/[CT]    ( 4885): SP:VpsModule:RequestHandler: Successfully localized anchor d8e95159-4b01-9d53-4b77-7c7c9affa97b, code: Success(0), event uuid: 7128e754-98db-5738-cd84-577c17ce47cf
12-07 17:41:52.321 I/[CT]    ( 4885): SP:VpsModule:RequestHandler: Successfully localized anchor 31b959d2-80e3-9bc3-3171-63def4946562, code: Success(0), event uuid: 7128e754-98db-5738-cd84-577c17ce47cf
12-07 17:41:52.321 I/[CT]    ( 4885): SP:VpsModule:RequestHandler: Successfully localized anchor 4f4080bd-912c-a351-e025-5554d6901a34, code: Success(0), event uuid: 7128e754-98db-5738-cd84-577c17ce47cf
12-07 17:41:52.321 I/[CT]    ( 4885): SP:VpsModule:RequestHandler: Successfully localized anchor c2ca8038-e691-b778-6dde-40954ec5a5c7, code: Success(0), event uuid: 7128e754-98db-5738-cd84-577c17ce47cf
12-07 17:41:52.321 I/[CT]    ( 4885): SP:VpsModule:RequestHandler: VPS request finished event uuid: 7128e754-98db-5738-cd84-577c17ce47cf
12-07 17:41:52.324 E/TrackedObjectManager( 2832): Failed to connect to TrackedObjectService with error Status(-129, EX_TRANSACTION_FAILED): 'DEAD_OBJECT: '
12-07 17:41:52.324 W/OSDynamicObjectDataQuerier( 2832): Tracker stopped running without input server stopping it, attempting restart
12-07 17:41:52.324 W/OSDynamicObjectDataQuerier( 2832): Attempted to start tracking objects when tracker was already started
12-07 17:41:52.324 E/TrackedObjectManager( 2832): Failed to connect to TrackedObjectService with error Status(-129, EX_TRANSACTION_FAILED): 'DEAD_OBJECT: '
12-07 17:41:52.324 E/TrackedObjectManager( 2832): Failed to start tracking keyboard object with error Status(-129, EX_TRANSACTION_FAILED): 'DEAD_OBJECT: '
12-07 17:41:52.324 I/GraphicsGovernor( 2832): Dynamic Foveation Lvl 3, Min Foveation Lvl 3, DynRes Enabled 1, DynRes Scaler 1.000000
12-07 17:41:52.335 E/TrackedObjectManager( 2832): Failed to connect to TrackedObjectService with error Status(-129, EX_TRANSACTION_FAILED): 'DEAD_OBJECT: '
12-07 17:41:52.335 W/OSDynamicObjectDataQuerier( 2832): Attempted to start tracking objects when tracker was already started
12-07 17:41:52.335 E/TrackedObjectManager( 2832): Failed to connect to TrackedObjectService with error Status(-129, EX_TRANSACTION_FAILED): 'DEAD_OBJECT: '
12-07 17:41:52.335 E/TrackedObjectManager( 2832): Failed to start tracking keyboard object with error Status(-129, EX_TRANSACTION_FAILED): 'DEAD_OBJECT: '
12-07 17:41:52.337 I/DynamicObjectClient( 4885): Query Dynamic Object Tracker anchors
12-07 17:41:52.337 I/DynamicObjectClient( 4885): Object in query has empty predictions or tracking flags
12-07 17:41:52.346 E/TrackedObjectManager( 2832): Failed to connect to TrackedObjectService with error Status(-129, EX_TRANSACTION_FAILED): 'DEAD_OBJECT: '
12-07 17:41:52.346 W/OSDynamicObjectDataQuerier( 2832): Attempted to start tracking objects when tracker was already started
12-07 17:41:52.346 E/TrackedObjectManager( 2832): Failed to connect to TrackedObjectService with error Status(-129, EX_TRANSACTION_FAILED): 'DEAD_OBJECT: '
12-07 17:41:52.346 E/TrackedObjectManager( 2832): Failed to start tracking keyboard object with error Status(-129, EX_TRANSACTION_FAILED): 'DEAD_OBJECT: '
12-07 17:41:52.357 E/TrackedObjectManager( 2832): Failed to connect to TrackedObjectService with error Status(-129, EX_TRANSACTION_FAILED): 'DEAD_OBJECT: '
12-07 17:41:52.357 W/OSDynamicObjectDataQuerier( 2832): Attempted to start tracking objects when tracker was already started
12-07 17:41:52.357 E/TrackedObjectManager( 2832): Failed to connect to TrackedObjectService with error Status(-129, EX_TRANSACTION_FAILED): 'DEAD_OBJECT: '
12-07 17:41:52.357 E/TrackedObjectManager( 2832): Failed to start tracking keyboard object with error Status(-129, EX_TRANSACTION_FAILED): 'DEAD_OBJECT: '
12-07 17:41:52.368 E/TrackedObjectManager( 2832): Failed to connect to TrackedObjectService with error Status(-129, EX_TRANSACTION_FAILED): 'DEAD_OBJECT: '
12-07 17:41:52.368 W/OSDynamicObjectDataQuerier( 2832): Attempted to start tracking objects when tracker was already started
12-07 17:41:52.368 E/TrackedObjectManager( 2832): Failed to connect to TrackedObjectService with error Status(-129, EX_TRANSACTION_FAILED): 'DEAD_OBJECT: '
12-07 17:41:52.368 E/TrackedObjectManager( 2832): Failed to start tracking keyboard object with error Status(-129, EX_TRANSACTION_FAILED): 'DEAD_OBJECT: '
12-07 17:41:52.373 I/Vsync   ( 2832): Vsync 1312:  2 x 11.11 ms (90.00 Hz, at 146786.257)
12-07 17:41:52.379 E/TrackedObjectManager( 2832): Failed to connect to TrackedObjectService with error Status(-129, EX_TRANSACTION_FAILED): 'DEAD_OBJECT: '
12-07 17:41:52.379 W/OSDynamicObjectDataQuerier( 2832): Attempted to start tracking objects when tracker was already started
12-07 17:41:52.379 E/TrackedObjectManager( 2832): Failed to connect to TrackedObjectService with error Status(-129, EX_TRANSACTION_FAILED): 'DEAD_OBJECT: '
12-07 17:41:52.379 E/TrackedObjectManager( 2832): Failed to start tracking keyboard object with error Status(-129, EX_TRANSACTION_FAILED): 'DEAD_OBJECT: '
12-07 17:41:52.390 E/TrackedObjectManager( 2832): Failed to connect to TrackedObjectService with error Status(-129, EX_TRANSACTION_FAILED): 'DEAD_OBJECT: '
12-07 17:41:52.390 W/OSDynamicObjectDataQuerier( 2832): Attempted to start tracking objects when tracker was already started
12-07 17:41:52.390 E/TrackedObjectManager( 2832): Failed to connect to TrackedObjectService with error Status(-129, EX_TRANSACTION_FAILED): 'DEAD_OBJECT: '
12-07 17:41:52.390 E/TrackedObjectManager( 2832): Failed to start tracking keyboard object with error Status(-129, EX_TRANSACTION_FAILED): 'DEAD_OBJECT: '
12-07 17:41:52.401 E/TrackedObjectManager( 2832): Failed to connect to TrackedObjectService with error Status(-129, EX_TRANSACTION_FAILED): 'DEAD_OBJECT: '
12-07 17:41:52.401 W/OSDynamicObjectDataQuerier( 2832): Attempted to start tracking objects when tracker was already started
12-07 17:41:52.402 E/TrackedObjectManager( 2832): Failed to connect to TrackedObjectService with error Status(-129, EX_TRANSACTION_FAILED): 'DEAD_OBJECT: '
12-07 17:41:52.402 E/TrackedObjectManager( 2832): Failed to start tracking keyboard object with error Status(-129, EX_TRANSACTION_FAILED): 'DEAD_OBJECT: '
12-07 17:41:52.402 I/OpenXR_Anchor( 3469): xrQuerySpacesFB: no split anchor query enabled
12-07 17:41:52.402 I/[CT]    ( 3469): SP:AF:InsightAnchorApi: QueryAnchorSpaces loadAndQueryAvailableAnchors flow. (task start) duration: 0.000000000 [sec], flags: 44, location: StorageLocation::LOCAL(1), method: 1, request: 5493, source: SourceType::LIVE_TRACKER(1)
12-07 17:41:52.402 I/[CT]    ( 3469): RuntimeIpcHelper: RuntimeIpcClient::CALL_RPC isAsync: true, func: loadAvailableAnchors
12-07 17:41:52.403 I/[CT]    ( 4885): SP:AP:AnchorPersistenceRuntimeIpcServer: checkRPC start: sessionUuid:1e3ba3f0-dfb6-0aba-a69b-b18fb253c69c, clientId:2367474718, givenPackageName:com.oculus.vrshell
12-07 17:41:52.403 I/[CT]    ( 4885): SP:AP:AnchorPersistenceRuntimeIpcServer: checkPackageAccess - detectedPackageName:com.oculus.vrshell, detectedProcessName:com.oculus.vrshell, givenPackageName:com.oculus.vrshell
12-07 17:41:52.403 I/[CT]    ( 4885): SP:AP:AnchorPersistenceRuntimeIpcServer: checkRPC package name matches: sessionUuid:1e3ba3f0-dfb6-0aba-a69b-b18fb253c69c, clientId:2367474718, givenPackageName:com.oculus.vrshell, detectedPackageName:com.oculus.vrshell, detectedProcessName:com.oculus.vrshell
12-07 17:41:52.403 I/[CT]    ( 4885): SP:AP:AnchorPersistenceRuntimeIpcServer: queryAvailableAnchorsSMV2: clientId: 2367474718, maxAnchors: 500, filter: 0, queryMultipleRoomsEnabledByOpenXrVersion: true, source: 1, appId: com.oculus.vrshell
12-07 17:41:52.403 I/[CT]    ( 4885): SP:AP:AnchorPersistenceConfig: getSceneRuntimePermissionEnabled: USE_SCENE permission is enabled on this device
12-07 17:41:52.403 I/[CT]    ( 4885): SP:AP:AnchorPersistenceScenePermissions: hasClientGrantedScenePermission: USE_SCENE permission is enabled on this device, check client 2367474718, grant is true
12-07 17:41:52.403 I/[CT]    ( 4885): SP:AP:AnchorPersistenceConfig: getSceneRuntimePermissionEnabled: USE_SCENE permission is enabled on this device
12-07 17:41:52.403 I/[CT]    ( 4885): SP:SceneAnchorFilterUtil: filterSceneDataByPermission: com.oculus.vrshell permission check passed, keep scene data. anchors size: 0
12-07 17:41:52.404 I/[CT]    ( 3469): SP:AF:InsightAnchorApi: QueryAnchorSpaces (task finish) returnCode: AnchorResultCode::SUCCESS(0), numSpacesFound: 0, spacesFoundUuids: [], duration: 0.000000000 [sec], flags: 44, location: 1, method: 1, request: 5493
12-07 17:41:52.404 I/[CT]    ( 3469): SP:TREX:SpatialPersistencePlugin: Event type: 6
12-07 17:41:52.404 I/TREX    ( 3469): Spatial Persistence event: QuerySpacesFinish
12-07 17:41:52.407 I/Vsync   ( 2832): Vsync 1315:  2 x 11.11 ms (90.00 Hz, at 146786.291)
12-07 17:41:52.413 E/TrackedObjectManager( 2832): Failed to connect to TrackedObjectService with error Status(-129, EX_TRANSACTION_FAILED): 'DEAD_OBJECT: '
12-07 17:41:52.413 W/OSDynamicObjectDataQuerier( 2832): Attempted to start tracking objects when tracker was already started
12-07 17:41:52.413 E/TrackedObjectManager( 2832): Failed to connect to TrackedObjectService with error Status(-129, EX_TRANSACTION_FAILED): 'DEAD_OBJECT: '
12-07 17:41:52.413 E/TrackedObjectManager( 2832): Failed to start tracking keyboard object with error Status(-129, EX_TRANSACTION_FAILED): 'DEAD_OBJECT: '
12-07 17:41:52.424 E/TrackedObjectManager( 2832): Failed to connect to TrackedObjectService with error Status(-129, EX_TRANSACTION_FAILED): 'DEAD_OBJECT: '
12-07 17:41:52.424 W/OSDynamicObjectDataQuerier( 2832): Attempted to start tracking objects when tracker was already started
12-07 17:41:52.424 E/TrackedObjectManager( 2832): Failed to connect to TrackedObjectService with error Status(-129, EX_TRANSACTION_FAILED): 'DEAD_OBJECT: '
12-07 17:41:52.424 E/TrackedObjectManager( 2832): Failed to start tracking keyboard object with error Status(-129, EX_TRANSACTION_FAILED): 'DEAD_OBJECT: '
12-07 17:41:52.435 E/TrackedObjectManager( 2832): Failed to connect to TrackedObjectService with error Status(-129, EX_TRANSACTION_FAILED): 'DEAD_OBJECT: '
12-07 17:41:52.435 W/OSDynamicObjectDataQuerier( 2832): Attempted to start tracking objects when tracker was already started
12-07 17:41:52.435 E/TrackedObjectManager( 2832): Failed to connect to TrackedObjectService with error Status(-129, EX_TRANSACTION_FAILED): 'DEAD_OBJECT: '
12-07 17:41:52.435 E/TrackedObjectManager( 2832): Failed to start tracking keyboard object with error Status(-129, EX_TRANSACTION_FAILED): 'DEAD_OBJECT: '
12-07 17:41:52.440 I/Vsync   ( 2832): Vsync 1318:  2 x 11.11 ms (90.00 Hz, at 146786.324)
12-07 17:41:52.446 E/TrackedObjectManager( 2832): Failed to connect to TrackedObjectService with error Status(-129, EX_TRANSACTION_FAILED): 'DEAD_OBJECT: '
12-07 17:41:52.446 W/OSDynamicObjectDataQuerier( 2832): Attempted to start tracking objects when tracker was already started
12-07 17:41:52.446 E/TrackedObjectManager( 2832): Failed to connect to TrackedObjectService with error Status(-129, EX_TRANSACTION_FAILED): 'DEAD_OBJECT: '
12-07 17:41:52.446 E/TrackedObjectManager( 2832): Failed to start tracking keyboard object with error Status(-129, EX_TRANSACTION_FAILED): 'DEAD_OBJECT: '
12-07 17:41:52.457 E/TrackedObjectManager( 2832): Failed to connect to TrackedObjectService with error Status(-129, EX_TRANSACTION_FAILED): 'DEAD_OBJECT: '
12-07 17:41:52.457 W/OSDynamicObjectDataQuerier( 2832): Attempted to start tracking objects when tracker was already started
12-07 17:41:52.457 E/TrackedObjectManager( 2832): Failed to connect to TrackedObjectService with error Status(-129, EX_TRANSACTION_FAILED): 'DEAD_OBJECT: '
12-07 17:41:52.457 E/TrackedObjectManager( 2832): Failed to start tracking keyboard object with error Status(-129, EX_TRANSACTION_FAILED): 'DEAD_OBJECT: '
12-07 17:41:52.468 E/TrackedObjectManager( 2832): Failed to connect to TrackedObjectService with error Status(-129, EX_TRANSACTION_FAILED): 'DEAD_OBJECT: '
12-07 17:41:52.468 W/OSDynamicObjectDataQuerier( 2832): Attempted to start tracking objects when tracker was already started
12-07 17:41:52.468 E/TrackedObjectManager( 2832): Failed to connect to TrackedObjectService with error Status(-129, EX_TRANSACTION_FAILED): 'DEAD_OBJECT: '
12-07 17:41:52.468 E/TrackedObjectManager( 2832): Failed to start tracking keyboard object with error Status(-129, EX_TRANSACTION_FAILED): 'DEAD_OBJECT: '
12-07 17:41:52.473 I/Vsync   ( 2832): Vsync 1321:  2 x 11.11 ms (90.00 Hz, at 146786.357)
12-07 17:41:52.479 E/TrackedObjectManager( 2832): Failed to connect to TrackedObjectService with error Status(-129, EX_TRANSACTION_FAILED): 'DEAD_OBJECT: '
12-07 17:41:52.479 W/OSDynamicObjectDataQuerier( 2832): Attempted to start tracking objects when tracker was already started
12-07 17:41:52.479 E/TrackedObjectManager( 2832): Failed to connect to TrackedObjectService with error Status(-129, EX_TRANSACTION_FAILED): 'DEAD_OBJECT: '
12-07 17:41:52.479 E/TrackedObjectManager( 2832): Failed to start tracking keyboard object with error Status(-129, EX_TRANSACTION_FAILED): 'DEAD_OBJECT: '
12-07 17:41:52.491 E/TrackedObjectManager( 2832): Failed to connect to TrackedObjectService with error Status(-129, EX_TRANSACTION_FAILED): 'DEAD_OBJECT: '
12-07 17:41:52.491 W/OSDynamicObjectDataQuerier( 2832): Attempted to start tracking objects when tracker was already started
12-07 17:41:52.491 E/TrackedObjectManager( 2832): Failed to connect to TrackedObjectService with error Status(-129, EX_TRANSACTION_FAILED): 'DEAD_OBJECT: '
12-07 17:41:52.491 E/TrackedObjectManager( 2832): Failed to start tracking keyboard object with error Status(-129, EX_TRANSACTION_FAILED): 'DEAD_OBJECT: '
12-07 17:41:52.501 E/TrackedObjectManager( 2832): Failed to connect to TrackedObjectService with error Status(-129, EX_TRANSACTION_FAILED): 'DEAD_OBJECT: '
12-07 17:41:52.502 W/OSDynamicObjectDataQuerier( 2832): Attempted to start tracking objects when tracker was already started
12-07 17:41:52.502 E/TrackedObjectManager( 2832): Failed to connect to TrackedObjectService with error Status(-129, EX_TRANSACTION_FAILED): 'DEAD_OBJECT: '
12-07 17:41:52.502 E/TrackedObjectManager( 2832): Failed to start tracking keyboard object with error Status(-129, EX_TRANSACTION_FAILED): 'DEAD_OBJECT: '
12-07 17:41:52.507 I/Vsync   ( 2832): Vsync 1324:  2 x 11.11 ms (90.00 Hz, at 146786.391)
12-07 17:41:52.513 E/TrackedObjectManager( 2832): Failed to connect to TrackedObjectService with error Status(-129, EX_TRANSACTION_FAILED): 'DEAD_OBJECT: '
12-07 17:41:52.513 W/OSDynamicObjectDataQuerier( 2832): Attempted to start tracking objects when tracker was already started
12-07 17:41:52.513 E/TrackedObjectManager( 2832): Failed to connect to TrackedObjectService with error Status(-129, EX_TRANSACTION_FAILED): 'DEAD_OBJECT: '
12-07 17:41:52.513 E/TrackedObjectManager( 2832): Failed to start tracking keyboard object with error Status(-129, EX_TRANSACTION_FAILED): 'DEAD_OBJECT: '
12-07 17:41:52.524 E/TrackedObjectManager( 2832): Failed to connect to TrackedObjectService with error Status(-129, EX_TRANSACTION_FAILED): 'DEAD_OBJECT: '
12-07 17:41:52.524 W/OSDynamicObjectDataQuerier( 2832): Attempted to start tracking objects when tracker was already started
12-07 17:41:52.524 E/TrackedObjectManager( 2832): Failed to connect to TrackedObjectService with error Status(-129, EX_TRANSACTION_FAILED): 'DEAD_OBJECT: '
12-07 17:41:52.524 E/TrackedObjectManager( 2832): Failed to start tracking keyboard object with error Status(-129, EX_TRANSACTION_FAILED): 'DEAD_OBJECT: '
12-07 17:41:52.535 E/TrackedObjectManager( 2832): Failed to connect to TrackedObjectService with error Status(-129, EX_TRANSACTION_FAILED): 'DEAD_OBJECT: '
12-07 17:41:52.535 W/OSDynamicObjectDataQuerier( 2832): Attempted to start tracking objects when tracker was already started
12-07 17:41:52.535 E/TrackedObjectManager( 2832): Failed to connect to TrackedObjectService with error Status(-129, EX_TRANSACTION_FAILED): 'DEAD_OBJECT: '
12-07 17:41:52.535 E/TrackedObjectManager( 2832): Failed to start tracking keyboard object with error Status(-129, EX_TRANSACTION_FAILED): 'DEAD_OBJECT: '
12-07 17:41:52.540 I/Vsync   ( 2832): Vsync 1327:  2 x 11.11 ms (90.00 Hz, at 146786.424)
12-07 17:41:52.546 E/TrackedObjectManager( 2832): Failed to connect to TrackedObjectService with error Status(-129, EX_TRANSACTION_FAILED): 'DEAD_OBJECT: '
12-07 17:41:52.546 W/OSDynamicObjectDataQuerier( 2832): Attempted to start tracking objects when tracker was already started
12-07 17:41:52.546 E/TrackedObjectManager( 2832): Failed to connect to TrackedObjectService with error Status(-129, EX_TRANSACTION_FAILED): 'DEAD_OBJECT: '
12-07 17:41:52.546 E/TrackedObjectManager( 2832): Failed to start tracking keyboard object with error Status(-129, EX_TRANSACTION_FAILED): 'DEAD_OBJECT: '
12-07 17:41:52.547 I/VrApi   ( 3469): FPS=90/90,Prd=31ms,Tear=0,Early=5,Stale=0,Stale2/5/10/max=0/0/0/0,VSnc=1,Lat=-1,Fov=3,CPU4/GPU=3/2,1651/456MHz,OC=3F,TA=0/0/0,SP=N/N/N,Mem=3196MHz,Free=3422MB,PLS=0,Temp=32.0C/0.0C,TW=2.59ms,App=1.58ms,GD=0.00ms,CPU&GPU=10.61ms,LCnt=6(DR0,LM2),GPU%=0.43,CPU%=0.83(W0.86),CFL=13.96/18.18,ICFLp95=17.09,LD=0,SF=1.00,LP=1,DVFS=0,ShrpLCnt=2,ShrpR=0.500,SSLCnt=0/0
12-07 17:41:52.557 E/TrackedObjectManager( 2832): Failed to connect to TrackedObjectService with error Status(-129, EX_TRANSACTION_FAILED): 'DEAD_OBJECT: '
12-07 17:41:52.557 W/OSDynamicObjectDataQuerier( 2832): Attempted to start tracking objects when tracker was already started
12-07 17:41:52.557 E/TrackedObjectManager( 2832): Failed to connect to TrackedObjectService with error Status(-129, EX_TRANSACTION_FAILED): 'DEAD_OBJECT: '
12-07 17:41:52.557 E/TrackedObjectManager( 2832): Failed to start tracking keyboard object with error Status(-129, EX_TRANSACTION_FAILED): 'DEAD_OBJECT: '
12-07 17:41:52.568 E/TrackedObjectManager( 2832): Failed to connect to TrackedObjectService with error Status(-129, EX_TRANSACTION_FAILED): 'DEAD_OBJECT: '
12-07 17:41:52.568 W/OSDynamicObjectDataQuerier( 2832): Attempted to start tracking objects when tracker was already started
12-07 17:41:52.568 E/TrackedObjectManager( 2832): Failed to connect to TrackedObjectService with error Status(-129, EX_TRANSACTION_FAILED): 'DEAD_OBJECT: '
12-07 17:41:52.568 E/TrackedObjectManager( 2832): Failed to start tracking keyboard object with error Status(-129, EX_TRANSACTION_FAILED): 'DEAD_OBJECT: '
12-07 17:41:52.573 I/Vsync   ( 2832): Vsync 1330:  2 x 11.11 ms (90.00 Hz, at 146786.457)
12-07 17:41:52.579 E/TrackedObjectManager( 2832): Failed to connect to TrackedObjectService with error Status(-129, EX_TRANSACTION_FAILED): 'DEAD_OBJECT: '
12-07 17:41:52.579 W/OSDynamicObjectDataQuerier( 2832): Attempted to start tracking objects when tracker was already started
12-07 17:41:52.579 E/TrackedObjectManager( 2832): Failed to connect to TrackedObjectService with error Status(-129, EX_TRANSACTION_FAILED): 'DEAD_OBJECT: '
12-07 17:41:52.579 E/TrackedObjectManager( 2832): Failed to start tracking keyboard object with error Status(-129, EX_TRANSACTION_FAILED): 'DEAD_OBJECT: '
12-07 17:41:52.590 E/TrackedObjectManager( 2832): Failed to connect to TrackedObjectService with error Status(-129, EX_TRANSACTION_FAILED): 'DEAD_OBJECT: '
12-07 17:41:52.590 W/OSDynamicObjectDataQuerier( 2832): Attempted to start tracking objects when tracker was already started
12-07 17:41:52.590 E/TrackedObjectManager( 2832): Failed to connect to TrackedObjectService with error Status(-129, EX_TRANSACTION_FAILED): 'DEAD_OBJECT: '
12-07 17:41:52.590 E/TrackedObjectManager( 2832): Failed to start tracking keyboard object with error Status(-129, EX_TRANSACTION_FAILED): 'DEAD_OBJECT: '
12-07 17:41:52.601 E/TrackedObjectManager( 2832): Failed to connect to TrackedObjectService with error Status(-129, EX_TRANSACTION_FAILED): 'DEAD_OBJECT: '
12-07 17:41:52.602 W/OSDynamicObjectDataQuerier( 2832): Attempted to start tracking objects when tracker was already started
12-07 17:41:52.602 E/TrackedObjectManager( 2832): Failed to connect to TrackedObjectService with error Status(-129, EX_TRANSACTION_FAILED): 'DEAD_OBJECT: '
12-07 17:41:52.602 E/TrackedObjectManager( 2832): Failed to start tracking keyboard object with error Status(-129, EX_TRANSACTION_FAILED): 'DEAD_OBJECT: '
12-07 17:41:52.607 I/Vsync   ( 2832): Vsync 1333:  2 x 11.11 ms (90.00 Hz, at 146786.491)
12-07 17:41:52.613 E/TrackedObjectManager( 2832): Failed to connect to TrackedObjectService with error Status(-129, EX_TRANSACTION_FAILED): 'DEAD_OBJECT: '
12-07 17:41:52.613 W/OSDynamicObjectDataQuerier( 2832): Attempted to start tracking objects when tracker was already started
12-07 17:41:52.613 E/TrackedObjectManager( 2832): Failed to connect to TrackedObjectService with error Status(-129, EX_TRANSACTION_FAILED): 'DEAD_OBJECT: '
12-07 17:41:52.613 E/TrackedObjectManager( 2832): Failed to start tracking keyboard object with error Status(-129, EX_TRANSACTION_FAILED): 'DEAD_OBJECT: '
12-07 17:41:52.624 E/TrackedObjectManager( 2832): Failed to connect to TrackedObjectService with error Status(-129, EX_TRANSACTION_FAILED): 'DEAD_OBJECT: '
12-07 17:41:52.624 W/OSDynamicObjectDataQuerier( 2832): Attempted to start tracking objects when tracker was already started
12-07 17:41:52.624 E/TrackedObjectManager( 2832): Failed to connect to TrackedObjectService with error Status(-129, EX_TRANSACTION_FAILED): 'DEAD_OBJECT: '
12-07 17:41:52.624 E/TrackedObjectManager( 2832): Failed to start tracking keyboard object with error Status(-129, EX_TRANSACTION_FAILED): 'DEAD_OBJECT: '
12-07 17:41:52.632 I/VD628x  (  884): Flicker results: freq 120.000000, max 119.919144, dcr 23.536732, pct 0.133860, idx 0.036854, conf 0.636258, snr 2.479555, svm 0.186788, sus 1
12-07 17:41:52.635 E/TrackedObjectManager( 2832): Failed to connect to TrackedObjectService with error Status(-129, EX_TRANSACTION_FAILED): 'DEAD_OBJECT: '
12-07 17:41:52.635 W/OSDynamicObjectDataQuerier( 2832): Attempted to start tracking objects when tracker was already started
12-07 17:41:52.635 E/TrackedObjectManager( 2832): Failed to connect to TrackedObjectService with error Status(-129, EX_TRANSACTION_FAILED): 'DEAD_OBJECT: '
12-07 17:41:52.635 E/TrackedObjectManager( 2832): Failed to start tracking keyboard object with error Status(-129, EX_TRANSACTION_FAILED): 'DEAD_OBJECT: '
12-07 17:41:52.640 I/Vsync   ( 2832): Vsync 1336:  2 x 11.11 ms (90.00 Hz, at 146786.524)
12-07 17:41:52.646 E/TrackedObjectManager( 2832): Failed to connect to TrackedObjectService with error Status(-129, EX_TRANSACTION_FAILED): 'DEAD_OBJECT: '
12-07 17:41:52.646 W/OSDynamicObjectDataQuerier( 2832): Attempted to start tracking objects when tracker was already started
12-07 17:41:52.646 E/TrackedObjectManager( 2832): Failed to connect to TrackedObjectService with error Status(-129, EX_TRANSACTION_FAILED): 'DEAD_OBJECT: '
12-07 17:41:52.646 E/TrackedObjectManager( 2832): Failed to start tracking keyboard object with error Status(-129, EX_TRANSACTION_FAILED): 'DEAD_OBJECT: '
12-07 17:41:52.657 E/TrackedObjectManager( 2832): Failed to connect to TrackedObjectService with error Status(-129, EX_TRANSACTION_FAILED): 'DEAD_OBJECT: '
12-07 17:41:52.657 W/OSDynamicObjectDataQuerier( 2832): Attempted to start tracking objects when tracker was already started
12-07 17:41:52.657 E/TrackedObjectManager( 2832): Failed to connect to TrackedObjectService with error Status(-129, EX_TRANSACTION_FAILED): 'DEAD_OBJECT: '
12-07 17:41:52.657 E/TrackedObjectManager( 2832): Failed to start tracking keyboard object with error Status(-129, EX_TRANSACTION_FAILED): 'DEAD_OBJECT: '
12-07 17:41:52.668 E/TrackedObjectManager( 2832): Failed to connect to TrackedObjectService with error Status(-129, EX_TRANSACTION_FAILED): 'DEAD_OBJECT: '
12-07 17:41:52.668 W/OSDynamicObjectDataQuerier( 2832): Attempted to start tracking objects when tracker was already started
12-07 17:41:52.668 E/TrackedObjectManager( 2832): Failed to connect to TrackedObjectService with error Status(-129, EX_TRANSACTION_FAILED): 'DEAD_OBJECT: '
12-07 17:41:52.668 E/TrackedObjectManager( 2832): Failed to start tracking keyboard object with error Status(-129, EX_TRANSACTION_FAILED): 'DEAD_OBJECT: '
12-07 17:41:52.669 I/libcamerahal( 9363): [INSIGHTS][2.01s] recv/ret/req heartbeat: cam4: 120/120/120, cam5: 120/120/120
