12-07 18:39:48.058 I/memflow ( 4581): memflow: Event triggered: Ok(())
12-07 18:39:48.063 E/TrackedObjectManager( 2832): Failed to connect to TrackedObjectService with error Status(-129, EX_TRANSACTION_FAILED): 'DEAD_OBJECT: '
12-07 18:39:48.063 W/OSDynamicObjectDataQuerier( 2832): Attempted to start tracking objects when tracker was already started
12-07 18:39:48.063 E/TrackedObjectManager( 2832): Failed to connect to TrackedObjectService with error Status(-129, EX_TRANSACTION_FAILED): 'DEAD_OBJECT: '
12-07 18:39:48.063 E/TrackedObjectManager( 2832): Failed to start tracking keyboard object with error Status(-129, EX_TRANSACTION_FAILED): 'DEAD_OBJECT: '
12-07 18:39:48.074 E/TrackedObjectManager( 2832): Failed to connect to TrackedObjectService with error Status(-129, EX_TRANSACTION_FAILED): 'DEAD_OBJECT: '
12-07 18:39:48.074 W/OSDynamicObjectDataQuerier( 2832): Attempted to start tracking objects when tracker was already started
12-07 18:39:48.074 E/TrackedObjectManager( 2832): Failed to connect to TrackedObjectService with error Status(-129, EX_TRANSACTION_FAILED): 'DEAD_OBJECT: '
12-07 18:39:48.074 E/TrackedObjectManager( 2832): Failed to start tracking keyboard object with error Status(-129, EX_TRANSACTION_FAILED): 'DEAD_OBJECT: '
12-07 18:39:48.085 E/TrackedObjectManager( 2832): Failed to connect to TrackedObjectService with error Status(-129, EX_TRANSACTION_FAILED): 'DEAD_OBJECT: '
12-07 18:39:48.085 W/OSDynamicObjectDataQuerier( 2832): Attempted to start tracking objects when tracker was already started
12-07 18:39:48.085 E/TrackedObjectManager( 2832): Failed to connect to TrackedObjectService with error Status(-129, EX_TRANSACTION_FAILED): 'DEAD_OBJECT: '
12-07 18:39:48.085 E/TrackedObjectManager( 2832): Failed to start tracking keyboard object with error Status(-129, EX_TRANSACTION_FAILED): 'DEAD_OBJECT: '
12-07 18:39:48.096 E/TrackedObjectManager( 2832): Failed to connect to TrackedObjectService with error Status(-129, EX_TRANSACTION_FAILED): 'DEAD_OBJECT: '
12-07 18:39:48.096 W/OSDynamicObjectDataQuerier( 2832): Attempted to start tracking objects when tracker was already started
12-07 18:39:48.096 E/TrackedObjectManager( 2832): Failed to connect to TrackedObjectService with error Status(-129, EX_TRANSACTION_FAILED): 'DEAD_OBJECT: '
12-07 18:39:48.096 E/TrackedObjectManager( 2832): Failed to start tracking keyboard object with error Status(-129, EX_TRANSACTION_FAILED): 'DEAD_OBJECT: '
12-07 18:39:48.107 E/TrackedObjectManager( 2832): Failed to connect to TrackedObjectService with error Status(-129, EX_TRANSACTION_FAILED): 'DEAD_OBJECT: '
12-07 18:39:48.107 W/OSDynamicObjectDataQuerier( 2832): Attempted to start tracking objects when tracker was already started
12-07 18:39:48.107 E/TrackedObjectManager( 2832): Failed to connect to TrackedObjectService with error Status(-129, EX_TRANSACTION_FAILED): 'DEAD_OBJECT: '
12-07 18:39:48.107 E/TrackedObjectManager( 2832): Failed to start tracking keyboard object with error Status(-129, EX_TRANSACTION_FAILED): 'DEAD_OBJECT: '
12-07 18:39:48.118 E/TrackedObjectManager( 2832): Failed to connect to TrackedObjectService with error Status(-129, EX_TRANSACTION_FAILED): 'DEAD_OBJECT: '
12-07 18:39:48.118 W/OSDynamicObjectDataQuerier( 2832): Attempted to start tracking objects when tracker was already started
12-07 18:39:48.118 E/TrackedObjectManager( 2832): Failed to connect to TrackedObjectService with error Status(-129, EX_TRANSACTION_FAILED): 'DEAD_OBJECT: '
12-07 18:39:48.118 E/TrackedObjectManager( 2832): Failed to start tracking keyboard object with error Status(-129, EX_TRANSACTION_FAILED): 'DEAD_OBJECT: '
12-07 18:39:48.129 E/TrackedObjectManager( 2832): Failed to connect to TrackedObjectService with error Status(-129, EX_TRANSACTION_FAILED): 'DEAD_OBJECT: '
12-07 18:39:48.129 W/OSDynamicObjectDataQuerier( 2832): Attempted to start tracking objects when tracker was already started
12-07 18:39:48.129 E/TrackedObjectManager( 2832): Failed to connect to TrackedObjectService with error Status(-129, EX_TRANSACTION_FAILED): 'DEAD_OBJECT: '
12-07 18:39:48.129 E/TrackedObjectManager( 2832): Failed to start tracking keyboard object with error Status(-129, EX_TRANSACTION_FAILED): 'DEAD_OBJECT: '
12-07 18:39:48.140 E/TrackedObjectManager( 2832): Failed to connect to TrackedObjectService with error Status(-129, EX_TRANSACTION_FAILED): 'DEAD_OBJECT: '
12-07 18:39:48.140 W/OSDynamicObjectDataQuerier( 2832): Attempted to start tracking objects when tracker was already started
12-07 18:39:48.140 E/TrackedObjectManager( 2832): Failed to connect to TrackedObjectService with error Status(-129, EX_TRANSACTION_FAILED): 'DEAD_OBJECT: '
12-07 18:39:48.140 E/TrackedObjectManager( 2832): Failed to start tracking keyboard object with error Status(-129, EX_TRANSACTION_FAILED): 'DEAD_OBJECT: '
12-07 18:39:48.152 E/TrackedObjectManager( 2832): Failed to connect to TrackedObjectService with error Status(-129, EX_TRANSACTION_FAILED): 'DEAD_OBJECT: '
12-07 18:39:48.152 W/OSDynamicObjectDataQuerier( 2832): Attempted to start tracking objects when tracker was already started
12-07 18:39:48.152 E/TrackedObjectManager( 2832): Failed to connect to TrackedObjectService with error Status(-129, EX_TRANSACTION_FAILED): 'DEAD_OBJECT: '
12-07 18:39:48.152 E/TrackedObjectManager( 2832): Failed to start tracking keyboard object with error Status(-129, EX_TRANSACTION_FAILED): 'DEAD_OBJECT: '
12-07 18:39:48.163 E/TrackedObjectManager( 2832): Failed to connect to TrackedObjectService with error Status(-129, EX_TRANSACTION_FAILED): 'DEAD_OBJECT: '
12-07 18:39:48.163 W/OSDynamicObjectDataQuerier( 2832): Attempted to start tracking objects when tracker was already started
12-07 18:39:48.163 E/TrackedObjectManager( 2832): Failed to connect to TrackedObjectService with error Status(-129, EX_TRANSACTION_FAILED): 'DEAD_OBJECT: '
12-07 18:39:48.163 E/TrackedObjectManager( 2832): Failed to start tracking keyboard object with error Status(-129, EX_TRANSACTION_FAILED): 'DEAD_OBJECT: '
12-07 18:39:48.174 E/TrackedObjectManager( 2832): Failed to connect to TrackedObjectService with error Status(-129, EX_TRANSACTION_FAILED): 'DEAD_OBJECT: '
12-07 18:39:48.174 W/OSDynamicObjectDataQuerier( 2832): Attempted to start tracking objects when tracker was already started
12-07 18:39:48.174 E/TrackedObjectManager( 2832): Failed to connect to TrackedObjectService with error Status(-129, EX_TRANSACTION_FAILED): 'DEAD_OBJECT: '
12-07 18:39:48.174 E/TrackedObjectManager( 2832): Failed to start tracking keyboard object with error Status(-129, EX_TRANSACTION_FAILED): 'DEAD_OBJECT: '
12-07 18:39:48.185 E/TrackedObjectManager( 2832): Failed to connect to TrackedObjectService with error Status(-129, EX_TRANSACTION_FAILED): 'DEAD_OBJECT: '
12-07 18:39:48.185 W/OSDynamicObjectDataQuerier( 2832): Attempted to start tracking objects when tracker was already started
12-07 18:39:48.185 E/TrackedObjectManager( 2832): Failed to connect to TrackedObjectService with error Status(-129, EX_TRANSACTION_FAILED): 'DEAD_OBJECT: '
12-07 18:39:48.185 E/TrackedObjectManager( 2832): Failed to start tracking keyboard object with error Status(-129, EX_TRANSACTION_FAILED): 'DEAD_OBJECT: '
12-07 18:39:48.196 E/TrackedObjectManager( 2832): Failed to connect to TrackedObjectService with error Status(-129, EX_TRANSACTION_FAILED): 'DEAD_OBJECT: '
12-07 18:39:48.196 W/OSDynamicObjectDataQuerier( 2832): Attempted to start tracking objects when tracker was already started
12-07 18:39:48.196 E/TrackedObjectManager( 2832): Failed to connect to TrackedObjectService with error Status(-129, EX_TRANSACTION_FAILED): 'DEAD_OBJECT: '
12-07 18:39:48.196 E/TrackedObjectManager( 2832): Failed to start tracking keyboard object with error Status(-129, EX_TRANSACTION_FAILED): 'DEAD_OBJECT: '
12-07 18:39:48.207 E/TrackedObjectManager( 2832): Failed to connect to TrackedObjectService with error Status(-129, EX_TRANSACTION_FAILED): 'DEAD_OBJECT: '
12-07 18:39:48.207 W/OSDynamicObjectDataQuerier( 2832): Attempted to start tracking objects when tracker was already started
12-07 18:39:48.207 E/TrackedObjectManager( 2832): Failed to connect to TrackedObjectService with error Status(-129, EX_TRANSACTION_FAILED): 'DEAD_OBJECT: '
12-07 18:39:48.207 E/TrackedObjectManager( 2832): Failed to start tracking keyboard object with error Status(-129, EX_TRANSACTION_FAILED): 'DEAD_OBJECT: '
12-07 18:39:48.218 E/TrackedObjectManager( 2832): Failed to connect to TrackedObjectService with error Status(-129, EX_TRANSACTION_FAILED): 'DEAD_OBJECT: '
12-07 18:39:48.218 W/OSDynamicObjectDataQuerier( 2832): Attempted to start tracking objects when tracker was already started
12-07 18:39:48.218 E/TrackedObjectManager( 2832): Failed to connect to TrackedObjectService with error Status(-129, EX_TRANSACTION_FAILED): 'DEAD_OBJECT: '
12-07 18:39:48.218 E/TrackedObjectManager( 2832): Failed to start tracking keyboard object with error Status(-129, EX_TRANSACTION_FAILED): 'DEAD_OBJECT: '
12-07 18:39:48.229 E/TrackedObjectManager( 2832): Failed to connect to TrackedObjectService with error Status(-129, EX_TRANSACTION_FAILED): 'DEAD_OBJECT: '
12-07 18:39:48.229 W/OSDynamicObjectDataQuerier( 2832): Attempted to start tracking objects when tracker was already started
12-07 18:39:48.229 E/TrackedObjectManager( 2832): Failed to connect to TrackedObjectService with error Status(-129, EX_TRANSACTION_FAILED): 'DEAD_OBJECT: '
12-07 18:39:48.229 E/TrackedObjectManager( 2832): Failed to start tracking keyboard object with error Status(-129, EX_TRANSACTION_FAILED): 'DEAD_OBJECT: '
12-07 18:39:48.240 E/TrackedObjectManager( 2832): Failed to connect to TrackedObjectService with error Status(-129, EX_TRANSACTION_FAILED): 'DEAD_OBJECT: '
12-07 18:39:48.240 W/OSDynamicObjectDataQuerier( 2832): Attempted to start tracking objects when tracker was already started
12-07 18:39:48.240 E/TrackedObjectManager( 2832): Failed to connect to TrackedObjectService with error Status(-129, EX_TRANSACTION_FAILED): 'DEAD_OBJECT: '
12-07 18:39:48.240 E/TrackedObjectManager( 2832): Failed to start tracking keyboard object with error Status(-129, EX_TRANSACTION_FAILED): 'DEAD_OBJECT: '
12-07 18:39:48.251 E/TrackedObjectManager( 2832): Failed to connect to TrackedObjectService with error Status(-129, EX_TRANSACTION_FAILED): 'DEAD_OBJECT: '
12-07 18:39:48.252 W/OSDynamicObjectDataQuerier( 2832): Attempted to start tracking objects when tracker was already started
12-07 18:39:48.252 E/TrackedObjectManager( 2832): Failed to connect to TrackedObjectService with error Status(-129, EX_TRANSACTION_FAILED): 'DEAD_OBJECT: '
12-07 18:39:48.252 E/TrackedObjectManager( 2832): Failed to start tracking keyboard object with error Status(-129, EX_TRANSACTION_FAILED): 'DEAD_OBJECT: '
12-07 18:39:48.263 E/TrackedObjectManager( 2832): Failed to connect to TrackedObjectService with error Status(-129, EX_TRANSACTION_FAILED): 'DEAD_OBJECT: '
12-07 18:39:48.263 W/OSDynamicObjectDataQuerier( 2832): Attempted to start tracking objects when tracker was already started
12-07 18:39:48.263 E/TrackedObjectManager( 2832): Failed to connect to TrackedObjectService with error Status(-129, EX_TRANSACTION_FAILED): 'DEAD_OBJECT: '
12-07 18:39:48.263 E/TrackedObjectManager( 2832): Failed to start tracking keyboard object with error Status(-129, EX_TRANSACTION_FAILED): 'DEAD_OBJECT: '
12-07 18:39:48.274 E/TrackedObjectManager( 2832): Failed to connect to TrackedObjectService with error Status(-129, EX_TRANSACTION_FAILED): 'DEAD_OBJECT: '
12-07 18:39:48.274 W/OSDynamicObjectDataQuerier( 2832): Attempted to start tracking objects when tracker was already started
12-07 18:39:48.274 E/TrackedObjectManager( 2832): Failed to connect to TrackedObjectService with error Status(-129, EX_TRANSACTION_FAILED): 'DEAD_OBJECT: '
12-07 18:39:48.274 E/TrackedObjectManager( 2832): Failed to start tracking keyboard object with error Status(-129, EX_TRANSACTION_FAILED): 'DEAD_OBJECT: '
12-07 18:39:48.285 E/TrackedObjectManager( 2832): Failed to connect to TrackedObjectService with error Status(-129, EX_TRANSACTION_FAILED): 'DEAD_OBJECT: '
12-07 18:39:48.285 W/OSDynamicObjectDataQuerier( 2832): Attempted to start tracking objects when tracker was already started
12-07 18:39:48.285 E/TrackedObjectManager( 2832): Failed to connect to TrackedObjectService with error Status(-129, EX_TRANSACTION_FAILED): 'DEAD_OBJECT: '
12-07 18:39:48.285 E/TrackedObjectManager( 2832): Failed to start tracking keyboard object with error Status(-129, EX_TRANSACTION_FAILED): 'DEAD_OBJECT: '
12-07 18:39:48.296 E/TrackedObjectManager( 2832): Failed to connect to TrackedObjectService with error Status(-129, EX_TRANSACTION_FAILED): 'DEAD_OBJECT: '
12-07 18:39:48.296 W/OSDynamicObjectDataQuerier( 2832): Attempted to start tracking objects when tracker was already started
12-07 18:39:48.296 E/TrackedObjectManager( 2832): Failed to connect to TrackedObjectService with error Status(-129, EX_TRANSACTION_FAILED): 'DEAD_OBJECT: '
12-07 18:39:48.296 E/TrackedObjectManager( 2832): Failed to start tracking keyboard object with error Status(-129, EX_TRANSACTION_FAILED): 'DEAD_OBJECT: '
12-07 18:39:48.307 E/TrackedObjectManager( 2832): Failed to connect to TrackedObjectService with error Status(-129, EX_TRANSACTION_FAILED): 'DEAD_OBJECT: '
12-07 18:39:48.307 W/OSDynamicObjectDataQuerier( 2832): Attempted to start tracking objects when tracker was already started
12-07 18:39:48.307 E/TrackedObjectManager( 2832): Failed to connect to TrackedObjectService with error Status(-129, EX_TRANSACTION_FAILED): 'DEAD_OBJECT: '
12-07 18:39:48.307 E/TrackedObjectManager( 2832): Failed to start tracking keyboard object with error Status(-129, EX_TRANSACTION_FAILED): 'DEAD_OBJECT: '
12-07 18:39:48.318 E/TrackedObjectManager( 2832): Failed to connect to TrackedObjectService with error Status(-129, EX_TRANSACTION_FAILED): 'DEAD_OBJECT: '
12-07 18:39:48.318 W/OSDynamicObjectDataQuerier( 2832): Attempted to start tracking objects when tracker was already started
12-07 18:39:48.318 E/TrackedObjectManager( 2832): Failed to connect to TrackedObjectService with error Status(-129, EX_TRANSACTION_FAILED): 'DEAD_OBJECT: '
12-07 18:39:48.318 E/TrackedObjectManager( 2832): Failed to start tracking keyboard object with error Status(-129, EX_TRANSACTION_FAILED): 'DEAD_OBJECT: '
12-07 18:39:48.329 E/TrackedObjectManager( 2832): Failed to connect to TrackedObjectService with error Status(-129, EX_TRANSACTION_FAILED): 'DEAD_OBJECT: '
12-07 18:39:48.329 W/OSDynamicObjectDataQuerier( 2832): Attempted to start tracking objects when tracker was already started
12-07 18:39:48.329 E/TrackedObjectManager( 2832): Failed to connect to TrackedObjectService with error Status(-129, EX_TRANSACTION_FAILED): 'DEAD_OBJECT: '
12-07 18:39:48.329 E/TrackedObjectManager( 2832): Failed to start tracking keyboard object with error Status(-129, EX_TRANSACTION_FAILED): 'DEAD_OBJECT: '
12-07 18:39:48.340 E/TrackedObjectManager( 2832): Failed to connect to TrackedObjectService with error Status(-129, EX_TRANSACTION_FAILED): 'DEAD_OBJECT: '
12-07 18:39:48.340 W/OSDynamicObjectDataQuerier( 2832): Attempted to start tracking objects when tracker was already started
12-07 18:39:48.340 E/TrackedObjectManager( 2832): Failed to connect to TrackedObjectService with error Status(-129, EX_TRANSACTION_FAILED): 'DEAD_OBJECT: '
12-07 18:39:48.340 E/TrackedObjectManager( 2832): Failed to start tracking keyboard object with error Status(-129, EX_TRANSACTION_FAILED): 'DEAD_OBJECT: '
12-07 18:39:48.351 I/Shell   ( 3469): HsrSoundSystem::playOneShotSound3D for GUID 0e40a482-f3c5-49aa-b6f7-3ac0dfc271e7 with event name panelThumbstickScroll
12-07 18:39:48.352 E/TrackedObjectManager( 2832): Failed to connect to TrackedObjectService with error Status(-129, EX_TRANSACTION_FAILED): 'DEAD_OBJECT: '
12-07 18:39:48.352 W/OSDynamicObjectDataQuerier( 2832): Attempted to start tracking objects when tracker was already started
12-07 18:39:48.352 E/TrackedObjectManager( 2832): Failed to connect to TrackedObjectService with error Status(-129, EX_TRANSACTION_FAILED): 'DEAD_OBJECT: '
12-07 18:39:48.352 E/TrackedObjectManager( 2832): Failed to start tracking keyboard object with error Status(-129, EX_TRANSACTION_FAILED): 'DEAD_OBJECT: '
12-07 18:39:48.363 E/TrackedObjectManager( 2832): Failed to connect to TrackedObjectService with error Status(-129, EX_TRANSACTION_FAILED): 'DEAD_OBJECT: '
12-07 18:39:48.363 W/OSDynamicObjectDataQuerier( 2832): Attempted to start tracking objects when tracker was already started
12-07 18:39:48.363 E/TrackedObjectManager( 2832): Failed to connect to TrackedObjectService with error Status(-129, EX_TRANSACTION_FAILED): 'DEAD_OBJECT: '
12-07 18:39:48.363 E/TrackedObjectManager( 2832): Failed to start tracking keyboard object with error Status(-129, EX_TRANSACTION_FAILED): 'DEAD_OBJECT: '
12-07 18:39:48.374 E/TrackedObjectManager( 2832): Failed to connect to TrackedObjectService with error Status(-129, EX_TRANSACTION_FAILED): 'DEAD_OBJECT: '
12-07 18:39:48.374 W/OSDynamicObjectDataQuerier( 2832): Attempted to start tracking objects when tracker was already started
12-07 18:39:48.374 E/TrackedObjectManager( 2832): Failed to connect to TrackedObjectService with error Status(-129, EX_TRANSACTION_FAILED): 'DEAD_OBJECT: '
12-07 18:39:48.374 E/TrackedObjectManager( 2832): Failed to start tracking keyboard object with error Status(-129, EX_TRANSACTION_FAILED): 'DEAD_OBJECT: '
12-07 18:39:48.385 E/TrackedObjectManager( 2832): Failed to connect to TrackedObjectService with error Status(-129, EX_TRANSACTION_FAILED): 'DEAD_OBJECT: '
12-07 18:39:48.385 W/OSDynamicObjectDataQuerier( 2832): Attempted to start tracking objects when tracker was already started
12-07 18:39:48.385 E/TrackedObjectManager( 2832): Failed to connect to TrackedObjectService with error Status(-129, EX_TRANSACTION_FAILED): 'DEAD_OBJECT: '
12-07 18:39:48.385 E/TrackedObjectManager( 2832): Failed to start tracking keyboard object with error Status(-129, EX_TRANSACTION_FAILED): 'DEAD_OBJECT: '
12-07 18:39:48.396 E/TrackedObjectManager( 2832): Failed to connect to TrackedObjectService with error Status(-129, EX_TRANSACTION_FAILED): 'DEAD_OBJECT: '
12-07 18:39:48.396 W/OSDynamicObjectDataQuerier( 2832): Attempted to start tracking objects when tracker was already started
12-07 18:39:48.396 E/TrackedObjectManager( 2832): Failed to connect to TrackedObjectService with error Status(-129, EX_TRANSACTION_FAILED): 'DEAD_OBJECT: '
12-07 18:39:48.396 E/TrackedObjectManager( 2832): Failed to start tracking keyboard object with error Status(-129, EX_TRANSACTION_FAILED): 'DEAD_OBJECT: '
12-07 18:39:48.407 E/TrackedObjectManager( 2832): Failed to connect to TrackedObjectService with error Status(-129, EX_TRANSACTION_FAILED): 'DEAD_OBJECT: '
12-07 18:39:48.407 W/OSDynamicObjectDataQuerier( 2832): Tracker stopped running without input server stopping it, attempting restart
12-07 18:39:48.407 W/OSDynamicObjectDataQuerier( 2832): Attempted to start tracking objects when tracker was already started
12-07 18:39:48.407 E/TrackedObjectManager( 2832): Failed to connect to TrackedObjectService with error Status(-129, EX_TRANSACTION_FAILED): 'DEAD_OBJECT: '
12-07 18:39:48.407 E/TrackedObjectManager( 2832): Failed to start tracking keyboard object with error Status(-129, EX_TRANSACTION_FAILED): 'DEAD_OBJECT: '
12-07 18:39:48.418 E/TrackedObjectManager( 2832): Failed to connect to TrackedObjectService with error Status(-129, EX_TRANSACTION_FAILED): 'DEAD_OBJECT: '
12-07 18:39:48.418 W/OSDynamicObjectDataQuerier( 2832): Attempted to start tracking objects when tracker was already started
12-07 18:39:48.418 E/TrackedObjectManager( 2832): Failed to connect to TrackedObjectService with error Status(-129, EX_TRANSACTION_FAILED): 'DEAD_OBJECT: '
12-07 18:39:48.418 E/TrackedObjectManager( 2832): Failed to start tracking keyboard object with error Status(-129, EX_TRANSACTION_FAILED): 'DEAD_OBJECT: '
12-07 18:39:48.429 E/TrackedObjectManager( 2832): Failed to connect to TrackedObjectService with error Status(-129, EX_TRANSACTION_FAILED): 'DEAD_OBJECT: '
12-07 18:39:48.429 W/OSDynamicObjectDataQuerier( 2832): Attempted to start tracking objects when tracker was already started
12-07 18:39:48.429 E/TrackedObjectManager( 2832): Failed to connect to TrackedObjectService with error Status(-129, EX_TRANSACTION_FAILED): 'DEAD_OBJECT: '
12-07 18:39:48.429 E/TrackedObjectManager( 2832): Failed to start tracking keyboard object with error Status(-129, EX_TRANSACTION_FAILED): 'DEAD_OBJECT: '
12-07 18:39:48.441 E/TrackedObjectManager( 2832): Failed to connect to TrackedObjectService with error Status(-129, EX_TRANSACTION_FAILED): 'DEAD_OBJECT: '
12-07 18:39:48.441 W/OSDynamicObjectDataQuerier( 2832): Attempted to start tracking objects when tracker was already started
12-07 18:39:48.441 E/TrackedObjectManager( 2832): Failed to connect to TrackedObjectService with error Status(-129, EX_TRANSACTION_FAILED): 'DEAD_OBJECT: '
12-07 18:39:48.441 E/TrackedObjectManager( 2832): Failed to start tracking keyboard object with error Status(-129, EX_TRANSACTION_FAILED): 'DEAD_OBJECT: '
12-07 18:39:48.452 E/TrackedObjectManager( 2832): Failed to connect to TrackedObjectService with error Status(-129, EX_TRANSACTION_FAILED): 'DEAD_OBJECT: '
12-07 18:39:48.452 W/OSDynamicObjectDataQuerier( 2832): Attempted to start tracking objects when tracker was already started
12-07 18:39:48.452 E/TrackedObjectManager( 2832): Failed to connect to TrackedObjectService with error Status(-129, EX_TRANSACTION_FAILED): 'DEAD_OBJECT: '
12-07 18:39:48.452 E/TrackedObjectManager( 2832): Failed to start tracking keyboard object with error Status(-129, EX_TRANSACTION_FAILED): 'DEAD_OBJECT: '
12-07 18:39:48.462 I/Tracking( 9368): CONSTELLATION:IMU_STATUS: 0x402c25cbf028a4e8 (R): [#Samples=2476] 4048.544s | [FusionTracked=1.000, OutputTracked=1.000, OutputValid=1.000] [AccelSat=0.000, GyroSat=0.000] [AccelMinMeanMax: X=-2.561|0.776|3.945, Y=-6.317|-3.627|-0.240, Z=-12.046|-8.619|-5.833] [GyroMinMeanMax: X=-2.258|-0.009|1.048, Y=-1.534|0.011|1.182, Z=-2.872|0.087|2.425] [AccelStuck: X=0|0.000, Y=0|0.000, Z=0|0.000] [GyroStuck: X=6|-0.109, Y=5|-0.177, Z=3|0.277]  [Current time=4048.544s, last log time=4043.544s]
12-07 18:39:48.463 E/TrackedObjectManager( 2832): Failed to connect to TrackedObjectService with error Status(-129, EX_TRANSACTION_FAILED): 'DEAD_OBJECT: '
12-07 18:39:48.463 W/OSDynamicObjectDataQuerier( 2832): Attempted to start tracking objects when tracker was already started
12-07 18:39:48.463 E/TrackedObjectManager( 2832): Failed to connect to TrackedObjectService with error Status(-129, EX_TRANSACTION_FAILED): 'DEAD_OBJECT: '
12-07 18:39:48.463 E/TrackedObjectManager( 2832): Failed to start tracking keyboard object with error Status(-129, EX_TRANSACTION_FAILED): 'DEAD_OBJECT: '
12-07 18:39:48.463 I/DynamicObjectClient( 4885): Query Dynamic Object Tracker anchors
12-07 18:39:48.463 I/DynamicObjectClient( 4885): Object in query has empty predictions or tracking flags
12-07 18:39:48.474 E/TrackedObjectManager( 2832): Failed to connect to TrackedObjectService with error Status(-129, EX_TRANSACTION_FAILED): 'DEAD_OBJECT: '
12-07 18:39:48.474 W/OSDynamicObjectDataQuerier( 2832): Attempted to start tracking objects when tracker was already started
12-07 18:39:48.474 E/TrackedObjectManager( 2832): Failed to connect to TrackedObjectService with error Status(-129, EX_TRANSACTION_FAILED): 'DEAD_OBJECT: '
12-07 18:39:48.474 E/TrackedObjectManager( 2832): Failed to start tracking keyboard object with error Status(-129, EX_TRANSACTION_FAILED): 'DEAD_OBJECT: '
12-07 18:39:48.485 E/TrackedObjectManager( 2832): Failed to connect to TrackedObjectService with error Status(-129, EX_TRANSACTION_FAILED): 'DEAD_OBJECT: '
12-07 18:39:48.485 W/OSDynamicObjectDataQuerier( 2832): Attempted to start tracking objects when tracker was already started
12-07 18:39:48.485 E/TrackedObjectManager( 2832): Failed to connect to TrackedObjectService with error Status(-129, EX_TRANSACTION_FAILED): 'DEAD_OBJECT: '
12-07 18:39:48.485 E/TrackedObjectManager( 2832): Failed to start tracking keyboard object with error Status(-129, EX_TRANSACTION_FAILED): 'DEAD_OBJECT: '
12-07 18:39:48.496 E/TrackedObjectManager( 2832): Failed to connect to TrackedObjectService with error Status(-129, EX_TRANSACTION_FAILED): 'DEAD_OBJECT: '
12-07 18:39:48.496 W/OSDynamicObjectDataQuerier( 2832): Attempted to start tracking objects when tracker was already started
12-07 18:39:48.496 E/TrackedObjectManager( 2832): Failed to connect to TrackedObjectService with error Status(-129, EX_TRANSACTION_FAILED): 'DEAD_OBJECT: '
12-07 18:39:48.496 E/TrackedObjectManager( 2832): Failed to start tracking keyboard object with error Status(-129, EX_TRANSACTION_FAILED): 'DEAD_OBJECT: '
12-07 18:39:48.500 I/libcamerahal( 9363): [INSIGHTS][2.01s] recv/ret/req heartbeat: cam4: 120/120/120, cam5: 120/120/120
12-07 18:39:48.508 E/TrackedObjectManager( 2832): Failed to connect to TrackedObjectService with error Status(-129, EX_TRANSACTION_FAILED): 'DEAD_OBJECT: '
12-07 18:39:48.508 W/OSDynamicObjectDataQuerier( 2832): Attempted to start tracking objects when tracker was already started
12-07 18:39:48.508 E/TrackedObjectManager( 2832): Failed to connect to TrackedObjectService with error Status(-129, EX_TRANSACTION_FAILED): 'DEAD_OBJECT: '
12-07 18:39:48.508 E/TrackedObjectManager( 2832): Failed to start tracking keyboard object with error Status(-129, EX_TRANSACTION_FAILED): 'DEAD_OBJECT: '
12-07 18:39:48.518 E/TrackedObjectManager( 2832): Failed to connect to TrackedObjectService with error Status(-129, EX_TRANSACTION_FAILED): 'DEAD_OBJECT: '
12-07 18:39:48.518 W/OSDynamicObjectDataQuerier( 2832): Attempted to start tracking objects when tracker was already started
12-07 18:39:48.518 E/TrackedObjectManager( 2832): Failed to connect to TrackedObjectService with error Status(-129, EX_TRANSACTION_FAILED): 'DEAD_OBJECT: '
12-07 18:39:48.518 E/TrackedObjectManager( 2832): Failed to start tracking keyboard object with error Status(-129, EX_TRANSACTION_FAILED): 'DEAD_OBJECT: '
12-07 18:39:48.529 E/TrackedObjectManager( 2832): Failed to connect to TrackedObjectService with error Status(-129, EX_TRANSACTION_FAILED): 'DEAD_OBJECT: '
12-07 18:39:48.529 W/OSDynamicObjectDataQuerier( 2832): Attempted to start tracking objects when tracker was already started
12-07 18:39:48.529 E/TrackedObjectManager( 2832): Failed to connect to TrackedObjectService with error Status(-129, EX_TRANSACTION_FAILED): 'DEAD_OBJECT: '
12-07 18:39:48.529 E/TrackedObjectManager( 2832): Failed to start tracking keyboard object with error Status(-129, EX_TRANSACTION_FAILED): 'DEAD_OBJECT: '
12-07 18:39:48.540 E/TrackedObjectManager( 2832): Failed to connect to TrackedObjectService with error Status(-129, EX_TRANSACTION_FAILED): 'DEAD_OBJECT: '
12-07 18:39:48.540 W/OSDynamicObjectDataQuerier( 2832): Attempted to start tracking objects when tracker was already started
12-07 18:39:48.540 E/TrackedObjectManager( 2832): Failed to connect to TrackedObjectService with error Status(-129, EX_TRANSACTION_FAILED): 'DEAD_OBJECT: '
12-07 18:39:48.540 E/TrackedObjectManager( 2832): Failed to start tracking keyboard object with error Status(-129, EX_TRANSACTION_FAILED): 'DEAD_OBJECT: '
12-07 18:39:48.552 E/TrackedObjectManager( 2832): Failed to connect to TrackedObjectService with error Status(-129, EX_TRANSACTION_FAILED): 'DEAD_OBJECT: '
12-07 18:39:48.552 W/OSDynamicObjectDataQuerier( 2832): Attempted to start tracking objects when tracker was already started
12-07 18:39:48.552 E/TrackedObjectManager( 2832): Failed to connect to TrackedObjectService with error Status(-129, EX_TRANSACTION_FAILED): 'DEAD_OBJECT: '
12-07 18:39:48.552 E/TrackedObjectManager( 2832): Failed to start tracking keyboard object with error Status(-129, EX_TRANSACTION_FAILED): 'DEAD_OBJECT: '
12-07 18:39:48.555 I/VrApi   ( 3469): FPS=90/90,Prd=28ms,Tear=0,Early=0,Stale=1,Stale2/5/10/max=0/0/0/1,VSnc=1,Lat=-1,Fov=3,CPU4/GPU=3/2,2361/456MHz,OC=3F,TA=0/0/0,SP=N/N/N,Mem=3196MHz,Free=3208MB,PLS=0,Temp=41.0C/0.0C,TW=2.57ms,App=1.56ms,GD=0.00ms,CPU&GPU=11.87ms,LCnt=7(DR0,LM6),GPU%=0.40,CPU%=0.73(W0.76),CFL=12.46/16.78,ICFLp95=15.85,LD=0,SF=1.00,LP=1,DVFS=0,ShrpLCnt=2,ShrpR=0.500,SSLCnt=0/0
12-07 18:39:48.563 E/TrackedObjectManager( 2832): Failed to connect to TrackedObjectService with error Status(-129, EX_TRANSACTION_FAILED): 'DEAD_OBJECT: '
12-07 18:39:48.563 W/OSDynamicObjectDataQuerier( 2832): Attempted to start tracking objects when tracker was already started
12-07 18:39:48.563 E/TrackedObjectManager( 2832): Failed to connect to TrackedObjectService with error Status(-129, EX_TRANSACTION_FAILED): 'DEAD_OBJECT: '
12-07 18:39:48.563 E/TrackedObjectManager( 2832): Failed to start tracking keyboard object with error Status(-129, EX_TRANSACTION_FAILED): 'DEAD_OBJECT: '
12-07 18:39:48.575 E/TrackedObjectManager( 2832): Failed to connect to TrackedObjectService with error Status(-129, EX_TRANSACTION_FAILED): 'DEAD_OBJECT: '
12-07 18:39:48.575 W/OSDynamicObjectDataQuerier( 2832): Attempted to start tracking objects when tracker was already started
12-07 18:39:48.575 E/TrackedObjectManager( 2832): Failed to connect to TrackedObjectService with error Status(-129, EX_TRANSACTION_FAILED): 'DEAD_OBJECT: '
12-07 18:39:48.575 E/TrackedObjectManager( 2832): Failed to start tracking keyboard object with error Status(-129, EX_TRANSACTION_FAILED): 'DEAD_OBJECT: '
12-07 18:39:48.585 E/TrackedObjectManager( 2832): Failed to connect to TrackedObjectService with error Status(-129, EX_TRANSACTION_FAILED): 'DEAD_OBJECT: '
12-07 18:39:48.585 W/OSDynamicObjectDataQuerier( 2832): Attempted to start tracking objects when tracker was already started
12-07 18:39:48.585 E/TrackedObjectManager( 2832): Failed to connect to TrackedObjectService with error Status(-129, EX_TRANSACTION_FAILED): 'DEAD_OBJECT: '
12-07 18:39:48.585 E/TrackedObjectManager( 2832): Failed to start tracking keyboard object with error Status(-129, EX_TRANSACTION_FAILED): 'DEAD_OBJECT: '
12-07 18:39:48.587 I/Tracking( 9368): CONSTELLATION:VISION_STATUS: 0x402c25cbf028a4e8 (R): [#Samples=76] 4048.665s | BlobDetection:[#BlobsDetected=(25.87, 1.19)]Matching:[MatchSuccess=1.000, MatchCost=(0.00199, 0.00000), #MatchedBlobs=(22.71, 1.23), #MatchedLeds=(7.79, 0.17), RematchM=0.000, SkipRefine=0.000] MatchMethod:[Prox=1.000, ConstBrute=0.000, AttiBrute=0.000, UnconstBrute=0.000] MatchResets[AnomBlobSize=0.000, SharedMatch=0.000, DenseReacq=0.000] | Fusion:[FusionError=0.000, ImuFromCamMs=(-4047164.614, 2138717.781), RematchF=0.000] FusionUpdates:[Successful=0.000, Reliable=0.000, TightFusion=0.000, FullPose=0.000, StaticPrior=0.000, StaticForHandTrans=0.000, PoseUpdateMD=(0.0000, 0.0000)] FusionResets[6DoFReset=0.000, ResetSuccess=0.000] FusionStatus[HasPosition=0.000, HasVelocity=0.000]  [Current time=4048.665s, last log time=4043.598s]
12-07 18:39:48.596 E/TrackedObjectManager( 2832): Failed to connect to TrackedObjectService with error Status(-129, EX_TRANSACTION_FAILED): 'DEAD_OBJECT: '
12-07 18:39:48.596 W/OSDynamicObjectDataQuerier( 2832): Attempted to start tracking objects when tracker was already started
12-07 18:39:48.596 E/TrackedObjectManager( 2832): Failed to connect to TrackedObjectService with error Status(-129, EX_TRANSACTION_FAILED): 'DEAD_OBJECT: '
12-07 18:39:48.596 E/TrackedObjectManager( 2832): Failed to start tracking keyboard object with error Status(-129, EX_TRANSACTION_FAILED): 'DEAD_OBJECT: '
12-07 18:39:48.607 E/TrackedObjectManager( 2832): Failed to connect to TrackedObjectService with error Status(-129, EX_TRANSACTION_FAILED): 'DEAD_OBJECT: '
12-07 18:39:48.607 W/OSDynamicObjectDataQuerier( 2832): Attempted to start tracking objects when tracker was already started
12-07 18:39:48.607 E/TrackedObjectManager( 2832): Failed to connect to TrackedObjectService with error Status(-129, EX_TRANSACTION_FAILED): 'DEAD_OBJECT: '
12-07 18:39:48.607 E/TrackedObjectManager( 2832): Failed to start tracking keyboard object with error Status(-129, EX_TRANSACTION_FAILED): 'DEAD_OBJECT: '
12-07 18:39:48.618 E/TrackedObjectManager( 2832): Failed to connect to TrackedObjectService with error Status(-129, EX_TRANSACTION_FAILED): 'DEAD_OBJECT: '
12-07 18:39:48.618 W/OSDynamicObjectDataQuerier( 2832): Attempted to start tracking objects when tracker was already started
12-07 18:39:48.618 E/TrackedObjectManager( 2832): Failed to connect to TrackedObjectService with error Status(-129, EX_TRANSACTION_FAILED): 'DEAD_OBJECT: '
12-07 18:39:48.618 E/TrackedObjectManager( 2832): Failed to start tracking keyboard object with error Status(-129, EX_TRANSACTION_FAILED): 'DEAD_OBJECT: '
12-07 18:39:48.629 E/TrackedObjectManager( 2832): Failed to connect to TrackedObjectService with error Status(-129, EX_TRANSACTION_FAILED): 'DEAD_OBJECT: '
12-07 18:39:48.629 W/OSDynamicObjectDataQuerier( 2832): Attempted to start tracking objects when tracker was already started
12-07 18:39:48.629 E/TrackedObjectManager( 2832): Failed to connect to TrackedObjectService with error Status(-129, EX_TRANSACTION_FAILED): 'DEAD_OBJECT: '
12-07 18:39:48.629 E/TrackedObjectManager( 2832): Failed to start tracking keyboard object with error Status(-129, EX_TRANSACTION_FAILED): 'DEAD_OBJECT: '
12-07 18:39:48.641 E/TrackedObjectManager( 2832): Failed to connect to TrackedObjectService with error Status(-129, EX_TRANSACTION_FAILED): 'DEAD_OBJECT: '
12-07 18:39:48.641 W/OSDynamicObjectDataQuerier( 2832): Attempted to start tracking objects when tracker was already started
12-07 18:39:48.641 E/TrackedObjectManager( 2832): Failed to connect to TrackedObjectService with error Status(-129, EX_TRANSACTION_FAILED): 'DEAD_OBJECT: '
12-07 18:39:48.641 E/TrackedObjectManager( 2832): Failed to start tracking keyboard object with error Status(-129, EX_TRANSACTION_FAILED): 'DEAD_OBJECT: '
12-07 18:39:48.652 E/TrackedObjectManager( 2832): Failed to connect to TrackedObjectService with error Status(-129, EX_TRANSACTION_FAILED): 'DEAD_OBJECT: '
12-07 18:39:48.652 W/OSDynamicObjectDataQuerier( 2832): Attempted to start tracking objects when tracker was already started
12-07 18:39:48.652 E/TrackedObjectManager( 2832): Failed to connect to TrackedObjectService with error Status(-129, EX_TRANSACTION_FAILED): 'DEAD_OBJECT: '
12-07 18:39:48.652 E/TrackedObjectManager( 2832): Failed to start tracking keyboard object with error Status(-129, EX_TRANSACTION_FAILED): 'DEAD_OBJECT: '
12-07 18:39:48.663 E/TrackedObjectManager( 2832): Failed to connect to TrackedObjectService with error Status(-129, EX_TRANSACTION_FAILED): 'DEAD_OBJECT: '
12-07 18:39:48.663 W/OSDynamicObjectDataQuerier( 2832): Attempted to start tracking objects when tracker was already started
12-07 18:39:48.663 E/TrackedObjectManager( 2832): Failed to connect to TrackedObjectService with error Status(-129, EX_TRANSACTION_FAILED): 'DEAD_OBJECT: '
12-07 18:39:48.663 E/TrackedObjectManager( 2832): Failed to start tracking keyboard object with error Status(-129, EX_TRANSACTION_FAILED): 'DEAD_OBJECT: '
12-07 18:39:48.674 E/TrackedObjectManager( 2832): Failed to connect to TrackedObjectService with error Status(-129, EX_TRANSACTION_FAILED): 'DEAD_OBJECT: '
12-07 18:39:48.674 W/OSDynamicObjectDataQuerier( 2832): Attempted to start tracking objects when tracker was already started
12-07 18:39:48.674 E/TrackedObjectManager( 2832): Failed to connect to TrackedObjectService with error Status(-129, EX_TRANSACTION_FAILED): 'DEAD_OBJECT: '
12-07 18:39:48.674 E/TrackedObjectManager( 2832): Failed to start tracking keyboard object with error Status(-129, EX_TRANSACTION_FAILED): 'DEAD_OBJECT: '
12-07 18:39:48.685 E/TrackedObjectManager( 2832): Failed to connect to TrackedObjectService with error Status(-129, EX_TRANSACTION_FAILED): 'DEAD_OBJECT: '
12-07 18:39:48.685 W/OSDynamicObjectDataQuerier( 2832): Attempted to start tracking objects when tracker was already started
12-07 18:39:48.685 E/TrackedObjectManager( 2832): Failed to connect to TrackedObjectService with error Status(-129, EX_TRANSACTION_FAILED): 'DEAD_OBJECT: '
12-07 18:39:48.685 E/TrackedObjectManager( 2832): Failed to start tracking keyboard object with error Status(-129, EX_TRANSACTION_FAILED): 'DEAD_OBJECT: '
12-07 18:39:48.696 E/TrackedObjectManager( 2832): Failed to connect to TrackedObjectService with error Status(-129, EX_TRANSACTION_FAILED): 'DEAD_OBJECT: '
12-07 18:39:48.696 W/OSDynamicObjectDataQuerier( 2832): Attempted to start tracking objects when tracker was already started
12-07 18:39:48.696 E/TrackedObjectManager( 2832): Failed to connect to TrackedObjectService with error Status(-129, EX_TRANSACTION_FAILED): 'DEAD_OBJECT: '
12-07 18:39:48.696 E/TrackedObjectManager( 2832): Failed to start tracking keyboard object with error Status(-129, EX_TRANSACTION_FAILED): 'DEAD_OBJECT: '
12-07 18:39:48.700 I/VD628x  (  884): Flicker results: freq 120.000000, max 119.887863, dcr 23.601208, pct 0.134973, idx 0.036803, conf 0.617117, snr 2.311547, svm 0.182620, sus 1
12-07 18:39:48.707 E/TrackedObjectManager( 2832): Failed to connect to TrackedObjectService with error Status(-129, EX_TRANSACTION_FAILED): 'DEAD_OBJECT: '
12-07 18:39:48.707 W/OSDynamicObjectDataQuerier( 2832): Attempted to start tracking objects when tracker was already started
12-07 18:39:48.707 E/TrackedObjectManager( 2832): Failed to connect to TrackedObjectService with error Status(-129, EX_TRANSACTION_FAILED): 'DEAD_OBJECT: '
12-07 18:39:48.707 E/TrackedObjectManager( 2832): Failed to start tracking keyboard object with error Status(-129, EX_TRANSACTION_FAILED): 'DEAD_OBJECT: '
12-07 18:39:48.718 E/TrackedObjectManager( 2832): Failed to connect to TrackedObjectService with error Status(-129, EX_TRANSACTION_FAILED): 'DEAD_OBJECT: '
12-07 18:39:48.718 W/OSDynamicObjectDataQuerier( 2832): Attempted to start tracking objects when tracker was already started
12-07 18:39:48.718 E/TrackedObjectManager( 2832): Failed to connect to TrackedObjectService with error Status(-129, EX_TRANSACTION_FAILED): 'DEAD_OBJECT: '
12-07 18:39:48.719 E/TrackedObjectManager( 2832): Failed to start tracking keyboard object with error Status(-129, EX_TRANSACTION_FAILED): 'DEAD_OBJECT: '
12-07 18:39:48.729 E/TrackedObjectManager( 2832): Failed to connect to TrackedObjectService with error Status(-129, EX_TRANSACTION_FAILED): 'DEAD_OBJECT: '
12-07 18:39:48.729 W/OSDynamicObjectDataQuerier( 2832): Attempted to start tracking objects when tracker was already started
12-07 18:39:48.729 E/TrackedObjectManager( 2832): Failed to connect to TrackedObjectService with error Status(-129, EX_TRANSACTION_FAILED): 'DEAD_OBJECT: '
12-07 18:39:48.729 E/TrackedObjectManager( 2832): Failed to start tracking keyboard object with error Status(-129, EX_TRANSACTION_FAILED): 'DEAD_OBJECT: '
12-07 18:39:48.740 E/TrackedObjectManager( 2832): Failed to connect to TrackedObjectService with error Status(-129, EX_TRANSACTION_FAILED): 'DEAD_OBJECT: '
12-07 18:39:48.740 W/OSDynamicObjectDataQuerier( 2832): Attempted to start tracking objects when tracker was already started
12-07 18:39:48.740 E/TrackedObjectManager( 2832): Failed to connect to TrackedObjectService with error Status(-129, EX_TRANSACTION_FAILED): 'DEAD_OBJECT: '
12-07 18:39:48.741 E/TrackedObjectManager( 2832): Failed to start tracking keyboard object with error Status(-129, EX_TRANSACTION_FAILED): 'DEAD_OBJECT: '
12-07 18:39:48.747 I/MRSS    ( 1157): MIXEDREALITY: MrSystemService: FramesetTelemetry: valid: -/-, stereo/depth/color: avail:  300/   0/ 600, accepted %: 100.0/0.0/100.0, dropped %: 0.0/0.0/0.0, valid %: 100.0/0.0/100.0, textured %: 0.0/0.0/100.0.
12-07 18:39:48.747 I/MRSS    ( 1157): MIXEDREALITY: MrSystemService: FramesetTelemetry: timeouts stereo/color: compute side: 0/0, render side: 0/0, egl: 0.
12-07 18:39:48.752 E/TrackedObjectManager( 2832): Failed to connect to TrackedObjectService with error Status(-129, EX_TRANSACTION_FAILED): 'DEAD_OBJECT: '
12-07 18:39:48.752 W/OSDynamicObjectDataQuerier( 2832): Attempted to start tracking objects when tracker was already started
12-07 18:39:48.752 E/TrackedObjectManager( 2832): Failed to connect to TrackedObjectService with error Status(-129, EX_TRANSACTION_FAILED): 'DEAD_OBJECT: '
12-07 18:39:48.752 E/TrackedObjectManager( 2832): Failed to start tracking keyboard object with error Status(-129, EX_TRANSACTION_FAILED): 'DEAD_OBJECT: '
12-07 18:39:48.763 E/TrackedObjectManager( 2832): Failed to connect to TrackedObjectService with error Status(-129, EX_TRANSACTION_FAILED): 'DEAD_OBJECT: '
12-07 18:39:48.763 W/OSDynamicObjectDataQuerier( 2832): Attempted to start tracking objects when tracker was already started
12-07 18:39:48.763 E/TrackedObjectManager( 2832): Failed to connect to TrackedObjectService with error Status(-129, EX_TRANSACTION_FAILED): 'DEAD_OBJECT: '
12-07 18:39:48.763 E/TrackedObjectManager( 2832): Failed to start tracking keyboard object with error Status(-129, EX_TRANSACTION_FAILED): 'DEAD_OBJECT: '
12-07 18:39:48.774 E/TrackedObjectManager( 2832): Failed to connect to TrackedObjectService with error Status(-129, EX_TRANSACTION_FAILED): 'DEAD_OBJECT: '
12-07 18:39:48.774 W/OSDynamicObjectDataQuerier( 2832): Attempted to start tracking objects when tracker was already started
12-07 18:39:48.774 E/TrackedObjectManager( 2832): Failed to connect to TrackedObjectService with error Status(-129, EX_TRANSACTION_FAILED): 'DEAD_OBJECT: '
12-07 18:39:48.774 E/TrackedObjectManager( 2832): Failed to start tracking keyboard object with error Status(-129, EX_TRANSACTION_FAILED): 'DEAD_OBJECT: '
12-07 18:39:48.785 E/TrackedObjectManager( 2832): Failed to connect to TrackedObjectService with error Status(-129, EX_TRANSACTION_FAILED): 'DEAD_OBJECT: '
12-07 18:39:48.785 W/OSDynamicObjectDataQuerier( 2832): Attempted to start tracking objects when tracker was already started
12-07 18:39:48.785 E/TrackedObjectManager( 2832): Failed to connect to TrackedObjectService with error Status(-129, EX_TRANSACTION_FAILED): 'DEAD_OBJECT: '
12-07 18:39:48.785 E/TrackedObjectManager( 2832): Failed to start tracking keyboard object with error Status(-129, EX_TRANSACTION_FAILED): 'DEAD_OBJECT: '
12-07 18:39:48.791 I/MRSS    ( 1157): MIXEDREALITY: EnvironmentDepthMetacapability: processTelemetry client com.oculus.vrshell state true aggregated 1
12-07 18:39:48.796 E/TrackedObjectManager( 2832): Failed to connect to TrackedObjectService with error Status(-129, EX_TRANSACTION_FAILED): 'DEAD_OBJECT: '
12-07 18:39:48.796 W/OSDynamicObjectDataQuerier( 2832): Attempted to start tracking objects when tracker was already started
12-07 18:39:48.796 E/TrackedObjectManager( 2832): Failed to connect to TrackedObjectService with error Status(-129, EX_TRANSACTION_FAILED): 'DEAD_OBJECT: '
12-07 18:39:48.796 E/TrackedObjectManager( 2832): Failed to start tracking keyboard object with error Status(-129, EX_TRANSACTION_FAILED): 'DEAD_OBJECT: '
12-07 18:39:48.807 E/TrackedObjectManager( 2832): Failed to connect to TrackedObjectService with error Status(-129, EX_TRANSACTION_FAILED): 'DEAD_OBJECT: '
12-07 18:39:48.807 W/OSDynamicObjectDataQuerier( 2832): Attempted to start tracking objects when tracker was already started
12-07 18:39:48.807 E/TrackedObjectManager( 2832): Failed to connect to TrackedObjectService with error Status(-129, EX_TRANSACTION_FAILED): 'DEAD_OBJECT: '
12-07 18:39:48.807 E/TrackedObjectManager( 2832): Failed to start tracking keyboard object with error Status(-129, EX_TRANSACTION_FAILED): 'DEAD_OBJECT: '
12-07 18:39:48.818 E/TrackedObjectManager( 2832): Failed to connect to TrackedObjectService with error Status(-129, EX_TRANSACTION_FAILED): 'DEAD_OBJECT: '
12-07 18:39:48.818 W/OSDynamicObjectDataQuerier( 2832): Attempted to start tracking objects when tracker was already started
12-07 18:39:48.818 E/TrackedObjectManager( 2832): Failed to connect to TrackedObjectService with error Status(-129, EX_TRANSACTION_FAILED): 'DEAD_OBJECT: '
12-07 18:39:48.818 E/TrackedObjectManager( 2832): Failed to start tracking keyboard object with error Status(-129, EX_TRANSACTION_FAILED): 'DEAD_OBJECT: '
12-07 18:39:48.822 E/[CT]    ( 2832): CALIBRATION_RUNTIME: OnlineCalibrationSession: Calibration unsuccessful status code is 3.
12-07 18:39:48.829 E/TrackedObjectManager( 2832): Failed to connect to TrackedObjectService with error Status(-129, EX_TRANSACTION_FAILED): 'DEAD_OBJECT: '
12-07 18:39:48.829 W/OSDynamicObjectDataQuerier( 2832): Attempted to start tracking objects when tracker was already started
12-07 18:39:48.829 E/TrackedObjectManager( 2832): Failed to connect to TrackedObjectService with error Status(-129, EX_TRANSACTION_FAILED): 'DEAD_OBJECT: '
12-07 18:39:48.829 E/TrackedObjectManager( 2832): Failed to start tracking keyboard object with error Status(-129, EX_TRANSACTION_FAILED): 'DEAD_OBJECT: '
12-07 18:39:48.841 E/TrackedObjectManager( 2832): Failed to connect to TrackedObjectService with error Status(-129, EX_TRANSACTION_FAILED): 'DEAD_OBJECT: '
12-07 18:39:48.841 W/OSDynamicObjectDataQuerier( 2832): Attempted to start tracking objects when tracker was already started
12-07 18:39:48.841 E/TrackedObjectManager( 2832): Failed to connect to TrackedObjectService with error Status(-129, EX_TRANSACTION_FAILED): 'DEAD_OBJECT: '
12-07 18:39:48.841 E/TrackedObjectManager( 2832): Failed to start tracking keyboard object with error Status(-129, EX_TRANSACTION_FAILED): 'DEAD_OBJECT: '
12-07 18:39:48.852 E/TrackedObjectManager( 2832): Failed to connect to TrackedObjectService with error Status(-129, EX_TRANSACTION_FAILED): 'DEAD_OBJECT: '
12-07 18:39:48.852 W/OSDynamicObjectDataQuerier( 2832): Attempted to start tracking objects when tracker was already started
12-07 18:39:48.852 E/TrackedObjectManager( 2832): Failed to connect to TrackedObjectService with error Status(-129, EX_TRANSACTION_FAILED): 'DEAD_OBJECT: '
12-07 18:39:48.852 E/TrackedObjectManager( 2832): Failed to start tracking keyboard object with error Status(-129, EX_TRANSACTION_FAILED): 'DEAD_OBJECT: '
12-07 18:39:48.863 E/TrackedObjectManager( 2832): Failed to connect to TrackedObjectService with error Status(-129, EX_TRANSACTION_FAILED): 'DEAD_OBJECT: '
12-07 18:39:48.863 W/OSDynamicObjectDataQuerier( 2832): Attempted to start tracking objects when tracker was already started
12-07 18:39:48.863 E/TrackedObjectManager( 2832): Failed to connect to TrackedObjectService with error Status(-129, EX_TRANSACTION_FAILED): 'DEAD_OBJECT: '
12-07 18:39:48.863 E/TrackedObjectManager( 2832): Failed to start tracking keyboard object with error Status(-129, EX_TRANSACTION_FAILED): 'DEAD_OBJECT: '
12-07 18:39:48.874 E/TrackedObjectManager( 2832): Failed to connect to TrackedObjectService with error Status(-129, EX_TRANSACTION_FAILED): 'DEAD_OBJECT: '
12-07 18:39:48.874 W/OSDynamicObjectDataQuerier( 2832): Attempted to start tracking objects when tracker was already started
12-07 18:39:48.874 E/TrackedObjectManager( 2832): Failed to connect to TrackedObjectService with error Status(-129, EX_TRANSACTION_FAILED): 'DEAD_OBJECT: '
12-07 18:39:48.874 E/TrackedObjectManager( 2832): Failed to start tracking keyboard object with error Status(-129, EX_TRANSACTION_FAILED): 'DEAD_OBJECT: '
12-07 18:39:48.885 E/TrackedObjectManager( 2832): Failed to connect to TrackedObjectService with error Status(-129, EX_TRANSACTION_FAILED): 'DEAD_OBJECT: '
12-07 18:39:48.885 W/OSDynamicObjectDataQuerier( 2832): Attempted to start tracking objects when tracker was already started
12-07 18:39:48.885 E/TrackedObjectManager( 2832): Failed to connect to TrackedObjectService with error Status(-129, EX_TRANSACTION_FAILED): 'DEAD_OBJECT: '
12-07 18:39:48.885 E/TrackedObjectManager( 2832): Failed to start tracking keyboard object with error Status(-129, EX_TRANSACTION_FAILED): 'DEAD_OBJECT: '
12-07 18:39:48.896 E/TrackedObjectManager( 2832): Failed to connect to TrackedObjectService with error Status(-129, EX_TRANSACTION_FAILED): 'DEAD_OBJECT: '
12-07 18:39:48.896 W/OSDynamicObjectDataQuerier( 2832): Attempted to start tracking objects when tracker was already started
12-07 18:39:48.896 E/TrackedObjectManager( 2832): Failed to connect to TrackedObjectService with error Status(-129, EX_TRANSACTION_FAILED): 'DEAD_OBJECT: '
12-07 18:39:48.896 E/TrackedObjectManager( 2832): Failed to start tracking keyboard object with error Status(-129, EX_TRANSACTION_FAILED): 'DEAD_OBJECT: '
12-07 18:39:48.907 E/TrackedObjectManager( 2832): Failed to connect to TrackedObjectService with error Status(-129, EX_TRANSACTION_FAILED): 'DEAD_OBJECT: '
12-07 18:39:48.907 W/OSDynamicObjectDataQuerier( 2832): Attempted to start tracking objects when tracker was already started
12-07 18:39:48.907 E/TrackedObjectManager( 2832): Failed to connect to TrackedObjectService with error Status(-129, EX_TRANSACTION_FAILED): 'DEAD_OBJECT: '
12-07 18:39:48.907 E/TrackedObjectManager( 2832): Failed to start tracking keyboard object with error Status(-129, EX_TRANSACTION_FAILED): 'DEAD_OBJECT: '
12-07 18:39:48.918 E/TrackedObjectManager( 2832): Failed to connect to TrackedObjectService with error Status(-129, EX_TRANSACTION_FAILED): 'DEAD_OBJECT: '
12-07 18:39:48.918 W/OSDynamicObjectDataQuerier( 2832): Attempted to start tracking objects when tracker was already started
12-07 18:39:48.918 E/TrackedObjectManager( 2832): Failed to connect to TrackedObjectService with error Status(-129, EX_TRANSACTION_FAILED): 'DEAD_OBJECT: '
12-07 18:39:48.918 E/TrackedObjectManager( 2832): Failed to start tracking keyboard object with error Status(-129, EX_TRANSACTION_FAILED): 'DEAD_OBJECT: '
12-07 18:39:48.920 I/[CT]    ( 2832): MIXEDREALITY: PassthroughApiManager: GetUpdatedLayerState: (every 2 seconds) PT is: ON numLayers: 1
12-07 18:39:48.929 E/TrackedObjectManager( 2832): Failed to connect to TrackedObjectService with error Status(-129, EX_TRANSACTION_FAILED): 'DEAD_OBJECT: '
12-07 18:39:48.929 W/OSDynamicObjectDataQuerier( 2832): Attempted to start tracking objects when tracker was already started
