12-07 17:41:54.392 I/OpenXR  ( 2252): Required permission horizonos.permission.USE_SCENE is missing, retrying check as com.oculus.permission.USE_SCENE -> 0
12-07 17:41:54.392 I/OpenXR  ( 2252): xrEnumerateInstanceExtensionProperties: skipping extension=`XR_EXT_spatial_plane_tracking` due to: missing uses-permission string `horizonos.permission.USE_SCENE` from AndroidManifest in package `com.example.moonlight_spatialsdk`
12-07 17:41:54.392 I/OpenXR  ( 2252): Checking for permission horizonos.permission.USE_ANCHOR_API of package com.example.moonlight_spatialsdk
12-07 17:41:54.393 I/OpenXR  ( 2252): Required permission horizonos.permission.USE_ANCHOR_API is missing, retrying check as com.oculus.permission.USE_ANCHOR_API -> 0
12-07 17:41:54.393 I/OpenXR  ( 2252): xrEnumerateInstanceExtensionProperties: skipping extension=`XR_EXT_spatial_persistence` due to: missing uses-permission string `horizonos.permission.USE_ANCHOR_API` from AndroidManifest in package `com.example.moonlight_spatialsdk`
12-07 17:41:54.393 I/OpenXR  ( 2252): Checking for permission horizonos.permission.USE_ANCHOR_API of package com.example.moonlight_spatialsdk
12-07 17:41:54.394 I/OpenXR  ( 2252): Required permission horizonos.permission.USE_ANCHOR_API is missing, retrying check as com.oculus.permission.USE_ANCHOR_API -> 0
12-07 17:41:54.394 I/OpenXR  ( 2252): xrEnumerateInstanceExtensionProperties: skipping extension=`XR_EXT_spatial_persistence_operations` due to: missing uses-permission string `horizonos.permission.USE_ANCHOR_API` from AndroidManifest in package `com.example.moonlight_spatialsdk`
12-07 17:41:54.394 I/OpenXR  ( 2252): Checking for permission horizonos.permission.USE_SCENE of package com.example.moonlight_spatialsdk
12-07 17:41:54.396 I/OpenXR  ( 2252): Required permission horizonos.permission.USE_SCENE is missing, retrying check as com.oculus.permission.USE_SCENE -> 0
12-07 17:41:54.396 I/OpenXR  ( 2252): xrEnumerateInstanceExtensionProperties: skipping extension=`XR_EXT_spatial_marker_tracking` due to: missing uses-permission string `horizonos.permission.USE_SCENE` from AndroidManifest in package `com.example.moonlight_spatialsdk`
12-07 17:41:54.396 I/OpenXR  ( 2252): xrEnumerateInstanceExtensionProperties: skipping extension=`XR_METAX1_graphics_budget` due to: Tier=50 extState=APC deviceIsExpEnabled=false expManifestSet=true isFirstPartyApp=false isSystemApp=false
12-07 17:41:54.396 I/OpenXR  ( 2252): xrEnumerateInstanceExtensionProperties: skipping extension=`XR_METAX1_dynamic_performance_scaling` due to: Tier=50 extState=APC deviceIsExpEnabled=false expManifestSet=true isFirstPartyApp=false isSystemApp=false
12-07 17:41:54.396 I/OpenXR  ( 2252): xrEnumerateInstanceExtensionProperties: skipping extension=`XR_EXTX1_haptic_parametric` due to: Tier=40 extState=APC deviceIsExpEnabled=false expManifestSet=true isFirstPartyApp=false isSystemApp=false
12-07 17:41:54.396 V/OpenXR-Loader( 2252): Verbose [GENERAL | xrEnumerateInstanceExtensionProperties | OpenXR-Loader] : Completed loader trampoline
12-07 17:41:54.396 V/OpenXR-Loader( 2252): Verbose [GENERAL | xrEnumerateInstanceExtensionProperties | OpenXR-Loader] : Entering loader trampoline
12-07 17:41:54.396 V/OpenXR-Loader( 2252): Verbose [GENERAL | xrEnumerateInstanceExtensionProperties | OpenXR-Loader] : Completed loader trampoline
12-07 17:41:54.396 I/HorizonStandalone( 2252): Hmi: OpenXR extension available: XR_KHR_android_create_instance
12-07 17:41:54.396 I/HorizonStandalone( 2252): Hmi: OpenXR extension available: XR_KHR_android_surface_swapchain
12-07 17:41:54.396 I/HorizonStandalone( 2252): Hmi: OpenXR extension available: XR_KHR_android_thread_settings
12-07 17:41:54.396 I/HorizonStandalone( 2252): Hmi: OpenXR extension available: XR_FB_android_surface_swapchain_create
12-07 17:41:54.396 I/HorizonStandalone( 2252): Hmi: OpenXR extension available: XR_KHR_opengl_es_enable
12-07 17:41:54.396 I/HorizonStandalone( 2252): Hmi: OpenXR extension available: XR_KHR_vulkan_enable
12-07 17:41:54.396 I/HorizonStandalone( 2252): Hmi: OpenXR extension available: XR_KHR_vulkan_enable2
12-07 17:41:54.396 I/HorizonStandalone( 2252): Hmi: OpenXR extension available: XR_KHR_composition_layer_cube
12-07 17:41:54.396 I/HorizonStandalone( 2252): Hmi: OpenXR extension available: XR_KHR_composition_layer_cylinder
12-07 17:41:54.396 I/HorizonStandalone( 2252): Hmi: OpenXR extension available: XR_KHR_composition_layer_equirect2
12-07 17:41:54.396 I/HorizonStandalone( 2252): Hmi: OpenXR extension available: XR_KHR_composition_layer_color_scale_bias
12-07 17:41:54.396 I/HorizonStandalone( 2252): Hmi: OpenXR extension available: XR_KHR_composition_layer_depth
12-07 17:41:54.396 I/HorizonStandalone( 2252): Hmi: OpenXR extension available: XR_FB_color_space
12-07 17:41:54.396 I/HorizonStandalone( 2252): Hmi: OpenXR extension available: XR_EXT_performance_settings
12-07 17:41:54.396 I/HorizonStandalone( 2252): Hmi: OpenXR extension available: XR_EXT_hand_tracking
12-07 17:41:54.396 I/HorizonStandalone( 2252): Hmi: OpenXR extension available: XR_EXT_debug_utils
12-07 17:41:54.396 I/HorizonStandalone( 2252): Hmi: OpenXR extension available: XR_FB_display_refresh_rate
12-07 17:41:54.396 I/HorizonStandalone( 2252): Hmi: OpenXR extension available: XR_FB_swapchain_update_state
12-07 17:41:54.396 I/HorizonStandalone( 2252): Hmi: OpenXR extension available: XR_FB_swapchain_update_state_opengl_es
12-07 17:41:54.396 I/HorizonStandalone( 2252): Hmi: OpenXR extension available: XR_FB_swapchain_update_state_vulkan
12-07 17:41:54.396 I/HorizonStandalone( 2252): Hmi: OpenXR extension available: XR_FB_swapchain_update_state_android_surface
12-07 17:41:54.396 I/HorizonStandalone( 2252): Hmi: OpenXR extension available: XR_OCULUS_common_reference_spaces
12-07 17:41:54.397 I/HorizonStandalone( 2252): Hmi: OpenXR extension available: XR_FB_composition_layer_image_layout
12-07 17:41:54.397 I/HorizonStandalone( 2252): Hmi: OpenXR extension available: XR_FB_composition_layer_alpha_blend
12-07 17:41:54.397 I/HorizonStandalone( 2252): Hmi: OpenXR extension available: XR_EXT_composition_layer_inverted_alpha
12-07 17:41:54.397 I/HorizonStandalone( 2252): Hmi: OpenXR extension available: XR_FB_common_events
12-07 17:41:54.397 I/HorizonStandalone( 2252): Hmi: OpenXR extension available: XR_FB_hand_tracking_mesh
12-07 17:41:54.397 I/HorizonStandalone( 2252): Hmi: OpenXR extension available: XR_FB_hand_tracking_aim
12-07 17:41:54.397 I/HorizonStandalone( 2252): Hmi: OpenXR extension available: XR_FB_hand_tracking_capsules
12-07 17:41:54.397 I/HorizonStandalone( 2252): Hmi: OpenXR extension available: XR_META_hand_tracking_microgestures
12-07 17:41:54.397 I/HorizonStandalone( 2252): Hmi: OpenXR extension available: XR_FB_foveation
12-07 17:41:54.397 I/HorizonStandalone( 2252): Hmi: OpenXR extension available: XR_FB_foveation_configuration
12-07 17:41:54.397 I/HorizonStandalone( 2252): Hmi: OpenXR extension available: XR_FB_foveation_vulkan
12-07 17:41:54.397 I/HorizonStandalone( 2252): Hmi: OpenXR extension available: XR_FB_composition_layer_secure_content
12-07 17:41:54.397 I/HorizonStandalone( 2252): Hmi: OpenXR extension available: XR_KHR_convert_timespec_time
12-07 17:41:54.397 I/HorizonStandalone( 2252): Hmi: OpenXR extension available: XR_FB_triangle_mesh
12-07 17:41:54.397 I/HorizonStandalone( 2252): Hmi: OpenXR extension available: XR_FB_passthrough
12-07 17:41:54.397 I/HorizonStandalone( 2252): Hmi: OpenXR extension available: XR_META_passthrough_color_lut
12-07 17:41:54.397 I/HorizonStandalone( 2252): Hmi: OpenXR extension available: XR_META_passthrough_layer_resumed_event
12-07 17:41:54.397 I/HorizonStandalone( 2252): Hmi: OpenXR extension available: XR_META_passthrough_preferences
12-07 17:41:54.397 I/HorizonStandalone( 2252): Hmi: OpenXR extension available: XR_FB_render_model
12-07 17:41:54.397 I/HorizonStandalone( 2252): Hmi: OpenXR extension available: XR_FB_touch_controller_proximity
12-07 17:41:54.397 I/HorizonStandalone( 2252): Hmi: OpenXR extension available: XR_FB_touch_controller_pro
12-07 17:41:54.397 I/HorizonStandalone( 2252): Hmi: OpenXR extension available: XR_META_touch_controller_plus
12-07 17:41:54.397 I/HorizonStandalone( 2252): Hmi: OpenXR extension available: XR_FB_haptic_amplitude_envelope
12-07 17:41:54.397 I/HorizonStandalone( 2252): Hmi: OpenXR extension available: XR_FB_haptic_pcm
12-07 17:41:54.397 I/HorizonStandalone( 2252): Hmi: OpenXR extension available: XR_FB_spatial_entity_user
12-07 17:41:54.397 I/HorizonStandalone( 2252): Hmi: OpenXR extension available: XR_FB_space_warp
12-07 17:41:54.397 I/HorizonStandalone( 2252): Hmi: OpenXR extension available: XR_META_vulkan_swapchain_create_info
12-07 17:41:54.397 I/HorizonStandalone( 2252): Hmi: OpenXR extension available: XR_FB_composition_layer_settings
12-07 17:41:54.397 I/HorizonStandalone( 2252): Hmi: OpenXR extension available: XR_META_feature_fidelity
12-07 17:41:54.397 I/HorizonStandalone( 2252): Hmi: OpenXR extension available: XR_FB_composition_layer_depth_test
12-07 17:41:54.397 I/HorizonStandalone( 2252): Hmi: OpenXR extension available: XR_EXT_hand_joints_motion_range
12-07 17:41:54.397 I/HorizonStandalone( 2252): Hmi: OpenXR extension available: XR_EXT_hand_tracking_data_source
12-07 17:41:54.397 I/HorizonStandalone( 2252): Hmi: OpenXR extension available: XR_META_performance_metrics
12-07 17:41:54.397 I/HorizonStandalone( 2252): Hmi: OpenXR extension available: XR_META_virtual_keyboard
12-07 17:41:54.397 I/HorizonStandalone( 2252): Hmi: OpenXR extension available: XR_META_detached_controllers
12-07 17:41:54.397 I/HorizonStandalone( 2252): Hmi: OpenXR extension available: XR_MSFT_hand_interaction
12-07 17:41:54.397 I/HorizonStandalone( 2252): Hmi: OpenXR extension available: XR_META_headset_id
12-07 17:41:54.397 I/HorizonStandalone( 2252): Hmi: OpenXR extension available: XR_META_recommended_layer_resolution
12-07 17:41:54.397 I/HorizonStandalone( 2252): Hmi: OpenXR extension available: XR_EXT_active_action_set_priority
12-07 17:41:54.397 I/HorizonStandalone( 2252): Hmi: OpenXR extension available: XR_META_automatic_layer_filter
12-07 17:41:54.397 I/HorizonStandalone( 2252): Hmi: OpenXR extension available: XR_EXT_palm_pose
12-07 17:41:54.397 I/HorizonStandalone( 2252): Hmi: OpenXR extension available: XR_META_simultaneous_hands_and_controllers
12-07 17:41:54.397 I/HorizonStandalone( 2252): Hmi: OpenXR extension available: XR_EXT_local_floor
12-07 17:41:54.397 I/HorizonStandalone( 2252): Hmi: OpenXR extension available: XR_EXT_hand_interaction
12-07 17:41:54.397 I/HorizonStandalone( 2252): Hmi: OpenXR extension available: XR_EXT_user_presence
12-07 17:41:54.397 I/HorizonStandalone( 2252): Hmi: OpenXR extension available: XR_KHR_visibility_mask
12-07 17:41:54.397 I/HorizonStandalone( 2252): Hmi: OpenXR extension available: XR_LOGITECH_mx_ink_stylus_interaction
12-07 17:41:54.397 I/HorizonStandalone( 2252): Hmi: OpenXR extension available: XR_EXT_future
12-07 17:41:54.397 I/HorizonStandalone( 2252): Hmi: OpenXR extension available: XR_EXT_frame_synthesis
12-07 17:41:54.397 I/HorizonStandalone( 2252): Hmi: OpenXR extension available: XR_META_tile_properties_hint
12-07 17:41:54.397 I/HorizonStandalone( 2252): Hmi: OpenXR extension available: XR_KHR_maintenance1
12-07 17:41:54.397 I/HorizonStandalone( 2252): Hmi: Desired extension not found: XR_FB_body_tracking
12-07 17:41:54.397 I/HorizonStandalone( 2252): Hmi: Desired extension not found: XR_EXT_eye_gaze_interaction
12-07 17:41:54.397 I/HorizonStandalone( 2252): Hmi: Desired extension not found: XR_FB_eye_tracking_social
12-07 17:41:54.397 I/HorizonStandalone( 2252): Hmi: Desired extension not found: XR_FB_scene_capture
12-07 17:41:54.397 I/HorizonStandalone( 2252): Hmi: Desired extension not found: XR_FB_spatial_entity
12-07 17:41:54.397 I/HorizonStandalone( 2252): Hmi: Desired extension not found: XR_FB_spatial_entity_query
12-07 17:41:54.397 I/HorizonStandalone( 2252): Hmi: Desired extension not found: XR_FBX1_plane
12-07 17:41:54.397 I/HorizonStandalone( 2252): Hmi: Desired extension not found: XR_METAX1_environment_depth
12-07 17:41:54.397 I/HorizonStandalone( 2252): Hmi: Desired extension not found: XR_METAX2_environment_depth
12-07 17:41:54.397 I/HorizonStandalone( 2252): Hmi: Desired extension not found: XR_METAX1_virtual_reference_space
12-07 17:41:54.397 I/HorizonStandalone( 2252): Hmi: Desired extension not found: XR_EXTX1_event_channel
12-07 17:41:54.397 I/HorizonStandalone( 2252): Hmi: Desired extension not found: XR_FB_spatial_entity_storage
12-07 17:41:54.397 I/HorizonStandalone( 2252): Hmi: Desired extension not found: XR_FB_spatial_entity_container
12-07 17:41:54.397 I/HorizonStandalone( 2252): Hmi: Desired extension not found: XR_META_spatial_entity_discovery
12-07 17:41:54.397 I/HorizonStandalone( 2252): Hmi: Desired extension not found: XR_META_environment_depth
12-07 17:41:54.397 I/HorizonStandalone( 2252): Hmi: Desired extension not found: XR_META_spatial_entity_mesh
12-07 17:41:54.397 I/HorizonStandalone( 2252): Hmi: Desired extension not found: XR_FB_scene
12-07 17:41:54.397 I/HorizonStandalone( 2252): Hmi: enabled OpenXR extension: 'XR_FB_android_surface_swapchain_create'
12-07 17:41:54.397 I/HorizonStandalone( 2252): Hmi: enabled OpenXR extension: 'XR_KHR_android_surface_swapchain'
12-07 17:41:54.397 I/HorizonStandalone( 2252): Hmi: enabled OpenXR extension: 'XR_KHR_vulkan_enable'
12-07 17:41:54.397 I/HorizonStandalone( 2252): Hmi: enabled OpenXR extension: 'XR_FB_swapchain_update_state'
12-07 17:41:54.397 I/HorizonStandalone( 2252): Hmi: enabled OpenXR extension: 'XR_FB_touch_controller_proximity'
12-07 17:41:54.397 I/HorizonStandalone( 2252): Hmi: enabled OpenXR extension: 'XR_FB_foveation'
12-07 17:41:54.397 I/HorizonStandalone( 2252): Hmi: enabled OpenXR extension: 'XR_KHR_visibility_mask'
12-07 17:41:54.397 I/HorizonStandalone( 2252): Hmi: enabled OpenXR extension: 'XR_FB_hand_tracking_mesh'
12-07 17:41:54.397 I/HorizonStandalone( 2252): Hmi: enabled OpenXR extension: 'XR_FB_foveation_configuration'
12-07 17:41:54.397 I/HorizonStandalone( 2252): Hmi: enabled OpenXR extension: 'XR_EXT_user_presence'
12-07 17:41:54.397 I/HorizonStandalone( 2252): Hmi: enabled OpenXR extension: 'XR_FB_foveation_vulkan'
12-07 17:41:54.397 I/HorizonStandalone( 2252): Hmi: enabled OpenXR extension: 'XR_FB_common_events'
12-07 17:41:54.397 I/HorizonStandalone( 2252): Hmi: enabled OpenXR extension: 'XR_EXT_hand_joints_motion_range'
12-07 17:41:54.397 I/HorizonStandalone( 2252): Hmi: enabled OpenXR extension: 'XR_KHR_composition_layer_color_scale_bias'
12-07 17:41:54.397 I/HorizonStandalone( 2252): Hmi: enabled OpenXR extension: 'XR_EXT_local_floor'
12-07 17:41:54.397 I/HorizonStandalone( 2252): Hmi: enabled OpenXR extension: 'XR_EXT_performance_settings'
12-07 17:41:54.397 I/HorizonStandalone( 2252): Hmi: enabled OpenXR extension: 'XR_FB_composition_layer_secure_content'
12-07 17:41:54.397 I/HorizonStandalone( 2252): Hmi: enabled OpenXR extension: 'XR_KHR_composition_layer_cylinder'
12-07 17:41:54.397 I/HorizonStandalone( 2252): Hmi: enabled OpenXR extension: 'XR_FB_display_refresh_rate'
12-07 17:41:54.397 I/HorizonStandalone( 2252): Hmi: enabled OpenXR extension: 'XR_KHR_vulkan_enable2'
12-07 17:41:54.397 I/HorizonStandalone( 2252): Hmi: enabled OpenXR extension: 'XR_FB_composition_layer_alpha_blend'
12-07 17:41:54.397 I/HorizonStandalone( 2252): Hmi: enabled OpenXR extension: 'XR_EXT_hand_tracking'
12-07 17:41:54.397 I/HorizonStandalone( 2252): Hmi: enabled OpenXR extension: 'XR_FB_touch_controller_pro'
12-07 17:41:54.397 I/HorizonStandalone( 2252): Hmi: enabled OpenXR extension: 'XR_META_hand_tracking_microgestures'
12-07 17:41:54.397 I/HorizonStandalone( 2252): Hmi: enabled OpenXR extension: 'XR_KHR_composition_layer_cube'
12-07 17:41:54.397 I/HorizonStandalone( 2252): Hmi: enabled OpenXR extension: 'XR_FB_passthrough'
12-07 17:41:54.397 I/HorizonStandalone( 2252): Hmi: enabled OpenXR extension: 'XR_META_passthrough_color_lut'
12-07 17:41:54.397 I/HorizonStandalone( 2252): Hmi: enabled OpenXR extension: 'XR_EXT_hand_interaction'
12-07 17:41:54.397 I/HorizonStandalone( 2252): Hmi: enabled OpenXR extension: 'XR_FB_hand_tracking_aim'
12-07 17:41:54.397 I/HorizonStandalone( 2252): Hmi: enabled OpenXR extension: 'XR_EXT_hand_tracking_data_source'
12-07 17:41:54.397 I/HorizonStandalone( 2252): Hmi: enabled OpenXR extension: 'XR_META_headset_id'
12-07 17:41:54.397 I/HorizonStandalone( 2252): Hmi: enabled OpenXR extension: 'XR_META_passthrough_preferences'
12-07 17:41:54.397 I/HorizonStandalone( 2252): Hmi: enabled OpenXR extension: 'XR_META_touch_controller_plus'
12-07 17:41:54.398 I/HorizonStandalone( 2252): Hmi: enabled OpenXR extension: 'XR_FB_render_model'
12-07 17:41:54.398 I/HorizonStandalone( 2252): Hmi: enabled OpenXR extension: 'XR_FB_color_space'
12-07 17:41:54.398 I/HorizonStandalone( 2252): Hmi: enabled OpenXR extension: 'XR_KHR_composition_layer_equirect2'
12-07 17:41:54.398 V/OpenXR-Loader( 2252): Verbose [GENERAL | xrCreateInstance | OpenXR-Loader] : Entering loader trampoline
12-07 17:41:54.398 V/OpenXR-Loader( 2252): Verbose [GENERAL | xrCreateInstance | OpenXR-Loader] : Entering LoaderInstance::CreateInstance
12-07 17:41:54.398 V/OpenXR-Loader( 2252): Verbose [GENERAL | xrCreateInstance | OpenXR-Loader] : Entering loader terminator
12-07 17:41:54.398 I/OpenXR  ( 2252): ----------- xrCreateInstance [start] ----------
12-07 17:41:54.398 I/OpenXR_ClientState( 2252): OpenXRClientState::create - from xrCreateInstance
12-07 17:41:54.398 I/VersionGater( 2252): App OpenXR version is 1.1.48
12-07 17:41:54.398 I/VersionGater( 2252): Version gate state: 1111 1111 1111 1111 0000 0000 000
12-07 17:41:54.402 E/TrackedObjectManager( 2832): Failed to connect to TrackedObjectService with error Status(-129, EX_TRANSACTION_FAILED): 'DEAD_OBJECT: '
12-07 17:41:54.402 W/OSDynamicObjectDataQuerier( 2832): Attempted to start tracking objects when tracker was already started
12-07 17:41:54.402 E/TrackedObjectManager( 2832): Failed to connect to TrackedObjectService with error Status(-129, EX_TRANSACTION_FAILED): 'DEAD_OBJECT: '
12-07 17:41:54.402 E/TrackedObjectManager( 2832): Failed to start tracking keyboard object with error Status(-129, EX_TRANSACTION_FAILED): 'DEAD_OBJECT: '
12-07 17:41:54.402 I/TREX    ( 2252): Initializing TREX for client 442b3e812d050761...
12-07 17:41:54.402 I/TREX    ( 2252): Initializing system...
12-07 17:41:54.402 I/XrRuntimeSystem_Client( 2252): BodyPoweredHands checkSysPropForBodyAPIOverride 0
12-07 17:41:54.402 I/XrRuntimeSystem_Client( 2252): SP plugin: permissionMatch 0, skipSysProp 0. shouldLoad 0
12-07 17:41:54.402 I/TREXLoadPolicy( 2252): RenderModelPlugin: all features matched!
12-07 17:41:54.402 I/TREXLoadPolicy( 2252): RenderModelPlugin: all permissions matched!
12-07 17:41:54.404 I/TREX    ( 2252): Created plugin package context for com.oculus.systemdriver
12-07 17:41:54.405 I/RuntimeIPCSystem [RUNTIMEIPC]( 2252): RuntimeIPCSystem: Init called: Version: 81, Platform: Android, Build Date: Dec  2 2025, Build Time: 09:26:03, BuildMode: shared
12-07 17:41:54.405 I/RuntimeIpcHelperService( 1971): Going to start ComponentInfo{com.oculus.systemdriver/com.oculus.vrruntimeservice.VrRuntimeService} as foreground, Calling uid: 10176 pid: 2252
12-07 17:41:54.407 I/RipcServerClientHandler [RUNTIMEIPC]( 2832): Event buffer size (server): 8192
12-07 17:41:54.408 I/RipcServerMgr [RUNTIMEIPC]( 2832): HandleClientConnect SUCCESS: Client: com.example.moonlight_spatialsdk:com.example.moonlight_spatialsdk:2252:, Server: com.oculus.systemdriver:com.oculus.vrruntimeservice (RenderModelServer)
12-07 17:41:54.408 I/RipcClient [RUNTIMEIPC]( 2252): Event buffer size (client): 8192
12-07 17:41:54.408 I/RipcClient [RUNTIMEIPC]( 2252): TryToGetIPCResourcesFromServer: RPC_CONNECTOR_CONNECT_TO_SERVER SUCCESS: Client: com.example.moonlight_spatialsdk:com.example.moonlight_spatialsdk:2252, Server: com.oculus.systemdriver:com.oculus.vrruntimeservice:0 (RenderModelServer), Version: 81, Platform: Android, Build Date: Dec  2 2025, Build Time: 09:26:03, BuildMode: shared
12-07 17:41:54.409 I/RipcClient [RUNTIMEIPC]( 2252): EnsureServerConnection: SUCCESS. Client: com.example.moonlight_spatialsdk:com.example.moonlight_spatialsdk:2252, Server: com.oculus.systemdriver:com.oculus.vrruntimeservice:0 (RenderModelServer)
12-07 17:41:54.409 I/RipcClient [RUNTIMEIPC]( 2252): [RIPC_CONNECT_LOG] ConnectToServer: SUCCESS: Client: com.example.moonlight_spatialsdk:com.example.moonlight_spatialsdk:2252, Server: com.oculus.systemdriver:com.oculus.vrruntimeservice:0 (RenderModelServer)
12-07 17:41:54.409 D/MemoryBrokerClient( 2252): memorybroker::ClientConnection ctor
12-07 17:41:54.411 I/TREXLoadPolicy( 2252): VirtualKeyboardPlugin: all features matched!
12-07 17:41:54.412 D/TelemetryService( 1126): PathwayGuard: from OSSDK/NDK is not allowed to send oculus_trex_plugin_load_succeeded; dropping; Please use the Statsd approach https://www.internalfb.com/intern/wiki/HzOS_Systems/HzOS_Systems_Performance_and_Reliability/VROS_System_Insights/VROS_Telemetry/XFN/Statsd/
12-07 17:41:54.412 D/TelemetryService( 1126): Reported oculus_telemetry_blocked_ossdk_events breach event
12-07 17:41:54.412 I/TREX    ( 2252): Created plugin package context for com.oculus.systemdriver
12-07 17:41:54.412 I/RuntimeIPCSystem [RUNTIMEIPC]( 2252): RuntimeIPCSystem: Init called: Version: 81, Platform: Android, Build Date: Dec  2 2025, Build Time: 09:26:03, BuildMode: shared
12-07 17:41:54.413 E/TrackedObjectManager( 2832): Failed to connect to TrackedObjectService with error Status(-129, EX_TRANSACTION_FAILED): 'DEAD_OBJECT: '
12-07 17:41:54.413 I/RuntimeIpcHelperService( 1971): Going to start ComponentInfo{com.oculus.systemdriver/com.oculus.vrruntimeservice.VrRuntimeService} as foreground, Calling uid: 10176 pid: 2252
12-07 17:41:54.413 W/OSDynamicObjectDataQuerier( 2832): Attempted to start tracking objects when tracker was already started
12-07 17:41:54.413 E/TrackedObjectManager( 2832): Failed to connect to TrackedObjectService with error Status(-129, EX_TRANSACTION_FAILED): 'DEAD_OBJECT: '
12-07 17:41:54.413 E/TrackedObjectManager( 2832): Failed to start tracking keyboard object with error Status(-129, EX_TRANSACTION_FAILED): 'DEAD_OBJECT: '
12-07 17:41:54.414 I/OpenXR_Anchor( 3469): xrQuerySpacesFB: no split anchor query enabled
12-07 17:41:54.414 I/[CT]    ( 3469): SP:AF:InsightAnchorApi: QueryAnchorSpaces loadAndQueryAvailableAnchors flow. (task start) duration: 0.000000000 [sec], flags: 44, location: StorageLocation::LOCAL(1), method: 1, request: 5495, source: SourceType::LIVE_TRACKER(1)
12-07 17:41:54.414 I/[CT]    ( 3469): RuntimeIpcHelper: RuntimeIpcClient::CALL_RPC isAsync: true, func: loadAvailableAnchors
12-07 17:41:54.414 I/[CT]    ( 4885): SP:AP:AnchorPersistenceRuntimeIpcServer: checkRPC start: sessionUuid:1e3ba3f0-dfb6-0aba-a69b-b18fb253c69c, clientId:2367474718, givenPackageName:com.oculus.vrshell
12-07 17:41:54.414 I/[CT]    ( 4885): SP:AP:AnchorPersistenceRuntimeIpcServer: checkPackageAccess - detectedPackageName:com.oculus.vrshell, detectedProcessName:com.oculus.vrshell, givenPackageName:com.oculus.vrshell
12-07 17:41:54.414 I/[CT]    ( 4885): SP:AP:AnchorPersistenceRuntimeIpcServer: checkRPC package name matches: sessionUuid:1e3ba3f0-dfb6-0aba-a69b-b18fb253c69c, clientId:2367474718, givenPackageName:com.oculus.vrshell, detectedPackageName:com.oculus.vrshell, detectedProcessName:com.oculus.vrshell
12-07 17:41:54.414 I/[CT]    ( 4885): SP:AP:AnchorPersistenceRuntimeIpcServer: queryAvailableAnchorsSMV2: clientId: 2367474718, maxAnchors: 500, filter: 0, queryMultipleRoomsEnabledByOpenXrVersion: true, source: 1, appId: com.oculus.vrshell
12-07 17:41:54.414 I/[CT]    ( 4885): SP:AP:AnchorPersistenceConfig: getSceneRuntimePermissionEnabled: USE_SCENE permission is enabled on this device
12-07 17:41:54.414 I/[CT]    ( 4885): SP:AP:AnchorPersistenceScenePermissions: hasClientGrantedScenePermission: USE_SCENE permission is enabled on this device, check client 2367474718, grant is true
12-07 17:41:54.414 I/[CT]    ( 4885): SP:AP:AnchorPersistenceConfig: getSceneRuntimePermissionEnabled: USE_SCENE permission is enabled on this device
12-07 17:41:54.415 I/RipcServerClientHandler [RUNTIMEIPC]( 2832): Event buffer size (server): 8192
12-07 17:41:54.415 I/[CT]    ( 4885): SP:SceneAnchorFilterUtil: filterSceneDataByPermission: com.oculus.vrshell permission check passed, keep scene data. anchors size: 0
12-07 17:41:54.415 I/[CT]    ( 3469): SP:AF:InsightAnchorApi: QueryAnchorSpaces (task finish) returnCode: AnchorResultCode::SUCCESS(0), numSpacesFound: 0, spacesFoundUuids: [], duration: 0.000000000 [sec], flags: 44, location: 1, method: 1, request: 5495
12-07 17:41:54.415 I/[CT]    ( 3469): SP:TREX:SpatialPersistencePlugin: Event type: 6
12-07 17:41:54.415 I/TREX    ( 3469): Spatial Persistence event: QuerySpacesFinish
12-07 17:41:54.416 I/RipcServerMgr [RUNTIMEIPC]( 2832): HandleClientConnect SUCCESS: Client: com.example.moonlight_spatialsdk:com.example.moonlight_spatialsdk:2252:, Server: com.oculus.systemdriver:com.oculus.vrruntimeservice (VirtualKeyboardServer)
12-07 17:41:54.416 I/RipcClient [RUNTIMEIPC]( 2252): Event buffer size (client): 8192
12-07 17:41:54.416 I/RipcClient [RUNTIMEIPC]( 2252): TryToGetIPCResourcesFromServer: RPC_CONNECTOR_CONNECT_TO_SERVER SUCCESS: Client: com.example.moonlight_spatialsdk:com.example.moonlight_spatialsdk:2252, Server: com.oculus.systemdriver:com.oculus.vrruntimeservice:0 (VirtualKeyboardServer), Version: 81, Platform: Android, Build Date: Dec  2 2025, Build Time: 09:26:03, BuildMode: shared
12-07 17:41:54.417 I/RipcClient [RUNTIMEIPC]( 2252): EnsureServerConnection: SUCCESS. Client: com.example.moonlight_spatialsdk:com.example.moonlight_spatialsdk:2252, Server: com.oculus.systemdriver:com.oculus.vrruntimeservice:0 (VirtualKeyboardServer)
12-07 17:41:54.417 I/RipcClient [RUNTIMEIPC]( 2252): [RIPC_CONNECT_LOG] ConnectToServer: SUCCESS: Client: com.example.moonlight_spatialsdk:com.example.moonlight_spatialsdk:2252, Server: com.oculus.systemdriver:com.oculus.vrruntimeservice:0 (VirtualKeyboardServer)
12-07 17:41:54.424 E/TrackedObjectManager( 2832): Failed to connect to TrackedObjectService with error Status(-129, EX_TRANSACTION_FAILED): 'DEAD_OBJECT: '
12-07 17:41:54.424 W/OSDynamicObjectDataQuerier( 2832): Attempted to start tracking objects when tracker was already started
12-07 17:41:54.424 E/TrackedObjectManager( 2832): Failed to connect to TrackedObjectService with error Status(-129, EX_TRANSACTION_FAILED): 'DEAD_OBJECT: '
12-07 17:41:54.424 E/TrackedObjectManager( 2832): Failed to start tracking keyboard object with error Status(-129, EX_TRANSACTION_FAILED): 'DEAD_OBJECT: '
12-07 17:41:54.426 W/GkCacheQuerierClient( 2252): getGkValue: Query result for 'oculus_xrruntime:oculus_trex_insightsdk_killsw' not successful: 4
12-07 17:41:54.427 W/libc    ( 2252): Access denied finding property "ro.vendor.hw.device_config"
12-07 17:41:54.427 W/libc    ( 2252): Access denied finding property "ro.vendor.product.model_extended"
12-07 17:41:54.427 I/TREX    ( 2252): PTINC: API=vrruntime reason=gk
12-07 17:41:54.427 I/TREXLoadPolicy( 2252): InsightMrPassthrough: all features matched!
12-07 17:41:54.427 D/TelemetryService( 1126): PathwayGuard: from OSSDK/NDK is not allowed to send oculus_trex_plugin_load_succeeded; dropping; Please use the Statsd approach https://www.internalfb.com/intern/wiki/HzOS_Systems/HzOS_Systems_Performance_and_Reliability/VROS_System_Insights/VROS_Telemetry/XFN/Statsd/
12-07 17:41:54.427 D/TelemetryService( 1126): Reported oculus_telemetry_blocked_ossdk_events breach event
12-07 17:41:54.428 I/TREX    ( 2252): Created plugin package context for com.oculus.systemdriver
12-07 17:41:54.428 I/[CT]    ( 2252): MIXEDREALITY: TREX-MRPT: Passthrough API in VrRuntime enabled.
12-07 17:41:54.428 W/GkCacheQuerierClient( 2252): getGkValue: Query result for 'oculus_xrruntime:oculus_trex_insightsdk_killsw' not successful: 4
12-07 17:41:54.428 I/[CT]    ( 2252): MIXEDREALITY: MRLE: MrLightingEstimationInterfaceImpl: Initialize
12-07 17:41:54.428 D/TelemetryService( 1126): PathwayGuard: from OSSDK/NDK is not allowed to send oculus_trex_plugin_load_succeeded; dropping; Please use the Statsd approach https://www.internalfb.com/intern/wiki/HzOS_Systems/HzOS_Systems_Performance_and_Reliability/VROS_System_Insights/VROS_Telemetry/XFN/Statsd/
12-07 17:41:54.429 D/TelemetryService( 1126): Reported oculus_telemetry_blocked_ossdk_events breach event
12-07 17:41:54.429 I/TREX    ( 2252): Created plugin package context for com.oculus.systemdriver
12-07 17:41:54.429 D/TelemetryService( 1126): PathwayGuard: from OSSDK/NDK is not allowed to send oculus_trex_plugin_load_succeeded; dropping; Please use the Statsd approach https://www.internalfb.com/intern/wiki/HzOS_Systems/HzOS_Systems_Performance_and_Reliability/VROS_System_Insights/VROS_Telemetry/XFN/Statsd/
12-07 17:41:54.429 D/TelemetryService( 1126): Reported oculus_telemetry_blocked_ossdk_events breach event
12-07 17:41:54.429 I/RuntimeIPCSystem [RUNTIMEIPC]( 2252): RuntimeIPCSystem: Init called: Version: 81, Platform: Android, Build Date: Dec  2 2025, Build Time: 09:26:03, BuildMode: shared
12-07 17:41:54.429 I/RuntimeIpcHelperService( 1971): Going to start ComponentInfo{com.oculus.systemdriver/com.oculus.vrruntimeservice.VrRuntimeService} as foreground, Calling uid: 10176 pid: 2252
12-07 17:41:54.430 D/MediaCodecList( 2252): codecHandlesFormat: no format, so no extra checks
12-07 17:41:54.430 D/MediaCodecList( 2252): codecHandlesFormat: no format, so no extra checks
12-07 17:41:54.431 D/CCodec  ( 2252): allocate(c2.android.raw.decoder)
12-07 17:41:54.431 D/CCodec  ( 2252): allocate(c2.android.raw.decoder)
12-07 17:41:54.432 I/RipcServerClientHandler [RUNTIMEIPC]( 2832): Event buffer size (server): 8192
12-07 17:41:54.432 I/RipcServerMgr [RUNTIMEIPC]( 2832): HandleClientConnect SUCCESS: Client: com.example.moonlight_spatialsdk:com.example.moonlight_spatialsdk:2252:, Server: com.oculus.systemdriver:com.oculus.vrruntimeservice (HapticsServer)
12-07 17:41:54.432 I/RipcClient [RUNTIMEIPC]( 2252): Event buffer size (client): 8192
12-07 17:41:54.432 I/Codec2Client( 2252): Available Codec2 services: "default" "default9" "dolby" "software"
12-07 17:41:54.432 I/RipcClient [RUNTIMEIPC]( 2252): TryToGetIPCResourcesFromServer: RPC_CONNECTOR_CONNECT_TO_SERVER SUCCESS: Client: com.example.moonlight_spatialsdk:com.example.moonlight_spatialsdk:2252, Server: com.oculus.systemdriver:com.oculus.vrruntimeservice:0 (HapticsServer), Version: 81, Platform: Android, Build Date: Dec  2 2025, Build Time: 09:26:03, BuildMode: shared
12-07 17:41:54.432 W/REFLECT [RUNTIMEIPC]( 2832): Disabling all permissions (ONLY USE IN TESTS): 4219088599:com.example.moonlight_spatialsdk/com.example.moonlight_spatialsdk (10176:2252), mask: 11111111111111111111111111111111
12-07 17:41:54.432 I/RipcClient [RUNTIMEIPC]( 2252): EnsureServerConnection: SUCCESS. Client: com.example.moonlight_spatialsdk:com.example.moonlight_spatialsdk:2252, Server: com.oculus.systemdriver:com.oculus.vrruntimeservice:0 (HapticsServer)
12-07 17:41:54.432 I/RipcClient [RUNTIMEIPC]( 2252): [RIPC_CONNECT_LOG] ConnectToServer: SUCCESS: Client: com.example.moonlight_spatialsdk:com.example.moonlight_spatialsdk:2252, Server: com.oculus.systemdriver:com.oculus.vrruntimeservice:0 (HapticsServer)
12-07 17:41:54.432 I/TREX    ( 2252): Loading EMGSDK Client Plugin
12-07 17:41:54.433 I/TREX    ( 2252): Created plugin package context for com.oculus.systemdriver
12-07 17:41:54.433 I/RuntimeIPCSystem [RUNTIMEIPC]( 2252): RuntimeIPCSystem: Init called: Version: 81, Platform: Android, Build Date: Dec  2 2025, Build Time: 09:26:03, BuildMode: shared
12-07 17:41:54.433 D/TelemetryService( 1126): PathwayGuard: from OSSDK/NDK is not allowed to send oculus_trex_plugin_load_succeeded; dropping; Please use the Statsd approach https://www.internalfb.com/intern/wiki/HzOS_Systems/HzOS_Systems_Performance_and_Reliability/VROS_System_Insights/VROS_Telemetry/XFN/Statsd/
12-07 17:41:54.434 D/TelemetryService( 1126): Reported oculus_telemetry_blocked_ossdk_events breach event
12-07 17:41:54.434 I/RuntimeIpcHelperService( 1971): Going to start ComponentInfo{com.oculus.systemdriver/com.oculus.vrruntimeservice.VrRuntimeService} as foreground, Calling uid: 10176 pid: 2252
12-07 17:41:54.435 E/TrackedObjectManager( 2832): Failed to connect to TrackedObjectService with error Status(-129, EX_TRANSACTION_FAILED): 'DEAD_OBJECT: '
12-07 17:41:54.435 W/OSDynamicObjectDataQuerier( 2832): Attempted to start tracking objects when tracker was already started
12-07 17:41:54.435 E/TrackedObjectManager( 2832): Failed to connect to TrackedObjectService with error Status(-129, EX_TRANSACTION_FAILED): 'DEAD_OBJECT: '
12-07 17:41:54.435 E/TrackedObjectManager( 2832): Failed to start tracking keyboard object with error Status(-129, EX_TRANSACTION_FAILED): 'DEAD_OBJECT: '
12-07 17:41:54.435 I/CCodec  ( 2252): setting up 'default' as default (vendor) store
12-07 17:41:54.435 I/CCodec  ( 2252): setting up 'default' as default (vendor) store
12-07 17:41:54.436 I/RuntimeIpcHelperService( 1971): Going to start ComponentInfo{com.oculus.systemdriver/com.oculus.vrruntimeservice.VrRuntimeService} as foreground, Calling uid: 10176 pid: 2252
12-07 17:41:54.438 I/RipcServerClientHandler [RUNTIMEIPC]( 2832): Event buffer size (server): 8192
12-07 17:41:54.439 I/RipcServerMgr [RUNTIMEIPC]( 2832): HandleClientConnect SUCCESS: Client: com.example.moonlight_spatialsdk:com.example.moonlight_spatialsdk:2252:, Server: com.oculus.systemdriver:com.oculus.vrruntimeservice (HandInputDataServer)
12-07 17:41:54.439 I/RipcClient [RUNTIMEIPC]( 2252): Event buffer size (client): 8192
12-07 17:41:54.439 I/RipcClient [RUNTIMEIPC]( 2252): TryToGetIPCResourcesFromServer: RPC_CONNECTOR_CONNECT_TO_SERVER SUCCESS: Client: com.example.moonlight_spatialsdk:com.example.moonlight_spatialsdk:2252, Server: com.oculus.systemdriver:com.oculus.vrruntimeservice:0 (HandInputDataServer), Version: 81, Platform: Android, Build Date: Dec  2 2025, Build Time: 09:26:03, BuildMode: shared
12-07 17:41:54.439 I/RipcClient [RUNTIMEIPC]( 2252): EnsureServerConnection: SUCCESS. Client: com.example.moonlight_spatialsdk:com.example.moonlight_spatialsdk:2252, Server: com.oculus.systemdriver:com.oculus.vrruntimeservice:0 (HandInputDataServer)
12-07 17:41:54.439 I/RipcClient [RUNTIMEIPC]( 2252): [RIPC_CONNECT_LOG] ConnectToServer: SUCCESS: Client: com.example.moonlight_spatialsdk:com.example.moonlight_spatialsdk:2252, Server: com.oculus.systemdriver:com.oculus.vrruntimeservice:0 (HandInputDataServer)
12-07 17:41:54.439 W/REFLECT [RUNTIMEIPC]( 2832): Disabling all permissions (ONLY USE IN TESTS): 4219088599:com.example.moonlight_spatialsdk/com.example.moonlight_spatialsdk (10176:2252), mask: 11111111111111111111111111111111
12-07 17:41:54.439 I/TrexHandInputDataServerPlugin( 2832): HandInputDataServerRIPC: onClientConnected. 4219088599 name: com.example.moonlight_spatialsdk  process: com.example.moonlight_spatialsdk:2252
12-07 17:41:54.440 I/CCodec  ( 2252): Created component [c2.android.raw.decoder]
12-07 17:41:54.440 I/CCodec  ( 2252): Created component [c2.android.raw.decoder]
12-07 17:41:54.440 D/CCodecConfig( 2252): read media type: audio/raw
12-07 17:41:54.440 D/CCodecConfig( 2252): read media type: audio/raw
12-07 17:41:54.441 D/ReflectedParamUpdater( 2252): extent() != 1 for single value type: algo.buffers.max-count.values
12-07 17:41:54.441 D/ReflectedParamUpdater( 2252): extent() != 1 for single value type: algo.buffers.max-count.values
12-07 17:41:54.441 D/ReflectedParamUpdater( 2252): extent() != 1 for single value type: output.subscribed-indices.values
12-07 17:41:54.441 D/ReflectedParamUpdater( 2252): extent() != 1 for single value type: output.subscribed-indices.values
12-07 17:41:54.441 D/ReflectedParamUpdater( 2252): extent() != 1 for single value type: input.buffers.allocator-ids.values
12-07 17:41:54.441 D/ReflectedParamUpdater( 2252): extent() != 1 for single value type: input.buffers.allocator-ids.values
12-07 17:41:54.441 D/ReflectedParamUpdater( 2252): extent() != 1 for single value type: output.buffers.allocator-ids.values
12-07 17:41:54.441 D/ReflectedParamUpdater( 2252): extent() != 1 for single value type: output.buffers.allocator-ids.values
12-07 17:41:54.441 D/ReflectedParamUpdater( 2252): extent() != 1 for single value type: algo.buffers.allocator-ids.values
12-07 17:41:54.441 D/ReflectedParamUpdater( 2252): extent() != 1 for single value type: output.buffers.pool-ids.values
12-07 17:41:54.441 D/ReflectedParamUpdater( 2252): extent() != 1 for single value type: algo.buffers.allocator-ids.values
12-07 17:41:54.441 D/ReflectedParamUpdater( 2252): extent() != 1 for single value type: algo.buffers.pool-ids.values
12-07 17:41:54.441 D/ReflectedParamUpdater( 2252): extent() != 1 for single value type: output.buffers.pool-ids.values
12-07 17:41:54.442 D/ReflectedParamUpdater( 2252): extent() != 1 for single value type: algo.buffers.pool-ids.values
12-07 17:41:54.442 I/CCodecConfig( 2252): query failed after returning 8 values (BAD_INDEX)
12-07 17:41:54.442 I/CCodecConfig( 2252): query failed after returning 8 values (BAD_INDEX)
12-07 17:41:54.442 D/CCodecConfig( 2252): c2 config diff is Dict {
12-07 17:41:54.442 D/CCodecConfig( 2252):   c2::u32 coded.bitrate.value = 64000
12-07 17:41:54.442 D/CCodecConfig( 2252):   c2::u32 input.buffers.max-size.value = 65536
12-07 17:41:54.442 D/CCodecConfig( 2252):   c2::u32 input.delay.value = 0
12-07 17:41:54.442 D/CCodecConfig( 2252):   string input.media-type.value = "audio/raw"
12-07 17:41:54.442 D/CCodecConfig( 2252):   string output.media-type.value = "audio/raw"
12-07 17:41:54.442 D/CCodecConfig( 2252):   c2::u32 raw.channel-count.value = 2
12-07 17:41:54.442 D/CCodecConfig( 2252):   c2::u32 raw.pcm-encoding.value = 0
12-07 17:41:54.442 D/CCodecConfig( 2252):   c2::u32 raw.sample-rate.value = 44100
12-07 17:41:54.442 D/CCodecConfig( 2252): }
12-07 17:41:54.442 D/CCodecConfig( 2252): c2 config diff is Dict {
12-07 17:41:54.442 D/CCodecConfig( 2252):   c2::u32 coded.bitrate.value = 64000
12-07 17:41:54.442 D/CCodecConfig( 2252):   c2::u32 input.buffers.max-size.value = 65536
12-07 17:41:54.442 D/CCodecConfig( 2252):   c2::u32 input.delay.value = 0
12-07 17:41:54.442 D/CCodecConfig( 2252):   string input.media-type.value = "audio/raw"
12-07 17:41:54.442 D/CCodecConfig( 2252):   string output.media-type.value = "audio/raw"
12-07 17:41:54.442 D/CCodecConfig( 2252):   c2::u32 raw.channel-count.value = 2
12-07 17:41:54.442 D/CCodecConfig( 2252):   c2::u32 raw.pcm-encoding.value = 0
12-07 17:41:54.442 D/CCodecConfig( 2252):   c2::u32 raw.sample-rate.value = 44100
12-07 17:41:54.442 D/CCodecConfig( 2252): }
12-07 17:41:54.443 D/MediaCodec( 2252): flushMediametrics
12-07 17:41:54.443 D/CCodec  ( 2252): [c2.android.raw.decoder] buffers are bound to CCodec for this session
12-07 17:41:54.443 D/CCodecConfig( 2252): no c2 equivalents for durationUs
12-07 17:41:54.443 D/CCodecConfig( 2252): no c2 equivalents for track-id
12-07 17:41:54.443 D/CCodecConfig( 2252): no c2 equivalents for bits-per-sample
12-07 17:41:54.443 D/CCodecConfig( 2252): no c2 equivalents for flags
12-07 17:41:54.443 D/MediaCodec( 2252): flushMediametrics
12-07 17:41:54.443 D/CCodec  ( 2252): [c2.android.raw.decoder] buffers are bound to CCodec for this session
12-07 17:41:54.443 D/CCodecConfig( 2252): no c2 equivalents for durationUs
12-07 17:41:54.443 D/CCodecConfig( 2252): no c2 equivalents for track-id
12-07 17:41:54.443 D/CCodecConfig( 2252): no c2 equivalents for bits-per-sample
12-07 17:41:54.443 D/CCodecConfig( 2252): no c2 equivalents for flags
12-07 17:41:54.444 D/CCodecConfig( 2252): c2 config diff is   c2::u32 raw.channel-count.value = 1
12-07 17:41:54.444 D/CCodecConfig( 2252):   c2::u32 raw.sample-rate.value = 48000
12-07 17:41:54.444 D/CCodecConfig( 2252): c2 config diff is   c2::u32 raw.channel-count.value = 1
12-07 17:41:54.444 D/CCodecConfig( 2252):   c2::u32 raw.sample-rate.value = 48000
12-07 17:41:54.444 W/Codec2Client( 2252): query -- param skipped: index = 1107298332.
12-07 17:41:54.444 D/CCodec  ( 2252): encoding statistics level = 0
12-07 17:41:54.444 D/CCodec  ( 2252): setup formats input: AMessage(what = 0x00000000) = {
12-07 17:41:54.444 D/CCodec  ( 2252):   int32_t android._codec-pcm-encoding = 2
12-07 17:41:54.444 D/CCodec  ( 2252):   int32_t bitrate = 64000
12-07 17:41:54.444 D/CCodec  ( 2252):   int32_t channel-count = 1
12-07 17:41:54.444 D/CCodec  ( 2252):   int32_t max-input-size = 65536
12-07 17:41:54.444 D/CCodec  ( 2252):   string mime = "audio/raw"
12-07 17:41:54.444 D/CCodec  ( 2252):   int32_t pcm-encoding = 2
12-07 17:41:54.444 D/CCodec  ( 2252):   int32_t sample-rate = 48000
12-07 17:41:54.444 D/CCodec  ( 2252): }
12-07 17:41:54.444 D/CCodec  ( 2252): setup formats output: AMessage(what = 0x00000000) = {
12-07 17:41:54.444 D/CCodec  ( 2252):   int32_t android._codec-pcm-encoding = 2
12-07 17:41:54.444 D/CCodec  ( 2252):   int32_t channel-count = 1
12-07 17:41:54.444 D/CCodec  ( 2252):   string mime = "audio/raw"
12-07 17:41:54.444 D/CCodec  ( 2252):   int32_t pcm-encoding = 2
12-07 17:41:54.444 D/CCodec  ( 2252):   int32_t sample-rate = 48000
12-07 17:41:54.444 D/CCodec  ( 2252):   int32_t channel-mask = 0
12-07 17:41:54.444 D/CCodec  ( 2252):   int32_t android._config-pcm-encoding = 2
12-07 17:41:54.444 D/CCodec  ( 2252): }
12-07 17:41:54.444 W/Codec2Client( 2252): query -- param skipped: index = 1107298332.
12-07 17:41:54.444 D/CCodec  ( 2252): encoding statistics level = 0
12-07 17:41:54.444 D/CCodec  ( 2252): setup formats input: AMessage(what = 0x00000000) = {
12-07 17:41:54.444 D/CCodec  ( 2252):   int32_t android._codec-pcm-encoding = 2
12-07 17:41:54.444 D/CCodec  ( 2252):   int32_t bitrate = 64000
12-07 17:41:54.444 D/CCodec  ( 2252):   int32_t channel-count = 1
12-07 17:41:54.444 D/CCodec  ( 2252):   int32_t max-input-size = 65536
12-07 17:41:54.444 D/CCodec  ( 2252):   string mime = "audio/raw"
12-07 17:41:54.444 D/CCodec  ( 2252):   int32_t pcm-encoding = 2
12-07 17:41:54.444 D/CCodec  ( 2252):   int32_t sample-rate = 48000
12-07 17:41:54.444 D/CCodec  ( 2252): }
12-07 17:41:54.444 D/CCodec  ( 2252): setup formats output: AMessage(what = 0x00000000) = {
12-07 17:41:54.444 D/CCodec  ( 2252):   int32_t android._codec-pcm-encoding = 2
12-07 17:41:54.444 D/CCodec  ( 2252):   int32_t channel-count = 1
12-07 17:41:54.444 D/CCodec  ( 2252):   string mime = "audio/raw"
12-07 17:41:54.444 D/CCodec  ( 2252):   int32_t pcm-encoding = 2
12-07 17:41:54.444 D/CCodec  ( 2252):   int32_t sample-rate = 48000
12-07 17:41:54.444 D/CCodec  ( 2252):   int32_t channel-mask = 0
12-07 17:41:54.444 D/CCodec  ( 2252):   int32_t android._config-pcm-encoding = 2
12-07 17:41:54.444 D/CCodec  ( 2252): }
12-07 17:41:54.444 I/CCodecConfig( 2252): query failed after returning 8 values (BAD_INDEX)
12-07 17:41:54.444 I/CCodecConfig( 2252): query failed after returning 8 values (BAD_INDEX)
12-07 17:41:54.444 W/Codec2Client( 2252): query -- param skipped: index = 1342179345.
12-07 17:41:54.444 W/Codec2Client( 2252): query -- param skipped: index = 2415921170.
12-07 17:41:54.444 W/Codec2Client( 2252): query -- param skipped: index = 1342179345.
12-07 17:41:54.444 W/Codec2Client( 2252): query -- param skipped: index = 2415921170.
12-07 17:41:54.444 D/TelemetryService( 1126): PathwayGuard: from OSSDK/NDK is not allowed to send oculus_trex_plugin_load_succeeded; dropping; Please use the Statsd approach https://www.internalfb.com/intern/wiki/HzOS_Systems/HzOS_Systems_Performance_and_Reliability/VROS_System_Insights/VROS_Telemetry/XFN/Statsd/
12-07 17:41:54.444 D/TelemetryService( 1126): Reported oculus_telemetry_blocked_ossdk_events breach event
12-07 17:41:54.444 D/C2Store ( 2252): debug.c2.use_dmabufheaps set, forcing DMABUF Heaps
12-07 17:41:54.444 D/C2Store ( 2252): Using DMABUF Heaps
12-07 17:41:54.445 I/TREX    ( 2252): Created plugin package context for com.oculus.systemdriver
12-07 17:41:54.445 D/CCodecBufferChannel( 2252): [c2.android.raw.decoder#25] Created input block pool with allocatorID 16 => poolID 17 - OK (0)
12-07 17:41:54.445 I/RuntimeIPCSystem [RUNTIMEIPC]( 2252): RuntimeIPCSystem: Init called: Version: 81, Platform: Android, Build Date: Dec  2 2025, Build Time: 09:26:03, BuildMode: shared
12-07 17:41:54.445 D/CCodecBufferChannel( 2252): [c2.android.raw.decoder#662] Created input block pool with allocatorID 16 => poolID 18 - OK (0)
12-07 17:41:54.446 I/RuntimeIpcHelperService( 1971): Going to start ComponentInfo{com.oculus.systemdriver/com.oculus.vrruntimeservice.VrRuntimeService} as foreground, Calling uid: 10176 pid: 2252
12-07 17:41:54.446 D/BufferPoolAccessor2.0( 1111): bufferpool2 0xb40000737d47a028 : 0(0 size) total buffers - 0(0 size) used buffers - 11/19 (recycle/alloc) - 8/30 (fetch/transfer)
12-07 17:41:54.446 D/BufferPoolAccessor2.0( 1111): Destruction - bufferpool2 0xb40000737d47a028 cached: 0/0M, 0/0% in use; allocs: 19, 58% recycled; transfers: 30, 73% unfetched
12-07 17:41:54.446 I/CCodecBufferChannel( 2252): [c2.android.raw.decoder#25] Created output block pool with allocatorID 16 => poolID 758 - OK
12-07 17:41:54.446 D/CCodecBufferChannel( 2252): [c2.android.raw.decoder#25] Configured output block pool ids 758 => OK
12-07 17:41:54.446 E/TrackedObjectManager( 2832): Failed to connect to TrackedObjectService with error Status(-129, EX_TRANSACTION_FAILED): 'DEAD_OBJECT: '
12-07 17:41:54.446 W/OSDynamicObjectDataQuerier( 2832): Attempted to start tracking objects when tracker was already started
12-07 17:41:54.446 E/TrackedObjectManager( 2832): Failed to connect to TrackedObjectService with error Status(-129, EX_TRANSACTION_FAILED): 'DEAD_OBJECT: '
12-07 17:41:54.446 E/TrackedObjectManager( 2832): Failed to start tracking keyboard object with error Status(-129, EX_TRANSACTION_FAILED): 'DEAD_OBJECT: '
12-07 17:41:54.446 I/CCodecBufferChannel( 2252): [c2.android.raw.decoder#662] Created output block pool with allocatorID 16 => poolID 759 - OK
12-07 17:41:54.446 D/CCodecBufferChannel( 2252): [c2.android.raw.decoder#662] Configured output block pool ids 759 => OK
12-07 17:41:54.446 I/QC2CompStore(  866): Setting heap usage to system
12-07 17:41:54.447 I/DMABUFHEAPS( 2252): Using DMA-BUF heap named: system
12-07 17:41:54.447 D/SimpleC2Component( 1132): Using output block pool with poolID 759 => got 759 - 0
12-07 17:41:54.448 D/SimpleC2Component( 1132): Using output block pool with poolID 758 => got 758 - 0
12-07 17:41:54.449 D/MediaBufferGroup( 1110): creating MemoryDealer
12-07 17:41:54.449 D/MediaBufferGroup( 1110): creating MemoryDealer
12-07 17:41:54.449 I/RuntimeIpcHelperService( 1971): Going to start ComponentInfo{com.oculus.systemdriver/com.oculus.vrruntimeservice.VrRuntimeService} as foreground, Calling uid: 10176 pid: 2252
12-07 17:41:54.452 I/RipcServerClientHandler [RUNTIMEIPC]( 2832): Event buffer size (server): 8192
12-07 17:41:54.453 D/CCodecBufferChannel( 2252): [c2.android.raw.decoder#662] MediaCodec discarded an unknown buffer
12-07 17:41:54.453 D/CCodecBufferChannel( 2252): [c2.android.raw.decoder#662] MediaCodec discarded an unknown buffer
12-07 17:41:54.453 D/CCodecBufferChannel( 2252): [c2.android.raw.decoder#25] MediaCodec discarded an unknown buffer
12-07 17:41:54.453 D/CCodecBufferChannel( 2252): [c2.android.raw.decoder#25] MediaCodec discarded an unknown buffer
12-07 17:41:54.453 I/RipcServerMgr [RUNTIMEIPC]( 2832): HandleClientConnect SUCCESS: Client: com.example.moonlight_spatialsdk:com.example.moonlight_spatialsdk:2252:, Server: com.oculus.systemdriver:com.oculus.vrruntimeservice (ControllerIPCServer)
12-07 17:41:54.453 I/RipcClient [RUNTIMEIPC]( 2252): Event buffer size (client): 8192
12-07 17:41:54.453 I/RipcClient [RUNTIMEIPC]( 2252): TryToGetIPCResourcesFromServer: RPC_CONNECTOR_CONNECT_TO_SERVER SUCCESS: Client: com.example.moonlight_spatialsdk:com.example.moonlight_spatialsdk:2252, Server: com.oculus.systemdriver:com.oculus.vrruntimeservice:0 (ControllerIPCServer), Version: 81, Platform: Android, Build Date: Dec  2 2025, Build Time: 09:26:03, BuildMode: shared
12-07 17:41:54.453 I/hw-BpHwBinder( 2252): onLastStrongRef automatically unlinking death recipients
12-07 17:41:54.454 I/hw-BpHwBinder( 1132): onLastStrongRef automatically unlinking death recipients
12-07 17:41:54.454 I/RipcClient [RUNTIMEIPC]( 2252): EnsureServerConnection: SUCCESS. Client: com.example.moonlight_spatialsdk:com.example.moonlight_spatialsdk:2252, Server: com.oculus.systemdriver:com.oculus.vrruntimeservice:0 (ControllerIPCServer)
12-07 17:41:54.454 I/RipcClient [RUNTIMEIPC]( 2252): [RIPC_CONNECT_LOG] ConnectToServer: SUCCESS: Client: com.example.moonlight_spatialsdk:com.example.moonlight_spatialsdk:2252, Server: com.oculus.systemdriver:com.oculus.vrruntimeservice:0 (ControllerIPCServer)
12-07 17:41:54.454 D/MediaCodec( 2252): flushMediametrics
12-07 17:41:54.454 D/MediaCodec( 2252): updateMediametrics(0xb400007d85f1f800) ttff: 21ms, ttff_os: 18ms, init: 12ms ,configure: 0ms, start: 5ms, decode: 1ms, rendering: -1ms
12-07 17:41:54.454 D/BufferPoolAccessor2.0( 1132): Destruction - bufferpool2 0xb4000079996acc28 cached: 0/0M, 0/0% in use; allocs: 0, 0% recycled; transfers: 0, 0% unfetched
12-07 17:41:54.454 W/REFLECT [RUNTIMEIPC]( 2832): Disabling all permissions (ONLY USE IN TESTS): 4219088599:com.example.moonlight_spatialsdk/com.example.moonlight_spatialsdk (10176:2252), mask: 11111111111111111111111111111111
12-07 17:41:54.454 I/TrexControllerServerPlugin( 2832): ControllerIPCServer: onClientConnected. 4219088599 name: com.example.moonlight_spatialsdk  process: com.example.moonlight_spatialsdk:2252
12-07 17:41:54.454 D/BufferPoolAccessor2.0( 1132): Destruction - bufferpool2 0xb400007999655e28 cached: 0/0M, 0/0% in use; allocs: 0, 0% recycled; transfers: 0, 0% unfetched
12-07 17:41:54.454 D/MediaCodec( 2252): flushMediametrics
