--------- beginning of kernel
12-07 18:39:33.083 I/servicemanager(    0): Notifying artd they don't (previously: do) have clients when we now have no record of a client
12-07 18:39:33.083 I/servicemanager(    0): Unregistering artd
12-07 18:39:33.083 I/BpBinder(    0): onLastStrongRef automatically unlinking death recipients:
12-07 18:39:33.085 I/init    (    0): Service 'artd' (pid 13098) exited with status 0 oneshot service took 3.611000 seconds in background
12-07 18:39:33.085 I/init    (    0): Sending signal 9 to service 'artd' (pid 13098) process group...
12-07 18:39:33.085 I/libprocessgroup(    0): Successfully killed process cgroup uid 1082 pid 13098 in 0ms
12-07 18:39:33.085 I/init    (    0): waitpid(13098) returned 13098
--------- beginning of tracking
12-07 18:39:34.016 I/SyncBossHAL( 9363): [info   ] syncboss_hal_powerstate.c(54): Reporting powerstate event: PROX_ON
12-07 18:39:34.016 D/SensorService( 9363): Received Powerstate PROX_ON
12-07 18:39:34.016 I/SyncBossFW(  879): 4034103 [info   ] {PROX}: Prox state: 1
--------- beginning of system
12-07 18:39:34.017 I/PowerGroup( 1971): Waking up power group from Asleep (groupId=0, uid=1000, reason=WAKE_REASON_UNKNOWN, details=VrPwMng:leave-standby)...
12-07 18:39:34.017 I/PowerManagerService( 1971): Waking up from Asleep (uid=1000, reason=WAKE_REASON_UNKNOWN, details=VrPwMng:leave-standby)...
12-07 18:39:34.017 E/ActivityManager( 1971): Cancel pending or running compactions as system is awake
12-07 18:39:34.018 I/DisplayPowerController2[0]( 1971): Blocking screen on until initial contents have been drawn.
12-07 18:39:34.018 D/ActivityTaskManager( 1971): Top Process State changed to PROCESS_STATE_TOP
12-07 18:39:34.019 E/SensorClientUtils( 9367): Unknown power state received from VRPM: 5
12-07 18:39:34.019 E/ActivityTaskManager( 1971): setVisibility=true while transition is not collecting or finishing ActivityRecord{224fcee u0 com.oculus.vrshell/.HomeActivity t2465} caller=com.android.server.wm.ActivityRecord.setVisibility:5376 com.android.server.wm.ActivityRecord.makeVisibleIfNeeded:6132 com.android.server.wm.EnsureActivitiesVisibleHelper.setActivityVisibilityState:214 com.android.server.wm.EnsureActivitiesVisibleHelper.process:144 com.android.server.wm.TaskFragment.updateActivityVisibilities:1171 com.android.server.wm.Task.lambda$ensureActivitiesVisible$21:4984 com.android.server.wm.Task.$r8$lambda$mpSM591f23-emlE2bMkzIqa7Pww:0 com.android.server.wm.Task$$ExternalSyntheticLambda26.accept:0 
12-07 18:39:34.020 E/ActivityTaskManager( 1971): setVisibility=true while transition is not collecting or finishing ActivityRecord{a765865 u0 com.oculus.vrshell/com.oculus.panelapp.controlbar.UnifiedControlBarActivity t2575} caller=com.android.server.wm.ActivityRecord.setVisibility:5376 com.android.server.wm.ActivityRecord.makeVisibleIfNeeded:6132 com.android.server.wm.EnsureActivitiesVisibleHelper.setActivityVisibilityState:214 com.android.server.wm.EnsureActivitiesVisibleHelper.process:144 com.android.server.wm.TaskFragment.updateActivityVisibilities:1171 com.android.server.wm.Task.lambda$ensureActivitiesVisible$21:4984 com.android.server.wm.Task.$r8$lambda$mpSM591f23-emlE2bMkzIqa7Pww:0 com.android.server.wm.Task$$ExternalSyntheticLambda26.accept:0 
12-07 18:39:34.022 E/ActivityTaskManager( 1971): setVisibility=true while transition is not collecting or finishing ActivityRecord{3dfa583 u0 com.oculus.vrshell/com.oculus.panelapp.toasts.ToastsActivity t2469} caller=com.android.server.wm.ActivityRecord.setVisibility:5376 com.android.server.wm.ActivityRecord.makeVisibleIfNeeded:6132 com.android.server.wm.EnsureActivitiesVisibleHelper.setActivityVisibilityState:214 com.android.server.wm.EnsureActivitiesVisibleHelper.process:144 com.android.server.wm.TaskFragment.updateActivityVisibilities:1171 com.android.server.wm.Task.lambda$ensureActivitiesVisible$21:4984 com.android.server.wm.Task.$r8$lambda$mpSM591f23-emlE2bMkzIqa7Pww:0 com.android.server.wm.Task$$ExternalSyntheticLambda26.accept:0 
12-07 18:39:34.022 E/SensorClientUtils( 9339): Unknown power state received from VRPM: 5
12-07 18:39:34.023 W/ContextImpl( 3282): Calling a method in the system process without a qualified user: android.app.ContextImpl.bindService:1988 android.content.ContextWrapper.bindService:861 com.oculus.userserver.api.OculusUserManager.bindService:732 com.oculus.userserver.api.OculusUserManager.access$200:39 com.oculus.userserver.api.OculusUserManager$BlockingServiceConnection.connect:80 
12-07 18:39:34.023 E/ActivityTaskManager( 1971): setVisibility=true while transition is not collecting or finishing ActivityRecord{f2fd22e u0 com.oculus.vrshell/com.oculus.panelapp.displaybar.DisplayBarActivity t2471} caller=com.android.server.wm.ActivityRecord.setVisibility:5376 com.android.server.wm.ActivityRecord.makeVisibleIfNeeded:6132 com.android.server.wm.EnsureActivitiesVisibleHelper.setActivityVisibilityState:214 com.android.server.wm.EnsureActivitiesVisibleHelper.process:144 com.android.server.wm.TaskFragment.updateActivityVisibilities:1171 com.android.server.wm.Task.lambda$ensureActivitiesVisible$21:4984 com.android.server.wm.Task.$r8$lambda$mpSM591f23-emlE2bMkzIqa7Pww:0 com.android.server.wm.Task$$ExternalSyntheticLambda26.accept:0 
12-07 18:39:34.024 E/ActivityTaskManager( 1971): setVisibility=true while transition is not collecting or finishing ActivityRecord{5735996 u0 com.oculus.systemux/com.oculus.panelapp.activetaskbar.ActiveTaskBarActivity t2466} caller=com.android.server.wm.ActivityRecord.setVisibility:5376 com.android.server.wm.ActivityRecord.makeVisibleIfNeeded:6132 com.android.server.wm.EnsureActivitiesVisibleHelper.setActivityVisibilityState:214 com.android.server.wm.EnsureActivitiesVisibleHelper.process:144 com.android.server.wm.TaskFragment.updateActivityVisibilities:1171 com.android.server.wm.Task.lambda$ensureActivitiesVisible$21:4984 com.android.server.wm.Task.$r8$lambda$mpSM591f23-emlE2bMkzIqa7Pww:0 com.android.server.wm.Task$$ExternalSyntheticLambda26.accept:0 
12-07 18:39:34.026 E/ActivityTaskManager( 1971): setVisibility=true while transition is not collecting or finishing ActivityRecord{334e1de u0 com.oculus.vrshell/com.oculus.panelapp.bloom.BloomActivity t2470} caller=com.android.server.wm.ActivityRecord.setVisibility:5376 com.android.server.wm.ActivityRecord.makeVisibleIfNeeded:6132 com.android.server.wm.EnsureActivitiesVisibleHelper.setActivityVisibilityState:214 com.android.server.wm.EnsureActivitiesVisibleHelper.process:144 com.android.server.wm.TaskFragment.updateActivityVisibilities:1171 com.android.server.wm.Task.lambda$ensureActivitiesVisible$21:4984 com.android.server.wm.Task.$r8$lambda$mpSM591f23-emlE2bMkzIqa7Pww:0 com.android.server.wm.Task$$ExternalSyntheticLambda26.accept:0 
12-07 18:39:34.027 I/DisplayBrightnessStrategySelector( 1971): Changing the DisplayBrightnessStrategy from ScreenOffBrightnessStrategy toTemporaryBrightnessStrategy for display 0
12-07 18:39:34.027 V/DisplayPowerController2[0]( 1971): Brightness [0.49019608] reason changing to: 'temporary', previous reason: 'screen_off'.
12-07 18:39:34.027 I/DisplayPowerController2[0]( 1971): BrightnessEvent: disp=0, physDisp=local:4630946970282026130, brt=0.49019608, initBrt=0.0, rcmdBrt=NaN, preBrt=NaN, lux=0.0, preLux=0.0, hbmMax=1.0, hbmMode=off, rbcStrength=0, thrmMax=1.0, powerFactor=1.0, wasShortTermModelActive=false, flags=, reason=temporary, autoBrightness=false, strategy=TemporaryBrightnessStrategy
12-07 18:39:34.028 I/DisplayPowerController2[2]( 1971): Blocking screen on until initial contents have been drawn.
12-07 18:39:34.028 I/DisplayBrightnessStrategySelector( 1971): Changing the DisplayBrightnessStrategy from ScreenOffBrightnessStrategy toInvalidBrightnessStrategy for display 2
12-07 18:39:34.028 V/DisplayPowerController2[2]( 1971): Brightness [0.0] reason changing to: 'manual', previous reason: 'screen_off'.
12-07 18:39:34.028 I/DisplayPowerController2[2]( 1971): BrightnessEvent: disp=2, physDisp=virtual:android,1000,MirrorRoot for e4393e7a-5577-4bff-a71a-48da84d3f8a4,0, brt=0.0, initBrt=0.0, rcmdBrt=NaN, preBrt=NaN, lux=0.0, preLux=0.0, hbmMax=1.0, hbmMode=off, rbcStrength=-1, thrmMax=1.0, powerFactor=1.0, wasShortTermModelActive=false, flags=, reason=manual, autoBrightness=false, strategy=InvalidBrightnessStrategy
12-07 18:39:34.028 I/DisplayPowerController2[3]( 1971): Blocking screen on until initial contents have been drawn.
12-07 18:39:34.028 I/DisplayBrightnessStrategySelector( 1971): Changing the DisplayBrightnessStrategy from ScreenOffBrightnessStrategy toInvalidBrightnessStrategy for display 3
12-07 18:39:34.028 V/DisplayPowerController2[3]( 1971): Brightness [0.0] reason changing to: 'manual', previous reason: 'screen_off'.
12-07 18:39:34.028 I/DisplayPowerController2[3]( 1971): BrightnessEvent: disp=3, physDisp=virtual:android,1000,MirrorRoot for 63fe882e-4429-4fd1-9917-69c7f7b51c89,0, brt=0.0, initBrt=0.0, rcmdBrt=NaN, preBrt=NaN, lux=0.0, preLux=0.0, hbmMax=1.0, hbmMode=off, rbcStrength=-1, thrmMax=1.0, powerFactor=1.0, wasShortTermModelActive=false, flags=, reason=manual, autoBrightness=false, strategy=InvalidBrightnessStrategy
12-07 18:39:34.028 I/DisplayPowerController2[5]( 1971): Blocking screen on until initial contents have been drawn.
12-07 18:39:34.029 I/DisplayBrightnessStrategySelector( 1971): Changing the DisplayBrightnessStrategy from ScreenOffBrightnessStrategy toInvalidBrightnessStrategy for display 5
12-07 18:39:34.029 V/DisplayPowerController2[5]( 1971): Brightness [0.0] reason changing to: 'manual', previous reason: 'screen_off'.
12-07 18:39:34.029 I/DisplayPowerController2[5]( 1971): BrightnessEvent: disp=5, physDisp=virtual:android,1000,MirrorRoot for 847068b1-90d9-4580-b78f-e3071c88f73e,0, brt=0.0, initBrt=0.0, rcmdBrt=NaN, preBrt=NaN, lux=0.0, preLux=0.0, hbmMax=1.0, hbmMode=off, rbcStrength=-1, thrmMax=1.0, powerFactor=1.0, wasShortTermModelActive=false, flags=, reason=manual, autoBrightness=false, strategy=InvalidBrightnessStrategy
12-07 18:39:34.029 I/DisplayPowerController2[6]( 1971): Blocking screen on until initial contents have been drawn.
12-07 18:39:34.029 I/DisplayBrightnessStrategySelector( 1971): Changing the DisplayBrightnessStrategy from ScreenOffBrightnessStrategy toInvalidBrightnessStrategy for display 6
12-07 18:39:34.029 V/DisplayPowerController2[6]( 1971): Brightness [0.0] reason changing to: 'manual', previous reason: 'screen_off'.
12-07 18:39:34.029 I/DisplayPowerController2[6]( 1971): BrightnessEvent: disp=6, physDisp=virtual:android,1000,MirrorRoot for 554da8b2-df3a-4057-9260-2365d3e188ed,0, brt=0.0, initBrt=0.0, rcmdBrt=NaN, preBrt=NaN, lux=0.0, preLux=0.0, hbmMax=1.0, hbmMode=off, rbcStrength=-1, thrmMax=1.0, powerFactor=1.0, wasShortTermModelActive=false, flags=, reason=manual, autoBrightness=false, strategy=InvalidBrightnessStrategy
12-07 18:39:34.029 I/DisplayPowerController2[9]( 1971): Blocking screen on until initial contents have been drawn.
12-07 18:39:34.030 I/DisplayBrightnessStrategySelector( 1971): Changing the DisplayBrightnessStrategy from ScreenOffBrightnessStrategy toInvalidBrightnessStrategy for display 9
12-07 18:39:34.030 V/DisplayPowerController2[9]( 1971): Brightness [0.0] reason changing to: 'manual', previous reason: 'screen_off'.
12-07 18:39:34.030 I/DisplayPowerController2[9]( 1971): BrightnessEvent: disp=9, physDisp=virtual:android,1000,MirrorRoot for efab378f-d430-453e-9e9a-9f58c3efb41b,0, brt=0.0, initBrt=0.0, rcmdBrt=NaN, preBrt=NaN, lux=0.0, preLux=0.0, hbmMax=1.0, hbmMode=off, rbcStrength=-1, thrmMax=1.0, powerFactor=1.0, wasShortTermModelActive=false, flags=, reason=manual, autoBrightness=false, strategy=InvalidBrightnessStrategy
12-07 18:39:34.030 I/DisplayPowerController2[11]( 1971): Blocking screen on until initial contents have been drawn.
12-07 18:39:34.030 I/DisplayBrightnessStrategySelector( 1971): Changing the DisplayBrightnessStrategy from ScreenOffBrightnessStrategy toInvalidBrightnessStrategy for display 11
12-07 18:39:34.030 V/DisplayPowerController2[11]( 1971): Brightness [0.0] reason changing to: 'manual', previous reason: 'screen_off'.
12-07 18:39:34.030 I/DisplayPowerController2[11]( 1971): BrightnessEvent: disp=11, physDisp=virtual:android,1000,MirrorRoot for 79fe7f8c-5222-497d-a237-9d9502b5710a,0, brt=0.0, initBrt=0.0, rcmdBrt=NaN, preBrt=NaN, lux=0.0, preLux=0.0, hbmMax=1.0, hbmMode=off, rbcStrength=-1, thrmMax=1.0, powerFactor=1.0, wasShortTermModelActive=false, flags=, reason=manual, autoBrightness=false, strategy=InvalidBrightnessStrategy
12-07 18:39:34.030 I/DisplayPowerController2[12]( 1971): Blocking screen on until initial contents have been drawn.
12-07 18:39:34.030 I/DisplayBrightnessStrategySelector( 1971): Changing the DisplayBrightnessStrategy from ScreenOffBrightnessStrategy toInvalidBrightnessStrategy for display 12
12-07 18:39:34.031 V/DisplayPowerController2[12]( 1971): Brightness [0.0] reason changing to: 'manual', previous reason: 'screen_off'.
12-07 18:39:34.031 I/DisplayPowerController2[12]( 1971): BrightnessEvent: disp=12, physDisp=virtual:android,1000,MirrorRoot for 883a999f-5853-4b1f-bd01-cc8aa07ee944,0, brt=0.0, initBrt=0.0, rcmdBrt=NaN, preBrt=NaN, lux=0.0, preLux=0.0, hbmMax=1.0, hbmMode=off, rbcStrength=-1, thrmMax=1.0, powerFactor=1.0, wasShortTermModelActive=false, flags=, reason=manual, autoBrightness=false, strategy=InvalidBrightnessStrategy
12-07 18:39:34.031 I/DisplayPowerController2[104]( 1971): Blocking screen on until initial contents have been drawn.
12-07 18:39:34.031 I/DisplayBrightnessStrategySelector( 1971): Changing the DisplayBrightnessStrategy from ScreenOffBrightnessStrategy toInvalidBrightnessStrategy for display 104
12-07 18:39:34.031 V/DisplayPowerController2[104]( 1971): Brightness [0.0] reason changing to: 'manual', previous reason: 'screen_off'.
12-07 18:39:34.031 I/DisplayPowerController2[104]( 1971): BrightnessEvent: disp=104, physDisp=virtual:android,1000,MirrorRoot for f28a0a90-101b-49f2-9e77-80a860b7197b,0, brt=0.0, initBrt=0.0, rcmdBrt=NaN, preBrt=NaN, lux=0.0, preLux=0.0, hbmMax=1.0, hbmMode=off, rbcStrength=-1, thrmMax=1.0, powerFactor=1.0, wasShortTermModelActive=false, flags=, reason=manual, autoBrightness=false, strategy=InvalidBrightnessStrategy
12-07 18:39:34.031 I/DisplayPowerController2[237]( 1971): Blocking screen on until initial contents have been drawn.
12-07 18:39:34.031 I/DisplayBrightnessStrategySelector( 1971): Changing the DisplayBrightnessStrategy from ScreenOffBrightnessStrategy toInvalidBrightnessStrategy for display 237
12-07 18:39:34.031 V/DisplayPowerController2[237]( 1971): Brightness [0.0] reason changing to: 'manual', previous reason: 'screen_off'.
12-07 18:39:34.032 I/DisplayPowerController2[237]( 1971): BrightnessEvent: disp=237, physDisp=virtual:android,1000,MirrorRoot for c6f66c87-7856-4356-9a76-41fdd287daf2,0, brt=0.0, initBrt=0.0, rcmdBrt=NaN, preBrt=NaN, lux=0.0, preLux=0.0, hbmMax=1.0, hbmMode=off, rbcStrength=-1, thrmMax=1.0, powerFactor=1.0, wasShortTermModelActive=false, flags=, reason=manual, autoBrightness=false, strategy=InvalidBrightnessStrategy
12-07 18:39:34.032 I/DisplayPowerController2[2]( 1971): Unblocked screen on after 3 ms
12-07 18:39:34.032 I/DisplayPowerController2[3]( 1971): Unblocked screen on after 4 ms
12-07 18:39:34.032 I/DisplayPowerController2[0]( 1971): Unblocked screen on after 14 ms
12-07 18:39:34.032 I/DisplayPowerController2[5]( 1971): Unblocked screen on after 4 ms
12-07 18:39:34.032 I/DisplayPowerController2[6]( 1971): Unblocked screen on after 3 ms
12-07 18:39:34.032 I/DisplayPowerController2[9]( 1971): Unblocked screen on after 3 ms
12-07 18:39:34.032 I/DisplayPowerController2[11]( 1971): Unblocked screen on after 2 ms
12-07 18:39:34.032 I/DisplayPowerController2[12]( 1971): Unblocked screen on after 2 ms
12-07 18:39:34.032 I/DisplayPowerController2[104]( 1971): Unblocked screen on after 1 ms
12-07 18:39:34.032 I/DisplayPowerController2[237]( 1971): Unblocked screen on after 1 ms
12-07 18:39:33.996 I/[drm:dsi_display_set_mode [msm_drm]] [msm-dsi-info](    0): mdp_transfer_time=0, hactive=4128, vactive=2208, fps=90, clk_rate=0
12-07 18:39:33.996 I/[drm:dsi_ctrl_isr_configure [msm_drm]] [msm-dsi-info](    0): dsi-ctrl-0: IRQ 438 registered
12-07 18:39:33.996 I/[drm:dsi_ctrl_isr_configure [msm_drm]] [msm-dsi-info](    0): dsi-ctrl-1: IRQ 439 registered
12-07 18:39:34.039 I/ActivityManager( 1971): updateOomAdj start time is before than pendingPid added, don't delete it
12-07 18:39:34.039 I/ActivityManager( 1971): updateOomAdj start time is before than pendingPid added, don't delete it
12-07 18:39:34.039 D/VolumetricContentMonitor( 1971): handleActivityResumed: update current immersive task: TaskInfo{userId=0 taskId=2 displayId=0 isRunning=true baseIntent=Intent {  } baseActivity=ComponentInfo{com.oculus.vrshell/com.oculus.vrshell.HomeActivity} topActivity=ComponentInfo{com.oculus.vrshell/com.oculus.vrshell.HomeActivity} origActivity=null realActivity=null numActivities=1 numActivitiesPerUser={0=1} lastActiveTime=38277 supportsMultiWindow=true resizeMode=0 isResizeable=true minWidth=-1 minHeight=-1 defaultMinSize=1 token=WCT{RemoteToken{5f731a0 Task{a438a27 #2 type=home}}} topActivityType=2 pictureInPictureParams=null shouldDockBigOverlays=false launchIntoPipHostTaskId=-1 lastParentTaskIdBeforePip=-1 displayCutoutSafeInsets=null topActivityInfo=ActivityInfo{159b33 com.oculus.vrshell.HomeActivity} launchCookies=[] telemetryLaunchIds=[] positionInParent=Point(0, 0) parentTaskId=-1 isFocused=true isVisible=true isVisibleRequested=true isSleeping=false topActivityInSizeCompat=false topActivityEligibleForLetterboxEducation= false topActivityLetterboxed= false isFromDoubleTap= false topActivityLetterboxVerticalPosition= -1 topActivityLetterboxHorizontalPosition= -1 topActivityLetterboxWidth=-1 topActivityLetterboxHeight=-1 locusId=null displayAreaFeatureId=1 cameraCompatControlState=hidden}
12-07 18:39:34.039 I/VolumetricContentMonitor( 1971): Switching to home env. taskId: 2, ActivityInfo{159b33 com.oculus.vrshell.HomeActivity}
12-07 18:39:34.040 I/UiModeController( 1971): Switching from com.example.moonlight_spatialsdk to com.oculus.vrshell
12-07 18:39:34.046 D/ActivityTaskManager( 1971): getDisplaysWithTopActivities: immersive ActivityRecord{224fcee u0 com.oculus.vrshell/.HomeActivity t2465}
12-07 18:39:34.046 V/ActivityManager( 1971): bindService: Intent { cmp=com.oculus.userserver2/com.oculus.userserver.managerservice.OculusUserManagerServiceStable } type=null conn=android.os.BinderProxy@ff8707c flags=0x1
12-07 18:39:34.057 V/ActivityManager( 1971): bindService: Intent { act=com.oculus.vrshell.SHELL_ENV_START_SERVICE cat=[android.intent.category.INFO] dat=shellenv://bind/... flg=0x10000000 pkg=com.oculus.vrshell cmp=com.oculus.vrshell/.ShellService } type=null conn=android.os.BinderProxy@ae4d15a flags=0x1000
12-07 18:39:34.069 I/DisplayDevice( 1971): [0] Layerstack set to 0 for local:4630946970282026130
12-07 18:39:34.074 D/SensorClientUtils( 9339): Received power state from VRPM: RUNNING
12-07 18:39:34.074 D/PowerMonitor( 9339): Cancelling delayed transition to SLEEP
12-07 18:39:34.074 D/SensorClientUtils( 9367): Received power state from VRPM: RUNNING
12-07 18:39:34.074 D/PowerMonitor( 9367): Cancelling delayed transition to SLEEP
12-07 18:39:34.074 D/PowerMonitor( 9367): Received transition request from SLEEP to RUNNING
12-07 18:39:34.075 D/PowerMonitor( 9367): Executing transition from SLEEP to STANDBY
12-07 18:39:34.075 D/TrackingFidelityService( 9367): [Utility Frequency][tfs.utility.powermonitor] applyPowerState: SLEEP -> STANDBY
12-07 18:39:34.075 D/PowerMonitor( 9367): Executing transition from STANDBY to RUNNING
12-07 18:39:34.075 D/TrackingFidelityService( 9367): [Utility Frequency][tfs.utility.powermonitor] applyPowerState: STANDBY -> RUNNING
12-07 18:39:34.074 D/PowerMonitor( 9339): Received transition request from SLEEP to RUNNING
12-07 18:39:34.076 D/PowerMonitor( 9339): Executing transition from SLEEP to STANDBY
12-07 18:39:34.076 D/ControllerManagement( 9339): [controller] SLEEP -> STANDBY
12-07 18:39:34.077 D/TSAccess( 9367): Apply power state 'Running'
12-07 18:39:34.033 I/init    (    0): processing action (sys.hmt.mounted=1) from (/vendor/etc/init/hw/init.eureka.rc:12)
12-07 18:39:34.033 I/init    (    0): processing action (sys.hmt.mounted=1) from (/vendor/etc/init/hw/init.anorak.rc:393)
12-07 18:39:34.034 I/vd6281  (    0): spi speed set : 4174000
12-07 18:39:34.034 I/vd6281  (    0): nb of samples per chunk  : 4096
12-07 18:39:34.077 D/TrackingService( 9368): apply power state 'Running'
12-07 18:39:34.078 D/PowerMonitor( 9368): Cancelling delayed transition to SLEEP
12-07 18:39:34.078 D/PowerMonitor( 9368): Received transition request from SLEEP to RUNNING
12-07 18:39:34.079 D/PowerMonitor( 9368): Executing transition from SLEEP to STANDBY
12-07 18:39:34.079 D/TrackingService( 9368): StateHandler setState powerState=STANDBY
12-07 18:39:34.079 D/TrackingService( 9368): Enqueued transition to (targetPowerState, targetMuxName): (STANDBY, --) - transition timeout: 1000000000 ns
12-07 18:39:34.079 I/TrackingService( 9368): [                   PerfLockHooks] Power transition: SLEEP -> STANDBY transition time: 0 ms
12-07 18:39:34.079 I/TrackingService( 9368): [                            bolt] Power transition: SLEEP -> STANDBY transition time: 0 ms
12-07 18:39:34.079 D/TrackingService( 9368): IOT sleep to standby started
12-07 18:39:34.079 D/ControllerManagement( 9339): ControllerGlue: setting expected mode to Streaming
12-07 18:39:34.079 D/ControllerManagement( 9339): ControllerGlue: Setting current mode to Streaming
12-07 18:39:34.079 D/ControllerManagement( 9339): ControllerGlue: leave mode Disabled
12-07 18:39:34.079 D/ControllerManagement( 9339): ControllerGlue: Setting mode to Streaming
12-07 18:39:34.079 D/ControllerManagement( 9339): ControllerGlue: enter mode Streaming
12-07 18:39:34.080 D/libsensorscommon( 9363): ControllerProvider: StreamingClient requested by 9339
12-07 18:39:34.080 D/SensorService( 9363): ControllerProvider: acquiring StreamingSession
12-07 18:39:34.080 D/SensorService( 9363): SyncbossEventHandler: starting all streams
12-07 18:39:34.081 D/SensorService( 9363): SyncbossEventHandler: producerThreadFunc() start
12-07 18:39:34.081 D/SensorService( 9363): SyncbossEventHandler: stopping all streams
12-07 18:39:34.081 D/SensorService( 9363): SyncbossEventHandler: producerThreadFunc() exit
12-07 18:39:34.082 D/SensorService( 9363): SyncbossEventHandler: starting all streams
12-07 18:39:34.082 D/SensorService( 9363): SyncbossEventHandler: acquired session; approx # alive: 1
12-07 18:39:34.082 D/SensorService( 9363): SyncbossEventHandler: producerThreadFunc() start
12-07 18:39:34.086 I/SyncBossHAL( 9363): [info   ] syncboss_hal_impl_input.c(437): no pulsar frequency blocklist (vendor.syncbosshal.pulsar_blocklist) set
12-07 18:39:34.086 I/SyncBossHAL( 9363): [info   ] syncboss_hal_impl_input.c(496): No AFH behavior specified, enabled by default
12-07 18:39:34.086 I/SyncBossHAL( 9363): [info   ] pulsar_manager_utils.c(664): Starting Pulsar beacon mode
12-07 18:39:34.086 I/DisplayDeviceRepository( 1971): Display device changed state: "Built-in Screen", ON
12-07 18:39:34.087 D/JobServiceContext( 1971): Scheduling time out for 'com.oculus.userserver.managerservice.user.usersync.UserSyncJobService' jId: 1828726831, in 18 s
12-07 18:39:34.087 V/ActivityManager( 1971): bindService: Intent { flg=0x4 cmp=com.oculus.userserver2/com.oculus.userserver.managerservice.user.usersync.UserSyncJobService } type=null conn=android.app.LoadedApk$ServiceDispatcher$InnerConnection@78ea926 flags=0x8105
12-07 18:39:34.088 D/SensorService( 9363): SyncbossEventHandler: Enabled sensor PULSAR - Active sensors: synthetic[HMD_DOUBLETAP,EXTERNAL_TIMING,ZAP] non-synth[PULSAR]
12-07 18:39:34.088 D/SensorService( 9363): ControllerProvider: acquiring StreamingClient impl; approx # alive: 1
12-07 18:39:34.088 D/libsensorscommon( 9363): ControllerProvider: acquiring StreamingClient hidl for client 9339
12-07 18:39:34.089 I/SyncBossFW(  879): 4034175 [info   ] {WIHI}: Starting beacon mode
12-07 18:39:34.092 D/SensorService( 9363): Syncboss input 402c25cbf028a4e8 hardware type 6, subtype 2, revision 
12-07 18:39:34.092 I/SensorService( 9363): preparePairedControllerInfo is adding device with valid 1
12-07 18:39:34.092 D/SensorService( 9363): Syncboss input f343f271512a1feb hardware type 6, subtype 1, revision 
12-07 18:39:34.092 I/SensorService( 9363): preparePairedControllerInfo is adding device with valid 1
12-07 18:39:34.093 D/SensorService( 9363): stateChangeNotifierFunc(): Reporting controller info. Change token: 98, paired=2 connected=0
12-07 18:39:34.095 D/JobServiceContext( 1971): Scheduling time out for 'androidx.work.impl.background.systemjob.SystemJobService' jId: 6653, in 18 s
12-07 18:39:34.095 V/ActivityManager( 1971): bindService: Intent { flg=0x4 cmp=com.meta.rl.trust.service/androidx.work.impl.background.systemjob.SystemJobService } type=null conn=android.app.LoadedApk$ServiceDispatcher$InnerConnection@c2c02b9 flags=0x8105
12-07 18:39:34.095 D/ControllerManagement( 9339): RemoteService::recordControllerStatusUpdate: device 402c25cbf028a4e8: status: SEARCHING tracking: POSITION, errors: --
12-07 18:39:34.096 D/SensorService( 9363): Found paired controllers: 2
12-07 18:39:34.096 D/SensorService( 9363): Syncboss input 402c25cbf028a4e8 hardware type 6, subtype 2, revision 
12-07 18:39:34.096 I/SensorService( 9363): preparePairedControllerInfo is adding device with valid 1
12-07 18:39:34.096 D/SensorService( 9363): Syncboss input f343f271512a1feb hardware type 6, subtype 1, revision 
12-07 18:39:34.096 I/SensorService( 9363): preparePairedControllerInfo is adding device with valid 1
12-07 18:39:34.100 D/SensorService( 9363): Found paired controllers: 2
12-07 18:39:34.100 D/SensorService( 9363): Syncboss input 402c25cbf028a4e8 hardware type 6, subtype 2, revision 
12-07 18:39:34.100 I/SensorService( 9363): preparePairedControllerInfo is adding device with valid 1
12-07 18:39:34.100 D/SensorService( 9363): Syncboss input f343f271512a1feb hardware type 6, subtype 1, revision 
12-07 18:39:34.100 I/SensorService( 9363): preparePairedControllerInfo is adding device with valid 1
12-07 18:39:34.103 D/ControllerManagement( 9339): RemoteService::recordControllerStatusUpdate: device f343f271512a1feb: status: SEARCHING tracking: ORIENTATION, errors: --
12-07 18:39:34.103 D/PowerMonitor( 9339): Executing transition from STANDBY to RUNNING
12-07 18:39:34.103 D/ControllerManagement( 9339): [controller] STANDBY -> RUNNING
12-07 18:39:34.113 D/ControllerManagement( 9339): processStateChange([PairedControllerInfo RUBY 402c25cbf028a4e8 disconnected detached mcnt=2])
12-07 18:39:34.113 D/ControllerManagement( 9339): processStateChange([PairedControllerInfo RUBY f343f271512a1feb disconnected detached update-required mcnt=2])
12-07 18:39:34.113 D/ControllerManagement( 9339): processStateChange([PairedControllerInfo RUBY 402c25cbf028a4e8 disconnected detached update-required mcnt=2])
12-07 18:39:34.113 D/ControllerManagement( 9339): processStateChange([PairedControllerInfo RUBY f343f271512a1feb disconnected detached update-required mcnt=2])
12-07 18:39:34.114 D/CompatibilityChangeReporter( 1971): Compat change id reported: 135634846; UID 10080; state: DISABLED
12-07 18:39:34.114 D/CompatibilityChangeReporter( 1971): Compat change id reported: 177438394; UID 10080; state: DISABLED
12-07 18:39:34.114 D/CompatibilityChangeReporter( 1971): Compat change id reported: 135772972; UID 10080; state: DISABLED
12-07 18:39:34.114 D/CompatibilityChangeReporter( 1971): Compat change id reported: 135754954; UID 10080; state: ENABLED
12-07 18:39:34.114 D/CompatibilityChangeReporter( 1971): Compat change id reported: 143937733; UID 10080; state: ENABLED
12-07 18:39:34.128 I/InterstitialController( 1971): onImmersiveActivityAppeared: uid: 10053, pid: 3469, state: 4, com.oculus.vrshell, on task: WCT{RemoteToken{5f731a0 Task{a438a27 #2 type=home}}}, launchId: null
12-07 18:39:34.145 I/VolumetricWindowManagerServiceImpl( 1971): changing secure flag for 554da8b2-df3a-4057-9260-2365d3e188ed: false -> true
12-07 18:39:34.148 I/ActivityManager( 1971): Start proc 13159:com.meta.rl.trust.service/u0a80 for service {com.meta.rl.trust.service/androidx.work.impl.background.systemjob.SystemJobService}
12-07 18:39:34.155 W/BatteryExternalStatsWorker( 1971): error reading modem stats:ERROR_PHONE_NOT_AVAILABLE
12-07 18:39:34.158 D/JobServiceContext( 1971): handleServiceBound for 9a1868 #u0a58/1828726831 com.oculus.userserver2/com.oculus.userserver.managerservice.user.usersync.UserSyncJobService
12-07 18:39:34.158 D/JobServiceContext( 1971): Scheduling time out for 'com.oculus.userserver.managerservice.user.usersync.UserSyncJobService' jId: 1828726831, in 8 s
12-07 18:39:34.158 D/JobServiceContext( 1971): doCallback of : JobStatus{9a1868 #u0a58/1828726831 com.oculus.userserver2/com.oculus.userserver.managerservice.user.usersync.UserSyncJobService u=0 s=10058 TIME=-97ms:+23h59m59s903ms NET PERIODIC READY} v:VERB_STARTING
12-07 18:39:34.158 D/JobServiceContext( 1971): Scheduling time out for 'com.oculus.userserver.managerservice.user.usersync.UserSyncJobService' jId: 1828726831, in 300 s
12-07 18:39:34.034 I/vd6281  (    0): sample width in bytes: 64
12-07 18:39:34.119 W/healthd (    0): battery l=95 v=4392 t=41.0 h=2 st=3 c=675675 fc=4820000 cc=18 chg=a
12-07 18:39:34.164 W/VolumetricWindowManagerService( 1971): Skip associateSpatialAudio because token appears to not be valid for any user: android.view.ViewRootImpl$W@d3e1d34 for session ID 17833 from pid 1971
12-07 18:39:34.189 D/CameraStream( 9363): [passthrough] Client [MrSSCamS(1157)] attempting start
12-07 18:39:34.190 I/FrameSetDispatcher( 9363): [{COL:FOVPR}] Client pid=1157 (MrSSCamS): Client thread[{COL:FOVPR}:MrS] started
12-07 18:39:34.190 I/CameraClientManager( 9363): [MrSSCamS(1157)][passthrough] client started (estimated 1 started clients total)
12-07 18:39:34.190 I/CameraClientManager( 9363): [[MrSSCamS(1157)][passthrough]] definitely starting stream
12-07 18:39:34.190 I/SensorService( 9363): [color] Starting cameras for purpose passthrough
12-07 18:39:34.192 I/VrSensors-HidlWrapper( 9363): Create IMU Sensor using fmq
12-07 18:39:34.192 D/SensorService( 9363): SyncbossEventHandler: acquired session; approx # alive: 2
12-07 18:39:34.195 I/SyncBossFW(  879): 4034281 [info   ] {APPI}: Setting imu data rate to 800.0000
12-07 18:39:34.197 D/JobServiceContext( 1971): Scheduling time out for 'com.oculus.auth.control.AccountSyncJobService' jId: 1828726837, in 18 s
12-07 18:39:34.198 I/SyncBossFW(  879): 4034285 [info   ] {APPI}: Enabling IMU
12-07 18:39:34.198 V/ActivityManager( 1971): bindService: Intent { flg=0x4 cmp=com.oculus.horizon/com.oculus.auth.control.AccountSyncJobService } type=null conn=android.app.LoadedApk$ServiceDispatcher$InnerConnection@5f9c936 flags=0x8105
12-07 18:39:34.210 D/JobServiceContext( 1971): Scheduling time out for 'com.oculus.auth.control.SessionPingJobService' jId: 1828726842, in 18 s
12-07 18:39:34.210 V/ActivityManager( 1971): bindService: Intent { flg=0x4 cmp=com.oculus.horizon/com.oculus.auth.control.SessionPingJobService } type=null conn=android.app.LoadedApk$ServiceDispatcher$InnerConnection@47533d4 flags=0x8105
12-07 18:39:34.213 I/Telecom ( 1971): CallAudioRouteStateMachine: Message received: MUTE_EXTERNALLY_CHANGED=3004, arg1=0: CARSM.mCR->CARSM.pM_MUTE_EXTERNALLY_CHANGED@AvY
12-07 18:39:34.213 I/Telecom ( 1971): QuiescentEarpieceRoute: Processing message MUTE_EXTERNALLY_CHANGED: CARSM.mCR->CARSM.pM_MUTE_EXTERNALLY_CHANGED@AvY
12-07 18:39:34.219 W/JobServiceContext( 1971): Sending onNetworkChanged for a job that isn't started. JobStatus{9d195f8 #u0a102/1828726837 com.oculus.horizon/com.oculus.auth.control.AccountSyncJobService u=0 s=10102 TIME=-23ms:+5h59m59s977ms NET PERIODIC READY}
12-07 18:39:34.219 W/JobServiceContext( 1971): Sending onNetworkChanged for a job that isn't started. JobStatus{4d24ee #u0a80/6653 com.meta.rl.trust.service/androidx.work.impl.background.systemjob.SystemJobService u=0 s=10080 TIME=-3m54s886ms:none NET STORENOTLOW READY}
12-07 18:39:34.238 D/SensorService( 9363): SyncbossEventHandler: Enabled sensor HMD_IMU - Active sensors: synthetic[HMD_DOUBLETAP,EXTERNAL_TIMING,ZAP] non-synth[HMD_IMU,PULSAR]
12-07 18:39:34.239 I/VrSensors-HidlWrapper( 9363): Create IMU Sensor using fmq
12-07 18:39:34.245 I/TrackingFidelityService( 9367): checkMultimodalFeature: Attempt made to enable multimodal hands+controllers when not supported by app
12-07 18:39:34.245 W/TrackingFidelityService( 9367): Fidelity data undefined in catalog for enabling feature like controller_selftracked. 3 similar misses.
12-07 18:39:34.245 I/TrackingFidelityService( 9367): Request(s)={constellation:5,controller_selftracked:5,hands:0,environment_lighting:0,keyboard:0,scene_reconstruction:0,}, Mux mode idx=1, name=lowLightController, score=-1960
12-07 18:39:34.245 I/TrackingFidelityService( 9367): beginTransition[worldTracking]: lowLightController(1)->lowLightController(1)
12-07 18:39:34.245 I/TrackingFidelityService( 9367): _applyMuxModeLockedInternal: Mode lowLightController already set. Returning.
12-07 18:39:34.245 I/TrackingFidelityService( 9367): endTransition[worldTracking]: lowLightController(1)->lowLightController(1), seqId=-1, succeeded=true
12-07 18:39:34.258 D/JobServiceContext( 1971): handleServiceBound for 9d195f8 #u0a102/1828726837 com.oculus.horizon/com.oculus.auth.control.AccountSyncJobService
12-07 18:39:34.258 D/JobServiceContext( 1971): Scheduling time out for 'com.oculus.auth.control.AccountSyncJobService' jId: 1828726837, in 8 s
12-07 18:39:34.269 D/JobServiceContext( 1971): handleServiceBound for 17cb527 #u0a102/1828726842 com.oculus.horizon/com.oculus.auth.control.SessionPingJobService
12-07 18:39:34.269 D/JobServiceContext( 1971): Scheduling time out for 'com.oculus.auth.control.SessionPingJobService' jId: 1828726842, in 8 s
12-07 18:39:34.270 D/JobServiceContext( 1971): doCallback of : JobStatus{9d195f8 #u0a102/1828726837 com.oculus.horizon/com.oculus.auth.control.AccountSyncJobService u=0 s=10102 TIME=-74ms:+5h59m59s926ms NET PERIODIC READY} v:VERB_STARTING
12-07 18:39:34.270 D/JobServiceContext( 1971): Scheduling time out for 'com.oculus.auth.control.AccountSyncJobService' jId: 1828726837, in 300 s
12-07 18:39:34.271 D/JobServiceContext( 1971): doCallback of : JobStatus{17cb527 #u0a102/1828726842 com.oculus.horizon/com.oculus.auth.control.SessionPingJobService u=0 s=10102 TIME=none:-62ms READY} v:VERB_STARTING
12-07 18:39:34.271 D/JobServiceContext( 1971): Scheduling time out for 'com.oculus.auth.control.SessionPingJobService' jId: 1828726842, in 300 s
12-07 18:39:34.273 W/ActivityManager( 1971): setIsForegroundPanelService: ComponentInfo{com.oculus.systemux/com.oculus.panelapp.anytimeui.AnytimeUIActivity} not found
12-07 18:39:34.273 W/ActivityManager( 1971): setIsForegroundPanelService: ComponentInfo{com.oculus.vrshell/com.oculus.panelapp.qam.QuickActionsMenuActivity} not found
12-07 18:39:34.273 W/ActivityManager( 1971): setIsForegroundPanelService: ComponentInfo{com.oculus.vrshell/com.oculus.panelapp.controlbar.ControlBarActivity} not found
12-07 18:39:34.273 W/ActivityManager( 1971): setIsForegroundPanelService: ComponentInfo{com.oculus.vrshell/com.oculus.panelapp.controlbar.UnifiedControlBarActivity} not found
12-07 18:39:34.276 D/ActivityManager( 1971): sync unfroze 27510 horizon.platform.providers for 3
12-07 18:39:34.277 I/DisplayDeviceRepository( 1971): Display device changed state: "Built-in Screen", ON
12-07 18:39:34.278 D/DisplayManagerService( 1971): Ignore redundant display event 0/2 to 10079/25425
12-07 18:39:34.278 D/DisplayManagerService( 1971): Ignore redundant display event 0/2 to 10049/32634
12-07 18:39:34.280 I/OculusWindowMgr( 1971): OWMS::focusChanged: windowRootTaskId: 2
12-07 18:39:34.280 I/OculusWindowMgr( 1971): OWMS::focusChanged: getImmersiveTask returned
12-07 18:39:34.280 I/OculusWindowMgr( 1971): OWMS::focusChanged: matchedTaskId: 2
12-07 18:39:34.281 D/ActivityTaskManager( 1971): getDisplaysWithTopActivities: immersive ActivityRecord{224fcee u0 com.oculus.vrshell/.HomeActivity t2465}
12-07 18:39:34.283 D/VolumetricContentMonitor( 1971): Focused window changed to RunningWindowInfo{  pid: 3469, uid: 10053, userId: 0, windowContainerToken: 156543366, windowToken: android.view.IWindow$Stub$Proxy@8573247, windowId: com.android.server.wm.WindowState$WindowId@85c3a74, displayId: 0, windowType: 1, activity: RunningActivityInfo { rootTask: 2, uid: 10053, pid: 3469, userId: 0, activity: com.oculus.vrshell.HomeActivity, windowId: com.android.server.wm.WindowState$WindowId@85c3a74, state: ACTIVITY_STATE_VISIBLE}}, from android.view.IWindow$Stub$Proxy@b378758
12-07 18:39:34.225 I/CAM_INFO(    0): CAM-SENSOR: cam_sensor_driver_cmd: 1211 CAM_ACQUIRE_DEV Success for imx471 id:0x471,slave-addr:0x34 crm:[0]
12-07 18:39:34.243 I/CAM_INFO(    2): CAM-SMMU: cam_smmu_map_user_iova: 3257 fd=811 already in list [2:39:34:284] cb=ife idx=0 handle=25084 len=573440,give same addr back
12-07 18:39:34.283 V/WorldManagerService( 1971): VW Content Listener: com.oculus.vrshell -1
12-07 18:39:34.285 D/SpatialAudioService( 1971): Skipping processing for app: com.oculus.vrshell (isNewApp: false, perAppEnabled: true, epsService: true)
12-07 18:39:34.287 D/JobServiceContext( 1971): doCallback of : JobStatus{17cb527 #u0a102/1828726842 com.oculus.horizon/com.oculus.auth.control.SessionPingJobService u=0 s=10102 TIME=none:-78ms READY} v:VERB_EXECUTING
12-07 18:39:34.287 D/JobServiceContext( 1971): Cleaning up 17cb527 #u0a102/1828726842 com.oculus.horizon/com.oculus.auth.control.SessionPingJobService reschedule=false reason=app called jobFinished
12-07 18:39:34.287 W/LaunchInterceptorUtil( 1971): Package metadata is empty: com.oculus.vrshell
12-07 18:39:34.288 W/LaunchInterceptorUtil( 1971): Package metadata is empty: com.oculus.vrshell
12-07 18:39:34.290 I/ActivityTaskManager( 1971): START u0 {act=android.intent.action.MAIN cat=[com.oculus.intent.category.VR_HOME_LAUNCHER] flg=0x10010000 pkg=com.oculus.vrshell cmp=com.oculus.vrshell/.HomeActivity (has extras)} with LAUNCH_SINGLE_INSTANCE from uid 10053 (BAL_ALLOW_ALLOWLISTED_COMPONENT) result code=0
12-07 18:39:34.294 W/LaunchInterceptorUtil( 1971): Package metadata is empty: com.oculus.vrshell
12-07 18:39:34.296 W/LaunchInterceptorUtil( 1971): Package metadata is empty: com.oculus.vrshell
12-07 18:39:34.298 I/ActivityTaskManager( 1971): START u0 {flg=0x10000000 cmp=com.oculus.vrshell/.FocusPlaceholderActivity} with LAUNCH_SINGLE_INSTANCE from uid 10053 (BAL_ALLOW_ALLOWLISTED_COMPONENT) result code=0
12-07 18:39:34.301 I/ActivityTaskManager( 1971): START u0 {act=android.intent.action.MAIN cat=[com.oculus.intent.category.VR_HOME_LAUNCHER] flg=0x10810000 pkg=com.oculus.vrshell cmp=com.oculus.vrshell/.HomeActivity (has extras)} with LAUNCH_SINGLE_INSTANCE from uid 10053 (realCallingUid=1000) (BAL_ALLOW_ALLOWLISTED_COMPONENT) result code=2
12-07 18:39:34.302 D/CompatibilityChangeReporter( 1971): Compat change id reported: 168419799; UID 10080; state: DISABLED
12-07 18:39:34.302 D/CompatibilityChangeReporter( 1971): Compat change id reported: 273564678; UID 10080; state: DISABLED
12-07 18:39:34.302 I/VolumetricWindowManagerServiceImpl( 1971): Handling SWMS response: launch into NEW_VOLUMETRIC_WINDOW VolumetricWindowPlacementResponse { volumetricToken = VolumetricWindowToken { scope = 1, token = horizonos.view.VolumetricWindowToken$InternalVolumetricToken@72898a3, persistableToken = 22df6525-a54d-4359-ac30-ab7098360c5b }, relativeSpaceToken = SpaceToken { binderToken = horizonos.view.SpaceToken$InternalSpaceToken@e2c1aa3, persistableToken = 00000000-0000-0000-0000-000000000000 }, pose = Pose { orientation = Vector4f { x = 0.0, y = 0.0, z = 0.0, w = 1.0 }, position = Vector3f { x = 0.0, y = 0.0, z = 0.0 } }, bounds = Extent3f { width = 0.0, height = 0.0, depth = 0.0 }, surfaceSize = 1x1, densityDpi = 200, visible = true } for launch request [ActivityInfo{b647fd2 com.oculus.vrshell.FocusPlaceholderActivity}](vrdesktop seq: 1)
12-07 18:39:34.302 W/VolumetricWindowManagerServiceImpl( 1971): Invalid bounds dimensions: Extent3f { width = 0.0, height = 0.0, depth = 0.0 }
12-07 18:39:34.302 I/VolumetricContainerPlacement( 1971): acquired ContainerPlacement{mId=2, mBounds=Rect(16000, 0 - 24000, 8000)}
12-07 18:39:34.304 I/SpaceManagerServiceImpl( 1971): addSpace done: userId = 0, spaceToken = SpaceToken { binderToken = horizonos.view.SpaceToken$InternalSpaceToken@1a21bff, persistableToken = bb5aa730-e1fb-4ab7-823b-e42a6e03907a }
12-07 18:39:34.310 I/SensorService( 9363): registerDirectChannel_: Allocated direct channel handle 2 (to pid 1971)
12-07 18:39:34.311 I/SensorService( 9363): configDirectReport for channelHandle:2 sensorHandle:3 Rate:1
12-07 18:39:34.311 I/DisplayDeviceRepository( 1971): Display device added: DisplayDeviceInfo{"MirrorRoot for 22df6525-a54d-4359-ac30-ab7098360c5b": uniqueId="virtual:android,1000,MirrorRoot for 22df6525-a54d-4359-ac30-ab7098360c5b,0", 1 x 1, modeId 1538, renderFrameRate 60.0, defaultModeId 1538, supportedModes [{id=1538, width=1, height=1, fps=60.0, alternativeRefreshRates=[], supportedHdrTypes=[]}], colorMode 0, supportedColorModes [0], hdrCapabilities null, allmSupported false, gameContentTypeSupported false, density 200, 200.0 x 200.0 dpi, appVsyncOff 0, presDeadline 16666666, touch NONE, rotation 0, type VIRTUAL, deviceProductInfo null, state OFF, committedState UNKNOWN, owner android (uid 1000), frameRateOverride , brightnessMinimum 0.0, brightnessMaximum 0.0, brightnessDefault 0.0, hdrSdrRatio NaN, FLAG_SECURE, FLAG_SUPPORTS_PROTECTED_BUFFERS, FLAG_OWN_CONTENT_ONLY, FLAG_DESTROY_CONTENT_ON_REMOVAL, installOrientation 0, displayShape DisplayShape{ spec=-1569981477 displayWidth=1 displayHeight=1 physicalPixelDisplaySizeRatio=1.0 rotation=0 offsetX=0 offsetY=0 scale=1.0}}
12-07 18:39:34.313 I/LogicalDisplayMapper( 1971): Applying layout: [{dispId: 0(ON), displayGroupName: , addr: {port=146, model=0x40446dbbd154e4}, mThermalBrightnessThrottlingMapId: null, mRefreshRateZoneId: null, mLeadDisplayId: -1, mThermalRefreshRateThrottlingMapId: null}], Previous layout: [{dispId: 0(ON), displayGroupName: , addr: {port=146, model=0x40446dbbd154e4}, mThermalBrightnessThrottlingMapId: null, mRefreshRateZoneId: null, mLeadDisplayId: -1, mThermalRefreshRateThrottlingMapId: null}]
12-07 18:39:34.313 I/LogicalDisplayMapper( 1971): Setting new display group 0 for display 1141, from previous group: null
12-07 18:39:34.313 I/LogicalDisplayMapper( 1971): Adding new display: 1141: DisplayInfo{"MirrorRoot for 22df6525-a54d-4359-ac30-ab7098360c5b", displayId 1141, displayGroupId 0, FLAG_SECURE, FLAG_SUPPORTS_PROTECTED_BUFFERS, real 1 x 1, largest app 1 x 1, smallest app 1 x 1, appVsyncOff 0, presDeadline 16666666, mode 153860.0, defaultMode 1538, modes [{id=1538, width=1, height=1, fps=60.0, alternativeRefreshRates=[], supportedHdrTypes=[]}], hdrCapabilities null, userDisabledHdrTypes [], minimalPostProcessingSupported false, rotation 0, state OFF, committedState UNKNOWN, type VIRTUAL, uniqueId "virtual:android,1000,MirrorRoot for 22df6525-a54d-4359-ac30-ab7098360c5b,0", app 1 x 1, density 200 (200.0 x 200.0) dpi, layerStack 1141, colorMode 0, supportedColorModes [0], deviceProductInfo null, owner android (uid 1000), removeMode 1, refreshRateOverride 0.0, brightnessMinimum 0.0, brightnessMaximum 0.0, brightnessDefault 0.0, installOrientation ROTATION_0, layoutLimitedRefreshRate null, hdrSdrRatio not_available, thermalRefreshRateThrottling {}, thermalBrightnessThrottlingDataId default}
12-07 18:39:34.314 W/BrightnessThrottler( 1971): DeviceConfig ThermalBrightnessThrottlingData is null
12-07 18:39:34.314 W/DisplayPowerController2[1141]( 1971): Screen brightness nits configuration is unavailable; falling back
12-07 18:39:34.318 V/DisplayPowerController2[1141]( 1971): Brightness [0.0] reason changing to: 'manual', previous reason: '0'.
12-07 18:39:34.318 I/DisplayPowerController2[1141]( 1971): BrightnessEvent: disp=1141, physDisp=virtual:android,1000,MirrorRoot for 22df6525-a54d-4359-ac30-ab7098360c5b,0, brt=0.0, initBrt=NaN, rcmdBrt=NaN, preBrt=NaN, lux=0.0, preLux=0.0, hbmMax=1.0, hbmMode=off, rbcStrength=-1, thrmMax=1.0, powerFactor=1.0, wasShortTermModelActive=false, flags=, reason=manual, autoBrightness=false, strategy=InvalidBrightnessStrategy
12-07 18:39:34.318 D/JobServiceContext( 1971): Scheduling time out for 'androidx.work.impl.background.systemjob.SystemJobService' jId: 7349, in 18 s
12-07 18:39:34.318 W/PowerManagerService( 1971): Screen on took 302 ms
12-07 18:39:34.322 V/ActivityManager( 1971): bindService: Intent { flg=0x4 cmp=com.oculus.metacam/androidx.work.impl.background.systemjob.SystemJobService } type=null conn=android.app.LoadedApk$ServiceDispatcher$InnerConnection@22568d0 flags=0x8105
12-07 18:39:34.243 I/CAM_INFO(    2): CAM-SMMU: cam_smmu_map_user_iova: 3257 fd=814 already in list [2:39:34:285] cb=ife idx=0 handle=25084 len=471040,give same addr back
12-07 18:39:34.243 I/CAM_INFO(    2): CAM-SMMU: cam_smmu_map_user_iova: 3257 fd=815 already in list [2:39:34:285] cb=ife idx=0 handle=25084 len=495616,give same addr back
12-07 18:39:34.254 I/CAM_INFO(    0): CAM-SENSOR: cam_sensor_driver_cmd: 1211 CAM_ACQUIRE_DEV Success for imx471 id:0x471,slave-addr:0x34 crm:[0]
12-07 18:39:34.272 I/CAM_INFO(    2): CAM-SMMU: cam_smmu_map_user_iova: 3257 fd=892 already in list [2:39:34:314] cb=ife idx=0 handle=25084 len=573440,give same addr back
12-07 18:39:34.273 I/CAM_INFO(    2): CAM-SMMU: cam_smmu_map_user_iova: 3257 fd=893 already in list [2:39:34:314] cb=ife idx=0 handle=25084 len=471040,give same addr back
12-07 18:39:34.273 I/CAM_INFO(    2): CAM-SMMU: cam_smmu_map_user_iova: 3257 fd=894 already in list [2:39:34:314] cb=ife idx=0 handle=25084 len=495616,give same addr back
12-07 18:39:34.311 I/CAM_INFO(    0): CAM-CRM: cam_req_mgr_link_v3: 4951 link reserved 0000000000000000 0 trigger_type:1 num_devs:2 sess_hdl:2621952 no_crm:4
12-07 18:39:34.313 I/CAM_INFO(    0): CAM-ISP: cam_ife_hw_mgr_print_acquire_info: 2027 2:39:34.354 Acquired Single IFE[1] with [9 pix] [0 pd] [0 rdi] ports for ctx:12 per_port_enabled :0 sensor:-559038737 ul: 0
12-07 18:39:34.331 D/SensorService( 9363): SyncbossEventHandler: acquired session; approx # alive: 3
12-07 18:39:34.333 I/SyncBossFW(  879): 4034419 [info   ] {APPI}: Setting mag data rate to 25.0000
12-07 18:39:34.338 D/SensorService( 9363): SyncbossEventHandler: Enabled sensor HMD_MAG - Active sensors: synthetic[HMD_DOUBLETAP,EXTERNAL_TIMING,ZAP] non-synth[HMD_MAG,HMD_IMU,PULSAR]
12-07 18:39:34.338 D/TrackingService( 9368): IOT sleep to standby completed
12-07 18:39:34.338 I/TrackingService( 9368): [                             iot] Power transition: SLEEP -> STANDBY transition time: 259 ms
12-07 18:39:34.338 D/TrackingService( 9368): starting IOT motion thread, imu batch dispatch enabled=false
12-07 18:39:34.339 I/SyncBossFW(  879): 4034423 [info   ] {APPI}: Enabling magnetometer
12-07 18:39:34.339 I/SyncBossFW(  879): 4034423 [info   ] {APPI}: Enabling mag streaming.  Temperature comp enabled
12-07 18:39:34.340 V/WindowManager( 1971): Sent Transition #3848 createdAt=12-07 18:39:34.299 via request=TransitionRequestInfo { type = OPEN, triggerTask = TaskInfo{userId=0 taskId=2465 displayId=0 isRunning=true baseIntent=Intent { act=android.intent.action.MAIN cat=[android.intent.category.HOME] flg=0x10810100 cmp=com.oculus.vrshell/.HomeActivity } baseActivity=ComponentInfo{com.oculus.vrshell/com.oculus.vrshell.HomeActivity} topActivity=ComponentInfo{com.oculus.vrshell/com.oculus.vrshell.HomeActivity} origActivity=null realActivity=ComponentInfo{com.oculus.vrshell/com.oculus.vrshell.HomeActivity} numActivities=1 numActivitiesPerUser={0=1} lastActiveTime=209997647 supportsMultiWindow=true resizeMode=0 isResizeable=false minWidth=-1 minHeight=-1 defaultMinSize=1 token=WCT{RemoteToken{c26a4b Task{ce4658f #2465 type=home A=10053:com.oculus.vrshell:1047810524}}} topActivityType=2 pictureInPictureParams=null shouldDockBigOverlays=false launchIntoPipHostTaskId=-1 lastParentTaskIdBeforePip=-1 displayCutoutSafeInsets=null topActivityInfo=ActivityInfo{159b33 com.oculus.vrshell.HomeActivity} launchCookies=[] telemetryLaunchIds=[] positionInParent=Point(0, 0) parentTaskId=2 isFocused=true isVisible=true isVisibleRequested=true isSleeping=false topActivityInSizeCompat=false topActivityEligibleForLetterboxEducation= false topActivityLetterboxed= false isFromDoubleTap= false topActivityLetterboxVerticalPosition= -1 topActivityLetterboxHorizontalPosition= -1 topActivityLetterboxWidth=-1 topActivityLetterboxHeight=-1 locusId=null displayAreaFeatureId=1 cameraCompatControlState=hidden}, remoteTransition = null, displayChange = null }
12-07 18:39:34.340 V/WindowManager( 1971):     startWCT=WindowContainerTransaction { changes = {} hops = [] errorCallbackToken=null taskFragmentOrganizer=null }
12-07 18:39:34.341 V/WindowManager( 1971):     info={id=3848 t=OPEN f=0x0 trk=0 r=[0@Point(0, 0)] c=[{WCT{RemoteToken{c26a4b Task{ce4658f #2465 type=home A=10053:com.oculus.vrshell:1047810524}}} m=CHANGE f=MOVE_TO_TOP p=WCT{RemoteToken{5f731a0 Task{a438a27 #2 type=home}}} leash=Surface(name=Task=2465)/@0xdac69c2 sb=Rect(0, 0 - 4128, 2208) eb=Rect(0, 0 - 4128, 2208) d=0},{WCT{RemoteToken{5f731a0 Task{a438a27 #2 type=home}}} m=CHANGE f=TRANSLUCENT|MOVE_TO_TOP leash=Surface(name=Task=2)/@0x99910f sb=Rect(0, 0 - 4128, 2208) eb=Rect(0, 0 - 4128, 2208) d=0}]}
12-07 18:39:34.313 I/CAM_INFO(    0): CAM-ISP: __cam_isp_ctx_acquire_hw_v2: 9737 NO CRM session,top state machine assigned for no crm ctx 12
12-07 18:39:34.329 I/CAM_INFO(    0): CAM-ISP: __cam_isp_ctx_start_dev_in_ready: 10771 Start IFE device ctx 12 with irq state machine [Activated State Machine IRQ] in initial SubState [SOF] UL_path 0
