12-07 17:41:54.299 I/AppsFilter( 1971): interaction: PackageSetting{448d28d com.example.moonlight_spatialsdk/10176} -> PackageSetting{2405539 com.android.cts.ctsshim/10127} BLOCKED
12-07 17:41:54.299 I/AppsFilter( 1971): interaction: PackageSetting{448d28d com.example.moonlight_spatialsdk/10176} -> PackageSetting{3c9c2da com.oculus.q4b.mdm/10041} BLOCKED
12-07 17:41:54.299 I/AppsFilter( 1971): interaction: PackageSetting{448d28d com.example.moonlight_spatialsdk/10176} -> PackageSetting{4e2930b com.meta.shell.env.footprint.haven2025/10159} BLOCKED
12-07 17:41:54.299 I/AppsFilter( 1971): interaction: PackageSetting{448d28d com.example.moonlight_spatialsdk/10176} -> PackageSetting{2c825e8 Immersed.quest/10162} BLOCKED
12-07 17:41:54.299 I/AppsFilter( 1971): interaction: PackageSetting{448d28d com.example.moonlight_spatialsdk/10176} -> PackageSetting{4350401 com.oculus.permissioncontroller.rro/10000} BLOCKED
12-07 17:41:54.299 I/AppsFilter( 1971): interaction: PackageSetting{448d28d com.example.moonlight_spatialsdk/10176} -> PackageSetting{deb0663 com.valinor/10106} BLOCKED
12-07 17:41:54.299 I/AppsFilter( 1971): interaction: PackageSetting{448d28d com.example.moonlight_spatialsdk/10176} -> PackageSetting{b9132a6 com.meta.environment.prod.nuxd/10033} BLOCKED
12-07 17:41:54.299 I/AppsFilter( 1971): interaction: PackageSetting{448d28d com.example.moonlight_spatialsdk/10176} -> PackageSetting{ca554e7 com.oculus.helpcenter/10105} BLOCKED
12-07 17:41:54.299 I/AppsFilter( 1971): interaction: PackageSetting{448d28d com.example.moonlight_spatialsdk/10176} -> PackageSetting{3edb894 com.android.hotspot2.osulogin/10004} BLOCKED
12-07 17:41:54.299 I/AppsFilter( 1971): interaction: PackageSetting{448d28d com.example.moonlight_spatialsdk/10176} -> PackageSetting{ecdf3d com.camouflaj.manta/10022} BLOCKED
12-07 17:41:54.299 I/AppsFilter( 1971): interaction: PackageSetting{448d28d com.example.moonlight_spatialsdk/10176} -> PackageSetting{70dd332 com.oculus.quickpromotionservice/10082} BLOCKED
12-07 17:41:54.299 I/AppsFilter( 1971): interaction: PackageSetting{448d28d com.example.moonlight_spatialsdk/10176} -> PackageSetting{22193df com.oculus.paracosmaavalanche/10164} BLOCKED
12-07 17:41:54.299 I/AppsFilter( 1971): interaction: PackageSetting{448d28d com.example.moonlight_spatialsdk/10176} -> PackageSetting{337ca00 com.facebook.arvr.quillplayer/10115} BLOCKED
12-07 17:41:54.299 I/AppsFilter( 1971): interaction: PackageSetting{448d28d com.example.moonlight_spatialsdk/10176} -> PackageSetting{a4d3239 com.LuckyVR.PokerStarsVR/10090} BLOCKED
12-07 17:41:54.299 I/AppsFilter( 1971): interaction: PackageSetting{448d28d com.example.moonlight_spatialsdk/10176} -> PackageSetting{941f07e com.meta.HyperscapeHmdCapture/10158} BLOCKED
12-07 17:41:54.299 I/AppsFilter( 1971): interaction: PackageSetting{448d28d com.example.moonlight_spatialsdk/10176} -> PackageSetting{7cdf9df com.android.captiveportallogin/10028} BLOCKED
12-07 17:41:54.299 I/AppsFilter( 1971): interaction: PackageSetting{448d28d com.example.moonlight_spatialsdk/10176} -> PackageSetting{64f862c com.oculus.panelapp.calendar/10086} BLOCKED
12-07 17:41:54.299 I/AppsFilter( 1971): interaction: PackageSetting{448d28d com.example.moonlight_spatialsdk/10176} -> PackageSetting{cc5b8f5 com.oculus.highwindservice/10141} BLOCKED
12-07 17:41:54.299 I/AppsFilter( 1971): interaction: PackageSetting{448d28d com.example.moonlight_spatialsdk/10176} -> PackageSetting{8cbe995 com.meta.pclinkservice.server/10047} BLOCKED
12-07 17:41:54.299 I/AppsFilter( 1971): interaction: PackageSetting{448d28d com.example.moonlight_spatialsdk/10176} -> PackageSetting{244d918 com.meta.transport/10120} BLOCKED
12-07 17:41:54.299 I/AppsFilter( 1971): interaction: PackageSetting{448d28d com.example.moonlight_spatialsdk/10176} -> PackageSetting{205ef71 com.oculus.configuration/10055} BLOCKED
12-07 17:41:54.299 I/OpenXR  ( 2252): Loading 64-bit Runtime.
12-07 17:41:54.302 E/TrackedObjectManager( 2832): Failed to connect to TrackedObjectService with error Status(-129, EX_TRANSACTION_FAILED): 'DEAD_OBJECT: '
12-07 17:41:54.302 W/OSDynamicObjectDataQuerier( 2832): Attempted to start tracking objects when tracker was already started
12-07 17:41:54.302 E/TrackedObjectManager( 2832): Failed to connect to TrackedObjectService with error Status(-129, EX_TRANSACTION_FAILED): 'DEAD_OBJECT: '
12-07 17:41:54.302 E/TrackedObjectManager( 2832): Failed to start tracking keyboard object with error Status(-129, EX_TRANSACTION_FAILED): 'DEAD_OBJECT: '
12-07 17:41:54.303 I/[CT]    ( 2832): MIXEDREALITY: PassthroughApiManager: GetUpdatedLayerState: (every 2 seconds) PT is: ON numLayers: 1
12-07 17:41:54.307 I/VrRuntimeClient( 2252): VrRuntimeClient(): 0x7d7f142380
12-07 17:41:54.307 D/OsSdkLoader( 2252): OSSDK loading module 'libossdk.oculus.so'
12-07 17:41:54.313 E/TrackedObjectManager( 2832): Failed to connect to TrackedObjectService with error Status(-129, EX_TRANSACTION_FAILED): 'DEAD_OBJECT: '
12-07 17:41:54.313 W/OSDynamicObjectDataQuerier( 2832): Attempted to start tracking objects when tracker was already started
12-07 17:41:54.313 E/TrackedObjectManager( 2832): Failed to connect to TrackedObjectService with error Status(-129, EX_TRANSACTION_FAILED): 'DEAD_OBJECT: '
12-07 17:41:54.313 E/TrackedObjectManager( 2832): Failed to start tracking keyboard object with error Status(-129, EX_TRANSACTION_FAILED): 'DEAD_OBJECT: '
12-07 17:41:54.317 I/DriverLoader( 2252): Calling into SetLegacyVrApiEntryPointOverride
12-07 17:41:54.317 I/VrApi_DriverLoader( 2252): SetLegacyVrApiEntryPointOverride: calling sprintf
12-07 17:41:54.317 I/VrApi_DriverLoader( 2252): SetLegacyVrApiEntryPointOverride: env buffer is '0x7d7f095bc8'
12-07 17:41:54.317 I/VrApi_DriverLoader( 2252): SetLegacyVrApiEntryPointOverride: calling setenv
12-07 17:41:54.317 I/DriverLoader( 2252): Creating Temp JNIEnv
12-07 17:41:54.317 I/DriverLoader( 2252): Calling FindClass
12-07 17:41:54.317 I/DriverLoader( 2252): Calling RegisterNativeVrApiLoaderMethods
12-07 17:41:54.317 I/VrApi_DriverLoader( 2252): RegisterNativeVrApiLoaderMethods: calling RegisterNatives
12-07 17:41:54.317 I/DriverLoader( 2252): Calling RegisterNativeXrLoaderMethods
12-07 17:41:54.317 I/OpenXR_DriverLoader( 2252): RegisterNativeVrApiLoaderMethods: calling RegisterNatives
12-07 17:41:54.317 I/DriverLoader( 2252): Exiting JNI_OnLoad
12-07 17:41:54.318 I/OpenXR_ClientState( 2252): OpenXRClientState::create - from xrInitializeLoaderKHR
12-07 17:41:54.318 I/XrRuntimeSharedClientState( 2252): SharedClientState::create called from 'OpenXRClientState::init'
12-07 17:41:54.318 I/ipcLoader [RUNTIMEIPC]( 2252): RuntimeIPC: Loader: IPC Service API Loader Version: 81 Dec  4 2025 07:47:30
12-07 17:41:54.318 I/ipcLoader [RUNTIMEIPC]( 2252): Using android_get_exported_namespace: libripcclient.oculus.so
12-07 17:41:54.319 I/ipcLoader [RUNTIMEIPC]( 2252): android_get_exported_namespace SUCCESS: libripcclient.oculus.so
12-07 17:41:54.320 I/RuntimeIPCSystem [RUNTIMEIPC]( 2252): RuntimeIPCSystem: Init called: Version: 81, Platform: Android, Build Date: Dec  2 2025, Build Time: 09:26:03, BuildMode: shared
12-07 17:41:54.320 I/MultiInstanceDetector [RUNTIMEIPC]( 2252): Multiple instances check passed. Socket name: INSTANCE_DETECTOR:2252
12-07 17:41:54.320 D/OsSdkLoader( 2252): OSSDK loading module 'libossdk.oculus.so'
12-07 17:41:54.321 W/RuntimeIPCSystem [RUNTIMEIPC]( 2252): Init: Java VM is null
12-07 17:41:54.321 D/OsSdkLoader( 2252): OSSDK loading module 'libripcmanager.oculus.so'
12-07 17:41:54.322 I/RuntimeIpcManager( 2252): RuntimeIpcManager: attempting to get a service connection
12-07 17:41:54.322 I/RuntimeIpcBroker( 1159): [RuntimeIpcBroker] Attempting to retrieve package name and version for client
12-07 17:41:54.322 I/RuntimeIpcBroker( 1159): [RuntimeIpcBroker] Retrieving service manager for com.example.moonlight_spatialsdk
12-07 17:41:54.322 I/RuntimeIpcBroker( 1159): [RuntimeIpcBroker] Retrieving permission service [binder] from service manager for com.example.moonlight_spatialsdk
12-07 17:41:54.323 I/RuntimeIpcBroker( 1159): [RuntimeIpcBroker] Succesfully retrieved permission service [binder] from service manager for com.example.moonlight_spatialsdk
12-07 17:41:54.323 I/RuntimeIpcBroker( 1159): [RuntimeIpcBroker] Retrieving service manager for com.example.moonlight_spatialsdk
12-07 17:41:54.323 I/RuntimeIpcBroker( 1159): [RuntimeIpcBroker] Retrieving package_native service [binder] for com.example.moonlight_spatialsdk
12-07 17:41:54.323 I/RuntimeIpcBroker( 1159): [RuntimeIpcBroker] Succesfully retrieved package_native service [binder] for com.example.moonlight_spatialsdk
12-07 17:41:54.323 I/RuntimeIpcBroker( 1159): [RuntimeIpcBroker] Attempting to connect: com.example.moonlight_spatialsdk -- com.example.moonlight_spatialsdk, [uid: 10176, pid: 2252]
12-07 17:41:54.323 I/RuntimeIpcBroker( 1159): [RuntimeIpcBroker] Connections lock acquired
12-07 17:41:54.323 I/RuntimeIPCService [RUNTIMEIPC]( 1159): CreateBrokerConnection: Pre-lock BrokerConnections.Mutex: packageName: com.example.moonlight_spatialsdk, processName: com.example.moonlight_spatialsdk, pid: 2252
12-07 17:41:54.323 I/RuntimeIPCService [RUNTIMEIPC]( 1159): CreateBrokerConnection: [Client Descriptor - 2252:com.example.moonlight_spatialsdk:com.example.moonlight_spatialsdk] [Connection Id - -75875374]
12-07 17:41:54.324 I/RuntimeIpcBroker( 1159): [RuntimeIpcBroker] initClientId successful on client binder
12-07 17:41:54.324 I/RuntimeIpcBroker( 1159): [RuntimeIpcBroker] Connection established for com.example.moonlight_spatialsdk -- com.example.moonlight_spatialsdk, [uid: 10176, pid: 2252]
12-07 17:41:54.324 I/RuntimeIpcManager( 2252): RuntimeIpcManager: Binder call to service->connect SUCCESS
12-07 17:41:54.324 E/TrackedObjectManager( 2832): Failed to connect to TrackedObjectService with error Status(-129, EX_TRANSACTION_FAILED): 'DEAD_OBJECT: '
12-07 17:41:54.324 V/RuntimeIPCService [RUNTIMEIPC]( 1159): GetServiceBinder: com.example.moonlight_spatialsdk:com.example.moonlight_spatialsdk:2252
12-07 17:41:54.324 W/OSDynamicObjectDataQuerier( 2832): Tracker stopped running without input server stopping it, attempting restart
12-07 17:41:54.324 W/OSDynamicObjectDataQuerier( 2832): Attempted to start tracking objects when tracker was already started
12-07 17:41:54.324 E/TrackedObjectManager( 2832): Failed to connect to TrackedObjectService with error Status(-129, EX_TRANSACTION_FAILED): 'DEAD_OBJECT: '
12-07 17:41:54.324 E/TrackedObjectManager( 2832): Failed to start tracking keyboard object with error Status(-129, EX_TRANSACTION_FAILED): 'DEAD_OBJECT: '
12-07 17:41:54.324 V/IPCDataChannelAndroidBinder [RUNTIMEIPC]( 1159): alloc binder info: 108
12-07 17:41:54.324 D/IPCDataChannelServer [RUNTIMEIPC]( 1159): Connected: 4219091922, com.example.moonlight_spatialsdk:com.example.moonlight_spatialsdk:2252
12-07 17:41:54.324 I/BrokerRPC [RUNTIMEIPC]( 2252): InitRPCToServiceInternal: Success
12-07 17:41:54.325 I/RuntimeIPCSystem [RUNTIMEIPC]( 2252): RuntimeIPCSystem: Init SUCCESS: Version: 81, Platform: Android, Build Date: Dec  2 2025, Build Time: 09:26:03, BuildMode: shared
12-07 17:41:54.325 W/RuntimeIPCService [RUNTIMEIPC]( 1159): SetServerList: Connection not allowed to register servers. Package: com.example.moonlight_spatialsdk, Process: com.example.moonlight_spatialsdk
12-07 17:41:54.325 I/RipcServerMgr [RUNTIMEIPC]( 2252): UpdateServerListOnBroker (pid: 2252): SUCCESS (shouldNotify=true): []
12-07 17:41:54.325 I/RuntimeIpcHelperService( 1971): Going to start ComponentInfo{com.oculus.systemdriver/com.oculus.vrruntimeservice.VrRuntimeService} as foreground, Calling uid: 10176 pid: 2252
12-07 17:41:54.327 I/ClientProcessConnector [RUNTIMEIPC]( 2252): GetProcessConnection: com.oculus.systemdriver:com.oculus.vrruntimeservice
12-07 17:41:54.328 I/RipcServerClientHandler [RUNTIMEIPC]( 2832): Event buffer size (server): 8192
12-07 17:41:54.328 I/RipcServerMgr [RUNTIMEIPC]( 2832): HandleClientConnect SUCCESS: Client: com.example.moonlight_spatialsdk:com.example.moonlight_spatialsdk:2252:, Server: com.oculus.systemdriver:com.oculus.vrruntimeservice (gkcache)
12-07 17:41:54.329 I/RipcClient [RUNTIMEIPC]( 2252): Event buffer size (client): 8192
12-07 17:41:54.329 I/RipcClient [RUNTIMEIPC]( 2252): TryToGetIPCResourcesFromServer: RPC_CONNECTOR_CONNECT_TO_SERVER SUCCESS: Client: com.example.moonlight_spatialsdk:com.example.moonlight_spatialsdk:2252, Server: com.oculus.systemdriver:com.oculus.vrruntimeservice:0 (gkcache), Version: 81, Platform: Android, Build Date: Dec  2 2025, Build Time: 09:26:03, BuildMode: shared
12-07 17:41:54.329 W/REFLECT [RUNTIMEIPC]( 2832): Disabling all permissions (ONLY USE IN TESTS): 4219088599:com.example.moonlight_spatialsdk/com.example.moonlight_spatialsdk (10176:2252), mask: 11111111111111111111111111111111
12-07 17:41:54.329 I/RipcClient [RUNTIMEIPC]( 2252): EnsureServerConnection: SUCCESS. Client: com.example.moonlight_spatialsdk:com.example.moonlight_spatialsdk:2252, Server: com.oculus.systemdriver:com.oculus.vrruntimeservice:0 (gkcache)
12-07 17:41:54.329 I/RipcClient [RUNTIMEIPC]( 2252): [RIPC_CONNECT_LOG] ConnectToServer: SUCCESS: Client: com.example.moonlight_spatialsdk:com.example.moonlight_spatialsdk:2252, Server: com.oculus.systemdriver:com.oculus.vrruntimeservice:0 (gkcache)
12-07 17:41:54.329 I/GkCacheQuerierServer( 2832): Client 4219088599 from com.example.moonlight_spatialsdk:2252 connected.
12-07 17:41:54.329 I/RipcClient [RUNTIMEIPC]( 2252): InitServerStateBuffer: SUCCESS. 0, Client: com.example.moonlight_spatialsdk:com.example.moonlight_spatialsdk:2252, Server: com.oculus.systemdriver:com.oculus.vrruntimeservice:0 (gkcache)
12-07 17:41:54.329 I/OpenXR_ClientState( 2252): Client state creation succeeded.
12-07 17:41:54.329 V/OpenXR  ( 2252): OpenXRForwardLoader::xrInitializeLoaderKHR [end]
12-07 17:41:54.329 V/OpenXR  ( 2252): OpenXRForwardLoader::xrNegotiateLoaderRuntimeInterface [start]
12-07 17:41:54.330 V/OpenXR  ( 2252): OpenXRForwardLoader::xrNegotiateLoaderRuntimeInterface [end]
12-07 17:41:54.330 I/OpenXR-Loader( 2252): Info [GENERAL | xrEnumerateInstanceExtensionProperties | OpenXR-Loader] : RuntimeInterface::LoadRuntime succeeded loading runtime defined in manifest file /odm/etc/openxr/1/active_runtime.aarch64.json using interface version 1 and OpenXR API version 1.0
12-07 17:41:54.335 E/TrackedObjectManager( 2832): Failed to connect to TrackedObjectService with error Status(-129, EX_TRANSACTION_FAILED): 'DEAD_OBJECT: '
12-07 17:41:54.335 W/OSDynamicObjectDataQuerier( 2832): Attempted to start tracking objects when tracker was already started
12-07 17:41:54.335 E/TrackedObjectManager( 2832): Failed to connect to TrackedObjectService with error Status(-129, EX_TRANSACTION_FAILED): 'DEAD_OBJECT: '
12-07 17:41:54.335 E/TrackedObjectManager( 2832): Failed to start tracking keyboard object with error Status(-129, EX_TRANSACTION_FAILED): 'DEAD_OBJECT: '
12-07 17:41:54.335 I/GraphicsGovernor( 2832): Dynamic Foveation Lvl 3, Min Foveation Lvl 3, DynRes Enabled 1, DynRes Scaler 1.000000
12-07 17:41:54.338 I/DynamicObjectClient( 4885): Query Dynamic Object Tracker anchors
12-07 17:41:54.338 I/DynamicObjectClient( 4885): Object in query has empty predictions or tracking flags
12-07 17:41:54.341 I/ApplicationAttributes( 2252): IsPrivileged 0
12-07 17:41:54.341 I/OpenXR  ( 2252): Is_X_PartnerGateKeeper
12-07 17:41:54.341 I/OpenXR  ( 2252): PGK Status: exp = 0, dc = true
12-07 17:41:54.341 I/OpenXR  ( 2252): Extension status: APC
12-07 17:41:54.344 I/ApplicationAttributes( 2252): IsSystem 0
12-07 17:41:54.346 E/TrackedObjectManager( 2832): Failed to connect to TrackedObjectService with error Status(-129, EX_TRANSACTION_FAILED): 'DEAD_OBJECT: '
12-07 17:41:54.346 W/OSDynamicObjectDataQuerier( 2832): Attempted to start tracking objects when tracker was already started
12-07 17:41:54.346 E/TrackedObjectManager( 2832): Failed to connect to TrackedObjectService with error Status(-129, EX_TRANSACTION_FAILED): 'DEAD_OBJECT: '
12-07 17:41:54.346 E/TrackedObjectManager( 2832): Failed to start tracking keyboard object with error Status(-129, EX_TRANSACTION_FAILED): 'DEAD_OBJECT: '
12-07 17:41:54.346 E/libosutils( 2252): Failed to get real path of file '/sys/devices/soc0/oem_variant', err: Permission denied
12-07 17:41:54.346 E/libosutils( 2252): Failed to get real path of file '/sys/devices/soc0/platform_subtype_id', err: Permission denied
12-07 17:41:54.346 E/libosutils( 2252): Failed to get real path of file '/sys/devices/soc0/platform_version', err: Permission denied
12-07 17:41:54.346 W/libdeviceid( 2252): DeviceId unknown with subtype FFFFFFFF and version: 0xFFFFFFFF
12-07 17:41:54.343 W/Thread-4( 2252): type=1400 audit(0.0:3665): avc:  denied  { search } for  name="soc0" dev="sysfs" ino=67225 scontext=u:r:untrusted_app:s0:c176,c256,c512,c768 tcontext=u:object_r:vendor_sysfs_soc:s0 tclass=dir permissive=0 app=com.example.moonlight_spatialsdk
12-07 17:41:54.343 W/Thread-4( 2252): type=1400 audit(0.0:3666): avc:  denied  { search } for  name="soc0" dev="sysfs" ino=67225 scontext=u:r:untrusted_app:s0:c176,c256,c512,c768 tcontext=u:object_r:vendor_sysfs_soc:s0 tclass=dir permissive=0 app=com.example.moonlight_spatialsdk
12-07 17:41:54.343 W/Thread-4( 2252): type=1400 audit(0.0:3667): avc:  denied  { search } for  name="soc0" dev="sysfs" ino=67225 scontext=u:r:untrusted_app:s0:c176,c256,c512,c768 tcontext=u:object_r:vendor_sysfs_soc:s0 tclass=dir permissive=0 app=com.example.moonlight_spatialsdk
12-07 17:41:54.347 E/VrDeviceManagerService( 1166): Permission denied: process 2252 (uid 10176) doesn't have the required permission: horizonos.permission.SET_VR_DEVICE_PARAMS
12-07 17:41:54.347 E/VrDeviceManagerService( 1166): Permission denied: process 2252 (uid 10176) doesn't have the required permission: horizonos.permission.READ_VR_DEVICE_PARAMS
12-07 17:41:54.347 E/VrDeviceManagerService( 1166): Permission denied: process 2252 (uid 10176) doesn't have the required permission: horizonos.permission.SET_VR_DEVICE_PARAMS
12-07 17:41:54.347 E/VrDeviceManagerService( 1166): Permission denied: process 2252 (uid 10176) doesn't have the required permission: horizonos.permission.READ_VR_DEVICE_PARAMS
12-07 17:41:54.347 E/VrDeviceManagerService( 1166): Permission denied: process 2252 (uid 10176) doesn't have the required permission: horizonos.permission.SET_VR_DEVICE_PARAMS
12-07 17:41:54.347 E/VrDeviceManagerService( 1166): Permission denied: process 2252 (uid 10176) doesn't have the required permission: horizonos.permission.READ_VR_DEVICE_PARAMS
12-07 17:41:54.348 E/VrDeviceManagerService( 1166): Permission denied: process 2252 (uid 10176) doesn't have the required permission: horizonos.permission.SET_VR_DEVICE_PARAMS
12-07 17:41:54.348 E/VrDeviceManagerService( 1166): Permission denied: process 2252 (uid 10176) doesn't have the required permission: horizonos.permission.READ_VR_DEVICE_PARAMS
12-07 17:41:54.349 E/VrDeviceManagerService( 1166): Permission denied: process 2252 (uid 10176) doesn't have the required permission: horizonos.permission.SET_VR_DEVICE_PARAMS
12-07 17:41:54.349 E/VrDeviceManagerService( 1166): Permission denied: process 2252 (uid 10176) doesn't have the required permission: horizonos.permission.READ_VR_DEVICE_PARAMS
12-07 17:41:54.349 W/libc    ( 2252): Access denied finding property "ro.vendor.product.model_extended"
12-07 17:41:54.350 I/OpenXR  ( 2252): xrEnumerateInstanceExtensionProperties: skipping extension=`XR_FBX1_hand_tracking_confidence` due to: Tier=50 extState=APC deviceIsExpEnabled=false expManifestSet=true isFirstPartyApp=false isSystemApp=false
12-07 17:41:54.350 I/OpenXR  ( 2252): xrEnumerateInstanceExtensionProperties: skipping extension=`XR_METAX1_hand_tracking_joint_visibility` due to: Tier=50 extState=APC deviceIsExpEnabled=false expManifestSet=true isFirstPartyApp=false isSystemApp=false
12-07 17:41:54.350 I/OpenXR  ( 2252): xrEnumerateInstanceExtensionProperties: skipping extension=`XR_METAX2_hand_tracking_microgestures` due to: Tier=50 extState=APC deviceIsExpEnabled=false expManifestSet=true isFirstPartyApp=false isSystemApp=false
12-07 17:41:54.350 I/OpenXR  ( 2252): xrEnumerateInstanceExtensionProperties: skipping extension=`XR_METAX1_full_body_tracking` due to: Tier=50 extState=APC deviceIsExpEnabled=false expManifestSet=true isFirstPartyApp=false isSystemApp=false
12-07 17:41:54.350 I/OpenXR  ( 2252): xrEnumerateInstanceExtensionProperties: skipping extension=`XR_META_body_tracking_full_body` due to: missing uses-feature string `com.oculus.software.body_tracking` from AndroidManifest
12-07 17:41:54.350 I/OpenXR  ( 2252): xrEnumerateInstanceExtensionProperties: skipping extension=`XR_FB_body_tracking` due to: missing uses-feature string `com.oculus.software.body_tracking` from AndroidManifest
12-07 17:41:54.350 I/OpenXR  ( 2252): xrEnumerateInstanceExtensionProperties: skipping extension=`XR_FBX1_body_tracking_config` due to: Tier=55 extState=APC deviceIsExpEnabled=false expManifestSet=true isFirstPartyApp=false isSystemApp=false
12-07 17:41:54.350 I/OpenXR  ( 2252): Checking for permission horizonos.permission.USE_ANCHOR_API of package com.example.moonlight_spatialsdk
12-07 17:41:54.352 D/CompatibilityChangeReporter( 2252): Compat change id reported: 247079863; UID 10176; state: ENABLED
12-07 17:41:54.353 I/OpenXR  ( 2252): Required permission horizonos.permission.USE_ANCHOR_API is missing, retrying check as com.oculus.permission.USE_ANCHOR_API -> 0
12-07 17:41:54.353 I/OpenXR  ( 2252): xrEnumerateInstanceExtensionProperties: skipping extension=`XR_FB_spatial_entity` due to: missing uses-permission string `horizonos.permission.USE_ANCHOR_API` from AndroidManifest in package `com.example.moonlight_spatialsdk`
12-07 17:41:54.354 I/OpenXR  ( 2252): Checking for permission com.oculus.permission.RENDER_MODEL of package com.example.moonlight_spatialsdk
12-07 17:41:54.354 I/OpenXR  ( 2252): checkTrexKillswitchGk 'oculus_trex_render_model_killsw' = false
12-07 17:41:54.354 I/OpenXR  ( 2252): PassesGKKillswitch 1
12-07 17:41:54.354 I/OpenXR  ( 2252): Checking for permission horizonos.permission.USE_ANCHOR_API of package com.example.moonlight_spatialsdk
12-07 17:41:54.355 I/OpenXR  ( 2252): Required permission horizonos.permission.USE_ANCHOR_API is missing, retrying check as com.oculus.permission.USE_ANCHOR_API -> 0
12-07 17:41:54.355 I/OpenXR  ( 2252): xrEnumerateInstanceExtensionProperties: skipping extension=`XR_FB_spatial_entity_query` due to: missing uses-permission string `horizonos.permission.USE_ANCHOR_API` from AndroidManifest in package `com.example.moonlight_spatialsdk`
12-07 17:41:54.355 I/OpenXR  ( 2252): Checking for permission horizonos.permission.USE_ANCHOR_API of package com.example.moonlight_spatialsdk
12-07 17:41:54.357 E/TrackedObjectManager( 2832): Failed to connect to TrackedObjectService with error Status(-129, EX_TRANSACTION_FAILED): 'DEAD_OBJECT: '
12-07 17:41:54.357 W/OSDynamicObjectDataQuerier( 2832): Attempted to start tracking objects when tracker was already started
12-07 17:41:54.357 E/TrackedObjectManager( 2832): Failed to connect to TrackedObjectService with error Status(-129, EX_TRANSACTION_FAILED): 'DEAD_OBJECT: '
12-07 17:41:54.357 E/TrackedObjectManager( 2832): Failed to start tracking keyboard object with error Status(-129, EX_TRANSACTION_FAILED): 'DEAD_OBJECT: '
12-07 17:41:54.357 I/OpenXR  ( 2252): Required permission horizonos.permission.USE_ANCHOR_API is missing, retrying check as com.oculus.permission.USE_ANCHOR_API -> 0
12-07 17:41:54.357 I/OpenXR  ( 2252): xrEnumerateInstanceExtensionProperties: skipping extension=`XR_META_spatial_entity_persistence` due to: missing uses-permission string `horizonos.permission.USE_ANCHOR_API` from AndroidManifest in package `com.example.moonlight_spatialsdk`
12-07 17:41:54.357 I/OpenXR  ( 2252): xrEnumerateInstanceExtensionProperties: skipping extension=`XR_METAX1_spatial_entity_room_sharing` due to: Tier=50 extState=APC deviceIsExpEnabled=false expManifestSet=true isFirstPartyApp=false isSystemApp=false
12-07 17:41:54.357 I/OpenXR  ( 2252): Checking for permission horizonos.permission.USE_ANCHOR_API of package com.example.moonlight_spatialsdk
12-07 17:41:54.359 I/OpenXR  ( 2252): Required permission horizonos.permission.USE_ANCHOR_API is missing, retrying check as com.oculus.permission.USE_ANCHOR_API -> 0
12-07 17:41:54.359 I/OpenXR  ( 2252): xrEnumerateInstanceExtensionProperties: skipping extension=`XR_META_spatial_entity_discovery` due to: missing uses-permission string `horizonos.permission.USE_ANCHOR_API` from AndroidManifest in package `com.example.moonlight_spatialsdk`
12-07 17:41:54.359 I/OpenXR  ( 2252): xrEnumerateInstanceExtensionProperties: skipping extension=`XR_FBX1_touch_controller_extras` due to: Tier=40 extState=APC deviceIsExpEnabled=false expManifestSet=true isFirstPartyApp=false isSystemApp=false
12-07 17:41:54.359 I/OpenXR  ( 2252): xrEnumerateInstanceExtensionProperties: skipping extension=`XR_FBX3_touch_controller_pro` due to: Tier=55 extState=APC deviceIsExpEnabled=false expManifestSet=true isFirstPartyApp=false isSystemApp=false
12-07 17:41:54.359 I/OpenXR  ( 2252): xrEnumerateInstanceExtensionProperties: skipping extension=`XR_FBX1_touch_controller_pro` due to: Tier=55 extState=APC deviceIsExpEnabled=false expManifestSet=true isFirstPartyApp=false isSystemApp=false
12-07 17:41:54.359 I/OpenXR  ( 2252): xrEnumerateInstanceExtensionProperties: skipping extension=`XR_FBX1_haptic_amplitude_envelope` due to: Tier=55 extState=APC deviceIsExpEnabled=false expManifestSet=true isFirstPartyApp=false isSystemApp=false
12-07 17:41:54.359 I/OpenXR  ( 2252): xrEnumerateInstanceExtensionProperties: skipping extension=`XR_FBX1_haptic_tone` due to: Tier=55 extState=APC deviceIsExpEnabled=false expManifestSet=true isFirstPartyApp=false isSystemApp=false
12-07 17:41:54.359 I/OpenXR  ( 2252): Checking for permission horizonos.permission.USE_ANCHOR_API of package com.example.moonlight_spatialsdk
12-07 17:41:54.361 I/OpenXR  ( 2252): Required permission horizonos.permission.USE_ANCHOR_API is missing, retrying check as com.oculus.permission.USE_ANCHOR_API -> 0
12-07 17:41:54.361 I/OpenXR  ( 2252): xrEnumerateInstanceExtensionProperties: skipping extension=`XR_FB_spatial_entity_storage` due to: missing uses-permission string `horizonos.permission.USE_ANCHOR_API` from AndroidManifest in package `com.example.moonlight_spatialsdk`
12-07 17:41:54.361 I/OpenXR  ( 2252): Checking for permission horizonos.permission.USE_ANCHOR_API of package com.example.moonlight_spatialsdk
12-07 17:41:54.362 I/OpenXR  ( 2252): Required permission horizonos.permission.USE_ANCHOR_API is missing, retrying check as com.oculus.permission.USE_ANCHOR_API -> 0
12-07 17:41:54.362 I/OpenXR  ( 2252): xrEnumerateInstanceExtensionProperties: skipping extension=`XR_FB_spatial_entity_storage_batch` due to: missing uses-permission string `horizonos.permission.USE_ANCHOR_API` from AndroidManifest in package `com.example.moonlight_spatialsdk`
12-07 17:41:54.362 I/OpenXR  ( 2252): Checking for permission horizonos.permission.IMPORT_EXPORT_IOT_MAP_DATA of package com.example.moonlight_spatialsdk
12-07 17:41:54.364 I/OpenXR  ( 2252): Required permission horizonos.permission.IMPORT_EXPORT_IOT_MAP_DATA is missing, retrying check as com.oculus.permission.IMPORT_EXPORT_IOT_MAP_DATA -> 0
12-07 17:41:54.364 I/OpenXR  ( 2252): xrEnumerateInstanceExtensionProperties: skipping extension=`XR_FB_spatial_entity_sharing` due to: missing uses-permission string `horizonos.permission.IMPORT_EXPORT_IOT_MAP_DATA` from AndroidManifest in package `com.example.moonlight_spatialsdk`
12-07 17:41:54.364 I/OpenXR  ( 2252): Checking for permission horizonos.permission.IMPORT_EXPORT_IOT_MAP_DATA of package com.example.moonlight_spatialsdk
12-07 17:41:54.366 I/OpenXR  ( 2252): Required permission horizonos.permission.IMPORT_EXPORT_IOT_MAP_DATA is missing, retrying check as com.oculus.permission.IMPORT_EXPORT_IOT_MAP_DATA -> 0
12-07 17:41:54.366 I/OpenXR  ( 2252): xrEnumerateInstanceExtensionProperties: skipping extension=`XR_META_spatial_entity_sharing` due to: missing uses-permission string `horizonos.permission.IMPORT_EXPORT_IOT_MAP_DATA` from AndroidManifest in package `com.example.moonlight_spatialsdk`
12-07 17:41:54.366 I/OpenXR  ( 2252): Checking for permission horizonos.permission.IMPORT_EXPORT_IOT_MAP_DATA of package com.example.moonlight_spatialsdk
12-07 17:41:54.367 I/OpenXR  ( 2252): Required permission horizonos.permission.IMPORT_EXPORT_IOT_MAP_DATA is missing, retrying check as com.oculus.permission.IMPORT_EXPORT_IOT_MAP_DATA -> 0
12-07 17:41:54.367 I/OpenXR  ( 2252): xrEnumerateInstanceExtensionProperties: skipping extension=`XR_META_spatial_entity_group_sharing` due to: missing uses-permission string `horizonos.permission.IMPORT_EXPORT_IOT_MAP_DATA` from AndroidManifest in package `com.example.moonlight_spatialsdk`
12-07 17:41:54.367 I/OpenXR  ( 2252): Checking for permission horizonos.permission.USE_ANCHOR_API of package com.example.moonlight_spatialsdk
12-07 17:41:54.368 E/TrackedObjectManager( 2832): Failed to connect to TrackedObjectService with error Status(-129, EX_TRANSACTION_FAILED): 'DEAD_OBJECT: '
12-07 17:41:54.368 W/OSDynamicObjectDataQuerier( 2832): Attempted to start tracking objects when tracker was already started
12-07 17:41:54.368 E/TrackedObjectManager( 2832): Failed to connect to TrackedObjectService with error Status(-129, EX_TRANSACTION_FAILED): 'DEAD_OBJECT: '
12-07 17:41:54.368 E/TrackedObjectManager( 2832): Failed to start tracking keyboard object with error Status(-129, EX_TRANSACTION_FAILED): 'DEAD_OBJECT: '
12-07 17:41:54.369 I/OpenXR  ( 2252): Required permission horizonos.permission.USE_ANCHOR_API is missing, retrying check as com.oculus.permission.USE_ANCHOR_API -> 0
12-07 17:41:54.369 I/OpenXR  ( 2252): xrEnumerateInstanceExtensionProperties: skipping extension=`XR_FB_spatial_entity_container` due to: missing uses-permission string `horizonos.permission.USE_ANCHOR_API` from AndroidManifest in package `com.example.moonlight_spatialsdk`
12-07 17:41:54.369 I/OpenXR  ( 2252): Checking for permission com.oculus.permission.USE_COLOCATION_DISCOVERY_API of package com.example.moonlight_spatialsdk
12-07 17:41:54.370 I/OpenXR  ( 2252): xrEnumerateInstanceExtensionProperties: skipping extension=`XR_META_colocation_discovery` due to: missing uses-permission string `com.oculus.permission.USE_COLOCATION_DISCOVERY_API` from AndroidManifest in package `com.example.moonlight_spatialsdk`
12-07 17:41:54.370 I/OpenXR  ( 2252): Checking for permission horizonos.permission.USE_ANCHOR_API of package com.example.moonlight_spatialsdk
12-07 17:41:54.372 I/OpenXR  ( 2252): Required permission horizonos.permission.USE_ANCHOR_API is missing, retrying check as com.oculus.permission.USE_ANCHOR_API -> 0
12-07 17:41:54.372 I/OpenXR  ( 2252): xrEnumerateInstanceExtensionProperties: skipping extension=`XR_FB_scene` due to: missing uses-permission string `horizonos.permission.USE_ANCHOR_API` from AndroidManifest in package `com.example.moonlight_spatialsdk`
12-07 17:41:54.372 I/OpenXR  ( 2252): Checking for permission horizonos.permission.USE_ANCHOR_API of package com.example.moonlight_spatialsdk
12-07 17:41:54.374 I/OpenXR  ( 2252): Required permission horizonos.permission.USE_ANCHOR_API is missing, retrying check as com.oculus.permission.USE_ANCHOR_API -> 0
12-07 17:41:54.374 I/OpenXR  ( 2252): xrEnumerateInstanceExtensionProperties: skipping extension=`XR_FB_scene_capture` due to: missing uses-permission string `horizonos.permission.USE_ANCHOR_API` from AndroidManifest in package `com.example.moonlight_spatialsdk`
12-07 17:41:54.374 I/OpenXR  ( 2252): xrEnumerateInstanceExtensionProperties: skipping extension=`XR_FBX1_plane` due to: Tier=55 extState=APC deviceIsExpEnabled=false expManifestSet=true isFirstPartyApp=false isSystemApp=false
12-07 17:41:54.374 I/OpenXR  ( 2252): xrEnumerateInstanceExtensionProperties: skipping extension=`XR_METAX1_spatial_entity_mesh` due to: Tier=50 extState=APC deviceIsExpEnabled=false expManifestSet=true isFirstPartyApp=false isSystemApp=false
12-07 17:41:54.374 I/OpenXR  ( 2252): Checking for permission horizonos.permission.USE_SCENE of package com.example.moonlight_spatialsdk
12-07 17:41:54.376 I/OpenXR  ( 2252): Required permission horizonos.permission.USE_SCENE is missing, retrying check as com.oculus.permission.USE_SCENE -> 0
12-07 17:41:54.376 I/OpenXR  ( 2252): xrEnumerateInstanceExtensionProperties: skipping extension=`XR_META_spatial_entity_mesh` due to: missing uses-permission string `horizonos.permission.USE_SCENE` from AndroidManifest in package `com.example.moonlight_spatialsdk`
12-07 17:41:54.376 I/OpenXR  ( 2252): xrEnumerateInstanceExtensionProperties: skipping extension=`XR_METAX2_spatial_entity_room_mesh` due to: Tier=50 extState=APC deviceIsExpEnabled=false expManifestSet=true isFirstPartyApp=false isSystemApp=false
12-07 17:41:54.376 I/OpenXR  ( 2252): Checking for permission horizonos.permission.USE_SCENE of package com.example.moonlight_spatialsdk
12-07 17:41:54.378 I/OpenXR  ( 2252): Required permission horizonos.permission.USE_SCENE is missing, retrying check as com.oculus.permission.USE_SCENE -> 0
12-07 17:41:54.378 I/OpenXR  ( 2252): xrEnumerateInstanceExtensionProperties: skipping extension=`XR_META_spatial_entity_room_mesh` due to: missing uses-permission string `horizonos.permission.USE_SCENE` from AndroidManifest in package `com.example.moonlight_spatialsdk`
12-07 17:41:54.378 I/OpenXR  ( 2252): xrEnumerateInstanceExtensionProperties: skipping extension=`XR_FB_face_tracking` due to: missing uses-feature string `oculus.software.face_tracking` from AndroidManifest
12-07 17:41:54.378 I/OpenXR  ( 2252): xrEnumerateInstanceExtensionProperties: skipping extension=`XR_FB_face_tracking2` due to: missing uses-feature string `oculus.software.face_tracking` from AndroidManifest
12-07 17:41:54.378 I/OpenXR  ( 2252): xrEnumerateInstanceExtensionProperties: skipping extension=`XR_METAX1_face_tracking_visemes` due to: Tier=50 extState=APC deviceIsExpEnabled=false expManifestSet=true isFirstPartyApp=false isSystemApp=false
12-07 17:41:54.378 I/OpenXR  ( 2252): xrEnumerateInstanceExtensionProperties: skipping extension=`XR_META_face_tracking_visemes` due to: missing uses-feature string `oculus.software.face_tracking` from AndroidManifest
12-07 17:41:54.378 I/OpenXR  ( 2252): xrEnumerateInstanceExtensionProperties: skipping extension=`XR_FBX1_face_tracking_config` due to: Tier=55 extState=APC deviceIsExpEnabled=false expManifestSet=true isFirstPartyApp=false isSystemApp=false
12-07 17:41:54.378 I/OpenXR  ( 2252): xrEnumerateInstanceExtensionProperties: skipping extension 'XR_META_local_dimming' as device requirements requirements (16) are not met.
12-07 17:41:54.378 I/OpenXR  ( 2252): xrEnumerateInstanceExtensionProperties: skipping extension=`XR_METAX1_local_dimming` due to: Tier=55 extState=APC deviceIsExpEnabled=false expManifestSet=true isFirstPartyApp=false isSystemApp=false
12-07 17:41:54.379 I/OpenXR  ( 2252): xrEnumerateInstanceExtensionProperties: skipping extension=`XR_META_foveation_eye_tracked` due to: missing uses-feature string `oculus.software.eye_tracking` from AndroidManifest
12-07 17:41:54.379 I/OpenXR  ( 2252): xrEnumerateInstanceExtensionProperties: skipping extension=`XR_FBX1_eye_tracking` due to: Tier=55 extState=APC deviceIsExpEnabled=false expManifestSet=true isFirstPartyApp=false isSystemApp=false
12-07 17:41:54.379 I/OpenXR  ( 2252): xrEnumerateInstanceExtensionProperties: skipping extension=`XR_FBX1_eye_tracking_social` due to: Tier=55 extState=APC deviceIsExpEnabled=false expManifestSet=true isFirstPartyApp=false isSystemApp=false
12-07 17:41:54.379 I/OpenXR  ( 2252): xrEnumerateInstanceExtensionProperties: skipping extension=`XR_FB_eye_tracking_social` due to: missing uses-feature string `oculus.software.eye_tracking` from AndroidManifest
12-07 17:41:54.379 I/OpenXR  ( 2252): xrEnumerateInstanceExtensionProperties: skipping extension=`XR_FBX1_eye_tracking_social_config` due to: Tier=55 extState=APC deviceIsExpEnabled=false expManifestSet=true isFirstPartyApp=false isSystemApp=false
12-07 17:41:54.379 I/OpenXR  ( 2252): xrEnumerateInstanceExtensionProperties: skipping extension=`XR_FBX1_composition_layer_settings` due to: Tier=40 extState=APC deviceIsExpEnabled=false expManifestSet=true isFirstPartyApp=false isSystemApp=false
12-07 17:41:54.379 I/OpenXR  ( 2252): xrEnumerateInstanceExtensionProperties: skipping extension=`XR_METAX1_feature_fidelity` due to: Tier=55 extState=APC deviceIsExpEnabled=false expManifestSet=true isFirstPartyApp=false isSystemApp=false
12-07 17:41:54.379 I/OpenXR  ( 2252): xrEnumerateInstanceExtensionProperties: skipping extension=`XR_FBX1_composition_layer_depth_test` due to: Tier=40 extState=APC deviceIsExpEnabled=false expManifestSet=true isFirstPartyApp=false isSystemApp=false
12-07 17:41:54.379 I/OpenXR  ( 2252): Checking for permission horizonos.permission.EYE_TRACKING of package com.example.moonlight_spatialsdk
12-07 17:41:54.379 E/TrackedObjectManager( 2832): Failed to connect to TrackedObjectService with error Status(-129, EX_TRANSACTION_FAILED): 'DEAD_OBJECT: '
12-07 17:41:54.379 W/OSDynamicObjectDataQuerier( 2832): Attempted to start tracking objects when tracker was already started
12-07 17:41:54.379 E/TrackedObjectManager( 2832): Failed to connect to TrackedObjectService with error Status(-129, EX_TRANSACTION_FAILED): 'DEAD_OBJECT: '
12-07 17:41:54.379 E/TrackedObjectManager( 2832): Failed to start tracking keyboard object with error Status(-129, EX_TRANSACTION_FAILED): 'DEAD_OBJECT: '
12-07 17:41:54.381 I/OpenXR  ( 2252): Required permission horizonos.permission.EYE_TRACKING is missing, retrying check as com.oculus.permission.EYE_TRACKING -> 0
12-07 17:41:54.381 I/OpenXR  ( 2252): xrEnumerateInstanceExtensionProperties: skipping extension=`XR_EXT_eye_gaze_interaction` due to: missing uses-permission string `horizonos.permission.EYE_TRACKING` from AndroidManifest in package `com.example.moonlight_spatialsdk`
12-07 17:41:54.381 I/OpenXR  ( 2252): xrEnumerateInstanceExtensionProperties: skipping extension=`XR_METAX1_hand_tracking_body_fusion` due to: Tier=50 extState=APC deviceIsExpEnabled=false expManifestSet=true isFirstPartyApp=false isSystemApp=false
12-07 17:41:54.381 I/OpenXR  ( 2252): xrEnumerateInstanceExtensionProperties: skipping extension=`XR_META_hand_tracking_wide_motion_mode` due to: missing uses-feature string `com.oculus.software.body_tracking` from AndroidManifest
12-07 17:41:54.381 I/OpenXR  ( 2252): xrEnumerateInstanceExtensionProperties: skipping extension=`XR_METAX1_hand_tracking_wide_motion_mode2` due to: Tier=50 extState=APC deviceIsExpEnabled=false expManifestSet=true isFirstPartyApp=false isSystemApp=false
12-07 17:41:54.381 I/OpenXR  ( 2252): xrEnumerateInstanceExtensionProperties: skipping extension=`XR_METAX1_hand_tracking_frequency_hint` due to: Tier=50 extState=APC deviceIsExpEnabled=false expManifestSet=true isFirstPartyApp=false isSystemApp=false
12-07 17:41:54.381 I/OpenXR  ( 2252): xrEnumerateInstanceExtensionProperties: skipping extension=`XR_METAX1_hand_tracking_unextrapolated_poses` due to: Tier=50 extState=APC deviceIsExpEnabled=false expManifestSet=true isFirstPartyApp=false isSystemApp=false
12-07 17:41:54.381 I/OpenXR  ( 2252): xrEnumerateInstanceExtensionProperties: skipping extension=`XR_EXTX1_hand_tracking_data_source` due to: Tier=40 extState=APC deviceIsExpEnabled=false expManifestSet=true isFirstPartyApp=false isSystemApp=false
12-07 17:41:54.381 I/OpenXR  ( 2252): xrEnumerateInstanceExtensionProperties: skipping extension=`XR_METAX1_performance_metrics` due to: Tier=40 extState=APC deviceIsExpEnabled=false expManifestSet=true isFirstPartyApp=false isSystemApp=false
12-07 17:41:54.381 I/OpenXR  ( 2252): xrEnumerateInstanceExtensionProperties: skipping extension=`XR_METAX1_spatial_entity_marker` due to: Tier=40 extState=APC deviceIsExpEnabled=false expManifestSet=true isFirstPartyApp=false isSystemApp=false
12-07 17:41:54.381 I/OpenXR  ( 2252): xrEnumerateInstanceExtensionProperties: skipping extension=`XR_METAX1_virtual_keyboard` due to: Tier=40 extState=APC deviceIsExpEnabled=false expManifestSet=true isFirstPartyApp=false isSystemApp=false
12-07 17:41:54.381 I/OpenXR  ( 2252): xrEnumerateInstanceExtensionProperties: skipping extension=`XR_METAX2_virtual_keyboard` due to: Tier=40 extState=APC deviceIsExpEnabled=false expManifestSet=true isFirstPartyApp=false isSystemApp=false
12-07 17:41:54.381 I/OpenXR  ( 2252): xrEnumerateInstanceExtensionProperties: skipping extension=`XR_METAX1_fitness_toolkit` due to: Tier=50 extState=APC deviceIsExpEnabled=false expManifestSet=true isFirstPartyApp=false isSystemApp=false
12-07 17:41:54.381 I/OpenXR  ( 2252): xrEnumerateInstanceExtensionProperties: skipping extension=`XR_EXTX1_event_channel` due to: Tier=40 extState=APC deviceIsExpEnabled=false expManifestSet=true isFirstPartyApp=false isSystemApp=false
12-07 17:41:54.381 I/OpenXR  ( 2252): xrEnumerateInstanceExtensionProperties: skipping extension=`XR_METAX1_environment_depth` due to: Tier=40 extState=APC deviceIsExpEnabled=false expManifestSet=true isFirstPartyApp=false isSystemApp=false
12-07 17:41:54.381 I/OpenXR  ( 2252): xrEnumerateInstanceExtensionProperties: skipping extension=`XR_METAX2_environment_depth` due to: Tier=40 extState=APC deviceIsExpEnabled=false expManifestSet=true isFirstPartyApp=false isSystemApp=false
12-07 17:41:54.381 I/OpenXR  ( 2252): Checking for permission horizonos.permission.USE_SCENE of package com.example.moonlight_spatialsdk
12-07 17:41:54.383 I/OpenXR  ( 2252): Required permission horizonos.permission.USE_SCENE is missing, retrying check as com.oculus.permission.USE_SCENE -> 0
12-07 17:41:54.383 I/OpenXR  ( 2252): xrEnumerateInstanceExtensionProperties: skipping extension=`XR_META_environment_depth` due to: missing uses-permission string `horizonos.permission.USE_SCENE` from AndroidManifest in package `com.example.moonlight_spatialsdk`
12-07 17:41:54.383 I/OpenXR  ( 2252): Checking for permission horizonos.permission.USE_SCENE of package com.example.moonlight_spatialsdk
12-07 17:41:54.385 I/OpenXR  ( 2252): Required permission horizonos.permission.USE_SCENE is missing, retrying check as com.oculus.permission.USE_SCENE -> 0
12-07 17:41:54.385 I/OpenXR  ( 2252): xrEnumerateInstanceExtensionProperties: skipping extension=`XR_META_environment_raycast` due to: missing uses-permission string `horizonos.permission.USE_SCENE` from AndroidManifest in package `com.example.moonlight_spatialsdk`
12-07 17:41:54.385 I/OpenXR  ( 2252): xrEnumerateInstanceExtensionProperties: skipping extension=`XR_METAX1_automatic_layer_filter` due to: Tier=50 extState=APC deviceIsExpEnabled=false expManifestSet=true isFirstPartyApp=false isSystemApp=false
12-07 17:41:54.385 I/OpenXR  ( 2252): xrEnumerateInstanceExtensionProperties: skipping extension=`XR_METAX1_body_tracking_fidelity` due to: Tier=50 extState=APC deviceIsExpEnabled=false expManifestSet=true isFirstPartyApp=false isSystemApp=false
12-07 17:41:54.385 I/OpenXR  ( 2252): xrEnumerateInstanceExtensionProperties: skipping extension=`XR_META_body_tracking_fidelity` due to: missing uses-feature string `com.oculus.software.body_tracking` from AndroidManifest
12-07 17:41:54.385 I/OpenXR  ( 2252): xrEnumerateInstanceExtensionProperties: skipping extension=`XR_METAX1_body_tracking_calibration` due to: Tier=50 extState=APC deviceIsExpEnabled=false expManifestSet=true isFirstPartyApp=false isSystemApp=false
12-07 17:41:54.385 I/OpenXR  ( 2252): xrEnumerateInstanceExtensionProperties: skipping extension=`XR_META_body_tracking_calibration` due to: missing uses-feature string `com.oculus.software.body_tracking` from AndroidManifest
12-07 17:41:54.385 I/OpenXR  ( 2252): xrEnumerateInstanceExtensionProperties: skipping extension=`XR_METAX1_view_locate_stabilization` due to: Tier=50 extState=APC deviceIsExpEnabled=false expManifestSet=true isFirstPartyApp=false isSystemApp=false
12-07 17:41:54.385 I/OpenXR  ( 2252): xrEnumerateInstanceExtensionProperties: skipping extension=`XR_METAX1_boundary_visibility` due to: Tier=50 extState=APC deviceIsExpEnabled=false expManifestSet=true isFirstPartyApp=false isSystemApp=false
12-07 17:41:54.385 I/OpenXR  ( 2252): Checking for permission com.oculus.permission.BOUNDARY_VISIBILITY of package com.example.moonlight_spatialsdk
12-07 17:41:54.386 I/OpenXR  ( 2252): xrEnumerateInstanceExtensionProperties: skipping extension=`XR_META_boundary_visibility` due to: missing uses-permission string `com.oculus.permission.BOUNDARY_VISIBILITY` from AndroidManifest in package `com.example.moonlight_spatialsdk`
12-07 17:41:54.386 I/OpenXR  ( 2252): xrEnumerateInstanceExtensionProperties: skipping extension=`XR_METAX1_dynamic_object_tracker` due to: Tier=40 extState=APC deviceIsExpEnabled=false expManifestSet=true isFirstPartyApp=false isSystemApp=false
12-07 17:41:54.386 I/OpenXR  ( 2252): Checking for permission horizonos.permission.USE_SCENE of package com.example.moonlight_spatialsdk
12-07 17:41:54.387 I/OpenXR  ( 2252): Required permission horizonos.permission.USE_SCENE is missing, retrying check as com.oculus.permission.USE_SCENE -> 0
12-07 17:41:54.387 I/OpenXR  ( 2252): xrEnumerateInstanceExtensionProperties: skipping extension=`XR_META_dynamic_object_tracker` due to: missing uses-permission string `horizonos.permission.USE_SCENE` from AndroidManifest in package `com.example.moonlight_spatialsdk`
12-07 17:41:54.387 I/OpenXR  ( 2252): Checking for permission horizonos.permission.USE_SCENE of package com.example.moonlight_spatialsdk
12-07 17:41:54.388 I/OpenXR  ( 2252): Required permission horizonos.permission.USE_SCENE is missing, retrying check as com.oculus.permission.USE_SCENE -> 0
12-07 17:41:54.388 I/OpenXR  ( 2252): xrEnumerateInstanceExtensionProperties: skipping extension=`XR_META_dynamic_object_keyboard` due to: missing uses-permission string `horizonos.permission.USE_SCENE` from AndroidManifest in package `com.example.moonlight_spatialsdk`
12-07 17:41:54.388 I/OpenXR  ( 2252): xrEnumerateInstanceExtensionProperties: skipping extension=`XR_METAX2_temporal_antialiasing` due to: Tier=50 extState=APC deviceIsExpEnabled=false expManifestSet=true isFirstPartyApp=false isSystemApp=false
12-07 17:41:54.388 I/OpenXR  ( 2252): xrEnumerateInstanceExtensionProperties: skipping extension=`XR_METAX3_temporal_antialiasing` due to: Tier=50 extState=APC deviceIsExpEnabled=false expManifestSet=true isFirstPartyApp=false isSystemApp=false
12-07 17:41:54.388 I/OpenXR  ( 2252): xrEnumerateInstanceExtensionProperties: skipping extension=`XR_LOGITECHX1_kadavu_interaction` due to: Tier=50 extState=APC deviceIsExpEnabled=false expManifestSet=true isFirstPartyApp=false isSystemApp=false
12-07 17:41:54.388 I/OpenXR  ( 2252): xrEnumerateInstanceExtensionProperties: skipping extension=`XR_METAX1_performance_modes` due to: Tier=50 extState=APC deviceIsExpEnabled=false expManifestSet=true isFirstPartyApp=false isSystemApp=false
12-07 17:41:54.388 I/OpenXR  ( 2252): xrEnumerateInstanceExtensionProperties: skipping extension=`XR_METAX2_colocation` due to: Tier=50 extState=APC deviceIsExpEnabled=false expManifestSet=true isFirstPartyApp=false isSystemApp=false
12-07 17:41:54.388 I/OpenXR  ( 2252): xrEnumerateInstanceExtensionProperties: skipping extension=`XR_METAX2_debug_utils_region_profiling` due to: Tier=50 extState=APC deviceIsExpEnabled=false expManifestSet=true isFirstPartyApp=false isSystemApp=false
12-07 17:41:54.388 I/OpenXR  ( 2252): xrEnumerateInstanceExtensionProperties: skipping extension=`XR_METAX1_swapchain_memory_aliased` due to: Tier=50 extState=APC deviceIsExpEnabled=false expManifestSet=true isFirstPartyApp=false isSystemApp=false
12-07 17:41:54.388 I/OpenXR  ( 2252): xrEnumerateInstanceExtensionProperties: skipping extension=`XR_EXTX2_stationary_reference_space` due to: Tier=40 extState=APC deviceIsExpEnabled=false expManifestSet=true isFirstPartyApp=false isSystemApp=false
12-07 17:41:54.388 I/OpenXR  ( 2252): Checking for permission horizonos.permission.USE_ANCHOR_API of package com.example.moonlight_spatialsdk
12-07 17:41:54.389 I/OpenXR  ( 2252): Required permission horizonos.permission.USE_ANCHOR_API is missing, retrying check as com.oculus.permission.USE_ANCHOR_API -> 0
12-07 17:41:54.389 I/OpenXR  ( 2252): xrEnumerateInstanceExtensionProperties: skipping extension=`XR_EXT_spatial_entity` due to: missing uses-permission string `horizonos.permission.USE_ANCHOR_API` from AndroidManifest in package `com.example.moonlight_spatialsdk`
12-07 17:41:54.389 I/OpenXR  ( 2252): Checking for permission horizonos.permission.USE_ANCHOR_API of package com.example.moonlight_spatialsdk
12-07 17:41:54.391 E/TrackedObjectManager( 2832): Failed to connect to TrackedObjectService with error Status(-129, EX_TRANSACTION_FAILED): 'DEAD_OBJECT: '
12-07 17:41:54.391 W/OSDynamicObjectDataQuerier( 2832): Attempted to start tracking objects when tracker was already started
12-07 17:41:54.391 E/TrackedObjectManager( 2832): Failed to connect to TrackedObjectService with error Status(-129, EX_TRANSACTION_FAILED): 'DEAD_OBJECT: '
12-07 17:41:54.391 E/TrackedObjectManager( 2832): Failed to start tracking keyboard object with error Status(-129, EX_TRANSACTION_FAILED): 'DEAD_OBJECT: '
12-07 17:41:54.391 I/OpenXR  ( 2252): Required permission horizonos.permission.USE_ANCHOR_API is missing, retrying check as com.oculus.permission.USE_ANCHOR_API -> 0
12-07 17:41:54.391 I/OpenXR  ( 2252): xrEnumerateInstanceExtensionProperties: skipping extension=`XR_EXT_spatial_anchor` due to: missing uses-permission string `horizonos.permission.USE_ANCHOR_API` from AndroidManifest in package `com.example.moonlight_spatialsdk`
12-07 17:41:54.391 I/OpenXR  ( 2252): Checking for permission horizonos.permission.USE_SCENE of package com.example.moonlight_spatialsdk
