12-07 18:28:05.546 I/[SEO] PanelAppLaunchInfo( 3469): PanelAppLaunchInfo componentString:com.example.moonlight_spatialsdk/com.example.moonlight_spatialsdk.ImmersiveActivity packageName:com.example.moonlight_spatialsdk serviceName:com.example.moonlight_spatialsdk.ImmersiveActivity componentName:com.example.moonlight_spatialsdk/com.example.moonlight_spatialsdk.ImmersiveActivity
12-07 18:28:05.546 I/[SEO] HostPlatform( 3469): Retrieving component launch information for package (com.example.moonlight_spatialsdk) and service (com.example.moonlight_spatialsdk.ImmersiveActivity)
12-07 18:28:05.546 I/[SEO] PanelAppLaunchInfo( 3469): SetMultiLayer shouldAllowLayerSupport_ [0] name [] componentName [com.example.moonlight_spatialsdk/com.example.moonlight_spatialsdk.ImmersiveActivity]
12-07 18:28:05.546 I/[SEO] HostPlatform( 3469): Is PanelSDK component for package (com.example.moonlight_spatialsdk) and service (com.example.moonlight_spatialsdk.ImmersiveActivity) - false
12-07 18:28:05.546 D/CompatibilityChangeReporter( 1971): Compat change id reported: 161252188; UID 10176; state: DISABLED
12-07 18:28:05.547 I/[SEO] LaunchController( 3469): Registering Pending Launch of type External with component: com.example.moonlight_spatialsdk/com.example.moonlight_spatialsdk.ImmersiveActivity launchId: 4c9c741c-5163-4b9e-933a-c479ef056965 requested by com.oculus.vrshell.intent.action.LAUNCH, overwriting existing launch false, of type None.
12-07 18:28:05.549 E/TrackedObjectManager( 2832): Failed to connect to TrackedObjectService with error Status(-129, EX_TRANSACTION_FAILED): 'DEAD_OBJECT: '
12-07 18:28:05.549 W/OSDynamicObjectDataQuerier( 2832): Attempted to start tracking objects when tracker was already started
12-07 18:28:05.549 E/TrackedObjectManager( 2832): Failed to connect to TrackedObjectService with error Status(-129, EX_TRANSACTION_FAILED): 'DEAD_OBJECT: '
12-07 18:28:05.550 E/TrackedObjectManager( 2832): Failed to start tracking keyboard object with error Status(-129, EX_TRANSACTION_FAILED): 'DEAD_OBJECT: '
12-07 18:28:05.552 W/AppManagerInternal(27119): Entitlement for packageName=com.example.moonlight_spatialsdk not found, channels=[Store, Q4B, PcStore]
12-07 18:28:05.552 D/LibraryProvider(27119): queryApp(com.example.moonlight_spatialsdk) could not find entitlement
12-07 18:28:05.552 W/OVRLibrary( 3469): null cursor received for query content://com.oculus.ocms.library/apps/com.example.moonlight_spatialsdk
12-07 18:28:05.552 D/[SEO] HostPlatformPackages( 3469): app is null, packageName: com.example.moonlight_spatialsdk
12-07 18:28:05.554 I/[SEO] LaunchCheckController( 3469): GetAutomationForceLaunchCheckFlags: packageName=com.example.moonlight_spatialsdk, forcedLaunchCheckApp=
12-07 18:28:05.554 I/[SEO] LaunchCheckController( 3469): Building launch checks for component: com.example.moonlight_spatialsdk/com.example.moonlight_spatialsdk.ImmersiveActivity launchId: 4c9c741c-5163-4b9e-933a-c479ef056965
12-07 18:28:05.554 I/[SEO] LaunchCheckController( 3469): GetAutomationForceLaunchCheckFlags: packageName=com.example.moonlight_spatialsdk, forcedLaunchCheckApp=
12-07 18:28:05.554 I/[SEO] LaunchCheckController( 3469): Finished building launch checks for component: com.example.moonlight_spatialsdk/com.example.moonlight_spatialsdk.ImmersiveActivity launchId: 4c9c741c-5163-4b9e-933a-c479ef056965
12-07 18:28:05.555 I/[SEO] LaunchController( 3469): LaunchController::Launch pending type External, pending details component: com.example.moonlight_spatialsdk/com.example.moonlight_spatialsdk.ImmersiveActivity launchId: 4c9c741c-5163-4b9e-933a-c479ef056965, launch type External, launch details component: com.example.moonlight_spatialsdk/com.example.moonlight_spatialsdk.ImmersiveActivity launchId: 4c9c741c-5163-4b9e-933a-c479ef056965
12-07 18:28:05.555 I/[SEO] ApplicationLaunchData( 3469): UpdateShortcutCurrencyInLibrary aliasId is empty
12-07 18:28:05.555 I/[SEO] HostPlatform( 3469): LaunchExternalApplication
12-07 18:28:05.555 D/[UNSET] ShellApplication( 3469): sendLaunchIntent: 'com.example.moonlight_spatialsdk/com.example.moonlight_spatialsdk.ImmersiveActivity' command: '' launchId: '4c9c741c-5163-4b9e-933a-c479ef056965'
12-07 18:28:05.555 D/[SEO] ShellSpatialWindowManagerService( 3469): Placing immersive activity into new volumetric window
12-07 18:28:05.557 D/[SEO] ShellSpatialWindowManagerService( 3469): placeImmersiveActivityIntoNewVolumetricWindow: shouldQuitCurrentApp=false
12-07 18:28:05.557 I/[SEO] DesktopPanelController( 3469): Animating desktop hide with reason system-initiated, source ExternalLaunch
12-07 18:28:05.558 I/VolumetricWindowManagerServiceImpl( 1971): Handling SWMS response: launch into NEW_VOLUMETRIC_WINDOW VolumetricWindowPlacementResponse { volumetricToken = VolumetricWindowToken { scope = 1, token = horizonos.view.VolumetricWindowToken$InternalVolumetricToken@152a8aa, persistableToken = c1b32ee2-be38-492f-895e-13f66b2ad7dd }, relativeSpaceToken = SpaceToken { binderToken = android.os.BinderProxy@8194805, persistableToken = 00000000-0000-0000-0000-000000000000 }, pose = Pose { orientation = Vector4f { x = 0.0, y = 0.0, z = 0.0, w = 1.0 }, position = Vector3f { x = 0.0, y = 0.0, z = 0.0 } }, bounds = Extent3f { width = 0.15874992, height = 0.07937496, depth = 0.0 }, surfaceSize = 1000x500, densityDpi = 0, visible = true } for launch request [ActivityInfo{1c23f95 com.example.moonlight_spatialsdk.ImmersiveActivity}](vrdesktop seq: 1)
12-07 18:28:05.558 I/VolumetricContainerPlacement( 1971): acquired ContainerPlacement{mId=0, mBounds=Rect(0, 0 - 8000, 8000)}
12-07 18:28:05.558 D/parfait:service( 1158): Received TRACE_START process_start:com.example.moonlight_spatialsdk request
12-07 18:28:05.558 D/parfait:tracing( 1158): Trigger scenario name: process_start:com.example.moonlight_spatialsdk
12-07 18:28:05.558 I/parfait:tracing( 1158): Trigger scenario process_start:com.example.moonlight_spatialsdk not found in config, ignoring.
12-07 18:28:05.558 D/parfait:logger( 1158): Dropping event /data/oculus/parfait/telemetry_logs/7bf1a7d1-0723-229b-ac4e-7510e11ee999.log
12-07 18:28:05.560 I/SpaceManagerServiceImpl( 1971): addSpace done: userId = 0, spaceToken = SpaceToken { binderToken = horizonos.view.SpaceToken$InternalSpaceToken@d11cc9b, persistableToken = 74848b3f-124a-47ae-ae5d-3f4c224a37ac }
12-07 18:28:05.561 E/TrackedObjectManager( 2832): Failed to connect to TrackedObjectService with error Status(-129, EX_TRANSACTION_FAILED): 'DEAD_OBJECT: '
12-07 18:28:05.561 W/OSDynamicObjectDataQuerier( 2832): Attempted to start tracking objects when tracker was already started
12-07 18:28:05.561 E/TrackedObjectManager( 2832): Failed to connect to TrackedObjectService with error Status(-129, EX_TRANSACTION_FAILED): 'DEAD_OBJECT: '
12-07 18:28:05.561 E/TrackedObjectManager( 2832): Failed to start tracking keyboard object with error Status(-129, EX_TRANSACTION_FAILED): 'DEAD_OBJECT: '
12-07 18:28:05.562 I/DisplayDeviceRepository( 1971): Display device added: DisplayDeviceInfo{"MirrorRoot for c1b32ee2-be38-492f-895e-13f66b2ad7dd": uniqueId="virtual:android,1000,MirrorRoot for c1b32ee2-be38-492f-895e-13f66b2ad7dd,0", 1000 x 500, modeId 1537, renderFrameRate 60.0, defaultModeId 1537, supportedModes [{id=1537, width=1000, height=500, fps=60.0, alternativeRefreshRates=[], supportedHdrTypes=[]}], colorMode 0, supportedColorModes [0], hdrCapabilities null, allmSupported false, gameContentTypeSupported false, density 200, 200.0 x 200.0 dpi, appVsyncOff 0, presDeadline 16666666, touch NONE, rotation 0, type VIRTUAL, deviceProductInfo null, state OFF, committedState UNKNOWN, owner android (uid 1000), frameRateOverride , brightnessMinimum 0.0, brightnessMaximum 0.0, brightnessDefault 0.0, hdrSdrRatio NaN, FLAG_SECURE, FLAG_SUPPORTS_PROTECTED_BUFFERS, FLAG_OWN_CONTENT_ONLY, FLAG_DESTROY_CONTENT_ON_REMOVAL, installOrientation 0, displayShape DisplayShape{ spec=-1856918115 displayWidth=1000 displayHeight=500 physicalPixelDisplaySizeRatio=1.0 rotation=0 offsetX=0 offsetY=0 scale=1.0}}
12-07 18:28:05.563 I/LogicalDisplayMapper( 1971): Applying layout: [{dispId: 0(ON), displayGroupName: , addr: {port=146, model=0x40446dbbd154e4}, mThermalBrightnessThrottlingMapId: null, mRefreshRateZoneId: null, mLeadDisplayId: -1, mThermalRefreshRateThrottlingMapId: null}], Previous layout: [{dispId: 0(ON), displayGroupName: , addr: {port=146, model=0x40446dbbd154e4}, mThermalBrightnessThrottlingMapId: null, mRefreshRateZoneId: null, mLeadDisplayId: -1, mThermalRefreshRateThrottlingMapId: null}]
12-07 18:28:05.563 I/LogicalDisplayMapper( 1971): Setting new display group 0 for display 1140, from previous group: null
12-07 18:28:05.564 I/LogicalDisplayMapper( 1971): Adding new display: 1140: DisplayInfo{"MirrorRoot for c1b32ee2-be38-492f-895e-13f66b2ad7dd", displayId 1140, displayGroupId 0, FLAG_SECURE, FLAG_SUPPORTS_PROTECTED_BUFFERS, real 1000 x 500, largest app 1000 x 500, smallest app 1000 x 500, appVsyncOff 0, presDeadline 16666666, mode 153760.0, defaultMode 1537, modes [{id=1537, width=1000, height=500, fps=60.0, alternativeRefreshRates=[], supportedHdrTypes=[]}], hdrCapabilities null, userDisabledHdrTypes [], minimalPostProcessingSupported false, rotation 0, state OFF, committedState UNKNOWN, type VIRTUAL, uniqueId "virtual:android,1000,MirrorRoot for c1b32ee2-be38-492f-895e-13f66b2ad7dd,0", app 1000 x 500, density 200 (200.0 x 200.0) dpi, layerStack 1140, colorMode 0, supportedColorModes [0], deviceProductInfo null, owner android (uid 1000), removeMode 1, refreshRateOverride 0.0, brightnessMinimum 0.0, brightnessMaximum 0.0, brightnessDefault 0.0, installOrientation ROTATION_0, layoutLimitedRefreshRate null, hdrSdrRatio not_available, thermalRefreshRateThrottling {}, thermalBrightnessThrottlingDataId default}
12-07 18:28:05.564 W/BrightnessThrottler( 1971): DeviceConfig ThermalBrightnessThrottlingData is null
12-07 18:28:05.564 W/DisplayPowerController2[1140]( 1971): Screen brightness nits configuration is unavailable; falling back
12-07 18:28:05.572 E/TrackedObjectManager( 2832): Failed to connect to TrackedObjectService with error Status(-129, EX_TRANSACTION_FAILED): 'DEAD_OBJECT: '
12-07 18:28:05.572 W/OSDynamicObjectDataQuerier( 2832): Attempted to start tracking objects when tracker was already started
12-07 18:28:05.572 E/TrackedObjectManager( 2832): Failed to connect to TrackedObjectService with error Status(-129, EX_TRANSACTION_FAILED): 'DEAD_OBJECT: '
12-07 18:28:05.572 E/TrackedObjectManager( 2832): Failed to start tracking keyboard object with error Status(-129, EX_TRANSACTION_FAILED): 'DEAD_OBJECT: '
12-07 18:28:05.573 I/WindowManager( 1971): Override config changes=20005df8 {0.0 ?mcc0mnc ?localeList ?layoutDir sw400dp w800dp h400dp 200dpi nrml long land ?uimode ?night -touch -keyb/v/h -nav/h winConfig={ mBounds=Rect(0, 0 - 1000, 500) mAppBounds=Rect(0, 0 - 1000, 500) mMaxBounds=Rect(0, 0 - 1000, 500) mDisplayRotation=ROTATION_0 mWindowingMode=fullscreen mDisplayWindowingMode=fullscreen mActivityType=undefined mAlwaysOnTop=undefined mRotation=ROTATION_0} ?fontWeightAdjustment} for displayId=1140
12-07 18:28:05.575 W/DisplayController( 7059): Skipping Display Configuration change on non-added display.
12-07 18:28:05.583 D/DisplayManagerService( 1971): Ignore redundant display event 1140/2 to 10079/25425
12-07 18:28:05.583 D/DisplayManagerService( 1971): Ignore redundant display event 1140/2 to 10049/32634
12-07 18:28:05.584 E/TrackedObjectManager( 2832): Failed to connect to TrackedObjectService with error Status(-129, EX_TRANSACTION_FAILED): 'DEAD_OBJECT: '
12-07 18:28:05.584 W/OSDynamicObjectDataQuerier( 2832): Attempted to start tracking objects when tracker was already started
12-07 18:28:05.584 E/TrackedObjectManager( 2832): Failed to connect to TrackedObjectService with error Status(-129, EX_TRANSACTION_FAILED): 'DEAD_OBJECT: '
12-07 18:28:05.584 E/TrackedObjectManager( 2832): Failed to start tracking keyboard object with error Status(-129, EX_TRANSACTION_FAILED): 'DEAD_OBJECT: '
12-07 18:28:05.585 V/DisplayPowerController2[1140]( 1971): Brightness [0.0] reason changing to: 'manual', previous reason: '0'.
12-07 18:28:05.585 I/DisplayPowerController2[1140]( 1971): BrightnessEvent: disp=1140, physDisp=virtual:android,1000,MirrorRoot for c1b32ee2-be38-492f-895e-13f66b2ad7dd,0, brt=0.0, initBrt=NaN, rcmdBrt=NaN, preBrt=NaN, lux=0.0, preLux=0.0, hbmMax=1.0, hbmMode=off, rbcStrength=-1, thrmMax=1.0, powerFactor=1.0, wasShortTermModelActive=false, flags=, reason=manual, autoBrightness=false, strategy=InvalidBrightnessStrategy
12-07 18:28:05.588 I/VolumetricWindowManagerServiceImpl( 1971): addVolumetricWindow done: userId = 0, wct = bd6b078, vw type = 2, vw persistable token = c1b32ee2-be38-492f-895e-13f66b2ad7dd, rootTaskId = 3
12-07 18:28:05.589 I/VolumetricWindowManagerServiceImpl( 1971): addTaskVolumetricWindowLocked: taskId = 3, VW = VolumetricWindowInfo { volumetricWindowToken = VolumetricWindowToken { scope = 1, token = horizonos.view.VolumetricWindowToken$InternalVolumetricToken@152a8aa, persistableToken = c1b32ee2-be38-492f-895e-13f66b2ad7dd }, type = 2, bounds = Extent3f { width = 0.15874992, height = 0.07937496, depth = 0.0 }, pose = Pose { orientation = Vector4f { x = 0.0, y = 0.0, z = 0.0, w = 1.0 }, position = Vector3f { x = 0.0, y = 0.0, z = 0.0 } }, windowSize2d = Extent2i { width = 1000, height = 500 }, densityDpi = 200, windowSpaceToken = SpaceToken { binderToken = horizonos.view.SpaceToken$InternalSpaceToken@d11cc9b, persistableToken = 74848b3f-124a-47ae-ae5d-3f4c224a37ac }, visible = true, active = true, drawn = false, persistable = false, singlePassCompositionEnabled = false, depthTestEnabled = false, inView = false, windowFlags = 0, priorityHintInfo = PriorityHintInfo { windowPpd = 0.0, viewAngleSine = -1.0, visiblePercent = 1.0, distanceFromUser = 0.0, attentionZone = 0 }, taskInfo = null, presentation = VolumetricWindowPresentationInfo { controlBar = null }, layoutParams = null, children = [], shape = 1, cylinderInfo = null }, isSinglePassCompositionEnabled = false, isComponentBlocklisted = false, isComponentForcedToSPC = false
12-07 18:28:05.594 E/TrackedObjectManager( 2832): Failed to connect to TrackedObjectService with error Status(-129, EX_TRANSACTION_FAILED): 'DEAD_OBJECT: '
12-07 18:28:05.594 W/OSDynamicObjectDataQuerier( 2832): Attempted to start tracking objects when tracker was already started
12-07 18:28:05.594 E/TrackedObjectManager( 2832): Failed to connect to TrackedObjectService with error Status(-129, EX_TRANSACTION_FAILED): 'DEAD_OBJECT: '
12-07 18:28:05.594 E/TrackedObjectManager( 2832): Failed to start tracking keyboard object with error Status(-129, EX_TRANSACTION_FAILED): 'DEAD_OBJECT: '
12-07 18:28:05.597 E/CellBroadcastUtils( 1971): getDefaultCellBroadcastReceiverPackageName: no package found
12-07 18:28:05.599 D/CompatibilityChangeReporter( 1971): Compat change id reported: 184838306; UID 10176; state: DISABLED
12-07 18:28:05.599 D/CompatibilityChangeReporter( 1971): Compat change id reported: 185004937; UID 10176; state: DISABLED
12-07 18:28:05.600 D/perfservice(  872): [POWERHINT] Received LAUNCH hint
12-07 18:28:05.601 D/CompatibilityChangeReporter( 1971): Compat change id reported: 205907456; UID 10176; state: ENABLED
12-07 18:28:05.601 E/perfservice(  872): End applying 'START_HINT' from hint 'LAUNCH' - Failed after 5 retries - Latency: 0.601ms
12-07 18:28:05.601 E/perfservice(  872):   >> Failed final validation: /sys/block/dm-0/queue/read_ahead_kb=512
12-07 18:28:05.601 E/perfservice(  872):   >> Failed final validation: /sys/block/dm-1/queue/read_ahead_kb=512
12-07 18:28:05.602 I/ActivityTaskManager( 1971): Add Task{c028b26 #2972 type=standard A=10176:com.example.moonlight_spatialsdk} to hidden list because adding Task{7fc97ac #2979 type=standard A=10176:com.example.moonlight_spatialsdk}
12-07 18:28:05.605 I/ActivityTaskManager( 1971): START u0 {act=android.intent.action.MAIN flg=0x10010100 cmp=com.example.moonlight_spatialsdk/.ImmersiveActivity (has extras)} with LAUNCH_SINGLE_TASK from uid 10176 (realCallingUid=1000) (BAL_ALLOW_VISIBLE_WINDOW) result code=0
12-07 18:28:05.605 E/TrackedObjectManager( 2832): Failed to connect to TrackedObjectService with error Status(-129, EX_TRANSACTION_FAILED): 'DEAD_OBJECT: '
12-07 18:28:05.605 W/OSDynamicObjectDataQuerier( 2832): Attempted to start tracking objects when tracker was already started
12-07 18:28:05.605 E/TrackedObjectManager( 2832): Failed to connect to TrackedObjectService with error Status(-129, EX_TRANSACTION_FAILED): 'DEAD_OBJECT: '
12-07 18:28:05.605 E/TrackedObjectManager( 2832): Failed to start tracking keyboard object with error Status(-129, EX_TRANSACTION_FAILED): 'DEAD_OBJECT: '
12-07 18:28:05.605 I/VolumetricContentMonitor( 1971): Switching to immersive app. taskId: 3, ActivityInfo{8bc40a com.example.moonlight_spatialsdk.ImmersiveActivity}
12-07 18:28:05.611 I/UiModeController( 1971): Switching from com.oculus.vrshell to com.example.moonlight_spatialsdk
12-07 18:28:05.611 I/InterstitialController( 1971): onImmersiveActivityAppeared: uid: 10176, pid: 11941, state: 4, com.example.moonlight_spatialsdk, on task: WCT{RemoteToken{bd6b078 Task{403e4d4 #3 type=standard}}}, launchId: null
12-07 18:28:05.612 V/WindowManager( 1971): Queueing transition: TransitionRecord{4ba0cb0 id=-1 type=SLEEP flags=0x0}
12-07 18:28:05.612 V/WindowManager( 1971): Content Recording: Display 1140 state is now (1), so update recording?
12-07 18:28:05.616 W/TrustedCallerVerifier(27119): Could not verify trusted caller for uidPackageNames=[com.oculus.metacam] and uidSignature=android.content.pm.Signature@89661ab1
12-07 18:28:05.616 E/TrackedObjectManager( 2832): Failed to connect to TrackedObjectService with error Status(-129, EX_TRANSACTION_FAILED): 'DEAD_OBJECT: '
12-07 18:28:05.616 W/OSDynamicObjectDataQuerier( 2832): Attempted to start tracking objects when tracker was already started
12-07 18:28:05.616 E/TrackedObjectManager( 2832): Failed to connect to TrackedObjectService with error Status(-129, EX_TRANSACTION_FAILED): 'DEAD_OBJECT: '
12-07 18:28:05.616 E/TrackedObjectManager( 2832): Failed to start tracking keyboard object with error Status(-129, EX_TRANSACTION_FAILED): 'DEAD_OBJECT: '
12-07 18:28:05.616 V/WorldManagerService( 1971): VW Content Listener: com.example.moonlight_spatialsdk -1
12-07 18:28:05.616 D/SpatialAudioService( 1971): Skipping processing for app: com.example.moonlight_spatialsdk (isNewApp: false, perAppEnabled: true, epsService: true)
12-07 18:28:05.619 W/AppManagerInternal(27119): Entitlement for packageName=com.example.moonlight_spatialsdk not found, channels=[Store, Q4B, PcStore]
12-07 18:28:05.619 D/LibraryProvider(27119): queryApp(com.example.moonlight_spatialsdk) could not find entitlement
12-07 18:28:05.619 W/OVRLibrary(15000): null cursor received for query content://com.oculus.ocms.library/apps/com.example.moonlight_spatialsdk
12-07 18:28:05.619 E/CoresdkAnalyticsEvent(15000): could not set key=session_id value=null
12-07 18:28:05.623 D/VrosSpatialAudio(11941): Immersive activity detected, skip VrosSpatialAudio init
12-07 18:28:05.625 I/System.out(11941): === IMMERSIVE_ACTIVITY_ONCREATE_START ===
12-07 18:28:05.625 E/ImmersiveActivity(11941): === IMMERSIVE_ACTIVITY_ONCREATE_START ===
12-07 18:28:05.625 I/VrActivity[j](11941): VrActivity::onCreate com.example.moonlight_spatialsdk.ImmersiveActivity@e7b3383 false
12-07 18:28:05.627 E/TrackedObjectManager( 2832): Failed to connect to TrackedObjectService with error Status(-129, EX_TRANSACTION_FAILED): 'DEAD_OBJECT: '
12-07 18:28:05.627 W/OSDynamicObjectDataQuerier( 2832): Attempted to start tracking objects when tracker was already started
12-07 18:28:05.627 E/TrackedObjectManager( 2832): Failed to connect to TrackedObjectService with error Status(-129, EX_TRANSACTION_FAILED): 'DEAD_OBJECT: '
12-07 18:28:05.627 E/TrackedObjectManager( 2832): Failed to start tracking keyboard object with error Status(-129, EX_TRANSACTION_FAILED): 'DEAD_OBJECT: '
12-07 18:28:05.628 I/BpBinder( 2392): onLastStrongRef automatically unlinking death recipients: 
12-07 18:28:05.638 E/TrackedObjectManager( 2832): Failed to connect to TrackedObjectService with error Status(-129, EX_TRANSACTION_FAILED): 'DEAD_OBJECT: '
12-07 18:28:05.638 W/OSDynamicObjectDataQuerier( 2832): Attempted to start tracking objects when tracker was already started
12-07 18:28:05.638 E/TrackedObjectManager( 2832): Failed to connect to TrackedObjectService with error Status(-129, EX_TRANSACTION_FAILED): 'DEAD_OBJECT: '
12-07 18:28:05.638 E/TrackedObjectManager( 2832): Failed to start tracking keyboard object with error Status(-129, EX_TRANSACTION_FAILED): 'DEAD_OBJECT: '
12-07 18:28:05.650 E/TrackedObjectManager( 2832): Failed to connect to TrackedObjectService with error Status(-129, EX_TRANSACTION_FAILED): 'DEAD_OBJECT: '
12-07 18:28:05.650 W/OSDynamicObjectDataQuerier( 2832): Attempted to start tracking objects when tracker was already started
12-07 18:28:05.650 E/TrackedObjectManager( 2832): Failed to connect to TrackedObjectService with error Status(-129, EX_TRANSACTION_FAILED): 'DEAD_OBJECT: '
12-07 18:28:05.650 E/TrackedObjectManager( 2832): Failed to start tracking keyboard object with error Status(-129, EX_TRANSACTION_FAILED): 'DEAD_OBJECT: '
12-07 18:28:05.654 I/OpenXR_Anchor( 3469): xrQuerySpacesFB: no split anchor query enabled
12-07 18:28:05.654 I/[CT]    ( 3469): SP:AF:InsightAnchorApi: QueryAnchorSpaces loadAndQueryAvailableAnchors flow. (task start) duration: 0.000000000 [sec], flags: 44, location: StorageLocation::LOCAL(1), method: 1, request: 5628, source: SourceType::LIVE_TRACKER(1)
12-07 18:28:05.654 I/[CT]    ( 3469): RuntimeIpcHelper: RuntimeIpcClient::CALL_RPC isAsync: true, func: loadAvailableAnchors
12-07 18:28:05.654 I/[CT]    ( 4885): SP:AP:AnchorPersistenceRuntimeIpcServer: checkRPC start: sessionUuid:1e3ba3f0-dfb6-0aba-a69b-b18fb253c69c, clientId:2367474718, givenPackageName:com.oculus.vrshell
12-07 18:28:05.654 I/[CT]    ( 4885): SP:AP:AnchorPersistenceRuntimeIpcServer: checkPackageAccess - detectedPackageName:com.oculus.vrshell, detectedProcessName:com.oculus.vrshell, givenPackageName:com.oculus.vrshell
12-07 18:28:05.654 I/[CT]    ( 4885): SP:AP:AnchorPersistenceRuntimeIpcServer: checkRPC package name matches: sessionUuid:1e3ba3f0-dfb6-0aba-a69b-b18fb253c69c, clientId:2367474718, givenPackageName:com.oculus.vrshell, detectedPackageName:com.oculus.vrshell, detectedProcessName:com.oculus.vrshell
12-07 18:28:05.654 I/[CT]    ( 4885): SP:AP:AnchorPersistenceRuntimeIpcServer: queryAvailableAnchorsSMV2: clientId: 2367474718, maxAnchors: 500, filter: 0, queryMultipleRoomsEnabledByOpenXrVersion: true, source: 1, appId: com.oculus.vrshell
12-07 18:28:05.654 I/[CT]    ( 4885): SP:AP:AnchorPersistenceConfig: getSceneRuntimePermissionEnabled: USE_SCENE permission is enabled on this device
12-07 18:28:05.654 I/[CT]    ( 4885): SP:AP:AnchorPersistenceScenePermissions: hasClientGrantedScenePermission: USE_SCENE permission is enabled on this device, check client 2367474718, grant is true
12-07 18:28:05.654 I/[CT]    ( 4885): SP:AP:AnchorPersistenceConfig: getSceneRuntimePermissionEnabled: USE_SCENE permission is enabled on this device
12-07 18:28:05.655 I/[CT]    ( 4885): SP:SceneAnchorFilterUtil: filterSceneDataByPermission: com.oculus.vrshell permission check passed, keep scene data. anchors size: 0
12-07 18:28:05.656 I/[CT]    ( 3469): SP:AF:InsightAnchorApi: QueryAnchorSpaces (task finish) returnCode: AnchorResultCode::SUCCESS(0), numSpacesFound: 0, spacesFoundUuids: [], duration: 0.000000000 [sec], flags: 44, location: 1, method: 1, request: 5628
12-07 18:28:05.661 E/TrackedObjectManager( 2832): Failed to connect to TrackedObjectService with error Status(-129, EX_TRANSACTION_FAILED): 'DEAD_OBJECT: '
12-07 18:28:05.661 W/OSDynamicObjectDataQuerier( 2832): Attempted to start tracking objects when tracker was already started
12-07 18:28:05.661 E/TrackedObjectManager( 2832): Failed to connect to TrackedObjectService with error Status(-129, EX_TRANSACTION_FAILED): 'DEAD_OBJECT: '
12-07 18:28:05.661 E/TrackedObjectManager( 2832): Failed to start tracking keyboard object with error Status(-129, EX_TRANSACTION_FAILED): 'DEAD_OBJECT: '
12-07 18:28:05.664 I/[CT]    ( 3469): SP:TREX:SpatialPersistencePlugin: Event type: 6
12-07 18:28:05.664 I/TREX    ( 3469): Spatial Persistence event: QuerySpacesFinish
12-07 18:28:05.668 I/SPATIAL_SDK_LOGGER(11941): ISDK: Registering ISDK plugin
12-07 18:28:05.672 E/TrackedObjectManager( 2832): Failed to connect to TrackedObjectService with error Status(-129, EX_TRANSACTION_FAILED): 'DEAD_OBJECT: '
12-07 18:28:05.672 W/OSDynamicObjectDataQuerier( 2832): Attempted to start tracking objects when tracker was already started
12-07 18:28:05.672 E/TrackedObjectManager( 2832): Failed to connect to TrackedObjectService with error Status(-129, EX_TRANSACTION_FAILED): 'DEAD_OBJECT: '
12-07 18:28:05.672 E/TrackedObjectManager( 2832): Failed to start tracking keyboard object with error Status(-129, EX_TRANSACTION_FAILED): 'DEAD_OBJECT: '
12-07 18:28:05.677 I/SPATIAL_SDK_LOGGER(11941): OVRMetricsTool: Registering OVR Metrics Tool plugin
12-07 18:28:05.677 I/SPATIAL_SDK_LOGGER(11941): OVRMetricsTool: Registered OVR Metrics Tool plugin
12-07 18:28:05.677 I/SPATIAL_SDK_LOGGER(11941): OVRMetricsTool: Initializing OVRMetricsTool
12-07 18:28:05.677 D/OVRMetricsToolSDK(11941): ovrMetricsTool_EnterVrMode
12-07 18:28:05.677 E/OVRMetricsToolSDK(11941): Failed to get OVRMetricsTool SDK API.
12-07 18:28:05.677 I/SPATIAL_SDK_LOGGER(11941): OVRMetricsTool: Initializing OVRMetricsTool Done
12-07 18:28:05.682 I/SPATIAL_SDK_LOGGER(11941): Data: DataModel created with client id 14069245235905429504
12-07 18:28:05.683 E/TrackedObjectManager( 2832): Failed to connect to TrackedObjectService with error Status(-129, EX_TRANSACTION_FAILED): 'DEAD_OBJECT: '
12-07 18:28:05.683 W/OSDynamicObjectDataQuerier( 2832): Attempted to start tracking objects when tracker was already started
12-07 18:28:05.683 E/TrackedObjectManager( 2832): Failed to connect to TrackedObjectService with error Status(-129, EX_TRANSACTION_FAILED): 'DEAD_OBJECT: '
12-07 18:28:05.683 E/TrackedObjectManager( 2832): Failed to start tracking keyboard object with error Status(-129, EX_TRANSACTION_FAILED): 'DEAD_OBJECT: '
12-07 18:28:05.683 I/SPATIAL_SDK_LOGGER(11941): Utils: temp_folder '/data/user/0/com.example.moonlight_spatialsdk/cache'
12-07 18:28:05.685 I/SPATIAL_SDK_LOGGER(11941): Utils: external_files_folder '/storage/emulated/0/Android/data/com.example.moonlight_spatialsdk/files'
12-07 18:28:05.685 I/SPATIAL_SDK_LOGGER(11941): Aether: extFolder: /storage/emulated/0/Android/data/com.example.moonlight_spatialsdk/files
12-07 18:28:05.689 I/SPATIAL_SDK_LOGGER(11941): Utils: external_files_folder '/storage/emulated/0/Android/data/com.example.moonlight_spatialsdk/files'
12-07 18:28:05.689 I/HorizonStandalone(11941): Application: GraphicsHSR constructor
12-07 18:28:05.689 I/HorizonStandalone(11941): Application: ----------------------------------------------------------------
12-07 18:28:05.689 W/HorizonStandalone(11941): Core: AssertHandlerFlags overridden to |Log|Callstack|Callbacks|Abort|DebugBreak|
12-07 18:28:05.691 I/HorizonStandalone(11941): Application: AetherApplication()
12-07 18:28:05.692 I/HorizonStandalone(11941): Application: HardwareInfo: deviceName=eureka, deviceModel=quest 3, deviceId=73d396b98a7006bb, manufacturerName=oculus, os=oculus, osBranch=releases-oculus-14.0-v85, osVersion=51764730039000520 displaySafeAreaTop=0, displaySafeAreaBottom=0, displaySafeAreaLeft=0, displaySafeAreaRight=0
12-07 18:28:05.693 I/HorizonStandalone(11941): Application: FLAG: connection_type: 
12-07 18:28:05.693 I/HorizonStandalone(11941): Application: FLAG: matchmaking_disabled: false
12-07 18:28:05.693 I/HorizonStandalone(11941): Application: FLAG: player_seed: 0
12-07 18:28:05.693 I/HorizonStandalone(11941): Application: FLAG: zone_namespace: 
12-07 18:28:05.693 I/HorizonStandalone(11941): Application: FLAG: zone_namespace_fallback: 
12-07 18:28:05.693 I/HorizonStandalone(11941): Application: FLAG: app_persistent_path: 
12-07 18:28:05.693 I/HorizonStandalone(11941): Application: FLAG: disable_http_proxy: false
12-07 18:28:05.693 I/HorizonStandalone(11941): Application: FLAG: extra_json_payload: 
12-07 18:28:05.693 I/HorizonStandalone(11941): Application: FLAG: headless: false
12-07 18:28:05.693 I/HorizonStandalone(11941): Application: FLAG: local_override_config: local_override_config.json
12-07 18:28:05.693 I/HorizonStandalone(11941): Application: FLAG: logFile: 
12-07 18:28:05.693 I/HorizonStandalone(11941): Application: FLAG: logical_cores: 0
12-07 18:28:05.693 I/HorizonStandalone(11941): Application: FLAG: mode2_config_dir: 
12-07 18:28:05.693 I/HorizonStandalone(11941): Application: FLAG: mode_config_dir: mode/xr
12-07 18:28:05.693 I/HorizonStandalone(11941): Application: FLAG: predefined_session_id: 
12-07 18:28:05.693 I/HorizonStandalone(11941): Application: FLAG: run_in_ci: false
12-07 18:28:05.693 I/HorizonStandalone(11941): Application: FLAG: run_in_fb_infra: false
12-07 18:28:05.693 I/HorizonStandalone(11941): Application: FLAG: test_app_handle: 
12-07 18:28:05.693 I/HorizonStandalone(11941): Application: FLAG: test_build_number: 
12-07 18:28:05.693 I/HorizonStandalone(11941): Application: FLAG: test_name: 
12-07 18:28:05.693 I/HorizonStandalone(11941): Application: FLAG: test_run_id: 
12-07 18:28:05.693 I/HorizonStandalone(11941): Application: FLAG: user_config: user_config.json
12-07 18:28:05.693 I/HorizonStandalone(11941): Application: FLAG: time_to_assert_seconds: 0
12-07 18:28:05.693 I/HorizonStandalone(11941): Application: FLAG: time_to_crash_seconds: 0
12-07 18:28:05.693 I/HorizonStandalone(11941): Application: FLAG: time_to_exception_seconds: 0
12-07 18:28:05.693 I/HorizonStandalone(11941): Application: FLAG: time_to_exit_seconds: 0
12-07 18:28:05.693 I/HorizonStandalone(11941): Application: FLAG: time_to_stall_renderer_seconds: 0
12-07 18:28:05.693 I/HorizonStandalone(11941): Application: FLAG: time_to_stall_sim_seconds: 0
12-07 18:28:05.693 I/HorizonStandalone(11941): Application: FLAG: time_to_stall_waitforjob_seconds: 0
12-07 18:28:05.693 I/HorizonStandalone(11941): Application: FLAG: config_overrides: 
12-07 18:28:05.693 I/HorizonStandalone(11941): Application: FLAG: autoConnectChromeDebuggerIfWaiting: false
12-07 18:28:05.693 I/HorizonStandalone(11941): Application: FLAG: enablePropertyBatching: true
12-07 18:28:05.693 I/HorizonStandalone(11941): Application: FLAG: enableRemoteScriptingDebugger: false
12-07 18:28:05.693 I/HorizonStandalone(11941): Application: FLAG: enableScriptTimeouts: false
12-07 18:28:05.693 I/HorizonStandalone(11941): Application: FLAG: remoteScriptingDebuggerPort: 9229
12-07 18:28:05.693 I/HorizonStandalone(11941): Application: FLAG: scriptTimeoutMs: 5000
12-07 18:28:05.693 I/HorizonStandalone(11941): Application: FLAG: waitForDebugger: false
12-07 18:28:05.693 I/HorizonStandalone(11941): Application: FLAG: flagfile: 
12-07 18:28:05.693 I/HorizonStandalone(11941): Application: FLAG: fromenv: 
12-07 18:28:05.693 I/HorizonStandalone(11941): Application: FLAG: tryfromenv: 
12-07 18:28:05.693 I/HorizonStandalone(11941): Application: FLAG: undefok: 
12-07 18:28:05.693 I/HorizonStandalone(11941): Application: FLAG: tab_completion_columns: 80
12-07 18:28:05.693 I/HorizonStandalone(11941): Application: FLAG: tab_completion_word: 
12-07 18:28:05.693 I/HorizonStandalone(11941): Application: FLAG: help: false
12-07 18:28:05.693 I/HorizonStandalone(11941): Application: FLAG: helpfull: false
12-07 18:28:05.693 I/HorizonStandalone(11941): Application: FLAG: helpmatch: 
12-07 18:28:05.693 I/HorizonStandalone(11941): Application: FLAG: helpon: 
12-07 18:28:05.693 I/HorizonStandalone(11941): Application: FLAG: helppackage: false
12-07 18:28:05.693 I/HorizonStandalone(11941): Application: FLAG: helpshort: false
12-07 18:28:05.693 I/HorizonStandalone(11941): Application: FLAG: helpxml: false
12-07 18:28:05.693 I/HorizonStandalone(11941): Application: FLAG: version: false
12-07 18:28:05.693 I/HorizonStandalone(11941): Application: Using temporary path: /data/user/0/com.example.moonlight_spatialsdk/files/AetherApplication/20251207/11941
12-07 18:28:05.693 I/HorizonStandalone(11941): Path: setApplicationTempDirectory /data/user/0/com.example.moonlight_spatialsdk/files/AetherApplication/20251207/11941 succeeded
12-07 18:28:05.693 I/HorizonStandalone(11941): Core: Closing log file, ''
12-07 18:28:05.693 I/HorizonStandalone(11941): Application: Log file initialized: /data/user/0/com.example.moonlight_spatialsdk/files/AetherApplication/20251207/11941/logs/AetherApplication.log
12-07 18:28:05.693 I/HorizonStandalone(11941): Application: Application pid: 11941
12-07 18:28:05.694 E/TrackedObjectManager( 2832): Failed to connect to TrackedObjectService with error Status(-129, EX_TRANSACTION_FAILED): 'DEAD_OBJECT: '
12-07 18:28:05.694 W/OSDynamicObjectDataQuerier( 2832): Attempted to start tracking objects when tracker was already started
12-07 18:28:05.694 E/TrackedObjectManager( 2832): Failed to connect to TrackedObjectService with error Status(-129, EX_TRANSACTION_FAILED): 'DEAD_OBJECT: '
12-07 18:28:05.694 E/TrackedObjectManager( 2832): Failed to start tracking keyboard object with error Status(-129, EX_TRANSACTION_FAILED): 'DEAD_OBJECT: '
12-07 18:28:05.694 I/HorizonStandalone(11941): Path: setApplicationPersistentPath /storage/emulated/0/Android/data/com.example.moonlight_spatialsdk/files succeeded
12-07 18:28:05.695 I/HorizonStandalone(11941): Config: LoadFlags: AllowNoManifest=true, AllowDefaultConfigs=true, AllowUnknownConfigs=true
12-07 18:28:05.695 I/HorizonStandalone(11941): Config: Loading config files: baseConfigDir=config, modeConfigDir=config/mode/xr, mode2ConfigDir=, userConfigPath=config/user_config.json, overrideConfigPath=config/local_override_config.json, os=oculus, arch=arm64, hardwareVariant=eureka
12-07 18:28:05.695 W/HorizonStandalone(11941): Io: readTextFile("config/manifest.json", buffer, dataSize)
12-07 18:28:05.695 I/HorizonStandalone(11941): Config: manifest file could not be found/read: config/manifest.json
12-07 18:28:05.695 W/HorizonStandalone(11941): Config: AllowNoManifest
12-07 18:28:05.695 W/HorizonStandalone(11941): Io: readTextFile("config/oculus/manifest.json", buffer, dataSize)
12-07 18:28:05.695 I/HorizonStandalone(11941): Config: manifest file could not be found/read: config/oculus/manifest.json
12-07 18:28:05.695 W/HorizonStandalone(11941): Config: AllowNoManifest
12-07 18:28:05.695 W/HorizonStandalone(11941): Io: readTextFile("config/oculus/arm64/manifest.json", buffer, dataSize)
12-07 18:28:05.695 I/HorizonStandalone(11941): Config: manifest file could not be found/read: config/oculus/arm64/manifest.json
12-07 18:28:05.695 W/HorizonStandalone(11941): Config: AllowNoManifest
12-07 18:28:05.695 W/HorizonStandalone(11941): Io: readTextFile("config/oculus/arm64/eureka/manifest.json", buffer, dataSize)
12-07 18:28:05.695 I/HorizonStandalone(11941): Config: manifest file could not be found/read: config/oculus/arm64/eureka/manifest.json
12-07 18:28:05.695 W/HorizonStandalone(11941): Config: AllowNoManifest
12-07 18:28:05.695 W/HorizonStandalone(11941): Io: readTextFile("config/mode/xr/manifest.json", buffer, dataSize)
12-07 18:28:05.695 I/HorizonStandalone(11941): Config: manifest file could not be found/read: config/mode/xr/manifest.json
12-07 18:28:05.695 W/HorizonStandalone(11941): Config: AllowNoManifest
12-07 18:28:05.695 W/HorizonStandalone(11941): Io: readTextFile("config/mode/xr/oculus/manifest.json", buffer, dataSize)
12-07 18:28:05.695 I/HorizonStandalone(11941): Config: manifest file could not be found/read: config/mode/xr/oculus/manifest.json
12-07 18:28:05.695 W/HorizonStandalone(11941): Config: AllowNoManifest
12-07 18:28:05.695 W/HorizonStandalone(11941): Io: readTextFile("config/mode/xr/oculus/arm64/manifest.json", buffer, dataSize)
12-07 18:28:05.695 I/HorizonStandalone(11941): Config: manifest file could not be found/read: config/mode/xr/oculus/arm64/manifest.json
12-07 18:28:05.695 W/HorizonStandalone(11941): Config: AllowNoManifest
12-07 18:28:05.695 W/HorizonStandalone(11941): Io: readTextFile("config/mode/xr/oculus/arm64/eureka/manifest.json", buffer, dataSize)
12-07 18:28:05.695 I/HorizonStandalone(11941): Config: manifest file could not be found/read: config/mode/xr/oculus/arm64/eureka/manifest.json
12-07 18:28:05.695 W/HorizonStandalone(11941): Config: AllowNoManifest
12-07 18:28:05.695 W/HorizonStandalone(11941): Io: readTextFile("config/user_config.jsonc", buffer, dataSize)
12-07 18:28:05.695 I/HorizonStandalone(11941): Config: Config file config/user_config.jsonc Not Found, falling back to  config/user_config.json
12-07 18:28:05.695 W/HorizonStandalone(11941): Io: readTextFile("config/user_config.json", buffer, dataSize)
12-07 18:28:05.695 I/HorizonStandalone(11941): Config: override file could not be found/read: config/user_config.json
12-07 18:28:05.695 W/HorizonStandalone(11941): Io: readTextFile("config/local_override_config.jsonc", buffer, dataSize)
12-07 18:28:05.695 I/HorizonStandalone(11941): Config: Config file config/local_override_config.jsonc Not Found, falling back to  config/local_override_config.json
12-07 18:28:05.695 W/HorizonStandalone(11941): Io: readTextFile("config/local_override_config.json", buffer, dataSize)
12-07 18:28:05.695 I/HorizonStandalone(11941): Config: override file could not be found/read: config/local_override_config.json
12-07 18:28:05.695 W/HorizonStandalone(11941): Io: readTextFile("config/oculus/local_override_config.jsonc", buffer, dataSize)
12-07 18:28:05.695 I/HorizonStandalone(11941): Config: Config file config/oculus/local_override_config.jsonc Not Found, falling back to  config/oculus/local_override_config.json
12-07 18:28:05.695 W/HorizonStandalone(11941): Io: readTextFile("config/oculus/local_override_config.json", buffer, dataSize)
12-07 18:28:05.695 I/HorizonStandalone(11941): Config: override file could not be found/read: config/oculus/local_override_config.json
12-07 18:28:05.695 W/HorizonStandalone(11941): Io: readTextFile("config/oculus/arm64/local_override_config.jsonc", buffer, dataSize)
12-07 18:28:05.695 I/HorizonStandalone(11941): Config: Config file config/oculus/arm64/local_override_config.jsonc Not Found, falling back to  config/oculus/arm64/local_override_config.json
12-07 18:28:05.695 W/HorizonStandalone(11941): Io: readTextFile("config/oculus/arm64/local_override_config.json", buffer, dataSize)
12-07 18:28:05.695 I/HorizonStandalone(11941): Config: override file could not be found/read: config/oculus/arm64/local_override_config.json
12-07 18:28:05.695 W/HorizonStandalone(11941): Io: readTextFile("config/oculus/arm64/eureka/local_override_config.jsonc", buffer, dataSize)
12-07 18:28:05.695 I/HorizonStandalone(11941): Config: Config file config/oculus/arm64/eureka/local_override_config.jsonc Not Found, falling back to  config/oculus/arm64/eureka/local_override_config.json
12-07 18:28:05.695 W/HorizonStandalone(11941): Io: readTextFile("config/oculus/arm64/eureka/local_override_config.json", buffer, dataSize)
12-07 18:28:05.695 I/HorizonStandalone(11941): Config: override file could not be found/read: config/oculus/arm64/eureka/local_override_config.json
12-07 18:28:05.695 W/HorizonStandalone(11941): Config: AllowDefaultConfigs: No config file specified by manifest for horizon::visibility_mask::VisibilityMaskConfig. Using object defaults.
12-07 18:28:05.695 I/HorizonStandalone(11941): Config: Missing config horizon::ui_debug::DebugUiConfig on interface <fix-T201766142>, error deferred
12-07 18:28:05.695 W/HorizonStandalone(11941): Config: AllowDefaultConfigs: No config file specified by manifest for horizon::scripting_model::ScriptingConfig. Using object defaults.
12-07 18:28:05.695 W/HorizonStandalone(11941): Config: AllowDefaultConfigs: No config file specified by manifest for horizon::renderer::FontsConfig. Using object defaults.
12-07 18:28:05.695 I/HorizonStandalone(11941): Config: Missing config horizon::player_grabbing::PlayerGrabbingConfig on interface <fix-T201766142>, error deferred
12-07 18:28:05.695 I/HorizonStandalone(11941): Config: Missing config horizon::player::PlayerConfig on interface <fix-T201766142>, error deferred
12-07 18:28:05.695 I/HorizonStandalone(11941): Config: Missing config horizon::matchmaking::MatchmakingConfig on interface <fix-T201766142>, error deferred
12-07 18:28:05.695 I/HorizonStandalone(11941): Config: Missing config horizon::locomotion::LocomotionConfig on interface <fix-T201766142>, error deferred
12-07 18:28:05.695 I/HorizonStandalone(11941): Config: Missing config horizon::core_ui::CoreUiConfig on interface <fix-T201766142>, error deferred
12-07 18:28:05.695 I/HorizonStandalone(11941): Config: Missing config horizon::character::CharacterConfig on interface <fix-T201766142>, error deferred
12-07 18:28:05.695 W/HorizonStandalone(11941): Config: AllowDefaultConfigs: No config file specified by manifest for horizon::travel::TravelConfig. Using object defaults.
12-07 18:28:05.695 I/HorizonStandalone(11941): Config: Missing config horizon::avatar::AvatarConfig on interface <fix-T201766142>, error deferred
12-07 18:28:05.695 I/HorizonStandalone(11941): Config: Missing config horizon::asset_service::AssetServiceConfig on interface <fix-T201766142>, error deferred
12-07 18:28:05.695 I/HorizonStandalone(11941): Config: Missing config horizon::asset_service::AssetServiceClientConfig on interface <fix-T201766142>, error deferred
12-07 18:28:05.695 I/HorizonStandalone(11941): Config: Missing config horizon::input::InputConfig on interface <fix-T201766142>, error deferred
12-07 18:28:05.696 I/HorizonStandalone(11941): Config: Missing config horizon::aether::AetherConfig on interface <fix-T201766142>, error deferred
12-07 18:28:05.696 W/HorizonStandalone(11941): Config: AllowDefaultConfigs: No config file specified by manifest for horizon::SceneManagerConfig. Using object defaults.
12-07 18:28:05.696 I/HorizonStandalone(11941): Config: Missing config horizon::hmi::HmiConfig on interface <fix-T201766142>, error deferred
12-07 18:28:05.696 I/HorizonStandalone(11941): Config: Missing config horizon::embodiment::EmbodimentConfig on interface <fix-T201766142>, error deferred
12-07 18:28:05.696 I/HorizonStandalone(11941): Config: Missing config horizon::RenderConfig on interface <fix-T201766142>, error deferred
12-07 18:28:05.696 I/HorizonStandalone(11941): Config: Missing config horizon::auth::AuthConfig on interface <fix-T201766142>, error deferred
12-07 18:28:05.696 W/HorizonStandalone(11941): Config: AllowDefaultConfigs: No config file specified by manifest for horizon::LogConfig. Using object defaults.
12-07 18:28:05.696 I/HorizonStandalone(11941): Config: Missing config horizon::physics::PhysicsConfig on interface <fix-T201766142>, error deferred
12-07 18:28:05.696 W/HorizonStandalone(11941): Config: AllowDefaultConfigs: No config file specified by manifest for horizon::AppPhaseConfig. Using object defaults.
12-07 18:28:05.696 W/HorizonStandalone(11941): Config: AllowDefaultConfigs: No config file specified by manifest for horizon::JobSystemDebugConfig. Using object defaults.
12-07 18:28:05.696 W/HorizonStandalone(11941): Config: AllowDefaultConfigs: No config file specified by manifest for horizon::FlecsPipelineConfig. Using object defaults.
12-07 18:28:05.696 I/HorizonStandalone(11941): Config: Missing config horizon::AudioConfig on interface <fix-T201766142>, error deferred
12-07 18:28:05.696 W/HorizonStandalone(11941): Config: AllowDefaultConfigs: No config file specified by manifest for horizon::PerformanceConfig. Using object defaults.
12-07 18:28:05.696 I/HorizonStandalone(11941): Config: Missing config horizon::asset_service::AssetRefreshConfig on interface <fix-T201766142>, error deferred
12-07 18:28:05.696 I/HorizonStandalone(11941): Config: Missing config horizon::interaction::InteractionConfig on interface <fix-T201766142>, error deferred
12-07 18:28:05.696 W/HorizonStandalone(11941): Config: AllowDefaultConfigs: No config file specified by manifest for horizon::EntityLifecycleConfig. Using object defaults.
12-07 18:28:05.696 W/HorizonStandalone(11941): Config: AllowDefaultConfigs: No config file specified by manifest for horizon::ts_environment_file::FbsourceTsconfigConfig. Using object defaults.
12-07 18:28:05.696 I/HorizonStandalone(11941): Config: Missing config horizon::AnalyticsConfig on interface <fix-T201766142>, error deferred
12-07 18:28:05.696 I/HorizonStandalone(11941): Config: Missing config horizon::networking::NetworkConfig on interface <fix-T201766142>, error deferred
12-07 18:28:05.696 W/HorizonStandalone(11941): Config: AllowDefaultConfigs: No config file specified by manifest for horizon::WatchdogConfig. Using object defaults.
12-07 18:28:05.696 W/HorizonStandalone(11941): Config: AllowDefaultConfigs: No config file specified by manifest for horizon::ApplicationConfig. Using object defaults.
12-07 18:28:05.696 W/HorizonStandalone(11941): Config: AllowDefaultConfigs: No config file specified by manifest for horizon::WorldLoaderConfig. Using object defaults.
12-07 18:28:05.696 W/HorizonStandalone(11941): Config: AllowDefaultConfigs: No config file specified by manifest for horizon::DynamicConfig. Using object defaults.
12-07 18:28:05.696 I/HorizonStandalone(11941): Config: Missing config horizon::worlds::splat_renderer::SplatRendererConfig on interface <fix-T201766142>, error deferred
12-07 18:28:05.696 I/HorizonStandalone(11941): Config: Missing config horizon::meta_config::MetaConfigConfig on interface <fix-T201766142>, error deferred
12-07 18:28:05.696 I/HorizonStandalone(11941): Config: Missing config horizon::asset_service::AssetServiceServerConfig on interface <fix-T201766142>, error deferred
12-07 18:28:05.696 I/HorizonStandalone(11941): Config: Missing config horizon::VoipConfig on interface <fix-T201766142>, error deferred
12-07 18:28:05.696 I/HorizonStandalone(11941): Config: Missing config horizon::WebRequestConfig on interface <fix-T201766142>, error deferred
12-07 18:28:05.696 W/HorizonStandalone(11941): Config: AllowDefaultConfigs: No config file specified by manifest for horizon::networking::ShardingConfig. Using object defaults.
12-07 18:28:05.696 W/HorizonStandalone(11941): Config: AllowDefaultConfigs: No config file specified by manifest for horizon::BuildConfig. Using object defaults.
12-07 18:28:05.696 I/HorizonStandalone(11941): Config: [1/4] Registering configs...
12-07 18:28:05.696 I/HorizonStandalone(11941): Config: [2/4] Applying config layers...
12-07 18:28:05.696 I/HorizonStandalone(11941): Config: ConfigChanged: horizon::character::CharacterConfig v2 (LocalConfigChange)
12-07 18:28:05.696 I/HorizonStandalone(11941): Config: ConfigChanged: horizon::embodiment::EmbodimentConfig v2 (LocalConfigChange)
12-07 18:28:05.697 I/HorizonStandalone(11941): Config: ConfigChanged: horizon::character::CharacterConfig v3 (LocalConfigChange)
12-07 18:28:05.697 I/HorizonStandalone(11941): Config: ConfigChanged: horizon::embodiment::EmbodimentConfig v3 (LocalConfigChange)
12-07 18:28:05.697 I/HorizonStandalone(11941): Config: ConfigChanged: horizon::character::CharacterConfig v4 (LocalConfigChange)
12-07 18:28:05.697 I/HorizonStandalone(11941): Config: ConfigChanged: horizon::embodiment::EmbodimentConfig v4 (LocalConfigChange)
12-07 18:28:05.697 I/HorizonStandalone(11941): Config: ConfigChanged: horizon::character::CharacterConfig v5 (LocalConfigChange)
12-07 18:28:05.698 I/HorizonStandalone(11941): Config: ConfigChanged: horizon::embodiment::EmbodimentConfig v5 (LocalConfigChange)
12-07 18:28:05.698 I/HorizonStandalone(11941): Config: ConfigChanged: horizon::character::CharacterConfig v6 (LocalConfigChange)
12-07 18:28:05.698 I/HorizonStandalone(11941): Config: ConfigChanged: horizon::embodiment::EmbodimentConfig v6 (LocalConfigChange)
12-07 18:28:05.698 I/HorizonStandalone(11941): Config: ConfigChanged: horizon::character::CharacterConfig v7 (LocalConfigChange)
12-07 18:28:05.698 I/HorizonStandalone(11941): Config: ConfigChanged: horizon::embodiment::EmbodimentConfig v7 (LocalConfigChange)
12-07 18:28:05.699 I/HorizonStandalone(11941): Config: ConfigChanged: horizon::character::CharacterConfig v8 (LocalConfigChange)
12-07 18:28:05.699 I/HorizonStandalone(11941): Config: ConfigChanged: horizon::embodiment::EmbodimentConfig v8 (LocalConfigChange)
12-07 18:28:05.699 I/HorizonStandalone(11941): Config: ConfigChanged: horizon::worlds::splat_renderer::SplatRendererConfig v2 (LocalConfigChange)
12-07 18:28:05.699 I/HorizonStandalone(11941): Config: [3/4] Validating configs...
12-07 18:28:05.699 I/HorizonStandalone(11941): Config: ConfigChanged: horizon::character::CharacterConfig v9 (LocalConfigChange)
12-07 18:28:05.699 W/HorizonStandalone(11941): Config: horizon::travel::TravelConfig: Setting the 'publicZones' in networkConfig is required in order to run a separate client or server instance
12-07 18:28:05.699 I/HorizonStandalone(11941): Config: ConfigChanged: horizon::embodiment::EmbodimentConfig v9 (LocalConfigChange)
12-07 18:28:05.699 W/HorizonStandalone(11941): Config: horizon::AnalyticsConfig: enableShutdownEvent is enabled, but shutdownNameOverride is empty. Please set it to a unique event name for your project. Auto disabling shutdown events.
12-07 18:28:05.699 I/HorizonStandalone(11941): Config: ConfigChanged: horizon::AnalyticsConfig v2 (LocalConfigChange)
12-07 18:28:05.699 W/HorizonStandalone(11941): Config: horizon::networking::NetworkConfig: Matchmaking requires a svrBuildSet.  Matchmaking disabled.
12-07 18:28:05.699 I/HorizonStandalone(11941): Config: ConfigChanged: horizon::networking::NetworkConfig v2 (LocalConfigChange)
