12-07 18:39:34.330 I/CAM_INFO(    0): CAM-SENSOR: cam_sensor_driver_cmd: 1352 2:39:34.372 CAM_START_DEV[5] Success for imx471 sensor_id:0x471,sensor_slave_addr:0x34
12-07 18:39:34.330 I/CAM_INFO(    0): CAM-CRM: cam_req_mgr_link_v3: 4951 link reserved 0000000000000000 0 trigger_type:1 num_devs:2 sess_hdl:2621952 no_crm:4
12-07 18:39:34.331 I/CAM_INFO(    0): CAM-ISP: cam_ife_hw_mgr_print_acquire_info: 2027 2:39:34.373 Acquired Single IFE[0] with [9 pix] [0 pd] [0 rdi] ports for ctx:0 per_port_enabled :0 sensor:-559038737 ul: 0
12-07 18:39:34.384 D/CompatibilityChangeReporter( 1971): Compat change id reported: 170503758; UID 10080; state: ENABLED
12-07 18:39:34.331 I/CAM_INFO(    0): CAM-ISP: __cam_isp_ctx_acquire_hw_v2: 9737 NO CRM session,top state machine assigned for no crm ctx 0
12-07 18:39:34.348 I/CAM_INFO(    0): CAM-ISP: __cam_isp_ctx_start_dev_in_ready: 10771 Start IFE device ctx 0 with irq state machine [Activated State Machine IRQ] in initial SubState [SOF] UL_path 0
12-07 18:39:34.393 I/SensorService( 9363): doEnableHalCameras[Color] Create SyncbossHandleWrapper
12-07 18:39:34.393 I/SensorService( 9363): doEnableHalCameras[Color] FsyncEventHandler::GetInstance
12-07 18:39:34.393 W/SensorService( 9363): Enabling sensor HMD_FSIN with noop callback
12-07 18:39:34.393 D/SensorService( 9363): SyncbossEventHandler: acquired session; approx # alive: 4
12-07 18:39:34.393 D/SensorService( 9363): SyncbossEventHandler: Enabled sensor HMD_FSIN - Active sensors: synthetic[HMD_DOUBLETAP,EXTERNAL_TIMING,ZAP] non-synth[HMD_MAG,HMD_IMU,HMD_FSIN,PULSA
12-07 18:39:34.398 I/SyncBossFW(  879): 4034483 [info   ] {GCM }: general_cam_mgr_init for cameras 0x30
12-07 18:39:34.443 E/libsensortelemetry( 9368): imu_iot samples delayed: 9134349ns capture to arrival (ERS limit: 3500000ns)
12-07 18:39:34.445 I/SyncBossFW(  879): 4034531 [info   ] {GCM }: general_cam_mgr_set_frame_rate_config cams 0x30 period 16666us
12-07 18:39:34.448 I/FrameSetCollator( 9363): [{COL:FOVPR}] started at 150248.33
12-07 18:39:34.448 I/SensorService( 9363): [color] Starting camera streams for purpose: passthrough, current muxmode = 1
12-07 18:39:34.350 I/CAM_INFO(    0): CAM-SENSOR: cam_sensor_driver_cmd: 1352 2:39:34.391 CAM_START_DEV[4] Success for imx471 sensor_id:0x471,sensor_slave_addr:0x34
12-07 18:39:34.423 I/CAM_INFO(    0): CAM-SENSOR: cam_sensor_driver_cmd: 1211 CAM_ACQUIRE_DEV Success for og01a1b id:0x7750,slave-addr:0xa0 crm:[0]
12-07 18:39:34.424 I/CAM_INFO(    2): CAM-SMMU: cam_smmu_map_user_iova: 3257 fd=933 already in list [2:39:34:466] cb=ife idx=0 handle=25084 len=757760,give same addr back
12-07 18:39:34.425 I/CAM_INFO(    0): CAM-CRM: cam_req_mgr_link_v3: 4951 link reserved 0000000000000000 0 trigger_type:1 num_devs:2 sess_hdl:6488587 no_crm:4
12-07 18:39:34.425 I/CAM_INFO(    0): CAM-ISP: cam_ife_hw_mgr_print_acquire_info: 2027 2:39:34.466 Acquired Single IFE[9] with [0 pix] [0 pd] [1 rdi] ports for ctx:10 per_port_enabled :0 sensor:0 ul: 1
12-07 18:39:34.425 I/CAM_INFO(    0): CAM-ISP: __cam_isp_ctx_acquire_hw_v2: 9737 NO CRM session,top state machine assigned for no crm ctx 10
12-07 18:39:34.435 I/CAM_INFO(    0): CAM-SENSOR: cam_sensor_driver_cmd: 1211 CAM_ACQUIRE_DEV Success for og01a1b id:0x7750,slave-addr:0xb0 crm:[0]
12-07 18:39:34.436 I/CAM_INFO(    2): CAM-SMMU: cam_smmu_map_user_iova: 3257 fd=950 already in list [2:39:34:477] cb=ife idx=0 handle=25084 len=757760,give same addr back
12-07 18:39:34.436 I/CAM_INFO(    0): CAM-CRM: cam_req_mgr_link_v3: 4951 link reserved 0000000000000000 0 trigger_type:1 num_devs:2 sess_hdl:7078416 no_crm:4
12-07 18:39:34.436 I/CAM_INFO(    0): CAM-ISP: cam_ife_hw_mgr_print_acquire_info: 2027 2:39:34.478 Acquired Single IFE[8] with [0 pix] [0 pd] [1 rdi] ports for ctx:13 per_port_enabled :0 sensor:1 ul: 1
12-07 18:39:34.450 I/SyncBossFW(  879): 4034536 [info   ] {GCM }: general_cam_mgr_get_stream_info for cameras 0x10
12-07 18:39:34.452 I/SyncBossFW(  879): 4034538 [info   ] {GCM }: general_cam_mgr_start_streaming for cameras 0x30
12-07 18:39:34.453 I/CameraClientManager( 9363): [[MrSSCamS(1157)][passthrough]] stream start completed
12-07 18:39:34.453 D/CameraStream( 9363): [passthrough] Client [MrSSCamS(1157)]: start complete
12-07 18:39:34.457 D/CameraStream( 9363): [projector_assisted_depth] Client [MrSSCamS(1157)] attempting start
12-07 18:39:34.457 I/FrameSetDispatcher( 9363): [{WT(0,1):RAW10}] Client pid=1157 (MrSSCamS): Client thread[{WT(0,1):RAW10}] started
12-07 18:39:34.457 I/CameraClientManager( 9363): [MrSSCamS(1157)][projector_assisted_depth] client started (estimated 1 started clients total)
12-07 18:39:34.457 I/CameraClientManager( 9363): [[MrSSCamS(1157)][projector_assisted_depth]] definitely starting stream
12-07 18:39:34.457 I/SensorService( 9363): [worldTracking] Starting cameras for purpose projector_assisted_depth
12-07 18:39:34.476 I/WindowManager( 1971): Override config changes=20005df8 {0.0 ?mcc0mnc ?localeList ?layoutDir sw1dp w1dp h1dp 200dpi smll port ?uimode ?night -touch -keyb/v/h -nav/h winConfig={ mBounds=Rect(0, 0 - 1, 1) mAppBounds=Rect(0, 0 - 1, 1) mMaxBounds=Rect(0, 0 - 1, 1) mDisplayRotation=ROTATION_0 mWindowingMode=fullscreen mDisplayWindowingMode=fullscreen mActivityType=undefined mAlwaysOnTop=undefined mRotation=ROTATION_0} ?fontWeightAdjustment} for displayId=1141
12-07 18:39:34.477 W/DisplayController( 7059): Skipping Display Configuration change on non-added display.
12-07 18:39:34.436 I/CAM_INFO(    0): CAM-ISP: __cam_isp_ctx_acquire_hw_v2: 9737 NO CRM session,top state machine assigned for no crm ctx 13
12-07 18:39:34.443 I/CAM_INFO(    0): CAM-SENSOR: cam_sensor_driver_cmd: 1211 CAM_ACQUIRE_DEV Success for ov7251 id:0xd,slave-addr:0xc0 crm:[0]
12-07 18:39:34.444 I/CAM_INFO(    2): CAM-SMMU: cam_smmu_map_user_iova: 3257 fd=967 already in list [2:39:34:486] cb=ife idx=0 handle=25084 len=757760,give same addr back
12-07 18:39:34.445 I/CAM_INFO(    0): CAM-CRM: cam_req_mgr_link_v3: 4951 link reserved 0000000000000000 0 trigger_type:1 num_devs:2 sess_hdl:5505557 no_crm:4
12-07 18:39:34.447 I/CAM_INFO(    0): CAM-ISP: cam_ife_hw_mgr_print_acquire_info: 2027 2:39:34.489 Acquired Single IFE[7] with [0 pix] [0 pd] [1 rdi] ports for ctx:14 per_port_enabled :0 sensor:2 ul: 1
12-07 18:39:34.447 I/CAM_INFO(    0): CAM-ISP: __cam_isp_ctx_acquire_hw_v2: 9737 NO CRM session,top state machine assigned for no crm ctx 14
12-07 18:39:34.454 I/CAM_INFO(    0): CAM-SENSOR: cam_sensor_driver_cmd: 1211 CAM_ACQUIRE_DEV Success for ov7251 id:0xd,slave-addr:0xd0 crm:[0]
12-07 18:39:34.456 I/CAM_INFO(    2): CAM-SMMU: cam_smmu_map_user_iova: 3257 fd=985 already in list [2:39:34:498] cb=ife idx=0 handle=25084 len=757760,give same addr back
12-07 18:39:34.460 I/CAM_INFO(    0): CAM-CRM: cam_req_mgr_link_v3: 4951 link reserved 0000000000000000 0 trigger_type:1 num_devs:2 sess_hdl:3801626 no_crm:4
12-07 18:39:34.465 I/CAM_INFO(    0): CAM-ISP: cam_ife_hw_mgr_print_acquire_info: 2027 2:39:34.506 Acquired Single IFE[6] with [0 pix] [0 pd] [1 rdi] ports for ctx:15 per_port_enabled :0 sensor:3 ul: 1
12-07 18:39:34.465 I/CAM_INFO(    0): CAM-ISP: __cam_isp_ctx_acquire_hw_v2: 9737 NO CRM session,top state machine assigned for no crm ctx 15
12-07 18:39:34.482 I/wlan    (30388): [30388:I:OSIF] scan start scan id 40964
12-07 18:39:34.480 I/VolumetricWindowManagerServiceImpl( 1971): addVolumetricWindow done: userId = 0, wct = 3f434b9, vw type = 1, vw persistable token = 22df6525-a54d-4359-ac30-ab7098360c5b, rootTaskId = 5
12-07 18:39:34.480 I/VolumetricWindowManagerServiceImpl( 1971): addTaskVolumetricWindowLocked: taskId = 5, VW = VolumetricWindowInfo { volumetricWindowToken = VolumetricWindowToken { scope = 1, token = horizonos.view.VolumetricWindowToken$InternalVolumetricToken@72898a3, persistableToken = 22df6525-a54d-4359-ac30-ab7098360c5b }, type = 1, bounds = Extent3f { width = 0.0, height = 0.0, depth = 0.0 }, pose = Pose { orientation = Vector4f { x = 0.0, y = 0.0, z = 0.0, w = 1.0 }, position = Vector3f { x = 0.0, y = 0.0, z = 0.0 } }, windowSize2d = Extent2i { width = 1, height = 1 }, densityDpi = 200, windowSpaceToken = SpaceToken { binderToken = horizonos.view.SpaceToken$InternalSpaceToken@1a21bff, persistableToken = bb5aa730-e1fb-4ab7-823b-e42a6e03907a }, visible = true, active = true, drawn = false, persistable = false, singlePassCompositionEnabled = false, depthTestEnabled = false, inView = false, windowFlags = 0, priorityHintInfo = PriorityHintInfo { windowPpd = 0.0, viewAngleSine = -1.0, visiblePercent = 1.0, distanceFromUser = 0.0, attentionZone = 0 }, taskInfo = null, presentation = VolumetricWindowPresentationInfo { controlBar = null }, layoutParams = null, children = [], shape = 1, cylinderInfo = null }, isSinglePassCompositionEnabled = false, isComponentBlocklisted = false, isComponentForcedToSPC = false
12-07 18:39:34.483 W/ActivityManager( 1971): Slow operation: 146ms so far, now at startProcess: done creating new process record
12-07 18:39:34.483 W/ActivityManager( 1971): Slow operation: 146ms so far, now at startProcess: stepping in to startProcess
12-07 18:39:34.483 D/CompatibilityChangeReporter( 1971): Compat change id reported: 135634846; UID 10103; state: DISABLED
12-07 18:39:34.483 D/CompatibilityChangeReporter( 1971): Compat change id reported: 177438394; UID 10103; state: DISABLED
12-07 18:39:34.483 D/CompatibilityChangeReporter( 1971): Compat change id reported: 135772972; UID 10103; state: DISABLED
12-07 18:39:34.483 D/CompatibilityChangeReporter( 1971): Compat change id reported: 135754954; UID 10103; state: DISABLED
12-07 18:39:34.484 D/DisplayManagerService( 1971): Ignore redundant display event 1141/2 to 10079/25425
12-07 18:39:34.484 D/DisplayManagerService( 1971): Ignore redundant display event 1141/2 to 10049/32634
12-07 18:39:34.485 W/ActivityManager( 1971): Slow operation: 148ms so far, now at startProcess: done starting proc!
12-07 18:39:34.485 D/CompatibilityChangeReporter( 1971): Compat change id reported: 143937733; UID 10103; state: DISABLED
12-07 18:39:34.486 W/Looper  ( 1971): Slow dispatch took 101ms main h=android.os.Handler c=android.hardware.display.DisplayManagerGlobal$DisplayListenerDelegate$$ExternalSyntheticLambda0@8ef5ec7 m=0
12-07 18:39:34.494 W/MemoryBroker( 1971): attachClient: found client in attached list (uid: 10053, pid: 3469)
12-07 18:39:34.497 W/MemoryBroker( 1971): attachClient: found client in attached list (uid: 10053, pid: 3469)
12-07 18:39:34.507 I/SensorService( 9363): doEnableHalCameras[NICE] Create SyncbossHandleWrapper
12-07 18:39:34.507 I/SensorService( 9363): doEnableHalCameras[NICE] FsyncEventHandler::GetInstance
12-07 18:39:34.509 I/SyncBossFW(  879): 4034595 [info   ] {GCM }: general_cam_mgr_init for cameras 0xf
12-07 18:39:34.512 I/libsensorscommon( 9363): Set /sys/fs/cgroup/uid_1000/memory.min to 181457280
12-07 18:39:34.533 I/TrackingService( 9368): [                   constellation] Power transition: SLEEP -> STANDBY transition time: 194 ms
12-07 18:39:34.533 D/TrackingService( 9368): [HANDTRACKINGGLUE] sleepToStandby
12-07 18:39:34.533 I/TrackingService( 9368): [                            hand] Power transition: SLEEP -> STANDBY transition time: 0 ms
12-07 18:39:34.533 I/TrackingService( 9368): [              selftracked_client] Power transition: SLEEP -> STANDBY transition time: 0 ms
12-07 18:39:34.533 I/TrackingService( 9368): [                            iobt] Power transition: SLEEP -> STANDBY transition time: 0 ms
12-07 18:39:34.536 W/ActivityManager( 1971): Slow operation: 53ms so far, now at startProcess: done updating battery stats
12-07 18:39:34.536 W/ActivityManager( 1971): Slow operation: 54ms so far, now at startProcess: building log message
12-07 18:39:34.536 I/ActivityManager( 1971): Start proc 13264:com.oculus.socialplatform/u0a103 for broadcast {com.oculus.socialplatform/com.oculus.socialplatform.remotelaunch.UserPresentBroadcastReceiver}
12-07 18:39:34.536 W/ActivityManager( 1971): Slow operation: 54ms so far, now at startProcess: starting to update pids map
12-07 18:39:34.560 E/FrameSetCollator( 9363): [{COL:FOVPR}] 1 FrameSets had unexpected timestamps (in the last 112.15ms). Ex: slot 0 4034615.076ms -> 4034634.087ms (observed period: 19.011ms, expected period: 16.666ms (2.345ms))
12-07 18:39:34.637 W/Looper  ( 1971): Slow dispatch took 132ms main h=com.android.server.power.Notifier$NotifierHandler c=com.android.server.power.Notifier$$ExternalSyntheticLambda1@32787b7 m=0
12-07 18:39:34.637 W/Looper  ( 1971): Slow delivery took 307ms main h=com.android.server.power.Notifier$NotifierHandler c=null m=7
12-07 18:39:34.650 I/ActivityTaskManager( 1971): START u0 {flg=0x10810100 cmp=com.oculus.vrshell/.FocusPlaceholderActivity} with LAUNCH_SINGLE_INSTANCE from uid 10053 (realCallingUid=1000) (BAL_ALLOW_ALLOWLISTED_COMPONENT) result code=0
12-07 18:39:34.650 W/ActivityManager( 1971): Slow operation: 167ms so far, now at startProcess: done updating pids map
12-07 18:39:34.651 W/Looper  ( 1971): Slow dispatch took 349ms android.ui h=android.os.Handler c=<recycled PooledLambda@8a2e853> m=0
12-07 18:39:34.651 W/Looper  ( 1971): Slow delivery took 353ms android.ui h=com.android.server.wm.DisplayPolicy$PolicyHandler c=com.android.server.wm.DisplayPolicy$2$$ExternalSyntheticLambda1@bd8c87e m=0
12-07 18:39:34.653 V/WindowManager( 1971): Queueing transition: TransitionRecord{4cfdaec id=-1 type=SLEEP flags=0x0}
12-07 18:39:34.653 V/WindowManager( 1971): Content Recording: Display 1141 state is now (1), so update recording?
12-07 18:39:34.654 W/Looper  ( 1971): Drained
12-07 18:39:34.656 V/WindowManager( 1971): Finish Transition #3848: created at 12-07 18:39:34.299 collect-started=0.013ms request-sent=1.685ms started=13.781ms ready=13.761ms sent=40.747ms finished=355.747ms
12-07 18:39:34.657 D/CompatibilityChangeReporter( 1971): Compat change id reported: 168419799; UID 10103; state: DISABLED
12-07 18:39:34.657 D/CompatibilityChangeReporter( 1971): Compat change id reported: 273564678; UID 10103; state: DISABLED
12-07 18:39:34.658 D/JobServiceContext( 1971): handleServiceBound for 5898bf7 #u0a93/7349 com.oculus.metacam/androidx.work.impl.background.systemjob.SystemJobService
12-07 18:39:34.659 D/JobServiceContext( 1971): Scheduling time out for 'androidx.work.impl.background.systemjob.SystemJobService' jId: 7349, in 8 s
12-07 18:39:34.659 D/CompatibilityChangeReporter( 1971): Compat change id reported: 265195908; UID 10103; state: ENABLED
12-07 18:39:34.662 I/TrackingService( 9368): [                          object] Power transition: SLEEP -> STANDBY transition time: 129 ms
12-07 18:39:34.663 I/TrackingService( 9368): [                      controller] Power transition: SLEEP -> STANDBY transition time: 0 ms
12-07 18:39:34.663 I/TrackingService( 9368): [            ExposureControlCmmv2] Power transition: SLEEP -> STANDBY transition time: 0 ms
12-07 18:39:34.663 D/libsensorscommon( 9363): ControllerProvider: StreamingClient requested by 9368
12-07 18:39:34.663 D/SensorService( 9363): ControllerProvider: acquiring StreamingClient impl; approx # alive: 2
12-07 18:39:34.663 I/TrackingService( 9368): [                            face] Power transition: SLEEP -> STANDBY transition time: 0 ms
12-07 18:39:34.665 D/SensorService( 9363): Found paired controllers: 2
12-07 18:39:34.665 D/SensorService( 9363): Syncboss input 402c25cbf028a4e8 hardware type 6, subtype 2, revision 
12-07 18:39:34.665 I/SensorService( 9363): preparePairedControllerInfo is adding device with valid 1
12-07 18:39:34.665 D/SensorService( 9363): Syncboss input f343f271512a1feb hardware type 6, subtype 1, revision 
12-07 18:39:34.665 I/SensorService( 9363): preparePairedControllerInfo is adding device with valid 1
12-07 18:39:34.667 D/JobServiceContext( 1971): doCallback of : JobStatus{5898bf7 #u0a93/7349 com.oculus.metacam/androidx.work.impl.background.systemjob.SystemJobService u=0 s=10093 NET BATNOTLOW READY} v:VERB_STARTING
12-07 18:39:34.667 D/JobServiceContext( 1971): Scheduling time out for 'androidx.work.impl.background.systemjob.SystemJobService' jId: 7349, in 300 s
12-07 18:39:34.668 D/SensorService( 9363): Found paired controllers: 2
12-07 18:39:34.668 D/SensorService( 9363): Syncboss input 402c25cbf028a4e8 hardware type 6, subtype 2, revision 
12-07 18:39:34.668 I/SensorService( 9363): preparePairedControllerInfo is adding device with valid 1
12-07 18:39:34.668 D/SensorService( 9363): Syncboss input f343f271512a1feb hardware type 6, subtype 1, revision 
12-07 18:39:34.668 I/SensorService( 9363): preparePairedControllerInfo is adding device with valid 1
12-07 18:39:34.668 D/libsensorscommon( 9363): ControllerProvider: acquiring StreamingClient hidl for client 9368
12-07 18:39:34.669 W/SpatialWindowResourceService( 1971): setWindowUserPerceivedState(): process is marked immersive, avoid 2D resource management
12-07 18:39:34.669 W/SpatialWindowResourceService( 1971): setWindowUserPerceivedState(): process is marked immersive, avoid 2D resource management
12-07 18:39:34.669 W/Looper  ( 1971): Drained
12-07 18:39:34.675 V/WorldManagerService( 1971): VW Content Listener: com.oculus.vrshell -1
12-07 18:39:34.675 D/SpatialAudioService( 1971): Skipping processing for app: com.oculus.vrshell (isNewApp: false, perAppEnabled: true, epsService: true)
12-07 18:39:34.675 D/TrackingService( 9368): Transition completed for NONE
12-07 18:39:34.675 D/PowerMonitor( 9368): Executing transition from STANDBY to RUNNING
12-07 18:39:34.675 D/TrackingService( 9368): StateHandler setState powerState=RUNNING
12-07 18:39:34.675 D/TrackingService( 9368): Enqueued transition to (targetPowerState, targetMuxName): (RUNNING, --) - transition timeout: 1000000000 ns
12-07 18:39:34.675 I/TrackingService( 9368): [                   PerfLockHooks] Power transition: STANDBY -> RUNNING transition time: 0 ms
12-07 18:39:34.675 I/TrackingService( 9368): [                            bolt] Power transition: STANDBY -> RUNNING transition time: 0 ms
12-07 18:39:34.675 D/TrackingService( 9368): IOT standby to running started
12-07 18:39:34.676 D/CameraStream( 9363): [iot] Client [IOT(9368)] attempting start
12-07 18:39:34.677 I/FrameSetDispatcher( 9363): [{WT:RAW10}] Client pid=9368 (IOT): Client thread[{WT:RAW10}:IOT] started
12-07 18:39:34.677 I/CameraClientManager( 9363): [IOT(9368)][iot] client started (estimated 1 started clients total)
12-07 18:39:34.677 I/CameraClientManager( 9363): [[IOT(9368)][iot]] definitely starting stream
12-07 18:39:34.682 D/CompatibilityChangeReporter( 1971): Compat change id reported: 170503758; UID 10103; state: DISABLED
12-07 18:39:34.690 D/CoreBackPreview( 1971): Window{a349f6d u0 com.oculus.vrshell/com.oculus.vrshell.FocusPlaceholderActivity}: Setting back callback OnBackInvokedCallbackInfo{mCallback=android.window.IOnBackInvokedCallback$Stub$Proxy@8530c33, mPriority=0, mIsAnimationCallback=false}
12-07 18:39:34.713 I/SyncBossFW(  879): 4034799 [info   ] {APPI}: Setting projector pattern sequence
12-07 18:39:34.720 D/SensorService( 9363): Configured syncboss nice config: [{camera_set: 1, num_slots: 4, [ { tag: 16, default_exposure_us: 65535, default_gain: 65535, capabilities: 0, slot_length: 0, }, { tag: 17, default_exposure_us: 38, default_gain: 48, capabilities: 2, slot_length: 0, }, { tag: 18, default_exposure_us: 65535, default_gain: 65535, capabilities: 0, slot_length: 0, }, { tag: 19, default_exposure_us: 5000, default_gain: 48, capabilities: 8, slot_length: 0, }, ] shutter_period_us: 16666, }, {camera_set: 2, num_slots: 4, [ { tag: 16, default_exposure_us: 65535, default_gain: 65535, capabilities: 0, slot_length: 0, }, { tag: 17, default_exposure_us: 38, default_gain: 48, capabilities: 2, slot_length: 0, }, { tag: 18, default_exposure_us: 65535, default_gain: 65535, capabilities: 0, slot_length: 0, }, { tag: 19, default_exposure_us: 5000, default_gain: 48, capabilities: 8, slot_length: 0, }, ] shutter_period_us: 16666, }, ]
12-07 18:39:34.683 I/CAM_INFO(    0): CAM-ISP: __cam_isp_ctx_start_dev_in_ready: 10771 Start IFE device ctx 10 with irq state machine [RDI Only Activated State Machine IRQ] in initial SubState [EPOCH] UL_path 1
12-07 18:39:34.683 I/CAM_INFO(    0): CAM-ISP: __cam_isp_ctx_start_dev_in_ready: 10771 Start IFE device ctx 13 with irq state machine [RDI Only Activated State Machine IRQ] in initial SubState [EPOCH] UL_path 1
12-07 18:39:34.684 I/CAM_INFO(    0): CAM-SENSOR: cam_sensor_driver_cmd: 1352 2:39:34.725 CAM_START_DEV[0] Success for og01a1b sensor_id:0x7750,sensor_slave_addr:0xa0
12-07 18:39:34.684 I/CAM_INFO(    0): CAM-ISP: __cam_isp_ctx_start_dev_in_ready: 10771 Start IFE device ctx 14 with irq state machine [RDI Only Activated State Machine IRQ] in initial SubState [EPOCH] UL_path 1
12-07 18:39:34.684 I/CAM_INFO(    0): CAM-ISP: __cam_isp_ctx_start_dev_in_ready: 10771 Start IFE device ctx 15 with irq state machine [RDI Only Activated State Machine IRQ] in initial SubState [EPOCH] UL_path 1
12-07 18:39:34.684 I/CAM_INFO(    0): CAM-SENSOR: cam_sensor_driver_cmd: 1352 2:39:34.726 CAM_START_DEV[1] Success for og01a1b sensor_id:0x7750,sensor_slave_addr:0xb0
12-07 18:39:34.684 I/CAM_INFO(    0): CAM-SENSOR: cam_sensor_driver_cmd: 1352 2:39:34.726 CAM_START_DEV[2] Success for ov7251 sensor_id:0xd,sensor_slave_addr:0xc0
12-07 18:39:34.722 I/FrameSetCollator( 9363): [{WT(0,1):RAW10}] started at 150248.61
12-07 18:39:34.722 I/SensorService( 9363): [worldTracking] Starting camera streams for purpose: projector_assisted_depth, current muxmode = 1
12-07 18:39:34.726 I/CameraClientManager( 9363): [[MrSSCamS(1157)][projector_assisted_depth]] stream start completed
12-07 18:39:34.726 D/CameraStream( 9363): [projector_assisted_depth] Client [MrSSCamS(1157)]: start complete
12-07 18:39:34.726 I/SensorService( 9363): [worldTracking] Starting cameras for purpose iot
12-07 18:39:34.726 I/FrameSetCollator( 9363): [{WT:RAW10}] started at 150248.61
12-07 18:39:34.726 I/SensorService( 9363): [worldTracking] Starting camera streams for purpose: iot, current muxmode = 1
12-07 18:39:34.726 I/CameraClientManager( 9363): [[IOT(9368)][iot]] stream start completed
12-07 18:39:34.726 D/CameraStream( 9363): [iot] Client [IOT(9368)]: start complete
12-07 18:39:34.727 D/CameraStream( 9363): [mr_monochrome] Client [MrSSCamS(1157)] attempting start
12-07 18:39:34.727 I/FrameSetDispatcher( 9363): [{WT(0,1):RAW10}] Client pid=1157 (MrSSCamS): Client thread[{WT(0,1):RAW10}] started
12-07 18:39:34.727 I/CameraClientManager( 9363): [MrSSCamS(1157)][mr_monochrome] client started (estimated 1 started clients total)
12-07 18:39:34.727 I/CameraClientManager( 9363): [[MrSSCamS(1157)][mr_monochrome]] definitely starting stream
12-07 18:39:34.727 I/SensorService( 9363): [worldTracking] Starting cameras for purpose mr_monochrome
12-07 18:39:34.727 I/FrameSetCollator( 9363): [{WT(0,1):RAW10}] Skipping start, current start count: 2
12-07 18:39:34.727 I/SensorService( 9363): [worldTracking] Starting camera streams for purpose: mr_monochrome, current muxmode = 1
12-07 18:39:34.727 I/CameraClientManager( 9363): [[MrSSCamS(1157)][mr_monochrome]] stream start completed
12-07 18:39:34.727 D/CameraStream( 9363): [mr_monochrome] Client [MrSSCamS(1157)]: start complete
12-07 18:39:34.734 D/TrackingService( 9368): IOT standby to running completed
12-07 18:39:34.734 I/TrackingService( 9368): [                             iot] Power transition: STANDBY -> RUNNING transition time: 58 ms
12-07 18:39:34.734 D/CameraStream( 9363): [constellation] Client [Cnst(9368)] attempting start
12-07 18:39:34.734 I/FrameSetDispatcher( 9363): [{WT:RAW10}] Client pid=9368 (Cnst): Client thread[{WT:RAW10}:Cnst] started
12-07 18:39:34.734 I/CameraClientManager( 9363): [Cnst(9368)][constellation] client started (estimated 1 started clients total)
12-07 18:39:34.734 I/CameraClientManager( 9363): [[Cnst(9368)][constellation]] definitely starting stream
12-07 18:39:34.734 I/SensorService( 9363): [worldTracking] Starting cameras for purpose constellation
12-07 18:39:34.734 I/FrameSetCollator( 9363): [{WT:RAW10}] Skipping start, current start count: 2
12-07 18:39:34.734 I/SensorService( 9363): [worldTracking] Starting camera streams for purpose: constellation, current muxmode = 1
12-07 18:39:34.734 I/CameraClientManager( 9363): [[Cnst(9368)][constellation]] stream start completed
12-07 18:39:34.734 D/CameraStream( 9363): [constellation] Client [Cnst(9368)]: start complete
12-07 18:39:34.735 I/SyncBossFW(  879): 4034801 [info   ] {NICE}: nice_set_frame_rate called on same period of 16666us
12-07 18:39:34.735 I/SyncBossFW(  879): 4034801 [info   ] {NICE}: nice_set_frame_rate called on same period of 16666us
12-07 18:39:34.735 I/SyncBossFW(  879): 4034803 [info   ] {NICE}: nice_set_frame_rate called on same period of 16666us
12-07 18:39:34.735 I/SyncBossFW(  879): 4034803 [info   ] {NCM }: Found slot with constellation capability
12-07 18:39:34.735 I/SyncBossFW(  879): 4034805 [info   ] {NICE}: nice_set_frame_rate called on same period of 16666us
12-07 18:39:34.735 I/SyncBossFW(  879): 4034805 [info   ] {NCM }: No slot with projector capability found.
12-07 18:39:34.735 I/SyncBossFW(  879): 4034805 [info   ] {NCM }: Stopping projector
12-07 18:39:34.735 I/SyncBossFW(  879): 4034809 [info   ] {GCM }: general_cam_mgr_get_stream_info for cameras 0x1
12-07 18:39:34.735 I/SyncBossFW(  879): 4034812 [info   ] {GCM }: general_cam_mgr_start_streaming for cameras 0xf
12-07 18:39:34.735 I/SyncBossFW(  879): 4034813 [info   ] {NCM }: [rate_lim=5000] Sending constellation cadence: [P: 66664us, D: 26466us]
12-07 18:39:34.735 I/SyncBossFW(  879): 4034815 [info   ] {NCM }: [rate_lim=5000] Ack received for constellation cadence: [P: 66664us, D: 26466us]
12-07 18:39:34.743 D/CameraStream( 9363): [ambient_controller] Client [Cnst(9368)] attempting start
12-07 18:39:34.743 I/FrameSetDispatcher( 9363): [{WT:RAW10}] Client pid=9368 (Cnst): Client thread[{WT:RAW10}:Cnst] started
12-07 18:39:34.743 I/CameraClientManager( 9363): [Cnst(9368)][ambient_controller] client started (estimated 1 started clients total)
12-07 18:39:34.743 I/CameraClientManager( 9363): [[Cnst(9368)][ambient_controller]] definitely starting stream
12-07 18:39:34.743 I/SensorService( 9363): [worldTracking] Starting cameras for purpose ambient_controller
12-07 18:39:34.743 I/FrameSetCollator( 9363): [{WT:RAW10}] Skipping start, current start count: 3
12-07 18:39:34.743 I/SensorService( 9363): [worldTracking] Starting camera streams for purpose: ambient_controller, current muxmode = 1
12-07 18:39:34.743 I/CameraClientManager( 9363): [[Cnst(9368)][ambient_controller]] stream start completed
12-07 18:39:34.743 D/CameraStream( 9363): [ambient_controller] Client [Cnst(9368)]: start complete
12-07 18:39:34.744 I/TrackingService( 9368): [                   constellation] Power transition: STANDBY -> RUNNING transition time: 9 ms
12-07 18:39:34.744 D/TrackingService( 9368): [HANDTRACKINGGLUE] standbyToRunning
12-07 18:39:34.744 D/TrackingService( 9368): [HANDTRACKINGGLUE] handleStateChange muxMode=null
12-07 18:39:34.744 D/TrackingService( 9368): [HANDTRACKINGGLUE] suspendCapability
12-07 18:39:34.744 I/TrackingService( 9368): [                            hand] Power transition: STANDBY -> RUNNING transition time: 0 ms
12-07 18:39:34.744 I/TrackingService( 9368): [              selftracked_client] Power transition: STANDBY -> RUNNING transition time: 0 ms
12-07 18:39:34.744 I/TrackingService( 9368): [                            iobt] Power transition: STANDBY -> RUNNING transition time: 0 ms
12-07 18:39:34.744 I/TrackingService( 9368): [                          object] Power transition: STANDBY -> RUNNING transition time: 0 ms
12-07 18:39:34.744 I/TrackingService( 9368): [                      controller] Power transition: STANDBY -> RUNNING transition time: 0 ms
12-07 18:39:34.744 D/CameraStream( 9363): [exposure_control_worldTracking] Client [ExpCtl(9368)] attempting start
12-07 18:39:34.744 I/FrameSetDispatcher( 9363): [{WT:RAW10}] Client pid=9368 (ExpCtl): Client thread[{WT:RAW10}:ExpC] started
12-07 18:39:34.744 I/CameraClientManager( 9363): [ExpCtl(9368)][exposure_control_worldTracking] client started (estimated 1 started clients total)
12-07 18:39:34.744 I/CameraClientManager( 9363): [[ExpCtl(9368)][exposure_control_worldTracking]] definitely starting stream
12-07 18:39:34.744 I/SensorService( 9363): [worldTracking] Starting cameras for purpose exposure_control_worldTracking
12-07 18:39:34.744 I/FrameSetCollator( 9363): [{WT:RAW10}] Skipping start, current start count: 4
12-07 18:39:34.744 I/SensorService( 9363): [worldTracking] Starting camera streams for purpose: exposure_control_worldTracking, current muxmode = 1
12-07 18:39:34.744 I/CameraClientManager( 9363): [[ExpCtl(9368)][exposure_control_worldTracking]] stream start completed
12-07 18:39:34.744 D/CameraStream( 9363): [exposure_control_worldTracking] Client [ExpCtl(9368)]: start complete
12-07 18:39:34.745 I/TrackingService( 9368): [            ExposureControlCmmv2] Power transition: STANDBY -> RUNNING transition time: 0 ms
12-07 18:39:34.745 I/SensorService( 9363): configDirectReport for channelHandle:1 sensorHandle:3 Rate:3
12-07 18:39:34.745 I/TrackingService( 9368): [                            face] Power transition: STANDBY -> RUNNING transition time: 0 ms
12-07 18:39:34.745 D/TrackingService( 9368): Transition completed for NONE
12-07 18:39:34.745 D/ControllerManagement( 9339): processStateChange([PairedControllerInfo RUBY 402c25cbf028a4e8 disconnected detached update-required mcnt=2])
12-07 18:39:34.745 D/ControllerManagement( 9339): processStateChange([PairedControllerInfo RUBY f343f271512a1feb disconnected detached update-required mcnt=2])
12-07 18:39:34.749 D/ActivityManager( 1971): sync unfroze 12713 com.oculus.hzosgallery for 7
12-07 18:39:34.759 V/WindowManager( 1971): Sent Transition #3849 createdAt=12-07 18:39:34.492 via request=TransitionRequestInfo { type = OPEN, triggerTask = TaskInfo{userId=0 taskId=2980 displayId=0 isRunning=true baseIntent=Intent { flg=0x10810100 cmp=com.oculus.vrshell/.FocusPlaceholderActivity } baseActivity=ComponentInfo{com.oculus.vrshell/com.oculus.vrshell.FocusPlaceholderActivity} topActivity=ComponentInfo{com.oculus.vrshell/com.oculus.vrshell.FocusPlaceholderActivity} origActivity=null realActivity=ComponentInfo{com.oculus.vrshell/com.oculus.vrshell.FocusPlaceholderActivity} numActivities=1 numActivitiesPerUser={0=1} lastActiveTime=209998275 supportsMultiWindow=true resizeMode=0 isResizeable=false minWidth=-1 minHeight=-1 defaultMinSize=1 token=WCT{RemoteToken{a04aa87 Task{1b8bb24 #2980 type=standard A=10053:com.oculus.vrshell:-339196040}}} topActivityType=1 pictureInPictureParams=null shouldDockBigOverlays=false launchIntoPipHostTaskId=-1 lastParentTaskIdBeforePip=-1 displayCutoutSafeInsets=null topActivityInfo=ActivityInfo{b5bedb4 com.oculus.vrshell.FocusPlaceholderActivity} launchCookies=[] telemetryLaunchIds=[] positionInParent=Point(0, 0) parentTaskId=5 isFocused=false isVisible=false isVisibleRequested=true isSleeping=false topActivityInSizeCompat=false topActivityEligibleForLetterboxEducation= false topActivityLetterboxed= false isFromDoubleTap= false topActivityLetterboxVerticalPosition= -1 topActivityLetterboxHorizontalPosition= -1 topActivityLetterboxWidth=-1 topActivityLetterboxHeight=-1 locusId=null displayAreaFeatureId=1 cameraCompatControlState=hidden}, remoteTransition = null, displayChange = null }
12-07 18:39:34.759 V/WindowManager( 1971):     startWCT=WindowContainerTransaction { changes = {} hops = [] errorCallbackToken=null taskFragmentOrganizer=null }
12-07 18:39:34.759 V/WindowManager( 1971):     info={id=3849 t=OPEN f=0x0 trk=1 r=[0@Point(0, 0)] c=[{WCT{RemoteToken{a04aa87 Task{1b8bb24 #2980 type=standard A=10053:com.oculus.vrshell:-339196040}}} m=OPEN f=NO_ANIMATION|MOVE_TO_TOP p=WCT{RemoteToken{3f434b9 Task{7447972 #5 type=standard}}} leash=Surface(name=Task=2980)/@0xc79ceab sb=Rect(16000, 0 - 16001, 1) eb=Rect(16000, 0 - 16001, 1) d=0},{WCT{RemoteToken{3f434b9 Task{7447972 #5 type=standard}}} m=TO_FRONT f=TRANSLUCENT|NO_ANIMATION|MOVE_TO_TOP leash=Surface(name=Task=5)/@0x1863657 sb=Rect(16000, 0 - 16001, 1) eb=Rect(16000, 0 - 16001, 1) eo=Point(16000, 0) d=0}]}
12-07 18:39:34.763 V/ActivityManager( 1971): bindService: Intent { cmp=com.oculus.deviceauthserver/.DeviceAuthService } type=null conn=android.os.BinderProxy@5c93ddd flags=0x1
12-07 18:39:34.685 I/CAM_INFO(    0): CAM-SENSOR: cam_sensor_driver_cmd: 1352 2:39:34.726 CAM_START_DEV[3] Success for ov7251 sensor_id:0xd,sensor_slave_addr:0xd0
12-07 18:39:34.718 I/        (    0): Info: adsprpc (8241): 517: 517: cvp-dsp-thread: fastrpc_driver_register: fastrpc driver qcom,fastcv0 registered with handle 1157
12-07 18:39:34.718 I/msm_cvp (    0): sess: Opening cvp instance: 0000000000000000
12-07 18:39:34.720 I/msm_cvp (    0): pwr: cvp (eva) powered on
12-07 18:39:34.723 I/msm_cvp (    0): err: __flush_debug_queue: invalid msg size - 126
12-07 18:39:34.723 I/msm_cvp (    0): err: __flush_debug_queue: invalid msg size - 126
12-07 18:39:34.725 I/synx    (    0): info: synx_initialize: 2303: [sess :97] session created cvp-kernel-client
12-07 18:39:34.763 D/CompatibilityChangeReporter( 1971): Compat change id reported: 161252188; UID 1000; state: DISABLED
12-07 18:39:34.763 W/WindowManager( 1971): Attempted to add starting window to token but already cleaned
12-07 18:39:34.764 W/ShellStartingWindow( 7059): android.os.BinderProxy@c2bf431 already running, starting window not displayed. Unable to add window -- window android.view.ViewRootImpl$W@3401bbb has already been added
12-07 18:39:34.764 W/ShellStartingWindow( 7059): view not successfully added to wm, removing view
12-07 18:39:34.764 I/VolumetricWindow( 1971): [setDrawn] VW=22df6525-a54d-4359-ac30-ab7098360c5b: isDrawn=true (isActive=true, isVisible=true)
12-07 18:39:34.764 I/OculusWindowMgr( 1971): OWMS::focusChanged: windowRootTaskId: 5
12-07 18:39:34.764 I/OculusWindowMgr( 1971): OWMS::focusChanged: getImmersiveTask returned
12-07 18:39:34.764 I/OculusWindowMgr( 1971): OWMS::focusChanged: mFocusPlaceholderActivity found in Task.
12-07 18:39:34.766 D/ActivityTaskManager( 1971): getDisplaysWithTopActivities: immersive ActivityRecord{224fcee u0 com.oculus.vrshell/.HomeActivity t2465}
12-07 18:39:34.767 D/VolumetricContentMonitor( 1971): Focused window changed to RunningWindowInfo{  pid: 3469, uid: 10053, userId: 0, windowContainerToken: 251755678, windowToken: android.view.IWindow$Stub$Proxy@7ce637f, windowId: com.android.server.wm.WindowState$WindowId@86b3f4c, displayId: 0, windowType: 1, activity: RunningActivityInfo { rootTask: 5, uid: 10053, pid: 3469, userId: 0, activity: com.oculus.vrshell.FocusPlaceholderActivity, windowId: com.android.server.wm.WindowState$WindowId@86b3f4c, state: ACTIVITY_STATE_VISIBLE}}, from android.view.IWindow$Stub$Proxy@8573247
12-07 18:39:34.767 V/WindowManager( 1971): Sent Transition #3850 createdAt=12-07 18:39:34.653 via request=TransitionRequestInfo { type = SLEEP, triggerTask = null, remoteTransition = null, displayChange = null }
12-07 18:39:34.767 V/WindowManager( 1971):     startWCT=null
12-07 18:39:34.767 V/WindowManager( 1971):     info={id=3850 t=SLEEP f=0x0 trk=1 r=[] c=[]}
12-07 18:39:34.767 V/WindowManager( 1971): Finish Transition #3849: created at 12-07 18:39:34.492 collect-started=0.012ms request-sent=156.582ms started=169.308ms ready=169.274ms sent=266.886ms finished=274.657ms
12-07 18:39:34.771 W/ShellStartingWindow( 7059): failed creating starting window at taskId: 2980
12-07 18:39:34.771 W/ShellStartingWindow( 7059): java.lang.IllegalArgumentException: View=android.widget.FrameLayout{860f8d8 V.E...... ......I. 0,0-0,0} not attached to window manager
12-07 18:39:34.771 W/ShellStartingWindow( 7059): 	at android.view.WindowManagerGlobal.findViewLocked(WindowManagerGlobal.java:544)
12-07 18:39:34.771 W/ShellStartingWindow( 7059): 	at android.view.WindowManagerGlobal.removeView(WindowManagerGlobal.java:451)
12-07 18:39:34.771 W/ShellStartingWindow( 7059): 	at com.android.wm.shell.startingsurface.SplashscreenWindowCreator.addWindow(SplashscreenWindowCreator.java:356)
12-07 18:39:34.771 W/ShellStartingWindow( 7059): 	at com.android.wm.shell.startingsurface.SplashscreenWindowCreator.addSplashScreenStartingWindow(SplashscreenWindowCreator.java:197)
12-07 18:39:34.771 W/ShellStartingWindow( 7059): 	at com.android.wm.shell.startingsurface.StartingSurfaceDrawer.addSplashScreenStartingWindow(StartingSurfaceDrawer.java:104)
12-07 18:39:34.771 W/ShellStartingWindow( 7059): 	at com.android.wm.shell.startingsurface.StartingWindowController.lambda$addStartingWindow$0(StartingWindowController.java:165)
12-07 18:39:34.771 W/ShellStartingWindow( 7059): 	at com.android.wm.shell.startingsurface.StartingWindowController.$r8$lambda$NDN-a_pnBFQeOjNsTSG4O9YCvvI(StartingWindowController.java:0)
12-07 18:39:34.771 W/ShellStartingWindow( 7059): 	at com.android.wm.shell.startingsurface.StartingWindowController$$ExternalSyntheticLambda0.run(R8$$SyntheticClass:0)
12-07 18:39:34.771 W/ShellStartingWindow( 7059): 	at android.os.Handler.handleCallback(Handler.java:958)
12-07 18:39:34.771 W/ShellStartingWindow( 7059): 	at android.os.Handler.dispatchMessage(Handler.java:99)
12-07 18:39:34.771 W/ShellStartingWindow( 7059): 	at android.os.Looper.loopOnce(Looper.java:218)
12-07 18:39:34.771 W/ShellStartingWindow( 7059): 	at android.os.Looper.loop(Looper.java:310)
12-07 18:39:34.771 W/ShellStartingWindow( 7059): 	at android.os.HandlerThread.run(HandlerThread.java:67)
12-07 18:39:34.772 I/SyncBossFW(  879): 4034855 [info   ] {NTHR}: First shutter for camera set (0x1) was sent 42046us after start
12-07 18:39:34.772 I/SyncBossFW(  879): 4034857 [info   ] {NTHR}: First shutter for camera set (0x2) was sent 41873us after start
12-07 18:39:34.781 W/SpatialWindowResourceService( 1971): setWindowUserPerceivedState(): process is marked immersive, avoid 2D resource management
12-07 18:39:34.781 W/SpatialWindowResourceService( 1971): setWindowUserPerceivedState(): process is marked immersive, avoid 2D resource management
12-07 18:39:34.782 W/Transition( 1971): Transition already started id=3850 state=2
12-07 18:39:34.782 V/WindowManager( 1971): Finish Transition #3850: created at 12-07 18:39:34.653 collect-started=106.175ms request-sent=113.508ms started=113.544ms ready=113.542ms sent=113.665ms finished=129.113ms
12-07 18:39:34.782 V/WorldManagerService( 1971): VW Content Listener: com.oculus.vrshell -1
12-07 18:39:34.782 D/SpatialAudioService( 1971): Skipping processing for app: com.oculus.vrshell (isNewApp: false, perAppEnabled: true, epsService: true)
12-07 18:39:34.782 V/WorldManagerService( 1971): VW Content Listener: com.oculus.vrshell -1
12-07 18:39:34.782 D/SpatialAudioService( 1971): Skipping processing for app: com.oculus.vrshell (isNewApp: false, perAppEnabled: true, epsService: true)
12-07 18:39:34.809 D/JobServiceContext( 1971): doCallback of : JobStatus{5898bf7 #u0a93/7349 com.oculus.metacam/androidx.work.impl.background.systemjob.SystemJobService u=0 s=10093 NET BATNOTLOW READY} v:VERB_EXECUTING
12-07 18:39:34.809 D/JobServiceContext( 1971): Cleaning up 5898bf7 #u0a93/7349 com.oculus.metacam/androidx.work.impl.background.systemjob.SystemJobService reschedule=false reason=app called jobFinished
12-07 18:39:34.790 I/CAM_ERR (    0): CAM-ISP: __cam_isp_ctx_rdi_only_epoch_in_top_state: 7751 epoch with no req in active list ctx:15 res_id:0
12-07 18:39:34.792 I/CAM_ERR (    0): CAM-ISP: __cam_isp_ctx_rdi_only_epoch_in_top_state: 7751 epoch with no req in active list ctx:14 res_id:0
12-07 18:39:34.803 I/CAM_ERR (    0): CAM-ISP: __cam_isp_ctx_rdi_only_epoch_in_top_state: 7751 epoch with no req in active list ctx:13 res_id:0
12-07 18:39:34.851 I/TrackingFidelityService( 9367): Received ambient flicker update. Setting maximum low_latency_pt fidelity to 0
12-07 18:39:34.851 I/TrackingFidelityService( 9367): Request(s)={low_latency_pt:0,}
12-07 18:39:34.851 I/TrackingFidelityService( 9367): Request(s)={low_latency_pt:0,mr_passthrough:0,pt_display_sync:0,hyperscape_room_scanning:0,isp_foveation:5,}, Mux mode idx=1, name=default, score=-1970
12-07 18:39:34.851 I/TrackingFidelityService( 9367): beginTransition[color]: default(1)->default(1)
12-07 18:39:34.851 I/TrackingFidelityService( 9367): _applyMuxModeLockedInternal: Mode default already set. Returning.
12-07 18:39:34.851 I/TrackingFidelityService( 9367): endTransition[color]: default(1)->default(1), seqId=-1, succeeded=true
12-07 18:39:34.868 E/FrameSetCollator( 9363): [{WT:RAW10}] releasing incomplete frame set: (0:0, 1:0, 2:1, 3:1), (deadlineMissed, muxModeMisMatch) = (1, 0), (captureDevTs, currentTs, tolerance, current+tolerance) = (4034948396000, 4034931730000, 30000, 4034931760000), (frame.slotIndex) = (2), (frame.modeIndex, frameSet.modeIndex) = (1, 0)
12-07 18:39:34.803 I/CAM_ERR (    0): CAM-ISP: __cam_isp_ctx_rdi_only_epoch_in_top_state: 7751 epoch with no req in active list ctx:10 res_id:0
12-07 18:39:34.845 I/init    (    0): processing action (service.bootanim.exit_vendor=1) from (/vendor/etc/init/hw/init.anorak.rc:390)
12-07 18:39:34.870 D/libsensortelemetry( 9363): Empty timestamp or no timestamp matched for HalCamId 0
12-07 18:39:34.870 D/libsensortelemetry( 9363): Empty timestamp or no timestamp matched for HalCamId 1
12-07 18:39:34.879 I/SyncBossHAL( 9363): [info   ] syncboss_hal_impl_input.c(1239): Pulsar connected devices state change: 4, host current time: 150248762ms
12-07 18:39:34.879 I/SyncBossHAL( 9363): [info   ] pulsar_input_cache.c(893): Refreshing input cache
12-07 18:39:34.880 I/SyncBossHAL( 9363): [info   ] pulsar_input_cache.c(609): Enumerating 402c25cbf028a4e8
12-07 18:39:34.881 I/SyncBossFW(  879): 4034966 [info   ] {WIHO}: Pulsar dev connected 402c25cbf028a4e8 t: 4034966ms, (type: 10011601, connection id: 0x4, cl version: 2)
12-07 18:39:34.888 I/DisplayManagerService( 1971): vrCompositorReady: restore brightness updates
12-07 18:39:34.888 W/BrightnessSynchronizer( 1971): Brightness sync observer requesting synchronization a second time.
12-07 18:39:34.893 I/SyncBossHAL( 9363): [info   ] pulsar_input_cache.c(576): Enumerating device version: 85.35.37
12-07 18:39:34.906 I/TrackingFidelityService( 9367): Received hand/controller update: hand_tracking_enabled
12-07 18:39:34.906 I/TrackingFidelityService( 9367): checkMultimodalFeature: Attempt made to enable multimodal hands+controllers when not supported by app
12-07 18:39:34.908 I/TrackingFidelityService( 9367): Request(s)={mr_passthrough:3,}
12-07 18:39:34.908 W/TrackingFidelityService( 9367): Fidelity data undefined in catalog for enabling feature like mr_passthrough. 2 similar misses.
12-07 18:39:34.908 I/TrackingFidelityService( 9367): Request(s)={mr_passthrough:3,pt_display_sync:0,hyperscape_room_scanning:0,isp_foveation:5,low_latency_pt:0,}, Mux mode idx=1, name=default, score=-1970
12-07 18:39:34.908 I/TrackingFidelityService( 9367): beginTransition[color]: default(1)->default(1)
12-07 18:39:34.908 I/TrackingFidelityService( 9367): _applyMuxModeLockedInternal: Mode default already set. Returning.
12-07 18:39:34.908 I/TrackingFidelityService( 9367): endTransition[color]: default(1)->default(1), seqId=-1, succeeded=true
12-07 18:39:34.910 I/TrackingFidelityService( 9367): Request(s)={constellation:0,controller_selftracked:0,hands:3,environment_lighting:5,keyboard:0,scene_reconstruction:0,surface_inputs:0,}, Mux mode idx=8, name=lowLightHands, score=-1950
12-07 18:39:34.910 I/TrackingFidelityService( 9367): beginTransition[worldTracking]: lowLightController(1)->lowLightHands(8)
12-07 18:39:34.910 I/TrackingFidelityService( 9367): _applyMuxModeLockedInternal: Applying camera mux mode lowLightHands via requestFeaturesWithFidelitiesLocked
12-07 18:39:34.910 I/SensorService( 9363): [worldTracking] Setting camera mux mode to 8
12-07 18:39:34.910 I/SensorService( 9363): updating CameraStream mux states
12-07 18:39:34.917 I/[drm:dsi_display_set_mode [msm_drm]] [msm-dsi-info](    0): mdp_transfer_time=0, hactive=4128, vactive=2208, fps=72, clk_rate=0
12-07 18:39:34.910 I/SensorDataTransforms( 9368): [ExpCtl:exposure_control_worldTracking] Staging mux mode updates for {worldTracking: ind-8, seqId-162},
12-07 18:39:34.910 I/SensorDataTransforms( 9368): [ExpCtl:exposure_control_worldTracking] Signaling start of the mode transition
12-07 18:39:34.910 I/SensorDataTransforms( 9368): [ExpCtl:exposure_control_worldTracking] Mux mode updates successfully staged
12-07 18:39:34.910 I/SensorDataTransforms( 9368): [constellation:ambient_controller] Staging mux mode updates for {worldTracking: ind-8, seqId-162},
12-07 18:39:34.941 I/input   (    0): Device 0x402C25CBF028A4E8 as /devices/virtual/input/input78
12-07 18:39:34.910 I/SensorDataTransforms( 9368): [object:object] Staging mux mode updates for {worldTracking: ind-8, seqId-162},
12-07 18:39:34.910 I/SensorDataTransforms( 9368): [object:object] Mux mode updates successfully staged
12-07 18:39:34.910 D/TrackingService( 9368): [object:object]Queue mux mode update notification: lowLightHands
12-07 18:39:34.910 I/SensorDataTransforms( 9368): [constellation:ambient_controller] Signaling start of the mode transition
12-07 18:39:34.910 I/TrackingService( 9368): [constellation:ambient_controller] Start configuration update starting
12-07 18:39:34.910 I/TrackingService( 9368): [constellation:ambient_controller] Start configuration update done
12-07 18:39:34.910 I/SensorDataTransforms( 9368): [constellation:ambient_controller] Mux mode updates successfully staged
12-07 18:39:34.910 D/TrackingService( 9368): [constellation:ambient_controller]Queue mux mode update notification: lowLightHands
12-07 18:39:34.910 I/SensorService( 9363): ending update to CameraStream mux states
12-07 18:39:34.910 I/FrameSetCollator( 9363): [{WT(0,1):RAW10}] Updated frame set period to 16666000, with all camera system activeSlots [[T,F,T,F,]]
12-07 18:39:34.910 I/SensorDataTransforms( 9368): [iot:iot] Staging mux mode updates for {worldTracking: ind-8, seqId-162},
12-07 18:39:34.910 I/FrameSetCollator( 9363): [{WT:RAW10}] Updated frame set period to 16666000, with all camera system activeSlots [[T,F,T,F,]]
12-07 18:39:34.910 I/SensorDataTransforms( 9368): [iot:iot] Signaling start of the mode transition
12-07 18:39:34.910 I/TrackingService( 9368): [iot:iot] Start configuration update starting
12-07 18:39:34.910 I/TrackingService( 9368): [iot:iot] Start configuration update done
12-07 18:39:34.910 I/FrameSetDispatcher( 9363): [{WT(0,1):RAW10}] Client pid=1157 (MrSSCamS): [worldTracking] Updated CameraMuxMode: 8, Slots: 
12-07 18:39:34.910 I/FrameSetDispatcher( 9363): [{WT(0,1):RAW10}] Client pid=1157 (MrSSCamS): [worldTracking] Updated CameraMuxMode: 8, Slots: SLOT_0 SLOT_2 
12-07 18:39:34.910 I/SensorDataTransforms( 9368): [iot:iot] Mux mode updates successfully staged
12-07 18:39:34.910 I/FrameSetDispatcher( 9363): [{WT(0,1):RAW10}] Latest MuxModeSettings: 8
12-07 18:39:34.910 I/FrameSetDispatcher( 9363): [{WT(0,1):RAW10}] purpose: ambient_controller, slots: 
12-07 18:39:34.910 D/TrackingService( 9368): [iot:iot]Queue mux mode update notification: lowLightHands
12-07 18:39:34.910 I/FrameSetDispatcher( 9363): [{WT(0,1):RAW10}] purpose: constellation, slots: 
12-07 18:39:34.910 I/FrameSetDispatcher( 9363): [{WT(0,1):RAW10}] purpose: exposure_control_worldTracking, slots: SLOT_0 SLOT_2 
12-07 18:39:34.910 I/FrameSetDispatcher( 9363): [{WT(0,1):RAW10}] purpose: iobt, slots: SLOT_0 SLOT_2 
12-07 18:39:34.910 I/FrameSetDispatcher( 9363): [{WT(0,1):RAW10}] purpose: mr_monochrome, slots: SLOT_0 SLOT_2 
12-07 18:39:34.910 I/FrameSetDispatcher( 9363): [{WT(0,1):RAW10}] purpose: object, slots: 
12-07 18:39:34.910 I/FrameSetDispatcher( 9363): [{WT(0,1):RAW10}] purpose: active_slots, slots: SLOT_0 SLOT_2 
12-07 18:39:34.910 I/SensorDataTransforms( 9368): [iobt:iobt] Staging mux mode updates for {worldTracking: ind-8, seqId-162},
12-07 18:39:34.910 I/FrameSetDispatcher( 9363): [{WT(0,1):RAW10}] purpose: hand, slots: SLOT_0 SLOT_2 
12-07 18:39:34.910 I/FrameSetDispatcher( 9363): [{WT(0,1):RAW10}] purpose: iot, slots: SLOT_0 SLOT_2 
12-07 18:39:34.910 I/FrameSetDispatcher( 9363): [{WT(0,1):RAW10}] purpose: projector_assisted_depth, slots: 
12-07 18:39:34.910 I/SensorDataTransforms( 9368): [iobt:iobt] Signaling start of the mode transition
12-07 18:39:34.910 I/FrameSetDispatcher( 9363): [{WT:RAW10}] Client pid=9368 (IOT): [worldTracking] Updated CameraMuxMode: 8, Slots: SLOT_0 SLOT_2 
12-07 18:39:34.910 I/TrackingService( 9368): [iobt:iobt] Start configuration update starting
12-07 18:39:34.910 I/FrameSetDispatcher( 9363): [{WT:RAW10}] Client pid=9368 (Cnst): [worldTracking] Updated CameraMuxMode: 8, Slots: 
12-07 18:39:34.910 I/FrameSetDispatcher( 9363): [{WT:RAW10}] Client pid=9368 (Cnst): [worldTracking] Updated CameraMuxMode: 8, Slots: 
12-07 18:39:34.910 I/TrackingService( 9368): [iobt:iobt] Start configuration update done
12-07 18:39:34.910 I/FrameSetDispatcher( 9363): [{WT:RAW10}] Client pid=9368 (ExpCtl): [worldTracking] Updated CameraMuxMode: 8, Slots: SLOT_0 SLOT_2 
12-07 18:39:34.910 I/FrameSetDispatcher( 9363): [{WT:RAW10}] Latest MuxModeSettings: 8
12-07 18:39:34.910 I/FrameSetDispatcher( 9363): [{WT:RAW10}] purpose: ambient_controller, slots: 
12-07 18:39:34.910 I/FrameSetDispatcher( 9363): [{WT:RAW10}] purpose: constellation, slots: 
12-07 18:39:34.910 I/SensorDataTransforms( 9368): [iobt:iobt] Mux mode updates successfully staged
12-07 18:39:34.910 I/FrameSetDispatcher( 9363): [{WT:RAW10}] purpose: exposure_control_worldTracking, slots: SLOT_0 SLOT_2 
12-07 18:39:34.910 I/FrameSetDispatcher( 9363): [{WT:RAW10}] purpose: iobt, slots: SLOT_0 SLOT_2 
12-07 18:39:34.910 D/TrackingService( 9368): [iobt:iobt]Queue mux mode update notification: lowLightHands
12-07 18:39:34.910 I/FrameSetDispatcher( 9363): [{WT:RAW10}] purpose: mr_monochrome, slots: SLOT_0 SLOT_2 
12-07 18:39:34.910 I/FrameSetDispatcher( 9363): [{WT:RAW10}] purpose: object, slots: 
