12-06 14:30:44.566 I/AppsFilter( 1971): interaction: PackageSetting{7855913 com.example.moonlight_spatialsdk/10176} -> PackageSetting{a4d3239 com.LuckyVR.PokerStarsVR/10090} BLOCKED
12-06 14:30:44.566 I/AppsFilter( 1971): interaction: PackageSetting{7855913 com.example.moonlight_spatialsdk/10176} -> PackageSetting{941f07e com.meta.HyperscapeHmdCapture/10158} BLOCKED
12-06 14:30:44.566 I/AppsFilter( 1971): interaction: PackageSetting{7855913 com.example.moonlight_spatialsdk/10176} -> PackageSetting{7cdf9df com.android.captiveportallogin/10028} BLOCKED
12-06 14:30:44.566 I/AppsFilter( 1971): interaction: PackageSetting{7855913 com.example.moonlight_spatialsdk/10176} -> PackageSetting{64f862c com.oculus.panelapp.calendar/10086} BLOCKED
12-06 14:30:44.566 I/AppsFilter( 1971): interaction: PackageSetting{7855913 com.example.moonlight_spatialsdk/10176} -> PackageSetting{cc5b8f5 com.oculus.highwindservice/10141} BLOCKED
12-06 14:30:44.566 I/AppsFilter( 1971): interaction: PackageSetting{7855913 com.example.moonlight_spatialsdk/10176} -> PackageSetting{108968a com.AgainstGravity.RecRoom/10148} BLOCKED
12-06 14:30:44.566 I/AppsFilter( 1971): interaction: PackageSetting{7855913 com.example.moonlight_spatialsdk/10176} -> PackageSetting{8cbe995 com.meta.pclinkservice.server/10047} BLOCKED
12-06 14:30:44.566 I/AppsFilter( 1971): interaction: PackageSetting{7855913 com.example.moonlight_spatialsdk/10176} -> PackageSetting{244d918 com.meta.transport/10120} BLOCKED
12-06 14:30:44.566 I/AppsFilter( 1971): interaction: PackageSetting{7855913 com.example.moonlight_spatialsdk/10176} -> PackageSetting{205ef71 com.oculus.configuration/10055} BLOCKED
12-06 14:30:44.566 I/AndroidLibraryResolver(19532): Attempting to find getAPIFunction64
12-06 14:30:44.566 D/MediaCodec(19532): flushMediametrics
12-06 14:30:44.566 V/LibLoaderImpl(19532): Loading 64-bit LibLoaderImpl.
12-06 14:30:44.566 V/LibLoaderImpl(19532): internalGetAPIFunction: loadLibrary 'loaderimpl'
12-06 14:30:44.566 V/LibLoaderImpl(19532): Using System.loadLibrary
12-06 14:30:44.566 D/CCodec  (19532): [c2.android.raw.decoder] buffers are bound to CCodec for this session
12-06 14:30:44.566 D/CCodecConfig(19532): no c2 equivalents for durationUs
12-06 14:30:44.567 D/CCodecConfig(19532): no c2 equivalents for track-id
12-06 14:30:44.567 D/CCodecConfig(19532): no c2 equivalents for bits-per-sample
12-06 14:30:44.567 D/CCodecConfig(19532): no c2 equivalents for flags
12-06 14:30:44.567 D/CCodecConfig(19532): c2 config diff is   c2::u32 raw.channel-count.value = 1
12-06 14:30:44.567 D/CCodecConfig(19532):   c2::u32 raw.sample-rate.value = 48000
12-06 14:30:44.567 W/Codec2Client(19532): query -- param skipped: index = 1107298332.
12-06 14:30:44.567 D/CCodec  (19532): encoding statistics level = 0
12-06 14:30:44.567 D/CCodec  (19532): setup formats input: AMessage(what = 0x00000000) = {
12-06 14:30:44.567 D/CCodec  (19532):   int32_t android._codec-pcm-encoding = 2
12-06 14:30:44.567 D/CCodec  (19532):   int32_t bitrate = 64000
12-06 14:30:44.567 D/CCodec  (19532):   int32_t channel-count = 1
12-06 14:30:44.567 D/CCodec  (19532):   int32_t max-input-size = 65536
12-06 14:30:44.567 D/CCodec  (19532):   string mime = "audio/raw"
12-06 14:30:44.567 D/CCodec  (19532):   int32_t pcm-encoding = 2
12-06 14:30:44.567 D/CCodec  (19532):   int32_t sample-rate = 48000
12-06 14:30:44.567 D/CCodec  (19532): }
12-06 14:30:44.567 D/CCodec  (19532): setup formats output: AMessage(what = 0x00000000) = {
12-06 14:30:44.567 D/CCodec  (19532):   int32_t android._codec-pcm-encoding = 2
12-06 14:30:44.567 D/CCodec  (19532):   int32_t channel-count = 1
12-06 14:30:44.567 D/CCodec  (19532):   string mime = "audio/raw"
12-06 14:30:44.567 D/CCodec  (19532):   int32_t pcm-encoding = 2
12-06 14:30:44.567 D/CCodec  (19532):   int32_t sample-rate = 48000
12-06 14:30:44.567 D/CCodec  (19532):   int32_t channel-mask = 0
12-06 14:30:44.567 D/CCodec  (19532):   int32_t android._config-pcm-encoding = 2
12-06 14:30:44.567 D/CCodec  (19532): }
12-06 14:30:44.567 I/CCodecConfig(19532): query failed after returning 8 values (BAD_INDEX)
12-06 14:30:44.568 W/Codec2Client(19532): query -- param skipped: index = 1342179345.
12-06 14:30:44.568 W/Codec2Client(19532): query -- param skipped: index = 2415921170.
12-06 14:30:44.569 D/CCodecBufferChannel(19532): [c2.android.raw.decoder#60] Created input block pool with allocatorID 16 => poolID 21 - OK (0)
12-06 14:30:44.569 I/CCodecBufferChannel(19532): [c2.android.raw.decoder#60] Created output block pool with allocatorID 16 => poolID 337 - OK
12-06 14:30:44.569 D/CCodecBufferChannel(19532): [c2.android.raw.decoder#60] Configured output block pool ids 337 => OK
12-06 14:30:44.569 I/QC2CompStore(  866): Setting heap usage to system
12-06 14:30:44.569 I/libloaderimpl(19532): nativeSetClassLoader:0x32c6
12-06 14:30:44.569 V/LibLoaderImpl(19532): internalGetAPIFunction: calling nativeGetAPIFunction
12-06 14:30:44.569 I/libloaderimpl(19532): LibLoaderImpl nativeGetAPIFunction.
12-06 14:30:44.570 I/libloaderimpl(19532): LibLoaderHandle SUCCESS
12-06 14:30:44.570 I/TREX    (19532): loaded 'com.oculus.appautomation:libtrex_app_automation_plugin_v1.so'
12-06 14:30:44.570 I/libloaderimpl(19532): LibLoaderImpl GetAPIFunction. libName: libtrex_app_automation_plugin_v1.so, funcName: trex_GetPluginInfo
12-06 14:30:44.570 W/libloaderimpl(19532): LibLoaderImpl: GetAPIFunction. Function not found: trex_GetPluginInfo
12-06 14:30:44.570 I/libloaderimpl(19532): LibLoaderImpl GetAPIFunction. libName: libtrex_app_automation_plugin_v1.so, funcName: trex_Initialize
12-06 14:30:44.570 W/libloaderimpl(19532): LibLoaderImpl: GetAPIFunction. Function not found: trex_Initialize
12-06 14:30:44.570 I/libloaderimpl(19532): LibLoaderImpl GetAPIFunction. libName: libtrex_app_automation_plugin_v1.so, funcName: trex_Shutdown
12-06 14:30:44.570 D/SimpleC2Component( 1132): Using output block pool with poolID 337 => got 337 - 0
12-06 14:30:44.570 W/libloaderimpl(19532): LibLoaderImpl: GetAPIFunction. Function not found: trex_Shutdown
12-06 14:30:44.570 E/TREX    (19532): Failed to find plugin API functions in 'com.oculus.appautomation:libtrex_app_automation_plugin_v1.so'
12-06 14:30:44.570 I/TREX    (19532): Plugin 'com.oculus.appautomation:libtrex_app_automation_plugin_v1.so' not loaded.
12-06 14:30:44.571 I/PerformanceManagerInterface_Impl(19532): PerformanceManagerInterface_Impl_V1: feature: 1: oculus.software.handtracking
12-06 14:30:44.571 I/TREX    (19532): Interface 'WristbandClientInterface', version 6 was not found. Check debug build for more information.
12-06 14:30:44.571 I/RuntimeIPCSystem [RUNTIMEIPC](19532): RuntimeIPCSystem: Init called: Version: 81, Platform: Android, Build Date: Dec  2 2025, Build Time: 09:26:03, BuildMode: shared
12-06 14:30:44.572 D/TelemetryService( 1126): PathwayGuard: from OSSDK/NDK is not allowed to send oculus_trex_plugin_load_failed; dropping; Please use the Statsd approach https://www.internalfb.com/intern/wiki/HzOS_Systems/HzOS_Systems_Performance_and_Reliability/VROS_System_Insights/VROS_Telemetry/XFN/Statsd/
12-06 14:30:44.572 D/TelemetryService( 1126): Reported oculus_telemetry_blocked_ossdk_events breach event
12-06 14:30:44.573 D/MediaBufferGroup( 1110): creating MemoryDealer
12-06 14:30:44.574 I/RuntimeIpcHelperService( 1971): Going to start ComponentInfo{com.oculus.systemdriver/com.oculus.vrruntimeservice.VrRuntimeService} as foreground, Calling uid: 10176 pid: 19532
12-06 14:30:44.575 D/CCodecBufferChannel(19532): [c2.android.raw.decoder#60] MediaCodec discarded an unknown buffer
12-06 14:30:44.575 D/CCodecBufferChannel(19532): [c2.android.raw.decoder#60] MediaCodec discarded an unknown buffer
12-06 14:30:44.575 I/RuntimeIpcHelperService( 1971): Going to start ComponentInfo{com.oculus.systemdriver/com.oculus.vrruntimeservice.VrRuntimeService} as foreground, Calling uid: 10176 pid: 19532
12-06 14:30:44.575 D/CCodecBufferChannel(19532): [c2.android.raw.decoder#60] MediaCodec discarded an unknown buffer
12-06 14:30:44.576 I/hw-BpHwBinder(19532): onLastStrongRef automatically unlinking death recipients
12-06 14:30:44.576 I/hw-BpHwBinder( 1132): onLastStrongRef automatically unlinking death recipients
12-06 14:30:44.577 D/BufferPoolAccessor2.0( 1132): Destruction - bufferpool2 0xb400007997c77428 cached: 0/0M, 0/0% in use; allocs: 0, 0% recycled; transfers: 0, 0% unfetched
12-06 14:30:44.577 I/RipcServerClientHandler [RUNTIMEIPC]( 2832): Event buffer size (server): 8192
12-06 14:30:44.577 D/MediaCodec(19532): flushMediametrics
12-06 14:30:44.577 D/MediaCodec(19532): updateMediametrics(0xb400006f9ab00800) ttff: 15ms, ttff_os: 12ms, init: 6ms ,configure: 1ms, start: 5ms, decode: 0ms, rendering: -1ms
12-06 14:30:44.577 I/BpBinder(19532): onLastStrongRef automatically unlinking death recipients: android.media.IResourceManagerService
12-06 14:30:44.577 I/RipcServerMgr [RUNTIMEIPC]( 2832): HandleClientConnect SUCCESS: Client: com.example.moonlight_spatialsdk:com.example.moonlight_spatialsdk:19532:, Server: com.oculus.systemdriver:com.oculus.vrruntimeservice (RuntimeServiceDevice)
12-06 14:30:44.578 E/TrackedObjectManager( 2832): Failed to connect to TrackedObjectService with error Status(-129, EX_TRANSACTION_FAILED): 'DEAD_OBJECT: '
12-06 14:30:44.578 W/OSDynamicObjectDataQuerier( 2832): Attempted to start tracking objects when tracker was already started
12-06 14:30:44.578 E/TrackedObjectManager( 2832): Failed to connect to TrackedObjectService with error Status(-129, EX_TRANSACTION_FAILED): 'DEAD_OBJECT: '
12-06 14:30:44.578 E/TrackedObjectManager( 2832): Failed to start tracking keyboard object with error Status(-129, EX_TRANSACTION_FAILED): 'DEAD_OBJECT: '
12-06 14:30:44.578 W/mediaextractor( 1110): Binder 0xb400007d4b40f0d8 destroyed after setInheritRt before being parceled.
12-06 14:30:44.578 W/mediaextractor( 1110): Binder 0xb400007d4b40f128 destroyed after setInheritRt before being parceled.
12-06 14:30:44.578 W/mediaextractor( 1110): Binder 0xb400007d4b40ef48 destroyed after setInheritRt before being parceled.
12-06 14:30:44.578 W/mediaextractor( 1110): Binder 0xb400007d4b419408 destroyed after setInheritRt before being parceled.
12-06 14:30:44.578 W/mediaextractor( 1110): Binder 0xb400007d4b40e2c8 destroyed after setInheritRt before being parceled.
12-06 14:30:44.578 W/REFLECT [RUNTIMEIPC]( 2832): Disabling all permissions (ONLY USE IN TESTS): 1227038606:com.example.moonlight_spatialsdk/com.example.moonlight_spatialsdk (10176:19532), mask: 11111111111111111111111111111111
12-06 14:30:44.578 I/RipcClient [RUNTIMEIPC](19532): Event buffer size (client): 8192
12-06 14:30:44.578 I/RipcClient [RUNTIMEIPC](19532): TryToGetIPCResourcesFromServer: RPC_CONNECTOR_CONNECT_TO_SERVER SUCCESS: Client: com.example.moonlight_spatialsdk:com.example.moonlight_spatialsdk:19532, Server: com.oculus.systemdriver:com.oculus.vrruntimeservice:0 (RuntimeServiceDevice), Version: 81, Platform: Android, Build Date: Dec  2 2025, Build Time: 09:26:03, BuildMode: shared
12-06 14:30:44.579 I/RipcClient [RUNTIMEIPC](19532): EnsureServerConnection: SUCCESS. Client: com.example.moonlight_spatialsdk:com.example.moonlight_spatialsdk:19532, Server: com.oculus.systemdriver:com.oculus.vrruntimeservice:0 (RuntimeServiceDevice)
12-06 14:30:44.579 I/RipcClient [RUNTIMEIPC](19532): [RIPC_CONNECT_LOG] ConnectToServer: SUCCESS: Client: com.example.moonlight_spatialsdk:com.example.moonlight_spatialsdk:19532, Server: com.oculus.systemdriver:com.oculus.vrruntimeservice:0 (RuntimeServiceDevice)
12-06 14:30:44.579 I/RipcClient [RUNTIMEIPC](19532): ReleaseRef: Remaining refs: 0, Client: com.example.moonlight_spatialsdk:com.example.moonlight_spatialsdk:19532, Server: com.oculus.systemdriver:com.oculus.vrruntimeservice:0 (RuntimeServiceDevice)
12-06 14:30:44.580 W/RuntimeIPCNotificationThread [RUNTIMEIPC](19532): RuntimeIPCNotificationThread MainLoop: WaitForNotification FAILED: -1
12-06 14:30:44.580 W/RuntimeIPCNotificationThread [RUNTIMEIPC](19532): RuntimeIPCNotificationThread MainLoop: exiting
12-06 14:30:44.580 W/RipcClient [RUNTIMEIPC](19532): [RIPC_CONNECT_LOG] DisconnectFromServer: Not connected: 0, Client: com.example.moonlight_spatialsdk:com.example.moonlight_spatialsdk:19532, Server: com.oculus.systemdriver:com.oculus.vrruntimeservice:0 (RuntimeServiceDevice)
12-06 14:30:44.580 I/RipcServerClientHandler [RUNTIMEIPC]( 2832): [RIPC_CONNECT_LOG] RipcServerClientHandler::Shutdown: Client: com.example.moonlight_spatialsdk:com.example.moonlight_spatialsdk:19532:, Server: com.oculus.systemdriver:com.oculus.vrruntimeservice (RuntimeServiceDevice)
12-06 14:30:44.580 I/RipcClient [RUNTIMEIPC](19532): [RIPC_CONNECT_LOG] Shutdown: clientId: 16777224, Client: com.example.moonlight_spatialsdk:com.example.moonlight_spatialsdk:19532, Server: com.oculus.systemdriver:com.oculus.vrruntimeservice:0 (RuntimeServiceDevice), SUCCESS
12-06 14:30:44.580 I/RipcClientMgr [RUNTIMEIPC](19532): [RIPC_CONNECT_LOG] DisconnectFromServer DONE: clientId: 16777224, Client: com.example.moonlight_spatialsdk:com.example.moonlight_spatialsdk:19532, Server: com.oculus.systemdriver:com.oculus.vrruntimeservice:0 (RuntimeServiceDevice)
12-06 14:30:44.580 I/RuntimeIPCApi [RUNTIMEIPC](19532): ipc_DisconnectFromServer: 16777224, SUCCESS
12-06 14:30:44.581 I/Distortion(19532): Initializing Mesh Decenter Correction
12-06 14:30:44.582 I/Distortion(19532): Decenter tester version = 200
12-06 14:30:44.582 I/Distortion(19532): SetLensPositions - iad=0.0635, left offset=-0.00313837,4.25965e-05, right offset=0.00323463,-0.000142143
12-06 14:30:44.584 I/VrRuntimeCompatHelper(19532): DevicesSupported : 4 devices, quest2|questpro|quest3
12-06 14:30:44.585 I/ApplicationAttributes(19532): IsSystem 0
12-06 14:30:44.585 I/Distortion(19532): Initializing Mesh Decenter Correction
12-06 14:30:44.585 I/Distortion(19532): Decenter tester version = 200
12-06 14:30:44.585 I/Distortion(19532): SetLensPositions - iad=0.0635, left offset=-0.00313837,4.25965e-05, right offset=0.00323463,-0.000142143
12-06 14:30:44.587 I/OpenXR  (19532): ----------- xrCreateInstance [end] ----------
12-06 14:30:44.587 V/OpenXR_DriverLoader(19532): xrGetInstanceProcAddr: xrSetDebugUtilsObjectNameEXT not supported, the extension is not enabled for the requested OpenXR API version 1.1.48.
12-06 14:30:44.587 V/OpenXR_DriverLoader(19532): xrGetInstanceProcAddr: xrCreateDebugUtilsMessengerEXT not supported, the extension is not enabled for the requested OpenXR API version 1.1.48.
12-06 14:30:44.587 V/OpenXR_DriverLoader(19532): xrGetInstanceProcAddr: xrDestroyDebugUtilsMessengerEXT not supported, the extension is not enabled for the requested OpenXR API version 1.1.48.
12-06 14:30:44.587 V/OpenXR_DriverLoader(19532): xrGetInstanceProcAddr: xrSubmitDebugUtilsMessageEXT not supported, the extension is not enabled for the requested OpenXR API version 1.1.48.
12-06 14:30:44.587 V/OpenXR_DriverLoader(19532): xrGetInstanceProcAddr: xrSessionBeginDebugUtilsLabelRegionEXT not supported, the extension is not enabled for the requested OpenXR API version 1.1.48.
12-06 14:30:44.587 V/OpenXR_DriverLoader(19532): xrGetInstanceProcAddr: xrSessionEndDebugUtilsLabelRegionEXT not supported, the extension is not enabled for the requested OpenXR API version 1.1.48.
12-06 14:30:44.587 V/OpenXR_DriverLoader(19532): xrGetInstanceProcAddr: xrSessionInsertDebugUtilsLabelEXT not supported, the extension is not enabled for the requested OpenXR API version 1.1.48.
12-06 14:30:44.587 V/OpenXR-Loader(19532): Verbose [GENERAL | xrCreateInstance | OpenXR-Loader] : Completed loader terminator
12-06 14:30:44.587 V/OpenXR_DriverLoader(19532): xrGetInstanceProcAddr: xrSessionBeginDebugUtilsLabelRegionEXT not supported, the extension is not enabled for the requested OpenXR API version 1.1.48.
12-06 14:30:44.587 V/OpenXR_DriverLoader(19532): xrGetInstanceProcAddr: xrSessionEndDebugUtilsLabelRegionEXT not supported, the extension is not enabled for the requested OpenXR API version 1.1.48.
12-06 14:30:44.587 V/OpenXR_DriverLoader(19532): xrGetInstanceProcAddr: xrSessionInsertDebugUtilsLabelEXT not supported, the extension is not enabled for the requested OpenXR API version 1.1.48.
12-06 14:30:44.587 I/OpenXR-Loader(19532): Info [GENERAL | xrCreateInstance | OpenXR-Loader] : LoaderInstance::CreateInstance succeeded with 0 layers enabled and runtime interface - created instance = 0x0000000000000001
12-06 14:30:44.587 V/OpenXR-Loader(19532): Verbose [GENERAL | xrCreateInstance | OpenXR-Loader] : Completed loader trampoline
12-06 14:30:44.587 V/OpenXR_DriverLoader(19532): xrGetInstanceProcAddr: xrEnumeratePerformanceMetricsCounterPathsMETA not supported, the extension is not enabled for the requested OpenXR API version 1.1.48.
12-06 14:30:44.587 V/OpenXR_DriverLoader(19532): xrGetInstanceProcAddr: xrSetPerformanceMetricsStateMETA not supported, the extension is not enabled for the requested OpenXR API version 1.1.48.
12-06 14:30:44.587 V/OpenXR_DriverLoader(19532): xrGetInstanceProcAddr: xrGetPerformanceMetricsStateMETA not supported, the extension is not enabled for the requested OpenXR API version 1.1.48.
12-06 14:30:44.587 V/OpenXR_DriverLoader(19532): xrGetInstanceProcAddr: xrQueryPerformanceMetricsCounterMETA not supported, the extension is not enabled for the requested OpenXR API version 1.1.48.
12-06 14:30:44.587 V/OpenXR_DriverLoader(19532): xrGetInstanceProcAddr: xrCreateBodyTrackerFB not supported, the extension is not enabled for the requested OpenXR API version 1.1.48.
12-06 14:30:44.587 V/OpenXR_DriverLoader(19532): xrGetInstanceProcAddr: xrDestroyBodyTrackerFB not supported, the extension is not enabled for the requested OpenXR API version 1.1.48.
12-06 14:30:44.587 V/OpenXR_DriverLoader(19532): xrGetInstanceProcAddr: xrLocateBodyJointsFB not supported, the extension is not enabled for the requested OpenXR API version 1.1.48.
12-06 14:30:44.587 V/OpenXR_DriverLoader(19532): xrGetInstanceProcAddr: xrGetBodySkeletonFB not supported, the extension is not enabled for the requested OpenXR API version 1.1.48.
12-06 14:30:44.587 V/OpenXR_DriverLoader(19532): xrGetInstanceProcAddr: xrCreateVirtualReferenceSpaceMETAX1 not supported, the extension is not enabled for the requested OpenXR API version 1.1.48.
12-06 14:30:44.587 V/OpenXR_DriverLoader(19532): xrGetInstanceProcAddr: xrSetVirtualReferenceSpacePoseMETAX1 not supported, the extension is not enabled for the requested OpenXR API version 1.1.48.
12-06 14:30:44.587 V/OpenXR_DriverLoader(19532): xrGetInstanceProcAddr: xrSetUserRestSpaceMETAX1 not supported, the extension is not enabled for the requested OpenXR API version 1.1.48.
12-06 14:30:44.587 V/OpenXR_DriverLoader(19532): xrGetInstanceProcAddr: xrResumeSimultaneousHandsAndControllersTrackingMETA not supported, the extension is not enabled for the requested OpenXR API version 1.1.48.
12-06 14:30:44.587 V/OpenXR_DriverLoader(19532): xrGetInstanceProcAddr: xrPauseSimultaneousHandsAndControllersTrackingMETA not supported, the extension is not enabled for the requested OpenXR API version 1.1.48.
12-06 14:30:44.587 I/HorizonStandalone(19532): Hmi: Registering input class horizon::hmi::XrControllerLeft
12-06 14:30:44.587 I/HorizonStandalone(19532): Hmi: Registering input class horizon::hmi::XrControllerRight
12-06 14:30:44.587 I/HorizonStandalone(19532): Hmi: Registering input class horizon::hmi::XrHandLeft
12-06 14:30:44.587 I/HorizonStandalone(19532): Hmi: Registering input class horizon::hmi::XrHandRight
12-06 14:30:44.587 I/HorizonStandalone(19532): Hmi: Registering input class horizon::hmi::XrEyeGaze
12-06 14:30:44.588 I/HorizonStandalone(19532): Application: initView begin
12-06 14:30:44.591 E/TrackedObjectManager( 2832): Failed to connect to TrackedObjectService with error Status(-129, EX_TRANSACTION_FAILED): 'DEAD_OBJECT: '
12-06 14:30:44.591 W/OSDynamicObjectDataQuerier( 2832): Attempted to start tracking objects when tracker was already started
12-06 14:30:44.591 E/TrackedObjectManager( 2832): Failed to connect to TrackedObjectService with error Status(-129, EX_TRANSACTION_FAILED): 'DEAD_OBJECT: '
12-06 14:30:44.591 E/TrackedObjectManager( 2832): Failed to start tracking keyboard object with error Status(-129, EX_TRANSACTION_FAILED): 'DEAD_OBJECT: '
12-06 14:30:44.605 I/VrApi   ( 3469): FPS=70/72,Prd=27ms,Tear=0,Early=0,Stale=0,Stale2/5/10/max=0/0/0/0,VSnc=1,Lat=-1,Fov=3,CPU4/GPU=3/2,1382/456MHz,OC=3F,TA=0/0/0,SP=N/N/N,Mem=3196MHz,Free=3227MB,PLS=0,Temp=37.0C/0.0C,TW=2.54ms,App=1.21ms,GD=0.00ms,CPU&GPU=10.75ms,LCnt=7(DR0,LM4),GPU%=0.30,CPU%=0.58(W0.65),CFL=12.46/16.05,ICFLp95=15.36,LD=0,SF=1.00,LP=1,DVFS=0,ShrpLCnt=3,ShrpR=0.000,SSLCnt=2/4
12-06 14:30:44.606 E/TrackedObjectManager( 2832): Failed to connect to TrackedObjectService with error Status(-129, EX_TRANSACTION_FAILED): 'DEAD_OBJECT: '
12-06 14:30:44.606 W/OSDynamicObjectDataQuerier( 2832): Attempted to start tracking objects when tracker was already started
12-06 14:30:44.606 E/TrackedObjectManager( 2832): Failed to connect to TrackedObjectService with error Status(-129, EX_TRANSACTION_FAILED): 'DEAD_OBJECT: '
12-06 14:30:44.606 E/TrackedObjectManager( 2832): Failed to start tracking keyboard object with error Status(-129, EX_TRANSACTION_FAILED): 'DEAD_OBJECT: '
12-06 14:30:44.607 I/[CT]    ( 2832): MIXEDREALITY: PassthroughApiManager: GetUpdatedLayerState: (every 2 seconds) PT is: ON numLayers: 1
12-06 14:30:44.613 D/vulkan  (19532): searching for layers in '/data/app/~~uTPE9Ztxey8mtL3vT9THgg==/com.example.moonlight_spatialsdk-NPEgysMcSt8-2UP6qPbnjw==/lib/arm64'
12-06 14:30:44.613 D/vulkan  (19532): searching for layers in '/data/app/~~uTPE9Ztxey8mtL3vT9THgg==/com.example.moonlight_spatialsdk-NPEgysMcSt8-2UP6qPbnjw==/base.apk!/lib/arm64-v8a'
12-06 14:30:44.613 D/vulkan  (19532): searching for layers in '/apex/com.meta.xr/priv-app/VrDriver/VrDriver.apk!/lib/arm64-v8a'
12-06 14:30:44.619 E/TrackedObjectManager( 2832): Failed to connect to TrackedObjectService with error Status(-129, EX_TRANSACTION_FAILED): 'DEAD_OBJECT: '
12-06 14:30:44.619 W/OSDynamicObjectDataQuerier( 2832): Attempted to start tracking objects when tracker was already started
12-06 14:30:44.619 E/TrackedObjectManager( 2832): Failed to connect to TrackedObjectService with error Status(-129, EX_TRANSACTION_FAILED): 'DEAD_OBJECT: '
12-06 14:30:44.619 E/TrackedObjectManager( 2832): Failed to start tracking keyboard object with error Status(-129, EX_TRANSACTION_FAILED): 'DEAD_OBJECT: '
12-06 14:30:44.620 W/Adreno-AppProfiles(19532): Could not find QSPM HAL service. Skipping adreno profile processing.
12-06 14:30:44.621 I/AdrenoVK-0(19532): ===== BEGIN DUMP OF OVERRIDDEN SETTINGS =====
12-06 14:30:44.621 I/AdrenoVK-0(19532): ===== END DUMP OF OVERRIDDEN SETTINGS =====
12-06 14:30:44.624 W/Adreno-AppProfiles(19532): Could not find QSPM HAL service. Skipping adreno profile processing.
12-06 14:30:44.625 I/AdrenoVK-0(19532): ===== BEGIN DUMP OF OVERRIDDEN SETTINGS =====
12-06 14:30:44.625 I/AdrenoVK-0(19532): ===== END DUMP OF OVERRIDDEN SETTINGS =====
12-06 14:30:44.626 I/AdrenoVK-0(19532): QUALCOMM build          : 5eb6d58341, Icac217ebc7
12-06 14:30:44.626 I/AdrenoVK-0(19532): Build Date              : 11/10/25
12-06 14:30:44.626 I/AdrenoVK-0(19532): Shader Compiler Version : E031.50.14.00
12-06 14:30:44.626 I/AdrenoVK-0(19532): Local Branch            : 
12-06 14:30:44.626 I/AdrenoVK-0(19532): Remote Branch           : refs/tags/AU_LINUX_ANDROID_LA.VENDOR.12.3.11.00.00.934.442
12-06 14:30:44.626 I/AdrenoVK-0(19532): Remote Branch           : NONE
12-06 14:30:44.626 I/AdrenoVK-0(19532): Reconstruct Branch      : NOTHING
12-06 14:30:44.626 I/AdrenoVK-0(19532): Build Config            : S P 12.1.6 AArch64
12-06 14:30:44.626 I/AdrenoVK-0(19532): Driver Path             : /vendor/lib64/hw/vulkan.adreno.so
12-06 14:30:44.626 I/AdrenoVK-0(19532): Driver Version          : 0837.0.6
12-06 14:30:44.626 I/AdrenoVK-0(19532): PFP                     : 0x01511181
12-06 14:30:44.626 I/AdrenoVK-0(19532): ME                      : 0x00000000
12-06 14:30:44.626 I/AdrenoVK-0(19532): Application Name    : RHISupportedFeaturesProbe
12-06 14:30:44.626 I/AdrenoVK-0(19532): Process Name        : com.example.moonlight_spatialsdk
12-06 14:30:44.626 I/AdrenoVK-0(19532): Application Version : 0x00000001
12-06 14:30:44.626 I/AdrenoVK-0(19532): Engine Name         : Meta Horizon Engine
12-06 14:30:44.626 I/AdrenoVK-0(19532): Engine Version      : 0x00000001
12-06 14:30:44.626 I/AdrenoVK-0(19532): Api Version         : 0x00403000
12-06 14:30:44.633 E/TrackedObjectManager( 2832): Failed to connect to TrackedObjectService with error Status(-129, EX_TRANSACTION_FAILED): 'DEAD_OBJECT: '
12-06 14:30:44.633 W/OSDynamicObjectDataQuerier( 2832): Attempted to start tracking objects when tracker was already started
12-06 14:30:44.633 E/TrackedObjectManager( 2832): Failed to connect to TrackedObjectService with error Status(-129, EX_TRANSACTION_FAILED): 'DEAD_OBJECT: '
12-06 14:30:44.633 E/TrackedObjectManager( 2832): Failed to start tracking keyboard object with error Status(-129, EX_TRANSACTION_FAILED): 'DEAD_OBJECT: '
12-06 14:30:44.644 W/Adreno-AppProfiles(19532): Could not find QSPM HAL service. Skipping adreno profile processing.
12-06 14:30:44.645 I/AdrenoVK-0(19532): ===== BEGIN DUMP OF OVERRIDDEN SETTINGS =====
12-06 14:30:44.645 I/AdrenoVK-0(19532): ===== END DUMP OF OVERRIDDEN SETTINGS =====
12-06 14:30:44.647 I/AdrenoVK-0(19532): QUALCOMM build          : 5eb6d58341, Icac217ebc7
12-06 14:30:44.647 I/AdrenoVK-0(19532): Build Date              : 11/10/25
12-06 14:30:44.647 I/AdrenoVK-0(19532): Shader Compiler Version : E031.50.14.00
12-06 14:30:44.647 I/AdrenoVK-0(19532): Local Branch            : 
12-06 14:30:44.647 I/AdrenoVK-0(19532): Remote Branch           : refs/tags/AU_LINUX_ANDROID_LA.VENDOR.12.3.11.00.00.934.442
12-06 14:30:44.647 I/AdrenoVK-0(19532): Remote Branch           : NONE
12-06 14:30:44.647 I/AdrenoVK-0(19532): Reconstruct Branch      : NOTHING
12-06 14:30:44.647 I/AdrenoVK-0(19532): Build Config            : S P 12.1.6 AArch64
12-06 14:30:44.647 I/AdrenoVK-0(19532): Driver Path             : /vendor/lib64/hw/vulkan.adreno.so
12-06 14:30:44.647 I/AdrenoVK-0(19532): Driver Version          : 0837.0.6
12-06 14:30:44.647 I/AdrenoVK-0(19532): PFP                     : 0x01511181
12-06 14:30:44.647 I/AdrenoVK-0(19532): ME                      : 0x00000000
12-06 14:30:44.647 I/AdrenoVK-0(19532): Application Name    : Aether Application
12-06 14:30:44.647 I/AdrenoVK-0(19532): Process Name        : com.example.moonlight_spatialsdk
12-06 14:30:44.647 I/AdrenoVK-0(19532): Application Version : 0x00000000
12-06 14:30:44.647 I/AdrenoVK-0(19532): Engine Name         : Meta Horizon Engine
12-06 14:30:44.647 I/AdrenoVK-0(19532): Engine Version      : 0x00000001
12-06 14:30:44.647 I/AdrenoVK-0(19532): Api Version         : 0x00402000
12-06 14:30:44.647 E/TrackedObjectManager( 2832): Failed to connect to TrackedObjectService with error Status(-129, EX_TRANSACTION_FAILED): 'DEAD_OBJECT: '
12-06 14:30:44.647 W/OSDynamicObjectDataQuerier( 2832): Attempted to start tracking objects when tracker was already started
12-06 14:30:44.647 E/TrackedObjectManager( 2832): Failed to connect to TrackedObjectService with error Status(-129, EX_TRANSACTION_FAILED): 'DEAD_OBJECT: '
12-06 14:30:44.647 E/TrackedObjectManager( 2832): Failed to start tracking keyboard object with error Status(-129, EX_TRANSACTION_FAILED): 'DEAD_OBJECT: '
12-06 14:30:44.648 I/VulkanLoader(19532): ovrVulkanLoader::Load
12-06 14:30:44.648 W/VulkanLoader(19532): VulkanLoader::LoadInstanceFunctions: Failed to load vkCreateDebugReportCallbackEXT, likely vkInstance created without xrGetVulkanInstanceExtensionsKHR/vrapi_GetInstanceExtensionsVulkan
12-06 14:30:44.648 W/VulkanLoader(19532): VulkanLoader::LoadInstanceFunctions: Failed to load vkCreateDebugUtilsMessengerEXT, likely vkInstance created without xrGetVulkanInstanceExtensionsKHR/vrapi_GetInstanceExtensionsVulkan
12-06 14:30:44.648 W/VulkanLoader(19532): VulkanLoader::LoadInstanceFunctions: Failed to load vkDestroyDebugReportCallbackEXT, likely vkInstance created without xrGetVulkanInstanceExtensionsKHR/vrapi_GetInstanceExtensionsVulkan
12-06 14:30:44.648 W/VulkanLoader(19532): VulkanLoader::LoadInstanceFunctions: Failed to load vkDestroyDebugUtilsMessengerEXT, likely vkInstance created without xrGetVulkanInstanceExtensionsKHR/vrapi_GetInstanceExtensionsVulkan
12-06 14:30:44.648 W/VulkanLoader(19532): VulkanLoader::LoadInstanceFunctions: Failed to load vkGetPhysicalDeviceSurfaceCapabilities2KHR, likely vkInstance created without xrGetVulkanInstanceExtensionsKHR/vrapi_GetInstanceExtensionsVulkan
12-06 14:30:44.648 W/VulkanLoader(19532): ovrVulkanLoader::LoadDeviceFunctions: device invalid
12-06 14:30:44.648 W/VulkanLoader(19532): ovrVulkanLoader::LoadExtensionList: physicalDevice invalid
12-06 14:30:44.648 I/Vulkan_Utils(19532): --------------------------------
12-06 14:30:44.648 I/Vulkan_Utils(19532): Device Name          : Adreno (TM) 740
12-06 14:30:44.648 I/Vulkan_Utils(19532): Device Type          : integrated GPU
12-06 14:30:44.648 I/Vulkan_Utils(19532): Vendor ID            : 0x5143
12-06 14:30:44.648 I/Vulkan_Utils(19532): Device ID            : 0x43050B00
12-06 14:30:44.648 I/Vulkan_Utils(19532): Driver Version       : 512.837.6
12-06 14:30:44.648 I/Vulkan_Utils(19532): API Version          : 1.3.295
12-06 14:30:44.648 I/Vulkan_Utils(19532): Queue Families       : 0 = graphics compute transfer (4 queues, 4 priorities)
12-06 14:30:44.648 I/Vulkan_Utils(19532):                        1 = (1 queues, 4 priorities)
12-06 14:30:44.648 I/Vulkan_Utils(19532): Work Queue Family    : 0
12-06 14:30:44.649 I/Vulkan_Utils(19532): Device Extensions    : VK_KHR_swapchain (required, enabled)
12-06 14:30:44.649 I/Vulkan_Utils(19532):                        VK_KHR_external_memory (required, enabled)
12-06 14:30:44.649 I/Vulkan_Utils(19532):                        VK_KHR_get_memory_requirements2 (required, enabled)
12-06 14:30:44.649 I/Vulkan_Utils(19532):                        VK_ANDROID_external_memory_android_hardware_buffer (required, enabled)
12-06 14:30:44.649 I/Vulkan_Utils(19532):                        VK_EXT_queue_family_foreign (required, enabled)
12-06 14:30:44.649 I/Vulkan_Utils(19532): Device Extensions      VK_EXT_fragment_density_map (optional, enabled)
12-06 14:30:44.649 I/Vulkan_Utils(19532):                        VK_EXT_fragment_density_map2 (optional, enabled)
12-06 14:30:44.649 I/Vulkan_Utils(19532):                        VK_KHR_maintenance1 (optional, enabled)
12-06 14:30:44.649 I/Vulkan_Utils(19532):                        VK_KHR_bind_memory2 (optional, enabled)
12-06 14:30:44.649 I/Vulkan_Utils(19532):                        VK_KHR_sampler_ycbcr_conversion (optional, enabled)
12-06 14:30:44.649 I/Vulkan_Utils(19532):                        VK_KHR_dedicated_allocation (optional, enabled)
12-06 14:30:44.649 I/Vulkan_Utils(19532):                        VK_KHR_external_memory_fd (optional, enabled)
12-06 14:30:44.649 I/Vulkan_Utils(19532):                        VK_EXT_extended_dynamic_state (optional, enabled)
12-06 14:30:44.649 I/Vulkan_Utils(19532):                        VK_KHR_shared_presentable_image (optional, enabled)
12-06 14:30:44.649 I/Vulkan_Utils(19532):                        VK_KHR_timeline_semaphore (optional, enabled)
12-06 14:30:44.660 I/HorizonStandalone(19532): Renderer: RendererValidation Successfully created renderer device
12-06 14:30:44.660 I/HorizonStandalone(19532): Renderer: Renderer deviceName='Adreno (TM) 740' deviceType=1 driver='512.837.6'
12-06 14:30:44.660 W/OpenXR  (19532): xrGetVulkanGraphicsDevice2KHR: Called twice.
12-06 14:30:44.660 I/VulkanLoader(19532): ovrVulkanLoader::Load
12-06 14:30:44.660 W/VulkanLoader(19532): VulkanLoader::LoadInstanceFunctions: Failed to load vkCreateDebugReportCallbackEXT, likely vkInstance created without xrGetVulkanInstanceExtensionsKHR/vrapi_GetInstanceExtensionsVulkan
12-06 14:30:44.660 W/VulkanLoader(19532): VulkanLoader::LoadInstanceFunctions: Failed to load vkCreateDebugUtilsMessengerEXT, likely vkInstance created without xrGetVulkanInstanceExtensionsKHR/vrapi_GetInstanceExtensionsVulkan
12-06 14:30:44.660 W/VulkanLoader(19532): VulkanLoader::LoadInstanceFunctions: Failed to load vkDestroyDebugReportCallbackEXT, likely vkInstance created without xrGetVulkanInstanceExtensionsKHR/vrapi_GetInstanceExtensionsVulkan
12-06 14:30:44.660 W/VulkanLoader(19532): VulkanLoader::LoadInstanceFunctions: Failed to load vkDestroyDebugUtilsMessengerEXT, likely vkInstance created without xrGetVulkanInstanceExtensionsKHR/vrapi_GetInstanceExtensionsVulkan
12-06 14:30:44.660 W/VulkanLoader(19532): VulkanLoader::LoadInstanceFunctions: Failed to load vkGetPhysicalDeviceSurfaceCapabilities2KHR, likely vkInstance created without xrGetVulkanInstanceExtensionsKHR/vrapi_GetInstanceExtensionsVulkan
12-06 14:30:44.660 W/VulkanLoader(19532): ovrVulkanLoader::LoadDeviceFunctions: device invalid
12-06 14:30:44.660 W/VulkanLoader(19532): ovrVulkanLoader::LoadExtensionList: physicalDevice invalid
12-06 14:30:44.660 I/Vulkan_Utils(19532): --------------------------------
12-06 14:30:44.660 I/Vulkan_Utils(19532): Device Name          : Adreno (TM) 740
12-06 14:30:44.660 I/Vulkan_Utils(19532): Device Type          : integrated GPU
12-06 14:30:44.660 I/Vulkan_Utils(19532): Vendor ID            : 0x5143
12-06 14:30:44.660 I/Vulkan_Utils(19532): Device ID            : 0x43050B00
12-06 14:30:44.660 I/Vulkan_Utils(19532): Driver Version       : 512.837.6
12-06 14:30:44.660 I/Vulkan_Utils(19532): API Version          : 1.3.295
12-06 14:30:44.660 I/Vulkan_Utils(19532): Queue Families       : 0 = graphics compute transfer (4 queues, 4 priorities)
12-06 14:30:44.660 I/Vulkan_Utils(19532):                        1 = (1 queues, 4 priorities)
12-06 14:30:44.660 I/Vulkan_Utils(19532): Work Queue Family    : 0
12-06 14:30:44.660 I/Vulkan_Utils(19532): Device Extensions    : VK_KHR_swapchain (required, enabled)
12-06 14:30:44.660 I/Vulkan_Utils(19532):                        VK_KHR_external_memory (required, enabled)
12-06 14:30:44.660 I/Vulkan_Utils(19532):                        VK_KHR_get_memory_requirements2 (required, enabled)
12-06 14:30:44.660 I/Vulkan_Utils(19532):                        VK_ANDROID_external_memory_android_hardware_buffer (required, enabled)
12-06 14:30:44.660 I/Vulkan_Utils(19532):                        VK_EXT_queue_family_foreign (required, enabled)
12-06 14:30:44.660 I/Vulkan_Utils(19532): Device Extensions      VK_EXT_fragment_density_map (optional, enabled)
12-06 14:30:44.660 I/Vulkan_Utils(19532):                        VK_EXT_fragment_density_map2 (optional, enabled)
12-06 14:30:44.660 I/Vulkan_Utils(19532):                        VK_KHR_maintenance1 (optional, enabled)
12-06 14:30:44.660 I/Vulkan_Utils(19532):                        VK_KHR_bind_memory2 (optional, enabled)
12-06 14:30:44.660 I/Vulkan_Utils(19532):                        VK_KHR_sampler_ycbcr_conversion (optional, enabled)
12-06 14:30:44.660 I/Vulkan_Utils(19532):                        VK_KHR_dedicated_allocation (optional, enabled)
12-06 14:30:44.660 I/Vulkan_Utils(19532):                        VK_KHR_external_memory_fd (optional, enabled)
12-06 14:30:44.660 I/Vulkan_Utils(19532):                        VK_EXT_extended_dynamic_state (optional, enabled)
12-06 14:30:44.660 I/Vulkan_Utils(19532):                        VK_KHR_shared_presentable_image (optional, enabled)
12-06 14:30:44.660 I/Vulkan_Utils(19532):                        VK_KHR_timeline_semaphore (optional, enabled)
12-06 14:30:44.660 I/OpenXR  (19532): ------------ xrCreateSession [start] -----------
12-06 14:30:44.660 I/VrRuntimeClient(19532): VrRuntimeClient(): 0xb400006f4af36280
12-06 14:30:44.661 I/JniUtils-inl(19532): Creating temporary JNIEnv. This is a heavy operation and should be infrequent. To optimize, use JNI AttachCurrentThread on calling thread
12-06 14:30:44.661 E/TrackedObjectManager( 2832): Failed to connect to TrackedObjectService with error Status(-129, EX_TRANSACTION_FAILED): 'DEAD_OBJECT: '
12-06 14:30:44.661 W/OSDynamicObjectDataQuerier( 2832): Attempted to start tracking objects when tracker was already started
12-06 14:30:44.661 E/TrackedObjectManager( 2832): Failed to connect to TrackedObjectService with error Status(-129, EX_TRANSACTION_FAILED): 'DEAD_OBJECT: '
12-06 14:30:44.661 E/TrackedObjectManager( 2832): Failed to start tracking keyboard object with error Status(-129, EX_TRANSACTION_FAILED): 'DEAD_OBJECT: '
12-06 14:30:44.661 I/JVMHandler(19532): JVMHandler: callStaticMethodWithVariableArguments. [functionName:getDisplayID] is valid: [1]
12-06 14:30:44.665 I/Shell   ( 3469): OpenXRSystem::destroySwapchain: 1411(0x754e4d3c00): texture, 1000x500
12-06 14:30:44.665 I/OpenXR_GPUMemTrace( 3469): Swapchain deletion destroy id=1808, idx=0
12-06 14:30:44.665 I/OpenXR_GPUMemTrace( 3469): Swapchain deletion destroy id=1808, idx=1
12-06 14:30:44.665 I/OpenXR_GPUMemTrace( 3469): Swapchain deletion destroy id=1808, idx=2
12-06 14:30:44.665 I/SwapChain_Vulkan_Memory_Export( 3469): DestroyImportedTextureResourcesVulkan: Destroy imported foveation resources: 0x74c2f9d1e8
12-06 14:30:44.665 I/VrRuntimeService( 2832): DestroySwapChain: swapchain=1808
12-06 14:30:44.674 D/CompatibilityChangeReporter(19532): Compat change id reported: 263076149; UID 10176; state: ENABLED
12-06 14:30:44.675 E/TrackedObjectManager( 2832): Failed to connect to TrackedObjectService with error Status(-129, EX_TRANSACTION_FAILED): 'DEAD_OBJECT: '
12-06 14:30:44.675 W/OSDynamicObjectDataQuerier( 2832): Attempted to start tracking objects when tracker was already started
12-06 14:30:44.675 E/TrackedObjectManager( 2832): Failed to connect to TrackedObjectService with error Status(-129, EX_TRANSACTION_FAILED): 'DEAD_OBJECT: '
12-06 14:30:44.675 E/TrackedObjectManager( 2832): Failed to start tracking keyboard object with error Status(-129, EX_TRANSACTION_FAILED): 'DEAD_OBJECT: '
12-06 14:30:44.676 I/JVMHandler(19532): JVMHandler: callStaticMethodWithVariableArguments. [functionName:getUUIDforVolumetricWindow] is valid: [1]
12-06 14:30:44.676 I/JVMHandler(19532): JVMHandler: callStaticMethodWithVariableArguments. [functionName:getLaunchId] is valid: [1]
12-06 14:30:44.676 I/VD628x  (  884): Flicker results: freq 1558.610352, max 945.457520, dcr 72.215080, pct 0.001807, idx 0.001066, conf 0.001416, snr -28.295271, svm 0.000000, sus 2
12-06 14:30:44.682 W/VrRuntimeClient(19532): Failed to call getLaunchId
12-06 14:30:44.682 I/VrRuntimeClient(19532): s_->rssdkClient.InitClient
12-06 14:30:44.682 I/RuntimeIPCSystem [RUNTIMEIPC](19532): RuntimeIPCSystem: Init called: Version: 81, Platform: Android, Build Date: Dec  2 2025, Build Time: 09:26:03, BuildMode: shared
12-06 14:30:44.683 I/RuntimeIpcHelperService( 1971): Going to start ComponentInfo{com.oculus.systemdriver/com.oculus.vrruntimeservice.VrRuntimeService} as foreground, Calling uid: 10176 pid: 19532
12-06 14:30:44.689 E/TrackedObjectManager( 2832): Failed to connect to TrackedObjectService with error Status(-129, EX_TRANSACTION_FAILED): 'DEAD_OBJECT: '
12-06 14:30:44.689 W/OSDynamicObjectDataQuerier( 2832): Attempted to start tracking objects when tracker was already started
12-06 14:30:44.689 E/TrackedObjectManager( 2832): Failed to connect to TrackedObjectService with error Status(-129, EX_TRANSACTION_FAILED): 'DEAD_OBJECT: '
12-06 14:30:44.689 E/TrackedObjectManager( 2832): Failed to start tracking keyboard object with error Status(-129, EX_TRANSACTION_FAILED): 'DEAD_OBJECT: '
12-06 14:30:44.689 I/RuntimeIpcHelperService( 1971): Going to start ComponentInfo{com.oculus.systemdriver/com.oculus.vrruntimeservice.VrRuntimeService} as foreground, Calling uid: 10176 pid: 19532
12-06 14:30:44.690 I/Shell   ( 3469): remove cursor: 4158578559 (new count: 0)
12-06 14:30:44.690 I/RipcServerClientHandler [RUNTIMEIPC]( 2832): Event buffer size (server): 8192
12-06 14:30:44.691 I/RipcServerMgr [RUNTIMEIPC]( 2832): HandleClientConnect SUCCESS: Client: com.example.moonlight_spatialsdk:com.example.moonlight_spatialsdk:19532:VrRuntimeClient-1, Server: com.oculus.systemdriver:com.oculus.vrruntimeservice (RuntimeServiceServer)
12-06 14:30:44.692 I/Shell   ( 3469): OpenXRSystem::destroySwapchain: 1412(0x757c849200): texture, 1000x500
12-06 14:30:44.692 I/OpenXR_GPUMemTrace( 3469): Swapchain deletion destroy id=1809, idx=0
12-06 14:30:44.692 I/OpenXR_GPUMemTrace( 3469): Swapchain deletion destroy id=1809, idx=1
12-06 14:30:44.692 I/OpenXR_GPUMemTrace( 3469): Swapchain deletion destroy id=1809, idx=2
12-06 14:30:44.692 I/RipcClient [RUNTIMEIPC](19532): Event buffer size (client): 8192
12-06 14:30:44.692 I/RipcClient [RUNTIMEIPC](19532): TryToGetIPCResourcesFromServer: RPC_CONNECTOR_CONNECT_TO_SERVER SUCCESS: Client: com.example.moonlight_spatialsdk:com.example.moonlight_spatialsdk:19532, Server: com.oculus.systemdriver:com.oculus.vrruntimeservice:0 (RuntimeServiceServer), Version: 81, Platform: Android, Build Date: Dec  2 2025, Build Time: 09:26:03, BuildMode: shared
12-06 14:30:44.692 I/SwapChain_Vulkan_Memory_Export( 3469): DestroyImportedTextureResourcesVulkan: Destroy imported foveation resources: 0x750eef73e8
12-06 14:30:44.692 I/RipcClient [RUNTIMEIPC](19532): EnsureServerConnection: SUCCESS. Client: com.example.moonlight_spatialsdk:com.example.moonlight_spatialsdk:19532, Server: com.oculus.systemdriver:com.oculus.vrruntimeservice:0 (RuntimeServiceServer)
12-06 14:30:44.692 I/RipcClient [RUNTIMEIPC](19532): [RIPC_CONNECT_LOG] ConnectToServer: SUCCESS: Client: com.example.moonlight_spatialsdk:com.example.moonlight_spatialsdk:19532, Server: com.oculus.systemdriver:com.oculus.vrruntimeservice:0 (RuntimeServiceServer)
12-06 14:30:44.692 I/VrRuntimeClient(19532): s_->rssdkClient.Connected: com.oculus.systemdriver:com.oculus.vrruntimeservice
12-06 14:30:44.692 W/REFLECT [RUNTIMEIPC]( 2832): Disabling all permissions (ONLY USE IN TESTS): 3674845925:com.example.moonlight_spatialsdk/com.example.moonlight_spatialsdk (10176:19532), mask: 11111111111111111111111111111111
12-06 14:30:44.692 I/VrRuntimeClient(19532): RegisterClient RequestDescriptor com.example.moonlight_spatialsdk:19532 clientType 0 clientFlags 0 clientSessionPlacement 0 clientLaunchId 
12-06 14:30:44.692 I/VrRuntimeService( 2832): DestroySwapChain: swapchain=1809
12-06 14:30:44.692 I/VrRuntimeService( 2832): RuntimeIPC: IPC_SYSTEM_EVENT_CLIENT_CONNECTED_EXT: com.example.moonlight_spatialsdk:19532 VrRuntimeClient-1, Version: 5.0, Custom: 1.0
12-06 14:30:44.692 I/VrRuntimeService( 2832): RuntimeIPC: SendFocusChangeEvent: PostClientEvent SUCCESS: com.example.moonlight_spatialsdk:com.example.moonlight_spatialsdk:19532, com.oculus.vrshell, com.oculus.vrshell
12-06 14:30:44.692 I/VrRuntimeService( 2832): RuntimeServiceSDKServer::RegisterClient: packageName com.example.moonlight_spatialsdk clientName VrRuntimeClient-1 clientType 0 clientFlags 0 sessionPlacement 0 RequestDescriptor com.example.moonlight_spatialsdk:19532 uid 10176, pid 19532 ProcessName com.example.moonlight_spatialsdk RIPC clientId 3674845925 (0xdb09b2e5) clientLaunchId []
12-06 14:30:44.692 I/JVMHandler( 2832): JVMHandler: callStaticMethodWithVariableArguments. [functionName:isSignatureValid] is valid: [1]
12-06 14:30:44.693 I/ClientMgr@( 2832): IsTrustedClient( com.example.moonlight_spatialsdk )= false true
12-06 14:30:44.693 I/ClientMgr( 2832): CreateClient: com.example.moonlight_spatialsdk has default permissions
12-06 14:30:44.693 I/JVMHandler( 2832): JVMHandler: callStaticMethodWithVariableArguments. [functionName:checkPackageHasPermissionGranted] is valid: [1]
12-06 14:30:44.693 I/ClientMgr( 2832): CreateClient: 19532:com.example.moonlight_spatialsdk:VrRuntimeClient-1
12-06 14:30:44.693 I/JVMHandler( 2832): JVMHandler: callStaticMethodWithVariableArguments. [functionName:isClientOsDialog] is valid: [1]
12-06 14:30:44.693 I/CompositorClientManager( 2832): CompositorClientManager::RegisterClient 45
12-06 14:30:44.693 I/CompositorServer( 2832): RegisterCompositorClient client(45)
12-06 14:30:44.693 I/ClientMgr( 2832): SharedMemoryDebug: InitResources MapMemory (VrRuntimeService_PrivateReadWrite_VrRuntimeClient-1_com.example.moonlight_spatialsdk) size = 425704 ; flags = 3
12-06 14:30:44.693 I/SharedMemoryServer( 2832): SharedMemoryArena::create: SharedMemoryDebug: Allocated shared memory fd 1316 (VrRuntimeService_PrivateReadWrite_VrRuntimeClient-1_com.example.moonlight_spatialsdk) (size: 425704)
12-06 14:30:44.694 I/ServiceInputManager( 2832): HANDTRACKING Initial input state override: 0
12-06 14:30:44.694 I/ClientList( 2832): AddClient: com.example.moonlight_spatialsdk:com.example.moonlight_spatialsdk:19532
12-06 14:30:44.694 I/UnifiedTelemetryWrapper( 2832): Started UT session lifetime:com.example.moonlight_spatialsdk
12-06 14:30:44.695 I/JVMHandler( 2832): JVMHandler: callStaticMethodWithVariableArguments. [functionName:applicationRequestsDualCoreCpuset] is valid: [1]
12-06 14:30:44.695 I/JVMHandler( 2832): JVMHandler: callStaticMethodWithVariableArguments. [functionName:applicationRequestsCpuForGpuTrade] is valid: [1]
12-06 14:30:44.695 I/VrRuntimeService( 2832): Package com.example.moonlight_spatialsdk requests trading CPU for GPU0
12-06 14:30:44.695 I/ClientMgr( 2832): CreateClient: Value of tradeCpuForGpu is 0
12-06 14:30:44.695 I/ClientMgr( 2832): CreateClient: Value of isCPUSingleThreadedBoost is 0
12-06 14:30:44.695 I/ClientMgr( 2832): CreateClient: id 0xdb09b2e5, pid 19532, uid 10176, packageName com.example.moonlight_spatialsdk, clientName VrRuntimeClient-1, processName com.example.moonlight_spatialsdk, processNameWithPID com.example.moonlight_spatialsdk:19532, launchId , permissionFlags 0, clientType 0, clientFlags 0, isApplication=true, isOsApp=false, clientSessionPlacement 128, clientDisplayId 0, clientVWToken 3ca8507bece745aca28f0d373b9b457d
12-06 14:30:44.695 I/ClientMgr( 2832): CreateClient: Extra kickoff headroom for com.example.moonlight_spatialsdk = 0.000 ms
12-06 14:30:44.695 I/ClientMgr( 2832): [ClientOptedOutLDM] Entered with packageName: com.example.moonlight_spatialsdk
12-06 14:30:44.695 I/VrRuntimeClient(19532): RegisterClient success 
12-06 14:30:44.695 I/VrRuntimeService( 2832): RuntimeServiceSDKServer::GetSharedMemoryFileDescriptor: SharedMemoryDebug: clientid 3674845925
12-06 14:30:44.696 I/VrRuntimeService( 2832): GetSharedMemoryFileDescriptor: SharedMemoryDebug: SharedMemoryType_PublicReadOnly: 81 (128)
12-06 14:30:44.696 I/VrRuntimeClient(19532): RuntimeIPC: ServiceConnected: SharedMemoryDebug: publicReadOnly SharedMemorySize=128 (com.example.moonlight_spatialsdk) sizeof(s_->sharedMemoryPublicReadOnly)=152
12-06 14:30:44.696 I/VrRuntimeService( 2832): RuntimeServiceSDKServer::GetSharedMemoryFileDescriptor: SharedMemoryDebug: clientid 3674845925
12-06 14:30:44.696 I/VrRuntimeService( 2832): GetSharedMemoryFileDescriptor: SharedMemoryDebug: SharedMemoryType_PrivateReadWrite: 1316 (425704)
12-06 14:30:44.696 I/VrRuntimeClient(19532): RuntimeIPC: ServiceConnected: SharedMemoryDebug: privateReadWrite SharedMemorySize=425704 (com.example.moonlight_spatialsdk) sizeof(privateSharedMemorySize)=8
12-06 14:30:44.696 I/VrRuntimeClient(19532): nativeRuntimeServiceConnected: SharedMemoryDebug: publicReadOnlyFd=196, privateReadWriteFd=197 (com.example.moonlight_spatialsdk)
12-06 14:30:44.703 E/TrackedObjectManager( 2832): Failed to connect to TrackedObjectService with error Status(-129, EX_TRANSACTION_FAILED): 'DEAD_OBJECT: '
12-06 14:30:44.703 W/OSDynamicObjectDataQuerier( 2832): Attempted to start tracking objects when tracker was already started
12-06 14:30:44.703 E/TrackedObjectManager( 2832): Failed to connect to TrackedObjectService with error Status(-129, EX_TRANSACTION_FAILED): 'DEAD_OBJECT: '
12-06 14:30:44.703 E/TrackedObjectManager( 2832): Failed to start tracking keyboard object with error Status(-129, EX_TRANSACTION_FAILED): 'DEAD_OBJECT: '
12-06 14:30:44.703 I/VrRuntimeClient(19532): s_->rssdkClient.InitClient SUCCESS. Version: 5.0, Custom: 1.0
12-06 14:30:44.703 I/RipcClientMgr [RUNTIMEIPC](19532): GetClientOptions
12-06 14:30:44.703 I/VrRuntimeClient(19532): Connected to VrRuntimeService on attempt 0
12-06 14:30:44.703 I/OpenXR  (19532): xrCreateSession: Connected to VrRuntimeService after 0.041973s
12-06 14:30:44.703 I/VrRuntimeClient(19532): SetPhaseSyncMode 1
12-06 14:30:44.703 I/VrRuntimeClient(19532): SetPhaseSyncMode 1
12-06 14:30:44.703 I/OpenXR  (19532): PhaseSync Mode: PHASE_SYNC
12-06 14:30:44.703 I/VrRuntimeClient(19532): VrRuntimeClient: Init
12-06 14:30:44.703 I/JVMHandler(19532): JVMHandler: callStaticMethodWithVariableArguments. [functionName:getDisplayID] is valid: [1]
12-06 14:30:44.707 V/CompositorUtil( 2832): TryDelete: Deleting 1 swapchains
12-06 14:30:44.707 V/Context ( 2832): QueryVersion() - Context Version: 3.2
12-06 14:30:44.707 V/CompositorUtil( 2832): SwapChainDeferDeletion: destroying texture swap chain id=1808 ptr=0x75c2624c00, client id=4
12-06 14:30:44.708 I/SwapChain_Vulkan_Foveated( 2832): CreateTextureSwapChainFoveationVulkan: Destroyed foveation resources
12-06 14:30:44.711 I/RipcClient [RUNTIMEIPC](19532): InitServerStateBuffer: SUCCESS. 0, Client: com.example.moonlight_spatialsdk:com.example.moonlight_spatialsdk:19532, Server: com.oculus.systemdriver:com.oculus.vrruntimeservice:0 (RuntimeServiceServer)
12-06 14:30:44.712 I/JVMHandler(19532): JVMHandler: callStaticMethodWithVariableArguments. [functionName:getFoveationTileOffset] is valid: [1]
12-06 14:30:44.712 I/JVMHandler(19532): JVMHandler: callStaticMethodWithVariableArguments. [functionName:getFoveationTileTurnOff] is valid: [1]
12-06 14:30:44.712 I/JVMHandler(19532): JVMHandler: callStaticMethodWithVariableArguments. [functionName:getFrameSyncEnabled] is valid: [1]
12-06 14:30:44.712 I/Foveation(19532): InitFoveationClient: TileOffset=0,TileTurnOff=1,TileAlignedFoveation=0
