12-06 16:44:48.721 D/VolumetricContentMonitor( 1971): Focused window changed to RunningWindowInfo{  pid: 26939, uid: 10087, userId: 0, windowContainerToken: 167689276, windowToken: android.view.IWindow$Stub$Proxy@1389dc5, windowId: com.android.server.wm.WindowState$WindowId@8b631a, displayId: 0, windowType: 1, activity: RunningActivityInfo { rootTask: 11, uid: 10087, pid: 26939, userId: 0, activity: com.oculus.mrds.msft.connectactivity.ConnectActivity, windowId: com.android.server.wm.WindowState$WindowId@8b631a, state: ACTIVITY_STATE_VISIBLE}}, from android.view.IWindow$Stub$Proxy@1b38ad3
12-06 16:44:48.721 V/WorldManagerService( 1971): VW Content Listener: com.oculus.panelapp.library -1
12-06 16:44:48.722 D/SpatialAudioService( 1971): Skipping processing for app: com.oculus.panelapp.library (isNewApp: false, perAppEnabled: true, epsService: true)
12-06 16:44:48.722 V/WorldManagerService( 1971): VW Content Listener: com.oculus.mrds -1
12-06 16:44:48.722 I/SpatialWindowResourceService( 1971): setWindowFrameRate() token: horizonos.view.VolumetricWindowToken$InternalVolumetricToken@54e7d2e framerate: 1.0
12-06 16:44:48.722 I/SpatialWindowResourceService( 1971): setWindowFrameRate() token: horizonos.view.VolumetricWindowToken$InternalVolumetricToken@9da0823 framerate: 0.0
12-06 16:44:48.722 D/SpatialAudioService( 1971): Skipping processing for app: com.oculus.mrds (isNewApp: false, perAppEnabled: true, epsService: true)
12-06 16:44:49.581 D/CoreBackPreview( 1971): Window{d37b3cc u0 com.example.moonlight_spatialsdk/com.example.moonlight_spatialsdk.PancakeActivity}: Setting back callback OnBackInvokedCallbackInfo{mCallback=android.window.IOnBackInvokedCallback$Stub$Proxy@81240b8, mPriority=0, mIsAnimationCallback=false}
12-06 16:44:49.650 I/OculusWindowMgr( 1971): OWMS::focusChanged: windowRootTaskId: 13
12-06 16:44:49.650 I/OculusWindowMgr( 1971): OWMS::focusChanged: getImmersiveTask returned
12-06 16:44:49.650 I/OculusWindowMgr( 1971): OWMS::focusChanged: mFocusPlaceholderActivity found in Task.
12-06 16:44:49.616 I/servicemanager(    0): Could not find android.hardware.graphics.allocator.IAllocator/default in the VINTF manifest.
12-06 16:44:49.651 D/VolumetricContentMonitor( 1971): Focused window changed to RunningWindowInfo{  pid: 29759, uid: 10176, userId: 0, windowContainerToken: 97373841, windowToken: android.view.IWindow$Stub$Proxy@2b751f6, windowId: com.android.server.wm.WindowState$WindowId@d4b09f7, displayId: 0, windowType: 1, activity: RunningActivityInfo { rootTask: 13, uid: 10176, pid: 29759, userId: 0, activity: com.example.moonlight_spatialsdk.PancakeActivity, windowId: com.android.server.wm.WindowState$WindowId@d4b09f7, state: ACTIVITY_STATE_VISIBLE}}, from android.view.IWindow$Stub$Proxy@1389dc5
12-06 16:44:49.652 V/WorldManagerService( 1971): VW Content Listener: com.oculus.mrds -1
12-06 16:44:49.652 D/ActivityTaskManager( 1971): getDisplaysWithTopActivities: immersive ActivityRecord{224fcee u0 com.oculus.vrshell/.HomeActivity t2465}
12-06 16:44:49.653 D/SpatialAudioService( 1971): Skipping processing for app: com.oculus.mrds (isNewApp: false, perAppEnabled: true, epsService: true)
12-06 16:44:49.653 V/WorldManagerService( 1971): VW Content Listener: com.example.moonlight_spatialsdk -1
12-06 16:44:49.653 I/SpatialWindowResourceService( 1971): setWindowFrameRate() token: horizonos.view.VolumetricWindowToken$InternalVolumetricToken@57db852 framerate: 0.0
12-06 16:44:49.654 I/SpatialWindowResourceService( 1971): setWindowFrameRate() token: horizonos.view.VolumetricWindowToken$InternalVolumetricToken@9da0823 framerate: 0.0
12-06 16:44:49.654 D/SpatialAudioService( 1971): Skipping processing for app: com.example.moonlight_spatialsdk (isNewApp: false, perAppEnabled: true, epsService: true)
12-06 16:44:49.623 I/servicemanager(    0): Could not find android.hardware.graphics.allocator.IAllocator/default in the VINTF manifest.
12-06 16:44:49.735 D/CompatibilityChangeReporter( 1971): Compat change id reported: 214016041; UID 10176; state: ENABLED
12-06 16:44:50.060 D/CoreBackPreview( 1971): Window{1673f7b u0 Splash Screen com.example.moonlight_spatialsdk EXITING}: Setting back callback null
12-06 16:44:50.835 E/TaskPersister( 1971): File error accessing recents directory (directory doesn't exist?).
12-06 16:44:51.683 I/SpatialWindowResourceService( 1971): setWindowFrameRate() token: horizonos.view.VolumetricWindowToken$InternalVolumetricToken@57db852 framerate: 0.0
12-06 16:44:52.966 V/WindowManager( 1971): Sent Transition #2602 createdAt=12-06 16:44:52.961 via request=TransitionRequestInfo { type = TO_FRONT, triggerTask = null, remoteTransition = null, displayChange = null }
12-06 16:44:52.966 V/WindowManager( 1971):     startWCT=WindowContainerTransaction { changes = {} hops = [] errorCallbackToken=null taskFragmentOrganizer=null }
12-06 16:44:52.966 V/WindowManager( 1971):     info={id=2602 t=TO_FRONT f=0x0 trk=0 r=[0@Point(0, 0)] c=[{WCT{RemoteToken{c24bf10 Task{64b8c44 #2791 type=standard A=10087:com.oculus.mrds}}} m=CHANGE f=TRANSLUCENT|MOVE_TO_TOP p=WCT{RemoteToken{74331ea Task{cf6fa6c #11 type=standard}}} leash=Surface(name=Task=2791)/@0x4695f37 sb=Rect(64000, 0 - 64567, 77) eb=Rect(64000, 0 - 64567, 77) d=0},{WCT{RemoteToken{74331ea Task{cf6fa6c #11 type=standard}}} m=CHANGE f=TRANSLUCENT|MOVE_TO_TOP leash=Surface(name=Task=11)/@0x9b40af1 sb=Rect(64000, 0 - 64567, 77) eb=Rect(64000, 0 - 64567, 77) eo=Point(64000, 0) d=0}]}
12-06 16:44:52.967 V/WindowManager( 1971): Finish Transition #2602: created at 12-06 16:44:52.961 collect-started=0.017ms request-sent=1.1ms started=2.123ms ready=2.11ms sent=4.992ms finished=6.331ms
12-06 16:44:52.971 I/OculusWindowMgr( 1971): OWMS::focusChanged: windowRootTaskId: 11
12-06 16:44:52.972 I/OculusWindowMgr( 1971): OWMS::focusChanged: getImmersiveTask returned
12-06 16:44:52.972 I/OculusWindowMgr( 1971): OWMS::focusChanged: mFocusPlaceholderActivity found in Task.
12-06 16:44:52.974 D/VolumetricContentMonitor( 1971): Focused window changed to RunningWindowInfo{  pid: 26939, uid: 10087, userId: 0, windowContainerToken: 167689276, windowToken: android.view.IWindow$Stub$Proxy@1389dc5, windowId: com.android.server.wm.WindowState$WindowId@8b631a, displayId: 0, windowType: 1, activity: RunningActivityInfo { rootTask: 11, uid: 10087, pid: 26939, userId: 0, activity: com.oculus.mrds.msft.connectactivity.ConnectActivity, windowId: com.android.server.wm.WindowState$WindowId@8b631a, state: ACTIVITY_STATE_VISIBLE}}, from android.view.IWindow$Stub$Proxy@2b751f6
12-06 16:44:52.974 V/WorldManagerService( 1971): VW Content Listener: com.example.moonlight_spatialsdk -1
12-06 16:44:52.975 D/ActivityTaskManager( 1971): getDisplaysWithTopActivities: immersive ActivityRecord{224fcee u0 com.oculus.vrshell/.HomeActivity t2465}
12-06 16:44:52.975 D/SpatialAudioService( 1971): Skipping processing for app: com.example.moonlight_spatialsdk (isNewApp: false, perAppEnabled: true, epsService: true)
12-06 16:44:52.975 V/WorldManagerService( 1971): VW Content Listener: com.oculus.mrds -1
12-06 16:44:52.976 I/SpatialWindowResourceService( 1971): setWindowFrameRate() token: horizonos.view.VolumetricWindowToken$InternalVolumetricToken@57db852 framerate: 0.0
12-06 16:44:52.976 I/SpatialWindowResourceService( 1971): setWindowFrameRate() token: horizonos.view.VolumetricWindowToken$InternalVolumetricToken@9da0823 framerate: 0.0
12-06 16:44:52.976 D/SpatialAudioService( 1971): Skipping processing for app: com.oculus.mrds (isNewApp: false, perAppEnabled: true, epsService: true)
12-06 16:44:53.805 E/FrameSetCollator( 9363): [{COL:FOVPR}] 2 FrameSets had unexpected timestamps (in the last 5332.97ms). Ex: slot 0 4543836.066ms -> 4543849.995ms (observed period: 13.929ms, expected period: 13.888ms (0.041ms))
12-06 16:44:54.200 W/ProcessStats( 1971): Tracking association SourceState{6a90bcc com.oculus.systemux:SystemUX/10066 BTop #79996} whose proc state 2 is better than process ProcessState{35a5e15 com.oculus.metacam/10093 pkg=com.oculus.metacam} proc state 3 (91 skipped)
12-06 16:44:56.563 V/WindowManager( 1971): Sent Transition #2603 createdAt=12-06 16:44:56.558 via request=TransitionRequestInfo { type = TO_FRONT, triggerTask = null, remoteTransition = null, displayChange = null }
12-06 16:44:56.563 V/WindowManager( 1971):     startWCT=WindowContainerTransaction { changes = {} hops = [] errorCallbackToken=null taskFragmentOrganizer=null }
12-06 16:44:56.563 V/WindowManager( 1971):     info={id=2603 t=TO_FRONT f=0x0 trk=0 r=[0@Point(0, 0)] c=[{WCT{RemoteToken{e9dafe5 Task{9dcdf26 #2792 type=standard A=10176:com.example.moonlight_spatialsdk}}} m=CHANGE f=MOVE_TO_TOP p=WCT{RemoteToken{86647bb Task{825c4ca #13 type=standard}}} leash=Surface(name=Task=2792)/@0xde9a29 sb=Rect(88000, 0 - 89000, 687) eb=Rect(88000, 0 - 89000, 687) d=0},{WCT{RemoteToken{86647bb Task{825c4ca #13 type=standard}}} m=CHANGE f=TRANSLUCENT|MOVE_TO_TOP leash=Surface(name=Task=13)/@0xfb7d76c sb=Rect(88000, 0 - 89000, 687) eb=Rect(88000, 0 - 89000, 687) eo=Point(88000, 0) d=0}]}
12-06 16:44:56.564 V/WindowManager( 1971): Finish Transition #2603: created at 12-06 16:44:56.558 collect-started=0.016ms request-sent=0.934ms started=2.365ms ready=2.351ms sent=4.417ms finished=5.368ms
12-06 16:44:56.571 I/OculusWindowMgr( 1971): OWMS::focusChanged: windowRootTaskId: 13
12-06 16:44:56.572 I/OculusWindowMgr( 1971): OWMS::focusChanged: getImmersiveTask returned
12-06 16:44:56.572 I/OculusWindowMgr( 1971): OWMS::focusChanged: mFocusPlaceholderActivity found in Task.
12-06 16:44:56.573 D/ActivityTaskManager( 1971): getDisplaysWithTopActivities: immersive ActivityRecord{224fcee u0 com.oculus.vrshell/.HomeActivity t2465}
12-06 16:44:56.573 D/VolumetricContentMonitor( 1971): Focused window changed to RunningWindowInfo{  pid: 29759, uid: 10176, userId: 0, windowContainerToken: 97373841, windowToken: android.view.IWindow$Stub$Proxy@2b751f6, windowId: com.android.server.wm.WindowState$WindowId@d4b09f7, displayId: 0, windowType: 1, activity: RunningActivityInfo { rootTask: 13, uid: 10176, pid: 29759, userId: 0, activity: com.example.moonlight_spatialsdk.PancakeActivity, windowId: com.android.server.wm.WindowState$WindowId@d4b09f7, state: ACTIVITY_STATE_VISIBLE}}, from android.view.IWindow$Stub$Proxy@1389dc5
12-06 16:44:56.573 V/WorldManagerService( 1971): VW Content Listener: com.oculus.mrds -1
12-06 16:44:56.574 D/SpatialAudioService( 1971): Skipping processing for app: com.oculus.mrds (isNewApp: false, perAppEnabled: true, epsService: true)
12-06 16:44:56.574 V/WorldManagerService( 1971): VW Content Listener: com.example.moonlight_spatialsdk -1
12-06 16:44:56.574 I/SpatialWindowResourceService( 1971): setWindowFrameRate() token: horizonos.view.VolumetricWindowToken$InternalVolumetricToken@57db852 framerate: 0.0
12-06 16:44:56.574 I/SpatialWindowResourceService( 1971): setWindowFrameRate() token: horizonos.view.VolumetricWindowToken$InternalVolumetricToken@9da0823 framerate: 0.0
12-06 16:44:56.576 D/SpatialAudioService( 1971): Skipping processing for app: com.example.moonlight_spatialsdk (isNewApp: false, perAppEnabled: true, epsService: true)
12-06 16:44:56.770 D/CoreBackPreview( 1971): Window{7fc9273 u0 Pop-Up Window}: Setting back callback OnBackInvokedCallbackInfo{mCallback=android.window.IOnBackInvokedCallback$Stub$Proxy@a4b272e, mPriority=0, mIsAnimationCallback=false}
12-06 16:44:56.815 I/OculusWindowMgr( 1971): OWMS::focusChanged: windowRootTaskId: 13
12-06 16:44:56.815 I/OculusWindowMgr( 1971): OWMS::focusChanged: getImmersiveTask returned
12-06 16:44:56.815 I/OculusWindowMgr( 1971): OWMS::focusChanged: mFocusPlaceholderActivity found in Task.
12-06 16:44:56.816 D/ActivityTaskManager( 1971): getDisplaysWithTopActivities: immersive ActivityRecord{224fcee u0 com.oculus.vrshell/.HomeActivity t2465}
12-06 16:44:56.816 D/VolumetricContentMonitor( 1971): Focused window changed to RunningWindowInfo{  pid: 29759, uid: 10176, userId: 0, windowContainerToken: 58974927, windowToken: android.view.IWindow$Stub$Proxy@95cd45c, windowId: com.android.server.wm.WindowState$WindowId@62a365, displayId: 0, windowType: 1002, activity: RunningActivityInfo { rootTask: 13, uid: 10176, pid: 29759, userId: 0, activity: com.example.moonlight_spatialsdk.PancakeActivity, windowId: com.android.server.wm.WindowState$WindowId@d4b09f7, state: ACTIVITY_STATE_VISIBLE}}, from android.view.IWindow$Stub$Proxy@2b751f6
12-06 16:44:56.816 V/WorldManagerService( 1971): VW Content Listener: com.example.moonlight_spatialsdk -1
12-06 16:44:56.818 D/SpatialAudioService( 1971): Skipping processing for app: com.example.moonlight_spatialsdk (isNewApp: false, perAppEnabled: true, epsService: true)
12-06 16:44:56.976 E/libsensortelemetry( 9363): imu samples delayed: 5653295ns capture to arrival (ERS limit: 3500000ns)
12-06 16:44:57.020 E/libsensortelemetry( 9368): imu_iot samples delayed: 5724389ns capture to arrival (ERS limit: 3500000ns)
12-06 16:44:57.217 W/healthd (    0): battery l=100 v=4341 t=37.0 h=2 st=5 c=-173222 fc=4820000 cc=17 chg=a
12-06 16:44:57.290 D/ActivityManager( 1971): freezing 23125 horizon.platform.providers
12-06 16:44:57.947 W/TrackingService( 9368): 13 late Color frame set were dropped: timestamp 4547.988363, current monochrome 4547.994540
12-06 16:44:58.165 D/CoreBackPreview( 1971): Window{7fc9273 u0 Pop-Up Window}: Setting back callback null
12-06 16:44:58.186 V/WindowManager( 1971): Unknown focus tokens, dropping reportFocusChanged
12-06 16:44:58.194 I/OculusWindowMgr( 1971): OWMS::focusChanged: windowRootTaskId: 13
12-06 16:44:58.195 I/OculusWindowMgr( 1971): OWMS::focusChanged: getImmersiveTask returned
12-06 16:44:58.195 I/OculusWindowMgr( 1971): OWMS::focusChanged: mFocusPlaceholderActivity found in Task.
12-06 16:44:58.195 D/ActivityTaskManager( 1971): getDisplaysWithTopActivities: immersive ActivityRecord{224fcee u0 com.oculus.vrshell/.HomeActivity t2465}
12-06 16:44:58.195 D/VolumetricContentMonitor( 1971): Focused window changed to RunningWindowInfo{  pid: 29759, uid: 10176, userId: 0, windowContainerToken: 97373841, windowToken: android.view.IWindow$Stub$Proxy@2b751f6, windowId: com.android.server.wm.WindowState$WindowId@d4b09f7, displayId: 0, windowType: 1, activity: RunningActivityInfo { rootTask: 13, uid: 10176, pid: 29759, userId: 0, activity: com.example.moonlight_spatialsdk.PancakeActivity, windowId: com.android.server.wm.WindowState$WindowId@d4b09f7, state: ACTIVITY_STATE_VISIBLE}}, from android.view.IWindow$Stub$Proxy@95cd45c
12-06 16:44:58.197 V/WorldManagerService( 1971): VW Content Listener: com.example.moonlight_spatialsdk -1
12-06 16:44:58.198 D/SpatialAudioService( 1971): Skipping processing for app: com.example.moonlight_spatialsdk (isNewApp: false, perAppEnabled: true, epsService: true)
12-06 16:44:59.971 E/FrameSetCollator( 9363): [{COL:FOVPR}] 1 FrameSets had unexpected timestamps (in the last 6166.15ms). Ex: slot 0 4550002.026ms -> 4550015.964ms (observed period: 13.938ms, expected period: 13.888ms (0.050ms))
12-06 16:45:00.130 I/SpatialWindowResourceService( 1971): setWindowFrameRate() token: horizonos.view.VolumetricWindowToken$InternalVolumetricToken@57db852 framerate: 0.0
12-06 16:45:00.640 I/SpatialWindowResourceService( 1971): setWindowFrameRate() token: horizonos.view.VolumetricWindowToken$InternalVolumetricToken@57db852 framerate: 0.0
12-06 16:45:01.140 I/SpatialWindowResourceService( 1971): setWindowFrameRate() token: horizonos.view.VolumetricWindowToken$InternalVolumetricToken@57db852 framerate: 0.0
12-06 16:45:02.034 D/ActivityManager( 1971): sync unfroze 16341 com.oculus.hzosgallery for 7
12-06 16:45:02.041 E/AlarmManager( 1971): Attempt to decrement existing alarm count 0 by 1 for uid 1000
12-06 16:45:02.047 W/ActivityManager( 1971): Dropping Event: wtf since tag: system_server_wtf is disabled or DropboxManager is null
12-06 16:45:02.749 E/FrameSetCollator( 9363): [{COL:FOVPR}] 2 FrameSets had unexpected timestamps (in the last 2777.68ms). Ex: slot 0 4552779.474ms -> 4552793.421ms (observed period: 13.947ms, expected period: 13.888ms (0.059ms))
12-06 16:45:02.796 I/logd_ext(    0): dropped 5000 logs
12-06 16:45:02.904 I/SpatialWindowResourceService( 1971): setWindowFrameRate() token: horizonos.view.VolumetricWindowToken$InternalVolumetricToken@57db852 framerate: 0.0
12-06 16:45:03.016 W/TrackingService( 9368): 13 late Color frame set were dropped: timestamp 4553.057570, current monochrome 4553.061004
--------- beginning of main
12-06 16:45:03.258 E/TrackedObjectManager( 2832): Failed to start tracking keyboard object with error Status(-129, EX_TRANSACTION_FAILED): 'DEAD_OBJECT: '
12-06 16:45:03.264 I/OpenXR_Anchor( 3469): xrQuerySpacesFB: no split anchor query enabled
12-06 16:45:03.264 I/[CT]    ( 3469): SP:AF:InsightAnchorApi: QueryAnchorSpaces loadAndQueryAvailableAnchors flow. (task start) duration: 0.000000000 [sec], flags: 44, location: StorageLocation::LOCAL(1), method: 1, request: 4244, source: SourceType::LIVE_TRACKER(1)
12-06 16:45:03.264 I/[CT]    ( 3469): RuntimeIpcHelper: RuntimeIpcClient::CALL_RPC isAsync: true, func: loadAvailableAnchors
12-06 16:45:03.264 I/[CT]    ( 4885): SP:AP:AnchorPersistenceRuntimeIpcServer: checkRPC start: sessionUuid:1e3ba3f0-dfb6-0aba-a69b-b18fb253c69c, clientId:2367474718, givenPackageName:com.oculus.vrshell
12-06 16:45:03.264 I/[CT]    ( 4885): SP:AP:AnchorPersistenceRuntimeIpcServer: checkPackageAccess - detectedPackageName:com.oculus.vrshell, detectedProcessName:com.oculus.vrshell, givenPackageName:com.oculus.vrshell
12-06 16:45:03.265 I/[CT]    ( 4885): SP:AP:AnchorPersistenceRuntimeIpcServer: checkRPC package name matches: sessionUuid:1e3ba3f0-dfb6-0aba-a69b-b18fb253c69c, clientId:2367474718, givenPackageName:com.oculus.vrshell, detectedPackageName:com.oculus.vrshell, detectedProcessName:com.oculus.vrshell
12-06 16:45:03.265 I/[CT]    ( 4885): SP:AP:AnchorPersistenceRuntimeIpcServer: queryAvailableAnchorsSMV2: clientId: 2367474718, maxAnchors: 500, filter: 0, queryMultipleRoomsEnabledByOpenXrVersion: true, source: 1, appId: com.oculus.vrshell
12-06 16:45:03.265 I/[CT]    ( 4885): SP:AP:AnchorPersistenceConfig: getSceneRuntimePermissionEnabled: USE_SCENE permission is enabled on this device
12-06 16:45:03.265 I/[CT]    ( 4885): SP:AP:AnchorPersistenceScenePermissions: hasClientGrantedScenePermission: USE_SCENE permission is enabled on this device, check client 2367474718, grant is true
12-06 16:45:03.265 I/[CT]    ( 4885): SP:AP:AnchorPersistenceConfig: getSceneRuntimePermissionEnabled: USE_SCENE permission is enabled on this device
12-06 16:45:03.265 I/[CT]    ( 4885): SP:SceneAnchorFilterUtil: filterSceneDataByPermission: com.oculus.vrshell permission check passed, keep scene data. anchors size: 0
12-06 16:45:03.266 I/[CT]    ( 3469): SP:AF:InsightAnchorApi: QueryAnchorSpaces (task finish) returnCode: AnchorResultCode::SUCCESS(0), numSpacesFound: 0, spacesFoundUuids: [], duration: 0.000000000 [sec], flags: 44, location: 1, method: 1, request: 4244
12-06 16:45:03.272 E/TrackedObjectManager( 2832): Failed to connect to TrackedObjectService with error Status(-129, EX_TRANSACTION_FAILED): 'DEAD_OBJECT: '
12-06 16:45:03.272 W/OSDynamicObjectDataQuerier( 2832): Tracker stopped running without input server stopping it, attempting restart
12-06 16:45:03.272 W/OSDynamicObjectDataQuerier( 2832): Attempted to start tracking objects when tracker was already started
12-06 16:45:03.272 E/TrackedObjectManager( 2832): Failed to connect to TrackedObjectService with error Status(-129, EX_TRANSACTION_FAILED): 'DEAD_OBJECT: '
12-06 16:45:03.272 E/TrackedObjectManager( 2832): Failed to start tracking keyboard object with error Status(-129, EX_TRANSACTION_FAILED): 'DEAD_OBJECT: '
12-06 16:45:03.280 I/[CT]    ( 3469): SP:TREX:SpatialPersistencePlugin: Event type: 6
12-06 16:45:03.280 I/TREX    ( 3469): Spatial Persistence event: QuerySpacesFinish
12-06 16:45:03.280 W/SensorControl( 9368): No exposure settings will be updated on slot idx: 2 because exposure/gain changes are too small or identical.
12-06 16:45:03.286 E/TrackedObjectManager( 2832): Failed to connect to TrackedObjectService with error Status(-129, EX_TRANSACTION_FAILED): 'DEAD_OBJECT: '
12-06 16:45:03.286 W/OSDynamicObjectDataQuerier( 2832): Attempted to start tracking objects when tracker was already started
12-06 16:45:03.286 E/TrackedObjectManager( 2832): Failed to connect to TrackedObjectService with error Status(-129, EX_TRANSACTION_FAILED): 'DEAD_OBJECT: '
12-06 16:45:03.286 E/TrackedObjectManager( 2832): Failed to start tracking keyboard object with error Status(-129, EX_TRANSACTION_FAILED): 'DEAD_OBJECT: '
12-06 16:45:03.300 E/TrackedObjectManager( 2832): Failed to connect to TrackedObjectService with error Status(-129, EX_TRANSACTION_FAILED): 'DEAD_OBJECT: '
12-06 16:45:03.300 W/OSDynamicObjectDataQuerier( 2832): Attempted to start tracking objects when tracker was already started
12-06 16:45:03.300 E/TrackedObjectManager( 2832): Failed to connect to TrackedObjectService with error Status(-129, EX_TRANSACTION_FAILED): 'DEAD_OBJECT: '
12-06 16:45:03.300 E/TrackedObjectManager( 2832): Failed to start tracking keyboard object with error Status(-129, EX_TRANSACTION_FAILED): 'DEAD_OBJECT: '
12-06 16:45:03.313 W/SensorControl( 9368): No exposure settings will be updated on slot idx: 0 because exposure/gain changes are too small or identical.
12-06 16:45:03.314 E/TrackedObjectManager( 2832): Failed to connect to TrackedObjectService with error Status(-129, EX_TRANSACTION_FAILED): 'DEAD_OBJECT: '
12-06 16:45:03.314 W/OSDynamicObjectDataQuerier( 2832): Attempted to start tracking objects when tracker was already started
12-06 16:45:03.314 E/TrackedObjectManager( 2832): Failed to connect to TrackedObjectService with error Status(-129, EX_TRANSACTION_FAILED): 'DEAD_OBJECT: '
12-06 16:45:03.314 E/TrackedObjectManager( 2832): Failed to start tracking keyboard object with error Status(-129, EX_TRANSACTION_FAILED): 'DEAD_OBJECT: '
12-06 16:45:03.328 E/TrackedObjectManager( 2832): Failed to connect to TrackedObjectService with error Status(-129, EX_TRANSACTION_FAILED): 'DEAD_OBJECT: '
12-06 16:45:03.328 W/OSDynamicObjectDataQuerier( 2832): Attempted to start tracking objects when tracker was already started
12-06 16:45:03.328 E/TrackedObjectManager( 2832): Failed to connect to TrackedObjectService with error Status(-129, EX_TRANSACTION_FAILED): 'DEAD_OBJECT: '
12-06 16:45:03.328 E/TrackedObjectManager( 2832): Failed to start tracking keyboard object with error Status(-129, EX_TRANSACTION_FAILED): 'DEAD_OBJECT: '
12-06 16:45:03.342 E/TrackedObjectManager( 2832): Failed to connect to TrackedObjectService with error Status(-129, EX_TRANSACTION_FAILED): 'DEAD_OBJECT: '
12-06 16:45:03.342 W/OSDynamicObjectDataQuerier( 2832): Attempted to start tracking objects when tracker was already started
12-06 16:45:03.342 E/TrackedObjectManager( 2832): Failed to connect to TrackedObjectService with error Status(-129, EX_TRANSACTION_FAILED): 'DEAD_OBJECT: '
12-06 16:45:03.342 E/TrackedObjectManager( 2832): Failed to start tracking keyboard object with error Status(-129, EX_TRANSACTION_FAILED): 'DEAD_OBJECT: '
12-06 16:45:03.347 W/SensorControl( 9368): No exposure settings will be updated on slot idx: 2 because exposure/gain changes are too small or identical.
12-06 16:45:03.356 E/TrackedObjectManager( 2832): Failed to connect to TrackedObjectService with error Status(-129, EX_TRANSACTION_FAILED): 'DEAD_OBJECT: '
12-06 16:45:03.356 W/OSDynamicObjectDataQuerier( 2832): Attempted to start tracking objects when tracker was already started
12-06 16:45:03.356 E/TrackedObjectManager( 2832): Failed to connect to TrackedObjectService with error Status(-129, EX_TRANSACTION_FAILED): 'DEAD_OBJECT: '
12-06 16:45:03.356 E/TrackedObjectManager( 2832): Failed to start tracking keyboard object with error Status(-129, EX_TRANSACTION_FAILED): 'DEAD_OBJECT: '
12-06 16:45:03.369 E/TrackedObjectManager( 2832): Failed to connect to TrackedObjectService with error Status(-129, EX_TRANSACTION_FAILED): 'DEAD_OBJECT: '
12-06 16:45:03.370 W/OSDynamicObjectDataQuerier( 2832): Attempted to start tracking objects when tracker was already started
12-06 16:45:03.370 E/TrackedObjectManager( 2832): Failed to connect to TrackedObjectService with error Status(-129, EX_TRANSACTION_FAILED): 'DEAD_OBJECT: '
12-06 16:45:03.370 E/TrackedObjectManager( 2832): Failed to start tracking keyboard object with error Status(-129, EX_TRANSACTION_FAILED): 'DEAD_OBJECT: '
12-06 16:45:03.380 W/SensorControl( 9368): No exposure settings will be updated on slot idx: 0 because exposure/gain changes are too small or identical.
12-06 16:45:03.382 I/VD628x  (  884): Flicker results: freq 120.000000, max 119.780663, dcr 44.720123, pct 0.011775, idx 0.002824, conf 0.122855, snr -8.472343, svm 0.015229, sus 0
12-06 16:45:03.383 E/TrackedObjectManager( 2832): Failed to connect to TrackedObjectService with error Status(-129, EX_TRANSACTION_FAILED): 'DEAD_OBJECT: '
12-06 16:45:03.383 W/OSDynamicObjectDataQuerier( 2832): Attempted to start tracking objects when tracker was already started
12-06 16:45:03.383 E/TrackedObjectManager( 2832): Failed to connect to TrackedObjectService with error Status(-129, EX_TRANSACTION_FAILED): 'DEAD_OBJECT: '
12-06 16:45:03.383 E/TrackedObjectManager( 2832): Failed to start tracking keyboard object with error Status(-129, EX_TRANSACTION_FAILED): 'DEAD_OBJECT: '
12-06 16:45:03.387 I/Shell   ( 3469): HsrSoundSystem::playOneShotSound3D for GUID 0e40a482-f3c5-49aa-b6f7-3ac0dfc271e7 with event name panelThumbstickScroll
12-06 16:45:03.397 E/TrackedObjectManager( 2832): Failed to connect to TrackedObjectService with error Status(-129, EX_TRANSACTION_FAILED): 'DEAD_OBJECT: '
12-06 16:45:03.397 W/OSDynamicObjectDataQuerier( 2832): Attempted to start tracking objects when tracker was already started
12-06 16:45:03.397 E/TrackedObjectManager( 2832): Failed to connect to TrackedObjectService with error Status(-129, EX_TRANSACTION_FAILED): 'DEAD_OBJECT: '
12-06 16:45:03.397 E/TrackedObjectManager( 2832): Failed to start tracking keyboard object with error Status(-129, EX_TRANSACTION_FAILED): 'DEAD_OBJECT: '
12-06 16:45:03.411 E/TrackedObjectManager( 2832): Failed to connect to TrackedObjectService with error Status(-129, EX_TRANSACTION_FAILED): 'DEAD_OBJECT: '
12-06 16:45:03.411 W/OSDynamicObjectDataQuerier( 2832): Attempted to start tracking objects when tracker was already started
12-06 16:45:03.411 E/TrackedObjectManager( 2832): Failed to connect to TrackedObjectService with error Status(-129, EX_TRANSACTION_FAILED): 'DEAD_OBJECT: '
12-06 16:45:03.411 E/TrackedObjectManager( 2832): Failed to start tracking keyboard object with error Status(-129, EX_TRANSACTION_FAILED): 'DEAD_OBJECT: '
12-06 16:45:03.414 W/SensorControl( 9368): No exposure settings will be updated on slot idx: 2 because exposure/gain changes are too small or identical.
12-06 16:45:03.425 E/TrackedObjectManager( 2832): Failed to connect to TrackedObjectService with error Status(-129, EX_TRANSACTION_FAILED): 'DEAD_OBJECT: '
12-06 16:45:03.425 W/OSDynamicObjectDataQuerier( 2832): Attempted to start tracking objects when tracker was already started
12-06 16:45:03.425 E/TrackedObjectManager( 2832): Failed to connect to TrackedObjectService with error Status(-129, EX_TRANSACTION_FAILED): 'DEAD_OBJECT: '
12-06 16:45:03.425 E/TrackedObjectManager( 2832): Failed to start tracking keyboard object with error Status(-129, EX_TRANSACTION_FAILED): 'DEAD_OBJECT: '
12-06 16:45:03.439 E/TrackedObjectManager( 2832): Failed to connect to TrackedObjectService with error Status(-129, EX_TRANSACTION_FAILED): 'DEAD_OBJECT: '
12-06 16:45:03.439 W/OSDynamicObjectDataQuerier( 2832): Attempted to start tracking objects when tracker was already started
12-06 16:45:03.439 E/TrackedObjectManager( 2832): Failed to connect to TrackedObjectService with error Status(-129, EX_TRANSACTION_FAILED): 'DEAD_OBJECT: '
12-06 16:45:03.439 E/TrackedObjectManager( 2832): Failed to start tracking keyboard object with error Status(-129, EX_TRANSACTION_FAILED): 'DEAD_OBJECT: '
12-06 16:45:03.447 W/SensorControl( 9368): No exposure settings will be updated on slot idx: 0 because exposure/gain changes are too small or identical.
12-06 16:45:03.453 E/TrackedObjectManager( 2832): Failed to connect to TrackedObjectService with error Status(-129, EX_TRANSACTION_FAILED): 'DEAD_OBJECT: '
12-06 16:45:03.453 W/OSDynamicObjectDataQuerier( 2832): Attempted to start tracking objects when tracker was already started
12-06 16:45:03.453 E/TrackedObjectManager( 2832): Failed to connect to TrackedObjectService with error Status(-129, EX_TRANSACTION_FAILED): 'DEAD_OBJECT: '
12-06 16:45:03.453 E/TrackedObjectManager( 2832): Failed to start tracking keyboard object with error Status(-129, EX_TRANSACTION_FAILED): 'DEAD_OBJECT: '
12-06 16:45:03.463 I/Tracking( 9368): CONSTELLATION_Right: [Throttled count=149] P+C Right: StateBufferOnlineCalibrationCache: Updated last good IMU ocal at capture time 4553.511s, unix time 1765068303s
12-06 16:45:03.467 E/TrackedObjectManager( 2832): Failed to connect to TrackedObjectService with error Status(-129, EX_TRANSACTION_FAILED): 'DEAD_OBJECT: '
12-06 16:45:03.467 W/OSDynamicObjectDataQuerier( 2832): Attempted to start tracking objects when tracker was already started
12-06 16:45:03.467 E/TrackedObjectManager( 2832): Failed to connect to TrackedObjectService with error Status(-129, EX_TRANSACTION_FAILED): 'DEAD_OBJECT: '
12-06 16:45:03.467 E/TrackedObjectManager( 2832): Failed to start tracking keyboard object with error Status(-129, EX_TRANSACTION_FAILED): 'DEAD_OBJECT: '
12-06 16:45:03.480 W/SensorControl( 9368): No exposure settings will be updated on slot idx: 2 because exposure/gain changes are too small or identical.
12-06 16:45:03.481 E/TrackedObjectManager( 2832): Failed to connect to TrackedObjectService with error Status(-129, EX_TRANSACTION_FAILED): 'DEAD_OBJECT: '
12-06 16:45:03.481 W/OSDynamicObjectDataQuerier( 2832): Attempted to start tracking objects when tracker was already started
12-06 16:45:03.481 E/TrackedObjectManager( 2832): Failed to connect to TrackedObjectService with error Status(-129, EX_TRANSACTION_FAILED): 'DEAD_OBJECT: '
12-06 16:45:03.481 E/TrackedObjectManager( 2832): Failed to start tracking keyboard object with error Status(-129, EX_TRANSACTION_FAILED): 'DEAD_OBJECT: '
12-06 16:45:03.494 E/TrackedObjectManager( 2832): Failed to connect to TrackedObjectService with error Status(-129, EX_TRANSACTION_FAILED): 'DEAD_OBJECT: '
12-06 16:45:03.494 W/OSDynamicObjectDataQuerier( 2832): Attempted to start tracking objects when tracker was already started
12-06 16:45:03.495 E/TrackedObjectManager( 2832): Failed to connect to TrackedObjectService with error Status(-129, EX_TRANSACTION_FAILED): 'DEAD_OBJECT: '
12-06 16:45:03.495 E/TrackedObjectManager( 2832): Failed to start tracking keyboard object with error Status(-129, EX_TRANSACTION_FAILED): 'DEAD_OBJECT: '
12-06 16:45:03.508 E/TrackedObjectManager( 2832): Failed to connect to TrackedObjectService with error Status(-129, EX_TRANSACTION_FAILED): 'DEAD_OBJECT: '
12-06 16:45:03.508 W/OSDynamicObjectDataQuerier( 2832): Attempted to start tracking objects when tracker was already started
12-06 16:45:03.508 E/TrackedObjectManager( 2832): Failed to connect to TrackedObjectService with error Status(-129, EX_TRANSACTION_FAILED): 'DEAD_OBJECT: '
12-06 16:45:03.508 E/TrackedObjectManager( 2832): Failed to start tracking keyboard object with error Status(-129, EX_TRANSACTION_FAILED): 'DEAD_OBJECT: '
12-06 16:45:03.513 W/SensorControl( 9368): No exposure settings will be updated on slot idx: 0 because exposure/gain changes are too small or identical.
12-06 16:45:03.522 E/TrackedObjectManager( 2832): Failed to connect to TrackedObjectService with error Status(-129, EX_TRANSACTION_FAILED): 'DEAD_OBJECT: '
12-06 16:45:03.522 W/OSDynamicObjectDataQuerier( 2832): Attempted to start tracking objects when tracker was already started
12-06 16:45:03.522 E/TrackedObjectManager( 2832): Failed to connect to TrackedObjectService with error Status(-129, EX_TRANSACTION_FAILED): 'DEAD_OBJECT: '
12-06 16:45:03.522 E/TrackedObjectManager( 2832): Failed to start tracking keyboard object with error Status(-129, EX_TRANSACTION_FAILED): 'DEAD_OBJECT: '
12-06 16:45:03.536 E/TrackedObjectManager( 2832): Failed to connect to TrackedObjectService with error Status(-129, EX_TRANSACTION_FAILED): 'DEAD_OBJECT: '
12-06 16:45:03.536 W/OSDynamicObjectDataQuerier( 2832): Attempted to start tracking objects when tracker was already started
12-06 16:45:03.536 E/TrackedObjectManager( 2832): Failed to connect to TrackedObjectService with error Status(-129, EX_TRANSACTION_FAILED): 'DEAD_OBJECT: '
12-06 16:45:03.536 E/TrackedObjectManager( 2832): Failed to start tracking keyboard object with error Status(-129, EX_TRANSACTION_FAILED): 'DEAD_OBJECT: '
12-06 16:45:03.547 W/SensorControl( 9368): No exposure settings will be updated on slot idx: 2 because exposure/gain changes are too small or identical.
12-06 16:45:03.550 E/TrackedObjectManager( 2832): Failed to connect to TrackedObjectService with error Status(-129, EX_TRANSACTION_FAILED): 'DEAD_OBJECT: '
12-06 16:45:03.550 W/OSDynamicObjectDataQuerier( 2832): Attempted to start tracking objects when tracker was already started
12-06 16:45:03.550 E/TrackedObjectManager( 2832): Failed to connect to TrackedObjectService with error Status(-129, EX_TRANSACTION_FAILED): 'DEAD_OBJECT: '
12-06 16:45:03.550 E/TrackedObjectManager( 2832): Failed to start tracking keyboard object with error Status(-129, EX_TRANSACTION_FAILED): 'DEAD_OBJECT: '
12-06 16:45:03.564 E/TrackedObjectManager( 2832): Failed to connect to TrackedObjectService with error Status(-129, EX_TRANSACTION_FAILED): 'DEAD_OBJECT: '
12-06 16:45:03.564 W/OSDynamicObjectDataQuerier( 2832): Attempted to start tracking objects when tracker was already started
12-06 16:45:03.564 E/TrackedObjectManager( 2832): Failed to connect to TrackedObjectService with error Status(-129, EX_TRANSACTION_FAILED): 'DEAD_OBJECT: '
12-06 16:45:03.564 E/TrackedObjectManager( 2832): Failed to start tracking keyboard object with error Status(-129, EX_TRANSACTION_FAILED): 'DEAD_OBJECT: '
12-06 16:45:03.578 E/TrackedObjectManager( 2832): Failed to connect to TrackedObjectService with error Status(-129, EX_TRANSACTION_FAILED): 'DEAD_OBJECT: '
12-06 16:45:03.578 W/OSDynamicObjectDataQuerier( 2832): Attempted to start tracking objects when tracker was already started
12-06 16:45:03.578 E/TrackedObjectManager( 2832): Failed to connect to TrackedObjectService with error Status(-129, EX_TRANSACTION_FAILED): 'DEAD_OBJECT: '
12-06 16:45:03.578 E/TrackedObjectManager( 2832): Failed to start tracking keyboard object with error Status(-129, EX_TRANSACTION_FAILED): 'DEAD_OBJECT: '
12-06 16:45:03.580 W/SensorControl( 9368): No exposure settings will be updated on slot idx: 0 because exposure/gain changes are too small or identical.
12-06 16:45:03.592 E/TrackedObjectManager( 2832): Failed to connect to TrackedObjectService with error Status(-129, EX_TRANSACTION_FAILED): 'DEAD_OBJECT: '
12-06 16:45:03.592 W/OSDynamicObjectDataQuerier( 2832): Attempted to start tracking objects when tracker was already started
12-06 16:45:03.592 E/TrackedObjectManager( 2832): Failed to connect to TrackedObjectService with error Status(-129, EX_TRANSACTION_FAILED): 'DEAD_OBJECT: '
12-06 16:45:03.592 E/TrackedObjectManager( 2832): Failed to start tracking keyboard object with error Status(-129, EX_TRANSACTION_FAILED): 'DEAD_OBJECT: '
12-06 16:45:03.602 E/AlarmManager( 1971): Attempt to decrement existing alarm count 0 by 1 for uid 1000
12-06 16:45:03.603 W/ActivityManager( 1971): Dropping Event: wtf since tag: system_server_wtf is disabled or DropboxManager is null
12-06 16:45:03.604 D/JobServiceContext( 1971): Scheduling time out for 'androidx.work.impl.background.systemjob.SystemJobService' jId: 8111, in 18 s
12-06 16:45:03.604 V/ActivityManager( 1971): bindService: Intent { flg=0x4 cmp=com.oculus.horizon/androidx.work.impl.background.systemjob.SystemJobService } type=null conn=android.app.LoadedApk$ServiceDispatcher$InnerConnection@dc9b845 flags=0x8105
12-06 16:45:03.606 E/TrackedObjectManager( 2832): Failed to connect to TrackedObjectService with error Status(-129, EX_TRANSACTION_FAILED): 'DEAD_OBJECT: '
12-06 16:45:03.606 W/OSDynamicObjectDataQuerier( 2832): Attempted to start tracking objects when tracker was already started
12-06 16:45:03.606 E/TrackedObjectManager( 2832): Failed to connect to TrackedObjectService with error Status(-129, EX_TRANSACTION_FAILED): 'DEAD_OBJECT: '
12-06 16:45:03.606 E/TrackedObjectManager( 2832): Failed to start tracking keyboard object with error Status(-129, EX_TRANSACTION_FAILED): 'DEAD_OBJECT: '
12-06 16:45:03.606 D/JobServiceContext( 1971): handleServiceBound for 166dfab #u0a102/8111 com.oculus.horizon/androidx.work.impl.background.systemjob.SystemJobService
12-06 16:45:03.606 D/JobServiceContext( 1971): Scheduling time out for 'androidx.work.impl.background.systemjob.SystemJobService' jId: 8111, in 8 s
12-06 16:45:03.606 D/ConnectivityService( 1971): requestNetwork for uid/pid:10102/3960 activeRequest: null callbackRequest: 1173 [NetworkRequest [ REQUEST id=1174, [ Capabilities: INTERNET&NOT_RESTRICTED&TRUSTED&NOT_VCN_MANAGED Uid: 10102 RequestorUid: 10102 RequestorPkg: com.oculus.horizon UnderlyingNetworks: Null] ]] callback flags: 0 order: 2147483647
12-06 16:45:03.607 D/JobServiceContext( 1971): doCallback of : JobStatus{166dfab #u0a102/8111 com.oculus.horizon/androidx.work.impl.background.systemjob.SystemJobService u=0 s=10102 TIME=-5ms:none NET READY} v:VERB_STARTING
12-06 16:45:03.607 D/JobServiceContext( 1971): Scheduling time out for 'androidx.work.impl.background.systemjob.SystemJobService' jId: 8111, in 300 s
12-06 16:45:03.608 D/WifiNetworkFactory( 1971): got request NetworkRequest [ REQUEST id=1174, [ Capabilities: INTERNET&NOT_RESTRICTED&TRUSTED&NOT_VCN_MANAGED Uid: 10102 RequestorUid: 10102 RequestorPkg: com.oculus.horizon UnderlyingNetworks: Null] ]
12-06 16:45:03.608 D/UntrustedWifiNetworkFactory( 1971): got request NetworkRequest [ REQUEST id=1174, [ Capabilities: INTERNET&NOT_RESTRICTED&TRUSTED&NOT_VCN_MANAGED Uid: 10102 RequestorUid: 10102 RequestorPkg: com.oculus.horizon UnderlyingNetworks: Null] ]
12-06 16:45:03.608 D/OemPaidWifiNetworkFactory( 1971): got request NetworkRequest [ REQUEST id=1174, [ Capabilities: INTERNET&NOT_RESTRICTED&TRUSTED&NOT_VCN_MANAGED Uid: 10102 RequestorUid: 10102 RequestorPkg: com.oculus.horizon UnderlyingNetworks: Null] ]
12-06 16:45:03.608 D/MultiInternetWifiNetworkFactory( 1971): got request NetworkRequest [ REQUEST id=1174, [ Capabilities: INTERNET&NOT_RESTRICTED&TRUSTED&NOT_VCN_MANAGED Uid: 10102 RequestorUid: 10102 RequestorPkg: com.oculus.horizon UnderlyingNetworks: Null] ]
12-06 16:45:03.608 D/ConnectivityService( 1971): NetReassign [1174 : null  102] [c 0] [a 0] [i 1]
12-06 16:45:03.611 I/RLTS-RLCPConsentDownloader( 3960): Consent download work started...
12-06 16:45:03.614 W/SensorControl( 9368): No exposure settings will be updated on slot idx: 2 because exposure/gain changes are too small or identical.
12-06 16:45:03.617 I/RLTS-RLCPConsentDownloader( 3960): First time NUX completed. We should check the blocking consent.
12-06 16:45:03.620 E/TrackedObjectManager( 2832): Failed to connect to TrackedObjectService with error Status(-129, EX_TRANSACTION_FAILED): 'DEAD_OBJECT: '
12-06 16:45:03.620 W/OSDynamicObjectDataQuerier( 2832): Attempted to start tracking objects when tracker was already started
12-06 16:45:03.620 E/TrackedObjectManager( 2832): Failed to connect to TrackedObjectService with error Status(-129, EX_TRANSACTION_FAILED): 'DEAD_OBJECT: '
12-06 16:45:03.620 E/TrackedObjectManager( 2832): Failed to start tracking keyboard object with error Status(-129, EX_TRANSACTION_FAILED): 'DEAD_OBJECT: '
12-06 16:45:03.633 E/TrackedObjectManager( 2832): Failed to connect to TrackedObjectService with error Status(-129, EX_TRANSACTION_FAILED): 'DEAD_OBJECT: '
12-06 16:45:03.634 W/OSDynamicObjectDataQuerier( 2832): Attempted to start tracking objects when tracker was already started
12-06 16:45:03.634 E/TrackedObjectManager( 2832): Failed to connect to TrackedObjectService with error Status(-129, EX_TRANSACTION_FAILED): 'DEAD_OBJECT: '
12-06 16:45:03.634 E/TrackedObjectManager( 2832): Failed to start tracking keyboard object with error Status(-129, EX_TRANSACTION_FAILED): 'DEAD_OBJECT: '
12-06 16:45:03.637 I/MRSS    ( 1157): MIXEDREALITY: EnvironmentDepthMetacapability: processTelemetry client com.oculus.vrshell state true aggregated 0
12-06 16:45:03.647 W/SensorControl( 9368): No exposure settings will be updated on slot idx: 0 because exposure/gain changes are too small or identical.
12-06 16:45:03.647 D/TrafficStats( 3960): tagSocket(88) with statsTag=0xffffffff, statsUid=-1
12-06 16:45:03.647 D/TrafficStats( 3960): tagSocket(94) with statsTag=0xffffffff, statsUid=-1
12-06 16:45:03.647 E/TrackedObjectManager( 2832): Failed to connect to TrackedObjectService with error Status(-129, EX_TRANSACTION_FAILED): 'DEAD_OBJECT: '
12-06 16:45:03.647 W/OSDynamicObjectDataQuerier( 2832): Attempted to start tracking objects when tracker was already started
12-06 16:45:03.647 E/TrackedObjectManager( 2832): Failed to connect to TrackedObjectService with error Status(-129, EX_TRANSACTION_FAILED): 'DEAD_OBJECT: '
12-06 16:45:03.647 E/TrackedObjectManager( 2832): Failed to start tracking keyboard object with error Status(-129, EX_TRANSACTION_FAILED): 'DEAD_OBJECT: '
12-06 16:45:03.661 E/TrackedObjectManager( 2832): Failed to connect to TrackedObjectService with error Status(-129, EX_TRANSACTION_FAILED): 'DEAD_OBJECT: '
12-06 16:45:03.661 W/OSDynamicObjectDataQuerier( 2832): Attempted to start tracking objects when tracker was already started
12-06 16:45:03.661 E/TrackedObjectManager( 2832): Failed to connect to TrackedObjectService with error Status(-129, EX_TRANSACTION_FAILED): 'DEAD_OBJECT: '
12-06 16:45:03.661 E/TrackedObjectManager( 2832): Failed to start tracking keyboard object with error Status(-129, EX_TRANSACTION_FAILED): 'DEAD_OBJECT: '
12-06 16:45:03.675 E/TrackedObjectManager( 2832): Failed to connect to TrackedObjectService with error Status(-129, EX_TRANSACTION_FAILED): 'DEAD_OBJECT: '
12-06 16:45:03.675 W/OSDynamicObjectDataQuerier( 2832): Attempted to start tracking objects when tracker was already started
12-06 16:45:03.675 E/TrackedObjectManager( 2832): Failed to connect to TrackedObjectService with error Status(-129, EX_TRANSACTION_FAILED): 'DEAD_OBJECT: '
12-06 16:45:03.675 E/TrackedObjectManager( 2832): Failed to start tracking keyboard object with error Status(-129, EX_TRANSACTION_FAILED): 'DEAD_OBJECT: '
12-06 16:45:03.680 W/SensorControl( 9368): No exposure settings will be updated on slot idx: 2 because exposure/gain changes are too small or identical.
12-06 16:45:03.689 E/TrackedObjectManager( 2832): Failed to connect to TrackedObjectService with error Status(-129, EX_TRANSACTION_FAILED): 'DEAD_OBJECT: '
12-06 16:45:03.689 W/OSDynamicObjectDataQuerier( 2832): Attempted to start tracking objects when tracker was already started
12-06 16:45:03.689 E/TrackedObjectManager( 2832): Failed to connect to TrackedObjectService with error Status(-129, EX_TRANSACTION_FAILED): 'DEAD_OBJECT: '
12-06 16:45:03.689 E/TrackedObjectManager( 2832): Failed to start tracking keyboard object with error Status(-129, EX_TRANSACTION_FAILED): 'DEAD_OBJECT: '
12-06 16:45:03.703 E/TrackedObjectManager( 2832): Failed to connect to TrackedObjectService with error Status(-129, EX_TRANSACTION_FAILED): 'DEAD_OBJECT: '
12-06 16:45:03.703 W/OSDynamicObjectDataQuerier( 2832): Attempted to start tracking objects when tracker was already started
12-06 16:45:03.703 E/TrackedObjectManager( 2832): Failed to connect to TrackedObjectService with error Status(-129, EX_TRANSACTION_FAILED): 'DEAD_OBJECT: '
12-06 16:45:03.703 E/TrackedObjectManager( 2832): Failed to start tracking keyboard object with error Status(-129, EX_TRANSACTION_FAILED): 'DEAD_OBJECT: '
12-06 16:45:03.713 W/SensorControl( 9368): No exposure settings will be updated on slot idx: 0 because exposure/gain changes are too small or identical.
12-06 16:45:03.717 E/TrackedObjectManager( 2832): Failed to connect to TrackedObjectService with error Status(-129, EX_TRANSACTION_FAILED): 'DEAD_OBJECT: '
12-06 16:45:03.717 W/OSDynamicObjectDataQuerier( 2832): Attempted to start tracking objects when tracker was already started
12-06 16:45:03.717 E/TrackedObjectManager( 2832): Failed to connect to TrackedObjectService with error Status(-129, EX_TRANSACTION_FAILED): 'DEAD_OBJECT: '
12-06 16:45:03.717 E/TrackedObjectManager( 2832): Failed to start tracking keyboard object with error Status(-129, EX_TRANSACTION_FAILED): 'DEAD_OBJECT: '
12-06 16:45:03.731 E/TrackedObjectManager( 2832): Failed to connect to TrackedObjectService with error Status(-129, EX_TRANSACTION_FAILED): 'DEAD_OBJECT: '
12-06 16:45:03.731 W/OSDynamicObjectDataQuerier( 2832): Attempted to start tracking objects when tracker was already started
12-06 16:45:03.731 E/TrackedObjectManager( 2832): Failed to connect to TrackedObjectService with error Status(-129, EX_TRANSACTION_FAILED): 'DEAD_OBJECT: '
12-06 16:45:03.731 E/TrackedObjectManager( 2832): Failed to start tracking keyboard object with error Status(-129, EX_TRANSACTION_FAILED): 'DEAD_OBJECT: '
12-06 16:45:03.731 I/GraphicsGovernor( 2832): Dynamic Foveation Lvl 3, Min Foveation Lvl 3, DynRes Enabled 1, DynRes Scaler 1.000000
12-06 16:45:03.735 I/Shell   ( 3469): HsrSoundSystem::playOneShotSound3D for GUID 0e40a482-f3c5-49aa-b6f7-3ac0dfc271e7 with event name panelThumbstickScroll
12-06 16:45:03.744 E/TrackedObjectManager( 2832): Failed to connect to TrackedObjectService with error Status(-129, EX_TRANSACTION_FAILED): 'DEAD_OBJECT: '
12-06 16:45:03.745 W/OSDynamicObjectDataQuerier( 2832): Attempted to start tracking objects when tracker was already started
12-06 16:45:03.745 E/TrackedObjectManager( 2832): Failed to connect to TrackedObjectService with error Status(-129, EX_TRANSACTION_FAILED): 'DEAD_OBJECT: '
12-06 16:45:03.745 E/TrackedObjectManager( 2832): Failed to start tracking keyboard object with error Status(-129, EX_TRANSACTION_FAILED): 'DEAD_OBJECT: '
12-06 16:45:03.747 W/SensorControl( 9368): No exposure settings will be updated on slot idx: 2 because exposure/gain changes are too small or identical.
12-06 16:45:03.751 I/WM-WorkerWrapper( 3960): Worker result SUCCESS for Work [ id=7640f5c6-99c8-459d-b3ae-383fedc56e70, tags={ com.meta.rl.trust.service.api.RLCPConsentDownloader } ]
12-06 16:45:03.753 D/JobServiceContext( 1971): doCallback of : JobStatus{166dfab #u0a102/8111 com.oculus.horizon/androidx.work.impl.background.systemjob.SystemJobService u=0 s=10102 TIME=-151ms:none NET READY} v:VERB_EXECUTING
12-06 16:45:03.753 D/JobServiceContext( 1971): Cleaning up 166dfab #u0a102/8111 com.oculus.horizon/androidx.work.impl.background.systemjob.SystemJobService reschedule=false reason=app called jobFinished
12-06 16:45:03.758 E/TrackedObjectManager( 2832): Failed to connect to TrackedObjectService with error Status(-129, EX_TRANSACTION_FAILED): 'DEAD_OBJECT: '
12-06 16:45:03.758 W/OSDynamicObjectDataQuerier( 2832): Attempted to start tracking objects when tracker was already started
12-06 16:45:03.758 E/TrackedObjectManager( 2832): Failed to connect to TrackedObjectService with error Status(-129, EX_TRANSACTION_FAILED): 'DEAD_OBJECT: '
12-06 16:45:03.758 E/TrackedObjectManager( 2832): Failed to start tracking keyboard object with error Status(-129, EX_TRANSACTION_FAILED): 'DEAD_OBJECT: '
12-06 16:45:03.772 E/TrackedObjectManager( 2832): Failed to connect to TrackedObjectService with error Status(-129, EX_TRANSACTION_FAILED): 'DEAD_OBJECT: '
12-06 16:45:03.772 W/OSDynamicObjectDataQuerier( 2832): Attempted to start tracking objects when tracker was already started
12-06 16:45:03.772 E/TrackedObjectManager( 2832): Failed to connect to TrackedObjectService with error Status(-129, EX_TRANSACTION_FAILED): 'DEAD_OBJECT: '
12-06 16:45:03.772 E/TrackedObjectManager( 2832): Failed to start tracking keyboard object with error Status(-129, EX_TRANSACTION_FAILED): 'DEAD_OBJECT: '
12-06 16:45:03.781 W/SensorControl( 9368): No exposure settings will be updated on slot idx: 0 because exposure/gain changes are too small or identical.
12-06 16:45:03.786 E/TrackedObjectManager( 2832): Failed to connect to TrackedObjectService with error Status(-129, EX_TRANSACTION_FAILED): 'DEAD_OBJECT: '
12-06 16:45:03.786 W/OSDynamicObjectDataQuerier( 2832): Attempted to start tracking objects when tracker was already started
12-06 16:45:03.786 E/TrackedObjectManager( 2832): Failed to connect to TrackedObjectService with error Status(-129, EX_TRANSACTION_FAILED): 'DEAD_OBJECT: '
12-06 16:45:03.786 E/TrackedObjectManager( 2832): Failed to start tracking keyboard object with error Status(-129, EX_TRANSACTION_FAILED): 'DEAD_OBJECT: '
12-06 16:45:03.800 E/TrackedObjectManager( 2832): Failed to connect to TrackedObjectService with error Status(-129, EX_TRANSACTION_FAILED): 'DEAD_OBJECT: '
12-06 16:45:03.800 W/OSDynamicObjectDataQuerier( 2832): Attempted to start tracking objects when tracker was already started
12-06 16:45:03.800 E/TrackedObjectManager( 2832): Failed to connect to TrackedObjectService with error Status(-129, EX_TRANSACTION_FAILED): 'DEAD_OBJECT: '
12-06 16:45:03.800 E/TrackedObjectManager( 2832): Failed to start tracking keyboard object with error Status(-129, EX_TRANSACTION_FAILED): 'DEAD_OBJECT: '
12-06 16:45:03.813 I/DynamicObjectClient( 4885): Query Dynamic Object Tracker anchors
12-06 16:45:03.813 I/DynamicObjectClient( 4885): Object in query has empty predictions or tracking flags
12-06 16:45:03.813 W/SensorControl( 9368): No exposure settings will be updated on slot idx: 2 because exposure/gain changes are too small or identical.
