12-07 15:36:11.749 E/TrackedObjectManager( 2832): Failed to connect to TrackedObjectService with error Status(-129, EX_TRANSACTION_FAILED): 'DEAD_OBJECT: '
12-07 15:36:11.749 E/TrackedObjectManager( 2832): Failed to start tracking keyboard object with error Status(-129, EX_TRANSACTION_FAILED): 'DEAD_OBJECT: '
12-07 15:36:11.763 E/TrackedObjectManager( 2832): Failed to connect to TrackedObjectService with error Status(-129, EX_TRANSACTION_FAILED): 'DEAD_OBJECT: '
12-07 15:36:11.763 W/OSDynamicObjectDataQuerier( 2832): Attempted to start tracking objects when tracker was already started
12-07 15:36:11.763 E/TrackedObjectManager( 2832): Failed to connect to TrackedObjectService with error Status(-129, EX_TRANSACTION_FAILED): 'DEAD_OBJECT: '
12-07 15:36:11.763 E/TrackedObjectManager( 2832): Failed to start tracking keyboard object with error Status(-129, EX_TRANSACTION_FAILED): 'DEAD_OBJECT: '
12-07 15:36:11.777 E/TrackedObjectManager( 2832): Failed to connect to TrackedObjectService with error Status(-129, EX_TRANSACTION_FAILED): 'DEAD_OBJECT: '
12-07 15:36:11.777 W/OSDynamicObjectDataQuerier( 2832): Attempted to start tracking objects when tracker was already started
12-07 15:36:11.777 E/TrackedObjectManager( 2832): Failed to connect to TrackedObjectService with error Status(-129, EX_TRANSACTION_FAILED): 'DEAD_OBJECT: '
12-07 15:36:11.777 E/TrackedObjectManager( 2832): Failed to start tracking keyboard object with error Status(-129, EX_TRANSACTION_FAILED): 'DEAD_OBJECT: '
12-07 15:36:11.782 I/Vsync   ( 2832): Vsync 707:  2 x 13.89 ms (72.00 Hz, at 139690.464)
12-07 15:36:11.790 E/TrackedObjectManager( 2832): Failed to connect to TrackedObjectService with error Status(-129, EX_TRANSACTION_FAILED): 'DEAD_OBJECT: '
12-07 15:36:11.791 W/OSDynamicObjectDataQuerier( 2832): Attempted to start tracking objects when tracker was already started
12-07 15:36:11.791 E/TrackedObjectManager( 2832): Failed to connect to TrackedObjectService with error Status(-129, EX_TRANSACTION_FAILED): 'DEAD_OBJECT: '
12-07 15:36:11.791 E/TrackedObjectManager( 2832): Failed to start tracking keyboard object with error Status(-129, EX_TRANSACTION_FAILED): 'DEAD_OBJECT: '
12-07 15:36:11.804 E/TrackedObjectManager( 2832): Failed to connect to TrackedObjectService with error Status(-129, EX_TRANSACTION_FAILED): 'DEAD_OBJECT: '
12-07 15:36:11.804 W/OSDynamicObjectDataQuerier( 2832): Attempted to start tracking objects when tracker was already started
12-07 15:36:11.804 E/TrackedObjectManager( 2832): Failed to connect to TrackedObjectService with error Status(-129, EX_TRANSACTION_FAILED): 'DEAD_OBJECT: '
12-07 15:36:11.804 E/TrackedObjectManager( 2832): Failed to start tracking keyboard object with error Status(-129, EX_TRANSACTION_FAILED): 'DEAD_OBJECT: '
12-07 15:36:11.811 I/Vsync   ( 2832): Vsync 709:  2 x 13.89 ms (72.00 Hz, at 139690.492)
12-07 15:36:11.818 E/TrackedObjectManager( 2832): Failed to connect to TrackedObjectService with error Status(-129, EX_TRANSACTION_FAILED): 'DEAD_OBJECT: '
12-07 15:36:11.818 W/OSDynamicObjectDataQuerier( 2832): Attempted to start tracking objects when tracker was already started
12-07 15:36:11.818 E/TrackedObjectManager( 2832): Failed to connect to TrackedObjectService with error Status(-129, EX_TRANSACTION_FAILED): 'DEAD_OBJECT: '
12-07 15:36:11.818 E/TrackedObjectManager( 2832): Failed to start tracking keyboard object with error Status(-129, EX_TRANSACTION_FAILED): 'DEAD_OBJECT: '
12-07 15:36:11.832 E/TrackedObjectManager( 2832): Failed to connect to TrackedObjectService with error Status(-129, EX_TRANSACTION_FAILED): 'DEAD_OBJECT: '
12-07 15:36:11.832 W/OSDynamicObjectDataQuerier( 2832): Attempted to start tracking objects when tracker was already started
12-07 15:36:11.832 E/TrackedObjectManager( 2832): Failed to connect to TrackedObjectService with error Status(-129, EX_TRANSACTION_FAILED): 'DEAD_OBJECT: '
12-07 15:36:11.832 E/TrackedObjectManager( 2832): Failed to start tracking keyboard object with error Status(-129, EX_TRANSACTION_FAILED): 'DEAD_OBJECT: '
12-07 15:36:11.846 E/TrackedObjectManager( 2832): Failed to connect to TrackedObjectService with error Status(-129, EX_TRANSACTION_FAILED): 'DEAD_OBJECT: '
12-07 15:36:11.846 W/OSDynamicObjectDataQuerier( 2832): Attempted to start tracking objects when tracker was already started
12-07 15:36:11.846 E/TrackedObjectManager( 2832): Failed to connect to TrackedObjectService with error Status(-129, EX_TRANSACTION_FAILED): 'DEAD_OBJECT: '
12-07 15:36:11.846 E/TrackedObjectManager( 2832): Failed to start tracking keyboard object with error Status(-129, EX_TRANSACTION_FAILED): 'DEAD_OBJECT: '
12-07 15:36:11.850 I/SpatialWindowResourceService( 1971): setWindowFrameRate() token: horizonos.view.VolumetricWindowToken$InternalVolumetricToken@bec2d56 framerate: 0.0
12-07 15:36:11.860 E/TrackedObjectManager( 2832): Failed to connect to TrackedObjectService with error Status(-129, EX_TRANSACTION_FAILED): 'DEAD_OBJECT: '
12-07 15:36:11.860 W/OSDynamicObjectDataQuerier( 2832): Attempted to start tracking objects when tracker was already started
12-07 15:36:11.860 E/TrackedObjectManager( 2832): Failed to connect to TrackedObjectService with error Status(-129, EX_TRANSACTION_FAILED): 'DEAD_OBJECT: '
12-07 15:36:11.860 E/TrackedObjectManager( 2832): Failed to start tracking keyboard object with error Status(-129, EX_TRANSACTION_FAILED): 'DEAD_OBJECT: '
12-07 15:36:11.866 D/TrackingService( 9368): f343f271512a1feb: isControllerInHand(139690.05s): 0 ctEnabled: 1 btnPress: 0 *btnOrTpdTouch: 0 *btnOrTpdProx: 0 static(139690.05s): 0 thbstkOffCenter: 0 
12-07 15:36:11.866 D/TrackingService( 9368): [HANDTRACKING] Controller f343f271512a1feb in hand: N, valid: Y
12-07 15:36:11.866 D/ControllerManagement( 9339): RemoteService::recordControllerStatusUpdate: device f343f271512a1feb: status: CONNECTED_ACTIVE tracking: POSITION, errors: --
12-07 15:36:11.874 E/TrackedObjectManager( 2832): Failed to connect to TrackedObjectService with error Status(-129, EX_TRANSACTION_FAILED): 'DEAD_OBJECT: '
12-07 15:36:11.874 W/OSDynamicObjectDataQuerier( 2832): Attempted to start tracking objects when tracker was already started
12-07 15:36:11.874 E/TrackedObjectManager( 2832): Failed to connect to TrackedObjectService with error Status(-129, EX_TRANSACTION_FAILED): 'DEAD_OBJECT: '
12-07 15:36:11.874 E/TrackedObjectManager( 2832): Failed to start tracking keyboard object with error Status(-129, EX_TRANSACTION_FAILED): 'DEAD_OBJECT: '
12-07 15:36:11.887 I/OpenXR_ClientState( 3469): [OATS]: IP changed: unknown/interaction_profiles/meta/touch_controller_plus, 6
12-07 15:36:11.887 I/OpenXR_ClientState( 3469): [OATS]: IP changed: /user/hand/left/interaction_profiles/meta/touch_controller_plus, -1
12-07 15:36:11.887 E/TrackedObjectManager( 2832): Failed to connect to TrackedObjectService with error Status(-129, EX_TRANSACTION_FAILED): 'DEAD_OBJECT: '
12-07 15:36:11.888 W/OSDynamicObjectDataQuerier( 2832): Attempted to start tracking objects when tracker was already started
12-07 15:36:11.888 E/TrackedObjectManager( 2832): Failed to connect to TrackedObjectService with error Status(-129, EX_TRANSACTION_FAILED): 'DEAD_OBJECT: '
12-07 15:36:11.888 E/TrackedObjectManager( 2832): Failed to start tracking keyboard object with error Status(-129, EX_TRANSACTION_FAILED): 'DEAD_OBJECT: '
12-07 15:36:11.890 W/[SEO] InteractionSystem( 3469): An interactor was destroyed without being deregistered.
12-07 15:36:11.890 W/[SEO] InteractionSystem( 3469): An interactor was destroyed without being deregistered.
12-07 15:36:11.890 W/[SEO] InteractionSystem( 3469): An interactor was destroyed without being deregistered.
12-07 15:36:11.890 W/[SEO] InteractionSystem( 3469): An interactor was destroyed without being deregistered.
12-07 15:36:11.890 W/[SEO] InteractionSystem( 3469): An interactor was destroyed without being deregistered.
12-07 15:36:11.890 W/[SEO] InteractionSystem( 3469): An interactor was destroyed without being deregistered.
12-07 15:36:11.890 W/[SEO] InteractionSystem( 3469): An interactor was destroyed without being deregistered.
12-07 15:36:11.895 I/Shell   ( 3469): ResMan : skinnedmesh records unloaded: asset=0000000000000000  data=00000074f7185400,00000074f7186a80,00000074f7185400,00000074f7186a80,00000074f6def000,00000074f6df0400,00000074c351da80,00000074b681d780,00000074f6df2c00,00000074f6e24780,00000074b681d780,00000074b681f800,00000074b681d780,00000074b681f800,00000074f6e26580,00000074f6e27200,00000074f6df1f80,00000074f6df3b00,00000074b68e4d80,00000074b6ba1e00,00000074f6e24000,00000074f6e24a00,00000074b6db4100,00000074b6eb4500,00000074b6ba4100,00000074b6db2080,00000074b681f800,00000074b68e2300,00000074f6f75180,00000074f6f75900,000000741754bd00,000000741c8be900,  dstryFlg=1,1,1,1,1,1,1,1,1,1,1,1,1,1,1,1,1,1,1,1,1,1,1,1,1,1,1,1,1,1,1,1,  vec=0000000000000000/0000000000000000/0000000000000000,0000000000000000/0000000000000000/0000000000000000,0000000000000000/0000000000000000/0000000000000000,0000000000000000/0000000000000000/0000000000000000,0000000000000000/0000000000000000/0000000000000000,0000000000000000/0000000000000000/0000000000000000,0000000000000000/0000000000000000/0000000000000000,0000000000000000/0000000000000000/0000000000000000,0000000000000000/0000000000000000/0000000000000000,0000000000000000/0000000000000000/0000000000000000,0000000000000000/0000000000000000/0000000000000000,0000000000000000/0000000000000000/0000000000000000,0000000000000000/0000000000000000/0000000000000000,0000000000000000/0000000000000000/0000000000000000,0000000000000000/0000000000000000/0000000000000000,0000000000000000/0000000000000000/0000000000000000,0000000000000000/0000000000000000/0000000000000000,0000000000000000/0000000000000000/0000000000000000,0000000000000000/0000000000000000/0000000000000000,0000000000000000/0000000000000000/0000000000000000,0000000000000000/0000000000000000/0000000000000000,0000000000000000/0000000000000000/0000000000000000,0000000000000000/0000000000000000/0000000000000000,0000000000000000/0000000000000000/0000000000000000,0000000000000000/0000000000000000/0000000000000000,0000000000000000/0000000000000000/0000000000000000,0000000000000000/0000000000000000/0000000000000000,0000000000000000/0000000000000000/0000000000000000,0000000000000000/0000000000000000/0000000000000000,0000000000000000/0000000000000000/0000000000000000,0000000000000000/0000000000000000/0000000000000000,0000000000000000/0000000000000000/0000000000000000,  dstry=0000002df48a2ff8,0000002df48a2ffb,0000002e063c7143,0000002e063c7147,0000002e10e436f9,0000002e10e436fe,0000002e115cb979,0000002e115cb980,0000002e115cb98b,0000002e115cb98e,0000002e119bc53e,0000002e119bc543,0000002e11aba1da,0000002e11aba1de,0000002e125c9dc3,0000002e125c9dc6,0000002e1971c03b,0000002e1971c03f,0000002e1a03fb2f,0000002e1a03fb33,0000002e1a56b50b,0000002e1a56b50e,0000002e33b63631,0000002e33b63635,0000002e33da40bb,0000002e33da40c0,0000002e33da40cb,0000002e33da40ce,0000002e51f3f549,0000002e51f3f54d,0000002e523ba8e7,0000002e523ba8ea,  unld=0000002df48a301d,0000002df48a301e,0000002e063c7170,0000002e063c7171,0000002e10e43717,0000002e10e43718,0000002e115cb9c6,0000002e115cb9c8,0000002e115cb9ca,0000002e115cb9cb,0000002e119bc583,0000002e119bc586,0000002e11aba221,0000002e11aba223,0000002e125c9df6,0000002e125c9df7,0000002e1971c064,0000002e1971c065,0000002e1a03fb65,0000002e1a03fb66,0000002e1a56b537,0000002e1a56b539,0000002e33b6367c,0000002e33b6367e,0000002e33da40f0,0000002e33da40f2,0000002e33da40f3,0000002e33da40f3,0000002e51f3f57f,0000002e51f3f580,0000002e523ba921,0000002e523ba923,
12-07 15:36:11.896 W/[SEO] InputOpenXr( 3469): Interaction Profile retrieval failed: /user/eyes_ext
12-07 15:36:11.901 E/TrackedObjectManager( 2832): Failed to connect to TrackedObjectService with error Status(-129, EX_TRANSACTION_FAILED): 'DEAD_OBJECT: '
12-07 15:36:11.901 W/OSDynamicObjectDataQuerier( 2832): Attempted to start tracking objects when tracker was already started
12-07 15:36:11.901 E/TrackedObjectManager( 2832): Failed to connect to TrackedObjectService with error Status(-129, EX_TRANSACTION_FAILED): 'DEAD_OBJECT: '
12-07 15:36:11.901 E/TrackedObjectManager( 2832): Failed to start tracking keyboard object with error Status(-129, EX_TRANSACTION_FAILED): 'DEAD_OBJECT: '
12-07 15:36:11.915 E/TrackedObjectManager( 2832): Failed to connect to TrackedObjectService with error Status(-129, EX_TRANSACTION_FAILED): 'DEAD_OBJECT: '
12-07 15:36:11.915 W/OSDynamicObjectDataQuerier( 2832): Attempted to start tracking objects when tracker was already started
12-07 15:36:11.915 E/TrackedObjectManager( 2832): Failed to connect to TrackedObjectService with error Status(-129, EX_TRANSACTION_FAILED): 'DEAD_OBJECT: '
12-07 15:36:11.915 E/TrackedObjectManager( 2832): Failed to start tracking keyboard object with error Status(-129, EX_TRANSACTION_FAILED): 'DEAD_OBJECT: '
12-07 15:36:11.917 I/MRSS    ( 1157): MIXEDREALITY: EnvironmentDepthMetacapability: processTelemetry client com.oculus.vrshell state true aggregated 1
12-07 15:36:11.929 I/UnifiedTelemetryWrapper( 5455): WARNING: Attempting to create Telemetry Event while Handler is null; telemetry will not be recorded for the event: [6]
12-07 15:36:11.929 I/OpenXR_ClientState( 5455): [OATS]: IP changed: unknown/interaction_profiles/meta/touch_controller_plus, 6
12-07 15:36:11.929 I/UnifiedTelemetryWrapper( 5455): WARNING: Attempting to create Telemetry Event while Handler is null; telemetry will not be recorded for the event: [-1]
12-07 15:36:11.929 I/OpenXR_ClientState( 5455): [OATS]: IP changed: /user/hand/left/interaction_profiles/meta/touch_controller_plus, -1
12-07 15:36:11.929 E/TrackedObjectManager( 2832): Failed to connect to TrackedObjectService with error Status(-129, EX_TRANSACTION_FAILED): 'DEAD_OBJECT: '
12-07 15:36:11.929 W/OSDynamicObjectDataQuerier( 2832): Attempted to start tracking objects when tracker was already started
12-07 15:36:11.929 E/TrackedObjectManager( 2832): Failed to connect to TrackedObjectService with error Status(-129, EX_TRANSACTION_FAILED): 'DEAD_OBJECT: '
12-07 15:36:11.929 E/TrackedObjectManager( 2832): Failed to start tracking keyboard object with error Status(-129, EX_TRANSACTION_FAILED): 'DEAD_OBJECT: '
12-07 15:36:11.943 E/TrackedObjectManager( 2832): Failed to connect to TrackedObjectService with error Status(-129, EX_TRANSACTION_FAILED): 'DEAD_OBJECT: '
12-07 15:36:11.943 W/OSDynamicObjectDataQuerier( 2832): Attempted to start tracking objects when tracker was already started
12-07 15:36:11.943 E/TrackedObjectManager( 2832): Failed to connect to TrackedObjectService with error Status(-129, EX_TRANSACTION_FAILED): 'DEAD_OBJECT: '
12-07 15:36:11.943 E/TrackedObjectManager( 2832): Failed to start tracking keyboard object with error Status(-129, EX_TRANSACTION_FAILED): 'DEAD_OBJECT: '
12-07 15:36:11.944 I/GraphicsGovernor( 2832): Dynamic Foveation Lvl 3, Min Foveation Lvl 3, DynRes Enabled 1, DynRes Scaler 1.000000
12-07 15:36:11.957 E/TrackedObjectManager( 2832): Failed to connect to TrackedObjectService with error Status(-129, EX_TRANSACTION_FAILED): 'DEAD_OBJECT: '
12-07 15:36:11.957 W/OSDynamicObjectDataQuerier( 2832): Attempted to start tracking objects when tracker was already started
12-07 15:36:11.957 E/TrackedObjectManager( 2832): Failed to connect to TrackedObjectService with error Status(-129, EX_TRANSACTION_FAILED): 'DEAD_OBJECT: '
12-07 15:36:11.957 E/TrackedObjectManager( 2832): Failed to start tracking keyboard object with error Status(-129, EX_TRANSACTION_FAILED): 'DEAD_OBJECT: '
12-07 15:36:11.971 E/TrackedObjectManager( 2832): Failed to connect to TrackedObjectService with error Status(-129, EX_TRANSACTION_FAILED): 'DEAD_OBJECT: '
12-07 15:36:11.971 W/OSDynamicObjectDataQuerier( 2832): Attempted to start tracking objects when tracker was already started
12-07 15:36:11.971 E/TrackedObjectManager( 2832): Failed to connect to TrackedObjectService with error Status(-129, EX_TRANSACTION_FAILED): 'DEAD_OBJECT: '
12-07 15:36:11.971 E/TrackedObjectManager( 2832): Failed to start tracking keyboard object with error Status(-129, EX_TRANSACTION_FAILED): 'DEAD_OBJECT: '
12-07 15:36:11.985 E/TrackedObjectManager( 2832): Failed to connect to TrackedObjectService with error Status(-129, EX_TRANSACTION_FAILED): 'DEAD_OBJECT: '
12-07 15:36:11.985 W/OSDynamicObjectDataQuerier( 2832): Attempted to start tracking objects when tracker was already started
12-07 15:36:11.985 E/TrackedObjectManager( 2832): Failed to connect to TrackedObjectService with error Status(-129, EX_TRANSACTION_FAILED): 'DEAD_OBJECT: '
12-07 15:36:11.985 E/TrackedObjectManager( 2832): Failed to start tracking keyboard object with error Status(-129, EX_TRANSACTION_FAILED): 'DEAD_OBJECT: '
12-07 15:36:11.999 E/TrackedObjectManager( 2832): Failed to connect to TrackedObjectService with error Status(-129, EX_TRANSACTION_FAILED): 'DEAD_OBJECT: '
12-07 15:36:11.999 W/OSDynamicObjectDataQuerier( 2832): Attempted to start tracking objects when tracker was already started
12-07 15:36:11.999 E/TrackedObjectManager( 2832): Failed to connect to TrackedObjectService with error Status(-129, EX_TRANSACTION_FAILED): 'DEAD_OBJECT: '
12-07 15:36:11.999 E/TrackedObjectManager( 2832): Failed to start tracking keyboard object with error Status(-129, EX_TRANSACTION_FAILED): 'DEAD_OBJECT: '
12-07 15:36:12.012 E/TrackedObjectManager( 2832): Failed to connect to TrackedObjectService with error Status(-129, EX_TRANSACTION_FAILED): 'DEAD_OBJECT: '
12-07 15:36:12.012 W/OSDynamicObjectDataQuerier( 2832): Attempted to start tracking objects when tracker was already started
12-07 15:36:12.012 E/TrackedObjectManager( 2832): Failed to connect to TrackedObjectService with error Status(-129, EX_TRANSACTION_FAILED): 'DEAD_OBJECT: '
12-07 15:36:12.012 E/TrackedObjectManager( 2832): Failed to start tracking keyboard object with error Status(-129, EX_TRANSACTION_FAILED): 'DEAD_OBJECT: '
12-07 15:36:12.026 E/TrackedObjectManager( 2832): Failed to connect to TrackedObjectService with error Status(-129, EX_TRANSACTION_FAILED): 'DEAD_OBJECT: '
12-07 15:36:12.026 W/OSDynamicObjectDataQuerier( 2832): Attempted to start tracking objects when tracker was already started
12-07 15:36:12.026 E/TrackedObjectManager( 2832): Failed to connect to TrackedObjectService with error Status(-129, EX_TRANSACTION_FAILED): 'DEAD_OBJECT: '
12-07 15:36:12.026 E/TrackedObjectManager( 2832): Failed to start tracking keyboard object with error Status(-129, EX_TRANSACTION_FAILED): 'DEAD_OBJECT: '
12-07 15:36:12.040 E/TrackedObjectManager( 2832): Failed to connect to TrackedObjectService with error Status(-129, EX_TRANSACTION_FAILED): 'DEAD_OBJECT: '
12-07 15:36:12.040 W/OSDynamicObjectDataQuerier( 2832): Attempted to start tracking objects when tracker was already started
12-07 15:36:12.040 E/TrackedObjectManager( 2832): Failed to connect to TrackedObjectService with error Status(-129, EX_TRANSACTION_FAILED): 'DEAD_OBJECT: '
12-07 15:36:12.040 E/TrackedObjectManager( 2832): Failed to start tracking keyboard object with error Status(-129, EX_TRANSACTION_FAILED): 'DEAD_OBJECT: '
12-07 15:36:12.045 I/OpenXR_Anchor( 3469): xrQuerySpacesFB: no split anchor query enabled
12-07 15:36:12.045 I/[CT]    ( 3469): SP:AF:InsightAnchorApi: QueryAnchorSpaces loadAndQueryAvailableAnchors flow. (task start) duration: 0.000000000 [sec], flags: 44, location: StorageLocation::LOCAL(1), method: 1, request: 5350, source: SourceType::LIVE_TRACKER(1)
12-07 15:36:12.045 I/[CT]    ( 3469): RuntimeIpcHelper: RuntimeIpcClient::CALL_RPC isAsync: true, func: loadAvailableAnchors
12-07 15:36:12.046 I/[CT]    ( 4885): SP:AP:AnchorPersistenceRuntimeIpcServer: checkRPC start: sessionUuid:1e3ba3f0-dfb6-0aba-a69b-b18fb253c69c, clientId:2367474718, givenPackageName:com.oculus.vrshell
12-07 15:36:12.047 I/[CT]    ( 4885): SP:AP:AnchorPersistenceRuntimeIpcServer: checkPackageAccess - detectedPackageName:com.oculus.vrshell, detectedProcessName:com.oculus.vrshell, givenPackageName:com.oculus.vrshell
12-07 15:36:12.047 I/[CT]    ( 4885): SP:AP:AnchorPersistenceRuntimeIpcServer: checkRPC package name matches: sessionUuid:1e3ba3f0-dfb6-0aba-a69b-b18fb253c69c, clientId:2367474718, givenPackageName:com.oculus.vrshell, detectedPackageName:com.oculus.vrshell, detectedProcessName:com.oculus.vrshell
12-07 15:36:12.047 I/[CT]    ( 4885): SP:AP:AnchorPersistenceRuntimeIpcServer: queryAvailableAnchorsSMV2: clientId: 2367474718, maxAnchors: 500, filter: 0, queryMultipleRoomsEnabledByOpenXrVersion: true, source: 1, appId: com.oculus.vrshell
12-07 15:36:12.047 I/[CT]    ( 4885): SP:SM:SceneManager: queryAvailableAnchors: maxAnchors: 500, filter: 0, queryMultipleRoomsEnabledByOpenXrVersion: true, source: 1, appId: com.oculus.vrshell
12-07 15:36:12.047 I/[CT]    ( 4885): SP:AP:AnchorPersistenceConfig: getSceneRuntimePermissionEnabled: USE_SCENE permission is enabled on this device
12-07 15:36:12.047 I/[CT]    ( 4885): SP:AP:AnchorPersistenceScenePermissions: hasClientGrantedScenePermission: USE_SCENE permission is enabled on this device, check client 2367474718, grant is true
12-07 15:36:12.047 I/[CT]    ( 4885): SP:AP:AnchorPersistenceConfig: getSceneRuntimePermissionEnabled: USE_SCENE permission is enabled on this device
12-07 15:36:12.048 I/[CT]    ( 4885): SP:SceneAnchorFilterUtil: filterSceneDataByPermission: com.oculus.vrshell permission check passed, keep scene data. anchors size: 0
12-07 15:36:12.048 I/[CT]    ( 3469): SP:AF:InsightAnchorApi: QueryAnchorSpaces (task finish) returnCode: AnchorResultCode::SUCCESS(0), numSpacesFound: 0, spacesFoundUuids: [], duration: 0.000000000 [sec], flags: 44, location: 1, method: 1, request: 5350
12-07 15:36:12.054 E/TrackedObjectManager( 2832): Failed to connect to TrackedObjectService with error Status(-129, EX_TRANSACTION_FAILED): 'DEAD_OBJECT: '
12-07 15:36:12.054 W/OSDynamicObjectDataQuerier( 2832): Attempted to start tracking objects when tracker was already started
12-07 15:36:12.054 E/TrackedObjectManager( 2832): Failed to connect to TrackedObjectService with error Status(-129, EX_TRANSACTION_FAILED): 'DEAD_OBJECT: '
12-07 15:36:12.054 E/TrackedObjectManager( 2832): Failed to start tracking keyboard object with error Status(-129, EX_TRANSACTION_FAILED): 'DEAD_OBJECT: '
12-07 15:36:12.061 I/[CT]    ( 3469): SP:TREX:SpatialPersistencePlugin: Event type: 6
12-07 15:36:12.061 I/TREX    ( 3469): Spatial Persistence event: QuerySpacesFinish
12-07 15:36:12.068 E/TrackedObjectManager( 2832): Failed to connect to TrackedObjectService with error Status(-129, EX_TRANSACTION_FAILED): 'DEAD_OBJECT: '
12-07 15:36:12.068 W/OSDynamicObjectDataQuerier( 2832): Attempted to start tracking objects when tracker was already started
12-07 15:36:12.068 E/TrackedObjectManager( 2832): Failed to connect to TrackedObjectService with error Status(-129, EX_TRANSACTION_FAILED): 'DEAD_OBJECT: '
12-07 15:36:12.068 E/TrackedObjectManager( 2832): Failed to start tracking keyboard object with error Status(-129, EX_TRANSACTION_FAILED): 'DEAD_OBJECT: '
12-07 15:36:12.082 E/TrackedObjectManager( 2832): Failed to connect to TrackedObjectService with error Status(-129, EX_TRANSACTION_FAILED): 'DEAD_OBJECT: '
12-07 15:36:12.082 W/OSDynamicObjectDataQuerier( 2832): Attempted to start tracking objects when tracker was already started
12-07 15:36:12.082 E/TrackedObjectManager( 2832): Failed to connect to TrackedObjectService with error Status(-129, EX_TRANSACTION_FAILED): 'DEAD_OBJECT: '
12-07 15:36:12.082 E/TrackedObjectManager( 2832): Failed to start tracking keyboard object with error Status(-129, EX_TRANSACTION_FAILED): 'DEAD_OBJECT: '
12-07 15:36:12.096 E/TrackedObjectManager( 2832): Failed to connect to TrackedObjectService with error Status(-129, EX_TRANSACTION_FAILED): 'DEAD_OBJECT: '
12-07 15:36:12.096 W/OSDynamicObjectDataQuerier( 2832): Attempted to start tracking objects when tracker was already started
12-07 15:36:12.096 E/TrackedObjectManager( 2832): Failed to connect to TrackedObjectService with error Status(-129, EX_TRANSACTION_FAILED): 'DEAD_OBJECT: '
12-07 15:36:12.096 E/TrackedObjectManager( 2832): Failed to start tracking keyboard object with error Status(-129, EX_TRANSACTION_FAILED): 'DEAD_OBJECT: '
12-07 15:36:12.110 E/TrackedObjectManager( 2832): Failed to connect to TrackedObjectService with error Status(-129, EX_TRANSACTION_FAILED): 'DEAD_OBJECT: '
12-07 15:36:12.110 W/OSDynamicObjectDataQuerier( 2832): Attempted to start tracking objects when tracker was already started
12-07 15:36:12.110 E/TrackedObjectManager( 2832): Failed to connect to TrackedObjectService with error Status(-129, EX_TRANSACTION_FAILED): 'DEAD_OBJECT: '
12-07 15:36:12.110 E/TrackedObjectManager( 2832): Failed to start tracking keyboard object with error Status(-129, EX_TRANSACTION_FAILED): 'DEAD_OBJECT: '
12-07 15:36:12.124 E/TrackedObjectManager( 2832): Failed to connect to TrackedObjectService with error Status(-129, EX_TRANSACTION_FAILED): 'DEAD_OBJECT: '
12-07 15:36:12.124 W/OSDynamicObjectDataQuerier( 2832): Attempted to start tracking objects when tracker was already started
12-07 15:36:12.124 E/TrackedObjectManager( 2832): Failed to connect to TrackedObjectService with error Status(-129, EX_TRANSACTION_FAILED): 'DEAD_OBJECT: '
12-07 15:36:12.124 E/TrackedObjectManager( 2832): Failed to start tracking keyboard object with error Status(-129, EX_TRANSACTION_FAILED): 'DEAD_OBJECT: '
12-07 15:36:12.131 I/GuardianRender( 5455): GuardianRender::ProcessFrameBufferChanges: memory conservation state changed 1 -> 2
12-07 15:36:12.131 I/GuardianRender( 5455): GuardianRender::ProcessFrameBufferChanges: 1600 -> 1024 ; 1 -> 1
12-07 15:36:12.131 W/RuntimeTelemetryThread( 5455): [OpenXR] frame call order invalid; 
12-07 15:36:12.131 I/OpenXRHelpers( 5455): OpenXR error: xrBeginFrame(session_, &beginFrameDesc): XR_ERROR_CALL_ORDER_INVALID
12-07 15:36:12.131 W/RuntimeTelemetryThread( 5455): [OpenXR] xrEndFrame: Invalid frame call; 2
12-07 15:36:12.131 I/OpenXRHelpers( 5455): OpenXR error: xrEndFrame(session_, &endFrameInfo): XR_ERROR_CALL_ORDER_INVALID
12-07 15:36:12.131 I/GuardianRender( 5455): Rebuilding framebuffers! Normal
12-07 15:36:12.131 I/GuardianFramebuffer( 5455): GuardianRender::Framebuffer_Destroy: destroying framebuffers
12-07 15:36:12.132 I/OpenXR_GPUMemTrace( 5455): Swapchain deletion destroy id=3492, idx=0
12-07 15:36:12.132 I/OpenXR_GPUMemTrace( 5455): Swapchain deletion destroy id=3492, idx=1
12-07 15:36:12.133 I/VrRuntimeService( 2832): DestroySwapChain: swapchain=3492
12-07 15:36:12.133 I/OpenXR_GPUMemTrace( 5455): Swapchain deletion destroy id=3493, idx=0
12-07 15:36:12.133 I/OpenXR_GPUMemTrace( 5455): Swapchain deletion destroy id=3493, idx=1
12-07 15:36:12.133 I/VrRuntimeService( 2832): DestroySwapChain: swapchain=3493
12-07 15:36:12.133 I/GuardianFramebuffer( 5455): GuardianRender::Framebuffer_Create: W: 1024, H: 1024
12-07 15:36:12.133 I/VrRuntimeService( 2832): CreateSwapChain: 2641592393
12-07 15:36:12.133 I/VrRuntimeService( 2832): CreateSwapChain: api:gles 2 0x8c43 1024 1024 1 2 2 0 3
12-07 15:36:12.135 I/@@@     ( 2832): surface: SUCCESS posting result to queue
12-07 15:36:12.135 I/CompositorServer( 2832): CreateTextureSwapChain: result importswapchainfromdevice 1
12-07 15:36:12.136 I/OpenXR_GPUMemTrace( 5455): Swapchain creation, id=3505, idx=0, width: 1024, height: 1024, array size: 2, MemoryAllocationSize: 8229 KB
12-07 15:36:12.136 I/OpenXR_GPUMemTrace( 5455): Swapchain creation, id=3505, idx=1, width: 1024, height: 1024, array size: 2, MemoryAllocationSize: 8229 KB
12-07 15:36:12.137 I/VrRuntimeService( 2832): CreateSwapChain: 2641592393
12-07 15:36:12.137 I/VrRuntimeService( 2832): CreateSwapChain: api:gles 2 0x81a5 1024 1024 1 2 2 0 18
12-07 15:36:12.137 E/TrackedObjectManager( 2832): Failed to connect to TrackedObjectService with error Status(-129, EX_TRANSACTION_FAILED): 'DEAD_OBJECT: '
12-07 15:36:12.137 W/OSDynamicObjectDataQuerier( 2832): Attempted to start tracking objects when tracker was already started
12-07 15:36:12.137 E/TrackedObjectManager( 2832): Failed to connect to TrackedObjectService with error Status(-129, EX_TRANSACTION_FAILED): 'DEAD_OBJECT: '
12-07 15:36:12.137 E/TrackedObjectManager( 2832): Failed to start tracking keyboard object with error Status(-129, EX_TRANSACTION_FAILED): 'DEAD_OBJECT: '
12-07 15:36:12.138 I/@@@     ( 2832): surface: SUCCESS posting result to queue
12-07 15:36:12.139 I/CompositorServer( 2832): CreateTextureSwapChain: result importswapchainfromdevice 1
12-07 15:36:12.140 I/OpenXR_GPUMemTrace( 5455): Swapchain creation, id=3506, idx=0, width: 1024, height: 1024, array size: 2, MemoryAllocationSize: 4133 KB
12-07 15:36:12.140 I/OpenXR_GPUMemTrace( 5455): Swapchain creation, id=3506, idx=1, width: 1024, height: 1024, array size: 2, MemoryAllocationSize: 4133 KB
12-07 15:36:12.140 I/GuardianFramebuffer( 5455): GuardianRender::Framebuffer_Create SUCCESS
12-07 15:36:12.140 W/RuntimeTelemetryThread( 5455): [OpenXR] xrEndFrame: Invalid frame call; 2
12-07 15:36:12.140 I/OpenXRHelpers( 5455): OpenXR error: xrEndFrame(session_, &endFrameInfo): XR_ERROR_CALL_ORDER_INVALID
12-07 15:36:12.151 E/TrackedObjectManager( 2832): Failed to connect to TrackedObjectService with error Status(-129, EX_TRANSACTION_FAILED): 'DEAD_OBJECT: '
12-07 15:36:12.151 W/OSDynamicObjectDataQuerier( 2832): Attempted to start tracking objects when tracker was already started
12-07 15:36:12.151 E/TrackedObjectManager( 2832): Failed to connect to TrackedObjectService with error Status(-129, EX_TRANSACTION_FAILED): 'DEAD_OBJECT: '
12-07 15:36:12.151 E/TrackedObjectManager( 2832): Failed to start tracking keyboard object with error Status(-129, EX_TRANSACTION_FAILED): 'DEAD_OBJECT: '
12-07 15:36:12.165 E/TrackedObjectManager( 2832): Failed to connect to TrackedObjectService with error Status(-129, EX_TRANSACTION_FAILED): 'DEAD_OBJECT: '
12-07 15:36:12.165 W/OSDynamicObjectDataQuerier( 2832): Attempted to start tracking objects when tracker was already started
12-07 15:36:12.165 E/TrackedObjectManager( 2832): Failed to connect to TrackedObjectService with error Status(-129, EX_TRANSACTION_FAILED): 'DEAD_OBJECT: '
12-07 15:36:12.165 E/TrackedObjectManager( 2832): Failed to start tracking keyboard object with error Status(-129, EX_TRANSACTION_FAILED): 'DEAD_OBJECT: '
12-07 15:36:12.179 E/TrackedObjectManager( 2832): Failed to connect to TrackedObjectService with error Status(-129, EX_TRANSACTION_FAILED): 'DEAD_OBJECT: '
12-07 15:36:12.179 W/OSDynamicObjectDataQuerier( 2832): Attempted to start tracking objects when tracker was already started
12-07 15:36:12.179 E/TrackedObjectManager( 2832): Failed to connect to TrackedObjectService with error Status(-129, EX_TRANSACTION_FAILED): 'DEAD_OBJECT: '
12-07 15:36:12.179 E/TrackedObjectManager( 2832): Failed to start tracking keyboard object with error Status(-129, EX_TRANSACTION_FAILED): 'DEAD_OBJECT: '
12-07 15:36:12.184 V/CompositorUtil( 2832): TryDelete: Deleting 2 swapchains
12-07 15:36:12.184 V/Context ( 2832): QueryVersion() - Context Version: 3.2
12-07 15:36:12.184 V/CompositorUtil( 2832): SwapChainDeferDeletion: destroying texture swap chain id=3492 ptr=0x75b8d43200, client id=5
12-07 15:36:12.185 I/SwapChain_Vulkan_Foveated( 2832): CreateTextureSwapChainFoveationVulkan: Destroyed foveation resources
12-07 15:36:12.185 V/CompositorUtil( 2832): SwapChainDeferDeletion: destroying texture swap chain id=3493 ptr=0x75b8d62000, client id=5
12-07 15:36:12.186 I/SwapChain_Vulkan_Foveated( 2832): CreateTextureSwapChainFoveationVulkan: Destroyed foveation resources
12-07 15:36:12.186 I/Vsync   ( 2832): Vsync 736:  2 x 13.89 ms (72.00 Hz, at 139690.867)
12-07 15:36:12.193 E/TrackedObjectManager( 2832): Failed to connect to TrackedObjectService with error Status(-129, EX_TRANSACTION_FAILED): 'DEAD_OBJECT: '
12-07 15:36:12.193 W/OSDynamicObjectDataQuerier( 2832): Attempted to start tracking objects when tracker was already started
12-07 15:36:12.193 E/TrackedObjectManager( 2832): Failed to connect to TrackedObjectService with error Status(-129, EX_TRANSACTION_FAILED): 'DEAD_OBJECT: '
12-07 15:36:12.193 E/TrackedObjectManager( 2832): Failed to start tracking keyboard object with error Status(-129, EX_TRANSACTION_FAILED): 'DEAD_OBJECT: '
12-07 15:36:12.195 I/Tracking( 9368): Vega: [INSIGHTS] Mode=DescriptorVega,6DoF,Agg=9s,Inl=13,19,87,Mem=89.1,FrameDur=9.0,38.6,PoseLat=1.6,3.3,CamImuLat=21.3,30.5,Jit=0.0,0.1,Drops(Cam=0,IMU=0),MeanIr=18585.8,Exp(2.8ms,g=2,I=64)(2.8ms,g=2,I=64)(2.7ms,g=1,I=58)(2.6ms,g=1,I=58)(0.0ms,g=0)(0.0ms,g=0),NonInertEnv=n
12-07 15:36:12.207 E/TrackedObjectManager( 2832): Failed to connect to TrackedObjectService with error Status(-129, EX_TRANSACTION_FAILED): 'DEAD_OBJECT: '
12-07 15:36:12.207 W/OSDynamicObjectDataQuerier( 2832): Attempted to start tracking objects when tracker was already started
12-07 15:36:12.207 E/TrackedObjectManager( 2832): Failed to connect to TrackedObjectService with error Status(-129, EX_TRANSACTION_FAILED): 'DEAD_OBJECT: '
12-07 15:36:12.207 E/TrackedObjectManager( 2832): Failed to start tracking keyboard object with error Status(-129, EX_TRANSACTION_FAILED): 'DEAD_OBJECT: '
12-07 15:36:12.221 E/TrackedObjectManager( 2832): Failed to connect to TrackedObjectService with error Status(-129, EX_TRANSACTION_FAILED): 'DEAD_OBJECT: '
12-07 15:36:12.221 W/OSDynamicObjectDataQuerier( 2832): Attempted to start tracking objects when tracker was already started
12-07 15:36:12.221 E/TrackedObjectManager( 2832): Failed to connect to TrackedObjectService with error Status(-129, EX_TRANSACTION_FAILED): 'DEAD_OBJECT: '
12-07 15:36:12.221 E/TrackedObjectManager( 2832): Failed to start tracking keyboard object with error Status(-129, EX_TRANSACTION_FAILED): 'DEAD_OBJECT: '
12-07 15:36:12.235 E/TrackedObjectManager( 2832): Failed to connect to TrackedObjectService with error Status(-129, EX_TRANSACTION_FAILED): 'DEAD_OBJECT: '
12-07 15:36:12.235 W/OSDynamicObjectDataQuerier( 2832): Attempted to start tracking objects when tracker was already started
12-07 15:36:12.235 E/TrackedObjectManager( 2832): Failed to connect to TrackedObjectService with error Status(-129, EX_TRANSACTION_FAILED): 'DEAD_OBJECT: '
12-07 15:36:12.235 E/TrackedObjectManager( 2832): Failed to start tracking keyboard object with error Status(-129, EX_TRANSACTION_FAILED): 'DEAD_OBJECT: '
12-07 15:36:12.249 E/TrackedObjectManager( 2832): Failed to connect to TrackedObjectService with error Status(-129, EX_TRANSACTION_FAILED): 'DEAD_OBJECT: '
12-07 15:36:12.249 W/OSDynamicObjectDataQuerier( 2832): Attempted to start tracking objects when tracker was already started
12-07 15:36:12.249 E/TrackedObjectManager( 2832): Failed to connect to TrackedObjectService with error Status(-129, EX_TRANSACTION_FAILED): 'DEAD_OBJECT: '
12-07 15:36:12.249 E/TrackedObjectManager( 2832): Failed to start tracking keyboard object with error Status(-129, EX_TRANSACTION_FAILED): 'DEAD_OBJECT: '
12-07 15:36:12.255 E/libsensortelemetry( 9363): imu samples delayed: 5959375ns capture to arrival (ERS limit: 3500000ns)
12-07 15:36:12.262 E/TrackedObjectManager( 2832): Failed to connect to TrackedObjectService with error Status(-129, EX_TRANSACTION_FAILED): 'DEAD_OBJECT: '
12-07 15:36:12.262 W/OSDynamicObjectDataQuerier( 2832): Attempted to start tracking objects when tracker was already started
12-07 15:36:12.262 E/TrackedObjectManager( 2832): Failed to connect to TrackedObjectService with error Status(-129, EX_TRANSACTION_FAILED): 'DEAD_OBJECT: '
12-07 15:36:12.262 E/TrackedObjectManager( 2832): Failed to start tracking keyboard object with error Status(-129, EX_TRANSACTION_FAILED): 'DEAD_OBJECT: '
12-07 15:36:12.276 E/TrackedObjectManager( 2832): Failed to connect to TrackedObjectService with error Status(-129, EX_TRANSACTION_FAILED): 'DEAD_OBJECT: '
12-07 15:36:12.276 W/OSDynamicObjectDataQuerier( 2832): Attempted to start tracking objects when tracker was already started
12-07 15:36:12.276 E/TrackedObjectManager( 2832): Failed to connect to TrackedObjectService with error Status(-129, EX_TRANSACTION_FAILED): 'DEAD_OBJECT: '
12-07 15:36:12.276 E/TrackedObjectManager( 2832): Failed to start tracking keyboard object with error Status(-129, EX_TRANSACTION_FAILED): 'DEAD_OBJECT: '
12-07 15:36:12.290 E/TrackedObjectManager( 2832): Failed to connect to TrackedObjectService with error Status(-129, EX_TRANSACTION_FAILED): 'DEAD_OBJECT: '
12-07 15:36:12.290 W/OSDynamicObjectDataQuerier( 2832): Attempted to start tracking objects when tracker was already started
12-07 15:36:12.290 E/TrackedObjectManager( 2832): Failed to connect to TrackedObjectService with error Status(-129, EX_TRANSACTION_FAILED): 'DEAD_OBJECT: '
12-07 15:36:12.290 E/TrackedObjectManager( 2832): Failed to start tracking keyboard object with error Status(-129, EX_TRANSACTION_FAILED): 'DEAD_OBJECT: '
12-07 15:36:12.294 I/Shell   ( 3469): add cursor: 804451821 (new count: 1)
12-07 15:36:12.298 W/FbnsServiceDelegate( 3469): notifications 100 size limit reached
12-07 15:36:12.301 W/ProcessStats( 1971): Tracking association SourceState{411af3 com.oculus.ocms/10068 BTop #122086} whose proc state 2 is better than process ProcessState{5ce4b1 com.oculus.quickplayservice/1000 pkg=com.oculus.quickplayservice} proc state 14 (578 skipped)
12-07 15:36:12.304 E/TrackedObjectManager( 2832): Failed to connect to TrackedObjectService with error Status(-129, EX_TRANSACTION_FAILED): 'DEAD_OBJECT: '
12-07 15:36:12.304 W/OSDynamicObjectDataQuerier( 2832): Attempted to start tracking objects when tracker was already started
12-07 15:36:12.304 E/TrackedObjectManager( 2832): Failed to connect to TrackedObjectService with error Status(-129, EX_TRANSACTION_FAILED): 'DEAD_OBJECT: '
12-07 15:36:12.304 E/TrackedObjectManager( 2832): Failed to start tracking keyboard object with error Status(-129, EX_TRANSACTION_FAILED): 'DEAD_OBJECT: '
12-07 15:36:12.305 V/ActivityManager( 1971): bindService: Intent { act=com.oculus.vrshell.notifications.aidl.WAYPOINT_METRIC pkg=com.oculus.vrshell } type=null conn=android.os.BinderProxy@f5334e8 flags=0x1
12-07 15:36:12.308 I/VrFbnsCallbackHandler( 3469): No-op action FBNS_LITE_NOTIFICATION_RECEIVED passed to reportEvent
12-07 15:36:12.308 I/VrFbnsCallbackHandler( 3469): Received notification with intent=Intent { act=com.facebook.rti.fbns.intent.RECEIVE cat=[com.oculus.vrshell] flg=0x30 pkg=com.oculus.vrshell cmp=com.oculus.vrshell/.notifications.fbns.VrFbnsCallbackHandler (has extras) }
12-07 15:36:12.309 D/VrFbnsEventLogger( 3469): Connected to the waypoint metric service.
12-07 15:36:12.312 D/VrFbnsCallbackHandler( 3469): Notification type: oc_core_app_data
12-07 15:36:12.315 E/perfservice(  872): End applying 'END_HINT' from hint 'LAUNCH' - Failed after 5 retries - Latency: 0.659ms
12-07 15:36:12.315 E/perfservice(  872):   >> Failed final validation: /sys/block/dm-0/queue/read_ahead_kb=512
12-07 15:36:12.315 E/perfservice(  872):   >> Failed final validation: /sys/block/dm-1/queue/read_ahead_kb=512
12-07 15:36:12.315 D/VrFbnsCallbackHandler( 3469): Notification being handled by Channels 0P business logic
12-07 15:36:12.315 D/VrFbnsCallbackHandler( 3469): Notification is data only
12-07 15:36:12.315 V/SilentPayloadManager( 3469): Attempting to send to com.oculus.ocms
12-07 15:36:12.316 V/SilentPayloadManager( 3469): Successfully sent payload to com.oculus.ocms
12-07 15:36:12.317 D/OCMSPushReceiver(27119): Received message 116 times
12-07 15:36:12.317 I/OCMSPushReceiver(27119): Action: oc_core_app_data, Payload: {
12-07 15:36:12.317 I/OCMSPushReceiver(27119): "data_only":true
12-07 15:36:12.317 I/OCMSPushReceiver(27119): "apk_to_send_payload":"com.oculus.ocms"
12-07 15:36:12.317 I/OCMSPushReceiver(27119): "application_id":826037204154824
12-07 15:36:12.317 I/OCMSPushReceiver(27119): "message_type":"oculus_standalone_pha_notification"
12-07 15:36:12.317 I/OCMSPushReceiver(27119): "payload":"\"package_pha_info_list\":[\"package_hash\":\"ea8f88ec75bca830ee01bf9eca50f8ca6742cfa94dd980fb45cfc8c97582c0c6\"
12-07 15:36:12.317 I/OCMSPushReceiver(27119): \"package_id\":\"com.example.moonlight_spatialsdk\"
12-07 15:36:12.317 I/OCMSPushReceiver(27119): \"pha_category\":\"\"
12-07 15:36:12.317 I/OCMSPushReceiver(27119): \"pha_verdict\":\"RUNNING\"
12-07 15:36:12.317 I/OCMSPushReceiver(27119): \"should_upload\":true]
12-07 15:36:12.317 I/OCMSPushReceiver(27119): \"ts_ms\":1765150553"
12-07 15:36:12.317 I/OCMSPushReceiver(27119): "is_in_feed":"0"
12-07 15:36:12.317 I/OCMSPushReceiver(27119): "high_priority":false
12-07 15:36:12.317 I/OCMSPushReceiver(27119): "can_auto_group":true
12-07 15:36:12.317 I/OCMSPushReceiver(27119): "app_package_name":"com.oculus.store"
12-07 15:36:12.317 I/OCMSPushReceiver(27119): }
12-07 15:36:12.317 D/OCMSPushReceiver(27119): PHA notification message received, notifying AppSafety
12-07 15:36:12.317 D/VrFbnsCallbackHandler( 3469): Silent payload successfully sent by SilentPayloadManager
12-07 15:36:12.318 E/TrackedObjectManager( 2832): Failed to connect to TrackedObjectService with error Status(-129, EX_TRANSACTION_FAILED): 'DEAD_OBJECT: '
12-07 15:36:12.318 W/OSDynamicObjectDataQuerier( 2832): Attempted to start tracking objects when tracker was already started
12-07 15:36:12.318 E/TrackedObjectManager( 2832): Failed to connect to TrackedObjectService with error Status(-129, EX_TRANSACTION_FAILED): 'DEAD_OBJECT: '
12-07 15:36:12.318 E/TrackedObjectManager( 2832): Failed to start tracking keyboard object with error Status(-129, EX_TRANSACTION_FAILED): 'DEAD_OBJECT: '
12-07 15:36:12.322 D/PHANotificationReceiver( 5043): Received PHANotificationReceiver intent
12-07 15:36:12.322 D/PHANotificationReceiver( 5043): Received PHANotificationReceiver received payload: {"package_pha_info_list":[{"package_hash":"ea8f88ec75bca830ee01bf9eca50f8ca6742cfa94dd980fb45cfc8c97582c0c6","package_id":"com.example.moonlight_spatialsdk","pha_category":"","pha_verdict":"RUNNING","should_upload":true}],"ts_ms":1765150553}
12-07 15:36:12.323 I/VrGuardianService( 5455): com.oculus.vrshell -> GuardianSDKServer::SetGuardianHitDialog 1
12-07 15:36:12.332 I/GuardianMapDataMgr( 5455): [GuardianMapDataMgr::UpdateErrorStatusAnchorDataAndPose] world updating because worldfromanchor threshold passed
12-07 15:36:12.332 E/TrackedObjectManager( 2832): Failed to connect to TrackedObjectService with error Status(-129, EX_TRANSACTION_FAILED): 'DEAD_OBJECT: '
12-07 15:36:12.332 W/OSDynamicObjectDataQuerier( 2832): Attempted to start tracking objects when tracker was already started
12-07 15:36:12.332 E/TrackedObjectManager( 2832): Failed to connect to TrackedObjectService with error Status(-129, EX_TRANSACTION_FAILED): 'DEAD_OBJECT: '
12-07 15:36:12.332 E/TrackedObjectManager( 2832): Failed to start tracking keyboard object with error Status(-129, EX_TRANSACTION_FAILED): 'DEAD_OBJECT: '
12-07 15:36:12.332 I/VrRuntimeService( 2832): RuntimeServiceSDKServer::SetGuardianPolygon: 257502498, 614
12-07 15:36:12.333 I/Guardian( 2832): SetPolygon: 614
12-07 15:36:12.333 I/VrRuntimeService( 2832): RuntimeServiceSDKServer::SetGuardianStationaryInfo: 257502498
12-07 15:36:12.342 I/VD628x  (  884): Flicker results: freq 120.000000, max 120.252274, dcr 59.483105, pct 0.001350, idx 0.000725, conf 0.028650, snr -15.269680, svm 0.001408, sus 0
12-07 15:36:12.346 E/TrackedObjectManager( 2832): Failed to connect to TrackedObjectService with error Status(-129, EX_TRANSACTION_FAILED): 'DEAD_OBJECT: '
12-07 15:36:12.346 W/OSDynamicObjectDataQuerier( 2832): Attempted to start tracking objects when tracker was already started
12-07 15:36:12.346 E/TrackedObjectManager( 2832): Failed to connect to TrackedObjectService with error Status(-129, EX_TRANSACTION_FAILED): 'DEAD_OBJECT: '
12-07 15:36:12.346 E/TrackedObjectManager( 2832): Failed to start tracking keyboard object with error Status(-129, EX_TRANSACTION_FAILED): 'DEAD_OBJECT: '
12-07 15:36:12.347 E/libsensortelemetry( 9368): imu_iot samples delayed: 6099843ns capture to arrival (ERS limit: 3500000ns)
12-07 15:36:12.360 E/TrackedObjectManager( 2832): Failed to connect to TrackedObjectService with error Status(-129, EX_TRANSACTION_FAILED): 'DEAD_OBJECT: '
12-07 15:36:12.360 W/OSDynamicObjectDataQuerier( 2832): Attempted to start tracking objects when tracker was already started
12-07 15:36:12.360 E/TrackedObjectManager( 2832): Failed to connect to TrackedObjectService with error Status(-129, EX_TRANSACTION_FAILED): 'DEAD_OBJECT: '
12-07 15:36:12.360 E/TrackedObjectManager( 2832): Failed to start tracking keyboard object with error Status(-129, EX_TRANSACTION_FAILED): 'DEAD_OBJECT: '
12-07 15:36:12.366 I/SpatialWindowResourceService( 1971): setWindowFrameRate() token: horizonos.view.VolumetricWindowToken$InternalVolumetricToken@bec2d56 framerate: 0.0
12-07 15:36:12.374 E/TrackedObjectManager( 2832): Failed to connect to TrackedObjectService with error Status(-129, EX_TRANSACTION_FAILED): 'DEAD_OBJECT: '
12-07 15:36:12.374 W/OSDynamicObjectDataQuerier( 2832): Attempted to start tracking objects when tracker was already started
12-07 15:36:12.374 E/TrackedObjectManager( 2832): Failed to connect to TrackedObjectService with error Status(-129, EX_TRANSACTION_FAILED): 'DEAD_OBJECT: '
12-07 15:36:12.374 E/TrackedObjectManager( 2832): Failed to start tracking keyboard object with error Status(-129, EX_TRANSACTION_FAILED): 'DEAD_OBJECT: '
12-07 15:36:12.378 I/TREX    ( 3469): Interface 'VirtualKeyboardClientInterface', version 1 was not found. Check debug build for more information.
12-07 15:36:12.379 I/Vsync   ( 2832): Vsync 750:  2 x 13.89 ms (72.00 Hz, at 139691.061)
12-07 15:36:12.387 E/TrackedObjectManager( 2832): Failed to connect to TrackedObjectService with error Status(-129, EX_TRANSACTION_FAILED): 'DEAD_OBJECT: '
12-07 15:36:12.387 W/OSDynamicObjectDataQuerier( 2832): Attempted to start tracking objects when tracker was already started
12-07 15:36:12.388 E/TrackedObjectManager( 2832): Failed to connect to TrackedObjectService with error Status(-129, EX_TRANSACTION_FAILED): 'DEAD_OBJECT: '
12-07 15:36:12.388 E/TrackedObjectManager( 2832): Failed to start tracking keyboard object with error Status(-129, EX_TRANSACTION_FAILED): 'DEAD_OBJECT: '
12-07 15:36:12.398 I/VrApi   ( 3469): FPS=72/72,Prd=28ms,Tear=0,Early=0,Stale=0,Stale2/5/10/max=0/0/0/0,VSnc=1,Lat=-1,Fov=3,CPU4/GPU=3/2,2361/285MHz,OC=3F,TA=0/0/0,SP=N/N/N,Mem=3196MHz,Free=3327MB,PLS=0,Temp=35.0C/0.0C,TW=2.48ms,App=0.84ms,GD=0.00ms,CPU&GPU=9.30ms,LCnt=5(DR0,LM3),GPU%=0.30,CPU%=0.39(W0.44),CFL=12.86/16.46,ICFLp95=15.70,LD=0,SF=1.00,LP=1,DVFS=0,ShrpLCnt=2,ShrpR=0.000,SSLCnt=1/2
12-07 15:36:12.401 E/TrackedObjectManager( 2832): Failed to connect to TrackedObjectService with error Status(-129, EX_TRANSACTION_FAILED): 'DEAD_OBJECT: '
12-07 15:36:12.401 W/OSDynamicObjectDataQuerier( 2832): Attempted to start tracking objects when tracker was already started
12-07 15:36:12.402 E/TrackedObjectManager( 2832): Failed to connect to TrackedObjectService with error Status(-129, EX_TRANSACTION_FAILED): 'DEAD_OBJECT: '
12-07 15:36:12.402 E/TrackedObjectManager( 2832): Failed to start tracking keyboard object with error Status(-129, EX_TRANSACTION_FAILED): 'DEAD_OBJECT: '
12-07 15:36:12.406 E/FrameSetCollator( 9363): [{COL:FOVPR}] 23 FrameSets had unexpected timestamps (in the last 1110.92ms). Ex: slot 0 86821189.445ms -> 86821203.405ms (observed period: 13.960ms, expected period: 13.888ms (0.072ms))
12-07 15:36:12.415 E/TrackedObjectManager( 2832): Failed to connect to TrackedObjectService with error Status(-129, EX_TRANSACTION_FAILED): 'DEAD_OBJECT: '
12-07 15:36:12.415 W/OSDynamicObjectDataQuerier( 2832): Attempted to start tracking objects when tracker was already started
12-07 15:36:12.415 E/TrackedObjectManager( 2832): Failed to connect to TrackedObjectService with error Status(-129, EX_TRANSACTION_FAILED): 'DEAD_OBJECT: '
12-07 15:36:12.415 E/TrackedObjectManager( 2832): Failed to start tracking keyboard object with error Status(-129, EX_TRANSACTION_FAILED): 'DEAD_OBJECT: '
12-07 15:36:12.429 E/TrackedObjectManager( 2832): Failed to connect to TrackedObjectService with error Status(-129, EX_TRANSACTION_FAILED): 'DEAD_OBJECT: '
12-07 15:36:12.429 W/OSDynamicObjectDataQuerier( 2832): Attempted to start tracking objects when tracker was already started
12-07 15:36:12.429 E/TrackedObjectManager( 2832): Failed to connect to TrackedObjectService with error Status(-129, EX_TRANSACTION_FAILED): 'DEAD_OBJECT: '
12-07 15:36:12.429 E/TrackedObjectManager( 2832): Failed to start tracking keyboard object with error Status(-129, EX_TRANSACTION_FAILED): 'DEAD_OBJECT: '
12-07 15:36:12.443 E/TrackedObjectManager( 2832): Failed to connect to TrackedObjectService with error Status(-129, EX_TRANSACTION_FAILED): 'DEAD_OBJECT: '
12-07 15:36:12.443 W/OSDynamicObjectDataQuerier( 2832): Attempted to start tracking objects when tracker was already started
12-07 15:36:12.443 E/TrackedObjectManager( 2832): Failed to connect to TrackedObjectService with error Status(-129, EX_TRANSACTION_FAILED): 'DEAD_OBJECT: '
12-07 15:36:12.443 E/TrackedObjectManager( 2832): Failed to start tracking keyboard object with error Status(-129, EX_TRANSACTION_FAILED): 'DEAD_OBJECT: '
12-07 15:36:12.457 E/TrackedObjectManager( 2832): Failed to connect to TrackedObjectService with error Status(-129, EX_TRANSACTION_FAILED): 'DEAD_OBJECT: '
12-07 15:36:12.457 W/OSDynamicObjectDataQuerier( 2832): Tracker stopped running without input server stopping it, attempting restart
12-07 15:36:12.457 W/OSDynamicObjectDataQuerier( 2832): Attempted to start tracking objects when tracker was already started
12-07 15:36:12.457 E/TrackedObjectManager( 2832): Failed to connect to TrackedObjectService with error Status(-129, EX_TRANSACTION_FAILED): 'DEAD_OBJECT: '
12-07 15:36:12.457 E/TrackedObjectManager( 2832): Failed to start tracking keyboard object with error Status(-129, EX_TRANSACTION_FAILED): 'DEAD_OBJECT: '
12-07 15:36:12.471 E/TrackedObjectManager( 2832): Failed to connect to TrackedObjectService with error Status(-129, EX_TRANSACTION_FAILED): 'DEAD_OBJECT: '
