12-07 15:20:31.427 E/TrackedObjectManager( 2832): Failed to connect to TrackedObjectService with error Status(-129, EX_TRANSACTION_FAILED): 'DEAD_OBJECT: '
12-07 15:20:31.428 W/OSDynamicObjectDataQuerier( 2832): Attempted to start tracking objects when tracker was already started
12-07 15:20:31.428 E/TrackedObjectManager( 2832): Failed to connect to TrackedObjectService with error Status(-129, EX_TRANSACTION_FAILED): 'DEAD_OBJECT: '
12-07 15:20:31.428 E/TrackedObjectManager( 2832): Failed to start tracking keyboard object with error Status(-129, EX_TRANSACTION_FAILED): 'DEAD_OBJECT: '
12-07 15:20:31.431 I/VD628x  (  884): Flicker results: freq 849.894470, max 849.894470, dcr 41.715851, pct 0.001919, idx 0.001080, conf 0.000000, snr -40.000000, svm 0.000555, sus 2
12-07 15:20:31.441 E/TrackedObjectManager( 2832): Failed to connect to TrackedObjectService with error Status(-129, EX_TRANSACTION_FAILED): 'DEAD_OBJECT: '
12-07 15:20:31.441 W/OSDynamicObjectDataQuerier( 2832): Attempted to start tracking objects when tracker was already started
12-07 15:20:31.441 E/TrackedObjectManager( 2832): Failed to connect to TrackedObjectService with error Status(-129, EX_TRANSACTION_FAILED): 'DEAD_OBJECT: '
12-07 15:20:31.441 E/TrackedObjectManager( 2832): Failed to start tracking keyboard object with error Status(-129, EX_TRANSACTION_FAILED): 'DEAD_OBJECT: '
12-07 15:20:31.455 E/TrackedObjectManager( 2832): Failed to connect to TrackedObjectService with error Status(-129, EX_TRANSACTION_FAILED): 'DEAD_OBJECT: '
12-07 15:20:31.455 W/OSDynamicObjectDataQuerier( 2832): Attempted to start tracking objects when tracker was already started
12-07 15:20:31.455 E/TrackedObjectManager( 2832): Failed to connect to TrackedObjectService with error Status(-129, EX_TRANSACTION_FAILED): 'DEAD_OBJECT: '
12-07 15:20:31.455 E/TrackedObjectManager( 2832): Failed to start tracking keyboard object with error Status(-129, EX_TRANSACTION_FAILED): 'DEAD_OBJECT: '
12-07 15:20:31.469 E/TrackedObjectManager( 2832): Failed to connect to TrackedObjectService with error Status(-129, EX_TRANSACTION_FAILED): 'DEAD_OBJECT: '
12-07 15:20:31.469 W/OSDynamicObjectDataQuerier( 2832): Attempted to start tracking objects when tracker was already started
12-07 15:20:31.469 E/TrackedObjectManager( 2832): Failed to connect to TrackedObjectService with error Status(-129, EX_TRANSACTION_FAILED): 'DEAD_OBJECT: '
12-07 15:20:31.469 E/TrackedObjectManager( 2832): Failed to start tracking keyboard object with error Status(-129, EX_TRANSACTION_FAILED): 'DEAD_OBJECT: '
12-07 15:20:31.483 E/TrackedObjectManager( 2832): Failed to connect to TrackedObjectService with error Status(-129, EX_TRANSACTION_FAILED): 'DEAD_OBJECT: '
12-07 15:20:31.483 W/OSDynamicObjectDataQuerier( 2832): Attempted to start tracking objects when tracker was already started
12-07 15:20:31.483 E/TrackedObjectManager( 2832): Failed to connect to TrackedObjectService with error Status(-129, EX_TRANSACTION_FAILED): 'DEAD_OBJECT: '
12-07 15:20:31.483 E/TrackedObjectManager( 2832): Failed to start tracking keyboard object with error Status(-129, EX_TRANSACTION_FAILED): 'DEAD_OBJECT: '
12-07 15:20:31.497 E/TrackedObjectManager( 2832): Failed to connect to TrackedObjectService with error Status(-129, EX_TRANSACTION_FAILED): 'DEAD_OBJECT: '
12-07 15:20:31.497 W/OSDynamicObjectDataQuerier( 2832): Attempted to start tracking objects when tracker was already started
12-07 15:20:31.497 E/TrackedObjectManager( 2832): Failed to connect to TrackedObjectService with error Status(-129, EX_TRANSACTION_FAILED): 'DEAD_OBJECT: '
12-07 15:20:31.497 E/TrackedObjectManager( 2832): Failed to start tracking keyboard object with error Status(-129, EX_TRANSACTION_FAILED): 'DEAD_OBJECT: '
12-07 15:20:31.511 E/TrackedObjectManager( 2832): Failed to connect to TrackedObjectService with error Status(-129, EX_TRANSACTION_FAILED): 'DEAD_OBJECT: '
12-07 15:20:31.511 W/OSDynamicObjectDataQuerier( 2832): Attempted to start tracking objects when tracker was already started
12-07 15:20:31.511 E/TrackedObjectManager( 2832): Failed to connect to TrackedObjectService with error Status(-129, EX_TRANSACTION_FAILED): 'DEAD_OBJECT: '
12-07 15:20:31.511 E/TrackedObjectManager( 2832): Failed to start tracking keyboard object with error Status(-129, EX_TRANSACTION_FAILED): 'DEAD_OBJECT: '
12-07 15:20:31.522 I/DynamicObjectClient( 4885): Query Dynamic Object Tracker anchors
12-07 15:20:31.522 I/DynamicObjectClient( 4885): Object in query has empty predictions or tracking flags
12-07 15:20:31.525 E/TrackedObjectManager( 2832): Failed to connect to TrackedObjectService with error Status(-129, EX_TRANSACTION_FAILED): 'DEAD_OBJECT: '
12-07 15:20:31.525 W/OSDynamicObjectDataQuerier( 2832): Attempted to start tracking objects when tracker was already started
12-07 15:20:31.525 E/TrackedObjectManager( 2832): Failed to connect to TrackedObjectService with error Status(-129, EX_TRANSACTION_FAILED): 'DEAD_OBJECT: '
12-07 15:20:31.525 E/TrackedObjectManager( 2832): Failed to start tracking keyboard object with error Status(-129, EX_TRANSACTION_FAILED): 'DEAD_OBJECT: '
12-07 15:20:31.538 E/TrackedObjectManager( 2832): Failed to connect to TrackedObjectService with error Status(-129, EX_TRANSACTION_FAILED): 'DEAD_OBJECT: '
12-07 15:20:31.539 W/OSDynamicObjectDataQuerier( 2832): Attempted to start tracking objects when tracker was already started
12-07 15:20:31.539 E/TrackedObjectManager( 2832): Failed to connect to TrackedObjectService with error Status(-129, EX_TRANSACTION_FAILED): 'DEAD_OBJECT: '
12-07 15:20:31.539 E/TrackedObjectManager( 2832): Failed to start tracking keyboard object with error Status(-129, EX_TRANSACTION_FAILED): 'DEAD_OBJECT: '
12-07 15:20:31.552 E/TrackedObjectManager( 2832): Failed to connect to TrackedObjectService with error Status(-129, EX_TRANSACTION_FAILED): 'DEAD_OBJECT: '
12-07 15:20:31.553 W/OSDynamicObjectDataQuerier( 2832): Attempted to start tracking objects when tracker was already started
12-07 15:20:31.553 E/TrackedObjectManager( 2832): Failed to connect to TrackedObjectService with error Status(-129, EX_TRANSACTION_FAILED): 'DEAD_OBJECT: '
12-07 15:20:31.553 E/TrackedObjectManager( 2832): Failed to start tracking keyboard object with error Status(-129, EX_TRANSACTION_FAILED): 'DEAD_OBJECT: '
12-07 15:20:31.558 I/OpenXR_Anchor( 3469): xrQuerySpacesFB: no split anchor query enabled
12-07 15:20:31.558 I/[CT]    ( 3469): SP:AF:InsightAnchorApi: QueryAnchorSpaces loadAndQueryAvailableAnchors flow. (task start) duration: 0.000000000 [sec], flags: 44, location: StorageLocation::LOCAL(1), method: 1, request: 5305, source: SourceType::LIVE_TRACKER(1)
12-07 15:20:31.558 I/[CT]    ( 3469): RuntimeIpcHelper: RuntimeIpcClient::CALL_RPC isAsync: true, func: loadAvailableAnchors
12-07 15:20:31.558 I/[CT]    ( 4885): SP:AP:AnchorPersistenceRuntimeIpcServer: checkRPC start: sessionUuid:1e3ba3f0-dfb6-0aba-a69b-b18fb253c69c, clientId:2367474718, givenPackageName:com.oculus.vrshell
12-07 15:20:31.558 I/[CT]    ( 4885): SP:AP:AnchorPersistenceRuntimeIpcServer: checkPackageAccess - detectedPackageName:com.oculus.vrshell, detectedProcessName:com.oculus.vrshell, givenPackageName:com.oculus.vrshell
12-07 15:20:31.559 I/[CT]    ( 4885): SP:AP:AnchorPersistenceRuntimeIpcServer: checkRPC package name matches: sessionUuid:1e3ba3f0-dfb6-0aba-a69b-b18fb253c69c, clientId:2367474718, givenPackageName:com.oculus.vrshell, detectedPackageName:com.oculus.vrshell, detectedProcessName:com.oculus.vrshell
12-07 15:20:31.559 I/[CT]    ( 4885): SP:AP:AnchorPersistenceRuntimeIpcServer: queryAvailableAnchorsSMV2: clientId: 2367474718, maxAnchors: 500, filter: 0, queryMultipleRoomsEnabledByOpenXrVersion: true, source: 1, appId: com.oculus.vrshell
12-07 15:20:31.559 I/[CT]    ( 4885): SP:AP:AnchorPersistenceConfig: getSceneRuntimePermissionEnabled: USE_SCENE permission is enabled on this device
12-07 15:20:31.559 I/[CT]    ( 4885): SP:AP:AnchorPersistenceScenePermissions: hasClientGrantedScenePermission: USE_SCENE permission is enabled on this device, check client 2367474718, grant is true
12-07 15:20:31.559 I/[CT]    ( 4885): SP:AP:AnchorPersistenceConfig: getSceneRuntimePermissionEnabled: USE_SCENE permission is enabled on this device
12-07 15:20:31.560 I/[CT]    ( 4885): SP:SceneAnchorFilterUtil: filterSceneDataByPermission: com.oculus.vrshell permission check passed, keep scene data. anchors size: 0
12-07 15:20:31.560 I/[CT]    ( 3469): SP:AF:InsightAnchorApi: QueryAnchorSpaces (task finish) returnCode: AnchorResultCode::SUCCESS(0), numSpacesFound: 0, spacesFoundUuids: [], duration: 0.000000000 [sec], flags: 44, location: 1, method: 1, request: 5305
12-07 15:20:31.566 E/TrackedObjectManager( 2832): Failed to connect to TrackedObjectService with error Status(-129, EX_TRANSACTION_FAILED): 'DEAD_OBJECT: '
12-07 15:20:31.566 W/OSDynamicObjectDataQuerier( 2832): Attempted to start tracking objects when tracker was already started
12-07 15:20:31.566 E/TrackedObjectManager( 2832): Failed to connect to TrackedObjectService with error Status(-129, EX_TRANSACTION_FAILED): 'DEAD_OBJECT: '
12-07 15:20:31.566 E/TrackedObjectManager( 2832): Failed to start tracking keyboard object with error Status(-129, EX_TRANSACTION_FAILED): 'DEAD_OBJECT: '
12-07 15:20:31.573 I/[CT]    ( 3469): SP:TREX:SpatialPersistencePlugin: Event type: 6
12-07 15:20:31.573 I/TREX    ( 3469): Spatial Persistence event: QuerySpacesFinish
12-07 15:20:31.580 E/TrackedObjectManager( 2832): Failed to connect to TrackedObjectService with error Status(-129, EX_TRANSACTION_FAILED): 'DEAD_OBJECT: '
12-07 15:20:31.580 W/OSDynamicObjectDataQuerier( 2832): Attempted to start tracking objects when tracker was already started
12-07 15:20:31.580 E/TrackedObjectManager( 2832): Failed to connect to TrackedObjectService with error Status(-129, EX_TRANSACTION_FAILED): 'DEAD_OBJECT: '
12-07 15:20:31.580 E/TrackedObjectManager( 2832): Failed to start tracking keyboard object with error Status(-129, EX_TRANSACTION_FAILED): 'DEAD_OBJECT: '
12-07 15:20:31.591 I/libcamerahal( 9363): [INSIGHTS][2.01s] recv/ret/req heartbeat: cam4: 144/144/144, cam5: 144/144/144
12-07 15:20:31.594 E/TrackedObjectManager( 2832): Failed to connect to TrackedObjectService with error Status(-129, EX_TRANSACTION_FAILED): 'DEAD_OBJECT: '
12-07 15:20:31.594 W/OSDynamicObjectDataQuerier( 2832): Attempted to start tracking objects when tracker was already started
12-07 15:20:31.594 E/TrackedObjectManager( 2832): Failed to connect to TrackedObjectService with error Status(-129, EX_TRANSACTION_FAILED): 'DEAD_OBJECT: '
12-07 15:20:31.594 E/TrackedObjectManager( 2832): Failed to start tracking keyboard object with error Status(-129, EX_TRANSACTION_FAILED): 'DEAD_OBJECT: '
12-07 15:20:31.608 E/TrackedObjectManager( 2832): Failed to connect to TrackedObjectService with error Status(-129, EX_TRANSACTION_FAILED): 'DEAD_OBJECT: '
12-07 15:20:31.608 W/OSDynamicObjectDataQuerier( 2832): Attempted to start tracking objects when tracker was already started
12-07 15:20:31.608 E/TrackedObjectManager( 2832): Failed to connect to TrackedObjectService with error Status(-129, EX_TRANSACTION_FAILED): 'DEAD_OBJECT: '
12-07 15:20:31.608 E/TrackedObjectManager( 2832): Failed to start tracking keyboard object with error Status(-129, EX_TRANSACTION_FAILED): 'DEAD_OBJECT: '
12-07 15:20:31.622 E/TrackedObjectManager( 2832): Failed to connect to TrackedObjectService with error Status(-129, EX_TRANSACTION_FAILED): 'DEAD_OBJECT: '
12-07 15:20:31.622 W/OSDynamicObjectDataQuerier( 2832): Attempted to start tracking objects when tracker was already started
12-07 15:20:31.622 E/TrackedObjectManager( 2832): Failed to connect to TrackedObjectService with error Status(-129, EX_TRANSACTION_FAILED): 'DEAD_OBJECT: '
12-07 15:20:31.622 E/TrackedObjectManager( 2832): Failed to start tracking keyboard object with error Status(-129, EX_TRANSACTION_FAILED): 'DEAD_OBJECT: '
12-07 15:20:31.636 E/TrackedObjectManager( 2832): Failed to connect to TrackedObjectService with error Status(-129, EX_TRANSACTION_FAILED): 'DEAD_OBJECT: '
12-07 15:20:31.636 W/OSDynamicObjectDataQuerier( 2832): Attempted to start tracking objects when tracker was already started
12-07 15:20:31.636 E/TrackedObjectManager( 2832): Failed to connect to TrackedObjectService with error Status(-129, EX_TRANSACTION_FAILED): 'DEAD_OBJECT: '
12-07 15:20:31.636 E/TrackedObjectManager( 2832): Failed to start tracking keyboard object with error Status(-129, EX_TRANSACTION_FAILED): 'DEAD_OBJECT: '
12-07 15:20:31.650 E/TrackedObjectManager( 2832): Failed to connect to TrackedObjectService with error Status(-129, EX_TRANSACTION_FAILED): 'DEAD_OBJECT: '
12-07 15:20:31.650 W/OSDynamicObjectDataQuerier( 2832): Attempted to start tracking objects when tracker was already started
12-07 15:20:31.650 E/TrackedObjectManager( 2832): Failed to connect to TrackedObjectService with error Status(-129, EX_TRANSACTION_FAILED): 'DEAD_OBJECT: '
12-07 15:20:31.650 E/TrackedObjectManager( 2832): Failed to start tracking keyboard object with error Status(-129, EX_TRANSACTION_FAILED): 'DEAD_OBJECT: '
12-07 15:20:31.663 E/TrackedObjectManager( 2832): Failed to connect to TrackedObjectService with error Status(-129, EX_TRANSACTION_FAILED): 'DEAD_OBJECT: '
12-07 15:20:31.664 W/OSDynamicObjectDataQuerier( 2832): Attempted to start tracking objects when tracker was already started
12-07 15:20:31.664 E/TrackedObjectManager( 2832): Failed to connect to TrackedObjectService with error Status(-129, EX_TRANSACTION_FAILED): 'DEAD_OBJECT: '
12-07 15:20:31.664 E/TrackedObjectManager( 2832): Failed to start tracking keyboard object with error Status(-129, EX_TRANSACTION_FAILED): 'DEAD_OBJECT: '
12-07 15:20:31.677 E/TrackedObjectManager( 2832): Failed to connect to TrackedObjectService with error Status(-129, EX_TRANSACTION_FAILED): 'DEAD_OBJECT: '
12-07 15:20:31.677 W/OSDynamicObjectDataQuerier( 2832): Attempted to start tracking objects when tracker was already started
12-07 15:20:31.677 E/TrackedObjectManager( 2832): Failed to connect to TrackedObjectService with error Status(-129, EX_TRANSACTION_FAILED): 'DEAD_OBJECT: '
12-07 15:20:31.677 E/TrackedObjectManager( 2832): Failed to start tracking keyboard object with error Status(-129, EX_TRANSACTION_FAILED): 'DEAD_OBJECT: '
12-07 15:20:31.687 I/MRSS    ( 1157): MIXEDREALITY: EnvironmentDepthMetacapability: processTelemetry client com.oculus.vrshell state true aggregated 1
12-07 15:20:31.691 E/TrackedObjectManager( 2832): Failed to connect to TrackedObjectService with error Status(-129, EX_TRANSACTION_FAILED): 'DEAD_OBJECT: '
12-07 15:20:31.691 W/OSDynamicObjectDataQuerier( 2832): Attempted to start tracking objects when tracker was already started
12-07 15:20:31.691 E/TrackedObjectManager( 2832): Failed to connect to TrackedObjectService with error Status(-129, EX_TRANSACTION_FAILED): 'DEAD_OBJECT: '
12-07 15:20:31.691 E/TrackedObjectManager( 2832): Failed to start tracking keyboard object with error Status(-129, EX_TRANSACTION_FAILED): 'DEAD_OBJECT: '
12-07 15:20:31.704 I/VrApi   ( 3469): FPS=72/72,Prd=28ms,Tear=0,Early=0,Stale=0,Stale2/5/10/max=0/0/0/0,VSnc=1,Lat=-1,Fov=3,CPU4/GPU=3/2,1651/456MHz,OC=3F,TA=0/0/0,SP=N/N/N,Mem=3196MHz,Free=3463MB,PLS=0,Temp=36.0C/0.0C,TW=2.18ms,App=1.05ms,GD=0.00ms,CPU&GPU=9.49ms,LCnt=6(DR56,LM4),GPU%=0.27,CPU%=0.40(W0.45),CFL=12.57/17.29,ICFLp95=16.14,LD=0,SF=1.00,LP=1,DVFS=0,ShrpLCnt=2,ShrpR=0.500,SSLCnt=0/0
12-07 15:20:31.705 E/TrackedObjectManager( 2832): Failed to connect to TrackedObjectService with error Status(-129, EX_TRANSACTION_FAILED): 'DEAD_OBJECT: '
12-07 15:20:31.705 W/OSDynamicObjectDataQuerier( 2832): Attempted to start tracking objects when tracker was already started
12-07 15:20:31.705 E/TrackedObjectManager( 2832): Failed to connect to TrackedObjectService with error Status(-129, EX_TRANSACTION_FAILED): 'DEAD_OBJECT: '
12-07 15:20:31.705 E/TrackedObjectManager( 2832): Failed to start tracking keyboard object with error Status(-129, EX_TRANSACTION_FAILED): 'DEAD_OBJECT: '
12-07 15:20:31.719 E/TrackedObjectManager( 2832): Failed to connect to TrackedObjectService with error Status(-129, EX_TRANSACTION_FAILED): 'DEAD_OBJECT: '
12-07 15:20:31.719 W/OSDynamicObjectDataQuerier( 2832): Attempted to start tracking objects when tracker was already started
12-07 15:20:31.719 E/TrackedObjectManager( 2832): Failed to connect to TrackedObjectService with error Status(-129, EX_TRANSACTION_FAILED): 'DEAD_OBJECT: '
12-07 15:20:31.719 E/TrackedObjectManager( 2832): Failed to start tracking keyboard object with error Status(-129, EX_TRANSACTION_FAILED): 'DEAD_OBJECT: '
12-07 15:20:31.733 E/TrackedObjectManager( 2832): Failed to connect to TrackedObjectService with error Status(-129, EX_TRANSACTION_FAILED): 'DEAD_OBJECT: '
12-07 15:20:31.733 W/OSDynamicObjectDataQuerier( 2832): Attempted to start tracking objects when tracker was already started
12-07 15:20:31.733 E/TrackedObjectManager( 2832): Failed to connect to TrackedObjectService with error Status(-129, EX_TRANSACTION_FAILED): 'DEAD_OBJECT: '
12-07 15:20:31.733 E/TrackedObjectManager( 2832): Failed to start tracking keyboard object with error Status(-129, EX_TRANSACTION_FAILED): 'DEAD_OBJECT: '
12-07 15:20:31.747 E/TrackedObjectManager( 2832): Failed to connect to TrackedObjectService with error Status(-129, EX_TRANSACTION_FAILED): 'DEAD_OBJECT: '
12-07 15:20:31.747 W/OSDynamicObjectDataQuerier( 2832): Attempted to start tracking objects when tracker was already started
12-07 15:20:31.747 E/TrackedObjectManager( 2832): Failed to connect to TrackedObjectService with error Status(-129, EX_TRANSACTION_FAILED): 'DEAD_OBJECT: '
12-07 15:20:31.747 E/TrackedObjectManager( 2832): Failed to start tracking keyboard object with error Status(-129, EX_TRANSACTION_FAILED): 'DEAD_OBJECT: '
12-07 15:20:31.761 E/TrackedObjectManager( 2832): Failed to connect to TrackedObjectService with error Status(-129, EX_TRANSACTION_FAILED): 'DEAD_OBJECT: '
12-07 15:20:31.761 W/OSDynamicObjectDataQuerier( 2832): Attempted to start tracking objects when tracker was already started
12-07 15:20:31.761 E/TrackedObjectManager( 2832): Failed to connect to TrackedObjectService with error Status(-129, EX_TRANSACTION_FAILED): 'DEAD_OBJECT: '
12-07 15:20:31.761 E/TrackedObjectManager( 2832): Failed to start tracking keyboard object with error Status(-129, EX_TRANSACTION_FAILED): 'DEAD_OBJECT: '
12-07 15:20:31.775 E/TrackedObjectManager( 2832): Failed to connect to TrackedObjectService with error Status(-129, EX_TRANSACTION_FAILED): 'DEAD_OBJECT: '
12-07 15:20:31.775 W/OSDynamicObjectDataQuerier( 2832): Attempted to start tracking objects when tracker was already started
12-07 15:20:31.775 E/TrackedObjectManager( 2832): Failed to connect to TrackedObjectService with error Status(-129, EX_TRANSACTION_FAILED): 'DEAD_OBJECT: '
12-07 15:20:31.775 E/TrackedObjectManager( 2832): Failed to start tracking keyboard object with error Status(-129, EX_TRANSACTION_FAILED): 'DEAD_OBJECT: '
12-07 15:20:31.789 E/TrackedObjectManager( 2832): Failed to connect to TrackedObjectService with error Status(-129, EX_TRANSACTION_FAILED): 'DEAD_OBJECT: '
12-07 15:20:31.789 W/OSDynamicObjectDataQuerier( 2832): Attempted to start tracking objects when tracker was already started
12-07 15:20:31.789 E/TrackedObjectManager( 2832): Failed to connect to TrackedObjectService with error Status(-129, EX_TRANSACTION_FAILED): 'DEAD_OBJECT: '
12-07 15:20:31.789 E/TrackedObjectManager( 2832): Failed to start tracking keyboard object with error Status(-129, EX_TRANSACTION_FAILED): 'DEAD_OBJECT: '
12-07 15:20:31.803 E/TrackedObjectManager( 2832): Failed to connect to TrackedObjectService with error Status(-129, EX_TRANSACTION_FAILED): 'DEAD_OBJECT: '
12-07 15:20:31.803 W/OSDynamicObjectDataQuerier( 2832): Attempted to start tracking objects when tracker was already started
12-07 15:20:31.803 E/TrackedObjectManager( 2832): Failed to connect to TrackedObjectService with error Status(-129, EX_TRANSACTION_FAILED): 'DEAD_OBJECT: '
12-07 15:20:31.803 E/TrackedObjectManager( 2832): Failed to start tracking keyboard object with error Status(-129, EX_TRANSACTION_FAILED): 'DEAD_OBJECT: '
12-07 15:20:31.816 E/TrackedObjectManager( 2832): Failed to connect to TrackedObjectService with error Status(-129, EX_TRANSACTION_FAILED): 'DEAD_OBJECT: '
12-07 15:20:31.816 W/OSDynamicObjectDataQuerier( 2832): Attempted to start tracking objects when tracker was already started
12-07 15:20:31.816 E/TrackedObjectManager( 2832): Failed to connect to TrackedObjectService with error Status(-129, EX_TRANSACTION_FAILED): 'DEAD_OBJECT: '
12-07 15:20:31.816 E/TrackedObjectManager( 2832): Failed to start tracking keyboard object with error Status(-129, EX_TRANSACTION_FAILED): 'DEAD_OBJECT: '
12-07 15:20:31.818 I/[CT]    ( 2832): MIXEDREALITY: PassthroughApiManager: GetUpdatedLayerState: (every 2 seconds) PT is: ON numLayers: 1
12-07 15:20:31.830 E/TrackedObjectManager( 2832): Failed to connect to TrackedObjectService with error Status(-129, EX_TRANSACTION_FAILED): 'DEAD_OBJECT: '
12-07 15:20:31.830 W/OSDynamicObjectDataQuerier( 2832): Attempted to start tracking objects when tracker was already started
12-07 15:20:31.830 E/TrackedObjectManager( 2832): Failed to connect to TrackedObjectService with error Status(-129, EX_TRANSACTION_FAILED): 'DEAD_OBJECT: '
12-07 15:20:31.830 E/TrackedObjectManager( 2832): Failed to start tracking keyboard object with error Status(-129, EX_TRANSACTION_FAILED): 'DEAD_OBJECT: '
12-07 15:20:31.844 E/TrackedObjectManager( 2832): Failed to connect to TrackedObjectService with error Status(-129, EX_TRANSACTION_FAILED): 'DEAD_OBJECT: '
12-07 15:20:31.844 W/OSDynamicObjectDataQuerier( 2832): Attempted to start tracking objects when tracker was already started
12-07 15:20:31.844 E/TrackedObjectManager( 2832): Failed to connect to TrackedObjectService with error Status(-129, EX_TRANSACTION_FAILED): 'DEAD_OBJECT: '
12-07 15:20:31.844 E/TrackedObjectManager( 2832): Failed to start tracking keyboard object with error Status(-129, EX_TRANSACTION_FAILED): 'DEAD_OBJECT: '
12-07 15:20:31.851 W/ShellHsr( 3469): Embodiment: BaseEmbodimentSystem::setAvatarVisibility could not find avatar for id 131073
12-07 15:20:31.851 W/ShellHsr( 3469): Embodiment: BaseEmbodimentSystem::setNameTagVisibility could not find avatar for id 131073
12-07 15:20:31.851 E/ShellHsr( 3469): Avatar: avatarState.avatarId is invalid, aborting prePhysicsSystem
12-07 15:20:31.852 E/ShellHsr( 3469): Avatar: avatarState.avatarId is invalid, aborting postFinalizedTransformsSystem
12-07 15:20:31.858 E/TrackedObjectManager( 2832): Failed to connect to TrackedObjectService with error Status(-129, EX_TRANSACTION_FAILED): 'DEAD_OBJECT: '
12-07 15:20:31.858 W/OSDynamicObjectDataQuerier( 2832): Attempted to start tracking objects when tracker was already started
12-07 15:20:31.858 E/TrackedObjectManager( 2832): Failed to connect to TrackedObjectService with error Status(-129, EX_TRANSACTION_FAILED): 'DEAD_OBJECT: '
12-07 15:20:31.858 E/TrackedObjectManager( 2832): Failed to start tracking keyboard object with error Status(-129, EX_TRANSACTION_FAILED): 'DEAD_OBJECT: '
12-07 15:20:31.872 E/TrackedObjectManager( 2832): Failed to connect to TrackedObjectService with error Status(-129, EX_TRANSACTION_FAILED): 'DEAD_OBJECT: '
12-07 15:20:31.872 W/OSDynamicObjectDataQuerier( 2832): Attempted to start tracking objects when tracker was already started
12-07 15:20:31.872 E/TrackedObjectManager( 2832): Failed to connect to TrackedObjectService with error Status(-129, EX_TRANSACTION_FAILED): 'DEAD_OBJECT: '
12-07 15:20:31.872 E/TrackedObjectManager( 2832): Failed to start tracking keyboard object with error Status(-129, EX_TRANSACTION_FAILED): 'DEAD_OBJECT: '
12-07 15:20:31.872 I/GraphicsGovernor( 2832): Dynamic Foveation Lvl 3, Min Foveation Lvl 3, DynRes Enabled 1, DynRes Scaler 1.000000
12-07 15:20:31.886 E/TrackedObjectManager( 2832): Failed to connect to TrackedObjectService with error Status(-129, EX_TRANSACTION_FAILED): 'DEAD_OBJECT: '
12-07 15:20:31.886 W/OSDynamicObjectDataQuerier( 2832): Attempted to start tracking objects when tracker was already started
12-07 15:20:31.886 E/TrackedObjectManager( 2832): Failed to connect to TrackedObjectService with error Status(-129, EX_TRANSACTION_FAILED): 'DEAD_OBJECT: '
12-07 15:20:31.886 E/TrackedObjectManager( 2832): Failed to start tracking keyboard object with error Status(-129, EX_TRANSACTION_FAILED): 'DEAD_OBJECT: '
12-07 15:20:31.900 E/TrackedObjectManager( 2832): Failed to connect to TrackedObjectService with error Status(-129, EX_TRANSACTION_FAILED): 'DEAD_OBJECT: '
12-07 15:20:31.900 W/OSDynamicObjectDataQuerier( 2832): Tracker stopped running without input server stopping it, attempting restart
12-07 15:20:31.900 W/OSDynamicObjectDataQuerier( 2832): Attempted to start tracking objects when tracker was already started
12-07 15:20:31.900 E/TrackedObjectManager( 2832): Failed to connect to TrackedObjectService with error Status(-129, EX_TRANSACTION_FAILED): 'DEAD_OBJECT: '
12-07 15:20:31.900 E/TrackedObjectManager( 2832): Failed to start tracking keyboard object with error Status(-129, EX_TRANSACTION_FAILED): 'DEAD_OBJECT: '
12-07 15:20:31.909 I/Tracking( 9368): Vega: [INSIGHTS] Mode=DescriptorVega,6DoF,Agg=18s,Inl=12,20,82,Mem=90.2,FrameDur=8.1,28.8,PoseLat=1.6,6.7,CamImuLat=9.9,102.5,Jit=0.0,0.1,Drops(Cam=0,IMU=0),MeanIr=20421.3,Exp(2.6ms,g=1,I=61)(2.6ms,g=1,I=61)(2.6ms,g=1,I=59)(2.4ms,g=1,I=60)(0.0ms,g=0)(0.0ms,g=0),NonInertEnv=n
12-07 15:20:31.914 E/TrackedObjectManager( 2832): Failed to connect to TrackedObjectService with error Status(-129, EX_TRANSACTION_FAILED): 'DEAD_OBJECT: '
12-07 15:20:31.914 W/OSDynamicObjectDataQuerier( 2832): Attempted to start tracking objects when tracker was already started
12-07 15:20:31.914 E/TrackedObjectManager( 2832): Failed to connect to TrackedObjectService with error Status(-129, EX_TRANSACTION_FAILED): 'DEAD_OBJECT: '
12-07 15:20:31.914 E/TrackedObjectManager( 2832): Failed to start tracking keyboard object with error Status(-129, EX_TRANSACTION_FAILED): 'DEAD_OBJECT: '
12-07 15:20:31.928 E/TrackedObjectManager( 2832): Failed to connect to TrackedObjectService with error Status(-129, EX_TRANSACTION_FAILED): 'DEAD_OBJECT: '
12-07 15:20:31.928 W/OSDynamicObjectDataQuerier( 2832): Attempted to start tracking objects when tracker was already started
12-07 15:20:31.928 E/TrackedObjectManager( 2832): Failed to connect to TrackedObjectService with error Status(-129, EX_TRANSACTION_FAILED): 'DEAD_OBJECT: '
12-07 15:20:31.928 E/TrackedObjectManager( 2832): Failed to start tracking keyboard object with error Status(-129, EX_TRANSACTION_FAILED): 'DEAD_OBJECT: '
12-07 15:20:31.941 E/TrackedObjectManager( 2832): Failed to connect to TrackedObjectService with error Status(-129, EX_TRANSACTION_FAILED): 'DEAD_OBJECT: '
12-07 15:20:31.941 W/OSDynamicObjectDataQuerier( 2832): Attempted to start tracking objects when tracker was already started
12-07 15:20:31.941 E/TrackedObjectManager( 2832): Failed to connect to TrackedObjectService with error Status(-129, EX_TRANSACTION_FAILED): 'DEAD_OBJECT: '
12-07 15:20:31.941 E/TrackedObjectManager( 2832): Failed to start tracking keyboard object with error Status(-129, EX_TRANSACTION_FAILED): 'DEAD_OBJECT: '
12-07 15:20:31.955 E/TrackedObjectManager( 2832): Failed to connect to TrackedObjectService with error Status(-129, EX_TRANSACTION_FAILED): 'DEAD_OBJECT: '
12-07 15:20:31.955 W/OSDynamicObjectDataQuerier( 2832): Attempted to start tracking objects when tracker was already started
12-07 15:20:31.955 E/TrackedObjectManager( 2832): Failed to connect to TrackedObjectService with error Status(-129, EX_TRANSACTION_FAILED): 'DEAD_OBJECT: '
12-07 15:20:31.955 E/TrackedObjectManager( 2832): Failed to start tracking keyboard object with error Status(-129, EX_TRANSACTION_FAILED): 'DEAD_OBJECT: '
12-07 15:20:31.969 E/TrackedObjectManager( 2832): Failed to connect to TrackedObjectService with error Status(-129, EX_TRANSACTION_FAILED): 'DEAD_OBJECT: '
12-07 15:20:31.969 W/OSDynamicObjectDataQuerier( 2832): Attempted to start tracking objects when tracker was already started
12-07 15:20:31.969 E/TrackedObjectManager( 2832): Failed to connect to TrackedObjectService with error Status(-129, EX_TRANSACTION_FAILED): 'DEAD_OBJECT: '
12-07 15:20:31.969 E/TrackedObjectManager( 2832): Failed to start tracking keyboard object with error Status(-129, EX_TRANSACTION_FAILED): 'DEAD_OBJECT: '
12-07 15:20:31.983 E/TrackedObjectManager( 2832): Failed to connect to TrackedObjectService with error Status(-129, EX_TRANSACTION_FAILED): 'DEAD_OBJECT: '
12-07 15:20:31.983 W/OSDynamicObjectDataQuerier( 2832): Attempted to start tracking objects when tracker was already started
12-07 15:20:31.983 E/TrackedObjectManager( 2832): Failed to connect to TrackedObjectService with error Status(-129, EX_TRANSACTION_FAILED): 'DEAD_OBJECT: '
12-07 15:20:31.983 E/TrackedObjectManager( 2832): Failed to start tracking keyboard object with error Status(-129, EX_TRANSACTION_FAILED): 'DEAD_OBJECT: '
12-07 15:20:31.997 E/TrackedObjectManager( 2832): Failed to connect to TrackedObjectService with error Status(-129, EX_TRANSACTION_FAILED): 'DEAD_OBJECT: '
12-07 15:20:31.997 W/OSDynamicObjectDataQuerier( 2832): Attempted to start tracking objects when tracker was already started
12-07 15:20:31.997 E/TrackedObjectManager( 2832): Failed to connect to TrackedObjectService with error Status(-129, EX_TRANSACTION_FAILED): 'DEAD_OBJECT: '
12-07 15:20:31.997 E/TrackedObjectManager( 2832): Failed to start tracking keyboard object with error Status(-129, EX_TRANSACTION_FAILED): 'DEAD_OBJECT: '
12-07 15:20:32.011 E/TrackedObjectManager( 2832): Failed to connect to TrackedObjectService with error Status(-129, EX_TRANSACTION_FAILED): 'DEAD_OBJECT: '
12-07 15:20:32.011 W/OSDynamicObjectDataQuerier( 2832): Attempted to start tracking objects when tracker was already started
12-07 15:20:32.011 E/TrackedObjectManager( 2832): Failed to connect to TrackedObjectService with error Status(-129, EX_TRANSACTION_FAILED): 'DEAD_OBJECT: '
12-07 15:20:32.011 E/TrackedObjectManager( 2832): Failed to start tracking keyboard object with error Status(-129, EX_TRANSACTION_FAILED): 'DEAD_OBJECT: '
12-07 15:20:32.025 E/TrackedObjectManager( 2832): Failed to connect to TrackedObjectService with error Status(-129, EX_TRANSACTION_FAILED): 'DEAD_OBJECT: '
12-07 15:20:32.025 W/OSDynamicObjectDataQuerier( 2832): Attempted to start tracking objects when tracker was already started
12-07 15:20:32.025 E/TrackedObjectManager( 2832): Failed to connect to TrackedObjectService with error Status(-129, EX_TRANSACTION_FAILED): 'DEAD_OBJECT: '
12-07 15:20:32.025 E/TrackedObjectManager( 2832): Failed to start tracking keyboard object with error Status(-129, EX_TRANSACTION_FAILED): 'DEAD_OBJECT: '
12-07 15:20:32.039 E/TrackedObjectManager( 2832): Failed to connect to TrackedObjectService with error Status(-129, EX_TRANSACTION_FAILED): 'DEAD_OBJECT: '
12-07 15:20:32.039 W/OSDynamicObjectDataQuerier( 2832): Attempted to start tracking objects when tracker was already started
12-07 15:20:32.039 E/TrackedObjectManager( 2832): Failed to connect to TrackedObjectService with error Status(-129, EX_TRANSACTION_FAILED): 'DEAD_OBJECT: '
12-07 15:20:32.039 E/TrackedObjectManager( 2832): Failed to start tracking keyboard object with error Status(-129, EX_TRANSACTION_FAILED): 'DEAD_OBJECT: '
12-07 15:20:32.053 E/TrackedObjectManager( 2832): Failed to connect to TrackedObjectService with error Status(-129, EX_TRANSACTION_FAILED): 'DEAD_OBJECT: '
12-07 15:20:32.053 W/OSDynamicObjectDataQuerier( 2832): Attempted to start tracking objects when tracker was already started
12-07 15:20:32.053 E/TrackedObjectManager( 2832): Failed to connect to TrackedObjectService with error Status(-129, EX_TRANSACTION_FAILED): 'DEAD_OBJECT: '
12-07 15:20:32.053 E/TrackedObjectManager( 2832): Failed to start tracking keyboard object with error Status(-129, EX_TRANSACTION_FAILED): 'DEAD_OBJECT: '
12-07 15:20:32.066 E/TrackedObjectManager( 2832): Failed to connect to TrackedObjectService with error Status(-129, EX_TRANSACTION_FAILED): 'DEAD_OBJECT: '
12-07 15:20:32.066 W/OSDynamicObjectDataQuerier( 2832): Attempted to start tracking objects when tracker was already started
12-07 15:20:32.066 E/TrackedObjectManager( 2832): Failed to connect to TrackedObjectService with error Status(-129, EX_TRANSACTION_FAILED): 'DEAD_OBJECT: '
12-07 15:20:32.067 E/TrackedObjectManager( 2832): Failed to start tracking keyboard object with error Status(-129, EX_TRANSACTION_FAILED): 'DEAD_OBJECT: '
12-07 15:20:32.080 E/TrackedObjectManager( 2832): Failed to connect to TrackedObjectService with error Status(-129, EX_TRANSACTION_FAILED): 'DEAD_OBJECT: '
12-07 15:20:32.080 W/OSDynamicObjectDataQuerier( 2832): Attempted to start tracking objects when tracker was already started
12-07 15:20:32.080 E/TrackedObjectManager( 2832): Failed to connect to TrackedObjectService with error Status(-129, EX_TRANSACTION_FAILED): 'DEAD_OBJECT: '
12-07 15:20:32.080 E/TrackedObjectManager( 2832): Failed to start tracking keyboard object with error Status(-129, EX_TRANSACTION_FAILED): 'DEAD_OBJECT: '
12-07 15:20:32.094 E/TrackedObjectManager( 2832): Failed to connect to TrackedObjectService with error Status(-129, EX_TRANSACTION_FAILED): 'DEAD_OBJECT: '
12-07 15:20:32.094 W/OSDynamicObjectDataQuerier( 2832): Attempted to start tracking objects when tracker was already started
12-07 15:20:32.094 E/TrackedObjectManager( 2832): Failed to connect to TrackedObjectService with error Status(-129, EX_TRANSACTION_FAILED): 'DEAD_OBJECT: '
12-07 15:20:32.094 E/TrackedObjectManager( 2832): Failed to start tracking keyboard object with error Status(-129, EX_TRANSACTION_FAILED): 'DEAD_OBJECT: '
12-07 15:20:32.098 I/Shell   ( 3469): HsrSoundSystem::playOneShotSound3D for GUID a726c8c1-2e67-4049-bc5a-bcedb8d5d1ab with event name press1
12-07 15:20:32.098 I/[SEO] HapticSystem( 3469): HapticSystem::Playing haptic clip press1 on 2 for -1 scaled 1.000000 delta 0.000000
12-07 15:20:32.098 I/[SEO] DesktopFocusManager( 3469): Notifying panel with id:6, component:com.oculus.panelapp.library/com.oculus.navigator.library.app.NavigatorLibraryActivity of isFocused:0
12-07 15:20:32.098 I/[SEO] DesktopFocusManager( 3469): Notifying panel with id:622, component:com.example.moonlight_spatialsdk/com.example.moonlight_spatialsdk.PancakeActivity of isFocused:1
12-07 15:20:32.100 I/[NAV][BAR] Active2dPanelDataSourceImpl(32634): onAppStatusChanged: {"appState":[{"name":"com.oculus.systemux/com.oculus.panelapp.activetaskbar.ActiveTaskBarActivity","panels":[{"panelId":2,"shouldBePrePinned":false,"state":"Foreground","volumetricWindowToken":"63fe882e-4429-4fd1-9917-69c7f7b51c89"}]},{"name":"com.oculus.panelapp.library/com.oculus.navigator.systembar.app.SystemBarActivity","panels":[{"panelId":3,"shouldBePrePinned":false,"state":"Background","volumetricWindowToken":"847068b1-90d9-4580-b78f-e3071c88f73e"}]},{"name":"com.oculus.vrshell/com.oculus.panelapp.bloom.BloomActivity","panels":[{"panelId":4,"shouldBePrePinned":false,"state":"Foreground","volumetricWindowToken":"efab378f-d430-453e-9e9a-9f58c3efb41b"}]},{"name":"com.oculus.vrshell/com.oculus.panelapp.displaybar.DisplayBarActivity","panels":[{"panelId":5,"shouldBePrePinned":false,"state":"Foreground","volumetricWindowToken":"79fe7f8c-5222-497d-a237-9d9502b5710a"}]},{"name":"com.oculus.panelapp.settings/com.oculus.navigator.quickcontrols.app.NavigatorQuickControlsActivity","panels":[{"panelId":52,"shouldBePrePinned":false,"state":"Background","volumetricWindowToken":"f28a0a90-101b-49f2-9e77-80a860b7197b"}]},{"name":"com.oculus.panelapp.library/com.oculus.navigator.library.app.NavigatorLibraryActivity","panels":[{"panelId":6,"shouldBePrePinned":false,"state":"Background","volumetricWindowToken":"883a999f-5853-4b1f-bd01-cc8aa07ee944"}]},{"name":"com.example.moonlight_spatialsdk/com.example.moonlight_spatialsdk.PancakeActivity","panels":[{"panelId":622,"shouldBePrePinned":false,"state":"Foreground","volumetricWindowToken":"1f30ced6-ecb8-49cc-ad68-f434c3e72743"}]},{"name":"com.oculus.mrds/com.oculus.mrds.msft.connectactivity.ConnectActivity","panels":[{"panelId":628,"shouldBePrePinned":false,"state":"Foreground","volumetricWindowToken":"83613ec6-f75a-46a8-85c2-159657de6172"}]}],"mostRecent":["com.oculus.panelapp.library/com.oculus.navigator.library.app.NavigatorLibraryActivity","com.oculus.mrds/com.oculus.mrds.msft.connectactivity.ConnectActivity","com.example.moonlight_spatialsdk/com.example.moonlight_spatialsdk.PancakeActivity","com.oculus.panelapp.settings/com.oculus.navigator.quickcontrols.app.NavigatorQuickControlsActivity","com.oculus.vrshell/com.oculus.panelapp.displaybar.DisplayBarActivity","com.oculus.vrshell/com.oculus.panelapp.bloom.BloomActivity","com.oculus.panelapp.library/com.oculus.navigator.systembar.app.SystemBarActivity"]}
12-07 15:20:32.101 I/[NAV][BAR] Active2dPanelDataSourceImpl(32634): onAppStatusChanged: {"appState":[{"name":"com.oculus.systemux/com.oculus.panelapp.activetaskbar.ActiveTaskBarActivity","panels":[{"panelId":2,"shouldBePrePinned":false,"state":"Foreground","volumetricWindowToken":"63fe882e-4429-4fd1-9917-69c7f7b51c89"}]},{"name":"com.oculus.panelapp.library/com.oculus.navigator.systembar.app.SystemBarActivity","panels":[{"panelId":3,"shouldBePrePinned":false,"state":"Background","volumetricWindowToken":"847068b1-90d9-4580-b78f-e3071c88f73e"}]},{"name":"com.oculus.vrshell/com.oculus.panelapp.bloom.BloomActivity","panels":[{"panelId":4,"shouldBePrePinned":false,"state":"Foreground","volumetricWindowToken":"efab378f-d430-453e-9e9a-9f58c3efb41b"}]},{"name":"com.oculus.vrshell/com.oculus.panelapp.displaybar.DisplayBarActivity","panels":[{"panelId":5,"shouldBePrePinned":false,"state":"Foreground","volumetricWindowToken":"79fe7f8c-5222-497d-a237-9d9502b5710a"}]},{"name":"com.oculus.panelapp.settings/com.oculus.navigator.quickcontrols.app.NavigatorQuickControlsActivity","panels":[{"panelId":52,"shouldBePrePinned":false,"state":"Background","volumetricWindowToken":"f28a0a90-101b-49f2-9e77-80a860b7197b"}]},{"name":"com.oculus.panelapp.library/com.oculus.navigator.library.app.NavigatorLibraryActivity","panels":[{"panelId":6,"shouldBePrePinned":false,"state":"Background","volumetricWindowToken":"883a999f-5853-4b1f-bd01-cc8aa07ee944"}]},{"name":"com.example.moonlight_spatialsdk/com.example.moonlight_spatialsdk.PancakeActivity","panels":[{"panelId":622,"shouldBePrePinned":false,"state":"Foreground","volumetricWindowToken":"1f30ced6-ecb8-49cc-ad68-f434c3e72743"}]},{"name":"com.oculus.mrds/com.oculus.mrds.msft.connectactivity.ConnectActivity","panels":[{"panelId":628,"shouldBePrePinned":false,"state":"Foreground","volumetricWindowToken":"83613ec6-f75a-46a8-85c2-159657de6172"}]}],"mostRecent":["com.oculus.panelapp.library/com.oculus.navigator.library.app.NavigatorLibraryActivity","com.oculus.mrds/com.oculus.mrds.msft.connectactivity.ConnectActivity","com.example.moonlight_spatialsdk/com.example.moonlight_spatialsdk.PancakeActivity","com.oculus.panelapp.settings/com.oculus.navigator.quickcontrols.app.NavigatorQuickControlsActivity","com.oculus.vrshell/com.oculus.panelapp.displaybar.DisplayBarActivity","com.oculus.vrshell/com.oculus.panelapp.bloom.BloomActivity","com.oculus.panelapp.library/com.oculus.navigator.systembar.app.SystemBarActivity"]}
12-07 15:20:32.108 E/TrackedObjectManager( 2832): Failed to connect to TrackedObjectService with error Status(-129, EX_TRANSACTION_FAILED): 'DEAD_OBJECT: '
12-07 15:20:32.108 W/OSDynamicObjectDataQuerier( 2832): Attempted to start tracking objects when tracker was already started
12-07 15:20:32.108 E/TrackedObjectManager( 2832): Failed to connect to TrackedObjectService with error Status(-129, EX_TRANSACTION_FAILED): 'DEAD_OBJECT: '
12-07 15:20:32.108 E/TrackedObjectManager( 2832): Failed to start tracking keyboard object with error Status(-129, EX_TRANSACTION_FAILED): 'DEAD_OBJECT: '
12-07 15:20:32.108 V/WindowManager( 1971): Sent Transition #3598 createdAt=12-07 15:20:32.101 via request=TransitionRequestInfo { type = TO_FRONT, triggerTask = null, remoteTransition = null, displayChange = null }
12-07 15:20:32.108 V/WindowManager( 1971):     startWCT=WindowContainerTransaction { changes = {} hops = [] errorCallbackToken=null taskFragmentOrganizer=null }
12-07 15:20:32.109 V/WindowManager( 1971):     info={id=3598 t=TO_FRONT f=0x0 trk=0 r=[0@Point(0, 0)] c=[{WCT{RemoteToken{e84aa25 Task{374cd8c #2930 type=standard A=10176:com.example.moonlight_spatialsdk}}} m=CHANGE f=MOVE_TO_TOP p=WCT{RemoteToken{86647bb Task{825c4ca #13 type=standard}}} leash=Surface(name=Task=2930)/@0xdfe7069 sb=Rect(88000, 0 - 89000, 687) eb=Rect(88000, 0 - 89000, 687) d=0},{WCT{RemoteToken{86647bb Task{825c4ca #13 type=standard}}} m=CHANGE f=TRANSLUCENT|MOVE_TO_TOP leash=Surface(name=Task=13)/@0xfb7d76c sb=Rect(88000, 0 - 89000, 687) eb=Rect(88000, 0 - 89000, 687) eo=Point(88000, 0) d=0}]}
12-07 15:20:32.110 V/WindowManager( 1971): Finish Transition #3598: created at 12-07 15:20:32.101 collect-started=0.02ms request-sent=2.092ms started=3.401ms ready=3.388ms sent=7.03ms finished=8.508ms
12-07 15:20:32.118 I/OculusWindowMgr( 1971): OWMS::focusChanged: windowRootTaskId: 13
12-07 15:20:32.118 I/OculusWindowMgr( 1971): OWMS::focusChanged: getImmersiveTask returned
12-07 15:20:32.118 I/OculusWindowMgr( 1971): OWMS::focusChanged: mFocusPlaceholderActivity found in Task.
12-07 15:20:32.119 D/VolumetricContentMonitor( 1971): Focused window changed to RunningWindowInfo{  pid: 16451, uid: 10176, userId: 0, windowContainerToken: 111816267, windowToken: android.view.IWindow$Stub$Proxy@992c028, windowId: com.android.server.wm.WindowState$WindowId@f83141, displayId: 0, windowType: 1, activity: RunningActivityInfo { rootTask: 13, uid: 10176, pid: 16451, userId: 0, activity: com.example.moonlight_spatialsdk.PancakeActivity, windowId: com.android.server.wm.WindowState$WindowId@f83141, state: ACTIVITY_STATE_VISIBLE}}, from android.view.IWindow$Stub$Proxy@571b88f
12-07 15:20:32.119 I/ClientMgr( 2832): FocusedWindowChanged: falling back to client with same uid: 10053, and pid: 3469
12-07 15:20:32.119 I/ClientMgr( 2832): ClientMgr::SetFocusedClient: FocusedClient did not change: [com.oculus.vrshell:3469]
12-07 15:20:32.119 I/ClientMgr( 2832): ClientMgr::SetFocusedClient: 3469:com.oculus.vrshell type 1
12-07 15:20:32.119 I/ClientMgr( 2832): ClientMgr::SetFocusedClient: Updating focus state for all clients
12-07 15:20:32.119 I/ClientMgr( 2832): ClientMgr::SetFocusedClient: Updating Focus State: 1 for Client: com.oculus.vrshell:3469, Client DisplayId: -1
12-07 15:20:32.119 I/ClientMgr( 2832): ClientMgr::SetFocusedClient: Updating Focus State: 0 for Client: /system/bin/surfaceflinger:2392, Client DisplayId: 0
12-07 15:20:32.119 I/ClientMgr( 2832): ClientMgr::SetFocusedClient: Updating Focus State: 0 for Client: com.oculus.vrguardianservice:5455, Client DisplayId: -1
12-07 15:20:32.119 I/ClientMgr( 2832): ClientMgr::SetFocusedClient: Updating Focus State: 0 for Client: /system_ext/bin/mrsystemservice:1157, Client DisplayId: 0
12-07 15:20:32.119 D/ActivityTaskManager( 1971): getDisplaysWithTopActivities: immersive ActivityRecord{224fcee u0 com.oculus.vrshell/.HomeActivity t2465}
12-07 15:20:32.119 I/ClientMgr( 2832): SetFocusedPackageName - packageName com.oculus.vrshell processName com.oculus.vrshell clientId 523657589 clientPid 3469
12-07 15:20:32.119 I/ServiceInputManager( 2832): ServiceInputManager::SetFocusedPackageName 'com.oculus.vrshell'
12-07 15:20:32.119 I/TrexControllerServerPlugin( 2832): ControllerServerBase Set Focused client: com.oculus.vrshell:3469
12-07 15:20:32.121 V/WorldManagerService( 1971): VW Content Listener: com.oculus.mrds -1
12-07 15:20:32.121 D/SpatialAudioService( 1971): Skipping processing for app: com.oculus.mrds (isNewApp: false, perAppEnabled: true, epsService: true)
12-07 15:20:32.121 V/WorldManagerService( 1971): VW Content Listener: com.example.moonlight_spatialsdk -1
12-07 15:20:32.121 D/CompatibilityChangeReporter( 1971): Compat change id reported: 214016041; UID 10176; state: ENABLED
12-07 15:20:32.121 I/ImeTracker( 1971): com.example.moonlight_spatialsdk:b3e83736: onRequestHide at ORIGIN_SERVER_HIDE_INPUT reason HIDE_UNSPECIFIED_WINDOW
12-07 15:20:32.121 I/SpatialWindowResourceService( 1971): setWindowFrameRate() token: horizonos.view.VolumetricWindowToken$InternalVolumetricToken@5a3a4f5 framerate: 0.0
12-07 15:20:32.121 I/ImeTracker( 1971): com.example.moonlight_spatialsdk:b3e83736: onCancelled at PHASE_SERVER_SHOULD_HIDE
12-07 15:20:32.121 I/SpatialWindowResourceService( 1971): setWindowFrameRate() token: horizonos.view.VolumetricWindowToken$InternalVolumetricToken@793bff5 framerate: 0.0
12-07 15:20:32.122 D/SpatialAudioService( 1971): Skipping processing for app: com.example.moonlight_spatialsdk (isNewApp: false, perAppEnabled: true, epsService: true)
12-07 15:20:32.122 E/TrackedObjectManager( 2832): Failed to connect to TrackedObjectService with error Status(-129, EX_TRANSACTION_FAILED): 'DEAD_OBJECT: '
12-07 15:20:32.122 W/OSDynamicObjectDataQuerier( 2832): Attempted to start tracking objects when tracker was already started
12-07 15:20:32.122 E/TrackedObjectManager( 2832): Failed to connect to TrackedObjectService with error Status(-129, EX_TRANSACTION_FAILED): 'DEAD_OBJECT: '
12-07 15:20:32.122 E/TrackedObjectManager( 2832): Failed to start tracking keyboard object with error Status(-129, EX_TRANSACTION_FAILED): 'DEAD_OBJECT: '
12-07 15:20:32.122 I/[SEO] DesktopFocusManager( 3469): Focused panel changed from -1 to 622
12-07 15:20:32.125 D/KeyboardInputMethodService( 3469): onFinishInput
12-07 15:20:32.137 E/TrackedObjectManager( 2832): Failed to connect to TrackedObjectService with error Status(-129, EX_TRANSACTION_FAILED): 'DEAD_OBJECT: '
12-07 15:20:32.137 W/OSDynamicObjectDataQuerier( 2832): Attempted to start tracking objects when tracker was already started
12-07 15:20:32.137 E/TrackedObjectManager( 2832): Failed to connect to TrackedObjectService with error Status(-129, EX_TRANSACTION_FAILED): 'DEAD_OBJECT: '
12-07 15:20:32.137 E/TrackedObjectManager( 2832): Failed to start tracking keyboard object with error Status(-129, EX_TRANSACTION_FAILED): 'DEAD_OBJECT: '
12-07 15:20:32.150 E/TrackedObjectManager( 2832): Failed to connect to TrackedObjectService with error Status(-129, EX_TRANSACTION_FAILED): 'DEAD_OBJECT: '
12-07 15:20:32.150 W/OSDynamicObjectDataQuerier( 2832): Attempted to start tracking objects when tracker was already started
12-07 15:20:32.150 E/TrackedObjectManager( 2832): Failed to connect to TrackedObjectService with error Status(-129, EX_TRANSACTION_FAILED): 'DEAD_OBJECT: '
12-07 15:20:32.150 E/TrackedObjectManager( 2832): Failed to start tracking keyboard object with error Status(-129, EX_TRANSACTION_FAILED): 'DEAD_OBJECT: '
12-07 15:20:32.164 E/TrackedObjectManager( 2832): Failed to connect to TrackedObjectService with error Status(-129, EX_TRANSACTION_FAILED): 'DEAD_OBJECT: '
12-07 15:20:32.164 W/OSDynamicObjectDataQuerier( 2832): Attempted to start tracking objects when tracker was already started
12-07 15:20:32.164 E/TrackedObjectManager( 2832): Failed to connect to TrackedObjectService with error Status(-129, EX_TRANSACTION_FAILED): 'DEAD_OBJECT: '
12-07 15:20:32.164 E/TrackedObjectManager( 2832): Failed to start tracking keyboard object with error Status(-129, EX_TRANSACTION_FAILED): 'DEAD_OBJECT: '
12-07 15:20:32.168 I/VD628x  (  884): Flicker results: freq 849.894470, max 412.138092, dcr 41.953983, pct 0.000310, idx 0.000332, conf 0.000000, snr -40.000000, svm 0.000000, sus 2
12-07 15:20:32.168 D/KeyboardInputMethodService( 3469): onStartInput
12-07 15:20:32.178 E/TrackedObjectManager( 2832): Failed to connect to TrackedObjectService with error Status(-129, EX_TRANSACTION_FAILED): 'DEAD_OBJECT: '
12-07 15:20:32.178 W/OSDynamicObjectDataQuerier( 2832): Attempted to start tracking objects when tracker was already started
12-07 15:20:32.178 E/TrackedObjectManager( 2832): Failed to connect to TrackedObjectService with error Status(-129, EX_TRANSACTION_FAILED): 'DEAD_OBJECT: '
12-07 15:20:32.178 E/TrackedObjectManager( 2832): Failed to start tracking keyboard object with error Status(-129, EX_TRANSACTION_FAILED): 'DEAD_OBJECT: '
12-07 15:20:32.192 E/TrackedObjectManager( 2832): Failed to connect to TrackedObjectService with error Status(-129, EX_TRANSACTION_FAILED): 'DEAD_OBJECT: '
12-07 15:20:32.192 W/OSDynamicObjectDataQuerier( 2832): Attempted to start tracking objects when tracker was already started
12-07 15:20:32.192 E/TrackedObjectManager( 2832): Failed to connect to TrackedObjectService with error Status(-129, EX_TRANSACTION_FAILED): 'DEAD_OBJECT: '
12-07 15:20:32.192 E/TrackedObjectManager( 2832): Failed to start tracking keyboard object with error Status(-129, EX_TRANSACTION_FAILED): 'DEAD_OBJECT: '
12-07 15:20:32.205 E/TrackedObjectManager( 2832): Failed to connect to TrackedObjectService with error Status(-129, EX_TRANSACTION_FAILED): 'DEAD_OBJECT: '
12-07 15:20:32.205 W/OSDynamicObjectDataQuerier( 2832): Attempted to start tracking objects when tracker was already started
12-07 15:20:32.205 E/TrackedObjectManager( 2832): Failed to connect to TrackedObjectService with error Status(-129, EX_TRANSACTION_FAILED): 'DEAD_OBJECT: '
12-07 15:20:32.206 E/TrackedObjectManager( 2832): Failed to start tracking keyboard object with error Status(-129, EX_TRANSACTION_FAILED): 'DEAD_OBJECT: '
12-07 15:20:32.219 E/TrackedObjectManager( 2832): Failed to connect to TrackedObjectService with error Status(-129, EX_TRANSACTION_FAILED): 'DEAD_OBJECT: '
12-07 15:20:32.219 W/OSDynamicObjectDataQuerier( 2832): Attempted to start tracking objects when tracker was already started
12-07 15:20:32.219 E/TrackedObjectManager( 2832): Failed to connect to TrackedObjectService with error Status(-129, EX_TRANSACTION_FAILED): 'DEAD_OBJECT: '
