12-07 15:36:03.200 V/ActivityManager( 1971): bindService: Intent { act=com.microsoft.windowsapp.BIND_REMOTE_DESKTOP_SERVICE pkg=com.microsoft.rdc.androidx } type=null conn=android.os.BinderProxy@d9473d8 flags=0x1
12-07 15:36:03.203 D/ActivityManager( 1971): sync unfroze 9274 com.microsoft.rdc.androidx for 6
12-07 15:36:03.228 I/TrackingFidelityService( 9367): Received hand/controller update: hand_tracking_enabled
12-07 15:36:03.237 I/TrackingFidelityService( 9367): checkMultimodalFeature: Attempt made to enable multimodal hands+controllers when not supported by app
12-07 15:36:03.237 I/TrackingFidelityService( 9367): Request(s)={constellation:0,controller_selftracked:0,hands:3,environment_lighting:5,keyboard:0,scene_reconstruction:0,surface_inputs:0,}, Mux mode idx=8, name=lowLightHands, score=-1950
12-07 15:36:03.237 I/TrackingFidelityService( 9367): beginTransition[worldTracking]: lowLightHands(8)->lowLightHands(8)
12-07 15:36:03.237 I/TrackingFidelityService( 9367): _applyMuxModeLockedInternal: Mode lowLightHands already set. Returning.
12-07 15:36:03.237 I/TrackingFidelityService( 9367): endTransition[worldTracking]: lowLightHands(8)->lowLightHands(8), seqId=-1, succeeded=true
12-07 15:36:03.237 I/TrackingFidelityService( 9367): Received hand/controller update: multimodal_hands_and_controllers_enabled
12-07 15:36:03.239 I/TrackingFidelityService( 9367): checkMultimodalFeature: Attempt made to enable multimodal hands+controllers when not supported by app
12-07 15:36:03.239 I/TrackingFidelityService( 9367): Request(s)={constellation:0,controller_selftracked:0,hands:3,environment_lighting:5,keyboard:0,scene_reconstruction:0,surface_inputs:0,}, Mux mode idx=8, name=lowLightHands, score=-1950
12-07 15:36:03.239 I/TrackingFidelityService( 9367): beginTransition[worldTracking]: lowLightHands(8)->lowLightHands(8)
12-07 15:36:03.239 I/TrackingFidelityService( 9367): _applyMuxModeLockedInternal: Mode lowLightHands already set. Returning.
12-07 15:36:03.239 I/TrackingFidelityService( 9367): endTransition[worldTracking]: lowLightHands(8)->lowLightHands(8), seqId=-1, succeeded=true
12-07 15:36:03.227 E/msm_cdc_enable_ondemand_supply(    0): either dev or supplies or cdc_vreg is NULL
12-07 15:36:03.227 E/lpass-cdc soc(    0): spf_core_platform:lpass-cdc: lpass_cdc_dmic_clk_enable: dmic power supply enbl failed
12-07 15:36:03.228 E/msm_cdc_enable_ondemand_supply(    0): either dev or supplies or cdc_vreg is NULL
12-07 15:36:03.228 E/lpass-cdc soc(    0): spf_core_platform:lpass-cdc: lpass_cdc_dmic_clk_enable: dmic power supply enbl failed
12-07 15:36:03.323 E/VolumetricWindowManagerServiceBase( 1971): Apply window change transaction with no window: windowToken = VolumetricWindowToken { scope = 1, token = horizonos.view.VolumetricWindowToken$InternalVolumetricToken@9a1dba9, persistableToken = 12e39116-3d12-4ae0-8aee-baa5535707e3 }
12-07 15:36:03.344 I/TrackingFidelityService( 9367): Received hand/controller update: hand_tracking_enabled
12-07 15:36:03.389 I/TrackingFidelityService( 9367): checkMultimodalFeature: Attempt made to enable multimodal hands+controllers when not supported by app
12-07 15:36:03.390 I/TrackingFidelityService( 9367): Request(s)={constellation:0,controller_selftracked:0,hands:3,environment_lighting:5,keyboard:0,scene_reconstruction:0,surface_inputs:0,}, Mux mode idx=8, name=lowLightHands, score=-1950
12-07 15:36:03.390 I/TrackingFidelityService( 9367): beginTransition[worldTracking]: lowLightHands(8)->lowLightHands(8)
12-07 15:36:03.390 I/TrackingFidelityService( 9367): _applyMuxModeLockedInternal: Mode lowLightHands already set. Returning.
12-07 15:36:03.390 I/TrackingFidelityService( 9367): endTransition[worldTracking]: lowLightHands(8)->lowLightHands(8), seqId=-1, succeeded=true
12-07 15:36:03.390 I/TrackingFidelityService( 9367): Received hand/controller update: multimodal_hands_and_controllers_enabled
12-07 15:36:03.393 D/CameraStream( 9363): [ocal] Client [IOT(9368)] attempting start
12-07 15:36:03.394 I/FrameSetDispatcher( 9363): [{COL:FOVPR}] Client pid=9368 (IOT): Client thread[{COL:FOVPR}:IOT] started
12-07 15:36:03.394 I/CameraClientManager( 9363): [IOT(9368)][ocal] client started (estimated 1 started clients total)
12-07 15:36:03.394 I/CameraClientManager( 9363): [[IOT(9368)][ocal]] definitely starting stream
12-07 15:36:03.394 I/SensorService( 9363): [color] Starting cameras for purpose ocal
12-07 15:36:03.394 I/FrameSetCollator( 9363): [{COL:FOVPR}] Skipping start, current start count: 2
12-07 15:36:03.394 I/SensorService( 9363): [color] Starting camera streams for purpose: ocal, current muxmode = 1
12-07 15:36:03.394 I/CameraClientManager( 9363): [[IOT(9368)][ocal]] stream start completed
12-07 15:36:03.394 D/CameraStream( 9363): [ocal] Client [IOT(9368)]: start complete
12-07 15:36:03.395 W/TrackingService( 9368): trying to start depth stream when 3-way OCal is not enabled
12-07 15:36:03.401 I/TrackingFidelityService( 9367): checkMultimodalFeature: Attempt made to enable multimodal hands+controllers when not supported by app
12-07 15:36:03.401 I/TrackingFidelityService( 9367): Request(s)={constellation:0,controller_selftracked:0,hands:3,environment_lighting:5,keyboard:0,scene_reconstruction:0,surface_inputs:0,}, Mux mode idx=8, name=lowLightHands, score=-1950
12-07 15:36:03.401 I/TrackingFidelityService( 9367): beginTransition[worldTracking]: lowLightHands(8)->lowLightHands(8)
12-07 15:36:03.401 I/TrackingFidelityService( 9367): _applyMuxModeLockedInternal: Mode lowLightHands already set. Returning.
12-07 15:36:03.401 I/TrackingFidelityService( 9367): endTransition[worldTracking]: lowLightHands(8)->lowLightHands(8), seqId=-1, succeeded=true
12-07 15:36:03.441 I/TrackingFidelityService( 9367): Received hand/controller update: hand_tracking_enabled
12-07 15:36:03.444 I/TrackingFidelityService( 9367): checkMultimodalFeature: Attempt made to enable multimodal hands+controllers when not supported by app
12-07 15:36:03.444 I/TrackingFidelityService( 9367): Request(s)={constellation:0,controller_selftracked:0,hands:3,environment_lighting:5,keyboard:0,scene_reconstruction:0,surface_inputs:0,}, Mux mode idx=8, name=lowLightHands, score=-1950
12-07 15:36:03.444 I/TrackingFidelityService( 9367): beginTransition[worldTracking]: lowLightHands(8)->lowLightHands(8)
12-07 15:36:03.444 I/TrackingFidelityService( 9367): _applyMuxModeLockedInternal: Mode lowLightHands already set. Returning.
12-07 15:36:03.444 I/TrackingFidelityService( 9367): endTransition[worldTracking]: lowLightHands(8)->lowLightHands(8), seqId=-1, succeeded=true
12-07 15:36:03.445 I/TrackingFidelityService( 9367): Received hand/controller update: multimodal_hands_and_controllers_enabled
12-07 15:36:03.447 I/TrackingFidelityService( 9367): checkMultimodalFeature: Attempt made to enable multimodal hands+controllers when not supported by app
12-07 15:36:03.448 I/TrackingFidelityService( 9367): Request(s)={constellation:0,controller_selftracked:0,hands:3,environment_lighting:5,keyboard:0,scene_reconstruction:0,surface_inputs:0,}, Mux mode idx=8, name=lowLightHands, score=-1950
12-07 15:36:03.448 I/TrackingFidelityService( 9367): beginTransition[worldTracking]: lowLightHands(8)->lowLightHands(8)
12-07 15:36:03.448 I/TrackingFidelityService( 9367): _applyMuxModeLockedInternal: Mode lowLightHands already set. Returning.
12-07 15:36:03.448 I/TrackingFidelityService( 9367): endTransition[worldTracking]: lowLightHands(8)->lowLightHands(8), seqId=-1, succeeded=true
12-07 15:36:03.548 I/TrackingFidelityService( 9367): Received hand/controller update: hand_tracking_enabled
12-07 15:36:03.550 I/TrackingFidelityService( 9367): checkMultimodalFeature: Attempt made to enable multimodal hands+controllers when not supported by app
12-07 15:36:03.551 I/TrackingFidelityService( 9367): Request(s)={constellation:0,controller_selftracked:0,hands:3,environment_lighting:5,keyboard:0,scene_reconstruction:0,surface_inputs:0,}, Mux mode idx=8, name=lowLightHands, score=-1950
12-07 15:36:03.551 I/TrackingFidelityService( 9367): beginTransition[worldTracking]: lowLightHands(8)->lowLightHands(8)
12-07 15:36:03.551 I/TrackingFidelityService( 9367): _applyMuxModeLockedInternal: Mode lowLightHands already set. Returning.
12-07 15:36:03.551 I/TrackingFidelityService( 9367): endTransition[worldTracking]: lowLightHands(8)->lowLightHands(8), seqId=-1, succeeded=true
12-07 15:36:03.551 I/TrackingFidelityService( 9367): Received hand/controller update: multimodal_hands_and_controllers_enabled
12-07 15:36:03.552 I/TrackingFidelityService( 9367): checkMultimodalFeature: Attempt made to enable multimodal hands+controllers when not supported by app
12-07 15:36:03.552 I/TrackingFidelityService( 9367): Request(s)={constellation:0,controller_selftracked:0,hands:3,environment_lighting:5,keyboard:0,scene_reconstruction:0,surface_inputs:0,}, Mux mode idx=8, name=lowLightHands, score=-1950
12-07 15:36:03.552 I/TrackingFidelityService( 9367): beginTransition[worldTracking]: lowLightHands(8)->lowLightHands(8)
12-07 15:36:03.552 I/TrackingFidelityService( 9367): _applyMuxModeLockedInternal: Mode lowLightHands already set. Returning.
12-07 15:36:03.552 I/TrackingFidelityService( 9367): endTransition[worldTracking]: lowLightHands(8)->lowLightHands(8), seqId=-1, succeeded=true
12-07 15:36:03.650 I/TrackingFidelityService( 9367): Received hand/controller update: hand_tracking_enabled
12-07 15:36:03.653 I/TrackingFidelityService( 9367): checkMultimodalFeature: Attempt made to enable multimodal hands+controllers when not supported by app
12-07 15:36:03.653 I/TrackingFidelityService( 9367): Request(s)={constellation:0,controller_selftracked:0,hands:3,environment_lighting:5,keyboard:0,scene_reconstruction:0,surface_inputs:0,}, Mux mode idx=8, name=lowLightHands, score=-1950
12-07 15:36:03.653 I/TrackingFidelityService( 9367): beginTransition[worldTracking]: lowLightHands(8)->lowLightHands(8)
12-07 15:36:03.653 I/TrackingFidelityService( 9367): _applyMuxModeLockedInternal: Mode lowLightHands already set. Returning.
12-07 15:36:03.653 I/TrackingFidelityService( 9367): endTransition[worldTracking]: lowLightHands(8)->lowLightHands(8), seqId=-1, succeeded=true
12-07 15:36:03.653 I/TrackingFidelityService( 9367): Received hand/controller update: multimodal_hands_and_controllers_enabled
12-07 15:36:03.656 I/TrackingFidelityService( 9367): checkMultimodalFeature: Attempt made to enable multimodal hands+controllers when not supported by app
12-07 15:36:03.657 I/TrackingFidelityService( 9367): Request(s)={constellation:0,controller_selftracked:0,hands:3,environment_lighting:5,keyboard:0,scene_reconstruction:0,surface_inputs:0,}, Mux mode idx=8, name=lowLightHands, score=-1950
12-07 15:36:03.657 I/TrackingFidelityService( 9367): beginTransition[worldTracking]: lowLightHands(8)->lowLightHands(8)
12-07 15:36:03.657 I/TrackingFidelityService( 9367): _applyMuxModeLockedInternal: Mode lowLightHands already set. Returning.
12-07 15:36:03.657 I/TrackingFidelityService( 9367): endTransition[worldTracking]: lowLightHands(8)->lowLightHands(8), seqId=-1, succeeded=true
12-07 15:36:03.704 D/TrackingService( 9368): [HANDTRACKINGGLUE] resumeCapability
12-07 15:36:03.705 D/CameraStream( 9363): [hand] Client [Hand(9368)] attempting start
12-07 15:36:03.705 I/FrameSetDispatcher( 9363): [{WT:RAW10}] Client pid=9368 (Hand): Client thread[{WT:RAW10}:Hand] started
12-07 15:36:03.705 I/CameraClientManager( 9363): [Hand(9368)][hand] client started (estimated 1 started clients total)
12-07 15:36:03.705 I/CameraClientManager( 9363): [[Hand(9368)][hand]] definitely starting stream
12-07 15:36:03.705 I/SensorService( 9363): [worldTracking] Starting cameras for purpose hand
12-07 15:36:03.705 I/FrameSetCollator( 9363): [{WT:RAW10}] Skipping start, current start count: 3
12-07 15:36:03.705 I/SensorService( 9363): [worldTracking] Starting camera streams for purpose: hand, current muxmode = 8
12-07 15:36:03.705 I/CameraClientManager( 9363): [[Hand(9368)][hand]] stream start completed
12-07 15:36:03.705 D/CameraStream( 9363): [hand] Client [Hand(9368)]: start complete
12-07 15:36:03.736 D/SensorDataTransforms( 9368): [hand:hand] Erased 1 stale entries from the staged mux states for worldTracking.
12-07 15:36:03.736 I/TrackingService( 9368): [hand:hand] Configuration update starting
12-07 15:36:03.739 I/TrackingService( 9368): [hand:hand] Configuration update done
12-07 15:36:03.739 I/TrackingService( 9368): [hand:hand] Finish configuration update starting
12-07 15:36:03.749 I/TrackingFidelityService( 9367): Received hand/controller update: hand_tracking_enabled
12-07 15:36:03.750 I/TrackingFidelityService( 9367): checkMultimodalFeature: Attempt made to enable multimodal hands+controllers when not supported by app
12-07 15:36:03.751 I/TrackingFidelityService( 9367): Request(s)={constellation:0,controller_selftracked:0,hands:3,environment_lighting:5,keyboard:0,scene_reconstruction:0,surface_inputs:0,}, Mux mode idx=8, name=lowLightHands, score=-1950
12-07 15:36:03.751 I/TrackingFidelityService( 9367): beginTransition[worldTracking]: lowLightHands(8)->lowLightHands(8)
12-07 15:36:03.751 I/TrackingFidelityService( 9367): _applyMuxModeLockedInternal: Mode lowLightHands already set. Returning.
12-07 15:36:03.751 I/TrackingFidelityService( 9367): endTransition[worldTracking]: lowLightHands(8)->lowLightHands(8), seqId=-1, succeeded=true
12-07 15:36:03.751 I/TrackingFidelityService( 9367): Received hand/controller update: multimodal_hands_and_controllers_enabled
12-07 15:36:03.754 I/TrackingFidelityService( 9367): checkMultimodalFeature: Attempt made to enable multimodal hands+controllers when not supported by app
12-07 15:36:03.755 I/TrackingFidelityService( 9367): Request(s)={constellation:0,controller_selftracked:0,hands:3,environment_lighting:5,keyboard:0,scene_reconstruction:0,surface_inputs:0,}, Mux mode idx=8, name=lowLightHands, score=-1950
12-07 15:36:03.755 I/TrackingFidelityService( 9367): beginTransition[worldTracking]: lowLightHands(8)->lowLightHands(8)
12-07 15:36:03.755 I/TrackingFidelityService( 9367): _applyMuxModeLockedInternal: Mode lowLightHands already set. Returning.
12-07 15:36:03.755 I/TrackingFidelityService( 9367): endTransition[worldTracking]: lowLightHands(8)->lowLightHands(8), seqId=-1, succeeded=true
12-07 15:36:03.769 W/FrameSetDispatcher( 9363): [{WT:RAW10}] Client pid=9368 (Hand): client is taking longer than 33ms to return FrameSets (1x in the past 0.064s)
12-07 15:36:03.787 I/SyncBossHAL( 9363): [info   ] syncboss_hal_impl_input.c(1239): Pulsar connected devices state change: 45, host current time: 139682468ms
12-07 15:36:03.787 I/SyncBossHAL( 9363): [info   ] pulsar_input_cache.c(893): Refreshing input cache
12-07 15:36:03.788 I/SyncBossHAL( 9363): [info   ] pulsar_input_cache.c(609): Enumerating 402c25cbf028a4e8
12-07 15:36:03.789 I/SyncBossFW(  879): 86812597 [info   ] {WIHO}: Pulsar dev connected 402c25cbf028a4e8 t: 86812597ms, (type: 10011601, connection id: 0x2d, cl version: 2)
12-07 15:36:03.791 D/TrackingService( 9368): [hand]end onMuxStateUpdate. ModeId: lowLightController -> lowLightHands
12-07 15:36:03.791 I/TrackingService( 9368): [                       hand:hand] Mux Mode Transition from sensor service: lowLightController -> lowLightHands transition time: 871 ms
12-07 15:36:03.794 I/TrackingService( 9368): [hand:hand] Finish configuration update done
12-07 15:36:03.801 I/SyncBossHAL( 9363): [info   ] pulsar_input_cache.c(576): Enumerating device version: 85.35.37
12-07 15:36:03.787 I/oom_reaper(    0): reaped process 15145 (.socialplatform), now anon-rss:0kB, file-rss:32kB, shmem-rss:484kB
12-07 15:36:03.843 I/ActivityManager( 1971): Process com.oculus.socialplatform (pid 15145) has died: cch+95 CEM 
12-07 15:36:03.845 D/DisplayManagerService( 1971): Drop pending events for gone uid 10103
12-07 15:36:03.822 I/oom_reaper(    0): reaped process 14155 (p:RemoteDesktop), now anon-rss:0kB, file-rss:0kB, shmem-rss:400kB
12-07 15:36:03.859 I/SyncBossHAL( 9363): [info   ] pulsar_input_cache.c(719): Cache populated for device 402c25cbf028a4e8
12-07 15:36:03.864 I/SyncBossHAL( 9363): [info   ] pulsar_input_cache.c(286): Finished getting cache data for controller
12-07 15:36:03.864 I/SyncBossHAL( 9363):     id            : 402c25cbf028a4e8
12-07 15:36:03.864 I/SyncBossHAL( 9363):     pulsar_type   : 0x10011601
12-07 15:36:03.864 I/SyncBossHAL( 9363):     connection id : 0x2d
12-07 15:36:03.864 I/SyncBossHAL( 9363):     fw ver        : 85.35.37
12-07 15:36:03.864 I/SyncBossHAL( 9363):     spl ver       : 1.5.11
12-07 15:36:03.864 I/SyncBossHAL( 9363):     serial        : 2G0YZJ2F7N03SN
12-07 15:36:03.864 I/SyncBossHAL( 9363):     handedness    : right
12-07 15:36:03.864 I/SyncBossHAL( 9363):     battery state : 70%
12-07 15:36:03.864 I/SyncBossHAL( 9363): [info   ] pulsar_input_cache.c(909): Cache refresh complete in 77ms
12-07 15:36:03.864 I/SyncBossHAL( 9363): [info   ] pulsar_manager.c(180): Setting controller ID 402c25cbf028a4e8 LED config to period: 66664us, on-time: 19us, delay: 26453us
12-07 15:36:03.866 D/SensorService( 9363): Syncboss input 402c25cbf028a4e8 hardware type 6, subtype 2, revision 0x10
12-07 15:36:03.866 I/SensorService( 9363): preparePairedControllerInfo is adding device with valid 1
12-07 15:36:03.866 D/SensorService( 9363): Syncboss input f343f271512a1feb hardware type 6, subtype 1, revision 
12-07 15:36:03.866 I/SensorService( 9363): preparePairedControllerInfo is adding device with valid 1
12-07 15:36:03.867 D/SensorService( 9363): stateChangeNotifierFunc(): Reporting controller info. Change token: 85, paired=2 connected=1
12-07 15:36:03.868 D/ControllerManagement( 9339): processStateChange([PairedControllerInfo RUBY 402c25cbf028a4e8 connected detached mcnt=2])
12-07 15:36:03.868 I/ControllerManagement( 9339): ControllerGlue: 402c25cbf028a4e8: boostControllerTxPower: controllerType=RUBY, countryCode=US, txPower=8
12-07 15:36:03.868 D/SensorService( 9363): ControllerProvider: Successfully set tx power to 8, filter to 8
12-07 15:36:03.869 D/ControllerManagement( 9339): RemoteService::recordControllerStatusUpdate: device 402c25cbf028a4e8: status: CONNECTED_ACTIVE tracking: NONE, errors: --
12-07 15:36:03.869 D/SensorService( 9363): Found paired controllers: 2
12-07 15:36:03.869 D/SensorService( 9363): Syncboss input 402c25cbf028a4e8 hardware type 6, subtype 2, revision 0x10
12-07 15:36:03.869 I/SensorService( 9363): preparePairedControllerInfo is adding device with valid 1
12-07 15:36:03.869 D/SensorService( 9363): Syncboss input f343f271512a1feb hardware type 6, subtype 1, revision 
12-07 15:36:03.869 I/SensorService( 9363): preparePairedControllerInfo is adding device with valid 1
12-07 15:36:03.871 D/SensorService( 9363): Found paired controllers: 2
12-07 15:36:03.871 D/SensorService( 9363): Syncboss input 402c25cbf028a4e8 hardware type 6, subtype 2, revision 0x10
12-07 15:36:03.871 I/SensorService( 9363): preparePairedControllerInfo is adding device with valid 1
12-07 15:36:03.871 D/SensorService( 9363): Syncboss input f343f271512a1feb hardware type 6, subtype 1, revision 
12-07 15:36:03.871 I/SensorService( 9363): preparePairedControllerInfo is adding device with valid 1
12-07 15:36:03.872 I/SyncBossHAL( 9363): [info   ] pulsar_manager.c(327): Setting transmit power for all connected controllers to 8 dBm
12-07 15:36:03.873 I/SyncBossHAL( 9363): [info   ] pulsar_manager.c(327): Setting filter transmit power for all connected controllers to 8 dBm
12-07 15:36:03.874 D/SensorService( 9363): Found paired controllers: 2
12-07 15:36:03.874 D/SensorService( 9363): Syncboss input 402c25cbf028a4e8 hardware type 6, subtype 2, revision 0x10
12-07 15:36:03.874 I/SensorService( 9363): preparePairedControllerInfo is adding device with valid 1
12-07 15:36:03.874 D/SensorService( 9363): Syncboss input f343f271512a1feb hardware type 6, subtype 1, revision 
12-07 15:36:03.874 I/SensorService( 9363): preparePairedControllerInfo is adding device with valid 1
12-07 15:36:03.874 D/TrackingService( 9368): Creating RemoteConstellationTrackedDevice
12-07 15:36:03.875 I/TrackingService( 9368): Registering primary controller 402c25cbf028a4e8 in RIGHT slot
12-07 15:36:03.875 D/TrackingService( 9368): registerRemote: 402c25cbf028a4e8
12-07 15:36:03.835 I/input   (    0): Device 0x402C25CBF028A4E8 as /devices/virtual/input/input73
12-07 15:36:03.882 D/ControllerManagement( 9339): RemoteService::recordControllerStatusUpdate: device 402c25cbf028a4e8: status: CONNECTED_ACTIVE tracking: NONE, errors: --
12-07 15:36:03.882 D/ControllerManagement( 9339): processStateChange([PairedControllerInfo RUBY f343f271512a1feb disconnected detached update-required mcnt=2])
12-07 15:36:03.846 I/binder  (    0): undelivered transaction 56212154, process died.
12-07 15:36:03.846 I/binder  (    0): undelivered transaction 56212234, process died.
12-07 15:36:03.846 I/binder  (    0): undelivered transaction 56212089, process died.
12-07 15:36:03.886 D/ControllerManagement( 9339): RemoteService::recordControllerStatusUpdate: device 402c25cbf028a4e8: status: CONNECTED_ACTIVE tracking: NONE, errors: --
12-07 15:36:03.887 I/ActivityManager( 1971): Process com.oculus.remotedesktop:RemoteDesktop (pid 14155) has died: cch+75 CEM 
12-07 15:36:03.908 I/SyncBossInput( 9363): [info   ] [ruby (right) 402c25cbf028a4e8]: 16018878 [info   ] {THDG}: active_connected -> active_seek
12-07 15:36:03.917 D/DisplayManagerService( 1971): Ignore redundant display event 0/2 to 10079/25425
12-07 15:36:03.917 D/DisplayManagerService( 1971): Ignore redundant display event 0/2 to 10049/32634
12-07 15:36:03.921 I/SyncBossHAL( 9363): [info   ] syncboss_hal_input_controller.c(186): Controller 402c25cbf028a4e8 battery level changed: 0% -> 70%
12-07 15:36:03.923 D/DisplayManagerService( 1971): Drop pending events for gone uid 10109
12-07 15:36:03.923 D/SensorService( 9363): Syncboss input 402c25cbf028a4e8 hardware type 6, subtype 2, revision 0x10
12-07 15:36:03.923 I/SensorService( 9363): preparePairedControllerInfo is adding device with valid 1
12-07 15:36:03.923 D/SensorService( 9363): Syncboss input f343f271512a1feb hardware type 6, subtype 1, revision 
12-07 15:36:03.924 I/SensorService( 9363): preparePairedControllerInfo is adding device with valid 1
12-07 15:36:03.924 D/SensorService( 9363): stateChangeNotifierFunc(): Reporting controller info. Change token: 86, paired=2 connected=1
12-07 15:36:03.929 D/SensorService( 9363): Found paired controllers: 2
12-07 15:36:03.929 D/SensorService( 9363): Syncboss input 402c25cbf028a4e8 hardware type 6, subtype 2, revision 0x10
12-07 15:36:03.929 I/SensorService( 9363): preparePairedControllerInfo is adding device with valid 1
12-07 15:36:03.929 D/SensorService( 9363): Syncboss input f343f271512a1feb hardware type 6, subtype 1, revision 
12-07 15:36:03.929 I/SensorService( 9363): preparePairedControllerInfo is adding device with valid 1
12-07 15:36:03.929 D/ControllerManagement( 9339): processStateChange([PairedControllerInfo RUBY 402c25cbf028a4e8 connected detached mcnt=2])
12-07 15:36:03.931 D/ControllerManagement( 9339): processStateChange([PairedControllerInfo RUBY f343f271512a1feb disconnected detached update-required mcnt=2])
12-07 15:36:03.931 D/SensorService( 9363): Found paired controllers: 2
12-07 15:36:03.931 D/SensorService( 9363): Syncboss input 402c25cbf028a4e8 hardware type 6, subtype 2, revision 0x10
12-07 15:36:03.931 I/SensorService( 9363): preparePairedControllerInfo is adding device with valid 1
12-07 15:36:03.931 D/SensorService( 9363): Syncboss input f343f271512a1feb hardware type 6, subtype 1, revision 
12-07 15:36:03.931 I/SensorService( 9363): preparePairedControllerInfo is adding device with valid 1
12-07 15:36:03.951 I/SyncBossInput( 9363): [info   ] [ruby (right) 402c25cbf028a4e8]: 16048941 [info   ] {INPM}: Input MCU put to sleep
12-07 15:36:03.972 I/TrackingFidelityService( 9367): Request(s)={pt_display_sync:5,}
12-07 15:36:03.972 W/TrackingFidelityService( 9367): Fidelity data undefined in catalog for enabling feature like pt_display_sync. 4 similar misses.
12-07 15:36:03.972 I/TrackingFidelityService( 9367): Request(s)={pt_display_sync:5,mr_passthrough:3,hyperscape_room_scanning:0,isp_foveation:5,low_latency_pt:5,}, Mux mode idx=2, name=defaultDisplay, score=-2980
12-07 15:36:03.972 I/TrackingFidelityService( 9367): beginTransition[color]: default(1)->defaultDisplay(2)
12-07 15:36:03.972 I/TrackingFidelityService( 9367): _applyMuxModeLockedInternal: Applying camera mux mode defaultDisplay via requestFeaturesWithFidelitiesLocked
12-07 15:36:03.972 I/SensorService( 9363): [color] Setting camera mux mode to 2
12-07 15:36:03.972 I/SensorService( 9363): updating CameraStream mux states
12-07 15:36:03.972 I/SensorDataTransforms( 9365): [CameraStreamControl:cam2bridge] Staging mux mode updates for {color: ind-2, seqId-155},
12-07 15:36:03.972 I/SensorDataTransforms( 9365): [CameraStreamControl:cam2bridge] Mux mode updates succesfully staged
12-07 15:36:03.972 I/SensorDataTransforms( 9368): [iot:ocal] Staging mux mode updates for {color: ind-2, seqId-155},
12-07 15:36:03.972 I/SensorService( 9363): ending update to CameraStream mux states
12-07 15:36:03.972 I/SensorDataTransforms( 9368): [iot:ocal] Signaling start of the mode transition
12-07 15:36:03.972 I/TrackingService( 9368): [iot:ocal] Start configuration update starting
12-07 15:36:03.972 I/FrameSetCollator( 9363): [{COL:FOVPR}] Updated frame set period to 13888000, with all camera system activeSlots [[T,]]
12-07 15:36:03.972 I/TrackingService( 9368): [iot:ocal] Start configuration update done
12-07 15:36:03.972 I/FrameSetDispatcher( 9363): [{COL:FOVPR}] Client pid=1157 (MrSSCamS): [color] Updated CameraMuxMode: 2, Slots: SLOT_0 
12-07 15:36:03.972 I/FrameSetDispatcher( 9363): [{COL:FOVPR}] Client pid=9368 (IOT): [color] Updated CameraMuxMode: 2, Slots: SLOT_0 
12-07 15:36:03.972 I/FrameSetDispatcher( 9363): [{COL:FOVPR}] Latest MuxModeSettings: 2
12-07 15:36:03.972 I/FrameSetDispatcher( 9363): [{COL:FOVPR}] purpose: active_slots, slots: SLOT_0 
12-07 15:36:03.972 I/SensorDataTransforms( 9368): [iot:ocal] Mux mode updates successfully staged
12-07 15:36:03.972 I/FrameSetDispatcher( 9363): [{COL:FOVPR}] purpose: cam2bridge, slots: SLOT_0 
12-07 15:36:03.972 I/FrameSetDispatcher( 9363): [{COL:FOVPR}] purpose: ocal, slots: SLOT_0 
12-07 15:36:03.972 I/FrameSetDispatcher( 9363): [{COL:FOVPR}] purpose: passthrough, slots: SLOT_0 
12-07 15:36:03.972 D/TrackingService( 9368): [iot:ocal]Queue mux mode update notification: defaultDisplay
12-07 15:36:03.973 D/TrackingService( 9368): [ocal]start onMuxStateUpdate. ModeId: default -> defaultDisplay
12-07 15:36:03.973 D/TrackingService( 9368): [iot][ocal]handleMuxModeNotification started for muxMode[color: defaultDisplay]
12-07 15:36:03.973 D/TrackingService( 9368): [iot][ocal]handleMuxModeNotification finished for muxMode[color: defaultDisplay]
12-07 15:36:03.973 D/TrackingService( 9368): [ocal]end onMuxStateUpdate. ModeId: default -> defaultDisplay
12-07 15:36:03.973 I/TrackingService( 9368): [                        iot:ocal] Mux Mode Transition from sensor service: default -> defaultDisplay transition time: 0 ms
12-07 15:36:03.973 I/SensorDataTransforms( 1157): [MrStreamControl:passthrough] Staging mux mode updates for {color: ind-2, seqId-155},
12-07 15:36:03.973 I/SensorDataTransforms( 1157): [MrStreamControl:passthrough] Signaling start of the mode transition
12-07 15:36:03.973 I/SensorDataTransforms( 1157): [MrStreamControl:passthrough] Mux mode updates successfully staged
12-07 15:36:03.974 I/SensorService( 9363): Active camera ids set to: []
12-07 15:36:03.974 I/ColorCameraSystem( 9363): [color] Switch to display rate sync mode (72.000 Hz).
12-07 15:36:03.976 I/ColorCameraSystem( 9363): [color] Set camera sync mode to display
12-07 15:36:03.976 W/SensorService( 9363): received frame for disabled cam4
12-07 15:36:03.977 I/SyncBossFW(  879): 86812784 [info   ] {GCM }: general_cam_mgr_stop_streaming for cameras 0x30
12-07 15:36:03.977 I/SyncBossFW(  879): 86812786 [info   ] {BRGB}: Enabling display sync mode
12-07 15:36:03.979 I/SyncBossFW(  879): 86812787 [info   ] {GCM }: general_cam_mgr_set_frame_rate_config cams 0x30 period 13888us
12-07 15:36:03.982 I/SensorService( 9363): Active camera ids set to: [4,5]
12-07 15:36:03.982 W/SensorService( 9363): [color] Skipped updateSyncbossFrameTag - no updater or override provided
12-07 15:36:03.982 I/TrackingFidelityService( 9367): endTransition[color]: default(1)->defaultDisplay(2), seqId=155, succeeded=true
12-07 15:36:03.982 I/SyncBossFW(  879): 86812791 [info   ] {GCM }: general_cam_mgr_start_streaming for cameras 0x30
12-07 15:36:03.946 I/[drm:dsi_display_set_mode [msm_drm]] [msm-dsi-info](    0): mdp_transfer_time=0, hactive=4128, vactive=2208, fps=72, clk_rate=0
12-07 15:36:03.989 E/SensorService( 9363): failed to handle frame metadata for cam 5 streamType 10, dropping frame!
12-07 15:36:03.992 E/SensorService( 9363): failed to handle frame metadata for cam 4 streamType 10, dropping frame!
12-07 15:36:03.993 I/DisplayDeviceRepository( 1971): Display device changed: DisplayDeviceInfo{"Built-in Screen": uniqueId="local:4630946970282026130", 4128 x 2208, modeId 50, renderFrameRate 72.00001, defaultModeId 1, supportedModes [{id=1, width=4128, height=2208, fps=90.0, alternativeRefreshRates=[], supportedHdrTypes=[1, 2, 3]}, {id=2, width=3104, height=1664, fps=90.0, alternativeRefreshRates=[], supportedHdrTypes=[1, 2, 3]}, {id=3, width=4128, height=2208, fps=120.00001, alternativeRefreshRates=[], supportedHdrTypes=[1, 2, 3]}, {id=4, width=4128, height=2208, fps=119.00001, alternativeRefreshRates=[], supportedHdrTypes=[1, 2, 3]}, {id=5, width=4128, height=2208, fps=118.0, alternativeRefreshRates=[], supportedHdrTypes=[1, 2, 3]}, {id=6, width=4128, height=2208, fps=117.00001, alternativeRefreshRates=[], supportedHdrTypes=[1, 2, 3]}, {id=7, width=4128, height=2208, fps=116.00001, alternativeRefreshRates=[], supportedHdrTypes=[1, 2, 3]}, {id=8, width=4128, height=2208, fps=115.0, alternativeRefreshRates=[], supportedHdrTypes=[1, 2, 3]}, {id=9, width=4128, height=2208, fps=114.00001, alternativeRefreshRates=[], supportedHdrTypes=[1, 2, 3]}, {id=10, width=4128, height=2208, fps=113.00001, alternativeRefreshRates=[], supportedHdrTypes=[1, 2, 3]}, {id=11, width=4128, height=2208, fps=112.00001, alternativeRefreshRates=[], supportedHdrTypes=[1, 2, 3]}, {id=12, width=4128, height=2208, fps=111.0, alternativeRefreshRates=[], supportedHdrTypes=[1, 2, 3]}, {id=13, width=4128, height=2208, fps=110.0, alternativeRefreshRates=[], supportedHdrTypes=[1, 2, 3]}, {id=14, width=4128, height=2208, fps=109.00001, alternativeRefreshRates=[], supportedHdrTypes=[1, 2, 3]}, {id=15, width=4128, height=2208, fps=108.0, alternativeRefreshRates=[], supportedHdrTypes=[1, 2, 3]}, {id=16, width=4128, height=2208, fps=107.00001, alternativeRefreshRates=[], supportedHdrTypes=[1, 2, 3]}, {id=17, width=4128, height=2208, fps=106.0, alternativeRefreshRates=[], supportedHdrTypes=[1, 2, 3]}, {id=18, width=4128, height=2208, fps=105.00001, alternativeRefreshRates=[], supportedHdrTypes=[1, 2, 3]}, {id=19, width=4128, height=2208, fps=104.00001, alternativeRefreshRates=[], supportedHdrTypes=[1, 2, 3]}, {id=20, width=4128, height=2208, fps=103.00001, alternativeRefreshRates=[], supportedHdrTypes=[1, 2, 3]}, {id=21, width=4128, height=2208, fps=102.00001, alternativeRefreshRates=[], supportedHdrTypes=[1, 2, 3]}, {id=22, width=4128, height=2208, fps=101.0, alternativeRefreshRates=[], supportedHdrTypes=[1, 2, 3]}, {id=23, width=4128, height=2208, fps=100.0, alternativeRefreshRates=[], supportedHdrTypes=[1, 2, 3]}, {id=24, width=4128, height=2208, fps=99.0, alternativeRefreshRates=[], supportedHdrTypes=[1, 2, 3]}, {id=25, width=4128, height=2208, fps=98.00001, alternativeRefreshRates=[], supportedHdrTypes=[1, 2, 3]}, {id=26, width=4128, height=2208, fps=97.0, alternativeRefreshRates=[], supportedHdrTypes=[1, 2, 3]}, {id=27, width=4128, height=2208, fps=96.00001, alternativeRefreshRates=[], supportedHdrTypes=[1, 2, 3]}, {id=28, width=4128, height=2208, fps=95.00001, alternativeRefreshRates=[], supportedHdrTypes=[1, 2, 3]}, {id=29, width=4128, height=2208, fps=94.00001, alternativeRefreshRates=[], supportedHdrTypes=[1, 2, 3]}, {id=30, width=4128, height=2208, fps=93.0, alternativeRefreshRates=[], supportedHdrTypes=[1, 2, 3]}, {id=31, width=4128, height=2208, fps=92.0, alternativeRefreshRates=[], supportedHdrTypes=[1, 2, 3]}, {id=32, width=4128, height=2208, fps=91.00001, alternativeRefreshRates=[], supportedHdrTypes=[1, 2, 3]}, {id=33, width=4128, height=2208, fps=89.0, alternativeRefreshRates=[], supportedHdrTypes=[1, 2, 3]}, {id=34, width=4128, height=2208, fps=88.0, alternativeRefreshRates=[], supportedHdrTypes=[1, 2, 3]}, {id=35, width=4128, height=2208, fps=87.00001, alternativeRefreshRates=[], supportedHdrTypes=[1, 2, 3]}, {id=36, width=4128, height=2208, fps=86.00001, alternativeRefreshRates=[], supportedHdrTypes=[1, 2, 3]}, {id=37, width=4128, height=2208, fps=85.00001, alternativeRefreshRates=[], supportedHdrTypes=[1, 2, 3]}, {id=38, width=4128, height=
12-07 15:36:03.994 D/DisplayManagerService( 1971): Ignore redundant display event 0/2 to 10079/25425
12-07 15:36:03.994 D/DisplayManagerService( 1971): Ignore redundant display event 0/2 to 10049/32634
12-07 15:36:03.994 I/SyncBossInput( 9363): [info   ] [ruby (right) 402c25cbf028a4e8]: 16048941 [info   ] {THDG}: active_seek -> inactive_seek
12-07 15:36:04.002 I/libsensortelemetry( 9363): Updating camera metrics frame period from 16666 to 13888
12-07 15:36:04.008 E/FrameSetCollator( 9363): [{COL:FOVPR}] releasing incomplete frame set: (4:0, 5:1), (deadlineMissed, muxModeMisMatch) = (1, 1), (captureDevTs, currentTs, tolerance, current+tolerance) = (86812804758000, 86812770484000, 30000, 86812770514000), (frame.slotIndex) = (0), (frame.modeIndex, frameSet.modeIndex) = (2, 0)
12-07 15:36:04.008 E/FrameSetCollator( 9363): [{COL:FOVPR}] 2 FrameSets had unexpected timestamps (in the last 1318.19ms). Ex: slot 0 86812770.484ms -> 86812804.758ms (observed period: 34.274ms, expected period: 13.888ms (20.386ms))
12-07 15:36:04.012 I/FrameSetDispatcher( 9363): [{COL:FOVPR}] 1 older Mux Mode settings are removed.
12-07 15:36:04.012 I/FrameSetDispatcher( 9363): [{COL:FOVPR}] Client pid=1157 (MrSSCamS): Remove old Mux Mode 1: slot indices: SLOT_0 
12-07 15:36:04.012 I/FrameSetDispatcher( 9363): [{COL:FOVPR}] Client pid=9368 (IOT): Remove old Mux Mode 1: slot indices: SLOT_0 
12-07 15:36:04.012 I/TrackingService( 9368): [iot:ocal] Configuration update starting
12-07 15:36:04.014 I/TrackingService( 9368): [iot:ocal] Configuration update done
12-07 15:36:04.014 I/TrackingService( 9368): [iot:ocal] Finish configuration update starting
12-07 15:36:04.014 I/TrackingService( 9368): [iot:ocal] Finish configuration update done
12-07 15:36:04.014 D/TrackingService( 9368): IOT not starting color stream while color stream is already active.
12-07 15:36:04.014 W/TrackingService( 9368): trying to start depth stream when 3-way OCal is not enabled
12-07 15:36:04.025 W/AppOps  ( 1971): Noting op not finished: uid 10053 pkg com.oculus.vrshell code 140 startTime of in progress event=1765150563958
12-07 15:36:04.061 I/SyncBossInput( 9363): [info   ] [ruby (right) 402c25cbf028a4e8]: 16316140 [info   ] {APP }: [rate_lim=1000] Waking from inactive_seek due to WOM
12-07 15:36:04.075 D/ControllerManagement( 9339): RemoteService::recordControllerStatusUpdate: device 402c25cbf028a4e8: status: CONNECTED_ACTIVE tracking: NONE, errors: --
12-07 15:36:04.079 D/ControllerManagement( 9339): RemoteService::recordControllerStatusUpdate: device 402c25cbf028a4e8: status: CONNECTED_ACTIVE tracking: NONE, errors: --
12-07 15:36:04.113 I/SyncBossInput( 9363): [info   ] [ruby (right) 402c25cbf028a4e8]: 16316259 [info   ] {IRLD}: IR LED configured: p=66664, ot=19, d=26453
12-07 15:36:04.159 I/SyncBossInput( 9363): [info   ] [ruby (right) 402c25cbf028a4e8]: 16316312 [info   ] {THDG}: inactive_seek -> active_connected
12-07 15:36:04.222 I/SyncBossInput( 9363): [info   ] [ruby (right) 402c25cbf028a4e8]: 16316390 [info   ] {INPM}:       0 [info   ] {MAIN}: v85.35.37,reg=0x7000a
12-07 15:36:04.281 I/SyncBossInput( 9363): [info   ] [ruby (right) 402c25cbf028a4e8]: 16316390 [info   ] {INPM}:       0 [info   ] {MAIN}: Reset reason: RESET_PIN 
12-07 15:36:04.345 I/SyncBossInput( 9363): [info   ] [ruby (right) 402c25cbf028a4e8]: 16316391 [info   ] {INPM}:       0 [info   ] {BOD }: BOD lev=7,reg=0x7000aIN 
12-07 15:36:04.773 I/oom_reaper(    0): reaped process 14414 (.statscollector), now anon-rss:0kB, file-rss:0kB, shmem-rss:400kB
12-07 15:36:04.818 I/ActivityManager( 1971): Process com.oculus.statscollector (pid 14414) has died: cch+65 CEM 
12-07 15:36:05.022 W/AppOps  ( 1971): Noting op not finished: uid 10053 pkg com.oculus.vrshell code 140 startTime of in progress event=1765150563958
12-07 15:36:05.095 I/SyncBossHAL( 9363): [info   ] syncboss_hal_impl_input.c(1239): Pulsar connected devices state change: 46, host current time: 139683776ms
12-07 15:36:05.095 I/SyncBossHAL( 9363): [info   ] pulsar_input_cache.c(893): Refreshing input cache
12-07 15:36:05.096 I/SyncBossHAL( 9363): [info   ] pulsar_input_cache.c(609): Enumerating f343f271512a1feb
12-07 15:36:05.098 I/SyncBossFW(  879): 86813905 [info   ] {WIHO}: Pulsar dev connected f343f271512a1feb t: 86813905ms, (type: 10001601, connection id: 0x2e, cl version: 2)
12-07 15:36:05.110 I/SyncBossHAL( 9363): [info   ] pulsar_input_cache.c(576): Enumerating device version: 85.35.37
12-07 15:36:05.166 I/SyncBossHAL( 9363): [info   ] pulsar_input_cache.c(719): Cache populated for device f343f271512a1feb
12-07 15:36:05.166 I/SyncBossHAL( 9363): [info   ] pulsar_input_cache.c(286): Finished getting cache data for controller
12-07 15:36:05.166 I/SyncBossHAL( 9363):     id            : f343f271512a1feb
12-07 15:36:05.166 I/SyncBossHAL( 9363):     pulsar_type   : 0x10001601
12-07 15:36:05.166 I/SyncBossHAL( 9363):     connection id : 0x2e
12-07 15:36:05.166 I/SyncBossHAL( 9363):     fw ver        : 85.35.37
12-07 15:36:05.166 I/SyncBossHAL( 9363):     spl ver       : 1.5.11
12-07 15:36:05.166 I/SyncBossHAL( 9363):     serial        : 2G0YYJ2F7Q0317
12-07 15:36:05.166 I/SyncBossHAL( 9363):     handedness    : left
12-07 15:36:05.166 I/SyncBossHAL( 9363):     battery state : 80%
12-07 15:36:05.166 I/SyncBossHAL( 9363): [info   ] pulsar_input_cache.c(909): Cache refresh complete in 71ms
12-07 15:36:05.166 I/SyncBossHAL( 9363): [info   ] pulsar_manager.c(180): Setting controller ID 402c25cbf028a4e8 LED config to period: 66664us, on-time: 19us, delay: 26453us
12-07 15:36:05.168 D/SensorService( 9363): Syncboss input 402c25cbf028a4e8 hardware type 6, subtype 2, revision 0x10
12-07 15:36:05.168 I/SensorService( 9363): preparePairedControllerInfo is adding device with valid 1
12-07 15:36:05.168 D/SensorService( 9363): Syncboss input f343f271512a1feb hardware type 6, subtype 1, revision 0x10
12-07 15:36:05.168 I/SensorService( 9363): preparePairedControllerInfo is adding device with valid 1
12-07 15:36:05.169 D/SensorService( 9363): stateChangeNotifierFunc(): Reporting controller info. Change token: 87, paired=2 connected=2
12-07 15:36:05.169 D/ControllerManagement( 9339): processStateChange([PairedControllerInfo RUBY 402c25cbf028a4e8 connected detached mcnt=2])
12-07 15:36:05.170 I/SyncBossHAL( 9363): [info   ] pulsar_manager.c(180): Setting controller ID f343f271512a1feb LED config to period: 66664us, on-time: 19us, delay: 26453us
12-07 15:36:05.171 D/SensorService( 9363): Found paired controllers: 2
12-07 15:36:05.171 D/SensorService( 9363): Syncboss input 402c25cbf028a4e8 hardware type 6, subtype 2, revision 0x10
12-07 15:36:05.171 I/SensorService( 9363): preparePairedControllerInfo is adding device with valid 1
12-07 15:36:05.171 D/SensorService( 9363): Syncboss input f343f271512a1feb hardware type 6, subtype 1, revision 0x10
12-07 15:36:05.171 I/SensorService( 9363): preparePairedControllerInfo is adding device with valid 1
12-07 15:36:05.171 D/ControllerManagement( 9339): processStateChange([PairedControllerInfo RUBY f343f271512a1feb connected detached mcnt=2])
12-07 15:36:05.171 I/ControllerManagement( 9339): ControllerGlue: f343f271512a1feb: boostControllerTxPower: controllerType=RUBY, countryCode=US, txPower=8
12-07 15:36:05.171 D/SensorService( 9363): ControllerProvider: Successfully set tx power to 8, filter to 8
12-07 15:36:05.172 D/ControllerManagement( 9339): RemoteService::recordControllerStatusUpdate: device f343f271512a1feb: status: CONNECTED_ACTIVE tracking: NONE, errors: --
12-07 15:36:05.173 D/SensorService( 9363): Found paired controllers: 2
12-07 15:36:05.173 D/SensorService( 9363): Syncboss input 402c25cbf028a4e8 hardware type 6, subtype 2, revision 0x10
12-07 15:36:05.173 I/SensorService( 9363): preparePairedControllerInfo is adding device with valid 1
12-07 15:36:05.173 D/SensorService( 9363): Syncboss input f343f271512a1feb hardware type 6, subtype 1, revision 0x10
12-07 15:36:05.173 I/SensorService( 9363): preparePairedControllerInfo is adding device with valid 1
12-07 15:36:05.176 D/SensorService( 9363): Found paired controllers: 2
12-07 15:36:05.176 D/SensorService( 9363): Syncboss input 402c25cbf028a4e8 hardware type 6, subtype 2, revision 0x10
12-07 15:36:05.176 I/SensorService( 9363): preparePairedControllerInfo is adding device with valid 1
12-07 15:36:05.176 D/SensorService( 9363): Syncboss input f343f271512a1feb hardware type 6, subtype 1, revision 0x10
12-07 15:36:05.176 I/SensorService( 9363): preparePairedControllerInfo is adding device with valid 1
12-07 15:36:05.176 D/TrackingService( 9368): Creating RemoteConstellationTrackedDevice
12-07 15:36:05.176 I/SyncBossHAL( 9363): [info   ] pulsar_manager.c(327): Setting transmit power for all connected controllers to 8 dBm
12-07 15:36:05.176 I/TrackingService( 9368): Registering primary controller f343f271512a1feb in LEFT slot
12-07 15:36:05.176 D/ControllerManagement( 9339): RemoteService::recordControllerStatusUpdate: device f343f271512a1feb: status: CONNECTED_ACTIVE tracking: NONE, errors: --
12-07 15:36:05.177 D/TrackingService( 9368): registerRemote: f343f271512a1feb
12-07 15:36:05.136 I/input   (    0): Device 0xF343F271512A1FEB as /devices/virtual/input/input74
12-07 15:36:05.178 I/SyncBossHAL( 9363): [info   ] pulsar_manager.c(327): Setting filter transmit power for all connected controllers to 8 dBm
12-07 15:36:05.180 D/DisplayManagerService( 1971): Ignore redundant display event 0/2 to 10079/25425
12-07 15:36:05.180 D/DisplayManagerService( 1971): Ignore redundant display event 0/2 to 10049/32634
12-07 15:36:05.192 D/ControllerManagement( 9339): RemoteService::recordControllerStatusUpdate: device f343f271512a1feb: status: CONNECTED_ACTIVE tracking: NONE, errors: --
12-07 15:36:05.213 I/SyncBossInput( 9363): [info   ] [ruby ( left) f343f271512a1feb]: 2485920 [info   ] {THDG}: active_connected -> active_seek
12-07 15:36:05.221 I/SyncBossInput( 9363): [info   ] [ruby (right) 402c25cbf028a4e8]: 16317557 [info   ] {IRLD}: IR LED configured: p=66664, ot=19, d=26453
12-07 15:36:05.223 W/NotificationHistory( 1971): Attempted to add notif for locked/gone/disabled user 0
12-07 15:36:05.227 I/SyncBossHAL( 9363): [info   ] syncboss_hal_input_controller.c(186): Controller f343f271512a1feb battery level changed: 0% -> 80%
12-07 15:36:05.229 D/SensorService( 9363): Syncboss input 402c25cbf028a4e8 hardware type 6, subtype 2, revision 0x10
12-07 15:36:05.229 I/SensorService( 9363): preparePairedControllerInfo is adding device with valid 1
12-07 15:36:05.229 D/SensorService( 9363): Syncboss input f343f271512a1feb hardware type 6, subtype 1, revision 0x10
12-07 15:36:05.229 I/SensorService( 9363): preparePairedControllerInfo is adding device with valid 1
12-07 15:36:05.230 D/SensorService( 9363): stateChangeNotifierFunc(): Reporting controller info. Change token: 88, paired=2 connected=2
12-07 15:36:05.231 D/ControllerManagement( 9339): processStateChange([PairedControllerInfo RUBY 402c25cbf028a4e8 connected detached mcnt=2])
12-07 15:36:05.233 D/SensorService( 9363): Found paired controllers: 2
12-07 15:36:05.233 D/SensorService( 9363): Syncboss input 402c25cbf028a4e8 hardware type 6, subtype 2, revision 0x10
12-07 15:36:05.233 I/SensorService( 9363): preparePairedControllerInfo is adding device with valid 1
12-07 15:36:05.233 D/SensorService( 9363): Syncboss input f343f271512a1feb hardware type 6, subtype 1, revision 0x10
12-07 15:36:05.233 I/SensorService( 9363): preparePairedControllerInfo is adding device with valid 1
12-07 15:36:05.233 D/ControllerManagement( 9339): processStateChange([PairedControllerInfo RUBY f343f271512a1feb connected detached mcnt=2])
12-07 15:36:05.235 D/SensorService( 9363): Found paired controllers: 2
12-07 15:36:05.235 D/SensorService( 9363): Syncboss input 402c25cbf028a4e8 hardware type 6, subtype 2, revision 0x10
12-07 15:36:05.235 I/SensorService( 9363): preparePairedControllerInfo is adding device with valid 1
12-07 15:36:05.235 D/SensorService( 9363): Syncboss input f343f271512a1feb hardware type 6, subtype 1, revision 0x10
12-07 15:36:05.235 I/SensorService( 9363): preparePairedControllerInfo is adding device with valid 1
12-07 15:36:05.254 I/SyncBossInput( 9363): [info   ] [ruby ( left) f343f271512a1feb]: 2515984 [info   ] {INPM}: Input MCU put to sleep
12-07 15:36:05.269 D/TrackingService( 9368): 402c25cbf028a4e8: isControllerInHand(139683.95s): 1 ctEnabled: 0 btnPress(139683.95s): 1 *btnOrTpdTouch: 0 *btnOrTpdProx: 0 thbstkOffCenter: 1 
12-07 15:36:05.269 D/TrackingService( 9368): [HANDTRACKING] Controller 402c25cbf028a4e8 in hand: Y, valid: Y
12-07 15:36:05.270 D/ControllerManagement( 9339): RemoteService::recordControllerStatusUpdate: device 402c25cbf028a4e8: status: CONNECTED_ACTIVE tracking: NONE, errors: --
12-07 15:36:05.283 I/TrackingFidelityService( 9367): Received hand/controller update: hand_tracking_enabled
12-07 15:36:05.288 I/TrackingFidelityService( 9367): checkMultimodalFeature: Attempt made to enable multimodal hands+controllers when not supported by app
12-07 15:36:05.288 W/TrackingFidelityService( 9367): Fidelity data undefined in catalog for enabling feature like controller_selftracked. 126 similar misses.
12-07 15:36:05.288 I/TrackingFidelityService( 9367): Request(s)={constellation:5,controller_selftracked:5,hands:0,environment_lighting:0,keyboard:0,scene_reconstruction:0,}, Mux mode idx=1, name=lowLightController, score=-1960
12-07 15:36:05.288 I/TrackingFidelityService( 9367): beginTransition[worldTracking]: lowLightHands(8)->lowLightController(1)
12-07 15:36:05.288 I/TrackingFidelityService( 9367): _applyMuxModeLockedInternal: Applying camera mux mode lowLightController via requestFeaturesWithFidelitiesLocked
12-07 15:36:05.288 I/SensorService( 9363): [worldTracking] Setting camera mux mode to 1
12-07 15:36:05.289 I/SensorService( 9363): updating CameraStream mux states
12-07 15:36:05.289 I/SensorDataTransforms( 9368): [constellation:ambient_controller] Staging mux mode updates for {worldTracking: ind-1, seqId-156},
12-07 15:36:05.289 I/SensorDataTransforms( 9368): [constellation:ambient_controller] Mux mode updates successfully staged
12-07 15:36:05.289 D/TrackingService( 9368): [constellation:ambient_controller]Queue mux mode update notification: lowLightController
12-07 15:36:05.290 I/SensorDataTransforms( 9368): [ExpCtl:exposure_control_worldTracking] Staging mux mode updates for {worldTracking: ind-1, seqId-156},
12-07 15:36:05.290 I/SensorDataTransforms( 9368): [ExpCtl:exposure_control_worldTracking] Signaling start of the mode transition
12-07 15:36:05.291 I/SensorDataTransforms( 1157): [MrStreamControl:mr_monochrome] Staging mux mode updates for {worldTracking: ind-1, seqId-156},
12-07 15:36:05.291 I/SensorDataTransforms( 1157): [MrStreamControl:mr_monochrome] Signaling start of the mode transition
12-07 15:36:05.291 I/SensorDataTransforms( 1157): [MrStreamControl:mr_monochrome] Mux mode updates successfully staged
12-07 15:36:05.291 D/TrackingService( 9368): [ambient_controller]start onMuxStateUpdate. ModeId: lowLightHands -> lowLightController
12-07 15:36:05.291 D/TrackingService( 9368): [constellation][ambient_controller]handleMuxModeNotification started for muxMode[worldTracking: lowLightController]
12-07 15:36:05.291 I/SensorDataTransforms( 9368): [constellation:constellation] Staging mux mode updates for {worldTracking: ind-1, seqId-156},
12-07 15:36:05.291 I/SensorDataTransforms( 9368): [constellation:constellation] Mux mode updates successfully staged
12-07 15:36:05.291 D/TrackingService( 9368): [constellation:constellation]Queue mux mode update notification: lowLightController
12-07 15:36:05.291 I/SensorDataTransforms( 9368): [ExpCtl:exposure_control_worldTracking] Mux mode updates successfully staged
12-07 15:36:05.291 I/SensorDataTransforms( 9368): [object:object] Staging mux mode updates for {worldTracking: ind-1, seqId-156},
12-07 15:36:05.291 I/SensorDataTransforms( 9368): [object:object] Mux mode updates successfully staged
12-07 15:36:05.291 D/TrackingService( 9368): [object:object]Queue mux mode update notification: lowLightController
12-07 15:36:05.291 D/TrackingService( 9368): [object]start onMuxStateUpdate. ModeId: lowLightHands -> lowLightController
12-07 15:36:05.291 D/TrackingService( 9368): [object][object]handleMuxModeNotification started for muxMode[worldTracking: lowLightController]
12-07 15:36:05.291 D/TrackingService( 9368): [object][object]handleMuxModeNotification finished for muxMode[worldTracking: lowLightController]
12-07 15:36:05.291 D/TrackingService( 9368): [object]end onMuxStateUpdate. ModeId: lowLightHands -> lowLightController
12-07 15:36:05.291 I/TrackingService( 9368): [                   object:object] Mux Mode Transition from sensor service: lowLightHands -> lowLightController transition time: 0 ms
