12-07 15:36:08.723 I/VolumetricWindow( 1971): Releasing volumetric window, WindowContainerToken: null, persistable token: 79e50f8e-f693-4fc3-9cb7-7b8e7a4de807
12-07 15:36:08.724 I/DisplayDeviceRepository( 1971): Display device removed: DisplayDeviceInfo{"MirrorRoot for 79e50f8e-f693-4fc3-9cb7-7b8e7a4de807": uniqueId="virtual:android,1000,MirrorRoot for 79e50f8e-f693-4fc3-9cb7-7b8e7a4de807,0", 67 x 564, modeId 1463, renderFrameRate 60.0, defaultModeId 1463, supportedModes [{id=1463, width=67, height=564, fps=60.0, alternativeRefreshRates=[], supportedHdrTypes=[]}], colorMode 0, supportedColorModes [0], hdrCapabilities null, allmSupported false, gameContentTypeSupported false, density 200, 200.0 x 200.0 dpi, appVsyncOff 0, presDeadline 16666666, touch NONE, rotation 0, type VIRTUAL, deviceProductInfo null, state ON, committedState UNKNOWN, owner android (uid 1000), frameRateOverride , brightnessMinimum 0.0, brightnessMaximum 0.0, brightnessDefault 0.0, hdrSdrRatio NaN, FLAG_SECURE, FLAG_SUPPORTS_PROTECTED_BUFFERS, FLAG_OWN_CONTENT_ONLY, FLAG_DESTROY_CONTENT_ON_REMOVAL, installOrientation 0, displayShape DisplayShape{ spec=585457113 displayWidth=67 displayHeight=564 physicalPixelDisplaySizeRatio=1.0 rotation=0 offsetX=0 offsetY=0 scale=1.0}}
12-07 15:36:08.725 I/LogicalDisplayMapper( 1971): Removing display: 1082
12-07 15:36:08.727 I/VolumetricContainerPlacement( 1971): released: ContainerPlacement{mId=9, mBounds=Rect(72000, 0 - 80000, 8000)}
12-07 15:36:08.739 I/OculusWindowMgr( 1971): OWMS::focusChanged: windowRootTaskId: 11
12-07 15:36:08.739 I/OculusWindowMgr( 1971): OWMS::focusChanged: getImmersiveTask returned
12-07 15:36:08.739 I/OculusWindowMgr( 1971): OWMS::focusChanged: mFocusPlaceholderActivity found in Task.
12-07 15:36:08.740 D/ActivityTaskManager( 1971): getDisplaysWithTopActivities: immersive ActivityRecord{224fcee u0 com.oculus.vrshell/.HomeActivity t2465}
12-07 15:36:08.740 D/VolumetricContentMonitor( 1971): Focused window changed to RunningWindowInfo{  pid: 26939, uid: 10087, userId: 0, windowContainerToken: 246953087, windowToken: android.view.IWindow$Stub$Proxy@da73c4c, windowId: com.android.server.wm.WindowState$WindowId@35c0495, displayId: 0, windowType: 1, activity: RunningActivityInfo { rootTask: 11, uid: 10087, pid: 26939, userId: 0, activity: com.oculus.mrds.msft.connectactivity.ConnectActivity, windowId: com.android.server.wm.WindowState$WindowId@35c0495, state: ACTIVITY_STATE_VISIBLE}}, from android.view.IWindow$Stub$Proxy@1b38ad3
12-07 15:36:08.740 V/WorldManagerService( 1971): VW Content Listener: com.oculus.panelapp.library -1
12-07 15:36:08.742 W/WindowManager( 1971): Failed looking up window session=Session{883cab7 32634:u0a10049} callers=com.android.server.wm.WindowManagerService.windowForClientLocked:6161 com.android.server.wm.WindowManagerService.removeWindow:1985 com.android.server.wm.Session.remove:231 
12-07 15:36:08.742 D/SpatialAudioService( 1971): Skipping processing for app: com.oculus.panelapp.library (isNewApp: false, perAppEnabled: true, epsService: true)
12-07 15:36:08.742 V/WorldManagerService( 1971): VW Content Listener: com.oculus.mrds -1
12-07 15:36:08.742 I/SpatialWindowResourceService( 1971): setWindowFrameRate() token: horizonos.view.VolumetricWindowToken$InternalVolumetricToken@54e7d2e framerate: 1.0
12-07 15:36:08.742 I/SpatialWindowResourceService( 1971): setWindowFrameRate() token: horizonos.view.VolumetricWindowToken$InternalVolumetricToken@6afe859 framerate: 0.0
12-07 15:36:08.749 D/SpatialAudioService( 1971): Skipping processing for app: com.oculus.mrds (isNewApp: false, perAppEnabled: true, epsService: true)
12-07 15:36:09.238 E/TaskPersister( 1971): File error accessing recents directory (directory doesn't exist?).
12-07 15:36:09.665 D/CoreBackPreview( 1971): Window{f407f10 u0 com.example.moonlight_spatialsdk/com.example.moonlight_spatialsdk.PancakeActivity}: Setting back callback OnBackInvokedCallbackInfo{mCallback=android.window.IOnBackInvokedCallback$Stub$Proxy@ec656e6, mPriority=0, mIsAnimationCallback=false}
12-07 15:36:09.726 I/OculusWindowMgr( 1971): OWMS::focusChanged: windowRootTaskId: 13
12-07 15:36:09.727 I/OculusWindowMgr( 1971): OWMS::focusChanged: getImmersiveTask returned
12-07 15:36:09.727 I/OculusWindowMgr( 1971): OWMS::focusChanged: mFocusPlaceholderActivity found in Task.
12-07 15:36:09.727 D/ActivityTaskManager( 1971): getDisplaysWithTopActivities: immersive ActivityRecord{224fcee u0 com.oculus.vrshell/.HomeActivity t2465}
12-07 15:36:09.728 D/VolumetricContentMonitor( 1971): Focused window changed to RunningWindowInfo{  pid: 19902, uid: 10176, userId: 0, windowContainerToken: 80823335, windowToken: android.view.IWindow$Stub$Proxy@d0816d4, windowId: com.android.server.wm.WindowState$WindowId@f5e807d, displayId: 0, windowType: 1, activity: RunningActivityInfo { rootTask: 13, uid: 10176, pid: 19902, userId: 0, activity: com.example.moonlight_spatialsdk.PancakeActivity, windowId: com.android.server.wm.WindowState$WindowId@f5e807d, state: ACTIVITY_STATE_VISIBLE}}, from android.view.IWindow$Stub$Proxy@da73c4c
12-07 15:36:09.729 V/WorldManagerService( 1971): VW Content Listener: com.oculus.mrds -1
12-07 15:36:09.729 D/SpatialAudioService( 1971): Skipping processing for app: com.oculus.mrds (isNewApp: false, perAppEnabled: true, epsService: true)
12-07 15:36:09.729 V/WorldManagerService( 1971): VW Content Listener: com.example.moonlight_spatialsdk -1
12-07 15:36:09.729 I/SpatialWindowResourceService( 1971): setWindowFrameRate() token: horizonos.view.VolumetricWindowToken$InternalVolumetricToken@6afe859 framerate: 0.0
12-07 15:36:09.729 I/SpatialWindowResourceService( 1971): setWindowFrameRate() token: horizonos.view.VolumetricWindowToken$InternalVolumetricToken@bec2d56 framerate: 0.0
12-07 15:36:09.731 D/SpatialAudioService( 1971): Skipping processing for app: com.example.moonlight_spatialsdk (isNewApp: false, perAppEnabled: true, epsService: true)
12-07 15:36:09.699 I/servicemanager(    0): Could not find android.hardware.graphics.allocator.IAllocator/default in the VINTF manifest.
12-07 15:36:09.701 I/servicemanager(    0): Could not find android.hardware.graphics.allocator.IAllocator/default in the VINTF manifest.
12-07 15:36:09.826 D/CompatibilityChangeReporter( 1971): Compat change id reported: 214016041; UID 10176; state: ENABLED
--------- beginning of main
12-07 15:36:09.971 E/TrackedObjectManager( 2832): Failed to connect to TrackedObjectService with error Status(-129, EX_TRANSACTION_FAILED): 'DEAD_OBJECT: '
12-07 15:36:09.971 E/TrackedObjectManager( 2832): Failed to start tracking keyboard object with error Status(-129, EX_TRANSACTION_FAILED): 'DEAD_OBJECT: '
12-07 15:36:09.982 D/WifiNl80211Manager( 1971): Scan result ready event
12-07 15:36:09.982 D/WifiNative( 1971): Scan result ready event
12-07 15:36:09.984 W/IE_Capabilities( 1971): Unknown RSN cipher suite: 6ac0f00
12-07 15:36:09.984 W/IE_Capabilities( 1971): Unknown RSN cipher suite: 6ac0f00
12-07 15:36:09.984 W/IE_Capabilities( 1971): Unknown RSN cipher suite: 6ac0f00
12-07 15:36:09.984 W/IE_Capabilities( 1971): Unknown RSN cipher suite: 6ac0f00
12-07 15:36:09.984 W/IE_Capabilities( 1971): Unknown RSN cipher suite: 6ac0f00
12-07 15:36:09.984 W/IE_Capabilities( 1971): Unknown RSN cipher suite: 6ac0f00
12-07 15:36:09.984 W/IE_Capabilities( 1971): Unknown RSN cipher suite: 6ac0f00
12-07 15:36:09.941 I/wlan    ( 4847): [4847:I:OSIF] vdev 0, scan id 41049 type COMPLETED(1) reason COMPLETED(1) scan found 105 bss
12-07 15:36:09.984 W/IE_Capabilities( 1971): Unknown RSN cipher suite: 6ac0f00
12-07 15:36:09.984 W/IE_Capabilities( 1971): Unknown RSN cipher suite: 6ac0f00
12-07 15:36:09.984 W/IE_Capabilities( 1971): Unknown RSN cipher suite: 6ac0f00
12-07 15:36:09.984 W/IE_Capabilities( 1971): Unknown RSN cipher suite: 6ac0f00
12-07 15:36:09.984 W/IE_Capabilities( 1971): Unknown RSN cipher suite: 6ac0f00
12-07 15:36:09.984 W/IE_Capabilities( 1971): Unknown RSN cipher suite: 6ac0f00
12-07 15:36:09.984 E/TrackedObjectManager( 2832): Failed to connect to TrackedObjectService with error Status(-129, EX_TRANSACTION_FAILED): 'DEAD_OBJECT: '
12-07 15:36:09.984 W/IE_Capabilities( 1971): Unknown RSN cipher suite: 6ac0f00
12-07 15:36:09.984 W/OSDynamicObjectDataQuerier( 2832): Attempted to start tracking objects when tracker was already started
12-07 15:36:09.984 E/TrackedObjectManager( 2832): Failed to connect to TrackedObjectService with error Status(-129, EX_TRANSACTION_FAILED): 'DEAD_OBJECT: '
12-07 15:36:09.984 E/TrackedObjectManager( 2832): Failed to start tracking keyboard object with error Status(-129, EX_TRANSACTION_FAILED): 'DEAD_OBJECT: '
12-07 15:36:09.985 W/IE_Capabilities( 1971): Unknown RSN cipher suite: 6ac0f00
12-07 15:36:09.985 W/IE_Capabilities( 1971): Unknown RSN cipher suite: 6ac0f00
12-07 15:36:09.985 W/IE_Capabilities( 1971): Unknown RSN cipher suite: 6ac0f00
12-07 15:36:09.985 W/IE_Capabilities( 1971): Unknown RSN cipher suite: 6ac0f00
12-07 15:36:09.985 W/IE_Capabilities( 1971): Unknown RSN cipher suite: 6ac0f00
12-07 15:36:09.985 W/IE_Capabilities( 1971): Unknown RSN cipher suite: 6ac0f00
12-07 15:36:09.985 W/IE_Capabilities( 1971): Unknown RSN cipher suite: 6ac0f00
12-07 15:36:09.985 W/IE_Capabilities( 1971): Unknown RSN cipher suite: 6ac0f00
12-07 15:36:09.985 W/IE_Capabilities( 1971): Unknown RSN cipher suite: 6ac0f00
12-07 15:36:09.985 W/IE_Capabilities( 1971): Unknown RSN cipher suite: 6ac0f00
12-07 15:36:09.985 W/IE_Capabilities( 1971): Unknown RSN cipher suite: 6ac0f00
12-07 15:36:09.985 W/IE_Capabilities( 1971): Unknown RSN cipher suite: 6ac0f00
12-07 15:36:09.985 W/IE_Capabilities( 1971): Unknown RSN cipher suite: 6ac0f00
12-07 15:36:09.985 W/IE_Capabilities( 1971): Unknown RSN cipher suite: 6ac0f00
12-07 15:36:09.986 W/IE_Capabilities( 1971): Unknown RSN cipher suite: 6ac0f00
12-07 15:36:09.986 W/IE_Capabilities( 1971): Unknown RSN cipher suite: 6ac0f00
12-07 15:36:09.988 W/IE_Capabilities( 1971): Unknown RSN cipher suite: 6ac0f00
12-07 15:36:09.988 W/IE_Capabilities( 1971): Unknown RSN cipher suite: 6ac0f00
12-07 15:36:09.988 W/IE_Capabilities( 1971): Unknown RSN cipher suite: 6ac0f00
12-07 15:36:09.988 W/IE_Capabilities( 1971): Unknown RSN cipher suite: 6ac0f00
12-07 15:36:09.988 W/IE_Capabilities( 1971): Unknown RSN cipher suite: 6ac0f00
12-07 15:36:09.988 W/IE_Capabilities( 1971): Unknown RSN cipher suite: 6ac0f00
12-07 15:36:09.988 W/IE_Capabilities( 1971): Unknown RSN cipher suite: 6ac0f00
12-07 15:36:09.988 W/IE_Capabilities( 1971): Unknown RSN cipher suite: 6ac0f00
12-07 15:36:09.988 W/IE_Capabilities( 1971): Unknown RSN cipher suite: 6ac0f00
12-07 15:36:09.988 W/IE_Capabilities( 1971): Unknown RSN cipher suite: 6ac0f00
12-07 15:36:09.988 W/IE_Capabilities( 1971): Unknown RSN cipher suite: 6ac0f00
12-07 15:36:09.989 W/IE_Capabilities( 1971): Unknown RSN cipher suite: 6ac0f00
12-07 15:36:09.989 W/IE_Capabilities( 1971): Unknown RSN cipher suite: 6ac0f00
12-07 15:36:09.989 W/IE_Capabilities( 1971): Unknown RSN cipher suite: 6ac0f00
12-07 15:36:09.989 W/IE_Capabilities( 1971): Unknown RSN cipher suite: 6ac0f00
12-07 15:36:09.989 W/IE_Capabilities( 1971): Unknown RSN cipher suite: 6ac0f00
12-07 15:36:09.989 W/IE_Capabilities( 1971): Unknown RSN cipher suite: 6ac0f00
12-07 15:36:09.989 W/IE_Capabilities( 1971): Unknown RSN cipher suite: 6ac0f00
12-07 15:36:09.989 W/IE_Capabilities( 1971): Unknown RSN cipher suite: 6ac0f00
12-07 15:36:09.989 W/IE_Capabilities( 1971): Unknown RSN cipher suite: 6ac0f00
12-07 15:36:09.989 W/IE_Capabilities( 1971): Unknown RSN cipher suite: 6ac0f00
12-07 15:36:09.989 W/IE_Capabilities( 1971): Unknown RSN cipher suite: 6ac0f00
12-07 15:36:09.990 W/IE_Capabilities( 1971): Unknown RSN cipher suite: 6ac0f00
12-07 15:36:09.990 W/IE_Capabilities( 1971): Unknown RSN cipher suite: 6ac0f00
12-07 15:36:09.990 W/IE_Capabilities( 1971): Unknown RSN cipher suite: 6ac0f00
12-07 15:36:09.990 W/IE_Capabilities( 1971): Unknown RSN cipher suite: 6ac0f00
12-07 15:36:09.990 W/IE_Capabilities( 1971): Unknown RSN cipher suite: 6ac0f00
12-07 15:36:09.990 W/IE_Capabilities( 1971): Unknown RSN cipher suite: 6ac0f00
12-07 15:36:09.990 W/IE_Capabilities( 1971): Unknown RSN cipher suite: 6ac0f00
12-07 15:36:09.990 W/IE_Capabilities( 1971): Unknown RSN cipher suite: 6ac0f00
12-07 15:36:09.990 W/IE_Capabilities( 1971): Unknown RSN cipher suite: 6ac0f00
12-07 15:36:09.990 W/IE_Capabilities( 1971): Unknown RSN cipher suite: 6ac0f00
12-07 15:36:09.990 W/IE_Capabilities( 1971): Unknown RSN cipher suite: 6ac0f00
12-07 15:36:09.990 W/IE_Capabilities( 1971): Unknown RSN cipher suite: 6ac0f00
12-07 15:36:09.990 W/IE_Capabilities( 1971): Unknown RSN cipher suite: 6ac0f00
12-07 15:36:09.990 W/IE_Capabilities( 1971): Unknown RSN cipher suite: 6ac0f00
12-07 15:36:09.990 W/IE_Capabilities( 1971): Unknown RSN cipher suite: 6ac0f00
12-07 15:36:09.990 W/IE_Capabilities( 1971): Unknown RSN cipher suite: 6ac0f00
12-07 15:36:09.991 W/IE_Capabilities( 1971): Unknown RSN cipher suite: 6ac0f00
12-07 15:36:09.991 W/IE_Capabilities( 1971): Unknown RSN cipher suite: 6ac0f00
12-07 15:36:09.991 W/IE_Capabilities( 1971): Unknown RSN cipher suite: 6ac0f00
12-07 15:36:09.991 W/IE_Capabilities( 1971): Unknown RSN cipher suite: 6ac0f00
12-07 15:36:09.991 W/IE_Capabilities( 1971): Unknown RSN cipher suite: 6ac0f00
12-07 15:36:09.991 W/IE_Capabilities( 1971): Unknown RSN cipher suite: 6ac0f00
12-07 15:36:09.991 W/IE_Capabilities( 1971): Unknown RSN cipher suite: 6ac0f00
12-07 15:36:09.991 W/IE_Capabilities( 1971): Unknown RSN cipher suite: 6ac0f00
12-07 15:36:09.991 W/IE_Capabilities( 1971): Unknown RSN cipher suite: 6ac0f00
12-07 15:36:09.991 W/IE_Capabilities( 1971): Unknown RSN cipher suite: 6ac0f00
12-07 15:36:09.991 W/IE_Capabilities( 1971): Unknown RSN cipher suite: 6ac0f00
12-07 15:36:09.991 W/IE_Capabilities( 1971): Unknown RSN cipher suite: 6ac0f00
12-07 15:36:09.991 W/IE_Capabilities( 1971): Unknown RSN cipher suite: 6ac0f00
12-07 15:36:09.991 W/IE_Capabilities( 1971): Unknown RSN cipher suite: 6ac0f00
12-07 15:36:09.992 W/IE_Capabilities( 1971): Unknown RSN cipher suite: 6ac0f00
12-07 15:36:09.992 W/IE_Capabilities( 1971): Unknown RSN cipher suite: 6ac0f00
12-07 15:36:09.992 W/IE_Capabilities( 1971): Unknown RSN cipher suite: 6ac0f00
12-07 15:36:09.992 W/IE_Capabilities( 1971): Unknown RSN cipher suite: 6ac0f00
12-07 15:36:09.992 W/IE_Capabilities( 1971): Unknown RSN cipher suite: 6ac0f00
12-07 15:36:09.992 W/IE_Capabilities( 1971): Unknown RSN cipher suite: 6ac0f00
12-07 15:36:09.992 W/IE_Capabilities( 1971): Unknown RSN cipher suite: 6ac0f00
12-07 15:36:09.992 W/IE_Capabilities( 1971): Unknown RSN cipher suite: 6ac0f00
12-07 15:36:09.998 I/Tracking( 9368): GeoInfoServiceManager: Trying to start location service
12-07 15:36:09.998 E/TrackedObjectManager( 2832): Failed to connect to TrackedObjectService with error Status(-129, EX_TRANSACTION_FAILED): 'DEAD_OBJECT: '
12-07 15:36:09.998 W/OSDynamicObjectDataQuerier( 2832): Attempted to start tracking objects when tracker was already started
12-07 15:36:09.998 E/TrackedObjectManager( 2832): Failed to connect to TrackedObjectService with error Status(-129, EX_TRANSACTION_FAILED): 'DEAD_OBJECT: '
12-07 15:36:09.998 E/TrackedObjectManager( 2832): Failed to start tracking keyboard object with error Status(-129, EX_TRANSACTION_FAILED): 'DEAD_OBJECT: '
12-07 15:36:10.006 D/PasspointManager( 1971): ANQP entry not found for: a2:09:0d:ab:96:45:<Beacon_6G>
12-07 15:36:10.007 D/PasspointManager( 1971): ANQP entry not found for: a2:09:0d:ab:96:46:<>
12-07 15:36:10.007 D/PasspointManager( 1971): ANQP entry not found for: ba:09:0d:ab:96:48:<Beacon>
12-07 15:36:10.007 D/PasspointManager( 1971): ANQP entry not found for: 9a:09:0d:ab:96:44:<Beacon>
12-07 15:36:10.007 D/PasspointManager( 1971): ANQP entry not found for: 9a:09:0d:ab:96:45:<>
12-07 15:36:10.013 E/TrackedObjectManager( 2832): Failed to connect to TrackedObjectService with error Status(-129, EX_TRANSACTION_FAILED): 'DEAD_OBJECT: '
12-07 15:36:10.013 W/OSDynamicObjectDataQuerier( 2832): Attempted to start tracking objects when tracker was already started
12-07 15:36:10.013 E/TrackedObjectManager( 2832): Failed to connect to TrackedObjectService with error Status(-129, EX_TRANSACTION_FAILED): 'DEAD_OBJECT: '
12-07 15:36:10.013 E/TrackedObjectManager( 2832): Failed to start tracking keyboard object with error Status(-129, EX_TRANSACTION_FAILED): 'DEAD_OBJECT: '
12-07 15:36:10.026 E/TrackedObjectManager( 2832): Failed to connect to TrackedObjectService with error Status(-129, EX_TRANSACTION_FAILED): 'DEAD_OBJECT: '
12-07 15:36:10.026 W/OSDynamicObjectDataQuerier( 2832): Attempted to start tracking objects when tracker was already started
12-07 15:36:10.026 E/TrackedObjectManager( 2832): Failed to connect to TrackedObjectService with error Status(-129, EX_TRANSACTION_FAILED): 'DEAD_OBJECT: '
12-07 15:36:10.026 E/TrackedObjectManager( 2832): Failed to start tracking keyboard object with error Status(-129, EX_TRANSACTION_FAILED): 'DEAD_OBJECT: '
12-07 15:36:10.029 V/telemetry-statsd( 1126): Fetched statsd reports. Config: 2 UID 1000 Initiator: periodic Report size: 86505
12-07 15:36:10.029 V/telemetry-statsd( 1126): Fetched statsd reports. Config: 12 UID 1000 Initiator: periodic Report size: 170999
12-07 15:36:10.029 V/telemetry-statsd( 1126): Fetched statsd reports. Config: 3 UID 1000 Initiator: periodic Report size: 12812
12-07 15:36:10.029 V/telemetry-statsd( 1126): Fetched statsd reports. Config: 5 UID 1000 Initiator: periodic Report size: 12832
12-07 15:36:10.029 V/telemetry-statsd( 1126): Fetched statsd reports. Config: 6 UID 1000 Initiator: periodic Report size: 12188
12-07 15:36:10.029 V/telemetry-statsd( 1126): Fetched statsd reports. Config: 7 UID 1000 Initiator: periodic Report size: 12188
12-07 15:36:10.029 V/telemetry-statsd( 1126): Fetched statsd reports. Config: 8 UID 1000 Initiator: periodic Report size: 12188
12-07 15:36:10.029 V/telemetry-statsd( 1126): Fetched statsd reports. Config: 9 UID 1000 Initiator: periodic Report size: 12188
12-07 15:36:10.030 I/telemetry-statsd( 1126): Merging CrcsSignalProvider atoms from 198900000000000 to 198960000000000
12-07 15:36:10.030 I/telemetry-statsd( 1126): Merging CrcsFeatureController atoms from 198900000000000 to 198960000000000
12-07 15:36:10.030 I/telemetry-statsd( 1126): Created merged QuestOsPerformance with boot id of ef2e6209-12d4-4766-9067-a96011ddd5af at uptime 198960000
12-07 15:36:10.040 E/TrackedObjectManager( 2832): Failed to connect to TrackedObjectService with error Status(-129, EX_TRANSACTION_FAILED): 'DEAD_OBJECT: '
12-07 15:36:10.040 W/OSDynamicObjectDataQuerier( 2832): Attempted to start tracking objects when tracker was already started
12-07 15:36:10.040 E/TrackedObjectManager( 2832): Failed to connect to TrackedObjectService with error Status(-129, EX_TRANSACTION_FAILED): 'DEAD_OBJECT: '
12-07 15:36:10.040 E/TrackedObjectManager( 2832): Failed to start tracking keyboard object with error Status(-129, EX_TRANSACTION_FAILED): 'DEAD_OBJECT: '
12-07 15:36:10.041 I/OpenXR_Anchor( 3469): xrQuerySpacesFB: no split anchor query enabled
12-07 15:36:10.041 I/[CT]    ( 3469): SP:AF:InsightAnchorApi: QueryAnchorSpaces loadAndQueryAvailableAnchors flow. (task start) duration: 0.000000000 [sec], flags: 44, location: StorageLocation::LOCAL(1), method: 1, request: 5348, source: SourceType::LIVE_TRACKER(1)
12-07 15:36:10.041 I/[CT]    ( 3469): SP:AP:AnchorPersistenceRuntimeIpcClient: loadAvailableAnchors: maxAnchors: 500, filter: 0, queryMultipleRoomsEnabledByOpenXrVersion: true, source: 1, appId: com.oculus.vrshell
12-07 15:36:10.041 I/[CT]    ( 3469): RuntimeIpcHelper: RuntimeIpcClient::CALL_RPC isAsync: true, func: loadAvailableAnchors
12-07 15:36:10.041 I/[CT]    ( 4885): SP:AP:AnchorPersistenceRuntimeIpcServer: checkRPC start: sessionUuid:1e3ba3f0-dfb6-0aba-a69b-b18fb253c69c, clientId:2367474718, givenPackageName:com.oculus.vrshell
12-07 15:36:10.041 I/[CT]    ( 4885): SP:AP:AnchorPersistenceRuntimeIpcServer: checkPackageAccess - detectedPackageName:com.oculus.vrshell, detectedProcessName:com.oculus.vrshell, givenPackageName:com.oculus.vrshell
12-07 15:36:10.041 I/[CT]    ( 4885): SP:AP:AnchorPersistenceRuntimeIpcServer: checkRPC package name matches: sessionUuid:1e3ba3f0-dfb6-0aba-a69b-b18fb253c69c, clientId:2367474718, givenPackageName:com.oculus.vrshell, detectedPackageName:com.oculus.vrshell, detectedProcessName:com.oculus.vrshell
12-07 15:36:10.041 I/[CT]    ( 4885): SP:AP:AnchorPersistenceRuntimeIpcServer: queryAvailableAnchorsSMV2: clientId: 2367474718, maxAnchors: 500, filter: 0, queryMultipleRoomsEnabledByOpenXrVersion: true, source: 1, appId: com.oculus.vrshell
12-07 15:36:10.041 I/[CT]    ( 4885): SP:AP:AnchorPersistenceConfig: getSceneRuntimePermissionEnabled: USE_SCENE permission is enabled on this device
12-07 15:36:10.041 I/[CT]    ( 4885): SP:AP:AnchorPersistenceScenePermissions: hasClientGrantedScenePermission: USE_SCENE permission is enabled on this device, check client 2367474718, grant is true
12-07 15:36:10.041 I/[CT]    ( 4885): SP:AP:AnchorPersistenceConfig: getSceneRuntimePermissionEnabled: USE_SCENE permission is enabled on this device
12-07 15:36:10.042 I/[CT]    ( 4885): SP:SceneAnchorFilterUtil: filterSceneDataByPermission: com.oculus.vrshell permission check passed, keep scene data. anchors size: 0
12-07 15:36:10.042 I/[CT]    ( 3469): SP:AF:InsightAnchorApi: QueryAnchorSpaces (task finish) returnCode: AnchorResultCode::SUCCESS(0), numSpacesFound: 0, spacesFoundUuids: [], duration: 0.000000000 [sec], flags: 44, location: 1, method: 1, request: 5348
12-07 15:36:10.054 E/TrackedObjectManager( 2832): Failed to connect to TrackedObjectService with error Status(-129, EX_TRANSACTION_FAILED): 'DEAD_OBJECT: '
12-07 15:36:10.054 W/OSDynamicObjectDataQuerier( 2832): Attempted to start tracking objects when tracker was already started
12-07 15:36:10.054 E/TrackedObjectManager( 2832): Failed to connect to TrackedObjectService with error Status(-129, EX_TRANSACTION_FAILED): 'DEAD_OBJECT: '
12-07 15:36:10.054 E/TrackedObjectManager( 2832): Failed to start tracking keyboard object with error Status(-129, EX_TRANSACTION_FAILED): 'DEAD_OBJECT: '
12-07 15:36:10.056 I/[CT]    ( 3469): SP:TREX:SpatialPersistencePlugin: Event type: 6
12-07 15:36:10.056 I/TREX    ( 3469): Spatial Persistence event: QuerySpacesFinish
12-07 15:36:10.068 E/TrackedObjectManager( 2832): Failed to connect to TrackedObjectService with error Status(-129, EX_TRANSACTION_FAILED): 'DEAD_OBJECT: '
12-07 15:36:10.068 W/OSDynamicObjectDataQuerier( 2832): Attempted to start tracking objects when tracker was already started
12-07 15:36:10.068 E/TrackedObjectManager( 2832): Failed to connect to TrackedObjectService with error Status(-129, EX_TRANSACTION_FAILED): 'DEAD_OBJECT: '
12-07 15:36:10.068 E/TrackedObjectManager( 2832): Failed to start tracking keyboard object with error Status(-129, EX_TRANSACTION_FAILED): 'DEAD_OBJECT: '
12-07 15:36:10.082 E/TrackedObjectManager( 2832): Failed to connect to TrackedObjectService with error Status(-129, EX_TRANSACTION_FAILED): 'DEAD_OBJECT: '
12-07 15:36:10.082 W/OSDynamicObjectDataQuerier( 2832): Attempted to start tracking objects when tracker was already started
12-07 15:36:10.082 E/TrackedObjectManager( 2832): Failed to connect to TrackedObjectService with error Status(-129, EX_TRANSACTION_FAILED): 'DEAD_OBJECT: '
12-07 15:36:10.082 E/TrackedObjectManager( 2832): Failed to start tracking keyboard object with error Status(-129, EX_TRANSACTION_FAILED): 'DEAD_OBJECT: '
12-07 15:36:10.084 I/SpatialWindowResourceService( 1971): setWindowFrameRate() token: horizonos.view.VolumetricWindowToken$InternalVolumetricToken@bec2d56 framerate: 0.0
12-07 15:36:10.096 E/TrackedObjectManager( 2832): Failed to connect to TrackedObjectService with error Status(-129, EX_TRANSACTION_FAILED): 'DEAD_OBJECT: '
12-07 15:36:10.096 W/OSDynamicObjectDataQuerier( 2832): Attempted to start tracking objects when tracker was already started
12-07 15:36:10.096 E/TrackedObjectManager( 2832): Failed to connect to TrackedObjectService with error Status(-129, EX_TRANSACTION_FAILED): 'DEAD_OBJECT: '
12-07 15:36:10.096 E/TrackedObjectManager( 2832): Failed to start tracking keyboard object with error Status(-129, EX_TRANSACTION_FAILED): 'DEAD_OBJECT: '
12-07 15:36:10.109 E/TrackedObjectManager( 2832): Failed to connect to TrackedObjectService with error Status(-129, EX_TRANSACTION_FAILED): 'DEAD_OBJECT: '
12-07 15:36:10.109 W/OSDynamicObjectDataQuerier( 2832): Attempted to start tracking objects when tracker was already started
12-07 15:36:10.109 E/TrackedObjectManager( 2832): Failed to connect to TrackedObjectService with error Status(-129, EX_TRANSACTION_FAILED): 'DEAD_OBJECT: '
12-07 15:36:10.110 E/TrackedObjectManager( 2832): Failed to start tracking keyboard object with error Status(-129, EX_TRANSACTION_FAILED): 'DEAD_OBJECT: '
12-07 15:36:10.117 I/[CT]    ( 5455): SP:TREX:SpatialPersistencePlugin: Event type: 5
12-07 15:36:10.117 I/[CT]    ( 5455): SP:TREX:SpatialPersistencePlugin: Event type: 5
12-07 15:36:10.117 I/[CT]    ( 5455): SP:TREX:SpatialPersistencePlugin: Event type: 5
12-07 15:36:10.117 I/[CT]    ( 5455): SP:TREX:SpatialPersistencePlugin: Event type: 5
12-07 15:36:10.117 I/[CT]    ( 5455): SP:TREX:SpatialPersistencePlugin: Event type: 5
12-07 15:36:10.117 I/[CT]    ( 5455): SP:TREX:SpatialPersistencePlugin: Event type: 5
12-07 15:36:10.117 I/[CT]    ( 5455): SP:TREX:SpatialPersistencePlugin: Event type: 5
12-07 15:36:10.117 I/[CT]    ( 5455): SP:TREX:SpatialPersistencePlugin: Event type: 5
12-07 15:36:10.117 I/TREX    ( 5455): Spatial Persistence event: QuerySpacesFound
12-07 15:36:10.117 I/TREX    ( 5455): Updating enabled data components from query results for entity type 2
12-07 15:36:10.117 I/TREX    ( 5455): Spatial Persistence event: QuerySpacesFound
12-07 15:36:10.117 I/TREX    ( 5455): Updating enabled data components from query results for entity type 2
12-07 15:36:10.117 I/TREX    ( 5455): Spatial Persistence event: QuerySpacesFound
12-07 15:36:10.117 I/TREX    ( 5455): Updating enabled data components from query results for entity type 2
12-07 15:36:10.117 I/TREX    ( 5455): Spatial Persistence event: QuerySpacesFound
12-07 15:36:10.117 I/TREX    ( 5455): Updating enabled data components from query results for entity type 3
12-07 15:36:10.117 I/TREX    ( 5455): Spatial Persistence event: QuerySpacesFound
12-07 15:36:10.117 I/TREX    ( 5455): Updating enabled data components from query results for entity type 2
12-07 15:36:10.117 I/TREX    ( 5455): Spatial Persistence event: QuerySpacesFound
12-07 15:36:10.117 I/TREX    ( 5455): Updating enabled data components from query results for entity type 2
12-07 15:36:10.117 I/TREX    ( 5455): Spatial Persistence event: QuerySpacesFound
12-07 15:36:10.117 I/TREX    ( 5455): Updating enabled data components from query results for entity type 2
12-07 15:36:10.117 I/TREX    ( 5455): Spatial Persistence event: QuerySpacesFound
12-07 15:36:10.117 I/TREX    ( 5455): Updating enabled data components from query results for entity type 2
12-07 15:36:10.117 I/[CT]    ( 5455): SP:TREX:SpatialPersistencePlugin: Event type: 5
12-07 15:36:10.117 I/[CT]    ( 5455): SP:TREX:SpatialPersistencePlugin: Event type: 5
12-07 15:36:10.117 I/[CT]    ( 5455): SP:TREX:SpatialPersistencePlugin: Event type: 5
12-07 15:36:10.117 I/[CT]    ( 5455): SP:TREX:SpatialPersistencePlugin: Event type: 5
12-07 15:36:10.117 I/[CT]    ( 5455): SP:TREX:SpatialPersistencePlugin: Event type: 5
12-07 15:36:10.117 I/[CT]    ( 5455): SP:TREX:SpatialPersistencePlugin: Event type: 5
12-07 15:36:10.117 I/[CT]    ( 5455): SP:TREX:SpatialPersistencePlugin: Event type: 5
12-07 15:36:10.117 I/[CT]    ( 5455): SP:TREX:SpatialPersistencePlugin: Event type: 5
12-07 15:36:10.117 I/TREX    ( 5455): Spatial Persistence event: QuerySpacesFound
12-07 15:36:10.117 I/TREX    ( 5455): Updating enabled data components from query results for entity type 2
12-07 15:36:10.117 I/TREX    ( 5455): Spatial Persistence event: QuerySpacesFound
12-07 15:36:10.117 I/TREX    ( 5455): Updating enabled data components from query results for entity type 2
12-07 15:36:10.117 I/TREX    ( 5455): Spatial Persistence event: QuerySpacesFound
12-07 15:36:10.117 I/TREX    ( 5455): Updating enabled data components from query results for entity type 2
12-07 15:36:10.117 I/TREX    ( 5455): Spatial Persistence event: QuerySpacesFound
12-07 15:36:10.117 I/TREX    ( 5455): Updating enabled data components from query results for entity type 3
12-07 15:36:10.117 I/TREX    ( 5455): Spatial Persistence event: QuerySpacesFound
12-07 15:36:10.117 I/TREX    ( 5455): Updating enabled data components from query results for entity type 2
12-07 15:36:10.117 I/TREX    ( 5455): Spatial Persistence event: QuerySpacesFound
12-07 15:36:10.117 I/TREX    ( 5455): Updating enabled data components from query results for entity type 2
12-07 15:36:10.117 I/TREX    ( 5455): Spatial Persistence event: QuerySpacesFound
12-07 15:36:10.117 I/TREX    ( 5455): Updating enabled data components from query results for entity type 2
12-07 15:36:10.117 I/TREX    ( 5455): Spatial Persistence event: QuerySpacesFound
12-07 15:36:10.117 I/TREX    ( 5455): Updating enabled data components from query results for entity type 2
12-07 15:36:10.117 I/[CT]    ( 5455): SP:TREX:SpatialPersistencePlugin: Event type: 5
12-07 15:36:10.117 I/[CT]    ( 5455): SP:TREX:SpatialPersistencePlugin: Event type: 5
12-07 15:36:10.117 I/[CT]    ( 5455): SP:TREX:SpatialPersistencePlugin: Event type: 5
12-07 15:36:10.117 I/[CT]    ( 5455): SP:TREX:SpatialPersistencePlugin: Event type: 5
12-07 15:36:10.117 I/[CT]    ( 5455): SP:TREX:SpatialPersistencePlugin: Event type: 6
12-07 15:36:10.117 I/TREX    ( 5455): Spatial Persistence event: QuerySpacesFound
12-07 15:36:10.117 I/TREX    ( 5455): Updating enabled data components from query results for entity type 2
12-07 15:36:10.117 I/TREX    ( 5455): Spatial Persistence event: QuerySpacesFound
12-07 15:36:10.117 I/TREX    ( 5455): Updating enabled data components from query results for entity type 2
12-07 15:36:10.117 I/TREX    ( 5455): Spatial Persistence event: QuerySpacesFound
12-07 15:36:10.117 I/TREX    ( 5455): Updating enabled data components from query results for entity type 2
12-07 15:36:10.117 I/TREX    ( 5455): Spatial Persistence event: QuerySpacesFound
12-07 15:36:10.117 I/TREX    ( 5455): Updating enabled data components from query results for entity type 2
12-07 15:36:10.117 I/TREX    ( 5455): Spatial Persistence event: QuerySpacesFinish
12-07 15:36:10.117 W/RuntimeTelemetryThread( 5455): [OpenXR_Anchor] component enabled cannot be changed; 4
12-07 15:36:10.117 W/RuntimeTelemetryThread( 5455): [OpenXR_Anchor] component enabled cannot be changed; 1000269000
12-07 15:36:10.117 W/RuntimeTelemetryThread( 5455): [OpenXR_Anchor] component enabled cannot be changed; 4
12-07 15:36:10.117 W/RuntimeTelemetryThread( 5455): [OpenXR_Anchor] component enabled cannot be changed; 1000269000
12-07 15:36:10.117 W/RuntimeTelemetryThread( 5455): [OpenXR_Anchor] component enabled cannot be changed; 3
12-07 15:36:10.117 W/RuntimeTelemetryThread( 5455): [OpenXR_Anchor] component enabled cannot be changed; 1000269000
12-07 15:36:10.117 W/RuntimeTelemetryThread( 5455): [OpenXR_Anchor] component enabled cannot be changed; 1000553000
12-07 15:36:10.117 W/RuntimeTelemetryThread( 5455): [OpenXR_Anchor] component enabled cannot be changed; 4
12-07 15:36:10.117 W/RuntimeTelemetryThread( 5455): [OpenXR_Anchor] component enabled cannot be changed; 1000269000
12-07 15:36:10.118 W/RuntimeTelemetryThread( 5455): [OpenXR_Anchor] component enabled cannot be changed; 4
12-07 15:36:10.118 W/RuntimeTelemetryThread( 5455): [OpenXR_Anchor] component enabled cannot be changed; 3
12-07 15:36:10.118 W/RuntimeTelemetryThread( 5455): [OpenXR_Anchor] component enabled cannot be changed; 3
12-07 15:36:10.118 W/RuntimeTelemetryThread( 5455): [OpenXR_Anchor] component enabled cannot be changed; 1000269000
12-07 15:36:10.118 W/RuntimeTelemetryThread( 5455): [OpenXR_Anchor] component enabled cannot be changed; 4
12-07 15:36:10.118 W/RuntimeTelemetryThread( 5455): [OpenXR_Anchor] component enabled cannot be changed; 1000269000
12-07 15:36:10.118 W/RuntimeTelemetryThread( 5455): [OpenXR_Anchor] component enabled cannot be changed; 1000269000
12-07 15:36:10.118 W/RuntimeTelemetryThread( 5455): [OpenXR_Anchor] component enabled cannot be changed; 4
12-07 15:36:10.118 W/RuntimeTelemetryThread( 5455): [OpenXR_Anchor] component enabled cannot be changed; 1000269000
12-07 15:36:10.118 W/RuntimeTelemetryThread( 5455): [OpenXR_Anchor] component enabled cannot be changed; 1000269000
12-07 15:36:10.118 W/RuntimeTelemetryThread( 5455): [OpenXR_Anchor] component enabled cannot be changed; 1000293001
12-07 15:36:10.118 W/RuntimeTelemetryThread( 5455): [OpenXR_Anchor] component enabled cannot be changed; 6
12-07 15:36:10.118 W/RuntimeTelemetryThread( 5455): [OpenXR_Anchor] component enabled cannot be changed; 1000269000
12-07 15:36:10.118 W/RuntimeTelemetryThread( 5455): [OpenXR_Anchor] component enabled cannot be changed; 1000269000
12-07 15:36:10.118 W/RuntimeTelemetryThread( 5455): [OpenXR_Anchor] component enabled cannot be changed; 4
12-07 15:36:10.118 W/RuntimeTelemetryThread( 5455): [OpenXR_Anchor] component enabled cannot be changed; 3
12-07 15:36:10.118 W/RuntimeTelemetryThread( 5455): [OpenXR_Anchor] component enabled cannot be changed; 4
12-07 15:36:10.118 W/RuntimeTelemetryThread( 5455): [OpenXR_Anchor] component enabled cannot be changed; 1000269000
12-07 15:36:10.118 W/RuntimeTelemetryThread( 5455): [OpenXR_Anchor] component enabled cannot be changed; 1000269000
12-07 15:36:10.118 W/RuntimeTelemetryThread( 5455): [OpenXR_Anchor] component enabled cannot be changed; 4
12-07 15:36:10.118 W/RuntimeTelemetryThread( 5455): [OpenXR_Anchor] component enabled cannot be changed; 1000269000
12-07 15:36:10.119 W/RuntimeTelemetryThread( 5455): [OpenXR_Anchor] component enabled cannot be changed; 4
12-07 15:36:10.119 W/RuntimeTelemetryThread( 5455): [OpenXR_Anchor] component enabled cannot be changed; 1000269000
12-07 15:36:10.119 W/RuntimeTelemetryThread( 5455): [OpenXR_Anchor] component enabled cannot be changed; 4
12-07 15:36:10.119 W/RuntimeTelemetryThread( 5455): [OpenXR_Anchor] component enabled cannot be changed; 1000269000
12-07 15:36:10.119 I/[CT]    ( 5455): MrTrackerMgr: Ignoring abandoned query result. request [674309866368] != current request [32088581143396453]
12-07 15:36:10.119 I/[CT]    ( 5455): MrTrackerMgr: Ignoring abandoned query complete event result. request [674309866368] != current request [32088581143396453]
12-07 15:36:10.124 E/TrackedObjectManager( 2832): Failed to connect to TrackedObjectService with error Status(-129, EX_TRANSACTION_FAILED): 'DEAD_OBJECT: '
12-07 15:36:10.124 W/OSDynamicObjectDataQuerier( 2832): Attempted to start tracking objects when tracker was already started
12-07 15:36:10.124 E/TrackedObjectManager( 2832): Failed to connect to TrackedObjectService with error Status(-129, EX_TRANSACTION_FAILED): 'DEAD_OBJECT: '
12-07 15:36:10.124 E/TrackedObjectManager( 2832): Failed to start tracking keyboard object with error Status(-129, EX_TRANSACTION_FAILED): 'DEAD_OBJECT: '
12-07 15:36:10.125 D/OCMSProcessMonitor(27119): Notifying listeners of app uid change event for com.example.moonlight_spatialsdk, current importance: 1000, new importance: 100
12-07 15:36:10.125 D/AppChangeManager(27119): Immersive app (com.example.moonlight_spatialsdk) has been opened, throttling active installer jobs
12-07 15:36:10.131 I/VD628x  (  884): Flicker results: freq 120.000000, max 1783.013306, dcr 65.675713, pct 0.000378, idx 0.000280, conf 0.010741, snr -19.502985, svm 0.001199, sus 2
12-07 15:36:10.137 E/TrackedObjectManager( 2832): Failed to connect to TrackedObjectService with error Status(-129, EX_TRANSACTION_FAILED): 'DEAD_OBJECT: '
12-07 15:36:10.137 W/OSDynamicObjectDataQuerier( 2832): Attempted to start tracking objects when tracker was already started
12-07 15:36:10.137 E/TrackedObjectManager( 2832): Failed to connect to TrackedObjectService with error Status(-129, EX_TRANSACTION_FAILED): 'DEAD_OBJECT: '
12-07 15:36:10.137 E/TrackedObjectManager( 2832): Failed to start tracking keyboard object with error Status(-129, EX_TRANSACTION_FAILED): 'DEAD_OBJECT: '
12-07 15:36:10.142 W/m.meta.systemui( 7059): Binder 0xb4000075ebbec6d0 destroyed after setInheritRt before being parceled.
12-07 15:36:10.147 W/WindowOnBackDispatcher( 7059): sendCancelIfRunning: isInProgress=falsecallback=android.view.ViewRootImpl$$ExternalSyntheticLambda17@4419f00
12-07 15:36:10.148 D/CoreBackPreview( 1971): Window{a3d16af u0 Splash Screen com.example.moonlight_spatialsdk EXITING}: Setting back callback null
12-07 15:36:10.148 W/InputManager-JNI( 1971): Input channel object 'a3d16af Splash Screen com.example.moonlight_spatialsdk (client)' was disposed without first being removed with the input manager!
12-07 15:36:10.149 W/m.meta.systemui( 7059): Binder 0xb400007659074e20 destroyed after setInheritRt before being parceled.
12-07 15:36:10.149 W/m.meta.systemui( 7059): Binder 0xb4000075ebbc7108 destroyed after setInheritRt before being parceled.
12-07 15:36:10.149 W/m.meta.systemui( 7059): Binder 0xb400007659074dc8 destroyed after setInheritRt before being parceled.
12-07 15:36:10.151 E/TrackedObjectManager( 2832): Failed to connect to TrackedObjectService with error Status(-129, EX_TRANSACTION_FAILED): 'DEAD_OBJECT: '
12-07 15:36:10.151 W/OSDynamicObjectDataQuerier( 2832): Attempted to start tracking objects when tracker was already started
12-07 15:36:10.151 E/TrackedObjectManager( 2832): Failed to connect to TrackedObjectService with error Status(-129, EX_TRANSACTION_FAILED): 'DEAD_OBJECT: '
12-07 15:36:10.151 E/TrackedObjectManager( 2832): Failed to start tracking keyboard object with error Status(-129, EX_TRANSACTION_FAILED): 'DEAD_OBJECT: '
12-07 15:36:10.165 E/TrackedObjectManager( 2832): Failed to connect to TrackedObjectService with error Status(-129, EX_TRANSACTION_FAILED): 'DEAD_OBJECT: '
12-07 15:36:10.165 W/OSDynamicObjectDataQuerier( 2832): Attempted to start tracking objects when tracker was already started
12-07 15:36:10.165 E/TrackedObjectManager( 2832): Failed to connect to TrackedObjectService with error Status(-129, EX_TRANSACTION_FAILED): 'DEAD_OBJECT: '
12-07 15:36:10.165 E/TrackedObjectManager( 2832): Failed to start tracking keyboard object with error Status(-129, EX_TRANSACTION_FAILED): 'DEAD_OBJECT: '
12-07 15:36:10.180 E/TrackedObjectManager( 2832): Failed to connect to TrackedObjectService with error Status(-129, EX_TRANSACTION_FAILED): 'DEAD_OBJECT: '
12-07 15:36:10.180 W/OSDynamicObjectDataQuerier( 2832): Attempted to start tracking objects when tracker was already started
12-07 15:36:10.180 E/TrackedObjectManager( 2832): Failed to connect to TrackedObjectService with error Status(-129, EX_TRANSACTION_FAILED): 'DEAD_OBJECT: '
12-07 15:36:10.180 E/TrackedObjectManager( 2832): Failed to start tracking keyboard object with error Status(-129, EX_TRANSACTION_FAILED): 'DEAD_OBJECT: '
12-07 15:36:10.193 E/TrackedObjectManager( 2832): Failed to connect to TrackedObjectService with error Status(-129, EX_TRANSACTION_FAILED): 'DEAD_OBJECT: '
12-07 15:36:10.193 W/OSDynamicObjectDataQuerier( 2832): Attempted to start tracking objects when tracker was already started
12-07 15:36:10.193 E/TrackedObjectManager( 2832): Failed to connect to TrackedObjectService with error Status(-129, EX_TRANSACTION_FAILED): 'DEAD_OBJECT: '
12-07 15:36:10.193 E/TrackedObjectManager( 2832): Failed to start tracking keyboard object with error Status(-129, EX_TRANSACTION_FAILED): 'DEAD_OBJECT: '
12-07 15:36:10.207 E/TrackedObjectManager( 2832): Failed to connect to TrackedObjectService with error Status(-129, EX_TRANSACTION_FAILED): 'DEAD_OBJECT: '
12-07 15:36:10.207 W/OSDynamicObjectDataQuerier( 2832): Attempted to start tracking objects when tracker was already started
12-07 15:36:10.207 E/TrackedObjectManager( 2832): Failed to connect to TrackedObjectService with error Status(-129, EX_TRANSACTION_FAILED): 'DEAD_OBJECT: '
12-07 15:36:10.207 E/TrackedObjectManager( 2832): Failed to start tracking keyboard object with error Status(-129, EX_TRANSACTION_FAILED): 'DEAD_OBJECT: '
12-07 15:36:10.221 E/TrackedObjectManager( 2832): Failed to connect to TrackedObjectService with error Status(-129, EX_TRANSACTION_FAILED): 'DEAD_OBJECT: '
12-07 15:36:10.221 W/OSDynamicObjectDataQuerier( 2832): Attempted to start tracking objects when tracker was already started
12-07 15:36:10.221 E/TrackedObjectManager( 2832): Failed to connect to TrackedObjectService with error Status(-129, EX_TRANSACTION_FAILED): 'DEAD_OBJECT: '
12-07 15:36:10.221 E/TrackedObjectManager( 2832): Failed to start tracking keyboard object with error Status(-129, EX_TRANSACTION_FAILED): 'DEAD_OBJECT: '
12-07 15:36:10.235 E/TrackedObjectManager( 2832): Failed to connect to TrackedObjectService with error Status(-129, EX_TRANSACTION_FAILED): 'DEAD_OBJECT: '
12-07 15:36:10.235 W/OSDynamicObjectDataQuerier( 2832): Attempted to start tracking objects when tracker was already started
12-07 15:36:10.235 E/TrackedObjectManager( 2832): Failed to connect to TrackedObjectService with error Status(-129, EX_TRANSACTION_FAILED): 'DEAD_OBJECT: '
12-07 15:36:10.236 E/TrackedObjectManager( 2832): Failed to start tracking keyboard object with error Status(-129, EX_TRANSACTION_FAILED): 'DEAD_OBJECT: '
12-07 15:36:10.248 E/TrackedObjectManager( 2832): Failed to connect to TrackedObjectService with error Status(-129, EX_TRANSACTION_FAILED): 'DEAD_OBJECT: '
12-07 15:36:10.248 W/OSDynamicObjectDataQuerier( 2832): Attempted to start tracking objects when tracker was already started
12-07 15:36:10.248 E/TrackedObjectManager( 2832): Failed to connect to TrackedObjectService with error Status(-129, EX_TRANSACTION_FAILED): 'DEAD_OBJECT: '
12-07 15:36:10.248 E/TrackedObjectManager( 2832): Failed to start tracking keyboard object with error Status(-129, EX_TRANSACTION_FAILED): 'DEAD_OBJECT: '
12-07 15:36:10.252 I/Shell   ( 3469): OpenXRSystem::destroySwapchain: 2663(0x757c6f4e00): texture, 1024x1024
12-07 15:36:10.252 I/OpenXR_GPUMemTrace( 3469): Swapchain deletion destroy id=3495, idx=0
12-07 15:36:10.252 I/OpenXR_GPUMemTrace( 3469): Swapchain deletion destroy id=3495, idx=1
12-07 15:36:10.252 I/OpenXR_GPUMemTrace( 3469): Swapchain deletion destroy id=3495, idx=2
12-07 15:36:10.252 I/SwapChain_Vulkan_Memory_Export( 3469): DestroyImportedTextureResourcesVulkan: Destroy imported foveation resources: 0x74f74cc3e8
12-07 15:36:10.252 I/VrRuntimeService( 2832): DestroySwapChain: swapchain=3495
12-07 15:36:10.262 E/TrackedObjectManager( 2832): Failed to connect to TrackedObjectService with error Status(-129, EX_TRANSACTION_FAILED): 'DEAD_OBJECT: '
12-07 15:36:10.262 W/OSDynamicObjectDataQuerier( 2832): Attempted to start tracking objects when tracker was already started
12-07 15:36:10.262 E/TrackedObjectManager( 2832): Failed to connect to TrackedObjectService with error Status(-129, EX_TRANSACTION_FAILED): 'DEAD_OBJECT: '
12-07 15:36:10.262 E/TrackedObjectManager( 2832): Failed to start tracking keyboard object with error Status(-129, EX_TRANSACTION_FAILED): 'DEAD_OBJECT: '
12-07 15:36:10.276 E/TrackedObjectManager( 2832): Failed to connect to TrackedObjectService with error Status(-129, EX_TRANSACTION_FAILED): 'DEAD_OBJECT: '
12-07 15:36:10.276 W/OSDynamicObjectDataQuerier( 2832): Attempted to start tracking objects when tracker was already started
12-07 15:36:10.276 E/TrackedObjectManager( 2832): Failed to connect to TrackedObjectService with error Status(-129, EX_TRANSACTION_FAILED): 'DEAD_OBJECT: '
12-07 15:36:10.276 E/TrackedObjectManager( 2832): Failed to start tracking keyboard object with error Status(-129, EX_TRANSACTION_FAILED): 'DEAD_OBJECT: '
12-07 15:36:10.277 D/TrafficStats(19902): tagSocket(100) with statsTag=0xffffffff, statsUid=-1
12-07 15:36:10.279 I/Shell   ( 3469): OpenXRSystem::destroySwapchain: 2661(0x76590ae400): texture, 1024x1024
12-07 15:36:10.279 I/OpenXR_GPUMemTrace( 3469): Swapchain deletion destroy id=3489, idx=0
12-07 15:36:10.279 I/OpenXR_GPUMemTrace( 3469): Swapchain deletion destroy id=3489, idx=1
12-07 15:36:10.279 I/OpenXR_GPUMemTrace( 3469): Swapchain deletion destroy id=3489, idx=2
12-07 15:36:10.280 I/SwapChain_Vulkan_Memory_Export( 3469): DestroyImportedTextureResourcesVulkan: Destroy imported foveation resources: 0x750eef65e8
12-07 15:36:10.280 I/VrRuntimeService( 2832): DestroySwapChain: swapchain=3489
12-07 15:36:10.290 E/TrackedObjectManager( 2832): Failed to connect to TrackedObjectService with error Status(-129, EX_TRANSACTION_FAILED): 'DEAD_OBJECT: '
12-07 15:36:10.290 W/OSDynamicObjectDataQuerier( 2832): Attempted to start tracking objects when tracker was already started
12-07 15:36:10.290 E/TrackedObjectManager( 2832): Failed to connect to TrackedObjectService with error Status(-129, EX_TRANSACTION_FAILED): 'DEAD_OBJECT: '
12-07 15:36:10.290 E/TrackedObjectManager( 2832): Failed to start tracking keyboard object with error Status(-129, EX_TRANSACTION_FAILED): 'DEAD_OBJECT: '
12-07 15:36:10.292 I/Tracking( 9368): CONSTELLATION_Right: [Throttled count=30] P+C Right: Applying Consistent Zero Velocity Update during slow motion.
12-07 15:36:10.295 V/CompositorUtil( 2832): TryDelete: Deleting 1 swapchains
12-07 15:36:10.295 V/Context ( 2832): QueryVersion() - Context Version: 3.2
12-07 15:36:10.295 V/CompositorUtil( 2832): SwapChainDeferDeletion: destroying texture swap chain id=3495 ptr=0x75c280d200, client id=4
12-07 15:36:10.296 I/SwapChain_Vulkan_Foveated( 2832): CreateTextureSwapChainFoveationVulkan: Destroyed foveation resources
12-07 15:36:10.304 E/TrackedObjectManager( 2832): Failed to connect to TrackedObjectService with error Status(-129, EX_TRANSACTION_FAILED): 'DEAD_OBJECT: '
12-07 15:36:10.304 W/OSDynamicObjectDataQuerier( 2832): Attempted to start tracking objects when tracker was already started
12-07 15:36:10.304 E/TrackedObjectManager( 2832): Failed to connect to TrackedObjectService with error Status(-129, EX_TRANSACTION_FAILED): 'DEAD_OBJECT: '
12-07 15:36:10.304 E/TrackedObjectManager( 2832): Failed to start tracking keyboard object with error Status(-129, EX_TRANSACTION_FAILED): 'DEAD_OBJECT: '
12-07 15:36:10.311 I/Tracking( 9368): CONSTELLATION:IMU_STATUS: 0x402c25cbf028a4e8 (R): [#Samples=2476] 86819.119s | [FusionTracked=0.982, OutputTracked=0.982, OutputValid=0.985] [AccelSat=0.000, GyroSat=0.000] [AccelMinMeanMax: X=-2.835|0.887|4.018, Y=-7.842|-5.109|3.631, Z=-13.852|-7.955|-5.763] [GyroMinMeanMax: X=-0.422|0.049|1.425, Y=-1.664|0.011|0.765, Z=-0.991|0.001|0.545] [AccelStuck: X=0|0.000, Y=0|0.000, Z=0|0.000] [GyroStuck: X=2|-0.164, Y=7|-0.102, Z=3|0.185]  [Current time=86819.119s, last log time=86814.118s]
12-07 15:36:10.318 I/VrApi   ( 3469): FPS=68/72,Prd=39ms,Tear=0,Early=5,Stale=4,Stale2/5/10/max=1/0/0/2,VSnc=1,Lat=-1,Fov=3,CPU4/GPU=3/2,2361/285MHz,OC=3F,TA=0/0/0,SP=N/N/N,Mem=3196MHz,Free=3327MB,PLS=0,Temp=35.0C/0.0C,TW=2.63ms,App=1.21ms,GD=0.00ms,CPU&GPU=13.02ms,LCnt=6(DR0,LM0),GPU%=0.39,CPU%=0.93(W0.94),CFL=14.64/19.32,ICFLp95=18.30,LD=0,SF=1.00,LP=1,DVFS=0,ShrpLCnt=2,ShrpR=0.500,SSLCnt=0/0
12-07 15:36:10.318 E/TrackedObjectManager( 2832): Failed to connect to TrackedObjectService with error Status(-129, EX_TRANSACTION_FAILED): 'DEAD_OBJECT: '
12-07 15:36:10.318 W/OSDynamicObjectDataQuerier( 2832): Attempted to start tracking objects when tracker was already started
12-07 15:36:10.318 E/TrackedObjectManager( 2832): Failed to connect to TrackedObjectService with error Status(-129, EX_TRANSACTION_FAILED): 'DEAD_OBJECT: '
12-07 15:36:10.318 E/TrackedObjectManager( 2832): Failed to start tracking keyboard object with error Status(-129, EX_TRANSACTION_FAILED): 'DEAD_OBJECT: '
12-07 15:36:10.319 D/TrafficStats(19902): tagSocket(100) with statsTag=0xffffffff, statsUid=-1
12-07 15:36:10.320 I/IStateMachineRecordKeeper( 5455): IStateMachineRecordKeeper::AddHistoryEntry AnchorQuery: Transition  Querying -> ReadyToQuery | Query complete
12-07 15:36:10.323 V/CompositorUtil( 2832): TryDelete: Deleting 1 swapchains
12-07 15:36:10.323 V/Context ( 2832): QueryVersion() - Context Version: 3.2
12-07 15:36:10.323 V/CompositorUtil( 2832): SwapChainDeferDeletion: destroying texture swap chain id=3489 ptr=0x75bff12000, client id=4
12-07 15:36:10.324 I/SwapChain_Vulkan_Foveated( 2832): CreateTextureSwapChainFoveationVulkan: Destroyed foveation resources
12-07 15:36:10.324 I/Vsync   ( 2832): Vsync 602:  2 x 13.89 ms (72.00 Hz, at 139689.005)
12-07 15:36:10.330 I/MRSS    ( 1157): MIXEDREALITY: MrService: renderIteration: (every 10 seconds), screen is: ON, PT is: OFF, Depth is: OFF
12-07 15:36:10.332 E/TrackedObjectManager( 2832): Failed to connect to TrackedObjectService with error Status(-129, EX_TRANSACTION_FAILED): 'DEAD_OBJECT: '
12-07 15:36:10.332 W/OSDynamicObjectDataQuerier( 2832): Attempted to start tracking objects when tracker was already started
12-07 15:36:10.332 E/TrackedObjectManager( 2832): Failed to connect to TrackedObjectService with error Status(-129, EX_TRANSACTION_FAILED): 'DEAD_OBJECT: '
12-07 15:36:10.332 E/TrackedObjectManager( 2832): Failed to start tracking keyboard object with error Status(-129, EX_TRANSACTION_FAILED): 'DEAD_OBJECT: '
12-07 15:36:10.346 E/TrackedObjectManager( 2832): Failed to connect to TrackedObjectService with error Status(-129, EX_TRANSACTION_FAILED): 'DEAD_OBJECT: '
12-07 15:36:10.346 W/OSDynamicObjectDataQuerier( 2832): Attempted to start tracking objects when tracker was already started
12-07 15:36:10.346 E/TrackedObjectManager( 2832): Failed to connect to TrackedObjectService with error Status(-129, EX_TRANSACTION_FAILED): 'DEAD_OBJECT: '
12-07 15:36:10.346 E/TrackedObjectManager( 2832): Failed to start tracking keyboard object with error Status(-129, EX_TRANSACTION_FAILED): 'DEAD_OBJECT: '
