12-07 13:40:19.754 E/TrackedObjectManager( 2832): Failed to connect to TrackedObjectService with error Status(-129, EX_TRANSACTION_FAILED): 'DEAD_OBJECT: '
12-07 13:40:19.754 W/OSDynamicObjectDataQuerier( 2832): Attempted to start tracking objects when tracker was already started
12-07 13:40:19.754 E/TrackedObjectManager( 2832): Failed to connect to TrackedObjectService with error Status(-129, EX_TRANSACTION_FAILED): 'DEAD_OBJECT: '
12-07 13:40:19.754 E/TrackedObjectManager( 2832): Failed to start tracking keyboard object with error Status(-129, EX_TRANSACTION_FAILED): 'DEAD_OBJECT: '
12-07 13:40:19.769 E/TrackedObjectManager( 2832): Failed to connect to TrackedObjectService with error Status(-129, EX_TRANSACTION_FAILED): 'DEAD_OBJECT: '
12-07 13:40:19.769 W/OSDynamicObjectDataQuerier( 2832): Attempted to start tracking objects when tracker was already started
12-07 13:40:19.769 E/TrackedObjectManager( 2832): Failed to connect to TrackedObjectService with error Status(-129, EX_TRANSACTION_FAILED): 'DEAD_OBJECT: '
12-07 13:40:19.769 E/TrackedObjectManager( 2832): Failed to start tracking keyboard object with error Status(-129, EX_TRANSACTION_FAILED): 'DEAD_OBJECT: '
12-07 13:40:19.779 W/TrackingService( 9368): 13 late Color frame set were dropped: timestamp 79868.846374, current monochrome 79868.848252
12-07 13:40:19.782 E/TrackedObjectManager( 2832): Failed to connect to TrackedObjectService with error Status(-129, EX_TRANSACTION_FAILED): 'DEAD_OBJECT: '
12-07 13:40:19.782 W/OSDynamicObjectDataQuerier( 2832): Attempted to start tracking objects when tracker was already started
12-07 13:40:19.782 E/TrackedObjectManager( 2832): Failed to connect to TrackedObjectService with error Status(-129, EX_TRANSACTION_FAILED): 'DEAD_OBJECT: '
12-07 13:40:19.782 E/TrackedObjectManager( 2832): Failed to start tracking keyboard object with error Status(-129, EX_TRANSACTION_FAILED): 'DEAD_OBJECT: '
12-07 13:40:19.796 E/TrackedObjectManager( 2832): Failed to connect to TrackedObjectService with error Status(-129, EX_TRANSACTION_FAILED): 'DEAD_OBJECT: '
12-07 13:40:19.796 W/OSDynamicObjectDataQuerier( 2832): Attempted to start tracking objects when tracker was already started
12-07 13:40:19.796 E/TrackedObjectManager( 2832): Failed to connect to TrackedObjectService with error Status(-129, EX_TRANSACTION_FAILED): 'DEAD_OBJECT: '
12-07 13:40:19.796 E/TrackedObjectManager( 2832): Failed to start tracking keyboard object with error Status(-129, EX_TRANSACTION_FAILED): 'DEAD_OBJECT: '
12-07 13:40:19.810 E/TrackedObjectManager( 2832): Failed to connect to TrackedObjectService with error Status(-129, EX_TRANSACTION_FAILED): 'DEAD_OBJECT: '
12-07 13:40:19.810 W/OSDynamicObjectDataQuerier( 2832): Attempted to start tracking objects when tracker was already started
12-07 13:40:19.810 E/TrackedObjectManager( 2832): Failed to connect to TrackedObjectService with error Status(-129, EX_TRANSACTION_FAILED): 'DEAD_OBJECT: '
12-07 13:40:19.810 E/TrackedObjectManager( 2832): Failed to start tracking keyboard object with error Status(-129, EX_TRANSACTION_FAILED): 'DEAD_OBJECT: '
12-07 13:40:19.824 E/TrackedObjectManager( 2832): Failed to connect to TrackedObjectService with error Status(-129, EX_TRANSACTION_FAILED): 'DEAD_OBJECT: '
12-07 13:40:19.824 W/OSDynamicObjectDataQuerier( 2832): Attempted to start tracking objects when tracker was already started
12-07 13:40:19.824 E/TrackedObjectManager( 2832): Failed to connect to TrackedObjectService with error Status(-129, EX_TRANSACTION_FAILED): 'DEAD_OBJECT: '
12-07 13:40:19.824 E/TrackedObjectManager( 2832): Failed to start tracking keyboard object with error Status(-129, EX_TRANSACTION_FAILED): 'DEAD_OBJECT: '
12-07 13:40:19.838 E/TrackedObjectManager( 2832): Failed to connect to TrackedObjectService with error Status(-129, EX_TRANSACTION_FAILED): 'DEAD_OBJECT: '
12-07 13:40:19.838 W/OSDynamicObjectDataQuerier( 2832): Attempted to start tracking objects when tracker was already started
12-07 13:40:19.838 E/TrackedObjectManager( 2832): Failed to connect to TrackedObjectService with error Status(-129, EX_TRANSACTION_FAILED): 'DEAD_OBJECT: '
12-07 13:40:19.838 E/TrackedObjectManager( 2832): Failed to start tracking keyboard object with error Status(-129, EX_TRANSACTION_FAILED): 'DEAD_OBJECT: '
12-07 13:40:19.852 E/TrackedObjectManager( 2832): Failed to connect to TrackedObjectService with error Status(-129, EX_TRANSACTION_FAILED): 'DEAD_OBJECT: '
12-07 13:40:19.852 W/OSDynamicObjectDataQuerier( 2832): Attempted to start tracking objects when tracker was already started
12-07 13:40:19.852 E/TrackedObjectManager( 2832): Failed to connect to TrackedObjectService with error Status(-129, EX_TRANSACTION_FAILED): 'DEAD_OBJECT: '
12-07 13:40:19.852 E/TrackedObjectManager( 2832): Failed to start tracking keyboard object with error Status(-129, EX_TRANSACTION_FAILED): 'DEAD_OBJECT: '
12-07 13:40:19.866 E/TrackedObjectManager( 2832): Failed to connect to TrackedObjectService with error Status(-129, EX_TRANSACTION_FAILED): 'DEAD_OBJECT: '
12-07 13:40:19.866 W/OSDynamicObjectDataQuerier( 2832): Attempted to start tracking objects when tracker was already started
12-07 13:40:19.866 E/TrackedObjectManager( 2832): Failed to connect to TrackedObjectService with error Status(-129, EX_TRANSACTION_FAILED): 'DEAD_OBJECT: '
12-07 13:40:19.866 E/TrackedObjectManager( 2832): Failed to start tracking keyboard object with error Status(-129, EX_TRANSACTION_FAILED): 'DEAD_OBJECT: '
12-07 13:40:19.879 E/TrackedObjectManager( 2832): Failed to connect to TrackedObjectService with error Status(-129, EX_TRANSACTION_FAILED): 'DEAD_OBJECT: '
12-07 13:40:19.879 W/OSDynamicObjectDataQuerier( 2832): Attempted to start tracking objects when tracker was already started
12-07 13:40:19.880 E/TrackedObjectManager( 2832): Failed to connect to TrackedObjectService with error Status(-129, EX_TRANSACTION_FAILED): 'DEAD_OBJECT: '
12-07 13:40:19.880 E/TrackedObjectManager( 2832): Failed to start tracking keyboard object with error Status(-129, EX_TRANSACTION_FAILED): 'DEAD_OBJECT: '
12-07 13:40:19.884 I/TREX    ( 3469): Interface 'VirtualKeyboardClientInterface', version 1 was not found. Check debug build for more information.
12-07 13:40:19.893 E/TrackedObjectManager( 2832): Failed to connect to TrackedObjectService with error Status(-129, EX_TRANSACTION_FAILED): 'DEAD_OBJECT: '
12-07 13:40:19.893 W/OSDynamicObjectDataQuerier( 2832): Attempted to start tracking objects when tracker was already started
12-07 13:40:19.893 E/TrackedObjectManager( 2832): Failed to connect to TrackedObjectService with error Status(-129, EX_TRANSACTION_FAILED): 'DEAD_OBJECT: '
12-07 13:40:19.893 E/TrackedObjectManager( 2832): Failed to start tracking keyboard object with error Status(-129, EX_TRANSACTION_FAILED): 'DEAD_OBJECT: '
12-07 13:40:19.899 V/telemetry-statsd( 1126): Fetched statsd reports. Config: 2 UID 1000 Initiator: periodic Report size: 32663
12-07 13:40:19.899 V/telemetry-statsd( 1126): Fetched statsd reports. Config: 12 UID 1000 Initiator: periodic Report size: 46784
12-07 13:40:19.899 V/telemetry-statsd( 1126): Fetched statsd reports. Config: 3 UID 1000 Initiator: periodic Report size: 12564
12-07 13:40:19.899 V/telemetry-statsd( 1126): Fetched statsd reports. Config: 5 UID 1000 Initiator: periodic Report size: 12576
12-07 13:40:19.899 V/telemetry-statsd( 1126): Fetched statsd reports. Config: 6 UID 1000 Initiator: periodic Report size: 12188
12-07 13:40:19.899 V/telemetry-statsd( 1126): Fetched statsd reports. Config: 7 UID 1000 Initiator: periodic Report size: 12188
12-07 13:40:19.899 V/telemetry-statsd( 1126): Fetched statsd reports. Config: 8 UID 1000 Initiator: periodic Report size: 12188
12-07 13:40:19.899 V/telemetry-statsd( 1126): Fetched statsd reports. Config: 9 UID 1000 Initiator: periodic Report size: 12188
12-07 13:40:19.907 E/TrackedObjectManager( 2832): Failed to connect to TrackedObjectService with error Status(-129, EX_TRANSACTION_FAILED): 'DEAD_OBJECT: '
12-07 13:40:19.907 W/OSDynamicObjectDataQuerier( 2832): Attempted to start tracking objects when tracker was already started
12-07 13:40:19.907 E/TrackedObjectManager( 2832): Failed to connect to TrackedObjectService with error Status(-129, EX_TRANSACTION_FAILED): 'DEAD_OBJECT: '
12-07 13:40:19.907 E/TrackedObjectManager( 2832): Failed to start tracking keyboard object with error Status(-129, EX_TRANSACTION_FAILED): 'DEAD_OBJECT: '
12-07 13:40:19.918 I/libcamerahal( 9363): [INSIGHTS][2.02s] recv/ret/req heartbeat: cam4: 145/145/145, cam5: 145/145/145
12-07 13:40:19.921 E/TrackedObjectManager( 2832): Failed to connect to TrackedObjectService with error Status(-129, EX_TRANSACTION_FAILED): 'DEAD_OBJECT: '
12-07 13:40:19.921 W/OSDynamicObjectDataQuerier( 2832): Attempted to start tracking objects when tracker was already started
12-07 13:40:19.921 E/TrackedObjectManager( 2832): Failed to connect to TrackedObjectService with error Status(-129, EX_TRANSACTION_FAILED): 'DEAD_OBJECT: '
12-07 13:40:19.921 E/TrackedObjectManager( 2832): Failed to start tracking keyboard object with error Status(-129, EX_TRANSACTION_FAILED): 'DEAD_OBJECT: '
12-07 13:40:19.935 I/MRSS    ( 1157): MIXEDREALITY: MrRuntimeCompute: dispatchFrameset : (every 5 seconds). TrackedKeypoints: OFF, Semantics: OFF, Passthrough: ON, SceneObjects: OFF, SceneLayout: OFF, PlaneFreespace: ON, SceneReconstruction: OFF, LightingEstimation: OFF, MetaBackgroundFreespaceScan: ON, MetaEnvironmentDepth: ON, SporadicDepth: OFF, MetaForegroundFreespaceScan: OFF, Fiducials: OFF, Depth: ON, MrFeatureTelemetry: ON, InstantPlacement: OFF, Camera: ON, SemanticVolume: OFF, VisionInterfaceTelemetry: ON, FloorHeight: OFF, MetaAssistedSceneCapture: OFF, DepthMeshing: OFF
12-07 13:40:19.935 E/TrackedObjectManager( 2832): Failed to connect to TrackedObjectService with error Status(-129, EX_TRANSACTION_FAILED): 'DEAD_OBJECT: '
12-07 13:40:19.935 W/OSDynamicObjectDataQuerier( 2832): Attempted to start tracking objects when tracker was already started
12-07 13:40:19.935 E/TrackedObjectManager( 2832): Failed to connect to TrackedObjectService with error Status(-129, EX_TRANSACTION_FAILED): 'DEAD_OBJECT: '
12-07 13:40:19.935 E/TrackedObjectManager( 2832): Failed to start tracking keyboard object with error Status(-129, EX_TRANSACTION_FAILED): 'DEAD_OBJECT: '
12-07 13:40:19.949 E/TrackedObjectManager( 2832): Failed to connect to TrackedObjectService with error Status(-129, EX_TRANSACTION_FAILED): 'DEAD_OBJECT: '
12-07 13:40:19.949 W/OSDynamicObjectDataQuerier( 2832): Attempted to start tracking objects when tracker was already started
12-07 13:40:19.949 E/TrackedObjectManager( 2832): Failed to connect to TrackedObjectService with error Status(-129, EX_TRANSACTION_FAILED): 'DEAD_OBJECT: '
12-07 13:40:19.949 E/TrackedObjectManager( 2832): Failed to start tracking keyboard object with error Status(-129, EX_TRANSACTION_FAILED): 'DEAD_OBJECT: '
12-07 13:40:19.954 I/DUMPSYS_LOG( 9363): {"additional_data":{"camera_fps":[{"fps":70.096398383964285,"frames":701,"id":4},{"fps":70.096398383964285,"frames":701,"id":5}]},"event":"CameraFPS","service":"SensorService","tid":"493839432432","ts":1765143619954695,"ts_proc":132738636065}
12-07 13:40:19.963 E/TrackedObjectManager( 2832): Failed to connect to TrackedObjectService with error Status(-129, EX_TRANSACTION_FAILED): 'DEAD_OBJECT: '
12-07 13:40:19.963 W/OSDynamicObjectDataQuerier( 2832): Attempted to start tracking objects when tracker was already started
12-07 13:40:19.963 E/TrackedObjectManager( 2832): Failed to connect to TrackedObjectService with error Status(-129, EX_TRANSACTION_FAILED): 'DEAD_OBJECT: '
12-07 13:40:19.963 E/TrackedObjectManager( 2832): Failed to start tracking keyboard object with error Status(-129, EX_TRANSACTION_FAILED): 'DEAD_OBJECT: '
12-07 13:40:19.977 E/TrackedObjectManager( 2832): Failed to connect to TrackedObjectService with error Status(-129, EX_TRANSACTION_FAILED): 'DEAD_OBJECT: '
12-07 13:40:19.977 W/OSDynamicObjectDataQuerier( 2832): Attempted to start tracking objects when tracker was already started
12-07 13:40:19.977 E/TrackedObjectManager( 2832): Failed to connect to TrackedObjectService with error Status(-129, EX_TRANSACTION_FAILED): 'DEAD_OBJECT: '
12-07 13:40:19.977 E/TrackedObjectManager( 2832): Failed to start tracking keyboard object with error Status(-129, EX_TRANSACTION_FAILED): 'DEAD_OBJECT: '
12-07 13:40:19.982 I/SpatialWindowResourceService( 1971): setWindowFrameRate() token: horizonos.view.VolumetricWindowToken$InternalVolumetricToken@9b851f8 framerate: 0.0
12-07 13:40:19.990 E/TrackedObjectManager( 2832): Failed to connect to TrackedObjectService with error Status(-129, EX_TRANSACTION_FAILED): 'DEAD_OBJECT: '
12-07 13:40:19.991 W/OSDynamicObjectDataQuerier( 2832): Attempted to start tracking objects when tracker was already started
12-07 13:40:19.991 E/TrackedObjectManager( 2832): Failed to connect to TrackedObjectService with error Status(-129, EX_TRANSACTION_FAILED): 'DEAD_OBJECT: '
12-07 13:40:19.991 E/TrackedObjectManager( 2832): Failed to start tracking keyboard object with error Status(-129, EX_TRANSACTION_FAILED): 'DEAD_OBJECT: '
12-07 13:40:20.005 E/TrackedObjectManager( 2832): Failed to connect to TrackedObjectService with error Status(-129, EX_TRANSACTION_FAILED): 'DEAD_OBJECT: '
12-07 13:40:20.005 W/OSDynamicObjectDataQuerier( 2832): Attempted to start tracking objects when tracker was already started
12-07 13:40:20.005 E/TrackedObjectManager( 2832): Failed to connect to TrackedObjectService with error Status(-129, EX_TRANSACTION_FAILED): 'DEAD_OBJECT: '
12-07 13:40:20.005 E/TrackedObjectManager( 2832): Failed to start tracking keyboard object with error Status(-129, EX_TRANSACTION_FAILED): 'DEAD_OBJECT: '
12-07 13:40:20.010 E/libsensortelemetry( 9363): imu samples delayed: 5750925ns capture to arrival (ERS limit: 3500000ns)
12-07 13:40:20.019 E/TrackedObjectManager( 2832): Failed to connect to TrackedObjectService with error Status(-129, EX_TRANSACTION_FAILED): 'DEAD_OBJECT: '
12-07 13:40:20.019 W/OSDynamicObjectDataQuerier( 2832): Attempted to start tracking objects when tracker was already started
12-07 13:40:20.019 E/TrackedObjectManager( 2832): Failed to connect to TrackedObjectService with error Status(-129, EX_TRANSACTION_FAILED): 'DEAD_OBJECT: '
12-07 13:40:20.019 E/TrackedObjectManager( 2832): Failed to start tracking keyboard object with error Status(-129, EX_TRANSACTION_FAILED): 'DEAD_OBJECT: '
12-07 13:40:20.025 E/libsensortelemetry( 9368): imu_iot samples delayed: 5840769ns capture to arrival (ERS limit: 3500000ns)
12-07 13:40:20.032 E/TrackedObjectManager( 2832): Failed to connect to TrackedObjectService with error Status(-129, EX_TRANSACTION_FAILED): 'DEAD_OBJECT: '
12-07 13:40:20.032 W/OSDynamicObjectDataQuerier( 2832): Attempted to start tracking objects when tracker was already started
12-07 13:40:20.032 E/TrackedObjectManager( 2832): Failed to connect to TrackedObjectService with error Status(-129, EX_TRANSACTION_FAILED): 'DEAD_OBJECT: '
12-07 13:40:20.032 E/TrackedObjectManager( 2832): Failed to start tracking keyboard object with error Status(-129, EX_TRANSACTION_FAILED): 'DEAD_OBJECT: '
12-07 13:40:20.041 W/LinkServiceBinder(32634): 5 seconds since bind started, request is dropped.
12-07 13:40:20.042 V/ActivityManager( 1971): bindService: Intent { act=com.meta.pclinkservice.server.BIND_TO_SERVER_ACTION pkg=com.meta.pclinkservice.server } type=null conn=android.os.BinderProxy@14796f3 flags=0x1
12-07 13:40:20.043 D/CompatibilityChangeReporter( 1971): Compat change id reported: 135634846; UID 10047; state: DISABLED
12-07 13:40:20.043 D/CompatibilityChangeReporter( 1971): Compat change id reported: 177438394; UID 10047; state: DISABLED
12-07 13:40:20.043 D/CompatibilityChangeReporter( 1971): Compat change id reported: 135772972; UID 10047; state: DISABLED
12-07 13:40:20.043 D/CompatibilityChangeReporter( 1971): Compat change id reported: 135754954; UID 10047; state: ENABLED
12-07 13:40:20.043 D/CompatibilityChangeReporter( 1971): Compat change id reported: 143937733; UID 10047; state: ENABLED
12-07 13:40:20.043 I/stub_zygote(  841): forwarding request 18
12-07 13:40:20.043 I/stub_zygote(  841): --runtime-args
12-07 13:40:20.043 I/stub_zygote(  841): --setu[..] to partition, index=0, pid=843, socket=zygote
12-07 13:40:20.044 D/Zygote  (  843): zygote client update, added fd=8
12-07 13:40:20.044 I/LinkServiceBinder(32634): Bind request initiated.
12-07 13:40:20.044 I/[NAV][BAR] LinkStateRepositoryImpl(32634): linkStateChange event: LINK_SERVICE_BIND_INITIATED
12-07 13:40:20.046 E/TrackedObjectManager( 2832): Failed to connect to TrackedObjectService with error Status(-129, EX_TRANSACTION_FAILED): 'DEAD_OBJECT: '
12-07 13:40:20.046 W/OSDynamicObjectDataQuerier( 2832): Attempted to start tracking objects when tracker was already started
12-07 13:40:20.046 E/TrackedObjectManager( 2832): Failed to connect to TrackedObjectService with error Status(-129, EX_TRANSACTION_FAILED): 'DEAD_OBJECT: '
12-07 13:40:20.046 E/TrackedObjectManager( 2832): Failed to start tracking keyboard object with error Status(-129, EX_TRANSACTION_FAILED): 'DEAD_OBJECT: '
12-07 13:40:20.051 D/Zygote  (  843): Forked child process 27655
12-07 13:40:20.052 I/stub_zygote(  841): zygote partition wrote back 5 bytes, index=0, pid=843
12-07 13:40:20.052 D/Zygote  (  843): zygote client update, removed fd=8
12-07 13:40:20.053 I/ActivityManager( 1971): Start proc 27655:com.meta.pclinkservice.server/u0a47 for service {com.meta.pclinkservice.server/com.meta.linkservice.oaf.PCLinkService}
12-07 13:40:20.053 D/ThreadTagService( 1971): Process started: 27655
12-07 13:40:20.054 I/Cgroup  ( 1971): Cgroup /uid_0/pid_841 created
12-07 13:40:20.055 E/Cgroup  ( 1971): Failed to read processes from /uid_0/pid_841/cgroup.procs : java.nio.file.NoSuchFileException: /uid_0/pid_841/cgroup.procs
12-07 13:40:20.060 I/kservice.server(27655): Using CollectorTypeCC GC.
12-07 13:40:20.060 E/TrackedObjectManager( 2832): Failed to connect to TrackedObjectService with error Status(-129, EX_TRANSACTION_FAILED): 'DEAD_OBJECT: '
12-07 13:40:20.060 W/OSDynamicObjectDataQuerier( 2832): Attempted to start tracking objects when tracker was already started
12-07 13:40:20.060 E/TrackedObjectManager( 2832): Failed to connect to TrackedObjectService with error Status(-129, EX_TRANSACTION_FAILED): 'DEAD_OBJECT: '
12-07 13:40:20.060 E/TrackedObjectManager( 2832): Failed to start tracking keyboard object with error Status(-129, EX_TRANSACTION_FAILED): 'DEAD_OBJECT: '
12-07 13:40:20.070 D/CompatibilityChangeReporter( 1971): Compat change id reported: 168419799; UID 10047; state: DISABLED
12-07 13:40:20.070 D/CompatibilityChangeReporter( 1971): Compat change id reported: 273564678; UID 10047; state: DISABLED
12-07 13:40:20.073 D/CompatibilityChangeReporter( 1971): Compat change id reported: 265195908; UID 10047; state: ENABLED
12-07 13:40:20.074 E/TrackedObjectManager( 2832): Failed to connect to TrackedObjectService with error Status(-129, EX_TRANSACTION_FAILED): 'DEAD_OBJECT: '
12-07 13:40:20.074 W/OSDynamicObjectDataQuerier( 2832): Attempted to start tracking objects when tracker was already started
12-07 13:40:20.074 E/TrackedObjectManager( 2832): Failed to connect to TrackedObjectService with error Status(-129, EX_TRANSACTION_FAILED): 'DEAD_OBJECT: '
12-07 13:40:20.074 E/TrackedObjectManager( 2832): Failed to start tracking keyboard object with error Status(-129, EX_TRANSACTION_FAILED): 'DEAD_OBJECT: '
12-07 13:40:20.076 D/CompatibilityChangeReporter(27655): Compat change id reported: 171979766; UID 10047; state: ENABLED
12-07 13:40:20.076 D/CompatibilityChangeReporter(27655): Compat change id reported: 242716250; UID 10047; state: ENABLED
12-07 13:40:20.079 E/FrameSetCollator( 9363): [{COL:FOVPR}] 32 FrameSets had unexpected timestamps (in the last 1027.86ms). Ex: slot 0 79869138.899ms -> 79869152.885ms (observed period: 13.986ms, expected period: 13.888ms (0.098ms))
12-07 13:40:20.080 D/CompatibilityChangeReporter( 1971): Compat change id reported: 170503758; UID 10047; state: ENABLED
12-07 13:40:20.088 E/TrackedObjectManager( 2832): Failed to connect to TrackedObjectService with error Status(-129, EX_TRANSACTION_FAILED): 'DEAD_OBJECT: '
12-07 13:40:20.088 W/OSDynamicObjectDataQuerier( 2832): Attempted to start tracking objects when tracker was already started
12-07 13:40:20.088 E/TrackedObjectManager( 2832): Failed to connect to TrackedObjectService with error Status(-129, EX_TRANSACTION_FAILED): 'DEAD_OBJECT: '
12-07 13:40:20.088 E/TrackedObjectManager( 2832): Failed to start tracking keyboard object with error Status(-129, EX_TRANSACTION_FAILED): 'DEAD_OBJECT: '
12-07 13:40:20.102 E/TrackedObjectManager( 2832): Failed to connect to TrackedObjectService with error Status(-129, EX_TRANSACTION_FAILED): 'DEAD_OBJECT: '
12-07 13:40:20.102 W/OSDynamicObjectDataQuerier( 2832): Attempted to start tracking objects when tracker was already started
12-07 13:40:20.102 E/TrackedObjectManager( 2832): Failed to connect to TrackedObjectService with error Status(-129, EX_TRANSACTION_FAILED): 'DEAD_OBJECT: '
12-07 13:40:20.102 E/TrackedObjectManager( 2832): Failed to start tracking keyboard object with error Status(-129, EX_TRANSACTION_FAILED): 'DEAD_OBJECT: '
12-07 13:40:20.109 I/memflow (20586): memflow::process_monitor: Enrolling ProcessInfo { pid: 27655, uid: 10047, comm: "kservice.server", exe: "com.meta.pclinkservice.server", oom_score_adj: 0, cpu: "background" } into memory policy Telemetry Controller
12-07 13:40:20.115 E/TrackedObjectManager( 2832): Failed to connect to TrackedObjectService with error Status(-129, EX_TRANSACTION_FAILED): 'DEAD_OBJECT: '
12-07 13:40:20.116 W/OSDynamicObjectDataQuerier( 2832): Attempted to start tracking objects when tracker was already started
12-07 13:40:20.116 E/TrackedObjectManager( 2832): Failed to connect to TrackedObjectService with error Status(-129, EX_TRANSACTION_FAILED): 'DEAD_OBJECT: '
12-07 13:40:20.116 E/TrackedObjectManager( 2832): Failed to start tracking keyboard object with error Status(-129, EX_TRANSACTION_FAILED): 'DEAD_OBJECT: '
12-07 13:40:20.123 D/nativeloader(27655): Configuring clns-6 for other apk /data/app/~~Ias6xs06PzmoUyCnbobK2Q==/com.meta.pclinkservice.server-vBtUFLeuIB-USdQbyjnipA==/base.apk. target_sdk_version=34, uses_libraries=libossdk.oculus.so:libossdk.oculus.so:libripcclient.oculus.so:libossdk.oculus.so:libhzos.meta.so:libhzos_trackingclient.meta.so:libhzos_trackedinput.meta.so, library_path=/data/app/~~Ias6xs06PzmoUyCnbobK2Q==/com.meta.pclinkservice.server-vBtUFLeuIB-USdQbyjnipA==/lib/arm64:/data/app/~~Ias6xs06PzmoUyCnbobK2Q==/com.meta.pclinkservice.server-vBtUFLeuIB-USdQbyjnipA==/base.apk!/lib/arm64-v8a:/apex/com.meta.xr/priv-app/VrDriver/VrDriver.apk!/lib/arm64-v8a, permitted_path=/data:/mnt/expand:/data/user/0/com.meta.pclinkservice.server
12-07 13:40:20.123 D/nativeloader(27655): Extending system_exposed_libraries: libossdk.oculus.so:libossdk.oculus.so:libripcclient.oculus.so:libossdk.oculus.so:libhzos.meta.so:libhzos_trackingclient.meta.so:libhzos_trackedinput.meta.so
12-07 13:40:20.129 E/TrackedObjectManager( 2832): Failed to connect to TrackedObjectService with error Status(-129, EX_TRANSACTION_FAILED): 'DEAD_OBJECT: '
12-07 13:40:20.129 W/OSDynamicObjectDataQuerier( 2832): Attempted to start tracking objects when tracker was already started
12-07 13:40:20.130 E/TrackedObjectManager( 2832): Failed to connect to TrackedObjectService with error Status(-129, EX_TRANSACTION_FAILED): 'DEAD_OBJECT: '
12-07 13:40:20.130 E/TrackedObjectManager( 2832): Failed to start tracking keyboard object with error Status(-129, EX_TRANSACTION_FAILED): 'DEAD_OBJECT: '
12-07 13:40:20.136 D/CompatibilityChangeReporter(27655): Compat change id reported: 183155436; UID 10047; state: ENABLED
12-07 13:40:20.143 V/GraphicsEnvironment(27655): Currently set values for:
12-07 13:40:20.143 V/GraphicsEnvironment(27655):   angle_gl_driver_selection_pkgs=[]
12-07 13:40:20.143 V/GraphicsEnvironment(27655):   angle_gl_driver_selection_values=[]
12-07 13:40:20.143 V/GraphicsEnvironment(27655): ANGLE GameManagerService for com.meta.pclinkservice.server: false
12-07 13:40:20.143 E/TrackedObjectManager( 2832): Failed to connect to TrackedObjectService with error Status(-129, EX_TRANSACTION_FAILED): 'DEAD_OBJECT: '
12-07 13:40:20.143 W/OSDynamicObjectDataQuerier( 2832): Attempted to start tracking objects when tracker was already started
12-07 13:40:20.143 E/TrackedObjectManager( 2832): Failed to connect to TrackedObjectService with error Status(-129, EX_TRANSACTION_FAILED): 'DEAD_OBJECT: '
12-07 13:40:20.144 E/TrackedObjectManager( 2832): Failed to start tracking keyboard object with error Status(-129, EX_TRANSACTION_FAILED): 'DEAD_OBJECT: '
12-07 13:40:20.144 V/GraphicsEnvironment(27655): com.meta.pclinkservice.server is not listed in per-application setting
12-07 13:40:20.144 V/GraphicsEnvironment(27655): Neither updatable production driver nor prerelease driver is supported.
12-07 13:40:20.146 D/CompatibilityChangeReporter(27655): Compat change id reported: 175409949; UID 10047; state: DISABLED
12-07 13:40:20.146 D/CompatibilityChangeReporter(27655): Compat change id reported: 175409951; UID 10047; state: DISABLED
12-07 13:40:20.146 D/CompatibilityChangeReporter(27655): Compat change id reported: 175409956; UID 10047; state: DISABLED
12-07 13:40:20.149 D/CompatibilityChangeReporter(27655): Compat change id reported: 175409950; UID 10047; state: DISABLED
12-07 13:40:20.151 E/[CT]    ( 2832): CALIBRATION_RUNTIME: OnlineCalibrationSession: Calibration unsuccessful status code is 3.
12-07 13:40:20.157 E/TrackedObjectManager( 2832): Failed to connect to TrackedObjectService with error Status(-129, EX_TRANSACTION_FAILED): 'DEAD_OBJECT: '
12-07 13:40:20.157 W/OSDynamicObjectDataQuerier( 2832): Attempted to start tracking objects when tracker was already started
12-07 13:40:20.157 E/TrackedObjectManager( 2832): Failed to connect to TrackedObjectService with error Status(-129, EX_TRANSACTION_FAILED): 'DEAD_OBJECT: '
12-07 13:40:20.157 E/TrackedObjectManager( 2832): Failed to start tracking keyboard object with error Status(-129, EX_TRANSACTION_FAILED): 'DEAD_OBJECT: '
12-07 13:40:20.158 D/WM-WrkMgrInitializer(27655): Initializing WorkManager with default configuration.
12-07 13:40:20.161 D/WM-PackageManagerHelper(27655): Skipping component enablement for androidx.work.impl.background.systemjob.SystemJobService
12-07 13:40:20.161 D/WM-Schedulers(27655): Created SystemJobScheduler and enabled SystemJobService
12-07 13:40:20.164 I/MessageQueueDoctorInitializer(27655): Initialized for: com.meta.pclinkservice.server
12-07 13:40:20.165 I/LS_PCLinkServiceServerApplication(27655): onCreate: finished MQD with native stack
12-07 13:40:20.166 I/ActivityManager( 1971): Flag disabled. Ignoring finishAttachApplication from uid: 10047. pid: 27655
12-07 13:40:20.168 I/LS_PCLinkServiceFull(27655): onCreate
12-07 13:40:20.171 E/TrackedObjectManager( 2832): Failed to connect to TrackedObjectService with error Status(-129, EX_TRANSACTION_FAILED): 'DEAD_OBJECT: '
12-07 13:40:20.171 W/OSDynamicObjectDataQuerier( 2832): Attempted to start tracking objects when tracker was already started
12-07 13:40:20.172 E/TrackedObjectManager( 2832): Failed to connect to TrackedObjectService with error Status(-129, EX_TRANSACTION_FAILED): 'DEAD_OBJECT: '
12-07 13:40:20.172 E/TrackedObjectManager( 2832): Failed to start tracking keyboard object with error Status(-129, EX_TRANSACTION_FAILED): 'DEAD_OBJECT: '
12-07 13:40:20.178 I/MessageQueueDoctorInitializer(27655): Is Enabled for: com.meta.pclinkservice.server
12-07 13:40:20.179 W/StatsReporter(27655): Native registration unable to find class horizonos/supplement/telemetry/TelemetryManager
12-07 13:40:20.179 W/System.err(27655): java.lang.NoClassDefFoundError: Class not found using the boot class loader; no stack trace available
12-07 13:40:20.183 I/MRSS    ( 1157): EvaController: Sessions: CvpPreprocessor(DSP)(Running) with 4 handles: WARP(150),WARP(150),PYRAMID(150),PYRAMID(150),; 
12-07 13:40:20.185 E/TrackedObjectManager( 2832): Failed to connect to TrackedObjectService with error Status(-129, EX_TRANSACTION_FAILED): 'DEAD_OBJECT: '
12-07 13:40:20.185 W/OSDynamicObjectDataQuerier( 2832): Attempted to start tracking objects when tracker was already started
12-07 13:40:20.185 E/TrackedObjectManager( 2832): Failed to connect to TrackedObjectService with error Status(-129, EX_TRANSACTION_FAILED): 'DEAD_OBJECT: '
12-07 13:40:20.185 E/TrackedObjectManager( 2832): Failed to start tracking keyboard object with error Status(-129, EX_TRANSACTION_FAILED): 'DEAD_OBJECT: '
12-07 13:40:20.189 I/MessageQueueDoctorInitializer(27655): Registered with Looper Listener for: com.meta.pclinkservice.server
12-07 13:40:20.189 I/MRSS    ( 1157): MIXEDREALITY: EnvironmentDepthMetacapability: processTelemetry client com.oculus.vrshell state true aggregated 1
12-07 13:40:20.191 D/BinderClient(27655): Connected to PreferencesService
12-07 13:40:20.192 D/CompatibilityChangeReporter(27655): Compat change id reported: 160794467; UID 10047; state: ENABLED
12-07 13:40:20.199 E/TrackedObjectManager( 2832): Failed to connect to TrackedObjectService with error Status(-129, EX_TRANSACTION_FAILED): 'DEAD_OBJECT: '
12-07 13:40:20.199 W/OSDynamicObjectDataQuerier( 2832): Attempted to start tracking objects when tracker was already started
12-07 13:40:20.199 E/TrackedObjectManager( 2832): Failed to connect to TrackedObjectService with error Status(-129, EX_TRANSACTION_FAILED): 'DEAD_OBJECT: '
12-07 13:40:20.199 E/TrackedObjectManager( 2832): Failed to start tracking keyboard object with error Status(-129, EX_TRANSACTION_FAILED): 'DEAD_OBJECT: '
12-07 13:40:20.200 W/SoLoader(27655): Initializing SoLoader: 0
12-07 13:40:20.200 W/SoLoader(27655): Recording new base apk path: /data/app/~~Ias6xs06PzmoUyCnbobK2Q==/com.meta.pclinkservice.server-vBtUFLeuIB-USdQbyjnipA==/base.apk
12-07 13:40:20.200 W/SoLoader(27655): Previously recorded 0 base apk paths.
12-07 13:40:20.206 I/SoLoader(27655): Preparing SO source: DirectorySoSource[root = /vendor/lib64 flags = 2]
12-07 13:40:20.206 I/SoLoader(27655): Preparing SO source: DirectorySoSource[root = /system/lib64 flags = 2]
12-07 13:40:20.206 I/SoLoader(27655): Preparing SO source: ApplicationSoSource[DirectorySoSource[root = /data/app/~~Ias6xs06PzmoUyCnbobK2Q==/com.meta.pclinkservice.server-vBtUFLeuIB-USdQbyjnipA==/lib/arm64 flags = 1]]
12-07 13:40:20.207 I/SoLoader(27655): Preparing SO source: BackupSoSource[root = /data/data/com.meta.pclinkservice.server/lib-main flags = 1 apks = [ExtractFromZipSoSource[/data/app/~~Ias6xs06PzmoUyCnbobK2Q==/com.meta.pclinkservice.server-vBtUFLeuIB-USdQbyjnipA==/base.apk]]]
12-07 13:40:20.207 I/SoLoader(27655): init finish: 4 SO sources prepared
12-07 13:40:20.207 W/SoLoader(27655): SoLoader initialized: 0
12-07 13:40:20.207 W/SoLoader(27655): Loading pclinkservicejni on the main thread
12-07 13:40:20.207 W/SoLoader[NativeDeps](27655): Falling back to custom ELF parsing when loading libpclinkservicejni.so, this can be slow
12-07 13:40:20.207 W/SoLoader[NativeDeps](27655): Falling back to custom ELF parsing when loading libc++_shared.so, this can be slow
12-07 13:40:20.213 E/TrackedObjectManager( 2832): Failed to connect to TrackedObjectService with error Status(-129, EX_TRANSACTION_FAILED): 'DEAD_OBJECT: '
12-07 13:40:20.213 W/OSDynamicObjectDataQuerier( 2832): Attempted to start tracking objects when tracker was already started
12-07 13:40:20.213 E/TrackedObjectManager( 2832): Failed to connect to TrackedObjectService with error Status(-129, EX_TRANSACTION_FAILED): 'DEAD_OBJECT: '
12-07 13:40:20.213 E/TrackedObjectManager( 2832): Failed to start tracking keyboard object with error Status(-129, EX_TRANSACTION_FAILED): 'DEAD_OBJECT: '
12-07 13:40:20.226 I/VD628x  (  884): Flicker results: freq 785.865540, max 469.828644, dcr 60.941475, pct 0.000221, idx 0.000194, conf 0.021888, snr -16.440416, svm 0.000343, sus 2
12-07 13:40:20.227 E/TrackedObjectManager( 2832): Failed to connect to TrackedObjectService with error Status(-129, EX_TRANSACTION_FAILED): 'DEAD_OBJECT: '
12-07 13:40:20.227 W/OSDynamicObjectDataQuerier( 2832): Attempted to start tracking objects when tracker was already started
12-07 13:40:20.227 E/TrackedObjectManager( 2832): Failed to connect to TrackedObjectService with error Status(-129, EX_TRANSACTION_FAILED): 'DEAD_OBJECT: '
12-07 13:40:20.227 E/TrackedObjectManager( 2832): Failed to start tracking keyboard object with error Status(-129, EX_TRANSACTION_FAILED): 'DEAD_OBJECT: '
12-07 13:40:20.230 I/DeviceConfigClient(27655): Using AIDL for config change notifications
12-07 13:40:20.232 D/MobileConfigBaseClient(27655): connect()
12-07 13:40:20.233 D/UnifiedTelemetryLogger(27655): UnifiedTelemetryLogger instance created
12-07 13:40:20.233 V/ActivityManager( 1971): bindService: Intent { cmp=com.oculus.horizon/com.facebook.mobileconfigservice.service.MobileConfigService } type=null conn=android.os.BinderProxy@83a20aa flags=0x5
12-07 13:40:20.234 D/BinderClient(27655): Connected to TelemetryService
12-07 13:40:20.235 I/OculusMessageObserverWrapper(27655): Message was captured.
12-07 13:40:20.235 D/CompatibilityChangeReporter( 1971): Compat change id reported: 261072174; UID 10047; state: ENABLED
12-07 13:40:20.237 I/SpatialWindowResourceService( 1971): setWindowFrameRate() token: horizonos.view.VolumetricWindowToken$InternalVolumetricToken@9b851f8 framerate: 0.0
12-07 13:40:20.237 D/MobileConfigBaseClient(27655): awaitService()
12-07 13:40:20.241 E/TrackedObjectManager( 2832): Failed to connect to TrackedObjectService with error Status(-129, EX_TRANSACTION_FAILED): 'DEAD_OBJECT: '
12-07 13:40:20.241 W/OSDynamicObjectDataQuerier( 2832): Attempted to start tracking objects when tracker was already started
12-07 13:40:20.241 E/TrackedObjectManager( 2832): Failed to connect to TrackedObjectService with error Status(-129, EX_TRANSACTION_FAILED): 'DEAD_OBJECT: '
12-07 13:40:20.241 E/TrackedObjectManager( 2832): Failed to start tracking keyboard object with error Status(-129, EX_TRANSACTION_FAILED): 'DEAD_OBJECT: '
12-07 13:40:20.242 D/MobileConfigBaseClient(27655): Connected to MobileConfigService
12-07 13:40:20.242 I/DynamicObjectClient( 4885): Query Dynamic Object Tracker anchors
12-07 13:40:20.242 I/DynamicObjectClient( 4885): Object in query has empty predictions or tracking flags
12-07 13:40:20.242 I/[CT]    ( 2832): PTApiClients: 1/1:com.oculus.vrshell,PT=1,EnvDepth=0,VrMode=1,LCnt=1/2(rec=1,proj=0,bg=0),SppMeshes=1(vs=4,ts=2),SppInst=1(vs=4,ts=2),NS=0,Sty=0
12-07 13:40:20.242 I/LinkServiceBinder(32634): LinkService onServiceConnected with version: 59.0.0.3.108
12-07 13:40:20.243 I/LinkServiceBinder(32634): link service is available.
12-07 13:40:20.243 W/LinkServiceBinder(32634): link service is bound but link is not connected.
12-07 13:40:20.243 I/[NAV][BAR] LinkStateRepositoryImpl(32634): linkStateChange event: LINK_SERVICE_BOUND_LINK_NOT_CONNECTED
12-07 13:40:20.254 E/TrackedObjectManager( 2832): Failed to connect to TrackedObjectService with error Status(-129, EX_TRANSACTION_FAILED): 'DEAD_OBJECT: '
12-07 13:40:20.254 W/OSDynamicObjectDataQuerier( 2832): Attempted to start tracking objects when tracker was already started
12-07 13:40:20.254 E/TrackedObjectManager( 2832): Failed to connect to TrackedObjectService with error Status(-129, EX_TRANSACTION_FAILED): 'DEAD_OBJECT: '
12-07 13:40:20.254 E/TrackedObjectManager( 2832): Failed to start tracking keyboard object with error Status(-129, EX_TRANSACTION_FAILED): 'DEAD_OBJECT: '
12-07 13:40:20.255 I/FaceEyeTrackingServerManager_Impl( 2832): [FaceEyeTrackingManager] - orthofitManager is NULL.
12-07 13:40:20.256 I/[CT]    ( 2832): MIXEDREALITY: PassthroughApiManager: GetUpdatedLayerState: (every 2 seconds) PT is: ON numLayers: 1
12-07 13:40:20.269 E/TrackedObjectManager( 2832): Failed to connect to TrackedObjectService with error Status(-129, EX_TRANSACTION_FAILED): 'DEAD_OBJECT: '
12-07 13:40:20.269 W/OSDynamicObjectDataQuerier( 2832): Attempted to start tracking objects when tracker was already started
12-07 13:40:20.269 E/TrackedObjectManager( 2832): Failed to connect to TrackedObjectService with error Status(-129, EX_TRANSACTION_FAILED): 'DEAD_OBJECT: '
12-07 13:40:20.269 E/TrackedObjectManager( 2832): Failed to start tracking keyboard object with error Status(-129, EX_TRANSACTION_FAILED): 'DEAD_OBJECT: '
12-07 13:40:20.282 E/TrackedObjectManager( 2832): Failed to connect to TrackedObjectService with error Status(-129, EX_TRANSACTION_FAILED): 'DEAD_OBJECT: '
12-07 13:40:20.282 W/OSDynamicObjectDataQuerier( 2832): Attempted to start tracking objects when tracker was already started
12-07 13:40:20.283 E/TrackedObjectManager( 2832): Failed to connect to TrackedObjectService with error Status(-129, EX_TRANSACTION_FAILED): 'DEAD_OBJECT: '
12-07 13:40:20.283 E/TrackedObjectManager( 2832): Failed to start tracking keyboard object with error Status(-129, EX_TRANSACTION_FAILED): 'DEAD_OBJECT: '
12-07 13:40:20.283 I/GraphicsGovernor( 2832): Dynamic Foveation Lvl 3, Min Foveation Lvl 3, DynRes Enabled 1, DynRes Scaler 1.000000
12-07 13:40:20.296 E/TrackedObjectManager( 2832): Failed to connect to TrackedObjectService with error Status(-129, EX_TRANSACTION_FAILED): 'DEAD_OBJECT: '
12-07 13:40:20.296 W/OSDynamicObjectDataQuerier( 2832): Attempted to start tracking objects when tracker was already started
12-07 13:40:20.296 E/TrackedObjectManager( 2832): Failed to connect to TrackedObjectService with error Status(-129, EX_TRANSACTION_FAILED): 'DEAD_OBJECT: '
12-07 13:40:20.296 E/TrackedObjectManager( 2832): Failed to start tracking keyboard object with error Status(-129, EX_TRANSACTION_FAILED): 'DEAD_OBJECT: '
12-07 13:40:20.309 I/DUMPSYS_LOG( 9363): {"additional_data":{"camera_fps":[{"fps":77.251903791294907,"frames":773,"id":0},{"fps":77.251903791294907,"frames":773,"id":1},{"fps":38.67592078555127,"frames":387,"id":2},{"fps":38.67592078555127,"frames":387,"id":3}]},"event":"CameraFPS","service":"SensorService","tid":"493839432432","ts":1765143620309375,"ts_proc":132738990745}
12-07 13:40:20.310 E/TrackedObjectManager( 2832): Failed to connect to TrackedObjectService with error Status(-129, EX_TRANSACTION_FAILED): 'DEAD_OBJECT: '
12-07 13:40:20.310 W/OSDynamicObjectDataQuerier( 2832): Attempted to start tracking objects when tracker was already started
12-07 13:40:20.310 E/TrackedObjectManager( 2832): Failed to connect to TrackedObjectService with error Status(-129, EX_TRANSACTION_FAILED): 'DEAD_OBJECT: '
12-07 13:40:20.310 E/TrackedObjectManager( 2832): Failed to start tracking keyboard object with error Status(-129, EX_TRANSACTION_FAILED): 'DEAD_OBJECT: '
12-07 13:40:20.314 I/OpenXR_Anchor( 3469): xrQuerySpacesFB: no split anchor query enabled
12-07 13:40:20.315 I/[CT]    ( 3469): SP:AF:InsightAnchorApi: QueryAnchorSpaces loadAndQueryAvailableAnchors flow. (task start) duration: 0.000000000 [sec], flags: 44, location: StorageLocation::LOCAL(1), method: 1, request: 4991, source: SourceType::LIVE_TRACKER(1)
12-07 13:40:20.315 I/[CT]    ( 3469): RuntimeIpcHelper: RuntimeIpcClient::CALL_RPC isAsync: true, func: loadAvailableAnchors
12-07 13:40:20.315 I/[CT]    ( 4885): SP:AP:AnchorPersistenceRuntimeIpcServer: checkRPC start: sessionUuid:1e3ba3f0-dfb6-0aba-a69b-b18fb253c69c, clientId:2367474718, givenPackageName:com.oculus.vrshell
12-07 13:40:20.315 I/[CT]    ( 4885): SP:AP:AnchorPersistenceRuntimeIpcServer: checkPackageAccess - detectedPackageName:com.oculus.vrshell, detectedProcessName:com.oculus.vrshell, givenPackageName:com.oculus.vrshell
12-07 13:40:20.315 I/[CT]    ( 4885): SP:AP:AnchorPersistenceRuntimeIpcServer: checkRPC package name matches: sessionUuid:1e3ba3f0-dfb6-0aba-a69b-b18fb253c69c, clientId:2367474718, givenPackageName:com.oculus.vrshell, detectedPackageName:com.oculus.vrshell, detectedProcessName:com.oculus.vrshell
12-07 13:40:20.315 I/[CT]    ( 4885): SP:AP:AnchorPersistenceRuntimeIpcServer: queryAvailableAnchorsSMV2: clientId: 2367474718, maxAnchors: 500, filter: 0, queryMultipleRoomsEnabledByOpenXrVersion: true, source: 1, appId: com.oculus.vrshell
12-07 13:40:20.315 I/[CT]    ( 4885): SP:AP:AnchorPersistenceConfig: getSceneRuntimePermissionEnabled: USE_SCENE permission is enabled on this device
12-07 13:40:20.315 I/[CT]    ( 4885): SP:AP:AnchorPersistenceScenePermissions: hasClientGrantedScenePermission: USE_SCENE permission is enabled on this device, check client 2367474718, grant is true
12-07 13:40:20.315 I/[CT]    ( 4885): SP:AP:AnchorPersistenceConfig: getSceneRuntimePermissionEnabled: USE_SCENE permission is enabled on this device
12-07 13:40:20.317 I/[CT]    ( 4885): SP:SceneAnchorFilterUtil: filterSceneDataByPermission: com.oculus.vrshell permission check passed, keep scene data. anchors size: 0
12-07 13:40:20.317 I/[CT]    ( 3469): SP:AF:InsightAnchorApi: QueryAnchorSpaces (task finish) returnCode: AnchorResultCode::SUCCESS(0), numSpacesFound: 0, spacesFoundUuids: [], duration: 0.000000000 [sec], flags: 44, location: 1, method: 1, request: 4991
12-07 13:40:20.318 I/[CT]    ( 3469): SP:TREX:SpatialPersistencePlugin: Event type: 6
12-07 13:40:20.318 I/TREX    ( 3469): Spatial Persistence event: QuerySpacesFinish
12-07 13:40:20.324 E/TrackedObjectManager( 2832): Failed to connect to TrackedObjectService with error Status(-129, EX_TRANSACTION_FAILED): 'DEAD_OBJECT: '
12-07 13:40:20.324 W/OSDynamicObjectDataQuerier( 2832): Attempted to start tracking objects when tracker was already started
12-07 13:40:20.324 E/TrackedObjectManager( 2832): Failed to connect to TrackedObjectService with error Status(-129, EX_TRANSACTION_FAILED): 'DEAD_OBJECT: '
12-07 13:40:20.324 E/TrackedObjectManager( 2832): Failed to start tracking keyboard object with error Status(-129, EX_TRANSACTION_FAILED): 'DEAD_OBJECT: '
12-07 13:40:20.337 E/TrackedObjectManager( 2832): Failed to connect to TrackedObjectService with error Status(-129, EX_TRANSACTION_FAILED): 'DEAD_OBJECT: '
12-07 13:40:20.338 W/OSDynamicObjectDataQuerier( 2832): Attempted to start tracking objects when tracker was already started
12-07 13:40:20.338 E/TrackedObjectManager( 2832): Failed to connect to TrackedObjectService with error Status(-129, EX_TRANSACTION_FAILED): 'DEAD_OBJECT: '
12-07 13:40:20.338 E/TrackedObjectManager( 2832): Failed to start tracking keyboard object with error Status(-129, EX_TRANSACTION_FAILED): 'DEAD_OBJECT: '
12-07 13:40:20.352 E/TrackedObjectManager( 2832): Failed to connect to TrackedObjectService with error Status(-129, EX_TRANSACTION_FAILED): 'DEAD_OBJECT: '
12-07 13:40:20.352 W/OSDynamicObjectDataQuerier( 2832): Attempted to start tracking objects when tracker was already started
12-07 13:40:20.352 E/TrackedObjectManager( 2832): Failed to connect to TrackedObjectService with error Status(-129, EX_TRANSACTION_FAILED): 'DEAD_OBJECT: '
12-07 13:40:20.352 E/TrackedObjectManager( 2832): Failed to start tracking keyboard object with error Status(-129, EX_TRANSACTION_FAILED): 'DEAD_OBJECT: '
12-07 13:40:20.365 E/TrackedObjectManager( 2832): Failed to connect to TrackedObjectService with error Status(-129, EX_TRANSACTION_FAILED): 'DEAD_OBJECT: '
12-07 13:40:20.365 W/OSDynamicObjectDataQuerier( 2832): Attempted to start tracking objects when tracker was already started
12-07 13:40:20.365 E/TrackedObjectManager( 2832): Failed to connect to TrackedObjectService with error Status(-129, EX_TRANSACTION_FAILED): 'DEAD_OBJECT: '
12-07 13:40:20.365 E/TrackedObjectManager( 2832): Failed to start tracking keyboard object with error Status(-129, EX_TRANSACTION_FAILED): 'DEAD_OBJECT: '
12-07 13:40:20.379 E/TrackedObjectManager( 2832): Failed to connect to TrackedObjectService with error Status(-129, EX_TRANSACTION_FAILED): 'DEAD_OBJECT: '
12-07 13:40:20.379 W/OSDynamicObjectDataQuerier( 2832): Attempted to start tracking objects when tracker was already started
12-07 13:40:20.379 E/TrackedObjectManager( 2832): Failed to connect to TrackedObjectService with error Status(-129, EX_TRANSACTION_FAILED): 'DEAD_OBJECT: '
12-07 13:40:20.379 E/TrackedObjectManager( 2832): Failed to start tracking keyboard object with error Status(-129, EX_TRANSACTION_FAILED): 'DEAD_OBJECT: '
12-07 13:40:20.386 I/MRSS    ( 1157): MIXEDREALITY: MrFeatureTelemetry: Number of frames processed for slam-based metrics: 21
12-07 13:40:20.393 E/TrackedObjectManager( 2832): Failed to connect to TrackedObjectService with error Status(-129, EX_TRANSACTION_FAILED): 'DEAD_OBJECT: '
12-07 13:40:20.393 W/OSDynamicObjectDataQuerier( 2832): Attempted to start tracking objects when tracker was already started
12-07 13:40:20.393 E/TrackedObjectManager( 2832): Failed to connect to TrackedObjectService with error Status(-129, EX_TRANSACTION_FAILED): 'DEAD_OBJECT: '
12-07 13:40:20.393 E/TrackedObjectManager( 2832): Failed to start tracking keyboard object with error Status(-129, EX_TRANSACTION_FAILED): 'DEAD_OBJECT: '
12-07 13:40:20.398 I/VrApi   ( 3469): FPS=72/72,Prd=30ms,Tear=0,Early=0,Stale=0,Stale2/5/10/max=0/0/0/0,VSnc=1,Lat=-1,Fov=3,CPU4/GPU=3/2,2361/456MHz,OC=3F,TA=0/0/0,SP=N/N/N,Mem=3196MHz,Free=3093MB,PLS=0,Temp=33.0C/0.0C,TW=2.66ms,App=1.28ms,GD=0.00ms,CPU&GPU=9.07ms,LCnt=7(DR0,LM0),GPU%=0.31,CPU%=0.59(W0.60),CFL=13.58/16.89,ICFLp95=16.21,LD=0,SF=1.00,LP=1,DVFS=0,ShrpLCnt=4,ShrpR=0.500,SSLCnt=0/2
12-07 13:40:20.407 E/TrackedObjectManager( 2832): Failed to connect to TrackedObjectService with error Status(-129, EX_TRANSACTION_FAILED): 'DEAD_OBJECT: '
12-07 13:40:20.407 W/OSDynamicObjectDataQuerier( 2832): Attempted to start tracking objects when tracker was already started
12-07 13:40:20.407 E/TrackedObjectManager( 2832): Failed to connect to TrackedObjectService with error Status(-129, EX_TRANSACTION_FAILED): 'DEAD_OBJECT: '
12-07 13:40:20.407 E/TrackedObjectManager( 2832): Failed to start tracking keyboard object with error Status(-129, EX_TRANSACTION_FAILED): 'DEAD_OBJECT: '
12-07 13:40:20.421 E/TrackedObjectManager( 2832): Failed to connect to TrackedObjectService with error Status(-129, EX_TRANSACTION_FAILED): 'DEAD_OBJECT: '
12-07 13:40:20.421 W/OSDynamicObjectDataQuerier( 2832): Attempted to start tracking objects when tracker was already started
12-07 13:40:20.421 E/TrackedObjectManager( 2832): Failed to connect to TrackedObjectService with error Status(-129, EX_TRANSACTION_FAILED): 'DEAD_OBJECT: '
12-07 13:40:20.421 E/TrackedObjectManager( 2832): Failed to start tracking keyboard object with error Status(-129, EX_TRANSACTION_FAILED): 'DEAD_OBJECT: '
12-07 13:40:20.435 E/TrackedObjectManager( 2832): Failed to connect to TrackedObjectService with error Status(-129, EX_TRANSACTION_FAILED): 'DEAD_OBJECT: '
12-07 13:40:20.435 W/OSDynamicObjectDataQuerier( 2832): Attempted to start tracking objects when tracker was already started
12-07 13:40:20.435 E/TrackedObjectManager( 2832): Failed to connect to TrackedObjectService with error Status(-129, EX_TRANSACTION_FAILED): 'DEAD_OBJECT: '
12-07 13:40:20.435 E/TrackedObjectManager( 2832): Failed to start tracking keyboard object with error Status(-129, EX_TRANSACTION_FAILED): 'DEAD_OBJECT: '
12-07 13:40:20.449 E/TrackedObjectManager( 2832): Failed to connect to TrackedObjectService with error Status(-129, EX_TRANSACTION_FAILED): 'DEAD_OBJECT: '
12-07 13:40:20.449 W/OSDynamicObjectDataQuerier( 2832): Attempted to start tracking objects when tracker was already started
12-07 13:40:20.449 E/TrackedObjectManager( 2832): Failed to connect to TrackedObjectService with error Status(-129, EX_TRANSACTION_FAILED): 'DEAD_OBJECT: '
12-07 13:40:20.449 E/TrackedObjectManager( 2832): Failed to start tracking keyboard object with error Status(-129, EX_TRANSACTION_FAILED): 'DEAD_OBJECT: '
12-07 13:40:20.463 E/TrackedObjectManager( 2832): Failed to connect to TrackedObjectService with error Status(-129, EX_TRANSACTION_FAILED): 'DEAD_OBJECT: '
12-07 13:40:20.463 W/OSDynamicObjectDataQuerier( 2832): Attempted to start tracking objects when tracker was already started
12-07 13:40:20.463 E/TrackedObjectManager( 2832): Failed to connect to TrackedObjectService with error Status(-129, EX_TRANSACTION_FAILED): 'DEAD_OBJECT: '
12-07 13:40:20.463 E/TrackedObjectManager( 2832): Failed to start tracking keyboard object with error Status(-129, EX_TRANSACTION_FAILED): 'DEAD_OBJECT: '
12-07 13:40:20.476 E/TrackedObjectManager( 2832): Failed to connect to TrackedObjectService with error Status(-129, EX_TRANSACTION_FAILED): 'DEAD_OBJECT: '
12-07 13:40:20.476 W/OSDynamicObjectDataQuerier( 2832): Attempted to start tracking objects when tracker was already started
12-07 13:40:20.476 E/TrackedObjectManager( 2832): Failed to connect to TrackedObjectService with error Status(-129, EX_TRANSACTION_FAILED): 'DEAD_OBJECT: '
12-07 13:40:20.476 E/TrackedObjectManager( 2832): Failed to start tracking keyboard object with error Status(-129, EX_TRANSACTION_FAILED): 'DEAD_OBJECT: '
12-07 13:40:20.490 E/TrackedObjectManager( 2832): Failed to connect to TrackedObjectService with error Status(-129, EX_TRANSACTION_FAILED): 'DEAD_OBJECT: '
12-07 13:40:20.490 W/OSDynamicObjectDataQuerier( 2832): Attempted to start tracking objects when tracker was already started
12-07 13:40:20.491 E/TrackedObjectManager( 2832): Failed to connect to TrackedObjectService with error Status(-129, EX_TRANSACTION_FAILED): 'DEAD_OBJECT: '
12-07 13:40:20.491 E/TrackedObjectManager( 2832): Failed to start tracking keyboard object with error Status(-129, EX_TRANSACTION_FAILED): 'DEAD_OBJECT: '
12-07 13:40:20.504 E/TrackedObjectManager( 2832): Failed to connect to TrackedObjectService with error Status(-129, EX_TRANSACTION_FAILED): 'DEAD_OBJECT: '
12-07 13:40:20.504 W/OSDynamicObjectDataQuerier( 2832): Attempted to start tracking objects when tracker was already started
12-07 13:40:20.504 E/TrackedObjectManager( 2832): Failed to connect to TrackedObjectService with error Status(-129, EX_TRANSACTION_FAILED): 'DEAD_OBJECT: '
