12-07 15:36:10.902 W/OSDynamicObjectDataQuerier( 2832): Attempted to start tracking objects when tracker was already started
12-07 15:36:10.902 E/TrackedObjectManager( 2832): Failed to connect to TrackedObjectService with error Status(-129, EX_TRANSACTION_FAILED): 'DEAD_OBJECT: '
12-07 15:36:10.902 E/TrackedObjectManager( 2832): Failed to start tracking keyboard object with error Status(-129, EX_TRANSACTION_FAILED): 'DEAD_OBJECT: '
12-07 15:36:10.907 W/ContextImpl( 5043): Calling a method in the system process without a qualified user: android.app.ContextImpl.startService:1899 android.content.ContextWrapper.startService:825 com.oculus.appsafety.packageintegrity.PackageIntegrityUtils.sendResultToOCMS:2223 com.oculus.appsafety.packageintegrity.PackageIntegrityUtils.lambda$updateStorePackageSignatures$27:3072 com.oculus.appsafety.packageintegrity.PackageIntegrityUtils.$r8$lambda$spxwCO2KiyNTPBbcjgChQCxsmU8:0 
12-07 15:36:10.915 E/TrackedObjectManager( 2832): Failed to connect to TrackedObjectService with error Status(-129, EX_TRANSACTION_FAILED): 'DEAD_OBJECT: '
12-07 15:36:10.915 W/OSDynamicObjectDataQuerier( 2832): Attempted to start tracking objects when tracker was already started
12-07 15:36:10.915 E/TrackedObjectManager( 2832): Failed to connect to TrackedObjectService with error Status(-129, EX_TRANSACTION_FAILED): 'DEAD_OBJECT: '
12-07 15:36:10.916 E/TrackedObjectManager( 2832): Failed to start tracking keyboard object with error Status(-129, EX_TRANSACTION_FAILED): 'DEAD_OBJECT: '
12-07 15:36:10.917 I/MRSS    ( 1157): MIXEDREALITY: EnvironmentDepthMetacapability: processTelemetry client com.oculus.vrshell state true aggregated 1
12-07 15:36:10.918 W/ContextImpl( 5043): Calling a method in the system process without a qualified user: android.app.ContextImpl.startService:1899 android.content.ContextWrapper.startService:825 com.oculus.appsafety.packageintegrity.PackageIntegrityUtils.sendResultToOCMS:2223 com.oculus.appsafety.packageintegrity.PackageIntegrityUtils.lambda$updateStorePackageSignatures$27:3072 com.oculus.appsafety.packageintegrity.PackageIntegrityUtils.$r8$lambda$spxwCO2KiyNTPBbcjgChQCxsmU8:0 
12-07 15:36:10.929 E/TrackedObjectManager( 2832): Failed to connect to TrackedObjectService with error Status(-129, EX_TRANSACTION_FAILED): 'DEAD_OBJECT: '
12-07 15:36:10.929 W/OSDynamicObjectDataQuerier( 2832): Attempted to start tracking objects when tracker was already started
12-07 15:36:10.929 E/TrackedObjectManager( 2832): Failed to connect to TrackedObjectService with error Status(-129, EX_TRANSACTION_FAILED): 'DEAD_OBJECT: '
12-07 15:36:10.929 E/TrackedObjectManager( 2832): Failed to start tracking keyboard object with error Status(-129, EX_TRANSACTION_FAILED): 'DEAD_OBJECT: '
12-07 15:36:10.931 I/[CT]    ( 2832): MIXEDREALITY: PassthroughApiManager: GetUpdatedLayerState: (every 2 seconds) PT is: ON numLayers: 1
12-07 15:36:10.943 E/TrackedObjectManager( 2832): Failed to connect to TrackedObjectService with error Status(-129, EX_TRANSACTION_FAILED): 'DEAD_OBJECT: '
12-07 15:36:10.943 W/OSDynamicObjectDataQuerier( 2832): Attempted to start tracking objects when tracker was already started
12-07 15:36:10.943 E/TrackedObjectManager( 2832): Failed to connect to TrackedObjectService with error Status(-129, EX_TRANSACTION_FAILED): 'DEAD_OBJECT: '
12-07 15:36:10.943 E/TrackedObjectManager( 2832): Failed to start tracking keyboard object with error Status(-129, EX_TRANSACTION_FAILED): 'DEAD_OBJECT: '
12-07 15:36:10.943 I/GraphicsGovernor( 2832): Dynamic Foveation Lvl 3, Min Foveation Lvl 3, DynRes Enabled 1, DynRes Scaler 1.000000
12-07 15:36:10.957 E/TrackedObjectManager( 2832): Failed to connect to TrackedObjectService with error Status(-129, EX_TRANSACTION_FAILED): 'DEAD_OBJECT: '
12-07 15:36:10.957 W/OSDynamicObjectDataQuerier( 2832): Attempted to start tracking objects when tracker was already started
12-07 15:36:10.957 E/TrackedObjectManager( 2832): Failed to connect to TrackedObjectService with error Status(-129, EX_TRANSACTION_FAILED): 'DEAD_OBJECT: '
12-07 15:36:10.957 E/TrackedObjectManager( 2832): Failed to start tracking keyboard object with error Status(-129, EX_TRANSACTION_FAILED): 'DEAD_OBJECT: '
12-07 15:36:10.962 W/ContextImpl( 5043): Calling a method in the system process without a qualified user: android.app.ContextImpl.startService:1899 android.content.ContextWrapper.startService:825 com.oculus.appsafety.packageintegrity.PackageIntegrityUtils.sendResultToOCMS:2223 com.oculus.appsafety.packageintegrity.PackageIntegrityUtils.lambda$updateStorePackageSignatures$27:3072 com.oculus.appsafety.packageintegrity.PackageIntegrityUtils.$r8$lambda$spxwCO2KiyNTPBbcjgChQCxsmU8:0 
12-07 15:36:10.962 I/Vsync   ( 2832): Vsync 648:  2 x 13.89 ms (72.00 Hz, at 139689.644)
12-07 15:36:10.971 E/TrackedObjectManager( 2832): Failed to connect to TrackedObjectService with error Status(-129, EX_TRANSACTION_FAILED): 'DEAD_OBJECT: '
12-07 15:36:10.971 W/OSDynamicObjectDataQuerier( 2832): Attempted to start tracking objects when tracker was already started
12-07 15:36:10.971 E/TrackedObjectManager( 2832): Failed to connect to TrackedObjectService with error Status(-129, EX_TRANSACTION_FAILED): 'DEAD_OBJECT: '
12-07 15:36:10.971 E/TrackedObjectManager( 2832): Failed to start tracking keyboard object with error Status(-129, EX_TRANSACTION_FAILED): 'DEAD_OBJECT: '
12-07 15:36:10.973 W/ContextImpl( 5043): Calling a method in the system process without a qualified user: android.app.ContextImpl.startService:1899 android.content.ContextWrapper.startService:825 com.oculus.appsafety.packageintegrity.PackageIntegrityUtils.sendResultToOCMS:2223 com.oculus.appsafety.packageintegrity.PackageIntegrityUtils.lambda$updateStorePackageSignatures$27:3072 com.oculus.appsafety.packageintegrity.PackageIntegrityUtils.$r8$lambda$spxwCO2KiyNTPBbcjgChQCxsmU8:0 
12-07 15:36:10.985 E/TrackedObjectManager( 2832): Failed to connect to TrackedObjectService with error Status(-129, EX_TRANSACTION_FAILED): 'DEAD_OBJECT: '
12-07 15:36:10.985 W/OSDynamicObjectDataQuerier( 2832): Attempted to start tracking objects when tracker was already started
12-07 15:36:10.985 E/TrackedObjectManager( 2832): Failed to connect to TrackedObjectService with error Status(-129, EX_TRANSACTION_FAILED): 'DEAD_OBJECT: '
12-07 15:36:10.985 E/TrackedObjectManager( 2832): Failed to start tracking keyboard object with error Status(-129, EX_TRANSACTION_FAILED): 'DEAD_OBJECT: '
12-07 15:36:10.985 W/ContextImpl( 5043): Calling a method in the system process without a qualified user: android.app.ContextImpl.startService:1899 android.content.ContextWrapper.startService:825 com.oculus.appsafety.packageintegrity.PackageIntegrityUtils.sendResultToOCMS:2223 com.oculus.appsafety.packageintegrity.PackageIntegrityUtils.lambda$updateStorePackageSignatures$27:3072 com.oculus.appsafety.packageintegrity.PackageIntegrityUtils.$r8$lambda$spxwCO2KiyNTPBbcjgChQCxsmU8:0 
12-07 15:36:10.996 W/ContextImpl( 5043): Calling a method in the system process without a qualified user: android.app.ContextImpl.startService:1899 android.content.ContextWrapper.startService:825 com.oculus.appsafety.packageintegrity.PackageIntegrityUtils.sendResultToOCMS:2223 com.oculus.appsafety.packageintegrity.PackageIntegrityUtils.lambda$updateStorePackageSignatures$27:3072 com.oculus.appsafety.packageintegrity.PackageIntegrityUtils.$r8$lambda$spxwCO2KiyNTPBbcjgChQCxsmU8:0 
12-07 15:36:10.999 E/TrackedObjectManager( 2832): Failed to connect to TrackedObjectService with error Status(-129, EX_TRANSACTION_FAILED): 'DEAD_OBJECT: '
12-07 15:36:10.999 W/OSDynamicObjectDataQuerier( 2832): Attempted to start tracking objects when tracker was already started
12-07 15:36:10.999 E/TrackedObjectManager( 2832): Failed to connect to TrackedObjectService with error Status(-129, EX_TRANSACTION_FAILED): 'DEAD_OBJECT: '
12-07 15:36:10.999 E/TrackedObjectManager( 2832): Failed to start tracking keyboard object with error Status(-129, EX_TRANSACTION_FAILED): 'DEAD_OBJECT: '
12-07 15:36:10.999 W/ContextImpl( 5043): Calling a method in the system process without a qualified user: android.app.ContextImpl.startService:1899 android.content.ContextWrapper.startService:825 com.oculus.appsafety.packageintegrity.PackageIntegrityUtils.sendResultToOCMS:2223 com.oculus.appsafety.packageintegrity.PackageIntegrityUtils.lambda$updateStorePackageSignatures$27:3072 com.oculus.appsafety.packageintegrity.PackageIntegrityUtils.$r8$lambda$spxwCO2KiyNTPBbcjgChQCxsmU8:0 
12-07 15:36:11.007 W/ContextImpl( 5043): Calling a method in the system process without a qualified user: android.app.ContextImpl.startService:1899 android.content.ContextWrapper.startService:825 com.oculus.appsafety.packageintegrity.PackageIntegrityUtils.sendResultToOCMS:2223 com.oculus.appsafety.packageintegrity.PackageIntegrityUtils.lambda$updateStorePackageSignatures$27:3072 com.oculus.appsafety.packageintegrity.PackageIntegrityUtils.$r8$lambda$spxwCO2KiyNTPBbcjgChQCxsmU8:0 
12-07 15:36:11.013 E/TrackedObjectManager( 2832): Failed to connect to TrackedObjectService with error Status(-129, EX_TRANSACTION_FAILED): 'DEAD_OBJECT: '
12-07 15:36:11.013 W/OSDynamicObjectDataQuerier( 2832): Attempted to start tracking objects when tracker was already started
12-07 15:36:11.013 E/TrackedObjectManager( 2832): Failed to connect to TrackedObjectService with error Status(-129, EX_TRANSACTION_FAILED): 'DEAD_OBJECT: '
12-07 15:36:11.013 E/TrackedObjectManager( 2832): Failed to start tracking keyboard object with error Status(-129, EX_TRANSACTION_FAILED): 'DEAD_OBJECT: '
12-07 15:36:11.014 W/ContextImpl( 5043): Calling a method in the system process without a qualified user: android.app.ContextImpl.startService:1899 android.content.ContextWrapper.startService:825 com.oculus.appsafety.packageintegrity.PackageIntegrityUtils.sendResultToOCMS:2223 com.oculus.appsafety.packageintegrity.PackageIntegrityUtils.lambda$updateStorePackageSignatures$27:3072 com.oculus.appsafety.packageintegrity.PackageIntegrityUtils.$r8$lambda$spxwCO2KiyNTPBbcjgChQCxsmU8:0 
12-07 15:36:11.017 D/AppManagerInternal(27119): Failed to get entitlement(com.meta.mqdh.mqdhservice) from channel, packageName not found.
12-07 15:36:11.019 W/ContextImpl( 5043): Calling a method in the system process without a qualified user: android.app.ContextImpl.startService:1899 android.content.ContextWrapper.startService:825 com.oculus.appsafety.packageintegrity.PackageIntegrityUtils.sendResultToOCMS:2223 com.oculus.appsafety.packageintegrity.PackageIntegrityUtils.lambda$updateStorePackageSignatures$27:3072 com.oculus.appsafety.packageintegrity.PackageIntegrityUtils.$r8$lambda$spxwCO2KiyNTPBbcjgChQCxsmU8:0 
12-07 15:36:11.022 D/JobServiceContext( 1971): doCallback of : JobStatus{d2c5086 #1000/201 com.oculus.appsafety/.packageintegrity.PackageIntegritySyncJobService u=0 s=1000 NET PERSISTED READY} v:VERB_EXECUTING
12-07 15:36:11.022 D/JobServiceContext( 1971): Cleaning up d2c5086 #1000/201 com.oculus.appsafety/.packageintegrity.PackageIntegritySyncJobService reschedule=false reason=app called jobFinished
12-07 15:36:11.026 E/TrackedObjectManager( 2832): Failed to connect to TrackedObjectService with error Status(-129, EX_TRANSACTION_FAILED): 'DEAD_OBJECT: '
12-07 15:36:11.026 W/OSDynamicObjectDataQuerier( 2832): Attempted to start tracking objects when tracker was already started
12-07 15:36:11.026 E/TrackedObjectManager( 2832): Failed to connect to TrackedObjectService with error Status(-129, EX_TRANSACTION_FAILED): 'DEAD_OBJECT: '
12-07 15:36:11.026 E/TrackedObjectManager( 2832): Failed to start tracking keyboard object with error Status(-129, EX_TRANSACTION_FAILED): 'DEAD_OBJECT: '
12-07 15:36:11.040 E/TrackedObjectManager( 2832): Failed to connect to TrackedObjectService with error Status(-129, EX_TRANSACTION_FAILED): 'DEAD_OBJECT: '
12-07 15:36:11.040 W/OSDynamicObjectDataQuerier( 2832): Attempted to start tracking objects when tracker was already started
12-07 15:36:11.040 E/TrackedObjectManager( 2832): Failed to connect to TrackedObjectService with error Status(-129, EX_TRANSACTION_FAILED): 'DEAD_OBJECT: '
12-07 15:36:11.040 E/TrackedObjectManager( 2832): Failed to start tracking keyboard object with error Status(-129, EX_TRANSACTION_FAILED): 'DEAD_OBJECT: '
12-07 15:36:11.043 I/OpenXR_Anchor( 3469): xrQuerySpacesFB: no split anchor query enabled
12-07 15:36:11.044 I/[CT]    ( 3469): SP:AF:InsightAnchorApi: QueryAnchorSpaces loadAndQueryAvailableAnchors flow. (task start) duration: 0.000000000 [sec], flags: 44, location: StorageLocation::LOCAL(1), method: 1, request: 5349, source: SourceType::LIVE_TRACKER(1)
12-07 15:36:11.044 I/[CT]    ( 3469): RuntimeIpcHelper: RuntimeIpcClient::CALL_RPC isAsync: true, func: loadAvailableAnchors
12-07 15:36:11.044 I/[CT]    ( 4885): SP:AP:AnchorPersistenceRuntimeIpcServer: checkRPC start: sessionUuid:1e3ba3f0-dfb6-0aba-a69b-b18fb253c69c, clientId:2367474718, givenPackageName:com.oculus.vrshell
12-07 15:36:11.044 I/[CT]    ( 4885): SP:AP:AnchorPersistenceRuntimeIpcServer: checkPackageAccess - detectedPackageName:com.oculus.vrshell, detectedProcessName:com.oculus.vrshell, givenPackageName:com.oculus.vrshell
12-07 15:36:11.044 I/[CT]    ( 4885): SP:AP:AnchorPersistenceRuntimeIpcServer: checkRPC package name matches: sessionUuid:1e3ba3f0-dfb6-0aba-a69b-b18fb253c69c, clientId:2367474718, givenPackageName:com.oculus.vrshell, detectedPackageName:com.oculus.vrshell, detectedProcessName:com.oculus.vrshell
12-07 15:36:11.044 I/[CT]    ( 4885): SP:AP:AnchorPersistenceRuntimeIpcServer: queryAvailableAnchorsSMV2: clientId: 2367474718, maxAnchors: 500, filter: 0, queryMultipleRoomsEnabledByOpenXrVersion: true, source: 1, appId: com.oculus.vrshell
12-07 15:36:11.044 I/[CT]    ( 4885): SP:AP:AnchorPersistenceConfig: getSceneRuntimePermissionEnabled: USE_SCENE permission is enabled on this device
12-07 15:36:11.044 I/[CT]    ( 4885): SP:AP:AnchorPersistenceScenePermissions: hasClientGrantedScenePermission: USE_SCENE permission is enabled on this device, check client 2367474718, grant is true
12-07 15:36:11.044 I/[CT]    ( 4885): SP:AP:AnchorPersistenceConfig: getSceneRuntimePermissionEnabled: USE_SCENE permission is enabled on this device
12-07 15:36:11.046 I/[CT]    ( 4885): SP:SceneAnchorFilterUtil: filterSceneDataByPermission: com.oculus.vrshell permission check passed, keep scene data. anchors size: 0
12-07 15:36:11.046 I/[CT]    ( 3469): SP:AF:InsightAnchorApi: QueryAnchorSpaces (task finish) returnCode: AnchorResultCode::SUCCESS(0), numSpacesFound: 0, spacesFoundUuids: [], duration: 0.000000000 [sec], flags: 44, location: 1, method: 1, request: 5349
12-07 15:36:11.054 E/TrackedObjectManager( 2832): Failed to connect to TrackedObjectService with error Status(-129, EX_TRANSACTION_FAILED): 'DEAD_OBJECT: '
12-07 15:36:11.054 W/OSDynamicObjectDataQuerier( 2832): Attempted to start tracking objects when tracker was already started
12-07 15:36:11.054 E/TrackedObjectManager( 2832): Failed to connect to TrackedObjectService with error Status(-129, EX_TRANSACTION_FAILED): 'DEAD_OBJECT: '
12-07 15:36:11.054 E/TrackedObjectManager( 2832): Failed to start tracking keyboard object with error Status(-129, EX_TRANSACTION_FAILED): 'DEAD_OBJECT: '
12-07 15:36:11.059 I/[CT]    ( 3469): SP:TREX:SpatialPersistencePlugin: Event type: 6
12-07 15:36:11.059 I/TREX    ( 3469): Spatial Persistence event: QuerySpacesFinish
12-07 15:36:11.068 E/TrackedObjectManager( 2832): Failed to connect to TrackedObjectService with error Status(-129, EX_TRANSACTION_FAILED): 'DEAD_OBJECT: '
12-07 15:36:11.068 W/OSDynamicObjectDataQuerier( 2832): Attempted to start tracking objects when tracker was already started
12-07 15:36:11.068 E/TrackedObjectManager( 2832): Failed to connect to TrackedObjectService with error Status(-129, EX_TRANSACTION_FAILED): 'DEAD_OBJECT: '
12-07 15:36:11.068 E/TrackedObjectManager( 2832): Failed to start tracking keyboard object with error Status(-129, EX_TRANSACTION_FAILED): 'DEAD_OBJECT: '
12-07 15:36:11.073 I/Vsync   ( 2832): Vsync 656:  2 x 13.89 ms (72.00 Hz, at 139689.755)
12-07 15:36:11.081 I/MRSS    ( 1157): MIXEDREALITY: PlaneFreeSpace: PlaneFreespaceComputeCapability: [INSIGHTS] 153 input frames - 61 processed framesMax distance travelled: 0    [VOLUME]: # points integrated (avg): 637.8032786885246 - # points on body (avg): 28.295081967213115    [HEIGHTMAP]: Valid heightmap area (m^2) (avg): 0 - Invalid heightmap area (m^2) (avg): 0 - Floor area (m^2) (avg): 0 - Clutter area (m^2) (avg): 0    [SYSTEM]: Depth data processing freq: 9.973078868183933 - Pipeline processing time: 2.7206065166191977 Floor update freq: 0 CPU System usage: 0,  Memory Usage: 62651596.8
12-07 15:36:11.082 E/TrackedObjectManager( 2832): Failed to connect to TrackedObjectService with error Status(-129, EX_TRANSACTION_FAILED): 'DEAD_OBJECT: '
12-07 15:36:11.082 W/OSDynamicObjectDataQuerier( 2832): Attempted to start tracking objects when tracker was already started
12-07 15:36:11.082 E/TrackedObjectManager( 2832): Failed to connect to TrackedObjectService with error Status(-129, EX_TRANSACTION_FAILED): 'DEAD_OBJECT: '
12-07 15:36:11.082 E/TrackedObjectManager( 2832): Failed to start tracking keyboard object with error Status(-129, EX_TRANSACTION_FAILED): 'DEAD_OBJECT: '
12-07 15:36:11.087 I/SpatialWindowResourceService( 1971): setWindowFrameRate() token: horizonos.view.VolumetricWindowToken$InternalVolumetricToken@bec2d56 framerate: 0.0
12-07 15:36:11.096 E/TrackedObjectManager( 2832): Failed to connect to TrackedObjectService with error Status(-129, EX_TRANSACTION_FAILED): 'DEAD_OBJECT: '
12-07 15:36:11.096 W/OSDynamicObjectDataQuerier( 2832): Attempted to start tracking objects when tracker was already started
12-07 15:36:11.096 E/TrackedObjectManager( 2832): Failed to connect to TrackedObjectService with error Status(-129, EX_TRANSACTION_FAILED): 'DEAD_OBJECT: '
12-07 15:36:11.096 E/TrackedObjectManager( 2832): Failed to start tracking keyboard object with error Status(-129, EX_TRANSACTION_FAILED): 'DEAD_OBJECT: '
12-07 15:36:11.110 E/TrackedObjectManager( 2832): Failed to connect to TrackedObjectService with error Status(-129, EX_TRANSACTION_FAILED): 'DEAD_OBJECT: '
12-07 15:36:11.110 W/OSDynamicObjectDataQuerier( 2832): Attempted to start tracking objects when tracker was already started
12-07 15:36:11.110 E/TrackedObjectManager( 2832): Failed to connect to TrackedObjectService with error Status(-129, EX_TRANSACTION_FAILED): 'DEAD_OBJECT: '
12-07 15:36:11.110 E/TrackedObjectManager( 2832): Failed to start tracking keyboard object with error Status(-129, EX_TRANSACTION_FAILED): 'DEAD_OBJECT: '
12-07 15:36:11.124 E/TrackedObjectManager( 2832): Failed to connect to TrackedObjectService with error Status(-129, EX_TRANSACTION_FAILED): 'DEAD_OBJECT: '
12-07 15:36:11.124 W/OSDynamicObjectDataQuerier( 2832): Attempted to start tracking objects when tracker was already started
12-07 15:36:11.124 E/TrackedObjectManager( 2832): Failed to connect to TrackedObjectService with error Status(-129, EX_TRANSACTION_FAILED): 'DEAD_OBJECT: '
12-07 15:36:11.124 E/TrackedObjectManager( 2832): Failed to start tracking keyboard object with error Status(-129, EX_TRANSACTION_FAILED): 'DEAD_OBJECT: '
12-07 15:36:11.129 I/Vsync   ( 2832): Vsync 660:  2 x 13.89 ms (72.00 Hz, at 139689.811)
12-07 15:36:11.138 E/TrackedObjectManager( 2832): Failed to connect to TrackedObjectService with error Status(-129, EX_TRANSACTION_FAILED): 'DEAD_OBJECT: '
12-07 15:36:11.138 W/OSDynamicObjectDataQuerier( 2832): Attempted to start tracking objects when tracker was already started
12-07 15:36:11.138 E/TrackedObjectManager( 2832): Failed to connect to TrackedObjectService with error Status(-129, EX_TRANSACTION_FAILED): 'DEAD_OBJECT: '
12-07 15:36:11.138 E/TrackedObjectManager( 2832): Failed to start tracking keyboard object with error Status(-129, EX_TRANSACTION_FAILED): 'DEAD_OBJECT: '
12-07 15:36:11.151 E/TrackedObjectManager( 2832): Failed to connect to TrackedObjectService with error Status(-129, EX_TRANSACTION_FAILED): 'DEAD_OBJECT: '
12-07 15:36:11.151 W/OSDynamicObjectDataQuerier( 2832): Attempted to start tracking objects when tracker was already started
12-07 15:36:11.151 E/TrackedObjectManager( 2832): Failed to connect to TrackedObjectService with error Status(-129, EX_TRANSACTION_FAILED): 'DEAD_OBJECT: '
12-07 15:36:11.151 E/TrackedObjectManager( 2832): Failed to start tracking keyboard object with error Status(-129, EX_TRANSACTION_FAILED): 'DEAD_OBJECT: '
12-07 15:36:11.165 E/TrackedObjectManager( 2832): Failed to connect to TrackedObjectService with error Status(-129, EX_TRANSACTION_FAILED): 'DEAD_OBJECT: '
12-07 15:36:11.165 W/OSDynamicObjectDataQuerier( 2832): Attempted to start tracking objects when tracker was already started
12-07 15:36:11.165 E/TrackedObjectManager( 2832): Failed to connect to TrackedObjectService with error Status(-129, EX_TRANSACTION_FAILED): 'DEAD_OBJECT: '
12-07 15:36:11.165 E/TrackedObjectManager( 2832): Failed to start tracking keyboard object with error Status(-129, EX_TRANSACTION_FAILED): 'DEAD_OBJECT: '
12-07 15:36:11.179 E/TrackedObjectManager( 2832): Failed to connect to TrackedObjectService with error Status(-129, EX_TRANSACTION_FAILED): 'DEAD_OBJECT: '
12-07 15:36:11.179 W/OSDynamicObjectDataQuerier( 2832): Attempted to start tracking objects when tracker was already started
12-07 15:36:11.179 E/TrackedObjectManager( 2832): Failed to connect to TrackedObjectService with error Status(-129, EX_TRANSACTION_FAILED): 'DEAD_OBJECT: '
12-07 15:36:11.179 E/TrackedObjectManager( 2832): Failed to start tracking keyboard object with error Status(-129, EX_TRANSACTION_FAILED): 'DEAD_OBJECT: '
12-07 15:36:11.193 E/TrackedObjectManager( 2832): Failed to connect to TrackedObjectService with error Status(-129, EX_TRANSACTION_FAILED): 'DEAD_OBJECT: '
12-07 15:36:11.193 W/OSDynamicObjectDataQuerier( 2832): Attempted to start tracking objects when tracker was already started
12-07 15:36:11.193 E/TrackedObjectManager( 2832): Failed to connect to TrackedObjectService with error Status(-129, EX_TRANSACTION_FAILED): 'DEAD_OBJECT: '
12-07 15:36:11.193 E/TrackedObjectManager( 2832): Failed to start tracking keyboard object with error Status(-129, EX_TRANSACTION_FAILED): 'DEAD_OBJECT: '
12-07 15:36:11.207 E/TrackedObjectManager( 2832): Failed to connect to TrackedObjectService with error Status(-129, EX_TRANSACTION_FAILED): 'DEAD_OBJECT: '
12-07 15:36:11.207 W/OSDynamicObjectDataQuerier( 2832): Attempted to start tracking objects when tracker was already started
12-07 15:36:11.207 E/TrackedObjectManager( 2832): Failed to connect to TrackedObjectService with error Status(-129, EX_TRANSACTION_FAILED): 'DEAD_OBJECT: '
12-07 15:36:11.207 E/TrackedObjectManager( 2832): Failed to start tracking keyboard object with error Status(-129, EX_TRANSACTION_FAILED): 'DEAD_OBJECT: '
12-07 15:36:11.221 E/TrackedObjectManager( 2832): Failed to connect to TrackedObjectService with error Status(-129, EX_TRANSACTION_FAILED): 'DEAD_OBJECT: '
12-07 15:36:11.221 W/OSDynamicObjectDataQuerier( 2832): Attempted to start tracking objects when tracker was already started
12-07 15:36:11.221 E/TrackedObjectManager( 2832): Failed to connect to TrackedObjectService with error Status(-129, EX_TRANSACTION_FAILED): 'DEAD_OBJECT: '
12-07 15:36:11.221 E/TrackedObjectManager( 2832): Failed to start tracking keyboard object with error Status(-129, EX_TRANSACTION_FAILED): 'DEAD_OBJECT: '
12-07 15:36:11.235 E/TrackedObjectManager( 2832): Failed to connect to TrackedObjectService with error Status(-129, EX_TRANSACTION_FAILED): 'DEAD_OBJECT: '
12-07 15:36:11.235 W/OSDynamicObjectDataQuerier( 2832): Attempted to start tracking objects when tracker was already started
12-07 15:36:11.235 E/TrackedObjectManager( 2832): Failed to connect to TrackedObjectService with error Status(-129, EX_TRANSACTION_FAILED): 'DEAD_OBJECT: '
12-07 15:36:11.235 E/TrackedObjectManager( 2832): Failed to start tracking keyboard object with error Status(-129, EX_TRANSACTION_FAILED): 'DEAD_OBJECT: '
12-07 15:36:11.249 E/TrackedObjectManager( 2832): Failed to connect to TrackedObjectService with error Status(-129, EX_TRANSACTION_FAILED): 'DEAD_OBJECT: '
12-07 15:36:11.249 W/OSDynamicObjectDataQuerier( 2832): Attempted to start tracking objects when tracker was already started
12-07 15:36:11.249 E/TrackedObjectManager( 2832): Failed to connect to TrackedObjectService with error Status(-129, EX_TRANSACTION_FAILED): 'DEAD_OBJECT: '
12-07 15:36:11.249 E/TrackedObjectManager( 2832): Failed to start tracking keyboard object with error Status(-129, EX_TRANSACTION_FAILED): 'DEAD_OBJECT: '
12-07 15:36:11.263 E/TrackedObjectManager( 2832): Failed to connect to TrackedObjectService with error Status(-129, EX_TRANSACTION_FAILED): 'DEAD_OBJECT: '
12-07 15:36:11.263 W/OSDynamicObjectDataQuerier( 2832): Attempted to start tracking objects when tracker was already started
12-07 15:36:11.263 E/TrackedObjectManager( 2832): Failed to connect to TrackedObjectService with error Status(-129, EX_TRANSACTION_FAILED): 'DEAD_OBJECT: '
12-07 15:36:11.263 E/TrackedObjectManager( 2832): Failed to start tracking keyboard object with error Status(-129, EX_TRANSACTION_FAILED): 'DEAD_OBJECT: '
12-07 15:36:11.277 E/TrackedObjectManager( 2832): Failed to connect to TrackedObjectService with error Status(-129, EX_TRANSACTION_FAILED): 'DEAD_OBJECT: '
12-07 15:36:11.277 W/OSDynamicObjectDataQuerier( 2832): Attempted to start tracking objects when tracker was already started
12-07 15:36:11.277 E/TrackedObjectManager( 2832): Failed to connect to TrackedObjectService with error Status(-129, EX_TRANSACTION_FAILED): 'DEAD_OBJECT: '
12-07 15:36:11.277 E/TrackedObjectManager( 2832): Failed to start tracking keyboard object with error Status(-129, EX_TRANSACTION_FAILED): 'DEAD_OBJECT: '
12-07 15:36:11.290 E/TrackedObjectManager( 2832): Failed to connect to TrackedObjectService with error Status(-129, EX_TRANSACTION_FAILED): 'DEAD_OBJECT: '
12-07 15:36:11.290 W/OSDynamicObjectDataQuerier( 2832): Attempted to start tracking objects when tracker was already started
12-07 15:36:11.290 E/TrackedObjectManager( 2832): Failed to connect to TrackedObjectService with error Status(-129, EX_TRANSACTION_FAILED): 'DEAD_OBJECT: '
12-07 15:36:11.290 E/TrackedObjectManager( 2832): Failed to start tracking keyboard object with error Status(-129, EX_TRANSACTION_FAILED): 'DEAD_OBJECT: '
12-07 15:36:11.291 I/Tracking( 9368): INPUT_TRACKING: ControllerInHandClassifier Right (0x402c25cbf028a4e8): Transition from OutOfHand -> InHand due to no longer static and tracked orientation delta 10.1deg from static motion.
12-07 15:36:11.295 E/FrameSetCollator( 9363): [{COL:FOVPR}] 3 FrameSets had unexpected timestamps (in the last 7286.82ms). Ex: slot 0 86820079.295ms -> 86820093.058ms (observed period: 13.763ms, expected period: 13.888ms (-0.125ms))
12-07 15:36:11.304 E/TrackedObjectManager( 2832): Failed to connect to TrackedObjectService with error Status(-129, EX_TRANSACTION_FAILED): 'DEAD_OBJECT: '
12-07 15:36:11.304 W/OSDynamicObjectDataQuerier( 2832): Attempted to start tracking objects when tracker was already started
12-07 15:36:11.304 E/TrackedObjectManager( 2832): Failed to connect to TrackedObjectService with error Status(-129, EX_TRANSACTION_FAILED): 'DEAD_OBJECT: '
12-07 15:36:11.304 E/TrackedObjectManager( 2832): Failed to start tracking keyboard object with error Status(-129, EX_TRANSACTION_FAILED): 'DEAD_OBJECT: '
12-07 15:36:11.312 D/ProfileInstaller(19736): Installing profile for com.oculus.remotedesktop
12-07 15:36:11.318 E/TrackedObjectManager( 2832): Failed to connect to TrackedObjectService with error Status(-129, EX_TRANSACTION_FAILED): 'DEAD_OBJECT: '
12-07 15:36:11.318 W/OSDynamicObjectDataQuerier( 2832): Attempted to start tracking objects when tracker was already started
12-07 15:36:11.318 E/TrackedObjectManager( 2832): Failed to connect to TrackedObjectService with error Status(-129, EX_TRANSACTION_FAILED): 'DEAD_OBJECT: '
12-07 15:36:11.318 E/TrackedObjectManager( 2832): Failed to start tracking keyboard object with error Status(-129, EX_TRANSACTION_FAILED): 'DEAD_OBJECT: '
12-07 15:36:11.332 E/TrackedObjectManager( 2832): Failed to connect to TrackedObjectService with error Status(-129, EX_TRANSACTION_FAILED): 'DEAD_OBJECT: '
12-07 15:36:11.332 W/OSDynamicObjectDataQuerier( 2832): Attempted to start tracking objects when tracker was already started
12-07 15:36:11.332 E/TrackedObjectManager( 2832): Failed to connect to TrackedObjectService with error Status(-129, EX_TRANSACTION_FAILED): 'DEAD_OBJECT: '
12-07 15:36:11.332 E/TrackedObjectManager( 2832): Failed to start tracking keyboard object with error Status(-129, EX_TRANSACTION_FAILED): 'DEAD_OBJECT: '
12-07 15:36:11.338 I/SpatialWindowResourceService( 1971): setWindowFrameRate() token: horizonos.view.VolumetricWindowToken$InternalVolumetricToken@bec2d56 framerate: 0.0
12-07 15:36:11.342 D/TrackingService( 9368): f343f271512a1feb: isControllerInHand(139690.02s): 1 ctEnabled: 1 btnPress: 0 *btnOrTpdTouch: 0 *btnOrTpdProx: 0 static(139690.02s): 1 thbstkOffCenter: 0 
12-07 15:36:11.342 D/TrackingService( 9368): [HANDTRACKING] Controller f343f271512a1feb in hand: Y, valid: Y
12-07 15:36:11.342 D/ControllerManagement( 9339): RemoteService::recordControllerStatusUpdate: device f343f271512a1feb: status: CONNECTED_ACTIVE tracking: POSITION, errors: --
12-07 15:36:11.346 E/TrackedObjectManager( 2832): Failed to connect to TrackedObjectService with error Status(-129, EX_TRANSACTION_FAILED): 'DEAD_OBJECT: '
12-07 15:36:11.346 W/OSDynamicObjectDataQuerier( 2832): Attempted to start tracking objects when tracker was already started
12-07 15:36:11.346 E/TrackedObjectManager( 2832): Failed to connect to TrackedObjectService with error Status(-129, EX_TRANSACTION_FAILED): 'DEAD_OBJECT: '
12-07 15:36:11.346 E/TrackedObjectManager( 2832): Failed to start tracking keyboard object with error Status(-129, EX_TRANSACTION_FAILED): 'DEAD_OBJECT: '
12-07 15:36:11.358 I/VrApi   ( 3469): FPS=72/72,Prd=31ms,Tear=0,Early=0,Stale=0,Stale2/5/10/max=0/0/0/0,VSnc=1,Lat=-1,Fov=3,CPU4/GPU=3/2,2361/285MHz,OC=3F,TA=0/0/0,SP=N/N/N,Mem=3196MHz,Free=3327MB,PLS=0,Temp=35.0C/0.0C,TW=2.58ms,App=1.16ms,GD=0.00ms,CPU&GPU=10.45ms,LCnt=6(DR0,LM4),GPU%=0.32,CPU%=0.68(W0.69),CFL=12.79/16.61,ICFLp95=15.90,LD=0,SF=1.00,LP=1,DVFS=0,ShrpLCnt=2,ShrpR=0.500,SSLCnt=0/0
12-07 15:36:11.360 E/TrackedObjectManager( 2832): Failed to connect to TrackedObjectService with error Status(-129, EX_TRANSACTION_FAILED): 'DEAD_OBJECT: '
12-07 15:36:11.360 W/OSDynamicObjectDataQuerier( 2832): Attempted to start tracking objects when tracker was already started
12-07 15:36:11.360 I/OpenXR_ClientState( 3469): [OATS]: IP changed: /user/hand/left/interaction_profiles/meta/touch_controller_plus, 6
12-07 15:36:11.360 E/TrackedObjectManager( 2832): Failed to connect to TrackedObjectService with error Status(-129, EX_TRANSACTION_FAILED): 'DEAD_OBJECT: '
12-07 15:36:11.360 E/TrackedObjectManager( 2832): Failed to start tracking keyboard object with error Status(-129, EX_TRANSACTION_FAILED): 'DEAD_OBJECT: '
12-07 15:36:11.360 I/OpenXR_ClientState( 3469): [OATS]: IP changed: unknown/interaction_profiles/meta/touch_controller_plus, -1
12-07 15:36:11.365 W/[SEO] InputOpenXr( 3469): Interaction Profile retrieval failed: /user/eyes_ext
12-07 15:36:11.374 E/TrackedObjectManager( 2832): Failed to connect to TrackedObjectService with error Status(-129, EX_TRANSACTION_FAILED): 'DEAD_OBJECT: '
12-07 15:36:11.374 W/OSDynamicObjectDataQuerier( 2832): Attempted to start tracking objects when tracker was already started
12-07 15:36:11.374 E/TrackedObjectManager( 2832): Failed to connect to TrackedObjectService with error Status(-129, EX_TRANSACTION_FAILED): 'DEAD_OBJECT: '
12-07 15:36:11.374 E/TrackedObjectManager( 2832): Failed to start tracking keyboard object with error Status(-129, EX_TRANSACTION_FAILED): 'DEAD_OBJECT: '
12-07 15:36:11.379 E/TrexRenderModelPlugin( 3469): no modelBit retrieved from GetOffsetFromModelID 
12-07 15:36:11.383 I/Shell   ( 3469): Loading model  key 7 size 508088 
12-07 15:36:11.384 E/TrexRenderModelPlugin( 3469): no modelBit retrieved from GetOffsetFromModelID 
12-07 15:36:11.388 E/TrackedObjectManager( 2832): Failed to connect to TrackedObjectService with error Status(-129, EX_TRANSACTION_FAILED): 'DEAD_OBJECT: '
12-07 15:36:11.388 W/OSDynamicObjectDataQuerier( 2832): Attempted to start tracking objects when tracker was already started
12-07 15:36:11.388 E/TrackedObjectManager( 2832): Failed to connect to TrackedObjectService with error Status(-129, EX_TRANSACTION_FAILED): 'DEAD_OBJECT: '
12-07 15:36:11.388 E/TrackedObjectManager( 2832): Failed to start tracking keyboard object with error Status(-129, EX_TRANSACTION_FAILED): 'DEAD_OBJECT: '
12-07 15:36:11.401 E/TrackedObjectManager( 2832): Failed to connect to TrackedObjectService with error Status(-129, EX_TRANSACTION_FAILED): 'DEAD_OBJECT: '
12-07 15:36:11.401 W/OSDynamicObjectDataQuerier( 2832): Attempted to start tracking objects when tracker was already started
12-07 15:36:11.401 E/TrackedObjectManager( 2832): Failed to connect to TrackedObjectService with error Status(-129, EX_TRANSACTION_FAILED): 'DEAD_OBJECT: '
12-07 15:36:11.401 E/TrackedObjectManager( 2832): Failed to start tracking keyboard object with error Status(-129, EX_TRANSACTION_FAILED): 'DEAD_OBJECT: '
12-07 15:36:11.403 I/Tracking( 9368): CONSTELLATION_Left: [Throttled count=90] P+C Left: Applying Consistent Zero Velocity Update during slow motion.
12-07 15:36:11.406 I/Shell   ( 3469): Generating mesh sources for controller asset (index:0)
12-07 15:36:11.406 I/Shell   ( 3469): HsrControllerMeshInfo[left_batteryIndicatorQuad].textures[0] = Image_1
12-07 15:36:11.406 I/Shell   ( 3469): HsrControllerMeshInfo[left_oculus_controller_mesh].textures[0] = Image_1
12-07 15:36:11.407 I/Shell   ( 3469): HsrControllerMeshInfo[left_oculus_controller_mesh].textures[1] = Image_0
12-07 15:36:11.415 E/TrackedObjectManager( 2832): Failed to connect to TrackedObjectService with error Status(-129, EX_TRANSACTION_FAILED): 'DEAD_OBJECT: '
12-07 15:36:11.415 W/OSDynamicObjectDataQuerier( 2832): Attempted to start tracking objects when tracker was already started
12-07 15:36:11.415 E/TrackedObjectManager( 2832): Failed to connect to TrackedObjectService with error Status(-129, EX_TRANSACTION_FAILED): 'DEAD_OBJECT: '
12-07 15:36:11.415 E/TrackedObjectManager( 2832): Failed to start tracking keyboard object with error Status(-129, EX_TRANSACTION_FAILED): 'DEAD_OBJECT: '
12-07 15:36:11.429 E/TrackedObjectManager( 2832): Failed to connect to TrackedObjectService with error Status(-129, EX_TRANSACTION_FAILED): 'DEAD_OBJECT: '
12-07 15:36:11.429 W/OSDynamicObjectDataQuerier( 2832): Attempted to start tracking objects when tracker was already started
12-07 15:36:11.429 E/TrackedObjectManager( 2832): Failed to connect to TrackedObjectService with error Status(-129, EX_TRANSACTION_FAILED): 'DEAD_OBJECT: '
12-07 15:36:11.429 E/TrackedObjectManager( 2832): Failed to start tracking keyboard object with error Status(-129, EX_TRANSACTION_FAILED): 'DEAD_OBJECT: '
12-07 15:36:11.443 E/TrackedObjectManager( 2832): Failed to connect to TrackedObjectService with error Status(-129, EX_TRANSACTION_FAILED): 'DEAD_OBJECT: '
12-07 15:36:11.443 W/OSDynamicObjectDataQuerier( 2832): Tracker stopped running without input server stopping it, attempting restart
12-07 15:36:11.443 W/OSDynamicObjectDataQuerier( 2832): Attempted to start tracking objects when tracker was already started
12-07 15:36:11.443 E/TrackedObjectManager( 2832): Failed to connect to TrackedObjectService with error Status(-129, EX_TRANSACTION_FAILED): 'DEAD_OBJECT: '
12-07 15:36:11.443 E/TrackedObjectManager( 2832): Failed to start tracking keyboard object with error Status(-129, EX_TRANSACTION_FAILED): 'DEAD_OBJECT: '
12-07 15:36:11.457 E/TrackedObjectManager( 2832): Failed to connect to TrackedObjectService with error Status(-129, EX_TRANSACTION_FAILED): 'DEAD_OBJECT: '
12-07 15:36:11.457 W/OSDynamicObjectDataQuerier( 2832): Attempted to start tracking objects when tracker was already started
12-07 15:36:11.457 E/TrackedObjectManager( 2832): Failed to connect to TrackedObjectService with error Status(-129, EX_TRANSACTION_FAILED): 'DEAD_OBJECT: '
12-07 15:36:11.457 E/TrackedObjectManager( 2832): Failed to start tracking keyboard object with error Status(-129, EX_TRANSACTION_FAILED): 'DEAD_OBJECT: '
12-07 15:36:11.471 E/TrackedObjectManager( 2832): Failed to connect to TrackedObjectService with error Status(-129, EX_TRANSACTION_FAILED): 'DEAD_OBJECT: '
12-07 15:36:11.471 W/OSDynamicObjectDataQuerier( 2832): Attempted to start tracking objects when tracker was already started
12-07 15:36:11.471 E/TrackedObjectManager( 2832): Failed to connect to TrackedObjectService with error Status(-129, EX_TRANSACTION_FAILED): 'DEAD_OBJECT: '
12-07 15:36:11.471 E/TrackedObjectManager( 2832): Failed to start tracking keyboard object with error Status(-129, EX_TRANSACTION_FAILED): 'DEAD_OBJECT: '
12-07 15:36:11.485 E/TrackedObjectManager( 2832): Failed to connect to TrackedObjectService with error Status(-129, EX_TRANSACTION_FAILED): 'DEAD_OBJECT: '
12-07 15:36:11.485 W/OSDynamicObjectDataQuerier( 2832): Attempted to start tracking objects when tracker was already started
12-07 15:36:11.485 E/TrackedObjectManager( 2832): Failed to connect to TrackedObjectService with error Status(-129, EX_TRANSACTION_FAILED): 'DEAD_OBJECT: '
12-07 15:36:11.485 E/TrackedObjectManager( 2832): Failed to start tracking keyboard object with error Status(-129, EX_TRANSACTION_FAILED): 'DEAD_OBJECT: '
12-07 15:36:11.499 E/TrackedObjectManager( 2832): Failed to connect to TrackedObjectService with error Status(-129, EX_TRANSACTION_FAILED): 'DEAD_OBJECT: '
12-07 15:36:11.499 W/OSDynamicObjectDataQuerier( 2832): Attempted to start tracking objects when tracker was already started
12-07 15:36:11.499 E/TrackedObjectManager( 2832): Failed to connect to TrackedObjectService with error Status(-129, EX_TRANSACTION_FAILED): 'DEAD_OBJECT: '
12-07 15:36:11.499 E/TrackedObjectManager( 2832): Failed to start tracking keyboard object with error Status(-129, EX_TRANSACTION_FAILED): 'DEAD_OBJECT: '
12-07 15:36:11.502 I/VrGuardianService( 5455): com.oculus.vrshell -> GuardianSDKServer::SetGuardianHitDialog 0
12-07 15:36:11.513 E/TrackedObjectManager( 2832): Failed to connect to TrackedObjectService with error Status(-129, EX_TRANSACTION_FAILED): 'DEAD_OBJECT: '
12-07 15:36:11.513 W/OSDynamicObjectDataQuerier( 2832): Attempted to start tracking objects when tracker was already started
12-07 15:36:11.513 E/TrackedObjectManager( 2832): Failed to connect to TrackedObjectService with error Status(-129, EX_TRANSACTION_FAILED): 'DEAD_OBJECT: '
12-07 15:36:11.513 E/TrackedObjectManager( 2832): Failed to start tracking keyboard object with error Status(-129, EX_TRANSACTION_FAILED): 'DEAD_OBJECT: '
12-07 15:36:11.526 I/UnifiedTelemetryWrapper( 5455): WARNING: Attempting to create Telemetry Event while Handler is null; telemetry will not be recorded for the event: [6]
12-07 15:36:11.526 I/OpenXR_ClientState( 5455): [OATS]: IP changed: /user/hand/left/interaction_profiles/meta/touch_controller_plus, 6
12-07 15:36:11.526 I/UnifiedTelemetryWrapper( 5455): WARNING: Attempting to create Telemetry Event while Handler is null; telemetry will not be recorded for the event: [-1]
12-07 15:36:11.526 I/OpenXR_ClientState( 5455): [OATS]: IP changed: unknown/interaction_profiles/meta/touch_controller_plus, -1
12-07 15:36:11.526 E/TrackedObjectManager( 2832): Failed to connect to TrackedObjectService with error Status(-129, EX_TRANSACTION_FAILED): 'DEAD_OBJECT: '
12-07 15:36:11.527 W/OSDynamicObjectDataQuerier( 2832): Attempted to start tracking objects when tracker was already started
12-07 15:36:11.527 E/TrackedObjectManager( 2832): Failed to connect to TrackedObjectService with error Status(-129, EX_TRANSACTION_FAILED): 'DEAD_OBJECT: '
12-07 15:36:11.527 E/TrackedObjectManager( 2832): Failed to start tracking keyboard object with error Status(-129, EX_TRANSACTION_FAILED): 'DEAD_OBJECT: '
12-07 15:36:11.530 I/Shell   ( 3469): remove cursor: 804451821 (new count: 0)
12-07 15:36:11.540 E/TrackedObjectManager( 2832): Failed to connect to TrackedObjectService with error Status(-129, EX_TRANSACTION_FAILED): 'DEAD_OBJECT: '
12-07 15:36:11.540 W/OSDynamicObjectDataQuerier( 2832): Attempted to start tracking objects when tracker was already started
12-07 15:36:11.540 E/TrackedObjectManager( 2832): Failed to connect to TrackedObjectService with error Status(-129, EX_TRANSACTION_FAILED): 'DEAD_OBJECT: '
12-07 15:36:11.540 E/TrackedObjectManager( 2832): Failed to start tracking keyboard object with error Status(-129, EX_TRANSACTION_FAILED): 'DEAD_OBJECT: '
12-07 15:36:11.554 E/TrackedObjectManager( 2832): Failed to connect to TrackedObjectService with error Status(-129, EX_TRANSACTION_FAILED): 'DEAD_OBJECT: '
12-07 15:36:11.554 W/OSDynamicObjectDataQuerier( 2832): Attempted to start tracking objects when tracker was already started
12-07 15:36:11.554 E/TrackedObjectManager( 2832): Failed to connect to TrackedObjectService with error Status(-129, EX_TRANSACTION_FAILED): 'DEAD_OBJECT: '
12-07 15:36:11.554 E/TrackedObjectManager( 2832): Failed to start tracking keyboard object with error Status(-129, EX_TRANSACTION_FAILED): 'DEAD_OBJECT: '
12-07 15:36:11.568 E/TrackedObjectManager( 2832): Failed to connect to TrackedObjectService with error Status(-129, EX_TRANSACTION_FAILED): 'DEAD_OBJECT: '
12-07 15:36:11.568 W/OSDynamicObjectDataQuerier( 2832): Attempted to start tracking objects when tracker was already started
12-07 15:36:11.568 E/TrackedObjectManager( 2832): Failed to connect to TrackedObjectService with error Status(-129, EX_TRANSACTION_FAILED): 'DEAD_OBJECT: '
12-07 15:36:11.568 E/TrackedObjectManager( 2832): Failed to start tracking keyboard object with error Status(-129, EX_TRANSACTION_FAILED): 'DEAD_OBJECT: '
12-07 15:36:11.582 E/TrackedObjectManager( 2832): Failed to connect to TrackedObjectService with error Status(-129, EX_TRANSACTION_FAILED): 'DEAD_OBJECT: '
12-07 15:36:11.582 W/OSDynamicObjectDataQuerier( 2832): Attempted to start tracking objects when tracker was already started
12-07 15:36:11.582 E/TrackedObjectManager( 2832): Failed to connect to TrackedObjectService with error Status(-129, EX_TRANSACTION_FAILED): 'DEAD_OBJECT: '
12-07 15:36:11.582 E/TrackedObjectManager( 2832): Failed to start tracking keyboard object with error Status(-129, EX_TRANSACTION_FAILED): 'DEAD_OBJECT: '
12-07 15:36:11.588 I/SpatialWindowResourceService( 1971): setWindowFrameRate() token: horizonos.view.VolumetricWindowToken$InternalVolumetricToken@bec2d56 framerate: 0.0
12-07 15:36:11.596 E/TrackedObjectManager( 2832): Failed to connect to TrackedObjectService with error Status(-129, EX_TRANSACTION_FAILED): 'DEAD_OBJECT: '
12-07 15:36:11.596 W/OSDynamicObjectDataQuerier( 2832): Attempted to start tracking objects when tracker was already started
12-07 15:36:11.596 E/TrackedObjectManager( 2832): Failed to connect to TrackedObjectService with error Status(-129, EX_TRANSACTION_FAILED): 'DEAD_OBJECT: '
12-07 15:36:11.596 E/TrackedObjectManager( 2832): Failed to start tracking keyboard object with error Status(-129, EX_TRANSACTION_FAILED): 'DEAD_OBJECT: '
12-07 15:36:11.603 I/VD628x  (  884): Flicker results: freq 278.791962, max 278.791962, dcr 63.523842, pct 0.000682, idx 0.000483, conf 0.008702, snr -20.435619, svm 0.000682, sus 2
12-07 15:36:11.610 E/TrackedObjectManager( 2832): Failed to connect to TrackedObjectService with error Status(-129, EX_TRANSACTION_FAILED): 'DEAD_OBJECT: '
12-07 15:36:11.610 W/OSDynamicObjectDataQuerier( 2832): Attempted to start tracking objects when tracker was already started
12-07 15:36:11.610 E/TrackedObjectManager( 2832): Failed to connect to TrackedObjectService with error Status(-129, EX_TRANSACTION_FAILED): 'DEAD_OBJECT: '
12-07 15:36:11.610 E/TrackedObjectManager( 2832): Failed to start tracking keyboard object with error Status(-129, EX_TRANSACTION_FAILED): 'DEAD_OBJECT: '
12-07 15:36:11.624 E/TrackedObjectManager( 2832): Failed to connect to TrackedObjectService with error Status(-129, EX_TRANSACTION_FAILED): 'DEAD_OBJECT: '
12-07 15:36:11.624 W/OSDynamicObjectDataQuerier( 2832): Attempted to start tracking objects when tracker was already started
12-07 15:36:11.624 E/TrackedObjectManager( 2832): Failed to connect to TrackedObjectService with error Status(-129, EX_TRANSACTION_FAILED): 'DEAD_OBJECT: '
12-07 15:36:11.624 E/TrackedObjectManager( 2832): Failed to start tracking keyboard object with error Status(-129, EX_TRANSACTION_FAILED): 'DEAD_OBJECT: '
12-07 15:36:11.638 E/TrackedObjectManager( 2832): Failed to connect to TrackedObjectService with error Status(-129, EX_TRANSACTION_FAILED): 'DEAD_OBJECT: '
12-07 15:36:11.638 W/OSDynamicObjectDataQuerier( 2832): Attempted to start tracking objects when tracker was already started
12-07 15:36:11.638 E/TrackedObjectManager( 2832): Failed to connect to TrackedObjectService with error Status(-129, EX_TRANSACTION_FAILED): 'DEAD_OBJECT: '
12-07 15:36:11.638 E/TrackedObjectManager( 2832): Failed to start tracking keyboard object with error Status(-129, EX_TRANSACTION_FAILED): 'DEAD_OBJECT: '
12-07 15:36:11.651 E/TrackedObjectManager( 2832): Failed to connect to TrackedObjectService with error Status(-129, EX_TRANSACTION_FAILED): 'DEAD_OBJECT: '
12-07 15:36:11.651 W/OSDynamicObjectDataQuerier( 2832): Attempted to start tracking objects when tracker was already started
12-07 15:36:11.652 E/TrackedObjectManager( 2832): Failed to connect to TrackedObjectService with error Status(-129, EX_TRANSACTION_FAILED): 'DEAD_OBJECT: '
12-07 15:36:11.652 E/TrackedObjectManager( 2832): Failed to start tracking keyboard object with error Status(-129, EX_TRANSACTION_FAILED): 'DEAD_OBJECT: '
12-07 15:36:11.665 E/TrackedObjectManager( 2832): Failed to connect to TrackedObjectService with error Status(-129, EX_TRANSACTION_FAILED): 'DEAD_OBJECT: '
12-07 15:36:11.666 W/OSDynamicObjectDataQuerier( 2832): Attempted to start tracking objects when tracker was already started
12-07 15:36:11.666 E/TrackedObjectManager( 2832): Failed to connect to TrackedObjectService with error Status(-129, EX_TRANSACTION_FAILED): 'DEAD_OBJECT: '
12-07 15:36:11.666 E/TrackedObjectManager( 2832): Failed to start tracking keyboard object with error Status(-129, EX_TRANSACTION_FAILED): 'DEAD_OBJECT: '
12-07 15:36:11.679 E/TrackedObjectManager( 2832): Failed to connect to TrackedObjectService with error Status(-129, EX_TRANSACTION_FAILED): 'DEAD_OBJECT: '
12-07 15:36:11.679 W/OSDynamicObjectDataQuerier( 2832): Attempted to start tracking objects when tracker was already started
12-07 15:36:11.679 E/TrackedObjectManager( 2832): Failed to connect to TrackedObjectService with error Status(-129, EX_TRANSACTION_FAILED): 'DEAD_OBJECT: '
12-07 15:36:11.679 E/TrackedObjectManager( 2832): Failed to start tracking keyboard object with error Status(-129, EX_TRANSACTION_FAILED): 'DEAD_OBJECT: '
12-07 15:36:11.693 E/TrackedObjectManager( 2832): Failed to connect to TrackedObjectService with error Status(-129, EX_TRANSACTION_FAILED): 'DEAD_OBJECT: '
12-07 15:36:11.693 W/OSDynamicObjectDataQuerier( 2832): Attempted to start tracking objects when tracker was already started
12-07 15:36:11.693 E/TrackedObjectManager( 2832): Failed to connect to TrackedObjectService with error Status(-129, EX_TRANSACTION_FAILED): 'DEAD_OBJECT: '
12-07 15:36:11.693 E/TrackedObjectManager( 2832): Failed to start tracking keyboard object with error Status(-129, EX_TRANSACTION_FAILED): 'DEAD_OBJECT: '
12-07 15:36:11.707 E/TrackedObjectManager( 2832): Failed to connect to TrackedObjectService with error Status(-129, EX_TRANSACTION_FAILED): 'DEAD_OBJECT: '
12-07 15:36:11.707 W/OSDynamicObjectDataQuerier( 2832): Attempted to start tracking objects when tracker was already started
12-07 15:36:11.707 E/TrackedObjectManager( 2832): Failed to connect to TrackedObjectService with error Status(-129, EX_TRANSACTION_FAILED): 'DEAD_OBJECT: '
12-07 15:36:11.707 E/TrackedObjectManager( 2832): Failed to start tracking keyboard object with error Status(-129, EX_TRANSACTION_FAILED): 'DEAD_OBJECT: '
12-07 15:36:11.721 E/TrackedObjectManager( 2832): Failed to connect to TrackedObjectService with error Status(-129, EX_TRANSACTION_FAILED): 'DEAD_OBJECT: '
12-07 15:36:11.721 W/OSDynamicObjectDataQuerier( 2832): Attempted to start tracking objects when tracker was already started
12-07 15:36:11.721 E/TrackedObjectManager( 2832): Failed to connect to TrackedObjectService with error Status(-129, EX_TRANSACTION_FAILED): 'DEAD_OBJECT: '
12-07 15:36:11.721 E/TrackedObjectManager( 2832): Failed to start tracking keyboard object with error Status(-129, EX_TRANSACTION_FAILED): 'DEAD_OBJECT: '
12-07 15:36:11.722 I/DynamicObjectClient( 4885): Query Dynamic Object Tracker anchors
12-07 15:36:11.722 I/DynamicObjectClient( 4885): Object in query has empty predictions or tracking flags
12-07 15:36:11.735 E/TrackedObjectManager( 2832): Failed to connect to TrackedObjectService with error Status(-129, EX_TRANSACTION_FAILED): 'DEAD_OBJECT: '
12-07 15:36:11.735 W/OSDynamicObjectDataQuerier( 2832): Attempted to start tracking objects when tracker was already started
12-07 15:36:11.735 E/TrackedObjectManager( 2832): Failed to connect to TrackedObjectService with error Status(-129, EX_TRANSACTION_FAILED): 'DEAD_OBJECT: '
12-07 15:36:11.735 E/TrackedObjectManager( 2832): Failed to start tracking keyboard object with error Status(-129, EX_TRANSACTION_FAILED): 'DEAD_OBJECT: '
12-07 15:36:11.749 E/TrackedObjectManager( 2832): Failed to connect to TrackedObjectService with error Status(-129, EX_TRANSACTION_FAILED): 'DEAD_OBJECT: '
12-07 15:36:11.749 W/OSDynamicObjectDataQuerier( 2832): Attempted to start tracking objects when tracker was already started
