12-07 15:20:32.665 I/AppsFilter( 1971): interaction: PackageSetting{a810851 com.example.moonlight_spatialsdk/10176} -> PackageSetting{736a9b1 com.CortopiaStudios.Graves/10145} BLOCKED
12-07 15:20:32.665 I/AppsFilter( 1971): interaction: PackageSetting{a810851 com.example.moonlight_spatialsdk/10176} -> PackageSetting{9e05e96 com.oculus.firsttimenux/10034} BLOCKED
12-07 15:20:32.665 I/AppsFilter( 1971): interaction: PackageSetting{a810851 com.example.moonlight_spatialsdk/10176} -> PackageSetting{cb0cec5 com.oculus.store/10088} BLOCKED
12-07 15:20:32.665 I/AppsFilter( 1971): interaction: PackageSetting{a810851 com.example.moonlight_spatialsdk/10176} -> PackageSetting{b51e04 com.meta.samples.NorthStar/10149} BLOCKED
12-07 15:20:32.665 I/AppsFilter( 1971): interaction: PackageSetting{a810851 com.example.moonlight_spatialsdk/10176} -> PackageSetting{75b2fed com.oculus.socialplatform/10103} BLOCKED
12-07 15:20:32.665 I/AppsFilter( 1971): interaction: PackageSetting{a810851 com.example.moonlight_spatialsdk/10176} -> PackageSetting{8bbce22 com.oculus.horizonmediaplayer/10108} BLOCKED
12-07 15:20:32.665 I/AppsFilter( 1971): interaction: PackageSetting{a810851 com.example.moonlight_spatialsdk/10176} -> PackageSetting{11150b3 com.android.webview/10042} BLOCKED
12-07 15:20:32.665 I/AppsFilter( 1971): interaction: PackageSetting{a810851 com.example.moonlight_spatialsdk/10176} -> PackageSetting{8681670 com.oculus.vrprivacycheckup/10110} BLOCKED
12-07 15:20:32.666 I/AppsFilter( 1971): interaction: PackageSetting{a810851 com.example.moonlight_spatialsdk/10176} -> PackageSetting{5c7dde9 com.meta.shell.env.vista.central/10160} BLOCKED
12-07 15:20:32.666 I/AppsFilter( 1971): interaction: PackageSetting{a810851 com.example.moonlight_spatialsdk/10176} -> PackageSetting{6ecaa6e com.oculus.panelapp.library/10049} BLOCKED
12-07 15:20:32.666 I/AppsFilter( 1971): interaction: PackageSetting{a810851 com.example.moonlight_spatialsdk/10176} -> PackageSetting{dc6450f horizon.platform.providers/10137} BLOCKED
12-07 15:20:32.666 I/AppsFilter( 1971): interaction: PackageSetting{a810851 com.example.moonlight_spatialsdk/10176} -> PackageSetting{f10299c com.oculus.systemresource/10097} BLOCKED
12-07 15:20:32.666 I/AppsFilter( 1971): interaction: PackageSetting{a810851 com.example.moonlight_spatialsdk/10176} -> PackageSetting{1376fa5 com.microsoft.rdc.androidx/10157} BLOCKED
12-07 15:20:32.666 I/AppsFilter( 1971): interaction: PackageSetting{a810851 com.example.moonlight_spatialsdk/10176} -> PackageSetting{73cff7a com.gameboomvr.CookingSimulatorVR/10152} BLOCKED
12-07 15:20:32.666 I/AppsFilter( 1971): interaction: PackageSetting{a810851 com.example.moonlight_spatialsdk/10176} -> PackageSetting{d2c232b com.oculus.guardiansetup/10142} BLOCKED
12-07 15:20:32.666 I/AppsFilter( 1971): interaction: PackageSetting{a810851 com.example.moonlight_spatialsdk/10176} -> PackageSetting{7a6401a com.oculus.hzosgallery/10121} BLOCKED
12-07 15:20:32.666 I/AppsFilter( 1971): interaction: PackageSetting{a810851 com.example.moonlight_spatialsdk/10176} -> PackageSetting{f546121 horizon.platform.service/10140} BLOCKED
12-07 15:20:32.666 I/AppsFilter( 1971): interaction: PackageSetting{a810851 com.example.moonlight_spatialsdk/10176} -> PackageSetting{d0b9946 horizonos.theme.quest.rro/10037} BLOCKED
12-07 15:20:32.666 I/AppsFilter( 1971): interaction: PackageSetting{a810851 com.example.moonlight_spatialsdk/10176} -> PackageSetting{8c7c707 com.oculus.os.qrcodereader/10057} BLOCKED
12-07 15:20:32.666 I/AppsFilter( 1971): interaction: PackageSetting{a810851 com.example.moonlight_spatialsdk/10176} -> PackageSetting{2dffb58 com.android.wifi.resources/10003} BLOCKED
12-07 15:20:32.666 I/AppsFilter( 1971): interaction: PackageSetting{a810851 com.example.moonlight_spatialsdk/10176} -> PackageSetting{21e1034 com.meta.mqdh.mqdhservice/10174} BLOCKED
12-07 15:20:32.666 I/AppsFilter( 1971): interaction: PackageSetting{a810851 com.example.moonlight_spatialsdk/10176} -> PackageSetting{bf4ee5d com.oculus.systemux/10066} BLOCKED
12-07 15:20:32.666 I/AppsFilter( 1971): interaction: PackageSetting{a810851 com.example.moonlight_spatialsdk/10176} -> PackageSetting{d803d2 com.meta.surfacetypingnux/10151} BLOCKED
12-07 15:20:32.666 I/AppsFilter( 1971): interaction: PackageSetting{a810851 com.example.moonlight_spatialsdk/10176} -> PackageSetting{38fcca3 com.oculus.oemconfig/10036} BLOCKED
12-07 15:20:32.666 I/AppsFilter( 1971): interaction: PackageSetting{a810851 com.example.moonlight_spatialsdk/10176} -> PackageSetting{da5fba0 com.meta.handseducationmodule/10104} BLOCKED
12-07 15:20:32.666 I/AppsFilter( 1971): interaction: PackageSetting{a810851 com.example.moonlight_spatialsdk/10176} -> PackageSetting{171359 com.oculus.remotedesktop/10109} BLOCKED
12-07 15:20:32.666 I/AppsFilter( 1971): interaction: PackageSetting{a810851 com.example.moonlight_spatialsdk/10176} -> PackageSetting{18e8b1e com.meta.federatedcomputing.oculus/10067} BLOCKED
12-07 15:20:32.666 I/AppsFilter( 1971): interaction: PackageSetting{a810851 com.example.moonlight_spatialsdk/10176} -> PackageSetting{f488fff com.oculus.q4bservice/10039} BLOCKED
12-07 15:20:32.666 I/AppsFilter( 1971): interaction: PackageSetting{a810851 com.example.moonlight_spatialsdk/10176} -> PackageSetting{bff31cc com.oculus.guidebook/10099} BLOCKED
12-07 15:20:32.666 I/AppsFilter( 1971): interaction: PackageSetting{a810851 com.example.moonlight_spatialsdk/10176} -> PackageSetting{c9c8c15 horizonos.supplement.metauniverse.libraryapk/10150} BLOCKED
12-07 15:20:32.666 I/AppsFilter( 1971): interaction: PackageSetting{a810851 com.example.moonlight_spatialsdk/10176} -> PackageSetting{e943b2a com.oculus.igvr/10116} BLOCKED
12-07 15:20:32.666 I/AppsFilter( 1971): interaction: PackageSetting{a810851 com.example.moonlight_spatialsdk/10176} -> PackageSetting{ba02d1b com.oculus.mrds/10087} BLOCKED
12-07 15:20:32.666 I/AppsFilter( 1971): interaction: PackageSetting{a810851 com.example.moonlight_spatialsdk/10176} -> PackageSetting{ed39eb8 com.AnotherAxiom.A2/10070} BLOCKED
12-07 15:20:32.666 I/AppsFilter( 1971): interaction: PackageSetting{a810851 com.example.moonlight_spatialsdk/10176} -> PackageSetting{76d674b com.facebook.orca/10112} BLOCKED
12-07 15:20:32.666 I/AppsFilter( 1971): interaction: PackageSetting{a810851 com.example.moonlight_spatialsdk/10176} -> PackageSetting{692dff6 com.facebook.workrooms/10163} BLOCKED
12-07 15:20:32.666 I/AppsFilter( 1971): interaction: PackageSetting{a810851 com.example.moonlight_spatialsdk/10176} -> PackageSetting{b0a7ff7 quest.eleven.forfunlabs/10171} BLOCKED
12-07 15:20:32.666 I/AppsFilter( 1971): interaction: PackageSetting{a810851 com.example.moonlight_spatialsdk/10176} -> PackageSetting{67fee64 com.oculus.tv/10091} BLOCKED
12-07 15:20:32.666 I/AppsFilter( 1971): interaction: PackageSetting{a810851 com.example.moonlight_spatialsdk/10176} -> PackageSetting{47328cd com.oculus.panelapp.devicepairing/10138} BLOCKED
12-07 15:20:32.666 I/AppsFilter( 1971): interaction: PackageSetting{a810851 com.example.moonlight_spatialsdk/10176} -> PackageSetting{7050582 com.oculus.userserver2/10058} BLOCKED
12-07 15:20:32.666 I/AppsFilter( 1971): interaction: PackageSetting{a810851 com.example.moonlight_spatialsdk/10176} -> PackageSetting{95d2493 com.netflix.ninja.vr/10006} BLOCKED
12-07 15:20:32.666 I/AppsFilter( 1971): interaction: PackageSetting{a810851 com.example.moonlight_spatialsdk/10176} -> PackageSetting{6da517f com.meta.worlds/10139} BLOCKED
12-07 15:20:32.666 I/AppsFilter( 1971): interaction: PackageSetting{a810851 com.example.moonlight_spatialsdk/10176} -> PackageSetting{e1684c9 com.android.bookmarkprovider/10027} BLOCKED
12-07 15:20:32.666 I/AppsFilter( 1971): interaction: PackageSetting{a810851 com.example.moonlight_spatialsdk/10176} -> PackageSetting{881f7ce com.oculus.guardianresources/10030} BLOCKED
12-07 15:20:32.666 I/AppsFilter( 1971): interaction: PackageSetting{a810851 com.example.moonlight_spatialsdk/10176} -> PackageSetting{2b76ef com.oculus.guardian/10073} BLOCKED
12-07 15:20:32.666 I/AppsFilter( 1971): interaction: PackageSetting{a810851 com.example.moonlight_spatialsdk/10176} -> PackageSetting{c98a5fc com.oculus.explore/10096} BLOCKED
12-07 15:20:32.666 I/AppsFilter( 1971): interaction: PackageSetting{a810851 com.example.moonlight_spatialsdk/10176} -> PackageSetting{c79a485 com.meta.hpiassets/10155} BLOCKED
12-07 15:20:32.666 I/AppsFilter( 1971): interaction: PackageSetting{a810851 com.example.moonlight_spatialsdk/10176} -> PackageSetting{2405539 com.android.cts.ctsshim/10127} BLOCKED
12-07 15:20:32.666 I/AppsFilter( 1971): interaction: PackageSetting{a810851 com.example.moonlight_spatialsdk/10176} -> PackageSetting{3c9c2da com.oculus.q4b.mdm/10041} BLOCKED
12-07 15:20:32.666 I/AppsFilter( 1971): interaction: PackageSetting{a810851 com.example.moonlight_spatialsdk/10176} -> PackageSetting{4e2930b com.meta.shell.env.footprint.haven2025/10159} BLOCKED
12-07 15:20:32.666 I/AppsFilter( 1971): interaction: PackageSetting{a810851 com.example.moonlight_spatialsdk/10176} -> PackageSetting{2c825e8 Immersed.quest/10162} BLOCKED
12-07 15:20:32.666 I/AppsFilter( 1971): interaction: PackageSetting{a810851 com.example.moonlight_spatialsdk/10176} -> PackageSetting{4350401 com.oculus.permissioncontroller.rro/10000} BLOCKED
12-07 15:20:32.666 I/AppsFilter( 1971): interaction: PackageSetting{a810851 com.example.moonlight_spatialsdk/10176} -> PackageSetting{deb0663 com.valinor/10106} BLOCKED
12-07 15:20:32.666 I/AppsFilter( 1971): interaction: PackageSetting{a810851 com.example.moonlight_spatialsdk/10176} -> PackageSetting{b9132a6 com.meta.environment.prod.nuxd/10033} BLOCKED
12-07 15:20:32.666 I/AppsFilter( 1971): interaction: PackageSetting{a810851 com.example.moonlight_spatialsdk/10176} -> PackageSetting{ca554e7 com.oculus.helpcenter/10105} BLOCKED
12-07 15:20:32.666 I/AppsFilter( 1971): interaction: PackageSetting{a810851 com.example.moonlight_spatialsdk/10176} -> PackageSetting{3edb894 com.android.hotspot2.osulogin/10004} BLOCKED
12-07 15:20:32.666 I/AppsFilter( 1971): interaction: PackageSetting{a810851 com.example.moonlight_spatialsdk/10176} -> PackageSetting{ecdf3d com.camouflaj.manta/10022} BLOCKED
12-07 15:20:32.666 I/AppsFilter( 1971): interaction: PackageSetting{a810851 com.example.moonlight_spatialsdk/10176} -> PackageSetting{70dd332 com.oculus.quickpromotionservice/10082} BLOCKED
12-07 15:20:32.666 I/AppsFilter( 1971): interaction: PackageSetting{a810851 com.example.moonlight_spatialsdk/10176} -> PackageSetting{d300b41 com.oculus.paracosmaavalanche/10164} BLOCKED
12-07 15:20:32.666 I/AppsFilter( 1971): interaction: PackageSetting{a810851 com.example.moonlight_spatialsdk/10176} -> PackageSetting{337ca00 com.facebook.arvr.quillplayer/10115} BLOCKED
12-07 15:20:32.666 I/AppsFilter( 1971): interaction: PackageSetting{a810851 com.example.moonlight_spatialsdk/10176} -> PackageSetting{a4d3239 com.LuckyVR.PokerStarsVR/10090} BLOCKED
12-07 15:20:32.666 I/AppsFilter( 1971): interaction: PackageSetting{a810851 com.example.moonlight_spatialsdk/10176} -> PackageSetting{941f07e com.meta.HyperscapeHmdCapture/10158} BLOCKED
12-07 15:20:32.666 I/AppsFilter( 1971): interaction: PackageSetting{a810851 com.example.moonlight_spatialsdk/10176} -> PackageSetting{7cdf9df com.android.captiveportallogin/10028} BLOCKED
12-07 15:20:32.666 I/AppsFilter( 1971): interaction: PackageSetting{a810851 com.example.moonlight_spatialsdk/10176} -> PackageSetting{64f862c com.oculus.panelapp.calendar/10086} BLOCKED
12-07 15:20:32.666 I/AppsFilter( 1971): interaction: PackageSetting{a810851 com.example.moonlight_spatialsdk/10176} -> PackageSetting{cc5b8f5 com.oculus.highwindservice/10141} BLOCKED
12-07 15:20:32.666 I/AppsFilter( 1971): interaction: PackageSetting{a810851 com.example.moonlight_spatialsdk/10176} -> PackageSetting{8cbe995 com.meta.pclinkservice.server/10047} BLOCKED
12-07 15:20:32.666 I/AppsFilter( 1971): interaction: PackageSetting{a810851 com.example.moonlight_spatialsdk/10176} -> PackageSetting{244d918 com.meta.transport/10120} BLOCKED
12-07 15:20:32.666 I/AppsFilter( 1971): interaction: PackageSetting{a810851 com.example.moonlight_spatialsdk/10176} -> PackageSetting{205ef71 com.oculus.configuration/10055} BLOCKED
12-07 15:20:32.672 I/AppsFilter( 1971): interaction: PackageSetting{a810851 com.example.moonlight_spatialsdk/10176} -> PackageSetting{9ff146a com.android.cts.priv.ctsshim/10005} BLOCKED
12-07 15:20:32.672 D/nativeloader(16451): Configuring clns-shared-8 for other apk /apex/com.meta.xr/priv-app/VrDriver/VrDriver.apk. target_sdk_version=24, uses_libraries=, library_path=/apex/com.meta.xr/priv-app/VrDriver/lib/arm64:/apex/com.meta.xr/priv-app/VrDriver/VrDriver.apk!/lib/arm64-v8a:/system/lib64:/system_ext/lib64:/apex/com.meta.xr/priv-app/VrDriver/VrDriver.apk!/lib/arm64-v8a, permitted_path=/data:/mnt/expand::/apex/com.meta.xr/priv-app/VrDriver:/system/lib64:/system_ext/lib64
12-07 15:20:32.672 D/nativeloader(16451): Extending system_exposed_libraries: libaudiotapper.oculus.so:libcalibrationmanager.oculus.so:libheadtracker.oculus.so:libinstsamp.oculus.so:libossdk.oculus.so:libparfait.oculus.so:libripcclient.oculus.so:libripcmanager.oculus.so:libsystemsensoraccess.oculus.so:libappsensoraccess.oculus.so:libOVRMrcLib.oculus.so:libxrstreaminghost.oculus.so:libhzos.meta.so:libhzos_featurejournal.meta.so:libhzos_gaze.meta.so:libhzos_orthofit.meta.so:libhzos_reportstatsevent.meta.so:libhzos_spaces.meta.so:libhzos_trackedinput.meta.so:libhzos_trackingclient.meta.so
12-07 15:20:32.672 I/AppsFilter( 1971): interaction: PackageSetting{a810851 com.example.moonlight_spatialsdk/10176} -> PackageSetting{835210e com.oculus.avatareditor/10085} BLOCKED
12-07 15:20:32.672 I/AppsFilter( 1971): interaction: PackageSetting{a810851 com.example.moonlight_spatialsdk/10176} -> PackageSetting{ed739f8 com.oculus.updater/10075} BLOCKED
12-07 15:20:32.672 I/AppsFilter( 1971): interaction: PackageSetting{a810851 com.example.moonlight_spatialsdk/10176} -> PackageSetting{e032f69 com.sulivan.voicechat/10167} BLOCKED
12-07 15:20:32.672 I/AppsFilter( 1971): interaction: PackageSetting{a810851 com.example.moonlight_spatialsdk/10176} -> PackageSetting{e82c878 com.Norainu.MetacityPatrol/10168} BLOCKED
12-07 15:20:32.672 I/AppsFilter( 1971): interaction: PackageSetting{a810851 com.example.moonlight_spatialsdk/10176} -> PackageSetting{1f20d36 com.oculus.magicislandcastingservice/10059} BLOCKED
12-07 15:20:32.672 I/AppsFilter( 1971): interaction: PackageSetting{a810851 com.example.moonlight_spatialsdk/10176} -> PackageSetting{1da4437 com.oculus.captionservice/10076} BLOCKED
12-07 15:20:32.672 I/AppsFilter( 1971): interaction: PackageSetting{a810851 com.example.moonlight_spatialsdk/10176} -> PackageSetting{d85872f com.meta.rl.trust.service/10080} BLOCKED
12-07 15:20:32.672 I/AppsFilter( 1971): interaction: PackageSetting{a810851 com.example.moonlight_spatialsdk/10176} -> PackageSetting{f49c6c2 com.ubisoft.StarTrekTNG/10156} BLOCKED
12-07 15:20:32.672 I/AppsFilter( 1971): interaction: PackageSetting{a810851 com.example.moonlight_spatialsdk/10176} -> PackageSetting{904ecd3 com.tripp.tripp_client_unity/10169} BLOCKED
12-07 15:20:32.672 I/AppsFilter( 1971): interaction: PackageSetting{a810851 com.example.moonlight_spatialsdk/10176} -> PackageSetting{b1c1bdd com.facebook.horizon/10118} BLOCKED
12-07 15:20:32.672 I/AppsFilter( 1971): interaction: PackageSetting{a810851 com.example.moonlight_spatialsdk/10176} -> PackageSetting{de2709 com.oculus.browser/10101} BLOCKED
12-07 15:20:32.672 I/AppsFilter( 1971): interaction: PackageSetting{a810851 com.example.moonlight_spatialsdk/10176} -> PackageSetting{8718d0e com.android.htmlviewer/10031} BLOCKED
12-07 15:20:32.672 I/AppsFilter( 1971): interaction: PackageSetting{a810851 com.example.moonlight_spatialsdk/10176} -> PackageSetting{827832f com.whatsapp/10114} BLOCKED
12-07 15:20:32.672 I/AppsFilter( 1971): interaction: PackageSetting{a810851 com.example.moonlight_spatialsdk/10176} -> PackageSetting{8255d3c com.oculus.cvp/10094} BLOCKED
12-07 15:20:32.672 I/AppsFilter( 1971): interaction: PackageSetting{a810851 com.example.moonlight_spatialsdk/10176} -> PackageSetting{2b92ac5 com.oculus.systemintelligence/10153} BLOCKED
12-07 15:20:32.672 I/AppsFilter( 1971): interaction: PackageSetting{a810851 com.example.moonlight_spatialsdk/10176} -> PackageSetting{d3d6c1a com.meta.curio.toybox/10117} BLOCKED
12-07 15:20:32.672 I/AppsFilter( 1971): interaction: PackageSetting{a810851 com.example.moonlight_spatialsdk/10176} -> PackageSetting{33234b com.meta.shell.env.vista.focused/10166} BLOCKED
12-07 15:20:32.672 I/AppsFilter( 1971): interaction: PackageSetting{a810851 com.example.moonlight_spatialsdk/10176} -> PackageSetting{1891128 com.meta.curio.ruler/10111} BLOCKED
12-07 15:20:32.672 I/AppsFilter( 1971): interaction: PackageSetting{a810851 com.example.moonlight_spatialsdk/10176} -> PackageSetting{786ae41 com.oculus.accountscenter/10107} BLOCKED
12-07 15:20:32.672 I/AppsFilter( 1971): interaction: PackageSetting{a810851 com.example.moonlight_spatialsdk/10176} -> PackageSetting{9ca1c4e com.oculus.identitymanagement.service/10063} BLOCKED
12-07 15:20:32.672 I/AppsFilter( 1971): interaction: PackageSetting{a810851 com.example.moonlight_spatialsdk/10176} -> PackageSetting{4b62fe6 com.TacticalNounours.QuantumVoid/10143} BLOCKED
12-07 15:20:32.672 I/AppsFilter( 1971): interaction: PackageSetting{a810851 com.example.moonlight_spatialsdk/10176} -> PackageSetting{60ea927 VirtualDesktop.Android/10161} BLOCKED
12-07 15:20:32.672 I/AppsFilter( 1971): interaction: PackageSetting{a810851 com.example.moonlight_spatialsdk/10176} -> PackageSetting{6f217d4 com.oculus.loneechoavalanche/10165} BLOCKED
12-07 15:20:32.672 I/AppsFilter( 1971): interaction: PackageSetting{a810851 com.example.moonlight_spatialsdk/10176} -> PackageSetting{a4eed7d com.oculus.settings.rro/10119} BLOCKED
12-07 15:20:32.672 I/AppsFilter( 1971): interaction: PackageSetting{a810851 com.example.moonlight_spatialsdk/10176} -> PackageSetting{ba56472 com.meta.AccountsCenter.pwa/10098} BLOCKED
12-07 15:20:32.672 I/AppsFilter( 1971): interaction: PackageSetting{a810851 com.example.moonlight_spatialsdk/10176} -> PackageSetting{5636352 com.oculus.facebook/10113} BLOCKED
12-07 15:20:32.672 I/AppsFilter( 1971): interaction: PackageSetting{a810851 com.example.moonlight_spatialsdk/10176} -> PackageSetting{d42dd40 com.meta.android.rro/10001} BLOCKED
12-07 15:20:32.672 I/AppsFilter( 1971): interaction: PackageSetting{a810851 com.example.moonlight_spatialsdk/10176} -> PackageSetting{461e479 com.oculus.integrity/10051} BLOCKED
12-07 15:20:32.672 I/AppsFilter( 1971): interaction: PackageSetting{a810851 com.example.moonlight_spatialsdk/10176} -> PackageSetting{fe155be com.android.connectivity.resources/10008} BLOCKED
12-07 15:20:32.672 I/AppsFilter( 1971): interaction: PackageSetting{a810851 com.example.moonlight_spatialsdk/10176} -> PackageSetting{a05961f com.android.modulemetadata/10040} BLOCKED
12-07 15:20:32.672 I/AppsFilter( 1971): interaction: PackageSetting{a810851 com.example.moonlight_spatialsdk/10176} -> PackageSetting{3188d6c com.twistedpixelgames.PILO/10175} BLOCKED
12-07 15:20:32.672 I/AppsFilter( 1971): interaction: PackageSetting{a810851 com.example.moonlight_spatialsdk/10176} -> PackageSetting{a134f35 al.quest.pickleball.forfunlabs/10172} BLOCKED
12-07 15:20:32.672 I/AppsFilter( 1971): interaction: PackageSetting{a810851 com.example.moonlight_spatialsdk/10176} -> PackageSetting{4590fca com.oculus.panelapp.kiosk/10038} BLOCKED
12-07 15:20:32.672 I/AppsFilter( 1971): interaction: PackageSetting{a810851 com.example.moonlight_spatialsdk/10176} -> PackageSetting{cf7753b com.oculus.panelapp.settings/10079} BLOCKED
12-07 15:20:32.672 I/AppsFilter( 1971): interaction: PackageSetting{a810851 com.example.moonlight_spatialsdk/10176} -> PackageSetting{e65113c com.oculus.systemutilities/10048} BLOCKED
12-07 15:20:32.672 I/AppsFilter( 1971): interaction: PackageSetting{a810851 com.example.moonlight_spatialsdk/10176} -> PackageSetting{736a9b1 com.CortopiaStudios.Graves/10145} BLOCKED
12-07 15:20:32.672 I/AppsFilter( 1971): interaction: PackageSetting{a810851 com.example.moonlight_spatialsdk/10176} -> PackageSetting{9e05e96 com.oculus.firsttimenux/10034} BLOCKED
12-07 15:20:32.672 I/AppsFilter( 1971): interaction: PackageSetting{a810851 com.example.moonlight_spatialsdk/10176} -> PackageSetting{cb0cec5 com.oculus.store/10088} BLOCKED
12-07 15:20:32.672 I/AppsFilter( 1971): interaction: PackageSetting{a810851 com.example.moonlight_spatialsdk/10176} -> PackageSetting{b51e04 com.meta.samples.NorthStar/10149} BLOCKED
12-07 15:20:32.672 I/AppsFilter( 1971): interaction: PackageSetting{a810851 com.example.moonlight_spatialsdk/10176} -> PackageSetting{75b2fed com.oculus.socialplatform/10103} BLOCKED
12-07 15:20:32.672 I/AppsFilter( 1971): interaction: PackageSetting{a810851 com.example.moonlight_spatialsdk/10176} -> PackageSetting{8bbce22 com.oculus.horizonmediaplayer/10108} BLOCKED
12-07 15:20:32.672 I/AppsFilter( 1971): interaction: PackageSetting{a810851 com.example.moonlight_spatialsdk/10176} -> PackageSetting{11150b3 com.android.webview/10042} BLOCKED
12-07 15:20:32.672 I/AppsFilter( 1971): interaction: PackageSetting{a810851 com.example.moonlight_spatialsdk/10176} -> PackageSetting{8681670 com.oculus.vrprivacycheckup/10110} BLOCKED
12-07 15:20:32.673 I/AppsFilter( 1971): interaction: PackageSetting{a810851 com.example.moonlight_spatialsdk/10176} -> PackageSetting{5c7dde9 com.meta.shell.env.vista.central/10160} BLOCKED
12-07 15:20:32.673 I/AppsFilter( 1971): interaction: PackageSetting{a810851 com.example.moonlight_spatialsdk/10176} -> PackageSetting{6ecaa6e com.oculus.panelapp.library/10049} BLOCKED
12-07 15:20:32.673 I/AppsFilter( 1971): interaction: PackageSetting{a810851 com.example.moonlight_spatialsdk/10176} -> PackageSetting{dc6450f horizon.platform.providers/10137} BLOCKED
12-07 15:20:32.673 I/AppsFilter( 1971): interaction: PackageSetting{a810851 com.example.moonlight_spatialsdk/10176} -> PackageSetting{f10299c com.oculus.systemresource/10097} BLOCKED
12-07 15:20:32.673 I/AppsFilter( 1971): interaction: PackageSetting{a810851 com.example.moonlight_spatialsdk/10176} -> PackageSetting{1376fa5 com.microsoft.rdc.androidx/10157} BLOCKED
12-07 15:20:32.673 I/AppsFilter( 1971): interaction: PackageSetting{a810851 com.example.moonlight_spatialsdk/10176} -> PackageSetting{73cff7a com.gameboomvr.CookingSimulatorVR/10152} BLOCKED
12-07 15:20:32.673 I/AppsFilter( 1971): interaction: PackageSetting{a810851 com.example.moonlight_spatialsdk/10176} -> PackageSetting{d2c232b com.oculus.guardiansetup/10142} BLOCKED
12-07 15:20:32.673 I/AppsFilter( 1971): interaction: PackageSetting{a810851 com.example.moonlight_spatialsdk/10176} -> PackageSetting{7a6401a com.oculus.hzosgallery/10121} BLOCKED
12-07 15:20:32.673 I/AppsFilter( 1971): interaction: PackageSetting{a810851 com.example.moonlight_spatialsdk/10176} -> PackageSetting{f546121 horizon.platform.service/10140} BLOCKED
12-07 15:20:32.673 I/AppsFilter( 1971): interaction: PackageSetting{a810851 com.example.moonlight_spatialsdk/10176} -> PackageSetting{d0b9946 horizonos.theme.quest.rro/10037} BLOCKED
12-07 15:20:32.673 I/AppsFilter( 1971): interaction: PackageSetting{a810851 com.example.moonlight_spatialsdk/10176} -> PackageSetting{8c7c707 com.oculus.os.qrcodereader/10057} BLOCKED
12-07 15:20:32.673 I/AppsFilter( 1971): interaction: PackageSetting{a810851 com.example.moonlight_spatialsdk/10176} -> PackageSetting{2dffb58 com.android.wifi.resources/10003} BLOCKED
12-07 15:20:32.673 I/AppsFilter( 1971): interaction: PackageSetting{a810851 com.example.moonlight_spatialsdk/10176} -> PackageSetting{21e1034 com.meta.mqdh.mqdhservice/10174} BLOCKED
12-07 15:20:32.673 I/AppsFilter( 1971): interaction: PackageSetting{a810851 com.example.moonlight_spatialsdk/10176} -> PackageSetting{bf4ee5d com.oculus.systemux/10066} BLOCKED
12-07 15:20:32.673 I/AppsFilter( 1971): interaction: PackageSetting{a810851 com.example.moonlight_spatialsdk/10176} -> PackageSetting{d803d2 com.meta.surfacetypingnux/10151} BLOCKED
12-07 15:20:32.673 I/AppsFilter( 1971): interaction: PackageSetting{a810851 com.example.moonlight_spatialsdk/10176} -> PackageSetting{38fcca3 com.oculus.oemconfig/10036} BLOCKED
12-07 15:20:32.673 I/AppsFilter( 1971): interaction: PackageSetting{a810851 com.example.moonlight_spatialsdk/10176} -> PackageSetting{da5fba0 com.meta.handseducationmodule/10104} BLOCKED
12-07 15:20:32.673 I/AppsFilter( 1971): interaction: PackageSetting{a810851 com.example.moonlight_spatialsdk/10176} -> PackageSetting{171359 com.oculus.remotedesktop/10109} BLOCKED
12-07 15:20:32.673 I/AppsFilter( 1971): interaction: PackageSetting{a810851 com.example.moonlight_spatialsdk/10176} -> PackageSetting{18e8b1e com.meta.federatedcomputing.oculus/10067} BLOCKED
12-07 15:20:32.673 I/AppsFilter( 1971): interaction: PackageSetting{a810851 com.example.moonlight_spatialsdk/10176} -> PackageSetting{f488fff com.oculus.q4bservice/10039} BLOCKED
12-07 15:20:32.673 I/AppsFilter( 1971): interaction: PackageSetting{a810851 com.example.moonlight_spatialsdk/10176} -> PackageSetting{bff31cc com.oculus.guidebook/10099} BLOCKED
12-07 15:20:32.673 I/AppsFilter( 1971): interaction: PackageSetting{a810851 com.example.moonlight_spatialsdk/10176} -> PackageSetting{c9c8c15 horizonos.supplement.metauniverse.libraryapk/10150} BLOCKED
12-07 15:20:32.673 I/AppsFilter( 1971): interaction: PackageSetting{a810851 com.example.moonlight_spatialsdk/10176} -> PackageSetting{e943b2a com.oculus.igvr/10116} BLOCKED
12-07 15:20:32.673 I/AppsFilter( 1971): interaction: PackageSetting{a810851 com.example.moonlight_spatialsdk/10176} -> PackageSetting{ba02d1b com.oculus.mrds/10087} BLOCKED
12-07 15:20:32.673 I/AppsFilter( 1971): interaction: PackageSetting{a810851 com.example.moonlight_spatialsdk/10176} -> PackageSetting{ed39eb8 com.AnotherAxiom.A2/10070} BLOCKED
12-07 15:20:32.673 I/AppsFilter( 1971): interaction: PackageSetting{a810851 com.example.moonlight_spatialsdk/10176} -> PackageSetting{76d674b com.facebook.orca/10112} BLOCKED
12-07 15:20:32.673 I/AppsFilter( 1971): interaction: PackageSetting{a810851 com.example.moonlight_spatialsdk/10176} -> PackageSetting{692dff6 com.facebook.workrooms/10163} BLOCKED
12-07 15:20:32.673 I/AppsFilter( 1971): interaction: PackageSetting{a810851 com.example.moonlight_spatialsdk/10176} -> PackageSetting{b0a7ff7 quest.eleven.forfunlabs/10171} BLOCKED
12-07 15:20:32.673 I/AppsFilter( 1971): interaction: PackageSetting{a810851 com.example.moonlight_spatialsdk/10176} -> PackageSetting{67fee64 com.oculus.tv/10091} BLOCKED
12-07 15:20:32.673 I/AppsFilter( 1971): interaction: PackageSetting{a810851 com.example.moonlight_spatialsdk/10176} -> PackageSetting{47328cd com.oculus.panelapp.devicepairing/10138} BLOCKED
12-07 15:20:32.673 I/AppsFilter( 1971): interaction: PackageSetting{a810851 com.example.moonlight_spatialsdk/10176} -> PackageSetting{7050582 com.oculus.userserver2/10058} BLOCKED
12-07 15:20:32.673 I/AppsFilter( 1971): interaction: PackageSetting{a810851 com.example.moonlight_spatialsdk/10176} -> PackageSetting{95d2493 com.netflix.ninja.vr/10006} BLOCKED
12-07 15:20:32.673 I/AppsFilter( 1971): interaction: PackageSetting{a810851 com.example.moonlight_spatialsdk/10176} -> PackageSetting{6da517f com.meta.worlds/10139} BLOCKED
12-07 15:20:32.673 I/AppsFilter( 1971): interaction: PackageSetting{a810851 com.example.moonlight_spatialsdk/10176} -> PackageSetting{e1684c9 com.android.bookmarkprovider/10027} BLOCKED
12-07 15:20:32.673 I/AppsFilter( 1971): interaction: PackageSetting{a810851 com.example.moonlight_spatialsdk/10176} -> PackageSetting{881f7ce com.oculus.guardianresources/10030} BLOCKED
12-07 15:20:32.673 I/AppsFilter( 1971): interaction: PackageSetting{a810851 com.example.moonlight_spatialsdk/10176} -> PackageSetting{2b76ef com.oculus.guardian/10073} BLOCKED
12-07 15:20:32.673 I/AppsFilter( 1971): interaction: PackageSetting{a810851 com.example.moonlight_spatialsdk/10176} -> PackageSetting{c98a5fc com.oculus.explore/10096} BLOCKED
12-07 15:20:32.673 I/AppsFilter( 1971): interaction: PackageSetting{a810851 com.example.moonlight_spatialsdk/10176} -> PackageSetting{c79a485 com.meta.hpiassets/10155} BLOCKED
12-07 15:20:32.673 I/AppsFilter( 1971): interaction: PackageSetting{a810851 com.example.moonlight_spatialsdk/10176} -> PackageSetting{2405539 com.android.cts.ctsshim/10127} BLOCKED
12-07 15:20:32.673 I/AppsFilter( 1971): interaction: PackageSetting{a810851 com.example.moonlight_spatialsdk/10176} -> PackageSetting{3c9c2da com.oculus.q4b.mdm/10041} BLOCKED
12-07 15:20:32.673 I/AppsFilter( 1971): interaction: PackageSetting{a810851 com.example.moonlight_spatialsdk/10176} -> PackageSetting{4e2930b com.meta.shell.env.footprint.haven2025/10159} BLOCKED
12-07 15:20:32.673 I/AppsFilter( 1971): interaction: PackageSetting{a810851 com.example.moonlight_spatialsdk/10176} -> PackageSetting{2c825e8 Immersed.quest/10162} BLOCKED
12-07 15:20:32.673 I/AppsFilter( 1971): interaction: PackageSetting{a810851 com.example.moonlight_spatialsdk/10176} -> PackageSetting{4350401 com.oculus.permissioncontroller.rro/10000} BLOCKED
12-07 15:20:32.673 I/AppsFilter( 1971): interaction: PackageSetting{a810851 com.example.moonlight_spatialsdk/10176} -> PackageSetting{deb0663 com.valinor/10106} BLOCKED
12-07 15:20:32.673 I/AppsFilter( 1971): interaction: PackageSetting{a810851 com.example.moonlight_spatialsdk/10176} -> PackageSetting{b9132a6 com.meta.environment.prod.nuxd/10033} BLOCKED
12-07 15:20:32.673 I/AppsFilter( 1971): interaction: PackageSetting{a810851 com.example.moonlight_spatialsdk/10176} -> PackageSetting{ca554e7 com.oculus.helpcenter/10105} BLOCKED
12-07 15:20:32.673 I/AppsFilter( 1971): interaction: PackageSetting{a810851 com.example.moonlight_spatialsdk/10176} -> PackageSetting{3edb894 com.android.hotspot2.osulogin/10004} BLOCKED
12-07 15:20:32.673 I/AppsFilter( 1971): interaction: PackageSetting{a810851 com.example.moonlight_spatialsdk/10176} -> PackageSetting{ecdf3d com.camouflaj.manta/10022} BLOCKED
12-07 15:20:32.673 I/AppsFilter( 1971): interaction: PackageSetting{a810851 com.example.moonlight_spatialsdk/10176} -> PackageSetting{70dd332 com.oculus.quickpromotionservice/10082} BLOCKED
12-07 15:20:32.673 I/AppsFilter( 1971): interaction: PackageSetting{a810851 com.example.moonlight_spatialsdk/10176} -> PackageSetting{d300b41 com.oculus.paracosmaavalanche/10164} BLOCKED
12-07 15:20:32.673 I/AppsFilter( 1971): interaction: PackageSetting{a810851 com.example.moonlight_spatialsdk/10176} -> PackageSetting{337ca00 com.facebook.arvr.quillplayer/10115} BLOCKED
12-07 15:20:32.673 I/AppsFilter( 1971): interaction: PackageSetting{a810851 com.example.moonlight_spatialsdk/10176} -> PackageSetting{a4d3239 com.LuckyVR.PokerStarsVR/10090} BLOCKED
12-07 15:20:32.673 I/AppsFilter( 1971): interaction: PackageSetting{a810851 com.example.moonlight_spatialsdk/10176} -> PackageSetting{941f07e com.meta.HyperscapeHmdCapture/10158} BLOCKED
12-07 15:20:32.673 I/AppsFilter( 1971): interaction: PackageSetting{a810851 com.example.moonlight_spatialsdk/10176} -> PackageSetting{7cdf9df com.android.captiveportallogin/10028} BLOCKED
12-07 15:20:32.673 I/AppsFilter( 1971): interaction: PackageSetting{a810851 com.example.moonlight_spatialsdk/10176} -> PackageSetting{64f862c com.oculus.panelapp.calendar/10086} BLOCKED
12-07 15:20:32.673 I/AppsFilter( 1971): interaction: PackageSetting{a810851 com.example.moonlight_spatialsdk/10176} -> PackageSetting{cc5b8f5 com.oculus.highwindservice/10141} BLOCKED
12-07 15:20:32.673 I/AppsFilter( 1971): interaction: PackageSetting{a810851 com.example.moonlight_spatialsdk/10176} -> PackageSetting{8cbe995 com.meta.pclinkservice.server/10047} BLOCKED
12-07 15:20:32.673 I/AppsFilter( 1971): interaction: PackageSetting{a810851 com.example.moonlight_spatialsdk/10176} -> PackageSetting{244d918 com.meta.transport/10120} BLOCKED
12-07 15:20:32.673 I/AppsFilter( 1971): interaction: PackageSetting{a810851 com.example.moonlight_spatialsdk/10176} -> PackageSetting{205ef71 com.oculus.configuration/10055} BLOCKED
12-07 15:20:32.674 D/nativeloader(16451): InitApexLibraries:
12-07 15:20:32.674 D/nativeloader(16451):   com_android_adservices: libhpke_jni.so:libtflite_support_classifiers_native.so
12-07 15:20:32.674 D/nativeloader(16451):   com_android_appsearch: libicing.so
12-07 15:20:32.674 D/nativeloader(16451):   com_android_art: libartservice.so
12-07 15:20:32.674 D/nativeloader(16451):   com_android_btservices: libbluetooth_jni.so
12-07 15:20:32.674 D/nativeloader(16451):   com_android_conscrypt: libjavacrypto.so
12-07 15:20:32.674 D/nativeloader(16451):   com_android_extservices: libhpke_jni.so:libtflite_support_classifiers_native.so
12-07 15:20:32.674 D/nativeloader(16451):   com_android_os_statsd: libstats_jni.so
12-07 15:20:32.674 D/nativeloader(16451):   com_android_tethering: libcronet.114.0.5735.84.so:libframework-connectivity-jni.so:libframework-connectivity-tiramisu-jni.so:libandroid_net_connectivity_com_android_net_module_util_jni.so:libservice-connectivity.so
12-07 15:20:32.674 D/nativeloader(16451):   com_android_uwb: libuwb_uci_jni_rust.so
12-07 15:20:32.674 D/nativeloader(16451):   com_android_virt: libvirtualizationservice_jni.so:libvirtualmachine_jni.so
12-07 15:20:32.674 D/nativeloader(16451):   com_meta_xr: libmrservice_plugin.so
12-07 15:20:32.676 I/OpenXR  (16451): Loading 64-bit Runtime.
12-07 15:20:32.678 E/TrackedObjectManager( 2832): Failed to connect to TrackedObjectService with error Status(-129, EX_TRANSACTION_FAILED): 'DEAD_OBJECT: '
12-07 15:20:32.678 W/OSDynamicObjectDataQuerier( 2832): Attempted to start tracking objects when tracker was already started
12-07 15:20:32.678 E/TrackedObjectManager( 2832): Failed to connect to TrackedObjectService with error Status(-129, EX_TRANSACTION_FAILED): 'DEAD_OBJECT: '
12-07 15:20:32.678 E/TrackedObjectManager( 2832): Failed to start tracking keyboard object with error Status(-129, EX_TRANSACTION_FAILED): 'DEAD_OBJECT: '
12-07 15:20:32.687 I/MRSS    ( 1157): MIXEDREALITY: EnvironmentDepthMetacapability: processTelemetry client com.oculus.vrshell state true aggregated 1
12-07 15:20:32.692 E/TrackedObjectManager( 2832): Failed to connect to TrackedObjectService with error Status(-129, EX_TRANSACTION_FAILED): 'DEAD_OBJECT: '
12-07 15:20:32.692 W/OSDynamicObjectDataQuerier( 2832): Attempted to start tracking objects when tracker was already started
12-07 15:20:32.692 E/TrackedObjectManager( 2832): Failed to connect to TrackedObjectService with error Status(-129, EX_TRANSACTION_FAILED): 'DEAD_OBJECT: '
12-07 15:20:32.692 E/TrackedObjectManager( 2832): Failed to start tracking keyboard object with error Status(-129, EX_TRANSACTION_FAILED): 'DEAD_OBJECT: '
12-07 15:20:32.700 I/VrRuntimeClient(16451): VrRuntimeClient(): 0x7803cd0380
12-07 15:20:32.702 D/OsSdkLoader(16451): OSSDK loading module 'libossdk.oculus.so'
12-07 15:20:32.706 E/TrackedObjectManager( 2832): Failed to connect to TrackedObjectService with error Status(-129, EX_TRANSACTION_FAILED): 'DEAD_OBJECT: '
12-07 15:20:32.706 W/OSDynamicObjectDataQuerier( 2832): Attempted to start tracking objects when tracker was already started
12-07 15:20:32.706 E/TrackedObjectManager( 2832): Failed to connect to TrackedObjectService with error Status(-129, EX_TRANSACTION_FAILED): 'DEAD_OBJECT: '
12-07 15:20:32.706 E/TrackedObjectManager( 2832): Failed to start tracking keyboard object with error Status(-129, EX_TRANSACTION_FAILED): 'DEAD_OBJECT: '
12-07 15:20:32.719 E/TrackedObjectManager( 2832): Failed to connect to TrackedObjectService with error Status(-129, EX_TRANSACTION_FAILED): 'DEAD_OBJECT: '
12-07 15:20:32.719 W/OSDynamicObjectDataQuerier( 2832): Attempted to start tracking objects when tracker was already started
12-07 15:20:32.719 E/TrackedObjectManager( 2832): Failed to connect to TrackedObjectService with error Status(-129, EX_TRANSACTION_FAILED): 'DEAD_OBJECT: '
12-07 15:20:32.719 E/TrackedObjectManager( 2832): Failed to start tracking keyboard object with error Status(-129, EX_TRANSACTION_FAILED): 'DEAD_OBJECT: '
12-07 15:20:32.733 E/TrackedObjectManager( 2832): Failed to connect to TrackedObjectService with error Status(-129, EX_TRANSACTION_FAILED): 'DEAD_OBJECT: '
12-07 15:20:32.733 W/OSDynamicObjectDataQuerier( 2832): Attempted to start tracking objects when tracker was already started
12-07 15:20:32.733 E/TrackedObjectManager( 2832): Failed to connect to TrackedObjectService with error Status(-129, EX_TRANSACTION_FAILED): 'DEAD_OBJECT: '
12-07 15:20:32.733 E/TrackedObjectManager( 2832): Failed to start tracking keyboard object with error Status(-129, EX_TRANSACTION_FAILED): 'DEAD_OBJECT: '
12-07 15:20:32.744 I/VrApi   ( 3469): FPS=72/72,Prd=26ms,Tear=0,Early=0,Stale=0,Stale2/5/10/max=0/0/0/0,VSnc=1,Lat=-1,Fov=3,CPU4/GPU=3/2,1651/456MHz,OC=3F,TA=0/0/0,SP=N/N/N,Mem=3196MHz,Free=3463MB,PLS=0,Temp=36.0C/0.0C,TW=2.19ms,App=1.11ms,GD=0.00ms,CPU&GPU=9.23ms,LCnt=6(DR72,LM4),GPU%=0.26,CPU%=0.39(W0.43),CFL=12.17/16.42,ICFLp95=15.51,LD=0,SF=1.00,LP=1,DVFS=0,ShrpLCnt=2,ShrpR=0.500,SSLCnt=0/0
12-07 15:20:32.747 I/DriverLoader(16451): Calling into SetLegacyVrApiEntryPointOverride
12-07 15:20:32.747 I/VrApi_DriverLoader(16451): SetLegacyVrApiEntryPointOverride: calling sprintf
12-07 15:20:32.747 I/VrApi_DriverLoader(16451): SetLegacyVrApiEntryPointOverride: env buffer is '0x7803c23bc8'
12-07 15:20:32.747 I/VrApi_DriverLoader(16451): SetLegacyVrApiEntryPointOverride: calling setenv
12-07 15:20:32.747 I/DriverLoader(16451): Creating Temp JNIEnv
12-07 15:20:32.747 I/DriverLoader(16451): Calling FindClass
12-07 15:20:32.747 I/DriverLoader(16451): Calling RegisterNativeVrApiLoaderMethods
12-07 15:20:32.747 I/VrApi_DriverLoader(16451): RegisterNativeVrApiLoaderMethods: calling RegisterNatives
12-07 15:20:32.747 I/DriverLoader(16451): Calling RegisterNativeXrLoaderMethods
12-07 15:20:32.747 I/OpenXR_DriverLoader(16451): RegisterNativeVrApiLoaderMethods: calling RegisterNatives
12-07 15:20:32.747 I/DriverLoader(16451): Exiting JNI_OnLoad
12-07 15:20:32.747 E/TrackedObjectManager( 2832): Failed to connect to TrackedObjectService with error Status(-129, EX_TRANSACTION_FAILED): 'DEAD_OBJECT: '
12-07 15:20:32.747 W/OSDynamicObjectDataQuerier( 2832): Attempted to start tracking objects when tracker was already started
12-07 15:20:32.747 E/TrackedObjectManager( 2832): Failed to connect to TrackedObjectService with error Status(-129, EX_TRANSACTION_FAILED): 'DEAD_OBJECT: '
12-07 15:20:32.747 E/TrackedObjectManager( 2832): Failed to start tracking keyboard object with error Status(-129, EX_TRANSACTION_FAILED): 'DEAD_OBJECT: '
12-07 15:20:32.748 I/OpenXR_ClientState(16451): OpenXRClientState::create - from xrInitializeLoaderKHR
12-07 15:20:32.748 I/XrRuntimeSharedClientState(16451): SharedClientState::create called from 'OpenXRClientState::init'
12-07 15:20:32.748 I/ipcLoader [RUNTIMEIPC](16451): RuntimeIPC: Loader: IPC Service API Loader Version: 81 Dec  4 2025 07:47:30
12-07 15:20:32.748 I/ipcLoader [RUNTIMEIPC](16451): Using android_get_exported_namespace: libripcclient.oculus.so
12-07 15:20:32.758 I/ipcLoader [RUNTIMEIPC](16451): android_get_exported_namespace SUCCESS: libripcclient.oculus.so
12-07 15:20:32.760 I/RuntimeIPCSystem [RUNTIMEIPC](16451): RuntimeIPCSystem: Init called: Version: 81, Platform: Android, Build Date: Dec  2 2025, Build Time: 09:26:03, BuildMode: shared
12-07 15:20:32.760 I/MultiInstanceDetector [RUNTIMEIPC](16451): Multiple instances check passed. Socket name: INSTANCE_DETECTOR:16451
12-07 15:20:32.760 D/OsSdkLoader(16451): OSSDK loading module 'libossdk.oculus.so'
12-07 15:20:32.761 W/RuntimeIPCSystem [RUNTIMEIPC](16451): Init: Java VM is null
12-07 15:20:32.761 D/OsSdkLoader(16451): OSSDK loading module 'libripcmanager.oculus.so'
12-07 15:20:32.761 E/TrackedObjectManager( 2832): Failed to connect to TrackedObjectService with error Status(-129, EX_TRANSACTION_FAILED): 'DEAD_OBJECT: '
12-07 15:20:32.761 W/OSDynamicObjectDataQuerier( 2832): Attempted to start tracking objects when tracker was already started
12-07 15:20:32.761 E/TrackedObjectManager( 2832): Failed to connect to TrackedObjectService with error Status(-129, EX_TRANSACTION_FAILED): 'DEAD_OBJECT: '
12-07 15:20:32.761 E/TrackedObjectManager( 2832): Failed to start tracking keyboard object with error Status(-129, EX_TRANSACTION_FAILED): 'DEAD_OBJECT: '
12-07 15:20:32.768 I/RuntimeIpcManager(16451): RuntimeIpcManager: attempting to get a service connection
12-07 15:20:32.768 I/RuntimeIpcBroker( 1159): [RuntimeIpcBroker] Attempting to retrieve package name and version for client
12-07 15:20:32.768 I/RuntimeIpcBroker( 1159): [RuntimeIpcBroker] Retrieving service manager for com.example.moonlight_spatialsdk
12-07 15:20:32.768 I/RuntimeIpcBroker( 1159): [RuntimeIpcBroker] Retrieving permission service [binder] from service manager for com.example.moonlight_spatialsdk
12-07 15:20:32.769 I/RuntimeIpcBroker( 1159): [RuntimeIpcBroker] Succesfully retrieved permission service [binder] from service manager for com.example.moonlight_spatialsdk
12-07 15:20:32.769 I/RuntimeIpcBroker( 1159): [RuntimeIpcBroker] Retrieving service manager for com.example.moonlight_spatialsdk
12-07 15:20:32.769 I/RuntimeIpcBroker( 1159): [RuntimeIpcBroker] Retrieving package_native service [binder] for com.example.moonlight_spatialsdk
12-07 15:20:32.769 I/RuntimeIpcBroker( 1159): [RuntimeIpcBroker] Succesfully retrieved package_native service [binder] for com.example.moonlight_spatialsdk
12-07 15:20:32.769 I/RuntimeIpcBroker( 1159): [RuntimeIpcBroker] Attempting to connect: com.example.moonlight_spatialsdk -- com.example.moonlight_spatialsdk, [uid: 10176, pid: 16451]
12-07 15:20:32.769 I/RuntimeIpcBroker( 1159): [RuntimeIpcBroker] Connections lock acquired
12-07 15:20:32.769 I/RuntimeIPCService [RUNTIMEIPC]( 1159): CreateBrokerConnection: Pre-lock BrokerConnections.Mutex: packageName: com.example.moonlight_spatialsdk, processName: com.example.moonlight_spatialsdk, pid: 16451
12-07 15:20:32.769 I/RuntimeIPCService [RUNTIMEIPC]( 1159): CreateBrokerConnection: [Client Descriptor - 16451:com.example.moonlight_spatialsdk:com.example.moonlight_spatialsdk] [Connection Id - 999617704]
12-07 15:20:32.772 I/RuntimeIpcBroker( 1159): [RuntimeIpcBroker] initClientId successful on client binder
12-07 15:20:32.772 I/RuntimeIpcBroker( 1159): [RuntimeIpcBroker] Connection established for com.example.moonlight_spatialsdk -- com.example.moonlight_spatialsdk, [uid: 10176, pid: 16451]
12-07 15:20:32.772 I/RuntimeIpcManager(16451): RuntimeIpcManager: Binder call to service->connect SUCCESS
12-07 15:20:32.772 V/RuntimeIPCService [RUNTIMEIPC]( 1159): GetServiceBinder: com.example.moonlight_spatialsdk:com.example.moonlight_spatialsdk:16451
12-07 15:20:32.772 V/IPCDataChannelAndroidBinder [RUNTIMEIPC]( 1159): alloc binder info: 102
12-07 15:20:32.772 D/IPCDataChannelServer [RUNTIMEIPC]( 1159): Connected: 999617704, com.example.moonlight_spatialsdk:com.example.moonlight_spatialsdk:16451
12-07 15:20:32.773 I/BrokerRPC [RUNTIMEIPC](16451): InitRPCToServiceInternal: Success
12-07 15:20:32.773 I/RuntimeIPCSystem [RUNTIMEIPC](16451): RuntimeIPCSystem: Init SUCCESS: Version: 81, Platform: Android, Build Date: Dec  2 2025, Build Time: 09:26:03, BuildMode: shared
12-07 15:20:32.773 W/RuntimeIPCService [RUNTIMEIPC]( 1159): SetServerList: Connection not allowed to register servers. Package: com.example.moonlight_spatialsdk, Process: com.example.moonlight_spatialsdk
12-07 15:20:32.773 I/RipcServerMgr [RUNTIMEIPC](16451): UpdateServerListOnBroker (pid: 16451): SUCCESS (shouldNotify=true): []
12-07 15:20:32.773 I/RuntimeIpcHelperService( 1971): Going to start ComponentInfo{com.oculus.systemdriver/com.oculus.vrruntimeservice.VrRuntimeService} as foreground, Calling uid: 10176 pid: 16451
12-07 15:20:32.775 E/TrackedObjectManager( 2832): Failed to connect to TrackedObjectService with error Status(-129, EX_TRANSACTION_FAILED): 'DEAD_OBJECT: '
12-07 15:20:32.775 W/OSDynamicObjectDataQuerier( 2832): Attempted to start tracking objects when tracker was already started
12-07 15:20:32.775 E/TrackedObjectManager( 2832): Failed to connect to TrackedObjectService with error Status(-129, EX_TRANSACTION_FAILED): 'DEAD_OBJECT: '
12-07 15:20:32.775 E/TrackedObjectManager( 2832): Failed to start tracking keyboard object with error Status(-129, EX_TRANSACTION_FAILED): 'DEAD_OBJECT: '
12-07 15:20:32.778 I/ClientProcessConnector [RUNTIMEIPC](16451): GetProcessConnection: com.oculus.systemdriver:com.oculus.vrruntimeservice
12-07 15:20:32.779 I/RipcServerClientHandler [RUNTIMEIPC]( 2832): Event buffer size (server): 8192
12-07 15:20:32.780 I/RipcServerMgr [RUNTIMEIPC]( 2832): HandleClientConnect SUCCESS: Client: com.example.moonlight_spatialsdk:com.example.moonlight_spatialsdk:16451:, Server: com.oculus.systemdriver:com.oculus.vrruntimeservice (gkcache)
12-07 15:20:32.780 I/RipcClient [RUNTIMEIPC](16451): Event buffer size (client): 8192
12-07 15:20:32.780 I/RipcClient [RUNTIMEIPC](16451): TryToGetIPCResourcesFromServer: RPC_CONNECTOR_CONNECT_TO_SERVER SUCCESS: Client: com.example.moonlight_spatialsdk:com.example.moonlight_spatialsdk:16451, Server: com.oculus.systemdriver:com.oculus.vrruntimeservice:0 (gkcache), Version: 81, Platform: Android, Build Date: Dec  2 2025, Build Time: 09:26:03, BuildMode: shared
12-07 15:20:32.781 I/RipcClient [RUNTIMEIPC](16451): EnsureServerConnection: SUCCESS. Client: com.example.moonlight_spatialsdk:com.example.moonlight_spatialsdk:16451, Server: com.oculus.systemdriver:com.oculus.vrruntimeservice:0 (gkcache)
12-07 15:20:32.781 I/RipcClient [RUNTIMEIPC](16451): [RIPC_CONNECT_LOG] ConnectToServer: SUCCESS: Client: com.example.moonlight_spatialsdk:com.example.moonlight_spatialsdk:16451, Server: com.oculus.systemdriver:com.oculus.vrruntimeservice:0 (gkcache)
12-07 15:20:32.781 W/REFLECT [RUNTIMEIPC]( 2832): Disabling all permissions (ONLY USE IN TESTS): 999612845:com.example.moonlight_spatialsdk/com.example.moonlight_spatialsdk (10176:16451), mask: 11111111111111111111111111111111
12-07 15:20:32.781 I/GkCacheQuerierServer( 2832): Client 999612845 from com.example.moonlight_spatialsdk:16451 connected.
12-07 15:20:32.783 I/RipcClient [RUNTIMEIPC](16451): InitServerStateBuffer: SUCCESS. 0, Client: com.example.moonlight_spatialsdk:com.example.moonlight_spatialsdk:16451, Server: com.oculus.systemdriver:com.oculus.vrruntimeservice:0 (gkcache)
12-07 15:20:32.784 I/OpenXR_ClientState(16451): Client state creation succeeded.
12-07 15:20:32.784 V/OpenXR  (16451): OpenXRForwardLoader::xrInitializeLoaderKHR [end]
12-07 15:20:32.784 V/OpenXR  (16451): OpenXRForwardLoader::xrNegotiateLoaderRuntimeInterface [start]
12-07 15:20:32.785 V/OpenXR  (16451): OpenXRForwardLoader::xrNegotiateLoaderRuntimeInterface [end]
12-07 15:20:32.785 I/OpenXR-Loader(16451): Info [GENERAL | xrEnumerateInstanceExtensionProperties | OpenXR-Loader] : RuntimeInterface::LoadRuntime succeeded loading runtime defined in manifest file /odm/etc/openxr/1/active_runtime.aarch64.json using interface version 1 and OpenXR API version 1.0
12-07 15:20:32.789 E/TrackedObjectManager( 2832): Failed to connect to TrackedObjectService with error Status(-129, EX_TRANSACTION_FAILED): 'DEAD_OBJECT: '
12-07 15:20:32.789 W/OSDynamicObjectDataQuerier( 2832): Attempted to start tracking objects when tracker was already started
12-07 15:20:32.789 E/TrackedObjectManager( 2832): Failed to connect to TrackedObjectService with error Status(-129, EX_TRANSACTION_FAILED): 'DEAD_OBJECT: '
12-07 15:20:32.789 E/TrackedObjectManager( 2832): Failed to start tracking keyboard object with error Status(-129, EX_TRANSACTION_FAILED): 'DEAD_OBJECT: '
12-07 15:20:32.792 I/ApplicationAttributes(16451): IsPrivileged 0
12-07 15:20:32.792 I/OpenXR  (16451): Is_X_PartnerGateKeeper
12-07 15:20:32.792 I/OpenXR  (16451): PGK Status: exp = 0, dc = true
12-07 15:20:32.792 I/OpenXR  (16451): Extension status: APC
12-07 15:20:32.793 I/ApplicationAttributes(16451): IsSystem 0
12-07 15:20:32.796 E/libosutils(16451): Failed to get real path of file '/sys/devices/soc0/oem_variant', err: Permission denied
12-07 15:20:32.796 E/libosutils(16451): Failed to get real path of file '/sys/devices/soc0/platform_subtype_id', err: Permission denied
12-07 15:20:32.796 E/libosutils(16451): Failed to get real path of file '/sys/devices/soc0/platform_version', err: Permission denied
12-07 15:20:32.796 W/libdeviceid(16451): DeviceId unknown with subtype FFFFFFFF and version: 0xFFFFFFFF
12-07 15:20:32.791 W/Thread-4(16451): type=1400 audit(0.0:3488): avc:  denied  { search } for  name="soc0" dev="sysfs" ino=67225 scontext=u:r:untrusted_app:s0:c176,c256,c512,c768 tcontext=u:object_r:vendor_sysfs_soc:s0 tclass=dir permissive=0 app=com.example.moonlight_spatialsdk
12-07 15:20:32.791 W/Thread-4(16451): type=1400 audit(0.0:3489): avc:  denied  { search } for  name="soc0" dev="sysfs" ino=67225 scontext=u:r:untrusted_app:s0:c176,c256,c512,c768 tcontext=u:object_r:vendor_sysfs_soc:s0 tclass=dir permissive=0 app=com.example.moonlight_spatialsdk
12-07 15:20:32.791 W/Thread-4(16451): type=1400 audit(0.0:3490): avc:  denied  { search } for  name="soc0" dev="sysfs" ino=67225 scontext=u:r:untrusted_app:s0:c176,c256,c512,c768 tcontext=u:object_r:vendor_sysfs_soc:s0 tclass=dir permissive=0 app=com.example.moonlight_spatialsdk
12-07 15:20:32.797 E/VrDeviceManagerService( 1166): Permission denied: process 16451 (uid 10176) doesn't have the required permission: horizonos.permission.SET_VR_DEVICE_PARAMS
12-07 15:20:32.797 E/VrDeviceManagerService( 1166): Permission denied: process 16451 (uid 10176) doesn't have the required permission: horizonos.permission.READ_VR_DEVICE_PARAMS
12-07 15:20:32.797 E/VrDeviceManagerService( 1166): Permission denied: process 16451 (uid 10176) doesn't have the required permission: horizonos.permission.SET_VR_DEVICE_PARAMS
