12-07 11:35:29.299 I/HorizonStandalone(10713): Config: Set as baseline: horizon::AudioConfig v1
12-07 11:35:29.299 I/HorizonStandalone(10713): Config: Set as baseline: horizon::FlecsPipelineConfig v1
12-07 11:35:29.299 I/HorizonStandalone(10713): Config: Set as immutable: horizon::FlecsPipelineConfig v1
12-07 11:35:29.299 I/HorizonStandalone(10713): Config: Set as baseline: horizon::ui_debug::DebugUiConfig v1
12-07 11:35:29.299 I/HorizonStandalone(10713): Config: Set as baseline: horizon::RenderConfig v1
12-07 11:35:29.299 I/HorizonStandalone(10713): Config: Set as baseline: horizon::AnalyticsConfig v2
12-07 11:35:29.299 I/HorizonStandalone(10713): Config: Set as baseline: horizon::ApplicationConfig v1
12-07 11:35:29.299 I/HorizonStandalone(10713): Config: Set as baseline: horizon::AppPhaseConfig v1
12-07 11:35:29.299 I/HorizonStandalone(10713): Config: Config loading complete!
12-07 11:35:29.299 I/HorizonStandalone(10713): LogManager: Active Logging Profile is `InCodeDefault`
12-07 11:35:29.299 I/HorizonStandalone(10713): LogManager: Global log verbosity has been set to [Info] overriding individual category settings
12-07 11:35:29.299 I/HorizonStandalone(10713): LogManager: Global log verbosity has been set to [Info] overriding individual category settings
12-07 11:35:29.299 I/HorizonStandalone(10713): Application: getHostProcessInfo
12-07 11:35:29.299 I/HorizonStandalone(10713): Application: Using session ID from process UUID: b14769c2-2063-418e-8c50-4b730071a42b
12-07 11:35:29.299 I/HorizonStandalone(10713): Application: getHostConfig
12-07 11:35:29.299 I/HorizonStandalone(10713): Application: Creating default user agent as no user agent was preconfigured.
12-07 11:35:29.299 I/HorizonStandalone(10713): UserAgent: User agent generated: [FBAVI/51764730039000520;FBDV/quest 3]
12-07 11:35:29.299 I/HorizonStandalone(10713): Application: initStaticModules
12-07 11:35:29.299 I/HorizonStandalone(10713): Application: Skipping lifecycle analytics event ModulesConstructed due to event bus get failure (ErrorNotFound)
12-07 11:35:29.299 W/HorizonStandalone(10713): Config: Config horizon::worlds::splat_renderer::SplatRendererConfig for interface "splat_renderer" is defaulted because it was missing
12-07 11:35:29.299 I/HorizonStandalone(10713): Config: Config horizon::player::PlayerConfig for interface "player" is unused and defaulted
12-07 11:35:29.299 I/HorizonStandalone(10713): Config: Config horizon::networking::NetworkConfig for interface "networking" is unused and defaulted
12-07 11:35:29.299 I/HorizonStandalone(10713): Config: Config horizon::matchmaking::MatchmakingConfig for interface "matchmaking" is unused and defaulted
12-07 11:35:29.299 I/HorizonStandalone(10713): Config: Config horizon::meta_config::MetaConfigConfig for interface "meta_config" is unused and defaulted
12-07 11:35:29.299 W/HorizonStandalone(10713): Config: Config horizon::input::InputConfig for interface "input" is defaulted because it was missing
12-07 11:35:29.299 W/HorizonStandalone(10713): Config: Config horizon::hmi::HmiConfig for interface "hmi_manager" is defaulted because it was missing
12-07 11:35:29.299 I/HorizonStandalone(10713): Config: Config horizon::embodiment::EmbodimentConfig for interface "embodiment" is unused and defaulted
12-07 11:35:29.299 I/HorizonStandalone(10713): Config: Config horizon::core_ui::CoreUiConfig for interface "core_ui" is unused and defaulted
12-07 11:35:29.299 I/HorizonStandalone(10713): Config: Config horizon::character::CharacterConfig for interface "character" is unused and defaulted
12-07 11:35:29.299 I/HorizonStandalone(10713): Config: Config horizon::avatar::AvatarConfig for interface "avatar" is unused and defaulted
12-07 11:35:29.299 I/HorizonStandalone(10713): Config: Config horizon::asset_service::AssetServiceServerConfig for interface "asset_service" is unused and defaulted
12-07 11:35:29.299 I/HorizonStandalone(10713): Config: Config horizon::auth::AuthConfig for interface "authentication" is unused and defaulted
12-07 11:35:29.299 I/HorizonStandalone(10713): Config: Config horizon::asset_service::AssetServiceConfig for interface "asset_service" is unused and defaulted
12-07 11:35:29.299 I/HorizonStandalone(10713): Config: Config horizon::player_grabbing::PlayerGrabbingConfig for interface "player_grabbing" is unused and defaulted
12-07 11:35:29.299 I/HorizonStandalone(10713): Config: Config horizon::asset_service::AssetServiceClientConfig for interface "asset_service" is unused and defaulted
12-07 11:35:29.299 I/HorizonStandalone(10713): Config: Config horizon::asset_service::AssetRefreshConfig for interface "asset_service" is unused and defaulted
12-07 11:35:29.299 W/HorizonStandalone(10713): Config: Config horizon::aether::AetherConfig for interface "aether" is defaulted because it was missing
12-07 11:35:29.299 I/HorizonStandalone(10713): Config: Config horizon::WebRequestConfig for interface "web_request" is unused and defaulted
12-07 11:35:29.299 I/HorizonStandalone(10713): Config: Config horizon::interaction::InteractionConfig for interface "interaction" is unused and defaulted
12-07 11:35:29.299 I/HorizonStandalone(10713): Config: Config horizon::VoipConfig for interface "voip" is unused and defaulted
12-07 11:35:29.299 I/HorizonStandalone(10713): Config: Config horizon::locomotion::LocomotionConfig for interface "locomotion" is unused and defaulted
12-07 11:35:29.299 I/HorizonStandalone(10713): Config: Config horizon::physics::PhysicsConfig for interface "physics" is unused and defaulted
12-07 11:35:29.300 I/HorizonStandalone(10713): Config: Config horizon::AudioConfig for interface "audio" is unused and defaulted
12-07 11:35:29.300 I/HorizonStandalone(10713): Config: Config horizon::ui_debug::DebugUiConfig for interface "ui_debug" is unused and defaulted
12-07 11:35:29.300 W/HorizonStandalone(10713): Config: Config horizon::RenderConfig for interface "renderer" is defaulted because it was missing
12-07 11:35:29.300 I/HorizonStandalone(10713): Config: Config horizon::AnalyticsConfig for interface "analytics" is unused and defaulted
12-07 11:35:29.300 I/HorizonStandalone(10713): Application: Initializing window manager: horizon::NullWindowManager
12-07 11:35:29.300 I/HorizonStandalone(10713): Application: Skipping lifecycle analytics event ApplicationClassInitComplete due to event bus get failure (ErrorNotFound)
12-07 11:35:29.300 W/HorizonStandalone(10713): World: No provider found for required dependency horizon::player::IPlayerManager of horizon::platform_api::NativeFootstepServiceHolder. It may not have an attr::worldContext(), or a module that provides it may not be linked into the application.
12-07 11:35:29.300 W/HorizonStandalone(10713): World: No provider found for required dependency horizon::physics::IPhysicsScene of horizon::physics::NativePhysicsServiceHolder. It may not have an attr::worldContext(), or a module that provides it may not be linked into the application.
12-07 11:35:29.300 W/HorizonStandalone(10713): World: No provider found for required dependency horizon::platform_api::IPlatformAPIEventManager of horizon::physics::NativePhysicsServiceHolder. It may not have an attr::worldContext(), or a module that provides it may not be linked into the application.
12-07 11:35:29.300 W/HorizonStandalone(10713): World: No provider found for required dependency horizon::embodiment::IEmbodimentSystem of horizon::platform_api::NativeAvatarServiceHolder. It may not have an attr::worldContext(), or a module that provides it may not be linked into the application.
12-07 11:35:29.300 W/HorizonStandalone(10713): World: No provider found for required dependency horizon::player::IPlayerManager of horizon::platform_api::NativeAvatarServiceHolder. It may not have an attr::worldContext(), or a module that provides it may not be linked into the application.
12-07 11:35:29.300 W/HorizonStandalone(10713): World: No provider found for required dependency horizon::physics::IPhysicsScene of horizon::player_input::PlayerHandPointer. It may not have an attr::worldContext(), or a module that provides it may not be linked into the application.
12-07 11:35:29.300 W/HorizonStandalone(10713): World: No provider found for required dependency horizon::platform_api::IPlatformAPI of horizon::platform_api::NativePlayerServiceHolder. It may not have an attr::worldContext(), or a module that provides it may not be linked into the application.
12-07 11:35:29.300 W/HorizonStandalone(10713): World: No provider found for required dependency horizon::player::IPlayerManager of horizon::platform_api::NativePlayerServiceHolder. It may not have an attr::worldContext(), or a module that provides it may not be linked into the application.
12-07 11:35:29.300 W/HorizonStandalone(10713): World: No provider found for required dependency horizon::player::IPlayerManager of horizon::platform_api::NativePlayerInputServiceHolder. It may not have an attr::worldContext(), or a module that provides it may not be linked into the application.
12-07 11:35:29.300 I/HorizonStandalone(10713): Application: initStaticConfigs
12-07 11:35:29.300 I/HorizonStandalone(10713): Config: ConfigChanged: horizon::BuildConfig v2 (LocalConfigChange)
12-07 11:35:29.300 I/HorizonStandalone(10713): Config: ConfigChanged: horizon::RenderConfig v2 (LocalConfigChange)
12-07 11:35:29.300 I/HorizonStandalone(10713): Config: ConfigChanged: horizon::AppPhaseConfig v2 (LocalConfigChange)
12-07 11:35:29.300 I/HorizonStandalone(10713): Config: ConfigChanged: horizon::hmi::HmiConfig v2 (LocalConfigChange)
12-07 11:35:29.301 I/HorizonStandalone(10713): Config: ConfigChanged: horizon::input::InputConfig v2 (LocalConfigChange)
12-07 11:35:29.302 I/HorizonStandalone(10713): Task: Job System Started with a max of 16384 jobs, total memory 0.00mb, static 0.00mb, jobCount related 0.00mb, analytics 0.00 mb
12-07 11:35:29.302 I/HorizonStandalone(10713): Core: Reserving space for executor data
12-07 11:35:29.302 I/HorizonStandalone(10713): Core:  - total thread count : 8
12-07 11:35:29.302 I/HorizonStandalone(10713): Core:  - num sync threads : 2
12-07 11:35:29.302 I/HorizonStandalone(10713): Core:  - num async threads : 4
12-07 11:35:29.302 I/HorizonStandalone(10713): Core:  - num high cpu async threads : 1
12-07 11:35:29.302 I/HorizonStandalone(10713): Core:  - num interrupt threads : 1
12-07 11:35:29.302 I/HorizonStandalone(10713): Core: HSR CPU executor initialized with 2 Sync Threads - std::thread::hardware_concurrency reports 6 concurrent threads supported
12-07 11:35:29.302 I/HorizonStandalone(10713): Core: HSR CPU executor initialized with 4 Async Threads - std::thread::hardware_concurrency reports 6 concurrent threads supported
12-07 11:35:29.302 I/HorizonStandalone(10713): Core: HSR CPU executor initialized with 1 High Cpu Async Threads - std::thread::hardware_concurrency reports 6 concurrent threads supported
12-07 11:35:29.302 I/HorizonStandalone(10713): Core: HSR CPU executor initialized with 1 Interrupt Threads - std::thread::hardware_concurrency reports 6 concurrent threads supported
12-07 11:35:29.302 I/HorizonStandalone(10713): Core: Initializing thread HSR:Sync-0[11043] with priority 1
12-07 11:35:29.302 I/HorizonStandalone(10713): Core: Initializing thread HSR:Sync-1[11044] with priority 1
12-07 11:35:29.302 I/HorizonStandalone(10713): Core: Initializing thread HSR:Async-0[11045] with priority 0
12-07 11:35:29.302 I/HorizonStandalone(10713): Core: Initializing thread HSR:Async-1[11046] with priority 0
12-07 11:35:29.303 I/HorizonStandalone(10713): Core: Initializing thread HSR:Async-2[11047] with priority 0
12-07 11:35:29.303 I/HorizonStandalone(10713): Core: NativeTaskExecutor initialized using 0.00mb allowing a maximum of 16384 tasks
12-07 11:35:29.303 I/HorizonStandalone(10713): Core: Initializing thread HSR:Async-3[11048] with priority 0
12-07 11:35:29.303 I/HorizonStandalone(10713): Core: Initializing thread HSR:Inter-0[11050] with priority 2
12-07 11:35:29.303 I/HorizonStandalone(10713): Core: Initializing thread HSR:CpuAsync-0[11049] with priority 0
12-07 11:35:29.303 I/HorizonStandalone(10713): Application: Starting up platform
12-07 11:35:29.309 E/TrackedObjectManager( 2832): Failed to connect to TrackedObjectService with error Status(-129, EX_TRANSACTION_FAILED): 'DEAD_OBJECT: '
12-07 11:35:29.309 W/OSDynamicObjectDataQuerier( 2832): Attempted to start tracking objects when tracker was already started
12-07 11:35:29.309 E/TrackedObjectManager( 2832): Failed to connect to TrackedObjectService with error Status(-129, EX_TRANSACTION_FAILED): 'DEAD_OBJECT: '
12-07 11:35:29.309 E/TrackedObjectManager( 2832): Failed to start tracking keyboard object with error Status(-129, EX_TRANSACTION_FAILED): 'DEAD_OBJECT: '
12-07 11:35:29.323 E/TrackedObjectManager( 2832): Failed to connect to TrackedObjectService with error Status(-129, EX_TRANSACTION_FAILED): 'DEAD_OBJECT: '
12-07 11:35:29.323 W/OSDynamicObjectDataQuerier( 2832): Attempted to start tracking objects when tracker was already started
12-07 11:35:29.323 E/TrackedObjectManager( 2832): Failed to connect to TrackedObjectService with error Status(-129, EX_TRANSACTION_FAILED): 'DEAD_OBJECT: '
12-07 11:35:29.323 E/TrackedObjectManager( 2832): Failed to start tracking keyboard object with error Status(-129, EX_TRANSACTION_FAILED): 'DEAD_OBJECT: '
12-07 11:35:29.336 E/TrackedObjectManager( 2832): Failed to connect to TrackedObjectService with error Status(-129, EX_TRANSACTION_FAILED): 'DEAD_OBJECT: '
12-07 11:35:29.336 W/OSDynamicObjectDataQuerier( 2832): Attempted to start tracking objects when tracker was already started
12-07 11:35:29.336 E/TrackedObjectManager( 2832): Failed to connect to TrackedObjectService with error Status(-129, EX_TRANSACTION_FAILED): 'DEAD_OBJECT: '
12-07 11:35:29.337 E/TrackedObjectManager( 2832): Failed to start tracking keyboard object with error Status(-129, EX_TRANSACTION_FAILED): 'DEAD_OBJECT: '
12-07 11:35:29.344 I/HorizonStandalone(10713): Application: Memory status: Total Memory: 232184 KB, Used Memory: 22482 KB
12-07 11:35:29.344 I/HorizonStandalone(10713): Application: Skipping lifecycle analytics event ApplicationPreExecHeadComplete due to event bus get failure (ErrorNotFound)
12-07 11:35:29.344 I/HorizonStandalone(10713): Application: Starting up module manager
12-07 11:35:29.344 I/HorizonStandalone(10713): Hmi: Initialize started
12-07 11:35:29.344 I/HorizonStandalone(10713): Hmi: Initialize complete
12-07 11:35:29.344 I/HorizonStandalone(10713): Application: Callback called at Startup End for HmiModule
12-07 11:35:29.344 I/HorizonStandalone(10713): Application: Creating World
12-07 11:35:29.346 W/HorizonStandalone(10713): Input: No input modes specified
12-07 11:35:29.346 I/HorizonStandalone(10713): Input: Registering input class horizon::DefaultMenuInput
12-07 11:35:29.347 I/HorizonStandalone(10713): Input: Registering input class horizon::WorldsMenuInput
12-07 11:35:29.347 W/HorizonStandalone(10713): Input: Registering an input class (horizon::WorldsMenuInput) with no inputClassBindings entry in inputConfig.
12-07 11:35:29.347 I/HorizonStandalone(10713): Input: Registering input class horizon::hmi_input_structures::EmbodimentInputState
12-07 11:35:29.347 I/HorizonStandalone(10713): Input: Registering input class horizon::hmi_input_structures::HandGestureInputState
12-07 11:35:29.347 I/HorizonStandalone(10713): Input: Registering input class horizon::input::DeveloperInput
12-07 11:35:29.348 I/HorizonStandalone(10713): Input: Registering input class horizon::player_input::DefaultGameplayInput
12-07 11:35:29.348 I/HorizonStandalone(10713): Input: Registering input class horizon::player_input::DefaultMoveInput
12-07 11:35:29.349 I/HorizonStandalone(10713): Config: ConfigChanged: horizon::input::InputConfig v3 (LocalConfigChange)
12-07 11:35:29.349 I/HorizonStandalone(10713): World: Beginning automatic registration of flecs components.
12-07 11:35:29.350 E/TrackedObjectManager( 2832): Failed to connect to TrackedObjectService with error Status(-129, EX_TRANSACTION_FAILED): 'DEAD_OBJECT: '
12-07 11:35:29.350 W/OSDynamicObjectDataQuerier( 2832): Attempted to start tracking objects when tracker was already started
12-07 11:35:29.350 E/TrackedObjectManager( 2832): Failed to connect to TrackedObjectService with error Status(-129, EX_TRANSACTION_FAILED): 'DEAD_OBJECT: '
12-07 11:35:29.350 E/TrackedObjectManager( 2832): Failed to start tracking keyboard object with error Status(-129, EX_TRANSACTION_FAILED): 'DEAD_OBJECT: '
12-07 11:35:29.351 I/MRSS    ( 1157): BOLT:HexagonTelemetry: Global DSP utilization: 21.87% (1094 / 5002 ms), Scalar Util: 61.60%, HVX Util: 55.88%, HMX Util: 23.65%, DMA Active: 0.00%, Freq: 1171.2 MHz
12-07 11:35:29.351 I/MRSS    ( 1157): boltlib: Logging Rpc stats (detailed=false, onAbort=false)
12-07 11:35:29.351 I/MRSS    ( 1157): boltlib: DSP Rpc stats over 5002 ms: {"HexagonCvpPreprocessorCompute":150,"unnamed_et0":150}
12-07 11:35:29.354 I/HorizonStandalone(10713): World: Automatic registration of flecs components is complete.
12-07 11:35:29.356 W/HorizonStandalone(10713): Input: No initial input mode specified
12-07 11:35:29.358 I/HorizonStandalone(10713): Application: onWorldCreateEvent
12-07 11:35:29.358 I/HorizonStandalone(10713): Application: AetherModule.cpp::onWorldCreateEvent():: constucted instance of AetherSplatRendererSystem successfully
12-07 11:35:29.358 I/HorizonStandalone(10713): Renderer: SplatRendererFramework::startup
12-07 11:35:29.358 I/HorizonStandalone(10713): Hmi: Post initialize started
12-07 11:35:29.358 I/HorizonStandalone(10713): Hmi: CrossPlatformPerfMetrics not logging analytics - Analytics module not available
12-07 11:35:29.358 I/HorizonStandalone(10713): Hmi: CrossPlatformPerfMetrics initialized (analytics: disabled, event: hsr_base_perf_warnings)
12-07 11:35:29.358 I/HorizonStandalone(10713): Hmi: Post initialize complete
12-07 11:35:29.358 I/HorizonStandalone(10713): Hmi: ContextStartupJob execute
12-07 11:35:29.358 I/HorizonStandalone(10713): Application: Skipping lifecycle analytics event ModulesPostStartupComplete due to event bus get failure (ErrorNotFound)
12-07 11:35:29.358 I/HorizonStandalone(10713): Application: Starting up the application
12-07 11:35:29.358 I/HorizonStandalone(10713): Application: startup()
12-07 11:35:29.358 V/OpenXR-Loader(10713): Verbose [GENERAL | xrInitializeLoaderKHR | OpenXR-Loader] : Entering loader trampoline
12-07 11:35:29.358 V/OpenXR-Loader(10713): Verbose [GENERAL | InitializeLoaderInitData | OpenXR-Loader] : Unloading any previously loaded runtime
12-07 11:35:29.359 I/HorizonStandalone(10713): Application: App Name: Aether Application
12-07 11:35:29.359 V/OpenXR-Loader(10713): Verbose [GENERAL | xrEnumerateInstanceExtensionProperties | OpenXR-Loader] : Entering loader trampoline
12-07 11:35:29.359 I/HorizonStandalone(10713): Application: App Version: 
12-07 11:35:29.359 I/HorizonStandalone(10713): Application: HSR Version: 
12-07 11:35:29.359 I/HorizonStandalone(10713): Application: App Id: 7235633249785169
12-07 11:35:29.359 I/HorizonStandalone(10713): Application: Facebook App Id: 
12-07 11:35:29.359 I/HorizonStandalone(10713): Application: Commit: 
12-07 11:35:29.359 I/HorizonStandalone(10713): Application: Standalone Quest App Id: 7235633249785169
12-07 11:35:29.359 I/HorizonStandalone(10713): Application: Standalone Rift App Id: 6651547741534515
12-07 11:35:29.359 I/HorizonStandalone(10713): Application: Run in CI: false
12-07 11:35:29.359 I/HorizonStandalone(10713): Application: Run in FB Infra: false
12-07 11:35:29.359 I/HorizonStandalone(10713): Application: Build Set Id: 
12-07 11:35:29.359 I/HorizonStandalone(10713): Application: Skipping lifecycle analytics event InformationalStartupComplete due to event bus get failure (ErrorNotFound)
12-07 11:35:29.359 I/HorizonStandalone(10713): Application: Skipping lifecycle analytics event ApplicationPreExecComplete due to event bus get failure (ErrorNotFound)
12-07 11:35:29.359 I/HorizonStandalone(10713): Application: Skipping lifecycle analytics event AppStartComplete due to event bus get failure (ErrorNotFound)
12-07 11:35:29.359 I/HorizonStandalone(10713): Application: Skipping lifecycle analytics event TelemetryValidation due to event bus get failure (ErrorNotFound)
12-07 11:35:29.359 I/HorizonStandalone(10713): Application: Running the platform
12-07 11:35:29.359 I/HorizonStandalone(10713): Core: installed exit handler
12-07 11:35:29.359 I/OpenXR-Loader(10713): getActiveRuntimeCursor: Querying URI: content://org.khronos.openxr.runtime_broker/openxr/1/abi/arm64-v8a/runtimes/active
12-07 11:35:29.362 W/OpenXR-Loader(10713): Null cursor when querying installable content resolver.
12-07 11:35:29.362 I/OpenXR-Loader(10713): getActiveRuntimeCursor: Querying URI: content://org.khronos.openxr.system_runtime_broker/openxr/1/abi/arm64-v8a/runtimes/active
12-07 11:35:29.364 W/OpenXR-Loader(10713): Null cursor when querying system content resolver.
12-07 11:35:29.364 E/OpenXR-Loader(10713): Could access neither the installable nor system runtime broker.
12-07 11:35:29.364 I/OpenXR-Loader(10713): Info [GENERAL | xrEnumerateInstanceExtensionProperties | OpenXR-Loader] : RuntimeManifestFile::FindManifestFiles - using global runtime file /odm/etc/openxr/1/active_runtime.aarch64.json
12-07 11:35:29.364 I/OpenXR-Loader(10713): Info [GENERAL |  | OpenXR-Loader] : RuntimeManifestFile::CreateIfValid - attempting to load /odm/etc/openxr/1/active_runtime.aarch64.json
12-07 11:35:29.364 E/TrackedObjectManager( 2832): Failed to connect to TrackedObjectService with error Status(-129, EX_TRANSACTION_FAILED): 'DEAD_OBJECT: '
12-07 11:35:29.364 W/OSDynamicObjectDataQuerier( 2832): Attempted to start tracking objects when tracker was already started
12-07 11:35:29.364 E/TrackedObjectManager( 2832): Failed to connect to TrackedObjectService with error Status(-129, EX_TRANSACTION_FAILED): 'DEAD_OBJECT: '
12-07 11:35:29.364 E/TrackedObjectManager( 2832): Failed to start tracking keyboard object with error Status(-129, EX_TRANSACTION_FAILED): 'DEAD_OBJECT: '
12-07 11:35:29.368 I/OpenXR-Loader(10713): Info [GENERAL | xrEnumerateInstanceExtensionProperties | OpenXR-Loader] : RuntimeInterface::LoadRuntime forwarding xrInitializeLoaderKHR call to runtime before calling xrNegotiateLoaderRuntimeInterface.
12-07 11:35:29.368 V/OpenXR  (10713): OpenXRForwardLoader::xrInitializeLoaderKHR [start]
12-07 11:35:29.374 D/ApplicationLoaders(10713): Returning zygote-cached class loader: /system/framework/android.test.base.jar
12-07 11:35:29.374 D/ApplicationLoaders(10713): Returning zygote-cached class loader: /system/framework/android.hidl.manager-V1.0-java.jar
12-07 11:35:29.374 D/ApplicationLoaders(10713): Returning zygote-cached class loader: /system/framework/android.hidl.base-V1.0-java.jar
12-07 11:35:29.378 E/TrackedObjectManager( 2832): Failed to connect to TrackedObjectService with error Status(-129, EX_TRANSACTION_FAILED): 'DEAD_OBJECT: '
12-07 11:35:29.378 W/OSDynamicObjectDataQuerier( 2832): Attempted to start tracking objects when tracker was already started
12-07 11:35:29.378 E/TrackedObjectManager( 2832): Failed to connect to TrackedObjectService with error Status(-129, EX_TRANSACTION_FAILED): 'DEAD_OBJECT: '
12-07 11:35:29.378 E/TrackedObjectManager( 2832): Failed to start tracking keyboard object with error Status(-129, EX_TRANSACTION_FAILED): 'DEAD_OBJECT: '
12-07 11:35:29.379 D/nativeloader(10713): Configuring clns-shared-7 for other apk /system/framework/org.apache.http.legacy.jar. target_sdk_version=24, uses_libraries=ALL, library_path=/apex/com.meta.xr/priv-app/VrDriver/lib/arm64:/apex/com.meta.xr/priv-app/VrDriver/VrDriver.apk!/lib/arm64-v8a:/system/lib64:/system_ext/lib64:/apex/com.meta.xr/priv-app/VrDriver/VrDriver.apk!/lib/arm64-v8a, permitted_path=/data:/mnt/expand::/apex/com.meta.xr/priv-app/VrDriver:/system/lib64:/system_ext/lib64
12-07 11:35:29.379 D/nativeloader(10713): Extending system_exposed_libraries: libaudiotapper.oculus.so:libcalibrationmanager.oculus.so:libheadtracker.oculus.so:libinstsamp.oculus.so:libossdk.oculus.so:libparfait.oculus.so:libripcclient.oculus.so:libripcmanager.oculus.so:libsystemsensoraccess.oculus.so:libappsensoraccess.oculus.so:libOVRMrcLib.oculus.so:libxrstreaminghost.oculus.so:libhzos.meta.so:libhzos_featurejournal.meta.so:libhzos_gaze.meta.so:libhzos_orthofit.meta.so:libhzos_reportstatsevent.meta.so:libhzos_spaces.meta.so:libhzos_trackedinput.meta.so:libhzos_trackingclient.meta.so
12-07 11:35:29.379 I/AppsFilter( 1971): interaction: PackageSetting{368c806 com.example.moonlight_spatialsdk/10176} -> PackageSetting{9ff146a com.android.cts.priv.ctsshim/10005} BLOCKED
12-07 11:35:29.379 I/AppsFilter( 1971): interaction: PackageSetting{368c806 com.example.moonlight_spatialsdk/10176} -> PackageSetting{835210e com.oculus.avatareditor/10085} BLOCKED
12-07 11:35:29.380 I/AppsFilter( 1971): interaction: PackageSetting{368c806 com.example.moonlight_spatialsdk/10176} -> PackageSetting{ed739f8 com.oculus.updater/10075} BLOCKED
12-07 11:35:29.380 I/AppsFilter( 1971): interaction: PackageSetting{368c806 com.example.moonlight_spatialsdk/10176} -> PackageSetting{e032f69 com.sulivan.voicechat/10167} BLOCKED
12-07 11:35:29.380 I/AppsFilter( 1971): interaction: PackageSetting{368c806 com.example.moonlight_spatialsdk/10176} -> PackageSetting{e82c878 com.Norainu.MetacityPatrol/10168} BLOCKED
12-07 11:35:29.380 I/AppsFilter( 1971): interaction: PackageSetting{368c806 com.example.moonlight_spatialsdk/10176} -> PackageSetting{1f20d36 com.oculus.magicislandcastingservice/10059} BLOCKED
12-07 11:35:29.380 I/AppsFilter( 1971): interaction: PackageSetting{368c806 com.example.moonlight_spatialsdk/10176} -> PackageSetting{1da4437 com.oculus.captionservice/10076} BLOCKED
12-07 11:35:29.380 I/AppsFilter( 1971): interaction: PackageSetting{368c806 com.example.moonlight_spatialsdk/10176} -> PackageSetting{d85872f com.meta.rl.trust.service/10080} BLOCKED
12-07 11:35:29.380 I/AppsFilter( 1971): interaction: PackageSetting{368c806 com.example.moonlight_spatialsdk/10176} -> PackageSetting{f49c6c2 com.ubisoft.StarTrekTNG/10156} BLOCKED
12-07 11:35:29.380 I/AppsFilter( 1971): interaction: PackageSetting{368c806 com.example.moonlight_spatialsdk/10176} -> PackageSetting{904ecd3 com.tripp.tripp_client_unity/10169} BLOCKED
12-07 11:35:29.380 I/AppsFilter( 1971): interaction: PackageSetting{368c806 com.example.moonlight_spatialsdk/10176} -> PackageSetting{b1c1bdd com.facebook.horizon/10118} BLOCKED
12-07 11:35:29.380 I/AppsFilter( 1971): interaction: PackageSetting{368c806 com.example.moonlight_spatialsdk/10176} -> PackageSetting{de2709 com.oculus.browser/10101} BLOCKED
12-07 11:35:29.380 I/AppsFilter( 1971): interaction: PackageSetting{368c806 com.example.moonlight_spatialsdk/10176} -> PackageSetting{8718d0e com.android.htmlviewer/10031} BLOCKED
12-07 11:35:29.380 I/AppsFilter( 1971): interaction: PackageSetting{368c806 com.example.moonlight_spatialsdk/10176} -> PackageSetting{827832f com.whatsapp/10114} BLOCKED
12-07 11:35:29.380 I/AppsFilter( 1971): interaction: PackageSetting{368c806 com.example.moonlight_spatialsdk/10176} -> PackageSetting{8255d3c com.oculus.cvp/10094} BLOCKED
12-07 11:35:29.380 I/AppsFilter( 1971): interaction: PackageSetting{368c806 com.example.moonlight_spatialsdk/10176} -> PackageSetting{2b92ac5 com.oculus.systemintelligence/10153} BLOCKED
12-07 11:35:29.380 I/AppsFilter( 1971): interaction: PackageSetting{368c806 com.example.moonlight_spatialsdk/10176} -> PackageSetting{d3d6c1a com.meta.curio.toybox/10117} BLOCKED
12-07 11:35:29.380 I/AppsFilter( 1971): interaction: PackageSetting{368c806 com.example.moonlight_spatialsdk/10176} -> PackageSetting{33234b com.meta.shell.env.vista.focused/10166} BLOCKED
12-07 11:35:29.380 I/AppsFilter( 1971): interaction: PackageSetting{368c806 com.example.moonlight_spatialsdk/10176} -> PackageSetting{1891128 com.meta.curio.ruler/10111} BLOCKED
12-07 11:35:29.380 I/AppsFilter( 1971): interaction: PackageSetting{368c806 com.example.moonlight_spatialsdk/10176} -> PackageSetting{786ae41 com.oculus.accountscenter/10107} BLOCKED
12-07 11:35:29.380 I/AppsFilter( 1971): interaction: PackageSetting{368c806 com.example.moonlight_spatialsdk/10176} -> PackageSetting{9ca1c4e com.oculus.identitymanagement.service/10063} BLOCKED
12-07 11:35:29.380 I/AppsFilter( 1971): interaction: PackageSetting{368c806 com.example.moonlight_spatialsdk/10176} -> PackageSetting{4b62fe6 com.TacticalNounours.QuantumVoid/10143} BLOCKED
12-07 11:35:29.380 I/AppsFilter( 1971): interaction: PackageSetting{368c806 com.example.moonlight_spatialsdk/10176} -> PackageSetting{60ea927 VirtualDesktop.Android/10161} BLOCKED
12-07 11:35:29.380 I/AppsFilter( 1971): interaction: PackageSetting{368c806 com.example.moonlight_spatialsdk/10176} -> PackageSetting{6f217d4 com.oculus.loneechoavalanche/10165} BLOCKED
12-07 11:35:29.380 I/AppsFilter( 1971): interaction: PackageSetting{368c806 com.example.moonlight_spatialsdk/10176} -> PackageSetting{a4eed7d com.oculus.settings.rro/10119} BLOCKED
12-07 11:35:29.380 I/AppsFilter( 1971): interaction: PackageSetting{368c806 com.example.moonlight_spatialsdk/10176} -> PackageSetting{ba56472 com.meta.AccountsCenter.pwa/10098} BLOCKED
12-07 11:35:29.380 I/AppsFilter( 1971): interaction: PackageSetting{368c806 com.example.moonlight_spatialsdk/10176} -> PackageSetting{5636352 com.oculus.facebook/10113} BLOCKED
12-07 11:35:29.380 I/AppsFilter( 1971): interaction: PackageSetting{368c806 com.example.moonlight_spatialsdk/10176} -> PackageSetting{d42dd40 com.meta.android.rro/10001} BLOCKED
12-07 11:35:29.380 I/AppsFilter( 1971): interaction: PackageSetting{368c806 com.example.moonlight_spatialsdk/10176} -> PackageSetting{461e479 com.oculus.integrity/10051} BLOCKED
12-07 11:35:29.380 I/AppsFilter( 1971): interaction: PackageSetting{368c806 com.example.moonlight_spatialsdk/10176} -> PackageSetting{fe155be com.android.connectivity.resources/10008} BLOCKED
12-07 11:35:29.380 I/AppsFilter( 1971): interaction: PackageSetting{368c806 com.example.moonlight_spatialsdk/10176} -> PackageSetting{a05961f com.android.modulemetadata/10040} BLOCKED
12-07 11:35:29.380 I/AppsFilter( 1971): interaction: PackageSetting{368c806 com.example.moonlight_spatialsdk/10176} -> PackageSetting{3188d6c com.twistedpixelgames.PILO/10175} BLOCKED
12-07 11:35:29.380 I/AppsFilter( 1971): interaction: PackageSetting{368c806 com.example.moonlight_spatialsdk/10176} -> PackageSetting{a134f35 al.quest.pickleball.forfunlabs/10172} BLOCKED
12-07 11:35:29.381 I/AppsFilter( 1971): interaction: PackageSetting{368c806 com.example.moonlight_spatialsdk/10176} -> PackageSetting{4590fca com.oculus.panelapp.kiosk/10038} BLOCKED
12-07 11:35:29.381 I/AppsFilter( 1971): interaction: PackageSetting{368c806 com.example.moonlight_spatialsdk/10176} -> PackageSetting{cf7753b com.oculus.panelapp.settings/10079} BLOCKED
12-07 11:35:29.381 I/AppsFilter( 1971): interaction: PackageSetting{368c806 com.example.moonlight_spatialsdk/10176} -> PackageSetting{e65113c com.oculus.systemutilities/10048} BLOCKED
12-07 11:35:29.381 I/AppsFilter( 1971): interaction: PackageSetting{368c806 com.example.moonlight_spatialsdk/10176} -> PackageSetting{736a9b1 com.CortopiaStudios.Graves/10145} BLOCKED
12-07 11:35:29.381 I/AppsFilter( 1971): interaction: PackageSetting{368c806 com.example.moonlight_spatialsdk/10176} -> PackageSetting{9e05e96 com.oculus.firsttimenux/10034} BLOCKED
12-07 11:35:29.381 I/AppsFilter( 1971): interaction: PackageSetting{368c806 com.example.moonlight_spatialsdk/10176} -> PackageSetting{cb0cec5 com.oculus.store/10088} BLOCKED
12-07 11:35:29.381 I/AppsFilter( 1971): interaction: PackageSetting{368c806 com.example.moonlight_spatialsdk/10176} -> PackageSetting{b51e04 com.meta.samples.NorthStar/10149} BLOCKED
12-07 11:35:29.381 I/AppsFilter( 1971): interaction: PackageSetting{368c806 com.example.moonlight_spatialsdk/10176} -> PackageSetting{75b2fed com.oculus.socialplatform/10103} BLOCKED
12-07 11:35:29.381 I/AppsFilter( 1971): interaction: PackageSetting{368c806 com.example.moonlight_spatialsdk/10176} -> PackageSetting{8bbce22 com.oculus.horizonmediaplayer/10108} BLOCKED
12-07 11:35:29.381 I/AppsFilter( 1971): interaction: PackageSetting{368c806 com.example.moonlight_spatialsdk/10176} -> PackageSetting{11150b3 com.android.webview/10042} BLOCKED
12-07 11:35:29.381 I/AppsFilter( 1971): interaction: PackageSetting{368c806 com.example.moonlight_spatialsdk/10176} -> PackageSetting{8681670 com.oculus.vrprivacycheckup/10110} BLOCKED
12-07 11:35:29.381 I/AppsFilter( 1971): interaction: PackageSetting{368c806 com.example.moonlight_spatialsdk/10176} -> PackageSetting{5c7dde9 com.meta.shell.env.vista.central/10160} BLOCKED
12-07 11:35:29.381 I/AppsFilter( 1971): interaction: PackageSetting{368c806 com.example.moonlight_spatialsdk/10176} -> PackageSetting{6ecaa6e com.oculus.panelapp.library/10049} BLOCKED
12-07 11:35:29.381 I/AppsFilter( 1971): interaction: PackageSetting{368c806 com.example.moonlight_spatialsdk/10176} -> PackageSetting{dc6450f horizon.platform.providers/10137} BLOCKED
12-07 11:35:29.381 I/AppsFilter( 1971): interaction: PackageSetting{368c806 com.example.moonlight_spatialsdk/10176} -> PackageSetting{f10299c com.oculus.systemresource/10097} BLOCKED
12-07 11:35:29.381 I/AppsFilter( 1971): interaction: PackageSetting{368c806 com.example.moonlight_spatialsdk/10176} -> PackageSetting{1376fa5 com.microsoft.rdc.androidx/10157} BLOCKED
12-07 11:35:29.381 I/AppsFilter( 1971): interaction: PackageSetting{368c806 com.example.moonlight_spatialsdk/10176} -> PackageSetting{73cff7a com.gameboomvr.CookingSimulatorVR/10152} BLOCKED
12-07 11:35:29.381 I/AppsFilter( 1971): interaction: PackageSetting{368c806 com.example.moonlight_spatialsdk/10176} -> PackageSetting{d2c232b com.oculus.guardiansetup/10142} BLOCKED
12-07 11:35:29.381 I/AppsFilter( 1971): interaction: PackageSetting{368c806 com.example.moonlight_spatialsdk/10176} -> PackageSetting{7a6401a com.oculus.hzosgallery/10121} BLOCKED
12-07 11:35:29.381 I/AppsFilter( 1971): interaction: PackageSetting{368c806 com.example.moonlight_spatialsdk/10176} -> PackageSetting{f546121 horizon.platform.service/10140} BLOCKED
12-07 11:35:29.381 I/AppsFilter( 1971): interaction: PackageSetting{368c806 com.example.moonlight_spatialsdk/10176} -> PackageSetting{d0b9946 horizonos.theme.quest.rro/10037} BLOCKED
12-07 11:35:29.381 I/AppsFilter( 1971): interaction: PackageSetting{368c806 com.example.moonlight_spatialsdk/10176} -> PackageSetting{8c7c707 com.oculus.os.qrcodereader/10057} BLOCKED
12-07 11:35:29.381 I/AppsFilter( 1971): interaction: PackageSetting{368c806 com.example.moonlight_spatialsdk/10176} -> PackageSetting{ca32248 com.android.wifi.resources/10003} BLOCKED
12-07 11:35:29.381 I/AppsFilter( 1971): interaction: PackageSetting{368c806 com.example.moonlight_spatialsdk/10176} -> PackageSetting{21e1034 com.meta.mqdh.mqdhservice/10174} BLOCKED
12-07 11:35:29.381 I/AppsFilter( 1971): interaction: PackageSetting{368c806 com.example.moonlight_spatialsdk/10176} -> PackageSetting{bf4ee5d com.oculus.systemux/10066} BLOCKED
12-07 11:35:29.381 I/AppsFilter( 1971): interaction: PackageSetting{368c806 com.example.moonlight_spatialsdk/10176} -> PackageSetting{d803d2 com.meta.surfacetypingnux/10151} BLOCKED
12-07 11:35:29.381 I/AppsFilter( 1971): interaction: PackageSetting{368c806 com.example.moonlight_spatialsdk/10176} -> PackageSetting{38fcca3 com.oculus.oemconfig/10036} BLOCKED
12-07 11:35:29.381 I/AppsFilter( 1971): interaction: PackageSetting{368c806 com.example.moonlight_spatialsdk/10176} -> PackageSetting{da5fba0 com.meta.handseducationmodule/10104} BLOCKED
12-07 11:35:29.381 I/AppsFilter( 1971): interaction: PackageSetting{368c806 com.example.moonlight_spatialsdk/10176} -> PackageSetting{171359 com.oculus.remotedesktop/10109} BLOCKED
12-07 11:35:29.381 I/AppsFilter( 1971): interaction: PackageSetting{368c806 com.example.moonlight_spatialsdk/10176} -> PackageSetting{18e8b1e com.meta.federatedcomputing.oculus/10067} BLOCKED
12-07 11:35:29.381 I/AppsFilter( 1971): interaction: PackageSetting{368c806 com.example.moonlight_spatialsdk/10176} -> PackageSetting{f488fff com.oculus.q4bservice/10039} BLOCKED
12-07 11:35:29.381 I/AppsFilter( 1971): interaction: PackageSetting{368c806 com.example.moonlight_spatialsdk/10176} -> PackageSetting{bff31cc com.oculus.guidebook/10099} BLOCKED
12-07 11:35:29.381 I/AppsFilter( 1971): interaction: PackageSetting{368c806 com.example.moonlight_spatialsdk/10176} -> PackageSetting{c9c8c15 horizonos.supplement.metauniverse.libraryapk/10150} BLOCKED
12-07 11:35:29.381 I/AppsFilter( 1971): interaction: PackageSetting{368c806 com.example.moonlight_spatialsdk/10176} -> PackageSetting{e943b2a com.oculus.igvr/10116} BLOCKED
12-07 11:35:29.381 I/AppsFilter( 1971): interaction: PackageSetting{368c806 com.example.moonlight_spatialsdk/10176} -> PackageSetting{ba02d1b com.oculus.mrds/10087} BLOCKED
12-07 11:35:29.381 I/AppsFilter( 1971): interaction: PackageSetting{368c806 com.example.moonlight_spatialsdk/10176} -> PackageSetting{ed39eb8 com.AnotherAxiom.A2/10070} BLOCKED
12-07 11:35:29.381 I/AppsFilter( 1971): interaction: PackageSetting{368c806 com.example.moonlight_spatialsdk/10176} -> PackageSetting{76d674b com.facebook.orca/10112} BLOCKED
12-07 11:35:29.381 I/AppsFilter( 1971): interaction: PackageSetting{368c806 com.example.moonlight_spatialsdk/10176} -> PackageSetting{692dff6 com.facebook.workrooms/10163} BLOCKED
12-07 11:35:29.381 I/AppsFilter( 1971): interaction: PackageSetting{368c806 com.example.moonlight_spatialsdk/10176} -> PackageSetting{b0a7ff7 quest.eleven.forfunlabs/10171} BLOCKED
12-07 11:35:29.381 I/AppsFilter( 1971): interaction: PackageSetting{368c806 com.example.moonlight_spatialsdk/10176} -> PackageSetting{67fee64 com.oculus.tv/10091} BLOCKED
12-07 11:35:29.381 I/AppsFilter( 1971): interaction: PackageSetting{368c806 com.example.moonlight_spatialsdk/10176} -> PackageSetting{47328cd com.oculus.panelapp.devicepairing/10138} BLOCKED
12-07 11:35:29.381 I/AppsFilter( 1971): interaction: PackageSetting{368c806 com.example.moonlight_spatialsdk/10176} -> PackageSetting{7050582 com.oculus.userserver2/10058} BLOCKED
12-07 11:35:29.381 I/AppsFilter( 1971): interaction: PackageSetting{368c806 com.example.moonlight_spatialsdk/10176} -> PackageSetting{95d2493 com.netflix.ninja.vr/10006} BLOCKED
12-07 11:35:29.381 I/AppsFilter( 1971): interaction: PackageSetting{368c806 com.example.moonlight_spatialsdk/10176} -> PackageSetting{6da517f com.meta.worlds/10139} BLOCKED
12-07 11:35:29.381 I/AppsFilter( 1971): interaction: PackageSetting{368c806 com.example.moonlight_spatialsdk/10176} -> PackageSetting{e1684c9 com.android.bookmarkprovider/10027} BLOCKED
12-07 11:35:29.381 I/AppsFilter( 1971): interaction: PackageSetting{368c806 com.example.moonlight_spatialsdk/10176} -> PackageSetting{881f7ce com.oculus.guardianresources/10030} BLOCKED
12-07 11:35:29.381 I/AppsFilter( 1971): interaction: PackageSetting{368c806 com.example.moonlight_spatialsdk/10176} -> PackageSetting{2b76ef com.oculus.guardian/10073} BLOCKED
12-07 11:35:29.381 I/AppsFilter( 1971): interaction: PackageSetting{368c806 com.example.moonlight_spatialsdk/10176} -> PackageSetting{c98a5fc com.oculus.explore/10096} BLOCKED
12-07 11:35:29.381 I/AppsFilter( 1971): interaction: PackageSetting{368c806 com.example.moonlight_spatialsdk/10176} -> PackageSetting{c79a485 com.meta.hpiassets/10155} BLOCKED
12-07 11:35:29.381 I/AppsFilter( 1971): interaction: PackageSetting{368c806 com.example.moonlight_spatialsdk/10176} -> PackageSetting{2405539 com.android.cts.ctsshim/10127} BLOCKED
12-07 11:35:29.381 I/AppsFilter( 1971): interaction: PackageSetting{368c806 com.example.moonlight_spatialsdk/10176} -> PackageSetting{3c9c2da com.oculus.q4b.mdm/10041} BLOCKED
12-07 11:35:29.381 I/AppsFilter( 1971): interaction: PackageSetting{368c806 com.example.moonlight_spatialsdk/10176} -> PackageSetting{4e2930b com.meta.shell.env.footprint.haven2025/10159} BLOCKED
12-07 11:35:29.381 I/AppsFilter( 1971): interaction: PackageSetting{368c806 com.example.moonlight_spatialsdk/10176} -> PackageSetting{2c825e8 Immersed.quest/10162} BLOCKED
12-07 11:35:29.381 I/AppsFilter( 1971): interaction: PackageSetting{368c806 com.example.moonlight_spatialsdk/10176} -> PackageSetting{4350401 com.oculus.permissioncontroller.rro/10000} BLOCKED
12-07 11:35:29.381 I/AppsFilter( 1971): interaction: PackageSetting{368c806 com.example.moonlight_spatialsdk/10176} -> PackageSetting{deb0663 com.valinor/10106} BLOCKED
12-07 11:35:29.381 I/AppsFilter( 1971): interaction: PackageSetting{368c806 com.example.moonlight_spatialsdk/10176} -> PackageSetting{b9132a6 com.meta.environment.prod.nuxd/10033} BLOCKED
12-07 11:35:29.381 I/AppsFilter( 1971): interaction: PackageSetting{368c806 com.example.moonlight_spatialsdk/10176} -> PackageSetting{ca554e7 com.oculus.helpcenter/10105} BLOCKED
12-07 11:35:29.381 I/AppsFilter( 1971): interaction: PackageSetting{368c806 com.example.moonlight_spatialsdk/10176} -> PackageSetting{3edb894 com.android.hotspot2.osulogin/10004} BLOCKED
12-07 11:35:29.381 I/AppsFilter( 1971): interaction: PackageSetting{368c806 com.example.moonlight_spatialsdk/10176} -> PackageSetting{ecdf3d com.camouflaj.manta/10022} BLOCKED
12-07 11:35:29.381 I/AppsFilter( 1971): interaction: PackageSetting{368c806 com.example.moonlight_spatialsdk/10176} -> PackageSetting{70dd332 com.oculus.quickpromotionservice/10082} BLOCKED
12-07 11:35:29.381 I/AppsFilter( 1971): interaction: PackageSetting{368c806 com.example.moonlight_spatialsdk/10176} -> PackageSetting{e100528 com.oculus.paracosmaavalanche/10164} BLOCKED
12-07 11:35:29.382 I/AppsFilter( 1971): interaction: PackageSetting{368c806 com.example.moonlight_spatialsdk/10176} -> PackageSetting{337ca00 com.facebook.arvr.quillplayer/10115} BLOCKED
12-07 11:35:29.382 I/AppsFilter( 1971): interaction: PackageSetting{368c806 com.example.moonlight_spatialsdk/10176} -> PackageSetting{a4d3239 com.LuckyVR.PokerStarsVR/10090} BLOCKED
12-07 11:35:29.382 I/AppsFilter( 1971): interaction: PackageSetting{368c806 com.example.moonlight_spatialsdk/10176} -> PackageSetting{941f07e com.meta.HyperscapeHmdCapture/10158} BLOCKED
12-07 11:35:29.382 I/AppsFilter( 1971): interaction: PackageSetting{368c806 com.example.moonlight_spatialsdk/10176} -> PackageSetting{7cdf9df com.android.captiveportallogin/10028} BLOCKED
12-07 11:35:29.382 I/AppsFilter( 1971): interaction: PackageSetting{368c806 com.example.moonlight_spatialsdk/10176} -> PackageSetting{64f862c com.oculus.panelapp.calendar/10086} BLOCKED
12-07 11:35:29.382 I/AppsFilter( 1971): interaction: PackageSetting{368c806 com.example.moonlight_spatialsdk/10176} -> PackageSetting{cc5b8f5 com.oculus.highwindservice/10141} BLOCKED
12-07 11:35:29.382 I/AppsFilter( 1971): interaction: PackageSetting{368c806 com.example.moonlight_spatialsdk/10176} -> PackageSetting{8cbe995 com.meta.pclinkservice.server/10047} BLOCKED
12-07 11:35:29.382 I/AppsFilter( 1971): interaction: PackageSetting{368c806 com.example.moonlight_spatialsdk/10176} -> PackageSetting{244d918 com.meta.transport/10120} BLOCKED
12-07 11:35:29.382 I/AppsFilter( 1971): interaction: PackageSetting{368c806 com.example.moonlight_spatialsdk/10176} -> PackageSetting{205ef71 com.oculus.configuration/10055} BLOCKED
12-07 11:35:29.387 D/nativeloader(10713): Configuring clns-shared-8 for other apk /apex/com.meta.xr/priv-app/VrDriver/VrDriver.apk. target_sdk_version=24, uses_libraries=, library_path=/apex/com.meta.xr/priv-app/VrDriver/lib/arm64:/apex/com.meta.xr/priv-app/VrDriver/VrDriver.apk!/lib/arm64-v8a:/system/lib64:/system_ext/lib64:/apex/com.meta.xr/priv-app/VrDriver/VrDriver.apk!/lib/arm64-v8a, permitted_path=/data:/mnt/expand::/apex/com.meta.xr/priv-app/VrDriver:/system/lib64:/system_ext/lib64
12-07 11:35:29.387 D/nativeloader(10713): Extending system_exposed_libraries: libaudiotapper.oculus.so:libcalibrationmanager.oculus.so:libheadtracker.oculus.so:libinstsamp.oculus.so:libossdk.oculus.so:libparfait.oculus.so:libripcclient.oculus.so:libripcmanager.oculus.so:libsystemsensoraccess.oculus.so:libappsensoraccess.oculus.so:libOVRMrcLib.oculus.so:libxrstreaminghost.oculus.so:libhzos.meta.so:libhzos_featurejournal.meta.so:libhzos_gaze.meta.so:libhzos_orthofit.meta.so:libhzos_reportstatsevent.meta.so:libhzos_spaces.meta.so:libhzos_trackedinput.meta.so:libhzos_trackingclient.meta.so
12-07 11:35:29.387 I/AppsFilter( 1971): interaction: PackageSetting{368c806 com.example.moonlight_spatialsdk/10176} -> PackageSetting{9ff146a com.android.cts.priv.ctsshim/10005} BLOCKED
12-07 11:35:29.387 I/AppsFilter( 1971): interaction: PackageSetting{368c806 com.example.moonlight_spatialsdk/10176} -> PackageSetting{835210e com.oculus.avatareditor/10085} BLOCKED
12-07 11:35:29.387 I/AppsFilter( 1971): interaction: PackageSetting{368c806 com.example.moonlight_spatialsdk/10176} -> PackageSetting{ed739f8 com.oculus.updater/10075} BLOCKED
12-07 11:35:29.387 I/AppsFilter( 1971): interaction: PackageSetting{368c806 com.example.moonlight_spatialsdk/10176} -> PackageSetting{e032f69 com.sulivan.voicechat/10167} BLOCKED
12-07 11:35:29.387 I/AppsFilter( 1971): interaction: PackageSetting{368c806 com.example.moonlight_spatialsdk/10176} -> PackageSetting{e82c878 com.Norainu.MetacityPatrol/10168} BLOCKED
12-07 11:35:29.387 I/AppsFilter( 1971): interaction: PackageSetting{368c806 com.example.moonlight_spatialsdk/10176} -> PackageSetting{1f20d36 com.oculus.magicislandcastingservice/10059} BLOCKED
12-07 11:35:29.387 I/AppsFilter( 1971): interaction: PackageSetting{368c806 com.example.moonlight_spatialsdk/10176} -> PackageSetting{1da4437 com.oculus.captionservice/10076} BLOCKED
12-07 11:35:29.387 I/AppsFilter( 1971): interaction: PackageSetting{368c806 com.example.moonlight_spatialsdk/10176} -> PackageSetting{d85872f com.meta.rl.trust.service/10080} BLOCKED
12-07 11:35:29.387 I/AppsFilter( 1971): interaction: PackageSetting{368c806 com.example.moonlight_spatialsdk/10176} -> PackageSetting{f49c6c2 com.ubisoft.StarTrekTNG/10156} BLOCKED
12-07 11:35:29.387 I/AppsFilter( 1971): interaction: PackageSetting{368c806 com.example.moonlight_spatialsdk/10176} -> PackageSetting{904ecd3 com.tripp.tripp_client_unity/10169} BLOCKED
12-07 11:35:29.387 I/AppsFilter( 1971): interaction: PackageSetting{368c806 com.example.moonlight_spatialsdk/10176} -> PackageSetting{b1c1bdd com.facebook.horizon/10118} BLOCKED
12-07 11:35:29.388 I/AppsFilter( 1971): interaction: PackageSetting{368c806 com.example.moonlight_spatialsdk/10176} -> PackageSetting{de2709 com.oculus.browser/10101} BLOCKED
12-07 11:35:29.388 I/AppsFilter( 1971): interaction: PackageSetting{368c806 com.example.moonlight_spatialsdk/10176} -> PackageSetting{8718d0e com.android.htmlviewer/10031} BLOCKED
12-07 11:35:29.388 I/AppsFilter( 1971): interaction: PackageSetting{368c806 com.example.moonlight_spatialsdk/10176} -> PackageSetting{827832f com.whatsapp/10114} BLOCKED
12-07 11:35:29.388 I/AppsFilter( 1971): interaction: PackageSetting{368c806 com.example.moonlight_spatialsdk/10176} -> PackageSetting{8255d3c com.oculus.cvp/10094} BLOCKED
12-07 11:35:29.388 I/AppsFilter( 1971): interaction: PackageSetting{368c806 com.example.moonlight_spatialsdk/10176} -> PackageSetting{2b92ac5 com.oculus.systemintelligence/10153} BLOCKED
12-07 11:35:29.388 I/AppsFilter( 1971): interaction: PackageSetting{368c806 com.example.moonlight_spatialsdk/10176} -> PackageSetting{d3d6c1a com.meta.curio.toybox/10117} BLOCKED
12-07 11:35:29.388 I/AppsFilter( 1971): interaction: PackageSetting{368c806 com.example.moonlight_spatialsdk/10176} -> PackageSetting{33234b com.meta.shell.env.vista.focused/10166} BLOCKED
12-07 11:35:29.388 I/AppsFilter( 1971): interaction: PackageSetting{368c806 com.example.moonlight_spatialsdk/10176} -> PackageSetting{1891128 com.meta.curio.ruler/10111} BLOCKED
12-07 11:35:29.388 I/AppsFilter( 1971): interaction: PackageSetting{368c806 com.example.moonlight_spatialsdk/10176} -> PackageSetting{786ae41 com.oculus.accountscenter/10107} BLOCKED
12-07 11:35:29.388 I/AppsFilter( 1971): interaction: PackageSetting{368c806 com.example.moonlight_spatialsdk/10176} -> PackageSetting{9ca1c4e com.oculus.identitymanagement.service/10063} BLOCKED
12-07 11:35:29.388 I/AppsFilter( 1971): interaction: PackageSetting{368c806 com.example.moonlight_spatialsdk/10176} -> PackageSetting{4b62fe6 com.TacticalNounours.QuantumVoid/10143} BLOCKED
12-07 11:35:29.388 I/AppsFilter( 1971): interaction: PackageSetting{368c806 com.example.moonlight_spatialsdk/10176} -> PackageSetting{60ea927 VirtualDesktop.Android/10161} BLOCKED
12-07 11:35:29.388 I/AppsFilter( 1971): interaction: PackageSetting{368c806 com.example.moonlight_spatialsdk/10176} -> PackageSetting{6f217d4 com.oculus.loneechoavalanche/10165} BLOCKED
12-07 11:35:29.388 D/nativeloader(10713): InitApexLibraries:
12-07 11:35:29.388 D/nativeloader(10713):   com_android_adservices: libhpke_jni.so:libtflite_support_classifiers_native.so
12-07 11:35:29.388 D/nativeloader(10713):   com_android_appsearch: libicing.so
12-07 11:35:29.388 D/nativeloader(10713):   com_android_art: libartservice.so
12-07 11:35:29.388 D/nativeloader(10713):   com_android_btservices: libbluetooth_jni.so
12-07 11:35:29.388 D/nativeloader(10713):   com_android_conscrypt: libjavacrypto.so
12-07 11:35:29.388 D/nativeloader(10713):   com_android_extservices: libhpke_jni.so:libtflite_support_classifiers_native.so
12-07 11:35:29.388 D/nativeloader(10713):   com_android_os_statsd: libstats_jni.so
12-07 11:35:29.388 D/nativeloader(10713):   com_android_tethering: libcronet.114.0.5735.84.so:libframework-connectivity-jni.so:libframework-connectivity-tiramisu-jni.so:libandroid_net_connectivity_com_android_net_module_util_jni.so:libservice-connectivity.so
12-07 11:35:29.388 D/nativeloader(10713):   com_android_uwb: libuwb_uci_jni_rust.so
12-07 11:35:29.388 D/nativeloader(10713):   com_android_virt: libvirtualizationservice_jni.so:libvirtualmachine_jni.so
12-07 11:35:29.388 D/nativeloader(10713):   com_meta_xr: libmrservice_plugin.so
