12-07 15:20:32.547 I/HorizonStandalone(16451): Config: Missing config horizon::player_grabbing::PlayerGrabbingConfig on interface <fix-T201766142>, error deferred
12-07 15:20:32.547 I/HorizonStandalone(16451): Config: Missing config horizon::player::PlayerConfig on interface <fix-T201766142>, error deferred
12-07 15:20:32.547 I/HorizonStandalone(16451): Config: Missing config horizon::physics::PhysicsConfig on interface <fix-T201766142>, error deferred
12-07 15:20:32.547 I/HorizonStandalone(16451): Config: Missing config horizon::networking::NetworkConfig on interface <fix-T201766142>, error deferred
12-07 15:20:32.547 I/HorizonStandalone(16451): Config: Missing config horizon::worlds::splat_renderer::SplatRendererConfig on interface <fix-T201766142>, error deferred
12-07 15:20:32.547 I/HorizonStandalone(16451): Config: Missing config horizon::matchmaking::MatchmakingConfig on interface <fix-T201766142>, error deferred
12-07 15:20:32.547 I/HorizonStandalone(16451): Config: Missing config horizon::character::CharacterConfig on interface <fix-T201766142>, error deferred
12-07 15:20:32.547 I/HorizonStandalone(16451): Config: Missing config horizon::interaction::InteractionConfig on interface <fix-T201766142>, error deferred
12-07 15:20:32.547 I/HorizonStandalone(16451): Config: Missing config horizon::avatar::AvatarConfig on interface <fix-T201766142>, error deferred
12-07 15:20:32.547 I/HorizonStandalone(16451): Config: Missing config horizon::asset_service::AssetRefreshConfig on interface <fix-T201766142>, error deferred
12-07 15:20:32.547 I/HorizonStandalone(16451): Config: Missing config horizon::locomotion::LocomotionConfig on interface <fix-T201766142>, error deferred
12-07 15:20:32.547 I/HorizonStandalone(16451): Config: Missing config horizon::aether::AetherConfig on interface <fix-T201766142>, error deferred
12-07 15:20:32.547 W/HorizonStandalone(16451): Config: AllowDefaultConfigs: No config file specified by manifest for horizon::BuildConfig. Using object defaults.
12-07 15:20:32.547 I/HorizonStandalone(16451): Config: Missing config horizon::auth::AuthConfig on interface <fix-T201766142>, error deferred
12-07 15:20:32.547 W/HorizonStandalone(16451): Config: AllowDefaultConfigs: No config file specified by manifest for horizon::WorldLoaderConfig. Using object defaults.
12-07 15:20:32.547 I/HorizonStandalone(16451): Config: Missing config horizon::embodiment::EmbodimentConfig on interface <fix-T201766142>, error deferred
12-07 15:20:32.547 I/HorizonStandalone(16451): Config: Missing config horizon::core_ui::CoreUiConfig on interface <fix-T201766142>, error deferred
12-07 15:20:32.547 I/HorizonStandalone(16451): Config: Missing config horizon::AnalyticsConfig on interface <fix-T201766142>, error deferred
12-07 15:20:32.547 I/HorizonStandalone(16451): Config: Missing config horizon::WebRequestConfig on interface <fix-T201766142>, error deferred
12-07 15:20:32.547 W/HorizonStandalone(16451): Config: AllowDefaultConfigs: No config file specified by manifest for horizon::renderer::FontsConfig. Using object defaults.
12-07 15:20:32.547 W/HorizonStandalone(16451): Config: AllowDefaultConfigs: No config file specified by manifest for horizon::networking::ShardingConfig. Using object defaults.
12-07 15:20:32.547 W/HorizonStandalone(16451): Config: AllowDefaultConfigs: No config file specified by manifest for horizon::SceneManagerConfig. Using object defaults.
12-07 15:20:32.547 I/HorizonStandalone(16451): Config: Missing config horizon::RenderConfig on interface <fix-T201766142>, error deferred
12-07 15:20:32.547 I/HorizonStandalone(16451): Config: Missing config horizon::hmi::HmiConfig on interface <fix-T201766142>, error deferred
12-07 15:20:32.547 W/HorizonStandalone(16451): Config: AllowDefaultConfigs: No config file specified by manifest for horizon::AppPhaseConfig. Using object defaults.
12-07 15:20:32.547 W/HorizonStandalone(16451): Config: AllowDefaultConfigs: No config file specified by manifest for horizon::JobSystemDebugConfig. Using object defaults.
12-07 15:20:32.547 W/HorizonStandalone(16451): Config: AllowDefaultConfigs: No config file specified by manifest for horizon::FlecsPipelineConfig. Using object defaults.
12-07 15:20:32.547 W/HorizonStandalone(16451): Config: AllowDefaultConfigs: No config file specified by manifest for horizon::PerformanceConfig. Using object defaults.
12-07 15:20:32.547 I/HorizonStandalone(16451): Config: Missing config horizon::asset_service::AssetServiceServerConfig on interface <fix-T201766142>, error deferred
12-07 15:20:32.547 I/HorizonStandalone(16451): Config: Missing config horizon::VoipConfig on interface <fix-T201766142>, error deferred
12-07 15:20:32.547 I/HorizonStandalone(16451): Config: Missing config horizon::asset_service::AssetServiceConfig on interface <fix-T201766142>, error deferred
12-07 15:20:32.547 I/HorizonStandalone(16451): Config: Missing config horizon::meta_config::MetaConfigConfig on interface <fix-T201766142>, error deferred
12-07 15:20:32.547 W/HorizonStandalone(16451): Config: AllowDefaultConfigs: No config file specified by manifest for horizon::EntityLifecycleConfig. Using object defaults.
12-07 15:20:32.547 I/HorizonStandalone(16451): Config: Missing config horizon::asset_service::AssetServiceClientConfig on interface <fix-T201766142>, error deferred
12-07 15:20:32.547 W/HorizonStandalone(16451): Config: AllowDefaultConfigs: No config file specified by manifest for horizon::scripting_model::ScriptingConfig. Using object defaults.
12-07 15:20:32.547 W/HorizonStandalone(16451): Config: AllowDefaultConfigs: No config file specified by manifest for horizon::DynamicConfig. Using object defaults.
12-07 15:20:32.547 I/HorizonStandalone(16451): Config: Missing config horizon::AudioConfig on interface <fix-T201766142>, error deferred
12-07 15:20:32.547 I/HorizonStandalone(16451): Config: Missing config horizon::input::InputConfig on interface <fix-T201766142>, error deferred
12-07 15:20:32.547 W/HorizonStandalone(16451): Config: AllowDefaultConfigs: No config file specified by manifest for horizon::WatchdogConfig. Using object defaults.
12-07 15:20:32.547 W/HorizonStandalone(16451): Config: AllowDefaultConfigs: No config file specified by manifest for horizon::ApplicationConfig. Using object defaults.
12-07 15:20:32.547 W/HorizonStandalone(16451): Config: AllowDefaultConfigs: No config file specified by manifest for horizon::LogConfig. Using object defaults.
12-07 15:20:32.548 I/HorizonStandalone(16451): Config: [1/4] Registering configs...
12-07 15:20:32.548 I/HorizonStandalone(16451): Config: [2/4] Applying config layers...
12-07 15:20:32.548 I/HorizonStandalone(16451): Config: ConfigChanged: horizon::character::CharacterConfig v2 (LocalConfigChange)
12-07 15:20:32.548 I/HorizonStandalone(16451): Config: ConfigChanged: horizon::embodiment::EmbodimentConfig v2 (LocalConfigChange)
12-07 15:20:32.548 I/HorizonStandalone(16451): Config: ConfigChanged: horizon::character::CharacterConfig v3 (LocalConfigChange)
12-07 15:20:32.549 I/HorizonStandalone(16451): Config: ConfigChanged: horizon::embodiment::EmbodimentConfig v3 (LocalConfigChange)
12-07 15:20:32.549 I/HorizonStandalone(16451): Config: ConfigChanged: horizon::character::CharacterConfig v4 (LocalConfigChange)
12-07 15:20:32.549 I/HorizonStandalone(16451): Config: ConfigChanged: horizon::embodiment::EmbodimentConfig v4 (LocalConfigChange)
12-07 15:20:32.549 I/HorizonStandalone(16451): Config: ConfigChanged: horizon::character::CharacterConfig v5 (LocalConfigChange)
12-07 15:20:32.549 I/HorizonStandalone(16451): Config: ConfigChanged: horizon::embodiment::EmbodimentConfig v5 (LocalConfigChange)
12-07 15:20:32.549 I/HorizonStandalone(16451): Config: ConfigChanged: horizon::character::CharacterConfig v6 (LocalConfigChange)
12-07 15:20:32.550 I/HorizonStandalone(16451): Config: ConfigChanged: horizon::embodiment::EmbodimentConfig v6 (LocalConfigChange)
12-07 15:20:32.550 I/HorizonStandalone(16451): Config: ConfigChanged: horizon::character::CharacterConfig v7 (LocalConfigChange)
12-07 15:20:32.550 I/HorizonStandalone(16451): Config: ConfigChanged: horizon::embodiment::EmbodimentConfig v7 (LocalConfigChange)
12-07 15:20:32.550 I/HorizonStandalone(16451): Config: ConfigChanged: horizon::worlds::splat_renderer::SplatRendererConfig v2 (LocalConfigChange)
12-07 15:20:32.550 I/HorizonStandalone(16451): Config: ConfigChanged: horizon::character::CharacterConfig v8 (LocalConfigChange)
12-07 15:20:32.550 I/HorizonStandalone(16451): Config: ConfigChanged: horizon::embodiment::EmbodimentConfig v8 (LocalConfigChange)
12-07 15:20:32.550 I/HorizonStandalone(16451): Config: [3/4] Validating configs...
12-07 15:20:32.550 W/HorizonStandalone(16451): Config: horizon::travel::TravelConfig: Setting the 'publicZones' in networkConfig is required in order to run a separate client or server instance
12-07 15:20:32.550 W/HorizonStandalone(16451): Config: horizon::networking::NetworkConfig: Matchmaking requires a svrBuildSet.  Matchmaking disabled.
12-07 15:20:32.550 I/HorizonStandalone(16451): Config: ConfigChanged: horizon::networking::NetworkConfig v2 (LocalConfigChange)
12-07 15:20:32.550 I/HorizonStandalone(16451): Config: ConfigChanged: horizon::character::CharacterConfig v9 (LocalConfigChange)
12-07 15:20:32.551 I/HorizonStandalone(16451): Config: ConfigChanged: horizon::embodiment::EmbodimentConfig v9 (LocalConfigChange)
12-07 15:20:32.551 W/HorizonStandalone(16451): Config: horizon::AnalyticsConfig: enableShutdownEvent is enabled, but shutdownNameOverride is empty. Please set it to a unique event name for your project. Auto disabling shutdown events.
12-07 15:20:32.551 I/HorizonStandalone(16451): Config: ConfigChanged: horizon::AnalyticsConfig v2 (LocalConfigChange)
12-07 15:20:32.551 W/HorizonStandalone(16451): Config: horizon::WebRequestConfig: enableAnalytics is enabled, but graphqlAnalyticsNameOverride is empty and no qplMarkerIdOverride is set.Please either set graphqlAnalyticsNameOverride to a unique event name for your project or set qplMarkerIdOverride to a valid event ID. Auto disabling graphql events.
12-07 15:20:32.551 I/HorizonStandalone(16451): Config: ConfigChanged: horizon::WebRequestConfig v2 (LocalConfigChange)
12-07 15:20:32.551 I/HorizonStandalone(16451): Config: [4/4] Setting config baselines...
12-07 15:20:32.551 I/HorizonStandalone(16451): Config: Set as baseline: horizon::visibility_mask::VisibilityMaskConfig v1
12-07 15:20:32.551 I/HorizonStandalone(16451): Config: Set as baseline: horizon::ui_debug::DebugUiConfig v1
12-07 15:20:32.551 I/HorizonStandalone(16451): Config: Set as baseline: horizon::travel::TravelConfig v1
12-07 15:20:32.551 I/HorizonStandalone(16451): Config: Set as baseline: horizon::ts_environment_file::FbsourceTsconfigConfig v1
12-07 15:20:32.551 I/HorizonStandalone(16451): Config: Set as baseline: horizon::player_grabbing::PlayerGrabbingConfig v1
12-07 15:20:32.551 I/HorizonStandalone(16451): Config: Set as baseline: horizon::player::PlayerConfig v1
12-07 15:20:32.551 I/HorizonStandalone(16451): Config: Set as baseline: horizon::physics::PhysicsConfig v1
12-07 15:20:32.551 I/HorizonStandalone(16451): Config: Set as baseline: horizon::networking::NetworkConfig v2
12-07 15:20:32.551 I/HorizonStandalone(16451): Config: Set as baseline: horizon::worlds::splat_renderer::SplatRendererConfig v2
12-07 15:20:32.551 I/HorizonStandalone(16451): Config: Set as baseline: horizon::matchmaking::MatchmakingConfig v1
12-07 15:20:32.551 I/HorizonStandalone(16451): Config: Set as immutable: horizon::matchmaking::MatchmakingConfig v1
12-07 15:20:32.551 I/HorizonStandalone(16451): Config: Set as baseline: horizon::character::CharacterConfig v9
12-07 15:20:32.551 I/HorizonStandalone(16451): Config: Set as baseline: horizon::interaction::InteractionConfig v1
12-07 15:20:32.551 I/HorizonStandalone(16451): Config: Set as baseline: horizon::avatar::AvatarConfig v1
12-07 15:20:32.551 I/HorizonStandalone(16451): Config: Set as baseline: horizon::asset_service::AssetRefreshConfig v1
12-07 15:20:32.551 I/HorizonStandalone(16451): Config: Set as baseline: horizon::locomotion::LocomotionConfig v1
12-07 15:20:32.551 I/HorizonStandalone(16451): Config: Set as baseline: horizon::aether::AetherConfig v1
12-07 15:20:32.551 I/HorizonStandalone(16451): Config: Set as baseline: horizon::BuildConfig v1
12-07 15:20:32.551 I/HorizonStandalone(16451): Config: Set as baseline: horizon::auth::AuthConfig v1
12-07 15:20:32.551 I/HorizonStandalone(16451): Config: Set as baseline: horizon::WorldLoaderConfig v1
12-07 15:20:32.551 I/HorizonStandalone(16451): Config: Set as baseline: horizon::embodiment::EmbodimentConfig v9
12-07 15:20:32.551 I/HorizonStandalone(16451): Config: Set as baseline: horizon::core_ui::CoreUiConfig v1
12-07 15:20:32.551 I/HorizonStandalone(16451): Config: Set as baseline: horizon::AnalyticsConfig v2
12-07 15:20:32.551 I/HorizonStandalone(16451): Config: Set as baseline: horizon::WebRequestConfig v2
12-07 15:20:32.551 I/HorizonStandalone(16451): Config: Set as baseline: horizon::renderer::FontsConfig v1
12-07 15:20:32.551 I/HorizonStandalone(16451): Config: Set as baseline: horizon::networking::ShardingConfig v1
12-07 15:20:32.551 I/HorizonStandalone(16451): Config: Set as baseline: horizon::SceneManagerConfig v1
12-07 15:20:32.551 I/HorizonStandalone(16451): Config: Set as baseline: horizon::RenderConfig v1
12-07 15:20:32.551 I/HorizonStandalone(16451): Config: Set as baseline: horizon::hmi::HmiConfig v1
12-07 15:20:32.551 I/HorizonStandalone(16451): Config: Set as baseline: horizon::AppPhaseConfig v1
12-07 15:20:32.551 I/HorizonStandalone(16451): Config: Set as baseline: horizon::JobSystemDebugConfig v1
12-07 15:20:32.551 I/HorizonStandalone(16451): Config: Set as baseline: horizon::FlecsPipelineConfig v1
12-07 15:20:32.551 I/HorizonStandalone(16451): Config: Set as immutable: horizon::FlecsPipelineConfig v1
12-07 15:20:32.551 I/HorizonStandalone(16451): Config: Set as baseline: horizon::PerformanceConfig v1
12-07 15:20:32.551 I/HorizonStandalone(16451): Config: Set as baseline: horizon::asset_service::AssetServiceServerConfig v1
12-07 15:20:32.551 I/HorizonStandalone(16451): Config: Set as immutable: horizon::asset_service::AssetServiceServerConfig v1
12-07 15:20:32.551 I/HorizonStandalone(16451): Config: Set as baseline: horizon::VoipConfig v1
12-07 15:20:32.551 I/HorizonStandalone(16451): Config: Set as baseline: horizon::asset_service::AssetServiceConfig v1
12-07 15:20:32.551 I/HorizonStandalone(16451): Config: Set as immutable: horizon::asset_service::AssetServiceConfig v1
12-07 15:20:32.551 I/HorizonStandalone(16451): Config: Set as baseline: horizon::meta_config::MetaConfigConfig v1
12-07 15:20:32.551 I/HorizonStandalone(16451): Config: Set as baseline: horizon::EntityLifecycleConfig v1
12-07 15:20:32.551 I/HorizonStandalone(16451): Config: Set as baseline: horizon::asset_service::AssetServiceClientConfig v1
12-07 15:20:32.551 I/HorizonStandalone(16451): Config: Set as immutable: horizon::asset_service::AssetServiceClientConfig v1
12-07 15:20:32.551 I/HorizonStandalone(16451): Config: Set as baseline: horizon::scripting_model::ScriptingConfig v1
12-07 15:20:32.551 I/HorizonStandalone(16451): Config: Set as baseline: horizon::DynamicConfig v1
12-07 15:20:32.551 I/HorizonStandalone(16451): Config: Set as baseline: horizon::AudioConfig v1
12-07 15:20:32.551 I/HorizonStandalone(16451): Config: Set as baseline: horizon::input::InputConfig v1
12-07 15:20:32.552 I/HorizonStandalone(16451): Config: Set as baseline: horizon::WatchdogConfig v1
12-07 15:20:32.552 I/HorizonStandalone(16451): Config: Set as baseline: horizon::ApplicationConfig v1
12-07 15:20:32.552 I/HorizonStandalone(16451): Config: Set as baseline: horizon::LogConfig v1
12-07 15:20:32.552 I/HorizonStandalone(16451): Config: Config loading complete!
12-07 15:20:32.552 I/HorizonStandalone(16451): LogManager: Active Logging Profile is `InCodeDefault`
12-07 15:20:32.552 I/HorizonStandalone(16451): LogManager: Global log verbosity has been set to [Info] overriding individual category settings
12-07 15:20:32.552 I/HorizonStandalone(16451): LogManager: Global log verbosity has been set to [Info] overriding individual category settings
12-07 15:20:32.552 I/HorizonStandalone(16451): Application: getHostProcessInfo
12-07 15:20:32.552 I/HorizonStandalone(16451): Application: Using session ID from process UUID: d92fab6b-a60e-460f-a1ad-032bb0439c6d
12-07 15:20:32.552 I/HorizonStandalone(16451): Application: getHostConfig
12-07 15:20:32.552 I/HorizonStandalone(16451): Application: Creating default user agent as no user agent was preconfigured.
12-07 15:20:32.552 I/HorizonStandalone(16451): UserAgent: User agent generated: [FBAVI/51764730039000520;FBDV/quest 3]
12-07 15:20:32.552 I/HorizonStandalone(16451): Application: initStaticModules
12-07 15:20:32.552 I/HorizonStandalone(16451): Application: Skipping lifecycle analytics event ModulesConstructed due to event bus get failure (ErrorNotFound)
12-07 15:20:32.552 I/HorizonStandalone(16451): Config: Config horizon::ui_debug::DebugUiConfig for interface "ui_debug" is unused and defaulted
12-07 15:20:32.552 I/HorizonStandalone(16451): Config: Config horizon::player_grabbing::PlayerGrabbingConfig for interface "player_grabbing" is unused and defaulted
12-07 15:20:32.552 I/HorizonStandalone(16451): Config: Config horizon::player::PlayerConfig for interface "player" is unused and defaulted
12-07 15:20:32.552 I/HorizonStandalone(16451): Config: Config horizon::physics::PhysicsConfig for interface "physics" is unused and defaulted
12-07 15:20:32.552 I/HorizonStandalone(16451): Config: Config horizon::networking::NetworkConfig for interface "networking" is unused and defaulted
12-07 15:20:32.552 W/HorizonStandalone(16451): Config: Config horizon::worlds::splat_renderer::SplatRendererConfig for interface "splat_renderer" is defaulted because it was missing
12-07 15:20:32.552 I/HorizonStandalone(16451): Config: Config horizon::matchmaking::MatchmakingConfig for interface "matchmaking" is unused and defaulted
12-07 15:20:32.552 I/HorizonStandalone(16451): Config: Config horizon::character::CharacterConfig for interface "character" is unused and defaulted
12-07 15:20:32.552 I/HorizonStandalone(16451): Config: Config horizon::interaction::InteractionConfig for interface "interaction" is unused and defaulted
12-07 15:20:32.552 I/HorizonStandalone(16451): Config: Config horizon::avatar::AvatarConfig for interface "avatar" is unused and defaulted
12-07 15:20:32.552 I/HorizonStandalone(16451): Config: Config horizon::asset_service::AssetRefreshConfig for interface "asset_service" is unused and defaulted
12-07 15:20:32.552 I/HorizonStandalone(16451): Config: Config horizon::locomotion::LocomotionConfig for interface "locomotion" is unused and defaulted
12-07 15:20:32.552 W/HorizonStandalone(16451): Config: Config horizon::aether::AetherConfig for interface "aether" is defaulted because it was missing
12-07 15:20:32.552 I/HorizonStandalone(16451): Config: Config horizon::auth::AuthConfig for interface "authentication" is unused and defaulted
12-07 15:20:32.552 I/HorizonStandalone(16451): Config: Config horizon::embodiment::EmbodimentConfig for interface "embodiment" is unused and defaulted
12-07 15:20:32.552 I/HorizonStandalone(16451): Config: Config horizon::core_ui::CoreUiConfig for interface "core_ui" is unused and defaulted
12-07 15:20:32.552 I/HorizonStandalone(16451): Config: Config horizon::AnalyticsConfig for interface "analytics" is unused and defaulted
12-07 15:20:32.552 I/HorizonStandalone(16451): Config: Config horizon::WebRequestConfig for interface "web_request" is unused and defaulted
12-07 15:20:32.552 W/HorizonStandalone(16451): Config: Config horizon::RenderConfig for interface "renderer" is defaulted because it was missing
12-07 15:20:32.552 W/HorizonStandalone(16451): Config: Config horizon::hmi::HmiConfig for interface "hmi_manager" is defaulted because it was missing
12-07 15:20:32.552 I/HorizonStandalone(16451): Config: Config horizon::asset_service::AssetServiceServerConfig for interface "asset_service" is unused and defaulted
12-07 15:20:32.552 I/HorizonStandalone(16451): Config: Config horizon::VoipConfig for interface "voip" is unused and defaulted
12-07 15:20:32.552 I/HorizonStandalone(16451): Config: Config horizon::asset_service::AssetServiceConfig for interface "asset_service" is unused and defaulted
12-07 15:20:32.552 I/HorizonStandalone(16451): Config: Config horizon::meta_config::MetaConfigConfig for interface "meta_config" is unused and defaulted
12-07 15:20:32.552 I/HorizonStandalone(16451): Config: Config horizon::asset_service::AssetServiceClientConfig for interface "asset_service" is unused and defaulted
12-07 15:20:32.552 I/HorizonStandalone(16451): Config: Config horizon::AudioConfig for interface "audio" is unused and defaulted
12-07 15:20:32.552 W/HorizonStandalone(16451): Config: Config horizon::input::InputConfig for interface "input" is defaulted because it was missing
12-07 15:20:32.552 I/HorizonStandalone(16451): Application: Initializing window manager: horizon::NullWindowManager
12-07 15:20:32.552 I/HorizonStandalone(16451): Application: Skipping lifecycle analytics event ApplicationClassInitComplete due to event bus get failure (ErrorNotFound)
12-07 15:20:32.552 W/HorizonStandalone(16451): World: No provider found for required dependency horizon::player::IPlayerManager of horizon::platform_api::NativeFootstepServiceHolder. It may not have an attr::worldContext(), or a module that provides it may not be linked into the application.
12-07 15:20:32.552 W/HorizonStandalone(16451): World: No provider found for required dependency horizon::physics::IPhysicsScene of horizon::physics::NativePhysicsServiceHolder. It may not have an attr::worldContext(), or a module that provides it may not be linked into the application.
12-07 15:20:32.552 W/HorizonStandalone(16451): World: No provider found for required dependency horizon::platform_api::IPlatformAPIEventManager of horizon::physics::NativePhysicsServiceHolder. It may not have an attr::worldContext(), or a module that provides it may not be linked into the application.
12-07 15:20:32.552 W/HorizonStandalone(16451): World: No provider found for required dependency horizon::embodiment::IEmbodimentSystem of horizon::platform_api::NativeAvatarServiceHolder. It may not have an attr::worldContext(), or a module that provides it may not be linked into the application.
12-07 15:20:32.552 W/HorizonStandalone(16451): World: No provider found for required dependency horizon::player::IPlayerManager of horizon::platform_api::NativeAvatarServiceHolder. It may not have an attr::worldContext(), or a module that provides it may not be linked into the application.
12-07 15:20:32.552 W/HorizonStandalone(16451): World: No provider found for required dependency horizon::physics::IPhysicsScene of horizon::player_input::PlayerHandPointer. It may not have an attr::worldContext(), or a module that provides it may not be linked into the application.
12-07 15:20:32.552 W/HorizonStandalone(16451): World: No provider found for required dependency horizon::platform_api::IPlatformAPI of horizon::platform_api::NativePlayerServiceHolder. It may not have an attr::worldContext(), or a module that provides it may not be linked into the application.
12-07 15:20:32.552 W/HorizonStandalone(16451): World: No provider found for required dependency horizon::player::IPlayerManager of horizon::platform_api::NativePlayerServiceHolder. It may not have an attr::worldContext(), or a module that provides it may not be linked into the application.
12-07 15:20:32.552 W/HorizonStandalone(16451): World: No provider found for required dependency horizon::player::IPlayerManager of horizon::platform_api::NativePlayerInputServiceHolder. It may not have an attr::worldContext(), or a module that provides it may not be linked into the application.
12-07 15:20:32.552 I/HorizonStandalone(16451): Application: initStaticConfigs
12-07 15:20:32.552 I/HorizonStandalone(16451): Config: ConfigChanged: horizon::BuildConfig v2 (LocalConfigChange)
12-07 15:20:32.552 I/HorizonStandalone(16451): Config: ConfigChanged: horizon::RenderConfig v2 (LocalConfigChange)
12-07 15:20:32.553 I/HorizonStandalone(16451): Config: ConfigChanged: horizon::AppPhaseConfig v2 (LocalConfigChange)
12-07 15:20:32.553 I/HorizonStandalone(16451): Config: ConfigChanged: horizon::hmi::HmiConfig v2 (LocalConfigChange)
12-07 15:20:32.553 E/TrackedObjectManager( 2832): Failed to connect to TrackedObjectService with error Status(-129, EX_TRANSACTION_FAILED): 'DEAD_OBJECT: '
12-07 15:20:32.553 W/OSDynamicObjectDataQuerier( 2832): Attempted to start tracking objects when tracker was already started
12-07 15:20:32.553 E/TrackedObjectManager( 2832): Failed to connect to TrackedObjectService with error Status(-129, EX_TRANSACTION_FAILED): 'DEAD_OBJECT: '
12-07 15:20:32.553 I/HorizonStandalone(16451): Config: ConfigChanged: horizon::input::InputConfig v2 (LocalConfigChange)
12-07 15:20:32.553 E/TrackedObjectManager( 2832): Failed to start tracking keyboard object with error Status(-129, EX_TRANSACTION_FAILED): 'DEAD_OBJECT: '
12-07 15:20:32.554 I/HorizonStandalone(16451): Task: Job System Started with a max of 16384 jobs, total memory 0.00mb, static 0.00mb, jobCount related 0.00mb, analytics 0.00 mb
12-07 15:20:32.554 I/HorizonStandalone(16451): Core: Reserving space for executor data
12-07 15:20:32.554 I/HorizonStandalone(16451): Core:  - total thread count : 8
12-07 15:20:32.554 I/HorizonStandalone(16451): Core:  - num sync threads : 2
12-07 15:20:32.554 I/HorizonStandalone(16451): Core:  - num async threads : 4
12-07 15:20:32.554 I/HorizonStandalone(16451): Core:  - num high cpu async threads : 1
12-07 15:20:32.554 I/HorizonStandalone(16451): Core:  - num interrupt threads : 1
12-07 15:20:32.554 I/HorizonStandalone(16451): Core: HSR CPU executor initialized with 2 Sync Threads - std::thread::hardware_concurrency reports 6 concurrent threads supported
12-07 15:20:32.554 I/HorizonStandalone(16451): Core: HSR CPU executor initialized with 4 Async Threads - std::thread::hardware_concurrency reports 6 concurrent threads supported
12-07 15:20:32.554 I/HorizonStandalone(16451): Core: HSR CPU executor initialized with 1 High Cpu Async Threads - std::thread::hardware_concurrency reports 6 concurrent threads supported
12-07 15:20:32.554 I/HorizonStandalone(16451): Core: HSR CPU executor initialized with 1 Interrupt Threads - std::thread::hardware_concurrency reports 6 concurrent threads supported
12-07 15:20:32.554 I/HorizonStandalone(16451): Core: Initializing thread HSR:Sync-0[16507] with priority 1
12-07 15:20:32.554 I/HorizonStandalone(16451): Core: Initializing thread HSR:Sync-1[16508] with priority 1
12-07 15:20:32.554 I/HorizonStandalone(16451): Core: Initializing thread HSR:Async-0[16509] with priority 0
12-07 15:20:32.554 I/HorizonStandalone(16451): Core: Initializing thread HSR:Async-1[16510] with priority 0
12-07 15:20:32.554 I/HorizonStandalone(16451): Core: Initializing thread HSR:Async-2[16511] with priority 0
12-07 15:20:32.554 I/HorizonStandalone(16451): Core: NativeTaskExecutor initialized using 0.00mb allowing a maximum of 16384 tasks
12-07 15:20:32.554 I/HorizonStandalone(16451): Core: Initializing thread HSR:Async-3[16512] with priority 0
12-07 15:20:32.554 I/HorizonStandalone(16451): Core: Initializing thread HSR:Inter-0[16514] with priority 2
12-07 15:20:32.554 I/HorizonStandalone(16451): Core: Initializing thread HSR:CpuAsync-0[16513] with priority 0
12-07 15:20:32.555 I/HorizonStandalone(16451): Application: Starting up platform
12-07 15:20:32.567 E/TrackedObjectManager( 2832): Failed to connect to TrackedObjectService with error Status(-129, EX_TRANSACTION_FAILED): 'DEAD_OBJECT: '
12-07 15:20:32.567 W/OSDynamicObjectDataQuerier( 2832): Attempted to start tracking objects when tracker was already started
12-07 15:20:32.567 E/TrackedObjectManager( 2832): Failed to connect to TrackedObjectService with error Status(-129, EX_TRANSACTION_FAILED): 'DEAD_OBJECT: '
12-07 15:20:32.567 E/TrackedObjectManager( 2832): Failed to start tracking keyboard object with error Status(-129, EX_TRANSACTION_FAILED): 'DEAD_OBJECT: '
12-07 15:20:32.570 I/OpenXR_Anchor( 3469): xrQuerySpacesFB: no split anchor query enabled
12-07 15:20:32.570 I/[CT]    ( 3469): SP:AF:InsightAnchorApi: QueryAnchorSpaces loadAndQueryAvailableAnchors flow. (task start) duration: 0.000000000 [sec], flags: 44, location: StorageLocation::LOCAL(1), method: 1, request: 5306, source: SourceType::LIVE_TRACKER(1)
12-07 15:20:32.570 I/[CT]    ( 3469): RuntimeIpcHelper: RuntimeIpcClient::CALL_RPC isAsync: true, func: loadAvailableAnchors
12-07 15:20:32.571 I/[CT]    ( 4885): SP:AP:AnchorPersistenceRuntimeIpcServer: checkRPC start: sessionUuid:1e3ba3f0-dfb6-0aba-a69b-b18fb253c69c, clientId:2367474718, givenPackageName:com.oculus.vrshell
12-07 15:20:32.571 I/[CT]    ( 4885): SP:AP:AnchorPersistenceRuntimeIpcServer: checkPackageAccess - detectedPackageName:com.oculus.vrshell, detectedProcessName:com.oculus.vrshell, givenPackageName:com.oculus.vrshell
12-07 15:20:32.571 I/[CT]    ( 4885): SP:AP:AnchorPersistenceRuntimeIpcServer: checkRPC package name matches: sessionUuid:1e3ba3f0-dfb6-0aba-a69b-b18fb253c69c, clientId:2367474718, givenPackageName:com.oculus.vrshell, detectedPackageName:com.oculus.vrshell, detectedProcessName:com.oculus.vrshell
12-07 15:20:32.571 I/[CT]    ( 4885): SP:AP:AnchorPersistenceRuntimeIpcServer: queryAvailableAnchorsSMV2: clientId: 2367474718, maxAnchors: 500, filter: 0, queryMultipleRoomsEnabledByOpenXrVersion: true, source: 1, appId: com.oculus.vrshell
12-07 15:20:32.571 I/[CT]    ( 4885): SP:AP:AnchorPersistenceConfig: getSceneRuntimePermissionEnabled: USE_SCENE permission is enabled on this device
12-07 15:20:32.571 I/[CT]    ( 4885): SP:AP:AnchorPersistenceScenePermissions: hasClientGrantedScenePermission: USE_SCENE permission is enabled on this device, check client 2367474718, grant is true
12-07 15:20:32.571 I/[CT]    ( 4885): SP:AP:AnchorPersistenceConfig: getSceneRuntimePermissionEnabled: USE_SCENE permission is enabled on this device
12-07 15:20:32.572 I/[CT]    ( 4885): SP:SceneAnchorFilterUtil: filterSceneDataByPermission: com.oculus.vrshell permission check passed, keep scene data. anchors size: 0
12-07 15:20:32.572 I/[CT]    ( 3469): SP:AF:InsightAnchorApi: QueryAnchorSpaces (task finish) returnCode: AnchorResultCode::SUCCESS(0), numSpacesFound: 0, spacesFoundUuids: [], duration: 0.000000000 [sec], flags: 44, location: 1, method: 1, request: 5306
12-07 15:20:32.580 E/TrackedObjectManager( 2832): Failed to connect to TrackedObjectService with error Status(-129, EX_TRANSACTION_FAILED): 'DEAD_OBJECT: '
12-07 15:20:32.580 W/OSDynamicObjectDataQuerier( 2832): Attempted to start tracking objects when tracker was already started
12-07 15:20:32.580 E/TrackedObjectManager( 2832): Failed to connect to TrackedObjectService with error Status(-129, EX_TRANSACTION_FAILED): 'DEAD_OBJECT: '
12-07 15:20:32.580 E/TrackedObjectManager( 2832): Failed to start tracking keyboard object with error Status(-129, EX_TRANSACTION_FAILED): 'DEAD_OBJECT: '
12-07 15:20:32.586 I/[CT]    ( 3469): SP:TREX:SpatialPersistencePlugin: Event type: 6
12-07 15:20:32.586 I/TREX    ( 3469): Spatial Persistence event: QuerySpacesFinish
12-07 15:20:32.594 E/TrackedObjectManager( 2832): Failed to connect to TrackedObjectService with error Status(-129, EX_TRANSACTION_FAILED): 'DEAD_OBJECT: '
12-07 15:20:32.594 W/OSDynamicObjectDataQuerier( 2832): Attempted to start tracking objects when tracker was already started
12-07 15:20:32.594 E/TrackedObjectManager( 2832): Failed to connect to TrackedObjectService with error Status(-129, EX_TRANSACTION_FAILED): 'DEAD_OBJECT: '
12-07 15:20:32.594 E/TrackedObjectManager( 2832): Failed to start tracking keyboard object with error Status(-129, EX_TRANSACTION_FAILED): 'DEAD_OBJECT: '
12-07 15:20:32.608 E/TrackedObjectManager( 2832): Failed to connect to TrackedObjectService with error Status(-129, EX_TRANSACTION_FAILED): 'DEAD_OBJECT: '
12-07 15:20:32.608 W/OSDynamicObjectDataQuerier( 2832): Attempted to start tracking objects when tracker was already started
12-07 15:20:32.608 E/TrackedObjectManager( 2832): Failed to connect to TrackedObjectService with error Status(-129, EX_TRANSACTION_FAILED): 'DEAD_OBJECT: '
12-07 15:20:32.608 E/TrackedObjectManager( 2832): Failed to start tracking keyboard object with error Status(-129, EX_TRANSACTION_FAILED): 'DEAD_OBJECT: '
12-07 15:20:32.622 E/TrackedObjectManager( 2832): Failed to connect to TrackedObjectService with error Status(-129, EX_TRANSACTION_FAILED): 'DEAD_OBJECT: '
12-07 15:20:32.622 W/OSDynamicObjectDataQuerier( 2832): Attempted to start tracking objects when tracker was already started
12-07 15:20:32.622 E/TrackedObjectManager( 2832): Failed to connect to TrackedObjectService with error Status(-129, EX_TRANSACTION_FAILED): 'DEAD_OBJECT: '
12-07 15:20:32.622 E/TrackedObjectManager( 2832): Failed to start tracking keyboard object with error Status(-129, EX_TRANSACTION_FAILED): 'DEAD_OBJECT: '
12-07 15:20:32.622 I/HorizonStandalone(16451): Application: Memory status: Total Memory: 270616 KB, Used Memory: 21994 KB
12-07 15:20:32.622 I/HorizonStandalone(16451): Application: Skipping lifecycle analytics event ApplicationPreExecHeadComplete due to event bus get failure (ErrorNotFound)
12-07 15:20:32.622 I/HorizonStandalone(16451): Application: Starting up module manager
12-07 15:20:32.623 I/HorizonStandalone(16451): Hmi: Initialize started
12-07 15:20:32.623 I/HorizonStandalone(16451): Hmi: Initialize complete
12-07 15:20:32.623 I/HorizonStandalone(16451): Application: Callback called at Startup End for HmiModule
12-07 15:20:32.623 I/HorizonStandalone(16451): Application: Creating World
12-07 15:20:32.625 W/HorizonStandalone(16451): Input: No input modes specified
12-07 15:20:32.625 I/HorizonStandalone(16451): Input: Registering input class horizon::DefaultMenuInput
12-07 15:20:32.625 I/HorizonStandalone(16451): Input: Registering input class horizon::WorldsMenuInput
12-07 15:20:32.625 W/HorizonStandalone(16451): Input: Registering an input class (horizon::WorldsMenuInput) with no inputClassBindings entry in inputConfig.
12-07 15:20:32.625 I/HorizonStandalone(16451): Input: Registering input class horizon::hmi_input_structures::EmbodimentInputState
12-07 15:20:32.626 I/HorizonStandalone(16451): Input: Registering input class horizon::hmi_input_structures::HandGestureInputState
12-07 15:20:32.626 I/HorizonStandalone(16451): Input: Registering input class horizon::input::DeveloperInput
12-07 15:20:32.626 I/HorizonStandalone(16451): Input: Registering input class horizon::player_input::DefaultGameplayInput
12-07 15:20:32.626 I/HorizonStandalone(16451): Input: Registering input class horizon::player_input::DefaultMoveInput
12-07 15:20:32.627 I/HorizonStandalone(16451): Config: ConfigChanged: horizon::input::InputConfig v3 (LocalConfigChange)
12-07 15:20:32.627 I/HorizonStandalone(16451): World: Beginning automatic registration of flecs components.
12-07 15:20:32.633 I/HorizonStandalone(16451): World: Automatic registration of flecs components is complete.
12-07 15:20:32.634 W/HorizonStandalone(16451): Input: No initial input mode specified
12-07 15:20:32.635 I/HorizonStandalone(16451): Application: onWorldCreateEvent
12-07 15:20:32.635 I/HorizonStandalone(16451): Application: AetherModule.cpp::onWorldCreateEvent():: constucted instance of AetherSplatRendererSystem successfully
12-07 15:20:32.635 I/HorizonStandalone(16451): Renderer: SplatRendererFramework::startup
12-07 15:20:32.636 I/HorizonStandalone(16451): Hmi: Post initialize started
12-07 15:20:32.636 I/HorizonStandalone(16451): Hmi: CrossPlatformPerfMetrics not logging analytics - Analytics module not available
12-07 15:20:32.636 I/HorizonStandalone(16451): Hmi: CrossPlatformPerfMetrics initialized (analytics: disabled, event: hsr_base_perf_warnings)
12-07 15:20:32.636 I/HorizonStandalone(16451): Hmi: Post initialize complete
12-07 15:20:32.636 I/HorizonStandalone(16451): Application: Skipping lifecycle analytics event ModulesPostStartupComplete due to event bus get failure (ErrorNotFound)
12-07 15:20:32.636 I/HorizonStandalone(16451): Hmi: ContextStartupJob execute
12-07 15:20:32.636 I/HorizonStandalone(16451): Application: Starting up the application
12-07 15:20:32.636 I/HorizonStandalone(16451): Application: startup()
12-07 15:20:32.636 V/OpenXR-Loader(16451): Verbose [GENERAL | xrInitializeLoaderKHR | OpenXR-Loader] : Entering loader trampoline
12-07 15:20:32.636 V/OpenXR-Loader(16451): Verbose [GENERAL | InitializeLoaderInitData | OpenXR-Loader] : Unloading any previously loaded runtime
12-07 15:20:32.637 I/HorizonStandalone(16451): Application: App Name: Aether Application
12-07 15:20:32.637 I/HorizonStandalone(16451): Application: App Version: 
12-07 15:20:32.637 I/HorizonStandalone(16451): Application: HSR Version: 
12-07 15:20:32.637 I/HorizonStandalone(16451): Application: App Id: 7235633249785169
12-07 15:20:32.637 I/HorizonStandalone(16451): Application: Facebook App Id: 
12-07 15:20:32.637 I/HorizonStandalone(16451): Application: Commit: 
12-07 15:20:32.637 V/OpenXR-Loader(16451): Verbose [GENERAL | xrEnumerateInstanceExtensionProperties | OpenXR-Loader] : Entering loader trampoline
12-07 15:20:32.637 I/HorizonStandalone(16451): Application: Standalone Quest App Id: 7235633249785169
12-07 15:20:32.637 I/HorizonStandalone(16451): Application: Standalone Rift App Id: 6651547741534515
12-07 15:20:32.637 I/HorizonStandalone(16451): Application: Run in CI: false
12-07 15:20:32.637 I/HorizonStandalone(16451): Application: Run in FB Infra: false
12-07 15:20:32.637 E/TrackedObjectManager( 2832): Failed to connect to TrackedObjectService with error Status(-129, EX_TRANSACTION_FAILED): 'DEAD_OBJECT: '
12-07 15:20:32.637 I/HorizonStandalone(16451): Application: Build Set Id: 
12-07 15:20:32.637 W/OSDynamicObjectDataQuerier( 2832): Attempted to start tracking objects when tracker was already started
12-07 15:20:32.637 E/TrackedObjectManager( 2832): Failed to connect to TrackedObjectService with error Status(-129, EX_TRANSACTION_FAILED): 'DEAD_OBJECT: '
12-07 15:20:32.637 E/TrackedObjectManager( 2832): Failed to start tracking keyboard object with error Status(-129, EX_TRANSACTION_FAILED): 'DEAD_OBJECT: '
12-07 15:20:32.637 I/HorizonStandalone(16451): Application: Skipping lifecycle analytics event InformationalStartupComplete due to event bus get failure (ErrorNotFound)
12-07 15:20:32.637 I/HorizonStandalone(16451): Application: Skipping lifecycle analytics event ApplicationPreExecComplete due to event bus get failure (ErrorNotFound)
12-07 15:20:32.637 I/HorizonStandalone(16451): Application: Skipping lifecycle analytics event AppStartComplete due to event bus get failure (ErrorNotFound)
12-07 15:20:32.637 I/HorizonStandalone(16451): Application: Skipping lifecycle analytics event TelemetryValidation due to event bus get failure (ErrorNotFound)
12-07 15:20:32.637 I/HorizonStandalone(16451): Application: Running the platform
12-07 15:20:32.637 I/HorizonStandalone(16451): Core: installed exit handler
12-07 15:20:32.637 I/OpenXR-Loader(16451): getActiveRuntimeCursor: Querying URI: content://org.khronos.openxr.runtime_broker/openxr/1/abi/arm64-v8a/runtimes/active
12-07 15:20:32.641 W/OpenXR-Loader(16451): Null cursor when querying installable content resolver.
12-07 15:20:32.641 I/OpenXR-Loader(16451): getActiveRuntimeCursor: Querying URI: content://org.khronos.openxr.system_runtime_broker/openxr/1/abi/arm64-v8a/runtimes/active
12-07 15:20:32.644 W/OpenXR-Loader(16451): Null cursor when querying system content resolver.
12-07 15:20:32.644 E/OpenXR-Loader(16451): Could access neither the installable nor system runtime broker.
12-07 15:20:32.644 I/OpenXR-Loader(16451): Info [GENERAL | xrEnumerateInstanceExtensionProperties | OpenXR-Loader] : RuntimeManifestFile::FindManifestFiles - using global runtime file /odm/etc/openxr/1/active_runtime.aarch64.json
12-07 15:20:32.644 I/OpenXR-Loader(16451): Info [GENERAL |  | OpenXR-Loader] : RuntimeManifestFile::CreateIfValid - attempting to load /odm/etc/openxr/1/active_runtime.aarch64.json
12-07 15:20:32.650 E/TrackedObjectManager( 2832): Failed to connect to TrackedObjectService with error Status(-129, EX_TRANSACTION_FAILED): 'DEAD_OBJECT: '
12-07 15:20:32.650 W/OSDynamicObjectDataQuerier( 2832): Attempted to start tracking objects when tracker was already started
12-07 15:20:32.650 E/TrackedObjectManager( 2832): Failed to connect to TrackedObjectService with error Status(-129, EX_TRANSACTION_FAILED): 'DEAD_OBJECT: '
12-07 15:20:32.650 E/TrackedObjectManager( 2832): Failed to start tracking keyboard object with error Status(-129, EX_TRANSACTION_FAILED): 'DEAD_OBJECT: '
12-07 15:20:32.651 I/OpenXR-Loader(16451): Info [GENERAL | xrEnumerateInstanceExtensionProperties | OpenXR-Loader] : RuntimeInterface::LoadRuntime forwarding xrInitializeLoaderKHR call to runtime before calling xrNegotiateLoaderRuntimeInterface.
12-07 15:20:32.651 V/OpenXR  (16451): OpenXRForwardLoader::xrInitializeLoaderKHR [start]
12-07 15:20:32.657 D/ApplicationLoaders(16451): Returning zygote-cached class loader: /system/framework/android.test.base.jar
12-07 15:20:32.657 D/ApplicationLoaders(16451): Returning zygote-cached class loader: /system/framework/android.hidl.manager-V1.0-java.jar
12-07 15:20:32.657 D/ApplicationLoaders(16451): Returning zygote-cached class loader: /system/framework/android.hidl.base-V1.0-java.jar
12-07 15:20:32.664 E/TrackedObjectManager( 2832): Failed to connect to TrackedObjectService with error Status(-129, EX_TRANSACTION_FAILED): 'DEAD_OBJECT: '
12-07 15:20:32.664 W/OSDynamicObjectDataQuerier( 2832): Attempted to start tracking objects when tracker was already started
12-07 15:20:32.664 E/TrackedObjectManager( 2832): Failed to connect to TrackedObjectService with error Status(-129, EX_TRANSACTION_FAILED): 'DEAD_OBJECT: '
12-07 15:20:32.664 E/TrackedObjectManager( 2832): Failed to start tracking keyboard object with error Status(-129, EX_TRANSACTION_FAILED): 'DEAD_OBJECT: '
12-07 15:20:32.664 D/nativeloader(16451): Configuring clns-shared-7 for other apk /system/framework/org.apache.http.legacy.jar. target_sdk_version=24, uses_libraries=ALL, library_path=/apex/com.meta.xr/priv-app/VrDriver/lib/arm64:/apex/com.meta.xr/priv-app/VrDriver/VrDriver.apk!/lib/arm64-v8a:/system/lib64:/system_ext/lib64:/apex/com.meta.xr/priv-app/VrDriver/VrDriver.apk!/lib/arm64-v8a, permitted_path=/data:/mnt/expand::/apex/com.meta.xr/priv-app/VrDriver:/system/lib64:/system_ext/lib64
12-07 15:20:32.664 D/nativeloader(16451): Extending system_exposed_libraries: libaudiotapper.oculus.so:libcalibrationmanager.oculus.so:libheadtracker.oculus.so:libinstsamp.oculus.so:libossdk.oculus.so:libparfait.oculus.so:libripcclient.oculus.so:libripcmanager.oculus.so:libsystemsensoraccess.oculus.so:libappsensoraccess.oculus.so:libOVRMrcLib.oculus.so:libxrstreaminghost.oculus.so:libhzos.meta.so:libhzos_featurejournal.meta.so:libhzos_gaze.meta.so:libhzos_orthofit.meta.so:libhzos_reportstatsevent.meta.so:libhzos_spaces.meta.so:libhzos_trackedinput.meta.so:libhzos_trackingclient.meta.so
12-07 15:20:32.664 I/AppsFilter( 1971): interaction: PackageSetting{a810851 com.example.moonlight_spatialsdk/10176} -> PackageSetting{9ff146a com.android.cts.priv.ctsshim/10005} BLOCKED
12-07 15:20:32.664 I/AppsFilter( 1971): interaction: PackageSetting{a810851 com.example.moonlight_spatialsdk/10176} -> PackageSetting{835210e com.oculus.avatareditor/10085} BLOCKED
12-07 15:20:32.664 I/AppsFilter( 1971): interaction: PackageSetting{a810851 com.example.moonlight_spatialsdk/10176} -> PackageSetting{ed739f8 com.oculus.updater/10075} BLOCKED
12-07 15:20:32.664 I/AppsFilter( 1971): interaction: PackageSetting{a810851 com.example.moonlight_spatialsdk/10176} -> PackageSetting{e032f69 com.sulivan.voicechat/10167} BLOCKED
12-07 15:20:32.664 I/AppsFilter( 1971): interaction: PackageSetting{a810851 com.example.moonlight_spatialsdk/10176} -> PackageSetting{e82c878 com.Norainu.MetacityPatrol/10168} BLOCKED
12-07 15:20:32.664 I/AppsFilter( 1971): interaction: PackageSetting{a810851 com.example.moonlight_spatialsdk/10176} -> PackageSetting{1f20d36 com.oculus.magicislandcastingservice/10059} BLOCKED
12-07 15:20:32.664 I/AppsFilter( 1971): interaction: PackageSetting{a810851 com.example.moonlight_spatialsdk/10176} -> PackageSetting{1da4437 com.oculus.captionservice/10076} BLOCKED
12-07 15:20:32.664 I/AppsFilter( 1971): interaction: PackageSetting{a810851 com.example.moonlight_spatialsdk/10176} -> PackageSetting{d85872f com.meta.rl.trust.service/10080} BLOCKED
12-07 15:20:32.664 I/AppsFilter( 1971): interaction: PackageSetting{a810851 com.example.moonlight_spatialsdk/10176} -> PackageSetting{f49c6c2 com.ubisoft.StarTrekTNG/10156} BLOCKED
12-07 15:20:32.664 I/AppsFilter( 1971): interaction: PackageSetting{a810851 com.example.moonlight_spatialsdk/10176} -> PackageSetting{904ecd3 com.tripp.tripp_client_unity/10169} BLOCKED
12-07 15:20:32.664 I/AppsFilter( 1971): interaction: PackageSetting{a810851 com.example.moonlight_spatialsdk/10176} -> PackageSetting{b1c1bdd com.facebook.horizon/10118} BLOCKED
12-07 15:20:32.665 I/AppsFilter( 1971): interaction: PackageSetting{a810851 com.example.moonlight_spatialsdk/10176} -> PackageSetting{de2709 com.oculus.browser/10101} BLOCKED
12-07 15:20:32.665 I/AppsFilter( 1971): interaction: PackageSetting{a810851 com.example.moonlight_spatialsdk/10176} -> PackageSetting{8718d0e com.android.htmlviewer/10031} BLOCKED
12-07 15:20:32.665 I/AppsFilter( 1971): interaction: PackageSetting{a810851 com.example.moonlight_spatialsdk/10176} -> PackageSetting{827832f com.whatsapp/10114} BLOCKED
12-07 15:20:32.665 I/AppsFilter( 1971): interaction: PackageSetting{a810851 com.example.moonlight_spatialsdk/10176} -> PackageSetting{8255d3c com.oculus.cvp/10094} BLOCKED
12-07 15:20:32.665 I/AppsFilter( 1971): interaction: PackageSetting{a810851 com.example.moonlight_spatialsdk/10176} -> PackageSetting{2b92ac5 com.oculus.systemintelligence/10153} BLOCKED
12-07 15:20:32.665 I/AppsFilter( 1971): interaction: PackageSetting{a810851 com.example.moonlight_spatialsdk/10176} -> PackageSetting{d3d6c1a com.meta.curio.toybox/10117} BLOCKED
12-07 15:20:32.665 I/AppsFilter( 1971): interaction: PackageSetting{a810851 com.example.moonlight_spatialsdk/10176} -> PackageSetting{33234b com.meta.shell.env.vista.focused/10166} BLOCKED
12-07 15:20:32.665 I/AppsFilter( 1971): interaction: PackageSetting{a810851 com.example.moonlight_spatialsdk/10176} -> PackageSetting{1891128 com.meta.curio.ruler/10111} BLOCKED
12-07 15:20:32.665 I/AppsFilter( 1971): interaction: PackageSetting{a810851 com.example.moonlight_spatialsdk/10176} -> PackageSetting{786ae41 com.oculus.accountscenter/10107} BLOCKED
12-07 15:20:32.665 I/AppsFilter( 1971): interaction: PackageSetting{a810851 com.example.moonlight_spatialsdk/10176} -> PackageSetting{9ca1c4e com.oculus.identitymanagement.service/10063} BLOCKED
12-07 15:20:32.665 I/AppsFilter( 1971): interaction: PackageSetting{a810851 com.example.moonlight_spatialsdk/10176} -> PackageSetting{4b62fe6 com.TacticalNounours.QuantumVoid/10143} BLOCKED
12-07 15:20:32.665 I/AppsFilter( 1971): interaction: PackageSetting{a810851 com.example.moonlight_spatialsdk/10176} -> PackageSetting{60ea927 VirtualDesktop.Android/10161} BLOCKED
12-07 15:20:32.665 I/AppsFilter( 1971): interaction: PackageSetting{a810851 com.example.moonlight_spatialsdk/10176} -> PackageSetting{6f217d4 com.oculus.loneechoavalanche/10165} BLOCKED
12-07 15:20:32.665 I/AppsFilter( 1971): interaction: PackageSetting{a810851 com.example.moonlight_spatialsdk/10176} -> PackageSetting{a4eed7d com.oculus.settings.rro/10119} BLOCKED
12-07 15:20:32.665 I/AppsFilter( 1971): interaction: PackageSetting{a810851 com.example.moonlight_spatialsdk/10176} -> PackageSetting{ba56472 com.meta.AccountsCenter.pwa/10098} BLOCKED
12-07 15:20:32.665 I/AppsFilter( 1971): interaction: PackageSetting{a810851 com.example.moonlight_spatialsdk/10176} -> PackageSetting{5636352 com.oculus.facebook/10113} BLOCKED
12-07 15:20:32.665 I/AppsFilter( 1971): interaction: PackageSetting{a810851 com.example.moonlight_spatialsdk/10176} -> PackageSetting{d42dd40 com.meta.android.rro/10001} BLOCKED
12-07 15:20:32.665 I/AppsFilter( 1971): interaction: PackageSetting{a810851 com.example.moonlight_spatialsdk/10176} -> PackageSetting{461e479 com.oculus.integrity/10051} BLOCKED
12-07 15:20:32.665 I/AppsFilter( 1971): interaction: PackageSetting{a810851 com.example.moonlight_spatialsdk/10176} -> PackageSetting{fe155be com.android.connectivity.resources/10008} BLOCKED
12-07 15:20:32.665 I/AppsFilter( 1971): interaction: PackageSetting{a810851 com.example.moonlight_spatialsdk/10176} -> PackageSetting{a05961f com.android.modulemetadata/10040} BLOCKED
12-07 15:20:32.665 I/AppsFilter( 1971): interaction: PackageSetting{a810851 com.example.moonlight_spatialsdk/10176} -> PackageSetting{3188d6c com.twistedpixelgames.PILO/10175} BLOCKED
12-07 15:20:32.665 I/AppsFilter( 1971): interaction: PackageSetting{a810851 com.example.moonlight_spatialsdk/10176} -> PackageSetting{a134f35 al.quest.pickleball.forfunlabs/10172} BLOCKED
12-07 15:20:32.665 I/AppsFilter( 1971): interaction: PackageSetting{a810851 com.example.moonlight_spatialsdk/10176} -> PackageSetting{4590fca com.oculus.panelapp.kiosk/10038} BLOCKED
12-07 15:20:32.665 I/AppsFilter( 1971): interaction: PackageSetting{a810851 com.example.moonlight_spatialsdk/10176} -> PackageSetting{cf7753b com.oculus.panelapp.settings/10079} BLOCKED
12-07 15:20:32.665 I/AppsFilter( 1971): interaction: PackageSetting{a810851 com.example.moonlight_spatialsdk/10176} -> PackageSetting{e65113c com.oculus.systemutilities/10048} BLOCKED
