12-07 11:35:29.388 I/AppsFilter( 1971): interaction: PackageSetting{368c806 com.example.moonlight_spatialsdk/10176} -> PackageSetting{a4eed7d com.oculus.settings.rro/10119} BLOCKED
12-07 11:35:29.388 I/AppsFilter( 1971): interaction: PackageSetting{368c806 com.example.moonlight_spatialsdk/10176} -> PackageSetting{ba56472 com.meta.AccountsCenter.pwa/10098} BLOCKED
12-07 11:35:29.388 I/AppsFilter( 1971): interaction: PackageSetting{368c806 com.example.moonlight_spatialsdk/10176} -> PackageSetting{5636352 com.oculus.facebook/10113} BLOCKED
12-07 11:35:29.388 I/AppsFilter( 1971): interaction: PackageSetting{368c806 com.example.moonlight_spatialsdk/10176} -> PackageSetting{d42dd40 com.meta.android.rro/10001} BLOCKED
12-07 11:35:29.388 I/AppsFilter( 1971): interaction: PackageSetting{368c806 com.example.moonlight_spatialsdk/10176} -> PackageSetting{461e479 com.oculus.integrity/10051} BLOCKED
12-07 11:35:29.388 I/AppsFilter( 1971): interaction: PackageSetting{368c806 com.example.moonlight_spatialsdk/10176} -> PackageSetting{fe155be com.android.connectivity.resources/10008} BLOCKED
12-07 11:35:29.388 I/AppsFilter( 1971): interaction: PackageSetting{368c806 com.example.moonlight_spatialsdk/10176} -> PackageSetting{a05961f com.android.modulemetadata/10040} BLOCKED
12-07 11:35:29.388 I/AppsFilter( 1971): interaction: PackageSetting{368c806 com.example.moonlight_spatialsdk/10176} -> PackageSetting{3188d6c com.twistedpixelgames.PILO/10175} BLOCKED
12-07 11:35:29.388 I/AppsFilter( 1971): interaction: PackageSetting{368c806 com.example.moonlight_spatialsdk/10176} -> PackageSetting{a134f35 al.quest.pickleball.forfunlabs/10172} BLOCKED
12-07 11:35:29.388 I/AppsFilter( 1971): interaction: PackageSetting{368c806 com.example.moonlight_spatialsdk/10176} -> PackageSetting{4590fca com.oculus.panelapp.kiosk/10038} BLOCKED
12-07 11:35:29.388 I/AppsFilter( 1971): interaction: PackageSetting{368c806 com.example.moonlight_spatialsdk/10176} -> PackageSetting{cf7753b com.oculus.panelapp.settings/10079} BLOCKED
12-07 11:35:29.388 I/AppsFilter( 1971): interaction: PackageSetting{368c806 com.example.moonlight_spatialsdk/10176} -> PackageSetting{e65113c com.oculus.systemutilities/10048} BLOCKED
12-07 11:35:29.388 I/AppsFilter( 1971): interaction: PackageSetting{368c806 com.example.moonlight_spatialsdk/10176} -> PackageSetting{736a9b1 com.CortopiaStudios.Graves/10145} BLOCKED
12-07 11:35:29.388 I/AppsFilter( 1971): interaction: PackageSetting{368c806 com.example.moonlight_spatialsdk/10176} -> PackageSetting{9e05e96 com.oculus.firsttimenux/10034} BLOCKED
12-07 11:35:29.388 I/AppsFilter( 1971): interaction: PackageSetting{368c806 com.example.moonlight_spatialsdk/10176} -> PackageSetting{cb0cec5 com.oculus.store/10088} BLOCKED
12-07 11:35:29.388 I/AppsFilter( 1971): interaction: PackageSetting{368c806 com.example.moonlight_spatialsdk/10176} -> PackageSetting{b51e04 com.meta.samples.NorthStar/10149} BLOCKED
12-07 11:35:29.388 I/AppsFilter( 1971): interaction: PackageSetting{368c806 com.example.moonlight_spatialsdk/10176} -> PackageSetting{75b2fed com.oculus.socialplatform/10103} BLOCKED
12-07 11:35:29.388 I/AppsFilter( 1971): interaction: PackageSetting{368c806 com.example.moonlight_spatialsdk/10176} -> PackageSetting{8bbce22 com.oculus.horizonmediaplayer/10108} BLOCKED
12-07 11:35:29.388 I/AppsFilter( 1971): interaction: PackageSetting{368c806 com.example.moonlight_spatialsdk/10176} -> PackageSetting{11150b3 com.android.webview/10042} BLOCKED
12-07 11:35:29.389 I/AppsFilter( 1971): interaction: PackageSetting{368c806 com.example.moonlight_spatialsdk/10176} -> PackageSetting{8681670 com.oculus.vrprivacycheckup/10110} BLOCKED
12-07 11:35:29.389 I/AppsFilter( 1971): interaction: PackageSetting{368c806 com.example.moonlight_spatialsdk/10176} -> PackageSetting{5c7dde9 com.meta.shell.env.vista.central/10160} BLOCKED
12-07 11:35:29.389 I/AppsFilter( 1971): interaction: PackageSetting{368c806 com.example.moonlight_spatialsdk/10176} -> PackageSetting{6ecaa6e com.oculus.panelapp.library/10049} BLOCKED
12-07 11:35:29.389 I/AppsFilter( 1971): interaction: PackageSetting{368c806 com.example.moonlight_spatialsdk/10176} -> PackageSetting{dc6450f horizon.platform.providers/10137} BLOCKED
12-07 11:35:29.389 I/AppsFilter( 1971): interaction: PackageSetting{368c806 com.example.moonlight_spatialsdk/10176} -> PackageSetting{f10299c com.oculus.systemresource/10097} BLOCKED
12-07 11:35:29.389 I/AppsFilter( 1971): interaction: PackageSetting{368c806 com.example.moonlight_spatialsdk/10176} -> PackageSetting{1376fa5 com.microsoft.rdc.androidx/10157} BLOCKED
12-07 11:35:29.389 I/AppsFilter( 1971): interaction: PackageSetting{368c806 com.example.moonlight_spatialsdk/10176} -> PackageSetting{73cff7a com.gameboomvr.CookingSimulatorVR/10152} BLOCKED
12-07 11:35:29.389 I/AppsFilter( 1971): interaction: PackageSetting{368c806 com.example.moonlight_spatialsdk/10176} -> PackageSetting{d2c232b com.oculus.guardiansetup/10142} BLOCKED
12-07 11:35:29.389 I/AppsFilter( 1971): interaction: PackageSetting{368c806 com.example.moonlight_spatialsdk/10176} -> PackageSetting{7a6401a com.oculus.hzosgallery/10121} BLOCKED
12-07 11:35:29.389 I/AppsFilter( 1971): interaction: PackageSetting{368c806 com.example.moonlight_spatialsdk/10176} -> PackageSetting{f546121 horizon.platform.service/10140} BLOCKED
12-07 11:35:29.389 I/AppsFilter( 1971): interaction: PackageSetting{368c806 com.example.moonlight_spatialsdk/10176} -> PackageSetting{d0b9946 horizonos.theme.quest.rro/10037} BLOCKED
12-07 11:35:29.389 I/AppsFilter( 1971): interaction: PackageSetting{368c806 com.example.moonlight_spatialsdk/10176} -> PackageSetting{8c7c707 com.oculus.os.qrcodereader/10057} BLOCKED
12-07 11:35:29.389 I/AppsFilter( 1971): interaction: PackageSetting{368c806 com.example.moonlight_spatialsdk/10176} -> PackageSetting{ca32248 com.android.wifi.resources/10003} BLOCKED
12-07 11:35:29.389 I/AppsFilter( 1971): interaction: PackageSetting{368c806 com.example.moonlight_spatialsdk/10176} -> PackageSetting{21e1034 com.meta.mqdh.mqdhservice/10174} BLOCKED
12-07 11:35:29.389 I/AppsFilter( 1971): interaction: PackageSetting{368c806 com.example.moonlight_spatialsdk/10176} -> PackageSetting{bf4ee5d com.oculus.systemux/10066} BLOCKED
12-07 11:35:29.389 I/AppsFilter( 1971): interaction: PackageSetting{368c806 com.example.moonlight_spatialsdk/10176} -> PackageSetting{d803d2 com.meta.surfacetypingnux/10151} BLOCKED
12-07 11:35:29.389 I/AppsFilter( 1971): interaction: PackageSetting{368c806 com.example.moonlight_spatialsdk/10176} -> PackageSetting{38fcca3 com.oculus.oemconfig/10036} BLOCKED
12-07 11:35:29.389 I/AppsFilter( 1971): interaction: PackageSetting{368c806 com.example.moonlight_spatialsdk/10176} -> PackageSetting{da5fba0 com.meta.handseducationmodule/10104} BLOCKED
12-07 11:35:29.389 I/AppsFilter( 1971): interaction: PackageSetting{368c806 com.example.moonlight_spatialsdk/10176} -> PackageSetting{171359 com.oculus.remotedesktop/10109} BLOCKED
12-07 11:35:29.389 I/AppsFilter( 1971): interaction: PackageSetting{368c806 com.example.moonlight_spatialsdk/10176} -> PackageSetting{18e8b1e com.meta.federatedcomputing.oculus/10067} BLOCKED
12-07 11:35:29.389 I/AppsFilter( 1971): interaction: PackageSetting{368c806 com.example.moonlight_spatialsdk/10176} -> PackageSetting{f488fff com.oculus.q4bservice/10039} BLOCKED
12-07 11:35:29.389 I/AppsFilter( 1971): interaction: PackageSetting{368c806 com.example.moonlight_spatialsdk/10176} -> PackageSetting{bff31cc com.oculus.guidebook/10099} BLOCKED
12-07 11:35:29.389 I/AppsFilter( 1971): interaction: PackageSetting{368c806 com.example.moonlight_spatialsdk/10176} -> PackageSetting{c9c8c15 horizonos.supplement.metauniverse.libraryapk/10150} BLOCKED
12-07 11:35:29.389 I/AppsFilter( 1971): interaction: PackageSetting{368c806 com.example.moonlight_spatialsdk/10176} -> PackageSetting{e943b2a com.oculus.igvr/10116} BLOCKED
12-07 11:35:29.389 I/AppsFilter( 1971): interaction: PackageSetting{368c806 com.example.moonlight_spatialsdk/10176} -> PackageSetting{ba02d1b com.oculus.mrds/10087} BLOCKED
12-07 11:35:29.389 I/AppsFilter( 1971): interaction: PackageSetting{368c806 com.example.moonlight_spatialsdk/10176} -> PackageSetting{ed39eb8 com.AnotherAxiom.A2/10070} BLOCKED
12-07 11:35:29.389 I/AppsFilter( 1971): interaction: PackageSetting{368c806 com.example.moonlight_spatialsdk/10176} -> PackageSetting{76d674b com.facebook.orca/10112} BLOCKED
12-07 11:35:29.389 I/AppsFilter( 1971): interaction: PackageSetting{368c806 com.example.moonlight_spatialsdk/10176} -> PackageSetting{692dff6 com.facebook.workrooms/10163} BLOCKED
12-07 11:35:29.389 I/AppsFilter( 1971): interaction: PackageSetting{368c806 com.example.moonlight_spatialsdk/10176} -> PackageSetting{b0a7ff7 quest.eleven.forfunlabs/10171} BLOCKED
12-07 11:35:29.389 I/AppsFilter( 1971): interaction: PackageSetting{368c806 com.example.moonlight_spatialsdk/10176} -> PackageSetting{67fee64 com.oculus.tv/10091} BLOCKED
12-07 11:35:29.389 I/AppsFilter( 1971): interaction: PackageSetting{368c806 com.example.moonlight_spatialsdk/10176} -> PackageSetting{47328cd com.oculus.panelapp.devicepairing/10138} BLOCKED
12-07 11:35:29.389 I/AppsFilter( 1971): interaction: PackageSetting{368c806 com.example.moonlight_spatialsdk/10176} -> PackageSetting{7050582 com.oculus.userserver2/10058} BLOCKED
12-07 11:35:29.389 I/AppsFilter( 1971): interaction: PackageSetting{368c806 com.example.moonlight_spatialsdk/10176} -> PackageSetting{95d2493 com.netflix.ninja.vr/10006} BLOCKED
12-07 11:35:29.389 I/AppsFilter( 1971): interaction: PackageSetting{368c806 com.example.moonlight_spatialsdk/10176} -> PackageSetting{6da517f com.meta.worlds/10139} BLOCKED
12-07 11:35:29.389 I/AppsFilter( 1971): interaction: PackageSetting{368c806 com.example.moonlight_spatialsdk/10176} -> PackageSetting{e1684c9 com.android.bookmarkprovider/10027} BLOCKED
12-07 11:35:29.389 I/AppsFilter( 1971): interaction: PackageSetting{368c806 com.example.moonlight_spatialsdk/10176} -> PackageSetting{881f7ce com.oculus.guardianresources/10030} BLOCKED
12-07 11:35:29.389 I/AppsFilter( 1971): interaction: PackageSetting{368c806 com.example.moonlight_spatialsdk/10176} -> PackageSetting{2b76ef com.oculus.guardian/10073} BLOCKED
12-07 11:35:29.389 I/AppsFilter( 1971): interaction: PackageSetting{368c806 com.example.moonlight_spatialsdk/10176} -> PackageSetting{c98a5fc com.oculus.explore/10096} BLOCKED
12-07 11:35:29.389 I/AppsFilter( 1971): interaction: PackageSetting{368c806 com.example.moonlight_spatialsdk/10176} -> PackageSetting{c79a485 com.meta.hpiassets/10155} BLOCKED
12-07 11:35:29.389 I/AppsFilter( 1971): interaction: PackageSetting{368c806 com.example.moonlight_spatialsdk/10176} -> PackageSetting{2405539 com.android.cts.ctsshim/10127} BLOCKED
12-07 11:35:29.389 I/AppsFilter( 1971): interaction: PackageSetting{368c806 com.example.moonlight_spatialsdk/10176} -> PackageSetting{3c9c2da com.oculus.q4b.mdm/10041} BLOCKED
12-07 11:35:29.389 I/AppsFilter( 1971): interaction: PackageSetting{368c806 com.example.moonlight_spatialsdk/10176} -> PackageSetting{4e2930b com.meta.shell.env.footprint.haven2025/10159} BLOCKED
12-07 11:35:29.389 I/AppsFilter( 1971): interaction: PackageSetting{368c806 com.example.moonlight_spatialsdk/10176} -> PackageSetting{2c825e8 Immersed.quest/10162} BLOCKED
12-07 11:35:29.389 I/AppsFilter( 1971): interaction: PackageSetting{368c806 com.example.moonlight_spatialsdk/10176} -> PackageSetting{4350401 com.oculus.permissioncontroller.rro/10000} BLOCKED
12-07 11:35:29.389 I/AppsFilter( 1971): interaction: PackageSetting{368c806 com.example.moonlight_spatialsdk/10176} -> PackageSetting{deb0663 com.valinor/10106} BLOCKED
12-07 11:35:29.389 I/AppsFilter( 1971): interaction: PackageSetting{368c806 com.example.moonlight_spatialsdk/10176} -> PackageSetting{b9132a6 com.meta.environment.prod.nuxd/10033} BLOCKED
12-07 11:35:29.389 I/AppsFilter( 1971): interaction: PackageSetting{368c806 com.example.moonlight_spatialsdk/10176} -> PackageSetting{ca554e7 com.oculus.helpcenter/10105} BLOCKED
12-07 11:35:29.389 I/AppsFilter( 1971): interaction: PackageSetting{368c806 com.example.moonlight_spatialsdk/10176} -> PackageSetting{3edb894 com.android.hotspot2.osulogin/10004} BLOCKED
12-07 11:35:29.389 I/AppsFilter( 1971): interaction: PackageSetting{368c806 com.example.moonlight_spatialsdk/10176} -> PackageSetting{ecdf3d com.camouflaj.manta/10022} BLOCKED
12-07 11:35:29.389 I/AppsFilter( 1971): interaction: PackageSetting{368c806 com.example.moonlight_spatialsdk/10176} -> PackageSetting{70dd332 com.oculus.quickpromotionservice/10082} BLOCKED
12-07 11:35:29.389 I/AppsFilter( 1971): interaction: PackageSetting{368c806 com.example.moonlight_spatialsdk/10176} -> PackageSetting{e100528 com.oculus.paracosmaavalanche/10164} BLOCKED
12-07 11:35:29.389 I/AppsFilter( 1971): interaction: PackageSetting{368c806 com.example.moonlight_spatialsdk/10176} -> PackageSetting{337ca00 com.facebook.arvr.quillplayer/10115} BLOCKED
12-07 11:35:29.389 I/AppsFilter( 1971): interaction: PackageSetting{368c806 com.example.moonlight_spatialsdk/10176} -> PackageSetting{a4d3239 com.LuckyVR.PokerStarsVR/10090} BLOCKED
12-07 11:35:29.389 I/AppsFilter( 1971): interaction: PackageSetting{368c806 com.example.moonlight_spatialsdk/10176} -> PackageSetting{941f07e com.meta.HyperscapeHmdCapture/10158} BLOCKED
12-07 11:35:29.389 I/AppsFilter( 1971): interaction: PackageSetting{368c806 com.example.moonlight_spatialsdk/10176} -> PackageSetting{7cdf9df com.android.captiveportallogin/10028} BLOCKED
12-07 11:35:29.389 I/AppsFilter( 1971): interaction: PackageSetting{368c806 com.example.moonlight_spatialsdk/10176} -> PackageSetting{64f862c com.oculus.panelapp.calendar/10086} BLOCKED
12-07 11:35:29.389 I/AppsFilter( 1971): interaction: PackageSetting{368c806 com.example.moonlight_spatialsdk/10176} -> PackageSetting{cc5b8f5 com.oculus.highwindservice/10141} BLOCKED
12-07 11:35:29.389 I/AppsFilter( 1971): interaction: PackageSetting{368c806 com.example.moonlight_spatialsdk/10176} -> PackageSetting{8cbe995 com.meta.pclinkservice.server/10047} BLOCKED
12-07 11:35:29.389 I/AppsFilter( 1971): interaction: PackageSetting{368c806 com.example.moonlight_spatialsdk/10176} -> PackageSetting{244d918 com.meta.transport/10120} BLOCKED
12-07 11:35:29.389 I/AppsFilter( 1971): interaction: PackageSetting{368c806 com.example.moonlight_spatialsdk/10176} -> PackageSetting{205ef71 com.oculus.configuration/10055} BLOCKED
12-07 11:35:29.390 I/OpenXR  (10713): Loading 64-bit Runtime.
12-07 11:35:29.392 E/TrackedObjectManager( 2832): Failed to connect to TrackedObjectService with error Status(-129, EX_TRANSACTION_FAILED): 'DEAD_OBJECT: '
12-07 11:35:29.392 W/OSDynamicObjectDataQuerier( 2832): Attempted to start tracking objects when tracker was already started
12-07 11:35:29.392 E/TrackedObjectManager( 2832): Failed to connect to TrackedObjectService with error Status(-129, EX_TRANSACTION_FAILED): 'DEAD_OBJECT: '
12-07 11:35:29.392 E/TrackedObjectManager( 2832): Failed to start tracking keyboard object with error Status(-129, EX_TRANSACTION_FAILED): 'DEAD_OBJECT: '
12-07 11:35:29.406 E/TrackedObjectManager( 2832): Failed to connect to TrackedObjectService with error Status(-129, EX_TRANSACTION_FAILED): 'DEAD_OBJECT: '
12-07 11:35:29.406 W/OSDynamicObjectDataQuerier( 2832): Attempted to start tracking objects when tracker was already started
12-07 11:35:29.406 E/TrackedObjectManager( 2832): Failed to connect to TrackedObjectService with error Status(-129, EX_TRANSACTION_FAILED): 'DEAD_OBJECT: '
12-07 11:35:29.406 E/TrackedObjectManager( 2832): Failed to start tracking keyboard object with error Status(-129, EX_TRANSACTION_FAILED): 'DEAD_OBJECT: '
12-07 11:35:29.411 I/VrRuntimeClient(10713): VrRuntimeClient(): 0x75c7d2f380
12-07 11:35:29.413 D/OsSdkLoader(10713): OSSDK loading module 'libossdk.oculus.so'
12-07 11:35:29.420 E/TrackedObjectManager( 2832): Failed to connect to TrackedObjectService with error Status(-129, EX_TRANSACTION_FAILED): 'DEAD_OBJECT: '
12-07 11:35:29.420 W/OSDynamicObjectDataQuerier( 2832): Attempted to start tracking objects when tracker was already started
12-07 11:35:29.420 E/TrackedObjectManager( 2832): Failed to connect to TrackedObjectService with error Status(-129, EX_TRANSACTION_FAILED): 'DEAD_OBJECT: '
12-07 11:35:29.420 E/TrackedObjectManager( 2832): Failed to start tracking keyboard object with error Status(-129, EX_TRANSACTION_FAILED): 'DEAD_OBJECT: '
12-07 11:35:29.434 E/TrackedObjectManager( 2832): Failed to connect to TrackedObjectService with error Status(-129, EX_TRANSACTION_FAILED): 'DEAD_OBJECT: '
12-07 11:35:29.434 W/OSDynamicObjectDataQuerier( 2832): Attempted to start tracking objects when tracker was already started
12-07 11:35:29.434 E/TrackedObjectManager( 2832): Failed to connect to TrackedObjectService with error Status(-129, EX_TRANSACTION_FAILED): 'DEAD_OBJECT: '
12-07 11:35:29.434 E/TrackedObjectManager( 2832): Failed to start tracking keyboard object with error Status(-129, EX_TRANSACTION_FAILED): 'DEAD_OBJECT: '
12-07 11:35:29.448 E/TrackedObjectManager( 2832): Failed to connect to TrackedObjectService with error Status(-129, EX_TRANSACTION_FAILED): 'DEAD_OBJECT: '
12-07 11:35:29.448 W/OSDynamicObjectDataQuerier( 2832): Attempted to start tracking objects when tracker was already started
12-07 11:35:29.448 E/TrackedObjectManager( 2832): Failed to connect to TrackedObjectService with error Status(-129, EX_TRANSACTION_FAILED): 'DEAD_OBJECT: '
12-07 11:35:29.448 E/TrackedObjectManager( 2832): Failed to start tracking keyboard object with error Status(-129, EX_TRANSACTION_FAILED): 'DEAD_OBJECT: '
12-07 11:35:29.449 I/DriverLoader(10713): Calling into SetLegacyVrApiEntryPointOverride
12-07 11:35:29.449 I/VrApi_DriverLoader(10713): SetLegacyVrApiEntryPointOverride: calling sprintf
12-07 11:35:29.449 I/VrApi_DriverLoader(10713): SetLegacyVrApiEntryPointOverride: env buffer is '0x75c7c82bc8'
12-07 11:35:29.449 I/VrApi_DriverLoader(10713): SetLegacyVrApiEntryPointOverride: calling setenv
12-07 11:35:29.449 I/DriverLoader(10713): Creating Temp JNIEnv
12-07 11:35:29.449 I/DriverLoader(10713): Calling FindClass
12-07 11:35:29.449 I/DriverLoader(10713): Calling RegisterNativeVrApiLoaderMethods
12-07 11:35:29.449 I/VrApi_DriverLoader(10713): RegisterNativeVrApiLoaderMethods: calling RegisterNatives
12-07 11:35:29.449 I/DriverLoader(10713): Calling RegisterNativeXrLoaderMethods
12-07 11:35:29.449 I/OpenXR_DriverLoader(10713): RegisterNativeVrApiLoaderMethods: calling RegisterNatives
12-07 11:35:29.449 I/DriverLoader(10713): Exiting JNI_OnLoad
12-07 11:35:29.450 I/OpenXR_ClientState(10713): OpenXRClientState::create - from xrInitializeLoaderKHR
12-07 11:35:29.450 I/XrRuntimeSharedClientState(10713): SharedClientState::create called from 'OpenXRClientState::init'
12-07 11:35:29.450 I/ipcLoader [RUNTIMEIPC](10713): RuntimeIPC: Loader: IPC Service API Loader Version: 81 Dec  4 2025 07:47:30
12-07 11:35:29.451 I/ipcLoader [RUNTIMEIPC](10713): Using android_get_exported_namespace: libripcclient.oculus.so
12-07 11:35:29.457 I/ipcLoader [RUNTIMEIPC](10713): android_get_exported_namespace SUCCESS: libripcclient.oculus.so
12-07 11:35:29.458 I/RuntimeIPCSystem [RUNTIMEIPC](10713): RuntimeIPCSystem: Init called: Version: 81, Platform: Android, Build Date: Dec  2 2025, Build Time: 09:26:03, BuildMode: shared
12-07 11:35:29.458 I/MultiInstanceDetector [RUNTIMEIPC](10713): Multiple instances check passed. Socket name: INSTANCE_DETECTOR:10713
12-07 11:35:29.458 D/OsSdkLoader(10713): OSSDK loading module 'libossdk.oculus.so'
12-07 11:35:29.459 W/RuntimeIPCSystem [RUNTIMEIPC](10713): Init: Java VM is null
12-07 11:35:29.459 D/OsSdkLoader(10713): OSSDK loading module 'libripcmanager.oculus.so'
12-07 11:35:29.462 E/TrackedObjectManager( 2832): Failed to connect to TrackedObjectService with error Status(-129, EX_TRANSACTION_FAILED): 'DEAD_OBJECT: '
12-07 11:35:29.462 W/OSDynamicObjectDataQuerier( 2832): Attempted to start tracking objects when tracker was already started
12-07 11:35:29.462 E/TrackedObjectManager( 2832): Failed to connect to TrackedObjectService with error Status(-129, EX_TRANSACTION_FAILED): 'DEAD_OBJECT: '
12-07 11:35:29.462 E/TrackedObjectManager( 2832): Failed to start tracking keyboard object with error Status(-129, EX_TRANSACTION_FAILED): 'DEAD_OBJECT: '
12-07 11:35:29.464 I/RuntimeIpcManager(10713): RuntimeIpcManager: attempting to get a service connection
12-07 11:35:29.464 I/RuntimeIpcBroker( 1159): [RuntimeIpcBroker] Attempting to retrieve package name and version for client
12-07 11:35:29.464 I/RuntimeIpcBroker( 1159): [RuntimeIpcBroker] Retrieving service manager for com.example.moonlight_spatialsdk
12-07 11:35:29.464 I/RuntimeIpcBroker( 1159): [RuntimeIpcBroker] Retrieving permission service [binder] from service manager for com.example.moonlight_spatialsdk
12-07 11:35:29.464 I/RuntimeIpcBroker( 1159): [RuntimeIpcBroker] Succesfully retrieved permission service [binder] from service manager for com.example.moonlight_spatialsdk
12-07 11:35:29.464 I/RuntimeIpcBroker( 1159): [RuntimeIpcBroker] Retrieving service manager for com.example.moonlight_spatialsdk
12-07 11:35:29.464 I/RuntimeIpcBroker( 1159): [RuntimeIpcBroker] Retrieving package_native service [binder] for com.example.moonlight_spatialsdk
12-07 11:35:29.464 I/RuntimeIpcBroker( 1159): [RuntimeIpcBroker] Succesfully retrieved package_native service [binder] for com.example.moonlight_spatialsdk
12-07 11:35:29.465 I/RuntimeIpcBroker( 1159): [RuntimeIpcBroker] Attempting to connect: com.example.moonlight_spatialsdk -- com.example.moonlight_spatialsdk, [uid: 10176, pid: 10713]
12-07 11:35:29.465 I/RuntimeIpcBroker( 1159): [RuntimeIpcBroker] Connections lock acquired
12-07 11:35:29.465 I/RuntimeIPCService [RUNTIMEIPC]( 1159): CreateBrokerConnection: Pre-lock BrokerConnections.Mutex: packageName: com.example.moonlight_spatialsdk, processName: com.example.moonlight_spatialsdk, pid: 10713
12-07 11:35:29.465 I/RuntimeIPCService [RUNTIMEIPC]( 1159): CreateBrokerConnection: [Client Descriptor - 10713:com.example.moonlight_spatialsdk:com.example.moonlight_spatialsdk] [Connection Id - -296584861]
12-07 11:35:29.466 I/RuntimeIpcBroker( 1159): [RuntimeIpcBroker] initClientId successful on client binder
12-07 11:35:29.466 I/RuntimeIpcBroker( 1159): [RuntimeIpcBroker] Connection established for com.example.moonlight_spatialsdk -- com.example.moonlight_spatialsdk, [uid: 10176, pid: 10713]
12-07 11:35:29.466 I/RuntimeIpcManager(10713): RuntimeIpcManager: Binder call to service->connect SUCCESS
12-07 11:35:29.466 V/RuntimeIPCService [RUNTIMEIPC]( 1159): GetServiceBinder: com.example.moonlight_spatialsdk:com.example.moonlight_spatialsdk:10713
12-07 11:35:29.466 V/IPCDataChannelAndroidBinder [RUNTIMEIPC]( 1159): alloc binder info: 86
12-07 11:35:29.466 D/IPCDataChannelServer [RUNTIMEIPC]( 1159): Connected: 3998382435, com.example.moonlight_spatialsdk:com.example.moonlight_spatialsdk:10713
12-07 11:35:29.466 I/BrokerRPC [RUNTIMEIPC](10713): InitRPCToServiceInternal: Success
12-07 11:35:29.467 I/RuntimeIPCSystem [RUNTIMEIPC](10713): RuntimeIPCSystem: Init SUCCESS: Version: 81, Platform: Android, Build Date: Dec  2 2025, Build Time: 09:26:03, BuildMode: shared
12-07 11:35:29.467 W/RuntimeIPCService [RUNTIMEIPC]( 1159): SetServerList: Connection not allowed to register servers. Package: com.example.moonlight_spatialsdk, Process: com.example.moonlight_spatialsdk
12-07 11:35:29.467 I/RipcServerMgr [RUNTIMEIPC](10713): UpdateServerListOnBroker (pid: 10713): SUCCESS (shouldNotify=true): []
12-07 11:35:29.468 I/RuntimeIpcHelperService( 1971): Going to start ComponentInfo{com.oculus.systemdriver/com.oculus.vrruntimeservice.VrRuntimeService} as foreground, Calling uid: 10176 pid: 10713
12-07 11:35:29.470 I/ClientProcessConnector [RUNTIMEIPC](10713): GetProcessConnection: com.oculus.systemdriver:com.oculus.vrruntimeservice
12-07 11:35:29.471 I/RipcServerClientHandler [RUNTIMEIPC]( 2832): Event buffer size (server): 8192
12-07 11:35:29.471 I/RipcServerMgr [RUNTIMEIPC]( 2832): HandleClientConnect SUCCESS: Client: com.example.moonlight_spatialsdk:com.example.moonlight_spatialsdk:10713:, Server: com.oculus.systemdriver:com.oculus.vrruntimeservice (gkcache)
12-07 11:35:29.471 I/RipcClient [RUNTIMEIPC](10713): Event buffer size (client): 8192
12-07 11:35:29.472 I/RipcClient [RUNTIMEIPC](10713): TryToGetIPCResourcesFromServer: RPC_CONNECTOR_CONNECT_TO_SERVER SUCCESS: Client: com.example.moonlight_spatialsdk:com.example.moonlight_spatialsdk:10713, Server: com.oculus.systemdriver:com.oculus.vrruntimeservice:0 (gkcache), Version: 81, Platform: Android, Build Date: Dec  2 2025, Build Time: 09:26:03, BuildMode: shared
12-07 11:35:29.472 I/RipcClient [RUNTIMEIPC](10713): EnsureServerConnection: SUCCESS. Client: com.example.moonlight_spatialsdk:com.example.moonlight_spatialsdk:10713, Server: com.oculus.systemdriver:com.oculus.vrruntimeservice:0 (gkcache)
12-07 11:35:29.472 I/RipcClient [RUNTIMEIPC](10713): [RIPC_CONNECT_LOG] ConnectToServer: SUCCESS: Client: com.example.moonlight_spatialsdk:com.example.moonlight_spatialsdk:10713, Server: com.oculus.systemdriver:com.oculus.vrruntimeservice:0 (gkcache)
12-07 11:35:29.472 W/REFLECT [RUNTIMEIPC]( 2832): Disabling all permissions (ONLY USE IN TESTS): 3998379110:com.example.moonlight_spatialsdk/com.example.moonlight_spatialsdk (10176:10713), mask: 11111111111111111111111111111111
12-07 11:35:29.472 I/GkCacheQuerierServer( 2832): Client 3998379110 from com.example.moonlight_spatialsdk:10713 connected.
12-07 11:35:29.474 I/RipcClient [RUNTIMEIPC](10713): InitServerStateBuffer: SUCCESS. 0, Client: com.example.moonlight_spatialsdk:com.example.moonlight_spatialsdk:10713, Server: com.oculus.systemdriver:com.oculus.vrruntimeservice:0 (gkcache)
12-07 11:35:29.475 I/OpenXR_ClientState(10713): Client state creation succeeded.
12-07 11:35:29.475 V/OpenXR  (10713): OpenXRForwardLoader::xrInitializeLoaderKHR [end]
12-07 11:35:29.475 V/OpenXR  (10713): OpenXRForwardLoader::xrNegotiateLoaderRuntimeInterface [start]
12-07 11:35:29.475 E/TrackedObjectManager( 2832): Failed to connect to TrackedObjectService with error Status(-129, EX_TRANSACTION_FAILED): 'DEAD_OBJECT: '
12-07 11:35:29.475 W/OSDynamicObjectDataQuerier( 2832): Attempted to start tracking objects when tracker was already started
12-07 11:35:29.475 E/TrackedObjectManager( 2832): Failed to connect to TrackedObjectService with error Status(-129, EX_TRANSACTION_FAILED): 'DEAD_OBJECT: '
12-07 11:35:29.475 E/TrackedObjectManager( 2832): Failed to start tracking keyboard object with error Status(-129, EX_TRANSACTION_FAILED): 'DEAD_OBJECT: '
12-07 11:35:29.475 V/OpenXR  (10713): OpenXRForwardLoader::xrNegotiateLoaderRuntimeInterface [end]
12-07 11:35:29.476 I/OpenXR-Loader(10713): Info [GENERAL | xrEnumerateInstanceExtensionProperties | OpenXR-Loader] : RuntimeInterface::LoadRuntime succeeded loading runtime defined in manifest file /odm/etc/openxr/1/active_runtime.aarch64.json using interface version 1 and OpenXR API version 1.0
12-07 11:35:29.484 I/ApplicationAttributes(10713): IsPrivileged 0
12-07 11:35:29.484 I/OpenXR  (10713): Is_X_PartnerGateKeeper
12-07 11:35:29.484 I/OpenXR  (10713): PGK Status: exp = 0, dc = true
12-07 11:35:29.484 I/OpenXR  (10713): Extension status: APC
12-07 11:35:29.486 I/ApplicationAttributes(10713): IsSystem 0
12-07 11:35:29.483 W/Thread-4(10713): type=1400 audit(0.0:2977): avc:  denied  { search } for  name="soc0" dev="sysfs" ino=67225 scontext=u:r:untrusted_app:s0:c176,c256,c512,c768 tcontext=u:object_r:vendor_sysfs_soc:s0 tclass=dir permissive=0 app=com.example.moonlight_spatialsdk
12-07 11:35:29.483 W/Thread-4(10713): type=1400 audit(0.0:2978): avc:  denied  { search } for  name="soc0" dev="sysfs" ino=67225 scontext=u:r:untrusted_app:s0:c176,c256,c512,c768 tcontext=u:object_r:vendor_sysfs_soc:s0 tclass=dir permissive=0 app=com.example.moonlight_spatialsdk
12-07 11:35:29.483 W/Thread-4(10713): type=1400 audit(0.0:2979): avc:  denied  { search } for  name="soc0" dev="sysfs" ino=67225 scontext=u:r:untrusted_app:s0:c176,c256,c512,c768 tcontext=u:object_r:vendor_sysfs_soc:s0 tclass=dir permissive=0 app=com.example.moonlight_spatialsdk
12-07 11:35:29.489 E/libosutils(10713): Failed to get real path of file '/sys/devices/soc0/platform_subtype_id', err: Permission denied
12-07 11:35:29.489 E/libosutils(10713): Failed to get real path of file '/sys/devices/soc0/platform_version', err: Permission denied
12-07 11:35:29.489 W/libdeviceid(10713): DeviceId unknown with subtype FFFFFFFF and version: 0xFFFFFFFF
12-07 11:35:29.489 E/TrackedObjectManager( 2832): Failed to connect to TrackedObjectService with error Status(-129, EX_TRANSACTION_FAILED): 'DEAD_OBJECT: '
12-07 11:35:29.489 W/OSDynamicObjectDataQuerier( 2832): Attempted to start tracking objects when tracker was already started
12-07 11:35:29.489 E/TrackedObjectManager( 2832): Failed to connect to TrackedObjectService with error Status(-129, EX_TRANSACTION_FAILED): 'DEAD_OBJECT: '
12-07 11:35:29.489 E/TrackedObjectManager( 2832): Failed to start tracking keyboard object with error Status(-129, EX_TRANSACTION_FAILED): 'DEAD_OBJECT: '
12-07 11:35:29.490 E/VrDeviceManagerService( 1166): Permission denied: process 10713 (uid 10176) doesn't have the required permission: horizonos.permission.SET_VR_DEVICE_PARAMS
12-07 11:35:29.490 E/VrDeviceManagerService( 1166): Permission denied: process 10713 (uid 10176) doesn't have the required permission: horizonos.permission.READ_VR_DEVICE_PARAMS
12-07 11:35:29.491 E/VrDeviceManagerService( 1166): Permission denied: process 10713 (uid 10176) doesn't have the required permission: horizonos.permission.SET_VR_DEVICE_PARAMS
12-07 11:35:29.491 E/VrDeviceManagerService( 1166): Permission denied: process 10713 (uid 10176) doesn't have the required permission: horizonos.permission.READ_VR_DEVICE_PARAMS
12-07 11:35:29.491 E/VrDeviceManagerService( 1166): Permission denied: process 10713 (uid 10176) doesn't have the required permission: horizonos.permission.SET_VR_DEVICE_PARAMS
12-07 11:35:29.491 E/VrDeviceManagerService( 1166): Permission denied: process 10713 (uid 10176) doesn't have the required permission: horizonos.permission.READ_VR_DEVICE_PARAMS
12-07 11:35:29.491 E/VrDeviceManagerService( 1166): Permission denied: process 10713 (uid 10176) doesn't have the required permission: horizonos.permission.SET_VR_DEVICE_PARAMS
12-07 11:35:29.491 E/VrDeviceManagerService( 1166): Permission denied: process 10713 (uid 10176) doesn't have the required permission: horizonos.permission.READ_VR_DEVICE_PARAMS
12-07 11:35:29.493 E/VrDeviceManagerService( 1166): Permission denied: process 10713 (uid 10176) doesn't have the required permission: horizonos.permission.SET_VR_DEVICE_PARAMS
12-07 11:35:29.493 E/VrDeviceManagerService( 1166): Permission denied: process 10713 (uid 10176) doesn't have the required permission: horizonos.permission.READ_VR_DEVICE_PARAMS
12-07 11:35:29.493 W/libc    (10713): Access denied finding property "ro.vendor.product.model_extended"
12-07 11:35:29.494 I/OpenXR  (10713): xrEnumerateInstanceExtensionProperties: skipping extension=`XR_FBX1_hand_tracking_confidence` due to: Tier=50 extState=APC deviceIsExpEnabled=false expManifestSet=true isFirstPartyApp=false isSystemApp=false
12-07 11:35:29.494 I/OpenXR  (10713): xrEnumerateInstanceExtensionProperties: skipping extension=`XR_METAX1_hand_tracking_joint_visibility` due to: Tier=50 extState=APC deviceIsExpEnabled=false expManifestSet=true isFirstPartyApp=false isSystemApp=false
12-07 11:35:29.494 I/OpenXR  (10713): xrEnumerateInstanceExtensionProperties: skipping extension=`XR_METAX2_hand_tracking_microgestures` due to: Tier=50 extState=APC deviceIsExpEnabled=false expManifestSet=true isFirstPartyApp=false isSystemApp=false
12-07 11:35:29.494 I/OpenXR  (10713): xrEnumerateInstanceExtensionProperties: skipping extension=`XR_METAX1_full_body_tracking` due to: Tier=50 extState=APC deviceIsExpEnabled=false expManifestSet=true isFirstPartyApp=false isSystemApp=false
12-07 11:35:29.494 I/OpenXR  (10713): xrEnumerateInstanceExtensionProperties: skipping extension=`XR_META_body_tracking_full_body` due to: missing uses-feature string `com.oculus.software.body_tracking` from AndroidManifest
12-07 11:35:29.494 I/OpenXR  (10713): xrEnumerateInstanceExtensionProperties: skipping extension=`XR_FB_body_tracking` due to: missing uses-feature string `com.oculus.software.body_tracking` from AndroidManifest
12-07 11:35:29.494 I/OpenXR  (10713): xrEnumerateInstanceExtensionProperties: skipping extension=`XR_FBX1_body_tracking_config` due to: Tier=55 extState=APC deviceIsExpEnabled=false expManifestSet=true isFirstPartyApp=false isSystemApp=false
12-07 11:35:29.494 I/OpenXR  (10713): Checking for permission horizonos.permission.USE_ANCHOR_API of package com.example.moonlight_spatialsdk
12-07 11:35:29.496 D/CompatibilityChangeReporter(10713): Compat change id reported: 247079863; UID 10176; state: ENABLED
12-07 11:35:29.498 I/OpenXR  (10713): Required permission horizonos.permission.USE_ANCHOR_API is missing, retrying check as com.oculus.permission.USE_ANCHOR_API -> 0
12-07 11:35:29.498 I/OpenXR  (10713): xrEnumerateInstanceExtensionProperties: skipping extension=`XR_FB_spatial_entity` due to: missing uses-permission string `horizonos.permission.USE_ANCHOR_API` from AndroidManifest in package `com.example.moonlight_spatialsdk`
12-07 11:35:29.498 I/OpenXR  (10713): Checking for permission com.oculus.permission.RENDER_MODEL of package com.example.moonlight_spatialsdk
12-07 11:35:29.498 I/OpenXR  (10713): checkTrexKillswitchGk 'oculus_trex_render_model_killsw' = false
12-07 11:35:29.498 I/OpenXR  (10713): PassesGKKillswitch 1
12-07 11:35:29.498 I/OpenXR  (10713): Checking for permission horizonos.permission.USE_ANCHOR_API of package com.example.moonlight_spatialsdk
12-07 11:35:29.500 I/OpenXR  (10713): Required permission horizonos.permission.USE_ANCHOR_API is missing, retrying check as com.oculus.permission.USE_ANCHOR_API -> 0
12-07 11:35:29.500 I/OpenXR  (10713): xrEnumerateInstanceExtensionProperties: skipping extension=`XR_FB_spatial_entity_query` due to: missing uses-permission string `horizonos.permission.USE_ANCHOR_API` from AndroidManifest in package `com.example.moonlight_spatialsdk`
12-07 11:35:29.500 I/OpenXR  (10713): Checking for permission horizonos.permission.USE_ANCHOR_API of package com.example.moonlight_spatialsdk
12-07 11:35:29.501 I/OpenXR  (10713): Required permission horizonos.permission.USE_ANCHOR_API is missing, retrying check as com.oculus.permission.USE_ANCHOR_API -> 0
12-07 11:35:29.501 I/OpenXR  (10713): xrEnumerateInstanceExtensionProperties: skipping extension=`XR_META_spatial_entity_persistence` due to: missing uses-permission string `horizonos.permission.USE_ANCHOR_API` from AndroidManifest in package `com.example.moonlight_spatialsdk`
12-07 11:35:29.501 I/OpenXR  (10713): xrEnumerateInstanceExtensionProperties: skipping extension=`XR_METAX1_spatial_entity_room_sharing` due to: Tier=50 extState=APC deviceIsExpEnabled=false expManifestSet=true isFirstPartyApp=false isSystemApp=false
12-07 11:35:29.501 I/OpenXR  (10713): Checking for permission horizonos.permission.USE_ANCHOR_API of package com.example.moonlight_spatialsdk
12-07 11:35:29.503 I/OpenXR  (10713): Required permission horizonos.permission.USE_ANCHOR_API is missing, retrying check as com.oculus.permission.USE_ANCHOR_API -> 0
12-07 11:35:29.503 I/OpenXR  (10713): xrEnumerateInstanceExtensionProperties: skipping extension=`XR_META_spatial_entity_discovery` due to: missing uses-permission string `horizonos.permission.USE_ANCHOR_API` from AndroidManifest in package `com.example.moonlight_spatialsdk`
12-07 11:35:29.503 I/OpenXR  (10713): xrEnumerateInstanceExtensionProperties: skipping extension=`XR_FBX1_touch_controller_extras` due to: Tier=40 extState=APC deviceIsExpEnabled=false expManifestSet=true isFirstPartyApp=false isSystemApp=false
12-07 11:35:29.503 I/OpenXR  (10713): xrEnumerateInstanceExtensionProperties: skipping extension=`XR_FBX3_touch_controller_pro` due to: Tier=55 extState=APC deviceIsExpEnabled=false expManifestSet=true isFirstPartyApp=false isSystemApp=false
12-07 11:35:29.503 I/OpenXR  (10713): xrEnumerateInstanceExtensionProperties: skipping extension=`XR_FBX1_touch_controller_pro` due to: Tier=55 extState=APC deviceIsExpEnabled=false expManifestSet=true isFirstPartyApp=false isSystemApp=false
12-07 11:35:29.503 I/OpenXR  (10713): xrEnumerateInstanceExtensionProperties: skipping extension=`XR_FBX1_haptic_amplitude_envelope` due to: Tier=55 extState=APC deviceIsExpEnabled=false expManifestSet=true isFirstPartyApp=false isSystemApp=false
12-07 11:35:29.503 I/OpenXR  (10713): xrEnumerateInstanceExtensionProperties: skipping extension=`XR_FBX1_haptic_tone` due to: Tier=55 extState=APC deviceIsExpEnabled=false expManifestSet=true isFirstPartyApp=false isSystemApp=false
12-07 11:35:29.503 I/OpenXR  (10713): Checking for permission horizonos.permission.USE_ANCHOR_API of package com.example.moonlight_spatialsdk
12-07 11:35:29.503 E/TrackedObjectManager( 2832): Failed to connect to TrackedObjectService with error Status(-129, EX_TRANSACTION_FAILED): 'DEAD_OBJECT: '
12-07 11:35:29.503 W/OSDynamicObjectDataQuerier( 2832): Attempted to start tracking objects when tracker was already started
12-07 11:35:29.503 E/TrackedObjectManager( 2832): Failed to connect to TrackedObjectService with error Status(-129, EX_TRANSACTION_FAILED): 'DEAD_OBJECT: '
12-07 11:35:29.503 E/TrackedObjectManager( 2832): Failed to start tracking keyboard object with error Status(-129, EX_TRANSACTION_FAILED): 'DEAD_OBJECT: '
12-07 11:35:29.504 I/OpenXR  (10713): Required permission horizonos.permission.USE_ANCHOR_API is missing, retrying check as com.oculus.permission.USE_ANCHOR_API -> 0
12-07 11:35:29.504 I/OpenXR  (10713): xrEnumerateInstanceExtensionProperties: skipping extension=`XR_FB_spatial_entity_storage` due to: missing uses-permission string `horizonos.permission.USE_ANCHOR_API` from AndroidManifest in package `com.example.moonlight_spatialsdk`
12-07 11:35:29.504 I/OpenXR  (10713): Checking for permission horizonos.permission.USE_ANCHOR_API of package com.example.moonlight_spatialsdk
12-07 11:35:29.506 I/OpenXR  (10713): Required permission horizonos.permission.USE_ANCHOR_API is missing, retrying check as com.oculus.permission.USE_ANCHOR_API -> 0
12-07 11:35:29.506 I/OpenXR  (10713): xrEnumerateInstanceExtensionProperties: skipping extension=`XR_FB_spatial_entity_storage_batch` due to: missing uses-permission string `horizonos.permission.USE_ANCHOR_API` from AndroidManifest in package `com.example.moonlight_spatialsdk`
12-07 11:35:29.506 I/OpenXR  (10713): Checking for permission horizonos.permission.IMPORT_EXPORT_IOT_MAP_DATA of package com.example.moonlight_spatialsdk
12-07 11:35:29.508 I/OpenXR  (10713): Required permission horizonos.permission.IMPORT_EXPORT_IOT_MAP_DATA is missing, retrying check as com.oculus.permission.IMPORT_EXPORT_IOT_MAP_DATA -> 0
12-07 11:35:29.508 I/OpenXR  (10713): xrEnumerateInstanceExtensionProperties: skipping extension=`XR_FB_spatial_entity_sharing` due to: missing uses-permission string `horizonos.permission.IMPORT_EXPORT_IOT_MAP_DATA` from AndroidManifest in package `com.example.moonlight_spatialsdk`
12-07 11:35:29.508 I/OpenXR  (10713): Checking for permission horizonos.permission.IMPORT_EXPORT_IOT_MAP_DATA of package com.example.moonlight_spatialsdk
12-07 11:35:29.510 I/OpenXR  (10713): Required permission horizonos.permission.IMPORT_EXPORT_IOT_MAP_DATA is missing, retrying check as com.oculus.permission.IMPORT_EXPORT_IOT_MAP_DATA -> 0
12-07 11:35:29.510 I/OpenXR  (10713): xrEnumerateInstanceExtensionProperties: skipping extension=`XR_META_spatial_entity_sharing` due to: missing uses-permission string `horizonos.permission.IMPORT_EXPORT_IOT_MAP_DATA` from AndroidManifest in package `com.example.moonlight_spatialsdk`
12-07 11:35:29.510 I/OpenXR  (10713): Checking for permission horizonos.permission.IMPORT_EXPORT_IOT_MAP_DATA of package com.example.moonlight_spatialsdk
12-07 11:35:29.511 I/OpenXR  (10713): Required permission horizonos.permission.IMPORT_EXPORT_IOT_MAP_DATA is missing, retrying check as com.oculus.permission.IMPORT_EXPORT_IOT_MAP_DATA -> 0
12-07 11:35:29.511 I/OpenXR  (10713): xrEnumerateInstanceExtensionProperties: skipping extension=`XR_META_spatial_entity_group_sharing` due to: missing uses-permission string `horizonos.permission.IMPORT_EXPORT_IOT_MAP_DATA` from AndroidManifest in package `com.example.moonlight_spatialsdk`
12-07 11:35:29.511 I/OpenXR  (10713): Checking for permission horizonos.permission.USE_ANCHOR_API of package com.example.moonlight_spatialsdk
12-07 11:35:29.513 I/OpenXR  (10713): Required permission horizonos.permission.USE_ANCHOR_API is missing, retrying check as com.oculus.permission.USE_ANCHOR_API -> 0
12-07 11:35:29.513 I/OpenXR  (10713): xrEnumerateInstanceExtensionProperties: skipping extension=`XR_FB_spatial_entity_container` due to: missing uses-permission string `horizonos.permission.USE_ANCHOR_API` from AndroidManifest in package `com.example.moonlight_spatialsdk`
12-07 11:35:29.513 I/OpenXR  (10713): Checking for permission com.oculus.permission.USE_COLOCATION_DISCOVERY_API of package com.example.moonlight_spatialsdk
12-07 11:35:29.514 I/OpenXR  (10713): xrEnumerateInstanceExtensionProperties: skipping extension=`XR_META_colocation_discovery` due to: missing uses-permission string `com.oculus.permission.USE_COLOCATION_DISCOVERY_API` from AndroidManifest in package `com.example.moonlight_spatialsdk`
12-07 11:35:29.514 I/OpenXR  (10713): Checking for permission horizonos.permission.USE_ANCHOR_API of package com.example.moonlight_spatialsdk
12-07 11:35:29.515 I/OpenXR  (10713): Required permission horizonos.permission.USE_ANCHOR_API is missing, retrying check as com.oculus.permission.USE_ANCHOR_API -> 0
12-07 11:35:29.515 I/OpenXR  (10713): xrEnumerateInstanceExtensionProperties: skipping extension=`XR_FB_scene` due to: missing uses-permission string `horizonos.permission.USE_ANCHOR_API` from AndroidManifest in package `com.example.moonlight_spatialsdk`
12-07 11:35:29.515 I/OpenXR  (10713): Checking for permission horizonos.permission.USE_ANCHOR_API of package com.example.moonlight_spatialsdk
12-07 11:35:29.517 I/OpenXR  (10713): Required permission horizonos.permission.USE_ANCHOR_API is missing, retrying check as com.oculus.permission.USE_ANCHOR_API -> 0
12-07 11:35:29.517 I/OpenXR  (10713): xrEnumerateInstanceExtensionProperties: skipping extension=`XR_FB_scene_capture` due to: missing uses-permission string `horizonos.permission.USE_ANCHOR_API` from AndroidManifest in package `com.example.moonlight_spatialsdk`
12-07 11:35:29.517 I/OpenXR  (10713): xrEnumerateInstanceExtensionProperties: skipping extension=`XR_FBX1_plane` due to: Tier=55 extState=APC deviceIsExpEnabled=false expManifestSet=true isFirstPartyApp=false isSystemApp=false
12-07 11:35:29.517 I/OpenXR  (10713): xrEnumerateInstanceExtensionProperties: skipping extension=`XR_METAX1_spatial_entity_mesh` due to: Tier=50 extState=APC deviceIsExpEnabled=false expManifestSet=true isFirstPartyApp=false isSystemApp=false
12-07 11:35:29.517 I/OpenXR  (10713): Checking for permission horizonos.permission.USE_SCENE of package com.example.moonlight_spatialsdk
12-07 11:35:29.517 E/TrackedObjectManager( 2832): Failed to connect to TrackedObjectService with error Status(-129, EX_TRANSACTION_FAILED): 'DEAD_OBJECT: '
12-07 11:35:29.517 W/OSDynamicObjectDataQuerier( 2832): Attempted to start tracking objects when tracker was already started
12-07 11:35:29.517 E/TrackedObjectManager( 2832): Failed to connect to TrackedObjectService with error Status(-129, EX_TRANSACTION_FAILED): 'DEAD_OBJECT: '
12-07 11:35:29.517 E/TrackedObjectManager( 2832): Failed to start tracking keyboard object with error Status(-129, EX_TRANSACTION_FAILED): 'DEAD_OBJECT: '
12-07 11:35:29.518 I/OpenXR  (10713): Required permission horizonos.permission.USE_SCENE is missing, retrying check as com.oculus.permission.USE_SCENE -> 0
12-07 11:35:29.518 I/OpenXR  (10713): xrEnumerateInstanceExtensionProperties: skipping extension=`XR_META_spatial_entity_mesh` due to: missing uses-permission string `horizonos.permission.USE_SCENE` from AndroidManifest in package `com.example.moonlight_spatialsdk`
12-07 11:35:29.518 I/OpenXR  (10713): xrEnumerateInstanceExtensionProperties: skipping extension=`XR_METAX2_spatial_entity_room_mesh` due to: Tier=50 extState=APC deviceIsExpEnabled=false expManifestSet=true isFirstPartyApp=false isSystemApp=false
12-07 11:35:29.518 I/OpenXR  (10713): Checking for permission horizonos.permission.USE_SCENE of package com.example.moonlight_spatialsdk
12-07 11:35:29.520 I/OpenXR  (10713): Required permission horizonos.permission.USE_SCENE is missing, retrying check as com.oculus.permission.USE_SCENE -> 0
12-07 11:35:29.520 I/OpenXR  (10713): xrEnumerateInstanceExtensionProperties: skipping extension=`XR_META_spatial_entity_room_mesh` due to: missing uses-permission string `horizonos.permission.USE_SCENE` from AndroidManifest in package `com.example.moonlight_spatialsdk`
12-07 11:35:29.520 I/OpenXR  (10713): xrEnumerateInstanceExtensionProperties: skipping extension=`XR_FB_face_tracking` due to: missing uses-feature string `oculus.software.face_tracking` from AndroidManifest
12-07 11:35:29.520 I/OpenXR  (10713): xrEnumerateInstanceExtensionProperties: skipping extension=`XR_FB_face_tracking2` due to: missing uses-feature string `oculus.software.face_tracking` from AndroidManifest
12-07 11:35:29.520 I/OpenXR  (10713): xrEnumerateInstanceExtensionProperties: skipping extension=`XR_METAX1_face_tracking_visemes` due to: Tier=50 extState=APC deviceIsExpEnabled=false expManifestSet=true isFirstPartyApp=false isSystemApp=false
12-07 11:35:29.520 I/OpenXR  (10713): xrEnumerateInstanceExtensionProperties: skipping extension=`XR_META_face_tracking_visemes` due to: missing uses-feature string `oculus.software.face_tracking` from AndroidManifest
12-07 11:35:29.520 I/OpenXR  (10713): xrEnumerateInstanceExtensionProperties: skipping extension=`XR_FBX1_face_tracking_config` due to: Tier=55 extState=APC deviceIsExpEnabled=false expManifestSet=true isFirstPartyApp=false isSystemApp=false
12-07 11:35:29.520 I/OpenXR  (10713): xrEnumerateInstanceExtensionProperties: skipping extension 'XR_META_local_dimming' as device requirements requirements (16) are not met.
12-07 11:35:29.520 I/OpenXR  (10713): xrEnumerateInstanceExtensionProperties: skipping extension=`XR_METAX1_local_dimming` due to: Tier=55 extState=APC deviceIsExpEnabled=false expManifestSet=true isFirstPartyApp=false isSystemApp=false
12-07 11:35:29.520 I/OpenXR  (10713): xrEnumerateInstanceExtensionProperties: skipping extension=`XR_META_foveation_eye_tracked` due to: missing uses-feature string `oculus.software.eye_tracking` from AndroidManifest
12-07 11:35:29.520 I/OpenXR  (10713): xrEnumerateInstanceExtensionProperties: skipping extension=`XR_FBX1_eye_tracking` due to: Tier=55 extState=APC deviceIsExpEnabled=false expManifestSet=true isFirstPartyApp=false isSystemApp=false
12-07 11:35:29.520 I/OpenXR  (10713): xrEnumerateInstanceExtensionProperties: skipping extension=`XR_FBX1_eye_tracking_social` due to: Tier=55 extState=APC deviceIsExpEnabled=false expManifestSet=true isFirstPartyApp=false isSystemApp=false
12-07 11:35:29.520 I/OpenXR  (10713): xrEnumerateInstanceExtensionProperties: skipping extension=`XR_FB_eye_tracking_social` due to: missing uses-feature string `oculus.software.eye_tracking` from AndroidManifest
12-07 11:35:29.520 I/OpenXR  (10713): xrEnumerateInstanceExtensionProperties: skipping extension=`XR_FBX1_eye_tracking_social_config` due to: Tier=55 extState=APC deviceIsExpEnabled=false expManifestSet=true isFirstPartyApp=false isSystemApp=false
12-07 11:35:29.520 I/OpenXR  (10713): xrEnumerateInstanceExtensionProperties: skipping extension=`XR_FBX1_composition_layer_settings` due to: Tier=40 extState=APC deviceIsExpEnabled=false expManifestSet=true isFirstPartyApp=false isSystemApp=false
12-07 11:35:29.520 I/OpenXR  (10713): xrEnumerateInstanceExtensionProperties: skipping extension=`XR_METAX1_feature_fidelity` due to: Tier=55 extState=APC deviceIsExpEnabled=false expManifestSet=true isFirstPartyApp=false isSystemApp=false
12-07 11:35:29.520 I/OpenXR  (10713): xrEnumerateInstanceExtensionProperties: skipping extension=`XR_FBX1_composition_layer_depth_test` due to: Tier=40 extState=APC deviceIsExpEnabled=false expManifestSet=true isFirstPartyApp=false isSystemApp=false
12-07 11:35:29.521 I/OpenXR  (10713): Checking for permission horizonos.permission.EYE_TRACKING of package com.example.moonlight_spatialsdk
12-07 11:35:29.523 I/OpenXR  (10713): Required permission horizonos.permission.EYE_TRACKING is missing, retrying check as com.oculus.permission.EYE_TRACKING -> 0
12-07 11:35:29.523 I/OpenXR  (10713): xrEnumerateInstanceExtensionProperties: skipping extension=`XR_EXT_eye_gaze_interaction` due to: missing uses-permission string `horizonos.permission.EYE_TRACKING` from AndroidManifest in package `com.example.moonlight_spatialsdk`
12-07 11:35:29.523 I/OpenXR  (10713): xrEnumerateInstanceExtensionProperties: skipping extension=`XR_METAX1_hand_tracking_body_fusion` due to: Tier=50 extState=APC deviceIsExpEnabled=false expManifestSet=true isFirstPartyApp=false isSystemApp=false
12-07 11:35:29.523 I/OpenXR  (10713): xrEnumerateInstanceExtensionProperties: skipping extension=`XR_META_hand_tracking_wide_motion_mode` due to: missing uses-feature string `com.oculus.software.body_tracking` from AndroidManifest
12-07 11:35:29.523 I/OpenXR  (10713): xrEnumerateInstanceExtensionProperties: skipping extension=`XR_METAX1_hand_tracking_wide_motion_mode2` due to: Tier=50 extState=APC deviceIsExpEnabled=false expManifestSet=true isFirstPartyApp=false isSystemApp=false
