12-06 16:45:04.689 E/TrackedObjectManager( 2832): Failed to start tracking keyboard object with error Status(-129, EX_TRANSACTION_FAILED): 'DEAD_OBJECT: '
12-06 16:45:04.703 E/TrackedObjectManager( 2832): Failed to connect to TrackedObjectService with error Status(-129, EX_TRANSACTION_FAILED): 'DEAD_OBJECT: '
12-06 16:45:04.703 W/OSDynamicObjectDataQuerier( 2832): Attempted to start tracking objects when tracker was already started
12-06 16:45:04.703 E/TrackedObjectManager( 2832): Failed to connect to TrackedObjectService with error Status(-129, EX_TRANSACTION_FAILED): 'DEAD_OBJECT: '
12-06 16:45:04.703 E/TrackedObjectManager( 2832): Failed to start tracking keyboard object with error Status(-129, EX_TRANSACTION_FAILED): 'DEAD_OBJECT: '
12-06 16:45:04.713 W/SensorControl( 9368): No exposure settings will be updated on slot idx: 0 because exposure/gain changes are too small or identical.
12-06 16:45:04.717 E/TrackedObjectManager( 2832): Failed to connect to TrackedObjectService with error Status(-129, EX_TRANSACTION_FAILED): 'DEAD_OBJECT: '
12-06 16:45:04.717 W/OSDynamicObjectDataQuerier( 2832): Attempted to start tracking objects when tracker was already started
12-06 16:45:04.717 E/TrackedObjectManager( 2832): Failed to connect to TrackedObjectService with error Status(-129, EX_TRANSACTION_FAILED): 'DEAD_OBJECT: '
12-06 16:45:04.717 E/TrackedObjectManager( 2832): Failed to start tracking keyboard object with error Status(-129, EX_TRANSACTION_FAILED): 'DEAD_OBJECT: '
12-06 16:45:04.730 E/TrackedObjectManager( 2832): Failed to connect to TrackedObjectService with error Status(-129, EX_TRANSACTION_FAILED): 'DEAD_OBJECT: '
12-06 16:45:04.730 W/OSDynamicObjectDataQuerier( 2832): Attempted to start tracking objects when tracker was already started
12-06 16:45:04.730 E/TrackedObjectManager( 2832): Failed to connect to TrackedObjectService with error Status(-129, EX_TRANSACTION_FAILED): 'DEAD_OBJECT: '
12-06 16:45:04.730 E/TrackedObjectManager( 2832): Failed to start tracking keyboard object with error Status(-129, EX_TRANSACTION_FAILED): 'DEAD_OBJECT: '
12-06 16:45:04.744 E/TrackedObjectManager( 2832): Failed to connect to TrackedObjectService with error Status(-129, EX_TRANSACTION_FAILED): 'DEAD_OBJECT: '
12-06 16:45:04.744 W/OSDynamicObjectDataQuerier( 2832): Attempted to start tracking objects when tracker was already started
12-06 16:45:04.744 E/TrackedObjectManager( 2832): Failed to connect to TrackedObjectService with error Status(-129, EX_TRANSACTION_FAILED): 'DEAD_OBJECT: '
12-06 16:45:04.744 E/TrackedObjectManager( 2832): Failed to start tracking keyboard object with error Status(-129, EX_TRANSACTION_FAILED): 'DEAD_OBJECT: '
12-06 16:45:04.745 I/GraphicsGovernor( 2832): Dynamic Foveation Lvl 3, Min Foveation Lvl 3, DynRes Enabled 1, DynRes Scaler 1.000000
12-06 16:45:04.747 W/SensorControl( 9368): No exposure settings will be updated on slot idx: 2 because exposure/gain changes are too small or identical.
12-06 16:45:04.758 E/TrackedObjectManager( 2832): Failed to connect to TrackedObjectService with error Status(-129, EX_TRANSACTION_FAILED): 'DEAD_OBJECT: '
12-06 16:45:04.758 W/OSDynamicObjectDataQuerier( 2832): Attempted to start tracking objects when tracker was already started
12-06 16:45:04.758 E/TrackedObjectManager( 2832): Failed to connect to TrackedObjectService with error Status(-129, EX_TRANSACTION_FAILED): 'DEAD_OBJECT: '
12-06 16:45:04.758 E/TrackedObjectManager( 2832): Failed to start tracking keyboard object with error Status(-129, EX_TRANSACTION_FAILED): 'DEAD_OBJECT: '
12-06 16:45:04.772 E/TrackedObjectManager( 2832): Failed to connect to TrackedObjectService with error Status(-129, EX_TRANSACTION_FAILED): 'DEAD_OBJECT: '
12-06 16:45:04.772 W/OSDynamicObjectDataQuerier( 2832): Attempted to start tracking objects when tracker was already started
12-06 16:45:04.772 E/TrackedObjectManager( 2832): Failed to connect to TrackedObjectService with error Status(-129, EX_TRANSACTION_FAILED): 'DEAD_OBJECT: '
12-06 16:45:04.772 E/TrackedObjectManager( 2832): Failed to start tracking keyboard object with error Status(-129, EX_TRANSACTION_FAILED): 'DEAD_OBJECT: '
12-06 16:45:04.781 W/SensorControl( 9368): No exposure settings will be updated on slot idx: 0 because exposure/gain changes are too small or identical.
12-06 16:45:04.786 E/TrackedObjectManager( 2832): Failed to connect to TrackedObjectService with error Status(-129, EX_TRANSACTION_FAILED): 'DEAD_OBJECT: '
12-06 16:45:04.786 W/OSDynamicObjectDataQuerier( 2832): Attempted to start tracking objects when tracker was already started
12-06 16:45:04.786 E/TrackedObjectManager( 2832): Failed to connect to TrackedObjectService with error Status(-129, EX_TRANSACTION_FAILED): 'DEAD_OBJECT: '
12-06 16:45:04.786 E/TrackedObjectManager( 2832): Failed to start tracking keyboard object with error Status(-129, EX_TRANSACTION_FAILED): 'DEAD_OBJECT: '
12-06 16:45:04.795 I/Tracking( 9368): CONSTELLATION_Right: [Throttled count=29] P+C Right: Applying Consistent Zero Velocity Update during slow motion.
12-06 16:45:04.800 E/TrackedObjectManager( 2832): Failed to connect to TrackedObjectService with error Status(-129, EX_TRANSACTION_FAILED): 'DEAD_OBJECT: '
12-06 16:45:04.800 W/OSDynamicObjectDataQuerier( 2832): Attempted to start tracking objects when tracker was already started
12-06 16:45:04.800 E/TrackedObjectManager( 2832): Failed to connect to TrackedObjectService with error Status(-129, EX_TRANSACTION_FAILED): 'DEAD_OBJECT: '
12-06 16:45:04.800 E/TrackedObjectManager( 2832): Failed to start tracking keyboard object with error Status(-129, EX_TRANSACTION_FAILED): 'DEAD_OBJECT: '
12-06 16:45:04.813 I/DynamicObjectClient( 4885): Query Dynamic Object Tracker anchors
12-06 16:45:04.813 I/DynamicObjectClient( 4885): Object in query has empty predictions or tracking flags
12-06 16:45:04.813 W/SensorControl( 9368): No exposure settings will be updated on slot idx: 2 because exposure/gain changes are too small or identical.
12-06 16:45:04.814 E/TrackedObjectManager( 2832): Failed to connect to TrackedObjectService with error Status(-129, EX_TRANSACTION_FAILED): 'DEAD_OBJECT: '
12-06 16:45:04.814 W/OSDynamicObjectDataQuerier( 2832): Attempted to start tracking objects when tracker was already started
12-06 16:45:04.814 E/TrackedObjectManager( 2832): Failed to connect to TrackedObjectService with error Status(-129, EX_TRANSACTION_FAILED): 'DEAD_OBJECT: '
12-06 16:45:04.814 E/TrackedObjectManager( 2832): Failed to start tracking keyboard object with error Status(-129, EX_TRANSACTION_FAILED): 'DEAD_OBJECT: '
12-06 16:45:04.828 E/TrackedObjectManager( 2832): Failed to connect to TrackedObjectService with error Status(-129, EX_TRANSACTION_FAILED): 'DEAD_OBJECT: '
12-06 16:45:04.828 W/OSDynamicObjectDataQuerier( 2832): Attempted to start tracking objects when tracker was already started
12-06 16:45:04.828 E/TrackedObjectManager( 2832): Failed to connect to TrackedObjectService with error Status(-129, EX_TRANSACTION_FAILED): 'DEAD_OBJECT: '
12-06 16:45:04.828 E/TrackedObjectManager( 2832): Failed to start tracking keyboard object with error Status(-129, EX_TRANSACTION_FAILED): 'DEAD_OBJECT: '
12-06 16:45:04.842 E/TrackedObjectManager( 2832): Failed to connect to TrackedObjectService with error Status(-129, EX_TRANSACTION_FAILED): 'DEAD_OBJECT: '
12-06 16:45:04.842 W/OSDynamicObjectDataQuerier( 2832): Attempted to start tracking objects when tracker was already started
12-06 16:45:04.842 E/TrackedObjectManager( 2832): Failed to connect to TrackedObjectService with error Status(-129, EX_TRANSACTION_FAILED): 'DEAD_OBJECT: '
12-06 16:45:04.842 E/TrackedObjectManager( 2832): Failed to start tracking keyboard object with error Status(-129, EX_TRANSACTION_FAILED): 'DEAD_OBJECT: '
12-06 16:45:04.847 W/SensorControl( 9368): No exposure settings will be updated on slot idx: 0 because exposure/gain changes are too small or identical.
12-06 16:45:04.855 E/TrackedObjectManager( 2832): Failed to connect to TrackedObjectService with error Status(-129, EX_TRANSACTION_FAILED): 'DEAD_OBJECT: '
12-06 16:45:04.855 W/OSDynamicObjectDataQuerier( 2832): Attempted to start tracking objects when tracker was already started
12-06 16:45:04.856 E/TrackedObjectManager( 2832): Failed to connect to TrackedObjectService with error Status(-129, EX_TRANSACTION_FAILED): 'DEAD_OBJECT: '
12-06 16:45:04.856 E/TrackedObjectManager( 2832): Failed to start tracking keyboard object with error Status(-129, EX_TRANSACTION_FAILED): 'DEAD_OBJECT: '
12-06 16:45:04.867 I/VD628x  (  884): Flicker results: freq 120.000000, max 119.844353, dcr 44.486065, pct 0.012865, idx 0.003179, conf 0.139084, snr -7.807443, svm 0.016286, sus 0
12-06 16:45:04.869 E/TrackedObjectManager( 2832): Failed to connect to TrackedObjectService with error Status(-129, EX_TRANSACTION_FAILED): 'DEAD_OBJECT: '
12-06 16:45:04.869 W/OSDynamicObjectDataQuerier( 2832): Attempted to start tracking objects when tracker was already started
12-06 16:45:04.870 E/TrackedObjectManager( 2832): Failed to connect to TrackedObjectService with error Status(-129, EX_TRANSACTION_FAILED): 'DEAD_OBJECT: '
12-06 16:45:04.870 E/TrackedObjectManager( 2832): Failed to start tracking keyboard object with error Status(-129, EX_TRANSACTION_FAILED): 'DEAD_OBJECT: '
12-06 16:45:04.880 W/SensorControl( 9368): No exposure settings will be updated on slot idx: 2 because exposure/gain changes are too small or identical.
12-06 16:45:04.883 E/TrackedObjectManager( 2832): Failed to connect to TrackedObjectService with error Status(-129, EX_TRANSACTION_FAILED): 'DEAD_OBJECT: '
12-06 16:45:04.883 W/OSDynamicObjectDataQuerier( 2832): Attempted to start tracking objects when tracker was already started
12-06 16:45:04.883 E/TrackedObjectManager( 2832): Failed to connect to TrackedObjectService with error Status(-129, EX_TRANSACTION_FAILED): 'DEAD_OBJECT: '
12-06 16:45:04.883 E/TrackedObjectManager( 2832): Failed to start tracking keyboard object with error Status(-129, EX_TRANSACTION_FAILED): 'DEAD_OBJECT: '
12-06 16:45:04.897 E/TrackedObjectManager( 2832): Failed to connect to TrackedObjectService with error Status(-129, EX_TRANSACTION_FAILED): 'DEAD_OBJECT: '
12-06 16:45:04.897 W/OSDynamicObjectDataQuerier( 2832): Attempted to start tracking objects when tracker was already started
12-06 16:45:04.897 E/TrackedObjectManager( 2832): Failed to connect to TrackedObjectService with error Status(-129, EX_TRANSACTION_FAILED): 'DEAD_OBJECT: '
12-06 16:45:04.897 E/TrackedObjectManager( 2832): Failed to start tracking keyboard object with error Status(-129, EX_TRANSACTION_FAILED): 'DEAD_OBJECT: '
12-06 16:45:04.911 E/TrackedObjectManager( 2832): Failed to connect to TrackedObjectService with error Status(-129, EX_TRANSACTION_FAILED): 'DEAD_OBJECT: '
12-06 16:45:04.911 W/OSDynamicObjectDataQuerier( 2832): Attempted to start tracking objects when tracker was already started
12-06 16:45:04.911 E/TrackedObjectManager( 2832): Failed to connect to TrackedObjectService with error Status(-129, EX_TRANSACTION_FAILED): 'DEAD_OBJECT: '
12-06 16:45:04.911 E/TrackedObjectManager( 2832): Failed to start tracking keyboard object with error Status(-129, EX_TRANSACTION_FAILED): 'DEAD_OBJECT: '
12-06 16:45:04.913 W/SensorControl( 9368): No exposure settings will be updated on slot idx: 0 because exposure/gain changes are too small or identical.
12-06 16:45:04.925 E/TrackedObjectManager( 2832): Failed to connect to TrackedObjectService with error Status(-129, EX_TRANSACTION_FAILED): 'DEAD_OBJECT: '
12-06 16:45:04.925 W/OSDynamicObjectDataQuerier( 2832): Attempted to start tracking objects when tracker was already started
12-06 16:45:04.925 E/TrackedObjectManager( 2832): Failed to connect to TrackedObjectService with error Status(-129, EX_TRANSACTION_FAILED): 'DEAD_OBJECT: '
12-06 16:45:04.925 E/TrackedObjectManager( 2832): Failed to start tracking keyboard object with error Status(-129, EX_TRANSACTION_FAILED): 'DEAD_OBJECT: '
12-06 16:45:04.939 E/TrackedObjectManager( 2832): Failed to connect to TrackedObjectService with error Status(-129, EX_TRANSACTION_FAILED): 'DEAD_OBJECT: '
12-06 16:45:04.939 W/OSDynamicObjectDataQuerier( 2832): Attempted to start tracking objects when tracker was already started
12-06 16:45:04.939 E/TrackedObjectManager( 2832): Failed to connect to TrackedObjectService with error Status(-129, EX_TRANSACTION_FAILED): 'DEAD_OBJECT: '
12-06 16:45:04.939 E/TrackedObjectManager( 2832): Failed to start tracking keyboard object with error Status(-129, EX_TRANSACTION_FAILED): 'DEAD_OBJECT: '
12-06 16:45:04.947 W/SensorControl( 9368): No exposure settings will be updated on slot idx: 2 because exposure/gain changes are too small or identical.
12-06 16:45:04.953 E/TrackedObjectManager( 2832): Failed to connect to TrackedObjectService with error Status(-129, EX_TRANSACTION_FAILED): 'DEAD_OBJECT: '
12-06 16:45:04.953 W/OSDynamicObjectDataQuerier( 2832): Attempted to start tracking objects when tracker was already started
12-06 16:45:04.953 E/TrackedObjectManager( 2832): Failed to connect to TrackedObjectService with error Status(-129, EX_TRANSACTION_FAILED): 'DEAD_OBJECT: '
12-06 16:45:04.953 E/TrackedObjectManager( 2832): Failed to start tracking keyboard object with error Status(-129, EX_TRANSACTION_FAILED): 'DEAD_OBJECT: '
12-06 16:45:04.967 E/TrackedObjectManager( 2832): Failed to connect to TrackedObjectService with error Status(-129, EX_TRANSACTION_FAILED): 'DEAD_OBJECT: '
12-06 16:45:04.967 W/OSDynamicObjectDataQuerier( 2832): Attempted to start tracking objects when tracker was already started
12-06 16:45:04.967 E/TrackedObjectManager( 2832): Failed to connect to TrackedObjectService with error Status(-129, EX_TRANSACTION_FAILED): 'DEAD_OBJECT: '
12-06 16:45:04.967 E/TrackedObjectManager( 2832): Failed to start tracking keyboard object with error Status(-129, EX_TRANSACTION_FAILED): 'DEAD_OBJECT: '
12-06 16:45:04.980 W/SensorControl( 9368): No exposure settings will be updated on slot idx: 0 because exposure/gain changes are too small or identical.
12-06 16:45:04.980 E/TrackedObjectManager( 2832): Failed to connect to TrackedObjectService with error Status(-129, EX_TRANSACTION_FAILED): 'DEAD_OBJECT: '
12-06 16:45:04.980 W/OSDynamicObjectDataQuerier( 2832): Attempted to start tracking objects when tracker was already started
12-06 16:45:04.980 E/TrackedObjectManager( 2832): Failed to connect to TrackedObjectService with error Status(-129, EX_TRANSACTION_FAILED): 'DEAD_OBJECT: '
12-06 16:45:04.980 E/TrackedObjectManager( 2832): Failed to start tracking keyboard object with error Status(-129, EX_TRANSACTION_FAILED): 'DEAD_OBJECT: '
12-06 16:45:04.994 E/TrackedObjectManager( 2832): Failed to connect to TrackedObjectService with error Status(-129, EX_TRANSACTION_FAILED): 'DEAD_OBJECT: '
12-06 16:45:04.994 W/OSDynamicObjectDataQuerier( 2832): Attempted to start tracking objects when tracker was already started
12-06 16:45:04.994 E/TrackedObjectManager( 2832): Failed to connect to TrackedObjectService with error Status(-129, EX_TRANSACTION_FAILED): 'DEAD_OBJECT: '
12-06 16:45:04.994 E/TrackedObjectManager( 2832): Failed to start tracking keyboard object with error Status(-129, EX_TRANSACTION_FAILED): 'DEAD_OBJECT: '
12-06 16:45:05.008 E/TrackedObjectManager( 2832): Failed to connect to TrackedObjectService with error Status(-129, EX_TRANSACTION_FAILED): 'DEAD_OBJECT: '
12-06 16:45:05.008 W/OSDynamicObjectDataQuerier( 2832): Attempted to start tracking objects when tracker was already started
12-06 16:45:05.008 E/TrackedObjectManager( 2832): Failed to connect to TrackedObjectService with error Status(-129, EX_TRANSACTION_FAILED): 'DEAD_OBJECT: '
12-06 16:45:05.008 E/TrackedObjectManager( 2832): Failed to start tracking keyboard object with error Status(-129, EX_TRANSACTION_FAILED): 'DEAD_OBJECT: '
12-06 16:45:05.014 W/SensorControl( 9368): No exposure settings will be updated on slot idx: 2 because exposure/gain changes are too small or identical.
12-06 16:45:05.022 E/TrackedObjectManager( 2832): Failed to connect to TrackedObjectService with error Status(-129, EX_TRANSACTION_FAILED): 'DEAD_OBJECT: '
12-06 16:45:05.022 W/OSDynamicObjectDataQuerier( 2832): Attempted to start tracking objects when tracker was already started
12-06 16:45:05.022 E/TrackedObjectManager( 2832): Failed to connect to TrackedObjectService with error Status(-129, EX_TRANSACTION_FAILED): 'DEAD_OBJECT: '
12-06 16:45:05.022 E/TrackedObjectManager( 2832): Failed to start tracking keyboard object with error Status(-129, EX_TRANSACTION_FAILED): 'DEAD_OBJECT: '
12-06 16:45:05.036 E/TrackedObjectManager( 2832): Failed to connect to TrackedObjectService with error Status(-129, EX_TRANSACTION_FAILED): 'DEAD_OBJECT: '
12-06 16:45:05.036 W/OSDynamicObjectDataQuerier( 2832): Attempted to start tracking objects when tracker was already started
12-06 16:45:05.036 E/TrackedObjectManager( 2832): Failed to connect to TrackedObjectService with error Status(-129, EX_TRANSACTION_FAILED): 'DEAD_OBJECT: '
12-06 16:45:05.036 E/TrackedObjectManager( 2832): Failed to start tracking keyboard object with error Status(-129, EX_TRANSACTION_FAILED): 'DEAD_OBJECT: '
12-06 16:45:05.047 W/SensorControl( 9368): No exposure settings will be updated on slot idx: 0 because exposure/gain changes are too small or identical.
12-06 16:45:05.050 E/TrackedObjectManager( 2832): Failed to connect to TrackedObjectService with error Status(-129, EX_TRANSACTION_FAILED): 'DEAD_OBJECT: '
12-06 16:45:05.050 W/OSDynamicObjectDataQuerier( 2832): Attempted to start tracking objects when tracker was already started
12-06 16:45:05.050 E/TrackedObjectManager( 2832): Failed to connect to TrackedObjectService with error Status(-129, EX_TRANSACTION_FAILED): 'DEAD_OBJECT: '
12-06 16:45:05.050 E/TrackedObjectManager( 2832): Failed to start tracking keyboard object with error Status(-129, EX_TRANSACTION_FAILED): 'DEAD_OBJECT: '
12-06 16:45:05.064 E/TrackedObjectManager( 2832): Failed to connect to TrackedObjectService with error Status(-129, EX_TRANSACTION_FAILED): 'DEAD_OBJECT: '
12-06 16:45:05.064 W/OSDynamicObjectDataQuerier( 2832): Attempted to start tracking objects when tracker was already started
12-06 16:45:05.064 E/TrackedObjectManager( 2832): Failed to connect to TrackedObjectService with error Status(-129, EX_TRANSACTION_FAILED): 'DEAD_OBJECT: '
12-06 16:45:05.064 E/TrackedObjectManager( 2832): Failed to start tracking keyboard object with error Status(-129, EX_TRANSACTION_FAILED): 'DEAD_OBJECT: '
12-06 16:45:05.078 E/TrackedObjectManager( 2832): Failed to connect to TrackedObjectService with error Status(-129, EX_TRANSACTION_FAILED): 'DEAD_OBJECT: '
12-06 16:45:05.078 W/OSDynamicObjectDataQuerier( 2832): Attempted to start tracking objects when tracker was already started
12-06 16:45:05.078 E/TrackedObjectManager( 2832): Failed to connect to TrackedObjectService with error Status(-129, EX_TRANSACTION_FAILED): 'DEAD_OBJECT: '
12-06 16:45:05.078 E/TrackedObjectManager( 2832): Failed to start tracking keyboard object with error Status(-129, EX_TRANSACTION_FAILED): 'DEAD_OBJECT: '
12-06 16:45:05.080 W/SensorControl( 9368): No exposure settings will be updated on slot idx: 2 because exposure/gain changes are too small or identical.
12-06 16:45:05.092 E/TrackedObjectManager( 2832): Failed to connect to TrackedObjectService with error Status(-129, EX_TRANSACTION_FAILED): 'DEAD_OBJECT: '
12-06 16:45:05.092 W/OSDynamicObjectDataQuerier( 2832): Attempted to start tracking objects when tracker was already started
12-06 16:45:05.092 E/TrackedObjectManager( 2832): Failed to connect to TrackedObjectService with error Status(-129, EX_TRANSACTION_FAILED): 'DEAD_OBJECT: '
12-06 16:45:05.092 E/TrackedObjectManager( 2832): Failed to start tracking keyboard object with error Status(-129, EX_TRANSACTION_FAILED): 'DEAD_OBJECT: '
12-06 16:45:05.105 E/TrackedObjectManager( 2832): Failed to connect to TrackedObjectService with error Status(-129, EX_TRANSACTION_FAILED): 'DEAD_OBJECT: '
12-06 16:45:05.105 W/OSDynamicObjectDataQuerier( 2832): Attempted to start tracking objects when tracker was already started
12-06 16:45:05.105 E/TrackedObjectManager( 2832): Failed to connect to TrackedObjectService with error Status(-129, EX_TRANSACTION_FAILED): 'DEAD_OBJECT: '
12-06 16:45:05.105 E/TrackedObjectManager( 2832): Failed to start tracking keyboard object with error Status(-129, EX_TRANSACTION_FAILED): 'DEAD_OBJECT: '
12-06 16:45:05.114 W/SensorControl( 9368): No exposure settings will be updated on slot idx: 0 because exposure/gain changes are too small or identical.
12-06 16:45:05.119 E/TrackedObjectManager( 2832): Failed to connect to TrackedObjectService with error Status(-129, EX_TRANSACTION_FAILED): 'DEAD_OBJECT: '
12-06 16:45:05.119 W/OSDynamicObjectDataQuerier( 2832): Attempted to start tracking objects when tracker was already started
12-06 16:45:05.119 E/TrackedObjectManager( 2832): Failed to connect to TrackedObjectService with error Status(-129, EX_TRANSACTION_FAILED): 'DEAD_OBJECT: '
12-06 16:45:05.119 E/TrackedObjectManager( 2832): Failed to start tracking keyboard object with error Status(-129, EX_TRANSACTION_FAILED): 'DEAD_OBJECT: '
12-06 16:45:05.133 E/TrackedObjectManager( 2832): Failed to connect to TrackedObjectService with error Status(-129, EX_TRANSACTION_FAILED): 'DEAD_OBJECT: '
12-06 16:45:05.133 W/OSDynamicObjectDataQuerier( 2832): Attempted to start tracking objects when tracker was already started
12-06 16:45:05.133 E/TrackedObjectManager( 2832): Failed to connect to TrackedObjectService with error Status(-129, EX_TRANSACTION_FAILED): 'DEAD_OBJECT: '
12-06 16:45:05.133 E/TrackedObjectManager( 2832): Failed to start tracking keyboard object with error Status(-129, EX_TRANSACTION_FAILED): 'DEAD_OBJECT: '
12-06 16:45:05.147 W/SensorControl( 9368): No exposure settings will be updated on slot idx: 2 because exposure/gain changes are too small or identical.
12-06 16:45:05.147 E/TrackedObjectManager( 2832): Failed to connect to TrackedObjectService with error Status(-129, EX_TRANSACTION_FAILED): 'DEAD_OBJECT: '
12-06 16:45:05.147 W/OSDynamicObjectDataQuerier( 2832): Attempted to start tracking objects when tracker was already started
12-06 16:45:05.147 E/TrackedObjectManager( 2832): Failed to connect to TrackedObjectService with error Status(-129, EX_TRANSACTION_FAILED): 'DEAD_OBJECT: '
12-06 16:45:05.147 E/TrackedObjectManager( 2832): Failed to start tracking keyboard object with error Status(-129, EX_TRANSACTION_FAILED): 'DEAD_OBJECT: '
12-06 16:45:05.161 E/TrackedObjectManager( 2832): Failed to connect to TrackedObjectService with error Status(-129, EX_TRANSACTION_FAILED): 'DEAD_OBJECT: '
12-06 16:45:05.161 W/OSDynamicObjectDataQuerier( 2832): Attempted to start tracking objects when tracker was already started
12-06 16:45:05.161 E/TrackedObjectManager( 2832): Failed to connect to TrackedObjectService with error Status(-129, EX_TRANSACTION_FAILED): 'DEAD_OBJECT: '
12-06 16:45:05.161 E/TrackedObjectManager( 2832): Failed to start tracking keyboard object with error Status(-129, EX_TRANSACTION_FAILED): 'DEAD_OBJECT: '
12-06 16:45:05.175 E/TrackedObjectManager( 2832): Failed to connect to TrackedObjectService with error Status(-129, EX_TRANSACTION_FAILED): 'DEAD_OBJECT: '
12-06 16:45:05.175 W/OSDynamicObjectDataQuerier( 2832): Attempted to start tracking objects when tracker was already started
12-06 16:45:05.175 E/TrackedObjectManager( 2832): Failed to connect to TrackedObjectService with error Status(-129, EX_TRANSACTION_FAILED): 'DEAD_OBJECT: '
12-06 16:45:05.175 E/TrackedObjectManager( 2832): Failed to start tracking keyboard object with error Status(-129, EX_TRANSACTION_FAILED): 'DEAD_OBJECT: '
12-06 16:45:05.180 W/SensorControl( 9368): No exposure settings will be updated on slot idx: 0 because exposure/gain changes are too small or identical.
12-06 16:45:05.189 E/TrackedObjectManager( 2832): Failed to connect to TrackedObjectService with error Status(-129, EX_TRANSACTION_FAILED): 'DEAD_OBJECT: '
12-06 16:45:05.189 W/OSDynamicObjectDataQuerier( 2832): Attempted to start tracking objects when tracker was already started
12-06 16:45:05.189 E/TrackedObjectManager( 2832): Failed to connect to TrackedObjectService with error Status(-129, EX_TRANSACTION_FAILED): 'DEAD_OBJECT: '
12-06 16:45:05.189 E/TrackedObjectManager( 2832): Failed to start tracking keyboard object with error Status(-129, EX_TRANSACTION_FAILED): 'DEAD_OBJECT: '
12-06 16:45:05.203 E/TrackedObjectManager( 2832): Failed to connect to TrackedObjectService with error Status(-129, EX_TRANSACTION_FAILED): 'DEAD_OBJECT: '
12-06 16:45:05.203 W/OSDynamicObjectDataQuerier( 2832): Attempted to start tracking objects when tracker was already started
12-06 16:45:05.203 E/TrackedObjectManager( 2832): Failed to connect to TrackedObjectService with error Status(-129, EX_TRANSACTION_FAILED): 'DEAD_OBJECT: '
12-06 16:45:05.203 E/TrackedObjectManager( 2832): Failed to start tracking keyboard object with error Status(-129, EX_TRANSACTION_FAILED): 'DEAD_OBJECT: '
12-06 16:45:05.213 W/SensorControl( 9368): No exposure settings will be updated on slot idx: 2 because exposure/gain changes are too small or identical.
12-06 16:45:05.217 E/TrackedObjectManager( 2832): Failed to connect to TrackedObjectService with error Status(-129, EX_TRANSACTION_FAILED): 'DEAD_OBJECT: '
12-06 16:45:05.217 W/OSDynamicObjectDataQuerier( 2832): Attempted to start tracking objects when tracker was already started
12-06 16:45:05.217 E/TrackedObjectManager( 2832): Failed to connect to TrackedObjectService with error Status(-129, EX_TRANSACTION_FAILED): 'DEAD_OBJECT: '
12-06 16:45:05.217 E/TrackedObjectManager( 2832): Failed to start tracking keyboard object with error Status(-129, EX_TRANSACTION_FAILED): 'DEAD_OBJECT: '
12-06 16:45:05.230 E/TrackedObjectManager( 2832): Failed to connect to TrackedObjectService with error Status(-129, EX_TRANSACTION_FAILED): 'DEAD_OBJECT: '
12-06 16:45:05.230 W/OSDynamicObjectDataQuerier( 2832): Attempted to start tracking objects when tracker was already started
12-06 16:45:05.230 E/TrackedObjectManager( 2832): Failed to connect to TrackedObjectService with error Status(-129, EX_TRANSACTION_FAILED): 'DEAD_OBJECT: '
12-06 16:45:05.231 E/TrackedObjectManager( 2832): Failed to start tracking keyboard object with error Status(-129, EX_TRANSACTION_FAILED): 'DEAD_OBJECT: '
12-06 16:45:05.240 I/VrApi   ( 3469): FPS=72/72,Prd=25ms,Tear=0,Early=0,Stale=0,Stale2/5/10/max=0/0/0/0,VSnc=1,Lat=-1,Fov=3,CPU4/GPU=3/2,1382/456MHz,OC=3F,TA=0/0/0,SP=N/N/N,Mem=2736MHz,Free=3225MB,PLS=0,Temp=37.0C/0.0C,TW=2.23ms,App=1.29ms,GD=0.00ms,CPU&GPU=9.61ms,LCnt=6(DR72,LM4),GPU%=0.28,CPU%=0.37(W0.52),CFL=11.60/15.56,ICFLp95=14.78,LD=0,SF=1.00,LP=1,DVFS=0,ShrpLCnt=2,ShrpR=0.500,SSLCnt=0/0
12-06 16:45:05.244 E/TrackedObjectManager( 2832): Failed to connect to TrackedObjectService with error Status(-129, EX_TRANSACTION_FAILED): 'DEAD_OBJECT: '
12-06 16:45:05.244 W/OSDynamicObjectDataQuerier( 2832): Attempted to start tracking objects when tracker was already started
12-06 16:45:05.244 E/TrackedObjectManager( 2832): Failed to connect to TrackedObjectService with error Status(-129, EX_TRANSACTION_FAILED): 'DEAD_OBJECT: '
12-06 16:45:05.244 E/TrackedObjectManager( 2832): Failed to start tracking keyboard object with error Status(-129, EX_TRANSACTION_FAILED): 'DEAD_OBJECT: '
12-06 16:45:05.247 W/SensorControl( 9368): No exposure settings will be updated on slot idx: 0 because exposure/gain changes are too small or identical.
12-06 16:45:05.258 E/TrackedObjectManager( 2832): Failed to connect to TrackedObjectService with error Status(-129, EX_TRANSACTION_FAILED): 'DEAD_OBJECT: '
12-06 16:45:05.258 W/OSDynamicObjectDataQuerier( 2832): Attempted to start tracking objects when tracker was already started
12-06 16:45:05.258 E/TrackedObjectManager( 2832): Failed to connect to TrackedObjectService with error Status(-129, EX_TRANSACTION_FAILED): 'DEAD_OBJECT: '
12-06 16:45:05.258 E/TrackedObjectManager( 2832): Failed to start tracking keyboard object with error Status(-129, EX_TRANSACTION_FAILED): 'DEAD_OBJECT: '
12-06 16:45:05.272 E/TrackedObjectManager( 2832): Failed to connect to TrackedObjectService with error Status(-129, EX_TRANSACTION_FAILED): 'DEAD_OBJECT: '
12-06 16:45:05.272 W/OSDynamicObjectDataQuerier( 2832): Attempted to start tracking objects when tracker was already started
12-06 16:45:05.272 E/TrackedObjectManager( 2832): Failed to connect to TrackedObjectService with error Status(-129, EX_TRANSACTION_FAILED): 'DEAD_OBJECT: '
12-06 16:45:05.272 E/TrackedObjectManager( 2832): Failed to start tracking keyboard object with error Status(-129, EX_TRANSACTION_FAILED): 'DEAD_OBJECT: '
12-06 16:45:05.278 I/OpenXR_Anchor( 3469): xrQuerySpacesFB: no split anchor query enabled
12-06 16:45:05.278 I/[CT]    ( 3469): SP:AF:InsightAnchorApi: QueryAnchorSpaces loadAndQueryAvailableAnchors flow. (task start) duration: 0.000000000 [sec], flags: 44, location: StorageLocation::LOCAL(1), method: 1, request: 4246, source: SourceType::LIVE_TRACKER(1)
12-06 16:45:05.279 I/[CT]    ( 3469): RuntimeIpcHelper: RuntimeIpcClient::CALL_RPC isAsync: true, func: loadAvailableAnchors
12-06 16:45:05.279 I/[CT]    ( 4885): SP:AP:AnchorPersistenceRuntimeIpcServer: checkRPC start: sessionUuid:1e3ba3f0-dfb6-0aba-a69b-b18fb253c69c, clientId:2367474718, givenPackageName:com.oculus.vrshell
12-06 16:45:05.279 I/[CT]    ( 4885): SP:AP:AnchorPersistenceRuntimeIpcServer: checkPackageAccess - detectedPackageName:com.oculus.vrshell, detectedProcessName:com.oculus.vrshell, givenPackageName:com.oculus.vrshell
12-06 16:45:05.279 I/[CT]    ( 4885): SP:AP:AnchorPersistenceRuntimeIpcServer: checkRPC package name matches: sessionUuid:1e3ba3f0-dfb6-0aba-a69b-b18fb253c69c, clientId:2367474718, givenPackageName:com.oculus.vrshell, detectedPackageName:com.oculus.vrshell, detectedProcessName:com.oculus.vrshell
12-06 16:45:05.279 I/[CT]    ( 4885): SP:AP:AnchorPersistenceRuntimeIpcServer: queryAvailableAnchorsSMV2: clientId: 2367474718, maxAnchors: 500, filter: 0, queryMultipleRoomsEnabledByOpenXrVersion: true, source: 1, appId: com.oculus.vrshell
12-06 16:45:05.279 I/[CT]    ( 4885): SP:AP:AnchorPersistenceConfig: getSceneRuntimePermissionEnabled: USE_SCENE permission is enabled on this device
12-06 16:45:05.279 I/[CT]    ( 4885): SP:AP:AnchorPersistenceScenePermissions: hasClientGrantedScenePermission: USE_SCENE permission is enabled on this device, check client 2367474718, grant is true
12-06 16:45:05.279 I/[CT]    ( 4885): SP:AP:AnchorPersistenceConfig: getSceneRuntimePermissionEnabled: USE_SCENE permission is enabled on this device
12-06 16:45:05.280 W/SensorControl( 9368): No exposure settings will be updated on slot idx: 2 because exposure/gain changes are too small or identical.
12-06 16:45:05.281 I/[CT]    ( 4885): SP:SceneAnchorFilterUtil: filterSceneDataByPermission: com.oculus.vrshell permission check passed, keep scene data. anchors size: 0
12-06 16:45:05.281 I/[CT]    ( 3469): SP:AF:InsightAnchorApi: QueryAnchorSpaces (task finish) returnCode: AnchorResultCode::SUCCESS(0), numSpacesFound: 0, spacesFoundUuids: [], duration: 0.000000000 [sec], flags: 44, location: 1, method: 1, request: 4246
12-06 16:45:05.286 E/TrackedObjectManager( 2832): Failed to connect to TrackedObjectService with error Status(-129, EX_TRANSACTION_FAILED): 'DEAD_OBJECT: '
12-06 16:45:05.286 W/OSDynamicObjectDataQuerier( 2832): Tracker stopped running without input server stopping it, attempting restart
12-06 16:45:05.286 W/OSDynamicObjectDataQuerier( 2832): Attempted to start tracking objects when tracker was already started
12-06 16:45:05.286 E/TrackedObjectManager( 2832): Failed to connect to TrackedObjectService with error Status(-129, EX_TRANSACTION_FAILED): 'DEAD_OBJECT: '
12-06 16:45:05.286 E/TrackedObjectManager( 2832): Failed to start tracking keyboard object with error Status(-129, EX_TRANSACTION_FAILED): 'DEAD_OBJECT: '
12-06 16:45:05.294 I/[CT]    ( 3469): SP:TREX:SpatialPersistencePlugin: Event type: 6
12-06 16:45:05.294 I/TREX    ( 3469): Spatial Persistence event: QuerySpacesFinish
12-06 16:45:05.300 E/TrackedObjectManager( 2832): Failed to connect to TrackedObjectService with error Status(-129, EX_TRANSACTION_FAILED): 'DEAD_OBJECT: '
12-06 16:45:05.300 W/OSDynamicObjectDataQuerier( 2832): Attempted to start tracking objects when tracker was already started
12-06 16:45:05.300 E/TrackedObjectManager( 2832): Failed to connect to TrackedObjectService with error Status(-129, EX_TRANSACTION_FAILED): 'DEAD_OBJECT: '
12-06 16:45:05.300 E/TrackedObjectManager( 2832): Failed to start tracking keyboard object with error Status(-129, EX_TRANSACTION_FAILED): 'DEAD_OBJECT: '
12-06 16:45:05.313 W/SensorControl( 9368): No exposure settings will be updated on slot idx: 0 because exposure/gain changes are too small or identical.
12-06 16:45:05.314 E/TrackedObjectManager( 2832): Failed to connect to TrackedObjectService with error Status(-129, EX_TRANSACTION_FAILED): 'DEAD_OBJECT: '
12-06 16:45:05.314 W/OSDynamicObjectDataQuerier( 2832): Attempted to start tracking objects when tracker was already started
12-06 16:45:05.314 E/TrackedObjectManager( 2832): Failed to connect to TrackedObjectService with error Status(-129, EX_TRANSACTION_FAILED): 'DEAD_OBJECT: '
12-06 16:45:05.314 E/TrackedObjectManager( 2832): Failed to start tracking keyboard object with error Status(-129, EX_TRANSACTION_FAILED): 'DEAD_OBJECT: '
12-06 16:45:05.328 E/TrackedObjectManager( 2832): Failed to connect to TrackedObjectService with error Status(-129, EX_TRANSACTION_FAILED): 'DEAD_OBJECT: '
12-06 16:45:05.328 W/OSDynamicObjectDataQuerier( 2832): Attempted to start tracking objects when tracker was already started
12-06 16:45:05.328 E/TrackedObjectManager( 2832): Failed to connect to TrackedObjectService with error Status(-129, EX_TRANSACTION_FAILED): 'DEAD_OBJECT: '
12-06 16:45:05.328 E/TrackedObjectManager( 2832): Failed to start tracking keyboard object with error Status(-129, EX_TRANSACTION_FAILED): 'DEAD_OBJECT: '
12-06 16:45:05.342 E/TrackedObjectManager( 2832): Failed to connect to TrackedObjectService with error Status(-129, EX_TRANSACTION_FAILED): 'DEAD_OBJECT: '
12-06 16:45:05.342 W/OSDynamicObjectDataQuerier( 2832): Attempted to start tracking objects when tracker was already started
12-06 16:45:05.342 E/TrackedObjectManager( 2832): Failed to connect to TrackedObjectService with error Status(-129, EX_TRANSACTION_FAILED): 'DEAD_OBJECT: '
12-06 16:45:05.342 E/TrackedObjectManager( 2832): Failed to start tracking keyboard object with error Status(-129, EX_TRANSACTION_FAILED): 'DEAD_OBJECT: '
12-06 16:45:05.347 W/SensorControl( 9368): No exposure settings will be updated on slot idx: 2 because exposure/gain changes are too small or identical.
12-06 16:45:05.356 E/TrackedObjectManager( 2832): Failed to connect to TrackedObjectService with error Status(-129, EX_TRANSACTION_FAILED): 'DEAD_OBJECT: '
12-06 16:45:05.356 W/OSDynamicObjectDataQuerier( 2832): Attempted to start tracking objects when tracker was already started
12-06 16:45:05.356 E/TrackedObjectManager( 2832): Failed to connect to TrackedObjectService with error Status(-129, EX_TRANSACTION_FAILED): 'DEAD_OBJECT: '
12-06 16:45:05.356 E/TrackedObjectManager( 2832): Failed to start tracking keyboard object with error Status(-129, EX_TRANSACTION_FAILED): 'DEAD_OBJECT: '
12-06 16:45:05.369 E/TrackedObjectManager( 2832): Failed to connect to TrackedObjectService with error Status(-129, EX_TRANSACTION_FAILED): 'DEAD_OBJECT: '
12-06 16:45:05.369 W/OSDynamicObjectDataQuerier( 2832): Attempted to start tracking objects when tracker was already started
12-06 16:45:05.369 E/TrackedObjectManager( 2832): Failed to connect to TrackedObjectService with error Status(-129, EX_TRANSACTION_FAILED): 'DEAD_OBJECT: '
12-06 16:45:05.369 E/TrackedObjectManager( 2832): Failed to start tracking keyboard object with error Status(-129, EX_TRANSACTION_FAILED): 'DEAD_OBJECT: '
12-06 16:45:05.380 W/SensorControl( 9368): No exposure settings will be updated on slot idx: 0 because exposure/gain changes are too small or identical.
12-06 16:45:05.383 E/TrackedObjectManager( 2832): Failed to connect to TrackedObjectService with error Status(-129, EX_TRANSACTION_FAILED): 'DEAD_OBJECT: '
12-06 16:45:05.383 W/OSDynamicObjectDataQuerier( 2832): Attempted to start tracking objects when tracker was already started
12-06 16:45:05.383 E/TrackedObjectManager( 2832): Failed to connect to TrackedObjectService with error Status(-129, EX_TRANSACTION_FAILED): 'DEAD_OBJECT: '
12-06 16:45:05.383 E/TrackedObjectManager( 2832): Failed to start tracking keyboard object with error Status(-129, EX_TRANSACTION_FAILED): 'DEAD_OBJECT: '
12-06 16:45:05.397 E/TrackedObjectManager( 2832): Failed to connect to TrackedObjectService with error Status(-129, EX_TRANSACTION_FAILED): 'DEAD_OBJECT: '
12-06 16:45:05.397 W/OSDynamicObjectDataQuerier( 2832): Attempted to start tracking objects when tracker was already started
12-06 16:45:05.397 E/TrackedObjectManager( 2832): Failed to connect to TrackedObjectService with error Status(-129, EX_TRANSACTION_FAILED): 'DEAD_OBJECT: '
12-06 16:45:05.397 E/TrackedObjectManager( 2832): Failed to start tracking keyboard object with error Status(-129, EX_TRANSACTION_FAILED): 'DEAD_OBJECT: '
12-06 16:45:05.411 E/TrackedObjectManager( 2832): Failed to connect to TrackedObjectService with error Status(-129, EX_TRANSACTION_FAILED): 'DEAD_OBJECT: '
12-06 16:45:05.411 W/OSDynamicObjectDataQuerier( 2832): Attempted to start tracking objects when tracker was already started
12-06 16:45:05.411 E/TrackedObjectManager( 2832): Failed to connect to TrackedObjectService with error Status(-129, EX_TRANSACTION_FAILED): 'DEAD_OBJECT: '
12-06 16:45:05.411 E/TrackedObjectManager( 2832): Failed to start tracking keyboard object with error Status(-129, EX_TRANSACTION_FAILED): 'DEAD_OBJECT: '
12-06 16:45:05.413 W/SensorControl( 9368): No exposure settings will be updated on slot idx: 2 because exposure/gain changes are too small or identical.
12-06 16:45:05.425 E/TrackedObjectManager( 2832): Failed to connect to TrackedObjectService with error Status(-129, EX_TRANSACTION_FAILED): 'DEAD_OBJECT: '
12-06 16:45:05.425 W/OSDynamicObjectDataQuerier( 2832): Attempted to start tracking objects when tracker was already started
12-06 16:45:05.425 E/TrackedObjectManager( 2832): Failed to connect to TrackedObjectService with error Status(-129, EX_TRANSACTION_FAILED): 'DEAD_OBJECT: '
12-06 16:45:05.425 E/TrackedObjectManager( 2832): Failed to start tracking keyboard object with error Status(-129, EX_TRANSACTION_FAILED): 'DEAD_OBJECT: '
12-06 16:45:05.439 E/TrackedObjectManager( 2832): Failed to connect to TrackedObjectService with error Status(-129, EX_TRANSACTION_FAILED): 'DEAD_OBJECT: '
12-06 16:45:05.439 W/OSDynamicObjectDataQuerier( 2832): Attempted to start tracking objects when tracker was already started
12-06 16:45:05.439 E/TrackedObjectManager( 2832): Failed to connect to TrackedObjectService with error Status(-129, EX_TRANSACTION_FAILED): 'DEAD_OBJECT: '
12-06 16:45:05.439 E/TrackedObjectManager( 2832): Failed to start tracking keyboard object with error Status(-129, EX_TRANSACTION_FAILED): 'DEAD_OBJECT: '
12-06 16:45:05.447 W/SensorControl( 9368): No exposure settings will be updated on slot idx: 0 because exposure/gain changes are too small or identical.
12-06 16:45:05.453 E/TrackedObjectManager( 2832): Failed to connect to TrackedObjectService with error Status(-129, EX_TRANSACTION_FAILED): 'DEAD_OBJECT: '
12-06 16:45:05.453 W/OSDynamicObjectDataQuerier( 2832): Attempted to start tracking objects when tracker was already started
12-06 16:45:05.453 E/TrackedObjectManager( 2832): Failed to connect to TrackedObjectService with error Status(-129, EX_TRANSACTION_FAILED): 'DEAD_OBJECT: '
12-06 16:45:05.453 E/TrackedObjectManager( 2832): Failed to start tracking keyboard object with error Status(-129, EX_TRANSACTION_FAILED): 'DEAD_OBJECT: '
12-06 16:45:05.466 E/TrackedObjectManager( 2832): Failed to connect to TrackedObjectService with error Status(-129, EX_TRANSACTION_FAILED): 'DEAD_OBJECT: '
12-06 16:45:05.467 W/OSDynamicObjectDataQuerier( 2832): Attempted to start tracking objects when tracker was already started
12-06 16:45:05.467 E/TrackedObjectManager( 2832): Failed to connect to TrackedObjectService with error Status(-129, EX_TRANSACTION_FAILED): 'DEAD_OBJECT: '
12-06 16:45:05.467 E/TrackedObjectManager( 2832): Failed to start tracking keyboard object with error Status(-129, EX_TRANSACTION_FAILED): 'DEAD_OBJECT: '
12-06 16:45:05.480 W/SensorControl( 9368): No exposure settings will be updated on slot idx: 2 because exposure/gain changes are too small or identical.
12-06 16:45:05.480 E/TrackedObjectManager( 2832): Failed to connect to TrackedObjectService with error Status(-129, EX_TRANSACTION_FAILED): 'DEAD_OBJECT: '
12-06 16:45:05.480 W/OSDynamicObjectDataQuerier( 2832): Attempted to start tracking objects when tracker was already started
12-06 16:45:05.480 E/TrackedObjectManager( 2832): Failed to connect to TrackedObjectService with error Status(-129, EX_TRANSACTION_FAILED): 'DEAD_OBJECT: '
12-06 16:45:05.480 E/TrackedObjectManager( 2832): Failed to start tracking keyboard object with error Status(-129, EX_TRANSACTION_FAILED): 'DEAD_OBJECT: '
12-06 16:45:05.494 E/TrackedObjectManager( 2832): Failed to connect to TrackedObjectService with error Status(-129, EX_TRANSACTION_FAILED): 'DEAD_OBJECT: '
12-06 16:45:05.494 W/OSDynamicObjectDataQuerier( 2832): Attempted to start tracking objects when tracker was already started
12-06 16:45:05.494 E/TrackedObjectManager( 2832): Failed to connect to TrackedObjectService with error Status(-129, EX_TRANSACTION_FAILED): 'DEAD_OBJECT: '
12-06 16:45:05.494 E/TrackedObjectManager( 2832): Failed to start tracking keyboard object with error Status(-129, EX_TRANSACTION_FAILED): 'DEAD_OBJECT: '
12-06 16:45:05.508 E/TrackedObjectManager( 2832): Failed to connect to TrackedObjectService with error Status(-129, EX_TRANSACTION_FAILED): 'DEAD_OBJECT: '
12-06 16:45:05.508 W/OSDynamicObjectDataQuerier( 2832): Attempted to start tracking objects when tracker was already started
12-06 16:45:05.508 E/TrackedObjectManager( 2832): Failed to connect to TrackedObjectService with error Status(-129, EX_TRANSACTION_FAILED): 'DEAD_OBJECT: '
12-06 16:45:05.508 E/TrackedObjectManager( 2832): Failed to start tracking keyboard object with error Status(-129, EX_TRANSACTION_FAILED): 'DEAD_OBJECT: '
12-06 16:45:05.513 W/SensorControl( 9368): No exposure settings will be updated on slot idx: 0 because exposure/gain changes are too small or identical.
12-06 16:45:05.522 E/TrackedObjectManager( 2832): Failed to connect to TrackedObjectService with error Status(-129, EX_TRANSACTION_FAILED): 'DEAD_OBJECT: '
12-06 16:45:05.522 W/OSDynamicObjectDataQuerier( 2832): Attempted to start tracking objects when tracker was already started
12-06 16:45:05.522 E/TrackedObjectManager( 2832): Failed to connect to TrackedObjectService with error Status(-129, EX_TRANSACTION_FAILED): 'DEAD_OBJECT: '
12-06 16:45:05.522 E/TrackedObjectManager( 2832): Failed to start tracking keyboard object with error Status(-129, EX_TRANSACTION_FAILED): 'DEAD_OBJECT: '
12-06 16:45:05.536 E/TrackedObjectManager( 2832): Failed to connect to TrackedObjectService with error Status(-129, EX_TRANSACTION_FAILED): 'DEAD_OBJECT: '
12-06 16:45:05.536 W/OSDynamicObjectDataQuerier( 2832): Attempted to start tracking objects when tracker was already started
12-06 16:45:05.536 E/TrackedObjectManager( 2832): Failed to connect to TrackedObjectService with error Status(-129, EX_TRANSACTION_FAILED): 'DEAD_OBJECT: '
12-06 16:45:05.536 E/TrackedObjectManager( 2832): Failed to start tracking keyboard object with error Status(-129, EX_TRANSACTION_FAILED): 'DEAD_OBJECT: '
12-06 16:45:05.547 W/SensorControl( 9368): No exposure settings will be updated on slot idx: 2 because exposure/gain changes are too small or identical.
12-06 16:45:05.550 E/TrackedObjectManager( 2832): Failed to connect to TrackedObjectService with error Status(-129, EX_TRANSACTION_FAILED): 'DEAD_OBJECT: '
12-06 16:45:05.550 W/OSDynamicObjectDataQuerier( 2832): Attempted to start tracking objects when tracker was already started
12-06 16:45:05.550 E/TrackedObjectManager( 2832): Failed to connect to TrackedObjectService with error Status(-129, EX_TRANSACTION_FAILED): 'DEAD_OBJECT: '
12-06 16:45:05.550 E/TrackedObjectManager( 2832): Failed to start tracking keyboard object with error Status(-129, EX_TRANSACTION_FAILED): 'DEAD_OBJECT: '
12-06 16:45:05.564 E/TrackedObjectManager( 2832): Failed to connect to TrackedObjectService with error Status(-129, EX_TRANSACTION_FAILED): 'DEAD_OBJECT: '
12-06 16:45:05.564 W/OSDynamicObjectDataQuerier( 2832): Attempted to start tracking objects when tracker was already started
12-06 16:45:05.564 E/TrackedObjectManager( 2832): Failed to connect to TrackedObjectService with error Status(-129, EX_TRANSACTION_FAILED): 'DEAD_OBJECT: '
12-06 16:45:05.564 E/TrackedObjectManager( 2832): Failed to start tracking keyboard object with error Status(-129, EX_TRANSACTION_FAILED): 'DEAD_OBJECT: '
12-06 16:45:05.578 E/TrackedObjectManager( 2832): Failed to connect to TrackedObjectService with error Status(-129, EX_TRANSACTION_FAILED): 'DEAD_OBJECT: '
12-06 16:45:05.578 W/OSDynamicObjectDataQuerier( 2832): Attempted to start tracking objects when tracker was already started
12-06 16:45:05.578 E/TrackedObjectManager( 2832): Failed to connect to TrackedObjectService with error Status(-129, EX_TRANSACTION_FAILED): 'DEAD_OBJECT: '
12-06 16:45:05.578 E/TrackedObjectManager( 2832): Failed to start tracking keyboard object with error Status(-129, EX_TRANSACTION_FAILED): 'DEAD_OBJECT: '
12-06 16:45:05.580 W/SensorControl( 9368): No exposure settings will be updated on slot idx: 0 because exposure/gain changes are too small or identical.
12-06 16:45:05.591 E/TrackedObjectManager( 2832): Failed to connect to TrackedObjectService with error Status(-129, EX_TRANSACTION_FAILED): 'DEAD_OBJECT: '
12-06 16:45:05.592 W/OSDynamicObjectDataQuerier( 2832): Attempted to start tracking objects when tracker was already started
12-06 16:45:05.592 E/TrackedObjectManager( 2832): Failed to connect to TrackedObjectService with error Status(-129, EX_TRANSACTION_FAILED): 'DEAD_OBJECT: '
12-06 16:45:05.592 E/TrackedObjectManager( 2832): Failed to start tracking keyboard object with error Status(-129, EX_TRANSACTION_FAILED): 'DEAD_OBJECT: '
12-06 16:45:05.595 I/vendor.qti.bluetooth@1.1-ibs_handler(  857): ProcessIbsCmd: Received IBS_WAKE_IND: 0xFD
12-06 16:45:05.595 D/vendor.qti.bluetooth@1.1-ibs_handler(  857): SerialClockVote: vote for UART CLK ON
12-06 16:45:05.595 D/vendor.qti.bluetooth@1.1-wake_lock(  857): Acquire wakelock is acquired 
12-06 16:45:05.595 I/vendor.qti.bluetooth@1.1-ibs_handler(  857): ProcessIbsCmd: Writing IBS_WAKE_ACK
12-06 16:45:05.605 E/TrackedObjectManager( 2832): Failed to connect to TrackedObjectService with error Status(-129, EX_TRANSACTION_FAILED): 'DEAD_OBJECT: '
12-06 16:45:05.605 W/OSDynamicObjectDataQuerier( 2832): Attempted to start tracking objects when tracker was already started
12-06 16:45:05.605 E/TrackedObjectManager( 2832): Failed to connect to TrackedObjectService with error Status(-129, EX_TRANSACTION_FAILED): 'DEAD_OBJECT: '
12-06 16:45:05.605 E/TrackedObjectManager( 2832): Failed to start tracking keyboard object with error Status(-129, EX_TRANSACTION_FAILED): 'DEAD_OBJECT: '
12-06 16:45:05.611 I/VD628x  (  884): Flicker results: freq 120.000000, max 119.814148, dcr 44.425423, pct 0.012865, idx 0.003241, conf 0.139084, snr -7.807443, svm 0.016844, sus 0
12-06 16:45:05.614 W/SensorControl( 9368): No exposure settings will be updated on slot idx: 2 because exposure/gain changes are too small or identical.
12-06 16:45:05.619 E/TrackedObjectManager( 2832): Failed to connect to TrackedObjectService with error Status(-129, EX_TRANSACTION_FAILED): 'DEAD_OBJECT: '
12-06 16:45:05.619 W/OSDynamicObjectDataQuerier( 2832): Attempted to start tracking objects when tracker was already started
12-06 16:45:05.619 E/TrackedObjectManager( 2832): Failed to connect to TrackedObjectService with error Status(-129, EX_TRANSACTION_FAILED): 'DEAD_OBJECT: '
12-06 16:45:05.619 E/TrackedObjectManager( 2832): Failed to start tracking keyboard object with error Status(-129, EX_TRANSACTION_FAILED): 'DEAD_OBJECT: '
12-06 16:45:05.633 E/TrackedObjectManager( 2832): Failed to connect to TrackedObjectService with error Status(-129, EX_TRANSACTION_FAILED): 'DEAD_OBJECT: '
12-06 16:45:05.633 W/OSDynamicObjectDataQuerier( 2832): Attempted to start tracking objects when tracker was already started
12-06 16:45:05.633 E/TrackedObjectManager( 2832): Failed to connect to TrackedObjectService with error Status(-129, EX_TRANSACTION_FAILED): 'DEAD_OBJECT: '
12-06 16:45:05.633 E/TrackedObjectManager( 2832): Failed to start tracking keyboard object with error Status(-129, EX_TRANSACTION_FAILED): 'DEAD_OBJECT: '
12-06 16:45:05.636 I/vendor.qti.bluetooth@1.1-ibs_handler(  857): ProcessIbsCmd: Received IBS_SLEEP_IND: 0xFE
12-06 16:45:05.636 D/vendor.qti.bluetooth@1.1-ibs_handler(  857): SerialClockVote: vote for UART CLK OFF
12-06 16:45:05.637 I/MRSS    ( 1157): MIXEDREALITY: EnvironmentDepthMetacapability: processTelemetry client com.oculus.vrshell state true aggregated 0
12-06 16:45:05.647 W/SensorControl( 9368): No exposure settings will be updated on slot idx: 0 because exposure/gain changes are too small or identical.
12-06 16:45:05.647 E/TrackedObjectManager( 2832): Failed to connect to TrackedObjectService with error Status(-129, EX_TRANSACTION_FAILED): 'DEAD_OBJECT: '
12-06 16:45:05.647 W/OSDynamicObjectDataQuerier( 2832): Attempted to start tracking objects when tracker was already started
12-06 16:45:05.647 E/TrackedObjectManager( 2832): Failed to connect to TrackedObjectService with error Status(-129, EX_TRANSACTION_FAILED): 'DEAD_OBJECT: '
