12-07 13:24:29.219 I/HorizonStandalone(24960): Application: FLAG: mode2_config_dir: 
12-07 13:24:29.219 I/HorizonStandalone(24960): Application: FLAG: mode_config_dir: mode/xr
12-07 13:24:29.219 I/HorizonStandalone(24960): Application: FLAG: predefined_session_id: 
12-07 13:24:29.219 I/HorizonStandalone(24960): Application: FLAG: run_in_ci: false
12-07 13:24:29.219 I/HorizonStandalone(24960): Application: FLAG: run_in_fb_infra: false
12-07 13:24:29.219 I/HorizonStandalone(24960): Application: FLAG: test_app_handle: 
12-07 13:24:29.219 I/HorizonStandalone(24960): Application: FLAG: test_build_number: 
12-07 13:24:29.219 I/HorizonStandalone(24960): Application: FLAG: test_name: 
12-07 13:24:29.219 I/HorizonStandalone(24960): Application: FLAG: test_run_id: 
12-07 13:24:29.219 I/HorizonStandalone(24960): Application: FLAG: user_config: user_config.json
12-07 13:24:29.219 I/HorizonStandalone(24960): Application: FLAG: time_to_assert_seconds: 0
12-07 13:24:29.219 I/HorizonStandalone(24960): Application: FLAG: time_to_crash_seconds: 0
12-07 13:24:29.219 I/HorizonStandalone(24960): Application: FLAG: time_to_exception_seconds: 0
12-07 13:24:29.219 I/HorizonStandalone(24960): Application: FLAG: time_to_exit_seconds: 0
12-07 13:24:29.219 I/HorizonStandalone(24960): Application: FLAG: time_to_stall_renderer_seconds: 0
12-07 13:24:29.219 I/HorizonStandalone(24960): Application: FLAG: time_to_stall_sim_seconds: 0
12-07 13:24:29.219 I/HorizonStandalone(24960): Application: FLAG: time_to_stall_waitforjob_seconds: 0
12-07 13:24:29.219 I/HorizonStandalone(24960): Application: FLAG: config_overrides: 
12-07 13:24:29.219 I/HorizonStandalone(24960): Application: FLAG: autoConnectChromeDebuggerIfWaiting: false
12-07 13:24:29.219 I/HorizonStandalone(24960): Application: FLAG: enablePropertyBatching: true
12-07 13:24:29.219 I/HorizonStandalone(24960): Application: FLAG: enableRemoteScriptingDebugger: false
12-07 13:24:29.219 I/HorizonStandalone(24960): Application: FLAG: enableScriptTimeouts: false
12-07 13:24:29.219 I/HorizonStandalone(24960): Application: FLAG: remoteScriptingDebuggerPort: 9229
12-07 13:24:29.219 I/HorizonStandalone(24960): Application: FLAG: scriptTimeoutMs: 5000
12-07 13:24:29.219 I/HorizonStandalone(24960): Application: FLAG: waitForDebugger: false
12-07 13:24:29.219 I/HorizonStandalone(24960): Application: FLAG: flagfile: 
12-07 13:24:29.219 I/HorizonStandalone(24960): Application: FLAG: fromenv: 
12-07 13:24:29.219 I/HorizonStandalone(24960): Application: FLAG: tryfromenv: 
12-07 13:24:29.219 I/HorizonStandalone(24960): Application: FLAG: undefok: 
12-07 13:24:29.219 I/HorizonStandalone(24960): Application: FLAG: tab_completion_columns: 80
12-07 13:24:29.219 I/HorizonStandalone(24960): Application: FLAG: tab_completion_word: 
12-07 13:24:29.219 I/HorizonStandalone(24960): Application: FLAG: help: false
12-07 13:24:29.219 I/HorizonStandalone(24960): Application: FLAG: helpfull: false
12-07 13:24:29.219 I/HorizonStandalone(24960): Application: FLAG: helpmatch: 
12-07 13:24:29.219 I/HorizonStandalone(24960): Application: FLAG: helpon: 
12-07 13:24:29.219 I/HorizonStandalone(24960): Application: FLAG: helppackage: false
12-07 13:24:29.219 I/HorizonStandalone(24960): Application: FLAG: helpshort: false
12-07 13:24:29.219 I/HorizonStandalone(24960): Application: FLAG: helpxml: false
12-07 13:24:29.219 I/HorizonStandalone(24960): Application: FLAG: version: false
12-07 13:24:29.219 I/HorizonStandalone(24960): Application: Using temporary path: /data/user/0/com.example.moonlight_spatialsdk/files/AetherApplication/20251207/24960
12-07 13:24:29.219 I/HorizonStandalone(24960): Path: setApplicationTempDirectory /data/user/0/com.example.moonlight_spatialsdk/files/AetherApplication/20251207/24960 succeeded
12-07 13:24:29.220 I/HorizonStandalone(24960): Core: Closing log file, ''
12-07 13:24:29.220 I/HorizonStandalone(24960): Application: Log file initialized: /data/user/0/com.example.moonlight_spatialsdk/files/AetherApplication/20251207/24960/logs/AetherApplication.log
12-07 13:24:29.220 I/HorizonStandalone(24960): Application: Application pid: 24960
12-07 13:24:29.220 I/HorizonStandalone(24960): Path: setApplicationPersistentPath /storage/emulated/0/Android/data/com.example.moonlight_spatialsdk/files succeeded
12-07 13:24:29.220 I/HorizonStandalone(24960): Config: LoadFlags: AllowNoManifest=true, AllowDefaultConfigs=true, AllowUnknownConfigs=true
12-07 13:24:29.220 I/HorizonStandalone(24960): Config: Loading config files: baseConfigDir=config, modeConfigDir=config/mode/xr, mode2ConfigDir=, userConfigPath=config/user_config.json, overrideConfigPath=config/local_override_config.json, os=oculus, arch=arm64, hardwareVariant=eureka
12-07 13:24:29.221 W/HorizonStandalone(24960): Io: readTextFile("config/manifest.json", buffer, dataSize)
12-07 13:24:29.221 I/HorizonStandalone(24960): Config: manifest file could not be found/read: config/manifest.json
12-07 13:24:29.221 W/HorizonStandalone(24960): Config: AllowNoManifest
12-07 13:24:29.221 W/HorizonStandalone(24960): Io: readTextFile("config/oculus/manifest.json", buffer, dataSize)
12-07 13:24:29.221 I/HorizonStandalone(24960): Config: manifest file could not be found/read: config/oculus/manifest.json
12-07 13:24:29.221 W/HorizonStandalone(24960): Config: AllowNoManifest
12-07 13:24:29.221 W/HorizonStandalone(24960): Io: readTextFile("config/oculus/arm64/manifest.json", buffer, dataSize)
12-07 13:24:29.221 I/HorizonStandalone(24960): Config: manifest file could not be found/read: config/oculus/arm64/manifest.json
12-07 13:24:29.221 W/HorizonStandalone(24960): Config: AllowNoManifest
12-07 13:24:29.221 W/HorizonStandalone(24960): Io: readTextFile("config/oculus/arm64/eureka/manifest.json", buffer, dataSize)
12-07 13:24:29.221 I/HorizonStandalone(24960): Config: manifest file could not be found/read: config/oculus/arm64/eureka/manifest.json
12-07 13:24:29.221 W/HorizonStandalone(24960): Config: AllowNoManifest
12-07 13:24:29.221 W/HorizonStandalone(24960): Io: readTextFile("config/mode/xr/manifest.json", buffer, dataSize)
12-07 13:24:29.221 I/HorizonStandalone(24960): Config: manifest file could not be found/read: config/mode/xr/manifest.json
12-07 13:24:29.221 W/HorizonStandalone(24960): Config: AllowNoManifest
12-07 13:24:29.221 W/HorizonStandalone(24960): Io: readTextFile("config/mode/xr/oculus/manifest.json", buffer, dataSize)
12-07 13:24:29.221 I/HorizonStandalone(24960): Config: manifest file could not be found/read: config/mode/xr/oculus/manifest.json
12-07 13:24:29.221 W/HorizonStandalone(24960): Config: AllowNoManifest
12-07 13:24:29.221 W/HorizonStandalone(24960): Io: readTextFile("config/mode/xr/oculus/arm64/manifest.json", buffer, dataSize)
12-07 13:24:29.221 I/HorizonStandalone(24960): Config: manifest file could not be found/read: config/mode/xr/oculus/arm64/manifest.json
12-07 13:24:29.221 W/HorizonStandalone(24960): Config: AllowNoManifest
12-07 13:24:29.221 W/HorizonStandalone(24960): Io: readTextFile("config/mode/xr/oculus/arm64/eureka/manifest.json", buffer, dataSize)
12-07 13:24:29.221 I/HorizonStandalone(24960): Config: manifest file could not be found/read: config/mode/xr/oculus/arm64/eureka/manifest.json
12-07 13:24:29.221 W/HorizonStandalone(24960): Config: AllowNoManifest
12-07 13:24:29.221 W/HorizonStandalone(24960): Io: readTextFile("config/user_config.jsonc", buffer, dataSize)
12-07 13:24:29.221 I/HorizonStandalone(24960): Config: Config file config/user_config.jsonc Not Found, falling back to  config/user_config.json
12-07 13:24:29.221 W/HorizonStandalone(24960): Io: readTextFile("config/user_config.json", buffer, dataSize)
12-07 13:24:29.221 I/HorizonStandalone(24960): Config: override file could not be found/read: config/user_config.json
12-07 13:24:29.221 W/HorizonStandalone(24960): Io: readTextFile("config/local_override_config.jsonc", buffer, dataSize)
12-07 13:24:29.221 I/HorizonStandalone(24960): Config: Config file config/local_override_config.jsonc Not Found, falling back to  config/local_override_config.json
12-07 13:24:29.221 W/HorizonStandalone(24960): Io: readTextFile("config/local_override_config.json", buffer, dataSize)
12-07 13:24:29.221 I/HorizonStandalone(24960): Config: override file could not be found/read: config/local_override_config.json
12-07 13:24:29.221 W/HorizonStandalone(24960): Io: readTextFile("config/oculus/local_override_config.jsonc", buffer, dataSize)
12-07 13:24:29.221 I/HorizonStandalone(24960): Config: Config file config/oculus/local_override_config.jsonc Not Found, falling back to  config/oculus/local_override_config.json
12-07 13:24:29.221 W/HorizonStandalone(24960): Io: readTextFile("config/oculus/local_override_config.json", buffer, dataSize)
12-07 13:24:29.221 I/HorizonStandalone(24960): Config: override file could not be found/read: config/oculus/local_override_config.json
12-07 13:24:29.221 W/HorizonStandalone(24960): Io: readTextFile("config/oculus/arm64/local_override_config.jsonc", buffer, dataSize)
12-07 13:24:29.221 I/HorizonStandalone(24960): Config: Config file config/oculus/arm64/local_override_config.jsonc Not Found, falling back to  config/oculus/arm64/local_override_config.json
12-07 13:24:29.221 W/HorizonStandalone(24960): Io: readTextFile("config/oculus/arm64/local_override_config.json", buffer, dataSize)
12-07 13:24:29.221 I/HorizonStandalone(24960): Config: override file could not be found/read: config/oculus/arm64/local_override_config.json
12-07 13:24:29.221 W/HorizonStandalone(24960): Io: readTextFile("config/oculus/arm64/eureka/local_override_config.jsonc", buffer, dataSize)
12-07 13:24:29.221 I/HorizonStandalone(24960): Config: Config file config/oculus/arm64/eureka/local_override_config.jsonc Not Found, falling back to  config/oculus/arm64/eureka/local_override_config.json
12-07 13:24:29.221 W/HorizonStandalone(24960): Io: readTextFile("config/oculus/arm64/eureka/local_override_config.json", buffer, dataSize)
12-07 13:24:29.221 I/HorizonStandalone(24960): Config: override file could not be found/read: config/oculus/arm64/eureka/local_override_config.json
12-07 13:24:29.221 W/HorizonStandalone(24960): Config: AllowDefaultConfigs: No config file specified by manifest for horizon::visibility_mask::VisibilityMaskConfig. Using object defaults.
12-07 13:24:29.221 W/HorizonStandalone(24960): Config: AllowDefaultConfigs: No config file specified by manifest for horizon::travel::TravelConfig. Using object defaults.
12-07 13:24:29.221 W/HorizonStandalone(24960): Config: AllowDefaultConfigs: No config file specified by manifest for horizon::scripting_model::ScriptingConfig. Using object defaults.
12-07 13:24:29.221 I/HorizonStandalone(24960): Config: Missing config horizon::interaction::InteractionConfig on interface <fix-T201766142>, error deferred
12-07 13:24:29.221 I/HorizonStandalone(24960): Config: Missing config horizon::ui_debug::DebugUiConfig on interface <fix-T201766142>, error deferred
12-07 13:24:29.221 I/HorizonStandalone(24960): Config: Missing config horizon::input::InputConfig on interface <fix-T201766142>, error deferred
12-07 13:24:29.221 W/HorizonStandalone(24960): Config: AllowDefaultConfigs: No config file specified by manifest for horizon::ts_environment_file::FbsourceTsconfigConfig. Using object defaults.
12-07 13:24:29.221 I/HorizonStandalone(24960): Config: Missing config horizon::physics::PhysicsConfig on interface <fix-T201766142>, error deferred
12-07 13:24:29.221 I/HorizonStandalone(24960): Config: Missing config horizon::embodiment::EmbodimentConfig on interface <fix-T201766142>, error deferred
12-07 13:24:29.221 I/HorizonStandalone(24960): Config: Missing config horizon::core_ui::CoreUiConfig on interface <fix-T201766142>, error deferred
12-07 13:24:29.221 I/HorizonStandalone(24960): Config: Missing config horizon::locomotion::LocomotionConfig on interface <fix-T201766142>, error deferred
12-07 13:24:29.221 I/HorizonStandalone(24960): Config: Missing config horizon::character::CharacterConfig on interface <fix-T201766142>, error deferred
12-07 13:24:29.221 I/HorizonStandalone(24960): Config: Missing config horizon::meta_config::MetaConfigConfig on interface <fix-T201766142>, error deferred
12-07 13:24:29.221 I/HorizonStandalone(24960): Config: Missing config horizon::aether::AetherConfig on interface <fix-T201766142>, error deferred
12-07 13:24:29.221 I/HorizonStandalone(24960): Config: Missing config horizon::asset_service::AssetServiceConfig on interface <fix-T201766142>, error deferred
12-07 13:24:29.221 I/HorizonStandalone(24960): Config: Missing config horizon::asset_service::AssetRefreshConfig on interface <fix-T201766142>, error deferred
12-07 13:24:29.221 W/HorizonStandalone(24960): Config: AllowDefaultConfigs: No config file specified by manifest for horizon::WorldLoaderConfig. Using object defaults.
12-07 13:24:29.221 I/HorizonStandalone(24960): Config: Missing config horizon::avatar::AvatarConfig on interface <fix-T201766142>, error deferred
12-07 13:24:29.221 W/HorizonStandalone(24960): Config: AllowDefaultConfigs: No config file specified by manifest for horizon::SceneManagerConfig. Using object defaults.
12-07 13:24:29.221 I/HorizonStandalone(24960): Config: Missing config horizon::VoipConfig on interface <fix-T201766142>, error deferred
12-07 13:24:29.221 I/HorizonStandalone(24960): Config: Missing config horizon::WebRequestConfig on interface <fix-T201766142>, error deferred
12-07 13:24:29.221 W/HorizonStandalone(24960): Config: AllowDefaultConfigs: No config file specified by manifest for horizon::WatchdogConfig. Using object defaults.
12-07 13:24:29.221 I/HorizonStandalone(24960): Config: Missing config horizon::AnalyticsConfig on interface <fix-T201766142>, error deferred
12-07 13:24:29.221 I/HorizonStandalone(24960): Config: Missing config horizon::RenderConfig on interface <fix-T201766142>, error deferred
12-07 13:24:29.221 W/HorizonStandalone(24960): Config: AllowDefaultConfigs: No config file specified by manifest for horizon::PerformanceConfig. Using object defaults.
12-07 13:24:29.221 I/HorizonStandalone(24960): Config: Missing config horizon::worlds::splat_renderer::SplatRendererConfig on interface <fix-T201766142>, error deferred
12-07 13:24:29.221 W/HorizonStandalone(24960): Config: AllowDefaultConfigs: No config file specified by manifest for horizon::ApplicationConfig. Using object defaults.
12-07 13:24:29.221 I/HorizonStandalone(24960): Config: Missing config horizon::networking::NetworkConfig on interface <fix-T201766142>, error deferred
12-07 13:24:29.221 W/HorizonStandalone(24960): Config: AllowDefaultConfigs: No config file specified by manifest for horizon::LogConfig. Using object defaults.
12-07 13:24:29.221 I/HorizonStandalone(24960): Config: Missing config horizon::player::PlayerConfig on interface <fix-T201766142>, error deferred
12-07 13:24:29.221 W/HorizonStandalone(24960): Config: AllowDefaultConfigs: No config file specified by manifest for horizon::networking::ShardingConfig. Using object defaults.
12-07 13:24:29.221 I/HorizonStandalone(24960): Config: Missing config horizon::matchmaking::MatchmakingConfig on interface <fix-T201766142>, error deferred
12-07 13:24:29.221 W/HorizonStandalone(24960): Config: AllowDefaultConfigs: No config file specified by manifest for horizon::FlecsPipelineConfig. Using object defaults.
12-07 13:24:29.221 I/HorizonStandalone(24960): Config: Missing config horizon::AudioConfig on interface <fix-T201766142>, error deferred
12-07 13:24:29.221 W/HorizonStandalone(24960): Config: AllowDefaultConfigs: No config file specified by manifest for horizon::JobSystemDebugConfig. Using object defaults.
12-07 13:24:29.221 W/HorizonStandalone(24960): Config: AllowDefaultConfigs: No config file specified by manifest for horizon::renderer::FontsConfig. Using object defaults.
12-07 13:24:29.221 W/HorizonStandalone(24960): Config: AllowDefaultConfigs: No config file specified by manifest for horizon::DynamicConfig. Using object defaults.
12-07 13:24:29.221 W/HorizonStandalone(24960): Config: AllowDefaultConfigs: No config file specified by manifest for horizon::BuildConfig. Using object defaults.
12-07 13:24:29.221 I/HorizonStandalone(24960): Config: Missing config horizon::hmi::HmiConfig on interface <fix-T201766142>, error deferred
12-07 13:24:29.221 I/HorizonStandalone(24960): Config: Missing config horizon::asset_service::AssetServiceServerConfig on interface <fix-T201766142>, error deferred
12-07 13:24:29.221 W/HorizonStandalone(24960): Config: AllowDefaultConfigs: No config file specified by manifest for horizon::EntityLifecycleConfig. Using object defaults.
12-07 13:24:29.221 I/HorizonStandalone(24960): Config: Missing config horizon::asset_service::AssetServiceClientConfig on interface <fix-T201766142>, error deferred
12-07 13:24:29.221 I/HorizonStandalone(24960): Config: Missing config horizon::player_grabbing::PlayerGrabbingConfig on interface <fix-T201766142>, error deferred
12-07 13:24:29.221 W/HorizonStandalone(24960): Config: AllowDefaultConfigs: No config file specified by manifest for horizon::AppPhaseConfig. Using object defaults.
12-07 13:24:29.221 I/HorizonStandalone(24960): Config: Missing config horizon::auth::AuthConfig on interface <fix-T201766142>, error deferred
12-07 13:24:29.221 I/HorizonStandalone(24960): Config: [1/4] Registering configs...
12-07 13:24:29.221 I/HorizonStandalone(24960): Config: [2/4] Applying config layers...
12-07 13:24:29.222 I/HorizonStandalone(24960): Config: ConfigChanged: horizon::embodiment::EmbodimentConfig v2 (LocalConfigChange)
12-07 13:24:29.222 I/HorizonStandalone(24960): Config: ConfigChanged: horizon::character::CharacterConfig v2 (LocalConfigChange)
12-07 13:24:29.222 I/HorizonStandalone(24960): Config: ConfigChanged: horizon::embodiment::EmbodimentConfig v3 (LocalConfigChange)
12-07 13:24:29.222 I/HorizonStandalone(24960): Config: ConfigChanged: horizon::character::CharacterConfig v3 (LocalConfigChange)
12-07 13:24:29.222 I/HorizonStandalone(24960): Config: ConfigChanged: horizon::embodiment::EmbodimentConfig v4 (LocalConfigChange)
12-07 13:24:29.223 I/HorizonStandalone(24960): Config: ConfigChanged: horizon::character::CharacterConfig v4 (LocalConfigChange)
12-07 13:24:29.223 E/TrackedObjectManager( 2832): Failed to connect to TrackedObjectService with error Status(-129, EX_TRANSACTION_FAILED): 'DEAD_OBJECT: '
12-07 13:24:29.223 W/OSDynamicObjectDataQuerier( 2832): Attempted to start tracking objects when tracker was already started
12-07 13:24:29.223 E/TrackedObjectManager( 2832): Failed to connect to TrackedObjectService with error Status(-129, EX_TRANSACTION_FAILED): 'DEAD_OBJECT: '
12-07 13:24:29.223 E/TrackedObjectManager( 2832): Failed to start tracking keyboard object with error Status(-129, EX_TRANSACTION_FAILED): 'DEAD_OBJECT: '
12-07 13:24:29.226 I/HorizonStandalone(24960): Config: ConfigChanged: horizon::embodiment::EmbodimentConfig v5 (LocalConfigChange)
12-07 13:24:29.227 I/HorizonStandalone(24960): Config: ConfigChanged: horizon::character::CharacterConfig v5 (LocalConfigChange)
12-07 13:24:29.228 I/HorizonStandalone(24960): Config: ConfigChanged: horizon::embodiment::EmbodimentConfig v6 (LocalConfigChange)
12-07 13:24:29.228 I/HorizonStandalone(24960): Config: ConfigChanged: horizon::character::CharacterConfig v6 (LocalConfigChange)
12-07 13:24:29.229 I/HorizonStandalone(24960): Config: ConfigChanged: horizon::embodiment::EmbodimentConfig v7 (LocalConfigChange)
12-07 13:24:29.229 I/HorizonStandalone(24960): Config: ConfigChanged: horizon::character::CharacterConfig v7 (LocalConfigChange)
12-07 13:24:29.230 I/HorizonStandalone(24960): Config: ConfigChanged: horizon::embodiment::EmbodimentConfig v8 (LocalConfigChange)
12-07 13:24:29.230 I/HorizonStandalone(24960): Config: ConfigChanged: horizon::character::CharacterConfig v8 (LocalConfigChange)
12-07 13:24:29.230 I/HorizonStandalone(24960): Config: ConfigChanged: horizon::worlds::splat_renderer::SplatRendererConfig v2 (LocalConfigChange)
12-07 13:24:29.230 I/HorizonStandalone(24960): Config: [3/4] Validating configs...
12-07 13:24:29.231 W/HorizonStandalone(24960): Config: horizon::travel::TravelConfig: Setting the 'publicZones' in networkConfig is required in order to run a separate client or server instance
12-07 13:24:29.231 I/HorizonStandalone(24960): Config: ConfigChanged: horizon::embodiment::EmbodimentConfig v9 (LocalConfigChange)
12-07 13:24:29.231 I/HorizonStandalone(24960): Config: ConfigChanged: horizon::character::CharacterConfig v9 (LocalConfigChange)
12-07 13:24:29.231 W/HorizonStandalone(24960): Config: horizon::WebRequestConfig: enableAnalytics is enabled, but graphqlAnalyticsNameOverride is empty and no qplMarkerIdOverride is set.Please either set graphqlAnalyticsNameOverride to a unique event name for your project or set qplMarkerIdOverride to a valid event ID. Auto disabling graphql events.
12-07 13:24:29.231 I/HorizonStandalone(24960): Config: ConfigChanged: horizon::WebRequestConfig v2 (LocalConfigChange)
12-07 13:24:29.231 W/HorizonStandalone(24960): Config: horizon::AnalyticsConfig: enableShutdownEvent is enabled, but shutdownNameOverride is empty. Please set it to a unique event name for your project. Auto disabling shutdown events.
12-07 13:24:29.231 I/HorizonStandalone(24960): Config: ConfigChanged: horizon::AnalyticsConfig v2 (LocalConfigChange)
12-07 13:24:29.231 W/HorizonStandalone(24960): Config: horizon::networking::NetworkConfig: Matchmaking requires a svrBuildSet.  Matchmaking disabled.
12-07 13:24:29.231 I/HorizonStandalone(24960): Config: ConfigChanged: horizon::networking::NetworkConfig v2 (LocalConfigChange)
12-07 13:24:29.231 I/HorizonStandalone(24960): Config: [4/4] Setting config baselines...
12-07 13:24:29.231 I/HorizonStandalone(24960): Config: Set as baseline: horizon::visibility_mask::VisibilityMaskConfig v1
12-07 13:24:29.231 I/HorizonStandalone(24960): Config: Set as baseline: horizon::travel::TravelConfig v1
12-07 13:24:29.231 I/HorizonStandalone(24960): Config: Set as baseline: horizon::scripting_model::ScriptingConfig v1
12-07 13:24:29.231 I/HorizonStandalone(24960): Config: Set as baseline: horizon::interaction::InteractionConfig v1
12-07 13:24:29.231 I/HorizonStandalone(24960): Config: Set as baseline: horizon::ui_debug::DebugUiConfig v1
12-07 13:24:29.231 I/HorizonStandalone(24960): Config: Set as baseline: horizon::input::InputConfig v1
12-07 13:24:29.232 I/HorizonStandalone(24960): Config: Set as baseline: horizon::ts_environment_file::FbsourceTsconfigConfig v1
12-07 13:24:29.232 I/HorizonStandalone(24960): Config: Set as baseline: horizon::physics::PhysicsConfig v1
12-07 13:24:29.232 I/HorizonStandalone(24960): Config: Set as baseline: horizon::embodiment::EmbodimentConfig v9
12-07 13:24:29.232 I/HorizonStandalone(24960): Config: Set as baseline: horizon::core_ui::CoreUiConfig v1
12-07 13:24:29.232 I/HorizonStandalone(24960): Config: Set as baseline: horizon::locomotion::LocomotionConfig v1
12-07 13:24:29.232 I/HorizonStandalone(24960): Config: Set as baseline: horizon::character::CharacterConfig v9
12-07 13:24:29.232 I/HorizonStandalone(24960): Config: Set as baseline: horizon::meta_config::MetaConfigConfig v1
12-07 13:24:29.232 I/HorizonStandalone(24960): Config: Set as baseline: horizon::aether::AetherConfig v1
12-07 13:24:29.232 I/HorizonStandalone(24960): Config: Set as baseline: horizon::asset_service::AssetServiceConfig v1
12-07 13:24:29.232 I/HorizonStandalone(24960): Config: Set as immutable: horizon::asset_service::AssetServiceConfig v1
12-07 13:24:29.232 I/HorizonStandalone(24960): Config: Set as baseline: horizon::asset_service::AssetRefreshConfig v1
12-07 13:24:29.232 I/HorizonStandalone(24960): Config: Set as baseline: horizon::WorldLoaderConfig v1
12-07 13:24:29.232 I/HorizonStandalone(24960): Config: Set as baseline: horizon::avatar::AvatarConfig v1
12-07 13:24:29.232 I/HorizonStandalone(24960): Config: Set as baseline: horizon::SceneManagerConfig v1
12-07 13:24:29.232 I/HorizonStandalone(24960): Config: Set as baseline: horizon::VoipConfig v1
12-07 13:24:29.232 I/HorizonStandalone(24960): Config: Set as baseline: horizon::WebRequestConfig v2
12-07 13:24:29.232 I/HorizonStandalone(24960): Config: Set as baseline: horizon::WatchdogConfig v1
12-07 13:24:29.232 I/HorizonStandalone(24960): Config: Set as baseline: horizon::AnalyticsConfig v2
12-07 13:24:29.232 I/HorizonStandalone(24960): Config: Set as baseline: horizon::RenderConfig v1
12-07 13:24:29.232 I/HorizonStandalone(24960): Config: Set as baseline: horizon::PerformanceConfig v1
12-07 13:24:29.232 I/HorizonStandalone(24960): Config: Set as baseline: horizon::worlds::splat_renderer::SplatRendererConfig v2
12-07 13:24:29.232 I/HorizonStandalone(24960): Config: Set as baseline: horizon::ApplicationConfig v1
12-07 13:24:29.232 I/HorizonStandalone(24960): Config: Set as baseline: horizon::networking::NetworkConfig v2
12-07 13:24:29.232 I/HorizonStandalone(24960): Config: Set as baseline: horizon::LogConfig v1
12-07 13:24:29.232 I/HorizonStandalone(24960): Config: Set as baseline: horizon::player::PlayerConfig v1
12-07 13:24:29.232 I/HorizonStandalone(24960): Config: Set as baseline: horizon::networking::ShardingConfig v1
12-07 13:24:29.232 I/HorizonStandalone(24960): Config: Set as baseline: horizon::matchmaking::MatchmakingConfig v1
12-07 13:24:29.232 I/HorizonStandalone(24960): Config: Set as immutable: horizon::matchmaking::MatchmakingConfig v1
12-07 13:24:29.232 I/HorizonStandalone(24960): Config: Set as baseline: horizon::FlecsPipelineConfig v1
12-07 13:24:29.232 I/HorizonStandalone(24960): Config: Set as immutable: horizon::FlecsPipelineConfig v1
12-07 13:24:29.232 I/HorizonStandalone(24960): Config: Set as baseline: horizon::AudioConfig v1
12-07 13:24:29.232 I/HorizonStandalone(24960): Config: Set as baseline: horizon::JobSystemDebugConfig v1
12-07 13:24:29.232 I/HorizonStandalone(24960): Config: Set as baseline: horizon::renderer::FontsConfig v1
12-07 13:24:29.232 I/HorizonStandalone(24960): Config: Set as baseline: horizon::DynamicConfig v1
12-07 13:24:29.232 I/HorizonStandalone(24960): Config: Set as baseline: horizon::BuildConfig v1
12-07 13:24:29.232 I/HorizonStandalone(24960): Config: Set as baseline: horizon::hmi::HmiConfig v1
12-07 13:24:29.232 I/HorizonStandalone(24960): Config: Set as baseline: horizon::asset_service::AssetServiceServerConfig v1
12-07 13:24:29.232 I/HorizonStandalone(24960): Config: Set as immutable: horizon::asset_service::AssetServiceServerConfig v1
12-07 13:24:29.232 I/HorizonStandalone(24960): Config: Set as baseline: horizon::EntityLifecycleConfig v1
12-07 13:24:29.232 I/HorizonStandalone(24960): Config: Set as baseline: horizon::asset_service::AssetServiceClientConfig v1
12-07 13:24:29.232 I/HorizonStandalone(24960): Config: Set as immutable: horizon::asset_service::AssetServiceClientConfig v1
12-07 13:24:29.232 I/HorizonStandalone(24960): Config: Set as baseline: horizon::player_grabbing::PlayerGrabbingConfig v1
12-07 13:24:29.232 I/HorizonStandalone(24960): Config: Set as baseline: horizon::AppPhaseConfig v1
12-07 13:24:29.232 I/HorizonStandalone(24960): Config: Set as baseline: horizon::auth::AuthConfig v1
12-07 13:24:29.232 I/HorizonStandalone(24960): Config: Config loading complete!
12-07 13:24:29.232 I/HorizonStandalone(24960): LogManager: Active Logging Profile is `InCodeDefault`
12-07 13:24:29.232 I/HorizonStandalone(24960): LogManager: Global log verbosity has been set to [Info] overriding individual category settings
12-07 13:24:29.232 I/HorizonStandalone(24960): LogManager: Global log verbosity has been set to [Info] overriding individual category settings
12-07 13:24:29.232 I/HorizonStandalone(24960): Application: getHostProcessInfo
12-07 13:24:29.232 I/HorizonStandalone(24960): Application: Using session ID from process UUID: 3af7bb23-4812-4a18-8922-25f6659cfaa0
12-07 13:24:29.232 I/HorizonStandalone(24960): Application: getHostConfig
12-07 13:24:29.232 I/HorizonStandalone(24960): Application: Creating default user agent as no user agent was preconfigured.
12-07 13:24:29.232 I/HorizonStandalone(24960): UserAgent: User agent generated: [FBAVI/51764730039000520;FBDV/quest 3]
12-07 13:24:29.232 I/HorizonStandalone(24960): Application: initStaticModules
12-07 13:24:29.232 I/HorizonStandalone(24960): Application: Skipping lifecycle analytics event ModulesConstructed due to event bus get failure (ErrorNotFound)
12-07 13:24:29.232 I/HorizonStandalone(24960): Config: Config horizon::interaction::InteractionConfig for interface "interaction" is unused and defaulted
12-07 13:24:29.232 I/HorizonStandalone(24960): Config: Config horizon::ui_debug::DebugUiConfig for interface "ui_debug" is unused and defaulted
12-07 13:24:29.232 W/HorizonStandalone(24960): Config: Config horizon::input::InputConfig for interface "input" is defaulted because it was missing
12-07 13:24:29.232 I/HorizonStandalone(24960): Config: Config horizon::physics::PhysicsConfig for interface "physics" is unused and defaulted
12-07 13:24:29.232 I/HorizonStandalone(24960): Config: Config horizon::embodiment::EmbodimentConfig for interface "embodiment" is unused and defaulted
12-07 13:24:29.232 I/HorizonStandalone(24960): Config: Config horizon::core_ui::CoreUiConfig for interface "core_ui" is unused and defaulted
12-07 13:24:29.232 I/HorizonStandalone(24960): Config: Config horizon::locomotion::LocomotionConfig for interface "locomotion" is unused and defaulted
12-07 13:24:29.232 I/HorizonStandalone(24960): Config: Config horizon::character::CharacterConfig for interface "character" is unused and defaulted
12-07 13:24:29.232 I/HorizonStandalone(24960): Config: Config horizon::meta_config::MetaConfigConfig for interface "meta_config" is unused and defaulted
12-07 13:24:29.232 W/HorizonStandalone(24960): Config: Config horizon::aether::AetherConfig for interface "aether" is defaulted because it was missing
12-07 13:24:29.232 I/HorizonStandalone(24960): Config: Config horizon::asset_service::AssetServiceConfig for interface "asset_service" is unused and defaulted
12-07 13:24:29.232 I/HorizonStandalone(24960): Config: Config horizon::asset_service::AssetRefreshConfig for interface "asset_service" is unused and defaulted
12-07 13:24:29.232 I/HorizonStandalone(24960): Config: Config horizon::avatar::AvatarConfig for interface "avatar" is unused and defaulted
12-07 13:24:29.232 I/HorizonStandalone(24960): Config: Config horizon::VoipConfig for interface "voip" is unused and defaulted
12-07 13:24:29.232 I/HorizonStandalone(24960): Config: Config horizon::WebRequestConfig for interface "web_request" is unused and defaulted
12-07 13:24:29.232 I/HorizonStandalone(24960): Config: Config horizon::AnalyticsConfig for interface "analytics" is unused and defaulted
12-07 13:24:29.232 W/HorizonStandalone(24960): Config: Config horizon::RenderConfig for interface "renderer" is defaulted because it was missing
12-07 13:24:29.232 W/HorizonStandalone(24960): Config: Config horizon::worlds::splat_renderer::SplatRendererConfig for interface "splat_renderer" is defaulted because it was missing
12-07 13:24:29.232 I/HorizonStandalone(24960): Config: Config horizon::networking::NetworkConfig for interface "networking" is unused and defaulted
12-07 13:24:29.232 I/HorizonStandalone(24960): Config: Config horizon::player::PlayerConfig for interface "player" is unused and defaulted
12-07 13:24:29.232 I/HorizonStandalone(24960): Config: Config horizon::matchmaking::MatchmakingConfig for interface "matchmaking" is unused and defaulted
12-07 13:24:29.232 I/HorizonStandalone(24960): Config: Config horizon::AudioConfig for interface "audio" is unused and defaulted
12-07 13:24:29.232 W/HorizonStandalone(24960): Config: Config horizon::hmi::HmiConfig for interface "hmi_manager" is defaulted because it was missing
12-07 13:24:29.232 I/HorizonStandalone(24960): Config: Config horizon::asset_service::AssetServiceServerConfig for interface "asset_service" is unused and defaulted
12-07 13:24:29.232 I/HorizonStandalone(24960): Config: Config horizon::asset_service::AssetServiceClientConfig for interface "asset_service" is unused and defaulted
12-07 13:24:29.232 I/HorizonStandalone(24960): Config: Config horizon::player_grabbing::PlayerGrabbingConfig for interface "player_grabbing" is unused and defaulted
12-07 13:24:29.232 I/HorizonStandalone(24960): Config: Config horizon::auth::AuthConfig for interface "authentication" is unused and defaulted
12-07 13:24:29.232 I/HorizonStandalone(24960): Application: Initializing window manager: horizon::NullWindowManager
12-07 13:24:29.232 I/HorizonStandalone(24960): Application: Skipping lifecycle analytics event ApplicationClassInitComplete due to event bus get failure (ErrorNotFound)
12-07 13:24:29.233 W/HorizonStandalone(24960): World: No provider found for required dependency horizon::player::IPlayerManager of horizon::platform_api::NativeFootstepServiceHolder. It may not have an attr::worldContext(), or a module that provides it may not be linked into the application.
12-07 13:24:29.233 W/HorizonStandalone(24960): World: No provider found for required dependency horizon::physics::IPhysicsScene of horizon::physics::NativePhysicsServiceHolder. It may not have an attr::worldContext(), or a module that provides it may not be linked into the application.
12-07 13:24:29.233 W/HorizonStandalone(24960): World: No provider found for required dependency horizon::platform_api::IPlatformAPIEventManager of horizon::physics::NativePhysicsServiceHolder. It may not have an attr::worldContext(), or a module that provides it may not be linked into the application.
12-07 13:24:29.233 W/HorizonStandalone(24960): World: No provider found for required dependency horizon::embodiment::IEmbodimentSystem of horizon::platform_api::NativeAvatarServiceHolder. It may not have an attr::worldContext(), or a module that provides it may not be linked into the application.
12-07 13:24:29.233 W/HorizonStandalone(24960): World: No provider found for required dependency horizon::player::IPlayerManager of horizon::platform_api::NativeAvatarServiceHolder. It may not have an attr::worldContext(), or a module that provides it may not be linked into the application.
12-07 13:24:29.233 W/HorizonStandalone(24960): World: No provider found for required dependency horizon::physics::IPhysicsScene of horizon::player_input::PlayerHandPointer. It may not have an attr::worldContext(), or a module that provides it may not be linked into the application.
12-07 13:24:29.233 W/HorizonStandalone(24960): World: No provider found for required dependency horizon::platform_api::IPlatformAPI of horizon::platform_api::NativePlayerServiceHolder. It may not have an attr::worldContext(), or a module that provides it may not be linked into the application.
12-07 13:24:29.233 W/HorizonStandalone(24960): World: No provider found for required dependency horizon::player::IPlayerManager of horizon::platform_api::NativePlayerServiceHolder. It may not have an attr::worldContext(), or a module that provides it may not be linked into the application.
12-07 13:24:29.233 W/HorizonStandalone(24960): World: No provider found for required dependency horizon::player::IPlayerManager of horizon::platform_api::NativePlayerInputServiceHolder. It may not have an attr::worldContext(), or a module that provides it may not be linked into the application.
12-07 13:24:29.233 I/HorizonStandalone(24960): Application: initStaticConfigs
12-07 13:24:29.233 I/HorizonStandalone(24960): Config: ConfigChanged: horizon::BuildConfig v2 (LocalConfigChange)
12-07 13:24:29.233 I/HorizonStandalone(24960): Config: ConfigChanged: horizon::RenderConfig v2 (LocalConfigChange)
12-07 13:24:29.233 I/HorizonStandalone(24960): Config: ConfigChanged: horizon::AppPhaseConfig v2 (LocalConfigChange)
12-07 13:24:29.233 I/HorizonStandalone(24960): Config: ConfigChanged: horizon::hmi::HmiConfig v2 (LocalConfigChange)
12-07 13:24:29.234 I/HorizonStandalone(24960): Config: ConfigChanged: horizon::input::InputConfig v2 (LocalConfigChange)
12-07 13:24:29.234 I/HorizonStandalone(24960): Task: Job System Started with a max of 16384 jobs, total memory 0.00mb, static 0.00mb, jobCount related 0.00mb, analytics 0.00 mb
12-07 13:24:29.235 I/HorizonStandalone(24960): Core: Reserving space for executor data
12-07 13:24:29.235 I/HorizonStandalone(24960): Core:  - total thread count : 8
12-07 13:24:29.235 I/HorizonStandalone(24960): Core:  - num sync threads : 2
12-07 13:24:29.235 I/HorizonStandalone(24960): Core:  - num async threads : 4
12-07 13:24:29.235 I/HorizonStandalone(24960): Core:  - num high cpu async threads : 1
12-07 13:24:29.235 I/HorizonStandalone(24960): Core:  - num interrupt threads : 1
12-07 13:24:29.235 I/HorizonStandalone(24960): Core: HSR CPU executor initialized with 2 Sync Threads - std::thread::hardware_concurrency reports 6 concurrent threads supported
12-07 13:24:29.235 I/HorizonStandalone(24960): Core: HSR CPU executor initialized with 4 Async Threads - std::thread::hardware_concurrency reports 6 concurrent threads supported
12-07 13:24:29.235 I/HorizonStandalone(24960): Core: HSR CPU executor initialized with 1 High Cpu Async Threads - std::thread::hardware_concurrency reports 6 concurrent threads supported
12-07 13:24:29.235 I/HorizonStandalone(24960): Core: HSR CPU executor initialized with 1 Interrupt Threads - std::thread::hardware_concurrency reports 6 concurrent threads supported
12-07 13:24:29.235 I/HorizonStandalone(24960): Core: NativeTaskExecutor initialized using 0.00mb allowing a maximum of 16384 tasks
12-07 13:24:29.235 I/HorizonStandalone(24960): Application: Starting up platform
12-07 13:24:29.236 I/HorizonStandalone(24960): Core: Initializing thread HSR:Inter-0[25061] with priority 2
12-07 13:24:29.236 I/HorizonStandalone(24960): Core: Initializing thread HSR:Async-2[25058] with priority 0
12-07 13:24:29.236 I/HorizonStandalone(24960): Core: Initializing thread HSR:Sync-1[25055] with priority 1
12-07 13:24:29.236 I/HorizonStandalone(24960): Core: Initializing thread HSR:Async-0[25056] with priority 0
12-07 13:24:29.236 I/HorizonStandalone(24960): Core: Initializing thread HSR:CpuAsync-0[25060] with priority 0
12-07 13:24:29.236 I/HorizonStandalone(24960): Core: Initializing thread HSR:Async-3[25059] with priority 0
12-07 13:24:29.236 I/HorizonStandalone(24960): Core: Initializing thread HSR:Async-1[25057] with priority 0
12-07 13:24:29.236 I/HorizonStandalone(24960): Core: Initializing thread HSR:Sync-0[25054] with priority 1
12-07 13:24:29.237 E/TrackedObjectManager( 2832): Failed to connect to TrackedObjectService with error Status(-129, EX_TRANSACTION_FAILED): 'DEAD_OBJECT: '
12-07 13:24:29.237 W/OSDynamicObjectDataQuerier( 2832): Attempted to start tracking objects when tracker was already started
12-07 13:24:29.237 E/TrackedObjectManager( 2832): Failed to connect to TrackedObjectService with error Status(-129, EX_TRANSACTION_FAILED): 'DEAD_OBJECT: '
12-07 13:24:29.237 E/TrackedObjectManager( 2832): Failed to start tracking keyboard object with error Status(-129, EX_TRANSACTION_FAILED): 'DEAD_OBJECT: '
12-07 13:24:29.242 I/system_server( 1971): Background concurrent copying GC freed 481864(23MB) AllocSpace objects, 24(800KB) LOS objects, 35% free, 44MB/68MB, paused 63us,70us total 241.650ms
12-07 13:24:29.246 W/JavaBinder( 1971): BinderProxy is being destroyed but the application did not call unlinkToDeath to unlink all of its death recipients beforehand.  Releasing leaked death recipient: com.android.server.wm.EmbeddedWindowController$$ExternalSyntheticLambda0
12-07 13:24:29.246 I/BpBinder( 1971): onLastStrongRef automatically unlinking death recipients: 
12-07 13:24:29.247 D/.oculus.vrshell( 3469): PlayerBase::~PlayerBase()
12-07 13:24:29.248 D/HzOS.BinderClient( 1971): BinderClient shutdown completed
12-07 13:24:29.248 D/HzOS.BinderClient( 1971): BinderClient shutdown completed
12-07 13:24:29.248 D/HzOS.BinderClient( 1971): BinderClient shutdown completed
12-07 13:24:29.248 D/HzOS.BinderClient( 1971): BinderClient shutdown completed
12-07 13:24:29.250 D/HzOS.BinderClient( 1971): BinderClient shutdown completed
12-07 13:24:29.251 E/TrackedObjectManager( 2832): Failed to connect to TrackedObjectService with error Status(-129, EX_TRANSACTION_FAILED): 'DEAD_OBJECT: '
12-07 13:24:29.251 W/OSDynamicObjectDataQuerier( 2832): Attempted to start tracking objects when tracker was already started
12-07 13:24:29.251 E/TrackedObjectManager( 2832): Failed to connect to TrackedObjectService with error Status(-129, EX_TRANSACTION_FAILED): 'DEAD_OBJECT: '
12-07 13:24:29.251 E/TrackedObjectManager( 2832): Failed to start tracking keyboard object with error Status(-129, EX_TRANSACTION_FAILED): 'DEAD_OBJECT: '
12-07 13:24:29.255 I/Tracking( 9368): Vega: [INSIGHTS] Mode=DescriptorVega,6DoF,Agg=33s,Inl=13,21,179,Mem=90.8,FrameDur=8.1,33.7,PoseLat=1.7,13.5,CamImuLat=13.6,29.7,Jit=0.0,0.1,Drops(Cam=0,IMU=0),MeanIr=24407.2,Exp(1.5ms,g=1,I=61)(1.5ms,g=1,I=61)(2.7ms,g=1,I=59)(2.6ms,g=1,I=59)(2.0ms,g=1)(2.0ms,g=1),NonInertEnv=n
12-07 13:24:29.265 E/TrackedObjectManager( 2832): Failed to connect to TrackedObjectService with error Status(-129, EX_TRANSACTION_FAILED): 'DEAD_OBJECT: '
12-07 13:24:29.265 W/OSDynamicObjectDataQuerier( 2832): Attempted to start tracking objects when tracker was already started
12-07 13:24:29.265 E/TrackedObjectManager( 2832): Failed to connect to TrackedObjectService with error Status(-129, EX_TRANSACTION_FAILED): 'DEAD_OBJECT: '
12-07 13:24:29.265 E/TrackedObjectManager( 2832): Failed to start tracking keyboard object with error Status(-129, EX_TRANSACTION_FAILED): 'DEAD_OBJECT: '
12-07 13:24:29.279 E/TrackedObjectManager( 2832): Failed to connect to TrackedObjectService with error Status(-129, EX_TRANSACTION_FAILED): 'DEAD_OBJECT: '
12-07 13:24:29.279 W/OSDynamicObjectDataQuerier( 2832): Attempted to start tracking objects when tracker was already started
12-07 13:24:29.279 E/TrackedObjectManager( 2832): Failed to connect to TrackedObjectService with error Status(-129, EX_TRANSACTION_FAILED): 'DEAD_OBJECT: '
12-07 13:24:29.279 E/TrackedObjectManager( 2832): Failed to start tracking keyboard object with error Status(-129, EX_TRANSACTION_FAILED): 'DEAD_OBJECT: '
12-07 13:24:29.290 I/HorizonStandalone(24960): Application: Memory status: Total Memory: 261088 KB, Used Memory: 22926 KB
12-07 13:24:29.290 I/HorizonStandalone(24960): Application: Skipping lifecycle analytics event ApplicationPreExecHeadComplete due to event bus get failure (ErrorNotFound)
12-07 13:24:29.290 I/HorizonStandalone(24960): Application: Starting up module manager
12-07 13:24:29.290 I/HorizonStandalone(24960): Hmi: Initialize started
12-07 13:24:29.290 I/HorizonStandalone(24960): Hmi: Initialize complete
12-07 13:24:29.290 I/HorizonStandalone(24960): Application: Callback called at Startup End for HmiModule
12-07 13:24:29.290 I/HorizonStandalone(24960): Application: Creating World
12-07 13:24:29.292 W/HorizonStandalone(24960): Input: No input modes specified
12-07 13:24:29.292 I/HorizonStandalone(24960): Input: Registering input class horizon::DefaultMenuInput
12-07 13:24:29.292 I/HorizonStandalone(24960): Input: Registering input class horizon::WorldsMenuInput
12-07 13:24:29.292 W/HorizonStandalone(24960): Input: Registering an input class (horizon::WorldsMenuInput) with no inputClassBindings entry in inputConfig.
12-07 13:24:29.292 I/HorizonStandalone(24960): Input: Registering input class horizon::hmi_input_structures::EmbodimentInputState
12-07 13:24:29.293 E/TrackedObjectManager( 2832): Failed to connect to TrackedObjectService with error Status(-129, EX_TRANSACTION_FAILED): 'DEAD_OBJECT: '
12-07 13:24:29.293 W/OSDynamicObjectDataQuerier( 2832): Attempted to start tracking objects when tracker was already started
12-07 13:24:29.293 E/TrackedObjectManager( 2832): Failed to connect to TrackedObjectService with error Status(-129, EX_TRANSACTION_FAILED): 'DEAD_OBJECT: '
12-07 13:24:29.293 E/TrackedObjectManager( 2832): Failed to start tracking keyboard object with error Status(-129, EX_TRANSACTION_FAILED): 'DEAD_OBJECT: '
12-07 13:24:29.293 I/HorizonStandalone(24960): Input: Registering input class horizon::hmi_input_structures::HandGestureInputState
12-07 13:24:29.293 I/HorizonStandalone(24960): Input: Registering input class horizon::input::DeveloperInput
12-07 13:24:29.293 I/HorizonStandalone(24960): Input: Registering input class horizon::player_input::DefaultGameplayInput
12-07 13:24:29.293 I/HorizonStandalone(24960): Input: Registering input class horizon::player_input::DefaultMoveInput
12-07 13:24:29.294 I/HorizonStandalone(24960): Config: ConfigChanged: horizon::input::InputConfig v3 (LocalConfigChange)
12-07 13:24:29.294 I/HorizonStandalone(24960): World: Beginning automatic registration of flecs components.
12-07 13:24:29.301 I/HorizonStandalone(24960): World: Automatic registration of flecs components is complete.
12-07 13:24:29.302 I/VrApi   ( 3469): FPS=73/72,Prd=25ms,Tear=0,Early=0,Stale=0,Stale2/5/10/max=0/0/0/0,VSnc=1,Lat=-1,Fov=3,CPU4/GPU=3/2,1651/456MHz,OC=3F,TA=0/0/0,SP=N/N/N,Mem=3196MHz,Free=3226MB,PLS=0,Temp=32.0C/0.0C,TW=2.23ms,App=1.37ms,GD=0.00ms,CPU&GPU=8.92ms,LCnt=6(DR72,LM4),GPU%=0.28,CPU%=0.42(W0.46),CFL=12.41/16.97,ICFLp95=15.93,LD=0,SF=1.00,LP=1,DVFS=0,ShrpLCnt=2,ShrpR=0.500,SSLCnt=0/0
12-07 13:24:29.303 W/HorizonStandalone(24960): Input: No initial input mode specified
12-07 13:24:29.305 I/HorizonStandalone(24960): Application: onWorldCreateEvent
12-07 13:24:29.305 I/HorizonStandalone(24960): Application: AetherModule.cpp::onWorldCreateEvent():: constucted instance of AetherSplatRendererSystem successfully
12-07 13:24:29.305 I/HorizonStandalone(24960): Renderer: SplatRendererFramework::startup
12-07 13:24:29.305 I/HorizonStandalone(24960): Hmi: Post initialize started
12-07 13:24:29.305 I/HorizonStandalone(24960): Hmi: CrossPlatformPerfMetrics not logging analytics - Analytics module not available
12-07 13:24:29.305 I/HorizonStandalone(24960): Hmi: CrossPlatformPerfMetrics initialized (analytics: disabled, event: hsr_base_perf_warnings)
12-07 13:24:29.305 I/HorizonStandalone(24960): Hmi: Post initialize complete
12-07 13:24:29.305 I/HorizonStandalone(24960): Application: Skipping lifecycle analytics event ModulesPostStartupComplete due to event bus get failure (ErrorNotFound)
12-07 13:24:29.305 I/HorizonStandalone(24960): Application: Starting up the application
12-07 13:24:29.305 I/HorizonStandalone(24960): Application: startup()
12-07 13:24:29.305 I/HorizonStandalone(24960): Application: App Name: Aether Application
12-07 13:24:29.305 I/HorizonStandalone(24960): Application: App Version: 
12-07 13:24:29.305 I/HorizonStandalone(24960): Application: HSR Version: 
12-07 13:24:29.305 I/HorizonStandalone(24960): Application: App Id: 7235633249785169
12-07 13:24:29.305 I/HorizonStandalone(24960): Application: Facebook App Id: 
12-07 13:24:29.305 I/HorizonStandalone(24960): Application: Commit: 
12-07 13:24:29.305 I/HorizonStandalone(24960): Application: Standalone Quest App Id: 7235633249785169
12-07 13:24:29.306 I/HorizonStandalone(24960): Application: Standalone Rift App Id: 6651547741534515
12-07 13:24:29.306 I/HorizonStandalone(24960): Application: Run in CI: false
12-07 13:24:29.306 I/HorizonStandalone(24960): Application: Run in FB Infra: false
12-07 13:24:29.306 I/HorizonStandalone(24960): Application: Build Set Id: 
12-07 13:24:29.306 I/HorizonStandalone(24960): Application: Skipping lifecycle analytics event InformationalStartupComplete due to event bus get failure (ErrorNotFound)
12-07 13:24:29.306 I/HorizonStandalone(24960): Application: Skipping lifecycle analytics event ApplicationPreExecComplete due to event bus get failure (ErrorNotFound)
12-07 13:24:29.306 I/HorizonStandalone(24960): Application: Skipping lifecycle analytics event AppStartComplete due to event bus get failure (ErrorNotFound)
12-07 13:24:29.306 I/HorizonStandalone(24960): Application: Skipping lifecycle analytics event TelemetryValidation due to event bus get failure (ErrorNotFound)
12-07 13:24:29.306 I/HorizonStandalone(24960): Hmi: ContextStartupJob execute
12-07 13:24:29.306 I/HorizonStandalone(24960): Application: Running the platform
12-07 13:24:29.306 I/HorizonStandalone(24960): Core: installed exit handler
12-07 13:24:29.306 V/OpenXR-Loader(24960): Verbose [GENERAL | xrInitializeLoaderKHR | OpenXR-Loader] : Entering loader trampoline
12-07 13:24:29.306 V/OpenXR-Loader(24960): Verbose [GENERAL | InitializeLoaderInitData | OpenXR-Loader] : Unloading any previously loaded runtime
12-07 13:24:29.306 V/OpenXR-Loader(24960): Verbose [GENERAL | xrEnumerateInstanceExtensionProperties | OpenXR-Loader] : Entering loader trampoline
12-07 13:24:29.306 E/TrackedObjectManager( 2832): Failed to connect to TrackedObjectService with error Status(-129, EX_TRANSACTION_FAILED): 'DEAD_OBJECT: '
12-07 13:24:29.307 W/OSDynamicObjectDataQuerier( 2832): Attempted to start tracking objects when tracker was already started
12-07 13:24:29.307 E/TrackedObjectManager( 2832): Failed to connect to TrackedObjectService with error Status(-129, EX_TRANSACTION_FAILED): 'DEAD_OBJECT: '
12-07 13:24:29.307 E/TrackedObjectManager( 2832): Failed to start tracking keyboard object with error Status(-129, EX_TRANSACTION_FAILED): 'DEAD_OBJECT: '
12-07 13:24:29.307 I/OpenXR-Loader(24960): getActiveRuntimeCursor: Querying URI: content://org.khronos.openxr.runtime_broker/openxr/1/abi/arm64-v8a/runtimes/active
12-07 13:24:29.311 W/OpenXR-Loader(24960): Null cursor when querying installable content resolver.
12-07 13:24:29.312 I/OpenXR-Loader(24960): getActiveRuntimeCursor: Querying URI: content://org.khronos.openxr.system_runtime_broker/openxr/1/abi/arm64-v8a/runtimes/active
12-07 13:24:29.314 W/OpenXR-Loader(24960): Null cursor when querying system content resolver.
12-07 13:24:29.314 E/OpenXR-Loader(24960): Could access neither the installable nor system runtime broker.
