12-07 13:24:29.362 W/OSDynamicObjectDataQuerier( 2832): Attempted to start tracking objects when tracker was already started
12-07 13:24:29.362 E/TrackedObjectManager( 2832): Failed to connect to TrackedObjectService with error Status(-129, EX_TRANSACTION_FAILED): 'DEAD_OBJECT: '
12-07 13:24:29.362 E/TrackedObjectManager( 2832): Failed to start tracking keyboard object with error Status(-129, EX_TRANSACTION_FAILED): 'DEAD_OBJECT: '
12-07 13:24:29.362 I/ClientProcessConnector [RUNTIMEIPC](24960): GetProcessConnection: com.oculus.systemdriver:com.oculus.vrruntimeservice
12-07 13:24:29.363 I/RipcServerClientHandler [RUNTIMEIPC]( 2832): Event buffer size (server): 8192
12-07 13:24:29.364 I/RipcServerMgr [RUNTIMEIPC]( 2832): HandleClientConnect SUCCESS: Client: com.example.moonlight_spatialsdk:com.example.moonlight_spatialsdk:24960:, Server: com.oculus.systemdriver:com.oculus.vrruntimeservice (gkcache)
12-07 13:24:29.364 I/RipcClient [RUNTIMEIPC](24960): Event buffer size (client): 8192
12-07 13:24:29.364 I/RipcClient [RUNTIMEIPC](24960): TryToGetIPCResourcesFromServer: RPC_CONNECTOR_CONNECT_TO_SERVER SUCCESS: Client: com.example.moonlight_spatialsdk:com.example.moonlight_spatialsdk:24960, Server: com.oculus.systemdriver:com.oculus.vrruntimeservice:0 (gkcache), Version: 81, Platform: Android, Build Date: Dec  2 2025, Build Time: 09:26:03, BuildMode: shared
12-07 13:24:29.365 I/RipcClient [RUNTIMEIPC](24960): EnsureServerConnection: SUCCESS. Client: com.example.moonlight_spatialsdk:com.example.moonlight_spatialsdk:24960, Server: com.oculus.systemdriver:com.oculus.vrruntimeservice:0 (gkcache)
12-07 13:24:29.365 I/RipcClient [RUNTIMEIPC](24960): [RIPC_CONNECT_LOG] ConnectToServer: SUCCESS: Client: com.example.moonlight_spatialsdk:com.example.moonlight_spatialsdk:24960, Server: com.oculus.systemdriver:com.oculus.vrruntimeservice:0 (gkcache)
12-07 13:24:29.366 W/REFLECT [RUNTIMEIPC]( 2832): Disabling all permissions (ONLY USE IN TESTS): 916395977:com.example.moonlight_spatialsdk/com.example.moonlight_spatialsdk (10176:24960), mask: 11111111111111111111111111111111
12-07 13:24:29.366 I/GkCacheQuerierServer( 2832): Client 916395977 from com.example.moonlight_spatialsdk:24960 connected.
12-07 13:24:29.370 I/RipcClient [RUNTIMEIPC](24960): InitServerStateBuffer: SUCCESS. 0, Client: com.example.moonlight_spatialsdk:com.example.moonlight_spatialsdk:24960, Server: com.oculus.systemdriver:com.oculus.vrruntimeservice:0 (gkcache)
12-07 13:24:29.372 I/OpenXR_ClientState(24960): Client state creation succeeded.
12-07 13:24:29.372 V/OpenXR  (24960): OpenXRForwardLoader::xrInitializeLoaderKHR [end]
12-07 13:24:29.372 V/OpenXR  (24960): OpenXRForwardLoader::xrNegotiateLoaderRuntimeInterface [start]
12-07 13:24:29.373 V/OpenXR  (24960): OpenXRForwardLoader::xrNegotiateLoaderRuntimeInterface [end]
12-07 13:24:29.373 I/OpenXR-Loader(24960): Info [GENERAL | xrEnumerateInstanceExtensionProperties | OpenXR-Loader] : RuntimeInterface::LoadRuntime succeeded loading runtime defined in manifest file /odm/etc/openxr/1/active_runtime.aarch64.json using interface version 1 and OpenXR API version 1.0
12-07 13:24:29.376 E/TrackedObjectManager( 2832): Failed to connect to TrackedObjectService with error Status(-129, EX_TRANSACTION_FAILED): 'DEAD_OBJECT: '
12-07 13:24:29.376 W/OSDynamicObjectDataQuerier( 2832): Attempted to start tracking objects when tracker was already started
12-07 13:24:29.376 E/TrackedObjectManager( 2832): Failed to connect to TrackedObjectService with error Status(-129, EX_TRANSACTION_FAILED): 'DEAD_OBJECT: '
12-07 13:24:29.376 E/TrackedObjectManager( 2832): Failed to start tracking keyboard object with error Status(-129, EX_TRANSACTION_FAILED): 'DEAD_OBJECT: '
12-07 13:24:29.379 I/ApplicationAttributes(24960): IsPrivileged 0
12-07 13:24:29.379 I/OpenXR  (24960): Is_X_PartnerGateKeeper
12-07 13:24:29.379 I/OpenXR  (24960): PGK Status: exp = 0, dc = true
12-07 13:24:29.379 I/OpenXR  (24960): Extension status: APC
12-07 13:24:29.381 I/ApplicationAttributes(24960): IsSystem 0
12-07 13:24:29.381 W/Thread-4(24960): type=1400 audit(0.0:3189): avc:  denied  { search } for  name="soc0" dev="sysfs" ino=67225 scontext=u:r:untrusted_app:s0:c176,c256,c512,c768 tcontext=u:object_r:vendor_sysfs_soc:s0 tclass=dir permissive=0 app=com.example.moonlight_spatialsdk
12-07 13:24:29.381 W/Thread-4(24960): type=1400 audit(0.0:3190): avc:  denied  { search } for  name="soc0" dev="sysfs" ino=67225 scontext=u:r:untrusted_app:s0:c176,c256,c512,c768 tcontext=u:object_r:vendor_sysfs_soc:s0 tclass=dir permissive=0 app=com.example.moonlight_spatialsdk
12-07 13:24:29.381 W/Thread-4(24960): type=1400 audit(0.0:3191): avc:  denied  { search } for  name="soc0" dev="sysfs" ino=67225 scontext=u:r:untrusted_app:s0:c176,c256,c512,c768 tcontext=u:object_r:vendor_sysfs_soc:s0 tclass=dir permissive=0 app=com.example.moonlight_spatialsdk
12-07 13:24:29.384 E/libosutils(24960): Failed to get real path of file '/sys/devices/soc0/oem_variant', err: Permission denied
12-07 13:24:29.384 E/libosutils(24960): Failed to get real path of file '/sys/devices/soc0/platform_subtype_id', err: Permission denied
12-07 13:24:29.384 E/libosutils(24960): Failed to get real path of file '/sys/devices/soc0/platform_version', err: Permission denied
12-07 13:24:29.384 W/libdeviceid(24960): DeviceId unknown with subtype FFFFFFFF and version: 0xFFFFFFFF
12-07 13:24:29.385 E/VrDeviceManagerService( 1166): Permission denied: process 24960 (uid 10176) doesn't have the required permission: horizonos.permission.SET_VR_DEVICE_PARAMS
12-07 13:24:29.385 E/VrDeviceManagerService( 1166): Permission denied: process 24960 (uid 10176) doesn't have the required permission: horizonos.permission.READ_VR_DEVICE_PARAMS
12-07 13:24:29.385 E/VrDeviceManagerService( 1166): Permission denied: process 24960 (uid 10176) doesn't have the required permission: horizonos.permission.SET_VR_DEVICE_PARAMS
12-07 13:24:29.385 E/VrDeviceManagerService( 1166): Permission denied: process 24960 (uid 10176) doesn't have the required permission: horizonos.permission.READ_VR_DEVICE_PARAMS
12-07 13:24:29.385 E/VrDeviceManagerService( 1166): Permission denied: process 24960 (uid 10176) doesn't have the required permission: horizonos.permission.SET_VR_DEVICE_PARAMS
12-07 13:24:29.385 E/VrDeviceManagerService( 1166): Permission denied: process 24960 (uid 10176) doesn't have the required permission: horizonos.permission.READ_VR_DEVICE_PARAMS
12-07 13:24:29.385 E/VrDeviceManagerService( 1166): Permission denied: process 24960 (uid 10176) doesn't have the required permission: horizonos.permission.SET_VR_DEVICE_PARAMS
12-07 13:24:29.385 E/VrDeviceManagerService( 1166): Permission denied: process 24960 (uid 10176) doesn't have the required permission: horizonos.permission.READ_VR_DEVICE_PARAMS
12-07 13:24:29.386 E/VrDeviceManagerService( 1166): Permission denied: process 24960 (uid 10176) doesn't have the required permission: horizonos.permission.SET_VR_DEVICE_PARAMS
12-07 13:24:29.386 E/VrDeviceManagerService( 1166): Permission denied: process 24960 (uid 10176) doesn't have the required permission: horizonos.permission.READ_VR_DEVICE_PARAMS
12-07 13:24:29.386 W/libc    (24960): Access denied finding property "ro.vendor.product.model_extended"
12-07 13:24:29.387 I/OpenXR  (24960): xrEnumerateInstanceExtensionProperties: skipping extension=`XR_FBX1_hand_tracking_confidence` due to: Tier=50 extState=APC deviceIsExpEnabled=false expManifestSet=true isFirstPartyApp=false isSystemApp=false
12-07 13:24:29.387 I/OpenXR  (24960): xrEnumerateInstanceExtensionProperties: skipping extension=`XR_METAX1_hand_tracking_joint_visibility` due to: Tier=50 extState=APC deviceIsExpEnabled=false expManifestSet=true isFirstPartyApp=false isSystemApp=false
12-07 13:24:29.387 I/OpenXR  (24960): xrEnumerateInstanceExtensionProperties: skipping extension=`XR_METAX2_hand_tracking_microgestures` due to: Tier=50 extState=APC deviceIsExpEnabled=false expManifestSet=true isFirstPartyApp=false isSystemApp=false
12-07 13:24:29.387 I/OpenXR  (24960): xrEnumerateInstanceExtensionProperties: skipping extension=`XR_METAX1_full_body_tracking` due to: Tier=50 extState=APC deviceIsExpEnabled=false expManifestSet=true isFirstPartyApp=false isSystemApp=false
12-07 13:24:29.387 I/OpenXR  (24960): xrEnumerateInstanceExtensionProperties: skipping extension=`XR_META_body_tracking_full_body` due to: missing uses-feature string `com.oculus.software.body_tracking` from AndroidManifest
12-07 13:24:29.387 I/OpenXR  (24960): xrEnumerateInstanceExtensionProperties: skipping extension=`XR_FB_body_tracking` due to: missing uses-feature string `com.oculus.software.body_tracking` from AndroidManifest
12-07 13:24:29.387 I/OpenXR  (24960): xrEnumerateInstanceExtensionProperties: skipping extension=`XR_FBX1_body_tracking_config` due to: Tier=55 extState=APC deviceIsExpEnabled=false expManifestSet=true isFirstPartyApp=false isSystemApp=false
12-07 13:24:29.387 I/OpenXR  (24960): Checking for permission horizonos.permission.USE_ANCHOR_API of package com.example.moonlight_spatialsdk
12-07 13:24:29.389 D/CompatibilityChangeReporter(24960): Compat change id reported: 247079863; UID 10176; state: ENABLED
12-07 13:24:29.390 E/TrackedObjectManager( 2832): Failed to connect to TrackedObjectService with error Status(-129, EX_TRANSACTION_FAILED): 'DEAD_OBJECT: '
12-07 13:24:29.390 W/OSDynamicObjectDataQuerier( 2832): Attempted to start tracking objects when tracker was already started
12-07 13:24:29.390 E/TrackedObjectManager( 2832): Failed to connect to TrackedObjectService with error Status(-129, EX_TRANSACTION_FAILED): 'DEAD_OBJECT: '
12-07 13:24:29.390 E/TrackedObjectManager( 2832): Failed to start tracking keyboard object with error Status(-129, EX_TRANSACTION_FAILED): 'DEAD_OBJECT: '
12-07 13:24:29.390 I/OpenXR  (24960): Required permission horizonos.permission.USE_ANCHOR_API is missing, retrying check as com.oculus.permission.USE_ANCHOR_API -> 0
12-07 13:24:29.390 I/OpenXR  (24960): xrEnumerateInstanceExtensionProperties: skipping extension=`XR_FB_spatial_entity` due to: missing uses-permission string `horizonos.permission.USE_ANCHOR_API` from AndroidManifest in package `com.example.moonlight_spatialsdk`
12-07 13:24:29.390 I/OpenXR  (24960): Checking for permission com.oculus.permission.RENDER_MODEL of package com.example.moonlight_spatialsdk
12-07 13:24:29.391 I/OpenXR  (24960): checkTrexKillswitchGk 'oculus_trex_render_model_killsw' = false
12-07 13:24:29.391 I/OpenXR  (24960): PassesGKKillswitch 1
12-07 13:24:29.391 I/OpenXR  (24960): Checking for permission horizonos.permission.USE_ANCHOR_API of package com.example.moonlight_spatialsdk
12-07 13:24:29.392 I/OpenXR  (24960): Required permission horizonos.permission.USE_ANCHOR_API is missing, retrying check as com.oculus.permission.USE_ANCHOR_API -> 0
12-07 13:24:29.392 I/OpenXR  (24960): xrEnumerateInstanceExtensionProperties: skipping extension=`XR_FB_spatial_entity_query` due to: missing uses-permission string `horizonos.permission.USE_ANCHOR_API` from AndroidManifest in package `com.example.moonlight_spatialsdk`
12-07 13:24:29.392 I/OpenXR  (24960): Checking for permission horizonos.permission.USE_ANCHOR_API of package com.example.moonlight_spatialsdk
12-07 13:24:29.394 I/OpenXR  (24960): Required permission horizonos.permission.USE_ANCHOR_API is missing, retrying check as com.oculus.permission.USE_ANCHOR_API -> 0
12-07 13:24:29.394 I/OpenXR  (24960): xrEnumerateInstanceExtensionProperties: skipping extension=`XR_META_spatial_entity_persistence` due to: missing uses-permission string `horizonos.permission.USE_ANCHOR_API` from AndroidManifest in package `com.example.moonlight_spatialsdk`
12-07 13:24:29.394 I/OpenXR  (24960): xrEnumerateInstanceExtensionProperties: skipping extension=`XR_METAX1_spatial_entity_room_sharing` due to: Tier=50 extState=APC deviceIsExpEnabled=false expManifestSet=true isFirstPartyApp=false isSystemApp=false
12-07 13:24:29.394 I/OpenXR  (24960): Checking for permission horizonos.permission.USE_ANCHOR_API of package com.example.moonlight_spatialsdk
12-07 13:24:29.397 I/OpenXR  (24960): Required permission horizonos.permission.USE_ANCHOR_API is missing, retrying check as com.oculus.permission.USE_ANCHOR_API -> 0
12-07 13:24:29.397 I/OpenXR  (24960): xrEnumerateInstanceExtensionProperties: skipping extension=`XR_META_spatial_entity_discovery` due to: missing uses-permission string `horizonos.permission.USE_ANCHOR_API` from AndroidManifest in package `com.example.moonlight_spatialsdk`
12-07 13:24:29.397 I/OpenXR  (24960): xrEnumerateInstanceExtensionProperties: skipping extension=`XR_FBX1_touch_controller_extras` due to: Tier=40 extState=APC deviceIsExpEnabled=false expManifestSet=true isFirstPartyApp=false isSystemApp=false
12-07 13:24:29.397 I/OpenXR  (24960): xrEnumerateInstanceExtensionProperties: skipping extension=`XR_FBX3_touch_controller_pro` due to: Tier=55 extState=APC deviceIsExpEnabled=false expManifestSet=true isFirstPartyApp=false isSystemApp=false
12-07 13:24:29.397 I/OpenXR  (24960): xrEnumerateInstanceExtensionProperties: skipping extension=`XR_FBX1_touch_controller_pro` due to: Tier=55 extState=APC deviceIsExpEnabled=false expManifestSet=true isFirstPartyApp=false isSystemApp=false
12-07 13:24:29.397 I/OpenXR  (24960): xrEnumerateInstanceExtensionProperties: skipping extension=`XR_FBX1_haptic_amplitude_envelope` due to: Tier=55 extState=APC deviceIsExpEnabled=false expManifestSet=true isFirstPartyApp=false isSystemApp=false
12-07 13:24:29.397 I/OpenXR  (24960): xrEnumerateInstanceExtensionProperties: skipping extension=`XR_FBX1_haptic_tone` due to: Tier=55 extState=APC deviceIsExpEnabled=false expManifestSet=true isFirstPartyApp=false isSystemApp=false
12-07 13:24:29.397 I/OpenXR  (24960): Checking for permission horizonos.permission.USE_ANCHOR_API of package com.example.moonlight_spatialsdk
12-07 13:24:29.399 I/OpenXR  (24960): Required permission horizonos.permission.USE_ANCHOR_API is missing, retrying check as com.oculus.permission.USE_ANCHOR_API -> 0
12-07 13:24:29.399 I/OpenXR  (24960): xrEnumerateInstanceExtensionProperties: skipping extension=`XR_FB_spatial_entity_storage` due to: missing uses-permission string `horizonos.permission.USE_ANCHOR_API` from AndroidManifest in package `com.example.moonlight_spatialsdk`
12-07 13:24:29.399 I/OpenXR  (24960): Checking for permission horizonos.permission.USE_ANCHOR_API of package com.example.moonlight_spatialsdk
12-07 13:24:29.401 I/OpenXR  (24960): Required permission horizonos.permission.USE_ANCHOR_API is missing, retrying check as com.oculus.permission.USE_ANCHOR_API -> 0
12-07 13:24:29.401 I/OpenXR  (24960): xrEnumerateInstanceExtensionProperties: skipping extension=`XR_FB_spatial_entity_storage_batch` due to: missing uses-permission string `horizonos.permission.USE_ANCHOR_API` from AndroidManifest in package `com.example.moonlight_spatialsdk`
12-07 13:24:29.401 I/OpenXR  (24960): Checking for permission horizonos.permission.IMPORT_EXPORT_IOT_MAP_DATA of package com.example.moonlight_spatialsdk
12-07 13:24:29.403 I/OpenXR  (24960): Required permission horizonos.permission.IMPORT_EXPORT_IOT_MAP_DATA is missing, retrying check as com.oculus.permission.IMPORT_EXPORT_IOT_MAP_DATA -> 0
12-07 13:24:29.403 I/OpenXR  (24960): xrEnumerateInstanceExtensionProperties: skipping extension=`XR_FB_spatial_entity_sharing` due to: missing uses-permission string `horizonos.permission.IMPORT_EXPORT_IOT_MAP_DATA` from AndroidManifest in package `com.example.moonlight_spatialsdk`
12-07 13:24:29.403 I/OpenXR  (24960): Checking for permission horizonos.permission.IMPORT_EXPORT_IOT_MAP_DATA of package com.example.moonlight_spatialsdk
12-07 13:24:29.404 E/TrackedObjectManager( 2832): Failed to connect to TrackedObjectService with error Status(-129, EX_TRANSACTION_FAILED): 'DEAD_OBJECT: '
12-07 13:24:29.404 W/OSDynamicObjectDataQuerier( 2832): Attempted to start tracking objects when tracker was already started
12-07 13:24:29.404 E/TrackedObjectManager( 2832): Failed to connect to TrackedObjectService with error Status(-129, EX_TRANSACTION_FAILED): 'DEAD_OBJECT: '
12-07 13:24:29.404 E/TrackedObjectManager( 2832): Failed to start tracking keyboard object with error Status(-129, EX_TRANSACTION_FAILED): 'DEAD_OBJECT: '
12-07 13:24:29.404 I/OpenXR  (24960): Required permission horizonos.permission.IMPORT_EXPORT_IOT_MAP_DATA is missing, retrying check as com.oculus.permission.IMPORT_EXPORT_IOT_MAP_DATA -> 0
12-07 13:24:29.404 I/OpenXR  (24960): xrEnumerateInstanceExtensionProperties: skipping extension=`XR_META_spatial_entity_sharing` due to: missing uses-permission string `horizonos.permission.IMPORT_EXPORT_IOT_MAP_DATA` from AndroidManifest in package `com.example.moonlight_spatialsdk`
12-07 13:24:29.404 I/OpenXR  (24960): Checking for permission horizonos.permission.IMPORT_EXPORT_IOT_MAP_DATA of package com.example.moonlight_spatialsdk
12-07 13:24:29.406 I/OpenXR  (24960): Required permission horizonos.permission.IMPORT_EXPORT_IOT_MAP_DATA is missing, retrying check as com.oculus.permission.IMPORT_EXPORT_IOT_MAP_DATA -> 0
12-07 13:24:29.406 I/OpenXR  (24960): xrEnumerateInstanceExtensionProperties: skipping extension=`XR_META_spatial_entity_group_sharing` due to: missing uses-permission string `horizonos.permission.IMPORT_EXPORT_IOT_MAP_DATA` from AndroidManifest in package `com.example.moonlight_spatialsdk`
12-07 13:24:29.406 I/OpenXR  (24960): Checking for permission horizonos.permission.USE_ANCHOR_API of package com.example.moonlight_spatialsdk
12-07 13:24:29.418 E/TrackedObjectManager( 2832): Failed to connect to TrackedObjectService with error Status(-129, EX_TRANSACTION_FAILED): 'DEAD_OBJECT: '
12-07 13:24:29.418 W/OSDynamicObjectDataQuerier( 2832): Attempted to start tracking objects when tracker was already started
12-07 13:24:29.418 E/TrackedObjectManager( 2832): Failed to connect to TrackedObjectService with error Status(-129, EX_TRANSACTION_FAILED): 'DEAD_OBJECT: '
12-07 13:24:29.418 E/TrackedObjectManager( 2832): Failed to start tracking keyboard object with error Status(-129, EX_TRANSACTION_FAILED): 'DEAD_OBJECT: '
12-07 13:24:29.425 I/Tracking( 9368): CONSTELLATION:IMU_STATUS: 0x402c25cbf028a4e8 (R): [#Samples=2476] 78918.545s | [FusionTracked=1.000, OutputTracked=1.000, OutputValid=1.000] [AccelSat=0.000, GyroSat=0.000] [AccelMinMeanMax: X=0.705|2.855|5.231, Y=-5.792|-4.231|-1.836, Z=-10.496|-8.006|-5.698] [GyroMinMeanMax: X=-0.716|0.013|0.520, Y=-0.599|-0.023|0.469, Z=-0.475|0.050|1.180] [AccelStuck: X=0|0.000, Y=0|0.000, Z=0|0.000] [GyroStuck: X=4|0.200, Y=3|0.213, Z=2|0.132]  [Current time=78918.545s, last log time=78913.544s]
12-07 13:24:29.431 E/TrackedObjectManager( 2832): Failed to connect to TrackedObjectService with error Status(-129, EX_TRANSACTION_FAILED): 'DEAD_OBJECT: '
12-07 13:24:29.432 W/OSDynamicObjectDataQuerier( 2832): Attempted to start tracking objects when tracker was already started
12-07 13:24:29.432 E/TrackedObjectManager( 2832): Failed to connect to TrackedObjectService with error Status(-129, EX_TRANSACTION_FAILED): 'DEAD_OBJECT: '
12-07 13:24:29.432 E/TrackedObjectManager( 2832): Failed to start tracking keyboard object with error Status(-129, EX_TRANSACTION_FAILED): 'DEAD_OBJECT: '
12-07 13:24:29.436 I/OpenXR  (24960): Required permission horizonos.permission.USE_ANCHOR_API is missing, retrying check as com.oculus.permission.USE_ANCHOR_API -> 0
12-07 13:24:29.436 I/OpenXR  (24960): xrEnumerateInstanceExtensionProperties: skipping extension=`XR_FB_spatial_entity_container` due to: missing uses-permission string `horizonos.permission.USE_ANCHOR_API` from AndroidManifest in package `com.example.moonlight_spatialsdk`
12-07 13:24:29.436 I/OpenXR  (24960): Checking for permission com.oculus.permission.USE_COLOCATION_DISCOVERY_API of package com.example.moonlight_spatialsdk
12-07 13:24:29.438 I/OpenXR  (24960): xrEnumerateInstanceExtensionProperties: skipping extension=`XR_META_colocation_discovery` due to: missing uses-permission string `com.oculus.permission.USE_COLOCATION_DISCOVERY_API` from AndroidManifest in package `com.example.moonlight_spatialsdk`
12-07 13:24:29.438 I/OpenXR  (24960): Checking for permission horizonos.permission.USE_ANCHOR_API of package com.example.moonlight_spatialsdk
12-07 13:24:29.440 I/OpenXR  (24960): Required permission horizonos.permission.USE_ANCHOR_API is missing, retrying check as com.oculus.permission.USE_ANCHOR_API -> 0
12-07 13:24:29.440 I/OpenXR  (24960): xrEnumerateInstanceExtensionProperties: skipping extension=`XR_FB_scene` due to: missing uses-permission string `horizonos.permission.USE_ANCHOR_API` from AndroidManifest in package `com.example.moonlight_spatialsdk`
12-07 13:24:29.440 I/OpenXR  (24960): Checking for permission horizonos.permission.USE_ANCHOR_API of package com.example.moonlight_spatialsdk
12-07 13:24:29.441 I/OpenXR  (24960): Required permission horizonos.permission.USE_ANCHOR_API is missing, retrying check as com.oculus.permission.USE_ANCHOR_API -> 0
12-07 13:24:29.441 I/OpenXR  (24960): xrEnumerateInstanceExtensionProperties: skipping extension=`XR_FB_scene_capture` due to: missing uses-permission string `horizonos.permission.USE_ANCHOR_API` from AndroidManifest in package `com.example.moonlight_spatialsdk`
12-07 13:24:29.441 I/OpenXR  (24960): xrEnumerateInstanceExtensionProperties: skipping extension=`XR_FBX1_plane` due to: Tier=55 extState=APC deviceIsExpEnabled=false expManifestSet=true isFirstPartyApp=false isSystemApp=false
12-07 13:24:29.441 I/OpenXR  (24960): xrEnumerateInstanceExtensionProperties: skipping extension=`XR_METAX1_spatial_entity_mesh` due to: Tier=50 extState=APC deviceIsExpEnabled=false expManifestSet=true isFirstPartyApp=false isSystemApp=false
12-07 13:24:29.441 I/OpenXR  (24960): Checking for permission horizonos.permission.USE_SCENE of package com.example.moonlight_spatialsdk
12-07 13:24:29.443 I/OpenXR  (24960): Required permission horizonos.permission.USE_SCENE is missing, retrying check as com.oculus.permission.USE_SCENE -> 0
12-07 13:24:29.443 I/OpenXR  (24960): xrEnumerateInstanceExtensionProperties: skipping extension=`XR_META_spatial_entity_mesh` due to: missing uses-permission string `horizonos.permission.USE_SCENE` from AndroidManifest in package `com.example.moonlight_spatialsdk`
12-07 13:24:29.443 I/OpenXR  (24960): xrEnumerateInstanceExtensionProperties: skipping extension=`XR_METAX2_spatial_entity_room_mesh` due to: Tier=50 extState=APC deviceIsExpEnabled=false expManifestSet=true isFirstPartyApp=false isSystemApp=false
12-07 13:24:29.443 I/OpenXR  (24960): Checking for permission horizonos.permission.USE_SCENE of package com.example.moonlight_spatialsdk
12-07 13:24:29.444 I/OpenXR  (24960): Required permission horizonos.permission.USE_SCENE is missing, retrying check as com.oculus.permission.USE_SCENE -> 0
12-07 13:24:29.445 I/OpenXR  (24960): xrEnumerateInstanceExtensionProperties: skipping extension=`XR_META_spatial_entity_room_mesh` due to: missing uses-permission string `horizonos.permission.USE_SCENE` from AndroidManifest in package `com.example.moonlight_spatialsdk`
12-07 13:24:29.445 I/OpenXR  (24960): xrEnumerateInstanceExtensionProperties: skipping extension=`XR_FB_face_tracking` due to: missing uses-feature string `oculus.software.face_tracking` from AndroidManifest
12-07 13:24:29.445 I/OpenXR  (24960): xrEnumerateInstanceExtensionProperties: skipping extension=`XR_FB_face_tracking2` due to: missing uses-feature string `oculus.software.face_tracking` from AndroidManifest
12-07 13:24:29.445 I/OpenXR  (24960): xrEnumerateInstanceExtensionProperties: skipping extension=`XR_METAX1_face_tracking_visemes` due to: Tier=50 extState=APC deviceIsExpEnabled=false expManifestSet=true isFirstPartyApp=false isSystemApp=false
12-07 13:24:29.445 I/OpenXR  (24960): xrEnumerateInstanceExtensionProperties: skipping extension=`XR_META_face_tracking_visemes` due to: missing uses-feature string `oculus.software.face_tracking` from AndroidManifest
12-07 13:24:29.445 I/OpenXR  (24960): xrEnumerateInstanceExtensionProperties: skipping extension=`XR_FBX1_face_tracking_config` due to: Tier=55 extState=APC deviceIsExpEnabled=false expManifestSet=true isFirstPartyApp=false isSystemApp=false
12-07 13:24:29.445 I/OpenXR  (24960): xrEnumerateInstanceExtensionProperties: skipping extension 'XR_META_local_dimming' as device requirements requirements (16) are not met.
12-07 13:24:29.445 I/OpenXR  (24960): xrEnumerateInstanceExtensionProperties: skipping extension=`XR_METAX1_local_dimming` due to: Tier=55 extState=APC deviceIsExpEnabled=false expManifestSet=true isFirstPartyApp=false isSystemApp=false
12-07 13:24:29.445 I/OpenXR  (24960): xrEnumerateInstanceExtensionProperties: skipping extension=`XR_META_foveation_eye_tracked` due to: missing uses-feature string `oculus.software.eye_tracking` from AndroidManifest
12-07 13:24:29.445 I/OpenXR  (24960): xrEnumerateInstanceExtensionProperties: skipping extension=`XR_FBX1_eye_tracking` due to: Tier=55 extState=APC deviceIsExpEnabled=false expManifestSet=true isFirstPartyApp=false isSystemApp=false
12-07 13:24:29.445 I/OpenXR  (24960): xrEnumerateInstanceExtensionProperties: skipping extension=`XR_FBX1_eye_tracking_social` due to: Tier=55 extState=APC deviceIsExpEnabled=false expManifestSet=true isFirstPartyApp=false isSystemApp=false
12-07 13:24:29.445 I/OpenXR  (24960): xrEnumerateInstanceExtensionProperties: skipping extension=`XR_FB_eye_tracking_social` due to: missing uses-feature string `oculus.software.eye_tracking` from AndroidManifest
12-07 13:24:29.445 I/OpenXR  (24960): xrEnumerateInstanceExtensionProperties: skipping extension=`XR_FBX1_eye_tracking_social_config` due to: Tier=55 extState=APC deviceIsExpEnabled=false expManifestSet=true isFirstPartyApp=false isSystemApp=false
12-07 13:24:29.445 I/OpenXR  (24960): xrEnumerateInstanceExtensionProperties: skipping extension=`XR_FBX1_composition_layer_settings` due to: Tier=40 extState=APC deviceIsExpEnabled=false expManifestSet=true isFirstPartyApp=false isSystemApp=false
12-07 13:24:29.445 I/OpenXR  (24960): xrEnumerateInstanceExtensionProperties: skipping extension=`XR_METAX1_feature_fidelity` due to: Tier=55 extState=APC deviceIsExpEnabled=false expManifestSet=true isFirstPartyApp=false isSystemApp=false
12-07 13:24:29.445 I/OpenXR  (24960): xrEnumerateInstanceExtensionProperties: skipping extension=`XR_FBX1_composition_layer_depth_test` due to: Tier=40 extState=APC deviceIsExpEnabled=false expManifestSet=true isFirstPartyApp=false isSystemApp=false
12-07 13:24:29.445 I/OpenXR  (24960): Checking for permission horizonos.permission.EYE_TRACKING of package com.example.moonlight_spatialsdk
12-07 13:24:29.446 E/TrackedObjectManager( 2832): Failed to connect to TrackedObjectService with error Status(-129, EX_TRANSACTION_FAILED): 'DEAD_OBJECT: '
12-07 13:24:29.446 W/OSDynamicObjectDataQuerier( 2832): Attempted to start tracking objects when tracker was already started
12-07 13:24:29.446 E/TrackedObjectManager( 2832): Failed to connect to TrackedObjectService with error Status(-129, EX_TRANSACTION_FAILED): 'DEAD_OBJECT: '
12-07 13:24:29.446 E/TrackedObjectManager( 2832): Failed to start tracking keyboard object with error Status(-129, EX_TRANSACTION_FAILED): 'DEAD_OBJECT: '
12-07 13:24:29.446 I/OpenXR  (24960): Required permission horizonos.permission.EYE_TRACKING is missing, retrying check as com.oculus.permission.EYE_TRACKING -> 0
12-07 13:24:29.446 I/OpenXR  (24960): xrEnumerateInstanceExtensionProperties: skipping extension=`XR_EXT_eye_gaze_interaction` due to: missing uses-permission string `horizonos.permission.EYE_TRACKING` from AndroidManifest in package `com.example.moonlight_spatialsdk`
12-07 13:24:29.446 I/OpenXR  (24960): xrEnumerateInstanceExtensionProperties: skipping extension=`XR_METAX1_hand_tracking_body_fusion` due to: Tier=50 extState=APC deviceIsExpEnabled=false expManifestSet=true isFirstPartyApp=false isSystemApp=false
12-07 13:24:29.446 I/OpenXR  (24960): xrEnumerateInstanceExtensionProperties: skipping extension=`XR_META_hand_tracking_wide_motion_mode` due to: missing uses-feature string `com.oculus.software.body_tracking` from AndroidManifest
12-07 13:24:29.447 I/OpenXR  (24960): xrEnumerateInstanceExtensionProperties: skipping extension=`XR_METAX1_hand_tracking_wide_motion_mode2` due to: Tier=50 extState=APC deviceIsExpEnabled=false expManifestSet=true isFirstPartyApp=false isSystemApp=false
12-07 13:24:29.447 I/OpenXR  (24960): xrEnumerateInstanceExtensionProperties: skipping extension=`XR_METAX1_hand_tracking_frequency_hint` due to: Tier=50 extState=APC deviceIsExpEnabled=false expManifestSet=true isFirstPartyApp=false isSystemApp=false
12-07 13:24:29.447 I/OpenXR  (24960): xrEnumerateInstanceExtensionProperties: skipping extension=`XR_METAX1_hand_tracking_unextrapolated_poses` due to: Tier=50 extState=APC deviceIsExpEnabled=false expManifestSet=true isFirstPartyApp=false isSystemApp=false
12-07 13:24:29.447 I/OpenXR  (24960): xrEnumerateInstanceExtensionProperties: skipping extension=`XR_EXTX1_hand_tracking_data_source` due to: Tier=40 extState=APC deviceIsExpEnabled=false expManifestSet=true isFirstPartyApp=false isSystemApp=false
12-07 13:24:29.447 I/OpenXR  (24960): xrEnumerateInstanceExtensionProperties: skipping extension=`XR_METAX1_performance_metrics` due to: Tier=40 extState=APC deviceIsExpEnabled=false expManifestSet=true isFirstPartyApp=false isSystemApp=false
12-07 13:24:29.447 I/OpenXR  (24960): xrEnumerateInstanceExtensionProperties: skipping extension=`XR_METAX1_spatial_entity_marker` due to: Tier=40 extState=APC deviceIsExpEnabled=false expManifestSet=true isFirstPartyApp=false isSystemApp=false
12-07 13:24:29.447 I/OpenXR  (24960): xrEnumerateInstanceExtensionProperties: skipping extension=`XR_METAX1_virtual_keyboard` due to: Tier=40 extState=APC deviceIsExpEnabled=false expManifestSet=true isFirstPartyApp=false isSystemApp=false
12-07 13:24:29.447 I/OpenXR  (24960): xrEnumerateInstanceExtensionProperties: skipping extension=`XR_METAX2_virtual_keyboard` due to: Tier=40 extState=APC deviceIsExpEnabled=false expManifestSet=true isFirstPartyApp=false isSystemApp=false
12-07 13:24:29.447 I/OpenXR  (24960): xrEnumerateInstanceExtensionProperties: skipping extension=`XR_METAX1_fitness_toolkit` due to: Tier=50 extState=APC deviceIsExpEnabled=false expManifestSet=true isFirstPartyApp=false isSystemApp=false
12-07 13:24:29.447 I/OpenXR  (24960): xrEnumerateInstanceExtensionProperties: skipping extension=`XR_EXTX1_event_channel` due to: Tier=40 extState=APC deviceIsExpEnabled=false expManifestSet=true isFirstPartyApp=false isSystemApp=false
12-07 13:24:29.447 I/OpenXR  (24960): xrEnumerateInstanceExtensionProperties: skipping extension=`XR_METAX1_environment_depth` due to: Tier=40 extState=APC deviceIsExpEnabled=false expManifestSet=true isFirstPartyApp=false isSystemApp=false
12-07 13:24:29.447 I/OpenXR  (24960): xrEnumerateInstanceExtensionProperties: skipping extension=`XR_METAX2_environment_depth` due to: Tier=40 extState=APC deviceIsExpEnabled=false expManifestSet=true isFirstPartyApp=false isSystemApp=false
12-07 13:24:29.447 I/OpenXR  (24960): Checking for permission horizonos.permission.USE_SCENE of package com.example.moonlight_spatialsdk
12-07 13:24:29.448 I/OpenXR  (24960): Required permission horizonos.permission.USE_SCENE is missing, retrying check as com.oculus.permission.USE_SCENE -> 0
12-07 13:24:29.448 I/OpenXR  (24960): xrEnumerateInstanceExtensionProperties: skipping extension=`XR_META_environment_depth` due to: missing uses-permission string `horizonos.permission.USE_SCENE` from AndroidManifest in package `com.example.moonlight_spatialsdk`
12-07 13:24:29.448 I/OpenXR  (24960): Checking for permission horizonos.permission.USE_SCENE of package com.example.moonlight_spatialsdk
12-07 13:24:29.449 I/OpenXR  (24960): Required permission horizonos.permission.USE_SCENE is missing, retrying check as com.oculus.permission.USE_SCENE -> 0
12-07 13:24:29.449 I/OpenXR  (24960): xrEnumerateInstanceExtensionProperties: skipping extension=`XR_META_environment_raycast` due to: missing uses-permission string `horizonos.permission.USE_SCENE` from AndroidManifest in package `com.example.moonlight_spatialsdk`
12-07 13:24:29.449 I/OpenXR  (24960): xrEnumerateInstanceExtensionProperties: skipping extension=`XR_METAX1_automatic_layer_filter` due to: Tier=50 extState=APC deviceIsExpEnabled=false expManifestSet=true isFirstPartyApp=false isSystemApp=false
12-07 13:24:29.449 I/OpenXR  (24960): xrEnumerateInstanceExtensionProperties: skipping extension=`XR_METAX1_body_tracking_fidelity` due to: Tier=50 extState=APC deviceIsExpEnabled=false expManifestSet=true isFirstPartyApp=false isSystemApp=false
12-07 13:24:29.449 I/OpenXR  (24960): xrEnumerateInstanceExtensionProperties: skipping extension=`XR_META_body_tracking_fidelity` due to: missing uses-feature string `com.oculus.software.body_tracking` from AndroidManifest
12-07 13:24:29.449 I/OpenXR  (24960): xrEnumerateInstanceExtensionProperties: skipping extension=`XR_METAX1_body_tracking_calibration` due to: Tier=50 extState=APC deviceIsExpEnabled=false expManifestSet=true isFirstPartyApp=false isSystemApp=false
12-07 13:24:29.449 I/OpenXR  (24960): xrEnumerateInstanceExtensionProperties: skipping extension=`XR_META_body_tracking_calibration` due to: missing uses-feature string `com.oculus.software.body_tracking` from AndroidManifest
12-07 13:24:29.449 I/OpenXR  (24960): xrEnumerateInstanceExtensionProperties: skipping extension=`XR_METAX1_view_locate_stabilization` due to: Tier=50 extState=APC deviceIsExpEnabled=false expManifestSet=true isFirstPartyApp=false isSystemApp=false
12-07 13:24:29.449 I/OpenXR  (24960): xrEnumerateInstanceExtensionProperties: skipping extension=`XR_METAX1_boundary_visibility` due to: Tier=50 extState=APC deviceIsExpEnabled=false expManifestSet=true isFirstPartyApp=false isSystemApp=false
12-07 13:24:29.449 I/OpenXR  (24960): Checking for permission com.oculus.permission.BOUNDARY_VISIBILITY of package com.example.moonlight_spatialsdk
12-07 13:24:29.450 I/OpenXR  (24960): xrEnumerateInstanceExtensionProperties: skipping extension=`XR_META_boundary_visibility` due to: missing uses-permission string `com.oculus.permission.BOUNDARY_VISIBILITY` from AndroidManifest in package `com.example.moonlight_spatialsdk`
12-07 13:24:29.450 I/OpenXR  (24960): xrEnumerateInstanceExtensionProperties: skipping extension=`XR_METAX1_dynamic_object_tracker` due to: Tier=40 extState=APC deviceIsExpEnabled=false expManifestSet=true isFirstPartyApp=false isSystemApp=false
12-07 13:24:29.450 I/OpenXR  (24960): Checking for permission horizonos.permission.USE_SCENE of package com.example.moonlight_spatialsdk
12-07 13:24:29.452 I/OpenXR  (24960): Required permission horizonos.permission.USE_SCENE is missing, retrying check as com.oculus.permission.USE_SCENE -> 0
12-07 13:24:29.452 I/OpenXR  (24960): xrEnumerateInstanceExtensionProperties: skipping extension=`XR_META_dynamic_object_tracker` due to: missing uses-permission string `horizonos.permission.USE_SCENE` from AndroidManifest in package `com.example.moonlight_spatialsdk`
12-07 13:24:29.452 I/OpenXR  (24960): Checking for permission horizonos.permission.USE_SCENE of package com.example.moonlight_spatialsdk
12-07 13:24:29.454 I/OpenXR  (24960): Required permission horizonos.permission.USE_SCENE is missing, retrying check as com.oculus.permission.USE_SCENE -> 0
12-07 13:24:29.454 I/OpenXR  (24960): xrEnumerateInstanceExtensionProperties: skipping extension=`XR_META_dynamic_object_keyboard` due to: missing uses-permission string `horizonos.permission.USE_SCENE` from AndroidManifest in package `com.example.moonlight_spatialsdk`
12-07 13:24:29.454 I/OpenXR  (24960): xrEnumerateInstanceExtensionProperties: skipping extension=`XR_METAX2_temporal_antialiasing` due to: Tier=50 extState=APC deviceIsExpEnabled=false expManifestSet=true isFirstPartyApp=false isSystemApp=false
12-07 13:24:29.454 I/OpenXR  (24960): xrEnumerateInstanceExtensionProperties: skipping extension=`XR_METAX3_temporal_antialiasing` due to: Tier=50 extState=APC deviceIsExpEnabled=false expManifestSet=true isFirstPartyApp=false isSystemApp=false
12-07 13:24:29.454 I/OpenXR  (24960): xrEnumerateInstanceExtensionProperties: skipping extension=`XR_LOGITECHX1_kadavu_interaction` due to: Tier=50 extState=APC deviceIsExpEnabled=false expManifestSet=true isFirstPartyApp=false isSystemApp=false
12-07 13:24:29.454 I/OpenXR  (24960): xrEnumerateInstanceExtensionProperties: skipping extension=`XR_METAX1_performance_modes` due to: Tier=50 extState=APC deviceIsExpEnabled=false expManifestSet=true isFirstPartyApp=false isSystemApp=false
12-07 13:24:29.454 I/OpenXR  (24960): xrEnumerateInstanceExtensionProperties: skipping extension=`XR_METAX2_colocation` due to: Tier=50 extState=APC deviceIsExpEnabled=false expManifestSet=true isFirstPartyApp=false isSystemApp=false
12-07 13:24:29.454 I/OpenXR  (24960): xrEnumerateInstanceExtensionProperties: skipping extension=`XR_METAX2_debug_utils_region_profiling` due to: Tier=50 extState=APC deviceIsExpEnabled=false expManifestSet=true isFirstPartyApp=false isSystemApp=false
12-07 13:24:29.454 I/OpenXR  (24960): xrEnumerateInstanceExtensionProperties: skipping extension=`XR_METAX1_swapchain_memory_aliased` due to: Tier=50 extState=APC deviceIsExpEnabled=false expManifestSet=true isFirstPartyApp=false isSystemApp=false
12-07 13:24:29.454 I/OpenXR  (24960): xrEnumerateInstanceExtensionProperties: skipping extension=`XR_EXTX2_stationary_reference_space` due to: Tier=40 extState=APC deviceIsExpEnabled=false expManifestSet=true isFirstPartyApp=false isSystemApp=false
12-07 13:24:29.454 I/OpenXR  (24960): Checking for permission horizonos.permission.USE_ANCHOR_API of package com.example.moonlight_spatialsdk
12-07 13:24:29.455 I/OpenXR  (24960): Required permission horizonos.permission.USE_ANCHOR_API is missing, retrying check as com.oculus.permission.USE_ANCHOR_API -> 0
12-07 13:24:29.455 I/OpenXR  (24960): xrEnumerateInstanceExtensionProperties: skipping extension=`XR_EXT_spatial_entity` due to: missing uses-permission string `horizonos.permission.USE_ANCHOR_API` from AndroidManifest in package `com.example.moonlight_spatialsdk`
12-07 13:24:29.455 I/OpenXR  (24960): Checking for permission horizonos.permission.USE_ANCHOR_API of package com.example.moonlight_spatialsdk
12-07 13:24:29.457 I/OpenXR  (24960): Required permission horizonos.permission.USE_ANCHOR_API is missing, retrying check as com.oculus.permission.USE_ANCHOR_API -> 0
12-07 13:24:29.457 I/OpenXR  (24960): xrEnumerateInstanceExtensionProperties: skipping extension=`XR_EXT_spatial_anchor` due to: missing uses-permission string `horizonos.permission.USE_ANCHOR_API` from AndroidManifest in package `com.example.moonlight_spatialsdk`
12-07 13:24:29.457 I/OpenXR  (24960): Checking for permission horizonos.permission.USE_SCENE of package com.example.moonlight_spatialsdk
12-07 13:24:29.458 I/OpenXR  (24960): Required permission horizonos.permission.USE_SCENE is missing, retrying check as com.oculus.permission.USE_SCENE -> 0
12-07 13:24:29.458 I/OpenXR  (24960): xrEnumerateInstanceExtensionProperties: skipping extension=`XR_EXT_spatial_plane_tracking` due to: missing uses-permission string `horizonos.permission.USE_SCENE` from AndroidManifest in package `com.example.moonlight_spatialsdk`
12-07 13:24:29.458 I/OpenXR  (24960): Checking for permission horizonos.permission.USE_ANCHOR_API of package com.example.moonlight_spatialsdk
12-07 13:24:29.459 I/OpenXR  (24960): Required permission horizonos.permission.USE_ANCHOR_API is missing, retrying check as com.oculus.permission.USE_ANCHOR_API -> 0
12-07 13:24:29.459 I/OpenXR  (24960): xrEnumerateInstanceExtensionProperties: skipping extension=`XR_EXT_spatial_persistence` due to: missing uses-permission string `horizonos.permission.USE_ANCHOR_API` from AndroidManifest in package `com.example.moonlight_spatialsdk`
12-07 13:24:29.459 I/OpenXR  (24960): Checking for permission horizonos.permission.USE_ANCHOR_API of package com.example.moonlight_spatialsdk
12-07 13:24:29.459 E/TrackedObjectManager( 2832): Failed to connect to TrackedObjectService with error Status(-129, EX_TRANSACTION_FAILED): 'DEAD_OBJECT: '
12-07 13:24:29.459 W/OSDynamicObjectDataQuerier( 2832): Attempted to start tracking objects when tracker was already started
12-07 13:24:29.459 E/TrackedObjectManager( 2832): Failed to connect to TrackedObjectService with error Status(-129, EX_TRANSACTION_FAILED): 'DEAD_OBJECT: '
12-07 13:24:29.459 E/TrackedObjectManager( 2832): Failed to start tracking keyboard object with error Status(-129, EX_TRANSACTION_FAILED): 'DEAD_OBJECT: '
12-07 13:24:29.460 I/OpenXR  (24960): Required permission horizonos.permission.USE_ANCHOR_API is missing, retrying check as com.oculus.permission.USE_ANCHOR_API -> 0
12-07 13:24:29.460 I/OpenXR  (24960): xrEnumerateInstanceExtensionProperties: skipping extension=`XR_EXT_spatial_persistence_operations` due to: missing uses-permission string `horizonos.permission.USE_ANCHOR_API` from AndroidManifest in package `com.example.moonlight_spatialsdk`
12-07 13:24:29.460 I/OpenXR  (24960): Checking for permission horizonos.permission.USE_SCENE of package com.example.moonlight_spatialsdk
12-07 13:24:29.462 I/OpenXR  (24960): Required permission horizonos.permission.USE_SCENE is missing, retrying check as com.oculus.permission.USE_SCENE -> 0
12-07 13:24:29.462 I/OpenXR  (24960): xrEnumerateInstanceExtensionProperties: skipping extension=`XR_EXT_spatial_marker_tracking` due to: missing uses-permission string `horizonos.permission.USE_SCENE` from AndroidManifest in package `com.example.moonlight_spatialsdk`
12-07 13:24:29.462 I/OpenXR  (24960): xrEnumerateInstanceExtensionProperties: skipping extension=`XR_METAX1_graphics_budget` due to: Tier=50 extState=APC deviceIsExpEnabled=false expManifestSet=true isFirstPartyApp=false isSystemApp=false
12-07 13:24:29.462 I/OpenXR  (24960): xrEnumerateInstanceExtensionProperties: skipping extension=`XR_METAX1_dynamic_performance_scaling` due to: Tier=50 extState=APC deviceIsExpEnabled=false expManifestSet=true isFirstPartyApp=false isSystemApp=false
12-07 13:24:29.462 I/OpenXR  (24960): xrEnumerateInstanceExtensionProperties: skipping extension=`XR_EXTX1_haptic_parametric` due to: Tier=40 extState=APC deviceIsExpEnabled=false expManifestSet=true isFirstPartyApp=false isSystemApp=false
12-07 13:24:29.462 V/OpenXR-Loader(24960): Verbose [GENERAL | xrEnumerateInstanceExtensionProperties | OpenXR-Loader] : Completed loader trampoline
12-07 13:24:29.462 V/OpenXR-Loader(24960): Verbose [GENERAL | xrEnumerateInstanceExtensionProperties | OpenXR-Loader] : Entering loader trampoline
12-07 13:24:29.462 V/OpenXR-Loader(24960): Verbose [GENERAL | xrEnumerateInstanceExtensionProperties | OpenXR-Loader] : Completed loader trampoline
12-07 13:24:29.462 I/HorizonStandalone(24960): Hmi: OpenXR extension available: XR_KHR_android_create_instance
12-07 13:24:29.462 I/HorizonStandalone(24960): Hmi: OpenXR extension available: XR_KHR_android_surface_swapchain
12-07 13:24:29.462 I/HorizonStandalone(24960): Hmi: OpenXR extension available: XR_KHR_android_thread_settings
12-07 13:24:29.462 I/HorizonStandalone(24960): Hmi: OpenXR extension available: XR_FB_android_surface_swapchain_create
12-07 13:24:29.462 I/HorizonStandalone(24960): Hmi: OpenXR extension available: XR_KHR_opengl_es_enable
12-07 13:24:29.462 I/HorizonStandalone(24960): Hmi: OpenXR extension available: XR_KHR_vulkan_enable
12-07 13:24:29.462 I/HorizonStandalone(24960): Hmi: OpenXR extension available: XR_KHR_vulkan_enable2
12-07 13:24:29.462 I/HorizonStandalone(24960): Hmi: OpenXR extension available: XR_KHR_composition_layer_cube
12-07 13:24:29.462 I/HorizonStandalone(24960): Hmi: OpenXR extension available: XR_KHR_composition_layer_cylinder
12-07 13:24:29.462 I/HorizonStandalone(24960): Hmi: OpenXR extension available: XR_KHR_composition_layer_equirect2
12-07 13:24:29.462 I/HorizonStandalone(24960): Hmi: OpenXR extension available: XR_KHR_composition_layer_color_scale_bias
12-07 13:24:29.462 I/HorizonStandalone(24960): Hmi: OpenXR extension available: XR_KHR_composition_layer_depth
12-07 13:24:29.462 I/HorizonStandalone(24960): Hmi: OpenXR extension available: XR_FB_color_space
12-07 13:24:29.462 I/HorizonStandalone(24960): Hmi: OpenXR extension available: XR_EXT_performance_settings
12-07 13:24:29.462 I/HorizonStandalone(24960): Hmi: OpenXR extension available: XR_EXT_hand_tracking
12-07 13:24:29.462 I/HorizonStandalone(24960): Hmi: OpenXR extension available: XR_EXT_debug_utils
12-07 13:24:29.463 I/HorizonStandalone(24960): Hmi: OpenXR extension available: XR_FB_display_refresh_rate
12-07 13:24:29.463 I/HorizonStandalone(24960): Hmi: OpenXR extension available: XR_FB_swapchain_update_state
12-07 13:24:29.463 I/HorizonStandalone(24960): Hmi: OpenXR extension available: XR_FB_swapchain_update_state_opengl_es
12-07 13:24:29.463 I/HorizonStandalone(24960): Hmi: OpenXR extension available: XR_FB_swapchain_update_state_vulkan
12-07 13:24:29.463 I/HorizonStandalone(24960): Hmi: OpenXR extension available: XR_FB_swapchain_update_state_android_surface
12-07 13:24:29.463 I/HorizonStandalone(24960): Hmi: OpenXR extension available: XR_OCULUS_common_reference_spaces
12-07 13:24:29.463 I/HorizonStandalone(24960): Hmi: OpenXR extension available: XR_FB_composition_layer_image_layout
12-07 13:24:29.463 I/HorizonStandalone(24960): Hmi: OpenXR extension available: XR_FB_composition_layer_alpha_blend
12-07 13:24:29.463 I/HorizonStandalone(24960): Hmi: OpenXR extension available: XR_EXT_composition_layer_inverted_alpha
12-07 13:24:29.463 I/HorizonStandalone(24960): Hmi: OpenXR extension available: XR_FB_common_events
12-07 13:24:29.463 I/HorizonStandalone(24960): Hmi: OpenXR extension available: XR_FB_hand_tracking_mesh
12-07 13:24:29.463 I/HorizonStandalone(24960): Hmi: OpenXR extension available: XR_FB_hand_tracking_aim
12-07 13:24:29.463 I/HorizonStandalone(24960): Hmi: OpenXR extension available: XR_FB_hand_tracking_capsules
12-07 13:24:29.463 I/HorizonStandalone(24960): Hmi: OpenXR extension available: XR_META_hand_tracking_microgestures
12-07 13:24:29.463 I/HorizonStandalone(24960): Hmi: OpenXR extension available: XR_FB_foveation
12-07 13:24:29.463 I/HorizonStandalone(24960): Hmi: OpenXR extension available: XR_FB_foveation_configuration
12-07 13:24:29.463 I/HorizonStandalone(24960): Hmi: OpenXR extension available: XR_FB_foveation_vulkan
12-07 13:24:29.463 I/HorizonStandalone(24960): Hmi: OpenXR extension available: XR_FB_composition_layer_secure_content
12-07 13:24:29.463 I/HorizonStandalone(24960): Hmi: OpenXR extension available: XR_KHR_convert_timespec_time
12-07 13:24:29.463 I/HorizonStandalone(24960): Hmi: OpenXR extension available: XR_FB_triangle_mesh
12-07 13:24:29.463 I/HorizonStandalone(24960): Hmi: OpenXR extension available: XR_FB_passthrough
12-07 13:24:29.463 I/HorizonStandalone(24960): Hmi: OpenXR extension available: XR_META_passthrough_color_lut
12-07 13:24:29.463 I/HorizonStandalone(24960): Hmi: OpenXR extension available: XR_META_passthrough_layer_resumed_event
12-07 13:24:29.463 I/HorizonStandalone(24960): Hmi: OpenXR extension available: XR_META_passthrough_preferences
12-07 13:24:29.463 I/HorizonStandalone(24960): Hmi: OpenXR extension available: XR_FB_render_model
12-07 13:24:29.463 I/HorizonStandalone(24960): Hmi: OpenXR extension available: XR_FB_touch_controller_proximity
12-07 13:24:29.463 I/HorizonStandalone(24960): Hmi: OpenXR extension available: XR_FB_touch_controller_pro
12-07 13:24:29.463 I/HorizonStandalone(24960): Hmi: OpenXR extension available: XR_META_touch_controller_plus
12-07 13:24:29.463 I/HorizonStandalone(24960): Hmi: OpenXR extension available: XR_FB_haptic_amplitude_envelope
12-07 13:24:29.463 I/HorizonStandalone(24960): Hmi: OpenXR extension available: XR_FB_haptic_pcm
12-07 13:24:29.463 I/HorizonStandalone(24960): Hmi: OpenXR extension available: XR_FB_spatial_entity_user
12-07 13:24:29.463 I/HorizonStandalone(24960): Hmi: OpenXR extension available: XR_FB_space_warp
12-07 13:24:29.463 I/HorizonStandalone(24960): Hmi: OpenXR extension available: XR_META_vulkan_swapchain_create_info
12-07 13:24:29.463 I/HorizonStandalone(24960): Hmi: OpenXR extension available: XR_FB_composition_layer_settings
12-07 13:24:29.463 I/HorizonStandalone(24960): Hmi: OpenXR extension available: XR_META_feature_fidelity
12-07 13:24:29.463 I/HorizonStandalone(24960): Hmi: OpenXR extension available: XR_FB_composition_layer_depth_test
12-07 13:24:29.463 I/HorizonStandalone(24960): Hmi: OpenXR extension available: XR_EXT_hand_joints_motion_range
12-07 13:24:29.463 I/HorizonStandalone(24960): Hmi: OpenXR extension available: XR_EXT_hand_tracking_data_source
12-07 13:24:29.463 I/HorizonStandalone(24960): Hmi: OpenXR extension available: XR_META_performance_metrics
12-07 13:24:29.463 I/HorizonStandalone(24960): Hmi: OpenXR extension available: XR_META_virtual_keyboard
12-07 13:24:29.463 I/HorizonStandalone(24960): Hmi: OpenXR extension available: XR_META_detached_controllers
12-07 13:24:29.463 I/HorizonStandalone(24960): Hmi: OpenXR extension available: XR_MSFT_hand_interaction
12-07 13:24:29.463 I/HorizonStandalone(24960): Hmi: OpenXR extension available: XR_META_headset_id
12-07 13:24:29.463 I/HorizonStandalone(24960): Hmi: OpenXR extension available: XR_META_recommended_layer_resolution
12-07 13:24:29.463 I/HorizonStandalone(24960): Hmi: OpenXR extension available: XR_EXT_active_action_set_priority
12-07 13:24:29.463 I/HorizonStandalone(24960): Hmi: OpenXR extension available: XR_META_automatic_layer_filter
12-07 13:24:29.463 I/HorizonStandalone(24960): Hmi: OpenXR extension available: XR_EXT_palm_pose
12-07 13:24:29.463 I/HorizonStandalone(24960): Hmi: OpenXR extension available: XR_META_simultaneous_hands_and_controllers
12-07 13:24:29.463 I/HorizonStandalone(24960): Hmi: OpenXR extension available: XR_EXT_local_floor
