12-06 14:30:44.247 I/HorizonStandalone(19532): Input: Registering input class horizon::player_input::DefaultGameplayInput
12-06 14:30:44.247 I/HorizonStandalone(19532): Input: Registering input class horizon::player_input::DefaultMoveInput
12-06 14:30:44.249 I/HorizonStandalone(19532): Config: ConfigChanged: horizon::input::InputConfig v3 (LocalConfigChange)
12-06 14:30:44.249 I/HorizonStandalone(19532): World: Beginning automatic registration of flecs components.
12-06 14:30:44.254 I/HorizonStandalone(19532): World: Automatic registration of flecs components is complete.
12-06 14:30:44.255 W/HorizonStandalone(19532): Input: No initial input mode specified
12-06 14:30:44.257 I/HorizonStandalone(19532): Application: onWorldCreateEvent
12-06 14:30:44.257 I/HorizonStandalone(19532): Application: AetherModule.cpp::onWorldCreateEvent():: constucted instance of AetherSplatRendererSystem successfully
12-06 14:30:44.257 I/HorizonStandalone(19532): Renderer: SplatRendererFramework::startup
12-06 14:30:44.257 I/HorizonStandalone(19532): Hmi: Post initialize started
12-06 14:30:44.257 I/HorizonStandalone(19532): Hmi: CrossPlatformPerfMetrics not logging analytics - Analytics module not available
12-06 14:30:44.257 I/HorizonStandalone(19532): Hmi: CrossPlatformPerfMetrics initialized (analytics: disabled, event: hsr_base_perf_warnings)
12-06 14:30:44.257 I/HorizonStandalone(19532): Hmi: Post initialize complete
12-06 14:30:44.257 I/HorizonStandalone(19532): Application: Skipping lifecycle analytics event ModulesPostStartupComplete due to event bus get failure (ErrorNotFound)
12-06 14:30:44.257 I/HorizonStandalone(19532): Application: Starting up the application
12-06 14:30:44.257 I/HorizonStandalone(19532): Application: startup()
12-06 14:30:44.258 I/HorizonStandalone(19532): Application: App Name: Aether Application
12-06 14:30:44.258 I/HorizonStandalone(19532): Application: App Version: 
12-06 14:30:44.258 I/HorizonStandalone(19532): Application: HSR Version: 
12-06 14:30:44.258 I/HorizonStandalone(19532): Application: App Id: 7235633249785169
12-06 14:30:44.258 I/HorizonStandalone(19532): Hmi: ContextStartupJob execute
12-06 14:30:44.258 I/HorizonStandalone(19532): Application: Facebook App Id: 
12-06 14:30:44.258 I/HorizonStandalone(19532): Application: Commit: 
12-06 14:30:44.258 I/HorizonStandalone(19532): Application: Standalone Quest App Id: 7235633249785169
12-06 14:30:44.258 I/HorizonStandalone(19532): Application: Standalone Rift App Id: 6651547741534515
12-06 14:30:44.258 V/OpenXR-Loader(19532): Verbose [GENERAL | xrInitializeLoaderKHR | OpenXR-Loader] : Entering loader trampoline
12-06 14:30:44.258 V/OpenXR-Loader(19532): Verbose [GENERAL | InitializeLoaderInitData | OpenXR-Loader] : Unloading any previously loaded runtime
12-06 14:30:44.258 I/HorizonStandalone(19532): Application: Run in CI: false
12-06 14:30:44.258 I/HorizonStandalone(19532): Application: Run in FB Infra: false
12-06 14:30:44.258 I/HorizonStandalone(19532): Application: Build Set Id: 
12-06 14:30:44.258 I/HorizonStandalone(19532): Application: Skipping lifecycle analytics event InformationalStartupComplete due to event bus get failure (ErrorNotFound)
12-06 14:30:44.258 E/TrackedObjectManager( 2832): Failed to connect to TrackedObjectService with error Status(-129, EX_TRANSACTION_FAILED): 'DEAD_OBJECT: '
12-06 14:30:44.258 I/HorizonStandalone(19532): Application: Skipping lifecycle analytics event ApplicationPreExecComplete due to event bus get failure (ErrorNotFound)
12-06 14:30:44.258 W/OSDynamicObjectDataQuerier( 2832): Attempted to start tracking objects when tracker was already started
12-06 14:30:44.258 I/HorizonStandalone(19532): Application: Skipping lifecycle analytics event AppStartComplete due to event bus get failure (ErrorNotFound)
12-06 14:30:44.258 E/TrackedObjectManager( 2832): Failed to connect to TrackedObjectService with error Status(-129, EX_TRANSACTION_FAILED): 'DEAD_OBJECT: '
12-06 14:30:44.258 I/HorizonStandalone(19532): Application: Skipping lifecycle analytics event TelemetryValidation due to event bus get failure (ErrorNotFound)
12-06 14:30:44.258 E/TrackedObjectManager( 2832): Failed to start tracking keyboard object with error Status(-129, EX_TRANSACTION_FAILED): 'DEAD_OBJECT: '
12-06 14:30:44.258 I/HorizonStandalone(19532): Application: Running the platform
12-06 14:30:44.258 I/HorizonStandalone(19532): Core: installed exit handler
12-06 14:30:44.258 V/OpenXR-Loader(19532): Verbose [GENERAL | xrEnumerateInstanceExtensionProperties | OpenXR-Loader] : Entering loader trampoline
12-06 14:30:44.259 I/OpenXR-Loader(19532): getActiveRuntimeCursor: Querying URI: content://org.khronos.openxr.runtime_broker/openxr/1/abi/arm64-v8a/runtimes/active
12-06 14:30:44.262 W/OpenXR-Loader(19532): Null cursor when querying installable content resolver.
12-06 14:30:44.262 I/OpenXR-Loader(19532): getActiveRuntimeCursor: Querying URI: content://org.khronos.openxr.system_runtime_broker/openxr/1/abi/arm64-v8a/runtimes/active
12-06 14:30:44.265 W/OpenXR-Loader(19532): Null cursor when querying system content resolver.
12-06 14:30:44.265 E/OpenXR-Loader(19532): Could access neither the installable nor system runtime broker.
12-06 14:30:44.265 I/OpenXR-Loader(19532): Info [GENERAL | xrEnumerateInstanceExtensionProperties | OpenXR-Loader] : RuntimeManifestFile::FindManifestFiles - using global runtime file /odm/etc/openxr/1/active_runtime.aarch64.json
12-06 14:30:44.265 I/OpenXR-Loader(19532): Info [GENERAL |  | OpenXR-Loader] : RuntimeManifestFile::CreateIfValid - attempting to load /odm/etc/openxr/1/active_runtime.aarch64.json
12-06 14:30:44.270 I/OpenXR-Loader(19532): Info [GENERAL | xrEnumerateInstanceExtensionProperties | OpenXR-Loader] : RuntimeInterface::LoadRuntime forwarding xrInitializeLoaderKHR call to runtime before calling xrNegotiateLoaderRuntimeInterface.
12-06 14:30:44.270 V/OpenXR  (19532): OpenXRForwardLoader::xrInitializeLoaderKHR [start]
12-06 14:30:44.272 E/TrackedObjectManager( 2832): Failed to connect to TrackedObjectService with error Status(-129, EX_TRANSACTION_FAILED): 'DEAD_OBJECT: '
12-06 14:30:44.272 W/OSDynamicObjectDataQuerier( 2832): Attempted to start tracking objects when tracker was already started
12-06 14:30:44.272 E/TrackedObjectManager( 2832): Failed to connect to TrackedObjectService with error Status(-129, EX_TRANSACTION_FAILED): 'DEAD_OBJECT: '
12-06 14:30:44.272 E/TrackedObjectManager( 2832): Failed to start tracking keyboard object with error Status(-129, EX_TRANSACTION_FAILED): 'DEAD_OBJECT: '
12-06 14:30:44.277 D/ApplicationLoaders(19532): Returning zygote-cached class loader: /system/framework/android.test.base.jar
12-06 14:30:44.277 D/ApplicationLoaders(19532): Returning zygote-cached class loader: /system/framework/android.hidl.manager-V1.0-java.jar
12-06 14:30:44.277 D/ApplicationLoaders(19532): Returning zygote-cached class loader: /system/framework/android.hidl.base-V1.0-java.jar
12-06 14:30:44.281 D/nativeloader(19532): Configuring clns-shared-7 for other apk /system/framework/org.apache.http.legacy.jar. target_sdk_version=24, uses_libraries=ALL, library_path=/apex/com.meta.xr/priv-app/VrDriver/lib/arm64:/apex/com.meta.xr/priv-app/VrDriver/VrDriver.apk!/lib/arm64-v8a:/system/lib64:/system_ext/lib64:/apex/com.meta.xr/priv-app/VrDriver/VrDriver.apk!/lib/arm64-v8a, permitted_path=/data:/mnt/expand::/apex/com.meta.xr/priv-app/VrDriver:/system/lib64:/system_ext/lib64
12-06 14:30:44.281 D/nativeloader(19532): Extending system_exposed_libraries: libaudiotapper.oculus.so:libcalibrationmanager.oculus.so:libheadtracker.oculus.so:libinstsamp.oculus.so:libossdk.oculus.so:libparfait.oculus.so:libripcclient.oculus.so:libripcmanager.oculus.so:libsystemsensoraccess.oculus.so:libappsensoraccess.oculus.so:libOVRMrcLib.oculus.so:libxrstreaminghost.oculus.so:libhzos.meta.so:libhzos_featurejournal.meta.so:libhzos_gaze.meta.so:libhzos_orthofit.meta.so:libhzos_reportstatsevent.meta.so:libhzos_spaces.meta.so:libhzos_trackedinput.meta.so:libhzos_trackingclient.meta.so
12-06 14:30:44.281 I/AppsFilter( 1971): interaction: PackageSetting{7855913 com.example.moonlight_spatialsdk/10176} -> PackageSetting{9ff146a com.android.cts.priv.ctsshim/10005} BLOCKED
12-06 14:30:44.281 I/AppsFilter( 1971): interaction: PackageSetting{7855913 com.example.moonlight_spatialsdk/10176} -> PackageSetting{4d783b4 com.oculus.avatareditor/10085} BLOCKED
12-06 14:30:44.281 I/AppsFilter( 1971): interaction: PackageSetting{7855913 com.example.moonlight_spatialsdk/10176} -> PackageSetting{ed739f8 com.oculus.updater/10075} BLOCKED
12-06 14:30:44.281 I/AppsFilter( 1971): interaction: PackageSetting{7855913 com.example.moonlight_spatialsdk/10176} -> PackageSetting{e032f69 com.sulivan.voicechat/10167} BLOCKED
12-06 14:30:44.281 I/AppsFilter( 1971): interaction: PackageSetting{7855913 com.example.moonlight_spatialsdk/10176} -> PackageSetting{e82c878 com.Norainu.MetacityPatrol/10168} BLOCKED
12-06 14:30:44.281 I/AppsFilter( 1971): interaction: PackageSetting{7855913 com.example.moonlight_spatialsdk/10176} -> PackageSetting{1f20d36 com.oculus.magicislandcastingservice/10059} BLOCKED
12-06 14:30:44.281 I/AppsFilter( 1971): interaction: PackageSetting{7855913 com.example.moonlight_spatialsdk/10176} -> PackageSetting{1da4437 com.oculus.captionservice/10076} BLOCKED
12-06 14:30:44.281 I/AppsFilter( 1971): interaction: PackageSetting{7855913 com.example.moonlight_spatialsdk/10176} -> PackageSetting{c39270d com.meta.rl.trust.service/10080} BLOCKED
12-06 14:30:44.281 I/AppsFilter( 1971): interaction: PackageSetting{7855913 com.example.moonlight_spatialsdk/10176} -> PackageSetting{f49c6c2 com.ubisoft.StarTrekTNG/10156} BLOCKED
12-06 14:30:44.281 I/AppsFilter( 1971): interaction: PackageSetting{7855913 com.example.moonlight_spatialsdk/10176} -> PackageSetting{904ecd3 com.tripp.tripp_client_unity/10169} BLOCKED
12-06 14:30:44.281 I/AppsFilter( 1971): interaction: PackageSetting{7855913 com.example.moonlight_spatialsdk/10176} -> PackageSetting{b1c1bdd com.facebook.horizon/10118} BLOCKED
12-06 14:30:44.281 I/AppsFilter( 1971): interaction: PackageSetting{7855913 com.example.moonlight_spatialsdk/10176} -> PackageSetting{de2709 com.oculus.browser/10101} BLOCKED
12-06 14:30:44.281 I/AppsFilter( 1971): interaction: PackageSetting{7855913 com.example.moonlight_spatialsdk/10176} -> PackageSetting{8718d0e com.android.htmlviewer/10031} BLOCKED
12-06 14:30:44.281 I/AppsFilter( 1971): interaction: PackageSetting{7855913 com.example.moonlight_spatialsdk/10176} -> PackageSetting{827832f com.whatsapp/10114} BLOCKED
12-06 14:30:44.281 I/AppsFilter( 1971): interaction: PackageSetting{7855913 com.example.moonlight_spatialsdk/10176} -> PackageSetting{8255d3c com.oculus.cvp/10094} BLOCKED
12-06 14:30:44.281 I/AppsFilter( 1971): interaction: PackageSetting{7855913 com.example.moonlight_spatialsdk/10176} -> PackageSetting{2b92ac5 com.oculus.systemintelligence/10153} BLOCKED
12-06 14:30:44.281 I/AppsFilter( 1971): interaction: PackageSetting{7855913 com.example.moonlight_spatialsdk/10176} -> PackageSetting{d3d6c1a com.meta.curio.toybox/10117} BLOCKED
12-06 14:30:44.281 I/AppsFilter( 1971): interaction: PackageSetting{7855913 com.example.moonlight_spatialsdk/10176} -> PackageSetting{33234b com.meta.shell.env.vista.focused/10166} BLOCKED
12-06 14:30:44.281 I/AppsFilter( 1971): interaction: PackageSetting{7855913 com.example.moonlight_spatialsdk/10176} -> PackageSetting{1891128 com.meta.curio.ruler/10111} BLOCKED
12-06 14:30:44.281 I/AppsFilter( 1971): interaction: PackageSetting{7855913 com.example.moonlight_spatialsdk/10176} -> PackageSetting{786ae41 com.oculus.accountscenter/10107} BLOCKED
12-06 14:30:44.281 I/AppsFilter( 1971): interaction: PackageSetting{7855913 com.example.moonlight_spatialsdk/10176} -> PackageSetting{9ca1c4e com.oculus.identitymanagement.service/10063} BLOCKED
12-06 14:30:44.281 I/AppsFilter( 1971): interaction: PackageSetting{7855913 com.example.moonlight_spatialsdk/10176} -> PackageSetting{4b62fe6 com.TacticalNounours.QuantumVoid/10143} BLOCKED
12-06 14:30:44.281 I/AppsFilter( 1971): interaction: PackageSetting{7855913 com.example.moonlight_spatialsdk/10176} -> PackageSetting{60ea927 VirtualDesktop.Android/10161} BLOCKED
12-06 14:30:44.281 I/AppsFilter( 1971): interaction: PackageSetting{7855913 com.example.moonlight_spatialsdk/10176} -> PackageSetting{6f217d4 com.oculus.loneechoavalanche/10165} BLOCKED
12-06 14:30:44.281 I/AppsFilter( 1971): interaction: PackageSetting{7855913 com.example.moonlight_spatialsdk/10176} -> PackageSetting{a4eed7d com.oculus.settings.rro/10119} BLOCKED
12-06 14:30:44.281 I/AppsFilter( 1971): interaction: PackageSetting{7855913 com.example.moonlight_spatialsdk/10176} -> PackageSetting{ba56472 com.meta.AccountsCenter.pwa/10098} BLOCKED
12-06 14:30:44.281 I/AppsFilter( 1971): interaction: PackageSetting{7855913 com.example.moonlight_spatialsdk/10176} -> PackageSetting{5636352 com.oculus.facebook/10113} BLOCKED
12-06 14:30:44.281 I/AppsFilter( 1971): interaction: PackageSetting{7855913 com.example.moonlight_spatialsdk/10176} -> PackageSetting{d42dd40 com.meta.android.rro/10001} BLOCKED
12-06 14:30:44.281 I/AppsFilter( 1971): interaction: PackageSetting{7855913 com.example.moonlight_spatialsdk/10176} -> PackageSetting{461e479 com.oculus.integrity/10051} BLOCKED
12-06 14:30:44.281 I/AppsFilter( 1971): interaction: PackageSetting{7855913 com.example.moonlight_spatialsdk/10176} -> PackageSetting{fe155be com.android.connectivity.resources/10008} BLOCKED
12-06 14:30:44.281 I/AppsFilter( 1971): interaction: PackageSetting{7855913 com.example.moonlight_spatialsdk/10176} -> PackageSetting{a05961f com.android.modulemetadata/10040} BLOCKED
12-06 14:30:44.281 I/AppsFilter( 1971): interaction: PackageSetting{7855913 com.example.moonlight_spatialsdk/10176} -> PackageSetting{3188d6c com.twistedpixelgames.PILO/10175} BLOCKED
12-06 14:30:44.281 I/AppsFilter( 1971): interaction: PackageSetting{7855913 com.example.moonlight_spatialsdk/10176} -> PackageSetting{a134f35 al.quest.pickleball.forfunlabs/10172} BLOCKED
12-06 14:30:44.282 I/AppsFilter( 1971): interaction: PackageSetting{7855913 com.example.moonlight_spatialsdk/10176} -> PackageSetting{4590fca com.oculus.panelapp.kiosk/10038} BLOCKED
12-06 14:30:44.282 I/AppsFilter( 1971): interaction: PackageSetting{7855913 com.example.moonlight_spatialsdk/10176} -> PackageSetting{cf7753b com.oculus.panelapp.settings/10079} BLOCKED
12-06 14:30:44.282 I/AppsFilter( 1971): interaction: PackageSetting{7855913 com.example.moonlight_spatialsdk/10176} -> PackageSetting{7007623 com.oculus.systemutilities/10048} BLOCKED
12-06 14:30:44.282 I/AppsFilter( 1971): interaction: PackageSetting{7855913 com.example.moonlight_spatialsdk/10176} -> PackageSetting{736a9b1 com.CortopiaStudios.Graves/10145} BLOCKED
12-06 14:30:44.282 I/AppsFilter( 1971): interaction: PackageSetting{7855913 com.example.moonlight_spatialsdk/10176} -> PackageSetting{9e05e96 com.oculus.firsttimenux/10034} BLOCKED
12-06 14:30:44.282 I/AppsFilter( 1971): interaction: PackageSetting{7855913 com.example.moonlight_spatialsdk/10176} -> PackageSetting{f5e2a17 com.oculus.store/10088} BLOCKED
12-06 14:30:44.282 I/AppsFilter( 1971): interaction: PackageSetting{7855913 com.example.moonlight_spatialsdk/10176} -> PackageSetting{b51e04 com.meta.samples.NorthStar/10149} BLOCKED
12-06 14:30:44.282 I/AppsFilter( 1971): interaction: PackageSetting{7855913 com.example.moonlight_spatialsdk/10176} -> PackageSetting{75b2fed com.oculus.socialplatform/10103} BLOCKED
12-06 14:30:44.282 I/AppsFilter( 1971): interaction: PackageSetting{7855913 com.example.moonlight_spatialsdk/10176} -> PackageSetting{8bbce22 com.oculus.horizonmediaplayer/10108} BLOCKED
12-06 14:30:44.282 I/AppsFilter( 1971): interaction: PackageSetting{7855913 com.example.moonlight_spatialsdk/10176} -> PackageSetting{11150b3 com.android.webview/10042} BLOCKED
12-06 14:30:44.282 I/AppsFilter( 1971): interaction: PackageSetting{7855913 com.example.moonlight_spatialsdk/10176} -> PackageSetting{8681670 com.oculus.vrprivacycheckup/10110} BLOCKED
12-06 14:30:44.282 I/AppsFilter( 1971): interaction: PackageSetting{7855913 com.example.moonlight_spatialsdk/10176} -> PackageSetting{5c7dde9 com.meta.shell.env.vista.central/10160} BLOCKED
12-06 14:30:44.282 I/AppsFilter( 1971): interaction: PackageSetting{7855913 com.example.moonlight_spatialsdk/10176} -> PackageSetting{6ecaa6e com.oculus.panelapp.library/10049} BLOCKED
12-06 14:30:44.282 I/AppsFilter( 1971): interaction: PackageSetting{7855913 com.example.moonlight_spatialsdk/10176} -> PackageSetting{dc6450f horizon.platform.providers/10137} BLOCKED
12-06 14:30:44.282 I/AppsFilter( 1971): interaction: PackageSetting{7855913 com.example.moonlight_spatialsdk/10176} -> PackageSetting{f10299c com.oculus.systemresource/10097} BLOCKED
12-06 14:30:44.282 I/AppsFilter( 1971): interaction: PackageSetting{7855913 com.example.moonlight_spatialsdk/10176} -> PackageSetting{1376fa5 com.microsoft.rdc.androidx/10157} BLOCKED
12-06 14:30:44.282 I/AppsFilter( 1971): interaction: PackageSetting{7855913 com.example.moonlight_spatialsdk/10176} -> PackageSetting{73cff7a com.gameboomvr.CookingSimulatorVR/10152} BLOCKED
12-06 14:30:44.282 I/AppsFilter( 1971): interaction: PackageSetting{7855913 com.example.moonlight_spatialsdk/10176} -> PackageSetting{d2c232b com.oculus.guardiansetup/10142} BLOCKED
12-06 14:30:44.282 I/AppsFilter( 1971): interaction: PackageSetting{7855913 com.example.moonlight_spatialsdk/10176} -> PackageSetting{1432720 com.oculus.hzosgallery/10121} BLOCKED
12-06 14:30:44.282 I/AppsFilter( 1971): interaction: PackageSetting{7855913 com.example.moonlight_spatialsdk/10176} -> PackageSetting{f546121 horizon.platform.service/10140} BLOCKED
12-06 14:30:44.282 I/AppsFilter( 1971): interaction: PackageSetting{7855913 com.example.moonlight_spatialsdk/10176} -> PackageSetting{d0b9946 horizonos.theme.quest.rro/10037} BLOCKED
12-06 14:30:44.282 I/AppsFilter( 1971): interaction: PackageSetting{7855913 com.example.moonlight_spatialsdk/10176} -> PackageSetting{8c7c707 com.oculus.os.qrcodereader/10057} BLOCKED
12-06 14:30:44.282 I/AppsFilter( 1971): interaction: PackageSetting{7855913 com.example.moonlight_spatialsdk/10176} -> PackageSetting{2cecaf3 com.android.wifi.resources/10003} BLOCKED
12-06 14:30:44.282 I/AppsFilter( 1971): interaction: PackageSetting{7855913 com.example.moonlight_spatialsdk/10176} -> PackageSetting{21e1034 com.meta.mqdh.mqdhservice/10174} BLOCKED
12-06 14:30:44.282 I/AppsFilter( 1971): interaction: PackageSetting{7855913 com.example.moonlight_spatialsdk/10176} -> PackageSetting{bf4ee5d com.oculus.systemux/10066} BLOCKED
12-06 14:30:44.282 I/AppsFilter( 1971): interaction: PackageSetting{7855913 com.example.moonlight_spatialsdk/10176} -> PackageSetting{d803d2 com.meta.surfacetypingnux/10151} BLOCKED
12-06 14:30:44.282 I/AppsFilter( 1971): interaction: PackageSetting{7855913 com.example.moonlight_spatialsdk/10176} -> PackageSetting{38fcca3 com.oculus.oemconfig/10036} BLOCKED
12-06 14:30:44.282 I/AppsFilter( 1971): interaction: PackageSetting{7855913 com.example.moonlight_spatialsdk/10176} -> PackageSetting{da5fba0 com.meta.handseducationmodule/10104} BLOCKED
12-06 14:30:44.282 I/AppsFilter( 1971): interaction: PackageSetting{7855913 com.example.moonlight_spatialsdk/10176} -> PackageSetting{171359 com.oculus.remotedesktop/10109} BLOCKED
12-06 14:30:44.282 I/AppsFilter( 1971): interaction: PackageSetting{7855913 com.example.moonlight_spatialsdk/10176} -> PackageSetting{18e8b1e com.meta.federatedcomputing.oculus/10067} BLOCKED
12-06 14:30:44.282 I/AppsFilter( 1971): interaction: PackageSetting{7855913 com.example.moonlight_spatialsdk/10176} -> PackageSetting{f488fff com.oculus.q4bservice/10039} BLOCKED
12-06 14:30:44.282 I/AppsFilter( 1971): interaction: PackageSetting{7855913 com.example.moonlight_spatialsdk/10176} -> PackageSetting{bff31cc com.oculus.guidebook/10099} BLOCKED
12-06 14:30:44.282 I/AppsFilter( 1971): interaction: PackageSetting{7855913 com.example.moonlight_spatialsdk/10176} -> PackageSetting{c9c8c15 horizonos.supplement.metauniverse.libraryapk/10150} BLOCKED
12-06 14:30:44.282 I/AppsFilter( 1971): interaction: PackageSetting{7855913 com.example.moonlight_spatialsdk/10176} -> PackageSetting{e943b2a com.oculus.igvr/10116} BLOCKED
12-06 14:30:44.282 I/AppsFilter( 1971): interaction: PackageSetting{7855913 com.example.moonlight_spatialsdk/10176} -> PackageSetting{ba02d1b com.oculus.mrds/10087} BLOCKED
12-06 14:30:44.282 I/AppsFilter( 1971): interaction: PackageSetting{7855913 com.example.moonlight_spatialsdk/10176} -> PackageSetting{ed39eb8 com.AnotherAxiom.A2/10070} BLOCKED
12-06 14:30:44.282 I/AppsFilter( 1971): interaction: PackageSetting{7855913 com.example.moonlight_spatialsdk/10176} -> PackageSetting{30629e com.facebook.orca/10112} BLOCKED
12-06 14:30:44.282 I/AppsFilter( 1971): interaction: PackageSetting{7855913 com.example.moonlight_spatialsdk/10176} -> PackageSetting{692dff6 com.facebook.workrooms/10163} BLOCKED
12-06 14:30:44.282 I/AppsFilter( 1971): interaction: PackageSetting{7855913 com.example.moonlight_spatialsdk/10176} -> PackageSetting{b0a7ff7 quest.eleven.forfunlabs/10171} BLOCKED
12-06 14:30:44.282 I/AppsFilter( 1971): interaction: PackageSetting{7855913 com.example.moonlight_spatialsdk/10176} -> PackageSetting{67fee64 com.oculus.tv/10091} BLOCKED
12-06 14:30:44.282 I/AppsFilter( 1971): interaction: PackageSetting{7855913 com.example.moonlight_spatialsdk/10176} -> PackageSetting{47328cd com.oculus.panelapp.devicepairing/10138} BLOCKED
12-06 14:30:44.282 I/AppsFilter( 1971): interaction: PackageSetting{7855913 com.example.moonlight_spatialsdk/10176} -> PackageSetting{7050582 com.oculus.userserver2/10058} BLOCKED
12-06 14:30:44.282 I/AppsFilter( 1971): interaction: PackageSetting{7855913 com.example.moonlight_spatialsdk/10176} -> PackageSetting{95d2493 com.netflix.ninja.vr/10006} BLOCKED
12-06 14:30:44.282 I/AppsFilter( 1971): interaction: PackageSetting{7855913 com.example.moonlight_spatialsdk/10176} -> PackageSetting{6da517f com.meta.worlds/10139} BLOCKED
12-06 14:30:44.282 I/AppsFilter( 1971): interaction: PackageSetting{7855913 com.example.moonlight_spatialsdk/10176} -> PackageSetting{e1684c9 com.android.bookmarkprovider/10027} BLOCKED
12-06 14:30:44.282 I/AppsFilter( 1971): interaction: PackageSetting{7855913 com.example.moonlight_spatialsdk/10176} -> PackageSetting{881f7ce com.oculus.guardianresources/10030} BLOCKED
12-06 14:30:44.282 I/AppsFilter( 1971): interaction: PackageSetting{7855913 com.example.moonlight_spatialsdk/10176} -> PackageSetting{2b76ef com.oculus.guardian/10073} BLOCKED
12-06 14:30:44.282 I/AppsFilter( 1971): interaction: PackageSetting{7855913 com.example.moonlight_spatialsdk/10176} -> PackageSetting{c98a5fc com.oculus.explore/10096} BLOCKED
12-06 14:30:44.282 I/AppsFilter( 1971): interaction: PackageSetting{7855913 com.example.moonlight_spatialsdk/10176} -> PackageSetting{c79a485 com.meta.hpiassets/10155} BLOCKED
12-06 14:30:44.282 I/AppsFilter( 1971): interaction: PackageSetting{7855913 com.example.moonlight_spatialsdk/10176} -> PackageSetting{2405539 com.android.cts.ctsshim/10127} BLOCKED
12-06 14:30:44.282 I/AppsFilter( 1971): interaction: PackageSetting{7855913 com.example.moonlight_spatialsdk/10176} -> PackageSetting{3c9c2da com.oculus.q4b.mdm/10041} BLOCKED
12-06 14:30:44.282 I/AppsFilter( 1971): interaction: PackageSetting{7855913 com.example.moonlight_spatialsdk/10176} -> PackageSetting{4e2930b com.meta.shell.env.footprint.haven2025/10159} BLOCKED
12-06 14:30:44.282 I/AppsFilter( 1971): interaction: PackageSetting{7855913 com.example.moonlight_spatialsdk/10176} -> PackageSetting{2c825e8 Immersed.quest/10162} BLOCKED
12-06 14:30:44.282 I/AppsFilter( 1971): interaction: PackageSetting{7855913 com.example.moonlight_spatialsdk/10176} -> PackageSetting{4350401 com.oculus.permissioncontroller.rro/10000} BLOCKED
12-06 14:30:44.282 I/AppsFilter( 1971): interaction: PackageSetting{7855913 com.example.moonlight_spatialsdk/10176} -> PackageSetting{deb0663 com.valinor/10106} BLOCKED
12-06 14:30:44.282 I/AppsFilter( 1971): interaction: PackageSetting{7855913 com.example.moonlight_spatialsdk/10176} -> PackageSetting{b9132a6 com.meta.environment.prod.nuxd/10033} BLOCKED
12-06 14:30:44.282 I/AppsFilter( 1971): interaction: PackageSetting{7855913 com.example.moonlight_spatialsdk/10176} -> PackageSetting{ca554e7 com.oculus.helpcenter/10105} BLOCKED
12-06 14:30:44.282 I/AppsFilter( 1971): interaction: PackageSetting{7855913 com.example.moonlight_spatialsdk/10176} -> PackageSetting{3edb894 com.android.hotspot2.osulogin/10004} BLOCKED
12-06 14:30:44.282 I/AppsFilter( 1971): interaction: PackageSetting{7855913 com.example.moonlight_spatialsdk/10176} -> PackageSetting{ecdf3d com.camouflaj.manta/10022} BLOCKED
12-06 14:30:44.282 I/AppsFilter( 1971): interaction: PackageSetting{7855913 com.example.moonlight_spatialsdk/10176} -> PackageSetting{70dd332 com.oculus.quickpromotionservice/10082} BLOCKED
12-06 14:30:44.282 I/AppsFilter( 1971): interaction: PackageSetting{7855913 com.example.moonlight_spatialsdk/10176} -> PackageSetting{ca447b3 com.oculus.paracosmaavalanche/10164} BLOCKED
12-06 14:30:44.282 I/AppsFilter( 1971): interaction: PackageSetting{7855913 com.example.moonlight_spatialsdk/10176} -> PackageSetting{337ca00 com.facebook.arvr.quillplayer/10115} BLOCKED
12-06 14:30:44.282 I/AppsFilter( 1971): interaction: PackageSetting{7855913 com.example.moonlight_spatialsdk/10176} -> PackageSetting{a4d3239 com.LuckyVR.PokerStarsVR/10090} BLOCKED
12-06 14:30:44.282 I/AppsFilter( 1971): interaction: PackageSetting{7855913 com.example.moonlight_spatialsdk/10176} -> PackageSetting{941f07e com.meta.HyperscapeHmdCapture/10158} BLOCKED
12-06 14:30:44.283 I/AppsFilter( 1971): interaction: PackageSetting{7855913 com.example.moonlight_spatialsdk/10176} -> PackageSetting{7cdf9df com.android.captiveportallogin/10028} BLOCKED
12-06 14:30:44.283 I/AppsFilter( 1971): interaction: PackageSetting{7855913 com.example.moonlight_spatialsdk/10176} -> PackageSetting{64f862c com.oculus.panelapp.calendar/10086} BLOCKED
12-06 14:30:44.283 I/AppsFilter( 1971): interaction: PackageSetting{7855913 com.example.moonlight_spatialsdk/10176} -> PackageSetting{cc5b8f5 com.oculus.highwindservice/10141} BLOCKED
12-06 14:30:44.283 I/AppsFilter( 1971): interaction: PackageSetting{7855913 com.example.moonlight_spatialsdk/10176} -> PackageSetting{108968a com.AgainstGravity.RecRoom/10148} BLOCKED
12-06 14:30:44.283 I/AppsFilter( 1971): interaction: PackageSetting{7855913 com.example.moonlight_spatialsdk/10176} -> PackageSetting{8cbe995 com.meta.pclinkservice.server/10047} BLOCKED
12-06 14:30:44.283 I/AppsFilter( 1971): interaction: PackageSetting{7855913 com.example.moonlight_spatialsdk/10176} -> PackageSetting{244d918 com.meta.transport/10120} BLOCKED
12-06 14:30:44.283 I/AppsFilter( 1971): interaction: PackageSetting{7855913 com.example.moonlight_spatialsdk/10176} -> PackageSetting{205ef71 com.oculus.configuration/10055} BLOCKED
12-06 14:30:44.286 E/TrackedObjectManager( 2832): Failed to connect to TrackedObjectService with error Status(-129, EX_TRANSACTION_FAILED): 'DEAD_OBJECT: '
12-06 14:30:44.286 W/OSDynamicObjectDataQuerier( 2832): Attempted to start tracking objects when tracker was already started
12-06 14:30:44.286 E/TrackedObjectManager( 2832): Failed to connect to TrackedObjectService with error Status(-129, EX_TRANSACTION_FAILED): 'DEAD_OBJECT: '
12-06 14:30:44.286 E/TrackedObjectManager( 2832): Failed to start tracking keyboard object with error Status(-129, EX_TRANSACTION_FAILED): 'DEAD_OBJECT: '
12-06 14:30:44.286 I/OpenXR_Anchor( 3469): xrQuerySpacesFB: no split anchor query enabled
12-06 14:30:44.286 I/[CT]    ( 3469): SP:AF:InsightAnchorApi: QueryAnchorSpaces loadAndQueryAvailableAnchors flow. (task start) duration: 0.000000000 [sec], flags: 44, location: StorageLocation::LOCAL(1), method: 1, request: 2888, source: SourceType::LIVE_TRACKER(1)
12-06 14:30:44.286 I/[CT]    ( 3469): SP:AP:AnchorPersistenceRuntimeIpcClient: loadAvailableAnchors: maxAnchors: 500, filter: 0, queryMultipleRoomsEnabledByOpenXrVersion: true, source: 1, appId: com.oculus.vrshell
12-06 14:30:44.287 I/[CT]    ( 3469): RuntimeIpcHelper: RuntimeIpcClient::CALL_RPC isAsync: true, func: loadAvailableAnchors
12-06 14:30:44.287 I/[CT]    ( 4885): SP:AP:AnchorPersistenceRuntimeIpcServer: checkRPC start: sessionUuid:1e3ba3f0-dfb6-0aba-a69b-b18fb253c69c, clientId:2367474718, givenPackageName:com.oculus.vrshell
12-06 14:30:44.287 I/[CT]    ( 4885): SP:AP:AnchorPersistenceRuntimeIpcServer: checkPackageAccess - detectedPackageName:com.oculus.vrshell, detectedProcessName:com.oculus.vrshell, givenPackageName:com.oculus.vrshell
12-06 14:30:44.287 I/[CT]    ( 4885): SP:AP:AnchorPersistenceRuntimeIpcServer: checkRPC package name matches: sessionUuid:1e3ba3f0-dfb6-0aba-a69b-b18fb253c69c, clientId:2367474718, givenPackageName:com.oculus.vrshell, detectedPackageName:com.oculus.vrshell, detectedProcessName:com.oculus.vrshell
12-06 14:30:44.287 I/[CT]    ( 4885): SP:AP:AnchorPersistenceRuntimeIpcServer: queryAvailableAnchorsSMV2: clientId: 2367474718, maxAnchors: 500, filter: 0, queryMultipleRoomsEnabledByOpenXrVersion: true, source: 1, appId: com.oculus.vrshell
12-06 14:30:44.287 I/[CT]    ( 4885): SP:AP:AnchorPersistenceConfig: getSceneRuntimePermissionEnabled: USE_SCENE permission is enabled on this device
12-06 14:30:44.287 I/[CT]    ( 4885): SP:AP:AnchorPersistenceScenePermissions: hasClientGrantedScenePermission: USE_SCENE permission is enabled on this device, check client 2367474718, grant is true
12-06 14:30:44.287 I/[CT]    ( 4885): SP:AP:AnchorPersistenceConfig: getSceneRuntimePermissionEnabled: USE_SCENE permission is enabled on this device
12-06 14:30:44.288 I/[CT]    ( 4885): SP:SceneAnchorFilterUtil: filterSceneDataByPermission: com.oculus.vrshell permission check passed, keep scene data. anchors size: 0
12-06 14:30:44.288 I/[CT]    ( 3469): SP:AF:InsightAnchorApi: QueryAnchorSpaces (task finish) returnCode: AnchorResultCode::SUCCESS(0), numSpacesFound: 0, spacesFoundUuids: [], duration: 0.000000000 [sec], flags: 44, location: 1, method: 1, request: 2888
12-06 14:30:44.293 D/nativeloader(19532): Configuring clns-shared-8 for other apk /apex/com.meta.xr/priv-app/VrDriver/VrDriver.apk. target_sdk_version=24, uses_libraries=, library_path=/apex/com.meta.xr/priv-app/VrDriver/lib/arm64:/apex/com.meta.xr/priv-app/VrDriver/VrDriver.apk!/lib/arm64-v8a:/system/lib64:/system_ext/lib64:/apex/com.meta.xr/priv-app/VrDriver/VrDriver.apk!/lib/arm64-v8a, permitted_path=/data:/mnt/expand::/apex/com.meta.xr/priv-app/VrDriver:/system/lib64:/system_ext/lib64
12-06 14:30:44.293 D/nativeloader(19532): Extending system_exposed_libraries: libaudiotapper.oculus.so:libcalibrationmanager.oculus.so:libheadtracker.oculus.so:libinstsamp.oculus.so:libossdk.oculus.so:libparfait.oculus.so:libripcclient.oculus.so:libripcmanager.oculus.so:libsystemsensoraccess.oculus.so:libappsensoraccess.oculus.so:libOVRMrcLib.oculus.so:libxrstreaminghost.oculus.so:libhzos.meta.so:libhzos_featurejournal.meta.so:libhzos_gaze.meta.so:libhzos_orthofit.meta.so:libhzos_reportstatsevent.meta.so:libhzos_spaces.meta.so:libhzos_trackedinput.meta.so:libhzos_trackingclient.meta.so
12-06 14:30:44.293 I/AppsFilter( 1971): interaction: PackageSetting{7855913 com.example.moonlight_spatialsdk/10176} -> PackageSetting{9ff146a com.android.cts.priv.ctsshim/10005} BLOCKED
12-06 14:30:44.293 I/AppsFilter( 1971): interaction: PackageSetting{7855913 com.example.moonlight_spatialsdk/10176} -> PackageSetting{4d783b4 com.oculus.avatareditor/10085} BLOCKED
12-06 14:30:44.293 I/AppsFilter( 1971): interaction: PackageSetting{7855913 com.example.moonlight_spatialsdk/10176} -> PackageSetting{ed739f8 com.oculus.updater/10075} BLOCKED
12-06 14:30:44.293 I/AppsFilter( 1971): interaction: PackageSetting{7855913 com.example.moonlight_spatialsdk/10176} -> PackageSetting{e032f69 com.sulivan.voicechat/10167} BLOCKED
12-06 14:30:44.293 I/AppsFilter( 1971): interaction: PackageSetting{7855913 com.example.moonlight_spatialsdk/10176} -> PackageSetting{e82c878 com.Norainu.MetacityPatrol/10168} BLOCKED
12-06 14:30:44.293 I/AppsFilter( 1971): interaction: PackageSetting{7855913 com.example.moonlight_spatialsdk/10176} -> PackageSetting{1f20d36 com.oculus.magicislandcastingservice/10059} BLOCKED
12-06 14:30:44.293 I/AppsFilter( 1971): interaction: PackageSetting{7855913 com.example.moonlight_spatialsdk/10176} -> PackageSetting{1da4437 com.oculus.captionservice/10076} BLOCKED
12-06 14:30:44.293 I/AppsFilter( 1971): interaction: PackageSetting{7855913 com.example.moonlight_spatialsdk/10176} -> PackageSetting{c39270d com.meta.rl.trust.service/10080} BLOCKED
12-06 14:30:44.293 I/AppsFilter( 1971): interaction: PackageSetting{7855913 com.example.moonlight_spatialsdk/10176} -> PackageSetting{f49c6c2 com.ubisoft.StarTrekTNG/10156} BLOCKED
12-06 14:30:44.293 I/AppsFilter( 1971): interaction: PackageSetting{7855913 com.example.moonlight_spatialsdk/10176} -> PackageSetting{904ecd3 com.tripp.tripp_client_unity/10169} BLOCKED
12-06 14:30:44.293 I/AppsFilter( 1971): interaction: PackageSetting{7855913 com.example.moonlight_spatialsdk/10176} -> PackageSetting{b1c1bdd com.facebook.horizon/10118} BLOCKED
12-06 14:30:44.293 I/AppsFilter( 1971): interaction: PackageSetting{7855913 com.example.moonlight_spatialsdk/10176} -> PackageSetting{de2709 com.oculus.browser/10101} BLOCKED
12-06 14:30:44.293 I/AppsFilter( 1971): interaction: PackageSetting{7855913 com.example.moonlight_spatialsdk/10176} -> PackageSetting{8718d0e com.android.htmlviewer/10031} BLOCKED
12-06 14:30:44.293 I/AppsFilter( 1971): interaction: PackageSetting{7855913 com.example.moonlight_spatialsdk/10176} -> PackageSetting{827832f com.whatsapp/10114} BLOCKED
12-06 14:30:44.293 I/AppsFilter( 1971): interaction: PackageSetting{7855913 com.example.moonlight_spatialsdk/10176} -> PackageSetting{8255d3c com.oculus.cvp/10094} BLOCKED
12-06 14:30:44.293 I/AppsFilter( 1971): interaction: PackageSetting{7855913 com.example.moonlight_spatialsdk/10176} -> PackageSetting{2b92ac5 com.oculus.systemintelligence/10153} BLOCKED
12-06 14:30:44.293 I/AppsFilter( 1971): interaction: PackageSetting{7855913 com.example.moonlight_spatialsdk/10176} -> PackageSetting{d3d6c1a com.meta.curio.toybox/10117} BLOCKED
12-06 14:30:44.293 I/AppsFilter( 1971): interaction: PackageSetting{7855913 com.example.moonlight_spatialsdk/10176} -> PackageSetting{33234b com.meta.shell.env.vista.focused/10166} BLOCKED
12-06 14:30:44.294 I/AppsFilter( 1971): interaction: PackageSetting{7855913 com.example.moonlight_spatialsdk/10176} -> PackageSetting{1891128 com.meta.curio.ruler/10111} BLOCKED
12-06 14:30:44.294 I/AppsFilter( 1971): interaction: PackageSetting{7855913 com.example.moonlight_spatialsdk/10176} -> PackageSetting{786ae41 com.oculus.accountscenter/10107} BLOCKED
12-06 14:30:44.294 I/AppsFilter( 1971): interaction: PackageSetting{7855913 com.example.moonlight_spatialsdk/10176} -> PackageSetting{9ca1c4e com.oculus.identitymanagement.service/10063} BLOCKED
12-06 14:30:44.294 I/AppsFilter( 1971): interaction: PackageSetting{7855913 com.example.moonlight_spatialsdk/10176} -> PackageSetting{4b62fe6 com.TacticalNounours.QuantumVoid/10143} BLOCKED
12-06 14:30:44.294 I/AppsFilter( 1971): interaction: PackageSetting{7855913 com.example.moonlight_spatialsdk/10176} -> PackageSetting{60ea927 VirtualDesktop.Android/10161} BLOCKED
12-06 14:30:44.294 I/AppsFilter( 1971): interaction: PackageSetting{7855913 com.example.moonlight_spatialsdk/10176} -> PackageSetting{6f217d4 com.oculus.loneechoavalanche/10165} BLOCKED
12-06 14:30:44.294 I/AppsFilter( 1971): interaction: PackageSetting{7855913 com.example.moonlight_spatialsdk/10176} -> PackageSetting{a4eed7d com.oculus.settings.rro/10119} BLOCKED
12-06 14:30:44.294 I/AppsFilter( 1971): interaction: PackageSetting{7855913 com.example.moonlight_spatialsdk/10176} -> PackageSetting{ba56472 com.meta.AccountsCenter.pwa/10098} BLOCKED
12-06 14:30:44.294 I/AppsFilter( 1971): interaction: PackageSetting{7855913 com.example.moonlight_spatialsdk/10176} -> PackageSetting{5636352 com.oculus.facebook/10113} BLOCKED
12-06 14:30:44.294 I/AppsFilter( 1971): interaction: PackageSetting{7855913 com.example.moonlight_spatialsdk/10176} -> PackageSetting{d42dd40 com.meta.android.rro/10001} BLOCKED
12-06 14:30:44.294 I/AppsFilter( 1971): interaction: PackageSetting{7855913 com.example.moonlight_spatialsdk/10176} -> PackageSetting{461e479 com.oculus.integrity/10051} BLOCKED
12-06 14:30:44.294 I/AppsFilter( 1971): interaction: PackageSetting{7855913 com.example.moonlight_spatialsdk/10176} -> PackageSetting{fe155be com.android.connectivity.resources/10008} BLOCKED
12-06 14:30:44.294 I/AppsFilter( 1971): interaction: PackageSetting{7855913 com.example.moonlight_spatialsdk/10176} -> PackageSetting{a05961f com.android.modulemetadata/10040} BLOCKED
12-06 14:30:44.294 I/AppsFilter( 1971): interaction: PackageSetting{7855913 com.example.moonlight_spatialsdk/10176} -> PackageSetting{3188d6c com.twistedpixelgames.PILO/10175} BLOCKED
12-06 14:30:44.294 I/AppsFilter( 1971): interaction: PackageSetting{7855913 com.example.moonlight_spatialsdk/10176} -> PackageSetting{a134f35 al.quest.pickleball.forfunlabs/10172} BLOCKED
12-06 14:30:44.294 I/AppsFilter( 1971): interaction: PackageSetting{7855913 com.example.moonlight_spatialsdk/10176} -> PackageSetting{4590fca com.oculus.panelapp.kiosk/10038} BLOCKED
12-06 14:30:44.294 I/AppsFilter( 1971): interaction: PackageSetting{7855913 com.example.moonlight_spatialsdk/10176} -> PackageSetting{cf7753b com.oculus.panelapp.settings/10079} BLOCKED
12-06 14:30:44.294 I/AppsFilter( 1971): interaction: PackageSetting{7855913 com.example.moonlight_spatialsdk/10176} -> PackageSetting{7007623 com.oculus.systemutilities/10048} BLOCKED
12-06 14:30:44.294 I/AppsFilter( 1971): interaction: PackageSetting{7855913 com.example.moonlight_spatialsdk/10176} -> PackageSetting{736a9b1 com.CortopiaStudios.Graves/10145} BLOCKED
12-06 14:30:44.294 I/AppsFilter( 1971): interaction: PackageSetting{7855913 com.example.moonlight_spatialsdk/10176} -> PackageSetting{9e05e96 com.oculus.firsttimenux/10034} BLOCKED
12-06 14:30:44.294 I/AppsFilter( 1971): interaction: PackageSetting{7855913 com.example.moonlight_spatialsdk/10176} -> PackageSetting{f5e2a17 com.oculus.store/10088} BLOCKED
12-06 14:30:44.294 I/AppsFilter( 1971): interaction: PackageSetting{7855913 com.example.moonlight_spatialsdk/10176} -> PackageSetting{b51e04 com.meta.samples.NorthStar/10149} BLOCKED
12-06 14:30:44.294 I/AppsFilter( 1971): interaction: PackageSetting{7855913 com.example.moonlight_spatialsdk/10176} -> PackageSetting{75b2fed com.oculus.socialplatform/10103} BLOCKED
12-06 14:30:44.294 D/nativeloader(19532): InitApexLibraries:
12-06 14:30:44.294 D/nativeloader(19532):   com_android_adservices: libhpke_jni.so:libtflite_support_classifiers_native.so
12-06 14:30:44.294 D/nativeloader(19532):   com_android_appsearch: libicing.so
12-06 14:30:44.294 D/nativeloader(19532):   com_android_art: libartservice.so
12-06 14:30:44.294 D/nativeloader(19532):   com_android_btservices: libbluetooth_jni.so
12-06 14:30:44.294 D/nativeloader(19532):   com_android_conscrypt: libjavacrypto.so
12-06 14:30:44.294 D/nativeloader(19532):   com_android_extservices: libhpke_jni.so:libtflite_support_classifiers_native.so
12-06 14:30:44.294 D/nativeloader(19532):   com_android_os_statsd: libstats_jni.so
12-06 14:30:44.294 D/nativeloader(19532):   com_android_tethering: libcronet.114.0.5735.84.so:libframework-connectivity-jni.so:libframework-connectivity-tiramisu-jni.so:libandroid_net_connectivity_com_android_net_module_util_jni.so:libservice-connectivity.so
12-06 14:30:44.294 D/nativeloader(19532):   com_android_uwb: libuwb_uci_jni_rust.so
12-06 14:30:44.294 D/nativeloader(19532):   com_android_virt: libvirtualizationservice_jni.so:libvirtualmachine_jni.so
12-06 14:30:44.294 D/nativeloader(19532):   com_meta_xr: libmrservice_plugin.so
12-06 14:30:44.294 I/AppsFilter( 1971): interaction: PackageSetting{7855913 com.example.moonlight_spatialsdk/10176} -> PackageSetting{8bbce22 com.oculus.horizonmediaplayer/10108} BLOCKED
12-06 14:30:44.294 I/AppsFilter( 1971): interaction: PackageSetting{7855913 com.example.moonlight_spatialsdk/10176} -> PackageSetting{11150b3 com.android.webview/10042} BLOCKED
12-06 14:30:44.294 I/AppsFilter( 1971): interaction: PackageSetting{7855913 com.example.moonlight_spatialsdk/10176} -> PackageSetting{8681670 com.oculus.vrprivacycheckup/10110} BLOCKED
12-06 14:30:44.294 I/AppsFilter( 1971): interaction: PackageSetting{7855913 com.example.moonlight_spatialsdk/10176} -> PackageSetting{5c7dde9 com.meta.shell.env.vista.central/10160} BLOCKED
12-06 14:30:44.294 I/AppsFilter( 1971): interaction: PackageSetting{7855913 com.example.moonlight_spatialsdk/10176} -> PackageSetting{6ecaa6e com.oculus.panelapp.library/10049} BLOCKED
12-06 14:30:44.294 I/AppsFilter( 1971): interaction: PackageSetting{7855913 com.example.moonlight_spatialsdk/10176} -> PackageSetting{dc6450f horizon.platform.providers/10137} BLOCKED
12-06 14:30:44.294 I/AppsFilter( 1971): interaction: PackageSetting{7855913 com.example.moonlight_spatialsdk/10176} -> PackageSetting{f10299c com.oculus.systemresource/10097} BLOCKED
12-06 14:30:44.294 I/AppsFilter( 1971): interaction: PackageSetting{7855913 com.example.moonlight_spatialsdk/10176} -> PackageSetting{1376fa5 com.microsoft.rdc.androidx/10157} BLOCKED
12-06 14:30:44.294 I/AppsFilter( 1971): interaction: PackageSetting{7855913 com.example.moonlight_spatialsdk/10176} -> PackageSetting{73cff7a com.gameboomvr.CookingSimulatorVR/10152} BLOCKED
12-06 14:30:44.294 I/AppsFilter( 1971): interaction: PackageSetting{7855913 com.example.moonlight_spatialsdk/10176} -> PackageSetting{d2c232b com.oculus.guardiansetup/10142} BLOCKED
12-06 14:30:44.294 I/AppsFilter( 1971): interaction: PackageSetting{7855913 com.example.moonlight_spatialsdk/10176} -> PackageSetting{1432720 com.oculus.hzosgallery/10121} BLOCKED
12-06 14:30:44.294 I/AppsFilter( 1971): interaction: PackageSetting{7855913 com.example.moonlight_spatialsdk/10176} -> PackageSetting{f546121 horizon.platform.service/10140} BLOCKED
12-06 14:30:44.294 I/AppsFilter( 1971): interaction: PackageSetting{7855913 com.example.moonlight_spatialsdk/10176} -> PackageSetting{d0b9946 horizonos.theme.quest.rro/10037} BLOCKED
12-06 14:30:44.294 I/AppsFilter( 1971): interaction: PackageSetting{7855913 com.example.moonlight_spatialsdk/10176} -> PackageSetting{8c7c707 com.oculus.os.qrcodereader/10057} BLOCKED
12-06 14:30:44.294 I/AppsFilter( 1971): interaction: PackageSetting{7855913 com.example.moonlight_spatialsdk/10176} -> PackageSetting{2cecaf3 com.android.wifi.resources/10003} BLOCKED
12-06 14:30:44.294 I/AppsFilter( 1971): interaction: PackageSetting{7855913 com.example.moonlight_spatialsdk/10176} -> PackageSetting{21e1034 com.meta.mqdh.mqdhservice/10174} BLOCKED
12-06 14:30:44.294 I/AppsFilter( 1971): interaction: PackageSetting{7855913 com.example.moonlight_spatialsdk/10176} -> PackageSetting{bf4ee5d com.oculus.systemux/10066} BLOCKED
12-06 14:30:44.294 I/AppsFilter( 1971): interaction: PackageSetting{7855913 com.example.moonlight_spatialsdk/10176} -> PackageSetting{d803d2 com.meta.surfacetypingnux/10151} BLOCKED
12-06 14:30:44.294 I/AppsFilter( 1971): interaction: PackageSetting{7855913 com.example.moonlight_spatialsdk/10176} -> PackageSetting{38fcca3 com.oculus.oemconfig/10036} BLOCKED
12-06 14:30:44.294 I/AppsFilter( 1971): interaction: PackageSetting{7855913 com.example.moonlight_spatialsdk/10176} -> PackageSetting{da5fba0 com.meta.handseducationmodule/10104} BLOCKED
12-06 14:30:44.294 I/AppsFilter( 1971): interaction: PackageSetting{7855913 com.example.moonlight_spatialsdk/10176} -> PackageSetting{171359 com.oculus.remotedesktop/10109} BLOCKED
12-06 14:30:44.294 I/AppsFilter( 1971): interaction: PackageSetting{7855913 com.example.moonlight_spatialsdk/10176} -> PackageSetting{18e8b1e com.meta.federatedcomputing.oculus/10067} BLOCKED
12-06 14:30:44.294 I/AppsFilter( 1971): interaction: PackageSetting{7855913 com.example.moonlight_spatialsdk/10176} -> PackageSetting{f488fff com.oculus.q4bservice/10039} BLOCKED
12-06 14:30:44.294 I/AppsFilter( 1971): interaction: PackageSetting{7855913 com.example.moonlight_spatialsdk/10176} -> PackageSetting{bff31cc com.oculus.guidebook/10099} BLOCKED
12-06 14:30:44.294 I/AppsFilter( 1971): interaction: PackageSetting{7855913 com.example.moonlight_spatialsdk/10176} -> PackageSetting{c9c8c15 horizonos.supplement.metauniverse.libraryapk/10150} BLOCKED
12-06 14:30:44.294 I/AppsFilter( 1971): interaction: PackageSetting{7855913 com.example.moonlight_spatialsdk/10176} -> PackageSetting{e943b2a com.oculus.igvr/10116} BLOCKED
12-06 14:30:44.294 I/AppsFilter( 1971): interaction: PackageSetting{7855913 com.example.moonlight_spatialsdk/10176} -> PackageSetting{ba02d1b com.oculus.mrds/10087} BLOCKED
12-06 14:30:44.294 I/AppsFilter( 1971): interaction: PackageSetting{7855913 com.example.moonlight_spatialsdk/10176} -> PackageSetting{ed39eb8 com.AnotherAxiom.A2/10070} BLOCKED
12-06 14:30:44.294 I/AppsFilter( 1971): interaction: PackageSetting{7855913 com.example.moonlight_spatialsdk/10176} -> PackageSetting{30629e com.facebook.orca/10112} BLOCKED
12-06 14:30:44.295 I/AppsFilter( 1971): interaction: PackageSetting{7855913 com.example.moonlight_spatialsdk/10176} -> PackageSetting{692dff6 com.facebook.workrooms/10163} BLOCKED
12-06 14:30:44.295 I/AppsFilter( 1971): interaction: PackageSetting{7855913 com.example.moonlight_spatialsdk/10176} -> PackageSetting{b0a7ff7 quest.eleven.forfunlabs/10171} BLOCKED
12-06 14:30:44.295 I/AppsFilter( 1971): interaction: PackageSetting{7855913 com.example.moonlight_spatialsdk/10176} -> PackageSetting{67fee64 com.oculus.tv/10091} BLOCKED
12-06 14:30:44.295 I/AppsFilter( 1971): interaction: PackageSetting{7855913 com.example.moonlight_spatialsdk/10176} -> PackageSetting{47328cd com.oculus.panelapp.devicepairing/10138} BLOCKED
12-06 14:30:44.295 I/AppsFilter( 1971): interaction: PackageSetting{7855913 com.example.moonlight_spatialsdk/10176} -> PackageSetting{7050582 com.oculus.userserver2/10058} BLOCKED
12-06 14:30:44.295 I/AppsFilter( 1971): interaction: PackageSetting{7855913 com.example.moonlight_spatialsdk/10176} -> PackageSetting{95d2493 com.netflix.ninja.vr/10006} BLOCKED
12-06 14:30:44.295 I/AppsFilter( 1971): interaction: PackageSetting{7855913 com.example.moonlight_spatialsdk/10176} -> PackageSetting{6da517f com.meta.worlds/10139} BLOCKED
12-06 14:30:44.295 I/AppsFilter( 1971): interaction: PackageSetting{7855913 com.example.moonlight_spatialsdk/10176} -> PackageSetting{e1684c9 com.android.bookmarkprovider/10027} BLOCKED
12-06 14:30:44.295 I/AppsFilter( 1971): interaction: PackageSetting{7855913 com.example.moonlight_spatialsdk/10176} -> PackageSetting{881f7ce com.oculus.guardianresources/10030} BLOCKED
12-06 14:30:44.295 I/AppsFilter( 1971): interaction: PackageSetting{7855913 com.example.moonlight_spatialsdk/10176} -> PackageSetting{2b76ef com.oculus.guardian/10073} BLOCKED
12-06 14:30:44.295 I/AppsFilter( 1971): interaction: PackageSetting{7855913 com.example.moonlight_spatialsdk/10176} -> PackageSetting{c98a5fc com.oculus.explore/10096} BLOCKED
12-06 14:30:44.295 I/AppsFilter( 1971): interaction: PackageSetting{7855913 com.example.moonlight_spatialsdk/10176} -> PackageSetting{c79a485 com.meta.hpiassets/10155} BLOCKED
12-06 14:30:44.295 I/AppsFilter( 1971): interaction: PackageSetting{7855913 com.example.moonlight_spatialsdk/10176} -> PackageSetting{2405539 com.android.cts.ctsshim/10127} BLOCKED
12-06 14:30:44.295 I/AppsFilter( 1971): interaction: PackageSetting{7855913 com.example.moonlight_spatialsdk/10176} -> PackageSetting{3c9c2da com.oculus.q4b.mdm/10041} BLOCKED
12-06 14:30:44.295 I/AppsFilter( 1971): interaction: PackageSetting{7855913 com.example.moonlight_spatialsdk/10176} -> PackageSetting{4e2930b com.meta.shell.env.footprint.haven2025/10159} BLOCKED
12-06 14:30:44.295 I/AppsFilter( 1971): interaction: PackageSetting{7855913 com.example.moonlight_spatialsdk/10176} -> PackageSetting{2c825e8 Immersed.quest/10162} BLOCKED
12-06 14:30:44.295 I/AppsFilter( 1971): interaction: PackageSetting{7855913 com.example.moonlight_spatialsdk/10176} -> PackageSetting{4350401 com.oculus.permissioncontroller.rro/10000} BLOCKED
12-06 14:30:44.295 I/AppsFilter( 1971): interaction: PackageSetting{7855913 com.example.moonlight_spatialsdk/10176} -> PackageSetting{deb0663 com.valinor/10106} BLOCKED
12-06 14:30:44.295 I/AppsFilter( 1971): interaction: PackageSetting{7855913 com.example.moonlight_spatialsdk/10176} -> PackageSetting{b9132a6 com.meta.environment.prod.nuxd/10033} BLOCKED
12-06 14:30:44.295 I/AppsFilter( 1971): interaction: PackageSetting{7855913 com.example.moonlight_spatialsdk/10176} -> PackageSetting{ca554e7 com.oculus.helpcenter/10105} BLOCKED
12-06 14:30:44.295 I/AppsFilter( 1971): interaction: PackageSetting{7855913 com.example.moonlight_spatialsdk/10176} -> PackageSetting{3edb894 com.android.hotspot2.osulogin/10004} BLOCKED
12-06 14:30:44.295 I/AppsFilter( 1971): interaction: PackageSetting{7855913 com.example.moonlight_spatialsdk/10176} -> PackageSetting{ecdf3d com.camouflaj.manta/10022} BLOCKED
12-06 14:30:44.295 I/AppsFilter( 1971): interaction: PackageSetting{7855913 com.example.moonlight_spatialsdk/10176} -> PackageSetting{70dd332 com.oculus.quickpromotionservice/10082} BLOCKED
12-06 14:30:44.295 I/AppsFilter( 1971): interaction: PackageSetting{7855913 com.example.moonlight_spatialsdk/10176} -> PackageSetting{ca447b3 com.oculus.paracosmaavalanche/10164} BLOCKED
12-06 14:30:44.295 I/AppsFilter( 1971): interaction: PackageSetting{7855913 com.example.moonlight_spatialsdk/10176} -> PackageSetting{337ca00 com.facebook.arvr.quillplayer/10115} BLOCKED
12-06 14:30:44.295 I/AppsFilter( 1971): interaction: PackageSetting{7855913 com.example.moonlight_spatialsdk/10176} -> PackageSetting{a4d3239 com.LuckyVR.PokerStarsVR/10090} BLOCKED
