12-06 14:30:43.577 E/TrackedObjectManager( 2832): Failed to connect to TrackedObjectService with error Status(-129, EX_TRANSACTION_FAILED): 'DEAD_OBJECT: '
12-06 14:30:43.577 W/OSDynamicObjectDataQuerier( 2832): Attempted to start tracking objects when tracker was already started
12-06 14:30:43.577 E/TrackedObjectManager( 2832): Failed to connect to TrackedObjectService with error Status(-129, EX_TRANSACTION_FAILED): 'DEAD_OBJECT: '
12-06 14:30:43.577 E/TrackedObjectManager( 2832): Failed to start tracking keyboard object with error Status(-129, EX_TRANSACTION_FAILED): 'DEAD_OBJECT: '
12-06 14:30:43.591 E/TrackedObjectManager( 2832): Failed to connect to TrackedObjectService with error Status(-129, EX_TRANSACTION_FAILED): 'DEAD_OBJECT: '
12-06 14:30:43.591 W/OSDynamicObjectDataQuerier( 2832): Attempted to start tracking objects when tracker was already started
12-06 14:30:43.591 E/TrackedObjectManager( 2832): Failed to connect to TrackedObjectService with error Status(-129, EX_TRANSACTION_FAILED): 'DEAD_OBJECT: '
12-06 14:30:43.591 E/TrackedObjectManager( 2832): Failed to start tracking keyboard object with error Status(-129, EX_TRANSACTION_FAILED): 'DEAD_OBJECT: '
12-06 14:30:43.605 E/TrackedObjectManager( 2832): Failed to connect to TrackedObjectService with error Status(-129, EX_TRANSACTION_FAILED): 'DEAD_OBJECT: '
12-06 14:30:43.605 W/OSDynamicObjectDataQuerier( 2832): Attempted to start tracking objects when tracker was already started
12-06 14:30:43.605 E/TrackedObjectManager( 2832): Failed to connect to TrackedObjectService with error Status(-129, EX_TRANSACTION_FAILED): 'DEAD_OBJECT: '
12-06 14:30:43.605 E/TrackedObjectManager( 2832): Failed to start tracking keyboard object with error Status(-129, EX_TRANSACTION_FAILED): 'DEAD_OBJECT: '
12-06 14:30:43.611 I/Vsync   ( 2832): Vsync 7738:  2 x 13.89 ms (72.00 Hz, at 49360.254)
12-06 14:30:43.619 E/TrackedObjectManager( 2832): Failed to connect to TrackedObjectService with error Status(-129, EX_TRANSACTION_FAILED): 'DEAD_OBJECT: '
12-06 14:30:43.619 W/OSDynamicObjectDataQuerier( 2832): Attempted to start tracking objects when tracker was already started
12-06 14:30:43.619 E/TrackedObjectManager( 2832): Failed to connect to TrackedObjectService with error Status(-129, EX_TRANSACTION_FAILED): 'DEAD_OBJECT: '
12-06 14:30:43.619 E/TrackedObjectManager( 2832): Failed to start tracking keyboard object with error Status(-129, EX_TRANSACTION_FAILED): 'DEAD_OBJECT: '
12-06 14:30:43.633 E/TrackedObjectManager( 2832): Failed to connect to TrackedObjectService with error Status(-129, EX_TRANSACTION_FAILED): 'DEAD_OBJECT: '
12-06 14:30:43.633 W/OSDynamicObjectDataQuerier( 2832): Attempted to start tracking objects when tracker was already started
12-06 14:30:43.633 E/TrackedObjectManager( 2832): Failed to connect to TrackedObjectService with error Status(-129, EX_TRANSACTION_FAILED): 'DEAD_OBJECT: '
12-06 14:30:43.633 E/TrackedObjectManager( 2832): Failed to start tracking keyboard object with error Status(-129, EX_TRANSACTION_FAILED): 'DEAD_OBJECT: '
12-06 14:30:43.639 I/Vsync   ( 2832): Vsync 7740:  2 x 13.89 ms (72.00 Hz, at 49360.282)
12-06 14:30:43.647 E/TrackedObjectManager( 2832): Failed to connect to TrackedObjectService with error Status(-129, EX_TRANSACTION_FAILED): 'DEAD_OBJECT: '
12-06 14:30:43.647 W/OSDynamicObjectDataQuerier( 2832): Attempted to start tracking objects when tracker was already started
12-06 14:30:43.647 E/TrackedObjectManager( 2832): Failed to connect to TrackedObjectService with error Status(-129, EX_TRANSACTION_FAILED): 'DEAD_OBJECT: '
12-06 14:30:43.647 E/TrackedObjectManager( 2832): Failed to start tracking keyboard object with error Status(-129, EX_TRANSACTION_FAILED): 'DEAD_OBJECT: '
12-06 14:30:43.661 E/TrackedObjectManager( 2832): Failed to connect to TrackedObjectService with error Status(-129, EX_TRANSACTION_FAILED): 'DEAD_OBJECT: '
12-06 14:30:43.661 W/OSDynamicObjectDataQuerier( 2832): Attempted to start tracking objects when tracker was already started
12-06 14:30:43.661 E/TrackedObjectManager( 2832): Failed to connect to TrackedObjectService with error Status(-129, EX_TRANSACTION_FAILED): 'DEAD_OBJECT: '
12-06 14:30:43.661 E/TrackedObjectManager( 2832): Failed to start tracking keyboard object with error Status(-129, EX_TRANSACTION_FAILED): 'DEAD_OBJECT: '
12-06 14:30:43.673 I/Tracking(23452): CONSTELLATION:IMU_STATUS: 0x402c25cbf028a4e8 (R): [#Samples=2476] 5564.095s | [FusionTracked=1.000, OutputTracked=1.000, OutputValid=1.000] [AccelSat=0.000, GyroSat=0.000] [AccelMinMeanMax: X=-2.438|5.414|9.469, Y=-6.324|0.377|4.366, Z=-13.895|-6.805|-3.022] [GyroMinMeanMax: X=-3.432|-0.007|2.410, Y=-4.355|-0.083|2.929, Z=-1.242|-0.024|0.477] [AccelStuck: X=0|0.000, Y=0|0.000, Z=0|0.000] [GyroStuck: X=5|0.128, Y=2|-0.128, Z=3|-0.245]  [Current time=5564.095s, last log time=5559.095s]
12-06 14:30:43.675 E/TrackedObjectManager( 2832): Failed to connect to TrackedObjectService with error Status(-129, EX_TRANSACTION_FAILED): 'DEAD_OBJECT: '
12-06 14:30:43.675 W/OSDynamicObjectDataQuerier( 2832): Attempted to start tracking objects when tracker was already started
12-06 14:30:43.675 E/TrackedObjectManager( 2832): Failed to connect to TrackedObjectService with error Status(-129, EX_TRANSACTION_FAILED): 'DEAD_OBJECT: '
12-06 14:30:43.675 E/TrackedObjectManager( 2832): Failed to start tracking keyboard object with error Status(-129, EX_TRANSACTION_FAILED): 'DEAD_OBJECT: '
12-06 14:30:43.680 I/Vsync   ( 2832): Vsync 7743:  2 x 13.89 ms (72.00 Hz, at 49360.323)
12-06 14:30:43.688 E/TrackedObjectManager( 2832): Failed to connect to TrackedObjectService with error Status(-129, EX_TRANSACTION_FAILED): 'DEAD_OBJECT: '
12-06 14:30:43.688 W/OSDynamicObjectDataQuerier( 2832): Attempted to start tracking objects when tracker was already started
12-06 14:30:43.688 E/TrackedObjectManager( 2832): Failed to connect to TrackedObjectService with error Status(-129, EX_TRANSACTION_FAILED): 'DEAD_OBJECT: '
12-06 14:30:43.688 E/TrackedObjectManager( 2832): Failed to start tracking keyboard object with error Status(-129, EX_TRANSACTION_FAILED): 'DEAD_OBJECT: '
12-06 14:30:43.702 E/TrackedObjectManager( 2832): Failed to connect to TrackedObjectService with error Status(-129, EX_TRANSACTION_FAILED): 'DEAD_OBJECT: '
12-06 14:30:43.702 W/OSDynamicObjectDataQuerier( 2832): Attempted to start tracking objects when tracker was already started
12-06 14:30:43.702 E/TrackedObjectManager( 2832): Failed to connect to TrackedObjectService with error Status(-129, EX_TRANSACTION_FAILED): 'DEAD_OBJECT: '
12-06 14:30:43.702 E/TrackedObjectManager( 2832): Failed to start tracking keyboard object with error Status(-129, EX_TRANSACTION_FAILED): 'DEAD_OBJECT: '
12-06 14:30:43.716 E/TrackedObjectManager( 2832): Failed to connect to TrackedObjectService with error Status(-129, EX_TRANSACTION_FAILED): 'DEAD_OBJECT: '
12-06 14:30:43.716 W/OSDynamicObjectDataQuerier( 2832): Attempted to start tracking objects when tracker was already started
12-06 14:30:43.716 E/TrackedObjectManager( 2832): Failed to connect to TrackedObjectService with error Status(-129, EX_TRANSACTION_FAILED): 'DEAD_OBJECT: '
12-06 14:30:43.716 E/TrackedObjectManager( 2832): Failed to start tracking keyboard object with error Status(-129, EX_TRANSACTION_FAILED): 'DEAD_OBJECT: '
12-06 14:30:43.722 I/Vsync   ( 2832): Vsync 7746:  2 x 13.89 ms (72.00 Hz, at 49360.365)
12-06 14:30:43.730 E/TrackedObjectManager( 2832): Failed to connect to TrackedObjectService with error Status(-129, EX_TRANSACTION_FAILED): 'DEAD_OBJECT: '
12-06 14:30:43.730 W/OSDynamicObjectDataQuerier( 2832): Attempted to start tracking objects when tracker was already started
12-06 14:30:43.730 E/TrackedObjectManager( 2832): Failed to connect to TrackedObjectService with error Status(-129, EX_TRANSACTION_FAILED): 'DEAD_OBJECT: '
12-06 14:30:43.730 E/TrackedObjectManager( 2832): Failed to start tracking keyboard object with error Status(-129, EX_TRANSACTION_FAILED): 'DEAD_OBJECT: '
12-06 14:30:43.744 E/TrackedObjectManager( 2832): Failed to connect to TrackedObjectService with error Status(-129, EX_TRANSACTION_FAILED): 'DEAD_OBJECT: '
12-06 14:30:43.744 W/OSDynamicObjectDataQuerier( 2832): Attempted to start tracking objects when tracker was already started
12-06 14:30:43.744 E/TrackedObjectManager( 2832): Failed to connect to TrackedObjectService with error Status(-129, EX_TRANSACTION_FAILED): 'DEAD_OBJECT: '
12-06 14:30:43.744 E/TrackedObjectManager( 2832): Failed to start tracking keyboard object with error Status(-129, EX_TRANSACTION_FAILED): 'DEAD_OBJECT: '
12-06 14:30:43.750 I/Vsync   ( 2832): Vsync 7748:  2 x 13.89 ms (72.00 Hz, at 49360.393)
12-06 14:30:43.758 E/TrackedObjectManager( 2832): Failed to connect to TrackedObjectService with error Status(-129, EX_TRANSACTION_FAILED): 'DEAD_OBJECT: '
12-06 14:30:43.758 W/OSDynamicObjectDataQuerier( 2832): Attempted to start tracking objects when tracker was already started
12-06 14:30:43.758 E/TrackedObjectManager( 2832): Failed to connect to TrackedObjectService with error Status(-129, EX_TRANSACTION_FAILED): 'DEAD_OBJECT: '
12-06 14:30:43.758 E/TrackedObjectManager( 2832): Failed to start tracking keyboard object with error Status(-129, EX_TRANSACTION_FAILED): 'DEAD_OBJECT: '
12-06 14:30:43.764 I/DynamicObjectClient( 4885): Query Dynamic Object Tracker anchors
12-06 14:30:43.764 I/DynamicObjectClient( 4885): Object in query has empty predictions or tracking flags
12-06 14:30:43.772 E/TrackedObjectManager( 2832): Failed to connect to TrackedObjectService with error Status(-129, EX_TRANSACTION_FAILED): 'DEAD_OBJECT: '
12-06 14:30:43.772 W/OSDynamicObjectDataQuerier( 2832): Attempted to start tracking objects when tracker was already started
12-06 14:30:43.772 E/TrackedObjectManager( 2832): Failed to connect to TrackedObjectService with error Status(-129, EX_TRANSACTION_FAILED): 'DEAD_OBJECT: '
12-06 14:30:43.772 E/TrackedObjectManager( 2832): Failed to start tracking keyboard object with error Status(-129, EX_TRANSACTION_FAILED): 'DEAD_OBJECT: '
12-06 14:30:43.786 E/TrackedObjectManager( 2832): Failed to connect to TrackedObjectService with error Status(-129, EX_TRANSACTION_FAILED): 'DEAD_OBJECT: '
12-06 14:30:43.786 W/OSDynamicObjectDataQuerier( 2832): Attempted to start tracking objects when tracker was already started
12-06 14:30:43.786 E/TrackedObjectManager( 2832): Failed to connect to TrackedObjectService with error Status(-129, EX_TRANSACTION_FAILED): 'DEAD_OBJECT: '
12-06 14:30:43.786 E/TrackedObjectManager( 2832): Failed to start tracking keyboard object with error Status(-129, EX_TRANSACTION_FAILED): 'DEAD_OBJECT: '
12-06 14:30:43.800 E/TrackedObjectManager( 2832): Failed to connect to TrackedObjectService with error Status(-129, EX_TRANSACTION_FAILED): 'DEAD_OBJECT: '
12-06 14:30:43.800 W/OSDynamicObjectDataQuerier( 2832): Attempted to start tracking objects when tracker was already started
12-06 14:30:43.800 E/TrackedObjectManager( 2832): Failed to connect to TrackedObjectService with error Status(-129, EX_TRANSACTION_FAILED): 'DEAD_OBJECT: '
12-06 14:30:43.800 E/TrackedObjectManager( 2832): Failed to start tracking keyboard object with error Status(-129, EX_TRANSACTION_FAILED): 'DEAD_OBJECT: '
12-06 14:30:43.805 I/Vsync   ( 2832): Vsync 7752:  2 x 13.89 ms (72.00 Hz, at 49360.448)
12-06 14:30:43.813 E/TrackedObjectManager( 2832): Failed to connect to TrackedObjectService with error Status(-129, EX_TRANSACTION_FAILED): 'DEAD_OBJECT: '
12-06 14:30:43.813 W/OSDynamicObjectDataQuerier( 2832): Attempted to start tracking objects when tracker was already started
12-06 14:30:43.813 E/TrackedObjectManager( 2832): Failed to connect to TrackedObjectService with error Status(-129, EX_TRANSACTION_FAILED): 'DEAD_OBJECT: '
12-06 14:30:43.813 E/TrackedObjectManager( 2832): Failed to start tracking keyboard object with error Status(-129, EX_TRANSACTION_FAILED): 'DEAD_OBJECT: '
12-06 14:30:43.819 D/TrafficStats(19532): tagSocket(104) with statsTag=0xffffffff, statsUid=-1
12-06 14:30:43.827 E/TrackedObjectManager( 2832): Failed to connect to TrackedObjectService with error Status(-129, EX_TRANSACTION_FAILED): 'DEAD_OBJECT: '
12-06 14:30:43.827 W/OSDynamicObjectDataQuerier( 2832): Attempted to start tracking objects when tracker was already started
12-06 14:30:43.827 E/TrackedObjectManager( 2832): Failed to connect to TrackedObjectService with error Status(-129, EX_TRANSACTION_FAILED): 'DEAD_OBJECT: '
12-06 14:30:43.827 E/TrackedObjectManager( 2832): Failed to start tracking keyboard object with error Status(-129, EX_TRANSACTION_FAILED): 'DEAD_OBJECT: '
12-06 14:30:43.841 E/TrackedObjectManager( 2832): Failed to connect to TrackedObjectService with error Status(-129, EX_TRANSACTION_FAILED): 'DEAD_OBJECT: '
12-06 14:30:43.841 W/OSDynamicObjectDataQuerier( 2832): Attempted to start tracking objects when tracker was already started
12-06 14:30:43.841 E/TrackedObjectManager( 2832): Failed to connect to TrackedObjectService with error Status(-129, EX_TRANSACTION_FAILED): 'DEAD_OBJECT: '
12-06 14:30:43.841 E/TrackedObjectManager( 2832): Failed to start tracking keyboard object with error Status(-129, EX_TRANSACTION_FAILED): 'DEAD_OBJECT: '
12-06 14:30:43.847 I/Vsync   ( 2832): Vsync 7755:  2 x 13.89 ms (72.00 Hz, at 49360.490)
12-06 14:30:43.855 E/TrackedObjectManager( 2832): Failed to connect to TrackedObjectService with error Status(-129, EX_TRANSACTION_FAILED): 'DEAD_OBJECT: '
12-06 14:30:43.855 W/OSDynamicObjectDataQuerier( 2832): Attempted to start tracking objects when tracker was already started
12-06 14:30:43.855 E/TrackedObjectManager( 2832): Failed to connect to TrackedObjectService with error Status(-129, EX_TRANSACTION_FAILED): 'DEAD_OBJECT: '
12-06 14:30:43.855 E/TrackedObjectManager( 2832): Failed to start tracking keyboard object with error Status(-129, EX_TRANSACTION_FAILED): 'DEAD_OBJECT: '
12-06 14:30:43.855 I/GraphicsGovernor( 2832): Dynamic Foveation Lvl 3, Min Foveation Lvl 3, DynRes Enabled 1, DynRes Scaler 1.000000
12-06 14:30:43.860 D/TrafficStats(19532): tagSocket(104) with statsTag=0xffffffff, statsUid=-1
12-06 14:30:43.869 E/TrackedObjectManager( 2832): Failed to connect to TrackedObjectService with error Status(-129, EX_TRANSACTION_FAILED): 'DEAD_OBJECT: '
12-06 14:30:43.869 W/OSDynamicObjectDataQuerier( 2832): Attempted to start tracking objects when tracker was already started
12-06 14:30:43.869 E/TrackedObjectManager( 2832): Failed to connect to TrackedObjectService with error Status(-129, EX_TRANSACTION_FAILED): 'DEAD_OBJECT: '
12-06 14:30:43.869 E/TrackedObjectManager( 2832): Failed to start tracking keyboard object with error Status(-129, EX_TRANSACTION_FAILED): 'DEAD_OBJECT: '
12-06 14:30:43.883 E/TrackedObjectManager( 2832): Failed to connect to TrackedObjectService with error Status(-129, EX_TRANSACTION_FAILED): 'DEAD_OBJECT: '
12-06 14:30:43.883 W/OSDynamicObjectDataQuerier( 2832): Attempted to start tracking objects when tracker was already started
12-06 14:30:43.883 E/TrackedObjectManager( 2832): Failed to connect to TrackedObjectService with error Status(-129, EX_TRANSACTION_FAILED): 'DEAD_OBJECT: '
12-06 14:30:43.883 E/TrackedObjectManager( 2832): Failed to start tracking keyboard object with error Status(-129, EX_TRANSACTION_FAILED): 'DEAD_OBJECT: '
12-06 14:30:43.892 D/OnDemandManager( 1126): Report metadatas size: 1, Atom metadatas size: 0
12-06 14:30:43.892 D/OnDemandManager( 1126): Report metadatas size: 2, Atom metadatas size: 0
12-06 14:30:43.892 D/OnDemandManager( 1126): Report metadatas size: 3, Atom metadatas size: 0
12-06 14:30:43.892 D/OnDemandManager( 1126): Fetching on demand statsd reports for config id: 24 and campaign id -20
12-06 14:30:43.894 D/OnDemandManager( 1126): Fetching on demand statsd reports for config id: 13 and campaign id 510
12-06 14:30:43.896 D/OnDemandManager( 1126): Fetching on demand statsd reports for config id: 15 and campaign id 509
12-06 14:30:43.897 E/TrackedObjectManager( 2832): Failed to connect to TrackedObjectService with error Status(-129, EX_TRANSACTION_FAILED): 'DEAD_OBJECT: '
12-06 14:30:43.897 W/OSDynamicObjectDataQuerier( 2832): Attempted to start tracking objects when tracker was already started
12-06 14:30:43.897 E/TrackedObjectManager( 2832): Failed to connect to TrackedObjectService with error Status(-129, EX_TRANSACTION_FAILED): 'DEAD_OBJECT: '
12-06 14:30:43.897 E/TrackedObjectManager( 2832): Failed to start tracking keyboard object with error Status(-129, EX_TRANSACTION_FAILED): 'DEAD_OBJECT: '
12-06 14:30:43.899 D/OnDemandManager( 1126): On demand telemetry statsd fetched 3 statsd reports
12-06 14:30:43.899 D/OnDemandManager( 1126): On demand telemetry statsd fetched 0 samples
12-06 14:30:43.903 I/Vsync   ( 2832): Vsync 7759:  2 x 13.89 ms (72.00 Hz, at 49360.546)
12-06 14:30:43.911 E/TrackedObjectManager( 2832): Failed to connect to TrackedObjectService with error Status(-129, EX_TRANSACTION_FAILED): 'DEAD_OBJECT: '
12-06 14:30:43.911 W/OSDynamicObjectDataQuerier( 2832): Attempted to start tracking objects when tracker was already started
12-06 14:30:43.911 E/TrackedObjectManager( 2832): Failed to connect to TrackedObjectService with error Status(-129, EX_TRANSACTION_FAILED): 'DEAD_OBJECT: '
12-06 14:30:43.911 E/TrackedObjectManager( 2832): Failed to start tracking keyboard object with error Status(-129, EX_TRANSACTION_FAILED): 'DEAD_OBJECT: '
12-06 14:30:43.923 I/MoonlightConnectionMgr(19532): checkPairing result host=10.1.95.5 state=PAIRED
12-06 14:30:43.923 I/PancakeActivity(19532): onConnect clicked host=10.1.95.5 port=47989 appId=0
12-06 14:30:43.925 E/TrackedObjectManager( 2832): Failed to connect to TrackedObjectService with error Status(-129, EX_TRANSACTION_FAILED): 'DEAD_OBJECT: '
12-06 14:30:43.925 W/OSDynamicObjectDataQuerier( 2832): Attempted to start tracking objects when tracker was already started
12-06 14:30:43.925 E/TrackedObjectManager( 2832): Failed to connect to TrackedObjectService with error Status(-129, EX_TRANSACTION_FAILED): 'DEAD_OBJECT: '
12-06 14:30:43.925 E/TrackedObjectManager( 2832): Failed to start tracking keyboard object with error Status(-129, EX_TRANSACTION_FAILED): 'DEAD_OBJECT: '
12-06 14:30:43.929 I/memflow (13516): memflow: Event triggered: Ok(())
12-06 14:30:43.932 D/HzOS.BinderClient( 1971): Connected to PreferencesService
12-06 14:30:43.933 W/LaunchInterceptorUtil( 1971): Package metadata is empty: com.example.moonlight_spatialsdk
12-06 14:30:43.934 D/HzOS.BinderClient( 1971): Connected to PreferencesService
12-06 14:30:43.934 W/LaunchInterceptorUtil( 1971): Package metadata is empty: com.example.moonlight_spatialsdk
12-06 14:30:43.935 D/HzOS.BinderClient( 1971): Connected to PreferencesService
12-06 14:30:43.935 W/LaunchInterceptorUtil( 1971): Package metadata is empty: com.example.moonlight_spatialsdk
12-06 14:30:43.936 W/LaunchInterceptorUtil( 1971): Package metadata is empty: com.example.moonlight_spatialsdk
12-06 14:30:43.936 D/HzOS.BinderClient( 1971): Connected to PreferencesService
12-06 14:30:43.938 I/ActivityTaskManager( 1971): START u0 {act=android.intent.action.MAIN flg=0x10000000 cmp=com.example.moonlight_spatialsdk/.ImmersiveActivity (has extras)} with LAUNCH_SINGLE_TASK from uid 10176 (BAL_ALLOW_VISIBLE_WINDOW) result code=0
12-06 14:30:43.938 I/VrKeyguardViewMediator( 3282): handleSetOccluded, occluded: false, prevValue: false, mHiding: false
12-06 14:30:43.938 D/VrLockscreenHost( 3282): setOccluded: false, was: false, force: false, window: null
12-06 14:30:43.939 E/TrackedObjectManager( 2832): Failed to connect to TrackedObjectService with error Status(-129, EX_TRANSACTION_FAILED): 'DEAD_OBJECT: '
12-06 14:30:43.939 W/OSDynamicObjectDataQuerier( 2832): Attempted to start tracking objects when tracker was already started
12-06 14:30:43.939 E/TrackedObjectManager( 2832): Failed to connect to TrackedObjectService with error Status(-129, EX_TRANSACTION_FAILED): 'DEAD_OBJECT: '
12-06 14:30:43.939 E/TrackedObjectManager( 2832): Failed to start tracking keyboard object with error Status(-129, EX_TRANSACTION_FAILED): 'DEAD_OBJECT: '
12-06 14:30:43.941 D/[SEO] ShellSpatialWindowManagerService( 3469): Requesting placement of new volumetric window for ComponentInfo{com.example.moonlight_spatialsdk/com.example.moonlight_spatialsdk.ImmersiveActivity} from ActivityInfo{c3ad0a0 com.example.moonlight_spatialsdk.PancakeActivity} VolumetricWindowToken { scope = 2, token = android.os.BinderProxy@c5bc459, persistableToken = cecbb925-9f5b-48d3-a7c7-533907de8ef4 }
12-06 14:30:43.942 D/[SEO] ShellSpatialWindowManagerService( 3469): Setup Activity Launch Environment for com.example.moonlight_spatialsdk/com.example.moonlight_spatialsdk.ImmersiveActivity
12-06 14:30:43.943 D/[SEO] ShellSpatialWindowManagerService( 3469): Routing activity intent through Shell's launch checks
12-06 14:30:43.943 W/[SEO] IntentResolutionUtils( 3469): Could not find source panel panelId
12-06 14:30:43.943 D/[SEO] ShellControlBroadcastReceiver( 3469): onReceive: Intent{action=com.oculus.vrshell.intent.action.LAUNCH, data=com.example.moonlight_spatialsdk/com.example.moonlight_spatialsdk.ImmersiveActivity, type=null, categories=null, component=null, flags=0x10010000, extras={launch_source=com.example.moonlight_spatialsdk/com.example.moonlight_spatialsdk.PancakeActivity, activity_surface_width=500, requestingCrashRecovery=null, isHomeIntent=false, launchId=9ef6aa58-c5c7-4d29-b749-9d081052a81a, target=null, activity_intent=true, defaultLaunchReason=0, activity_surface_height=800, queryParametersUri=null}}
12-06 14:30:43.943 D/[SEO] ShellControlBroadcastReceiver( 3469): isLaunchAction = true, isTrustedAppLaunch = true
12-06 14:30:43.944 D/[SEO] ShellControlBroadcastReceiver( 3469): Transitioning broadcast to nativeBroadcastIntent.
12-06 14:30:43.944 W/[SEO] IntentParser( 3469): Got intent with null or empty value for key(s): requestingCrashRecovery target queryParametersUri 
12-06 14:30:43.944 D/[SEO] ShellService( 3469): onStartCommand() with action com.oculus.intent.action.BROADCAST_INTENT
12-06 14:30:43.944 W/[SEO] IntentParser( 3469): Got intent with null or empty value for key(s): requestingCrashRecovery target queryParametersUri 
12-06 14:30:43.947 I/[SEO] FrameCommandHelpers( 3469): Handling Pending Launch from Intent - target=com.example.moonlight_spatialsdk/com.example.moonlight_spatialsdk.ImmersiveActivity, launch source=com.oculus.vrshell.intent.action.LAUNCH
12-06 14:30:43.947 I/[SEO] PanelAppLaunchInfo( 3469): PanelAppLaunchInfo componentString:com.example.moonlight_spatialsdk/com.example.moonlight_spatialsdk.ImmersiveActivity packageName:com.example.moonlight_spatialsdk serviceName:com.example.moonlight_spatialsdk.ImmersiveActivity componentName:com.example.moonlight_spatialsdk/com.example.moonlight_spatialsdk.ImmersiveActivity
12-06 14:30:43.947 I/[SEO] HostPlatform( 3469): Retrieving component launch information for package (com.example.moonlight_spatialsdk) and service (com.example.moonlight_spatialsdk.ImmersiveActivity)
12-06 14:30:43.947 I/[SEO] PanelAppLaunchInfo( 3469): SetMultiLayer shouldAllowLayerSupport_ [0] name [] componentName [com.example.moonlight_spatialsdk/com.example.moonlight_spatialsdk.ImmersiveActivity]
12-06 14:30:43.947 I/[SEO] HostPlatform( 3469): Is PanelSDK component for package (com.example.moonlight_spatialsdk) and service (com.example.moonlight_spatialsdk.ImmersiveActivity) - false
12-06 14:30:43.948 D/CompatibilityChangeReporter( 1971): Compat change id reported: 161252188; UID 10176; state: DISABLED
12-06 14:30:43.948 I/MRSS    ( 1157): MIXEDREALITY: EnvironmentDepthMetacapability: processTelemetry client com.oculus.vrshell state true aggregated 0
12-06 14:30:43.949 I/[SEO] LaunchController( 3469): Registering Pending Launch of type External with component: com.example.moonlight_spatialsdk/com.example.moonlight_spatialsdk.ImmersiveActivity launchId: 9ef6aa58-c5c7-4d29-b749-9d081052a81a requested by com.oculus.vrshell.intent.action.LAUNCH, overwriting existing launch false, of type None.
12-06 14:30:43.952 E/TrackedObjectManager( 2832): Failed to connect to TrackedObjectService with error Status(-129, EX_TRANSACTION_FAILED): 'DEAD_OBJECT: '
12-06 14:30:43.952 W/OSDynamicObjectDataQuerier( 2832): Attempted to start tracking objects when tracker was already started
12-06 14:30:43.952 E/TrackedObjectManager( 2832): Failed to connect to TrackedObjectService with error Status(-129, EX_TRANSACTION_FAILED): 'DEAD_OBJECT: '
12-06 14:30:43.952 E/TrackedObjectManager( 2832): Failed to start tracking keyboard object with error Status(-129, EX_TRANSACTION_FAILED): 'DEAD_OBJECT: '
12-06 14:30:43.957 W/AppManagerInternal(27119): Entitlement for packageName=com.example.moonlight_spatialsdk not found, channels=[Store, Q4B, PcStore]
12-06 14:30:43.957 D/LibraryProvider(27119): queryApp(com.example.moonlight_spatialsdk) could not find entitlement
12-06 14:30:43.957 W/OVRLibrary( 3469): null cursor received for query content://com.oculus.ocms.library/apps/com.example.moonlight_spatialsdk
12-06 14:30:43.957 D/[SEO] HostPlatformPackages( 3469): app is null, packageName: com.example.moonlight_spatialsdk
12-06 14:30:43.959 I/[SEO] LaunchCheckController( 3469): GetAutomationForceLaunchCheckFlags: packageName=com.example.moonlight_spatialsdk, forcedLaunchCheckApp=
12-06 14:30:43.959 I/[SEO] LaunchCheckController( 3469): Building launch checks for component: com.example.moonlight_spatialsdk/com.example.moonlight_spatialsdk.ImmersiveActivity launchId: 9ef6aa58-c5c7-4d29-b749-9d081052a81a
12-06 14:30:43.959 I/[SEO] LaunchCheckController( 3469): GetAutomationForceLaunchCheckFlags: packageName=com.example.moonlight_spatialsdk, forcedLaunchCheckApp=
12-06 14:30:43.959 I/[SEO] LaunchCheckController( 3469): Finished building launch checks for component: com.example.moonlight_spatialsdk/com.example.moonlight_spatialsdk.ImmersiveActivity launchId: 9ef6aa58-c5c7-4d29-b749-9d081052a81a
12-06 14:30:43.960 I/[SEO] LaunchController( 3469): LaunchController::Launch pending type External, pending details component: com.example.moonlight_spatialsdk/com.example.moonlight_spatialsdk.ImmersiveActivity launchId: 9ef6aa58-c5c7-4d29-b749-9d081052a81a, launch type External, launch details component: com.example.moonlight_spatialsdk/com.example.moonlight_spatialsdk.ImmersiveActivity launchId: 9ef6aa58-c5c7-4d29-b749-9d081052a81a
12-06 14:30:43.960 I/[SEO] ApplicationLaunchData( 3469): UpdateShortcutCurrencyInLibrary aliasId is empty
12-06 14:30:43.960 I/[SEO] HostPlatform( 3469): LaunchExternalApplication
12-06 14:30:43.960 D/[UNSET] ShellApplication( 3469): sendLaunchIntent: 'com.example.moonlight_spatialsdk/com.example.moonlight_spatialsdk.ImmersiveActivity' command: '' launchId: '9ef6aa58-c5c7-4d29-b749-9d081052a81a'
12-06 14:30:43.960 D/[SEO] ShellSpatialWindowManagerService( 3469): Placing immersive activity into new volumetric window
12-06 14:30:43.961 D/[SEO] ShellSpatialWindowManagerService( 3469): placeImmersiveActivityIntoNewVolumetricWindow: shouldQuitCurrentApp=false
12-06 14:30:43.961 I/[SEO] DesktopPanelController( 3469): Animating desktop hide with reason system-initiated, source ExternalLaunch
12-06 14:30:43.961 I/[SEO] NonActivityVolumetricWindowHost( 3469): NonActivityVolumetricWindowHost 326 changing state from foreground to background
12-06 14:30:43.961 I/[SEO] SystemKeyboardController( 3469): DeferCloseKeyboard: isKeyboardActive true, panelHost false, VWHost true.
12-06 14:30:43.961 I/[SEO] NonActivityVolumetricWindowHost( 3469): NonActivityVolumetricWindowHost 326 is now backgrounded due to: egoCentricDesktopBackground
12-06 14:30:43.963 I/VolumetricWindowManagerServiceImpl( 1971): Handling SWMS response: launch into NEW_VOLUMETRIC_WINDOW VolumetricWindowPlacementResponse { volumetricToken = VolumetricWindowToken { scope = 1, token = horizonos.view.VolumetricWindowToken$InternalVolumetricToken@9ada077, persistableToken = 3ca8507b-ece7-45ac-a28f-0d373b9b457d }, relativeSpaceToken = SpaceToken { binderToken = android.os.BinderProxy@8194805, persistableToken = 00000000-0000-0000-0000-000000000000 }, pose = Pose { orientation = Vector4f { x = 0.0, y = 0.0, z = 0.0, w = 1.0 }, position = Vector3f { x = 0.0, y = 0.0, z = 0.0 } }, bounds = Extent3f { width = 0.15874992, height = 0.07937496, depth = 0.0 }, surfaceSize = 1000x500, densityDpi = 0, visible = true } for launch request [ActivityInfo{8443276 com.example.moonlight_spatialsdk.ImmersiveActivity}](vrdesktop seq: 1)
12-06 14:30:43.964 D/parfait:service( 1158): Received TRACE_START process_start:com.example.moonlight_spatialsdk request
12-06 14:30:43.964 D/parfait:tracing( 1158): Trigger scenario name: process_start:com.example.moonlight_spatialsdk
12-06 14:30:43.964 I/parfait:tracing( 1158): Trigger scenario process_start:com.example.moonlight_spatialsdk not found in config, ignoring.
12-06 14:30:43.964 D/parfait:logger( 1158): Dropping event /data/oculus/parfait/telemetry_logs/d732521e-a3e4-4ea3-644a-308f2a27ad47.log
12-06 14:30:43.964 I/VolumetricContainerPlacement( 1971): acquired ContainerPlacement{mId=0, mBounds=Rect(0, 0 - 8000, 8000)}
12-06 14:30:43.966 I/[SEO] LayerSwapChainResource( 3469): LayerSwapChainResource width(1000), height(500), swap chain length(3), mips(1)
12-06 14:30:43.966 E/TrackedObjectManager( 2832): Failed to connect to TrackedObjectService with error Status(-129, EX_TRANSACTION_FAILED): 'DEAD_OBJECT: '
12-06 14:30:43.966 I/Shell   ( 3469): OpenXRSystem::createSwapchain: 1412: texture, 1000x500, 1 view(s),  1 mip(s), 3 buffer(s)
12-06 14:30:43.966 W/OSDynamicObjectDataQuerier( 2832): Attempted to start tracking objects when tracker was already started
12-06 14:30:43.966 E/TrackedObjectManager( 2832): Failed to connect to TrackedObjectService with error Status(-129, EX_TRANSACTION_FAILED): 'DEAD_OBJECT: '
12-06 14:30:43.966 E/TrackedObjectManager( 2832): Failed to start tracking keyboard object with error Status(-129, EX_TRANSACTION_FAILED): 'DEAD_OBJECT: '
12-06 14:30:43.966 I/VrRuntimeService( 2832): CreateSwapChain: 523657589
12-06 14:30:43.967 I/VrRuntimeService( 2832): CreateSwapChain: api:vk 0 0x2b 1000 500 1 3 1 4 3
12-06 14:30:43.967 I/VD628x  (  884): Flicker results: freq 1558.610352, max 1558.648315, dcr 72.215080, pct 0.000146, idx 0.000156, conf 0.002992, snr -25.035107, svm 0.000275, sus 2
12-06 14:30:43.968 I/@@@     ( 2832): surface: SUCCESS posting result to queue
12-06 14:30:43.968 I/CompositorServer( 2832): CreateTextureSwapChain: result importswapchainfromdevice 1
12-06 14:30:43.968 I/SpaceManagerServiceImpl( 1971): addSpace done: userId = 0, spaceToken = SpaceToken { binderToken = horizonos.view.SpaceToken$InternalSpaceToken@8dbc4e4, persistableToken = a95cccb9-c94f-42ef-abc9-695bce0404ba }
12-06 14:30:43.970 I/DisplayDeviceRepository( 1971): Display device added: DisplayDeviceInfo{"MirrorRoot for 3ca8507b-ece7-45ac-a28f-0d373b9b457d": uniqueId="virtual:android,1000,MirrorRoot for 3ca8507b-ece7-45ac-a28f-0d373b9b457d,0", 1000 x 500, modeId 745, renderFrameRate 60.0, defaultModeId 745, supportedModes [{id=745, width=1000, height=500, fps=60.0, alternativeRefreshRates=[], supportedHdrTypes=[]}], colorMode 0, supportedColorModes [0], hdrCapabilities null, allmSupported false, gameContentTypeSupported false, density 200, 200.0 x 200.0 dpi, appVsyncOff 0, presDeadline 16666666, touch NONE, rotation 0, type VIRTUAL, deviceProductInfo null, state OFF, committedState UNKNOWN, owner android (uid 1000), frameRateOverride , brightnessMinimum 0.0, brightnessMaximum 0.0, brightnessDefault 0.0, hdrSdrRatio NaN, FLAG_SECURE, FLAG_SUPPORTS_PROTECTED_BUFFERS, FLAG_OWN_CONTENT_ONLY, FLAG_DESTROY_CONTENT_ON_REMOVAL, installOrientation 0, displayShape DisplayShape{ spec=-1856918115 displayWidth=1000 displayHeight=500 physicalPixelDisplaySizeRatio=1.0 rotation=0 offsetX=0 offsetY=0 scale=1.0}}
12-06 14:30:43.971 I/SwapChain_Vulkan_Memory_Export( 3469): Imported texture has requirements 3, ends up index 0
12-06 14:30:43.971 I/SwapChain_Vulkan_Memory_Export( 3469): Imported texture has requirements 3, ends up index 0
12-06 14:30:43.971 I/SwapChain_Vulkan_Memory_Export( 3469): Imported texture has requirements 3, ends up index 0
12-06 14:30:43.971 I/OpenXR_GPUMemTrace( 3469): Swapchain creation, id=1809, idx=0, width: 1000, height: 500, array size: 1, MemoryAllocationSize: 2061 KB
12-06 14:30:43.971 I/OpenXR_GPUMemTrace( 3469): Swapchain creation, id=1809, idx=1, width: 1000, height: 500, array size: 1, MemoryAllocationSize: 2061 KB
12-06 14:30:43.971 I/OpenXR_GPUMemTrace( 3469): Swapchain creation, id=1809, idx=2, width: 1000, height: 500, array size: 1, MemoryAllocationSize: 2061 KB
12-06 14:30:43.972 I/VrRuntimeClient( 3469): SetTextureSwapChainSamplerState: No change in sampler state.
12-06 14:30:43.972 I/Vsync   ( 2832): Vsync 7764:  2 x 13.89 ms (72.00 Hz, at 49360.615)
12-06 14:30:43.973 I/[SEO] SystemKeyboardController( 3469): Closing keyboard. hasTransitioningKeyboardActivation: 0, isExiting: 1
12-06 14:30:43.975 I/ImeTracker( 1971): com.example.moonlight_spatialsdk:4935737c: onRequestHide at ORIGIN_SERVER_HIDE_INPUT reason HIDE_SOFT_INPUT_FROM_IME
12-06 14:30:43.976 D/KeyboardInputMethodService( 3469): onWindowHidden
12-06 14:30:43.977 I/LogicalDisplayMapper( 1971): Applying layout: [{dispId: 0(ON), displayGroupName: , addr: {port=146, model=0x40446dbbd154e4}, mThermalBrightnessThrottlingMapId: null, mRefreshRateZoneId: null, mLeadDisplayId: -1, mThermalRefreshRateThrottlingMapId: null}], Previous layout: [{dispId: 0(ON), displayGroupName: , addr: {port=146, model=0x40446dbbd154e4}, mThermalBrightnessThrottlingMapId: null, mRefreshRateZoneId: null, mLeadDisplayId: -1, mThermalRefreshRateThrottlingMapId: null}]
12-06 14:30:43.977 I/LogicalDisplayMapper( 1971): Setting new display group 0 for display 526, from previous group: null
12-06 14:30:43.978 I/LogicalDisplayMapper( 1971): Adding new display: 526: DisplayInfo{"MirrorRoot for 3ca8507b-ece7-45ac-a28f-0d373b9b457d", displayId 526, displayGroupId 0, FLAG_SECURE, FLAG_SUPPORTS_PROTECTED_BUFFERS, real 1000 x 500, largest app 1000 x 500, smallest app 1000 x 500, appVsyncOff 0, presDeadline 16666666, mode 74560.0, defaultMode 745, modes [{id=745, width=1000, height=500, fps=60.0, alternativeRefreshRates=[], supportedHdrTypes=[]}], hdrCapabilities null, userDisabledHdrTypes [], minimalPostProcessingSupported false, rotation 0, state OFF, committedState UNKNOWN, type VIRTUAL, uniqueId "virtual:android,1000,MirrorRoot for 3ca8507b-ece7-45ac-a28f-0d373b9b457d,0", app 1000 x 500, density 200 (200.0 x 200.0) dpi, layerStack 526, colorMode 0, supportedColorModes [0], deviceProductInfo null, owner android (uid 1000), removeMode 1, refreshRateOverride 0.0, brightnessMinimum 0.0, brightnessMaximum 0.0, brightnessDefault 0.0, installOrientation ROTATION_0, layoutLimitedRefreshRate null, hdrSdrRatio not_available, thermalRefreshRateThrottling {}, thermalBrightnessThrottlingDataId default}
12-06 14:30:43.980 W/BrightnessThrottler( 1971): DeviceConfig ThermalBrightnessThrottlingData is null
12-06 14:30:43.980 W/DisplayPowerController2[526]( 1971): Screen brightness nits configuration is unavailable; falling back
12-06 14:30:43.980 E/TrackedObjectManager( 2832): Failed to connect to TrackedObjectService with error Status(-129, EX_TRANSACTION_FAILED): 'DEAD_OBJECT: '
12-06 14:30:43.980 W/OSDynamicObjectDataQuerier( 2832): Attempted to start tracking objects when tracker was already started
12-06 14:30:43.980 E/TrackedObjectManager( 2832): Failed to connect to TrackedObjectService with error Status(-129, EX_TRANSACTION_FAILED): 'DEAD_OBJECT: '
12-06 14:30:43.980 E/TrackedObjectManager( 2832): Failed to start tracking keyboard object with error Status(-129, EX_TRANSACTION_FAILED): 'DEAD_OBJECT: '
12-06 14:30:43.981 D/KeyboardDictationSubscription( 3469): Deactivated DictationPartialResponseMessage
12-06 14:30:43.982 I/[SEO] ShellApp( 3469): Closing system keyboard from IMS
12-06 14:30:43.982 I/[SEO] SystemKeyboardController( 3469): DeferCloseKeyboard: isKeyboardActive false, panelHost false, VWHost false.
12-06 14:30:43.984 D/KeyboardDictationSubscription( 3469): Deactivated DictationFinalResponseMessage
12-06 14:30:43.985 D/KeyboardDictationSubscription( 3469): Deactivated DictationMicVolumeMessage
12-06 14:30:43.985 D/KeyboardDictationSubscription( 3469): Deactivated DictationStateMessage
12-06 14:30:43.985 D/OCDictationClientBase( 3469): destroy
12-06 14:30:43.986 W/.oculus.vrshell( 3469): Binder 0x759b1713d0 destroyed after setInheritRt before being parceled.
12-06 14:30:43.994 E/TrackedObjectManager( 2832): Failed to connect to TrackedObjectService with error Status(-129, EX_TRANSACTION_FAILED): 'DEAD_OBJECT: '
12-06 14:30:43.994 W/OSDynamicObjectDataQuerier( 2832): Attempted to start tracking objects when tracker was already started
12-06 14:30:43.994 E/TrackedObjectManager( 2832): Failed to connect to TrackedObjectService with error Status(-129, EX_TRANSACTION_FAILED): 'DEAD_OBJECT: '
12-06 14:30:43.994 E/TrackedObjectManager( 2832): Failed to start tracking keyboard object with error Status(-129, EX_TRANSACTION_FAILED): 'DEAD_OBJECT: '
12-06 14:30:43.996 I/WindowManager( 1971): Override config changes=20005df8 {0.0 ?mcc0mnc ?localeList ?layoutDir sw400dp w800dp h400dp 200dpi nrml long land ?uimode ?night -touch -keyb/v/h -nav/h winConfig={ mBounds=Rect(0, 0 - 1000, 500) mAppBounds=Rect(0, 0 - 1000, 500) mMaxBounds=Rect(0, 0 - 1000, 500) mDisplayRotation=ROTATION_0 mWindowingMode=fullscreen mDisplayWindowingMode=fullscreen mActivityType=undefined mAlwaysOnTop=undefined mRotation=ROTATION_0} ?fontWeightAdjustment} for displayId=526
12-06 14:30:44.001 W/DisplayController( 7059): Skipping Display Configuration change on non-added display.
12-06 14:30:44.003 D/DisplayManagerService( 1971): Ignore redundant display event 526/2 to 10079/25425
12-06 14:30:44.005 D/DisplayManagerService( 1971): Ignore redundant display event 526/2 to 10049/32634
12-06 14:30:44.006 W/.oculus.vrshell( 3469): Binder 0x74fae54110 destroyed after setInheritRt before being parceled.
12-06 14:30:44.006 W/.oculus.vrshell( 3469): Binder 0x74fad0de08 destroyed after setInheritRt before being parceled.
12-06 14:30:44.006 W/.oculus.vrshell( 3469): Binder 0x74fae540b8 destroyed after setInheritRt before being parceled.
12-06 14:30:44.008 V/DisplayPowerController2[526]( 1971): Brightness [0.0] reason changing to: 'manual', previous reason: '0'.
12-06 14:30:44.008 I/DisplayPowerController2[526]( 1971): BrightnessEvent: disp=526, physDisp=virtual:android,1000,MirrorRoot for 3ca8507b-ece7-45ac-a28f-0d373b9b457d,0, brt=0.0, initBrt=NaN, rcmdBrt=NaN, preBrt=NaN, lux=0.0, preLux=0.0, hbmMax=1.0, hbmMode=off, rbcStrength=-1, thrmMax=1.0, powerFactor=1.0, wasShortTermModelActive=false, flags=, reason=manual, autoBrightness=false, strategy=InvalidBrightnessStrategy
12-06 14:30:44.009 E/TrackedObjectManager( 2832): Failed to connect to TrackedObjectService with error Status(-129, EX_TRANSACTION_FAILED): 'DEAD_OBJECT: '
12-06 14:30:44.009 W/OSDynamicObjectDataQuerier( 2832): Attempted to start tracking objects when tracker was already started
12-06 14:30:44.009 E/TrackedObjectManager( 2832): Failed to connect to TrackedObjectService with error Status(-129, EX_TRANSACTION_FAILED): 'DEAD_OBJECT: '
12-06 14:30:44.009 E/TrackedObjectManager( 2832): Failed to start tracking keyboard object with error Status(-129, EX_TRANSACTION_FAILED): 'DEAD_OBJECT: '
12-06 14:30:44.010 W/WindowOnBackDispatcher(19532): sendCancelIfRunning: isInProgress=falsecallback=ImeCallback=ImeOnBackInvokedCallback@253045315 Callback=android.window.IOnBackInvokedCallback$Stub$Proxy@80d9d79
12-06 14:30:44.011 I/VolumetricWindowManagerServiceImpl( 1971): addVolumetricWindow done: userId = 0, wct = bd6b078, vw type = 2, vw persistable token = 3ca8507b-ece7-45ac-a28f-0d373b9b457d, rootTaskId = 3
12-06 14:30:44.011 I/VolumetricWindowManagerServiceImpl( 1971): addTaskVolumetricWindowLocked: taskId = 3, VW = VolumetricWindowInfo { volumetricWindowToken = VolumetricWindowToken { scope = 1, token = horizonos.view.VolumetricWindowToken$InternalVolumetricToken@9ada077, persistableToken = 3ca8507b-ece7-45ac-a28f-0d373b9b457d }, type = 2, bounds = Extent3f { width = 0.15874992, height = 0.07937496, depth = 0.0 }, pose = Pose { orientation = Vector4f { x = 0.0, y = 0.0, z = 0.0, w = 1.0 }, position = Vector3f { x = 0.0, y = 0.0, z = 0.0 } }, windowSize2d = Extent2i { width = 1000, height = 500 }, densityDpi = 200, windowSpaceToken = SpaceToken { binderToken = horizonos.view.SpaceToken$InternalSpaceToken@8dbc4e4, persistableToken = a95cccb9-c94f-42ef-abc9-695bce0404ba }, visible = true, active = true, drawn = false, persistable = false, singlePassCompositionEnabled = false, depthTestEnabled = false, inView = false, windowFlags = 0, priorityHintInfo = PriorityHintInfo { windowPpd = 0.0, viewAngleSine = -1.0, visiblePercent = 1.0, distanceFromUser = 0.0, attentionZone = 0 }, taskInfo = null, presentation = VolumetricWindowPresentationInfo { controlBar = null }, layoutParams = null, children = [], shape = 1, cylinderInfo = null }, isSinglePassCompositionEnabled = false, isComponentBlocklisted = false, isComponentForcedToSPC = false
12-06 14:30:44.012 D/CoreBackPreview( 1971): Window{f04a1f0 u0 com.example.moonlight_spatialsdk/com.example.moonlight_spatialsdk.PancakeActivity}: Setting back callback OnBackInvokedCallbackInfo{mCallback=android.window.IOnBackInvokedCallback$Stub$Proxy@112ad7b, mPriority=0, mIsAnimationCallback=false}
12-06 14:30:44.013 I/VolumetricWindow( 1971): [setDrawn] VW=094271c4-f9f5-49ad-b4ab-78fc689ca1c8: isDrawn=false (isActive=true, isVisible=true)
12-06 14:30:44.019 V/WindowManager( 1971): Sent Transition #1553 createdAt=12-06 14:30:44.016
12-06 14:30:44.019 V/WindowManager( 1971):     startWCT=WindowContainerTransaction { changes = {RemoteToken{f6c9a21 ImePlaceholder:13:14@30990503}={}} hops = [] errorCallbackToken=null taskFragmentOrganizer=null }
12-06 14:30:44.019 V/WindowManager( 1971):     info={id=1553 t=TO_BACK f=0x0 trk=0 r=[] c=[]}
12-06 14:30:44.020 V/WindowManager( 1971): Finish Transition #1553: created at 12-06 14:30:44.016 collect-started=0.04ms started=0.082ms ready=0.173ms sent=2.38ms finished=2.979ms
12-06 14:30:44.022 E/TrackedObjectManager( 2832): Failed to connect to TrackedObjectService with error Status(-129, EX_TRANSACTION_FAILED): 'DEAD_OBJECT: '
12-06 14:30:44.022 W/OSDynamicObjectDataQuerier( 2832): Attempted to start tracking objects when tracker was already started
12-06 14:30:44.022 E/TrackedObjectManager( 2832): Failed to connect to TrackedObjectService with error Status(-129, EX_TRANSACTION_FAILED): 'DEAD_OBJECT: '
12-06 14:30:44.022 E/TrackedObjectManager( 2832): Failed to start tracking keyboard object with error Status(-129, EX_TRANSACTION_FAILED): 'DEAD_OBJECT: '
12-06 14:30:44.027 E/CellBroadcastUtils( 1971): getDefaultCellBroadcastReceiverPackageName: no package found
12-06 14:30:44.033 D/perfservice(  872): [POWERHINT] Received LAUNCH hint
12-06 14:30:44.034 E/perfservice(  872): End applying 'START_HINT' from hint 'LAUNCH' - Failed after 5 retries - Latency: 0.895ms
12-06 14:30:44.034 E/perfservice(  872):   >> Failed final validation: /sys/block/dm-0/queue/read_ahead_kb=512
12-06 14:30:44.034 E/perfservice(  872):   >> Failed final validation: /sys/block/dm-1/queue/read_ahead_kb=512
12-06 14:30:44.035 I/ActivityTaskManager( 1971): Add Task{a05871b #2668 type=standard A=10176:com.example.moonlight_spatialsdk} to hidden list because adding Task{3438544 #2669 type=standard A=10176:com.example.moonlight_spatialsdk}
12-06 14:30:44.036 E/TrackedObjectManager( 2832): Failed to connect to TrackedObjectService with error Status(-129, EX_TRANSACTION_FAILED): 'DEAD_OBJECT: '
12-06 14:30:44.036 W/OSDynamicObjectDataQuerier( 2832): Attempted to start tracking objects when tracker was already started
12-06 14:30:44.036 E/TrackedObjectManager( 2832): Failed to connect to TrackedObjectService with error Status(-129, EX_TRANSACTION_FAILED): 'DEAD_OBJECT: '
12-06 14:30:44.036 E/TrackedObjectManager( 2832): Failed to start tracking keyboard object with error Status(-129, EX_TRANSACTION_FAILED): 'DEAD_OBJECT: '
12-06 14:30:44.038 I/ActivityTaskManager( 1971): START u0 {act=android.intent.action.MAIN flg=0x10010100 cmp=com.example.moonlight_spatialsdk/.ImmersiveActivity (has extras)} with LAUNCH_SINGLE_TASK from uid 10176 (realCallingUid=1000) (BAL_ALLOW_VISIBLE_WINDOW) result code=0
12-06 14:30:44.041 I/VolumetricContentMonitor( 1971): Switching to immersive app. taskId: 3, ActivityInfo{5c0a762 com.example.moonlight_spatialsdk.ImmersiveActivity}
12-06 14:30:44.042 I/InterstitialController( 1971): onImmersiveActivityAppeared: uid: 10176, pid: 19532, state: 4, com.example.moonlight_spatialsdk, on task: WCT{RemoteToken{bd6b078 Task{403e4d4 #3 type=standard}}}, launchId: null
12-06 14:30:44.043 I/UiModeController( 1971): Switching from com.oculus.vrshell to com.example.moonlight_spatialsdk
12-06 14:30:44.048 V/WindowManager( 1971): Queueing transition: TransitionRecord{f2206c8 id=-1 type=SLEEP flags=0x0}
12-06 14:30:44.048 V/WindowManager( 1971): Content Recording: Display 526 state is now (1), so update recording?
12-06 14:30:44.050 E/TrackedObjectManager( 2832): Failed to connect to TrackedObjectService with error Status(-129, EX_TRANSACTION_FAILED): 'DEAD_OBJECT: '
12-06 14:30:44.050 W/OSDynamicObjectDataQuerier( 2832): Attempted to start tracking objects when tracker was already started
12-06 14:30:44.050 E/TrackedObjectManager( 2832): Failed to connect to TrackedObjectService with error Status(-129, EX_TRANSACTION_FAILED): 'DEAD_OBJECT: '
12-06 14:30:44.050 E/TrackedObjectManager( 2832): Failed to start tracking keyboard object with error Status(-129, EX_TRANSACTION_FAILED): 'DEAD_OBJECT: '
12-06 14:30:44.051 V/WorldManagerService( 1971): VW Content Listener: com.example.moonlight_spatialsdk -1
12-06 14:30:44.051 D/SpatialAudioService( 1971): Skipping processing for app: com.example.moonlight_spatialsdk (isNewApp: false, perAppEnabled: true, epsService: true)
12-06 14:30:44.051 W/TrustedCallerVerifier(27119): Could not verify trusted caller for uidPackageNames=[com.oculus.metacam] and uidSignature=android.content.pm.Signature@89661ab1
12-06 14:30:44.056 W/AppManagerInternal(27119): Entitlement for packageName=com.example.moonlight_spatialsdk not found, channels=[Store, Q4B, PcStore]
12-06 14:30:44.056 D/LibraryProvider(27119): queryApp(com.example.moonlight_spatialsdk) could not find entitlement
12-06 14:30:44.056 W/OVRLibrary(30825): null cursor received for query content://com.oculus.ocms.library/apps/com.example.moonlight_spatialsdk
12-06 14:30:44.056 E/CoresdkAnalyticsEvent(30825): could not set key=session_id value=null
12-06 14:30:44.063 I/BpBinder( 2392): onLastStrongRef automatically unlinking death recipients: 
12-06 14:30:44.063 D/VrosSpatialAudio(19532): Immersive activity detected, skip VrosSpatialAudio init
12-06 14:30:44.064 E/TrackedObjectManager( 2832): Failed to connect to TrackedObjectService with error Status(-129, EX_TRANSACTION_FAILED): 'DEAD_OBJECT: '
12-06 14:30:44.064 W/OSDynamicObjectDataQuerier( 2832): Attempted to start tracking objects when tracker was already started
12-06 14:30:44.064 E/TrackedObjectManager( 2832): Failed to connect to TrackedObjectService with error Status(-129, EX_TRANSACTION_FAILED): 'DEAD_OBJECT: '
12-06 14:30:44.064 E/TrackedObjectManager( 2832): Failed to start tracking keyboard object with error Status(-129, EX_TRANSACTION_FAILED): 'DEAD_OBJECT: '
12-06 14:30:44.065 I/VrActivity[j](19532): VrActivity::onCreate com.example.moonlight_spatialsdk.ImmersiveActivity@6dd663b false
12-06 14:30:44.071 I/HorizonDsatHelper( 3960): fetchTokenValueAsync - callingPackage: com.oculus.horizon, actionName: com.oculus.auth.ACTION_FETCH_HORIZON_DEVICE_SCOPED_CREDENTIALS
12-06 14:30:44.071 I/HorizonDsatHelper( 3960): fetchTokenAsync - forceRefresh: false, actionName: com.oculus.auth.ACTION_FETCH_HORIZON_DEVICE_SCOPED_CREDENTIALS
12-06 14:30:44.071 I/HorizonDsatHelper( 3960): Returning stored token
12-06 14:30:44.071 I/AuthLogger( 3960): Action succeeded: OBTAIN_TOKEN, callingPackage: com.oculus.horizon, accountType: com.oculus, tokenType: dsat, extras: {logging_source=HorizonDsatHelper, options={"forceRefresh":false,"method":"fetchTokenValueAsync","isCachedToken":true}, token_scope=ROOT, outcome=token, status=success}, duration: 0ms
12-06 14:30:44.072 I/HorizonDsatHelper( 3960): fetchTokenAsync:: OnResult - callingPackage: com.oculus.horizon, actionName: com.oculus.auth.ACTION_FETCH_HORIZON_DEVICE_SCOPED_CREDENTIALS, forceRefresh: false, isResultPresent: true
12-06 14:30:44.077 E/TrackedObjectManager( 2832): Failed to connect to TrackedObjectService with error Status(-129, EX_TRANSACTION_FAILED): 'DEAD_OBJECT: '
12-06 14:30:44.077 W/OSDynamicObjectDataQuerier( 2832): Attempted to start tracking objects when tracker was already started
12-06 14:30:44.077 E/TrackedObjectManager( 2832): Failed to connect to TrackedObjectService with error Status(-129, EX_TRANSACTION_FAILED): 'DEAD_OBJECT: '
12-06 14:30:44.077 E/TrackedObjectManager( 2832): Failed to start tracking keyboard object with error Status(-129, EX_TRANSACTION_FAILED): 'DEAD_OBJECT: '
12-06 14:30:44.091 E/TrackedObjectManager( 2832): Failed to connect to TrackedObjectService with error Status(-129, EX_TRANSACTION_FAILED): 'DEAD_OBJECT: '
12-06 14:30:44.091 W/OSDynamicObjectDataQuerier( 2832): Attempted to start tracking objects when tracker was already started
12-06 14:30:44.091 E/TrackedObjectManager( 2832): Failed to connect to TrackedObjectService with error Status(-129, EX_TRANSACTION_FAILED): 'DEAD_OBJECT: '
12-06 14:30:44.091 E/TrackedObjectManager( 2832): Failed to start tracking keyboard object with error Status(-129, EX_TRANSACTION_FAILED): 'DEAD_OBJECT: '
12-06 14:30:44.105 E/TrackedObjectManager( 2832): Failed to connect to TrackedObjectService with error Status(-129, EX_TRANSACTION_FAILED): 'DEAD_OBJECT: '
