--------- beginning of tracking
12-07 13:40:14.188 W/SyncBossFW(  879): 79863272 [warning] {BSP }: Mag interrupt pin LOW in drdy handler
--------- beginning of system
12-07 13:40:14.513 E/TaskPersister( 1971): File error accessing recents directory (directory doesn't exist?).
12-07 13:40:14.521 D/TrackingService( 9368): 402c25cbf028a4e8: isControllerInHand(132733.20s): 1 ctEnabled: 0 btnPress(132733.20s): 1 *btnOrTpdTouch: 0 *btnOrTpdProx(132733.20s): 1 thbstkOffCenter: 1 
12-07 13:40:14.521 D/TrackingService( 9368): [HANDTRACKING] Controller 402c25cbf028a4e8 in hand: Y, valid: Y
12-07 13:40:14.521 D/ControllerManagement( 9339): RemoteService::recordControllerStatusUpdate: device 402c25cbf028a4e8: status: CONNECTED_ACTIVE tracking: NONE, errors: --
12-07 13:40:14.537 I/TrackingFidelityService( 9367): Received hand/controller update: hand_tracking_enabled
12-07 13:40:14.539 I/TrackingFidelityService( 9367): checkMultimodalFeature: Attempt made to enable multimodal hands+controllers when not supported by app
12-07 13:40:14.540 W/TrackingFidelityService( 9367): Fidelity data undefined in catalog for enabling feature like controller_selftracked. 98 similar misses.
12-07 13:40:14.540 I/TrackingFidelityService( 9367): Request(s)={constellation:5,controller_selftracked:5,hands:0,environment_lighting:0,keyboard:0,scene_reconstruction:0,}, Mux mode idx=1, name=lowLightController, score=-1960
12-07 13:40:14.540 I/TrackingFidelityService( 9367): beginTransition[worldTracking]: lowLightHands(8)->lowLightController(1)
12-07 13:40:14.540 I/TrackingFidelityService( 9367): _applyMuxModeLockedInternal: Applying camera mux mode lowLightController via requestFeaturesWithFidelitiesLocked
12-07 13:40:14.540 I/SensorService( 9363): [worldTracking] Setting camera mux mode to 1
12-07 13:40:14.540 I/SensorService( 9363): updating CameraStream mux states
12-07 13:40:14.541 I/SensorDataTransforms( 9368): [ExpCtl:exposure_control_worldTracking] Staging mux mode updates for {worldTracking: ind-1, seqId-114},
12-07 13:40:14.541 I/SensorDataTransforms( 1157): [MrStreamControl:mr_monochrome] Staging mux mode updates for {worldTracking: ind-1, seqId-114},
12-07 13:40:14.541 I/SensorDataTransforms( 1157): [MrStreamControl:mr_monochrome] Signaling start of the mode transition
12-07 13:40:14.541 I/SensorDataTransforms( 1157): [MrStreamControl:mr_monochrome] Mux mode updates successfully staged
12-07 13:40:14.541 I/SensorDataTransforms( 9368): [object:object] Staging mux mode updates for {worldTracking: ind-1, seqId-114},
12-07 13:40:14.541 I/SensorDataTransforms( 9368): [object:object] Mux mode updates successfully staged
12-07 13:40:14.541 D/TrackingService( 9368): [object:object]Queue mux mode update notification: lowLightController
12-07 13:40:14.541 I/SensorDataTransforms( 9368): [hand:hand] Staging mux mode updates for {worldTracking: ind-1, seqId-114},
12-07 13:40:14.541 I/SensorDataTransforms( 9368): [hand:hand] Signaling start of the mode transition
12-07 13:40:14.541 I/TrackingService( 9368): [hand:hand] Start configuration update starting
12-07 13:40:14.541 I/TrackingService( 9368): [hand:hand] Start configuration update done
12-07 13:40:14.541 I/SensorDataTransforms( 9368): [hand:hand] Mux mode updates successfully staged
12-07 13:40:14.541 D/TrackingService( 9368): [hand:hand]Queue mux mode update notification: lowLightController
12-07 13:40:14.541 I/SensorDataTransforms( 9368): [constellation:ambient_controller] Staging mux mode updates for {worldTracking: ind-1, seqId-114},
12-07 13:40:14.542 I/SensorDataTransforms( 9368): [constellation:ambient_controller] Mux mode updates successfully staged
12-07 13:40:14.542 D/TrackingService( 9368): [constellation:ambient_controller]Queue mux mode update notification: lowLightController
12-07 13:40:14.542 D/TrackingService( 9368): [object]start onMuxStateUpdate. ModeId: lowLightHands -> lowLightController
12-07 13:40:14.542 D/TrackingService( 9368): [object][object]handleMuxModeNotification started for muxMode[worldTracking: lowLightController]
12-07 13:40:14.542 D/TrackingService( 9368): [object][object]handleMuxModeNotification finished for muxMode[worldTracking: lowLightController]
12-07 13:40:14.542 D/TrackingService( 9368): [object]end onMuxStateUpdate. ModeId: lowLightHands -> lowLightController
12-07 13:40:14.542 I/TrackingService( 9368): [                   object:object] Mux Mode Transition from sensor service: lowLightHands -> lowLightController transition time: 0 ms
12-07 13:40:14.542 I/SensorDataTransforms( 9368): [constellation:constellation] Staging mux mode updates for {worldTracking: ind-1, seqId-114},
12-07 13:40:14.542 D/TrackingService( 9368): [hand]start onMuxStateUpdate. ModeId: lowLightHands -> lowLightController
12-07 13:40:14.542 I/SensorDataTransforms( 9368): [constellation:constellation] Mux mode updates successfully staged
12-07 13:40:14.542 D/TrackingService( 9368): [HANDTRACKINGGLUE] handleMuxModeNotification
12-07 13:40:14.542 D/TrackingService( 9368): [constellation:constellation]Queue mux mode update notification: lowLightController
12-07 13:40:14.542 D/TrackingService( 9368): [HANDTRACKINGGLUE] handleStateChange muxMode=lowLightController
12-07 13:40:14.541 I/SensorDataTransforms( 9368): [ExpCtl:exposure_control_worldTracking] Signaling start of the mode transition
12-07 13:40:14.542 I/SensorDataTransforms( 9368): [ExpCtl:exposure_control_worldTracking] Mux mode updates successfully staged
12-07 13:40:14.542 D/TrackingService( 9368): [ambient_controller]start onMuxStateUpdate. ModeId: lowLightHands -> lowLightController
12-07 13:40:14.542 D/TrackingService( 9368): [constellation][ambient_controller]handleMuxModeNotification started for muxMode[worldTracking: lowLightController]
12-07 13:40:14.542 D/CameraStream( 9363): [hand] Client [Hand(9368)] attempting stop
12-07 13:40:14.542 I/FrameSetDispatcher( 9363): [{WT:RAW10}] Client pid=9368 (Hand): Client thread stopping
12-07 13:40:14.542 D/CameraStream( 9363): [constellation] Client [Cnst(9368)] attempting start
12-07 13:40:14.543 I/SensorService( 9363): ending update to CameraStream mux states
12-07 13:40:14.543 I/FrameSetCollator( 9363): [{WT(0,1):RAW10}] Updated frame set period to 16666000, with all camera system activeSlots [[T,T,T,F,]]
12-07 13:40:14.543 I/FrameSetCollator( 9363): [{WT:RAW10}] Updated frame set period to 16666000, with all camera system activeSlots [[T,T,T,F,]]
12-07 13:40:14.543 I/FrameSetDispatcher( 9363): [{WT(0,1):RAW10}] Client pid=1157 (MrSSCamS): [worldTracking] Updated CameraMuxMode: 1, Slots: 
12-07 13:40:14.543 I/FrameSetDispatcher( 9363): [{WT(0,1):RAW10}] Client pid=1157 (MrSSCamS): [worldTracking] Updated CameraMuxMode: 1, Slots: SLOT_0 SLOT_2 
12-07 13:40:14.543 I/FrameSetDispatcher( 9363): [{WT(0,1):RAW10}] Latest MuxModeSettings: 1
12-07 13:40:14.543 I/FrameSetDispatcher( 9363): [{WT(0,1):RAW10}] purpose: ambient_controller, slots: SLOT_0 SLOT_2 
12-07 13:40:14.543 I/FrameSetDispatcher( 9363): [{WT(0,1):RAW10}] purpose: constellation, slots: SLOT_1 
12-07 13:40:14.543 I/FrameSetDispatcher( 9363): [{WT(0,1):RAW10}] purpose: exposure_control_worldTracking, slots: SLOT_0 SLOT_1 SLOT_2 
12-07 13:40:14.543 I/FrameSetDispatcher( 9363): [{WT(0,1):RAW10}] purpose: iobt, slots: SLOT_0 SLOT_2 
12-07 13:40:14.543 I/FrameSetDispatcher( 9363): [{WT(0,1):RAW10}] purpose: mr_monochrome, slots: SLOT_0 SLOT_2 
12-07 13:40:14.543 I/SensorDataTransforms( 9368): [iot:iot] Staging mux mode updates for {worldTracking: ind-1, seqId-114},
12-07 13:40:14.543 I/SensorDataTransforms( 9368): [iot:iot] Signaling start of the mode transition
12-07 13:40:14.543 I/TrackingService( 9368): [iot:iot] Start configuration update starting
12-07 13:40:14.543 I/TrackingService( 9368): [iot:iot] Start configuration update done
12-07 13:40:14.543 I/SensorDataTransforms( 9368): [iot:iot] Mux mode updates successfully staged
12-07 13:40:14.543 D/TrackingService( 9368): [iot:iot]Queue mux mode update notification: lowLightController
12-07 13:40:14.543 I/SensorDataTransforms( 1157): [MrStreamControl:projector_assisted_depth] Staging mux mode updates for {worldTracking: ind-1, seqId-114},
12-07 13:40:14.543 I/SensorDataTransforms( 1157): [MrStreamControl:projector_assisted_depth] Mux mode updates successfully staged
12-07 13:40:14.543 D/TrackingService( 9368): [iot]start onMuxStateUpdate. ModeId: lowLightHands -> lowLightController
12-07 13:40:14.543 D/TrackingService( 9368): [iot][iot]handleMuxModeNotification started for muxMode[worldTracking: lowLightController]
12-07 13:40:14.543 D/TrackingService( 9368): [iot][iot]handleMuxModeNotification finished for muxMode[worldTracking: lowLightController]
12-07 13:40:14.543 D/TrackingService( 9368): [iot]end onMuxStateUpdate. ModeId: lowLightHands -> lowLightController
12-07 13:40:14.543 I/TrackingService( 9368): [                         iot:iot] Mux Mode Transition from sensor service: lowLightHands -> lowLightController transition time: 0 ms
12-07 13:40:14.543 I/SensorDataTransforms( 9368): [iobt:iobt] Staging mux mode updates for {worldTracking: ind-1, seqId-114},
12-07 13:40:14.543 I/SensorDataTransforms( 9368): [iobt:iobt] Mux mode updates successfully staged
12-07 13:40:14.543 D/TrackingService( 9368): [iobt:iobt]Queue mux mode update notification: lowLightController
12-07 13:40:14.543 D/TrackingService( 9368): [iobt]start onMuxStateUpdate. ModeId: lowLightHands -> lowLightController
12-07 13:40:14.543 D/TrackingService( 9368): [iobt][iobt]handleMuxModeNotification started for muxMode[worldTracking: lowLightController]
12-07 13:40:14.543 D/TrackingService( 9368): [iobt][iobt]handleMuxModeNotification finished for muxMode[worldTracking: lowLightController]
12-07 13:40:14.543 D/TrackingService( 9368): [iobt]end onMuxStateUpdate. ModeId: lowLightHands -> lowLightController
12-07 13:40:14.543 I/TrackingService( 9368): [                       iobt:iobt] Mux Mode Transition from sensor service: lowLightHands -> lowLightController transition time: 0 ms
12-07 13:40:14.543 I/FrameSetDispatcher( 9363): [{WT(0,1):RAW10}] purpose: object, slots: 
12-07 13:40:14.543 I/FrameSetDispatcher( 9363): [{WT(0,1):RAW10}] purpose: active_slots, slots: SLOT_0 SLOT_1 SLOT_2 
12-07 13:40:14.543 I/FrameSetDispatcher( 9363): [{WT(0,1):RAW10}] purpose: hand, slots: 
12-07 13:40:14.543 I/FrameSetDispatcher( 9363): [{WT(0,1):RAW10}] purpose: iot, slots: SLOT_0 SLOT_2 
12-07 13:40:14.543 I/FrameSetDispatcher( 9363): [{WT(0,1):RAW10}] purpose: projector_assisted_depth, slots: 
12-07 13:40:14.553 I/CameraClientManager( 9363): [Hand(9368)][hand] client stopped (estimated 0 started clients remaining)
12-07 13:40:14.553 I/CameraClientManager( 9363): [[Hand(9368)][hand]] definitely stopping stream
12-07 13:40:14.557 I/FrameSetDispatcher( 9363): [{WT:RAW10}] Client pid=9368 (Cnst): Client thread[{WT:RAW10}:Cnst] started
12-07 13:40:14.557 I/CameraClientManager( 9363): [Cnst(9368)][constellation] client started (estimated 1 started clients total)
12-07 13:40:14.557 I/CameraClientManager( 9363): [[Cnst(9368)][constellation]] definitely starting stream
12-07 13:40:14.557 I/FrameSetDispatcher( 9363): [{WT:RAW10}] Client pid=9368 (IOT): [worldTracking] Updated CameraMuxMode: 1, Slots: SLOT_0 SLOT_2 
12-07 13:40:14.557 I/FrameSetDispatcher( 9363): [{WT:RAW10}] Client pid=9368 (ExpCtl): [worldTracking] Updated CameraMuxMode: 1, Slots: SLOT_0 SLOT_1 SLOT_2 
12-07 13:40:14.557 I/FrameSetDispatcher( 9363): [{WT:RAW10}] Client pid=9368 (Cnst): [worldTracking] Updated CameraMuxMode: 1, Slots: SLOT_1 
12-07 13:40:14.557 I/FrameSetDispatcher( 9363): [{WT:RAW10}] Latest MuxModeSettings: 1
12-07 13:40:14.557 I/FrameSetDispatcher( 9363): [{WT:RAW10}] purpose: ambient_controller, slots: SLOT_0 SLOT_2 
12-07 13:40:14.557 I/FrameSetDispatcher( 9363): [{WT:RAW10}] purpose: constellation, slots: SLOT_1 
12-07 13:40:14.557 I/FrameSetDispatcher( 9363): [{WT:RAW10}] purpose: exposure_control_worldTracking, slots: SLOT_0 SLOT_1 SLOT_2 
12-07 13:40:14.557 I/FrameSetDispatcher( 9363): [{WT:RAW10}] purpose: iobt, slots: SLOT_0 SLOT_2 
12-07 13:40:14.557 I/FrameSetDispatcher( 9363): [{WT:RAW10}] purpose: mr_monochrome, slots: SLOT_0 SLOT_2 
12-07 13:40:14.557 I/FrameSetDispatcher( 9363): [{WT:RAW10}] purpose: object, slots: 
12-07 13:40:14.557 I/FrameSetDispatcher( 9363): [{WT:RAW10}] purpose: active_slots, slots: SLOT_0 SLOT_1 SLOT_2 
12-07 13:40:14.557 I/FrameSetDispatcher( 9363): [{WT:RAW10}] purpose: hand, slots: 
12-07 13:40:14.557 I/FrameSetDispatcher( 9363): [{WT:RAW10}] purpose: iot, slots: SLOT_0 SLOT_2 
12-07 13:40:14.557 I/FrameSetDispatcher( 9363): [{WT:RAW10}] purpose: projector_assisted_depth, slots: 
12-07 13:40:14.560 I/SyncBossFW(  879): 79863644 [info   ] {NICE}: nice_set_frame_rate called on same period of 16666us
12-07 13:40:14.563 D/SensorService( 9363): Configured syncboss nice config: [{camera_set: 1, num_slots: 4, [ { tag: 16, default_exposure_us: 65535, default_gain: 65535, capabilities: 0, slot_length: 0, }, { tag: 17, default_exposure_us: 38, default_gain: 48, capabilities: 2, slot_length: 0, }, { tag: 18, default_exposure_us: 65535, default_gain: 65535, capabilities: 0, slot_length: 0, }, { tag: 19, default_exposure_us: 5000, default_gain: 48, capabilities: 8, slot_length: 0, }, ] shutter_period_us: 16666, }, {camera_set: 2, num_slots: 4, [ { tag: 16, default_exposure_us: 65535, default_gain: 65535, capabilities: 0, slot_length: 0, }, { tag: 17, default_exposure_us: 38, default_gain: 48, capabilities: 2, slot_length: 0, }, { tag: 18, default_exposure_us: 65535, default_gain: 65535, capabilities: 0, slot_length: 0, }, { tag: 19, default_exposure_us: 5000, default_gain: 48, capabilities: 8, slot_length: 0, }, ] shutter_period_us: 16666, }, ]
12-07 13:40:14.563 I/SensorService( 9363): [worldTracking] Stopping cameras for purpose hand
12-07 13:40:14.563 D/NiceCameraSystem( 9363): CameraSystem stopping cameras for purpose hand
12-07 13:40:14.563 I/FrameSetCollator( 9363): [{WT:RAW10}] Skipping stop, start count: 2
12-07 13:40:14.563 I/SensorService( 9363): [worldTracking] Stopping camera streams for purpose: hand
12-07 13:40:14.563 I/CameraClientManager( 9363): [[Hand(9368)][hand]] stream stop completed
12-07 13:40:14.563 D/CameraStream( 9363): [hand] Client [Hand(9368)]: stop complete
12-07 13:40:14.563 I/TrackingFidelityService( 9367): endTransition[worldTracking]: lowLightHands(8)->lowLightController(1), seqId=114, succeeded=true
12-07 13:40:14.564 I/TrackingFidelityService( 9367): Received hand/controller update: multimodal_hands_and_controllers_enabled
12-07 13:40:14.564 I/SensorService( 9363): [worldTracking] Starting cameras for purpose constellation
12-07 13:40:14.564 I/FrameSetCollator( 9363): [{WT:RAW10}] Skipping start, current start count: 3
12-07 13:40:14.564 I/SensorService( 9363): [worldTracking] Starting camera streams for purpose: constellation, current muxmode = 1
12-07 13:40:14.564 I/CameraClientManager( 9363): [[Cnst(9368)][constellation]] stream start completed
12-07 13:40:14.564 D/CameraStream( 9363): [constellation] Client [Cnst(9368)]: start complete
12-07 13:40:14.564 D/TrackingService( 9368): [HANDTRACKINGGLUE] suspendCapability
12-07 13:40:14.565 D/TrackingService( 9368): hand: Joining stream thread: HandCam
12-07 13:40:14.565 D/CameraStream( 9363): [ambient_controller] Client [Cnst(9368)] attempting start
12-07 13:40:14.565 D/TrackingService( 9368): hand: stopCameras finished
12-07 13:40:14.565 D/TrackingService( 9368): [hand]end onMuxStateUpdate. ModeId: lowLightHands -> lowLightController
12-07 13:40:14.565 I/TrackingService( 9368): [                       hand:hand] Mux Mode Transition from sensor service: lowLightHands -> lowLightController transition time: 23 ms
12-07 13:40:14.566 I/FrameSetDispatcher( 9363): [{WT:RAW10}] Client pid=9368 (Cnst): Client thread[{WT:RAW10}:Cnst] started
12-07 13:40:14.566 I/CameraClientManager( 9363): [Cnst(9368)][ambient_controller] client started (estimated 1 started clients total)
12-07 13:40:14.566 I/CameraClientManager( 9363): [[Cnst(9368)][ambient_controller]] definitely starting stream
12-07 13:40:14.566 I/SensorService( 9363): [worldTracking] Starting cameras for purpose ambient_controller
12-07 13:40:14.566 I/FrameSetCollator( 9363): [{WT:RAW10}] Skipping start, current start count: 4
12-07 13:40:14.566 I/SensorService( 9363): [worldTracking] Starting camera streams for purpose: ambient_controller, current muxmode = 1
12-07 13:40:14.566 I/CameraClientManager( 9363): [[Cnst(9368)][ambient_controller]] stream start completed
12-07 13:40:14.566 D/CameraStream( 9363): [ambient_controller] Client [Cnst(9368)]: start complete
12-07 13:40:14.567 I/SyncBossFW(  879): 79863644 [info   ] {NCM }: Found slot with constellation capability
12-07 13:40:14.567 I/SyncBossFW(  879): 79863647 [info   ] {NICE}: nice_set_frame_rate called on same period of 16666us
12-07 13:40:14.567 I/SyncBossFW(  879): 79863647 [info   ] {NCM }: No slot with projector capability found.
12-07 13:40:14.567 I/SyncBossFW(  879): 79863647 [info   ] {NCM }: Stopping projector
12-07 13:40:14.567 E/FrameSetCollator( 9363): [{WT(0,1):RAW10}] 1 FrameSets had unexpected timestamps (in the last 4441.62ms). Ex: slot 2 79863615.128ms -> 79863648.460ms (observed period: 33.332ms, expected period: 16.666ms (16.666ms))
12-07 13:40:14.567 E/FrameSetCollator( 9363): [{WT:RAW10}] 1 FrameSets had unexpected timestamps (in the last 4265.98ms). Ex: slot 2 79863615.128ms -> 79863648.460ms (observed period: 33.332ms, expected period: 16.666ms (16.666ms))
12-07 13:40:14.567 D/TrackingService( 9368): [constellation][ambient_controller]handleMuxModeNotification finished for muxMode[worldTracking: lowLightController]
12-07 13:40:14.567 D/TrackingService( 9368): [ambient_controller]end onMuxStateUpdate. ModeId: lowLightHands -> lowLightController
12-07 13:40:14.567 I/TrackingService( 9368): [constellation:ambient_controller] Mux Mode Transition from sensor service: lowLightHands -> lowLightController transition time: 25 ms
12-07 13:40:14.567 D/TrackingService( 9368): [constellation]start onMuxStateUpdate. ModeId: lowLightController -> lowLightController
12-07 13:40:14.567 D/TrackingService( 9368): [constellation][constellation]handleMuxModeNotification started for muxMode[worldTracking: lowLightController]
12-07 13:40:14.567 E/TrackingService( 9368): Resetting MuxMode lowLightController which is already set
12-07 13:40:14.567 D/TrackingService( 9368): [constellation]end onMuxStateUpdate. ModeId: lowLightController -> lowLightController
12-07 13:40:14.567 I/TrackingService( 9368): [     constellation:constellation] Mux Mode Transition from sensor service: lowLightController -> lowLightController transition time: 0 ms
12-07 13:40:14.567 D/ControllerManagement( 9339): RemoteService::recordControllerStatusUpdate: device 402c25cbf028a4e8: status: CONNECTED_ACTIVE tracking: NONE, errors: --
12-07 13:40:14.568 I/TrackingFidelityService( 9367): checkMultimodalFeature: Attempt made to enable multimodal hands+controllers when not supported by app
12-07 13:40:14.568 I/TrackingFidelityService( 9367): Request(s)={constellation:5,controller_selftracked:5,hands:0,environment_lighting:0,keyboard:0,scene_reconstruction:0,}, Mux mode idx=1, name=lowLightController, score=-1960
12-07 13:40:14.568 I/TrackingFidelityService( 9367): beginTransition[worldTracking]: lowLightController(1)->lowLightController(1)
12-07 13:40:14.568 I/TrackingFidelityService( 9367): _applyMuxModeLockedInternal: Mode lowLightController already set. Returning.
12-07 13:40:14.568 I/TrackingFidelityService( 9367): endTransition[worldTracking]: lowLightController(1)->lowLightController(1), seqId=-1, succeeded=true
12-07 13:40:14.586 I/SyncBossHAL( 9363): [info   ] pulsar_manager.c(180): Setting controller ID 402c25cbf028a4e8 LED config to period: 66664us, on-time: 19us, delay: 26453us
12-07 13:40:14.617 I/FrameSetDispatcher( 9363): [{WT(0,1):RAW10}] 1 older Mux Mode settings are removed.
12-07 13:40:14.620 I/FrameSetDispatcher( 9363): [{WT:RAW10}] 1 older Mux Mode settings are removed.
12-07 13:40:14.620 I/FrameSetDispatcher( 9363): [{WT:RAW10}] Client pid=9368 (Cnst): Remove old Mux Mode 8: slot indices: 
12-07 13:40:14.620 I/FrameSetDispatcher( 9363): [{WT:RAW10}] Client pid=9368 (ExpCtl): Remove old Mux Mode 8: slot indices: SLOT_0 SLOT_2 
12-07 13:40:14.620 D/SensorDataTransforms( 9368): [constellation:constellation] Erased 1 stale entries from the staged mux states for worldTracking.
12-07 13:40:14.620 I/TrackingService( 9368): [constellation:constellation] Configuration update starting
12-07 13:40:14.621 I/TrackingService( 9368): [constellation:constellation] Configuration update done
12-07 13:40:14.621 I/TrackingService( 9368): [constellation:constellation] Finish configuration update starting
12-07 13:40:14.621 I/TrackingService( 9368): [constellation:constellation] Finish configuration update done
12-07 13:40:14.629 D/ControllerManagement( 9339): RemoteService::recordControllerStatusUpdate: device 402c25cbf028a4e8: status: CONNECTED_ACTIVE tracking: ORIENTATION, errors: --
12-07 13:40:14.634 I/FrameSetDispatcher( 9363): [{WT(0,1):RAW10}] Client pid=1157 (MrSSCamS): Remove old Mux Mode 8: slot indices: SLOT_0 SLOT_2 
12-07 13:40:14.638 I/FrameSetDispatcher( 9363): [{WT:RAW10}] Client pid=9368 (Cnst): Remove old Mux Mode 8: slot indices: 
12-07 13:40:14.638 I/FrameSetDispatcher( 9363): [{WT:RAW10}] Client pid=9368 (IOT): Remove old Mux Mode 8: slot indices: SLOT_0 SLOT_2 
12-07 13:40:14.638 I/TrackingService( 9368): [iot:iot] Configuration update starting
12-07 13:40:14.638 D/SensorDataTransforms( 9368): [constellation:ambient_controller] Erased 1 stale entries from the staged mux states for worldTracking.
12-07 13:40:14.638 I/TrackingService( 9368): [constellation:ambient_controller] Configuration update starting
12-07 13:40:14.638 I/TrackingService( 9368): [iot:iot] Configuration update done
12-07 13:40:14.638 I/TrackingService( 9368): [iot:iot] Finish configuration update starting
12-07 13:40:14.638 I/TrackingService( 9368): [constellation:ambient_controller] Configuration update done
12-07 13:40:14.638 I/TrackingService( 9368): [constellation:ambient_controller] Finish configuration update starting
12-07 13:40:14.638 I/TrackingService( 9368): [constellation:ambient_controller] Finish configuration update done
12-07 13:40:14.640 I/TrackingService( 9368): [iot:iot] Finish configuration update done
12-07 13:40:14.645 I/SyncBossInput( 9363): [info   ] [ruby (right) 402c25cbf028a4e8]: 9389278 [info   ] {IRLD}: IR LED configured: p=66664, ot=19, d=26453
12-07 13:40:14.654 I/SyncBossHAL( 9363): [info   ] pulsar_manager.c(180): Setting controller ID 402c25cbf028a4e8 LED config to period: 66664us, on-time: 19us, delay: 26453us
12-07 13:40:14.659 D/ControllerManagement( 9339): RemoteService::recordControllerStatusUpdate: device 402c25cbf028a4e8: status: CONNECTED_ACTIVE tracking: POSITION, errors: --
12-07 13:40:14.717 I/SyncBossInput( 9363): [info   ] [ruby (right) 402c25cbf028a4e8]: 9389346 [info   ] {IRLD}: IR LED configured: p=66664, ot=19, d=26453
12-07 13:40:14.802 E/FrameSetCollator( 9363): [{COL:FOVPR}] 8 FrameSets had unexpected timestamps (in the last 1083.24ms). Ex: slot 0 79863861.975ms -> 79863875.917ms (observed period: 13.942ms, expected period: 13.888ms (0.054ms))
12-07 13:40:14.930 D/JobServiceContext( 1971): Scheduling time out for 'com.android.server.notification.NotificationHistoryJobService' jId: 237039804, in 18 s
12-07 13:40:14.930 V/ActivityManager( 1971): bindService: Intent { flg=0x4 cmp=android/com.android.server.notification.NotificationHistoryJobService } type=null conn=android.app.LoadedApk$ServiceDispatcher$InnerConnection@23249f5 flags=0x8105
12-07 13:40:14.930 D/JobServiceContext( 1971): handleServiceBound for 474781 #1000/237039804 android/com.android.server.notification.NotificationHistoryJobService
12-07 13:40:14.930 D/JobServiceContext( 1971): Scheduling time out for 'com.android.server.notification.NotificationHistoryJobService' jId: 237039804, in 8 s
12-07 13:40:14.931 D/JobServiceContext( 1971): doCallback of : JobStatus{474781 #1000/237039804 android/com.android.server.notification.NotificationHistoryJobService u=0 s=1000 TIME=-1ms:+19m59s999ms PERIODIC READY} v:VERB_STARTING
12-07 13:40:14.931 D/JobServiceContext( 1971): Scheduling time out for 'com.android.server.notification.NotificationHistoryJobService' jId: 237039804, in 300 s
12-07 13:40:14.931 D/JobServiceContext( 1971): doCallback of : JobStatus{474781 #1000/237039804 android/com.android.server.notification.NotificationHistoryJobService u=0 s=1000 TIME=-2ms:+19m59s998ms PERIODIC READY} v:VERB_EXECUTING
12-07 13:40:14.931 D/JobServiceContext( 1971): Cleaning up 474781 #1000/237039804 android/com.android.server.notification.NotificationHistoryJobService reschedule=false reason=app called jobFinished
12-07 13:40:14.953 D/HorizonOsWindowManagerUtils( 1971): setFocusedWindowSync: Updating top task: t11 -> t10 (requested wct: WCT{RemoteToken{c2380cf Task{1d5971f #10 type=standard}}})
12-07 13:40:14.953 W/HorizonOsWindowManagerUtils( 1971): setFocusedWindowSync: top visible activity is null for t10
12-07 13:40:14.989 I/SpatialWindowResourceService( 1971): setWindowFrameRate() token: horizonos.view.VolumetricWindowToken$InternalVolumetricToken@54e7d2e framerate: 0.0
12-07 13:40:14.990 I/SpatialWindowResourceService( 1971): setWindowUserPerceivedState(): Setting Application State:ComponentInfo{com.oculus.panelapp.library/com.oculus.navigator.library.app.NavigatorLibraryActivity} ProcessName:com.oculus.panelapp.library:SystemBar PerceptionState:(old):NO_PERCEPTION->(new):CRITICAL_PERCEPTION
12-07 13:40:14.991 I/SpatialWindowResourceService( 1971): setWindowFrameRate() token: horizonos.view.VolumetricWindowToken$InternalVolumetricToken@7b0f892 framerate: 0.0
12-07 13:40:14.991 I/SpatialWindowResourceService( 1971): setWindowUserPerceivedState(): Setting Application State:ComponentInfo{com.oculus.panelapp.library/com.oculus.navigator.systembar.app.SystemBarActivity} ProcessName:com.oculus.panelapp.library:SystemBar PerceptionState:(old):NO_PERCEPTION->(new):CRITICAL_PERCEPTION
12-07 13:40:15.041 I/OculusWindowMgr( 1971): OWMS::focusChanged: windowRootTaskId: 10
12-07 13:40:15.041 I/OculusWindowMgr( 1971): OWMS::focusChanged: getImmersiveTask returned
12-07 13:40:15.041 I/OculusWindowMgr( 1971): OWMS::focusChanged: mFocusPlaceholderActivity found in Task.
12-07 13:40:15.043 D/ActivityTaskManager( 1971): getDisplaysWithTopActivities: immersive ActivityRecord{224fcee u0 com.oculus.vrshell/.HomeActivity t2465}
12-07 13:40:15.044 D/VolumetricContentMonitor( 1971): Focused window changed to RunningWindowInfo{  pid: 32634, uid: 10049, userId: 0, windowContainerToken: 87563458, windowToken: android.view.IWindow$Stub$Proxy@1b38ad3, windowId: com.android.server.wm.WindowState$WindowId@ff09610, displayId: 0, windowType: 1, activity: RunningActivityInfo { rootTask: 10, uid: 10049, pid: 32634, userId: 0, activity: com.oculus.navigator.library.app.NavigatorLibraryActivity, windowId: com.android.server.wm.WindowState$WindowId@ff09610, state: ACTIVITY_STATE_VISIBLE}}, from android.view.IWindow$Stub$Proxy@355c4f1
12-07 13:40:15.047 V/WorldManagerService( 1971): VW Content Listener: com.oculus.mrds -1
12-07 13:40:15.048 D/SpatialAudioService( 1971): Skipping processing for app: com.oculus.mrds (isNewApp: false, perAppEnabled: true, epsService: true)
12-07 13:40:15.048 V/WorldManagerService( 1971): VW Content Listener: com.oculus.panelapp.library -1
12-07 13:40:15.049 I/SpatialWindowResourceService( 1971): setWindowFrameRate() token: horizonos.view.VolumetricWindowToken$InternalVolumetricToken@54e7d2e framerate: 0.0
12-07 13:40:15.049 I/SpatialWindowResourceService( 1971): setWindowFrameRate() token: horizonos.view.VolumetricWindowToken$InternalVolumetricToken@63b5c8c framerate: 0.0
12-07 13:40:15.049 D/SpatialAudioService( 1971): Skipping processing for app: com.oculus.panelapp.library (isNewApp: false, perAppEnabled: true, epsService: true)
12-07 13:40:15.080 W/WindowManager( 1971): Requires INTERNAL_SYSTEM_WINDOW permission if assign type to input. New type will be 0.
12-07 13:40:15.099 I/VolumetricWindow( 1971): [setDrawn] VW=847068b1-90d9-4580-b78f-e3071c88f73e: isDrawn=true (isActive=true, isVisible=true)
12-07 13:40:15.099 I/VolumetricWindow( 1971): [setDrawn] VW=883a999f-5853-4b1f-bd01-cc8aa07ee944: isDrawn=true (isActive=true, isVisible=true)
12-07 13:40:15.101 V/WindowManager( 1971): Sent Transition #3295 createdAt=12-07 13:40:14.981
12-07 13:40:15.101 V/WindowManager( 1971):     startWCT=WindowContainerTransaction { changes = {RemoteToken{290e1bf Task{554a1c3 #6 type=standard}}={}, RemoteToken{c2380cf Task{1d5971f #10 type=standard}}={}} hops = [] errorCallbackToken=null taskFragmentOrganizer=null }
12-07 13:40:15.101 V/WindowManager( 1971):     info={id=3295 t=TO_FRONT f=0x0 trk=0 r=[0@Point(0, 0)] c=[{WCT{RemoteToken{3513afb Task{b1a385a #2472 type=standard A=10049:com.oculus.panelapp.library}}} m=TO_FRONT f=TRANSLUCENT p=WCT{RemoteToken{c2380cf Task{1d5971f #10 type=standard}}} leash=Surface(name=Task=2472)/@0xda8c839 sb=Rect(56000, 0 - 57840, 1000) eb=Rect(56000, 0 - 57840, 1000) d=0},{WCT{RemoteToken{c2380cf Task{1d5971f #10 type=standard}}} m=TO_FRONT f=TRANSLUCENT leash=Surface(name=Task=10)/@0xf0bf800 sb=Rect(56000, 0 - 57840, 1000) eb=Rect(56000, 0 - 57840, 1000) eo=Point(56000, 0) d=0},{WCT{RemoteToken{6ac6604 Task{d807cd6 #2468 type=standard A=10049:com.oculus.panelapp.library:1048820175}}} m=TO_FRONT f=TRANSLUCENT p=WCT{RemoteToken{290e1bf Task{554a1c3 #6 type=standard}}} leash=Surface(name=Task=2468)/@0x34b7762 sb=Rect(24000, 0 - 25500, 117) eb=Rect(24000, 0 - 25500, 117) d=0},{WCT{RemoteToken{290e1bf Task{554a1c3 #6 type=standard}}} m=TO_FRONT f=TRANSLUCENT leash=Surface(name=Task=6)/@0x1a6b62d sb=Rect(24000, 0 - 25500, 117) eb=Rect(24000, 0 - 25500, 117) eo=Point(24000, 0) d=0}]}
12-07 13:40:15.104 V/WindowManager( 1971): Finish Transition #3295: created at 12-07 13:40:14.981 collect-started=0.041ms started=0.103ms ready=2.039ms sent=116.216ms finished=119.691ms
12-07 13:40:15.113 W/WindowManager( 1971): Requires INTERNAL_SYSTEM_WINDOW permission if assign type to input. New type will be 0.
12-07 13:40:15.124 I/VolumetricWindowManagerServiceImpl( 1971): addWindow(parentVwToken=VolumetricWindowToken { scope = 2, token = android.os.Binder@89c7225, persistableToken = 883a999f-5853-4b1f-bd01-cc8aa07ee944 }, placementParams=VolumetricWindowPlacementParams { volumetricWindowType = 0, parentWindowToken = VolumetricWindowToken { scope = 2, token = android.os.Binder@89c7225, persistableToken = 883a999f-5853-4b1f-bd01-cc8aa07ee944 }, relativeSpaceToken = null, inParentPixels = false, requestedPose = null, requestedBounds = null, requestedSurfaceSize = 67x564, layoutParams = VolumetricWindowLayoutParams { attachFrom = 51, attachTo = 51, translationAdjustment = TranslationAdjustment { x = 0, y = 0, z = 4 }, rotationAdjustment = RotationAdjustment { pitchX = 0, yawY = 0, rollZ = 0 }, matchParentDensity = false, pixelTranslationOverride = Point(2, -199), flags = 0 }, pendingIntent = null, surfacePackage = android.view.SurfaceControlViewHost$SurfacePackage@3abebc6, visible = true }
12-07 13:40:15.140 I/VolumetricWindowManagerServiceImpl( 1971): onWindowPlacementAccepted for newVwToken=VolumetricWindowToken { scope = 1, token = horizonos.view.VolumetricWindowToken$InternalVolumetricToken@32de787, persistableToken = 5abd5eb9-440b-475a-840a-4422baf4c16c }, parentVwToken=VolumetricWindowToken { scope = 2, token = android.os.Binder@89c7225, persistableToken = 883a999f-5853-4b1f-bd01-cc8aa07ee944 }
12-07 13:40:15.145 I/VolumetricContainerPlacement( 1971): acquired ContainerPlacement{mId=9, mBounds=Rect(72000, 0 - 80000, 8000)}
12-07 13:40:15.145 I/SpaceManagerServiceImpl( 1971): addSpace done: userId = 0, spaceToken = SpaceToken { binderToken = horizonos.view.SpaceToken$InternalSpaceToken@6542dd, persistableToken = 545a6da2-d470-4c6c-859f-8422ece09801 }
12-07 13:40:15.147 I/DisplayDeviceRepository( 1971): Display device added: DisplayDeviceInfo{"MirrorRoot for 5abd5eb9-440b-475a-840a-4422baf4c16c": uniqueId="virtual:android,1000,MirrorRoot for 5abd5eb9-440b-475a-840a-4422baf4c16c,0", 67 x 564, modeId 1349, renderFrameRate 60.0, defaultModeId 1349, supportedModes [{id=1349, width=67, height=564, fps=60.0, alternativeRefreshRates=[], supportedHdrTypes=[]}], colorMode 0, supportedColorModes [0], hdrCapabilities null, allmSupported false, gameContentTypeSupported false, density 200, 200.0 x 200.0 dpi, appVsyncOff 0, presDeadline 16666666, touch NONE, rotation 0, type VIRTUAL, deviceProductInfo null, state OFF, committedState UNKNOWN, owner android (uid 1000), frameRateOverride , brightnessMinimum 0.0, brightnessMaximum 0.0, brightnessDefault 0.0, hdrSdrRatio NaN, FLAG_SECURE, FLAG_SUPPORTS_PROTECTED_BUFFERS, FLAG_OWN_CONTENT_ONLY, FLAG_DESTROY_CONTENT_ON_REMOVAL, installOrientation 0, displayShape DisplayShape{ spec=585457113 displayWidth=67 displayHeight=564 physicalPixelDisplaySizeRatio=1.0 rotation=0 offsetX=0 offsetY=0 scale=1.0}}
12-07 13:40:15.148 I/LogicalDisplayMapper( 1971): Applying layout: [{dispId: 0(ON), displayGroupName: , addr: {port=146, model=0x40446dbbd154e4}, mThermalBrightnessThrottlingMapId: null, mRefreshRateZoneId: null, mLeadDisplayId: -1, mThermalRefreshRateThrottlingMapId: null}], Previous layout: [{dispId: 0(ON), displayGroupName: , addr: {port=146, model=0x40446dbbd154e4}, mThermalBrightnessThrottlingMapId: null, mRefreshRateZoneId: null, mLeadDisplayId: -1, mThermalRefreshRateThrottlingMapId: null}]
12-07 13:40:15.148 I/LogicalDisplayMapper( 1971): Setting new display group 0 for display 996, from previous group: null
12-07 13:40:15.149 I/LogicalDisplayMapper( 1971): Adding new display: 996: DisplayInfo{"MirrorRoot for 5abd5eb9-440b-475a-840a-4422baf4c16c", displayId 996, displayGroupId 0, FLAG_SECURE, FLAG_SUPPORTS_PROTECTED_BUFFERS, real 67 x 564, largest app 67 x 564, smallest app 67 x 564, appVsyncOff 0, presDeadline 16666666, mode 134960.0, defaultMode 1349, modes [{id=1349, width=67, height=564, fps=60.0, alternativeRefreshRates=[], supportedHdrTypes=[]}], hdrCapabilities null, userDisabledHdrTypes [], minimalPostProcessingSupported false, rotation 0, state OFF, committedState UNKNOWN, type VIRTUAL, uniqueId "virtual:android,1000,MirrorRoot for 5abd5eb9-440b-475a-840a-4422baf4c16c,0", app 67 x 564, density 200 (200.0 x 200.0) dpi, layerStack 996, colorMode 0, supportedColorModes [0], deviceProductInfo null, owner android (uid 1000), removeMode 1, refreshRateOverride 0.0, brightnessMinimum 0.0, brightnessMaximum 0.0, brightnessDefault 0.0, installOrientation ROTATION_0, layoutLimitedRefreshRate null, hdrSdrRatio not_available, thermalRefreshRateThrottling {}, thermalBrightnessThrottlingDataId default}
12-07 13:40:15.149 W/BrightnessThrottler( 1971): DeviceConfig ThermalBrightnessThrottlingData is null
12-07 13:40:15.149 W/DisplayPowerController2[996]( 1971): Screen brightness nits configuration is unavailable; falling back
12-07 13:40:15.167 V/DisplayPowerController2[996]( 1971): Brightness [0.0] reason changing to: 'manual', previous reason: '0'.
12-07 13:40:15.167 I/DisplayPowerController2[996]( 1971): BrightnessEvent: disp=996, physDisp=virtual:android,1000,MirrorRoot for 5abd5eb9-440b-475a-840a-4422baf4c16c,0, brt=0.0, initBrt=NaN, rcmdBrt=NaN, preBrt=NaN, lux=0.0, preLux=0.0, hbmMax=1.0, hbmMode=off, rbcStrength=-1, thrmMax=1.0, powerFactor=1.0, wasShortTermModelActive=false, flags=, reason=manual, autoBrightness=false, strategy=InvalidBrightnessStrategy
12-07 13:40:15.181 I/WindowManager( 1971): Override config changes=20005df8 {0.0 ?mcc0mnc ?localeList ?layoutDir sw54dp w54dp h451dp 200dpi smll port ?uimode ?night -touch -keyb/v/h -nav/h winConfig={ mBounds=Rect(0, 0 - 67, 564) mAppBounds=Rect(0, 0 - 67, 564) mMaxBounds=Rect(0, 0 - 67, 564) mDisplayRotation=ROTATION_0 mWindowingMode=fullscreen mDisplayWindowingMode=fullscreen mActivityType=undefined mAlwaysOnTop=undefined mRotation=ROTATION_0} ?fontWeightAdjustment} for displayId=996
12-07 13:40:15.184 W/DisplayController( 7059): Skipping Display Configuration change on non-added display.
12-07 13:40:15.188 D/DisplayManagerService( 1971): Ignore redundant display event 996/2 to 10079/25425
12-07 13:40:15.190 I/VolumetricWindowManagerServiceImpl( 1971): addVolumetricWindow done: userId = 0, wct = null, vw type = 0, vw persistable token = 5abd5eb9-440b-475a-840a-4422baf4c16c, rootTaskId = NA
12-07 13:40:15.192 V/WindowManager( 1971): Content Recording: Display 996 state is now (1), so update recording?
12-07 13:40:15.193 V/WindowManager( 1971): Content Recording: Display 996 state is now (1), so update recording?
12-07 13:40:15.196 W/Transition( 1971): Transition already started id=3296 state=2
12-07 13:40:15.200 V/WindowManager( 1971): Sent Transition #3296 createdAt=12-07 13:40:15.191 via request=TransitionRequestInfo { type = SLEEP, triggerTask = null, remoteTransition = null, displayChange = null }
12-07 13:40:15.200 V/WindowManager( 1971):     startWCT=WindowContainerTransaction { changes = {} hops = [] errorCallbackToken=null taskFragmentOrganizer=null }
12-07 13:40:15.200 V/WindowManager( 1971):     info={id=3296 t=SLEEP f=0x0 trk=0 r=[] c=[]}
12-07 13:40:15.200 V/WindowManager( 1971): Finish Transition #3296: created at 12-07 13:40:15.191 collect-started=0.052ms request-sent=0.085ms started=0.136ms ready=0.134ms sent=0.222ms finished=8.799ms
12-07 13:40:15.241 I/DisplayDeviceRepository( 1971): Display device changed: DisplayDeviceInfo{"MirrorRoot for 5abd5eb9-440b-475a-840a-4422baf4c16c": uniqueId="virtual:android,1000,MirrorRoot for 5abd5eb9-440b-475a-840a-4422baf4c16c,0", 67 x 564, modeId 1349, renderFrameRate 60.0, defaultModeId 1349, supportedModes [{id=1349, width=67, height=564, fps=60.0, alternativeRefreshRates=[], supportedHdrTypes=[]}], colorMode 0, supportedColorModes [0], hdrCapabilities null, allmSupported false, gameContentTypeSupported false, density 200, 200.0 x 200.0 dpi, appVsyncOff 0, presDeadline 16666666, touch NONE, rotation 0, type VIRTUAL, deviceProductInfo null, state OFF, committedState UNKNOWN, owner android (uid 1000), frameRateOverride , brightnessMinimum 0.0, brightnessMaximum 0.0, brightnessDefault 0.0, hdrSdrRatio NaN, FLAG_SECURE, FLAG_SUPPORTS_PROTECTED_BUFFERS, FLAG_OWN_CONTENT_ONLY, FLAG_DESTROY_CONTENT_ON_REMOVAL, installOrientation 0, displayShape DisplayShape{ spec=585457113 displayWidth=67 displayHeight=564 physicalPixelDisplaySizeRatio=1.0 rotation=0 offsetX=0 offsetY=0 scale=1.0}}
12-07 13:40:15.241 I/DisplayDeviceRepository( 1971): Display device changed state: "MirrorRoot for 5abd5eb9-440b-475a-840a-4422baf4c16c", ON
12-07 13:40:15.242 I/DisplayDevice( 1971): [996] Layerstack set to 996 for virtual:android,1000,MirrorRoot for 5abd5eb9-440b-475a-840a-4422baf4c16c,0
12-07 13:40:15.243 D/DisplayManagerService( 1971): Ignore redundant display event 996/2 to 10079/25425
12-07 13:40:15.244 V/WindowManager( 1971): Content Recording: Display 996 state is now (2), so update recording?
12-07 13:40:15.710 I/TrackingFidelityService( 9367): Request(s)={face:0,codec_avatar_encoder:0,}
12-07 13:40:15.711 I/TrackingService( 9368): Updating face tracking breakdown: FT: 0 ET: 0 ORT_ACTIVE: 0, ORT_BG: 0, LST: 0, CDC: 0
12-07 13:40:15.713 I/SensorService( 9363): configDirectReport for channelHandle:1 sensorHandle:3 Rate:0
12-07 13:40:15.713 I/SensorService( 9363): configDirectReport RateLevel::STOP ; Stopping Sensor
--------- beginning of kernel
12-07 13:40:15.681 I/Minidump(    0): Ignoring minidump region FRPC_2.
12-07 13:40:15.681 I/waipio-asoc-snd soc(    0): spf_core_platform:sound: check_userspace_service_state: pcm_id 0 state 0
12-07 13:40:15.683 E/msm_cdc_disable_ondemand_supply(    0): either dev or supplies or cdc_vreg is NULL
12-07 13:40:15.683 E/lpass-cdc soc(    0): spf_core_platform:lpass-cdc: lpass_cdc_dmic_clk_enable: dmic power supply disable failed
12-07 13:40:15.683 E/msm_cdc_disable_ondemand_supply(    0): either dev or supplies or cdc_vreg is NULL
12-07 13:40:15.683 E/lpass-cdc soc(    0): spf_core_platform:lpass-cdc: lpass_cdc_dmic_clk_enable: dmic power supply disable failed
12-07 13:40:15.749 I/TrackingServiceProxy( 1971): Oboe audio stream stopped
12-07 13:40:15.856 W/NotificationHistory( 1971): Attempted to add notif for locked/gone/disabled user 0
12-07 13:40:15.912 I/DisplayDeviceRepository( 1971): Display device changed: DisplayDeviceInfo{"MirrorRoot for 554da8b2-df3a-4057-9260-2365d3e188ed": uniqueId="virtual:android,1000,MirrorRoot for 554da8b2-df3a-4057-9260-2365d3e188ed,0", 460 x 109, modeId 1350, renderFrameRate 60.0, defaultModeId 1350, supportedModes [{id=1350, width=460, height=109, fps=60.0, alternativeRefreshRates=[], supportedHdrTypes=[]}], colorMode 0, supportedColorModes [0], hdrCapabilities null, allmSupported false, gameContentTypeSupported false, density 200, 200.0 x 200.0 dpi, appVsyncOff 0, presDeadline 16666666, touch NONE, rotation 0, type VIRTUAL, deviceProductInfo null, state ON, committedState UNKNOWN, owner android (uid 1000), frameRateOverride , brightnessMinimum 0.0, brightnessMaximum 0.0, brightnessDefault 0.0, hdrSdrRatio NaN, FLAG_SECURE, FLAG_SUPPORTS_PROTECTED_BUFFERS, FLAG_OWN_CONTENT_ONLY, FLAG_DESTROY_CONTENT_ON_REMOVAL, installOrientation 0, displayShape DisplayShape{ spec=1333589339 displayWidth=460 displayHeight=109 physicalPixelDisplaySizeRatio=1.0 rotation=0 offsetX=0 offsetY=0 scale=1.0}}
12-07 13:40:15.919 D/DisplayManagerService( 1971): Ignore redundant display event 6/2 to 10079/25425
12-07 13:40:15.920 I/WindowManager( 1971): Override config changes=20000c80 {0.0 ?mcc0mnc ?localeList ?layoutDir sw87dp w368dp h87dp 200dpi smll land ?uimode ?night -touch -keyb/v/h -nav/h winConfig={ mBounds=Rect(0, 0 - 460, 109) mAppBounds=Rect(0, 0 - 460, 109) mMaxBounds=Rect(0, 0 - 460, 109) mDisplayRotation=ROTATION_0 mWindowingMode=fullscreen mDisplayWindowingMode=fullscreen mActivityType=undefined mAlwaysOnTop=undefined mRotation=ROTATION_0} ?fontWeightAdjustment} for displayId=6
12-07 13:40:15.924 V/WindowManager( 1971): Content Recording: Display 6 state is now (2), so update recording?
12-07 13:40:15.925 V/WindowManager( 1971): Content Recording: Display 6 state is now (2), so update recording?
12-07 13:40:16.188 I/keystore2(  565): system/security/keystore2/src/watchdog.rs:319 - Watchdog thread idle -> terminating. Have a great day.
12-07 13:40:16.450 D/CompatibilityChangeReporter( 1971): Compat change id reported: 135634846; UID 10137; state: DISABLED
12-07 13:40:16.450 D/CompatibilityChangeReporter( 1971): Compat change id reported: 177438394; UID 10137; state: DISABLED
12-07 13:40:16.450 D/CompatibilityChangeReporter( 1971): Compat change id reported: 135772972; UID 10137; state: DISABLED
12-07 13:40:16.450 D/CompatibilityChangeReporter( 1971): Compat change id reported: 135754954; UID 10137; state: ENABLED
12-07 13:40:16.450 D/CompatibilityChangeReporter( 1971): Compat change id reported: 143937733; UID 10137; state: ENABLED
12-07 13:40:16.462 I/ActivityManager( 1971): Start proc 27558:horizon.platform.providers/u0a137 for broadcast {horizon.platform.providers/horizon.platform.launchevent.LaunchReceiver}
12-07 13:40:16.467 W/LaunchInterceptorUtil( 1971): Package metadata is empty: com.example.moonlight_spatialsdk
12-07 13:40:16.468 W/LaunchInterceptorUtil( 1971): Package metadata is empty: com.example.moonlight_spatialsdk
12-07 13:40:16.472 W/LaunchInterceptorUtil( 1971): Package metadata is empty: com.example.moonlight_spatialsdk
12-07 13:40:16.472 W/LaunchInterceptorUtil( 1971): Package metadata is empty: com.example.moonlight_spatialsdk
12-07 13:40:16.473 D/CompatibilityChangeReporter( 1971): Compat change id reported: 265464455; UID 10176; state: DISABLED
12-07 13:40:16.473 D/CompatibilityChangeReporter( 1971): Compat change id reported: 265452344; UID 10176; state: DISABLED
12-07 13:40:16.473 D/CompatibilityChangeReporter( 1971): Compat change id reported: 266124927; UID 10176; state: DISABLED
12-07 13:40:16.473 D/CompatibilityChangeReporter( 1971): Compat change id reported: 265451093; UID 10176; state: DISABLED
12-07 13:40:16.473 D/CompatibilityChangeReporter( 1971): Compat change id reported: 265456536; UID 10176; state: DISABLED
12-07 13:40:16.473 D/CompatibilityChangeReporter( 1971): Compat change id reported: 255940284; UID 10176; state: DISABLED
12-07 13:40:16.473 D/CompatibilityChangeReporter( 1971): Compat change id reported: 236283604; UID 10176; state: DISABLED
12-07 13:40:16.473 D/CompatibilityChangeReporter( 1971): Compat change id reported: 263959004; UID 10176; state: DISABLED
12-07 13:40:16.473 D/CompatibilityChangeReporter( 1971): Compat change id reported: 264304459; UID 10176; state: DISABLED
12-07 13:40:16.473 D/CompatibilityChangeReporter( 1971): Compat change id reported: 264301586; UID 10176; state: DISABLED
12-07 13:40:16.473 D/CompatibilityChangeReporter( 1971): Compat change id reported: 254631730; UID 10176; state: DISABLED
12-07 13:40:16.474 D/CompatibilityChangeReporter( 1971): Compat change id reported: 273509367; UID 10176; state: DISABLED
12-07 13:40:16.474 D/CompatibilityChangeReporter( 1971): Compat change id reported: 263259275; UID 10176; state: ENABLED
12-07 13:40:16.474 D/CompatibilityChangeReporter( 1971): Compat change id reported: 174042980; UID 10176; state: DISABLED
12-07 13:40:16.474 D/CompatibilityChangeReporter( 1971): Compat change id reported: 174042936; UID 10176; state: DISABLED
12-07 13:40:16.474 D/CompatibilityChangeReporter( 1971): Compat change id reported: 181136395; UID 10176; state: DISABLED
12-07 13:40:16.475 D/CompatibilityChangeReporter( 1971): Compat change id reported: 194480991; UID 10176; state: ENABLED
12-07 13:40:16.477 I/ActivityTaskManager( 1971): START u0 {act=android.intent.action.MAIN cat=[android.intent.category.LAUNCHER] flg=0x10010000 pkg=com.example.moonlight_spatialsdk cmp=com.example.moonlight_spatialsdk/.PancakeActivity (has extras)} with LAUNCH_MULTIPLE from uid 10053 (launchid=62999e80-abea-4709-bf8b-eae8b97e68e5) (BAL_ALLOW_ALLOWLISTED_COMPONENT) result code=0
12-07 13:40:16.480 D/CompatibilityChangeReporter( 1971): Compat change id reported: 168419799; UID 10137; state: DISABLED
12-07 13:40:16.480 D/CompatibilityChangeReporter( 1971): Compat change id reported: 273564678; UID 10137; state: DISABLED
12-07 13:40:16.483 D/CompatibilityChangeReporter( 1971): Compat change id reported: 265195908; UID 10137; state: ENABLED
12-07 13:40:16.504 I/VolumetricWindowManagerServiceImpl( 1971): Handling SWMS response: launch into NEW_VOLUMETRIC_WINDOW VolumetricWindowPlacementResponse { volumetricToken = VolumetricWindowToken { scope = 1, token = horizonos.view.VolumetricWindowToken$InternalVolumetricToken@9b851f8, persistableToken = 89f0e770-f857-4be0-9d46-1fe9cbece204 }, relativeSpaceToken = SpaceToken { binderToken = android.os.BinderProxy@8194805, persistableToken = 00000000-0000-0000-0000-000000000000 }, pose = Pose { orientation = Vector4f { x = 0.0, y = 0.0, z = 0.0, w = 1.0 }, position = Vector3f { x = 0.0, y = 0.0, z = 0.0 } }, bounds = Extent3f { width = 0.12699994, height = 0.08731246, depth = 0.0 }, surfaceSize = 1000x687, densityDpi = 200, visible = true } for launch request [ActivityInfo{1a6a55b com.example.moonlight_spatialsdk.PancakeActivity}](vrdesktop seq: 1)
12-07 13:40:16.504 I/VolumetricContainerPlacement( 1971): acquired ContainerPlacement{mId=11, mBounds=Rect(88000, 0 - 96000, 8000)}
12-07 13:40:16.507 I/SpaceManagerServiceImpl( 1971): addSpace done: userId = 0, spaceToken = SpaceToken { binderToken = horizonos.view.SpaceToken$InternalSpaceToken@a44a6d1, persistableToken = 753fd309-ba5d-4beb-9ce1-a08802f894c0 }
12-07 13:40:16.509 I/DisplayDeviceRepository( 1971): Display device added: DisplayDeviceInfo{"MirrorRoot for 89f0e770-f857-4be0-9d46-1fe9cbece204": uniqueId="virtual:android,1000,MirrorRoot for 89f0e770-f857-4be0-9d46-1fe9cbece204,0", 1000 x 687, modeId 1351, renderFrameRate 60.0, defaultModeId 1351, supportedModes [{id=1351, width=1000, height=687, fps=60.0, alternativeRefreshRates=[], supportedHdrTypes=[]}], colorMode 0, supportedColorModes [0], hdrCapabilities null, allmSupported false, gameContentTypeSupported false, density 200, 200.0 x 200.0 dpi, appVsyncOff 0, presDeadline 16666666, touch NONE, rotation 0, type VIRTUAL, deviceProductInfo null, state OFF, committedState UNKNOWN, owner android (uid 1000), frameRateOverride , brightnessMinimum 0.0, brightnessMaximum 0.0, brightnessDefault 0.0, hdrSdrRatio NaN, FLAG_SECURE, FLAG_SUPPORTS_PROTECTED_BUFFERS, FLAG_OWN_CONTENT_ONLY, FLAG_DESTROY_CONTENT_ON_REMOVAL, installOrientation 0, displayShape DisplayShape{ spec=-298003043 displayWidth=1000 displayHeight=687 physicalPixelDisplaySizeRatio=1.0 rotation=0 offsetX=0 offsetY=0 scale=1.0}}
12-07 13:40:16.510 I/LogicalDisplayMapper( 1971): Applying layout: [{dispId: 0(ON), displayGroupName: , addr: {port=146, model=0x40446dbbd154e4}, mThermalBrightnessThrottlingMapId: null, mRefreshRateZoneId: null, mLeadDisplayId: -1, mThermalRefreshRateThrottlingMapId: null}], Previous layout: [{dispId: 0(ON), displayGroupName: , addr: {port=146, model=0x40446dbbd154e4}, mThermalBrightnessThrottlingMapId: null, mRefreshRateZoneId: null, mLeadDisplayId: -1, mThermalRefreshRateThrottlingMapId: null}]
12-07 13:40:16.510 I/LogicalDisplayMapper( 1971): Setting new display group 0 for display 997, from previous group: null
