12-06 14:30:44.295 I/AppsFilter( 1971): interaction: PackageSetting{7855913 com.example.moonlight_spatialsdk/10176} -> PackageSetting{941f07e com.meta.HyperscapeHmdCapture/10158} BLOCKED
12-06 14:30:44.295 I/AppsFilter( 1971): interaction: PackageSetting{7855913 com.example.moonlight_spatialsdk/10176} -> PackageSetting{7cdf9df com.android.captiveportallogin/10028} BLOCKED
12-06 14:30:44.295 I/AppsFilter( 1971): interaction: PackageSetting{7855913 com.example.moonlight_spatialsdk/10176} -> PackageSetting{64f862c com.oculus.panelapp.calendar/10086} BLOCKED
12-06 14:30:44.295 I/AppsFilter( 1971): interaction: PackageSetting{7855913 com.example.moonlight_spatialsdk/10176} -> PackageSetting{cc5b8f5 com.oculus.highwindservice/10141} BLOCKED
12-06 14:30:44.295 I/AppsFilter( 1971): interaction: PackageSetting{7855913 com.example.moonlight_spatialsdk/10176} -> PackageSetting{108968a com.AgainstGravity.RecRoom/10148} BLOCKED
12-06 14:30:44.295 I/AppsFilter( 1971): interaction: PackageSetting{7855913 com.example.moonlight_spatialsdk/10176} -> PackageSetting{8cbe995 com.meta.pclinkservice.server/10047} BLOCKED
12-06 14:30:44.295 I/AppsFilter( 1971): interaction: PackageSetting{7855913 com.example.moonlight_spatialsdk/10176} -> PackageSetting{244d918 com.meta.transport/10120} BLOCKED
12-06 14:30:44.295 I/AppsFilter( 1971): interaction: PackageSetting{7855913 com.example.moonlight_spatialsdk/10176} -> PackageSetting{205ef71 com.oculus.configuration/10055} BLOCKED
12-06 14:30:44.296 I/OpenXR  (19532): Loading 64-bit Runtime.
12-06 14:30:44.300 E/TrackedObjectManager( 2832): Failed to connect to TrackedObjectService with error Status(-129, EX_TRANSACTION_FAILED): 'DEAD_OBJECT: '
12-06 14:30:44.300 W/OSDynamicObjectDataQuerier( 2832): Attempted to start tracking objects when tracker was already started
12-06 14:30:44.300 E/TrackedObjectManager( 2832): Failed to connect to TrackedObjectService with error Status(-129, EX_TRANSACTION_FAILED): 'DEAD_OBJECT: '
12-06 14:30:44.300 E/TrackedObjectManager( 2832): Failed to start tracking keyboard object with error Status(-129, EX_TRANSACTION_FAILED): 'DEAD_OBJECT: '
12-06 14:30:44.301 I/[CT]    ( 3469): SP:TREX:SpatialPersistencePlugin: Event type: 6
12-06 14:30:44.301 I/TREX    ( 3469): Spatial Persistence event: QuerySpacesFinish
12-06 14:30:44.314 E/TrackedObjectManager( 2832): Failed to connect to TrackedObjectService with error Status(-129, EX_TRANSACTION_FAILED): 'DEAD_OBJECT: '
12-06 14:30:44.314 W/OSDynamicObjectDataQuerier( 2832): Attempted to start tracking objects when tracker was already started
12-06 14:30:44.314 E/TrackedObjectManager( 2832): Failed to connect to TrackedObjectService with error Status(-129, EX_TRANSACTION_FAILED): 'DEAD_OBJECT: '
12-06 14:30:44.314 E/TrackedObjectManager( 2832): Failed to start tracking keyboard object with error Status(-129, EX_TRANSACTION_FAILED): 'DEAD_OBJECT: '
12-06 14:30:44.316 I/VrRuntimeClient(19532): VrRuntimeClient(): 0x6f41733380
12-06 14:30:44.317 D/OsSdkLoader(19532): OSSDK loading module 'libossdk.oculus.so'
12-06 14:30:44.327 E/TrackedObjectManager( 2832): Failed to connect to TrackedObjectService with error Status(-129, EX_TRANSACTION_FAILED): 'DEAD_OBJECT: '
12-06 14:30:44.327 W/OSDynamicObjectDataQuerier( 2832): Attempted to start tracking objects when tracker was already started
12-06 14:30:44.327 E/TrackedObjectManager( 2832): Failed to connect to TrackedObjectService with error Status(-129, EX_TRANSACTION_FAILED): 'DEAD_OBJECT: '
12-06 14:30:44.328 E/TrackedObjectManager( 2832): Failed to start tracking keyboard object with error Status(-129, EX_TRANSACTION_FAILED): 'DEAD_OBJECT: '
12-06 14:30:44.341 E/TrackedObjectManager( 2832): Failed to connect to TrackedObjectService with error Status(-129, EX_TRANSACTION_FAILED): 'DEAD_OBJECT: '
12-06 14:30:44.341 W/OSDynamicObjectDataQuerier( 2832): Attempted to start tracking objects when tracker was already started
12-06 14:30:44.341 E/TrackedObjectManager( 2832): Failed to connect to TrackedObjectService with error Status(-129, EX_TRANSACTION_FAILED): 'DEAD_OBJECT: '
12-06 14:30:44.341 E/TrackedObjectManager( 2832): Failed to start tracking keyboard object with error Status(-129, EX_TRANSACTION_FAILED): 'DEAD_OBJECT: '
12-06 14:30:44.349 I/ImeTracker( 7059): com.example.moonlight_spatialsdk:4935737c: onHidden
12-06 14:30:44.355 E/TrackedObjectManager( 2832): Failed to connect to TrackedObjectService with error Status(-129, EX_TRANSACTION_FAILED): 'DEAD_OBJECT: '
12-06 14:30:44.355 W/OSDynamicObjectDataQuerier( 2832): Attempted to start tracking objects when tracker was already started
12-06 14:30:44.355 E/TrackedObjectManager( 2832): Failed to connect to TrackedObjectService with error Status(-129, EX_TRANSACTION_FAILED): 'DEAD_OBJECT: '
12-06 14:30:44.355 E/TrackedObjectManager( 2832): Failed to start tracking keyboard object with error Status(-129, EX_TRANSACTION_FAILED): 'DEAD_OBJECT: '
12-06 14:30:44.369 E/TrackedObjectManager( 2832): Failed to connect to TrackedObjectService with error Status(-129, EX_TRANSACTION_FAILED): 'DEAD_OBJECT: '
12-06 14:30:44.369 W/OSDynamicObjectDataQuerier( 2832): Attempted to start tracking objects when tracker was already started
12-06 14:30:44.369 E/TrackedObjectManager( 2832): Failed to connect to TrackedObjectService with error Status(-129, EX_TRANSACTION_FAILED): 'DEAD_OBJECT: '
12-06 14:30:44.369 E/TrackedObjectManager( 2832): Failed to start tracking keyboard object with error Status(-129, EX_TRANSACTION_FAILED): 'DEAD_OBJECT: '
12-06 14:30:44.373 I/DriverLoader(19532): Calling into SetLegacyVrApiEntryPointOverride
12-06 14:30:44.373 I/VrApi_DriverLoader(19532): SetLegacyVrApiEntryPointOverride: calling sprintf
12-06 14:30:44.373 I/VrApi_DriverLoader(19532): SetLegacyVrApiEntryPointOverride: env buffer is '0x6f41686bc8'
12-06 14:30:44.373 I/VrApi_DriverLoader(19532): SetLegacyVrApiEntryPointOverride: calling setenv
12-06 14:30:44.373 I/DriverLoader(19532): Creating Temp JNIEnv
12-06 14:30:44.373 I/DriverLoader(19532): Calling FindClass
12-06 14:30:44.373 I/DriverLoader(19532): Calling RegisterNativeVrApiLoaderMethods
12-06 14:30:44.373 I/VrApi_DriverLoader(19532): RegisterNativeVrApiLoaderMethods: calling RegisterNatives
12-06 14:30:44.373 I/DriverLoader(19532): Calling RegisterNativeXrLoaderMethods
12-06 14:30:44.373 I/OpenXR_DriverLoader(19532): RegisterNativeVrApiLoaderMethods: calling RegisterNatives
12-06 14:30:44.373 I/DriverLoader(19532): Exiting JNI_OnLoad
12-06 14:30:44.374 I/OpenXR_ClientState(19532): OpenXRClientState::create - from xrInitializeLoaderKHR
12-06 14:30:44.374 I/XrRuntimeSharedClientState(19532): SharedClientState::create called from 'OpenXRClientState::init'
12-06 14:30:44.374 I/ipcLoader [RUNTIMEIPC](19532): RuntimeIPC: Loader: IPC Service API Loader Version: 81 Dec  4 2025 07:47:30
12-06 14:30:44.374 I/ipcLoader [RUNTIMEIPC](19532): Using android_get_exported_namespace: libripcclient.oculus.so
12-06 14:30:44.379 I/ipcLoader [RUNTIMEIPC](19532): android_get_exported_namespace SUCCESS: libripcclient.oculus.so
12-06 14:30:44.380 I/RuntimeIPCSystem [RUNTIMEIPC](19532): RuntimeIPCSystem: Init called: Version: 81, Platform: Android, Build Date: Dec  2 2025, Build Time: 09:26:03, BuildMode: shared
12-06 14:30:44.380 I/MultiInstanceDetector [RUNTIMEIPC](19532): Multiple instances check passed. Socket name: INSTANCE_DETECTOR:19532
12-06 14:30:44.380 D/OsSdkLoader(19532): OSSDK loading module 'libossdk.oculus.so'
12-06 14:30:44.380 W/RuntimeIPCSystem [RUNTIMEIPC](19532): Init: Java VM is null
12-06 14:30:44.380 D/OsSdkLoader(19532): OSSDK loading module 'libripcmanager.oculus.so'
12-06 14:30:44.383 I/RuntimeIpcManager(19532): RuntimeIpcManager: attempting to get a service connection
12-06 14:30:44.383 I/RuntimeIpcBroker( 1159): [RuntimeIpcBroker] Attempting to retrieve package name and version for client
12-06 14:30:44.383 I/RuntimeIpcBroker( 1159): [RuntimeIpcBroker] Retrieving service manager for com.example.moonlight_spatialsdk
12-06 14:30:44.383 I/RuntimeIpcBroker( 1159): [RuntimeIpcBroker] Retrieving permission service [binder] from service manager for com.example.moonlight_spatialsdk
12-06 14:30:44.383 E/TrackedObjectManager( 2832): Failed to connect to TrackedObjectService with error Status(-129, EX_TRANSACTION_FAILED): 'DEAD_OBJECT: '
12-06 14:30:44.383 W/OSDynamicObjectDataQuerier( 2832): Attempted to start tracking objects when tracker was already started
12-06 14:30:44.383 E/TrackedObjectManager( 2832): Failed to connect to TrackedObjectService with error Status(-129, EX_TRANSACTION_FAILED): 'DEAD_OBJECT: '
12-06 14:30:44.383 E/TrackedObjectManager( 2832): Failed to start tracking keyboard object with error Status(-129, EX_TRANSACTION_FAILED): 'DEAD_OBJECT: '
12-06 14:30:44.383 I/RuntimeIpcBroker( 1159): [RuntimeIpcBroker] Succesfully retrieved permission service [binder] from service manager for com.example.moonlight_spatialsdk
12-06 14:30:44.383 I/RuntimeIpcBroker( 1159): [RuntimeIpcBroker] Retrieving service manager for com.example.moonlight_spatialsdk
12-06 14:30:44.383 I/RuntimeIpcBroker( 1159): [RuntimeIpcBroker] Retrieving package_native service [binder] for com.example.moonlight_spatialsdk
12-06 14:30:44.384 I/RuntimeIpcBroker( 1159): [RuntimeIpcBroker] Succesfully retrieved package_native service [binder] for com.example.moonlight_spatialsdk
12-06 14:30:44.384 I/RuntimeIpcBroker( 1159): [RuntimeIpcBroker] Attempting to connect: com.example.moonlight_spatialsdk -- com.example.moonlight_spatialsdk, [uid: 10176, pid: 19532]
12-06 14:30:44.384 I/RuntimeIpcBroker( 1159): [RuntimeIpcBroker] Connections lock acquired
12-06 14:30:44.384 I/RuntimeIPCService [RUNTIMEIPC]( 1159): CreateBrokerConnection: Pre-lock BrokerConnections.Mutex: packageName: com.example.moonlight_spatialsdk, processName: com.example.moonlight_spatialsdk, pid: 19532
12-06 14:30:44.384 I/RuntimeIPCService [RUNTIMEIPC]( 1159): CreateBrokerConnection: [Client Descriptor - 19532:com.example.moonlight_spatialsdk:com.example.moonlight_spatialsdk] [Connection Id - 1227033227]
12-06 14:30:44.384 I/RuntimeIpcBroker( 1159): [RuntimeIpcBroker] initClientId successful on client binder
12-06 14:30:44.384 I/RuntimeIpcBroker( 1159): [RuntimeIpcBroker] Connection established for com.example.moonlight_spatialsdk -- com.example.moonlight_spatialsdk, [uid: 10176, pid: 19532]
12-06 14:30:44.385 I/RuntimeIpcManager(19532): RuntimeIpcManager: Binder call to service->connect SUCCESS
12-06 14:30:44.385 V/RuntimeIPCService [RUNTIMEIPC]( 1159): GetServiceBinder: com.example.moonlight_spatialsdk:com.example.moonlight_spatialsdk:19532
12-06 14:30:44.385 V/IPCDataChannelAndroidBinder [RUNTIMEIPC]( 1159): alloc binder info: 43
12-06 14:30:44.385 D/IPCDataChannelServer [RUNTIMEIPC]( 1159): Connected: 1227033227, com.example.moonlight_spatialsdk:com.example.moonlight_spatialsdk:19532
12-06 14:30:44.385 I/BrokerRPC [RUNTIMEIPC](19532): InitRPCToServiceInternal: Success
12-06 14:30:44.386 I/RuntimeIPCSystem [RUNTIMEIPC](19532): RuntimeIPCSystem: Init SUCCESS: Version: 81, Platform: Android, Build Date: Dec  2 2025, Build Time: 09:26:03, BuildMode: shared
12-06 14:30:44.386 W/RuntimeIPCService [RUNTIMEIPC]( 1159): SetServerList: Connection not allowed to register servers. Package: com.example.moonlight_spatialsdk, Process: com.example.moonlight_spatialsdk
12-06 14:30:44.386 I/RipcServerMgr [RUNTIMEIPC](19532): UpdateServerListOnBroker (pid: 19532): SUCCESS (shouldNotify=true): []
12-06 14:30:44.386 I/RuntimeIpcHelperService( 1971): Going to start ComponentInfo{com.oculus.systemdriver/com.oculus.vrruntimeservice.VrRuntimeService} as foreground, Calling uid: 10176 pid: 19532
12-06 14:30:44.390 I/ClientProcessConnector [RUNTIMEIPC](19532): GetProcessConnection: com.oculus.systemdriver:com.oculus.vrruntimeservice
12-06 14:30:44.391 I/RipcServerClientHandler [RUNTIMEIPC]( 2832): Event buffer size (server): 8192
12-06 14:30:44.391 I/RipcServerMgr [RUNTIMEIPC]( 2832): HandleClientConnect SUCCESS: Client: com.example.moonlight_spatialsdk:com.example.moonlight_spatialsdk:19532:, Server: com.oculus.systemdriver:com.oculus.vrruntimeservice (gkcache)
12-06 14:30:44.391 I/RipcClient [RUNTIMEIPC](19532): Event buffer size (client): 8192
12-06 14:30:44.391 I/RipcClient [RUNTIMEIPC](19532): TryToGetIPCResourcesFromServer: RPC_CONNECTOR_CONNECT_TO_SERVER SUCCESS: Client: com.example.moonlight_spatialsdk:com.example.moonlight_spatialsdk:19532, Server: com.oculus.systemdriver:com.oculus.vrruntimeservice:0 (gkcache), Version: 81, Platform: Android, Build Date: Dec  2 2025, Build Time: 09:26:03, BuildMode: shared
12-06 14:30:44.392 I/RipcClient [RUNTIMEIPC](19532): EnsureServerConnection: SUCCESS. Client: com.example.moonlight_spatialsdk:com.example.moonlight_spatialsdk:19532, Server: com.oculus.systemdriver:com.oculus.vrruntimeservice:0 (gkcache)
12-06 14:30:44.392 I/RipcClient [RUNTIMEIPC](19532): [RIPC_CONNECT_LOG] ConnectToServer: SUCCESS: Client: com.example.moonlight_spatialsdk:com.example.moonlight_spatialsdk:19532, Server: com.oculus.systemdriver:com.oculus.vrruntimeservice:0 (gkcache)
12-06 14:30:44.392 W/REFLECT [RUNTIMEIPC]( 2832): Disabling all permissions (ONLY USE IN TESTS): 1227038606:com.example.moonlight_spatialsdk/com.example.moonlight_spatialsdk (10176:19532), mask: 11111111111111111111111111111111
12-06 14:30:44.392 I/GkCacheQuerierServer( 2832): Client 1227038606 from com.example.moonlight_spatialsdk:19532 connected.
12-06 14:30:44.393 I/RipcClient [RUNTIMEIPC](19532): InitServerStateBuffer: SUCCESS. 0, Client: com.example.moonlight_spatialsdk:com.example.moonlight_spatialsdk:19532, Server: com.oculus.systemdriver:com.oculus.vrruntimeservice:0 (gkcache)
12-06 14:30:44.393 I/OpenXR_ClientState(19532): Client state creation succeeded.
12-06 14:30:44.393 V/OpenXR  (19532): OpenXRForwardLoader::xrInitializeLoaderKHR [end]
12-06 14:30:44.393 V/OpenXR  (19532): OpenXRForwardLoader::xrNegotiateLoaderRuntimeInterface [start]
12-06 14:30:44.394 V/OpenXR  (19532): OpenXRForwardLoader::xrNegotiateLoaderRuntimeInterface [end]
12-06 14:30:44.394 I/OpenXR-Loader(19532): Info [GENERAL | xrEnumerateInstanceExtensionProperties | OpenXR-Loader] : RuntimeInterface::LoadRuntime succeeded loading runtime defined in manifest file /odm/etc/openxr/1/active_runtime.aarch64.json using interface version 1 and OpenXR API version 1.0
12-06 14:30:44.397 E/TrackedObjectManager( 2832): Failed to connect to TrackedObjectService with error Status(-129, EX_TRANSACTION_FAILED): 'DEAD_OBJECT: '
12-06 14:30:44.397 W/OSDynamicObjectDataQuerier( 2832): Attempted to start tracking objects when tracker was already started
12-06 14:30:44.397 E/TrackedObjectManager( 2832): Failed to connect to TrackedObjectService with error Status(-129, EX_TRANSACTION_FAILED): 'DEAD_OBJECT: '
12-06 14:30:44.397 E/TrackedObjectManager( 2832): Failed to start tracking keyboard object with error Status(-129, EX_TRANSACTION_FAILED): 'DEAD_OBJECT: '
12-06 14:30:44.401 I/ApplicationAttributes(19532): IsPrivileged 0
12-06 14:30:44.401 I/OpenXR  (19532): Is_X_PartnerGateKeeper
12-06 14:30:44.401 I/OpenXR  (19532): PGK Status: exp = 0, dc = true
12-06 14:30:44.401 I/OpenXR  (19532): Extension status: APC
12-06 14:30:44.403 I/ApplicationAttributes(19532): IsSystem 0
12-06 14:30:44.403 I/MRSS    ( 1157): MIXEDREALITY: MrService: renderIteration: (every 10 seconds), screen is: ON, PT is: OFF, Depth is: OFF
12-06 14:30:44.401 W/Thread-4(19532): type=1400 audit(0.0:1506): avc:  denied  { search } for  name="soc0" dev="sysfs" ino=67225 scontext=u:r:untrusted_app:s0:c176,c256,c512,c768 tcontext=u:object_r:vendor_sysfs_soc:s0 tclass=dir permissive=0 app=com.example.moonlight_spatialsdk
12-06 14:30:44.401 W/Thread-4(19532): type=1400 audit(0.0:1507): avc:  denied  { search } for  name="soc0" dev="sysfs" ino=67225 scontext=u:r:untrusted_app:s0:c176,c256,c512,c768 tcontext=u:object_r:vendor_sysfs_soc:s0 tclass=dir permissive=0 app=com.example.moonlight_spatialsdk
12-06 14:30:44.401 W/Thread-4(19532): type=1400 audit(0.0:1508): avc:  denied  { search } for  name="soc0" dev="sysfs" ino=67225 scontext=u:r:untrusted_app:s0:c176,c256,c512,c768 tcontext=u:object_r:vendor_sysfs_soc:s0 tclass=dir permissive=0 app=com.example.moonlight_spatialsdk
12-06 14:30:44.404 E/libosutils(19532): Failed to get real path of file '/sys/devices/soc0/oem_variant', err: Permission denied
12-06 14:30:44.404 E/libosutils(19532): Failed to get real path of file '/sys/devices/soc0/platform_subtype_id', err: Permission denied
12-06 14:30:44.404 E/libosutils(19532): Failed to get real path of file '/sys/devices/soc0/platform_version', err: Permission denied
12-06 14:30:44.404 W/libdeviceid(19532): DeviceId unknown with subtype FFFFFFFF and version: 0xFFFFFFFF
12-06 14:30:44.408 E/VrDeviceManagerService( 1166): Permission denied: process 19532 (uid 10176) doesn't have the required permission: horizonos.permission.SET_VR_DEVICE_PARAMS
12-06 14:30:44.408 E/VrDeviceManagerService( 1166): Permission denied: process 19532 (uid 10176) doesn't have the required permission: horizonos.permission.READ_VR_DEVICE_PARAMS
12-06 14:30:44.408 E/VrDeviceManagerService( 1166): Permission denied: process 19532 (uid 10176) doesn't have the required permission: horizonos.permission.SET_VR_DEVICE_PARAMS
12-06 14:30:44.408 E/VrDeviceManagerService( 1166): Permission denied: process 19532 (uid 10176) doesn't have the required permission: horizonos.permission.READ_VR_DEVICE_PARAMS
12-06 14:30:44.408 E/VrDeviceManagerService( 1166): Permission denied: process 19532 (uid 10176) doesn't have the required permission: horizonos.permission.SET_VR_DEVICE_PARAMS
12-06 14:30:44.408 E/VrDeviceManagerService( 1166): Permission denied: process 19532 (uid 10176) doesn't have the required permission: horizonos.permission.READ_VR_DEVICE_PARAMS
12-06 14:30:44.409 E/VrDeviceManagerService( 1166): Permission denied: process 19532 (uid 10176) doesn't have the required permission: horizonos.permission.SET_VR_DEVICE_PARAMS
12-06 14:30:44.409 E/VrDeviceManagerService( 1166): Permission denied: process 19532 (uid 10176) doesn't have the required permission: horizonos.permission.READ_VR_DEVICE_PARAMS
12-06 14:30:44.410 E/VrDeviceManagerService( 1166): Permission denied: process 19532 (uid 10176) doesn't have the required permission: horizonos.permission.SET_VR_DEVICE_PARAMS
12-06 14:30:44.410 E/VrDeviceManagerService( 1166): Permission denied: process 19532 (uid 10176) doesn't have the required permission: horizonos.permission.READ_VR_DEVICE_PARAMS
12-06 14:30:44.410 W/libc    (19532): Access denied finding property "ro.vendor.product.model_extended"
12-06 14:30:44.411 I/OpenXR  (19532): xrEnumerateInstanceExtensionProperties: skipping extension=`XR_FBX1_hand_tracking_confidence` due to: Tier=50 extState=APC deviceIsExpEnabled=false expManifestSet=true isFirstPartyApp=false isSystemApp=false
12-06 14:30:44.411 I/OpenXR  (19532): xrEnumerateInstanceExtensionProperties: skipping extension=`XR_METAX1_hand_tracking_joint_visibility` due to: Tier=50 extState=APC deviceIsExpEnabled=false expManifestSet=true isFirstPartyApp=false isSystemApp=false
12-06 14:30:44.411 I/OpenXR  (19532): xrEnumerateInstanceExtensionProperties: skipping extension=`XR_METAX2_hand_tracking_microgestures` due to: Tier=50 extState=APC deviceIsExpEnabled=false expManifestSet=true isFirstPartyApp=false isSystemApp=false
12-06 14:30:44.411 I/OpenXR  (19532): xrEnumerateInstanceExtensionProperties: skipping extension=`XR_METAX1_full_body_tracking` due to: Tier=50 extState=APC deviceIsExpEnabled=false expManifestSet=true isFirstPartyApp=false isSystemApp=false
12-06 14:30:44.411 E/TrackedObjectManager( 2832): Failed to connect to TrackedObjectService with error Status(-129, EX_TRANSACTION_FAILED): 'DEAD_OBJECT: '
12-06 14:30:44.411 W/OSDynamicObjectDataQuerier( 2832): Attempted to start tracking objects when tracker was already started
12-06 14:30:44.411 I/OpenXR  (19532): xrEnumerateInstanceExtensionProperties: skipping extension=`XR_META_body_tracking_full_body` due to: missing uses-feature string `com.oculus.software.body_tracking` from AndroidManifest
12-06 14:30:44.411 E/TrackedObjectManager( 2832): Failed to connect to TrackedObjectService with error Status(-129, EX_TRANSACTION_FAILED): 'DEAD_OBJECT: '
12-06 14:30:44.411 E/TrackedObjectManager( 2832): Failed to start tracking keyboard object with error Status(-129, EX_TRANSACTION_FAILED): 'DEAD_OBJECT: '
12-06 14:30:44.411 I/OpenXR  (19532): xrEnumerateInstanceExtensionProperties: skipping extension=`XR_FB_body_tracking` due to: missing uses-feature string `com.oculus.software.body_tracking` from AndroidManifest
12-06 14:30:44.411 I/OpenXR  (19532): xrEnumerateInstanceExtensionProperties: skipping extension=`XR_FBX1_body_tracking_config` due to: Tier=55 extState=APC deviceIsExpEnabled=false expManifestSet=true isFirstPartyApp=false isSystemApp=false
12-06 14:30:44.411 I/OpenXR  (19532): Checking for permission horizonos.permission.USE_ANCHOR_API of package com.example.moonlight_spatialsdk
12-06 14:30:44.413 D/CompatibilityChangeReporter(19532): Compat change id reported: 247079863; UID 10176; state: ENABLED
12-06 14:30:44.415 I/OpenXR  (19532): Required permission horizonos.permission.USE_ANCHOR_API is missing, retrying check as com.oculus.permission.USE_ANCHOR_API -> 0
12-06 14:30:44.415 I/OpenXR  (19532): xrEnumerateInstanceExtensionProperties: skipping extension=`XR_FB_spatial_entity` due to: missing uses-permission string `horizonos.permission.USE_ANCHOR_API` from AndroidManifest in package `com.example.moonlight_spatialsdk`
12-06 14:30:44.415 I/OpenXR  (19532): Checking for permission com.oculus.permission.RENDER_MODEL of package com.example.moonlight_spatialsdk
12-06 14:30:44.415 I/OpenXR  (19532): checkTrexKillswitchGk 'oculus_trex_render_model_killsw' = false
12-06 14:30:44.415 I/OpenXR  (19532): PassesGKKillswitch 1
12-06 14:30:44.415 I/OpenXR  (19532): Checking for permission horizonos.permission.USE_ANCHOR_API of package com.example.moonlight_spatialsdk
12-06 14:30:44.417 I/OpenXR  (19532): Required permission horizonos.permission.USE_ANCHOR_API is missing, retrying check as com.oculus.permission.USE_ANCHOR_API -> 0
12-06 14:30:44.417 I/OpenXR  (19532): xrEnumerateInstanceExtensionProperties: skipping extension=`XR_FB_spatial_entity_query` due to: missing uses-permission string `horizonos.permission.USE_ANCHOR_API` from AndroidManifest in package `com.example.moonlight_spatialsdk`
12-06 14:30:44.417 I/OpenXR  (19532): Checking for permission horizonos.permission.USE_ANCHOR_API of package com.example.moonlight_spatialsdk
12-06 14:30:44.419 I/OpenXR  (19532): Required permission horizonos.permission.USE_ANCHOR_API is missing, retrying check as com.oculus.permission.USE_ANCHOR_API -> 0
12-06 14:30:44.419 I/OpenXR  (19532): xrEnumerateInstanceExtensionProperties: skipping extension=`XR_META_spatial_entity_persistence` due to: missing uses-permission string `horizonos.permission.USE_ANCHOR_API` from AndroidManifest in package `com.example.moonlight_spatialsdk`
12-06 14:30:44.419 I/OpenXR  (19532): xrEnumerateInstanceExtensionProperties: skipping extension=`XR_METAX1_spatial_entity_room_sharing` due to: Tier=50 extState=APC deviceIsExpEnabled=false expManifestSet=true isFirstPartyApp=false isSystemApp=false
12-06 14:30:44.419 I/OpenXR  (19532): Checking for permission horizonos.permission.USE_ANCHOR_API of package com.example.moonlight_spatialsdk
12-06 14:30:44.420 I/OpenXR  (19532): Required permission horizonos.permission.USE_ANCHOR_API is missing, retrying check as com.oculus.permission.USE_ANCHOR_API -> 0
12-06 14:30:44.420 I/OpenXR  (19532): xrEnumerateInstanceExtensionProperties: skipping extension=`XR_META_spatial_entity_discovery` due to: missing uses-permission string `horizonos.permission.USE_ANCHOR_API` from AndroidManifest in package `com.example.moonlight_spatialsdk`
12-06 14:30:44.420 I/OpenXR  (19532): xrEnumerateInstanceExtensionProperties: skipping extension=`XR_FBX1_touch_controller_extras` due to: Tier=40 extState=APC deviceIsExpEnabled=false expManifestSet=true isFirstPartyApp=false isSystemApp=false
12-06 14:30:44.420 I/OpenXR  (19532): xrEnumerateInstanceExtensionProperties: skipping extension=`XR_FBX3_touch_controller_pro` due to: Tier=55 extState=APC deviceIsExpEnabled=false expManifestSet=true isFirstPartyApp=false isSystemApp=false
12-06 14:30:44.420 I/OpenXR  (19532): xrEnumerateInstanceExtensionProperties: skipping extension=`XR_FBX1_touch_controller_pro` due to: Tier=55 extState=APC deviceIsExpEnabled=false expManifestSet=true isFirstPartyApp=false isSystemApp=false
12-06 14:30:44.420 I/OpenXR  (19532): xrEnumerateInstanceExtensionProperties: skipping extension=`XR_FBX1_haptic_amplitude_envelope` due to: Tier=55 extState=APC deviceIsExpEnabled=false expManifestSet=true isFirstPartyApp=false isSystemApp=false
12-06 14:30:44.420 I/OpenXR  (19532): xrEnumerateInstanceExtensionProperties: skipping extension=`XR_FBX1_haptic_tone` due to: Tier=55 extState=APC deviceIsExpEnabled=false expManifestSet=true isFirstPartyApp=false isSystemApp=false
12-06 14:30:44.421 I/OpenXR  (19532): Checking for permission horizonos.permission.USE_ANCHOR_API of package com.example.moonlight_spatialsdk
12-06 14:30:44.422 I/OpenXR  (19532): Required permission horizonos.permission.USE_ANCHOR_API is missing, retrying check as com.oculus.permission.USE_ANCHOR_API -> 0
12-06 14:30:44.422 I/OpenXR  (19532): xrEnumerateInstanceExtensionProperties: skipping extension=`XR_FB_spatial_entity_storage` due to: missing uses-permission string `horizonos.permission.USE_ANCHOR_API` from AndroidManifest in package `com.example.moonlight_spatialsdk`
12-06 14:30:44.422 I/OpenXR  (19532): Checking for permission horizonos.permission.USE_ANCHOR_API of package com.example.moonlight_spatialsdk
12-06 14:30:44.424 I/OpenXR  (19532): Required permission horizonos.permission.USE_ANCHOR_API is missing, retrying check as com.oculus.permission.USE_ANCHOR_API -> 0
12-06 14:30:44.424 I/OpenXR  (19532): xrEnumerateInstanceExtensionProperties: skipping extension=`XR_FB_spatial_entity_storage_batch` due to: missing uses-permission string `horizonos.permission.USE_ANCHOR_API` from AndroidManifest in package `com.example.moonlight_spatialsdk`
12-06 14:30:44.424 I/OpenXR  (19532): Checking for permission horizonos.permission.IMPORT_EXPORT_IOT_MAP_DATA of package com.example.moonlight_spatialsdk
12-06 14:30:44.425 E/TrackedObjectManager( 2832): Failed to connect to TrackedObjectService with error Status(-129, EX_TRANSACTION_FAILED): 'DEAD_OBJECT: '
12-06 14:30:44.425 W/OSDynamicObjectDataQuerier( 2832): Tracker stopped running without input server stopping it, attempting restart
12-06 14:30:44.425 W/OSDynamicObjectDataQuerier( 2832): Attempted to start tracking objects when tracker was already started
12-06 14:30:44.425 E/TrackedObjectManager( 2832): Failed to connect to TrackedObjectService with error Status(-129, EX_TRANSACTION_FAILED): 'DEAD_OBJECT: '
12-06 14:30:44.425 E/TrackedObjectManager( 2832): Failed to start tracking keyboard object with error Status(-129, EX_TRANSACTION_FAILED): 'DEAD_OBJECT: '
12-06 14:30:44.426 I/OpenXR  (19532): Required permission horizonos.permission.IMPORT_EXPORT_IOT_MAP_DATA is missing, retrying check as com.oculus.permission.IMPORT_EXPORT_IOT_MAP_DATA -> 0
12-06 14:30:44.426 I/OpenXR  (19532): xrEnumerateInstanceExtensionProperties: skipping extension=`XR_FB_spatial_entity_sharing` due to: missing uses-permission string `horizonos.permission.IMPORT_EXPORT_IOT_MAP_DATA` from AndroidManifest in package `com.example.moonlight_spatialsdk`
12-06 14:30:44.426 I/OpenXR  (19532): Checking for permission horizonos.permission.IMPORT_EXPORT_IOT_MAP_DATA of package com.example.moonlight_spatialsdk
12-06 14:30:44.428 I/OpenXR  (19532): Required permission horizonos.permission.IMPORT_EXPORT_IOT_MAP_DATA is missing, retrying check as com.oculus.permission.IMPORT_EXPORT_IOT_MAP_DATA -> 0
12-06 14:30:44.428 I/OpenXR  (19532): xrEnumerateInstanceExtensionProperties: skipping extension=`XR_META_spatial_entity_sharing` due to: missing uses-permission string `horizonos.permission.IMPORT_EXPORT_IOT_MAP_DATA` from AndroidManifest in package `com.example.moonlight_spatialsdk`
12-06 14:30:44.428 I/OpenXR  (19532): Checking for permission horizonos.permission.IMPORT_EXPORT_IOT_MAP_DATA of package com.example.moonlight_spatialsdk
12-06 14:30:44.430 I/OpenXR  (19532): Required permission horizonos.permission.IMPORT_EXPORT_IOT_MAP_DATA is missing, retrying check as com.oculus.permission.IMPORT_EXPORT_IOT_MAP_DATA -> 0
12-06 14:30:44.430 I/OpenXR  (19532): xrEnumerateInstanceExtensionProperties: skipping extension=`XR_META_spatial_entity_group_sharing` due to: missing uses-permission string `horizonos.permission.IMPORT_EXPORT_IOT_MAP_DATA` from AndroidManifest in package `com.example.moonlight_spatialsdk`
12-06 14:30:44.430 I/OpenXR  (19532): Checking for permission horizonos.permission.USE_ANCHOR_API of package com.example.moonlight_spatialsdk
12-06 14:30:44.431 I/OpenXR  (19532): Required permission horizonos.permission.USE_ANCHOR_API is missing, retrying check as com.oculus.permission.USE_ANCHOR_API -> 0
12-06 14:30:44.431 I/OpenXR  (19532): xrEnumerateInstanceExtensionProperties: skipping extension=`XR_FB_spatial_entity_container` due to: missing uses-permission string `horizonos.permission.USE_ANCHOR_API` from AndroidManifest in package `com.example.moonlight_spatialsdk`
12-06 14:30:44.431 I/OpenXR  (19532): Checking for permission com.oculus.permission.USE_COLOCATION_DISCOVERY_API of package com.example.moonlight_spatialsdk
12-06 14:30:44.432 I/OpenXR  (19532): xrEnumerateInstanceExtensionProperties: skipping extension=`XR_META_colocation_discovery` due to: missing uses-permission string `com.oculus.permission.USE_COLOCATION_DISCOVERY_API` from AndroidManifest in package `com.example.moonlight_spatialsdk`
12-06 14:30:44.432 I/OpenXR  (19532): Checking for permission horizonos.permission.USE_ANCHOR_API of package com.example.moonlight_spatialsdk
12-06 14:30:44.434 I/OpenXR  (19532): Required permission horizonos.permission.USE_ANCHOR_API is missing, retrying check as com.oculus.permission.USE_ANCHOR_API -> 0
12-06 14:30:44.434 I/OpenXR  (19532): xrEnumerateInstanceExtensionProperties: skipping extension=`XR_FB_scene` due to: missing uses-permission string `horizonos.permission.USE_ANCHOR_API` from AndroidManifest in package `com.example.moonlight_spatialsdk`
12-06 14:30:44.434 I/OpenXR  (19532): Checking for permission horizonos.permission.USE_ANCHOR_API of package com.example.moonlight_spatialsdk
12-06 14:30:44.436 I/OpenXR  (19532): Required permission horizonos.permission.USE_ANCHOR_API is missing, retrying check as com.oculus.permission.USE_ANCHOR_API -> 0
12-06 14:30:44.436 I/OpenXR  (19532): xrEnumerateInstanceExtensionProperties: skipping extension=`XR_FB_scene_capture` due to: missing uses-permission string `horizonos.permission.USE_ANCHOR_API` from AndroidManifest in package `com.example.moonlight_spatialsdk`
12-06 14:30:44.436 I/OpenXR  (19532): xrEnumerateInstanceExtensionProperties: skipping extension=`XR_FBX1_plane` due to: Tier=55 extState=APC deviceIsExpEnabled=false expManifestSet=true isFirstPartyApp=false isSystemApp=false
12-06 14:30:44.436 I/OpenXR  (19532): xrEnumerateInstanceExtensionProperties: skipping extension=`XR_METAX1_spatial_entity_mesh` due to: Tier=50 extState=APC deviceIsExpEnabled=false expManifestSet=true isFirstPartyApp=false isSystemApp=false
12-06 14:30:44.436 I/OpenXR  (19532): Checking for permission horizonos.permission.USE_SCENE of package com.example.moonlight_spatialsdk
12-06 14:30:44.437 I/OpenXR  (19532): Required permission horizonos.permission.USE_SCENE is missing, retrying check as com.oculus.permission.USE_SCENE -> 0
12-06 14:30:44.437 I/OpenXR  (19532): xrEnumerateInstanceExtensionProperties: skipping extension=`XR_META_spatial_entity_mesh` due to: missing uses-permission string `horizonos.permission.USE_SCENE` from AndroidManifest in package `com.example.moonlight_spatialsdk`
12-06 14:30:44.437 I/OpenXR  (19532): xrEnumerateInstanceExtensionProperties: skipping extension=`XR_METAX2_spatial_entity_room_mesh` due to: Tier=50 extState=APC deviceIsExpEnabled=false expManifestSet=true isFirstPartyApp=false isSystemApp=false
12-06 14:30:44.437 I/OpenXR  (19532): Checking for permission horizonos.permission.USE_SCENE of package com.example.moonlight_spatialsdk
12-06 14:30:44.439 E/TrackedObjectManager( 2832): Failed to connect to TrackedObjectService with error Status(-129, EX_TRANSACTION_FAILED): 'DEAD_OBJECT: '
12-06 14:30:44.439 W/OSDynamicObjectDataQuerier( 2832): Attempted to start tracking objects when tracker was already started
12-06 14:30:44.439 E/TrackedObjectManager( 2832): Failed to connect to TrackedObjectService with error Status(-129, EX_TRANSACTION_FAILED): 'DEAD_OBJECT: '
12-06 14:30:44.439 I/OpenXR  (19532): Required permission horizonos.permission.USE_SCENE is missing, retrying check as com.oculus.permission.USE_SCENE -> 0
12-06 14:30:44.439 E/TrackedObjectManager( 2832): Failed to start tracking keyboard object with error Status(-129, EX_TRANSACTION_FAILED): 'DEAD_OBJECT: '
12-06 14:30:44.439 I/OpenXR  (19532): xrEnumerateInstanceExtensionProperties: skipping extension=`XR_META_spatial_entity_room_mesh` due to: missing uses-permission string `horizonos.permission.USE_SCENE` from AndroidManifest in package `com.example.moonlight_spatialsdk`
12-06 14:30:44.439 I/OpenXR  (19532): xrEnumerateInstanceExtensionProperties: skipping extension=`XR_FB_face_tracking` due to: missing uses-feature string `oculus.software.face_tracking` from AndroidManifest
12-06 14:30:44.439 I/OpenXR  (19532): xrEnumerateInstanceExtensionProperties: skipping extension=`XR_FB_face_tracking2` due to: missing uses-feature string `oculus.software.face_tracking` from AndroidManifest
12-06 14:30:44.439 I/OpenXR  (19532): xrEnumerateInstanceExtensionProperties: skipping extension=`XR_METAX1_face_tracking_visemes` due to: Tier=50 extState=APC deviceIsExpEnabled=false expManifestSet=true isFirstPartyApp=false isSystemApp=false
12-06 14:30:44.439 I/OpenXR  (19532): xrEnumerateInstanceExtensionProperties: skipping extension=`XR_META_face_tracking_visemes` due to: missing uses-feature string `oculus.software.face_tracking` from AndroidManifest
12-06 14:30:44.439 I/OpenXR  (19532): xrEnumerateInstanceExtensionProperties: skipping extension=`XR_FBX1_face_tracking_config` due to: Tier=55 extState=APC deviceIsExpEnabled=false expManifestSet=true isFirstPartyApp=false isSystemApp=false
12-06 14:30:44.439 I/OpenXR  (19532): xrEnumerateInstanceExtensionProperties: skipping extension 'XR_META_local_dimming' as device requirements requirements (16) are not met.
12-06 14:30:44.439 I/OpenXR  (19532): xrEnumerateInstanceExtensionProperties: skipping extension=`XR_METAX1_local_dimming` due to: Tier=55 extState=APC deviceIsExpEnabled=false expManifestSet=true isFirstPartyApp=false isSystemApp=false
12-06 14:30:44.439 I/OpenXR  (19532): xrEnumerateInstanceExtensionProperties: skipping extension=`XR_META_foveation_eye_tracked` due to: missing uses-feature string `oculus.software.eye_tracking` from AndroidManifest
12-06 14:30:44.439 I/OpenXR  (19532): xrEnumerateInstanceExtensionProperties: skipping extension=`XR_FBX1_eye_tracking` due to: Tier=55 extState=APC deviceIsExpEnabled=false expManifestSet=true isFirstPartyApp=false isSystemApp=false
12-06 14:30:44.439 I/OpenXR  (19532): xrEnumerateInstanceExtensionProperties: skipping extension=`XR_FBX1_eye_tracking_social` due to: Tier=55 extState=APC deviceIsExpEnabled=false expManifestSet=true isFirstPartyApp=false isSystemApp=false
12-06 14:30:44.439 I/OpenXR  (19532): xrEnumerateInstanceExtensionProperties: skipping extension=`XR_FB_eye_tracking_social` due to: missing uses-feature string `oculus.software.eye_tracking` from AndroidManifest
12-06 14:30:44.439 I/OpenXR  (19532): xrEnumerateInstanceExtensionProperties: skipping extension=`XR_FBX1_eye_tracking_social_config` due to: Tier=55 extState=APC deviceIsExpEnabled=false expManifestSet=true isFirstPartyApp=false isSystemApp=false
12-06 14:30:44.439 I/OpenXR  (19532): xrEnumerateInstanceExtensionProperties: skipping extension=`XR_FBX1_composition_layer_settings` due to: Tier=40 extState=APC deviceIsExpEnabled=false expManifestSet=true isFirstPartyApp=false isSystemApp=false
12-06 14:30:44.439 I/OpenXR  (19532): xrEnumerateInstanceExtensionProperties: skipping extension=`XR_METAX1_feature_fidelity` due to: Tier=55 extState=APC deviceIsExpEnabled=false expManifestSet=true isFirstPartyApp=false isSystemApp=false
12-06 14:30:44.439 I/OpenXR  (19532): xrEnumerateInstanceExtensionProperties: skipping extension=`XR_FBX1_composition_layer_depth_test` due to: Tier=40 extState=APC deviceIsExpEnabled=false expManifestSet=true isFirstPartyApp=false isSystemApp=false
12-06 14:30:44.439 I/OpenXR  (19532): Checking for permission horizonos.permission.EYE_TRACKING of package com.example.moonlight_spatialsdk
12-06 14:30:44.440 I/OpenXR  (19532): Required permission horizonos.permission.EYE_TRACKING is missing, retrying check as com.oculus.permission.EYE_TRACKING -> 0
12-06 14:30:44.440 I/OpenXR  (19532): xrEnumerateInstanceExtensionProperties: skipping extension=`XR_EXT_eye_gaze_interaction` due to: missing uses-permission string `horizonos.permission.EYE_TRACKING` from AndroidManifest in package `com.example.moonlight_spatialsdk`
12-06 14:30:44.440 I/OpenXR  (19532): xrEnumerateInstanceExtensionProperties: skipping extension=`XR_METAX1_hand_tracking_body_fusion` due to: Tier=50 extState=APC deviceIsExpEnabled=false expManifestSet=true isFirstPartyApp=false isSystemApp=false
12-06 14:30:44.441 I/OpenXR  (19532): xrEnumerateInstanceExtensionProperties: skipping extension=`XR_META_hand_tracking_wide_motion_mode` due to: missing uses-feature string `com.oculus.software.body_tracking` from AndroidManifest
12-06 14:30:44.441 I/OpenXR  (19532): xrEnumerateInstanceExtensionProperties: skipping extension=`XR_METAX1_hand_tracking_wide_motion_mode2` due to: Tier=50 extState=APC deviceIsExpEnabled=false expManifestSet=true isFirstPartyApp=false isSystemApp=false
12-06 14:30:44.441 I/OpenXR  (19532): xrEnumerateInstanceExtensionProperties: skipping extension=`XR_METAX1_hand_tracking_frequency_hint` due to: Tier=50 extState=APC deviceIsExpEnabled=false expManifestSet=true isFirstPartyApp=false isSystemApp=false
12-06 14:30:44.441 I/OpenXR  (19532): xrEnumerateInstanceExtensionProperties: skipping extension=`XR_METAX1_hand_tracking_unextrapolated_poses` due to: Tier=50 extState=APC deviceIsExpEnabled=false expManifestSet=true isFirstPartyApp=false isSystemApp=false
12-06 14:30:44.441 I/OpenXR  (19532): xrEnumerateInstanceExtensionProperties: skipping extension=`XR_EXTX1_hand_tracking_data_source` due to: Tier=40 extState=APC deviceIsExpEnabled=false expManifestSet=true isFirstPartyApp=false isSystemApp=false
12-06 14:30:44.441 I/OpenXR  (19532): xrEnumerateInstanceExtensionProperties: skipping extension=`XR_METAX1_performance_metrics` due to: Tier=40 extState=APC deviceIsExpEnabled=false expManifestSet=true isFirstPartyApp=false isSystemApp=false
12-06 14:30:44.441 I/OpenXR  (19532): xrEnumerateInstanceExtensionProperties: skipping extension=`XR_METAX1_spatial_entity_marker` due to: Tier=40 extState=APC deviceIsExpEnabled=false expManifestSet=true isFirstPartyApp=false isSystemApp=false
12-06 14:30:44.441 I/OpenXR  (19532): xrEnumerateInstanceExtensionProperties: skipping extension=`XR_METAX1_virtual_keyboard` due to: Tier=40 extState=APC deviceIsExpEnabled=false expManifestSet=true isFirstPartyApp=false isSystemApp=false
12-06 14:30:44.441 I/OpenXR  (19532): xrEnumerateInstanceExtensionProperties: skipping extension=`XR_METAX2_virtual_keyboard` due to: Tier=40 extState=APC deviceIsExpEnabled=false expManifestSet=true isFirstPartyApp=false isSystemApp=false
12-06 14:30:44.441 I/OpenXR  (19532): xrEnumerateInstanceExtensionProperties: skipping extension=`XR_METAX1_fitness_toolkit` due to: Tier=50 extState=APC deviceIsExpEnabled=false expManifestSet=true isFirstPartyApp=false isSystemApp=false
12-06 14:30:44.441 I/OpenXR  (19532): xrEnumerateInstanceExtensionProperties: skipping extension=`XR_EXTX1_event_channel` due to: Tier=40 extState=APC deviceIsExpEnabled=false expManifestSet=true isFirstPartyApp=false isSystemApp=false
12-06 14:30:44.441 I/OpenXR  (19532): xrEnumerateInstanceExtensionProperties: skipping extension=`XR_METAX1_environment_depth` due to: Tier=40 extState=APC deviceIsExpEnabled=false expManifestSet=true isFirstPartyApp=false isSystemApp=false
12-06 14:30:44.441 I/OpenXR  (19532): xrEnumerateInstanceExtensionProperties: skipping extension=`XR_METAX2_environment_depth` due to: Tier=40 extState=APC deviceIsExpEnabled=false expManifestSet=true isFirstPartyApp=false isSystemApp=false
12-06 14:30:44.441 I/OpenXR  (19532): Checking for permission horizonos.permission.USE_SCENE of package com.example.moonlight_spatialsdk
12-06 14:30:44.442 I/OpenXR  (19532): Required permission horizonos.permission.USE_SCENE is missing, retrying check as com.oculus.permission.USE_SCENE -> 0
12-06 14:30:44.442 I/OpenXR  (19532): xrEnumerateInstanceExtensionProperties: skipping extension=`XR_META_environment_depth` due to: missing uses-permission string `horizonos.permission.USE_SCENE` from AndroidManifest in package `com.example.moonlight_spatialsdk`
12-06 14:30:44.442 I/OpenXR  (19532): Checking for permission horizonos.permission.USE_SCENE of package com.example.moonlight_spatialsdk
12-06 14:30:44.443 I/OpenXR  (19532): Required permission horizonos.permission.USE_SCENE is missing, retrying check as com.oculus.permission.USE_SCENE -> 0
12-06 14:30:44.443 I/OpenXR  (19532): xrEnumerateInstanceExtensionProperties: skipping extension=`XR_META_environment_raycast` due to: missing uses-permission string `horizonos.permission.USE_SCENE` from AndroidManifest in package `com.example.moonlight_spatialsdk`
12-06 14:30:44.443 I/OpenXR  (19532): xrEnumerateInstanceExtensionProperties: skipping extension=`XR_METAX1_automatic_layer_filter` due to: Tier=50 extState=APC deviceIsExpEnabled=false expManifestSet=true isFirstPartyApp=false isSystemApp=false
12-06 14:30:44.443 I/OpenXR  (19532): xrEnumerateInstanceExtensionProperties: skipping extension=`XR_METAX1_body_tracking_fidelity` due to: Tier=50 extState=APC deviceIsExpEnabled=false expManifestSet=true isFirstPartyApp=false isSystemApp=false
12-06 14:30:44.443 I/OpenXR  (19532): xrEnumerateInstanceExtensionProperties: skipping extension=`XR_META_body_tracking_fidelity` due to: missing uses-feature string `com.oculus.software.body_tracking` from AndroidManifest
12-06 14:30:44.443 I/OpenXR  (19532): xrEnumerateInstanceExtensionProperties: skipping extension=`XR_METAX1_body_tracking_calibration` due to: Tier=50 extState=APC deviceIsExpEnabled=false expManifestSet=true isFirstPartyApp=false isSystemApp=false
12-06 14:30:44.443 I/OpenXR  (19532): xrEnumerateInstanceExtensionProperties: skipping extension=`XR_META_body_tracking_calibration` due to: missing uses-feature string `com.oculus.software.body_tracking` from AndroidManifest
12-06 14:30:44.443 I/OpenXR  (19532): xrEnumerateInstanceExtensionProperties: skipping extension=`XR_METAX1_view_locate_stabilization` due to: Tier=50 extState=APC deviceIsExpEnabled=false expManifestSet=true isFirstPartyApp=false isSystemApp=false
12-06 14:30:44.443 I/OpenXR  (19532): xrEnumerateInstanceExtensionProperties: skipping extension=`XR_METAX1_boundary_visibility` due to: Tier=50 extState=APC deviceIsExpEnabled=false expManifestSet=true isFirstPartyApp=false isSystemApp=false
12-06 14:30:44.443 I/OpenXR  (19532): Checking for permission com.oculus.permission.BOUNDARY_VISIBILITY of package com.example.moonlight_spatialsdk
12-06 14:30:44.444 I/OpenXR  (19532): xrEnumerateInstanceExtensionProperties: skipping extension=`XR_META_boundary_visibility` due to: missing uses-permission string `com.oculus.permission.BOUNDARY_VISIBILITY` from AndroidManifest in package `com.example.moonlight_spatialsdk`
12-06 14:30:44.444 I/OpenXR  (19532): xrEnumerateInstanceExtensionProperties: skipping extension=`XR_METAX1_dynamic_object_tracker` due to: Tier=40 extState=APC deviceIsExpEnabled=false expManifestSet=true isFirstPartyApp=false isSystemApp=false
12-06 14:30:44.444 I/OpenXR  (19532): Checking for permission horizonos.permission.USE_SCENE of package com.example.moonlight_spatialsdk
12-06 14:30:44.445 I/OpenXR  (19532): Required permission horizonos.permission.USE_SCENE is missing, retrying check as com.oculus.permission.USE_SCENE -> 0
12-06 14:30:44.445 I/OpenXR  (19532): xrEnumerateInstanceExtensionProperties: skipping extension=`XR_META_dynamic_object_tracker` due to: missing uses-permission string `horizonos.permission.USE_SCENE` from AndroidManifest in package `com.example.moonlight_spatialsdk`
12-06 14:30:44.445 I/OpenXR  (19532): Checking for permission horizonos.permission.USE_SCENE of package com.example.moonlight_spatialsdk
12-06 14:30:44.446 I/OpenXR  (19532): Required permission horizonos.permission.USE_SCENE is missing, retrying check as com.oculus.permission.USE_SCENE -> 0
12-06 14:30:44.446 I/OpenXR  (19532): xrEnumerateInstanceExtensionProperties: skipping extension=`XR_META_dynamic_object_keyboard` due to: missing uses-permission string `horizonos.permission.USE_SCENE` from AndroidManifest in package `com.example.moonlight_spatialsdk`
12-06 14:30:44.446 I/OpenXR  (19532): xrEnumerateInstanceExtensionProperties: skipping extension=`XR_METAX2_temporal_antialiasing` due to: Tier=50 extState=APC deviceIsExpEnabled=false expManifestSet=true isFirstPartyApp=false isSystemApp=false
12-06 14:30:44.446 I/OpenXR  (19532): xrEnumerateInstanceExtensionProperties: skipping extension=`XR_METAX3_temporal_antialiasing` due to: Tier=50 extState=APC deviceIsExpEnabled=false expManifestSet=true isFirstPartyApp=false isSystemApp=false
12-06 14:30:44.446 I/OpenXR  (19532): xrEnumerateInstanceExtensionProperties: skipping extension=`XR_LOGITECHX1_kadavu_interaction` due to: Tier=50 extState=APC deviceIsExpEnabled=false expManifestSet=true isFirstPartyApp=false isSystemApp=false
12-06 14:30:44.446 I/OpenXR  (19532): xrEnumerateInstanceExtensionProperties: skipping extension=`XR_METAX1_performance_modes` due to: Tier=50 extState=APC deviceIsExpEnabled=false expManifestSet=true isFirstPartyApp=false isSystemApp=false
12-06 14:30:44.446 I/OpenXR  (19532): xrEnumerateInstanceExtensionProperties: skipping extension=`XR_METAX2_colocation` due to: Tier=50 extState=APC deviceIsExpEnabled=false expManifestSet=true isFirstPartyApp=false isSystemApp=false
12-06 14:30:44.446 I/OpenXR  (19532): xrEnumerateInstanceExtensionProperties: skipping extension=`XR_METAX2_debug_utils_region_profiling` due to: Tier=50 extState=APC deviceIsExpEnabled=false expManifestSet=true isFirstPartyApp=false isSystemApp=false
12-06 14:30:44.446 I/OpenXR  (19532): xrEnumerateInstanceExtensionProperties: skipping extension=`XR_METAX1_swapchain_memory_aliased` due to: Tier=50 extState=APC deviceIsExpEnabled=false expManifestSet=true isFirstPartyApp=false isSystemApp=false
12-06 14:30:44.446 I/OpenXR  (19532): xrEnumerateInstanceExtensionProperties: skipping extension=`XR_EXTX2_stationary_reference_space` due to: Tier=40 extState=APC deviceIsExpEnabled=false expManifestSet=true isFirstPartyApp=false isSystemApp=false
12-06 14:30:44.446 I/OpenXR  (19532): Checking for permission horizonos.permission.USE_ANCHOR_API of package com.example.moonlight_spatialsdk
12-06 14:30:44.447 I/OpenXR  (19532): Required permission horizonos.permission.USE_ANCHOR_API is missing, retrying check as com.oculus.permission.USE_ANCHOR_API -> 0
12-06 14:30:44.447 I/OpenXR  (19532): xrEnumerateInstanceExtensionProperties: skipping extension=`XR_EXT_spatial_entity` due to: missing uses-permission string `horizonos.permission.USE_ANCHOR_API` from AndroidManifest in package `com.example.moonlight_spatialsdk`
12-06 14:30:44.447 I/OpenXR  (19532): Checking for permission horizonos.permission.USE_ANCHOR_API of package com.example.moonlight_spatialsdk
12-06 14:30:44.449 I/OpenXR  (19532): Required permission horizonos.permission.USE_ANCHOR_API is missing, retrying check as com.oculus.permission.USE_ANCHOR_API -> 0
12-06 14:30:44.449 I/OpenXR  (19532): xrEnumerateInstanceExtensionProperties: skipping extension=`XR_EXT_spatial_anchor` due to: missing uses-permission string `horizonos.permission.USE_ANCHOR_API` from AndroidManifest in package `com.example.moonlight_spatialsdk`
12-06 14:30:44.449 I/OpenXR  (19532): Checking for permission horizonos.permission.USE_SCENE of package com.example.moonlight_spatialsdk
12-06 14:30:44.450 I/OpenXR  (19532): Required permission horizonos.permission.USE_SCENE is missing, retrying check as com.oculus.permission.USE_SCENE -> 0
12-06 14:30:44.450 I/OpenXR  (19532): xrEnumerateInstanceExtensionProperties: skipping extension=`XR_EXT_spatial_plane_tracking` due to: missing uses-permission string `horizonos.permission.USE_SCENE` from AndroidManifest in package `com.example.moonlight_spatialsdk`
12-06 14:30:44.450 I/OpenXR  (19532): Checking for permission horizonos.permission.USE_ANCHOR_API of package com.example.moonlight_spatialsdk
12-06 14:30:44.451 I/OpenXR  (19532): Required permission horizonos.permission.USE_ANCHOR_API is missing, retrying check as com.oculus.permission.USE_ANCHOR_API -> 0
12-06 14:30:44.451 I/OpenXR  (19532): xrEnumerateInstanceExtensionProperties: skipping extension=`XR_EXT_spatial_persistence` due to: missing uses-permission string `horizonos.permission.USE_ANCHOR_API` from AndroidManifest in package `com.example.moonlight_spatialsdk`
12-06 14:30:44.451 I/OpenXR  (19532): Checking for permission horizonos.permission.USE_ANCHOR_API of package com.example.moonlight_spatialsdk
12-06 14:30:44.452 I/OpenXR  (19532): Required permission horizonos.permission.USE_ANCHOR_API is missing, retrying check as com.oculus.permission.USE_ANCHOR_API -> 0
