12-07 13:24:29.314 I/OpenXR-Loader(24960): Info [GENERAL | xrEnumerateInstanceExtensionProperties | OpenXR-Loader] : RuntimeManifestFile::FindManifestFiles - using global runtime file /odm/etc/openxr/1/active_runtime.aarch64.json
12-07 13:24:29.314 I/OpenXR-Loader(24960): Info [GENERAL |  | OpenXR-Loader] : RuntimeManifestFile::CreateIfValid - attempting to load /odm/etc/openxr/1/active_runtime.aarch64.json
12-07 13:24:29.316 I/OpenXR-Loader(24960): Info [GENERAL | xrEnumerateInstanceExtensionProperties | OpenXR-Loader] : RuntimeInterface::LoadRuntime forwarding xrInitializeLoaderKHR call to runtime before calling xrNegotiateLoaderRuntimeInterface.
12-07 13:24:29.316 V/OpenXR  (24960): OpenXRForwardLoader::xrInitializeLoaderKHR [start]
12-07 13:24:29.320 D/ApplicationLoaders(24960): Returning zygote-cached class loader: /system/framework/android.test.base.jar
12-07 13:24:29.320 D/ApplicationLoaders(24960): Returning zygote-cached class loader: /system/framework/android.hidl.manager-V1.0-java.jar
12-07 13:24:29.320 D/ApplicationLoaders(24960): Returning zygote-cached class loader: /system/framework/android.hidl.base-V1.0-java.jar
12-07 13:24:29.320 E/TrackedObjectManager( 2832): Failed to connect to TrackedObjectService with error Status(-129, EX_TRANSACTION_FAILED): 'DEAD_OBJECT: '
12-07 13:24:29.320 W/OSDynamicObjectDataQuerier( 2832): Attempted to start tracking objects when tracker was already started
12-07 13:24:29.320 E/TrackedObjectManager( 2832): Failed to connect to TrackedObjectService with error Status(-129, EX_TRANSACTION_FAILED): 'DEAD_OBJECT: '
12-07 13:24:29.320 E/TrackedObjectManager( 2832): Failed to start tracking keyboard object with error Status(-129, EX_TRANSACTION_FAILED): 'DEAD_OBJECT: '
12-07 13:24:29.322 D/nativeloader(24960): Configuring clns-shared-7 for other apk /system/framework/org.apache.http.legacy.jar. target_sdk_version=24, uses_libraries=ALL, library_path=/apex/com.meta.xr/priv-app/VrDriver/lib/arm64:/apex/com.meta.xr/priv-app/VrDriver/VrDriver.apk!/lib/arm64-v8a:/system/lib64:/system_ext/lib64:/apex/com.meta.xr/priv-app/VrDriver/VrDriver.apk!/lib/arm64-v8a, permitted_path=/data:/mnt/expand::/apex/com.meta.xr/priv-app/VrDriver:/system/lib64:/system_ext/lib64
12-07 13:24:29.322 D/nativeloader(24960): Extending system_exposed_libraries: libaudiotapper.oculus.so:libcalibrationmanager.oculus.so:libheadtracker.oculus.so:libinstsamp.oculus.so:libossdk.oculus.so:libparfait.oculus.so:libripcclient.oculus.so:libripcmanager.oculus.so:libsystemsensoraccess.oculus.so:libappsensoraccess.oculus.so:libOVRMrcLib.oculus.so:libxrstreaminghost.oculus.so:libhzos.meta.so:libhzos_featurejournal.meta.so:libhzos_gaze.meta.so:libhzos_orthofit.meta.so:libhzos_reportstatsevent.meta.so:libhzos_spaces.meta.so:libhzos_trackedinput.meta.so:libhzos_trackingclient.meta.so
12-07 13:24:29.325 I/AppsFilter( 1971): interaction: PackageSetting{4103608 com.example.moonlight_spatialsdk/10176} -> PackageSetting{9ff146a com.android.cts.priv.ctsshim/10005} BLOCKED
12-07 13:24:29.325 I/AppsFilter( 1971): interaction: PackageSetting{4103608 com.example.moonlight_spatialsdk/10176} -> PackageSetting{835210e com.oculus.avatareditor/10085} BLOCKED
12-07 13:24:29.325 I/AppsFilter( 1971): interaction: PackageSetting{4103608 com.example.moonlight_spatialsdk/10176} -> PackageSetting{ed739f8 com.oculus.updater/10075} BLOCKED
12-07 13:24:29.325 I/AppsFilter( 1971): interaction: PackageSetting{4103608 com.example.moonlight_spatialsdk/10176} -> PackageSetting{e032f69 com.sulivan.voicechat/10167} BLOCKED
12-07 13:24:29.325 I/AppsFilter( 1971): interaction: PackageSetting{4103608 com.example.moonlight_spatialsdk/10176} -> PackageSetting{e82c878 com.Norainu.MetacityPatrol/10168} BLOCKED
12-07 13:24:29.325 I/AppsFilter( 1971): interaction: PackageSetting{4103608 com.example.moonlight_spatialsdk/10176} -> PackageSetting{1f20d36 com.oculus.magicislandcastingservice/10059} BLOCKED
12-07 13:24:29.325 I/AppsFilter( 1971): interaction: PackageSetting{4103608 com.example.moonlight_spatialsdk/10176} -> PackageSetting{1da4437 com.oculus.captionservice/10076} BLOCKED
12-07 13:24:29.325 I/AppsFilter( 1971): interaction: PackageSetting{4103608 com.example.moonlight_spatialsdk/10176} -> PackageSetting{d85872f com.meta.rl.trust.service/10080} BLOCKED
12-07 13:24:29.325 I/AppsFilter( 1971): interaction: PackageSetting{4103608 com.example.moonlight_spatialsdk/10176} -> PackageSetting{f49c6c2 com.ubisoft.StarTrekTNG/10156} BLOCKED
12-07 13:24:29.325 I/AppsFilter( 1971): interaction: PackageSetting{4103608 com.example.moonlight_spatialsdk/10176} -> PackageSetting{904ecd3 com.tripp.tripp_client_unity/10169} BLOCKED
12-07 13:24:29.325 I/AppsFilter( 1971): interaction: PackageSetting{4103608 com.example.moonlight_spatialsdk/10176} -> PackageSetting{b1c1bdd com.facebook.horizon/10118} BLOCKED
12-07 13:24:29.325 I/AppsFilter( 1971): interaction: PackageSetting{4103608 com.example.moonlight_spatialsdk/10176} -> PackageSetting{de2709 com.oculus.browser/10101} BLOCKED
12-07 13:24:29.325 I/AppsFilter( 1971): interaction: PackageSetting{4103608 com.example.moonlight_spatialsdk/10176} -> PackageSetting{8718d0e com.android.htmlviewer/10031} BLOCKED
12-07 13:24:29.325 I/AppsFilter( 1971): interaction: PackageSetting{4103608 com.example.moonlight_spatialsdk/10176} -> PackageSetting{827832f com.whatsapp/10114} BLOCKED
12-07 13:24:29.325 I/AppsFilter( 1971): interaction: PackageSetting{4103608 com.example.moonlight_spatialsdk/10176} -> PackageSetting{8255d3c com.oculus.cvp/10094} BLOCKED
12-07 13:24:29.325 I/AppsFilter( 1971): interaction: PackageSetting{4103608 com.example.moonlight_spatialsdk/10176} -> PackageSetting{2b92ac5 com.oculus.systemintelligence/10153} BLOCKED
12-07 13:24:29.325 I/AppsFilter( 1971): interaction: PackageSetting{4103608 com.example.moonlight_spatialsdk/10176} -> PackageSetting{d3d6c1a com.meta.curio.toybox/10117} BLOCKED
12-07 13:24:29.325 I/AppsFilter( 1971): interaction: PackageSetting{4103608 com.example.moonlight_spatialsdk/10176} -> PackageSetting{33234b com.meta.shell.env.vista.focused/10166} BLOCKED
12-07 13:24:29.325 I/AppsFilter( 1971): interaction: PackageSetting{4103608 com.example.moonlight_spatialsdk/10176} -> PackageSetting{1891128 com.meta.curio.ruler/10111} BLOCKED
12-07 13:24:29.325 I/AppsFilter( 1971): interaction: PackageSetting{4103608 com.example.moonlight_spatialsdk/10176} -> PackageSetting{786ae41 com.oculus.accountscenter/10107} BLOCKED
12-07 13:24:29.325 I/AppsFilter( 1971): interaction: PackageSetting{4103608 com.example.moonlight_spatialsdk/10176} -> PackageSetting{9ca1c4e com.oculus.identitymanagement.service/10063} BLOCKED
12-07 13:24:29.325 I/AppsFilter( 1971): interaction: PackageSetting{4103608 com.example.moonlight_spatialsdk/10176} -> PackageSetting{4b62fe6 com.TacticalNounours.QuantumVoid/10143} BLOCKED
12-07 13:24:29.325 I/AppsFilter( 1971): interaction: PackageSetting{4103608 com.example.moonlight_spatialsdk/10176} -> PackageSetting{60ea927 VirtualDesktop.Android/10161} BLOCKED
12-07 13:24:29.325 I/AppsFilter( 1971): interaction: PackageSetting{4103608 com.example.moonlight_spatialsdk/10176} -> PackageSetting{6f217d4 com.oculus.loneechoavalanche/10165} BLOCKED
12-07 13:24:29.325 I/AppsFilter( 1971): interaction: PackageSetting{4103608 com.example.moonlight_spatialsdk/10176} -> PackageSetting{a4eed7d com.oculus.settings.rro/10119} BLOCKED
12-07 13:24:29.325 I/AppsFilter( 1971): interaction: PackageSetting{4103608 com.example.moonlight_spatialsdk/10176} -> PackageSetting{ba56472 com.meta.AccountsCenter.pwa/10098} BLOCKED
12-07 13:24:29.325 I/AppsFilter( 1971): interaction: PackageSetting{4103608 com.example.moonlight_spatialsdk/10176} -> PackageSetting{5636352 com.oculus.facebook/10113} BLOCKED
12-07 13:24:29.325 I/AppsFilter( 1971): interaction: PackageSetting{4103608 com.example.moonlight_spatialsdk/10176} -> PackageSetting{d42dd40 com.meta.android.rro/10001} BLOCKED
12-07 13:24:29.325 I/AppsFilter( 1971): interaction: PackageSetting{4103608 com.example.moonlight_spatialsdk/10176} -> PackageSetting{461e479 com.oculus.integrity/10051} BLOCKED
12-07 13:24:29.325 I/AppsFilter( 1971): interaction: PackageSetting{4103608 com.example.moonlight_spatialsdk/10176} -> PackageSetting{fe155be com.android.connectivity.resources/10008} BLOCKED
12-07 13:24:29.325 I/AppsFilter( 1971): interaction: PackageSetting{4103608 com.example.moonlight_spatialsdk/10176} -> PackageSetting{a05961f com.android.modulemetadata/10040} BLOCKED
12-07 13:24:29.325 I/AppsFilter( 1971): interaction: PackageSetting{4103608 com.example.moonlight_spatialsdk/10176} -> PackageSetting{3188d6c com.twistedpixelgames.PILO/10175} BLOCKED
12-07 13:24:29.325 I/AppsFilter( 1971): interaction: PackageSetting{4103608 com.example.moonlight_spatialsdk/10176} -> PackageSetting{a134f35 al.quest.pickleball.forfunlabs/10172} BLOCKED
12-07 13:24:29.325 I/AppsFilter( 1971): interaction: PackageSetting{4103608 com.example.moonlight_spatialsdk/10176} -> PackageSetting{4590fca com.oculus.panelapp.kiosk/10038} BLOCKED
12-07 13:24:29.325 I/AppsFilter( 1971): interaction: PackageSetting{4103608 com.example.moonlight_spatialsdk/10176} -> PackageSetting{cf7753b com.oculus.panelapp.settings/10079} BLOCKED
12-07 13:24:29.325 I/AppsFilter( 1971): interaction: PackageSetting{4103608 com.example.moonlight_spatialsdk/10176} -> PackageSetting{e65113c com.oculus.systemutilities/10048} BLOCKED
12-07 13:24:29.325 I/AppsFilter( 1971): interaction: PackageSetting{4103608 com.example.moonlight_spatialsdk/10176} -> PackageSetting{736a9b1 com.CortopiaStudios.Graves/10145} BLOCKED
12-07 13:24:29.325 I/AppsFilter( 1971): interaction: PackageSetting{4103608 com.example.moonlight_spatialsdk/10176} -> PackageSetting{9e05e96 com.oculus.firsttimenux/10034} BLOCKED
12-07 13:24:29.325 I/AppsFilter( 1971): interaction: PackageSetting{4103608 com.example.moonlight_spatialsdk/10176} -> PackageSetting{cb0cec5 com.oculus.store/10088} BLOCKED
12-07 13:24:29.325 I/AppsFilter( 1971): interaction: PackageSetting{4103608 com.example.moonlight_spatialsdk/10176} -> PackageSetting{b51e04 com.meta.samples.NorthStar/10149} BLOCKED
12-07 13:24:29.325 I/AppsFilter( 1971): interaction: PackageSetting{4103608 com.example.moonlight_spatialsdk/10176} -> PackageSetting{75b2fed com.oculus.socialplatform/10103} BLOCKED
12-07 13:24:29.325 I/AppsFilter( 1971): interaction: PackageSetting{4103608 com.example.moonlight_spatialsdk/10176} -> PackageSetting{8bbce22 com.oculus.horizonmediaplayer/10108} BLOCKED
12-07 13:24:29.325 I/AppsFilter( 1971): interaction: PackageSetting{4103608 com.example.moonlight_spatialsdk/10176} -> PackageSetting{11150b3 com.android.webview/10042} BLOCKED
12-07 13:24:29.325 I/AppsFilter( 1971): interaction: PackageSetting{4103608 com.example.moonlight_spatialsdk/10176} -> PackageSetting{8681670 com.oculus.vrprivacycheckup/10110} BLOCKED
12-07 13:24:29.325 I/AppsFilter( 1971): interaction: PackageSetting{4103608 com.example.moonlight_spatialsdk/10176} -> PackageSetting{5c7dde9 com.meta.shell.env.vista.central/10160} BLOCKED
12-07 13:24:29.325 I/AppsFilter( 1971): interaction: PackageSetting{4103608 com.example.moonlight_spatialsdk/10176} -> PackageSetting{6ecaa6e com.oculus.panelapp.library/10049} BLOCKED
12-07 13:24:29.325 I/AppsFilter( 1971): interaction: PackageSetting{4103608 com.example.moonlight_spatialsdk/10176} -> PackageSetting{dc6450f horizon.platform.providers/10137} BLOCKED
12-07 13:24:29.325 I/AppsFilter( 1971): interaction: PackageSetting{4103608 com.example.moonlight_spatialsdk/10176} -> PackageSetting{f10299c com.oculus.systemresource/10097} BLOCKED
12-07 13:24:29.325 I/AppsFilter( 1971): interaction: PackageSetting{4103608 com.example.moonlight_spatialsdk/10176} -> PackageSetting{1376fa5 com.microsoft.rdc.androidx/10157} BLOCKED
12-07 13:24:29.325 I/AppsFilter( 1971): interaction: PackageSetting{4103608 com.example.moonlight_spatialsdk/10176} -> PackageSetting{73cff7a com.gameboomvr.CookingSimulatorVR/10152} BLOCKED
12-07 13:24:29.325 I/AppsFilter( 1971): interaction: PackageSetting{4103608 com.example.moonlight_spatialsdk/10176} -> PackageSetting{d2c232b com.oculus.guardiansetup/10142} BLOCKED
12-07 13:24:29.325 I/AppsFilter( 1971): interaction: PackageSetting{4103608 com.example.moonlight_spatialsdk/10176} -> PackageSetting{7a6401a com.oculus.hzosgallery/10121} BLOCKED
12-07 13:24:29.325 I/AppsFilter( 1971): interaction: PackageSetting{4103608 com.example.moonlight_spatialsdk/10176} -> PackageSetting{f546121 horizon.platform.service/10140} BLOCKED
12-07 13:24:29.325 I/AppsFilter( 1971): interaction: PackageSetting{4103608 com.example.moonlight_spatialsdk/10176} -> PackageSetting{d0b9946 horizonos.theme.quest.rro/10037} BLOCKED
12-07 13:24:29.325 I/AppsFilter( 1971): interaction: PackageSetting{4103608 com.example.moonlight_spatialsdk/10176} -> PackageSetting{8c7c707 com.oculus.os.qrcodereader/10057} BLOCKED
12-07 13:24:29.325 I/AppsFilter( 1971): interaction: PackageSetting{4103608 com.example.moonlight_spatialsdk/10176} -> PackageSetting{9cda23e com.android.wifi.resources/10003} BLOCKED
12-07 13:24:29.325 I/AppsFilter( 1971): interaction: PackageSetting{4103608 com.example.moonlight_spatialsdk/10176} -> PackageSetting{21e1034 com.meta.mqdh.mqdhservice/10174} BLOCKED
12-07 13:24:29.326 I/AppsFilter( 1971): interaction: PackageSetting{4103608 com.example.moonlight_spatialsdk/10176} -> PackageSetting{bf4ee5d com.oculus.systemux/10066} BLOCKED
12-07 13:24:29.326 I/AppsFilter( 1971): interaction: PackageSetting{4103608 com.example.moonlight_spatialsdk/10176} -> PackageSetting{d803d2 com.meta.surfacetypingnux/10151} BLOCKED
12-07 13:24:29.326 I/AppsFilter( 1971): interaction: PackageSetting{4103608 com.example.moonlight_spatialsdk/10176} -> PackageSetting{38fcca3 com.oculus.oemconfig/10036} BLOCKED
12-07 13:24:29.326 I/AppsFilter( 1971): interaction: PackageSetting{4103608 com.example.moonlight_spatialsdk/10176} -> PackageSetting{da5fba0 com.meta.handseducationmodule/10104} BLOCKED
12-07 13:24:29.326 I/AppsFilter( 1971): interaction: PackageSetting{4103608 com.example.moonlight_spatialsdk/10176} -> PackageSetting{171359 com.oculus.remotedesktop/10109} BLOCKED
12-07 13:24:29.326 I/AppsFilter( 1971): interaction: PackageSetting{4103608 com.example.moonlight_spatialsdk/10176} -> PackageSetting{18e8b1e com.meta.federatedcomputing.oculus/10067} BLOCKED
12-07 13:24:29.326 I/AppsFilter( 1971): interaction: PackageSetting{4103608 com.example.moonlight_spatialsdk/10176} -> PackageSetting{f488fff com.oculus.q4bservice/10039} BLOCKED
12-07 13:24:29.326 I/AppsFilter( 1971): interaction: PackageSetting{4103608 com.example.moonlight_spatialsdk/10176} -> PackageSetting{bff31cc com.oculus.guidebook/10099} BLOCKED
12-07 13:24:29.326 I/AppsFilter( 1971): interaction: PackageSetting{4103608 com.example.moonlight_spatialsdk/10176} -> PackageSetting{c9c8c15 horizonos.supplement.metauniverse.libraryapk/10150} BLOCKED
12-07 13:24:29.326 I/AppsFilter( 1971): interaction: PackageSetting{4103608 com.example.moonlight_spatialsdk/10176} -> PackageSetting{e943b2a com.oculus.igvr/10116} BLOCKED
12-07 13:24:29.326 I/AppsFilter( 1971): interaction: PackageSetting{4103608 com.example.moonlight_spatialsdk/10176} -> PackageSetting{ba02d1b com.oculus.mrds/10087} BLOCKED
12-07 13:24:29.326 I/AppsFilter( 1971): interaction: PackageSetting{4103608 com.example.moonlight_spatialsdk/10176} -> PackageSetting{ed39eb8 com.AnotherAxiom.A2/10070} BLOCKED
12-07 13:24:29.326 I/AppsFilter( 1971): interaction: PackageSetting{4103608 com.example.moonlight_spatialsdk/10176} -> PackageSetting{76d674b com.facebook.orca/10112} BLOCKED
12-07 13:24:29.327 I/AppsFilter( 1971): interaction: PackageSetting{4103608 com.example.moonlight_spatialsdk/10176} -> PackageSetting{692dff6 com.facebook.workrooms/10163} BLOCKED
12-07 13:24:29.327 I/AppsFilter( 1971): interaction: PackageSetting{4103608 com.example.moonlight_spatialsdk/10176} -> PackageSetting{b0a7ff7 quest.eleven.forfunlabs/10171} BLOCKED
12-07 13:24:29.327 I/AppsFilter( 1971): interaction: PackageSetting{4103608 com.example.moonlight_spatialsdk/10176} -> PackageSetting{67fee64 com.oculus.tv/10091} BLOCKED
12-07 13:24:29.327 I/AppsFilter( 1971): interaction: PackageSetting{4103608 com.example.moonlight_spatialsdk/10176} -> PackageSetting{47328cd com.oculus.panelapp.devicepairing/10138} BLOCKED
12-07 13:24:29.327 I/AppsFilter( 1971): interaction: PackageSetting{4103608 com.example.moonlight_spatialsdk/10176} -> PackageSetting{7050582 com.oculus.userserver2/10058} BLOCKED
12-07 13:24:29.327 I/AppsFilter( 1971): interaction: PackageSetting{4103608 com.example.moonlight_spatialsdk/10176} -> PackageSetting{95d2493 com.netflix.ninja.vr/10006} BLOCKED
12-07 13:24:29.327 I/AppsFilter( 1971): interaction: PackageSetting{4103608 com.example.moonlight_spatialsdk/10176} -> PackageSetting{6da517f com.meta.worlds/10139} BLOCKED
12-07 13:24:29.327 I/AppsFilter( 1971): interaction: PackageSetting{4103608 com.example.moonlight_spatialsdk/10176} -> PackageSetting{e1684c9 com.android.bookmarkprovider/10027} BLOCKED
12-07 13:24:29.327 I/AppsFilter( 1971): interaction: PackageSetting{4103608 com.example.moonlight_spatialsdk/10176} -> PackageSetting{881f7ce com.oculus.guardianresources/10030} BLOCKED
12-07 13:24:29.327 I/AppsFilter( 1971): interaction: PackageSetting{4103608 com.example.moonlight_spatialsdk/10176} -> PackageSetting{2b76ef com.oculus.guardian/10073} BLOCKED
12-07 13:24:29.327 I/AppsFilter( 1971): interaction: PackageSetting{4103608 com.example.moonlight_spatialsdk/10176} -> PackageSetting{c98a5fc com.oculus.explore/10096} BLOCKED
12-07 13:24:29.327 I/AppsFilter( 1971): interaction: PackageSetting{4103608 com.example.moonlight_spatialsdk/10176} -> PackageSetting{c79a485 com.meta.hpiassets/10155} BLOCKED
12-07 13:24:29.327 I/AppsFilter( 1971): interaction: PackageSetting{4103608 com.example.moonlight_spatialsdk/10176} -> PackageSetting{2405539 com.android.cts.ctsshim/10127} BLOCKED
12-07 13:24:29.327 I/AppsFilter( 1971): interaction: PackageSetting{4103608 com.example.moonlight_spatialsdk/10176} -> PackageSetting{3c9c2da com.oculus.q4b.mdm/10041} BLOCKED
12-07 13:24:29.327 I/AppsFilter( 1971): interaction: PackageSetting{4103608 com.example.moonlight_spatialsdk/10176} -> PackageSetting{4e2930b com.meta.shell.env.footprint.haven2025/10159} BLOCKED
12-07 13:24:29.327 I/AppsFilter( 1971): interaction: PackageSetting{4103608 com.example.moonlight_spatialsdk/10176} -> PackageSetting{2c825e8 Immersed.quest/10162} BLOCKED
12-07 13:24:29.327 I/AppsFilter( 1971): interaction: PackageSetting{4103608 com.example.moonlight_spatialsdk/10176} -> PackageSetting{4350401 com.oculus.permissioncontroller.rro/10000} BLOCKED
12-07 13:24:29.327 I/AppsFilter( 1971): interaction: PackageSetting{4103608 com.example.moonlight_spatialsdk/10176} -> PackageSetting{deb0663 com.valinor/10106} BLOCKED
12-07 13:24:29.327 I/AppsFilter( 1971): interaction: PackageSetting{4103608 com.example.moonlight_spatialsdk/10176} -> PackageSetting{b9132a6 com.meta.environment.prod.nuxd/10033} BLOCKED
12-07 13:24:29.327 I/AppsFilter( 1971): interaction: PackageSetting{4103608 com.example.moonlight_spatialsdk/10176} -> PackageSetting{ca554e7 com.oculus.helpcenter/10105} BLOCKED
12-07 13:24:29.327 I/AppsFilter( 1971): interaction: PackageSetting{4103608 com.example.moonlight_spatialsdk/10176} -> PackageSetting{3edb894 com.android.hotspot2.osulogin/10004} BLOCKED
12-07 13:24:29.327 I/AppsFilter( 1971): interaction: PackageSetting{4103608 com.example.moonlight_spatialsdk/10176} -> PackageSetting{ecdf3d com.camouflaj.manta/10022} BLOCKED
12-07 13:24:29.327 I/AppsFilter( 1971): interaction: PackageSetting{4103608 com.example.moonlight_spatialsdk/10176} -> PackageSetting{70dd332 com.oculus.quickpromotionservice/10082} BLOCKED
12-07 13:24:29.327 I/AppsFilter( 1971): interaction: PackageSetting{4103608 com.example.moonlight_spatialsdk/10176} -> PackageSetting{affd223 com.oculus.paracosmaavalanche/10164} BLOCKED
12-07 13:24:29.327 I/AppsFilter( 1971): interaction: PackageSetting{4103608 com.example.moonlight_spatialsdk/10176} -> PackageSetting{337ca00 com.facebook.arvr.quillplayer/10115} BLOCKED
12-07 13:24:29.327 I/AppsFilter( 1971): interaction: PackageSetting{4103608 com.example.moonlight_spatialsdk/10176} -> PackageSetting{a4d3239 com.LuckyVR.PokerStarsVR/10090} BLOCKED
12-07 13:24:29.327 I/AppsFilter( 1971): interaction: PackageSetting{4103608 com.example.moonlight_spatialsdk/10176} -> PackageSetting{941f07e com.meta.HyperscapeHmdCapture/10158} BLOCKED
12-07 13:24:29.327 I/AppsFilter( 1971): interaction: PackageSetting{4103608 com.example.moonlight_spatialsdk/10176} -> PackageSetting{7cdf9df com.android.captiveportallogin/10028} BLOCKED
12-07 13:24:29.327 I/AppsFilter( 1971): interaction: PackageSetting{4103608 com.example.moonlight_spatialsdk/10176} -> PackageSetting{64f862c com.oculus.panelapp.calendar/10086} BLOCKED
12-07 13:24:29.327 I/AppsFilter( 1971): interaction: PackageSetting{4103608 com.example.moonlight_spatialsdk/10176} -> PackageSetting{cc5b8f5 com.oculus.highwindservice/10141} BLOCKED
12-07 13:24:29.327 I/AppsFilter( 1971): interaction: PackageSetting{4103608 com.example.moonlight_spatialsdk/10176} -> PackageSetting{8cbe995 com.meta.pclinkservice.server/10047} BLOCKED
12-07 13:24:29.327 I/AppsFilter( 1971): interaction: PackageSetting{4103608 com.example.moonlight_spatialsdk/10176} -> PackageSetting{244d918 com.meta.transport/10120} BLOCKED
12-07 13:24:29.327 I/AppsFilter( 1971): interaction: PackageSetting{4103608 com.example.moonlight_spatialsdk/10176} -> PackageSetting{205ef71 com.oculus.configuration/10055} BLOCKED
12-07 13:24:29.328 D/nativeloader(24960): Configuring clns-shared-8 for other apk /apex/com.meta.xr/priv-app/VrDriver/VrDriver.apk. target_sdk_version=24, uses_libraries=, library_path=/apex/com.meta.xr/priv-app/VrDriver/lib/arm64:/apex/com.meta.xr/priv-app/VrDriver/VrDriver.apk!/lib/arm64-v8a:/system/lib64:/system_ext/lib64:/apex/com.meta.xr/priv-app/VrDriver/VrDriver.apk!/lib/arm64-v8a, permitted_path=/data:/mnt/expand::/apex/com.meta.xr/priv-app/VrDriver:/system/lib64:/system_ext/lib64
12-07 13:24:29.328 D/nativeloader(24960): Extending system_exposed_libraries: libaudiotapper.oculus.so:libcalibrationmanager.oculus.so:libheadtracker.oculus.so:libinstsamp.oculus.so:libossdk.oculus.so:libparfait.oculus.so:libripcclient.oculus.so:libripcmanager.oculus.so:libsystemsensoraccess.oculus.so:libappsensoraccess.oculus.so:libOVRMrcLib.oculus.so:libxrstreaminghost.oculus.so:libhzos.meta.so:libhzos_featurejournal.meta.so:libhzos_gaze.meta.so:libhzos_orthofit.meta.so:libhzos_reportstatsevent.meta.so:libhzos_spaces.meta.so:libhzos_trackedinput.meta.so:libhzos_trackingclient.meta.so
12-07 13:24:29.329 I/AppsFilter( 1971): interaction: PackageSetting{4103608 com.example.moonlight_spatialsdk/10176} -> PackageSetting{9ff146a com.android.cts.priv.ctsshim/10005} BLOCKED
12-07 13:24:29.329 I/AppsFilter( 1971): interaction: PackageSetting{4103608 com.example.moonlight_spatialsdk/10176} -> PackageSetting{835210e com.oculus.avatareditor/10085} BLOCKED
12-07 13:24:29.329 I/AppsFilter( 1971): interaction: PackageSetting{4103608 com.example.moonlight_spatialsdk/10176} -> PackageSetting{ed739f8 com.oculus.updater/10075} BLOCKED
12-07 13:24:29.329 I/AppsFilter( 1971): interaction: PackageSetting{4103608 com.example.moonlight_spatialsdk/10176} -> PackageSetting{e032f69 com.sulivan.voicechat/10167} BLOCKED
12-07 13:24:29.329 I/AppsFilter( 1971): interaction: PackageSetting{4103608 com.example.moonlight_spatialsdk/10176} -> PackageSetting{e82c878 com.Norainu.MetacityPatrol/10168} BLOCKED
12-07 13:24:29.329 I/AppsFilter( 1971): interaction: PackageSetting{4103608 com.example.moonlight_spatialsdk/10176} -> PackageSetting{1f20d36 com.oculus.magicislandcastingservice/10059} BLOCKED
12-07 13:24:29.329 I/AppsFilter( 1971): interaction: PackageSetting{4103608 com.example.moonlight_spatialsdk/10176} -> PackageSetting{1da4437 com.oculus.captionservice/10076} BLOCKED
12-07 13:24:29.329 I/AppsFilter( 1971): interaction: PackageSetting{4103608 com.example.moonlight_spatialsdk/10176} -> PackageSetting{d85872f com.meta.rl.trust.service/10080} BLOCKED
12-07 13:24:29.329 I/AppsFilter( 1971): interaction: PackageSetting{4103608 com.example.moonlight_spatialsdk/10176} -> PackageSetting{f49c6c2 com.ubisoft.StarTrekTNG/10156} BLOCKED
12-07 13:24:29.329 I/AppsFilter( 1971): interaction: PackageSetting{4103608 com.example.moonlight_spatialsdk/10176} -> PackageSetting{904ecd3 com.tripp.tripp_client_unity/10169} BLOCKED
12-07 13:24:29.329 I/AppsFilter( 1971): interaction: PackageSetting{4103608 com.example.moonlight_spatialsdk/10176} -> PackageSetting{b1c1bdd com.facebook.horizon/10118} BLOCKED
12-07 13:24:29.329 I/AppsFilter( 1971): interaction: PackageSetting{4103608 com.example.moonlight_spatialsdk/10176} -> PackageSetting{de2709 com.oculus.browser/10101} BLOCKED
12-07 13:24:29.329 I/AppsFilter( 1971): interaction: PackageSetting{4103608 com.example.moonlight_spatialsdk/10176} -> PackageSetting{8718d0e com.android.htmlviewer/10031} BLOCKED
12-07 13:24:29.329 I/AppsFilter( 1971): interaction: PackageSetting{4103608 com.example.moonlight_spatialsdk/10176} -> PackageSetting{827832f com.whatsapp/10114} BLOCKED
12-07 13:24:29.329 I/AppsFilter( 1971): interaction: PackageSetting{4103608 com.example.moonlight_spatialsdk/10176} -> PackageSetting{8255d3c com.oculus.cvp/10094} BLOCKED
12-07 13:24:29.329 I/AppsFilter( 1971): interaction: PackageSetting{4103608 com.example.moonlight_spatialsdk/10176} -> PackageSetting{2b92ac5 com.oculus.systemintelligence/10153} BLOCKED
12-07 13:24:29.329 I/AppsFilter( 1971): interaction: PackageSetting{4103608 com.example.moonlight_spatialsdk/10176} -> PackageSetting{d3d6c1a com.meta.curio.toybox/10117} BLOCKED
12-07 13:24:29.329 I/AppsFilter( 1971): interaction: PackageSetting{4103608 com.example.moonlight_spatialsdk/10176} -> PackageSetting{33234b com.meta.shell.env.vista.focused/10166} BLOCKED
12-07 13:24:29.329 I/AppsFilter( 1971): interaction: PackageSetting{4103608 com.example.moonlight_spatialsdk/10176} -> PackageSetting{1891128 com.meta.curio.ruler/10111} BLOCKED
12-07 13:24:29.329 I/AppsFilter( 1971): interaction: PackageSetting{4103608 com.example.moonlight_spatialsdk/10176} -> PackageSetting{786ae41 com.oculus.accountscenter/10107} BLOCKED
12-07 13:24:29.329 I/AppsFilter( 1971): interaction: PackageSetting{4103608 com.example.moonlight_spatialsdk/10176} -> PackageSetting{9ca1c4e com.oculus.identitymanagement.service/10063} BLOCKED
12-07 13:24:29.329 I/AppsFilter( 1971): interaction: PackageSetting{4103608 com.example.moonlight_spatialsdk/10176} -> PackageSetting{4b62fe6 com.TacticalNounours.QuantumVoid/10143} BLOCKED
12-07 13:24:29.329 I/AppsFilter( 1971): interaction: PackageSetting{4103608 com.example.moonlight_spatialsdk/10176} -> PackageSetting{60ea927 VirtualDesktop.Android/10161} BLOCKED
12-07 13:24:29.330 I/AppsFilter( 1971): interaction: PackageSetting{4103608 com.example.moonlight_spatialsdk/10176} -> PackageSetting{6f217d4 com.oculus.loneechoavalanche/10165} BLOCKED
12-07 13:24:29.330 I/AppsFilter( 1971): interaction: PackageSetting{4103608 com.example.moonlight_spatialsdk/10176} -> PackageSetting{a4eed7d com.oculus.settings.rro/10119} BLOCKED
12-07 13:24:29.330 I/AppsFilter( 1971): interaction: PackageSetting{4103608 com.example.moonlight_spatialsdk/10176} -> PackageSetting{ba56472 com.meta.AccountsCenter.pwa/10098} BLOCKED
12-07 13:24:29.330 I/AppsFilter( 1971): interaction: PackageSetting{4103608 com.example.moonlight_spatialsdk/10176} -> PackageSetting{5636352 com.oculus.facebook/10113} BLOCKED
12-07 13:24:29.330 I/AppsFilter( 1971): interaction: PackageSetting{4103608 com.example.moonlight_spatialsdk/10176} -> PackageSetting{d42dd40 com.meta.android.rro/10001} BLOCKED
12-07 13:24:29.330 I/AppsFilter( 1971): interaction: PackageSetting{4103608 com.example.moonlight_spatialsdk/10176} -> PackageSetting{461e479 com.oculus.integrity/10051} BLOCKED
12-07 13:24:29.330 I/AppsFilter( 1971): interaction: PackageSetting{4103608 com.example.moonlight_spatialsdk/10176} -> PackageSetting{fe155be com.android.connectivity.resources/10008} BLOCKED
12-07 13:24:29.330 I/AppsFilter( 1971): interaction: PackageSetting{4103608 com.example.moonlight_spatialsdk/10176} -> PackageSetting{a05961f com.android.modulemetadata/10040} BLOCKED
12-07 13:24:29.330 I/AppsFilter( 1971): interaction: PackageSetting{4103608 com.example.moonlight_spatialsdk/10176} -> PackageSetting{3188d6c com.twistedpixelgames.PILO/10175} BLOCKED
12-07 13:24:29.330 I/AppsFilter( 1971): interaction: PackageSetting{4103608 com.example.moonlight_spatialsdk/10176} -> PackageSetting{a134f35 al.quest.pickleball.forfunlabs/10172} BLOCKED
12-07 13:24:29.330 I/AppsFilter( 1971): interaction: PackageSetting{4103608 com.example.moonlight_spatialsdk/10176} -> PackageSetting{4590fca com.oculus.panelapp.kiosk/10038} BLOCKED
12-07 13:24:29.330 I/AppsFilter( 1971): interaction: PackageSetting{4103608 com.example.moonlight_spatialsdk/10176} -> PackageSetting{cf7753b com.oculus.panelapp.settings/10079} BLOCKED
12-07 13:24:29.330 I/AppsFilter( 1971): interaction: PackageSetting{4103608 com.example.moonlight_spatialsdk/10176} -> PackageSetting{e65113c com.oculus.systemutilities/10048} BLOCKED
12-07 13:24:29.330 I/AppsFilter( 1971): interaction: PackageSetting{4103608 com.example.moonlight_spatialsdk/10176} -> PackageSetting{736a9b1 com.CortopiaStudios.Graves/10145} BLOCKED
12-07 13:24:29.330 I/AppsFilter( 1971): interaction: PackageSetting{4103608 com.example.moonlight_spatialsdk/10176} -> PackageSetting{9e05e96 com.oculus.firsttimenux/10034} BLOCKED
12-07 13:24:29.330 D/nativeloader(24960): InitApexLibraries:
12-07 13:24:29.330 D/nativeloader(24960):   com_android_adservices: libhpke_jni.so:libtflite_support_classifiers_native.so
12-07 13:24:29.330 D/nativeloader(24960):   com_android_appsearch: libicing.so
12-07 13:24:29.330 D/nativeloader(24960):   com_android_art: libartservice.so
12-07 13:24:29.330 D/nativeloader(24960):   com_android_btservices: libbluetooth_jni.so
12-07 13:24:29.330 D/nativeloader(24960):   com_android_conscrypt: libjavacrypto.so
12-07 13:24:29.330 D/nativeloader(24960):   com_android_extservices: libhpke_jni.so:libtflite_support_classifiers_native.so
12-07 13:24:29.330 D/nativeloader(24960):   com_android_os_statsd: libstats_jni.so
12-07 13:24:29.330 D/nativeloader(24960):   com_android_tethering: libcronet.114.0.5735.84.so:libframework-connectivity-jni.so:libframework-connectivity-tiramisu-jni.so:libandroid_net_connectivity_com_android_net_module_util_jni.so:libservice-connectivity.so
12-07 13:24:29.330 D/nativeloader(24960):   com_android_uwb: libuwb_uci_jni_rust.so
12-07 13:24:29.330 D/nativeloader(24960):   com_android_virt: libvirtualizationservice_jni.so:libvirtualmachine_jni.so
12-07 13:24:29.330 D/nativeloader(24960):   com_meta_xr: libmrservice_plugin.so
12-07 13:24:29.330 I/AppsFilter( 1971): interaction: PackageSetting{4103608 com.example.moonlight_spatialsdk/10176} -> PackageSetting{cb0cec5 com.oculus.store/10088} BLOCKED
12-07 13:24:29.330 I/AppsFilter( 1971): interaction: PackageSetting{4103608 com.example.moonlight_spatialsdk/10176} -> PackageSetting{b51e04 com.meta.samples.NorthStar/10149} BLOCKED
12-07 13:24:29.330 I/AppsFilter( 1971): interaction: PackageSetting{4103608 com.example.moonlight_spatialsdk/10176} -> PackageSetting{75b2fed com.oculus.socialplatform/10103} BLOCKED
12-07 13:24:29.330 I/AppsFilter( 1971): interaction: PackageSetting{4103608 com.example.moonlight_spatialsdk/10176} -> PackageSetting{8bbce22 com.oculus.horizonmediaplayer/10108} BLOCKED
12-07 13:24:29.330 I/AppsFilter( 1971): interaction: PackageSetting{4103608 com.example.moonlight_spatialsdk/10176} -> PackageSetting{11150b3 com.android.webview/10042} BLOCKED
12-07 13:24:29.330 I/AppsFilter( 1971): interaction: PackageSetting{4103608 com.example.moonlight_spatialsdk/10176} -> PackageSetting{8681670 com.oculus.vrprivacycheckup/10110} BLOCKED
12-07 13:24:29.330 I/AppsFilter( 1971): interaction: PackageSetting{4103608 com.example.moonlight_spatialsdk/10176} -> PackageSetting{5c7dde9 com.meta.shell.env.vista.central/10160} BLOCKED
12-07 13:24:29.330 I/AppsFilter( 1971): interaction: PackageSetting{4103608 com.example.moonlight_spatialsdk/10176} -> PackageSetting{6ecaa6e com.oculus.panelapp.library/10049} BLOCKED
12-07 13:24:29.330 I/AppsFilter( 1971): interaction: PackageSetting{4103608 com.example.moonlight_spatialsdk/10176} -> PackageSetting{dc6450f horizon.platform.providers/10137} BLOCKED
12-07 13:24:29.330 I/AppsFilter( 1971): interaction: PackageSetting{4103608 com.example.moonlight_spatialsdk/10176} -> PackageSetting{f10299c com.oculus.systemresource/10097} BLOCKED
12-07 13:24:29.330 I/AppsFilter( 1971): interaction: PackageSetting{4103608 com.example.moonlight_spatialsdk/10176} -> PackageSetting{1376fa5 com.microsoft.rdc.androidx/10157} BLOCKED
12-07 13:24:29.330 I/AppsFilter( 1971): interaction: PackageSetting{4103608 com.example.moonlight_spatialsdk/10176} -> PackageSetting{73cff7a com.gameboomvr.CookingSimulatorVR/10152} BLOCKED
12-07 13:24:29.330 I/AppsFilter( 1971): interaction: PackageSetting{4103608 com.example.moonlight_spatialsdk/10176} -> PackageSetting{d2c232b com.oculus.guardiansetup/10142} BLOCKED
12-07 13:24:29.330 I/AppsFilter( 1971): interaction: PackageSetting{4103608 com.example.moonlight_spatialsdk/10176} -> PackageSetting{7a6401a com.oculus.hzosgallery/10121} BLOCKED
12-07 13:24:29.330 I/AppsFilter( 1971): interaction: PackageSetting{4103608 com.example.moonlight_spatialsdk/10176} -> PackageSetting{f546121 horizon.platform.service/10140} BLOCKED
12-07 13:24:29.330 I/AppsFilter( 1971): interaction: PackageSetting{4103608 com.example.moonlight_spatialsdk/10176} -> PackageSetting{d0b9946 horizonos.theme.quest.rro/10037} BLOCKED
12-07 13:24:29.330 I/AppsFilter( 1971): interaction: PackageSetting{4103608 com.example.moonlight_spatialsdk/10176} -> PackageSetting{8c7c707 com.oculus.os.qrcodereader/10057} BLOCKED
12-07 13:24:29.330 I/AppsFilter( 1971): interaction: PackageSetting{4103608 com.example.moonlight_spatialsdk/10176} -> PackageSetting{9cda23e com.android.wifi.resources/10003} BLOCKED
12-07 13:24:29.330 I/AppsFilter( 1971): interaction: PackageSetting{4103608 com.example.moonlight_spatialsdk/10176} -> PackageSetting{21e1034 com.meta.mqdh.mqdhservice/10174} BLOCKED
12-07 13:24:29.330 I/AppsFilter( 1971): interaction: PackageSetting{4103608 com.example.moonlight_spatialsdk/10176} -> PackageSetting{bf4ee5d com.oculus.systemux/10066} BLOCKED
12-07 13:24:29.330 I/AppsFilter( 1971): interaction: PackageSetting{4103608 com.example.moonlight_spatialsdk/10176} -> PackageSetting{d803d2 com.meta.surfacetypingnux/10151} BLOCKED
12-07 13:24:29.330 I/AppsFilter( 1971): interaction: PackageSetting{4103608 com.example.moonlight_spatialsdk/10176} -> PackageSetting{38fcca3 com.oculus.oemconfig/10036} BLOCKED
12-07 13:24:29.330 I/AppsFilter( 1971): interaction: PackageSetting{4103608 com.example.moonlight_spatialsdk/10176} -> PackageSetting{da5fba0 com.meta.handseducationmodule/10104} BLOCKED
12-07 13:24:29.330 I/AppsFilter( 1971): interaction: PackageSetting{4103608 com.example.moonlight_spatialsdk/10176} -> PackageSetting{171359 com.oculus.remotedesktop/10109} BLOCKED
12-07 13:24:29.330 I/AppsFilter( 1971): interaction: PackageSetting{4103608 com.example.moonlight_spatialsdk/10176} -> PackageSetting{18e8b1e com.meta.federatedcomputing.oculus/10067} BLOCKED
12-07 13:24:29.330 I/AppsFilter( 1971): interaction: PackageSetting{4103608 com.example.moonlight_spatialsdk/10176} -> PackageSetting{f488fff com.oculus.q4bservice/10039} BLOCKED
12-07 13:24:29.330 I/AppsFilter( 1971): interaction: PackageSetting{4103608 com.example.moonlight_spatialsdk/10176} -> PackageSetting{bff31cc com.oculus.guidebook/10099} BLOCKED
12-07 13:24:29.330 I/AppsFilter( 1971): interaction: PackageSetting{4103608 com.example.moonlight_spatialsdk/10176} -> PackageSetting{c9c8c15 horizonos.supplement.metauniverse.libraryapk/10150} BLOCKED
12-07 13:24:29.330 I/AppsFilter( 1971): interaction: PackageSetting{4103608 com.example.moonlight_spatialsdk/10176} -> PackageSetting{e943b2a com.oculus.igvr/10116} BLOCKED
12-07 13:24:29.330 I/AppsFilter( 1971): interaction: PackageSetting{4103608 com.example.moonlight_spatialsdk/10176} -> PackageSetting{ba02d1b com.oculus.mrds/10087} BLOCKED
12-07 13:24:29.330 I/AppsFilter( 1971): interaction: PackageSetting{4103608 com.example.moonlight_spatialsdk/10176} -> PackageSetting{ed39eb8 com.AnotherAxiom.A2/10070} BLOCKED
12-07 13:24:29.330 I/AppsFilter( 1971): interaction: PackageSetting{4103608 com.example.moonlight_spatialsdk/10176} -> PackageSetting{76d674b com.facebook.orca/10112} BLOCKED
12-07 13:24:29.330 I/AppsFilter( 1971): interaction: PackageSetting{4103608 com.example.moonlight_spatialsdk/10176} -> PackageSetting{692dff6 com.facebook.workrooms/10163} BLOCKED
12-07 13:24:29.330 I/AppsFilter( 1971): interaction: PackageSetting{4103608 com.example.moonlight_spatialsdk/10176} -> PackageSetting{b0a7ff7 quest.eleven.forfunlabs/10171} BLOCKED
12-07 13:24:29.330 I/AppsFilter( 1971): interaction: PackageSetting{4103608 com.example.moonlight_spatialsdk/10176} -> PackageSetting{67fee64 com.oculus.tv/10091} BLOCKED
12-07 13:24:29.330 I/AppsFilter( 1971): interaction: PackageSetting{4103608 com.example.moonlight_spatialsdk/10176} -> PackageSetting{47328cd com.oculus.panelapp.devicepairing/10138} BLOCKED
12-07 13:24:29.330 I/AppsFilter( 1971): interaction: PackageSetting{4103608 com.example.moonlight_spatialsdk/10176} -> PackageSetting{7050582 com.oculus.userserver2/10058} BLOCKED
12-07 13:24:29.330 I/AppsFilter( 1971): interaction: PackageSetting{4103608 com.example.moonlight_spatialsdk/10176} -> PackageSetting{95d2493 com.netflix.ninja.vr/10006} BLOCKED
12-07 13:24:29.330 I/AppsFilter( 1971): interaction: PackageSetting{4103608 com.example.moonlight_spatialsdk/10176} -> PackageSetting{6da517f com.meta.worlds/10139} BLOCKED
12-07 13:24:29.330 I/AppsFilter( 1971): interaction: PackageSetting{4103608 com.example.moonlight_spatialsdk/10176} -> PackageSetting{e1684c9 com.android.bookmarkprovider/10027} BLOCKED
12-07 13:24:29.330 I/AppsFilter( 1971): interaction: PackageSetting{4103608 com.example.moonlight_spatialsdk/10176} -> PackageSetting{881f7ce com.oculus.guardianresources/10030} BLOCKED
12-07 13:24:29.330 I/AppsFilter( 1971): interaction: PackageSetting{4103608 com.example.moonlight_spatialsdk/10176} -> PackageSetting{2b76ef com.oculus.guardian/10073} BLOCKED
12-07 13:24:29.330 I/AppsFilter( 1971): interaction: PackageSetting{4103608 com.example.moonlight_spatialsdk/10176} -> PackageSetting{c98a5fc com.oculus.explore/10096} BLOCKED
12-07 13:24:29.330 I/AppsFilter( 1971): interaction: PackageSetting{4103608 com.example.moonlight_spatialsdk/10176} -> PackageSetting{c79a485 com.meta.hpiassets/10155} BLOCKED
12-07 13:24:29.330 I/AppsFilter( 1971): interaction: PackageSetting{4103608 com.example.moonlight_spatialsdk/10176} -> PackageSetting{2405539 com.android.cts.ctsshim/10127} BLOCKED
12-07 13:24:29.330 I/AppsFilter( 1971): interaction: PackageSetting{4103608 com.example.moonlight_spatialsdk/10176} -> PackageSetting{3c9c2da com.oculus.q4b.mdm/10041} BLOCKED
12-07 13:24:29.330 I/AppsFilter( 1971): interaction: PackageSetting{4103608 com.example.moonlight_spatialsdk/10176} -> PackageSetting{4e2930b com.meta.shell.env.footprint.haven2025/10159} BLOCKED
12-07 13:24:29.330 I/AppsFilter( 1971): interaction: PackageSetting{4103608 com.example.moonlight_spatialsdk/10176} -> PackageSetting{2c825e8 Immersed.quest/10162} BLOCKED
12-07 13:24:29.331 I/AppsFilter( 1971): interaction: PackageSetting{4103608 com.example.moonlight_spatialsdk/10176} -> PackageSetting{4350401 com.oculus.permissioncontroller.rro/10000} BLOCKED
12-07 13:24:29.331 I/AppsFilter( 1971): interaction: PackageSetting{4103608 com.example.moonlight_spatialsdk/10176} -> PackageSetting{deb0663 com.valinor/10106} BLOCKED
12-07 13:24:29.331 I/AppsFilter( 1971): interaction: PackageSetting{4103608 com.example.moonlight_spatialsdk/10176} -> PackageSetting{b9132a6 com.meta.environment.prod.nuxd/10033} BLOCKED
12-07 13:24:29.331 I/AppsFilter( 1971): interaction: PackageSetting{4103608 com.example.moonlight_spatialsdk/10176} -> PackageSetting{ca554e7 com.oculus.helpcenter/10105} BLOCKED
12-07 13:24:29.331 I/AppsFilter( 1971): interaction: PackageSetting{4103608 com.example.moonlight_spatialsdk/10176} -> PackageSetting{3edb894 com.android.hotspot2.osulogin/10004} BLOCKED
12-07 13:24:29.331 I/AppsFilter( 1971): interaction: PackageSetting{4103608 com.example.moonlight_spatialsdk/10176} -> PackageSetting{ecdf3d com.camouflaj.manta/10022} BLOCKED
12-07 13:24:29.331 I/AppsFilter( 1971): interaction: PackageSetting{4103608 com.example.moonlight_spatialsdk/10176} -> PackageSetting{70dd332 com.oculus.quickpromotionservice/10082} BLOCKED
12-07 13:24:29.331 I/AppsFilter( 1971): interaction: PackageSetting{4103608 com.example.moonlight_spatialsdk/10176} -> PackageSetting{affd223 com.oculus.paracosmaavalanche/10164} BLOCKED
12-07 13:24:29.331 I/AppsFilter( 1971): interaction: PackageSetting{4103608 com.example.moonlight_spatialsdk/10176} -> PackageSetting{337ca00 com.facebook.arvr.quillplayer/10115} BLOCKED
12-07 13:24:29.331 I/AppsFilter( 1971): interaction: PackageSetting{4103608 com.example.moonlight_spatialsdk/10176} -> PackageSetting{a4d3239 com.LuckyVR.PokerStarsVR/10090} BLOCKED
12-07 13:24:29.331 I/AppsFilter( 1971): interaction: PackageSetting{4103608 com.example.moonlight_spatialsdk/10176} -> PackageSetting{941f07e com.meta.HyperscapeHmdCapture/10158} BLOCKED
12-07 13:24:29.331 I/libcamerahal( 9363): [INSIGHTS][2.01s] recv/ret/req heartbeat: cam4: 144/144/144, cam5: 144/144/144
12-07 13:24:29.331 I/AppsFilter( 1971): interaction: PackageSetting{4103608 com.example.moonlight_spatialsdk/10176} -> PackageSetting{7cdf9df com.android.captiveportallogin/10028} BLOCKED
12-07 13:24:29.331 I/AppsFilter( 1971): interaction: PackageSetting{4103608 com.example.moonlight_spatialsdk/10176} -> PackageSetting{64f862c com.oculus.panelapp.calendar/10086} BLOCKED
12-07 13:24:29.331 I/AppsFilter( 1971): interaction: PackageSetting{4103608 com.example.moonlight_spatialsdk/10176} -> PackageSetting{cc5b8f5 com.oculus.highwindservice/10141} BLOCKED
12-07 13:24:29.331 I/AppsFilter( 1971): interaction: PackageSetting{4103608 com.example.moonlight_spatialsdk/10176} -> PackageSetting{8cbe995 com.meta.pclinkservice.server/10047} BLOCKED
12-07 13:24:29.331 I/AppsFilter( 1971): interaction: PackageSetting{4103608 com.example.moonlight_spatialsdk/10176} -> PackageSetting{244d918 com.meta.transport/10120} BLOCKED
12-07 13:24:29.331 I/AppsFilter( 1971): interaction: PackageSetting{4103608 com.example.moonlight_spatialsdk/10176} -> PackageSetting{205ef71 com.oculus.configuration/10055} BLOCKED
12-07 13:24:29.331 I/OpenXR  (24960): Loading 64-bit Runtime.
12-07 13:24:29.334 E/TrackedObjectManager( 2832): Failed to connect to TrackedObjectService with error Status(-129, EX_TRANSACTION_FAILED): 'DEAD_OBJECT: '
12-07 13:24:29.334 W/OSDynamicObjectDataQuerier( 2832): Attempted to start tracking objects when tracker was already started
12-07 13:24:29.334 E/TrackedObjectManager( 2832): Failed to connect to TrackedObjectService with error Status(-129, EX_TRANSACTION_FAILED): 'DEAD_OBJECT: '
12-07 13:24:29.334 E/TrackedObjectManager( 2832): Failed to start tracking keyboard object with error Status(-129, EX_TRANSACTION_FAILED): 'DEAD_OBJECT: '
12-07 13:24:29.338 I/VrRuntimeClient(24960): VrRuntimeClient(): 0x723a8d9380
12-07 13:24:29.338 D/OsSdkLoader(24960): OSSDK loading module 'libossdk.oculus.so'
12-07 13:24:29.348 E/TrackedObjectManager( 2832): Failed to connect to TrackedObjectService with error Status(-129, EX_TRANSACTION_FAILED): 'DEAD_OBJECT: '
12-07 13:24:29.348 W/OSDynamicObjectDataQuerier( 2832): Attempted to start tracking objects when tracker was already started
12-07 13:24:29.348 E/TrackedObjectManager( 2832): Failed to connect to TrackedObjectService with error Status(-129, EX_TRANSACTION_FAILED): 'DEAD_OBJECT: '
12-07 13:24:29.348 E/TrackedObjectManager( 2832): Failed to start tracking keyboard object with error Status(-129, EX_TRANSACTION_FAILED): 'DEAD_OBJECT: '
12-07 13:24:29.348 I/DriverLoader(24960): Calling into SetLegacyVrApiEntryPointOverride
12-07 13:24:29.348 I/VrApi_DriverLoader(24960): SetLegacyVrApiEntryPointOverride: calling sprintf
12-07 13:24:29.348 I/VrApi_DriverLoader(24960): SetLegacyVrApiEntryPointOverride: env buffer is '0x723a82cbc8'
12-07 13:24:29.348 I/VrApi_DriverLoader(24960): SetLegacyVrApiEntryPointOverride: calling setenv
12-07 13:24:29.348 I/DriverLoader(24960): Creating Temp JNIEnv
12-07 13:24:29.348 I/DriverLoader(24960): Calling FindClass
12-07 13:24:29.348 I/DriverLoader(24960): Calling RegisterNativeVrApiLoaderMethods
12-07 13:24:29.348 I/VrApi_DriverLoader(24960): RegisterNativeVrApiLoaderMethods: calling RegisterNatives
12-07 13:24:29.348 I/DriverLoader(24960): Calling RegisterNativeXrLoaderMethods
12-07 13:24:29.348 I/OpenXR_DriverLoader(24960): RegisterNativeVrApiLoaderMethods: calling RegisterNatives
12-07 13:24:29.349 I/DriverLoader(24960): Exiting JNI_OnLoad
12-07 13:24:29.349 I/OpenXR_ClientState(24960): OpenXRClientState::create - from xrInitializeLoaderKHR
12-07 13:24:29.349 I/XrRuntimeSharedClientState(24960): SharedClientState::create called from 'OpenXRClientState::init'
12-07 13:24:29.349 I/ipcLoader [RUNTIMEIPC](24960): RuntimeIPC: Loader: IPC Service API Loader Version: 81 Dec  4 2025 07:47:30
12-07 13:24:29.349 I/ipcLoader [RUNTIMEIPC](24960): Using android_get_exported_namespace: libripcclient.oculus.so
12-07 13:24:29.350 I/ipcLoader [RUNTIMEIPC](24960): android_get_exported_namespace SUCCESS: libripcclient.oculus.so
12-07 13:24:29.351 I/RuntimeIPCSystem [RUNTIMEIPC](24960): RuntimeIPCSystem: Init called: Version: 81, Platform: Android, Build Date: Dec  2 2025, Build Time: 09:26:03, BuildMode: shared
12-07 13:24:29.351 I/MultiInstanceDetector [RUNTIMEIPC](24960): Multiple instances check passed. Socket name: INSTANCE_DETECTOR:24960
12-07 13:24:29.351 D/OsSdkLoader(24960): OSSDK loading module 'libossdk.oculus.so'
12-07 13:24:29.352 W/RuntimeIPCSystem [RUNTIMEIPC](24960): Init: Java VM is null
12-07 13:24:29.352 D/OsSdkLoader(24960): OSSDK loading module 'libripcmanager.oculus.so'
12-07 13:24:29.357 I/RuntimeIpcManager(24960): RuntimeIpcManager: attempting to get a service connection
12-07 13:24:29.357 I/RuntimeIpcBroker( 1159): [RuntimeIpcBroker] Attempting to retrieve package name and version for client
12-07 13:24:29.357 I/RuntimeIpcBroker( 1159): [RuntimeIpcBroker] Retrieving service manager for com.example.moonlight_spatialsdk
12-07 13:24:29.357 I/RuntimeIpcBroker( 1159): [RuntimeIpcBroker] Retrieving permission service [binder] from service manager for com.example.moonlight_spatialsdk
12-07 13:24:29.357 I/RuntimeIpcBroker( 1159): [RuntimeIpcBroker] Succesfully retrieved permission service [binder] from service manager for com.example.moonlight_spatialsdk
12-07 13:24:29.357 I/RuntimeIpcBroker( 1159): [RuntimeIpcBroker] Retrieving service manager for com.example.moonlight_spatialsdk
12-07 13:24:29.357 I/RuntimeIpcBroker( 1159): [RuntimeIpcBroker] Retrieving package_native service [binder] for com.example.moonlight_spatialsdk
12-07 13:24:29.357 I/RuntimeIpcBroker( 1159): [RuntimeIpcBroker] Succesfully retrieved package_native service [binder] for com.example.moonlight_spatialsdk
12-07 13:24:29.357 I/RuntimeIpcBroker( 1159): [RuntimeIpcBroker] Attempting to connect: com.example.moonlight_spatialsdk -- com.example.moonlight_spatialsdk, [uid: 10176, pid: 24960]
12-07 13:24:29.357 I/RuntimeIpcBroker( 1159): [RuntimeIpcBroker] Connections lock acquired
12-07 13:24:29.357 I/RuntimeIPCService [RUNTIMEIPC]( 1159): CreateBrokerConnection: Pre-lock BrokerConnections.Mutex: packageName: com.example.moonlight_spatialsdk, processName: com.example.moonlight_spatialsdk, pid: 24960
12-07 13:24:29.357 I/RuntimeIPCService [RUNTIMEIPC]( 1159): CreateBrokerConnection: [Client Descriptor - 24960:com.example.moonlight_spatialsdk:com.example.moonlight_spatialsdk] [Connection Id - 916390604]
12-07 13:24:29.358 I/RuntimeIpcBroker( 1159): [RuntimeIpcBroker] initClientId successful on client binder
12-07 13:24:29.358 I/RuntimeIpcBroker( 1159): [RuntimeIpcBroker] Connection established for com.example.moonlight_spatialsdk -- com.example.moonlight_spatialsdk, [uid: 10176, pid: 24960]
12-07 13:24:29.358 I/RuntimeIpcManager(24960): RuntimeIpcManager: Binder call to service->connect SUCCESS
12-07 13:24:29.358 V/RuntimeIPCService [RUNTIMEIPC]( 1159): GetServiceBinder: com.example.moonlight_spatialsdk:com.example.moonlight_spatialsdk:24960
12-07 13:24:29.359 V/IPCDataChannelAndroidBinder [RUNTIMEIPC]( 1159): alloc binder info: 92
12-07 13:24:29.359 D/IPCDataChannelServer [RUNTIMEIPC]( 1159): Connected: 916390604, com.example.moonlight_spatialsdk:com.example.moonlight_spatialsdk:24960
12-07 13:24:29.359 I/BrokerRPC [RUNTIMEIPC](24960): InitRPCToServiceInternal: Success
12-07 13:24:29.359 I/RuntimeIPCSystem [RUNTIMEIPC](24960): RuntimeIPCSystem: Init SUCCESS: Version: 81, Platform: Android, Build Date: Dec  2 2025, Build Time: 09:26:03, BuildMode: shared
12-07 13:24:29.359 W/RuntimeIPCService [RUNTIMEIPC]( 1159): SetServerList: Connection not allowed to register servers. Package: com.example.moonlight_spatialsdk, Process: com.example.moonlight_spatialsdk
12-07 13:24:29.359 I/RipcServerMgr [RUNTIMEIPC](24960): UpdateServerListOnBroker (pid: 24960): SUCCESS (shouldNotify=true): []
12-07 13:24:29.360 I/RuntimeIpcHelperService( 1971): Going to start ComponentInfo{com.oculus.systemdriver/com.oculus.vrruntimeservice.VrRuntimeService} as foreground, Calling uid: 10176 pid: 24960
12-07 13:24:29.362 E/TrackedObjectManager( 2832): Failed to connect to TrackedObjectService with error Status(-129, EX_TRANSACTION_FAILED): 'DEAD_OBJECT: '
