12-07 11:35:28.253 E/TrackedObjectManager( 2832): Failed to start tracking keyboard object with error Status(-129, EX_TRANSACTION_FAILED): 'DEAD_OBJECT: '
12-07 11:35:28.267 E/TrackedObjectManager( 2832): Failed to connect to TrackedObjectService with error Status(-129, EX_TRANSACTION_FAILED): 'DEAD_OBJECT: '
12-07 11:35:28.267 W/OSDynamicObjectDataQuerier( 2832): Attempted to start tracking objects when tracker was already started
12-07 11:35:28.267 E/TrackedObjectManager( 2832): Failed to connect to TrackedObjectService with error Status(-129, EX_TRANSACTION_FAILED): 'DEAD_OBJECT: '
12-07 11:35:28.267 E/TrackedObjectManager( 2832): Failed to start tracking keyboard object with error Status(-129, EX_TRANSACTION_FAILED): 'DEAD_OBJECT: '
12-07 11:35:28.281 E/TrackedObjectManager( 2832): Failed to connect to TrackedObjectService with error Status(-129, EX_TRANSACTION_FAILED): 'DEAD_OBJECT: '
12-07 11:35:28.281 W/OSDynamicObjectDataQuerier( 2832): Attempted to start tracking objects when tracker was already started
12-07 11:35:28.281 E/TrackedObjectManager( 2832): Failed to connect to TrackedObjectService with error Status(-129, EX_TRANSACTION_FAILED): 'DEAD_OBJECT: '
12-07 11:35:28.281 E/TrackedObjectManager( 2832): Failed to start tracking keyboard object with error Status(-129, EX_TRANSACTION_FAILED): 'DEAD_OBJECT: '
12-07 11:35:28.295 E/TrackedObjectManager( 2832): Failed to connect to TrackedObjectService with error Status(-129, EX_TRANSACTION_FAILED): 'DEAD_OBJECT: '
12-07 11:35:28.295 W/OSDynamicObjectDataQuerier( 2832): Attempted to start tracking objects when tracker was already started
12-07 11:35:28.295 E/TrackedObjectManager( 2832): Failed to connect to TrackedObjectService with error Status(-129, EX_TRANSACTION_FAILED): 'DEAD_OBJECT: '
12-07 11:35:28.295 E/TrackedObjectManager( 2832): Failed to start tracking keyboard object with error Status(-129, EX_TRANSACTION_FAILED): 'DEAD_OBJECT: '
12-07 11:35:28.308 E/TrackedObjectManager( 2832): Failed to connect to TrackedObjectService with error Status(-129, EX_TRANSACTION_FAILED): 'DEAD_OBJECT: '
12-07 11:35:28.309 W/OSDynamicObjectDataQuerier( 2832): Attempted to start tracking objects when tracker was already started
12-07 11:35:28.309 E/TrackedObjectManager( 2832): Failed to connect to TrackedObjectService with error Status(-129, EX_TRANSACTION_FAILED): 'DEAD_OBJECT: '
12-07 11:35:28.309 E/TrackedObjectManager( 2832): Failed to start tracking keyboard object with error Status(-129, EX_TRANSACTION_FAILED): 'DEAD_OBJECT: '
12-07 11:35:28.322 E/TrackedObjectManager( 2832): Failed to connect to TrackedObjectService with error Status(-129, EX_TRANSACTION_FAILED): 'DEAD_OBJECT: '
12-07 11:35:28.322 W/OSDynamicObjectDataQuerier( 2832): Attempted to start tracking objects when tracker was already started
12-07 11:35:28.322 E/TrackedObjectManager( 2832): Failed to connect to TrackedObjectService with error Status(-129, EX_TRANSACTION_FAILED): 'DEAD_OBJECT: '
12-07 11:35:28.322 E/TrackedObjectManager( 2832): Failed to start tracking keyboard object with error Status(-129, EX_TRANSACTION_FAILED): 'DEAD_OBJECT: '
12-07 11:35:28.336 E/TrackedObjectManager( 2832): Failed to connect to TrackedObjectService with error Status(-129, EX_TRANSACTION_FAILED): 'DEAD_OBJECT: '
12-07 11:35:28.336 W/OSDynamicObjectDataQuerier( 2832): Attempted to start tracking objects when tracker was already started
12-07 11:35:28.336 E/TrackedObjectManager( 2832): Failed to connect to TrackedObjectService with error Status(-129, EX_TRANSACTION_FAILED): 'DEAD_OBJECT: '
12-07 11:35:28.336 E/TrackedObjectManager( 2832): Failed to start tracking keyboard object with error Status(-129, EX_TRANSACTION_FAILED): 'DEAD_OBJECT: '
12-07 11:35:28.350 E/TrackedObjectManager( 2832): Failed to connect to TrackedObjectService with error Status(-129, EX_TRANSACTION_FAILED): 'DEAD_OBJECT: '
12-07 11:35:28.350 W/OSDynamicObjectDataQuerier( 2832): Attempted to start tracking objects when tracker was already started
12-07 11:35:28.350 E/TrackedObjectManager( 2832): Failed to connect to TrackedObjectService with error Status(-129, EX_TRANSACTION_FAILED): 'DEAD_OBJECT: '
12-07 11:35:28.350 E/TrackedObjectManager( 2832): Failed to start tracking keyboard object with error Status(-129, EX_TRANSACTION_FAILED): 'DEAD_OBJECT: '
12-07 11:35:28.364 E/TrackedObjectManager( 2832): Failed to connect to TrackedObjectService with error Status(-129, EX_TRANSACTION_FAILED): 'DEAD_OBJECT: '
12-07 11:35:28.364 W/OSDynamicObjectDataQuerier( 2832): Attempted to start tracking objects when tracker was already started
12-07 11:35:28.364 E/TrackedObjectManager( 2832): Failed to connect to TrackedObjectService with error Status(-129, EX_TRANSACTION_FAILED): 'DEAD_OBJECT: '
12-07 11:35:28.364 E/TrackedObjectManager( 2832): Failed to start tracking keyboard object with error Status(-129, EX_TRANSACTION_FAILED): 'DEAD_OBJECT: '
12-07 11:35:28.378 E/TrackedObjectManager( 2832): Failed to connect to TrackedObjectService with error Status(-129, EX_TRANSACTION_FAILED): 'DEAD_OBJECT: '
12-07 11:35:28.378 W/OSDynamicObjectDataQuerier( 2832): Attempted to start tracking objects when tracker was already started
12-07 11:35:28.378 E/TrackedObjectManager( 2832): Failed to connect to TrackedObjectService with error Status(-129, EX_TRANSACTION_FAILED): 'DEAD_OBJECT: '
12-07 11:35:28.378 E/TrackedObjectManager( 2832): Failed to start tracking keyboard object with error Status(-129, EX_TRANSACTION_FAILED): 'DEAD_OBJECT: '
12-07 11:35:28.392 E/TrackedObjectManager( 2832): Failed to connect to TrackedObjectService with error Status(-129, EX_TRANSACTION_FAILED): 'DEAD_OBJECT: '
12-07 11:35:28.392 W/OSDynamicObjectDataQuerier( 2832): Attempted to start tracking objects when tracker was already started
12-07 11:35:28.392 E/TrackedObjectManager( 2832): Failed to connect to TrackedObjectService with error Status(-129, EX_TRANSACTION_FAILED): 'DEAD_OBJECT: '
12-07 11:35:28.392 E/TrackedObjectManager( 2832): Failed to start tracking keyboard object with error Status(-129, EX_TRANSACTION_FAILED): 'DEAD_OBJECT: '
12-07 11:35:28.406 E/TrackedObjectManager( 2832): Failed to connect to TrackedObjectService with error Status(-129, EX_TRANSACTION_FAILED): 'DEAD_OBJECT: '
12-07 11:35:28.406 W/OSDynamicObjectDataQuerier( 2832): Attempted to start tracking objects when tracker was already started
12-07 11:35:28.406 E/TrackedObjectManager( 2832): Failed to connect to TrackedObjectService with error Status(-129, EX_TRANSACTION_FAILED): 'DEAD_OBJECT: '
12-07 11:35:28.406 E/TrackedObjectManager( 2832): Failed to start tracking keyboard object with error Status(-129, EX_TRANSACTION_FAILED): 'DEAD_OBJECT: '
12-07 11:35:28.420 E/TrackedObjectManager( 2832): Failed to connect to TrackedObjectService with error Status(-129, EX_TRANSACTION_FAILED): 'DEAD_OBJECT: '
12-07 11:35:28.420 W/OSDynamicObjectDataQuerier( 2832): Attempted to start tracking objects when tracker was already started
12-07 11:35:28.420 E/TrackedObjectManager( 2832): Failed to connect to TrackedObjectService with error Status(-129, EX_TRANSACTION_FAILED): 'DEAD_OBJECT: '
12-07 11:35:28.420 E/TrackedObjectManager( 2832): Failed to start tracking keyboard object with error Status(-129, EX_TRANSACTION_FAILED): 'DEAD_OBJECT: '
12-07 11:35:28.433 E/TrackedObjectManager( 2832): Failed to connect to TrackedObjectService with error Status(-129, EX_TRANSACTION_FAILED): 'DEAD_OBJECT: '
12-07 11:35:28.434 W/OSDynamicObjectDataQuerier( 2832): Attempted to start tracking objects when tracker was already started
12-07 11:35:28.434 E/TrackedObjectManager( 2832): Failed to connect to TrackedObjectService with error Status(-129, EX_TRANSACTION_FAILED): 'DEAD_OBJECT: '
12-07 11:35:28.434 E/TrackedObjectManager( 2832): Failed to start tracking keyboard object with error Status(-129, EX_TRANSACTION_FAILED): 'DEAD_OBJECT: '
12-07 11:35:28.436 I/VD628x  (  884): Flicker results: freq 370.418274, max 883.763367, dcr 67.970680, pct 0.000149, idx 0.000126, conf 0.002583, snr -25.709055, svm 0.000346, sus 2
12-07 11:35:28.447 E/TrackedObjectManager( 2832): Failed to connect to TrackedObjectService with error Status(-129, EX_TRANSACTION_FAILED): 'DEAD_OBJECT: '
12-07 11:35:28.447 W/OSDynamicObjectDataQuerier( 2832): Attempted to start tracking objects when tracker was already started
12-07 11:35:28.447 E/TrackedObjectManager( 2832): Failed to connect to TrackedObjectService with error Status(-129, EX_TRANSACTION_FAILED): 'DEAD_OBJECT: '
12-07 11:35:28.447 E/TrackedObjectManager( 2832): Failed to start tracking keyboard object with error Status(-129, EX_TRANSACTION_FAILED): 'DEAD_OBJECT: '
12-07 11:35:28.461 E/TrackedObjectManager( 2832): Failed to connect to TrackedObjectService with error Status(-129, EX_TRANSACTION_FAILED): 'DEAD_OBJECT: '
12-07 11:35:28.461 W/OSDynamicObjectDataQuerier( 2832): Attempted to start tracking objects when tracker was already started
12-07 11:35:28.461 E/TrackedObjectManager( 2832): Failed to connect to TrackedObjectService with error Status(-129, EX_TRANSACTION_FAILED): 'DEAD_OBJECT: '
12-07 11:35:28.461 E/TrackedObjectManager( 2832): Failed to start tracking keyboard object with error Status(-129, EX_TRANSACTION_FAILED): 'DEAD_OBJECT: '
12-07 11:35:28.475 E/TrackedObjectManager( 2832): Failed to connect to TrackedObjectService with error Status(-129, EX_TRANSACTION_FAILED): 'DEAD_OBJECT: '
12-07 11:35:28.475 W/OSDynamicObjectDataQuerier( 2832): Attempted to start tracking objects when tracker was already started
12-07 11:35:28.475 E/TrackedObjectManager( 2832): Failed to connect to TrackedObjectService with error Status(-129, EX_TRANSACTION_FAILED): 'DEAD_OBJECT: '
12-07 11:35:28.475 E/TrackedObjectManager( 2832): Failed to start tracking keyboard object with error Status(-129, EX_TRANSACTION_FAILED): 'DEAD_OBJECT: '
12-07 11:35:28.489 E/TrackedObjectManager( 2832): Failed to connect to TrackedObjectService with error Status(-129, EX_TRANSACTION_FAILED): 'DEAD_OBJECT: '
12-07 11:35:28.489 W/OSDynamicObjectDataQuerier( 2832): Attempted to start tracking objects when tracker was already started
12-07 11:35:28.489 E/TrackedObjectManager( 2832): Failed to connect to TrackedObjectService with error Status(-129, EX_TRANSACTION_FAILED): 'DEAD_OBJECT: '
12-07 11:35:28.489 E/TrackedObjectManager( 2832): Failed to start tracking keyboard object with error Status(-129, EX_TRANSACTION_FAILED): 'DEAD_OBJECT: '
12-07 11:35:28.503 E/TrackedObjectManager( 2832): Failed to connect to TrackedObjectService with error Status(-129, EX_TRANSACTION_FAILED): 'DEAD_OBJECT: '
12-07 11:35:28.503 W/OSDynamicObjectDataQuerier( 2832): Attempted to start tracking objects when tracker was already started
12-07 11:35:28.503 E/TrackedObjectManager( 2832): Failed to connect to TrackedObjectService with error Status(-129, EX_TRANSACTION_FAILED): 'DEAD_OBJECT: '
12-07 11:35:28.503 E/TrackedObjectManager( 2832): Failed to start tracking keyboard object with error Status(-129, EX_TRANSACTION_FAILED): 'DEAD_OBJECT: '
12-07 11:35:28.517 E/TrackedObjectManager( 2832): Failed to connect to TrackedObjectService with error Status(-129, EX_TRANSACTION_FAILED): 'DEAD_OBJECT: '
12-07 11:35:28.517 W/OSDynamicObjectDataQuerier( 2832): Attempted to start tracking objects when tracker was already started
12-07 11:35:28.517 E/TrackedObjectManager( 2832): Failed to connect to TrackedObjectService with error Status(-129, EX_TRANSACTION_FAILED): 'DEAD_OBJECT: '
12-07 11:35:28.517 E/TrackedObjectManager( 2832): Failed to start tracking keyboard object with error Status(-129, EX_TRANSACTION_FAILED): 'DEAD_OBJECT: '
12-07 11:35:28.531 E/TrackedObjectManager( 2832): Failed to connect to TrackedObjectService with error Status(-129, EX_TRANSACTION_FAILED): 'DEAD_OBJECT: '
12-07 11:35:28.531 W/OSDynamicObjectDataQuerier( 2832): Attempted to start tracking objects when tracker was already started
12-07 11:35:28.531 E/TrackedObjectManager( 2832): Failed to connect to TrackedObjectService with error Status(-129, EX_TRANSACTION_FAILED): 'DEAD_OBJECT: '
12-07 11:35:28.531 E/TrackedObjectManager( 2832): Failed to start tracking keyboard object with error Status(-129, EX_TRANSACTION_FAILED): 'DEAD_OBJECT: '
12-07 11:35:28.545 E/TrackedObjectManager( 2832): Failed to connect to TrackedObjectService with error Status(-129, EX_TRANSACTION_FAILED): 'DEAD_OBJECT: '
12-07 11:35:28.545 W/OSDynamicObjectDataQuerier( 2832): Attempted to start tracking objects when tracker was already started
12-07 11:35:28.545 E/TrackedObjectManager( 2832): Failed to connect to TrackedObjectService with error Status(-129, EX_TRANSACTION_FAILED): 'DEAD_OBJECT: '
12-07 11:35:28.545 E/TrackedObjectManager( 2832): Failed to start tracking keyboard object with error Status(-129, EX_TRANSACTION_FAILED): 'DEAD_OBJECT: '
12-07 11:35:28.559 E/TrackedObjectManager( 2832): Failed to connect to TrackedObjectService with error Status(-129, EX_TRANSACTION_FAILED): 'DEAD_OBJECT: '
12-07 11:35:28.559 W/OSDynamicObjectDataQuerier( 2832): Attempted to start tracking objects when tracker was already started
12-07 11:35:28.559 E/TrackedObjectManager( 2832): Failed to connect to TrackedObjectService with error Status(-129, EX_TRANSACTION_FAILED): 'DEAD_OBJECT: '
12-07 11:35:28.559 E/TrackedObjectManager( 2832): Failed to start tracking keyboard object with error Status(-129, EX_TRANSACTION_FAILED): 'DEAD_OBJECT: '
12-07 11:35:28.572 E/TrackedObjectManager( 2832): Failed to connect to TrackedObjectService with error Status(-129, EX_TRANSACTION_FAILED): 'DEAD_OBJECT: '
12-07 11:35:28.573 W/OSDynamicObjectDataQuerier( 2832): Attempted to start tracking objects when tracker was already started
12-07 11:35:28.573 E/TrackedObjectManager( 2832): Failed to connect to TrackedObjectService with error Status(-129, EX_TRANSACTION_FAILED): 'DEAD_OBJECT: '
12-07 11:35:28.573 E/TrackedObjectManager( 2832): Failed to start tracking keyboard object with error Status(-129, EX_TRANSACTION_FAILED): 'DEAD_OBJECT: '
12-07 11:35:28.586 E/TrackedObjectManager( 2832): Failed to connect to TrackedObjectService with error Status(-129, EX_TRANSACTION_FAILED): 'DEAD_OBJECT: '
12-07 11:35:28.586 W/OSDynamicObjectDataQuerier( 2832): Attempted to start tracking objects when tracker was already started
12-07 11:35:28.586 E/TrackedObjectManager( 2832): Failed to connect to TrackedObjectService with error Status(-129, EX_TRANSACTION_FAILED): 'DEAD_OBJECT: '
12-07 11:35:28.586 E/TrackedObjectManager( 2832): Failed to start tracking keyboard object with error Status(-129, EX_TRANSACTION_FAILED): 'DEAD_OBJECT: '
12-07 11:35:28.600 E/TrackedObjectManager( 2832): Failed to connect to TrackedObjectService with error Status(-129, EX_TRANSACTION_FAILED): 'DEAD_OBJECT: '
12-07 11:35:28.600 W/OSDynamicObjectDataQuerier( 2832): Attempted to start tracking objects when tracker was already started
12-07 11:35:28.600 E/TrackedObjectManager( 2832): Failed to connect to TrackedObjectService with error Status(-129, EX_TRANSACTION_FAILED): 'DEAD_OBJECT: '
12-07 11:35:28.600 E/TrackedObjectManager( 2832): Failed to start tracking keyboard object with error Status(-129, EX_TRANSACTION_FAILED): 'DEAD_OBJECT: '
12-07 11:35:28.614 E/TrackedObjectManager( 2832): Failed to connect to TrackedObjectService with error Status(-129, EX_TRANSACTION_FAILED): 'DEAD_OBJECT: '
12-07 11:35:28.614 W/OSDynamicObjectDataQuerier( 2832): Attempted to start tracking objects when tracker was already started
12-07 11:35:28.614 E/TrackedObjectManager( 2832): Failed to connect to TrackedObjectService with error Status(-129, EX_TRANSACTION_FAILED): 'DEAD_OBJECT: '
12-07 11:35:28.614 E/TrackedObjectManager( 2832): Failed to start tracking keyboard object with error Status(-129, EX_TRANSACTION_FAILED): 'DEAD_OBJECT: '
12-07 11:35:28.628 E/TrackedObjectManager( 2832): Failed to connect to TrackedObjectService with error Status(-129, EX_TRANSACTION_FAILED): 'DEAD_OBJECT: '
12-07 11:35:28.628 W/OSDynamicObjectDataQuerier( 2832): Attempted to start tracking objects when tracker was already started
12-07 11:35:28.628 E/TrackedObjectManager( 2832): Failed to connect to TrackedObjectService with error Status(-129, EX_TRANSACTION_FAILED): 'DEAD_OBJECT: '
12-07 11:35:28.628 E/TrackedObjectManager( 2832): Failed to start tracking keyboard object with error Status(-129, EX_TRANSACTION_FAILED): 'DEAD_OBJECT: '
12-07 11:35:28.642 E/TrackedObjectManager( 2832): Failed to connect to TrackedObjectService with error Status(-129, EX_TRANSACTION_FAILED): 'DEAD_OBJECT: '
12-07 11:35:28.642 W/OSDynamicObjectDataQuerier( 2832): Attempted to start tracking objects when tracker was already started
12-07 11:35:28.642 E/TrackedObjectManager( 2832): Failed to connect to TrackedObjectService with error Status(-129, EX_TRANSACTION_FAILED): 'DEAD_OBJECT: '
12-07 11:35:28.642 E/TrackedObjectManager( 2832): Failed to start tracking keyboard object with error Status(-129, EX_TRANSACTION_FAILED): 'DEAD_OBJECT: '
12-07 11:35:28.656 E/TrackedObjectManager( 2832): Failed to connect to TrackedObjectService with error Status(-129, EX_TRANSACTION_FAILED): 'DEAD_OBJECT: '
12-07 11:35:28.656 W/OSDynamicObjectDataQuerier( 2832): Attempted to start tracking objects when tracker was already started
12-07 11:35:28.656 E/TrackedObjectManager( 2832): Failed to connect to TrackedObjectService with error Status(-129, EX_TRANSACTION_FAILED): 'DEAD_OBJECT: '
12-07 11:35:28.656 E/TrackedObjectManager( 2832): Failed to start tracking keyboard object with error Status(-129, EX_TRANSACTION_FAILED): 'DEAD_OBJECT: '
12-07 11:35:28.670 E/TrackedObjectManager( 2832): Failed to connect to TrackedObjectService with error Status(-129, EX_TRANSACTION_FAILED): 'DEAD_OBJECT: '
12-07 11:35:28.670 W/OSDynamicObjectDataQuerier( 2832): Attempted to start tracking objects when tracker was already started
12-07 11:35:28.670 E/TrackedObjectManager( 2832): Failed to connect to TrackedObjectService with error Status(-129, EX_TRANSACTION_FAILED): 'DEAD_OBJECT: '
12-07 11:35:28.670 E/TrackedObjectManager( 2832): Failed to start tracking keyboard object with error Status(-129, EX_TRANSACTION_FAILED): 'DEAD_OBJECT: '
12-07 11:35:28.684 E/TrackedObjectManager( 2832): Failed to connect to TrackedObjectService with error Status(-129, EX_TRANSACTION_FAILED): 'DEAD_OBJECT: '
12-07 11:35:28.684 W/OSDynamicObjectDataQuerier( 2832): Attempted to start tracking objects when tracker was already started
12-07 11:35:28.684 E/TrackedObjectManager( 2832): Failed to connect to TrackedObjectService with error Status(-129, EX_TRANSACTION_FAILED): 'DEAD_OBJECT: '
12-07 11:35:28.684 E/TrackedObjectManager( 2832): Failed to start tracking keyboard object with error Status(-129, EX_TRANSACTION_FAILED): 'DEAD_OBJECT: '
12-07 11:35:28.685 I/Tracking( 9368): Vega: [INSIGHTS] Mode=DescriptorVega,6DoF,Agg=45s,Inl=13,25,133,Mem=93.1,FrameDur=6.3,25.8,PoseLat=1.6,6.4,CamImuLat=21.3,37.6,Jit=0.0,0.1,Drops(Cam=0,IMU=0),MeanIr=45071.8,Exp(0.7ms,g=1,I=61)(0.7ms,g=1,I=61)(2.1ms,g=1,I=59)(2.1ms,g=1,I=60)(1.7ms,g=1)(1.7ms,g=1),NonInertEnv=n
12-07 11:35:28.697 E/TrackedObjectManager( 2832): Failed to connect to TrackedObjectService with error Status(-129, EX_TRANSACTION_FAILED): 'DEAD_OBJECT: '
12-07 11:35:28.697 W/OSDynamicObjectDataQuerier( 2832): Attempted to start tracking objects when tracker was already started
12-07 11:35:28.697 E/TrackedObjectManager( 2832): Failed to connect to TrackedObjectService with error Status(-129, EX_TRANSACTION_FAILED): 'DEAD_OBJECT: '
12-07 11:35:28.697 E/TrackedObjectManager( 2832): Failed to start tracking keyboard object with error Status(-129, EX_TRANSACTION_FAILED): 'DEAD_OBJECT: '
12-07 11:35:28.711 E/TrackedObjectManager( 2832): Failed to connect to TrackedObjectService with error Status(-129, EX_TRANSACTION_FAILED): 'DEAD_OBJECT: '
12-07 11:35:28.711 W/OSDynamicObjectDataQuerier( 2832): Attempted to start tracking objects when tracker was already started
12-07 11:35:28.711 E/TrackedObjectManager( 2832): Failed to connect to TrackedObjectService with error Status(-129, EX_TRANSACTION_FAILED): 'DEAD_OBJECT: '
12-07 11:35:28.711 E/TrackedObjectManager( 2832): Failed to start tracking keyboard object with error Status(-129, EX_TRANSACTION_FAILED): 'DEAD_OBJECT: '
12-07 11:35:28.725 E/TrackedObjectManager( 2832): Failed to connect to TrackedObjectService with error Status(-129, EX_TRANSACTION_FAILED): 'DEAD_OBJECT: '
12-07 11:35:28.725 W/OSDynamicObjectDataQuerier( 2832): Attempted to start tracking objects when tracker was already started
12-07 11:35:28.725 E/TrackedObjectManager( 2832): Failed to connect to TrackedObjectService with error Status(-129, EX_TRANSACTION_FAILED): 'DEAD_OBJECT: '
12-07 11:35:28.725 E/TrackedObjectManager( 2832): Failed to start tracking keyboard object with error Status(-129, EX_TRANSACTION_FAILED): 'DEAD_OBJECT: '
12-07 11:35:28.729 I/Shell   ( 3469): HsrSoundSystem::playOneShotSound3D for GUID a726c8c1-2e67-4049-bc5a-bcedb8d5d1ab with event name press1
12-07 11:35:28.729 I/[SEO] HapticSystem( 3469): HapticSystem::Playing haptic clip press1 on 2 for -1 scaled 1.000000 delta 0.000000
12-07 11:35:28.739 E/TrackedObjectManager( 2832): Failed to connect to TrackedObjectService with error Status(-129, EX_TRANSACTION_FAILED): 'DEAD_OBJECT: '
12-07 11:35:28.739 W/OSDynamicObjectDataQuerier( 2832): Attempted to start tracking objects when tracker was already started
12-07 11:35:28.739 E/TrackedObjectManager( 2832): Failed to connect to TrackedObjectService with error Status(-129, EX_TRANSACTION_FAILED): 'DEAD_OBJECT: '
12-07 11:35:28.739 E/TrackedObjectManager( 2832): Failed to start tracking keyboard object with error Status(-129, EX_TRANSACTION_FAILED): 'DEAD_OBJECT: '
12-07 11:35:28.753 E/TrackedObjectManager( 2832): Failed to connect to TrackedObjectService with error Status(-129, EX_TRANSACTION_FAILED): 'DEAD_OBJECT: '
12-07 11:35:28.753 W/OSDynamicObjectDataQuerier( 2832): Attempted to start tracking objects when tracker was already started
12-07 11:35:28.753 E/TrackedObjectManager( 2832): Failed to connect to TrackedObjectService with error Status(-129, EX_TRANSACTION_FAILED): 'DEAD_OBJECT: '
12-07 11:35:28.753 E/TrackedObjectManager( 2832): Failed to start tracking keyboard object with error Status(-129, EX_TRANSACTION_FAILED): 'DEAD_OBJECT: '
12-07 11:35:28.767 E/TrackedObjectManager( 2832): Failed to connect to TrackedObjectService with error Status(-129, EX_TRANSACTION_FAILED): 'DEAD_OBJECT: '
12-07 11:35:28.767 W/OSDynamicObjectDataQuerier( 2832): Attempted to start tracking objects when tracker was already started
12-07 11:35:28.767 E/TrackedObjectManager( 2832): Failed to connect to TrackedObjectService with error Status(-129, EX_TRANSACTION_FAILED): 'DEAD_OBJECT: '
12-07 11:35:28.767 E/TrackedObjectManager( 2832): Failed to start tracking keyboard object with error Status(-129, EX_TRANSACTION_FAILED): 'DEAD_OBJECT: '
12-07 11:35:28.773 I/VrApi   ( 3469): FPS=73/72,Prd=26ms,Tear=0,Early=0,Stale=0,Stale2/5/10/max=0/0/0/0,VSnc=1,Lat=-1,Fov=3,CPU4/GPU=3/2,1382/456MHz,OC=3F,TA=0/0/0,SP=N/N/N,Mem=2736MHz,Free=3411MB,PLS=0,Temp=30.0C/0.0C,TW=2.28ms,App=1.29ms,GD=0.00ms,CPU&GPU=9.95ms,LCnt=6(DR71,LM4),GPU%=0.27,CPU%=0.33(W0.35),CFL=12.47/20.11,ICFLp95=16.00,LD=0,SF=1.00,LP=1,DVFS=0,ShrpLCnt=2,ShrpR=0.000,SSLCnt=1/2
12-07 11:35:28.781 E/TrackedObjectManager( 2832): Failed to connect to TrackedObjectService with error Status(-129, EX_TRANSACTION_FAILED): 'DEAD_OBJECT: '
12-07 11:35:28.781 W/OSDynamicObjectDataQuerier( 2832): Attempted to start tracking objects when tracker was already started
12-07 11:35:28.781 E/TrackedObjectManager( 2832): Failed to connect to TrackedObjectService with error Status(-129, EX_TRANSACTION_FAILED): 'DEAD_OBJECT: '
12-07 11:35:28.781 E/TrackedObjectManager( 2832): Failed to start tracking keyboard object with error Status(-129, EX_TRANSACTION_FAILED): 'DEAD_OBJECT: '
12-07 11:35:28.791 I/DynamicObjectClient( 4885): Query Dynamic Object Tracker anchors
12-07 11:35:28.791 I/DynamicObjectClient( 4885): Object in query has empty predictions or tracking flags
12-07 11:35:28.795 E/TrackedObjectManager( 2832): Failed to connect to TrackedObjectService with error Status(-129, EX_TRANSACTION_FAILED): 'DEAD_OBJECT: '
12-07 11:35:28.795 W/OSDynamicObjectDataQuerier( 2832): Attempted to start tracking objects when tracker was already started
12-07 11:35:28.795 E/TrackedObjectManager( 2832): Failed to connect to TrackedObjectService with error Status(-129, EX_TRANSACTION_FAILED): 'DEAD_OBJECT: '
12-07 11:35:28.795 E/TrackedObjectManager( 2832): Failed to start tracking keyboard object with error Status(-129, EX_TRANSACTION_FAILED): 'DEAD_OBJECT: '
12-07 11:35:28.797 I/[CT]    ( 2832): MIXEDREALITY: PassthroughApiManager: GetUpdatedLayerState: (every 2 seconds) PT is: ON numLayers: 1
12-07 11:35:28.809 E/TrackedObjectManager( 2832): Failed to connect to TrackedObjectService with error Status(-129, EX_TRANSACTION_FAILED): 'DEAD_OBJECT: '
12-07 11:35:28.809 W/OSDynamicObjectDataQuerier( 2832): Attempted to start tracking objects when tracker was already started
12-07 11:35:28.809 E/TrackedObjectManager( 2832): Failed to connect to TrackedObjectService with error Status(-129, EX_TRANSACTION_FAILED): 'DEAD_OBJECT: '
12-07 11:35:28.809 E/TrackedObjectManager( 2832): Failed to start tracking keyboard object with error Status(-129, EX_TRANSACTION_FAILED): 'DEAD_OBJECT: '
12-07 11:35:28.822 I/Tracking( 9368): CONSTELLATION:VISION_STATUS: 0x402c25cbf028a4e8 (R): [#Samples=76] 72378.198s | BlobDetection:[#BlobsDetected=(16.88, 35.00)]Matching:[MatchSuccess=0.934, MatchCost=(0.00173, 0.00000), #MatchedBlobs=(16.01, 39.72), #MatchedLeds=(6.71, 4.50), RematchM=0.434, SkipRefine=0.000] MatchMethod:[Prox=0.474, ConstBrute=0.461, AttiBrute=0.000, UnconstBrute=0.000] MatchResets[AnomBlobSize=0.000, SharedMatch=0.000, DenseReacq=0.000] | Fusion:[FusionError=0.000, ImuFromCamMs=(-72376697.990, 2138717.781), RematchF=0.000] FusionUpdates:[Successful=0.000, Reliable=0.000, TightFusion=0.000, FullPose=0.000, StaticPrior=0.000, StaticForHandTrans=0.000, PoseUpdateMD=(0.0000, 0.0000)] FusionResets[6DoFReset=0.000, ResetSuccess=0.000] FusionStatus[HasPosition=0.000, HasVelocity=0.000]  [Current time=72378.198s, last log time=72373.131s]
12-07 11:35:28.823 E/TrackedObjectManager( 2832): Failed to connect to TrackedObjectService with error Status(-129, EX_TRANSACTION_FAILED): 'DEAD_OBJECT: '
12-07 11:35:28.823 W/OSDynamicObjectDataQuerier( 2832): Attempted to start tracking objects when tracker was already started
12-07 11:35:28.823 E/TrackedObjectManager( 2832): Failed to connect to TrackedObjectService with error Status(-129, EX_TRANSACTION_FAILED): 'DEAD_OBJECT: '
12-07 11:35:28.823 E/TrackedObjectManager( 2832): Failed to start tracking keyboard object with error Status(-129, EX_TRANSACTION_FAILED): 'DEAD_OBJECT: '
12-07 11:35:28.836 E/TrackedObjectManager( 2832): Failed to connect to TrackedObjectService with error Status(-129, EX_TRANSACTION_FAILED): 'DEAD_OBJECT: '
12-07 11:35:28.836 W/OSDynamicObjectDataQuerier( 2832): Attempted to start tracking objects when tracker was already started
12-07 11:35:28.836 E/TrackedObjectManager( 2832): Failed to connect to TrackedObjectService with error Status(-129, EX_TRANSACTION_FAILED): 'DEAD_OBJECT: '
12-07 11:35:28.836 E/TrackedObjectManager( 2832): Failed to start tracking keyboard object with error Status(-129, EX_TRANSACTION_FAILED): 'DEAD_OBJECT: '
12-07 11:35:28.850 E/TrackedObjectManager( 2832): Failed to connect to TrackedObjectService with error Status(-129, EX_TRANSACTION_FAILED): 'DEAD_OBJECT: '
12-07 11:35:28.850 W/OSDynamicObjectDataQuerier( 2832): Attempted to start tracking objects when tracker was already started
12-07 11:35:28.850 E/TrackedObjectManager( 2832): Failed to connect to TrackedObjectService with error Status(-129, EX_TRANSACTION_FAILED): 'DEAD_OBJECT: '
12-07 11:35:28.850 E/TrackedObjectManager( 2832): Failed to start tracking keyboard object with error Status(-129, EX_TRANSACTION_FAILED): 'DEAD_OBJECT: '
12-07 11:35:28.864 E/TrackedObjectManager( 2832): Failed to connect to TrackedObjectService with error Status(-129, EX_TRANSACTION_FAILED): 'DEAD_OBJECT: '
12-07 11:35:28.864 W/OSDynamicObjectDataQuerier( 2832): Attempted to start tracking objects when tracker was already started
12-07 11:35:28.864 E/TrackedObjectManager( 2832): Failed to connect to TrackedObjectService with error Status(-129, EX_TRANSACTION_FAILED): 'DEAD_OBJECT: '
12-07 11:35:28.864 E/TrackedObjectManager( 2832): Failed to start tracking keyboard object with error Status(-129, EX_TRANSACTION_FAILED): 'DEAD_OBJECT: '
12-07 11:35:28.875 I/[Highwind]( 5423): disco.dap.usb: USB setup has been running for 88880s
12-07 11:35:28.878 E/TrackedObjectManager( 2832): Failed to connect to TrackedObjectService with error Status(-129, EX_TRANSACTION_FAILED): 'DEAD_OBJECT: '
12-07 11:35:28.878 W/OSDynamicObjectDataQuerier( 2832): Attempted to start tracking objects when tracker was already started
12-07 11:35:28.878 E/TrackedObjectManager( 2832): Failed to connect to TrackedObjectService with error Status(-129, EX_TRANSACTION_FAILED): 'DEAD_OBJECT: '
12-07 11:35:28.878 E/TrackedObjectManager( 2832): Failed to start tracking keyboard object with error Status(-129, EX_TRANSACTION_FAILED): 'DEAD_OBJECT: '
12-07 11:35:28.892 E/TrackedObjectManager( 2832): Failed to connect to TrackedObjectService with error Status(-129, EX_TRANSACTION_FAILED): 'DEAD_OBJECT: '
12-07 11:35:28.892 W/OSDynamicObjectDataQuerier( 2832): Tracker stopped running without input server stopping it, attempting restart
12-07 11:35:28.892 W/OSDynamicObjectDataQuerier( 2832): Attempted to start tracking objects when tracker was already started
12-07 11:35:28.892 E/TrackedObjectManager( 2832): Failed to connect to TrackedObjectService with error Status(-129, EX_TRANSACTION_FAILED): 'DEAD_OBJECT: '
12-07 11:35:28.892 E/TrackedObjectManager( 2832): Failed to start tracking keyboard object with error Status(-129, EX_TRANSACTION_FAILED): 'DEAD_OBJECT: '
12-07 11:35:28.903 I/MoonlightConnectionMgr(10713): checkPairing start host=10.1.95.5 port=47989
12-07 11:35:28.906 E/TrackedObjectManager( 2832): Failed to connect to TrackedObjectService with error Status(-129, EX_TRANSACTION_FAILED): 'DEAD_OBJECT: '
12-07 11:35:28.906 W/OSDynamicObjectDataQuerier( 2832): Attempted to start tracking objects when tracker was already started
12-07 11:35:28.906 E/TrackedObjectManager( 2832): Failed to connect to TrackedObjectService with error Status(-129, EX_TRANSACTION_FAILED): 'DEAD_OBJECT: '
12-07 11:35:28.906 E/TrackedObjectManager( 2832): Failed to start tracking keyboard object with error Status(-129, EX_TRANSACTION_FAILED): 'DEAD_OBJECT: '
12-07 11:35:28.909 D/TrafficStats(10713): tagSocket(101) with statsTag=0xffffffff, statsUid=-1
12-07 11:35:28.920 E/TrackedObjectManager( 2832): Failed to connect to TrackedObjectService with error Status(-129, EX_TRANSACTION_FAILED): 'DEAD_OBJECT: '
12-07 11:35:28.920 W/OSDynamicObjectDataQuerier( 2832): Attempted to start tracking objects when tracker was already started
12-07 11:35:28.920 E/TrackedObjectManager( 2832): Failed to connect to TrackedObjectService with error Status(-129, EX_TRANSACTION_FAILED): 'DEAD_OBJECT: '
12-07 11:35:28.920 E/TrackedObjectManager( 2832): Failed to start tracking keyboard object with error Status(-129, EX_TRANSACTION_FAILED): 'DEAD_OBJECT: '
12-07 11:35:28.934 E/TrackedObjectManager( 2832): Failed to connect to TrackedObjectService with error Status(-129, EX_TRANSACTION_FAILED): 'DEAD_OBJECT: '
12-07 11:35:28.934 W/OSDynamicObjectDataQuerier( 2832): Attempted to start tracking objects when tracker was already started
12-07 11:35:28.934 E/TrackedObjectManager( 2832): Failed to connect to TrackedObjectService with error Status(-129, EX_TRANSACTION_FAILED): 'DEAD_OBJECT: '
12-07 11:35:28.934 E/TrackedObjectManager( 2832): Failed to start tracking keyboard object with error Status(-129, EX_TRANSACTION_FAILED): 'DEAD_OBJECT: '
12-07 11:35:28.937 I/ight_spatialsdk(10713): Compiler allocated 4737KB to compile void com.meta.spatial.uiset.button.foundation.ButtonImplKt.ButtonImpl-G5izSWc(kotlin.jvm.functions.Function0, com.meta.spatial.uiset.button.foundation.ButtonVariant, androidx.compose.foundation.interaction.MutableInteractionSource, androidx.compose.ui.Modifier, java.lang.String, kotlin.jvm.functions.Function2, boolean, java.lang.Boolean, java.lang.Object, androidx.compose.ui.graphics.Color, androidx.compose.ui.text.TextStyle, androidx.compose.ui.Alignment$Horizontal, androidx.compose.runtime.Composer, int, int, int)
12-07 11:35:28.938 D/TrafficStats(10713): tagSocket(101) with statsTag=0xffffffff, statsUid=-1
12-07 11:35:28.948 E/TrackedObjectManager( 2832): Failed to connect to TrackedObjectService with error Status(-129, EX_TRANSACTION_FAILED): 'DEAD_OBJECT: '
12-07 11:35:28.948 W/OSDynamicObjectDataQuerier( 2832): Attempted to start tracking objects when tracker was already started
12-07 11:35:28.948 E/TrackedObjectManager( 2832): Failed to connect to TrackedObjectService with error Status(-129, EX_TRANSACTION_FAILED): 'DEAD_OBJECT: '
12-07 11:35:28.948 E/TrackedObjectManager( 2832): Failed to start tracking keyboard object with error Status(-129, EX_TRANSACTION_FAILED): 'DEAD_OBJECT: '
12-07 11:35:28.961 E/TrackedObjectManager( 2832): Failed to connect to TrackedObjectService with error Status(-129, EX_TRANSACTION_FAILED): 'DEAD_OBJECT: '
12-07 11:35:28.962 W/OSDynamicObjectDataQuerier( 2832): Attempted to start tracking objects when tracker was already started
12-07 11:35:28.962 E/TrackedObjectManager( 2832): Failed to connect to TrackedObjectService with error Status(-129, EX_TRANSACTION_FAILED): 'DEAD_OBJECT: '
12-07 11:35:28.962 E/TrackedObjectManager( 2832): Failed to start tracking keyboard object with error Status(-129, EX_TRANSACTION_FAILED): 'DEAD_OBJECT: '
12-07 11:35:28.962 I/GraphicsGovernor( 2832): Dynamic Foveation Lvl 3, Min Foveation Lvl 3, DynRes Enabled 1, DynRes Scaler 1.000000
12-07 11:35:28.969 I/Tracking( 9368): AnchorCacheHelpers: Wrote Anchor Cache To Disk: 70 anchors 218 anchor loc edges 5 l1 loc edges
12-07 11:35:28.973 I/MoonlightConnectionMgr(10713): checkPairing result host=10.1.95.5 state=PAIRED
12-07 11:35:28.974 I/PancakeActivity(10713): onConnect clicked host=10.1.95.5 port=47989 appId=0
12-07 11:35:28.975 E/TrackedObjectManager( 2832): Failed to connect to TrackedObjectService with error Status(-129, EX_TRANSACTION_FAILED): 'DEAD_OBJECT: '
12-07 11:35:28.975 W/OSDynamicObjectDataQuerier( 2832): Attempted to start tracking objects when tracker was already started
12-07 11:35:28.975 E/TrackedObjectManager( 2832): Failed to connect to TrackedObjectService with error Status(-129, EX_TRANSACTION_FAILED): 'DEAD_OBJECT: '
12-07 11:35:28.975 E/TrackedObjectManager( 2832): Failed to start tracking keyboard object with error Status(-129, EX_TRANSACTION_FAILED): 'DEAD_OBJECT: '
12-07 11:35:28.984 D/HzOS.BinderClient( 1971): Connected to PreferencesService
12-07 11:35:28.985 W/LaunchInterceptorUtil( 1971): Package metadata is empty: com.example.moonlight_spatialsdk
12-07 11:35:28.986 D/HzOS.BinderClient( 1971): Connected to PreferencesService
12-07 11:35:28.986 W/LaunchInterceptorUtil( 1971): Package metadata is empty: com.example.moonlight_spatialsdk
12-07 11:35:28.987 D/HzOS.BinderClient( 1971): Connected to PreferencesService
12-07 11:35:28.987 W/LaunchInterceptorUtil( 1971): Package metadata is empty: com.example.moonlight_spatialsdk
12-07 11:35:28.988 W/LaunchInterceptorUtil( 1971): Package metadata is empty: com.example.moonlight_spatialsdk
12-07 11:35:28.988 D/HzOS.BinderClient( 1971): Connected to PreferencesService
12-07 11:35:28.989 E/TrackedObjectManager( 2832): Failed to connect to TrackedObjectService with error Status(-129, EX_TRANSACTION_FAILED): 'DEAD_OBJECT: '
12-07 11:35:28.989 W/OSDynamicObjectDataQuerier( 2832): Attempted to start tracking objects when tracker was already started
12-07 11:35:28.989 E/TrackedObjectManager( 2832): Failed to connect to TrackedObjectService with error Status(-129, EX_TRANSACTION_FAILED): 'DEAD_OBJECT: '
12-07 11:35:28.989 E/TrackedObjectManager( 2832): Failed to start tracking keyboard object with error Status(-129, EX_TRANSACTION_FAILED): 'DEAD_OBJECT: '
12-07 11:35:28.990 I/ActivityTaskManager( 1971): START u0 {act=android.intent.action.MAIN flg=0x10000000 cmp=com.example.moonlight_spatialsdk/.ImmersiveActivity (has extras)} with LAUNCH_SINGLE_TASK from uid 10176 (BAL_ALLOW_VISIBLE_WINDOW) result code=0
12-07 11:35:28.990 I/VrKeyguardViewMediator( 3282): handleSetOccluded, occluded: false, prevValue: false, mHiding: false
12-07 11:35:28.990 D/VrLockscreenHost( 3282): setOccluded: false, was: false, force: false, window: null
12-07 11:35:28.994 D/[SEO] ShellSpatialWindowManagerService( 3469): Requesting placement of new volumetric window for ComponentInfo{com.example.moonlight_spatialsdk/com.example.moonlight_spatialsdk.ImmersiveActivity} from ActivityInfo{68ed1fc com.example.moonlight_spatialsdk.PancakeActivity} VolumetricWindowToken { scope = 2, token = android.os.BinderProxy@3b26085, persistableToken = 047eb65a-b200-4080-a284-77d1369f78f5 }
12-07 11:35:28.995 D/[SEO] ShellSpatialWindowManagerService( 3469): Setup Activity Launch Environment for com.example.moonlight_spatialsdk/com.example.moonlight_spatialsdk.ImmersiveActivity
12-07 11:35:28.996 D/[SEO] ShellSpatialWindowManagerService( 3469): Routing activity intent through Shell's launch checks
12-07 11:35:28.997 W/[SEO] IntentResolutionUtils( 3469): Could not find source panel panelId
12-07 11:35:28.997 D/[SEO] ShellControlBroadcastReceiver( 3469): onReceive: Intent{action=com.oculus.vrshell.intent.action.LAUNCH, data=com.example.moonlight_spatialsdk/com.example.moonlight_spatialsdk.ImmersiveActivity, type=null, categories=null, component=null, flags=0x10010000, extras={launch_source=com.example.moonlight_spatialsdk/com.example.moonlight_spatialsdk.PancakeActivity, activity_surface_width=500, requestingCrashRecovery=null, isHomeIntent=false, launchId=67ddd3f4-c9e3-441d-932b-4dd89742ee70, target=null, activity_intent=true, defaultLaunchReason=0, activity_surface_height=800, queryParametersUri=null}}
12-07 11:35:28.997 D/[SEO] ShellControlBroadcastReceiver( 3469): isLaunchAction = true, isTrustedAppLaunch = true
12-07 11:35:28.997 D/[SEO] ShellControlBroadcastReceiver( 3469): Transitioning broadcast to nativeBroadcastIntent.
12-07 11:35:28.997 W/[SEO] IntentParser( 3469): Got intent with null or empty value for key(s): requestingCrashRecovery target queryParametersUri 
12-07 11:35:28.997 D/[SEO] ShellService( 3469): onStartCommand() with action com.oculus.intent.action.BROADCAST_INTENT
12-07 11:35:28.997 W/[SEO] IntentParser( 3469): Got intent with null or empty value for key(s): requestingCrashRecovery target queryParametersUri 
12-07 11:35:29.003 E/TrackedObjectManager( 2832): Failed to connect to TrackedObjectService with error Status(-129, EX_TRANSACTION_FAILED): 'DEAD_OBJECT: '
12-07 11:35:29.003 W/OSDynamicObjectDataQuerier( 2832): Attempted to start tracking objects when tracker was already started
12-07 11:35:29.003 E/TrackedObjectManager( 2832): Failed to connect to TrackedObjectService with error Status(-129, EX_TRANSACTION_FAILED): 'DEAD_OBJECT: '
12-07 11:35:29.003 E/TrackedObjectManager( 2832): Failed to start tracking keyboard object with error Status(-129, EX_TRANSACTION_FAILED): 'DEAD_OBJECT: '
12-07 11:35:29.011 I/[SEO] FrameCommandHelpers( 3469): Handling Pending Launch from Intent - target=com.example.moonlight_spatialsdk/com.example.moonlight_spatialsdk.ImmersiveActivity, launch source=com.oculus.vrshell.intent.action.LAUNCH
12-07 11:35:29.012 I/[SEO] PanelAppLaunchInfo( 3469): PanelAppLaunchInfo componentString:com.example.moonlight_spatialsdk/com.example.moonlight_spatialsdk.ImmersiveActivity packageName:com.example.moonlight_spatialsdk serviceName:com.example.moonlight_spatialsdk.ImmersiveActivity componentName:com.example.moonlight_spatialsdk/com.example.moonlight_spatialsdk.ImmersiveActivity
12-07 11:35:29.012 I/[SEO] HostPlatform( 3469): Retrieving component launch information for package (com.example.moonlight_spatialsdk) and service (com.example.moonlight_spatialsdk.ImmersiveActivity)
12-07 11:35:29.012 D/[SEO] PanelAppConfigurationUtil( 3469): Refreshing APK info for com.example.moonlight_spatialsdk/com.example.moonlight_spatialsdk.ImmersiveActivity; UID or version code changed
12-07 11:35:29.012 I/[SEO] PanelAppConfigurationUtil( 3469): Sending Android activity token to component com.example.moonlight_spatialsdk/com.example.moonlight_spatialsdk.ImmersiveActivity:false
12-07 11:35:29.013 D/CompatibilityChangeReporter( 1971): Compat change id reported: 161252188; UID 10176; state: DISABLED
12-07 11:35:29.013 I/[SEO] PanelAppLaunchInfo( 3469): SetMultiLayer shouldAllowLayerSupport_ [0] name [] componentName [com.example.moonlight_spatialsdk/com.example.moonlight_spatialsdk.ImmersiveActivity]
12-07 11:35:29.013 I/[SEO] HostPlatform( 3469): Is PanelSDK component for package (com.example.moonlight_spatialsdk) and service (com.example.moonlight_spatialsdk.ImmersiveActivity) - false
12-07 11:35:29.015 I/[SEO] LaunchController( 3469): Registering Pending Launch of type External with component: com.example.moonlight_spatialsdk/com.example.moonlight_spatialsdk.ImmersiveActivity launchId: 67ddd3f4-c9e3-441d-932b-4dd89742ee70 requested by com.oculus.vrshell.intent.action.LAUNCH, overwriting existing launch false, of type None.
12-07 11:35:29.017 E/TrackedObjectManager( 2832): Failed to connect to TrackedObjectService with error Status(-129, EX_TRANSACTION_FAILED): 'DEAD_OBJECT: '
12-07 11:35:29.017 W/OSDynamicObjectDataQuerier( 2832): Attempted to start tracking objects when tracker was already started
12-07 11:35:29.017 E/TrackedObjectManager( 2832): Failed to connect to TrackedObjectService with error Status(-129, EX_TRANSACTION_FAILED): 'DEAD_OBJECT: '
12-07 11:35:29.017 E/TrackedObjectManager( 2832): Failed to start tracking keyboard object with error Status(-129, EX_TRANSACTION_FAILED): 'DEAD_OBJECT: '
12-07 11:35:29.021 W/AppManagerInternal(27119): Entitlement for packageName=com.example.moonlight_spatialsdk not found, channels=[Store, Q4B, PcStore]
12-07 11:35:29.021 D/LibraryProvider(27119): queryApp(com.example.moonlight_spatialsdk) could not find entitlement
12-07 11:35:29.021 W/OVRLibrary( 3469): null cursor received for query content://com.oculus.ocms.library/apps/com.example.moonlight_spatialsdk
12-07 11:35:29.021 D/[SEO] HostPlatformPackages( 3469): app is null, packageName: com.example.moonlight_spatialsdk
12-07 11:35:29.024 I/[SEO] LaunchCheckController( 3469): GetAutomationForceLaunchCheckFlags: packageName=com.example.moonlight_spatialsdk, forcedLaunchCheckApp=
12-07 11:35:29.024 I/[SEO] LaunchCheckController( 3469): Building launch checks for component: com.example.moonlight_spatialsdk/com.example.moonlight_spatialsdk.ImmersiveActivity launchId: 67ddd3f4-c9e3-441d-932b-4dd89742ee70
12-07 11:35:29.024 I/[SEO] LaunchCheckController( 3469): GetAutomationForceLaunchCheckFlags: packageName=com.example.moonlight_spatialsdk, forcedLaunchCheckApp=
12-07 11:35:29.024 I/[SEO] LaunchCheckController( 3469): Finished building launch checks for component: com.example.moonlight_spatialsdk/com.example.moonlight_spatialsdk.ImmersiveActivity launchId: 67ddd3f4-c9e3-441d-932b-4dd89742ee70
12-07 11:35:29.025 I/[SEO] LaunchController( 3469): LaunchController::Launch pending type External, pending details component: com.example.moonlight_spatialsdk/com.example.moonlight_spatialsdk.ImmersiveActivity launchId: 67ddd3f4-c9e3-441d-932b-4dd89742ee70, launch type External, launch details component: com.example.moonlight_spatialsdk/com.example.moonlight_spatialsdk.ImmersiveActivity launchId: 67ddd3f4-c9e3-441d-932b-4dd89742ee70
12-07 11:35:29.025 I/[SEO] ApplicationLaunchData( 3469): UpdateShortcutCurrencyInLibrary aliasId is empty
12-07 11:35:29.025 I/[SEO] HostPlatform( 3469): LaunchExternalApplication
12-07 11:35:29.025 D/[UNSET] ShellApplication( 3469): sendLaunchIntent: 'com.example.moonlight_spatialsdk/com.example.moonlight_spatialsdk.ImmersiveActivity' command: '' launchId: '67ddd3f4-c9e3-441d-932b-4dd89742ee70'
12-07 11:35:29.025 D/[SEO] ShellSpatialWindowManagerService( 3469): Placing immersive activity into new volumetric window
12-07 11:35:29.027 D/[SEO] ShellSpatialWindowManagerService( 3469): placeImmersiveActivityIntoNewVolumetricWindow: shouldQuitCurrentApp=false
12-07 11:35:29.027 I/[SEO] DesktopPanelController( 3469): Animating desktop hide with reason system-initiated, source ExternalLaunch
12-07 11:35:29.028 I/VolumetricWindowManagerServiceImpl( 1971): Handling SWMS response: launch into NEW_VOLUMETRIC_WINDOW VolumetricWindowPlacementResponse { volumetricToken = VolumetricWindowToken { scope = 1, token = horizonos.view.VolumetricWindowToken$InternalVolumetricToken@9868fd2, persistableToken = 118ffa8b-7339-459b-b410-71f40415e43c }, relativeSpaceToken = SpaceToken { binderToken = android.os.BinderProxy@8194805, persistableToken = 00000000-0000-0000-0000-000000000000 }, pose = Pose { orientation = Vector4f { x = 0.0, y = 0.0, z = 0.0, w = 1.0 }, position = Vector3f { x = 0.0, y = 0.0, z = 0.0 } }, bounds = Extent3f { width = 0.15874992, height = 0.07937496, depth = 0.0 }, surfaceSize = 1000x500, densityDpi = 0, visible = true } for launch request [ActivityInfo{f562a5d com.example.moonlight_spatialsdk.ImmersiveActivity}](vrdesktop seq: 1)
12-07 11:35:29.029 I/VolumetricContainerPlacement( 1971): acquired ContainerPlacement{mId=0, mBounds=Rect(0, 0 - 8000, 8000)}
12-07 11:35:29.031 E/TrackedObjectManager( 2832): Failed to connect to TrackedObjectService with error Status(-129, EX_TRANSACTION_FAILED): 'DEAD_OBJECT: '
12-07 11:35:29.031 W/OSDynamicObjectDataQuerier( 2832): Attempted to start tracking objects when tracker was already started
12-07 11:35:29.031 E/TrackedObjectManager( 2832): Failed to connect to TrackedObjectService with error Status(-129, EX_TRANSACTION_FAILED): 'DEAD_OBJECT: '
12-07 11:35:29.031 E/TrackedObjectManager( 2832): Failed to start tracking keyboard object with error Status(-129, EX_TRANSACTION_FAILED): 'DEAD_OBJECT: '
12-07 11:35:29.031 I/SpaceManagerServiceImpl( 1971): addSpace done: userId = 0, spaceToken = SpaceToken { binderToken = horizonos.view.SpaceToken$InternalSpaceToken@57567a0, persistableToken = 412d225b-ac32-4ccf-9f49-93347959c112 }
12-07 11:35:29.031 D/parfait:service( 1158): Received TRACE_START process_start:com.example.moonlight_spatialsdk request
12-07 11:35:29.031 D/parfait:tracing( 1158): Trigger scenario name: process_start:com.example.moonlight_spatialsdk
12-07 11:35:29.031 I/parfait:tracing( 1158): Trigger scenario process_start:com.example.moonlight_spatialsdk not found in config, ignoring.
12-07 11:35:29.031 D/parfait:logger( 1158): Dropping event /data/oculus/parfait/telemetry_logs/f0c33af8-4fc0-ffaa-d743-984c80e5e8a1.log
12-07 11:35:29.033 I/DisplayDeviceRepository( 1971): Display device added: DisplayDeviceInfo{"MirrorRoot for 118ffa8b-7339-459b-b410-71f40415e43c": uniqueId="virtual:android,1000,MirrorRoot for 118ffa8b-7339-459b-b410-71f40415e43c,0", 1000 x 500, modeId 1263, renderFrameRate 60.0, defaultModeId 1263, supportedModes [{id=1263, width=1000, height=500, fps=60.0, alternativeRefreshRates=[], supportedHdrTypes=[]}], colorMode 0, supportedColorModes [0], hdrCapabilities null, allmSupported false, gameContentTypeSupported false, density 200, 200.0 x 200.0 dpi, appVsyncOff 0, presDeadline 16666666, touch NONE, rotation 0, type VIRTUAL, deviceProductInfo null, state OFF, committedState UNKNOWN, owner android (uid 1000), frameRateOverride , brightnessMinimum 0.0, brightnessMaximum 0.0, brightnessDefault 0.0, hdrSdrRatio NaN, FLAG_SECURE, FLAG_SUPPORTS_PROTECTED_BUFFERS, FLAG_OWN_CONTENT_ONLY, FLAG_DESTROY_CONTENT_ON_REMOVAL, installOrientation 0, displayShape DisplayShape{ spec=-1856918115 displayWidth=1000 displayHeight=500 physicalPixelDisplaySizeRatio=1.0 rotation=0 offsetX=0 offsetY=0 scale=1.0}}
12-07 11:35:29.034 I/LogicalDisplayMapper( 1971): Applying layout: [{dispId: 0(ON), displayGroupName: , addr: {port=146, model=0x40446dbbd154e4}, mThermalBrightnessThrottlingMapId: null, mRefreshRateZoneId: null, mLeadDisplayId: -1, mThermalRefreshRateThrottlingMapId: null}], Previous layout: [{dispId: 0(ON), displayGroupName: , addr: {port=146, model=0x40446dbbd154e4}, mThermalBrightnessThrottlingMapId: null, mRefreshRateZoneId: null, mLeadDisplayId: -1, mThermalRefreshRateThrottlingMapId: null}]
12-07 11:35:29.034 I/LogicalDisplayMapper( 1971): Setting new display group 0 for display 932, from previous group: null
12-07 11:35:29.034 I/LogicalDisplayMapper( 1971): Adding new display: 932: DisplayInfo{"MirrorRoot for 118ffa8b-7339-459b-b410-71f40415e43c", displayId 932, displayGroupId 0, FLAG_SECURE, FLAG_SUPPORTS_PROTECTED_BUFFERS, real 1000 x 500, largest app 1000 x 500, smallest app 1000 x 500, appVsyncOff 0, presDeadline 16666666, mode 126360.0, defaultMode 1263, modes [{id=1263, width=1000, height=500, fps=60.0, alternativeRefreshRates=[], supportedHdrTypes=[]}], hdrCapabilities null, userDisabledHdrTypes [], minimalPostProcessingSupported false, rotation 0, state OFF, committedState UNKNOWN, type VIRTUAL, uniqueId "virtual:android,1000,MirrorRoot for 118ffa8b-7339-459b-b410-71f40415e43c,0", app 1000 x 500, density 200 (200.0 x 200.0) dpi, layerStack 932, colorMode 0, supportedColorModes [0], deviceProductInfo null, owner android (uid 1000), removeMode 1, refreshRateOverride 0.0, brightnessMinimum 0.0, brightnessMaximum 0.0, brightnessDefault 0.0, installOrientation ROTATION_0, layoutLimitedRefreshRate null, hdrSdrRatio not_available, thermalRefreshRateThrottling {}, thermalBrightnessThrottlingDataId default}
12-07 11:35:29.035 W/BrightnessThrottler( 1971): DeviceConfig ThermalBrightnessThrottlingData is null
