12-07 13:40:22.315 I/[CT]    ( 3469): SP:AF:InsightAnchorApi: QueryAnchorSpaces loadAndQueryAvailableAnchors flow. (task start) duration: 0.000000000 [sec], flags: 44, location: StorageLocation::LOCAL(1), method: 1, request: 4993, source: SourceType::LIVE_TRACKER(1)
12-07 13:40:22.315 I/[CT]    ( 3469): RuntimeIpcHelper: RuntimeIpcClient::CALL_RPC isAsync: true, func: loadAvailableAnchors
12-07 13:40:22.316 I/[CT]    ( 4885): SP:AP:AnchorPersistenceRuntimeIpcServer: checkRPC start: sessionUuid:1e3ba3f0-dfb6-0aba-a69b-b18fb253c69c, clientId:2367474718, givenPackageName:com.oculus.vrshell
12-07 13:40:22.316 I/[CT]    ( 4885): SP:AP:AnchorPersistenceRuntimeIpcServer: checkPackageAccess - detectedPackageName:com.oculus.vrshell, detectedProcessName:com.oculus.vrshell, givenPackageName:com.oculus.vrshell
12-07 13:40:22.316 I/[CT]    ( 4885): SP:AP:AnchorPersistenceRuntimeIpcServer: checkRPC package name matches: sessionUuid:1e3ba3f0-dfb6-0aba-a69b-b18fb253c69c, clientId:2367474718, givenPackageName:com.oculus.vrshell, detectedPackageName:com.oculus.vrshell, detectedProcessName:com.oculus.vrshell
12-07 13:40:22.316 I/[CT]    ( 4885): SP:AP:AnchorPersistenceRuntimeIpcServer: queryAvailableAnchorsSMV2: clientId: 2367474718, maxAnchors: 500, filter: 0, queryMultipleRoomsEnabledByOpenXrVersion: true, source: 1, appId: com.oculus.vrshell
12-07 13:40:22.316 I/[CT]    ( 4885): SP:AP:AnchorPersistenceConfig: getSceneRuntimePermissionEnabled: USE_SCENE permission is enabled on this device
12-07 13:40:22.316 I/[CT]    ( 4885): SP:AP:AnchorPersistenceScenePermissions: hasClientGrantedScenePermission: USE_SCENE permission is enabled on this device, check client 2367474718, grant is true
12-07 13:40:22.316 I/[CT]    ( 4885): SP:AP:AnchorPersistenceConfig: getSceneRuntimePermissionEnabled: USE_SCENE permission is enabled on this device
12-07 13:40:22.318 I/[CT]    ( 4885): SP:SceneAnchorFilterUtil: filterSceneDataByPermission: com.oculus.vrshell permission check passed, keep scene data. anchors size: 0
12-07 13:40:22.319 I/[CT]    ( 3469): SP:AF:InsightAnchorApi: QueryAnchorSpaces (task finish) returnCode: AnchorResultCode::SUCCESS(0), numSpacesFound: 0, spacesFoundUuids: [], duration: 0.000000000 [sec], flags: 44, location: 1, method: 1, request: 4993
12-07 13:40:22.324 E/TrackedObjectManager( 2832): Failed to connect to TrackedObjectService with error Status(-129, EX_TRANSACTION_FAILED): 'DEAD_OBJECT: '
12-07 13:40:22.324 W/OSDynamicObjectDataQuerier( 2832): Attempted to start tracking objects when tracker was already started
12-07 13:40:22.324 E/TrackedObjectManager( 2832): Failed to connect to TrackedObjectService with error Status(-129, EX_TRANSACTION_FAILED): 'DEAD_OBJECT: '
12-07 13:40:22.324 E/TrackedObjectManager( 2832): Failed to start tracking keyboard object with error Status(-129, EX_TRANSACTION_FAILED): 'DEAD_OBJECT: '
12-07 13:40:22.331 I/[CT]    ( 3469): SP:TREX:SpatialPersistencePlugin: Event type: 6
12-07 13:40:22.331 I/TREX    ( 3469): Spatial Persistence event: QuerySpacesFinish
12-07 13:40:22.338 E/TrackedObjectManager( 2832): Failed to connect to TrackedObjectService with error Status(-129, EX_TRANSACTION_FAILED): 'DEAD_OBJECT: '
12-07 13:40:22.338 W/OSDynamicObjectDataQuerier( 2832): Attempted to start tracking objects when tracker was already started
12-07 13:40:22.338 E/TrackedObjectManager( 2832): Failed to connect to TrackedObjectService with error Status(-129, EX_TRANSACTION_FAILED): 'DEAD_OBJECT: '
12-07 13:40:22.338 E/TrackedObjectManager( 2832): Failed to start tracking keyboard object with error Status(-129, EX_TRANSACTION_FAILED): 'DEAD_OBJECT: '
12-07 13:40:22.344 I/MoonlightPairingHelper(27602): checkPairing result host=10.1.95.5 state=PAIRED
12-07 13:40:22.349 I/PancakeActivity(27602): onConnect clicked host=10.1.95.5 port=47989 appId=0
12-07 13:40:22.352 E/TrackedObjectManager( 2832): Failed to connect to TrackedObjectService with error Status(-129, EX_TRANSACTION_FAILED): 'DEAD_OBJECT: '
12-07 13:40:22.352 W/OSDynamicObjectDataQuerier( 2832): Attempted to start tracking objects when tracker was already started
12-07 13:40:22.352 E/TrackedObjectManager( 2832): Failed to connect to TrackedObjectService with error Status(-129, EX_TRANSACTION_FAILED): 'DEAD_OBJECT: '
12-07 13:40:22.352 E/TrackedObjectManager( 2832): Failed to start tracking keyboard object with error Status(-129, EX_TRANSACTION_FAILED): 'DEAD_OBJECT: '
12-07 13:40:22.365 D/HzOS.BinderClient( 1971): Connected to PreferencesService
12-07 13:40:22.366 W/LaunchInterceptorUtil( 1971): Package metadata is empty: com.example.moonlight_spatialsdk
12-07 13:40:22.366 E/TrackedObjectManager( 2832): Failed to connect to TrackedObjectService with error Status(-129, EX_TRANSACTION_FAILED): 'DEAD_OBJECT: '
12-07 13:40:22.366 W/OSDynamicObjectDataQuerier( 2832): Attempted to start tracking objects when tracker was already started
12-07 13:40:22.366 E/TrackedObjectManager( 2832): Failed to connect to TrackedObjectService with error Status(-129, EX_TRANSACTION_FAILED): 'DEAD_OBJECT: '
12-07 13:40:22.366 E/TrackedObjectManager( 2832): Failed to start tracking keyboard object with error Status(-129, EX_TRANSACTION_FAILED): 'DEAD_OBJECT: '
12-07 13:40:22.367 D/HzOS.BinderClient( 1971): Connected to PreferencesService
12-07 13:40:22.367 W/LaunchInterceptorUtil( 1971): Package metadata is empty: com.example.moonlight_spatialsdk
12-07 13:40:22.368 D/HzOS.BinderClient( 1971): Connected to PreferencesService
12-07 13:40:22.369 W/LaunchInterceptorUtil( 1971): Package metadata is empty: com.example.moonlight_spatialsdk
12-07 13:40:22.369 W/LaunchInterceptorUtil( 1971): Package metadata is empty: com.example.moonlight_spatialsdk
12-07 13:40:22.370 D/HzOS.BinderClient( 1971): Connected to PreferencesService
12-07 13:40:22.374 I/VrKeyguardViewMediator( 3282): handleSetOccluded, occluded: false, prevValue: false, mHiding: false
12-07 13:40:22.375 D/VrLockscreenHost( 3282): setOccluded: false, was: false, force: false, window: null
12-07 13:40:22.375 I/ActivityTaskManager( 1971): START u0 {act=android.intent.action.MAIN flg=0x10000000 cmp=com.example.moonlight_spatialsdk/.ImmersiveActivity (has extras)} with LAUNCH_SINGLE_TASK from uid 10176 (BAL_ALLOW_VISIBLE_WINDOW) result code=0
12-07 13:40:22.379 D/[SEO] ShellSpatialWindowManagerService( 3469): Requesting placement of new volumetric window for ComponentInfo{com.example.moonlight_spatialsdk/com.example.moonlight_spatialsdk.ImmersiveActivity} from ActivityInfo{b449e01 com.example.moonlight_spatialsdk.PancakeActivity} VolumetricWindowToken { scope = 2, token = android.os.BinderProxy@a21c4a6, persistableToken = 89f0e770-f857-4be0-9d46-1fe9cbece204 }
12-07 13:40:22.380 E/TrackedObjectManager( 2832): Failed to connect to TrackedObjectService with error Status(-129, EX_TRANSACTION_FAILED): 'DEAD_OBJECT: '
12-07 13:40:22.380 W/OSDynamicObjectDataQuerier( 2832): Attempted to start tracking objects when tracker was already started
12-07 13:40:22.380 E/TrackedObjectManager( 2832): Failed to connect to TrackedObjectService with error Status(-129, EX_TRANSACTION_FAILED): 'DEAD_OBJECT: '
12-07 13:40:22.380 E/TrackedObjectManager( 2832): Failed to start tracking keyboard object with error Status(-129, EX_TRANSACTION_FAILED): 'DEAD_OBJECT: '
12-07 13:40:22.380 D/[SEO] ShellSpatialWindowManagerService( 3469): Setup Activity Launch Environment for com.example.moonlight_spatialsdk/com.example.moonlight_spatialsdk.ImmersiveActivity
12-07 13:40:22.381 D/[SEO] ShellSpatialWindowManagerService( 3469): Routing activity intent through Shell's launch checks
12-07 13:40:22.382 W/[SEO] IntentResolutionUtils( 3469): Could not find source panel panelId
12-07 13:40:22.382 D/[SEO] ShellControlBroadcastReceiver( 3469): onReceive: Intent{action=com.oculus.vrshell.intent.action.LAUNCH, data=com.example.moonlight_spatialsdk/com.example.moonlight_spatialsdk.ImmersiveActivity, type=null, categories=null, component=null, flags=0x10010000, extras={launch_source=com.example.moonlight_spatialsdk/com.example.moonlight_spatialsdk.PancakeActivity, activity_surface_width=500, requestingCrashRecovery=null, isHomeIntent=false, launchId=cd18b88a-cb16-49e8-97ca-c85c44e1af3a, target=null, activity_intent=true, defaultLaunchReason=0, activity_surface_height=800, queryParametersUri=null}}
12-07 13:40:22.382 D/[SEO] ShellControlBroadcastReceiver( 3469): isLaunchAction = true, isTrustedAppLaunch = true
12-07 13:40:22.382 D/[SEO] ShellControlBroadcastReceiver( 3469): Transitioning broadcast to nativeBroadcastIntent.
12-07 13:40:22.382 W/[SEO] IntentParser( 3469): Got intent with null or empty value for key(s): requestingCrashRecovery target queryParametersUri 
12-07 13:40:22.382 D/[SEO] ShellService( 3469): onStartCommand() with action com.oculus.intent.action.BROADCAST_INTENT
12-07 13:40:22.382 W/[SEO] IntentParser( 3469): Got intent with null or empty value for key(s): requestingCrashRecovery target queryParametersUri 
12-07 13:40:22.385 I/Vsync   ( 2832): Vsync 945:  2 x 13.89 ms (72.00 Hz, at 132741.067)
12-07 13:40:22.387 I/[SEO] FrameCommandHelpers( 3469): Handling Pending Launch from Intent - target=com.example.moonlight_spatialsdk/com.example.moonlight_spatialsdk.ImmersiveActivity, launch source=com.oculus.vrshell.intent.action.LAUNCH
12-07 13:40:22.387 I/[SEO] PanelAppLaunchInfo( 3469): PanelAppLaunchInfo componentString:com.example.moonlight_spatialsdk/com.example.moonlight_spatialsdk.ImmersiveActivity packageName:com.example.moonlight_spatialsdk serviceName:com.example.moonlight_spatialsdk.ImmersiveActivity componentName:com.example.moonlight_spatialsdk/com.example.moonlight_spatialsdk.ImmersiveActivity
12-07 13:40:22.387 I/[SEO] HostPlatform( 3469): Retrieving component launch information for package (com.example.moonlight_spatialsdk) and service (com.example.moonlight_spatialsdk.ImmersiveActivity)
12-07 13:40:22.387 D/[SEO] PanelAppConfigurationUtil( 3469): Refreshing APK info for com.example.moonlight_spatialsdk/com.example.moonlight_spatialsdk.ImmersiveActivity; UID or version code changed
12-07 13:40:22.387 I/[SEO] PanelAppConfigurationUtil( 3469): Sending Android activity token to component com.example.moonlight_spatialsdk/com.example.moonlight_spatialsdk.ImmersiveActivity:false
12-07 13:40:22.388 D/CompatibilityChangeReporter( 1971): Compat change id reported: 161252188; UID 10176; state: DISABLED
12-07 13:40:22.388 I/[SEO] PanelAppLaunchInfo( 3469): SetMultiLayer shouldAllowLayerSupport_ [0] name [] componentName [com.example.moonlight_spatialsdk/com.example.moonlight_spatialsdk.ImmersiveActivity]
12-07 13:40:22.388 I/[SEO] HostPlatform( 3469): Is PanelSDK component for package (com.example.moonlight_spatialsdk) and service (com.example.moonlight_spatialsdk.ImmersiveActivity) - false
12-07 13:40:22.390 I/[SEO] LaunchController( 3469): Registering Pending Launch of type External with component: com.example.moonlight_spatialsdk/com.example.moonlight_spatialsdk.ImmersiveActivity launchId: cd18b88a-cb16-49e8-97ca-c85c44e1af3a requested by com.oculus.vrshell.intent.action.LAUNCH, overwriting existing launch false, of type None.
12-07 13:40:22.394 E/TrackedObjectManager( 2832): Failed to connect to TrackedObjectService with error Status(-129, EX_TRANSACTION_FAILED): 'DEAD_OBJECT: '
12-07 13:40:22.394 W/OSDynamicObjectDataQuerier( 2832): Attempted to start tracking objects when tracker was already started
12-07 13:40:22.394 E/TrackedObjectManager( 2832): Failed to connect to TrackedObjectService with error Status(-129, EX_TRANSACTION_FAILED): 'DEAD_OBJECT: '
12-07 13:40:22.394 E/TrackedObjectManager( 2832): Failed to start tracking keyboard object with error Status(-129, EX_TRANSACTION_FAILED): 'DEAD_OBJECT: '
12-07 13:40:22.401 W/AppManagerInternal(27119): Entitlement for packageName=com.example.moonlight_spatialsdk not found, channels=[Store, Q4B, PcStore]
12-07 13:40:22.401 D/LibraryProvider(27119): queryApp(com.example.moonlight_spatialsdk) could not find entitlement
12-07 13:40:22.401 W/OVRLibrary( 3469): null cursor received for query content://com.oculus.ocms.library/apps/com.example.moonlight_spatialsdk
12-07 13:40:22.401 D/[SEO] HostPlatformPackages( 3469): app is null, packageName: com.example.moonlight_spatialsdk
12-07 13:40:22.403 I/[SEO] LaunchCheckController( 3469): GetAutomationForceLaunchCheckFlags: packageName=com.example.moonlight_spatialsdk, forcedLaunchCheckApp=
12-07 13:40:22.403 I/[SEO] LaunchCheckController( 3469): Building launch checks for component: com.example.moonlight_spatialsdk/com.example.moonlight_spatialsdk.ImmersiveActivity launchId: cd18b88a-cb16-49e8-97ca-c85c44e1af3a
12-07 13:40:22.403 I/[SEO] LaunchCheckController( 3469): GetAutomationForceLaunchCheckFlags: packageName=com.example.moonlight_spatialsdk, forcedLaunchCheckApp=
12-07 13:40:22.403 I/[SEO] LaunchCheckController( 3469): Finished building launch checks for component: com.example.moonlight_spatialsdk/com.example.moonlight_spatialsdk.ImmersiveActivity launchId: cd18b88a-cb16-49e8-97ca-c85c44e1af3a
12-07 13:40:22.403 I/[SEO] LaunchController( 3469): LaunchController::Launch pending type External, pending details component: com.example.moonlight_spatialsdk/com.example.moonlight_spatialsdk.ImmersiveActivity launchId: cd18b88a-cb16-49e8-97ca-c85c44e1af3a, launch type External, launch details component: com.example.moonlight_spatialsdk/com.example.moonlight_spatialsdk.ImmersiveActivity launchId: cd18b88a-cb16-49e8-97ca-c85c44e1af3a
12-07 13:40:22.404 I/[SEO] ApplicationLaunchData( 3469): UpdateShortcutCurrencyInLibrary aliasId is empty
12-07 13:40:22.404 I/[SEO] HostPlatform( 3469): LaunchExternalApplication
12-07 13:40:22.404 D/[UNSET] ShellApplication( 3469): sendLaunchIntent: 'com.example.moonlight_spatialsdk/com.example.moonlight_spatialsdk.ImmersiveActivity' command: '' launchId: 'cd18b88a-cb16-49e8-97ca-c85c44e1af3a'
12-07 13:40:22.404 D/[SEO] ShellSpatialWindowManagerService( 3469): Placing immersive activity into new volumetric window
12-07 13:40:22.404 D/[SEO] ShellSpatialWindowManagerService( 3469): placeImmersiveActivityIntoNewVolumetricWindow: shouldQuitCurrentApp=false
12-07 13:40:22.405 I/[SEO] DesktopPanelController( 3469): Animating desktop hide with reason system-initiated, source ExternalLaunch
12-07 13:40:22.405 I/VolumetricWindowManagerServiceImpl( 1971): Handling SWMS response: launch into NEW_VOLUMETRIC_WINDOW VolumetricWindowPlacementResponse { volumetricToken = VolumetricWindowToken { scope = 1, token = horizonos.view.VolumetricWindowToken$InternalVolumetricToken@814e49c, persistableToken = 7cf5b7d0-ef7e-4b6a-b9e2-ca1e65d5f80c }, relativeSpaceToken = SpaceToken { binderToken = android.os.BinderProxy@8194805, persistableToken = 00000000-0000-0000-0000-000000000000 }, pose = Pose { orientation = Vector4f { x = 0.0, y = 0.0, z = 0.0, w = 1.0 }, position = Vector3f { x = 0.0, y = 0.0, z = 0.0 } }, bounds = Extent3f { width = 0.15874992, height = 0.07937496, depth = 0.0 }, surfaceSize = 1000x500, densityDpi = 0, visible = true } for launch request [ActivityInfo{74d0c0f com.example.moonlight_spatialsdk.ImmersiveActivity}](vrdesktop seq: 1)
12-07 13:40:22.405 I/VolumetricContainerPlacement( 1971): acquired ContainerPlacement{mId=0, mBounds=Rect(0, 0 - 8000, 8000)}
12-07 13:40:22.408 E/TrackedObjectManager( 2832): Failed to connect to TrackedObjectService with error Status(-129, EX_TRANSACTION_FAILED): 'DEAD_OBJECT: '
12-07 13:40:22.408 W/OSDynamicObjectDataQuerier( 2832): Attempted to start tracking objects when tracker was already started
12-07 13:40:22.408 E/TrackedObjectManager( 2832): Failed to connect to TrackedObjectService with error Status(-129, EX_TRANSACTION_FAILED): 'DEAD_OBJECT: '
12-07 13:40:22.408 E/TrackedObjectManager( 2832): Failed to start tracking keyboard object with error Status(-129, EX_TRANSACTION_FAILED): 'DEAD_OBJECT: '
12-07 13:40:22.408 I/SpaceManagerServiceImpl( 1971): addSpace done: userId = 0, spaceToken = SpaceToken { binderToken = horizonos.view.SpaceToken$InternalSpaceToken@b350ea5, persistableToken = adfb2b81-0489-4a74-84d1-419290001e0b }
12-07 13:40:22.410 D/parfait:service( 1158): Received TRACE_START process_start:com.example.moonlight_spatialsdk request
12-07 13:40:22.410 D/parfait:tracing( 1158): Trigger scenario name: process_start:com.example.moonlight_spatialsdk
12-07 13:40:22.410 I/parfait:tracing( 1158): Trigger scenario process_start:com.example.moonlight_spatialsdk not found in config, ignoring.
12-07 13:40:22.410 D/parfait:logger( 1158): Dropping event /data/oculus/parfait/telemetry_logs/064f89ca-069d-1799-ff49-12a7e21ff723.log
12-07 13:40:22.410 I/DisplayDeviceRepository( 1971): Display device added: DisplayDeviceInfo{"MirrorRoot for 7cf5b7d0-ef7e-4b6a-b9e2-ca1e65d5f80c": uniqueId="virtual:android,1000,MirrorRoot for 7cf5b7d0-ef7e-4b6a-b9e2-ca1e65d5f80c,0", 1000 x 500, modeId 1354, renderFrameRate 60.0, defaultModeId 1354, supportedModes [{id=1354, width=1000, height=500, fps=60.0, alternativeRefreshRates=[], supportedHdrTypes=[]}], colorMode 0, supportedColorModes [0], hdrCapabilities null, allmSupported false, gameContentTypeSupported false, density 200, 200.0 x 200.0 dpi, appVsyncOff 0, presDeadline 16666666, touch NONE, rotation 0, type VIRTUAL, deviceProductInfo null, state OFF, committedState UNKNOWN, owner android (uid 1000), frameRateOverride , brightnessMinimum 0.0, brightnessMaximum 0.0, brightnessDefault 0.0, hdrSdrRatio NaN, FLAG_SECURE, FLAG_SUPPORTS_PROTECTED_BUFFERS, FLAG_OWN_CONTENT_ONLY, FLAG_DESTROY_CONTENT_ON_REMOVAL, installOrientation 0, displayShape DisplayShape{ spec=-1856918115 displayWidth=1000 displayHeight=500 physicalPixelDisplaySizeRatio=1.0 rotation=0 offsetX=0 offsetY=0 scale=1.0}}
12-07 13:40:22.411 I/LogicalDisplayMapper( 1971): Applying layout: [{dispId: 0(ON), displayGroupName: , addr: {port=146, model=0x40446dbbd154e4}, mThermalBrightnessThrottlingMapId: null, mRefreshRateZoneId: null, mLeadDisplayId: -1, mThermalRefreshRateThrottlingMapId: null}], Previous layout: [{dispId: 0(ON), displayGroupName: , addr: {port=146, model=0x40446dbbd154e4}, mThermalBrightnessThrottlingMapId: null, mRefreshRateZoneId: null, mLeadDisplayId: -1, mThermalRefreshRateThrottlingMapId: null}]
12-07 13:40:22.411 I/LogicalDisplayMapper( 1971): Setting new display group 0 for display 999, from previous group: null
12-07 13:40:22.413 I/Vsync   ( 2832): Vsync 947:  2 x 13.89 ms (72.00 Hz, at 132741.095)
12-07 13:40:22.413 I/LogicalDisplayMapper( 1971): Adding new display: 999: DisplayInfo{"MirrorRoot for 7cf5b7d0-ef7e-4b6a-b9e2-ca1e65d5f80c", displayId 999, displayGroupId 0, FLAG_SECURE, FLAG_SUPPORTS_PROTECTED_BUFFERS, real 1000 x 500, largest app 1000 x 500, smallest app 1000 x 500, appVsyncOff 0, presDeadline 16666666, mode 135460.0, defaultMode 1354, modes [{id=1354, width=1000, height=500, fps=60.0, alternativeRefreshRates=[], supportedHdrTypes=[]}], hdrCapabilities null, userDisabledHdrTypes [], minimalPostProcessingSupported false, rotation 0, state OFF, committedState UNKNOWN, type VIRTUAL, uniqueId "virtual:android,1000,MirrorRoot for 7cf5b7d0-ef7e-4b6a-b9e2-ca1e65d5f80c,0", app 1000 x 500, density 200 (200.0 x 200.0) dpi, layerStack 999, colorMode 0, supportedColorModes [0], deviceProductInfo null, owner android (uid 1000), removeMode 1, refreshRateOverride 0.0, brightnessMinimum 0.0, brightnessMaximum 0.0, brightnessDefault 0.0, installOrientation ROTATION_0, layoutLimitedRefreshRate null, hdrSdrRatio not_available, thermalRefreshRateThrottling {}, thermalBrightnessThrottlingDataId default}
12-07 13:40:22.414 W/BrightnessThrottler( 1971): DeviceConfig ThermalBrightnessThrottlingData is null
12-07 13:40:22.414 W/DisplayPowerController2[999]( 1971): Screen brightness nits configuration is unavailable; falling back
12-07 13:40:22.415 I/VD628x  (  884): Flicker results: freq 828.737915, max 829.728821, dcr 46.221512, pct 0.000149, idx 0.000166, conf 0.000000, snr -40.000000, svm 0.000336, sus 2
12-07 13:40:22.421 E/TrackedObjectManager( 2832): Failed to connect to TrackedObjectService with error Status(-129, EX_TRANSACTION_FAILED): 'DEAD_OBJECT: '
12-07 13:40:22.421 W/OSDynamicObjectDataQuerier( 2832): Attempted to start tracking objects when tracker was already started
12-07 13:40:22.421 E/TrackedObjectManager( 2832): Failed to connect to TrackedObjectService with error Status(-129, EX_TRANSACTION_FAILED): 'DEAD_OBJECT: '
12-07 13:40:22.422 E/TrackedObjectManager( 2832): Failed to start tracking keyboard object with error Status(-129, EX_TRANSACTION_FAILED): 'DEAD_OBJECT: '
12-07 13:40:22.429 V/DisplayPowerController2[999]( 1971): Brightness [0.0] reason changing to: 'manual', previous reason: '0'.
12-07 13:40:22.429 I/DisplayPowerController2[999]( 1971): BrightnessEvent: disp=999, physDisp=virtual:android,1000,MirrorRoot for 7cf5b7d0-ef7e-4b6a-b9e2-ca1e65d5f80c,0, brt=0.0, initBrt=NaN, rcmdBrt=NaN, preBrt=NaN, lux=0.0, preLux=0.0, hbmMax=1.0, hbmMode=off, rbcStrength=-1, thrmMax=1.0, powerFactor=1.0, wasShortTermModelActive=false, flags=, reason=manual, autoBrightness=false, strategy=InvalidBrightnessStrategy
12-07 13:40:22.436 E/TrackedObjectManager( 2832): Failed to connect to TrackedObjectService with error Status(-129, EX_TRANSACTION_FAILED): 'DEAD_OBJECT: '
12-07 13:40:22.436 W/OSDynamicObjectDataQuerier( 2832): Attempted to start tracking objects when tracker was already started
12-07 13:40:22.436 E/TrackedObjectManager( 2832): Failed to connect to TrackedObjectService with error Status(-129, EX_TRANSACTION_FAILED): 'DEAD_OBJECT: '
12-07 13:40:22.436 E/TrackedObjectManager( 2832): Failed to start tracking keyboard object with error Status(-129, EX_TRANSACTION_FAILED): 'DEAD_OBJECT: '
12-07 13:40:22.445 I/OpenXR  ( 3469): xrPerfSettingsSetPerformanceLevelEXT [package=com.oculus.vrshell, domain=cpu, level=sustained high]
12-07 13:40:22.449 E/TrackedObjectManager( 2832): Failed to connect to TrackedObjectService with error Status(-129, EX_TRANSACTION_FAILED): 'DEAD_OBJECT: '
12-07 13:40:22.449 W/OSDynamicObjectDataQuerier( 2832): Attempted to start tracking objects when tracker was already started
12-07 13:40:22.449 E/TrackedObjectManager( 2832): Failed to connect to TrackedObjectService with error Status(-129, EX_TRANSACTION_FAILED): 'DEAD_OBJECT: '
12-07 13:40:22.449 E/TrackedObjectManager( 2832): Failed to start tracking keyboard object with error Status(-129, EX_TRANSACTION_FAILED): 'DEAD_OBJECT: '
12-07 13:40:22.453 I/WindowManager( 1971): Override config changes=20005df8 {0.0 ?mcc0mnc ?localeList ?layoutDir sw400dp w800dp h400dp 200dpi nrml long land ?uimode ?night -touch -keyb/v/h -nav/h winConfig={ mBounds=Rect(0, 0 - 1000, 500) mAppBounds=Rect(0, 0 - 1000, 500) mMaxBounds=Rect(0, 0 - 1000, 500) mDisplayRotation=ROTATION_0 mWindowingMode=fullscreen mDisplayWindowingMode=fullscreen mActivityType=undefined mAlwaysOnTop=undefined mRotation=ROTATION_0} ?fontWeightAdjustment} for displayId=999
12-07 13:40:22.453 W/DisplayController( 7059): Skipping Display Configuration change on non-added display.
12-07 13:40:22.461 D/DisplayManagerService( 1971): Ignore redundant display event 999/2 to 10079/25425
12-07 13:40:22.461 D/DisplayManagerService( 1971): Ignore redundant display event 999/2 to 10049/32634
12-07 13:40:22.463 I/VolumetricWindowManagerServiceImpl( 1971): addVolumetricWindow done: userId = 0, wct = bd6b078, vw type = 2, vw persistable token = 7cf5b7d0-ef7e-4b6a-b9e2-ca1e65d5f80c, rootTaskId = 3
12-07 13:40:22.463 I/VolumetricWindowManagerServiceImpl( 1971): addTaskVolumetricWindowLocked: taskId = 3, VW = VolumetricWindowInfo { volumetricWindowToken = VolumetricWindowToken { scope = 1, token = horizonos.view.VolumetricWindowToken$InternalVolumetricToken@814e49c, persistableToken = 7cf5b7d0-ef7e-4b6a-b9e2-ca1e65d5f80c }, type = 2, bounds = Extent3f { width = 0.15874992, height = 0.07937496, depth = 0.0 }, pose = Pose { orientation = Vector4f { x = 0.0, y = 0.0, z = 0.0, w = 1.0 }, position = Vector3f { x = 0.0, y = 0.0, z = 0.0 } }, windowSize2d = Extent2i { width = 1000, height = 500 }, densityDpi = 200, windowSpaceToken = SpaceToken { binderToken = horizonos.view.SpaceToken$InternalSpaceToken@b350ea5, persistableToken = adfb2b81-0489-4a74-84d1-419290001e0b }, visible = true, active = true, drawn = false, persistable = false, singlePassCompositionEnabled = false, depthTestEnabled = false, inView = false, windowFlags = 0, priorityHintInfo = PriorityHintInfo { windowPpd = 0.0, viewAngleSine = -1.0, visiblePercent = 1.0, distanceFromUser = 0.0, attentionZone = 0 }, taskInfo = null, presentation = VolumetricWindowPresentationInfo { controlBar = null }, layoutParams = null, children = [], shape = 1, cylinderInfo = null }, isSinglePassCompositionEnabled = false, isComponentBlocklisted = false, isComponentForcedToSPC = false
12-07 13:40:22.463 E/TrackedObjectManager( 2832): Failed to connect to TrackedObjectService with error Status(-129, EX_TRANSACTION_FAILED): 'DEAD_OBJECT: '
12-07 13:40:22.463 W/OSDynamicObjectDataQuerier( 2832): Attempted to start tracking objects when tracker was already started
12-07 13:40:22.463 E/TrackedObjectManager( 2832): Failed to connect to TrackedObjectService with error Status(-129, EX_TRANSACTION_FAILED): 'DEAD_OBJECT: '
12-07 13:40:22.463 E/TrackedObjectManager( 2832): Failed to start tracking keyboard object with error Status(-129, EX_TRANSACTION_FAILED): 'DEAD_OBJECT: '
12-07 13:40:22.477 E/TrackedObjectManager( 2832): Failed to connect to TrackedObjectService with error Status(-129, EX_TRANSACTION_FAILED): 'DEAD_OBJECT: '
12-07 13:40:22.477 W/OSDynamicObjectDataQuerier( 2832): Attempted to start tracking objects when tracker was already started
12-07 13:40:22.477 E/TrackedObjectManager( 2832): Failed to connect to TrackedObjectService with error Status(-129, EX_TRANSACTION_FAILED): 'DEAD_OBJECT: '
12-07 13:40:22.477 E/TrackedObjectManager( 2832): Failed to start tracking keyboard object with error Status(-129, EX_TRANSACTION_FAILED): 'DEAD_OBJECT: '
12-07 13:40:22.478 I/VrApi   ( 3469): FPS=72/72,Prd=27ms,Tear=0,Early=0,Stale=0,Stale2/5/10/max=0/0/0/0,VSnc=1,Lat=-1,Fov=3,CPU4/GPU=3/2,2361/456MHz,OC=3F,TA=0/0/0,SP=N/N/N,Mem=3196MHz,Free=3093MB,PLS=0,Temp=33.0C/0.0C,TW=2.42ms,App=1.19ms,GD=0.00ms,CPU&GPU=9.86ms,LCnt=6(DR40,LM4),GPU%=0.29,CPU%=0.76(W0.78),CFL=12.86/18.09,ICFLp95=16.58,LD=0,SF=1.00,LP=1,DVFS=0,ShrpLCnt=3,ShrpR=0.000,SSLCnt=2/4
12-07 13:40:22.487 E/CellBroadcastUtils( 1971): getDefaultCellBroadcastReceiverPackageName: no package found
12-07 13:40:22.491 E/TrackedObjectManager( 2832): Failed to connect to TrackedObjectService with error Status(-129, EX_TRANSACTION_FAILED): 'DEAD_OBJECT: '
12-07 13:40:22.491 W/OSDynamicObjectDataQuerier( 2832): Attempted to start tracking objects when tracker was already started
12-07 13:40:22.491 E/TrackedObjectManager( 2832): Failed to connect to TrackedObjectService with error Status(-129, EX_TRANSACTION_FAILED): 'DEAD_OBJECT: '
12-07 13:40:22.491 E/TrackedObjectManager( 2832): Failed to start tracking keyboard object with error Status(-129, EX_TRANSACTION_FAILED): 'DEAD_OBJECT: '
12-07 13:40:22.495 D/perfservice(  872): [POWERHINT] Received LAUNCH hint
12-07 13:40:22.496 I/Tracking( 9368): Vega: [INSIGHTS] Mode=DescriptorVega,6DoF,Agg=12s,Inl=13,22,148,Mem=90.5,FrameDur=9.4,44.3,PoseLat=1.6,6.8,CamImuLat=20.5,30.4,Jit=0.0,0.1,Drops(Cam=0,IMU=0),MeanIr=23642.7,Exp(1.7ms,g=1,I=61)(1.7ms,g=1,I=61)(2.7ms,g=1,I=58)(2.7ms,g=1,I=59)(0.0ms,g=0)(0.0ms,g=0),NonInertEnv=n
12-07 13:40:22.497 E/perfservice(  872): End applying 'START_HINT' from hint 'LAUNCH' - Failed after 5 retries - Latency: 1.018ms
12-07 13:40:22.497 E/perfservice(  872):   >> Failed final validation: /sys/block/dm-0/queue/read_ahead_kb=512
12-07 13:40:22.497 E/perfservice(  872):   >> Failed final validation: /sys/block/dm-1/queue/read_ahead_kb=512
12-07 13:40:22.497 I/ActivityTaskManager( 1971): Add Task{144256c #2896 type=standard A=10176:com.example.moonlight_spatialsdk} to hidden list because adding Task{7ef10e8 #2897 type=standard A=10176:com.example.moonlight_spatialsdk}
12-07 13:40:22.500 I/ActivityTaskManager( 1971): START u0 {act=android.intent.action.MAIN flg=0x10010100 cmp=com.example.moonlight_spatialsdk/.ImmersiveActivity (has extras)} with LAUNCH_SINGLE_TASK from uid 10176 (realCallingUid=1000) (BAL_ALLOW_VISIBLE_WINDOW) result code=0
12-07 13:40:22.501 I/VolumetricContentMonitor( 1971): Switching to immersive app. taskId: 3, ActivityInfo{7e595a6 com.example.moonlight_spatialsdk.ImmersiveActivity}
12-07 13:40:22.505 E/TrackedObjectManager( 2832): Failed to connect to TrackedObjectService with error Status(-129, EX_TRANSACTION_FAILED): 'DEAD_OBJECT: '
12-07 13:40:22.505 W/OSDynamicObjectDataQuerier( 2832): Attempted to start tracking objects when tracker was already started
12-07 13:40:22.505 E/TrackedObjectManager( 2832): Failed to connect to TrackedObjectService with error Status(-129, EX_TRANSACTION_FAILED): 'DEAD_OBJECT: '
12-07 13:40:22.505 V/WindowManager( 1971): Queueing transition: TransitionRecord{7e400df id=-1 type=SLEEP flags=0x0}
12-07 13:40:22.505 E/TrackedObjectManager( 2832): Failed to start tracking keyboard object with error Status(-129, EX_TRANSACTION_FAILED): 'DEAD_OBJECT: '
12-07 13:40:22.505 V/WindowManager( 1971): Content Recording: Display 999 state is now (1), so update recording?
12-07 13:40:22.505 V/WindowManager( 1971): Content Recording: Display 999 state is now (1), so update recording?
12-07 13:40:22.507 I/UiModeController( 1971): Switching from com.oculus.vrshell to com.example.moonlight_spatialsdk
12-07 13:40:22.508 I/InterstitialController( 1971): onImmersiveActivityAppeared: uid: 10176, pid: 27602, state: 4, com.example.moonlight_spatialsdk, on task: WCT{RemoteToken{bd6b078 Task{403e4d4 #3 type=standard}}}, launchId: null
12-07 13:40:22.513 I/BpBinder( 2392): onLastStrongRef automatically unlinking death recipients: 
12-07 13:40:22.519 E/TrackedObjectManager( 2832): Failed to connect to TrackedObjectService with error Status(-129, EX_TRANSACTION_FAILED): 'DEAD_OBJECT: '
12-07 13:40:22.519 W/OSDynamicObjectDataQuerier( 2832): Attempted to start tracking objects when tracker was already started
12-07 13:40:22.519 E/TrackedObjectManager( 2832): Failed to connect to TrackedObjectService with error Status(-129, EX_TRANSACTION_FAILED): 'DEAD_OBJECT: '
12-07 13:40:22.519 E/TrackedObjectManager( 2832): Failed to start tracking keyboard object with error Status(-129, EX_TRANSACTION_FAILED): 'DEAD_OBJECT: '
12-07 13:40:22.521 V/WorldManagerService( 1971): VW Content Listener: com.example.moonlight_spatialsdk -1
12-07 13:40:22.521 D/SpatialAudioService( 1971): Skipping processing for app: com.example.moonlight_spatialsdk (isNewApp: false, perAppEnabled: true, epsService: true)
12-07 13:40:22.524 W/TrustedCallerVerifier(27119): Could not verify trusted caller for uidPackageNames=[com.oculus.metacam] and uidSignature=android.content.pm.Signature@89661ab1
12-07 13:40:22.527 W/AppManagerInternal(27119): Entitlement for packageName=com.example.moonlight_spatialsdk not found, channels=[Store, Q4B, PcStore]
12-07 13:40:22.527 D/LibraryProvider(27119): queryApp(com.example.moonlight_spatialsdk) could not find entitlement
12-07 13:40:22.527 W/OVRLibrary(15000): null cursor received for query content://com.oculus.ocms.library/apps/com.example.moonlight_spatialsdk
12-07 13:40:22.527 E/CoresdkAnalyticsEvent(15000): could not set key=session_id value=null
12-07 13:40:22.533 E/TrackedObjectManager( 2832): Failed to connect to TrackedObjectService with error Status(-129, EX_TRANSACTION_FAILED): 'DEAD_OBJECT: '
12-07 13:40:22.533 W/OSDynamicObjectDataQuerier( 2832): Attempted to start tracking objects when tracker was already started
12-07 13:40:22.533 E/TrackedObjectManager( 2832): Failed to connect to TrackedObjectService with error Status(-129, EX_TRANSACTION_FAILED): 'DEAD_OBJECT: '
12-07 13:40:22.533 E/TrackedObjectManager( 2832): Failed to start tracking keyboard object with error Status(-129, EX_TRANSACTION_FAILED): 'DEAD_OBJECT: '
12-07 13:40:22.539 D/VrosSpatialAudio(27602): Immersive activity detected, skip VrosSpatialAudio init
12-07 13:40:22.541 I/System.out(27602): === IMMERSIVE_ACTIVITY_ONCREATE_START ===
12-07 13:40:22.541 E/ImmersiveActivity(27602): === IMMERSIVE_ACTIVITY_ONCREATE_START ===
12-07 13:40:22.541 I/VrActivity[j](27602): VrActivity::onCreate com.example.moonlight_spatialsdk.ImmersiveActivity@742b9d8 false
12-07 13:40:22.546 E/TrackedObjectManager( 2832): Failed to connect to TrackedObjectService with error Status(-129, EX_TRANSACTION_FAILED): 'DEAD_OBJECT: '
12-07 13:40:22.546 W/OSDynamicObjectDataQuerier( 2832): Attempted to start tracking objects when tracker was already started
12-07 13:40:22.547 E/TrackedObjectManager( 2832): Failed to connect to TrackedObjectService with error Status(-129, EX_TRANSACTION_FAILED): 'DEAD_OBJECT: '
12-07 13:40:22.547 E/TrackedObjectManager( 2832): Failed to start tracking keyboard object with error Status(-129, EX_TRANSACTION_FAILED): 'DEAD_OBJECT: '
12-07 13:40:22.559 E/TrackedObjectManager( 2832): Failed to connect to TrackedObjectService with error Status(-129, EX_TRANSACTION_FAILED): 'DEAD_OBJECT: '
12-07 13:40:22.559 W/OSDynamicObjectDataQuerier( 2832): Attempted to start tracking objects when tracker was already started
12-07 13:40:22.559 E/TrackedObjectManager( 2832): Failed to connect to TrackedObjectService with error Status(-129, EX_TRANSACTION_FAILED): 'DEAD_OBJECT: '
12-07 13:40:22.559 E/TrackedObjectManager( 2832): Failed to start tracking keyboard object with error Status(-129, EX_TRANSACTION_FAILED): 'DEAD_OBJECT: '
12-07 13:40:22.573 E/TrackedObjectManager( 2832): Failed to connect to TrackedObjectService with error Status(-129, EX_TRANSACTION_FAILED): 'DEAD_OBJECT: '
12-07 13:40:22.573 W/OSDynamicObjectDataQuerier( 2832): Attempted to start tracking objects when tracker was already started
12-07 13:40:22.573 E/TrackedObjectManager( 2832): Failed to connect to TrackedObjectService with error Status(-129, EX_TRANSACTION_FAILED): 'DEAD_OBJECT: '
12-07 13:40:22.573 E/TrackedObjectManager( 2832): Failed to start tracking keyboard object with error Status(-129, EX_TRANSACTION_FAILED): 'DEAD_OBJECT: '
12-07 13:40:22.587 E/TrackedObjectManager( 2832): Failed to connect to TrackedObjectService with error Status(-129, EX_TRANSACTION_FAILED): 'DEAD_OBJECT: '
12-07 13:40:22.587 W/OSDynamicObjectDataQuerier( 2832): Attempted to start tracking objects when tracker was already started
12-07 13:40:22.587 E/TrackedObjectManager( 2832): Failed to connect to TrackedObjectService with error Status(-129, EX_TRANSACTION_FAILED): 'DEAD_OBJECT: '
12-07 13:40:22.587 E/TrackedObjectManager( 2832): Failed to start tracking keyboard object with error Status(-129, EX_TRANSACTION_FAILED): 'DEAD_OBJECT: '
12-07 13:40:22.599 I/SPATIAL_SDK_LOGGER(27602): ISDK: Registering ISDK plugin
12-07 13:40:22.601 E/TrackedObjectManager( 2832): Failed to connect to TrackedObjectService with error Status(-129, EX_TRANSACTION_FAILED): 'DEAD_OBJECT: '
12-07 13:40:22.602 W/OSDynamicObjectDataQuerier( 2832): Attempted to start tracking objects when tracker was already started
12-07 13:40:22.602 E/TrackedObjectManager( 2832): Failed to connect to TrackedObjectService with error Status(-129, EX_TRANSACTION_FAILED): 'DEAD_OBJECT: '
12-07 13:40:22.602 E/TrackedObjectManager( 2832): Failed to start tracking keyboard object with error Status(-129, EX_TRANSACTION_FAILED): 'DEAD_OBJECT: '
12-07 13:40:22.615 I/SPATIAL_SDK_LOGGER(27602): OVRMetricsTool: Registering OVR Metrics Tool plugin
12-07 13:40:22.615 I/SPATIAL_SDK_LOGGER(27602): OVRMetricsTool: Registered OVR Metrics Tool plugin
12-07 13:40:22.615 I/SPATIAL_SDK_LOGGER(27602): OVRMetricsTool: Initializing OVRMetricsTool
12-07 13:40:22.615 D/OVRMetricsToolSDK(27602): ovrMetricsTool_EnterVrMode
12-07 13:40:22.615 E/TrackedObjectManager( 2832): Failed to connect to TrackedObjectService with error Status(-129, EX_TRANSACTION_FAILED): 'DEAD_OBJECT: '
12-07 13:40:22.615 W/OSDynamicObjectDataQuerier( 2832): Attempted to start tracking objects when tracker was already started
12-07 13:40:22.615 E/TrackedObjectManager( 2832): Failed to connect to TrackedObjectService with error Status(-129, EX_TRANSACTION_FAILED): 'DEAD_OBJECT: '
12-07 13:40:22.615 E/OVRMetricsToolSDK(27602): Failed to get OVRMetricsTool SDK API.
12-07 13:40:22.615 I/SPATIAL_SDK_LOGGER(27602): OVRMetricsTool: Initializing OVRMetricsTool Done
12-07 13:40:22.615 E/TrackedObjectManager( 2832): Failed to start tracking keyboard object with error Status(-129, EX_TRANSACTION_FAILED): 'DEAD_OBJECT: '
12-07 13:40:22.615 I/MRSS    ( 1157): BOLT:HexagonTelemetry: Global DSP utilization: 28.10% (1406 / 5005 ms), Scalar Util: 69.38%, HVX Util: 56.28%, HMX Util: 27.02%, DMA Active: 0.00%, Freq: 787.2 MHz
12-07 13:40:22.615 I/MRSS    ( 1157): boltlib: Logging Rpc stats (detailed=false, onAbort=false)
12-07 13:40:22.615 I/MRSS    ( 1157): boltlib: DSP Rpc stats over 5005 ms: {"HexagonCvpPreprocessorCompute":150,"unnamed_et0":150}
12-07 13:40:22.622 I/SPATIAL_SDK_LOGGER(27602): Data: DataModel created with client id 11389603457619984384
12-07 13:40:22.623 I/SPATIAL_SDK_LOGGER(27602): Utils: temp_folder '/data/user/0/com.example.moonlight_spatialsdk/cache'
12-07 13:40:22.625 I/SPATIAL_SDK_LOGGER(27602): Utils: external_files_folder '/storage/emulated/0/Android/data/com.example.moonlight_spatialsdk/files'
12-07 13:40:22.625 I/SPATIAL_SDK_LOGGER(27602): Aether: extFolder: /storage/emulated/0/Android/data/com.example.moonlight_spatialsdk/files
12-07 13:40:22.628 E/TrackedObjectManager( 2832): Failed to connect to TrackedObjectService with error Status(-129, EX_TRANSACTION_FAILED): 'DEAD_OBJECT: '
12-07 13:40:22.629 W/OSDynamicObjectDataQuerier( 2832): Attempted to start tracking objects when tracker was already started
12-07 13:40:22.629 E/TrackedObjectManager( 2832): Failed to connect to TrackedObjectService with error Status(-129, EX_TRANSACTION_FAILED): 'DEAD_OBJECT: '
12-07 13:40:22.629 E/TrackedObjectManager( 2832): Failed to start tracking keyboard object with error Status(-129, EX_TRANSACTION_FAILED): 'DEAD_OBJECT: '
12-07 13:40:22.629 I/SPATIAL_SDK_LOGGER(27602): Utils: external_files_folder '/storage/emulated/0/Android/data/com.example.moonlight_spatialsdk/files'
12-07 13:40:22.630 I/HorizonStandalone(27602): Application: GraphicsHSR constructor
12-07 13:40:22.630 I/HorizonStandalone(27602): Application: ----------------------------------------------------------------
12-07 13:40:22.630 W/HorizonStandalone(27602): Core: AssertHandlerFlags overridden to |Log|Callstack|Callbacks|Abort|DebugBreak|
12-07 13:40:22.631 I/HorizonStandalone(27602): Application: AetherApplication()
12-07 13:40:22.633 I/HorizonStandalone(27602): Application: HardwareInfo: deviceName=eureka, deviceModel=quest 3, deviceId=73d396b98a7006bb, manufacturerName=oculus, os=oculus, osBranch=releases-oculus-14.0-v85, osVersion=51764730039000520 displaySafeAreaTop=0, displaySafeAreaBottom=0, displaySafeAreaLeft=0, displaySafeAreaRight=0
12-07 13:40:22.634 I/HorizonStandalone(27602): Application: FLAG: connection_type: 
12-07 13:40:22.634 I/HorizonStandalone(27602): Application: FLAG: matchmaking_disabled: false
12-07 13:40:22.634 I/HorizonStandalone(27602): Application: FLAG: player_seed: 0
12-07 13:40:22.634 I/HorizonStandalone(27602): Application: FLAG: zone_namespace: 
12-07 13:40:22.634 I/HorizonStandalone(27602): Application: FLAG: zone_namespace_fallback: 
12-07 13:40:22.634 I/HorizonStandalone(27602): Application: FLAG: app_persistent_path: 
12-07 13:40:22.634 I/HorizonStandalone(27602): Application: FLAG: disable_http_proxy: false
12-07 13:40:22.634 I/HorizonStandalone(27602): Application: FLAG: extra_json_payload: 
12-07 13:40:22.634 I/HorizonStandalone(27602): Application: FLAG: headless: false
12-07 13:40:22.634 I/HorizonStandalone(27602): Application: FLAG: local_override_config: local_override_config.json
12-07 13:40:22.634 I/HorizonStandalone(27602): Application: FLAG: logFile: 
12-07 13:40:22.634 I/HorizonStandalone(27602): Application: FLAG: logical_cores: 0
12-07 13:40:22.634 I/HorizonStandalone(27602): Application: FLAG: mode2_config_dir: 
12-07 13:40:22.634 I/HorizonStandalone(27602): Application: FLAG: mode_config_dir: mode/xr
12-07 13:40:22.634 I/HorizonStandalone(27602): Application: FLAG: predefined_session_id: 
12-07 13:40:22.634 I/HorizonStandalone(27602): Application: FLAG: run_in_ci: false
12-07 13:40:22.634 I/HorizonStandalone(27602): Application: FLAG: run_in_fb_infra: false
12-07 13:40:22.634 I/HorizonStandalone(27602): Application: FLAG: test_app_handle: 
12-07 13:40:22.634 I/HorizonStandalone(27602): Application: FLAG: test_build_number: 
12-07 13:40:22.634 I/HorizonStandalone(27602): Application: FLAG: test_name: 
12-07 13:40:22.634 I/HorizonStandalone(27602): Application: FLAG: test_run_id: 
12-07 13:40:22.634 I/HorizonStandalone(27602): Application: FLAG: user_config: user_config.json
12-07 13:40:22.634 I/HorizonStandalone(27602): Application: FLAG: time_to_assert_seconds: 0
12-07 13:40:22.634 I/HorizonStandalone(27602): Application: FLAG: time_to_crash_seconds: 0
12-07 13:40:22.634 I/HorizonStandalone(27602): Application: FLAG: time_to_exception_seconds: 0
12-07 13:40:22.634 I/HorizonStandalone(27602): Application: FLAG: time_to_exit_seconds: 0
12-07 13:40:22.634 I/HorizonStandalone(27602): Application: FLAG: time_to_stall_renderer_seconds: 0
12-07 13:40:22.634 I/HorizonStandalone(27602): Application: FLAG: time_to_stall_sim_seconds: 0
12-07 13:40:22.634 I/HorizonStandalone(27602): Application: FLAG: time_to_stall_waitforjob_seconds: 0
12-07 13:40:22.634 I/HorizonStandalone(27602): Application: FLAG: config_overrides: 
12-07 13:40:22.634 I/HorizonStandalone(27602): Application: FLAG: autoConnectChromeDebuggerIfWaiting: false
12-07 13:40:22.634 I/HorizonStandalone(27602): Application: FLAG: enablePropertyBatching: true
12-07 13:40:22.634 I/HorizonStandalone(27602): Application: FLAG: enableRemoteScriptingDebugger: false
12-07 13:40:22.634 I/HorizonStandalone(27602): Application: FLAG: enableScriptTimeouts: false
12-07 13:40:22.634 I/HorizonStandalone(27602): Application: FLAG: remoteScriptingDebuggerPort: 9229
12-07 13:40:22.634 I/HorizonStandalone(27602): Application: FLAG: scriptTimeoutMs: 5000
12-07 13:40:22.634 I/HorizonStandalone(27602): Application: FLAG: waitForDebugger: false
12-07 13:40:22.634 I/HorizonStandalone(27602): Application: FLAG: flagfile: 
12-07 13:40:22.634 I/HorizonStandalone(27602): Application: FLAG: fromenv: 
12-07 13:40:22.634 I/HorizonStandalone(27602): Application: FLAG: tryfromenv: 
12-07 13:40:22.634 I/HorizonStandalone(27602): Application: FLAG: undefok: 
12-07 13:40:22.634 I/HorizonStandalone(27602): Application: FLAG: tab_completion_columns: 80
12-07 13:40:22.634 I/HorizonStandalone(27602): Application: FLAG: tab_completion_word: 
12-07 13:40:22.634 I/HorizonStandalone(27602): Application: FLAG: help: false
12-07 13:40:22.634 I/HorizonStandalone(27602): Application: FLAG: helpfull: false
12-07 13:40:22.634 I/HorizonStandalone(27602): Application: FLAG: helpmatch: 
12-07 13:40:22.634 I/HorizonStandalone(27602): Application: FLAG: helpon: 
12-07 13:40:22.634 I/HorizonStandalone(27602): Application: FLAG: helppackage: false
12-07 13:40:22.634 I/HorizonStandalone(27602): Application: FLAG: helpshort: false
12-07 13:40:22.634 I/HorizonStandalone(27602): Application: FLAG: helpxml: false
12-07 13:40:22.634 I/HorizonStandalone(27602): Application: FLAG: version: false
12-07 13:40:22.634 I/HorizonStandalone(27602): Application: Using temporary path: /data/user/0/com.example.moonlight_spatialsdk/files/AetherApplication/20251207/27602
12-07 13:40:22.634 I/HorizonStandalone(27602): Path: setApplicationTempDirectory /data/user/0/com.example.moonlight_spatialsdk/files/AetherApplication/20251207/27602 succeeded
12-07 13:40:22.634 I/HorizonStandalone(27602): Core: Closing log file, ''
12-07 13:40:22.634 I/HorizonStandalone(27602): Application: Log file initialized: /data/user/0/com.example.moonlight_spatialsdk/files/AetherApplication/20251207/27602/logs/AetherApplication.log
12-07 13:40:22.634 I/HorizonStandalone(27602): Application: Application pid: 27602
12-07 13:40:22.635 I/HorizonStandalone(27602): Path: setApplicationPersistentPath /storage/emulated/0/Android/data/com.example.moonlight_spatialsdk/files succeeded
12-07 13:40:22.635 I/HorizonStandalone(27602): Config: LoadFlags: AllowNoManifest=true, AllowDefaultConfigs=true, AllowUnknownConfigs=true
12-07 13:40:22.635 I/HorizonStandalone(27602): Config: Loading config files: baseConfigDir=config, modeConfigDir=config/mode/xr, mode2ConfigDir=, userConfigPath=config/user_config.json, overrideConfigPath=config/local_override_config.json, os=oculus, arch=arm64, hardwareVariant=eureka
12-07 13:40:22.635 W/HorizonStandalone(27602): Io: readTextFile("config/manifest.json", buffer, dataSize)
12-07 13:40:22.635 I/HorizonStandalone(27602): Config: manifest file could not be found/read: config/manifest.json
12-07 13:40:22.635 W/HorizonStandalone(27602): Config: AllowNoManifest
12-07 13:40:22.635 W/HorizonStandalone(27602): Io: readTextFile("config/oculus/manifest.json", buffer, dataSize)
12-07 13:40:22.635 I/HorizonStandalone(27602): Config: manifest file could not be found/read: config/oculus/manifest.json
12-07 13:40:22.635 W/HorizonStandalone(27602): Config: AllowNoManifest
12-07 13:40:22.635 W/HorizonStandalone(27602): Io: readTextFile("config/oculus/arm64/manifest.json", buffer, dataSize)
12-07 13:40:22.636 I/HorizonStandalone(27602): Config: manifest file could not be found/read: config/oculus/arm64/manifest.json
12-07 13:40:22.636 W/HorizonStandalone(27602): Config: AllowNoManifest
12-07 13:40:22.636 W/HorizonStandalone(27602): Io: readTextFile("config/oculus/arm64/eureka/manifest.json", buffer, dataSize)
12-07 13:40:22.636 I/HorizonStandalone(27602): Config: manifest file could not be found/read: config/oculus/arm64/eureka/manifest.json
12-07 13:40:22.636 W/HorizonStandalone(27602): Config: AllowNoManifest
12-07 13:40:22.636 W/HorizonStandalone(27602): Io: readTextFile("config/mode/xr/manifest.json", buffer, dataSize)
12-07 13:40:22.636 I/HorizonStandalone(27602): Config: manifest file could not be found/read: config/mode/xr/manifest.json
12-07 13:40:22.636 W/HorizonStandalone(27602): Config: AllowNoManifest
12-07 13:40:22.636 W/HorizonStandalone(27602): Io: readTextFile("config/mode/xr/oculus/manifest.json", buffer, dataSize)
12-07 13:40:22.636 I/HorizonStandalone(27602): Config: manifest file could not be found/read: config/mode/xr/oculus/manifest.json
12-07 13:40:22.636 W/HorizonStandalone(27602): Config: AllowNoManifest
12-07 13:40:22.636 W/HorizonStandalone(27602): Io: readTextFile("config/mode/xr/oculus/arm64/manifest.json", buffer, dataSize)
12-07 13:40:22.636 I/HorizonStandalone(27602): Config: manifest file could not be found/read: config/mode/xr/oculus/arm64/manifest.json
12-07 13:40:22.636 W/HorizonStandalone(27602): Config: AllowNoManifest
12-07 13:40:22.636 W/HorizonStandalone(27602): Io: readTextFile("config/mode/xr/oculus/arm64/eureka/manifest.json", buffer, dataSize)
12-07 13:40:22.636 I/HorizonStandalone(27602): Config: manifest file could not be found/read: config/mode/xr/oculus/arm64/eureka/manifest.json
12-07 13:40:22.636 W/HorizonStandalone(27602): Config: AllowNoManifest
12-07 13:40:22.636 W/HorizonStandalone(27602): Io: readTextFile("config/user_config.jsonc", buffer, dataSize)
12-07 13:40:22.636 I/HorizonStandalone(27602): Config: Config file config/user_config.jsonc Not Found, falling back to  config/user_config.json
12-07 13:40:22.636 W/HorizonStandalone(27602): Io: readTextFile("config/user_config.json", buffer, dataSize)
12-07 13:40:22.636 I/HorizonStandalone(27602): Config: override file could not be found/read: config/user_config.json
12-07 13:40:22.636 W/HorizonStandalone(27602): Io: readTextFile("config/local_override_config.jsonc", buffer, dataSize)
12-07 13:40:22.636 I/HorizonStandalone(27602): Config: Config file config/local_override_config.jsonc Not Found, falling back to  config/local_override_config.json
12-07 13:40:22.636 W/HorizonStandalone(27602): Io: readTextFile("config/local_override_config.json", buffer, dataSize)
12-07 13:40:22.636 I/HorizonStandalone(27602): Config: override file could not be found/read: config/local_override_config.json
12-07 13:40:22.636 W/HorizonStandalone(27602): Io: readTextFile("config/oculus/local_override_config.jsonc", buffer, dataSize)
12-07 13:40:22.636 I/HorizonStandalone(27602): Config: Config file config/oculus/local_override_config.jsonc Not Found, falling back to  config/oculus/local_override_config.json
12-07 13:40:22.636 W/HorizonStandalone(27602): Io: readTextFile("config/oculus/local_override_config.json", buffer, dataSize)
12-07 13:40:22.636 I/HorizonStandalone(27602): Config: override file could not be found/read: config/oculus/local_override_config.json
12-07 13:40:22.636 W/HorizonStandalone(27602): Io: readTextFile("config/oculus/arm64/local_override_config.jsonc", buffer, dataSize)
12-07 13:40:22.636 I/HorizonStandalone(27602): Config: Config file config/oculus/arm64/local_override_config.jsonc Not Found, falling back to  config/oculus/arm64/local_override_config.json
12-07 13:40:22.636 W/HorizonStandalone(27602): Io: readTextFile("config/oculus/arm64/local_override_config.json", buffer, dataSize)
12-07 13:40:22.636 I/HorizonStandalone(27602): Config: override file could not be found/read: config/oculus/arm64/local_override_config.json
12-07 13:40:22.636 W/HorizonStandalone(27602): Io: readTextFile("config/oculus/arm64/eureka/local_override_config.jsonc", buffer, dataSize)
12-07 13:40:22.636 I/HorizonStandalone(27602): Config: Config file config/oculus/arm64/eureka/local_override_config.jsonc Not Found, falling back to  config/oculus/arm64/eureka/local_override_config.json
12-07 13:40:22.636 W/HorizonStandalone(27602): Io: readTextFile("config/oculus/arm64/eureka/local_override_config.json", buffer, dataSize)
