12-07 13:58:59.013 E/TrackedObjectManager( 2832): Failed to start tracking keyboard object with error Status(-129, EX_TRANSACTION_FAILED): 'DEAD_OBJECT: '
12-07 13:58:59.027 E/TrackedObjectManager( 2832): Failed to connect to TrackedObjectService with error Status(-129, EX_TRANSACTION_FAILED): 'DEAD_OBJECT: '
12-07 13:58:59.027 W/OSDynamicObjectDataQuerier( 2832): Attempted to start tracking objects when tracker was already started
12-07 13:58:59.027 E/TrackedObjectManager( 2832): Failed to connect to TrackedObjectService with error Status(-129, EX_TRANSACTION_FAILED): 'DEAD_OBJECT: '
12-07 13:58:59.027 E/TrackedObjectManager( 2832): Failed to start tracking keyboard object with error Status(-129, EX_TRANSACTION_FAILED): 'DEAD_OBJECT: '
12-07 13:58:59.041 E/TrackedObjectManager( 2832): Failed to connect to TrackedObjectService with error Status(-129, EX_TRANSACTION_FAILED): 'DEAD_OBJECT: '
12-07 13:58:59.041 W/OSDynamicObjectDataQuerier( 2832): Attempted to start tracking objects when tracker was already started
12-07 13:58:59.041 E/TrackedObjectManager( 2832): Failed to connect to TrackedObjectService with error Status(-129, EX_TRANSACTION_FAILED): 'DEAD_OBJECT: '
12-07 13:58:59.041 E/TrackedObjectManager( 2832): Failed to start tracking keyboard object with error Status(-129, EX_TRANSACTION_FAILED): 'DEAD_OBJECT: '
12-07 13:58:59.054 E/TrackedObjectManager( 2832): Failed to connect to TrackedObjectService with error Status(-129, EX_TRANSACTION_FAILED): 'DEAD_OBJECT: '
12-07 13:58:59.055 W/OSDynamicObjectDataQuerier( 2832): Attempted to start tracking objects when tracker was already started
12-07 13:58:59.055 E/TrackedObjectManager( 2832): Failed to connect to TrackedObjectService with error Status(-129, EX_TRANSACTION_FAILED): 'DEAD_OBJECT: '
12-07 13:58:59.055 E/TrackedObjectManager( 2832): Failed to start tracking keyboard object with error Status(-129, EX_TRANSACTION_FAILED): 'DEAD_OBJECT: '
12-07 13:58:59.068 E/TrackedObjectManager( 2832): Failed to connect to TrackedObjectService with error Status(-129, EX_TRANSACTION_FAILED): 'DEAD_OBJECT: '
12-07 13:58:59.068 W/OSDynamicObjectDataQuerier( 2832): Attempted to start tracking objects when tracker was already started
12-07 13:58:59.068 E/TrackedObjectManager( 2832): Failed to connect to TrackedObjectService with error Status(-129, EX_TRANSACTION_FAILED): 'DEAD_OBJECT: '
12-07 13:58:59.068 E/TrackedObjectManager( 2832): Failed to start tracking keyboard object with error Status(-129, EX_TRANSACTION_FAILED): 'DEAD_OBJECT: '
12-07 13:58:59.082 E/TrackedObjectManager( 2832): Failed to connect to TrackedObjectService with error Status(-129, EX_TRANSACTION_FAILED): 'DEAD_OBJECT: '
12-07 13:58:59.082 W/OSDynamicObjectDataQuerier( 2832): Attempted to start tracking objects when tracker was already started
12-07 13:58:59.082 E/TrackedObjectManager( 2832): Failed to connect to TrackedObjectService with error Status(-129, EX_TRANSACTION_FAILED): 'DEAD_OBJECT: '
12-07 13:58:59.082 E/TrackedObjectManager( 2832): Failed to start tracking keyboard object with error Status(-129, EX_TRANSACTION_FAILED): 'DEAD_OBJECT: '
12-07 13:58:59.096 E/TrackedObjectManager( 2832): Failed to connect to TrackedObjectService with error Status(-129, EX_TRANSACTION_FAILED): 'DEAD_OBJECT: '
12-07 13:58:59.096 W/OSDynamicObjectDataQuerier( 2832): Tracker stopped running without input server stopping it, attempting restart
12-07 13:58:59.096 W/OSDynamicObjectDataQuerier( 2832): Attempted to start tracking objects when tracker was already started
12-07 13:58:59.096 E/TrackedObjectManager( 2832): Failed to connect to TrackedObjectService with error Status(-129, EX_TRANSACTION_FAILED): 'DEAD_OBJECT: '
12-07 13:58:59.096 E/TrackedObjectManager( 2832): Failed to start tracking keyboard object with error Status(-129, EX_TRANSACTION_FAILED): 'DEAD_OBJECT: '
12-07 13:58:59.100 I/Shell   ( 3469): HsrSoundSystem::playOneShotSound3D for GUID a726c8c1-2e67-4049-bc5a-bcedb8d5d1ab with event name press1
12-07 13:58:59.100 I/[SEO] HapticSystem( 3469): HapticSystem::Playing haptic clip press1 on 2 for -1 scaled 1.000000 delta 0.000000
12-07 13:58:59.110 E/TrackedObjectManager( 2832): Failed to connect to TrackedObjectService with error Status(-129, EX_TRANSACTION_FAILED): 'DEAD_OBJECT: '
12-07 13:58:59.110 W/OSDynamicObjectDataQuerier( 2832): Attempted to start tracking objects when tracker was already started
12-07 13:58:59.110 E/TrackedObjectManager( 2832): Failed to connect to TrackedObjectService with error Status(-129, EX_TRANSACTION_FAILED): 'DEAD_OBJECT: '
12-07 13:58:59.110 E/TrackedObjectManager( 2832): Failed to start tracking keyboard object with error Status(-129, EX_TRANSACTION_FAILED): 'DEAD_OBJECT: '
12-07 13:58:59.124 E/TrackedObjectManager( 2832): Failed to connect to TrackedObjectService with error Status(-129, EX_TRANSACTION_FAILED): 'DEAD_OBJECT: '
12-07 13:58:59.124 W/OSDynamicObjectDataQuerier( 2832): Attempted to start tracking objects when tracker was already started
12-07 13:58:59.124 E/TrackedObjectManager( 2832): Failed to connect to TrackedObjectService with error Status(-129, EX_TRANSACTION_FAILED): 'DEAD_OBJECT: '
12-07 13:58:59.124 E/TrackedObjectManager( 2832): Failed to start tracking keyboard object with error Status(-129, EX_TRANSACTION_FAILED): 'DEAD_OBJECT: '
12-07 13:58:59.138 E/TrackedObjectManager( 2832): Failed to connect to TrackedObjectService with error Status(-129, EX_TRANSACTION_FAILED): 'DEAD_OBJECT: '
12-07 13:58:59.138 W/OSDynamicObjectDataQuerier( 2832): Attempted to start tracking objects when tracker was already started
12-07 13:58:59.138 E/TrackedObjectManager( 2832): Failed to connect to TrackedObjectService with error Status(-129, EX_TRANSACTION_FAILED): 'DEAD_OBJECT: '
12-07 13:58:59.138 E/TrackedObjectManager( 2832): Failed to start tracking keyboard object with error Status(-129, EX_TRANSACTION_FAILED): 'DEAD_OBJECT: '
12-07 13:58:59.152 E/TrackedObjectManager( 2832): Failed to connect to TrackedObjectService with error Status(-129, EX_TRANSACTION_FAILED): 'DEAD_OBJECT: '
12-07 13:58:59.152 W/OSDynamicObjectDataQuerier( 2832): Attempted to start tracking objects when tracker was already started
12-07 13:58:59.152 E/TrackedObjectManager( 2832): Failed to connect to TrackedObjectService with error Status(-129, EX_TRANSACTION_FAILED): 'DEAD_OBJECT: '
12-07 13:58:59.152 E/TrackedObjectManager( 2832): Failed to start tracking keyboard object with error Status(-129, EX_TRANSACTION_FAILED): 'DEAD_OBJECT: '
12-07 13:58:59.166 E/TrackedObjectManager( 2832): Failed to connect to TrackedObjectService with error Status(-129, EX_TRANSACTION_FAILED): 'DEAD_OBJECT: '
12-07 13:58:59.166 W/OSDynamicObjectDataQuerier( 2832): Attempted to start tracking objects when tracker was already started
12-07 13:58:59.166 E/TrackedObjectManager( 2832): Failed to connect to TrackedObjectService with error Status(-129, EX_TRANSACTION_FAILED): 'DEAD_OBJECT: '
12-07 13:58:59.166 E/TrackedObjectManager( 2832): Failed to start tracking keyboard object with error Status(-129, EX_TRANSACTION_FAILED): 'DEAD_OBJECT: '
12-07 13:58:59.179 E/TrackedObjectManager( 2832): Failed to connect to TrackedObjectService with error Status(-129, EX_TRANSACTION_FAILED): 'DEAD_OBJECT: '
12-07 13:58:59.180 W/OSDynamicObjectDataQuerier( 2832): Attempted to start tracking objects when tracker was already started
12-07 13:58:59.180 E/TrackedObjectManager( 2832): Failed to connect to TrackedObjectService with error Status(-129, EX_TRANSACTION_FAILED): 'DEAD_OBJECT: '
12-07 13:58:59.180 E/TrackedObjectManager( 2832): Failed to start tracking keyboard object with error Status(-129, EX_TRANSACTION_FAILED): 'DEAD_OBJECT: '
12-07 13:58:59.193 E/TrackedObjectManager( 2832): Failed to connect to TrackedObjectService with error Status(-129, EX_TRANSACTION_FAILED): 'DEAD_OBJECT: '
12-07 13:58:59.193 W/OSDynamicObjectDataQuerier( 2832): Attempted to start tracking objects when tracker was already started
12-07 13:58:59.193 E/TrackedObjectManager( 2832): Failed to connect to TrackedObjectService with error Status(-129, EX_TRANSACTION_FAILED): 'DEAD_OBJECT: '
12-07 13:58:59.193 E/TrackedObjectManager( 2832): Failed to start tracking keyboard object with error Status(-129, EX_TRANSACTION_FAILED): 'DEAD_OBJECT: '
12-07 13:58:59.206 I/[CT]    ( 5455): SP:AF:AnchorFramework: calculateRigidScenePose: Located 9 / 9 anchors in a76ef9da-61e2-adec-fff1-f571f0d5f82f for calculating rigid scene pose for com.oculus.guardian
12-07 13:58:59.206 I/[CT]    ( 5455): SP:AF:AnchorAccuracy: New Rigid Scene calculated using 9 anchors attached to 1 IAs. 0.20127434298046865 seconds since last update
12-07 13:58:59.206 I/[CT]    ( 5455): SP:AF:AnchorAccuracy: Translation difference (mean/min/max): 0.010042606183560565 0.0002453662746120244 0.022547373548150063
12-07 13:58:59.206 I/[CT]    ( 5455): SP:AF:AnchorAccuracy: Rotation difference (mean/min/max): 0.011105238770445188 0.01088626030832529 0.011141222901642323
12-07 13:58:59.206 I/[CT]    ( 5455): SP:AF:AnchorAccuracy: New scene origin pose: 0.10466651618480682 -0.39877837896347046 0.4034164845943451 : 0.706653892993927 -0.7066538333892822 0.02530539408326149 0.02530539222061634
12-07 13:58:59.206 I/[CT]    ( 5455): SP:AF:AnchorAccuracy: New scene origin pose moved: 4.929221972815867e-07 translation 1.2489446987729025e-07 rotation
12-07 13:58:59.207 E/TrackedObjectManager( 2832): Failed to connect to TrackedObjectService with error Status(-129, EX_TRANSACTION_FAILED): 'DEAD_OBJECT: '
12-07 13:58:59.207 W/OSDynamicObjectDataQuerier( 2832): Attempted to start tracking objects when tracker was already started
12-07 13:58:59.207 E/TrackedObjectManager( 2832): Failed to connect to TrackedObjectService with error Status(-129, EX_TRANSACTION_FAILED): 'DEAD_OBJECT: '
12-07 13:58:59.207 E/TrackedObjectManager( 2832): Failed to start tracking keyboard object with error Status(-129, EX_TRANSACTION_FAILED): 'DEAD_OBJECT: '
12-07 13:58:59.221 E/TrackedObjectManager( 2832): Failed to connect to TrackedObjectService with error Status(-129, EX_TRANSACTION_FAILED): 'DEAD_OBJECT: '
12-07 13:58:59.221 W/OSDynamicObjectDataQuerier( 2832): Attempted to start tracking objects when tracker was already started
12-07 13:58:59.221 E/TrackedObjectManager( 2832): Failed to connect to TrackedObjectService with error Status(-129, EX_TRANSACTION_FAILED): 'DEAD_OBJECT: '
12-07 13:58:59.221 E/TrackedObjectManager( 2832): Failed to start tracking keyboard object with error Status(-129, EX_TRANSACTION_FAILED): 'DEAD_OBJECT: '
12-07 13:58:59.235 E/TrackedObjectManager( 2832): Failed to connect to TrackedObjectService with error Status(-129, EX_TRANSACTION_FAILED): 'DEAD_OBJECT: '
12-07 13:58:59.235 W/OSDynamicObjectDataQuerier( 2832): Attempted to start tracking objects when tracker was already started
12-07 13:58:59.235 E/TrackedObjectManager( 2832): Failed to connect to TrackedObjectService with error Status(-129, EX_TRANSACTION_FAILED): 'DEAD_OBJECT: '
12-07 13:58:59.235 E/TrackedObjectManager( 2832): Failed to start tracking keyboard object with error Status(-129, EX_TRANSACTION_FAILED): 'DEAD_OBJECT: '
12-07 13:58:59.241 I/Vsync   ( 2832): Vsync 1292:  2 x 13.89 ms (72.00 Hz, at 133857.923)
12-07 13:58:59.249 E/TrackedObjectManager( 2832): Failed to connect to TrackedObjectService with error Status(-129, EX_TRANSACTION_FAILED): 'DEAD_OBJECT: '
12-07 13:58:59.249 W/OSDynamicObjectDataQuerier( 2832): Attempted to start tracking objects when tracker was already started
12-07 13:58:59.249 E/TrackedObjectManager( 2832): Failed to connect to TrackedObjectService with error Status(-129, EX_TRANSACTION_FAILED): 'DEAD_OBJECT: '
12-07 13:58:59.249 E/TrackedObjectManager( 2832): Failed to start tracking keyboard object with error Status(-129, EX_TRANSACTION_FAILED): 'DEAD_OBJECT: '
12-07 13:58:59.263 E/TrackedObjectManager( 2832): Failed to connect to TrackedObjectService with error Status(-129, EX_TRANSACTION_FAILED): 'DEAD_OBJECT: '
12-07 13:58:59.263 W/OSDynamicObjectDataQuerier( 2832): Attempted to start tracking objects when tracker was already started
12-07 13:58:59.263 E/TrackedObjectManager( 2832): Failed to connect to TrackedObjectService with error Status(-129, EX_TRANSACTION_FAILED): 'DEAD_OBJECT: '
12-07 13:58:59.263 E/TrackedObjectManager( 2832): Failed to start tracking keyboard object with error Status(-129, EX_TRANSACTION_FAILED): 'DEAD_OBJECT: '
12-07 13:58:59.269 I/Vsync   ( 2832): Vsync 1294:  2 x 13.89 ms (72.00 Hz, at 133857.950)
12-07 13:58:59.277 E/TrackedObjectManager( 2832): Failed to connect to TrackedObjectService with error Status(-129, EX_TRANSACTION_FAILED): 'DEAD_OBJECT: '
12-07 13:58:59.277 W/OSDynamicObjectDataQuerier( 2832): Attempted to start tracking objects when tracker was already started
12-07 13:58:59.277 E/TrackedObjectManager( 2832): Failed to connect to TrackedObjectService with error Status(-129, EX_TRANSACTION_FAILED): 'DEAD_OBJECT: '
12-07 13:58:59.277 E/TrackedObjectManager( 2832): Failed to start tracking keyboard object with error Status(-129, EX_TRANSACTION_FAILED): 'DEAD_OBJECT: '
12-07 13:58:59.290 I/MoonlightPairingHelper(29891): checkPairing start host=10.1.95.5 port=47989
12-07 13:58:59.291 E/TrackedObjectManager( 2832): Failed to connect to TrackedObjectService with error Status(-129, EX_TRANSACTION_FAILED): 'DEAD_OBJECT: '
12-07 13:58:59.291 W/OSDynamicObjectDataQuerier( 2832): Attempted to start tracking objects when tracker was already started
12-07 13:58:59.291 E/TrackedObjectManager( 2832): Failed to connect to TrackedObjectService with error Status(-129, EX_TRANSACTION_FAILED): 'DEAD_OBJECT: '
12-07 13:58:59.291 E/TrackedObjectManager( 2832): Failed to start tracking keyboard object with error Status(-129, EX_TRANSACTION_FAILED): 'DEAD_OBJECT: '
12-07 13:58:59.305 E/TrackedObjectManager( 2832): Failed to connect to TrackedObjectService with error Status(-129, EX_TRANSACTION_FAILED): 'DEAD_OBJECT: '
12-07 13:58:59.305 W/OSDynamicObjectDataQuerier( 2832): Attempted to start tracking objects when tracker was already started
12-07 13:58:59.305 E/TrackedObjectManager( 2832): Failed to connect to TrackedObjectService with error Status(-129, EX_TRANSACTION_FAILED): 'DEAD_OBJECT: '
12-07 13:58:59.305 E/TrackedObjectManager( 2832): Failed to start tracking keyboard object with error Status(-129, EX_TRANSACTION_FAILED): 'DEAD_OBJECT: '
12-07 13:58:59.310 I/Vsync   ( 2832): Vsync 1297:  2 x 13.89 ms (72.00 Hz, at 133857.992)
12-07 13:58:59.319 E/TrackedObjectManager( 2832): Failed to connect to TrackedObjectService with error Status(-129, EX_TRANSACTION_FAILED): 'DEAD_OBJECT: '
12-07 13:58:59.319 W/OSDynamicObjectDataQuerier( 2832): Attempted to start tracking objects when tracker was already started
12-07 13:58:59.319 E/TrackedObjectManager( 2832): Failed to connect to TrackedObjectService with error Status(-129, EX_TRANSACTION_FAILED): 'DEAD_OBJECT: '
12-07 13:58:59.319 E/TrackedObjectManager( 2832): Failed to start tracking keyboard object with error Status(-129, EX_TRANSACTION_FAILED): 'DEAD_OBJECT: '
12-07 13:58:59.332 E/TrackedObjectManager( 2832): Failed to connect to TrackedObjectService with error Status(-129, EX_TRANSACTION_FAILED): 'DEAD_OBJECT: '
12-07 13:58:59.332 W/OSDynamicObjectDataQuerier( 2832): Attempted to start tracking objects when tracker was already started
12-07 13:58:59.332 E/TrackedObjectManager( 2832): Failed to connect to TrackedObjectService with error Status(-129, EX_TRANSACTION_FAILED): 'DEAD_OBJECT: '
12-07 13:58:59.332 E/TrackedObjectManager( 2832): Failed to start tracking keyboard object with error Status(-129, EX_TRANSACTION_FAILED): 'DEAD_OBJECT: '
12-07 13:58:59.346 E/TrackedObjectManager( 2832): Failed to connect to TrackedObjectService with error Status(-129, EX_TRANSACTION_FAILED): 'DEAD_OBJECT: '
12-07 13:58:59.346 W/OSDynamicObjectDataQuerier( 2832): Attempted to start tracking objects when tracker was already started
12-07 13:58:59.346 E/TrackedObjectManager( 2832): Failed to connect to TrackedObjectService with error Status(-129, EX_TRANSACTION_FAILED): 'DEAD_OBJECT: '
12-07 13:58:59.346 E/TrackedObjectManager( 2832): Failed to start tracking keyboard object with error Status(-129, EX_TRANSACTION_FAILED): 'DEAD_OBJECT: '
12-07 13:58:59.360 E/TrackedObjectManager( 2832): Failed to connect to TrackedObjectService with error Status(-129, EX_TRANSACTION_FAILED): 'DEAD_OBJECT: '
12-07 13:58:59.360 W/OSDynamicObjectDataQuerier( 2832): Attempted to start tracking objects when tracker was already started
12-07 13:58:59.360 E/TrackedObjectManager( 2832): Failed to connect to TrackedObjectService with error Status(-129, EX_TRANSACTION_FAILED): 'DEAD_OBJECT: '
12-07 13:58:59.360 E/TrackedObjectManager( 2832): Failed to start tracking keyboard object with error Status(-129, EX_TRANSACTION_FAILED): 'DEAD_OBJECT: '
12-07 13:58:59.361 I/MRSS    ( 1157): MIXEDREALITY: EnvironmentDepthMetacapability: processTelemetry client com.oculus.vrshell state true aggregated 1
12-07 13:58:59.374 E/TrackedObjectManager( 2832): Failed to connect to TrackedObjectService with error Status(-129, EX_TRANSACTION_FAILED): 'DEAD_OBJECT: '
12-07 13:58:59.374 W/OSDynamicObjectDataQuerier( 2832): Attempted to start tracking objects when tracker was already started
12-07 13:58:59.374 E/TrackedObjectManager( 2832): Failed to connect to TrackedObjectService with error Status(-129, EX_TRANSACTION_FAILED): 'DEAD_OBJECT: '
12-07 13:58:59.374 E/TrackedObjectManager( 2832): Failed to start tracking keyboard object with error Status(-129, EX_TRANSACTION_FAILED): 'DEAD_OBJECT: '
12-07 13:58:59.388 E/TrackedObjectManager( 2832): Failed to connect to TrackedObjectService with error Status(-129, EX_TRANSACTION_FAILED): 'DEAD_OBJECT: '
12-07 13:58:59.388 W/OSDynamicObjectDataQuerier( 2832): Attempted to start tracking objects when tracker was already started
12-07 13:58:59.388 E/TrackedObjectManager( 2832): Failed to connect to TrackedObjectService with error Status(-129, EX_TRANSACTION_FAILED): 'DEAD_OBJECT: '
12-07 13:58:59.388 E/TrackedObjectManager( 2832): Failed to start tracking keyboard object with error Status(-129, EX_TRANSACTION_FAILED): 'DEAD_OBJECT: '
12-07 13:58:59.402 E/TrackedObjectManager( 2832): Failed to connect to TrackedObjectService with error Status(-129, EX_TRANSACTION_FAILED): 'DEAD_OBJECT: '
12-07 13:58:59.402 W/OSDynamicObjectDataQuerier( 2832): Attempted to start tracking objects when tracker was already started
12-07 13:58:59.402 E/TrackedObjectManager( 2832): Failed to connect to TrackedObjectService with error Status(-129, EX_TRANSACTION_FAILED): 'DEAD_OBJECT: '
12-07 13:58:59.402 E/TrackedObjectManager( 2832): Failed to start tracking keyboard object with error Status(-129, EX_TRANSACTION_FAILED): 'DEAD_OBJECT: '
12-07 13:58:59.416 E/TrackedObjectManager( 2832): Failed to connect to TrackedObjectService with error Status(-129, EX_TRANSACTION_FAILED): 'DEAD_OBJECT: '
12-07 13:58:59.416 W/OSDynamicObjectDataQuerier( 2832): Attempted to start tracking objects when tracker was already started
12-07 13:58:59.416 E/TrackedObjectManager( 2832): Failed to connect to TrackedObjectService with error Status(-129, EX_TRANSACTION_FAILED): 'DEAD_OBJECT: '
12-07 13:58:59.416 E/TrackedObjectManager( 2832): Failed to start tracking keyboard object with error Status(-129, EX_TRANSACTION_FAILED): 'DEAD_OBJECT: '
12-07 13:58:59.430 E/TrackedObjectManager( 2832): Failed to connect to TrackedObjectService with error Status(-129, EX_TRANSACTION_FAILED): 'DEAD_OBJECT: '
12-07 13:58:59.430 W/OSDynamicObjectDataQuerier( 2832): Attempted to start tracking objects when tracker was already started
12-07 13:58:59.430 E/TrackedObjectManager( 2832): Failed to connect to TrackedObjectService with error Status(-129, EX_TRANSACTION_FAILED): 'DEAD_OBJECT: '
12-07 13:58:59.430 E/TrackedObjectManager( 2832): Failed to start tracking keyboard object with error Status(-129, EX_TRANSACTION_FAILED): 'DEAD_OBJECT: '
12-07 13:58:59.444 E/TrackedObjectManager( 2832): Failed to connect to TrackedObjectService with error Status(-129, EX_TRANSACTION_FAILED): 'DEAD_OBJECT: '
12-07 13:58:59.444 W/OSDynamicObjectDataQuerier( 2832): Attempted to start tracking objects when tracker was already started
12-07 13:58:59.444 E/TrackedObjectManager( 2832): Failed to connect to TrackedObjectService with error Status(-129, EX_TRANSACTION_FAILED): 'DEAD_OBJECT: '
12-07 13:58:59.444 E/TrackedObjectManager( 2832): Failed to start tracking keyboard object with error Status(-129, EX_TRANSACTION_FAILED): 'DEAD_OBJECT: '
12-07 13:58:59.457 E/TrackedObjectManager( 2832): Failed to connect to TrackedObjectService with error Status(-129, EX_TRANSACTION_FAILED): 'DEAD_OBJECT: '
12-07 13:58:59.457 W/OSDynamicObjectDataQuerier( 2832): Attempted to start tracking objects when tracker was already started
12-07 13:58:59.457 E/TrackedObjectManager( 2832): Failed to connect to TrackedObjectService with error Status(-129, EX_TRANSACTION_FAILED): 'DEAD_OBJECT: '
12-07 13:58:59.457 E/TrackedObjectManager( 2832): Failed to start tracking keyboard object with error Status(-129, EX_TRANSACTION_FAILED): 'DEAD_OBJECT: '
12-07 13:58:59.464 I/DynamicObjectClient( 4885): Query Dynamic Object Tracker anchors
12-07 13:58:59.464 I/DynamicObjectClient( 4885): Object in query has empty predictions or tracking flags
12-07 13:58:59.471 E/TrackedObjectManager( 2832): Failed to connect to TrackedObjectService with error Status(-129, EX_TRANSACTION_FAILED): 'DEAD_OBJECT: '
12-07 13:58:59.472 W/OSDynamicObjectDataQuerier( 2832): Attempted to start tracking objects when tracker was already started
12-07 13:58:59.472 E/TrackedObjectManager( 2832): Failed to connect to TrackedObjectService with error Status(-129, EX_TRANSACTION_FAILED): 'DEAD_OBJECT: '
12-07 13:58:59.472 E/TrackedObjectManager( 2832): Failed to start tracking keyboard object with error Status(-129, EX_TRANSACTION_FAILED): 'DEAD_OBJECT: '
12-07 13:58:59.485 D/JobServiceContext( 1971): Scheduling time out for '.casting.DeviceBootJobService' jId: 1828726847, in 18 s
12-07 13:58:59.485 V/ActivityManager( 1971): bindService: Intent { flg=0x4 cmp=com.oculus.metacam/.casting.DeviceBootJobService } type=null conn=android.app.LoadedApk$ServiceDispatcher$InnerConnection@1054f9b flags=0x8105
12-07 13:58:59.485 E/TrackedObjectManager( 2832): Failed to connect to TrackedObjectService with error Status(-129, EX_TRANSACTION_FAILED): 'DEAD_OBJECT: '
12-07 13:58:59.485 W/OSDynamicObjectDataQuerier( 2832): Attempted to start tracking objects when tracker was already started
12-07 13:58:59.485 E/TrackedObjectManager( 2832): Failed to connect to TrackedObjectService with error Status(-129, EX_TRANSACTION_FAILED): 'DEAD_OBJECT: '
12-07 13:58:59.485 E/TrackedObjectManager( 2832): Failed to start tracking keyboard object with error Status(-129, EX_TRANSACTION_FAILED): 'DEAD_OBJECT: '
12-07 13:58:59.489 D/JobServiceContext( 1971): handleServiceBound for 7084edc #u0a93/1828726847 com.oculus.metacam/.casting.DeviceBootJobService
12-07 13:58:59.489 D/JobServiceContext( 1971): Scheduling time out for '.casting.DeviceBootJobService' jId: 1828726847, in 8 s
12-07 13:58:59.490 D/JobServiceContext( 1971): doCallback of : JobStatus{7084edc #u0a93/1828726847 com.oculus.metacam/.casting.DeviceBootJobService u=0 s=10093 TIME=-7s506ms:none READY} v:VERB_STARTING
12-07 13:58:59.490 D/JobServiceContext( 1971): Scheduling time out for '.casting.DeviceBootJobService' jId: 1828726847, in 300 s
12-07 13:58:59.490 E/CoresdkAnalyticsEvent(15000): could not set key=action value=null
12-07 13:58:59.490 E/CoresdkAnalyticsEvent(15000): could not set key=casting_id value=null
12-07 13:58:59.490 E/CoresdkAnalyticsEvent(15000): could not set key=error_code value=null
12-07 13:58:59.490 E/CoresdkAnalyticsEvent(15000): could not set key=error_domain value=null
12-07 13:58:59.490 E/CoresdkAnalyticsEvent(15000): could not set key=error_message value=null
12-07 13:58:59.490 E/CoresdkAnalyticsEvent(15000): could not set key=error_name value=null
12-07 13:58:59.490 E/CoresdkAnalyticsEvent(15000): could not set key=initialization_session_id value=null
12-07 13:58:59.490 E/CoresdkAnalyticsEvent(15000): could not set key=js_client_session_id_per_page_load value=null
12-07 13:58:59.490 E/CoresdkAnalyticsEvent(15000): could not set key=metric_name value=null
12-07 13:58:59.490 E/CoresdkAnalyticsEvent(15000): could not set key=metric_value value=null
12-07 13:58:59.490 E/CoresdkAnalyticsEvent(15000): could not set key=previous_state value=null
12-07 13:58:59.490 E/CoresdkAnalyticsEvent(15000): could not set key=process_session_id value=null
12-07 13:58:59.490 E/CoresdkAnalyticsEvent(15000): could not set key=receiving_platform value=null
12-07 13:58:59.490 E/CoresdkAnalyticsEvent(15000): could not set key=apk_package_name value=null
12-07 13:58:59.490 E/CoresdkAnalyticsEvent(15000): could not set key=apk_package_version_code value=null
12-07 13:58:59.490 E/CoresdkAnalyticsEvent(15000): could not set key=apk_package_version_name value=null
12-07 13:58:59.490 E/CoresdkAnalyticsEvent(15000): could not set key=casting_service_session_id value=null
12-07 13:58:59.490 E/CoresdkAnalyticsEvent(15000): could not set key=current_state value=null
12-07 13:58:59.490 E/CoresdkAnalyticsEvent(15000): could not set key=device_build value=null
12-07 13:58:59.490 E/CoresdkAnalyticsEvent(15000): could not set key=dynamic_message value=null
12-07 13:58:59.490 E/CoresdkAnalyticsEvent(15000): could not set key=event_session_id value=null
12-07 13:58:59.490 E/CoresdkAnalyticsEvent(15000): could not set key=is_device_idle_mode value=null
12-07 13:58:59.490 E/CoresdkAnalyticsEvent(15000): could not set key=is_internet_accessible value=null
12-07 13:58:59.490 E/CoresdkAnalyticsEvent(15000): could not set key=message value=null
12-07 13:58:59.490 E/CoresdkAnalyticsEvent(15000): could not set key=remote_surface_type value=null
12-07 13:58:59.490 E/CoresdkAnalyticsEvent(15000): could not set key=signaling_transport_type value=null
12-07 13:58:59.494 I/MetaCam (CastingService)(15000): onStartCommand(intent = Intent { act=INITIALIZE_CASTING_SERVICE cmp=com.oculus.metacam/.casting.CastingService (has extras) }) Bundle[mParcelledData.dataSize=232]
12-07 13:58:59.497 E/CoresdkAnalyticsEvent(15000): could not set key=action value=null
12-07 13:58:59.497 E/CoresdkAnalyticsEvent(15000): could not set key=boot_session_id value=null
12-07 13:58:59.497 E/CoresdkAnalyticsEvent(15000): could not set key=casting_id value=null
12-07 13:58:59.497 E/CoresdkAnalyticsEvent(15000): could not set key=error_code value=null
12-07 13:58:59.497 E/CoresdkAnalyticsEvent(15000): could not set key=error_domain value=null
12-07 13:58:59.497 E/CoresdkAnalyticsEvent(15000): could not set key=error_message value=null
12-07 13:58:59.497 E/CoresdkAnalyticsEvent(15000): could not set key=error_name value=null
12-07 13:58:59.497 E/CoresdkAnalyticsEvent(15000): could not set key=initialization_session_id value=null
12-07 13:58:59.497 E/CoresdkAnalyticsEvent(15000): could not set key=js_client_session_id_per_page_load value=null
12-07 13:58:59.497 E/CoresdkAnalyticsEvent(15000): could not set key=metric_name value=null
12-07 13:58:59.497 E/CoresdkAnalyticsEvent(15000): could not set key=metric_value value=null
12-07 13:58:59.497 E/CoresdkAnalyticsEvent(15000): could not set key=previous_state value=null
12-07 13:58:59.497 E/CoresdkAnalyticsEvent(15000): could not set key=process_session_id value=null
12-07 13:58:59.497 E/CoresdkAnalyticsEvent(15000): could not set key=receiving_platform value=null
12-07 13:58:59.497 E/CoresdkAnalyticsEvent(15000): could not set key=apk_package_name value=null
12-07 13:58:59.497 E/CoresdkAnalyticsEvent(15000): could not set key=apk_package_version_code value=null
12-07 13:58:59.497 E/CoresdkAnalyticsEvent(15000): could not set key=apk_package_version_name value=null
12-07 13:58:59.497 E/CoresdkAnalyticsEvent(15000): could not set key=casting_service_session_id value=null
12-07 13:58:59.497 E/CoresdkAnalyticsEvent(15000): could not set key=current_state value=null
12-07 13:58:59.497 E/CoresdkAnalyticsEvent(15000): could not set key=device_build value=null
12-07 13:58:59.497 E/CoresdkAnalyticsEvent(15000): could not set key=dynamic_message value=null
12-07 13:58:59.497 E/CoresdkAnalyticsEvent(15000): could not set key=event_session_id value=null
12-07 13:58:59.497 E/CoresdkAnalyticsEvent(15000): could not set key=is_device_idle_mode value=null
12-07 13:58:59.497 E/CoresdkAnalyticsEvent(15000): could not set key=is_internet_accessible value=null
12-07 13:58:59.497 E/CoresdkAnalyticsEvent(15000): could not set key=remote_surface_type value=null
12-07 13:58:59.497 E/CoresdkAnalyticsEvent(15000): could not set key=signaling_transport_type value=null
12-07 13:58:59.499 D/JobServiceContext( 1971): doCallback of : JobStatus{7084edc #u0a93/1828726847 com.oculus.metacam/.casting.DeviceBootJobService u=0 s=10093 TIME=-7s514ms:none READY} v:VERB_EXECUTING
12-07 13:58:59.499 D/JobServiceContext( 1971): Cleaning up 7084edc #u0a93/1828726847 com.oculus.metacam/.casting.DeviceBootJobService reschedule=false reason=app called jobFinished
12-07 13:58:59.499 E/TrackedObjectManager( 2832): Failed to connect to TrackedObjectService with error Status(-129, EX_TRANSACTION_FAILED): 'DEAD_OBJECT: '
12-07 13:58:59.499 W/OSDynamicObjectDataQuerier( 2832): Attempted to start tracking objects when tracker was already started
12-07 13:58:59.499 E/TrackedObjectManager( 2832): Failed to connect to TrackedObjectService with error Status(-129, EX_TRANSACTION_FAILED): 'DEAD_OBJECT: '
12-07 13:58:59.499 E/TrackedObjectManager( 2832): Failed to start tracking keyboard object with error Status(-129, EX_TRANSACTION_FAILED): 'DEAD_OBJECT: '
12-07 13:58:59.499 E/CoresdkAnalyticsEvent(15000): could not set key=action value=null
12-07 13:58:59.499 E/CoresdkAnalyticsEvent(15000): could not set key=casting_id value=null
12-07 13:58:59.499 E/CoresdkAnalyticsEvent(15000): could not set key=error_code value=null
12-07 13:58:59.499 E/CoresdkAnalyticsEvent(15000): could not set key=error_domain value=null
12-07 13:58:59.499 E/CoresdkAnalyticsEvent(15000): could not set key=error_message value=null
12-07 13:58:59.499 E/CoresdkAnalyticsEvent(15000): could not set key=error_name value=null
12-07 13:58:59.499 E/CoresdkAnalyticsEvent(15000): could not set key=js_client_session_id_per_page_load value=null
12-07 13:58:59.499 E/CoresdkAnalyticsEvent(15000): could not set key=metric_name value=null
12-07 13:58:59.499 E/CoresdkAnalyticsEvent(15000): could not set key=metric_value value=null
12-07 13:58:59.499 E/CoresdkAnalyticsEvent(15000): could not set key=previous_state value=null
12-07 13:58:59.499 E/CoresdkAnalyticsEvent(15000): could not set key=process_session_id value=null
12-07 13:58:59.499 E/CoresdkAnalyticsEvent(15000): could not set key=receiving_platform value=null
12-07 13:58:59.499 E/CoresdkAnalyticsEvent(15000): could not set key=apk_package_name value=null
12-07 13:58:59.499 E/CoresdkAnalyticsEvent(15000): could not set key=apk_package_version_code value=null
12-07 13:58:59.499 E/CoresdkAnalyticsEvent(15000): could not set key=apk_package_version_name value=null
12-07 13:58:59.499 E/CoresdkAnalyticsEvent(15000): could not set key=casting_service_session_id value=null
12-07 13:58:59.499 E/CoresdkAnalyticsEvent(15000): could not set key=current_state value=null
12-07 13:58:59.499 E/CoresdkAnalyticsEvent(15000): could not set key=device_build value=null
12-07 13:58:59.499 E/CoresdkAnalyticsEvent(15000): could not set key=dynamic_message value=null
12-07 13:58:59.499 E/CoresdkAnalyticsEvent(15000): could not set key=event_session_id value=null
12-07 13:58:59.499 E/CoresdkAnalyticsEvent(15000): could not set key=is_device_idle_mode value=null
12-07 13:58:59.499 E/CoresdkAnalyticsEvent(15000): could not set key=is_internet_accessible value=null
12-07 13:58:59.499 E/CoresdkAnalyticsEvent(15000): could not set key=message value=null
12-07 13:58:59.499 E/CoresdkAnalyticsEvent(15000): could not set key=remote_surface_type value=null
12-07 13:58:59.499 E/CoresdkAnalyticsEvent(15000): could not set key=signaling_transport_type value=null
12-07 13:58:59.513 E/TrackedObjectManager( 2832): Failed to connect to TrackedObjectService with error Status(-129, EX_TRANSACTION_FAILED): 'DEAD_OBJECT: '
12-07 13:58:59.513 W/OSDynamicObjectDataQuerier( 2832): Attempted to start tracking objects when tracker was already started
12-07 13:58:59.513 E/TrackedObjectManager( 2832): Failed to connect to TrackedObjectService with error Status(-129, EX_TRANSACTION_FAILED): 'DEAD_OBJECT: '
12-07 13:58:59.513 E/TrackedObjectManager( 2832): Failed to start tracking keyboard object with error Status(-129, EX_TRANSACTION_FAILED): 'DEAD_OBJECT: '
12-07 13:58:59.527 E/TrackedObjectManager( 2832): Failed to connect to TrackedObjectService with error Status(-129, EX_TRANSACTION_FAILED): 'DEAD_OBJECT: '
12-07 13:58:59.527 W/OSDynamicObjectDataQuerier( 2832): Attempted to start tracking objects when tracker was already started
12-07 13:58:59.527 E/TrackedObjectManager( 2832): Failed to connect to TrackedObjectService with error Status(-129, EX_TRANSACTION_FAILED): 'DEAD_OBJECT: '
12-07 13:58:59.527 E/TrackedObjectManager( 2832): Failed to start tracking keyboard object with error Status(-129, EX_TRANSACTION_FAILED): 'DEAD_OBJECT: '
12-07 13:58:59.541 E/TrackedObjectManager( 2832): Failed to connect to TrackedObjectService with error Status(-129, EX_TRANSACTION_FAILED): 'DEAD_OBJECT: '
12-07 13:58:59.541 W/OSDynamicObjectDataQuerier( 2832): Attempted to start tracking objects when tracker was already started
12-07 13:58:59.541 E/TrackedObjectManager( 2832): Failed to connect to TrackedObjectService with error Status(-129, EX_TRANSACTION_FAILED): 'DEAD_OBJECT: '
12-07 13:58:59.541 E/TrackedObjectManager( 2832): Failed to start tracking keyboard object with error Status(-129, EX_TRANSACTION_FAILED): 'DEAD_OBJECT: '
12-07 13:58:59.555 E/TrackedObjectManager( 2832): Failed to connect to TrackedObjectService with error Status(-129, EX_TRANSACTION_FAILED): 'DEAD_OBJECT: '
12-07 13:58:59.555 W/OSDynamicObjectDataQuerier( 2832): Attempted to start tracking objects when tracker was already started
12-07 13:58:59.555 E/TrackedObjectManager( 2832): Failed to connect to TrackedObjectService with error Status(-129, EX_TRANSACTION_FAILED): 'DEAD_OBJECT: '
12-07 13:58:59.555 E/TrackedObjectManager( 2832): Failed to start tracking keyboard object with error Status(-129, EX_TRANSACTION_FAILED): 'DEAD_OBJECT: '
12-07 13:58:59.568 E/TrackedObjectManager( 2832): Failed to connect to TrackedObjectService with error Status(-129, EX_TRANSACTION_FAILED): 'DEAD_OBJECT: '
12-07 13:58:59.569 W/OSDynamicObjectDataQuerier( 2832): Attempted to start tracking objects when tracker was already started
12-07 13:58:59.569 E/TrackedObjectManager( 2832): Failed to connect to TrackedObjectService with error Status(-129, EX_TRANSACTION_FAILED): 'DEAD_OBJECT: '
12-07 13:58:59.569 E/TrackedObjectManager( 2832): Failed to start tracking keyboard object with error Status(-129, EX_TRANSACTION_FAILED): 'DEAD_OBJECT: '
12-07 13:58:59.583 E/TrackedObjectManager( 2832): Failed to connect to TrackedObjectService with error Status(-129, EX_TRANSACTION_FAILED): 'DEAD_OBJECT: '
12-07 13:58:59.583 W/OSDynamicObjectDataQuerier( 2832): Attempted to start tracking objects when tracker was already started
12-07 13:58:59.583 E/TrackedObjectManager( 2832): Failed to connect to TrackedObjectService with error Status(-129, EX_TRANSACTION_FAILED): 'DEAD_OBJECT: '
12-07 13:58:59.583 E/TrackedObjectManager( 2832): Failed to start tracking keyboard object with error Status(-129, EX_TRANSACTION_FAILED): 'DEAD_OBJECT: '
12-07 13:58:59.596 E/TrackedObjectManager( 2832): Failed to connect to TrackedObjectService with error Status(-129, EX_TRANSACTION_FAILED): 'DEAD_OBJECT: '
12-07 13:58:59.596 W/OSDynamicObjectDataQuerier( 2832): Attempted to start tracking objects when tracker was already started
12-07 13:58:59.596 E/TrackedObjectManager( 2832): Failed to connect to TrackedObjectService with error Status(-129, EX_TRANSACTION_FAILED): 'DEAD_OBJECT: '
12-07 13:58:59.596 E/TrackedObjectManager( 2832): Failed to start tracking keyboard object with error Status(-129, EX_TRANSACTION_FAILED): 'DEAD_OBJECT: '
12-07 13:58:59.610 E/TrackedObjectManager( 2832): Failed to connect to TrackedObjectService with error Status(-129, EX_TRANSACTION_FAILED): 'DEAD_OBJECT: '
12-07 13:58:59.610 W/OSDynamicObjectDataQuerier( 2832): Attempted to start tracking objects when tracker was already started
12-07 13:58:59.610 E/TrackedObjectManager( 2832): Failed to connect to TrackedObjectService with error Status(-129, EX_TRANSACTION_FAILED): 'DEAD_OBJECT: '
12-07 13:58:59.610 E/TrackedObjectManager( 2832): Failed to start tracking keyboard object with error Status(-129, EX_TRANSACTION_FAILED): 'DEAD_OBJECT: '
12-07 13:58:59.624 E/TrackedObjectManager( 2832): Failed to connect to TrackedObjectService with error Status(-129, EX_TRANSACTION_FAILED): 'DEAD_OBJECT: '
12-07 13:58:59.624 W/OSDynamicObjectDataQuerier( 2832): Attempted to start tracking objects when tracker was already started
12-07 13:58:59.624 E/TrackedObjectManager( 2832): Failed to connect to TrackedObjectService with error Status(-129, EX_TRANSACTION_FAILED): 'DEAD_OBJECT: '
12-07 13:58:59.624 E/TrackedObjectManager( 2832): Failed to start tracking keyboard object with error Status(-129, EX_TRANSACTION_FAILED): 'DEAD_OBJECT: '
12-07 13:58:59.638 E/TrackedObjectManager( 2832): Failed to connect to TrackedObjectService with error Status(-129, EX_TRANSACTION_FAILED): 'DEAD_OBJECT: '
12-07 13:58:59.638 W/OSDynamicObjectDataQuerier( 2832): Attempted to start tracking objects when tracker was already started
12-07 13:58:59.638 E/TrackedObjectManager( 2832): Failed to connect to TrackedObjectService with error Status(-129, EX_TRANSACTION_FAILED): 'DEAD_OBJECT: '
12-07 13:58:59.638 E/TrackedObjectManager( 2832): Failed to start tracking keyboard object with error Status(-129, EX_TRANSACTION_FAILED): 'DEAD_OBJECT: '
12-07 13:58:59.652 E/TrackedObjectManager( 2832): Failed to connect to TrackedObjectService with error Status(-129, EX_TRANSACTION_FAILED): 'DEAD_OBJECT: '
12-07 13:58:59.652 W/OSDynamicObjectDataQuerier( 2832): Attempted to start tracking objects when tracker was already started
12-07 13:58:59.652 E/TrackedObjectManager( 2832): Failed to connect to TrackedObjectService with error Status(-129, EX_TRANSACTION_FAILED): 'DEAD_OBJECT: '
12-07 13:58:59.652 E/TrackedObjectManager( 2832): Failed to start tracking keyboard object with error Status(-129, EX_TRANSACTION_FAILED): 'DEAD_OBJECT: '
12-07 13:58:59.652 I/GraphicsGovernor( 2832): Dynamic Foveation Lvl 3, Min Foveation Lvl 3, DynRes Enabled 1, DynRes Scaler 1.000000
12-07 13:58:59.666 E/TrackedObjectManager( 2832): Failed to connect to TrackedObjectService with error Status(-129, EX_TRANSACTION_FAILED): 'DEAD_OBJECT: '
12-07 13:58:59.666 W/OSDynamicObjectDataQuerier( 2832): Attempted to start tracking objects when tracker was already started
12-07 13:58:59.666 E/TrackedObjectManager( 2832): Failed to connect to TrackedObjectService with error Status(-129, EX_TRANSACTION_FAILED): 'DEAD_OBJECT: '
12-07 13:58:59.666 E/TrackedObjectManager( 2832): Failed to start tracking keyboard object with error Status(-129, EX_TRANSACTION_FAILED): 'DEAD_OBJECT: '
12-07 13:58:59.675 I/VrApi   ( 3469): FPS=73/72,Prd=26ms,Tear=0,Early=0,Stale=0,Stale2/5/10/max=0/0/0/0,VSnc=1,Lat=-1,Fov=3,CPU4/GPU=3/2,2361/456MHz,OC=3F,TA=0/0/0,SP=N/N/N,Mem=3196MHz,Free=2982MB,PLS=0,Temp=33.0C/0.0C,TW=2.41ms,App=1.27ms,GD=0.00ms,CPU&GPU=9.83ms,LCnt=6(DR70,LM4),GPU%=0.28,CPU%=0.36(W0.42),CFL=12.76/18.23,ICFLp95=16.98,LD=0,SF=1.00,LP=1,DVFS=0,ShrpLCnt=2,ShrpR=0.500,SSLCnt=0/0
12-07 13:58:59.680 E/TrackedObjectManager( 2832): Failed to connect to TrackedObjectService with error Status(-129, EX_TRANSACTION_FAILED): 'DEAD_OBJECT: '
12-07 13:58:59.680 W/OSDynamicObjectDataQuerier( 2832): Attempted to start tracking objects when tracker was already started
12-07 13:58:59.680 E/TrackedObjectManager( 2832): Failed to connect to TrackedObjectService with error Status(-129, EX_TRANSACTION_FAILED): 'DEAD_OBJECT: '
12-07 13:58:59.680 E/TrackedObjectManager( 2832): Failed to start tracking keyboard object with error Status(-129, EX_TRANSACTION_FAILED): 'DEAD_OBJECT: '
12-07 13:58:59.689 I/VD628x  (  884): Flicker results: freq 1084.849121, max 1220.128296, dcr 64.145424, pct 0.000208, idx 0.000210, conf 0.007970, snr -20.853012, svm 0.000000, sus 2
12-07 13:58:59.694 E/TrackedObjectManager( 2832): Failed to connect to TrackedObjectService with error Status(-129, EX_TRANSACTION_FAILED): 'DEAD_OBJECT: '
12-07 13:58:59.694 W/OSDynamicObjectDataQuerier( 2832): Attempted to start tracking objects when tracker was already started
12-07 13:58:59.694 E/TrackedObjectManager( 2832): Failed to connect to TrackedObjectService with error Status(-129, EX_TRANSACTION_FAILED): 'DEAD_OBJECT: '
12-07 13:58:59.694 E/TrackedObjectManager( 2832): Failed to start tracking keyboard object with error Status(-129, EX_TRANSACTION_FAILED): 'DEAD_OBJECT: '
12-07 13:58:59.699 D/FlashNotifController( 1971): requestStartFlashNotification
12-07 13:58:59.700 I/FlashNotifController( 1971): startFlashNotification: type=1, tag=android
12-07 13:58:59.700 D/FlashNotifController( 1971): Flash notification is disabled
12-07 13:58:59.703 D/OculusNotificationListenerService( 3324): Notification posted: 0|com.oculus.metacam|50008|null|10093
12-07 13:58:59.703 V/[SEO] VrNotificationListenerService( 3469): isNotificationAToast() - isToastPriority = false, sbn.key = 0|com.oculus.metacam|50008|null|10093
12-07 13:58:59.703 V/[SEO] VrNotificationListenerService( 3469): isNotificationAToast() - isValidToast = false, sbn.key = 0|com.oculus.metacam|50008|null|10093
12-07 13:58:59.703 V/[SEO] VrNotificationListenerService( 3469): isNotificationAToast() - isWifiCaptivePortal = false, sbn.key = 0|com.oculus.metacam|50008|null|10093
12-07 13:58:59.703 V/[SEO] VrNotificationListenerService( 3469): isNotificationAToast() - isRecommendation = false, sbn.key = 0|com.oculus.metacam|50008|null|10093
12-07 13:58:59.703 V/[SEO] VrNotificationListenerService( 3469): Adding default ranking score to client generated notification: 100000
12-07 13:58:59.703 V/[SEO] VrNotificationListenerService( 3469): isNotificationAToast() - isToastPriority = false, sbn.key = 0|com.oculus.metacam|50008|null|10093
12-07 13:58:59.703 V/[SEO] VrNotificationListenerService( 3469): isNotificationAToast() - isValidToast = false, sbn.key = 0|com.oculus.metacam|50008|null|10093
12-07 13:58:59.703 V/[SEO] VrNotificationListenerService( 3469): isNotificationAToast() - isWifiCaptivePortal = false, sbn.key = 0|com.oculus.metacam|50008|null|10093
12-07 13:58:59.703 V/[SEO] VrNotificationListenerService( 3469): isNotificationAToast() - isRecommendation = false, sbn.key = 0|com.oculus.metacam|50008|null|10093
12-07 13:58:59.703 D/NotifAttributeChecker( 3469): Custom data does not contain seen state
12-07 13:58:59.703 D/[SEO] VrNotificationSeenStateTracker( 3469): setSeenState - seen state for key [0|com.oculus.metacam|50008|null|10093] had a cached value of [UNSEEN_AND_UNREAD]. The attempted update for after is [UNSEEN_AND_UNREAD]. Updated? false
12-07 13:58:59.703 D/[SEO] VrNotificationListenerService( 3469): setSeenState() - notification key [0|com.oculus.metacam|50008|null|10093]: was seen state tracker updated? [false] was sbn seen state updated? [false]
12-07 13:58:59.703 I/[SEO] VrNotificationListenerService( 3469): addNotificationToCache() - key = 0|com.oculus.metacam|50008|null|10093, type = unspecified, isToast = false, isBlocked with reason = true Blocked by does not contain all markers for a toast notification
12-07 13:58:59.703 V/[SEO] VrNotificationListenerService( 3469): isNotificationAToast() - isToastPriority = false, sbn.key = 0|com.oculus.metacam|50008|null|10093
12-07 13:58:59.703 V/[SEO] VrNotificationListenerService( 3469): isNotificationAToast() - isValidToast = false, sbn.key = 0|com.oculus.metacam|50008|null|10093
12-07 13:58:59.703 V/[SEO] VrNotificationListenerService( 3469): isNotificationAToast() - isWifiCaptivePortal = false, sbn.key = 0|com.oculus.metacam|50008|null|10093
12-07 13:58:59.703 V/[SEO] VrNotificationListenerService( 3469): isNotificationAToast() - isRecommendation = false, sbn.key = 0|com.oculus.metacam|50008|null|10093
12-07 13:58:59.703 D/VrNotificationAnalytics( 3469): logNotificationPosted: key(0|com.oculus.metacam|50008|null|10093), type(unspecified), isToast(false)
12-07 13:58:59.708 E/TrackedObjectManager( 2832): Failed to connect to TrackedObjectService with error Status(-129, EX_TRANSACTION_FAILED): 'DEAD_OBJECT: '
12-07 13:58:59.708 W/OSDynamicObjectDataQuerier( 2832): Attempted to start tracking objects when tracker was already started
12-07 13:58:59.708 E/TrackedObjectManager( 2832): Failed to connect to TrackedObjectService with error Status(-129, EX_TRANSACTION_FAILED): 'DEAD_OBJECT: '
12-07 13:58:59.708 E/TrackedObjectManager( 2832): Failed to start tracking keyboard object with error Status(-129, EX_TRANSACTION_FAILED): 'DEAD_OBJECT: '
12-07 13:58:59.714 I/OpenXR_Anchor( 3469): xrQuerySpacesFB: no split anchor query enabled
12-07 13:58:59.714 I/[CT]    ( 3469): SP:AF:InsightAnchorApi: QueryAnchorSpaces loadAndQueryAvailableAnchors flow. (task start) duration: 0.000000000 [sec], flags: 44, location: StorageLocation::LOCAL(1), method: 1, request: 5017, source: SourceType::LIVE_TRACKER(1)
12-07 13:58:59.715 I/[CT]    ( 3469): RuntimeIpcHelper: RuntimeIpcClient::CALL_RPC isAsync: true, func: loadAvailableAnchors
12-07 13:58:59.715 I/[CT]    ( 4885): SP:AP:AnchorPersistenceRuntimeIpcServer: checkRPC start: sessionUuid:1e3ba3f0-dfb6-0aba-a69b-b18fb253c69c, clientId:2367474718, givenPackageName:com.oculus.vrshell
12-07 13:58:59.715 I/[CT]    ( 4885): SP:AP:AnchorPersistenceRuntimeIpcServer: checkPackageAccess - detectedPackageName:com.oculus.vrshell, detectedProcessName:com.oculus.vrshell, givenPackageName:com.oculus.vrshell
12-07 13:58:59.715 I/[CT]    ( 4885): SP:AP:AnchorPersistenceRuntimeIpcServer: checkRPC package name matches: sessionUuid:1e3ba3f0-dfb6-0aba-a69b-b18fb253c69c, clientId:2367474718, givenPackageName:com.oculus.vrshell, detectedPackageName:com.oculus.vrshell, detectedProcessName:com.oculus.vrshell
12-07 13:58:59.715 I/[CT]    ( 4885): SP:AP:AnchorPersistenceRuntimeIpcServer: queryAvailableAnchorsSMV2: clientId: 2367474718, maxAnchors: 500, filter: 0, queryMultipleRoomsEnabledByOpenXrVersion: true, source: 1, appId: com.oculus.vrshell
12-07 13:58:59.715 I/[CT]    ( 4885): SP:AP:AnchorPersistenceConfig: getSceneRuntimePermissionEnabled: USE_SCENE permission is enabled on this device
12-07 13:58:59.715 I/[CT]    ( 4885): SP:AP:AnchorPersistenceScenePermissions: hasClientGrantedScenePermission: USE_SCENE permission is enabled on this device, check client 2367474718, grant is true
12-07 13:58:59.715 I/[CT]    ( 4885): SP:AP:AnchorPersistenceConfig: getSceneRuntimePermissionEnabled: USE_SCENE permission is enabled on this device
12-07 13:58:59.718 I/[CT]    ( 4885): SP:SceneAnchorFilterUtil: filterSceneDataByPermission: com.oculus.vrshell permission check passed, keep scene data. anchors size: 0
12-07 13:58:59.718 I/[CT]    ( 3469): SP:AF:InsightAnchorApi: QueryAnchorSpaces (task finish) returnCode: AnchorResultCode::SUCCESS(0), numSpacesFound: 0, spacesFoundUuids: [], duration: 0.000000000 [sec], flags: 44, location: 1, method: 1, request: 5017
12-07 13:58:59.722 E/TrackedObjectManager( 2832): Failed to connect to TrackedObjectService with error Status(-129, EX_TRANSACTION_FAILED): 'DEAD_OBJECT: '
12-07 13:58:59.722 W/OSDynamicObjectDataQuerier( 2832): Attempted to start tracking objects when tracker was already started
12-07 13:58:59.722 E/TrackedObjectManager( 2832): Failed to connect to TrackedObjectService with error Status(-129, EX_TRANSACTION_FAILED): 'DEAD_OBJECT: '
12-07 13:58:59.722 E/TrackedObjectManager( 2832): Failed to start tracking keyboard object with error Status(-129, EX_TRANSACTION_FAILED): 'DEAD_OBJECT: '
12-07 13:58:59.727 I/[NAV][BAR] GetNotificationBadgeCountUseCase(32634): Received unread notification count: 6
12-07 13:58:59.729 I/[CT]    ( 3469): SP:TREX:SpatialPersistencePlugin: Event type: 6
12-07 13:58:59.729 I/TREX    ( 3469): Spatial Persistence event: QuerySpacesFinish
12-07 13:58:59.735 E/TrackedObjectManager( 2832): Failed to connect to TrackedObjectService with error Status(-129, EX_TRANSACTION_FAILED): 'DEAD_OBJECT: '
12-07 13:58:59.735 W/OSDynamicObjectDataQuerier( 2832): Attempted to start tracking objects when tracker was already started
12-07 13:58:59.735 E/TrackedObjectManager( 2832): Failed to connect to TrackedObjectService with error Status(-129, EX_TRANSACTION_FAILED): 'DEAD_OBJECT: '
12-07 13:58:59.735 E/TrackedObjectManager( 2832): Failed to start tracking keyboard object with error Status(-129, EX_TRANSACTION_FAILED): 'DEAD_OBJECT: '
12-07 13:58:59.749 E/TrackedObjectManager( 2832): Failed to connect to TrackedObjectService with error Status(-129, EX_TRANSACTION_FAILED): 'DEAD_OBJECT: '
12-07 13:58:59.749 W/OSDynamicObjectDataQuerier( 2832): Attempted to start tracking objects when tracker was already started
12-07 13:58:59.749 E/TrackedObjectManager( 2832): Failed to connect to TrackedObjectService with error Status(-129, EX_TRANSACTION_FAILED): 'DEAD_OBJECT: '
12-07 13:58:59.749 E/TrackedObjectManager( 2832): Failed to start tracking keyboard object with error Status(-129, EX_TRANSACTION_FAILED): 'DEAD_OBJECT: '
12-07 13:58:59.763 E/TrackedObjectManager( 2832): Failed to connect to TrackedObjectService with error Status(-129, EX_TRANSACTION_FAILED): 'DEAD_OBJECT: '
12-07 13:58:59.763 W/OSDynamicObjectDataQuerier( 2832): Attempted to start tracking objects when tracker was already started
