12-08 09:32:15.806 I/[NAV][BAR] Active2dPanelDataSourceImpl( 5482): onAppStatusChanged: {"appState":[{"name":"com.oculus.systemux/com.oculus.panelapp.activetaskbar.ActiveTaskBarActivity","panels":[{"panelId":1,"shouldBePrePinned":false,"state":"Foreground","volumetricWindowToken":"908d4ff6-355a-4672-97b2-947e809531d6"}]},{"name":"com.oculus.panelapp.library/com.oculus.navigator.library.app.NavigatorLibraryActivity","panels":[{"panelId":3,"shouldBePrePinned":false,"state":"Background","volumetricWindowToken":"ba3cf751-e68a-42ef-9fc8-fda532e026a2"}]},{"name":"com.oculus.vrshell/com.oculus.panelapp.displaybar.DisplayBarActivity","panels":[{"panelId":5,"shouldBePrePinned":false,"state":"Foreground","volumetricWindowToken":"8adfb8d6-830a-45c8-a8da-a4240bab9259"}]},{"name":"com.oculus.mrds/com.oculus.mrds.msft.connectactivity.ConnectActivity","panels":[{"panelId":13,"shouldBePrePinned":false,"state":"Foreground","volumetricWindowToken":"5a3b7df2-e727-4a03-aa7c-fec0a71253f2"}]},{"name":"com.oculus.vrshell/com.oculus.panelapp.bloom.BloomActivity","panels":[{"panelId":4,"shouldBePrePinned":false,"state":"Foreground","volumetricWindowToken":"6bee8476-07e9-41cd-921c-85f1613e54cb"}]},{"name":"com.oculus.panelapp.library/com.oculus.navigator.systembar.app.SystemBarActivity","panels":[{"panelId":6,"shouldBePrePinned":false,"state":"Background","volumetricWindowToken":"17752a76-e2cd-42fb-978b-f5c8221e3d4e"}]},{"name":"com.example.moonlight_spatialsdk/com.example.moonlight_spatialsdk.PancakeActivity","panels":[{"panelId":15,"shouldBePrePinned":false,"state":"Background","volumetricWindowToken":"135bd16c-aa34-4029-8d05-5256462c7086"}]}],"mostRecent":["com.oculus.panelapp.library/com.oculus.navigator.library.app.NavigatorLibraryActivity","com.example.moonlight_spatialsdk/com.example.moonlight_spatialsdk.PancakeActivity","com.oculus.mrds/com.oculus.mrds.msft.connectactivity.ConnectActivity","com.oculus.panelapp.library/com.oculus.navigator.systembar.app.SystemBarActivity","com.oculus.vrshell/com.oculus.panelapp.displaybar.DisplayBarActivity","com.oculus.vrshell/com.oculus.panelapp.bloom.BloomActivity","com.oculus.systemux/com.oculus.panelapp.activetaskbar.ActiveTaskBarActivity"]}
12-08 09:32:15.806 I/CCodecBufferChannel(25980): [c2.android.raw.decoder#128] Created output block pool with allocatorID 16 => poolID 32 - OK
12-08 09:32:15.807 D/CCodecBufferChannel(25980): [c2.android.raw.decoder#128] Configured output block pool ids 32 => OK
12-08 09:32:15.807 I/SpatialWindowResourceService( 2051): setWindowFrameRate() token: horizonos.view.VolumetricWindowToken$InternalVolumetricToken@16d7fe8 framerate: 1.0
12-08 09:32:15.807 I/DisplayDeviceRepository( 2051): Display device removed: DisplayDeviceInfo{"com.oculus.android_panel_app.AndroidPanelLayer-com.oculus.vrshell-controlbar13": uniqueId="virtual:com.oculus.vrshell,10053,com.oculus.android_panel_app.AndroidPanelLayer-com.oculus.vrshell-controlbar13,0", 550 x 60, modeId 122, renderFrameRate 60.0, defaultModeId 122, supportedModes [{id=122, width=550, height=60, fps=60.0, alternativeRefreshRates=[], supportedHdrTypes=[]}], colorMode 0, supportedColorModes [0], hdrCapabilities null, allmSupported false, gameContentTypeSupported false, density 200, 200.0 x 200.0 dpi, appVsyncOff 0, presDeadline 16666666, touch NONE, rotation 0, type VIRTUAL, deviceProductInfo null, state ON, committedState UNKNOWN, owner com.oculus.vrshell (uid 10053), frameRateOverride , brightnessMinimum 0.0, brightnessMaximum 0.0, brightnessDefault 0.0, hdrSdrRatio NaN, FLAG_PRIVATE, FLAG_NEVER_BLANK, FLAG_OWN_CONTENT_ONLY, installOrientation 0, displayShape DisplayShape{ spec=854794591 displayWidth=550 displayHeight=60 physicalPixelDisplaySizeRatio=1.0 rotation=0 offsetX=0 offsetY=0 scale=1.0}}
12-08 09:32:15.807 I/SpatialWindowResourceService( 2051): setWindowUserPerceivedState(): Setting Application State:ComponentInfo{com.example.moonlight_spatialsdk/com.example.moonlight_spatialsdk.PancakeActivity} ProcessName:com.example.moonlight_spatialsdk PerceptionState:(old):CRITICAL_PERCEPTION->(new):NO_PERCEPTION
12-08 09:32:15.808 I/LogicalDisplayMapper( 2051): Removing display: 23
12-08 09:32:15.808 I/QC2CompStore(  860): Setting heap usage to system
12-08 09:32:15.809 W/system_server( 2051): Binder 0xb40000741725ff00 destroyed after setInheritRt before being parceled.
12-08 09:32:15.810 D/IPCService( 4168): Sending command prefix: layerVisib to token: VolumetricWindowToken { scope = 1, token = android.os.BinderProxy@b1dddf5, persistableToken = 98d83c5b-1b66-468f-9dd3-fc0e49c83941 } shellSate: true
12-08 09:32:15.810 D/[UNSET] ShellApplication( 4168): Sending command: layerVisibility controlbar13 0 9089865352451921961 to panelId 16
12-08 09:32:15.812 W/HWComposer( 2437): Ignoring duplicate VSYNC event from HWC for display 4630946970282026130 (t=3332136013000)
12-08 09:32:15.813 D/SimpleC2Component( 1138): Using output block pool with poolID 32 => got 32 - 0
12-08 09:32:15.813 I/Distortion(25980): Decenter tester version = 200
12-08 09:32:15.813 I/Distortion(25980): SetLensPositions - iad=0.0635, left offset=-0.00313837,4.25965e-05, right offset=0.00323463,-0.000142143
12-08 09:32:15.813 I/.oculus.vrshell( 4168): Method exceeds compiler instruction limit: 18146 in java.lang.Object kotlin.coroutines.jvm.internal.BaseContinuationImpl.invokeSuspend(java.lang.Object)
12-08 09:32:15.813 D/MediaBufferGroup( 1110): creating MemoryDealer
12-08 09:32:15.814 D/[UNSET] ShellApplication( 4168): Updating window drawn state: false for panelId 15
12-08 09:32:15.814 I/OpenXR  (25980): ----------- xrCreateInstance [end] ----------
12-08 09:32:15.814 V/OpenXR_DriverLoader(25980): xrGetInstanceProcAddr: xrSetDebugUtilsObjectNameEXT not supported, the extension is not enabled for the requested OpenXR API version 1.1.48.
12-08 09:32:15.814 V/OpenXR_DriverLoader(25980): xrGetInstanceProcAddr: xrCreateDebugUtilsMessengerEXT not supported, the extension is not enabled for the requested OpenXR API version 1.1.48.
12-08 09:32:15.814 V/OpenXR_DriverLoader(25980): xrGetInstanceProcAddr: xrDestroyDebugUtilsMessengerEXT not supported, the extension is not enabled for the requested OpenXR API version 1.1.48.
12-08 09:32:15.814 V/OpenXR_DriverLoader(25980): xrGetInstanceProcAddr: xrSubmitDebugUtilsMessageEXT not supported, the extension is not enabled for the requested OpenXR API version 1.1.48.
12-08 09:32:15.814 V/OpenXR_DriverLoader(25980): xrGetInstanceProcAddr: xrSessionBeginDebugUtilsLabelRegionEXT not supported, the extension is not enabled for the requested OpenXR API version 1.1.48.
12-08 09:32:15.814 V/OpenXR_DriverLoader(25980): xrGetInstanceProcAddr: xrSessionEndDebugUtilsLabelRegionEXT not supported, the extension is not enabled for the requested OpenXR API version 1.1.48.
12-08 09:32:15.814 V/OpenXR_DriverLoader(25980): xrGetInstanceProcAddr: xrSessionInsertDebugUtilsLabelEXT not supported, the extension is not enabled for the requested OpenXR API version 1.1.48.
12-08 09:32:15.814 V/OpenXR-Loader(25980): Verbose [GENERAL | xrCreateInstance | OpenXR-Loader] : Completed loader terminator
12-08 09:32:15.814 V/OpenXR_DriverLoader(25980): xrGetInstanceProcAddr: xrSessionBeginDebugUtilsLabelRegionEXT not supported, the extension is not enabled for the requested OpenXR API version 1.1.48.
12-08 09:32:15.814 V/OpenXR_DriverLoader(25980): xrGetInstanceProcAddr: xrSessionEndDebugUtilsLabelRegionEXT not supported, the extension is not enabled for the requested OpenXR API version 1.1.48.
12-08 09:32:15.814 V/OpenXR_DriverLoader(25980): xrGetInstanceProcAddr: xrSessionInsertDebugUtilsLabelEXT not supported, the extension is not enabled for the requested OpenXR API version 1.1.48.
12-08 09:32:15.814 I/OpenXR-Loader(25980): Info [GENERAL | xrCreateInstance | OpenXR-Loader] : LoaderInstance::CreateInstance succeeded with 0 layers enabled and runtime interface - created instance = 0x0000000000000001
12-08 09:32:15.814 V/OpenXR-Loader(25980): Verbose [GENERAL | xrCreateInstance | OpenXR-Loader] : Completed loader trampoline
12-08 09:32:15.814 V/OpenXR_DriverLoader(25980): xrGetInstanceProcAddr: xrEnumeratePerformanceMetricsCounterPathsMETA not supported, the extension is not enabled for the requested OpenXR API version 1.1.48.
12-08 09:32:15.814 V/OpenXR_DriverLoader(25980): xrGetInstanceProcAddr: xrSetPerformanceMetricsStateMETA not supported, the extension is not enabled for the requested OpenXR API version 1.1.48.
12-08 09:32:15.814 V/OpenXR_DriverLoader(25980): xrGetInstanceProcAddr: xrGetPerformanceMetricsStateMETA not supported, the extension is not enabled for the requested OpenXR API version 1.1.48.
12-08 09:32:15.814 V/OpenXR_DriverLoader(25980): xrGetInstanceProcAddr: xrQueryPerformanceMetricsCounterMETA not supported, the extension is not enabled for the requested OpenXR API version 1.1.48.
12-08 09:32:15.814 V/OpenXR_DriverLoader(25980): xrGetInstanceProcAddr: xrCreateBodyTrackerFB not supported, the extension is not enabled for the requested OpenXR API version 1.1.48.
12-08 09:32:15.814 V/OpenXR_DriverLoader(25980): xrGetInstanceProcAddr: xrDestroyBodyTrackerFB not supported, the extension is not enabled for the requested OpenXR API version 1.1.48.
12-08 09:32:15.814 V/OpenXR_DriverLoader(25980): xrGetInstanceProcAddr: xrLocateBodyJointsFB not supported, the extension is not enabled for the requested OpenXR API version 1.1.48.
12-08 09:32:15.814 V/OpenXR_DriverLoader(25980): xrGetInstanceProcAddr: xrGetBodySkeletonFB not supported, the extension is not enabled for the requested OpenXR API version 1.1.48.
12-08 09:32:15.814 V/OpenXR_DriverLoader(25980): xrGetInstanceProcAddr: xrCreateVirtualReferenceSpaceMETAX1 not supported, the extension is not enabled for the requested OpenXR API version 1.1.48.
12-08 09:32:15.814 V/OpenXR_DriverLoader(25980): xrGetInstanceProcAddr: xrSetVirtualReferenceSpacePoseMETAX1 not supported, the extension is not enabled for the requested OpenXR API version 1.1.48.
12-08 09:32:15.814 V/OpenXR_DriverLoader(25980): xrGetInstanceProcAddr: xrSetUserRestSpaceMETAX1 not supported, the extension is not enabled for the requested OpenXR API version 1.1.48.
12-08 09:32:15.814 V/OpenXR_DriverLoader(25980): xrGetInstanceProcAddr: xrResumeSimultaneousHandsAndControllersTrackingMETA not supported, the extension is not enabled for the requested OpenXR API version 1.1.48.
12-08 09:32:15.814 V/OpenXR_DriverLoader(25980): xrGetInstanceProcAddr: xrPauseSimultaneousHandsAndControllersTrackingMETA not supported, the extension is not enabled for the requested OpenXR API version 1.1.48.
12-08 09:32:15.814 I/HorizonStandalone(25980): Hmi: Registering input class horizon::hmi::XrControllerLeft
12-08 09:32:15.815 I/HorizonStandalone(25980): Hmi: Registering input class horizon::hmi::XrControllerRight
12-08 09:32:15.815 I/HorizonStandalone(25980): Hmi: Registering input class horizon::hmi::XrHandLeft
12-08 09:32:15.815 I/HorizonStandalone(25980): Hmi: Registering input class horizon::hmi::XrHandRight
12-08 09:32:15.816 I/HorizonStandalone(25980): Hmi: Registering input class horizon::hmi::XrEyeGaze
12-08 09:32:15.817 I/InputManager( 2051): Not applying additional properties for display 23 because the pointer is currently targeting display 0.
12-08 09:32:15.817 W/surfaceflinger( 2437): Binder 0xb400007526a45950 destroyed after setInheritRt before being parceled.
12-08 09:32:15.817 W/surfaceflinger( 2437): Binder 0xb400007526a47ab8 destroyed after setInheritRt before being parceled.
12-08 09:32:15.817 W/surfaceflinger( 2437): Binder 0xb400007526ae0c08 destroyed after setInheritRt before being parceled.
12-08 09:32:15.817 W/surfaceflinger( 2437): Binder 0xb400007526bfa410 destroyed after setInheritRt before being parceled.
12-08 09:32:15.818 D/CCodecBufferChannel(25980): [c2.android.raw.decoder#128] MediaCodec discarded an unknown buffer
12-08 09:32:15.818 D/CCodecBufferChannel(25980): [c2.android.raw.decoder#128] MediaCodec discarded an unknown buffer
12-08 09:32:15.819 I/hw-BpHwBinder(25980): onLastStrongRef automatically unlinking death recipients
12-08 09:32:15.819 I/hw-BpHwBinder( 1138): onLastStrongRef automatically unlinking death recipients
12-08 09:32:15.820 D/BufferPoolAccessor2.0( 1138): Destruction - bufferpool2 0xb400007cc508a228 cached: 0/0M, 0/0% in use; allocs: 0, 0% recycled; transfers: 0, 0% unfetched
12-08 09:32:15.820 D/MediaCodec(25980): flushMediametrics
12-08 09:32:15.820 D/MediaCodec(25980): updateMediametrics(0xb400007095e90000) ttff: 26ms, ttff_os: 20ms, init: 11ms ,configure: 0ms, start: 9ms, decode: 0ms, rendering: -1ms
12-08 09:32:15.820 I/BpBinder(25980): onLastStrongRef automatically unlinking death recipients: android.media.IResourceManagerService
12-08 09:32:15.820 W/mediaextractor( 1110): Binder 0xb4000075a6480238 destroyed after setInheritRt before being parceled.
12-08 09:32:15.820 W/mediaextractor( 1110): Binder 0xb4000075a64801e8 destroyed after setInheritRt before being parceled.
12-08 09:32:15.820 W/mediaextractor( 1110): Binder 0xb4000075b280e3b8 destroyed after setInheritRt before being parceled.
12-08 09:32:15.820 W/mediaextractor( 1110): Binder 0xb4000075b2818f38 destroyed after setInheritRt before being parceled.
12-08 09:32:15.820 W/mediaextractor( 1110): Binder 0xb4000075a6480008 destroyed after setInheritRt before being parceled.
12-08 09:32:15.827 W/HWComposer( 2437): Ignoring duplicate VSYNC event from HWC for display 4630946970282026130 (t=3332149901000)
12-08 09:32:15.831 I/HorizonStandalone(25980): Application: initView begin
12-08 09:32:15.838 D/vulkan  (25980): searching for layers in '/data/app/~~JnY3kNDHWY48GgA8c01EEw==/com.example.moonlight_spatialsdk-guFD95G4dfM8l4vNfQfk0A==/lib/arm64'
12-08 09:32:15.838 D/vulkan  (25980): searching for layers in '/data/app/~~JnY3kNDHWY48GgA8c01EEw==/com.example.moonlight_spatialsdk-guFD95G4dfM8l4vNfQfk0A==/base.apk!/lib/arm64-v8a'
12-08 09:32:15.838 I/[SEO] PanelAppHost( 4168): Setting panel layer visibility of layer "controlbar13" to invisible, panel (panelId:16) (com.oculus.vrshell/com.oculus.panelapp.controlbar.UnifiedControlBarActivity)
12-08 09:32:15.838 D/vulkan  (25980): searching for layers in '/apex/com.meta.xr/priv-app/VrDriver/VrDriver.apk!/lib/arm64-v8a'
12-08 09:32:15.839 D/IPCService( 4168): Sending command prefix: layerClipp to token: VolumetricWindowToken { scope = 2, token = android.os.BinderProxy@7432f8d, persistableToken = 98d83c5b-1b66-468f-9dd3-fc0e49c83941 } shellSate: true
12-08 09:32:15.839 D/[UNSET] ShellApplication( 4168): Sending command: layerClipping {"layerName":"controlbar13","u":0.0,"v":0.0,"width":1.0,"height":1.0} to panelId 16
12-08 09:32:15.840 W/HWComposer( 2437): Ignoring duplicate VSYNC event from HWC for display 4630946970282026130 (t=3332163788000)
12-08 09:32:15.846 W/Adreno-AppProfiles(25980): Could not find QSPM HAL service. Skipping adreno profile processing.
12-08 09:32:15.846 I/AdrenoVK-0(25980): ===== BEGIN DUMP OF OVERRIDDEN SETTINGS =====
12-08 09:32:15.846 I/AdrenoVK-0(25980): ===== END DUMP OF OVERRIDDEN SETTINGS =====
12-08 09:32:15.848 W/Adreno-AppProfiles(25980): Could not find QSPM HAL service. Skipping adreno profile processing.
12-08 09:32:15.849 I/AdrenoVK-0(25980): ===== BEGIN DUMP OF OVERRIDDEN SETTINGS =====
12-08 09:32:15.849 I/AdrenoVK-0(25980): ===== END DUMP OF OVERRIDDEN SETTINGS =====
12-08 09:32:15.850 I/AdrenoVK-0(25980): QUALCOMM build          : 5eb6d58341, Icac217ebc7
12-08 09:32:15.850 I/AdrenoVK-0(25980): Build Date              : 11/10/25
12-08 09:32:15.850 I/AdrenoVK-0(25980): Shader Compiler Version : E031.50.14.00
12-08 09:32:15.850 I/AdrenoVK-0(25980): Local Branch            : 
12-08 09:32:15.850 I/AdrenoVK-0(25980): Remote Branch           : refs/tags/AU_LINUX_ANDROID_LA.VENDOR.12.3.11.00.00.934.442
12-08 09:32:15.850 I/AdrenoVK-0(25980): Remote Branch           : NONE
12-08 09:32:15.850 I/AdrenoVK-0(25980): Reconstruct Branch      : NOTHING
12-08 09:32:15.850 I/AdrenoVK-0(25980): Build Config            : S P 12.1.6 AArch64
12-08 09:32:15.850 I/AdrenoVK-0(25980): Driver Path             : /vendor/lib64/hw/vulkan.adreno.so
12-08 09:32:15.850 I/AdrenoVK-0(25980): Driver Version          : 0837.0.6
12-08 09:32:15.850 I/AdrenoVK-0(25980): PFP                     : 0x01511181
12-08 09:32:15.850 I/AdrenoVK-0(25980): ME                      : 0x00000000
12-08 09:32:15.850 I/AdrenoVK-0(25980): Application Name    : RHISupportedFeaturesProbe
12-08 09:32:15.850 I/AdrenoVK-0(25980): Process Name        : com.example.moonlight_spatialsdk
12-08 09:32:15.850 I/AdrenoVK-0(25980): Application Version : 0x00000001
12-08 09:32:15.850 I/AdrenoVK-0(25980): Engine Name         : Meta Horizon Engine
12-08 09:32:15.850 I/AdrenoVK-0(25980): Engine Version      : 0x00000001
12-08 09:32:15.850 I/AdrenoVK-0(25980): Api Version         : 0x00403000
12-08 09:32:15.854 W/HWComposer( 2437): Ignoring duplicate VSYNC event from HWC for display 4630946970282026130 (t=3332177676000)
12-08 09:32:15.864 W/Adreno-AppProfiles(25980): Could not find QSPM HAL service. Skipping adreno profile processing.
12-08 09:32:15.865 I/AdrenoVK-0(25980): ===== BEGIN DUMP OF OVERRIDDEN SETTINGS =====
12-08 09:32:15.865 I/AdrenoVK-0(25980): ===== END DUMP OF OVERRIDDEN SETTINGS =====
12-08 09:32:15.866 I/AdrenoVK-0(25980): QUALCOMM build          : 5eb6d58341, Icac217ebc7
12-08 09:32:15.866 I/AdrenoVK-0(25980): Build Date              : 11/10/25
12-08 09:32:15.866 I/AdrenoVK-0(25980): Shader Compiler Version : E031.50.14.00
12-08 09:32:15.866 I/AdrenoVK-0(25980): Local Branch            : 
12-08 09:32:15.866 I/AdrenoVK-0(25980): Remote Branch           : refs/tags/AU_LINUX_ANDROID_LA.VENDOR.12.3.11.00.00.934.442
12-08 09:32:15.866 I/AdrenoVK-0(25980): Remote Branch           : NONE
12-08 09:32:15.866 I/AdrenoVK-0(25980): Reconstruct Branch      : NOTHING
12-08 09:32:15.866 I/AdrenoVK-0(25980): Build Config            : S P 12.1.6 AArch64
12-08 09:32:15.866 I/AdrenoVK-0(25980): Driver Path             : /vendor/lib64/hw/vulkan.adreno.so
12-08 09:32:15.866 I/AdrenoVK-0(25980): Driver Version          : 0837.0.6
12-08 09:32:15.866 I/AdrenoVK-0(25980): PFP                     : 0x01511181
12-08 09:32:15.867 I/AdrenoVK-0(25980): ME                      : 0x00000000
12-08 09:32:15.867 I/AdrenoVK-0(25980): Application Name    : Aether Application
12-08 09:32:15.867 I/AdrenoVK-0(25980): Process Name        : com.example.moonlight_spatialsdk
12-08 09:32:15.867 I/AdrenoVK-0(25980): Application Version : 0x00000000
12-08 09:32:15.867 I/AdrenoVK-0(25980): Engine Name         : Meta Horizon Engine
12-08 09:32:15.867 I/AdrenoVK-0(25980): Engine Version      : 0x00000001
12-08 09:32:15.867 I/AdrenoVK-0(25980): Api Version         : 0x00402000
12-08 09:32:15.867 I/VulkanLoader(25980): ovrVulkanLoader::Load
12-08 09:32:15.867 W/VulkanLoader(25980): VulkanLoader::LoadInstanceFunctions: Failed to load vkCreateDebugReportCallbackEXT, likely vkInstance created without xrGetVulkanInstanceExtensionsKHR/vrapi_GetInstanceExtensionsVulkan
12-08 09:32:15.867 W/VulkanLoader(25980): VulkanLoader::LoadInstanceFunctions: Failed to load vkCreateDebugUtilsMessengerEXT, likely vkInstance created without xrGetVulkanInstanceExtensionsKHR/vrapi_GetInstanceExtensionsVulkan
12-08 09:32:15.867 W/VulkanLoader(25980): VulkanLoader::LoadInstanceFunctions: Failed to load vkDestroyDebugReportCallbackEXT, likely vkInstance created without xrGetVulkanInstanceExtensionsKHR/vrapi_GetInstanceExtensionsVulkan
12-08 09:32:15.867 W/VulkanLoader(25980): VulkanLoader::LoadInstanceFunctions: Failed to load vkDestroyDebugUtilsMessengerEXT, likely vkInstance created without xrGetVulkanInstanceExtensionsKHR/vrapi_GetInstanceExtensionsVulkan
12-08 09:32:15.867 W/VulkanLoader(25980): VulkanLoader::LoadInstanceFunctions: Failed to load vkGetPhysicalDeviceSurfaceCapabilities2KHR, likely vkInstance created without xrGetVulkanInstanceExtensionsKHR/vrapi_GetInstanceExtensionsVulkan
12-08 09:32:15.867 W/VulkanLoader(25980): ovrVulkanLoader::LoadDeviceFunctions: device invalid
12-08 09:32:15.867 W/VulkanLoader(25980): ovrVulkanLoader::LoadExtensionList: physicalDevice invalid
12-08 09:32:15.867 I/Vulkan_Utils(25980): --------------------------------
12-08 09:32:15.867 I/Vulkan_Utils(25980): Device Name          : Adreno (TM) 740
12-08 09:32:15.867 I/Vulkan_Utils(25980): Device Type          : integrated GPU
12-08 09:32:15.867 I/Vulkan_Utils(25980): Vendor ID            : 0x5143
12-08 09:32:15.867 I/Vulkan_Utils(25980): Device ID            : 0x43050B00
12-08 09:32:15.867 I/Vulkan_Utils(25980): Driver Version       : 512.837.6
12-08 09:32:15.867 I/Vulkan_Utils(25980): API Version          : 1.3.295
12-08 09:32:15.867 I/Vulkan_Utils(25980): Queue Families       : 0 = graphics compute transfer (4 queues, 4 priorities)
12-08 09:32:15.867 I/Vulkan_Utils(25980):                        1 = (1 queues, 4 priorities)
12-08 09:32:15.867 I/Vulkan_Utils(25980): Work Queue Family    : 0
12-08 09:32:15.868 W/HWComposer( 2437): Ignoring duplicate VSYNC event from HWC for display 4630946970282026130 (t=3332191564000)
12-08 09:32:15.868 I/Vulkan_Utils(25980): Device Extensions    : VK_KHR_swapchain (required, enabled)
12-08 09:32:15.868 I/Vulkan_Utils(25980):                        VK_KHR_external_memory (required, enabled)
12-08 09:32:15.868 I/Vulkan_Utils(25980):                        VK_KHR_get_memory_requirements2 (required, enabled)
12-08 09:32:15.868 I/Vulkan_Utils(25980):                        VK_ANDROID_external_memory_android_hardware_buffer (required, enabled)
12-08 09:32:15.868 I/Vulkan_Utils(25980):                        VK_EXT_queue_family_foreign (required, enabled)
12-08 09:32:15.868 I/Vulkan_Utils(25980): Device Extensions      VK_EXT_fragment_density_map (optional, enabled)
12-08 09:32:15.868 I/Vulkan_Utils(25980):                        VK_EXT_fragment_density_map2 (optional, enabled)
12-08 09:32:15.868 I/Vulkan_Utils(25980):                        VK_KHR_maintenance1 (optional, enabled)
12-08 09:32:15.868 I/Vulkan_Utils(25980):                        VK_KHR_bind_memory2 (optional, enabled)
12-08 09:32:15.868 I/Vulkan_Utils(25980):                        VK_KHR_sampler_ycbcr_conversion (optional, enabled)
12-08 09:32:15.868 I/Vulkan_Utils(25980):                        VK_KHR_dedicated_allocation (optional, enabled)
12-08 09:32:15.868 I/Vulkan_Utils(25980):                        VK_KHR_external_memory_fd (optional, enabled)
12-08 09:32:15.868 I/Vulkan_Utils(25980):                        VK_EXT_extended_dynamic_state (optional, enabled)
12-08 09:32:15.868 I/Vulkan_Utils(25980):                        VK_KHR_shared_presentable_image (optional, enabled)
12-08 09:32:15.868 I/Vulkan_Utils(25980):                        VK_KHR_timeline_semaphore (optional, enabled)
12-08 09:32:15.878 I/HorizonStandalone(25980): Renderer: RendererValidation Successfully created renderer device
12-08 09:32:15.878 I/HorizonStandalone(25980): Renderer: Renderer deviceName='Adreno (TM) 740' deviceType=1 driver='512.837.6'
12-08 09:32:15.878 W/OpenXR  (25980): xrGetVulkanGraphicsDevice2KHR: Called twice.
12-08 09:32:15.878 I/VulkanLoader(25980): ovrVulkanLoader::Load
12-08 09:32:15.878 W/VulkanLoader(25980): VulkanLoader::LoadInstanceFunctions: Failed to load vkCreateDebugReportCallbackEXT, likely vkInstance created without xrGetVulkanInstanceExtensionsKHR/vrapi_GetInstanceExtensionsVulkan
12-08 09:32:15.878 W/VulkanLoader(25980): VulkanLoader::LoadInstanceFunctions: Failed to load vkCreateDebugUtilsMessengerEXT, likely vkInstance created without xrGetVulkanInstanceExtensionsKHR/vrapi_GetInstanceExtensionsVulkan
12-08 09:32:15.878 W/VulkanLoader(25980): VulkanLoader::LoadInstanceFunctions: Failed to load vkDestroyDebugReportCallbackEXT, likely vkInstance created without xrGetVulkanInstanceExtensionsKHR/vrapi_GetInstanceExtensionsVulkan
12-08 09:32:15.878 W/VulkanLoader(25980): VulkanLoader::LoadInstanceFunctions: Failed to load vkDestroyDebugUtilsMessengerEXT, likely vkInstance created without xrGetVulkanInstanceExtensionsKHR/vrapi_GetInstanceExtensionsVulkan
12-08 09:32:15.878 W/VulkanLoader(25980): VulkanLoader::LoadInstanceFunctions: Failed to load vkGetPhysicalDeviceSurfaceCapabilities2KHR, likely vkInstance created without xrGetVulkanInstanceExtensionsKHR/vrapi_GetInstanceExtensionsVulkan
12-08 09:32:15.878 W/VulkanLoader(25980): ovrVulkanLoader::LoadDeviceFunctions: device invalid
12-08 09:32:15.878 W/VulkanLoader(25980): ovrVulkanLoader::LoadExtensionList: physicalDevice invalid
12-08 09:32:15.878 I/Vulkan_Utils(25980): --------------------------------
12-08 09:32:15.878 I/Vulkan_Utils(25980): Device Name          : Adreno (TM) 740
12-08 09:32:15.878 I/Vulkan_Utils(25980): Device Type          : integrated GPU
12-08 09:32:15.878 I/Vulkan_Utils(25980): Vendor ID            : 0x5143
12-08 09:32:15.878 I/Vulkan_Utils(25980): Device ID            : 0x43050B00
12-08 09:32:15.878 I/Vulkan_Utils(25980): Driver Version       : 512.837.6
12-08 09:32:15.878 I/Vulkan_Utils(25980): API Version          : 1.3.295
12-08 09:32:15.878 I/Vulkan_Utils(25980): Queue Families       : 0 = graphics compute transfer (4 queues, 4 priorities)
12-08 09:32:15.878 I/Vulkan_Utils(25980):                        1 = (1 queues, 4 priorities)
12-08 09:32:15.878 I/Vulkan_Utils(25980): Work Queue Family    : 0
12-08 09:32:15.878 I/Vulkan_Utils(25980): Device Extensions    : VK_KHR_swapchain (required, enabled)
12-08 09:32:15.878 I/Vulkan_Utils(25980):                        VK_KHR_external_memory (required, enabled)
12-08 09:32:15.878 I/Vulkan_Utils(25980):                        VK_KHR_get_memory_requirements2 (required, enabled)
12-08 09:32:15.878 I/Vulkan_Utils(25980):                        VK_ANDROID_external_memory_android_hardware_buffer (required, enabled)
12-08 09:32:15.878 I/Vulkan_Utils(25980):                        VK_EXT_queue_family_foreign (required, enabled)
12-08 09:32:15.878 I/Vulkan_Utils(25980): Device Extensions      VK_EXT_fragment_density_map (optional, enabled)
12-08 09:32:15.878 I/Vulkan_Utils(25980):                        VK_EXT_fragment_density_map2 (optional, enabled)
12-08 09:32:15.878 I/Vulkan_Utils(25980):                        VK_KHR_maintenance1 (optional, enabled)
12-08 09:32:15.878 I/Vulkan_Utils(25980):                        VK_KHR_bind_memory2 (optional, enabled)
12-08 09:32:15.878 I/Vulkan_Utils(25980):                        VK_KHR_sampler_ycbcr_conversion (optional, enabled)
12-08 09:32:15.878 I/Vulkan_Utils(25980):                        VK_KHR_dedicated_allocation (optional, enabled)
12-08 09:32:15.878 I/Vulkan_Utils(25980):                        VK_KHR_external_memory_fd (optional, enabled)
12-08 09:32:15.878 I/Vulkan_Utils(25980):                        VK_EXT_extended_dynamic_state (optional, enabled)
12-08 09:32:15.878 I/Vulkan_Utils(25980):                        VK_KHR_shared_presentable_image (optional, enabled)
12-08 09:32:15.878 I/Vulkan_Utils(25980):                        VK_KHR_timeline_semaphore (optional, enabled)
12-08 09:32:15.878 I/OpenXR  (25980): ------------ xrCreateSession [start] -----------
12-08 09:32:15.878 I/VrRuntimeClient(25980): VrRuntimeClient(): 0xb40000702029cb00
12-08 09:32:15.879 I/JniUtils-inl(25980): Creating temporary JNIEnv. This is a heavy operation and should be infrequent. To optimize, use JNI AttachCurrentThread on calling thread
12-08 09:32:15.879 I/JVMHandler(25980): JVMHandler: callStaticMethodWithVariableArguments. [functionName:getDisplayID] is valid: [1]
12-08 09:32:15.882 W/HWComposer( 2437): Ignoring duplicate VSYNC event from HWC for display 4630946970282026130 (t=3332205452000)
12-08 09:32:15.886 D/CompatibilityChangeReporter(25980): Compat change id reported: 263076149; UID 10176; state: ENABLED
12-08 09:32:15.887 I/JVMHandler(25980): JVMHandler: callStaticMethodWithVariableArguments. [functionName:getUUIDforVolumetricWindow] is valid: [1]
12-08 09:32:15.888 I/JVMHandler(25980): JVMHandler: callStaticMethodWithVariableArguments. [functionName:getLaunchId] is valid: [1]
12-08 09:32:15.891 W/VrRuntimeClient(25980): Failed to call getLaunchId
12-08 09:32:15.891 I/VrRuntimeClient(25980): s_->rssdkClient.InitClient
12-08 09:32:15.891 I/RuntimeIPCSystem [RUNTIMEIPC](25980): RuntimeIPCSystem: Init called: Version: 81, Platform: Android, Build Date: Dec  7 2025, Build Time: 14:26:30, BuildMode: shared
12-08 09:32:15.892 I/RuntimeIpcHelperService( 2051): Going to start ComponentInfo{com.oculus.systemdriver/com.oculus.vrruntimeservice.VrRuntimeService} as foreground, Calling uid: 10176 pid: 25980
12-08 09:32:15.894 I/RuntimeIpcHelperService( 2051): Going to start ComponentInfo{com.oculus.systemdriver/com.oculus.vrruntimeservice.VrRuntimeService} as foreground, Calling uid: 10176 pid: 25980
12-08 09:32:15.896 W/HWComposer( 2437): Ignoring duplicate VSYNC event from HWC for display 4630946970282026130 (t=3332219340000)
12-08 09:32:15.896 I/RipcServerClientHandler [RUNTIMEIPC]( 3567): Event buffer size (server): 8192
12-08 09:32:15.896 I/RipcServerMgr [RUNTIMEIPC]( 3567): HandleClientConnect SUCCESS: Client: com.example.moonlight_spatialsdk:com.example.moonlight_spatialsdk:25980:VrRuntimeClient-1, Server: com.oculus.systemdriver:com.oculus.vrruntimeservice (RuntimeServiceServer)
12-08 09:32:15.896 I/RipcClient [RUNTIMEIPC](25980): Event buffer size (client): 8192
12-08 09:32:15.896 I/RipcClient [RUNTIMEIPC](25980): TryToGetIPCResourcesFromServer: RPC_CONNECTOR_CONNECT_TO_SERVER SUCCESS: Client: com.example.moonlight_spatialsdk:com.example.moonlight_spatialsdk:25980, Server: com.oculus.systemdriver:com.oculus.vrruntimeservice:0 (RuntimeServiceServer), Version: 81, Platform: Android, Build Date: Dec  7 2025, Build Time: 14:26:30, BuildMode: shared
12-08 09:32:15.897 I/RipcClient [RUNTIMEIPC](25980): EnsureServerConnection: SUCCESS. Client: com.example.moonlight_spatialsdk:com.example.moonlight_spatialsdk:25980, Server: com.oculus.systemdriver:com.oculus.vrruntimeservice:0 (RuntimeServiceServer)
12-08 09:32:15.897 I/RipcClient [RUNTIMEIPC](25980): [RIPC_CONNECT_LOG] ConnectToServer: SUCCESS: Client: com.example.moonlight_spatialsdk:com.example.moonlight_spatialsdk:25980, Server: com.oculus.systemdriver:com.oculus.vrruntimeservice:0 (RuntimeServiceServer)
12-08 09:32:15.897 I/VrRuntimeClient(25980): s_->rssdkClient.Connected: com.oculus.systemdriver:com.oculus.vrruntimeservice
12-08 09:32:15.897 I/VrRuntimeClient(25980): RegisterClient RequestDescriptor com.example.moonlight_spatialsdk:25980 clientType 0 clientFlags 0 clientSessionPlacement 0 clientLaunchId 
12-08 09:32:15.897 W/REFLECT [RUNTIMEIPC]( 3567): Disabling all permissions (ONLY USE IN TESTS): 3655623745:com.example.moonlight_spatialsdk/com.example.moonlight_spatialsdk (10176:25980), mask: 11111111111111111111111111111111
12-08 09:32:15.897 I/VrRuntimeService( 3567): RuntimeIPC: IPC_SYSTEM_EVENT_CLIENT_CONNECTED_EXT: com.example.moonlight_spatialsdk:25980 VrRuntimeClient-1, Version: 5.0, Custom: 1.0
12-08 09:32:15.897 I/VrRuntimeService( 3567): RuntimeIPC: SendFocusChangeEvent: PostClientEvent SUCCESS: com.example.moonlight_spatialsdk:com.example.moonlight_spatialsdk:25980, com.oculus.vrshell, com.oculus.vrshell
12-08 09:32:15.897 I/VrRuntimeService( 3567): RuntimeServiceSDKServer::RegisterClient: packageName com.example.moonlight_spatialsdk clientName VrRuntimeClient-1 clientType 0 clientFlags 0 sessionPlacement 0 RequestDescriptor com.example.moonlight_spatialsdk:25980 uid 10176, pid 25980 ProcessName com.example.moonlight_spatialsdk RIPC clientId 3655623745 (0xd9e46441) clientLaunchId []
12-08 09:32:15.897 I/JVMHandler( 3567): JVMHandler: callStaticMethodWithVariableArguments. [functionName:isSignatureValid] is valid: [1]
12-08 09:32:15.898 I/ClientMgr@( 3567): IsTrustedClient( com.example.moonlight_spatialsdk )= false true
12-08 09:32:15.898 I/ClientMgr( 3567): CreateClient: com.example.moonlight_spatialsdk has default permissions
12-08 09:32:15.898 I/JVMHandler( 3567): JVMHandler: callStaticMethodWithVariableArguments. [functionName:checkPackageHasPermissionGranted] is valid: [1]
12-08 09:32:15.898 I/ClientMgr( 3567): CreateClient: 25980:com.example.moonlight_spatialsdk:VrRuntimeClient-1
12-08 09:32:15.898 I/JVMHandler( 3567): JVMHandler: callStaticMethodWithVariableArguments. [functionName:isClientOsDialog] is valid: [1]
12-08 09:32:15.900 I/CompositorClientManager( 3567): CompositorClientManager::RegisterClient 6
12-08 09:32:15.900 I/CompositorServer( 3567): RegisterCompositorClient client(6)
12-08 09:32:15.900 I/ClientMgr( 3567): SharedMemoryDebug: InitResources MapMemory (VrRuntimeService_PrivateReadWrite_VrRuntimeClient-1_com.example.moonlight_spatialsdk) size = 425704 ; flags = 3
12-08 09:32:15.900 I/SharedMemoryServer( 3567): SharedMemoryArena::create: SharedMemoryDebug: Allocated shared memory fd 846 (VrRuntimeService_PrivateReadWrite_VrRuntimeClient-1_com.example.moonlight_spatialsdk) (size: 425704)
12-08 09:32:15.901 I/ServiceInputManager( 3567): HANDTRACKING Initial input state override: 0
12-08 09:32:15.901 I/ClientList( 3567): AddClient: com.example.moonlight_spatialsdk:com.example.moonlight_spatialsdk:25980
12-08 09:32:15.901 I/UnifiedTelemetryWrapper( 3567): Started UT session lifetime:com.example.moonlight_spatialsdk
12-08 09:32:15.903 I/JVMHandler( 3567): JVMHandler: callStaticMethodWithVariableArguments. [functionName:applicationRequestsDualCoreCpuset] is valid: [1]
12-08 09:32:15.903 I/JVMHandler( 3567): JVMHandler: callStaticMethodWithVariableArguments. [functionName:applicationRequestsCpuForGpuTrade] is valid: [1]
12-08 09:32:15.903 I/VrRuntimeService( 3567): Package com.example.moonlight_spatialsdk requests trading CPU for GPU0
12-08 09:32:15.903 I/ClientMgr( 3567): CreateClient: Value of tradeCpuForGpu is 0
12-08 09:32:15.903 I/ClientMgr( 3567): CreateClient: Value of isCPUSingleThreadedBoost is 0
12-08 09:32:15.903 I/ClientMgr( 3567): CreateClient: id 0xd9e46441, pid 25980, uid 10176, packageName com.example.moonlight_spatialsdk, clientName VrRuntimeClient-1, processName com.example.moonlight_spatialsdk, processNameWithPID com.example.moonlight_spatialsdk:25980, launchId , permissionFlags 0, clientType 0, clientFlags 0, isApplication=true, isOsApp=false, clientSessionPlacement 128, clientDisplayId 0, clientVWToken b363cb1f30294922b7ab287bdc3a86ec
12-08 09:32:15.903 I/ClientMgr( 3567): CreateClient: Extra kickoff headroom for com.example.moonlight_spatialsdk = 0.000 ms
12-08 09:32:15.903 I/ClientMgr( 3567): [ClientOptedOutLDM] Entered with packageName: com.example.moonlight_spatialsdk
12-08 09:32:15.904 I/VrRuntimeClient(25980): RegisterClient success 
12-08 09:32:15.904 I/VrRuntimeService( 3567): RuntimeServiceSDKServer::GetSharedMemoryFileDescriptor: SharedMemoryDebug: clientid 3655623745
12-08 09:32:15.904 I/VrRuntimeService( 3567): GetSharedMemoryFileDescriptor: SharedMemoryDebug: SharedMemoryType_PublicReadOnly: 83 (128)
12-08 09:32:15.904 I/VrRuntimeClient(25980): RuntimeIPC: ServiceConnected: SharedMemoryDebug: publicReadOnly SharedMemorySize=128 (com.example.moonlight_spatialsdk) sizeof(s_->sharedMemoryPublicReadOnly)=152
12-08 09:32:15.905 I/VrRuntimeService( 3567): RuntimeServiceSDKServer::GetSharedMemoryFileDescriptor: SharedMemoryDebug: clientid 3655623745
12-08 09:32:15.905 I/VrRuntimeService( 3567): GetSharedMemoryFileDescriptor: SharedMemoryDebug: SharedMemoryType_PrivateReadWrite: 846 (425704)
12-08 09:32:15.905 I/VrRuntimeClient(25980): RuntimeIPC: ServiceConnected: SharedMemoryDebug: privateReadWrite SharedMemorySize=425704 (com.example.moonlight_spatialsdk) sizeof(privateSharedMemorySize)=8
12-08 09:32:15.905 I/VrRuntimeClient(25980): nativeRuntimeServiceConnected: SharedMemoryDebug: publicReadOnlyFd=201, privateReadWriteFd=203 (com.example.moonlight_spatialsdk)
12-08 09:32:15.906 I/MRSS    ( 1574): MIXEDREALITY: EnvironmentDepthMetacapability: processTelemetry client com.oculus.vrshell state true aggregated 0
12-08 09:32:15.908 I/Tracking( 1772): CONSTELLATION:VISION_STATUS: 0x402c25cbf028a4e8 (R): [#Samples=76] 804.994s | BlobDetection:[#BlobsDetected=(23.79, 0.43)]Matching:[MatchSuccess=1.000, MatchCost=(0.00280, 0.00000), #MatchedBlobs=(23.79, 0.43), #MatchedLeds=(7.97, 0.03), RematchM=0.000, SkipRefine=0.000] MatchMethod:[Prox=1.000, ConstBrute=0.000, AttiBrute=0.000, UnconstBrute=0.000] MatchResets[AnomBlobSize=0.000, SharedMatch=0.000, DenseReacq=0.000] | Fusion:[FusionError=0.000, ImuFromCamMs=(-803494.366, 2138717.781), RematchF=0.000] FusionUpdates:[Successful=0.000, Reliable=0.000, TightFusion=0.000, FullPose=0.000, StaticPrior=0.000, StaticForHandTrans=0.000, PoseUpdateMD=(0.0000, 0.0000)] FusionResets[6DoFReset=0.000, ResetSuccess=0.000] FusionStatus[HasPosition=0.000, HasVelocity=0.000]  [Current time=804.994s, last log time=799.928s]
12-08 09:32:15.909 W/HWComposer( 2437): Ignoring duplicate VSYNC event from HWC for display 4630946970282026130 (t=3332233227000)
12-08 09:32:15.911 I/VrRuntimeClient(25980): s_->rssdkClient.InitClient SUCCESS. Version: 5.0, Custom: 1.0
12-08 09:32:15.911 I/RipcClientMgr [RUNTIMEIPC](25980): GetClientOptions
12-08 09:32:15.911 I/VrRuntimeClient(25980): Connected to VrRuntimeService on attempt 0
12-08 09:32:15.911 I/OpenXR  (25980): xrCreateSession: Connected to VrRuntimeService after 0.031943s
12-08 09:32:15.911 I/VrRuntimeClient(25980): SetPhaseSyncMode 1
12-08 09:32:15.911 I/VrRuntimeClient(25980): SetPhaseSyncMode 1
12-08 09:32:15.911 I/OpenXR  (25980): PhaseSync Mode: PHASE_SYNC
12-08 09:32:15.911 I/VrRuntimeClient(25980): VrRuntimeClient: Init
12-08 09:32:15.911 I/JVMHandler(25980): JVMHandler: callStaticMethodWithVariableArguments. [functionName:getDisplayID] is valid: [1]
12-08 09:32:15.914 I/RipcClient [RUNTIMEIPC](25980): InitServerStateBuffer: SUCCESS. 0, Client: com.example.moonlight_spatialsdk:com.example.moonlight_spatialsdk:25980, Server: com.oculus.systemdriver:com.oculus.vrruntimeservice:0 (RuntimeServiceServer)
12-08 09:32:15.914 I/JVMHandler(25980): JVMHandler: callStaticMethodWithVariableArguments. [functionName:getFoveationTileOffset] is valid: [1]
12-08 09:32:15.914 I/JVMHandler(25980): JVMHandler: callStaticMethodWithVariableArguments. [functionName:getFoveationTileTurnOff] is valid: [1]
12-08 09:32:15.915 I/JVMHandler(25980): JVMHandler: callStaticMethodWithVariableArguments. [functionName:getFrameSyncEnabled] is valid: [1]
12-08 09:32:15.915 I/Foveation(25980): InitFoveationClient: TileOffset=0,TileTurnOff=1,TileAlignedFoveation=0
12-08 09:32:15.915 I/JVMHandler(25980): JVMHandler: callStaticMethodWithVariableArguments. [functionName:initialize] is valid: [1]
12-08 09:32:15.915 I/RuntimeIPCSystem [RUNTIMEIPC](25980): RuntimeIPCSystem: Init called: Version: 81, Platform: Android, Build Date: Dec  7 2025, Build Time: 14:26:30, BuildMode: shared
12-08 09:32:15.915 I/RuntimeIpcHelperService( 2051): Going to start ComponentInfo{com.oculus.guardian/com.oculus.vrguardianservice.VrGuardianService} as background, Calling uid: 10176 pid: 25980
12-08 09:32:15.915 I/AppsFilter( 2051): interaction: PackageSetting{b7ee479 com.example.moonlight_spatialsdk/10176} -> PackageSetting{4866ce2 com.oculus.guardian/10073} BLOCKED
12-08 09:32:15.915 W/ActivityManager( 2051): Unable to start service Intent { cmp=com.oculus.guardian/com.oculus.vrguardianservice.VrGuardianService } U=0: not found
12-08 09:32:15.916 I/ClientProcessConnector [RUNTIMEIPC](25980): GetProcessConnection: com.oculus.guardian:com.oculus.vrguardianservice
12-08 09:32:15.916 I/RipcServerClientHandler [RUNTIMEIPC]( 5403): Event buffer size (server): 8192
12-08 09:32:15.916 I/RipcServerMgr [RUNTIMEIPC]( 5403): HandleClientConnect SUCCESS: Client: com.example.moonlight_spatialsdk:com.example.moonlight_spatialsdk:25980:VrGuardianClient-1, Server: com.oculus.guardian:com.oculus.vrguardianservice (guardianserver)
12-08 09:32:15.916 I/RipcClient [RUNTIMEIPC](25980): Event buffer size (client): 8192
12-08 09:32:15.917 I/RipcClient [RUNTIMEIPC](25980): TryToGetIPCResourcesFromServer: RPC_CONNECTOR_CONNECT_TO_SERVER SUCCESS: Client: com.example.moonlight_spatialsdk:com.example.moonlight_spatialsdk:25980, Server: com.oculus.guardian:com.oculus.vrguardianservice:0 (guardianserver), Version: 81, Platform: Android, Build Date: Dec  7 2025, Build Time: 14:26:30, BuildMode: shared
12-08 09:32:15.917 I/RipcClient [RUNTIMEIPC](25980): EnsureServerConnection: SUCCESS. Client: com.example.moonlight_spatialsdk:com.example.moonlight_spatialsdk:25980, Server: com.oculus.guardian:com.oculus.vrguardianservice:0 (guardianserver)
12-08 09:32:15.917 I/RipcClient [RUNTIMEIPC](25980): [RIPC_CONNECT_LOG] ConnectToServer: SUCCESS: Client: com.example.moonlight_spatialsdk:com.example.moonlight_spatialsdk:25980, Server: com.oculus.guardian:com.oculus.vrguardianservice:0 (guardianserver)
12-08 09:32:15.918 W/REFLECT [RUNTIMEIPC]( 5403): Disabling all permissions (ONLY USE IN TESTS): 1947903898:com.example.moonlight_spatialsdk/com.example.moonlight_spatialsdk (10176:25980), mask: 11111111111111111111111111111111
12-08 09:32:15.918 I/REFLECT [RUNTIMEIPC]( 5403): GuardianSDKServer Client Connected 1947903898, com.example.moonlight_spatialsdk, com.example.moonlight_spatialsdk, VrGuardianClient-1
12-08 09:32:15.921 I/GuardianClientCommon(25980): guardianSDKClient_ connected.
12-08 09:32:15.921 W/GkCacheQuerierClient(25980): getGkValue: Query result for 'oculus_xrruntime:horizon_phasesync_disabled' not successful: 4
12-08 09:32:15.921 W/GkHelper(25980): GkHelper: query failed, result code = 4
12-08 09:32:15.921 I/FaceEyeTrackingClientManager(25980): [FaceEyeTrackingManager] Initializing FaceEyeTrackingClientManager...
12-08 09:32:15.923 I/JVMHandler(25980): JVMHandler: callStaticMethodWithVariableArguments. [functionName:getAllowedAudioCapturePolicy] is valid: [1]
12-08 09:32:15.923 W/HWComposer( 2437): Ignoring duplicate VSYNC event from HWC for display 4630946970282026130 (t=3332247115000)
12-08 09:32:15.923 I/DynamicObjectClient( 4801): Query Dynamic Object Tracker anchors
12-08 09:32:15.923 I/DynamicObjectClient( 4801): Adding object to anchor list
12-08 09:32:15.923 I/DynamicObjectClient( 4801): kbAnchorOpt_ already exists, reusing
12-08 09:32:15.924 I/JVMHandler(25980): JVMHandler: callStaticMethodWithVariableArguments. [functionName:getLaunchId] is valid: [1]
12-08 09:32:15.928 W/VrRuntimeClient(25980): Failed to call getLaunchId
12-08 09:32:15.928 I/LogTimer(25980): CPUTIME: VrRuntimeClient_Init took 17.1754 ms
12-08 09:32:15.928 I/VulkanLoader(25980): ovrVulkanLoader::Load
12-08 09:32:15.929 W/VulkanLoader(25980): VulkanLoader::LoadInstanceFunctions: Failed to load vkCreateDebugReportCallbackEXT, likely vkInstance created without xrGetVulkanInstanceExtensionsKHR/vrapi_GetInstanceExtensionsVulkan
12-08 09:32:15.929 W/VulkanLoader(25980): VulkanLoader::LoadInstanceFunctions: Failed to load vkCreateDebugUtilsMessengerEXT, likely vkInstance created without xrGetVulkanInstanceExtensionsKHR/vrapi_GetInstanceExtensionsVulkan
12-08 09:32:15.929 W/VulkanLoader(25980): VulkanLoader::LoadInstanceFunctions: Failed to load vkDestroyDebugReportCallbackEXT, likely vkInstance created without xrGetVulkanInstanceExtensionsKHR/vrapi_GetInstanceExtensionsVulkan
12-08 09:32:15.929 W/VulkanLoader(25980): VulkanLoader::LoadInstanceFunctions: Failed to load vkDestroyDebugUtilsMessengerEXT, likely vkInstance created without xrGetVulkanInstanceExtensionsKHR/vrapi_GetInstanceExtensionsVulkan
12-08 09:32:15.929 W/VulkanLoader(25980): VulkanLoader::LoadInstanceFunctions: Failed to load vkGetPhysicalDeviceSurfaceCapabilities2KHR, likely vkInstance created without xrGetVulkanInstanceExtensionsKHR/vrapi_GetInstanceExtensionsVulkan
12-08 09:32:15.929 W/VulkanLoader(25980): VulkanLoader::LoadDeviceFunctions: Failed to load vkCmdDebugMarkerInsertEXT, likely vkDevice created without xrGetVulkanDeviceExtensionsKHR/vrapi_GetDeviceExtensionsVulkan
12-08 09:32:15.929 W/VulkanLoader(25980): VulkanLoader::LoadDeviceFunctions: Failed to load vkCmdSetCullModeEXT, likely vkDevice created without xrGetVulkanDeviceExtensionsKHR/vrapi_GetDeviceExtensionsVulkan
12-08 09:32:15.929 W/VulkanLoader(25980): VulkanLoader::LoadDeviceFunctions: Failed to load vkCmdSetDepthCompareOpEXT, likely vkDevice created without xrGetVulkanDeviceExtensionsKHR/vrapi_GetDeviceExtensionsVulkan
12-08 09:32:15.929 W/VulkanLoader(25980): VulkanLoader::LoadDeviceFunctions: Failed to load vkCmdSetDepthTestEnableEXT, likely vkDevice created without xrGetVulkanDeviceExtensionsKHR/vrapi_GetDeviceExtensionsVulkan
12-08 09:32:15.929 W/VulkanLoader(25980): VulkanLoader::LoadDeviceFunctions: Failed to load vkCmdSetDepthWriteEnableEXT, likely vkDevice created without xrGetVulkanDeviceExtensionsKHR/vrapi_GetDeviceExtensionsVulkan
12-08 09:32:15.929 W/VulkanLoader(25980): VulkanLoader::LoadDeviceFunctions: Failed to load vkDebugMarkerSetObjectTagEXT, likely vkDevice created without xrGetVulkanDeviceExtensionsKHR/vrapi_GetDeviceExtensionsVulkan
12-08 09:32:15.929 W/VulkanLoader(25980): VulkanLoader::LoadDeviceFunctions: Failed to load vkCmdInsertDebugUtilsLabelEXT, likely vkDevice created without xrGetVulkanDeviceExtensionsKHR/vrapi_GetDeviceExtensionsVulkan
12-08 09:32:15.929 W/VulkanLoader(25980): VulkanLoader::LoadDeviceFunctions: Failed to load vkSetDebugUtilsObjectTagEXT, likely vkDevice created without xrGetVulkanDeviceExtensionsKHR/vrapi_GetDeviceExtensionsVulkan
12-08 09:32:15.929 W/VulkanLoader(25980): VulkanLoader::LoadDeviceFunctions: Failed to load vkCmdSetColorBlendEnableEXT, likely vkDevice created without xrGetVulkanDeviceExtensionsKHR/vrapi_GetDeviceExtensionsVulkan
12-08 09:32:15.929 W/VulkanLoader(25980): VulkanLoader::LoadDeviceFunctions: Failed to load vkCmdSetColorBlendEquationEXT, likely vkDevice created without xrGetVulkanDeviceExtensionsKHR/vrapi_GetDeviceExtensionsVulkan
12-08 09:32:15.929 W/VulkanLoader(25980): VulkanLoader::LoadDeviceFunctions: Failed to load vkCmdSetColorWriteMaskEXT, likely vkDevice created without xrGetVulkanDeviceExtensionsKHR/vrapi_GetDeviceExtensionsVulkan
12-08 09:32:15.929 I/Foveation(25980): Vulkan FFR is supported: MinFragmentDensityTexelSize=(16,16)
12-08 09:32:15.929 I/Distortion(25980): Initializing Mesh Decenter Correction
12-08 09:32:15.930 I/Distortion(25980): Decenter tester version = 200
12-08 09:32:15.930 I/Distortion(25980): SetLensPositions - iad=0.0635, left offset=-0.00313837,4.25965e-05, right offset=0.00323463,-0.000142143
12-08 09:32:15.931 I/Distortion(25980): Initializing Mesh Decenter Correction
12-08 09:32:15.931 I/Distortion(25980): Decenter tester version = 200
12-08 09:32:15.931 I/Distortion(25980): SetLensPositions - iad=0.0635, left offset=-0.00313837,4.25965e-05, right offset=0.00323463,-0.000142143
12-08 09:32:15.933 I/ClientInputSettings(25980): SYSTEMBUTTONSPACE GKS freeze '0' 
12-08 09:32:15.933 I/ClientInputSettings(25980): SYSTEMBUTTONSPACE 'com.example.moonlight_spatialsdk' Freeze input '0' on home button down
12-08 09:32:15.933 I/ClientInputSettings(25980): HANDTRACKING: Hands V2.0 enforced.
12-08 09:32:15.933 I/ClientInputSettings(25980): HANDTRACKING: YES, in the GK oculus_mobile_enable_hand_tracking_frequency_inter
12-08 09:32:15.933 I/JVMHandler(25980): JVMHandler: callStaticMethodWithVariableArguments. [functionName:getApplicationMetadata] is valid: [1]
12-08 09:32:15.933 I/ClientInputInterface(25980): HANDTRACKING sethandtrackingfrequency 1
12-08 09:32:15.933 I/ClientInputSettings(25980): HANDTRACKING: YES, in the GK oculus_mobile_30hz_handtracking_downclocking
12-08 09:32:15.933 I/ClientInputInterface(25980): Set30HzHandtrackingDownclockingGKFlag 1
12-08 09:32:15.933 I/ClientInputSettings(25980): HANDTRACKING: YES, in the GK oculus_mobile_enable_hand_emulation_of_controllers
12-08 09:32:15.933 I/ClientInputInterface(25980): HANDTRACKING SetHandTrackingControllerEmulationGkFlag 1
12-08 09:32:15.934 I/ActivityLifecycleListener(25980): Registering LifecycleListener
12-08 09:32:15.937 W/HWComposer( 2437): Ignoring duplicate VSYNC event from HWC for display 4630946970282026130 (t=3332261003000)
12-08 09:32:15.942 I/OpenXR  (25980): xrCreateSession: Activity is not yet in the ready state.
12-08 09:32:15.942 I/OpenXR_Aperture(25980): ------------ ovrCreateApertureMETAX1 -----------
12-08 09:32:15.943 I/VrRuntimeService( 3567): RuntimeServiceSDKServer::CreateAperture
12-08 09:32:15.943 I/JVMHandler( 3567): JVMHandler: callStaticMethodWithVariableArguments. [functionName:isSignatureValid] is valid: [1]
12-08 09:32:15.944 I/ClientMgr@( 3567): IsTrustedClient( com.example.moonlight_spatialsdk )= false true
12-08 09:32:15.944 I/ClientMgr( 3567): createAperture, clientId=3655623745, apertureId=7
12-08 09:32:15.945 I/OpenXR  (25980): ------------ xrCreateSession [end] -----------
12-08 09:32:15.945 I/OpenXR_Space(25980): xrCreateReferenceSpace: Spaces info
12-08 09:32:15.945 I/OpenXR_Space(25980): xrCreateReferenceSpace: Local version=4
12-08 09:32:15.945 I/OpenXR_Space(25980): xrCreateReferenceSpace: RawFromLocal       = (-0.000, -0.098, -0.000, 0.995), (0.02, -0.05, -0.03)
12-08 09:32:15.945 I/OpenXR_Space(25980): xrCreateReferenceSpace: RawFromLocalTilted = (-0.254, -0.087, 0.005, 0.963), (0.02, -0.05, -0.03)
12-08 09:32:15.945 I/OpenXR_Space(25980): xrCreateReferenceSpace: Stage IsValid=false
12-08 09:32:15.945 I/OpenXR_Space(25980): xrCreateReferenceSpace: Stage HasActiveSafetyBound=false
12-08 09:32:15.945 I/OpenXR_Space(25980): xrCreateReferenceSpace: Stage Width=0.000000, Depth=0.000000
12-08 09:32:15.945 I/OpenXR_Space(25980): xrCreateReferenceSpace: RawFromStage       = (0.000, -0.098, 0.000, 0.995), (0.02, -1.67, -0.03)
12-08 09:32:15.945 I/HorizonStandalone(25980): Hmi: XrInputContext: onSessionCreate
12-08 09:32:15.945 I/OpenXR_Hands(25980): ------------ xrCreateHandTrackerEXT -----------
12-08 09:32:15.945 I/OpenXR_Hands(25980): ------------ xrCreateHandTrackerEXT -----------
12-08 09:32:15.945 I/HorizonStandalone(25980): Hmi: Creating action 151999ecb1570ec7 for horizon::hmi::XrControllerLeft.squeeze
