12-08 09:32:15.986 D/EpsMessageChannelService(  900): write: MessageChannelService volumetric token association received for session(153), param(3), token(135bd16c-aa34-4029-8d05-5256462c7086)
12-08 09:32:15.986 I/AudioTrack(25980): registerVolumetricWindowToken_l session=153 token=0xb4000070ee38aa40 force=false
12-08 09:32:15.987 D/AudioTapperService( 1092): [tapobject] {id=28 name="os.af.track.out.61.25980"} TapPointState::SUBSCRIBED / TapPointEvent::ACTIVATE -> TapPointState::STANDBY (3)
12-08 09:32:15.987 I/AudioTapperService( 1092): [tappoint=28] activated
12-08 09:32:15.987 D/audioserver(  900): FGS Logger Transaction failed
12-08 09:32:15.987 D/audioserver(  900): -129
12-08 09:32:15.987 I/AudioTapperService( 1092): [tappoint=28] started streaming
12-08 09:32:15.987 I/libaudiotapper(  900): [id=28, name="os.af.track.out.61.25980"] started TapPoint (3)
12-08 09:32:15.987 D/audiomonitorbugnub( 1849): tappoint { id=28, name="os.af.track.out.61.25980" } from `com.example.moonlight_spatialsdk' started with schema format=AudioFormat::PCM_I16 channels=2 sampleRate=48000Hz maxSize=384
12-08 09:32:15.988 E/MRSS    ( 1574): CALIBRATION_RUNTIME: OnlineCalibrationSession: Calibration unsuccessful status code is 3.
12-08 09:32:15.993 W/HWComposer( 2437): Ignoring duplicate VSYNC event from HWC for display 4630946970282026130 (t=3332316554000)
12-08 09:32:15.998 W/HorizonStandalone(25980): Renderer: 'updateBegin(frameContext)' = (Result)ErrorNotReady -32
12-08 09:32:16.000 I/SPATIAL_SDK_LOGGER(25980): Data: Setting max latency to 0 for attr 2131099705
12-08 09:32:16.000 I/SPATIAL_SDK_LOGGER(25980): Data: Setting max latency to 0 for attr 2131099707
12-08 09:32:16.000 I/SPATIAL_SDK_LOGGER(25980): Data: Setting max latency to 0 for attr 2131099708
12-08 09:32:16.000 I/SPATIAL_SDK_LOGGER(25980): Data: Setting max latency to 0 for attr 2131099709
12-08 09:32:16.000 I/EpsMixer(  900): [13] addTrack session(153) track(61)
12-08 09:32:16.000 I/EpsMixer(  900): [13] setTrackEnabled(1) session(153) track (61)
12-08 09:32:16.000 I/EpsMixer(  900): [13] canSpatialize -> {
12-08 09:32:16.000 I/EpsMixer(  900):     "android_stream_type": "AUDIO_STREAM_MUSIC",
12-08 09:32:16.000 I/EpsMixer(  900):     "can_spatialize": true,
12-08 09:32:16.000 I/EpsMixer(  900):     "channel_mask": 3,
12-08 09:32:16.000 I/EpsMixer(  900):     "decision_factors": {
12-08 09:32:16.000 I/EpsMixer(  900):         "flags_support_spatialization": true
12-08 09:32:16.000 I/EpsMixer(  900):     },
12-08 09:32:16.000 I/EpsMixer(  900):     "eps_stream_type": "EPS_STREAM_TYPE_2D_WINDOW",
12-08 09:32:16.000 I/EpsMixer(  900):     "package_name": "com.example.moonlight_spatialsdk",
12-08 09:32:16.000 I/EpsMixer(  900):     "session_id": 153,
12-08 09:32:16.000 I/EpsMixer(  900):     "time": "2025-12-08T17:32:16Z"
12-08 09:32:16.000 I/EpsMixer(  900): }
12-08 09:32:16.002 D/EpsMixerShimEngineStream(  900):  STREAM_TYPE_STATE change for session(153): {
12-08 09:32:16.002 D/EpsMixerShimEngineStream(  900):     "is_initial": true,
12-08 09:32:16.002 D/EpsMixerShimEngineStream(  900):     "package": "com.example.moonlight_spatialsdk",
12-08 09:32:16.002 D/EpsMixerShimEngineStream(  900):     "session": 153,
12-08 09:32:16.002 D/EpsMixerShimEngineStream(  900):     "state": {
12-08 09:32:16.002 D/EpsMixerShimEngineStream(  900):         "flags": {
12-08 09:32:16.002 D/EpsMixerShimEngineStream(  900):             "AMBISONIC_IN_FORMAT": false,
12-08 09:32:16.002 D/EpsMixerShimEngineStream(  900):             "FORMAT_UNSPECIFIED": true,
12-08 09:32:16.002 D/EpsMixerShimEngineStream(  900):             "HAS_SINGLE_OBJECT": false,
12-08 09:32:16.002 D/EpsMixerShimEngineStream(  900):             "HAS_SOUNDFIELD_FORMAT_INDICATOR": false,
12-08 09:32:16.002 D/EpsMixerShimEngineStream(  900):             "HAS_TRUE_AMBISONIC_FORMAT": false,
12-08 09:32:16.002 D/EpsMixerShimEngineStream(  900):             "HAS_VOLUMETRIC_TOKEN": true,
12-08 09:32:16.002 D/EpsMixerShimEngineStream(  900):             "IS_BUNDLED_FORMAT": false,
12-08 09:32:16.002 D/EpsMixerShimEngineStream(  900):             "IS_SINGULAR_FORMAT": false,
12-08 09:32:16.002 D/EpsMixerShimEngineStream(  900):             "IS_SUPPORTED_SOUNDFIELD_MASK": false,
12-08 09:32:16.002 D/EpsMixerShimEngineStream(  900):             "OBJECT_IN_FORMAT": false,
12-08 09:32:16.002 D/EpsMixerShimEngineStream(  900):             "PACKAGE_ALLOWED_FOR_WINDOW_AUDIO": true,
12-08 09:32:16.002 D/EpsMixerShimEngineStream(  900):             "PASSTHROUGH_IN_FORMAT": false,
12-08 09:32:16.002 D/EpsMixerShimEngineStream(  900):             "SPATIALIZATION_PERMITTED": true,
12-08 09:32:16.002 D/EpsMixerShimEngineStream(  900):             "STREAM_TYPE_SUPPORTED_FOR_WINDOW_AUDIO": true,
12-08 09:32:16.002 D/EpsMixerShimEngineStream(  900):             "TRACK_FLAGS_SUPPORT_SPATIALIZATION": true
12-08 09:32:16.002 D/EpsMixerShimEngineStream(  900):         },
12-08 09:32:16.002 D/EpsMixerShimEngineStream(  900):         "type": "EPS_STREAM_TYPE_2D_WINDOW"
12-08 09:32:16.002 D/EpsMixerShimEngineStream(  900):     },
12-08 09:32:16.002 D/EpsMixerShimEngineStream(  900):     "state_start_time": 1765215136002
12-08 09:32:16.002 D/EpsMixerShimEngineStream(  900): }
12-08 09:32:16.002 D/WindowEngineStream(  900): Use stereo mix for AUDIO_CHANNEL_OUT_STEREO
12-08 09:32:16.002 D/EpsMixerShimEngineStream(  900): Duration of previous STREAM_TYPE_STATE for session(153): {
12-08 09:32:16.002 D/EpsMixerShimEngineStream(  900):     "duration_ms": 0,
12-08 09:32:16.002 D/EpsMixerShimEngineStream(  900):     "package": "com.example.moonlight_spatialsdk",
12-08 09:32:16.002 D/EpsMixerShimEngineStream(  900):     "session": 153,
12-08 09:32:16.002 D/EpsMixerShimEngineStream(  900):     "state": "stopped",
12-08 09:32:16.002 D/EpsMixerShimEngineStream(  900):     "state_start_time": 1765215136002
12-08 09:32:16.002 D/EpsMixerShimEngineStream(  900): }
12-08 09:32:16.002 D/WindowEngineStream(  900): Duration of previous WINDOW_SPATIALIZATION_STATE for session(153): {
12-08 09:32:16.002 D/WindowEngineStream(  900):     "duration_ms": 0,
12-08 09:32:16.002 D/WindowEngineStream(  900):     "package": "com.example.moonlight_spatialsdk",
12-08 09:32:16.002 D/WindowEngineStream(  900):     "session": 153,
12-08 09:32:16.002 D/WindowEngineStream(  900):     "state": "stopped",
12-08 09:32:16.002 D/WindowEngineStream(  900):     "state_start_time": 1765215136002
12-08 09:32:16.002 D/WindowEngineStream(  900): }
12-08 09:32:16.005 I/SPATIAL_SDK_LOGGER(25980): Data: Setting max latency to 0 for attr 2131099739
12-08 09:32:16.007 W/HWComposer( 2437): Ignoring duplicate VSYNC event from HWC for display 4630946970282026130 (t=3332330442000)
12-08 09:32:16.008 I/SPATIAL_SDK_LOGGER(25980): Data: Setting max latency to 50 for attr 2131099893
12-08 09:32:16.008 I/SPATIAL_SDK_LOGGER(25980): Data: Setting max latency to 50 for attr 2131099890
12-08 09:32:16.008 I/SPATIAL_SDK_LOGGER(25980): Data: Setting max latency to 0 for attr 2131099892
12-08 09:32:16.011 I/SPATIAL_SDK_LOGGER(25980): Data: Setting max latency to 0 for attr 2131099746
12-08 09:32:16.012 W/HorizonStandalone(25980): Renderer: 'updateBegin(frameContext)' = (Result)ErrorNotReady -32
12-08 09:32:16.018 D/audiomonitorbugnub( 1849): onData: { id=28, name="os.af.track.out.61.25980" } anchor host=3332342236129 sample=0
12-08 09:32:16.021 W/HWComposer( 2437): Ignoring duplicate VSYNC event from HWC for display 4630946970282026130 (t=3332344330000)
12-08 09:32:16.026 W/HorizonStandalone(25980): Renderer: 'updateBegin(frameContext)' = (Result)ErrorNotReady -32
12-08 09:32:16.035 W/HWComposer( 2437): Ignoring duplicate VSYNC event from HWC for display 4630946970282026130 (t=3332358218000)
12-08 09:32:16.040 W/HorizonStandalone(25980): Renderer: 'updateBegin(frameContext)' = (Result)ErrorNotReady -32
12-08 09:32:16.048 W/HWComposer( 2437): Ignoring duplicate VSYNC event from HWC for display 4630946970282026130 (t=3332372106000)
12-08 09:32:16.049 D/CastInputForwardSystem(25980): Initializing CastInputForwardSystem
12-08 09:32:16.049 D/CastInputForwardSystem(25980): Registering broadcast receiver
12-08 09:32:16.049 D/CastInputForwardSystem(25980): Loading panel app streamer
12-08 09:32:16.053 W/HorizonStandalone(25980): Renderer: 'updateBegin(frameContext)' = (Result)ErrorNotReady -32
12-08 09:32:16.053 D/MagicIslandLoader(25980): Initializing SoLoader
12-08 09:32:16.053 W/SoLoader(25980): Initializing SoLoader: 0
12-08 09:32:16.054 W/SoLoader(25980): SoLoader initialized: 0
12-08 09:32:16.063 W/HWComposer( 2437): Ignoring duplicate VSYNC event from HWC for display 4630946970282026130 (t=3332385993000)
12-08 09:32:16.064 I/OpenXR_Anchor( 4168): xrQuerySpacesFB: no split anchor query enabled
12-08 09:32:16.064 I/[CT]    ( 4168): SP:AF:InsightAnchorApi: QueryAnchorSpaces loadAndQueryAvailableAnchors flow. (task start) duration: 0.000000000 [sec], flags: 44, location: StorageLocation::LOCAL(1), method: 1, request: 60, source: SourceType::LIVE_TRACKER(1)
12-08 09:32:16.064 I/[CT]    ( 4168): RuntimeIpcHelper: RuntimeIpcClient::CALL_RPC isAsync: true, func: loadAvailableAnchors
12-08 09:32:16.064 I/[CT]    ( 4801): SP:AP:AnchorPersistenceRuntimeIpcServer: checkRPC start: sessionUuid:a583813b-76fc-d6c6-c3fc-f4b54f4872ef, clientId:197008253, givenPackageName:com.oculus.vrshell
12-08 09:32:16.064 I/[CT]    ( 4801): SP:AP:AnchorPersistenceRuntimeIpcServer: checkPackageAccess - detectedPackageName:com.oculus.vrshell, detectedProcessName:com.oculus.vrshell, givenPackageName:com.oculus.vrshell
12-08 09:32:16.064 I/[CT]    ( 4801): SP:AP:AnchorPersistenceRuntimeIpcServer: checkRPC package name matches: sessionUuid:a583813b-76fc-d6c6-c3fc-f4b54f4872ef, clientId:197008253, givenPackageName:com.oculus.vrshell, detectedPackageName:com.oculus.vrshell, detectedProcessName:com.oculus.vrshell
12-08 09:32:16.064 I/[CT]    ( 4801): SP:AP:AnchorPersistenceRuntimeIpcServer: queryAvailableAnchorsSMV2: clientId: 197008253, maxAnchors: 500, filter: 0, queryMultipleRoomsEnabledByOpenXrVersion: true, source: 1, appId: com.oculus.vrshell
12-08 09:32:16.064 I/[CT]    ( 4801): SP:AP:AnchorPersistenceConfig: getSceneRuntimePermissionEnabled: USE_SCENE permission is enabled on this device
12-08 09:32:16.064 I/[CT]    ( 4801): SP:AP:AnchorPersistenceScenePermissions: hasClientGrantedScenePermission: USE_SCENE permission is enabled on this device, check client 197008253, grant is true
12-08 09:32:16.064 I/[CT]    ( 4801): SP:AP:AnchorPersistenceConfig: getSceneRuntimePermissionEnabled: USE_SCENE permission is enabled on this device
12-08 09:32:16.065 I/[CT]    ( 4801): SP:SceneAnchorFilterUtil: filterSceneDataByPermission: com.oculus.vrshell permission check passed, keep scene data. anchors size: 1
12-08 09:32:16.067 I/[CT]    ( 4168): SP:AF:InsightAnchorApi: QueryAnchorSpaces (task finish) returnCode: AnchorResultCode::SUCCESS(0), numSpacesFound: 1, spacesFoundUuids: [cb922064-cded-d755-7a3e-7583c6dbe8fa], duration: 0.000000000 [sec], flags: 44, location: 1, method: 1, request: 60
12-08 09:32:16.068 W/HorizonStandalone(25980): Renderer: 'updateBegin(frameContext)' = (Result)ErrorNotReady -32
12-08 09:32:16.071 D/UnifiedTelemetryLogger(25980): UnifiedTelemetryLogger instance created
12-08 09:32:16.074 D/BinderClient(25980): Connected to TelemetryService
12-08 09:32:16.075 D/TelemetryManager(25980): QPL has not been initialized, let's initialize it.
12-08 09:32:16.077 W/HWComposer( 2437): Ignoring duplicate VSYNC event from HWC for display 4630946970282026130 (t=3332399881000)
12-08 09:32:16.079 I/[CT]    ( 4168): SP:TREX:SpatialPersistencePlugin: Event type: 5
12-08 09:32:16.079 I/[CT]    ( 4168): SP:TREX:SpatialPersistencePlugin: Event type: 6
12-08 09:32:16.079 I/TREX    ( 4168): Spatial Persistence event: QuerySpacesFound
12-08 09:32:16.079 I/TREX    ( 4168): Updating enabled data components from query results for entity type 2
12-08 09:32:16.079 I/TREX    ( 4168): Spatial Persistence event: QuerySpacesFinish
12-08 09:32:16.079 W/RuntimeTelemetryThread( 4168): [OpenXR_Anchor] setting XR_SPACE_COMPONENT_TYPE_STORABLE_FB is unsupported for this space; 
12-08 09:32:16.079 W/RuntimeTelemetryThread( 4168): [OpenXR_Anchor] component enabled cannot be changed; 5
12-08 09:32:16.079 I/OpenXR_DynamicObject( 4168): ------------ xrGetSpaceDynamicObjectDataMETA -----------
12-08 09:32:16.082 W/HorizonStandalone(25980): Renderer: 'updateBegin(frameContext)' = (Result)ErrorNotReady -32
12-08 09:32:16.086 I/RipcClient [RUNTIMEIPC]( 5403): InitServerStateBuffer: SUCCESS. 0, Client: com.oculus.guardian:com.oculus.vrguardianservice:5403, Server: com.oculus.systemdriver:com.oculus.vrruntimeservice:0 (RuntimeServiceServer)
12-08 09:32:16.086 I/RipcClient [RUNTIMEIPC]( 5403): InitServerStateBuffer: SUCCESS. 0, Client: com.oculus.guardian:com.oculus.vrguardianservice:5403, Server: com.oculus.systemdriver:com.oculus.vrruntimeservice:0 (RuntimeServiceServer)
12-08 09:32:16.090 W/HWComposer( 2437): Ignoring duplicate VSYNC event from HWC for display 4630946970282026130 (t=3332413769000)
12-08 09:32:16.096 W/HorizonStandalone(25980): Renderer: 'updateBegin(frameContext)' = (Result)ErrorNotReady -32
12-08 09:32:16.104 W/HWComposer( 2437): Ignoring duplicate VSYNC event from HWC for display 4630946970282026130 (t=3332427657000)
12-08 09:32:16.109 W/HorizonStandalone(25980): Renderer: 'updateBegin(frameContext)' = (Result)ErrorNotReady -32
12-08 09:32:16.118 W/HWComposer( 2437): Ignoring duplicate VSYNC event from HWC for display 4630946970282026130 (t=3332441545000)
12-08 09:32:16.121 W/ight_spatialsdk(25980): Accessing hidden method Landroid/os/SystemProperties;->set(Ljava/lang/String;Ljava/lang/String;)V (unsupported, reflection, allowed)
12-08 09:32:16.121 W/ight_spatialsdk(25980): Accessing hidden method Landroid/os/SystemProperties;->addChangeCallback(Ljava/lang/Runnable;)V (unsupported, reflection, allowed)
12-08 09:32:16.123 W/HorizonStandalone(25980): Renderer: 'updateBegin(frameContext)' = (Result)ErrorNotReady -32
12-08 09:32:16.124 W/ight_spatialsdk(25980): Accessing hidden method Landroid/os/Trace;->isTagEnabled(J)Z (unsupported, reflection, allowed)
12-08 09:32:16.125 W/ight_spatialsdk(25980): Accessing hidden method Landroid/os/Trace;->setAppTracingAllowed(Z)V (unsupported, reflection, allowed)
12-08 09:32:16.125 W/ight_spatialsdk(25980): Accessing hidden field Landroid/os/Trace;->TRACE_TAG_APP:J (unsupported, reflection, allowed)
12-08 09:32:16.132 W/HWComposer( 2437): Ignoring duplicate VSYNC event from HWC for display 4630946970282026130 (t=3332455432000)
12-08 09:32:16.138 W/HorizonStandalone(25980): Renderer: 'updateBegin(frameContext)' = (Result)ErrorNotReady -32
12-08 09:32:16.146 W/HWComposer( 2437): Ignoring duplicate VSYNC event from HWC for display 4630946970282026130 (t=3332469320000)
12-08 09:32:16.149 D/OsSdkLoader(25980): OSSDK loading module 'libossdk.oculus.so'
12-08 09:32:16.150 E/OsSdkLoader(25980): OSSDK module 'libossdk.oculus.so' not found
12-08 09:32:16.151 W/HorizonStandalone(25980): Renderer: 'updateBegin(frameContext)' = (Result)ErrorNotReady -32
12-08 09:32:16.156 E/PanelAppUtils(25980): Package info has no services listed
12-08 09:32:16.156 E/PanelAppUtils(25980): Failed to resolve launcher activities
12-08 09:32:16.156 E/PanelAppUtils(25980): Failed to resolve app launcher name
12-08 09:32:16.160 W/HWComposer( 2437): Ignoring duplicate VSYNC event from HWC for display 4630946970282026130 (t=3332483208000)
12-08 09:32:16.161 E/QuickPerformanceLoggerImpl(25980): Failed to notify metadata collection or to visit QPL event
12-08 09:32:16.161 E/QuickPerformanceLoggerImpl(25980): java.lang.NoClassDefFoundError: Failed resolution of: Lcom/facebook/endtoend/EndToEnd;
12-08 09:32:16.161 E/QuickPerformanceLoggerImpl(25980): 	at com.facebook.quicklog.JestE2EQPLVisitor.visit(JestE2EQPLVisitor.java:70)
12-08 09:32:16.161 E/QuickPerformanceLoggerImpl(25980): 	at com.facebook.quicklog.QuickPerformanceLoggerImpl.lambda$preparePleForSending$13$com-facebook-quicklog-QuickPerformanceLoggerImpl(QuickPerformanceLoggerImpl.java:3189)
12-08 09:32:16.161 E/QuickPerformanceLoggerImpl(25980): 	at com.facebook.quicklog.QuickPerformanceLoggerImpl$$ExternalSyntheticLambda12.run(D8$$SyntheticClass:0)
12-08 09:32:16.161 E/QuickPerformanceLoggerImpl(25980): 	at com.google.common.util.concurrent.Futures$FutureCombiner$1.call(Futures.java:737)
12-08 09:32:16.161 E/QuickPerformanceLoggerImpl(25980): 	at com.google.common.util.concurrent.Futures$FutureCombiner$1.call(Futures.java:733)
12-08 09:32:16.161 E/QuickPerformanceLoggerImpl(25980): 	at com.google.common.util.concurrent.CombinedFuture$CallableInterruptibleTask.runInterruptibly(CombinedFuture.java:197)
12-08 09:32:16.161 E/QuickPerformanceLoggerImpl(25980): 	at com.google.common.util.concurrent.InterruptibleTask.run(InterruptibleTask.java:76)
12-08 09:32:16.161 E/QuickPerformanceLoggerImpl(25980): 	at kotlinx.coroutines.internal.LimitedDispatcher$Worker.run(LimitedDispatcher.kt:115)
12-08 09:32:16.161 E/QuickPerformanceLoggerImpl(25980): 	at kotlinx.coroutines.scheduling.TaskImpl.run(Tasks.kt:103)
12-08 09:32:16.161 E/QuickPerformanceLoggerImpl(25980): 	at kotlinx.coroutines.scheduling.CoroutineScheduler.runSafely(CoroutineScheduler.kt:584)
12-08 09:32:16.161 E/QuickPerformanceLoggerImpl(25980): 	at kotlinx.coroutines.scheduling.CoroutineScheduler$Worker.executeTask(CoroutineScheduler.kt:793)
12-08 09:32:16.161 E/QuickPerformanceLoggerImpl(25980): 	at kotlinx.coroutines.scheduling.CoroutineScheduler$Worker.runWorker(CoroutineScheduler.kt:697)
12-08 09:32:16.161 E/QuickPerformanceLoggerImpl(25980): 	at kotlinx.coroutines.scheduling.CoroutineScheduler$Worker.run(CoroutineScheduler.kt:684)
12-08 09:32:16.161 E/QuickPerformanceLoggerImpl(25980): Caused by: java.lang.ClassNotFoundException: Didn't find class "com.facebook.endtoend.EndToEnd" on path: DexPathList[[zip file "/data/app/~~JnY3kNDHWY48GgA8c01EEw==/com.example.moonlight_spatialsdk-guFD95G4dfM8l4vNfQfk0A==/base.apk"],nativeLibraryDirectories=[/data/app/~~JnY3kNDHWY48GgA8c01EEw==/com.example.moonlight_spatialsdk-guFD95G4dfM8l4vNfQfk0A==/lib/arm64, /data/app/~~JnY3kNDHWY48GgA8c01EEw==/com.example.moonlight_spatialsdk-guFD95G4dfM8l4vNfQfk0A==/base.apk!/lib/arm64-v8a, /apex/com.meta.xr/priv-app/VrDriver/VrDriver.apk!/lib/arm64-v8a, /system/lib64, /system_ext/lib64]]
12-08 09:32:16.161 E/QuickPerformanceLoggerImpl(25980): 	at dalvik.system.BaseDexClassLoader.findClass(BaseDexClassLoader.java:259)
12-08 09:32:16.161 E/QuickPerformanceLoggerImpl(25980): 	at java.lang.ClassLoader.loadClass(ClassLoader.java:379)
12-08 09:32:16.161 E/QuickPerformanceLoggerImpl(25980): 	at java.lang.ClassLoader.loadClass(ClassLoader.java:312)
12-08 09:32:16.161 E/QuickPerformanceLoggerImpl(25980): 	... 13 more
12-08 09:32:16.165 W/HorizonStandalone(25980): Renderer: 'updateBegin(frameContext)' = (Result)ErrorNotReady -32
12-08 09:32:16.173 D/StreamingManager(25980): Attempting to connect transport tcpclient,localhost,4445
12-08 09:32:16.173 W/HWComposer( 2437): Ignoring duplicate VSYNC event from HWC for display 4630946970282026130 (t=3332497096000)
12-08 09:32:16.177 E/XrspConnection(25980): Failed to create xrsp channel using transport tcpclient,localhost,4445
12-08 09:32:16.179 W/StreamingManager(25980): Failed to connect transport tcpclient,localhost,4445
12-08 09:32:16.179 W/StreamingManager(25980): java.util.concurrent.ExecutionException: java.lang.RuntimeException: Transport is unreachable
12-08 09:32:16.179 W/StreamingManager(25980): 	at java.util.concurrent.FutureTask.report(FutureTask.java:122)
12-08 09:32:16.179 W/StreamingManager(25980): 	at java.util.concurrent.FutureTask.get(FutureTask.java:205)
12-08 09:32:16.179 W/StreamingManager(25980): 	at com.oculus.magic.StreamingManager.createNetworkClient(StreamingManager.java:210)
12-08 09:32:16.179 W/StreamingManager(25980): 	at com.oculus.magic.StreamingManager.connect(StreamingManager.java:263)
12-08 09:32:16.179 W/StreamingManager(25980): 	at com.oculus.magic.StreamingManager.<init>(StreamingManager.java:168)
12-08 09:32:16.179 W/StreamingManager(25980): 	at java.lang.reflect.Constructor.newInstance0(Native Method)
12-08 09:32:16.179 W/StreamingManager(25980): 	at java.lang.reflect.Constructor.newInstance(Constructor.java:343)
12-08 09:32:16.179 W/StreamingManager(25980): 	at com.oculus.magic.sdk.MagicIslandLoader.loadPanelAppStreamer(MagicIslandLoader.java:30)
12-08 09:32:16.179 W/StreamingManager(25980): 	at com.meta.spatial.castinputforward.CastInputForwardSystem.createStreamerIfNeeded(CastInputForwardSystem.kt:210)
12-08 09:32:16.179 W/StreamingManager(25980): 	at com.meta.spatial.castinputforward.CastInputForwardSystem.initializeMagicIsland(CastInputForwardSystem.kt:150)
12-08 09:32:16.179 W/StreamingManager(25980): 	at com.meta.spatial.castinputforward.CastInputForwardSystem.<init>(CastInputForwardSystem.kt:142)
12-08 09:32:16.179 W/StreamingManager(25980): 	at com.meta.spatial.castinputforward.CastInputForwardFeature.lateSystemsToRegister(CastInputForwardFeature.kt:43)
12-08 09:32:16.179 W/StreamingManager(25980): 	at com.meta.spatial.core.FeatureManager.registerSystems(FeatureManager.kt:255)
12-08 09:32:16.179 W/StreamingManager(25980): 	at com.meta.spatial.core.FeatureManager.onCreate(FeatureManager.kt:106)
12-08 09:32:16.179 W/StreamingManager(25980): 	at com.meta.spatial.runtime.VrActivity.onCreate(VrActivity.kt:242)
12-08 09:32:16.179 W/StreamingManager(25980): 	at com.meta.spatial.toolkit.AppSystemActivity.onCreate(AppSystemActivity.kt:56)
12-08 09:32:16.179 W/StreamingManager(25980): 	at com.example.moonlight_spatialsdk.ImmersiveActivity.onCreate(ImmersiveActivity.kt:83)
12-08 09:32:16.179 W/StreamingManager(25980): 	at android.app.Activity.performCreate(Activity.java:8636)
12-08 09:32:16.179 W/StreamingManager(25980): 	at android.app.Activity.performCreate(Activity.java:8614)
12-08 09:32:16.179 W/StreamingManager(25980): 	at android.app.Instrumentation.callActivityOnCreate(Instrumentation.java:1456)
12-08 09:32:16.179 W/StreamingManager(25980): 	at android.app.ActivityThread.performLaunchActivity(ActivityThread.java:3790)
12-08 09:32:16.179 W/StreamingManager(25980): 	at android.app.ActivityThread.handleLaunchActivity(ActivityThread.java:3948)
12-08 09:32:16.179 W/StreamingManager(25980): 	at android.app.servertransaction.LaunchActivityItem.execute(LaunchActivityItem.java:103)
12-08 09:32:16.179 W/StreamingManager(25980): 	at android.app.servertransaction.TransactionExecutor.executeCallbacks(TransactionExecutor.java:139)
12-08 09:32:16.179 W/StreamingManager(25980): 	at android.app.servertransaction.TransactionExecutor.execute(TransactionExecutor.java:96)
12-08 09:32:16.179 W/StreamingManager(25980): 	at android.app.ActivityThread$H.handleMessage(ActivityThread.java:2469)
12-08 09:32:16.179 W/StreamingManager(25980): 	at android.os.Handler.dispatchMessage(Handler.java:106)
12-08 09:32:16.179 W/StreamingManager(25980): 	at android.os.Looper.loopOnce(Looper.java:218)
12-08 09:32:16.179 W/StreamingManager(25980): 	at android.os.Looper.loop(Looper.java:310)
12-08 09:32:16.179 W/StreamingManager(25980): 	at android.app.ActivityThread.main(ActivityThread.java:8264)
12-08 09:32:16.179 W/StreamingManager(25980): 	at java.lang.reflect.Method.invoke(Native Method)
12-08 09:32:16.179 W/StreamingManager(25980): 	at com.android.internal.os.RuntimeInit$MethodAndArgsCaller.run(RuntimeInit.java:552)
12-08 09:32:16.179 W/StreamingManager(25980): 	at com.android.internal.os.ZygoteInit.main(ZygoteInit.java:978)
12-08 09:32:16.179 W/StreamingManager(25980): Caused by: java.lang.RuntimeException: Transport is unreachable
12-08 09:32:16.179 W/StreamingManager(25980): 	at com.oculus.magic.StreamingManager.lambda$createNetworkClient$0$com-oculus-magic-StreamingManager(StreamingManager.java:205)
12-08 09:32:16.179 W/StreamingManager(25980): 	at com.oculus.magic.StreamingManager$$ExternalSyntheticLambda4.call(D8$$SyntheticClass:0)
12-08 09:32:16.179 W/StreamingManager(25980): 	at java.util.concurrent.FutureTask.run(FutureTask.java:264)
12-08 09:32:16.179 W/StreamingManager(25980): 	at java.util.concurrent.ThreadPoolExecutor.runWorker(ThreadPoolExecutor.java:1145)
12-08 09:32:16.179 W/StreamingManager(25980): 	at java.util.concurrent.ThreadPoolExecutor$Worker.run(ThreadPoolExecutor.java:644)
12-08 09:32:16.179 W/StreamingManager(25980): 	at java.lang.Thread.run(Thread.java:1012)
12-08 09:32:16.179 W/HorizonStandalone(25980): Renderer: 'updateBegin(frameContext)' = (Result)ErrorNotReady -32
12-08 09:32:16.180 E/MagicIslandLoader(25980): Failed to initialize streaming manager
12-08 09:32:16.180 E/MagicIslandLoader(25980): java.lang.reflect.InvocationTargetException
12-08 09:32:16.180 E/MagicIslandLoader(25980): 	at java.lang.reflect.Constructor.newInstance0(Native Method)
12-08 09:32:16.180 E/MagicIslandLoader(25980): 	at java.lang.reflect.Constructor.newInstance(Constructor.java:343)
12-08 09:32:16.180 E/MagicIslandLoader(25980): 	at com.oculus.magic.sdk.MagicIslandLoader.loadPanelAppStreamer(MagicIslandLoader.java:30)
12-08 09:32:16.180 E/MagicIslandLoader(25980): 	at com.meta.spatial.castinputforward.CastInputForwardSystem.createStreamerIfNeeded(CastInputForwardSystem.kt:210)
12-08 09:32:16.180 E/MagicIslandLoader(25980): 	at com.meta.spatial.castinputforward.CastInputForwardSystem.initializeMagicIsland(CastInputForwardSystem.kt:150)
12-08 09:32:16.180 E/MagicIslandLoader(25980): 	at com.meta.spatial.castinputforward.CastInputForwardSystem.<init>(CastInputForwardSystem.kt:142)
12-08 09:32:16.180 E/MagicIslandLoader(25980): 	at com.meta.spatial.castinputforward.CastInputForwardFeature.lateSystemsToRegister(CastInputForwardFeature.kt:43)
12-08 09:32:16.180 E/MagicIslandLoader(25980): 	at com.meta.spatial.core.FeatureManager.registerSystems(FeatureManager.kt:255)
12-08 09:32:16.180 E/MagicIslandLoader(25980): 	at com.meta.spatial.core.FeatureManager.onCreate(FeatureManager.kt:106)
12-08 09:32:16.180 E/MagicIslandLoader(25980): 	at com.meta.spatial.runtime.VrActivity.onCreate(VrActivity.kt:242)
12-08 09:32:16.180 E/MagicIslandLoader(25980): 	at com.meta.spatial.toolkit.AppSystemActivity.onCreate(AppSystemActivity.kt:56)
12-08 09:32:16.180 E/MagicIslandLoader(25980): 	at com.example.moonlight_spatialsdk.ImmersiveActivity.onCreate(ImmersiveActivity.kt:83)
12-08 09:32:16.180 E/MagicIslandLoader(25980): 	at android.app.Activity.performCreate(Activity.java:8636)
12-08 09:32:16.180 E/MagicIslandLoader(25980): 	at android.app.Activity.performCreate(Activity.java:8614)
12-08 09:32:16.180 E/MagicIslandLoader(25980): 	at android.app.Instrumentation.callActivityOnCreate(Instrumentation.java:1456)
12-08 09:32:16.180 E/MagicIslandLoader(25980): 	at android.app.ActivityThread.performLaunchActivity(ActivityThread.java:3790)
12-08 09:32:16.180 E/MagicIslandLoader(25980): 	at android.app.ActivityThread.handleLaunchActivity(ActivityThread.java:3948)
12-08 09:32:16.180 E/MagicIslandLoader(25980): 	at android.app.servertransaction.LaunchActivityItem.execute(LaunchActivityItem.java:103)
12-08 09:32:16.180 E/MagicIslandLoader(25980): 	at android.app.servertransaction.TransactionExecutor.executeCallbacks(TransactionExecutor.java:139)
12-08 09:32:16.180 E/MagicIslandLoader(25980): 	at android.app.servertransaction.TransactionExecutor.execute(TransactionExecutor.java:96)
12-08 09:32:16.180 E/MagicIslandLoader(25980): 	at android.app.ActivityThread$H.handleMessage(ActivityThread.java:2469)
12-08 09:32:16.180 E/MagicIslandLoader(25980): 	at android.os.Handler.dispatchMessage(Handler.java:106)
12-08 09:32:16.180 E/MagicIslandLoader(25980): 	at android.os.Looper.loopOnce(Looper.java:218)
12-08 09:32:16.180 E/MagicIslandLoader(25980): 	at android.os.Looper.loop(Looper.java:310)
12-08 09:32:16.180 E/MagicIslandLoader(25980): 	at android.app.ActivityThread.main(ActivityThread.java:8264)
12-08 09:32:16.180 E/MagicIslandLoader(25980): 	at java.lang.reflect.Method.invoke(Native Method)
12-08 09:32:16.180 E/MagicIslandLoader(25980): 	at com.android.internal.os.RuntimeInit$MethodAndArgsCaller.run(RuntimeInit.java:552)
12-08 09:32:16.180 E/MagicIslandLoader(25980): 	at com.android.internal.os.ZygoteInit.main(ZygoteInit.java:978)
12-08 09:32:16.180 E/MagicIslandLoader(25980): Caused by: java.lang.RuntimeException: Failed to connect network client
12-08 09:32:16.180 E/MagicIslandLoader(25980): 	at com.oculus.magic.StreamingManager.createNetworkClient(StreamingManager.java:223)
12-08 09:32:16.180 E/MagicIslandLoader(25980): 	at com.oculus.magic.StreamingManager.connect(StreamingManager.java:263)
12-08 09:32:16.180 E/MagicIslandLoader(25980): 	at com.oculus.magic.StreamingManager.<init>(StreamingManager.java:168)
12-08 09:32:16.180 E/MagicIslandLoader(25980): 	... 28 more
12-08 09:32:16.187 W/HWComposer( 2437): Ignoring duplicate VSYNC event from HWC for display 4630946970282026130 (t=3332510984000)
12-08 09:32:16.188 I/AssetReloadSystem(25980): Watching files at: /storage/emulated/0/Android/data/com.example.moonlight_spatialsdk/files/app_assets
12-08 09:32:16.193 W/HorizonStandalone(25980): Renderer: 'updateBegin(frameContext)' = (Result)ErrorNotReady -32
12-08 09:32:16.198 I/SPATIAL_SDK_LOGGER(25980): DataModelInspector: Running server on port: 8011
12-08 09:32:16.198 I/System.out(25980): === REGISTER_PANELS_CALLED ===
12-08 09:32:16.198 E/ImmersiveActivity(25980): === REGISTER_PANELS_CALLED ===
12-08 09:32:16.199 I/SPATIAL_SDK_LOGGER(25980): DataModelInspector: Server Listening...
12-08 09:32:16.199 I/Tracking( 1772): GeoInfoServiceManager: Trying to start location service
12-08 09:32:16.201 W/HWComposer( 2437): Ignoring duplicate VSYNC event from HWC for display 4630946970282026130 (t=3332524872000)
12-08 09:32:16.202 I/SPATIAL_SDK_LOGGER(25980): performance: CPU performance level set to SUSTAINED_HIGH
12-08 09:32:16.202 I/SPATIAL_SDK_LOGGER(25980): performance: GPU performance level set to SUSTAINED_HIGH
12-08 09:32:16.202 D/AppSystemActivity(25980): onCreate
12-08 09:32:16.203 I/com.limelight.LimeLog(25980): OpenGL ES version: 196610
12-08 09:32:16.204 I/com.limelight.LimeLog(25980): Added omx.nvidia/c2.nvidia to reference frame invalidation support list
12-08 09:32:16.205 I/com.limelight.LimeLog(25980): Added omx.qcom/c2.qti to reference frame invalidation support list
12-08 09:32:16.207 W/HorizonStandalone(25980): Renderer: 'updateBegin(frameContext)' = (Result)ErrorNotReady -32
12-08 09:32:16.215 W/HWComposer( 2437): Ignoring duplicate VSYNC event from HWC for display 4630946970282026130 (t=3332538759000)
12-08 09:32:16.221 W/HorizonStandalone(25980): Renderer: 'updateBegin(frameContext)' = (Result)ErrorNotReady -32
12-08 09:32:16.229 I/Vsync   ( 3567): Vsync 3493:  2 x 13.89 ms (72.00 Hz, at 3332.554)
12-08 09:32:16.230 W/HWComposer( 2437): Ignoring duplicate VSYNC event from HWC for display 4630946970282026130 (t=3332552647000)
12-08 09:32:16.235 W/HorizonStandalone(25980): Renderer: 'updateBegin(frameContext)' = (Result)ErrorNotReady -32
12-08 09:32:16.243 W/HWComposer( 2437): Ignoring duplicate VSYNC event from HWC for display 4630946970282026130 (t=3332566535000)
12-08 09:32:16.249 W/HorizonStandalone(25980): Renderer: 'updateBegin(frameContext)' = (Result)ErrorNotReady -32
12-08 09:32:16.256 I/Vsync   ( 3567): Vsync 3495:  2 x 13.89 ms (72.00 Hz, at 3332.581)
12-08 09:32:16.257 W/HWComposer( 2437): Ignoring duplicate VSYNC event from HWC for display 4630946970282026130 (t=3332580423000)
12-08 09:32:16.262 W/HorizonStandalone(25980): Renderer: 'updateBegin(frameContext)' = (Result)ErrorNotReady -32
12-08 09:32:16.271 W/HWComposer( 2437): Ignoring duplicate VSYNC event from HWC for display 4630946970282026130 (t=3332594311000)
12-08 09:32:16.277 W/HorizonStandalone(25980): Renderer: 'updateBegin(frameContext)' = (Result)ErrorNotReady -32
12-08 09:32:16.278 W/VideoCapabilities(25980): Unsupported mime image/vnd.android.heic
12-08 09:32:16.279 W/VideoCapabilities(25980): Unsupported mime image/vnd.android.heic
12-08 09:32:16.279 W/VideoCapabilities(25980): Unsupported mime video/dolby-vision
12-08 09:32:16.280 W/VideoCapabilities(25980): Unsupported mime video/dolby-vision
12-08 09:32:16.284 W/HWComposer( 2437): Ignoring duplicate VSYNC event from HWC for display 4630946970282026130 (t=3332608198000)
12-08 09:32:16.285 I/com.limelight.LimeLog(25980): Examining decoder capabilities of c2.qti.avc.decoder (round 1)
12-08 09:32:16.286 I/com.limelight.LimeLog(25980): Skipping decoder that lacks FEATURE_LowLatency for round 1
12-08 09:32:16.286 I/com.limelight.LimeLog(25980): Examining decoder capabilities of c2.qti.avc.decoder.low_latency (round 1)
12-08 09:32:16.286 I/com.limelight.LimeLog(25980): Low latency decoding mode supported (FEATURE_LowLatency)
12-08 09:32:16.286 I/com.limelight.LimeLog(25980): Decoder c2.qti.avc.decoder.low_latency supports required profile
12-08 09:32:16.286 I/com.limelight.LimeLog(25980): Selected AVC decoder: c2.qti.avc.decoder.low_latency
12-08 09:32:16.286 I/com.limelight.LimeLog(25980): Examining decoder capabilities of c2.qti.hevc.decoder (round 1)
12-08 09:32:16.286 I/com.limelight.LimeLog(25980): Skipping decoder that lacks FEATURE_LowLatency for round 1
12-08 09:32:16.287 I/com.limelight.LimeLog(25980): Examining decoder capabilities of c2.qti.hevc.decoder.low_latency (round 1)
12-08 09:32:16.287 I/com.limelight.LimeLog(25980): Low latency decoding mode supported (FEATURE_LowLatency)
12-08 09:32:16.287 I/com.limelight.LimeLog(25980): Media performance class: 33
12-08 09:32:16.287 I/com.limelight.LimeLog(25980): Allowing HEVC based on media performance class
12-08 09:32:16.287 I/com.limelight.LimeLog(25980): Selected HEVC decoder: c2.qti.hevc.decoder.low_latency
12-08 09:32:16.287 I/com.limelight.LimeLog(25980): No AV1 decoder found
12-08 09:32:16.290 W/HorizonStandalone(25980): Renderer: 'updateBegin(frameContext)' = (Result)ErrorNotReady -32
12-08 09:32:16.287 W/ight_spatialsdk(25980): type=1400 audit(0.0:536): avc:  denied  { read } for  name="system" dev="sysfs" ino=9 scontext=u:r:untrusted_app:s0:c176,c256,c512,c768 tcontext=u:object_r:sysfs:s0 tclass=dir permissive=0 app=com.example.moonlight_spatialsdk
12-08 09:32:16.292 I/com.limelight.LimeLog(25980): Decoder c2.qti.avc.decoder.low_latency will use direct submit
12-08 09:32:16.292 I/com.limelight.LimeLog(25980): Decoder c2.qti.avc.decoder.low_latency will use reference frame invalidation for AVC
12-08 09:32:16.292 I/com.limelight.LimeLog(25980): Decoder c2.qti.avc.decoder.low_latency wants 1 slices per frame
12-08 09:32:16.292 I/com.limelight.LimeLog(25980): Low latency decoding mode supported (FEATURE_LowLatency)
12-08 09:32:16.292 I/com.limelight.LimeLog(25980): Enabling HEVC RFI based on low latency option support
12-08 09:32:16.293 I/com.limelight.LimeLog(25980): Decoder c2.qti.hevc.decoder.low_latency will use reference frame invalidation for HEVC
12-08 09:32:16.293 I/com.limelight.LimeLog(25980): Decoder c2.qti.hevc.decoder.low_latency wants 1 slices per frame
12-08 09:32:16.293 I/com.limelight.LimeLog(25980): Requesting 1 slices per frame
12-08 09:32:16.295 I/System.out(25980): === IMMERSIVE_ACTIVITY_EXTRAS host=10.1.95.5 port=47989 appId=881448767 ===
12-08 09:32:16.295 E/ImmersiveActivity(25980): === IMMERSIVE_ACTIVITY_EXTRAS host=10.1.95.5 port=47989 appId=881448767 ===
12-08 09:32:16.295 I/ImmersiveActivity(25980): onCreate extras host=10.1.95.5 port=47989 appId=881448767
12-08 09:32:16.295 I/ImmersiveActivity(25980): Host provided, storing connection params for later connection
12-08 09:32:16.297 I/VrActivity[j](25980): VrActivity::onStart com.example.moonlight_spatialsdk.ImmersiveActivity@1ab4842 false false
12-08 09:32:16.297 I/ActivityLifecycleListener(25980): onActivityStarted
12-08 09:32:16.299 W/HWComposer( 2437): Ignoring duplicate VSYNC event from HWC for display 4630946970282026130 (t=3332622086000)
12-08 09:32:16.300 I/VrActivity[j](25980): VrActivity::onResume com.example.moonlight_spatialsdk.ImmersiveActivity@1ab4842 false
12-08 09:32:16.300 I/ActivityLifecycleListener(25980): onActivityResumed
12-08 09:32:16.301 I/System.out(25980): === ONSCENE_READY_CALLED ===
12-08 09:32:16.301 E/ImmersiveActivity(25980): === ONSCENE_READY_CALLED ===
12-08 09:32:16.304 W/HorizonStandalone(25980): Renderer: 'updateBegin(frameContext)' = (Result)ErrorNotReady -32
12-08 09:32:16.305 I/OpenXR_Passthrough(25980): ------------ xrCreatePassthroughFB -----------
12-08 09:32:16.305 I/RuntimeIPCSystem [RUNTIMEIPC](25980): RuntimeIPCSystem: Init called: Version: 81, Platform: Android, Build Date: Dec  7 2025, Build Time: 14:26:30, BuildMode: shared
12-08 09:32:16.306 I/RipcServerClientHandler [RUNTIMEIPC]( 3567): Event buffer size (server): 8192
12-08 09:32:16.306 I/RipcServerMgr [RUNTIMEIPC]( 3567): HandleClientConnect SUCCESS: Client: com.example.moonlight_spatialsdk:com.example.moonlight_spatialsdk:25980:, Server: com.oculus.systemdriver:com.oculus.vrruntimeservice (PassthroughVrRuntimeServer)
12-08 09:32:16.306 I/RipcClient [RUNTIMEIPC](25980): Event buffer size (client): 8192
12-08 09:32:16.306 I/RipcClient [RUNTIMEIPC](25980): TryToGetIPCResourcesFromServer: RPC_CONNECTOR_CONNECT_TO_SERVER SUCCESS: Client: com.example.moonlight_spatialsdk:com.example.moonlight_spatialsdk:25980, Server: ::0 (PassthroughVrRuntimeServer), Version: 81, Platform: Android, Build Date: Dec  7 2025, Build Time: 14:26:30, BuildMode: shared
12-08 09:32:16.306 I/RipcClient [RUNTIMEIPC](25980): EnsureServerConnection: SUCCESS. Client: com.example.moonlight_spatialsdk:com.example.moonlight_spatialsdk:25980, Server: ::0 (PassthroughVrRuntimeServer)
12-08 09:32:16.307 I/RipcClient [RUNTIMEIPC](25980): [RIPC_CONNECT_LOG] ConnectToServer: SUCCESS: Client: com.example.moonlight_spatialsdk:com.example.moonlight_spatialsdk:25980, Server: ::0 (PassthroughVrRuntimeServer)
12-08 09:32:16.307 I/[CT]    ( 3567): MIXEDREALITY: MrServiceIPCServer: MrServiceIPCServer::onClientConnected
12-08 09:32:16.307 I/[CT]    ( 3567): MIXEDREALITY: MrServiceController: clientConnected: 1271843114/com.example.moonlight_spatialsdk/com.example.moonlight_spatialsdk:25980
12-08 09:32:16.307 I/[CT]    ( 3567): MIXEDREALITY: ClientsStatus: ====== Connected clients ======
12-08 09:32:16.307 I/[CT]    ( 3567): MIXEDREALITY: ClientsStatus: Client: 197008253/com.oculus.vrshell/com.oculus.vrshell:4168
12-08 09:32:16.307 I/[CT]    ( 3567): MIXEDREALITY: ClientsStatus:    [Passthrough] -> Started
12-08 09:32:16.307 I/[CT]    ( 3567): MIXEDREALITY: ClientsStatus: ===============================
12-08 09:32:16.308 I/[CT]    ( 3567): MIXEDREALITY: ClientsStatus: Registration from 1271843114/com.example.moonlight_spatialsdk/com.example.moonlight_spatialsdk:25980 accepted.
12-08 09:32:16.308 I/[CT]    ( 3567): MIXEDREALITY: MrClientModelStates: registerClient: For client 1271843114 (com.example.moonlight_spatialsdk:com.example.moonlight_spatialsdk:25980, in VR mode? false).
12-08 09:32:16.308 I/[CT]    ( 3567): MIXEDREALITY: MrFeatureStatus: Passthrough: Client 1271843114 status changed from Destroyed to Created.
12-08 09:32:16.308 I/[CT]    ( 3567): MIXEDREALITY: MrFeatureStatus: Passthrough for client 1271843114: Target status Started, CurrentStatus: Started
12-08 09:32:16.308 I/OpenXR_Passthrough(25980): xrCreatePassthroughFB: Created Insight MR Passthrough feature
12-08 09:32:16.308 I/HorizonStandalone(25980): Hmi: Passthrough feature created
12-08 09:32:16.308 I/OpenXR_Passthrough(25980): ------------ xrCreatePassthroughLayerFB -----------
12-08 09:32:16.308 I/[CT]    ( 3567): MIXEDREALITY: MrClientModelStates: createLayer: For client 1271843114 with content MR_COMPOSITION_LAYER_RECONSTRUCTION_PASSTHROUGH
12-08 09:32:16.308 I/[CT]    ( 3567): MIXEDREALITY: MrSvc: PassthroughLayer: Layer 1001 started on the creation
12-08 09:32:16.308 I/[CT]    ( 3567): MIXEDREALITY: MrClientModelStates: createLayer: Created layer with id 1001, running, total num layers 1.
12-08 09:32:16.308 I/OpenXR_Passthrough(25980): xrCreatePassthroughLayerFB: Created Insight MR layer
12-08 09:32:16.308 I/HorizonStandalone(25980): Hmi: Passthrough feature layer created.  Flags: 1, Purpose: 0
12-08 09:32:16.308 I/OpenXR_Passthrough(25980): ------------ xrPassthroughStartFB -----------
12-08 09:32:16.308 I/[CT]    ( 3567): MIXEDREALITY: MrFeatureStatus: Passthrough: Client 1271843114 status changed from Created to Started.
12-08 09:32:16.308 I/[CT]    ( 3567): MIXEDREALITY: MrFeatureStatus: Passthrough for client 1271843114: Target status Started, CurrentStatus: Started
12-08 09:32:16.308 I/HorizonStandalone(25980): Hmi: Passthrough feature started
12-08 09:32:16.309 I/[CT]    ( 3567): MIXEDREALITY: MrSvc: PassthroughLayer: setStyle: Layer 1001, textureOpacityFactor=1, edgeColor=off, colorMap=None
12-08 09:32:16.309 I/HorizonStandalone(25980): Entity: AetherManager::setLightingEnvironment
12-08 09:32:16.312 W/HWComposer( 2437): Ignoring duplicate VSYNC event from HWC for display 4630946970282026130 (t=3332635974000)
12-08 09:32:16.318 W/HorizonStandalone(25980): Renderer: 'updateBegin(frameContext)' = (Result)ErrorNotReady -32
12-08 09:32:16.327 W/HWComposer( 2437): Ignoring duplicate VSYNC event from HWC for display 4630946970282026130 (t=3332649862000)
12-08 09:32:16.332 W/HorizonStandalone(25980): Renderer: 'updateBegin(frameContext)' = (Result)ErrorNotReady -32
12-08 09:32:16.340 I/Vsync   ( 3567): Vsync 3501:  2 x 13.89 ms (72.00 Hz, at 3332.664)
12-08 09:32:16.340 W/HWComposer( 2437): Ignoring duplicate VSYNC event from HWC for display 4630946970282026130 (t=3332663750000)
12-08 09:32:16.346 W/HorizonStandalone(25980): Renderer: 'updateBegin(frameContext)' = (Result)ErrorNotReady -32
12-08 09:32:16.354 W/HWComposer( 2437): Ignoring duplicate VSYNC event from HWC for display 4630946970282026130 (t=3332677637000)
12-08 09:32:16.361 W/HorizonStandalone(25980): Renderer: 'updateBegin(frameContext)' = (Result)ErrorNotReady -32
12-08 09:32:16.368 I/Vsync   ( 3567): Vsync 3503:  2 x 13.89 ms (72.00 Hz, at 3332.692)
12-08 09:32:16.368 W/HWComposer( 2437): Ignoring duplicate VSYNC event from HWC for display 4630946970282026130 (t=3332691525000)
12-08 09:32:16.375 W/HorizonStandalone(25980): Renderer: 'updateBegin(frameContext)' = (Result)ErrorNotReady -32
12-08 09:32:16.382 W/HWComposer( 2437): Ignoring duplicate VSYNC event from HWC for display 4630946970282026130 (t=3332705413000)
12-08 09:32:16.389 W/HorizonStandalone(25980): Renderer: 'updateBegin(frameContext)' = (Result)ErrorNotReady -32
12-08 09:32:16.395 I/Vsync   ( 3567): Vsync 3505:  2 x 13.89 ms (72.00 Hz, at 3332.719)
12-08 09:32:16.396 W/HWComposer( 2437): Ignoring duplicate VSYNC event from HWC for display 4630946970282026130 (t=3332719301000)
12-08 09:32:16.402 W/HorizonStandalone(25980): Renderer: 'updateBegin(frameContext)' = (Result)ErrorNotReady -32
12-08 09:32:16.410 W/HWComposer( 2437): Ignoring duplicate VSYNC event from HWC for display 4630946970282026130 (t=3332733189000)
12-08 09:32:16.417 W/HorizonStandalone(25980): Renderer: 'updateBegin(frameContext)' = (Result)ErrorNotReady -32
12-08 09:32:16.424 W/HWComposer( 2437): Ignoring duplicate VSYNC event from HWC for display 4630946970282026130 (t=3332747077000)
12-08 09:32:16.430 W/HorizonStandalone(25980): Renderer: 'updateBegin(frameContext)' = (Result)ErrorNotReady -32
12-08 09:32:16.437 W/HWComposer( 2437): Ignoring duplicate VSYNC event from HWC for display 4630946970282026130 (t=3332760964000)
12-08 09:32:16.444 W/HorizonStandalone(25980): Renderer: 'updateBegin(frameContext)' = (Result)ErrorNotReady -32
12-08 09:32:16.451 W/HWComposer( 2437): Ignoring duplicate VSYNC event from HWC for display 4630946970282026130 (t=3332774852000)
12-08 09:32:16.458 W/HorizonStandalone(25980): Renderer: 'updateBegin(frameContext)' = (Result)ErrorNotReady -32
12-08 09:32:16.465 W/HWComposer( 2437): Ignoring duplicate VSYNC event from HWC for display 4630946970282026130 (t=3332788740000)
12-08 09:32:16.472 W/HorizonStandalone(25980): Renderer: 'updateBegin(frameContext)' = (Result)ErrorNotReady -32
12-08 09:32:16.480 W/HWComposer( 2437): Ignoring duplicate VSYNC event from HWC for display 4630946970282026130 (t=3332802628000)
12-08 09:32:16.486 W/HorizonStandalone(25980): Renderer: 'updateBegin(frameContext)' = (Result)ErrorNotReady -32
12-08 09:32:16.494 W/HWComposer( 2437): Ignoring duplicate VSYNC event from HWC for display 4630946970282026130 (t=3332816516000)
12-08 09:32:16.500 W/HorizonStandalone(25980): Renderer: 'updateBegin(frameContext)' = (Result)ErrorNotReady -32
12-08 09:32:16.508 W/HWComposer( 2437): Ignoring duplicate VSYNC event from HWC for display 4630946970282026130 (t=3332830403000)
12-08 09:32:16.513 W/HorizonStandalone(25980): Renderer: 'updateBegin(frameContext)' = (Result)ErrorNotReady -32
12-08 09:32:16.521 W/HWComposer( 2437): Ignoring duplicate VSYNC event from HWC for display 4630946970282026130 (t=3332844291000)
12-08 09:32:16.526 I/VD628x  (  871): Flicker results: freq 706.773682, max 1122.596924, dcr 67.766739, pct 0.000114, idx 0.000119, conf 0.002136, snr -26.501362, svm 0.000411, sus 2
12-08 09:32:16.528 W/HorizonStandalone(25980): Renderer: 'updateBegin(frameContext)' = (Result)ErrorNotReady -32
12-08 09:32:16.535 W/HWComposer( 2437): Ignoring duplicate VSYNC event from HWC for display 4630946970282026130 (t=3332858179000)
12-08 09:32:16.541 W/HorizonStandalone(25980): Renderer: 'updateBegin(frameContext)' = (Result)ErrorNotReady -32
12-08 09:32:16.548 W/HWComposer( 2437): Ignoring duplicate VSYNC event from HWC for display 4630946970282026130 (t=3332872067000)
12-08 09:32:16.556 W/HorizonStandalone(25980): Renderer: 'updateBegin(frameContext)' = (Result)ErrorNotReady -32
12-08 09:32:16.562 W/HWComposer( 2437): Ignoring duplicate VSYNC event from HWC for display 4630946970282026130 (t=3332885955000)
12-08 09:32:16.569 W/HorizonStandalone(25980): Renderer: 'updateBegin(frameContext)' = (Result)ErrorNotReady -32
12-08 09:32:16.576 W/HWComposer( 2437): Ignoring duplicate VSYNC event from HWC for display 4630946970282026130 (t=3332899843000)
12-08 09:32:16.580 E/[CT]    ( 3567): CALIBRATION_RUNTIME: OnlineCalibrationSession: Calibration unsuccessful status code is 3.
12-08 09:32:16.583 W/HorizonStandalone(25980): Renderer: 'updateBegin(frameContext)' = (Result)ErrorNotReady -32
12-08 09:32:16.590 W/HWComposer( 2437): Ignoring duplicate VSYNC event from HWC for display 4630946970282026130 (t=3332913730000)
12-08 09:32:16.597 W/HorizonStandalone(25980): Renderer: 'updateBegin(frameContext)' = (Result)ErrorNotReady -32
12-08 09:32:16.604 W/HWComposer( 2437): Ignoring duplicate VSYNC event from HWC for display 4630946970282026130 (t=3332927618000)
12-08 09:32:16.611 W/HorizonStandalone(25980): Renderer: 'updateBegin(frameContext)' = (Result)ErrorNotReady -32
12-08 09:32:16.618 W/HWComposer( 2437): Ignoring duplicate VSYNC event from HWC for display 4630946970282026130 (t=3332941506000)
12-08 09:32:16.625 W/HorizonStandalone(25980): Renderer: 'updateBegin(frameContext)' = (Result)ErrorNotReady -32
12-08 09:32:16.632 W/HWComposer( 2437): Ignoring duplicate VSYNC event from HWC for display 4630946970282026130 (t=3332955394000)
12-08 09:32:16.639 W/HorizonStandalone(25980): Renderer: 'updateBegin(frameContext)' = (Result)ErrorNotReady -32
12-08 09:32:16.642 I/Tracking( 1772): CONSTELLATION_Right: [Throttled count=29] P+C Right: Applying Consistent Zero Velocity Update during slow motion.
12-08 09:32:16.646 W/HWComposer( 2437): Ignoring duplicate VSYNC event from HWC for display 4630946970282026130 (t=3332969282000)
12-08 09:32:16.652 W/HorizonStandalone(25980): Renderer: 'updateBegin(frameContext)' = (Result)ErrorNotReady -32
12-08 09:32:16.661 W/HWComposer( 2437): Ignoring duplicate VSYNC event from HWC for display 4630946970282026130 (t=3332983169000)
12-08 09:32:16.666 I/HorizonStandalone(25980): Entity: AetherManager::updateIBLEnvironment
12-08 09:32:16.666 I/System.out(25980): === CALLING_CREATE_VIDEO_PANEL_ENTITY ===
12-08 09:32:16.666 E/ImmersiveActivity(25980): === CALLING_CREATE_VIDEO_PANEL_ENTITY ===
12-08 09:32:16.666 I/System.out(25980): === CREATE_VIDEO_PANEL_ENTITY_CALLED ===
12-08 09:32:16.666 E/ImmersiveActivity(25980): === CREATE_VIDEO_PANEL_ENTITY_CALLED ===
12-08 09:32:16.666 I/ImmersiveActivity(25980): Creating video panel entity with Panel(R.id.ui_example)
12-08 09:32:16.667 W/HorizonStandalone(25980): Renderer: 'updateBegin(frameContext)' = (Result)ErrorNotReady -32
12-08 09:32:16.667 I/System.out(25980): === VIDEO_PANEL_ENTITY_CREATED ===
12-08 09:32:16.667 E/ImmersiveActivity(25980): === VIDEO_PANEL_ENTITY_CREATED ===
12-08 09:32:16.667 I/ImmersiveActivity(25980): Video panel entity created at (0, 1.1, -1.5) - visible and grabbable
12-08 09:32:16.667 D/CastInputForwardSystem(25980): onResume, recreating streamer
12-08 09:32:16.667 D/CastInputForwardSystem(25980): Loading panel app streamer
12-08 09:32:16.668 D/TelemetryManager(25980): QPL has not been initialized, let's initialize it.
12-08 09:32:16.670 E/QuickPerformanceLoggerImpl(25980): Failed to notify metadata collection or to visit QPL event
12-08 09:32:16.670 E/QuickPerformanceLoggerImpl(25980): java.lang.NoClassDefFoundError: Failed resolution of: Lcom/facebook/endtoend/EndToEnd;
12-08 09:32:16.670 E/QuickPerformanceLoggerImpl(25980): 	at com.facebook.quicklog.JestE2EQPLVisitor.visit(JestE2EQPLVisitor.java:70)
12-08 09:32:16.670 E/QuickPerformanceLoggerImpl(25980): 	at com.facebook.quicklog.QuickPerformanceLoggerImpl.lambda$preparePleForSending$13$com-facebook-quicklog-QuickPerformanceLoggerImpl(QuickPerformanceLoggerImpl.java:3189)
12-08 09:32:16.670 E/QuickPerformanceLoggerImpl(25980): 	at com.facebook.quicklog.QuickPerformanceLoggerImpl$$ExternalSyntheticLambda12.run(D8$$SyntheticClass:0)
12-08 09:32:16.670 E/QuickPerformanceLoggerImpl(25980): 	at com.google.common.util.concurrent.Futures$FutureCombiner$1.call(Futures.java:737)
12-08 09:32:16.670 E/QuickPerformanceLoggerImpl(25980): 	at com.google.common.util.concurrent.Futures$FutureCombiner$1.call(Futures.java:733)
