12-08 09:32:15.561 I/AppsFilter( 2051): interaction: PackageSetting{b7ee479 com.example.moonlight_spatialsdk/10176} -> PackageSetting{864b63a com.oculus.helpcenter/10105} BLOCKED
12-08 09:32:15.561 I/AppsFilter( 2051): interaction: PackageSetting{b7ee479 com.example.moonlight_spatialsdk/10176} -> PackageSetting{d4372eb com.android.hotspot2.osulogin/10004} BLOCKED
12-08 09:32:15.561 I/AppsFilter( 2051): interaction: PackageSetting{b7ee479 com.example.moonlight_spatialsdk/10176} -> PackageSetting{f7db848 com.camouflaj.manta/10022} BLOCKED
12-08 09:32:15.561 I/AppsFilter( 2051): interaction: PackageSetting{b7ee479 com.example.moonlight_spatialsdk/10176} -> PackageSetting{65d96e1 com.oculus.quickpromotionservice/10082} BLOCKED
12-08 09:32:15.561 I/AppsFilter( 2051): interaction: PackageSetting{b7ee479 com.example.moonlight_spatialsdk/10176} -> PackageSetting{cd7fc06 com.oculus.paracosmaavalanche/10164} BLOCKED
12-08 09:32:15.561 I/AppsFilter( 2051): interaction: PackageSetting{b7ee479 com.example.moonlight_spatialsdk/10176} -> PackageSetting{96452c7 com.facebook.arvr.quillplayer/10115} BLOCKED
12-08 09:32:15.561 I/AppsFilter( 2051): interaction: PackageSetting{b7ee479 com.example.moonlight_spatialsdk/10176} -> PackageSetting{dda10f4 com.LuckyVR.PokerStarsVR/10090} BLOCKED
12-08 09:32:15.561 I/AppsFilter( 2051): interaction: PackageSetting{b7ee479 com.example.moonlight_spatialsdk/10176} -> PackageSetting{7bbc01d com.meta.HyperscapeHmdCapture/10158} BLOCKED
12-08 09:32:15.561 I/AppsFilter( 2051): interaction: PackageSetting{b7ee479 com.example.moonlight_spatialsdk/10176} -> PackageSetting{2e7d292 com.android.captiveportallogin/10028} BLOCKED
12-08 09:32:15.561 I/AppsFilter( 2051): interaction: PackageSetting{b7ee479 com.example.moonlight_spatialsdk/10176} -> PackageSetting{dc95463 com.oculus.panelapp.calendar/10086} BLOCKED
12-08 09:32:15.561 I/AppsFilter( 2051): interaction: PackageSetting{b7ee479 com.example.moonlight_spatialsdk/10176} -> PackageSetting{e014860 com.oculus.highwindservice/10141} BLOCKED
12-08 09:32:15.561 I/AppsFilter( 2051): interaction: PackageSetting{b7ee479 com.example.moonlight_spatialsdk/10176} -> PackageSetting{4d94119 com.meta.pclinkservice.server/10047} BLOCKED
12-08 09:32:15.561 I/AppsFilter( 2051): interaction: PackageSetting{b7ee479 com.example.moonlight_spatialsdk/10176} -> PackageSetting{4ac85de com.meta.transport/10120} BLOCKED
12-08 09:32:15.561 I/AppsFilter( 2051): interaction: PackageSetting{b7ee479 com.example.moonlight_spatialsdk/10176} -> PackageSetting{5f2d3bf com.oculus.configuration/10055} BLOCKED
12-08 09:32:15.562 W/HWComposer( 2437): Ignoring duplicate VSYNC event from HWC for display 4630946970282026130 (t=3331886032000)
12-08 09:32:15.562 I/OpenXR  (25980): Loading 64-bit Runtime.
12-08 09:32:15.576 W/HWComposer( 2437): Ignoring duplicate VSYNC event from HWC for display 4630946970282026130 (t=3331899920000)
12-08 09:32:15.578 I/VrRuntimeClient(25980): VrRuntimeClient(): 0x703f8fe380
12-08 09:32:15.579 D/OsSdkLoader(25980): OSSDK loading module 'libossdk.oculus.so'
12-08 09:32:15.580 I/Tracking( 1772): CONSTELLATION:IMU_STATUS: 0x402c25cbf028a4e8 (R): [#Samples=2476] 804.671s | [FusionTracked=1.000, OutputTracked=1.000, OutputValid=1.000] [AccelSat=0.000, GyroSat=0.000] [AccelMinMeanMax: X=-1.950|0.045|2.673, Y=-7.391|-4.745|-3.100, Z=-10.233|-8.209|-4.362] [GyroMinMeanMax: X=-0.305|0.046|0.733, Y=-0.586|0.011|0.833, Z=-0.650|0.028|0.716] [AccelStuck: X=0|0.000, Y=0|0.000, Z=0|0.000] [GyroStuck: X=2|0.107, Y=3|-0.117, Z=3|-0.136]  [Current time=804.671s, last log time=799.671s]
12-08 09:32:15.580 E/[CT]    ( 3567): CALIBRATION_RUNTIME: OnlineCalibrationSession: Calibration unsuccessful status code is 3.
12-08 09:32:15.590 W/HWComposer( 2437): Ignoring duplicate VSYNC event from HWC for display 4630946970282026130 (t=3331913808000)
12-08 09:32:15.592 I/DriverLoader(25980): Calling into SetLegacyVrApiEntryPointOverride
12-08 09:32:15.592 I/VrApi_DriverLoader(25980): SetLegacyVrApiEntryPointOverride: calling sprintf
12-08 09:32:15.592 I/VrApi_DriverLoader(25980): SetLegacyVrApiEntryPointOverride: env buffer is '0x703f851bc8'
12-08 09:32:15.592 I/VrApi_DriverLoader(25980): SetLegacyVrApiEntryPointOverride: calling setenv
12-08 09:32:15.592 I/DriverLoader(25980): Creating Temp JNIEnv
12-08 09:32:15.592 I/DriverLoader(25980): Calling FindClass
12-08 09:32:15.592 I/DriverLoader(25980): Calling RegisterNativeVrApiLoaderMethods
12-08 09:32:15.592 I/VrApi_DriverLoader(25980): RegisterNativeVrApiLoaderMethods: calling RegisterNatives
12-08 09:32:15.592 I/DriverLoader(25980): Calling RegisterNativeXrLoaderMethods
12-08 09:32:15.592 I/OpenXR_DriverLoader(25980): RegisterNativeVrApiLoaderMethods: calling RegisterNatives
12-08 09:32:15.592 I/DriverLoader(25980): Exiting JNI_OnLoad
12-08 09:32:15.593 I/OpenXR_ClientState(25980): OpenXRClientState::create - from xrInitializeLoaderKHR
12-08 09:32:15.593 I/XrRuntimeSharedClientState(25980): SharedClientState::create called from 'OpenXRClientState::init'
12-08 09:32:15.593 I/ipcLoader [RUNTIMEIPC](25980): RuntimeIPC: Loader: IPC Service API Loader Version: 81 Dec  4 2025 07:47:30
12-08 09:32:15.593 I/ipcLoader [RUNTIMEIPC](25980): Using android_get_exported_namespace: libripcclient.oculus.so
12-08 09:32:15.596 I/ipcLoader [RUNTIMEIPC](25980): android_get_exported_namespace SUCCESS: libripcclient.oculus.so
12-08 09:32:15.596 I/RuntimeIPCSystem [RUNTIMEIPC](25980): RuntimeIPCSystem: Init called: Version: 81, Platform: Android, Build Date: Dec  7 2025, Build Time: 14:26:30, BuildMode: shared
12-08 09:32:15.597 I/MultiInstanceDetector [RUNTIMEIPC](25980): Multiple instances check passed. Socket name: INSTANCE_DETECTOR:25980
12-08 09:32:15.597 D/OsSdkLoader(25980): OSSDK loading module 'libossdk.oculus.so'
12-08 09:32:15.597 W/RuntimeIPCSystem [RUNTIMEIPC](25980): Init: Java VM is null
12-08 09:32:15.597 D/OsSdkLoader(25980): OSSDK loading module 'libripcmanager.oculus.so'
12-08 09:32:15.600 I/RuntimeIpcManager(25980): RuntimeIpcManager: attempting to get a service connection
12-08 09:32:15.601 I/RuntimeIpcBroker( 1733): [RuntimeIpcBroker] Attempting to retrieve package name and version for client
12-08 09:32:15.601 I/RuntimeIpcBroker( 1733): [RuntimeIpcBroker] Retrieving service manager for com.example.moonlight_spatialsdk
12-08 09:32:15.601 I/RuntimeIpcBroker( 1733): [RuntimeIpcBroker] Retrieving permission service [binder] from service manager for com.example.moonlight_spatialsdk
12-08 09:32:15.601 I/RuntimeIpcBroker( 1733): [RuntimeIpcBroker] Succesfully retrieved permission service [binder] from service manager for com.example.moonlight_spatialsdk
12-08 09:32:15.602 I/RuntimeIpcBroker( 1733): [RuntimeIpcBroker] Retrieving service manager for com.example.moonlight_spatialsdk
12-08 09:32:15.602 I/RuntimeIpcBroker( 1733): [RuntimeIpcBroker] Retrieving package_native service [binder] for com.example.moonlight_spatialsdk
12-08 09:32:15.602 I/RuntimeIpcBroker( 1733): [RuntimeIpcBroker] Succesfully retrieved package_native service [binder] for com.example.moonlight_spatialsdk
12-08 09:32:15.602 I/RuntimeIpcBroker( 1733): [RuntimeIpcBroker] Attempting to connect: com.example.moonlight_spatialsdk -- com.example.moonlight_spatialsdk, [uid: 10176, pid: 25980]
12-08 09:32:15.602 I/RuntimeIpcBroker( 1733): [RuntimeIpcBroker] Connections lock acquired
12-08 09:32:15.602 I/RuntimeIPCService [RUNTIMEIPC]( 1733): CreateBrokerConnection: Pre-lock BrokerConnections.Mutex: packageName: com.example.moonlight_spatialsdk, processName: com.example.moonlight_spatialsdk, pid: 25980
12-08 09:32:15.602 I/RuntimeIPCService [RUNTIMEIPC]( 1733): CreateBrokerConnection: [Client Descriptor - 25980:com.example.moonlight_spatialsdk:com.example.moonlight_spatialsdk] [Connection Id - 1271847983]
12-08 09:32:15.604 W/HWComposer( 2437): Ignoring duplicate VSYNC event from HWC for display 4630946970282026130 (t=3331927695000)
12-08 09:32:15.606 I/RuntimeIpcBroker( 1733): [RuntimeIpcBroker] initClientId successful on client binder
12-08 09:32:15.606 I/RuntimeIpcBroker( 1733): [RuntimeIpcBroker] Connection established for com.example.moonlight_spatialsdk -- com.example.moonlight_spatialsdk, [uid: 10176, pid: 25980]
12-08 09:32:15.606 I/RuntimeIpcManager(25980): RuntimeIpcManager: Binder call to service->connect SUCCESS
12-08 09:32:15.606 V/RuntimeIPCService [RUNTIMEIPC]( 1733): GetServiceBinder: com.example.moonlight_spatialsdk:com.example.moonlight_spatialsdk:25980
12-08 09:32:15.609 V/IPCDataChannelAndroidBinder [RUNTIMEIPC]( 1733): alloc binder info: 11
12-08 09:32:15.609 D/IPCDataChannelServer [RUNTIMEIPC]( 1733): Connected: 1271847983, com.example.moonlight_spatialsdk:com.example.moonlight_spatialsdk:25980
12-08 09:32:15.610 W/SensorControl( 1772): No exposure settings will be updated on slot idx: 3 because exposure/gain changes are too small or identical.
12-08 09:32:15.610 I/BrokerRPC [RUNTIMEIPC](25980): InitRPCToServiceInternal: Success
12-08 09:32:15.611 I/RuntimeIPCSystem [RUNTIMEIPC](25980): RuntimeIPCSystem: Init SUCCESS: Version: 81, Platform: Android, Build Date: Dec  7 2025, Build Time: 14:26:30, BuildMode: shared
12-08 09:32:15.611 W/RuntimeIPCService [RUNTIMEIPC]( 1733): SetServerList: Connection not allowed to register servers. Package: com.example.moonlight_spatialsdk, Process: com.example.moonlight_spatialsdk
12-08 09:32:15.611 I/RipcServerMgr [RUNTIMEIPC](25980): UpdateServerListOnBroker (pid: 25980): SUCCESS (shouldNotify=true): []
12-08 09:32:15.611 I/RuntimeIpcHelperService( 2051): Going to start ComponentInfo{com.oculus.systemdriver/com.oculus.vrruntimeservice.VrRuntimeService} as foreground, Calling uid: 10176 pid: 25980
12-08 09:32:15.613 I/ClientProcessConnector [RUNTIMEIPC](25980): GetProcessConnection: com.oculus.systemdriver:com.oculus.vrruntimeservice
12-08 09:32:15.613 I/RipcServerClientHandler [RUNTIMEIPC]( 3567): Event buffer size (server): 8192
12-08 09:32:15.613 I/RipcServerMgr [RUNTIMEIPC]( 3567): HandleClientConnect SUCCESS: Client: com.example.moonlight_spatialsdk:com.example.moonlight_spatialsdk:25980:, Server: com.oculus.systemdriver:com.oculus.vrruntimeservice (gkcache)
12-08 09:32:15.614 I/RipcClient [RUNTIMEIPC](25980): Event buffer size (client): 8192
12-08 09:32:15.614 I/RipcClient [RUNTIMEIPC](25980): TryToGetIPCResourcesFromServer: RPC_CONNECTOR_CONNECT_TO_SERVER SUCCESS: Client: com.example.moonlight_spatialsdk:com.example.moonlight_spatialsdk:25980, Server: com.oculus.systemdriver:com.oculus.vrruntimeservice:0 (gkcache), Version: 81, Platform: Android, Build Date: Dec  7 2025, Build Time: 14:26:30, BuildMode: shared
12-08 09:32:15.614 I/RipcClient [RUNTIMEIPC](25980): EnsureServerConnection: SUCCESS. Client: com.example.moonlight_spatialsdk:com.example.moonlight_spatialsdk:25980, Server: com.oculus.systemdriver:com.oculus.vrruntimeservice:0 (gkcache)
12-08 09:32:15.614 I/RipcClient [RUNTIMEIPC](25980): [RIPC_CONNECT_LOG] ConnectToServer: SUCCESS: Client: com.example.moonlight_spatialsdk:com.example.moonlight_spatialsdk:25980, Server: com.oculus.systemdriver:com.oculus.vrruntimeservice:0 (gkcache)
12-08 09:32:15.614 W/REFLECT [RUNTIMEIPC]( 3567): Disabling all permissions (ONLY USE IN TESTS): 1271843114:com.example.moonlight_spatialsdk/com.example.moonlight_spatialsdk (10176:25980), mask: 11111111111111111111111111111111
12-08 09:32:15.614 I/GkCacheQuerierServer( 3567): Client 1271843114 from com.example.moonlight_spatialsdk:25980 connected.
12-08 09:32:15.615 I/RipcClient [RUNTIMEIPC](25980): InitServerStateBuffer: SUCCESS. 0, Client: com.example.moonlight_spatialsdk:com.example.moonlight_spatialsdk:25980, Server: com.oculus.systemdriver:com.oculus.vrruntimeservice:0 (gkcache)
12-08 09:32:15.616 I/OpenXR_ClientState(25980): Client state creation succeeded.
12-08 09:32:15.616 V/OpenXR  (25980): OpenXRForwardLoader::xrInitializeLoaderKHR [end]
12-08 09:32:15.616 V/OpenXR  (25980): OpenXRForwardLoader::xrNegotiateLoaderRuntimeInterface [start]
12-08 09:32:15.617 V/OpenXR  (25980): OpenXRForwardLoader::xrNegotiateLoaderRuntimeInterface [end]
12-08 09:32:15.617 I/OpenXR-Loader(25980): Info [GENERAL | xrEnumerateInstanceExtensionProperties | OpenXR-Loader] : RuntimeInterface::LoadRuntime succeeded loading runtime defined in manifest file /odm/etc/openxr/1/active_runtime.aarch64.json using interface version 1 and OpenXR API version 1.0
12-08 09:32:15.618 W/HWComposer( 2437): Ignoring duplicate VSYNC event from HWC for display 4630946970282026130 (t=3331941583000)
12-08 09:32:15.623 I/ApplicationAttributes(25980): IsPrivileged 0
12-08 09:32:15.623 I/OpenXR  (25980): Is_X_PartnerGateKeeper
12-08 09:32:15.623 I/OpenXR  (25980): PGK Status: exp = 0, dc = true
12-08 09:32:15.623 I/OpenXR  (25980): Extension status: APC
12-08 09:32:15.624 I/ApplicationAttributes(25980): IsSystem 0
12-08 09:32:15.627 E/libosutils(25980): Failed to get real path of file '/sys/devices/soc0/oem_variant', err: Permission denied
12-08 09:32:15.627 E/libosutils(25980): Failed to get real path of file '/sys/devices/soc0/platform_subtype_id', err: Permission denied
12-08 09:32:15.627 E/libosutils(25980): Failed to get real path of file '/sys/devices/soc0/platform_version', err: Permission denied
12-08 09:32:15.627 W/libdeviceid(25980): DeviceId unknown with subtype FFFFFFFF and version: 0xFFFFFFFF
12-08 09:32:15.623 W/Thread-4(25980): type=1400 audit(0.0:533): avc:  denied  { search } for  name="soc0" dev="sysfs" ino=67225 scontext=u:r:untrusted_app:s0:c176,c256,c512,c768 tcontext=u:object_r:vendor_sysfs_soc:s0 tclass=dir permissive=0 app=com.example.moonlight_spatialsdk
12-08 09:32:15.623 W/Thread-4(25980): type=1400 audit(0.0:534): avc:  denied  { search } for  name="soc0" dev="sysfs" ino=67225 scontext=u:r:untrusted_app:s0:c176,c256,c512,c768 tcontext=u:object_r:vendor_sysfs_soc:s0 tclass=dir permissive=0 app=com.example.moonlight_spatialsdk
12-08 09:32:15.623 W/Thread-4(25980): type=1400 audit(0.0:535): avc:  denied  { search } for  name="soc0" dev="sysfs" ino=67225 scontext=u:r:untrusted_app:s0:c176,c256,c512,c768 tcontext=u:object_r:vendor_sysfs_soc:s0 tclass=dir permissive=0 app=com.example.moonlight_spatialsdk
12-08 09:32:15.628 W/ServiceManagerCppClient( 1777): Permission failure: horizonos.permission.SET_VR_DEVICE_PARAMS from uid=10176 pid=25980
12-08 09:32:15.628 D/PermissionCache( 1777): checking horizonos.permission.SET_VR_DEVICE_PARAMS for uid=10176 => denied (583 us)
12-08 09:32:15.628 E/VrDeviceManagerService( 1777): Permission denied: process 25980 (uid 10176) doesn't have the required permission: horizonos.permission.SET_VR_DEVICE_PARAMS
12-08 09:32:15.628 W/ServiceManagerCppClient( 1777): Permission failure: horizonos.permission.READ_VR_DEVICE_PARAMS from uid=10176 pid=25980
12-08 09:32:15.628 D/PermissionCache( 1777): checking horizonos.permission.READ_VR_DEVICE_PARAMS for uid=10176 => denied (115 us)
12-08 09:32:15.628 E/VrDeviceManagerService( 1777): Permission denied: process 25980 (uid 10176) doesn't have the required permission: horizonos.permission.READ_VR_DEVICE_PARAMS
12-08 09:32:15.629 E/VrDeviceManagerService( 1777): Permission denied: process 25980 (uid 10176) doesn't have the required permission: horizonos.permission.SET_VR_DEVICE_PARAMS
12-08 09:32:15.629 E/VrDeviceManagerService( 1777): Permission denied: process 25980 (uid 10176) doesn't have the required permission: horizonos.permission.READ_VR_DEVICE_PARAMS
12-08 09:32:15.629 E/VrDeviceManagerService( 1777): Permission denied: process 25980 (uid 10176) doesn't have the required permission: horizonos.permission.SET_VR_DEVICE_PARAMS
12-08 09:32:15.629 E/VrDeviceManagerService( 1777): Permission denied: process 25980 (uid 10176) doesn't have the required permission: horizonos.permission.READ_VR_DEVICE_PARAMS
12-08 09:32:15.629 E/VrDeviceManagerService( 1777): Permission denied: process 25980 (uid 10176) doesn't have the required permission: horizonos.permission.SET_VR_DEVICE_PARAMS
12-08 09:32:15.629 E/VrDeviceManagerService( 1777): Permission denied: process 25980 (uid 10176) doesn't have the required permission: horizonos.permission.READ_VR_DEVICE_PARAMS
12-08 09:32:15.631 E/VrDeviceManagerService( 1777): Permission denied: process 25980 (uid 10176) doesn't have the required permission: horizonos.permission.SET_VR_DEVICE_PARAMS
12-08 09:32:15.631 E/VrDeviceManagerService( 1777): Permission denied: process 25980 (uid 10176) doesn't have the required permission: horizonos.permission.READ_VR_DEVICE_PARAMS
12-08 09:32:15.631 W/libc    (25980): Access denied finding property "ro.vendor.product.model_extended"
12-08 09:32:15.632 I/OpenXR  (25980): xrEnumerateInstanceExtensionProperties: skipping extension=`XR_FBX1_hand_tracking_confidence` due to: Tier=50 extState=APC deviceIsExpEnabled=false expManifestSet=true isFirstPartyApp=false isSystemApp=false
12-08 09:32:15.632 I/OpenXR  (25980): xrEnumerateInstanceExtensionProperties: skipping extension=`XR_METAX1_hand_tracking_joint_visibility` due to: Tier=50 extState=APC deviceIsExpEnabled=false expManifestSet=true isFirstPartyApp=false isSystemApp=false
12-08 09:32:15.632 I/OpenXR  (25980): xrEnumerateInstanceExtensionProperties: skipping extension=`XR_METAX2_hand_tracking_microgestures` due to: Tier=50 extState=APC deviceIsExpEnabled=false expManifestSet=true isFirstPartyApp=false isSystemApp=false
12-08 09:32:15.632 I/OpenXR  (25980): xrEnumerateInstanceExtensionProperties: skipping extension=`XR_METAX1_full_body_tracking` due to: Tier=50 extState=APC deviceIsExpEnabled=false expManifestSet=true isFirstPartyApp=false isSystemApp=false
12-08 09:32:15.632 W/HWComposer( 2437): Ignoring duplicate VSYNC event from HWC for display 4630946970282026130 (t=3331955471000)
12-08 09:32:15.632 I/OpenXR  (25980): xrEnumerateInstanceExtensionProperties: skipping extension=`XR_META_body_tracking_full_body` due to: missing uses-feature string `com.oculus.software.body_tracking` from AndroidManifest
12-08 09:32:15.632 I/OpenXR  (25980): xrEnumerateInstanceExtensionProperties: skipping extension=`XR_FB_body_tracking` due to: missing uses-feature string `com.oculus.software.body_tracking` from AndroidManifest
12-08 09:32:15.632 I/OpenXR  (25980): xrEnumerateInstanceExtensionProperties: skipping extension=`XR_FBX1_body_tracking_config` due to: Tier=55 extState=APC deviceIsExpEnabled=false expManifestSet=true isFirstPartyApp=false isSystemApp=false
12-08 09:32:15.632 I/OpenXR  (25980): Checking for permission horizonos.permission.USE_ANCHOR_API of package com.example.moonlight_spatialsdk
12-08 09:32:15.635 D/CompatibilityChangeReporter(25980): Compat change id reported: 247079863; UID 10176; state: ENABLED
12-08 09:32:15.637 I/OpenXR  (25980): Required permission horizonos.permission.USE_ANCHOR_API is missing, retrying check as com.oculus.permission.USE_ANCHOR_API -> 0
12-08 09:32:15.637 I/OpenXR  (25980): xrEnumerateInstanceExtensionProperties: skipping extension=`XR_FB_spatial_entity` due to: missing uses-permission string `horizonos.permission.USE_ANCHOR_API` from AndroidManifest in package `com.example.moonlight_spatialsdk`
12-08 09:32:15.637 I/OpenXR  (25980): Checking for permission com.oculus.permission.RENDER_MODEL of package com.example.moonlight_spatialsdk
12-08 09:32:15.637 I/OpenXR  (25980): checkTrexKillswitchGk 'oculus_trex_render_model_killsw' = false
12-08 09:32:15.637 I/OpenXR  (25980): PassesGKKillswitch 1
12-08 09:32:15.637 I/OpenXR  (25980): Checking for permission horizonos.permission.USE_ANCHOR_API of package com.example.moonlight_spatialsdk
12-08 09:32:15.640 I/OpenXR  (25980): Required permission horizonos.permission.USE_ANCHOR_API is missing, retrying check as com.oculus.permission.USE_ANCHOR_API -> 0
12-08 09:32:15.640 I/OpenXR  (25980): xrEnumerateInstanceExtensionProperties: skipping extension=`XR_FB_spatial_entity_query` due to: missing uses-permission string `horizonos.permission.USE_ANCHOR_API` from AndroidManifest in package `com.example.moonlight_spatialsdk`
12-08 09:32:15.640 I/OpenXR  (25980): Checking for permission horizonos.permission.USE_ANCHOR_API of package com.example.moonlight_spatialsdk
12-08 09:32:15.641 I/OpenXR  (25980): Required permission horizonos.permission.USE_ANCHOR_API is missing, retrying check as com.oculus.permission.USE_ANCHOR_API -> 0
12-08 09:32:15.641 I/OpenXR  (25980): xrEnumerateInstanceExtensionProperties: skipping extension=`XR_META_spatial_entity_persistence` due to: missing uses-permission string `horizonos.permission.USE_ANCHOR_API` from AndroidManifest in package `com.example.moonlight_spatialsdk`
12-08 09:32:15.641 I/OpenXR  (25980): xrEnumerateInstanceExtensionProperties: skipping extension=`XR_METAX1_spatial_entity_room_sharing` due to: Tier=50 extState=APC deviceIsExpEnabled=false expManifestSet=true isFirstPartyApp=false isSystemApp=false
12-08 09:32:15.641 I/OpenXR  (25980): Checking for permission horizonos.permission.USE_ANCHOR_API of package com.example.moonlight_spatialsdk
12-08 09:32:15.643 I/OpenXR  (25980): Required permission horizonos.permission.USE_ANCHOR_API is missing, retrying check as com.oculus.permission.USE_ANCHOR_API -> 0
12-08 09:32:15.643 I/OpenXR  (25980): xrEnumerateInstanceExtensionProperties: skipping extension=`XR_META_spatial_entity_discovery` due to: missing uses-permission string `horizonos.permission.USE_ANCHOR_API` from AndroidManifest in package `com.example.moonlight_spatialsdk`
12-08 09:32:15.643 I/OpenXR  (25980): xrEnumerateInstanceExtensionProperties: skipping extension=`XR_FBX1_touch_controller_extras` due to: Tier=40 extState=APC deviceIsExpEnabled=false expManifestSet=true isFirstPartyApp=false isSystemApp=false
12-08 09:32:15.643 I/OpenXR  (25980): xrEnumerateInstanceExtensionProperties: skipping extension=`XR_FBX3_touch_controller_pro` due to: Tier=55 extState=APC deviceIsExpEnabled=false expManifestSet=true isFirstPartyApp=false isSystemApp=false
12-08 09:32:15.643 I/OpenXR  (25980): xrEnumerateInstanceExtensionProperties: skipping extension=`XR_FBX1_touch_controller_pro` due to: Tier=55 extState=APC deviceIsExpEnabled=false expManifestSet=true isFirstPartyApp=false isSystemApp=false
12-08 09:32:15.643 I/OpenXR  (25980): xrEnumerateInstanceExtensionProperties: skipping extension=`XR_FBX1_haptic_amplitude_envelope` due to: Tier=55 extState=APC deviceIsExpEnabled=false expManifestSet=true isFirstPartyApp=false isSystemApp=false
12-08 09:32:15.643 I/OpenXR  (25980): xrEnumerateInstanceExtensionProperties: skipping extension=`XR_FBX1_haptic_tone` due to: Tier=55 extState=APC deviceIsExpEnabled=false expManifestSet=true isFirstPartyApp=false isSystemApp=false
12-08 09:32:15.643 I/OpenXR  (25980): Checking for permission horizonos.permission.USE_ANCHOR_API of package com.example.moonlight_spatialsdk
12-08 09:32:15.644 I/OpenXR  (25980): Required permission horizonos.permission.USE_ANCHOR_API is missing, retrying check as com.oculus.permission.USE_ANCHOR_API -> 0
12-08 09:32:15.644 I/OpenXR  (25980): xrEnumerateInstanceExtensionProperties: skipping extension=`XR_FB_spatial_entity_storage` due to: missing uses-permission string `horizonos.permission.USE_ANCHOR_API` from AndroidManifest in package `com.example.moonlight_spatialsdk`
12-08 09:32:15.644 I/OpenXR  (25980): Checking for permission horizonos.permission.USE_ANCHOR_API of package com.example.moonlight_spatialsdk
12-08 09:32:15.646 W/HWComposer( 2437): Ignoring duplicate VSYNC event from HWC for display 4630946970282026130 (t=3331969359000)
12-08 09:32:15.646 I/OpenXR  (25980): Required permission horizonos.permission.USE_ANCHOR_API is missing, retrying check as com.oculus.permission.USE_ANCHOR_API -> 0
12-08 09:32:15.646 I/OpenXR  (25980): xrEnumerateInstanceExtensionProperties: skipping extension=`XR_FB_spatial_entity_storage_batch` due to: missing uses-permission string `horizonos.permission.USE_ANCHOR_API` from AndroidManifest in package `com.example.moonlight_spatialsdk`
12-08 09:32:15.646 I/OpenXR  (25980): Checking for permission horizonos.permission.IMPORT_EXPORT_IOT_MAP_DATA of package com.example.moonlight_spatialsdk
12-08 09:32:15.648 I/OpenXR  (25980): Required permission horizonos.permission.IMPORT_EXPORT_IOT_MAP_DATA is missing, retrying check as com.oculus.permission.IMPORT_EXPORT_IOT_MAP_DATA -> 0
12-08 09:32:15.648 I/OpenXR  (25980): xrEnumerateInstanceExtensionProperties: skipping extension=`XR_FB_spatial_entity_sharing` due to: missing uses-permission string `horizonos.permission.IMPORT_EXPORT_IOT_MAP_DATA` from AndroidManifest in package `com.example.moonlight_spatialsdk`
12-08 09:32:15.648 I/OpenXR  (25980): Checking for permission horizonos.permission.IMPORT_EXPORT_IOT_MAP_DATA of package com.example.moonlight_spatialsdk
12-08 09:32:15.650 I/OpenXR  (25980): Required permission horizonos.permission.IMPORT_EXPORT_IOT_MAP_DATA is missing, retrying check as com.oculus.permission.IMPORT_EXPORT_IOT_MAP_DATA -> 0
12-08 09:32:15.650 I/OpenXR  (25980): xrEnumerateInstanceExtensionProperties: skipping extension=`XR_META_spatial_entity_sharing` due to: missing uses-permission string `horizonos.permission.IMPORT_EXPORT_IOT_MAP_DATA` from AndroidManifest in package `com.example.moonlight_spatialsdk`
12-08 09:32:15.650 I/OpenXR  (25980): Checking for permission horizonos.permission.IMPORT_EXPORT_IOT_MAP_DATA of package com.example.moonlight_spatialsdk
12-08 09:32:15.652 I/OpenXR  (25980): Required permission horizonos.permission.IMPORT_EXPORT_IOT_MAP_DATA is missing, retrying check as com.oculus.permission.IMPORT_EXPORT_IOT_MAP_DATA -> 0
12-08 09:32:15.652 I/OpenXR  (25980): xrEnumerateInstanceExtensionProperties: skipping extension=`XR_META_spatial_entity_group_sharing` due to: missing uses-permission string `horizonos.permission.IMPORT_EXPORT_IOT_MAP_DATA` from AndroidManifest in package `com.example.moonlight_spatialsdk`
12-08 09:32:15.652 I/OpenXR  (25980): Checking for permission horizonos.permission.USE_ANCHOR_API of package com.example.moonlight_spatialsdk
12-08 09:32:15.653 I/OpenXR  (25980): Required permission horizonos.permission.USE_ANCHOR_API is missing, retrying check as com.oculus.permission.USE_ANCHOR_API -> 0
12-08 09:32:15.653 I/OpenXR  (25980): xrEnumerateInstanceExtensionProperties: skipping extension=`XR_FB_spatial_entity_container` due to: missing uses-permission string `horizonos.permission.USE_ANCHOR_API` from AndroidManifest in package `com.example.moonlight_spatialsdk`
12-08 09:32:15.653 I/OpenXR  (25980): Checking for permission com.oculus.permission.USE_COLOCATION_DISCOVERY_API of package com.example.moonlight_spatialsdk
12-08 09:32:15.654 I/OpenXR  (25980): xrEnumerateInstanceExtensionProperties: skipping extension=`XR_META_colocation_discovery` due to: missing uses-permission string `com.oculus.permission.USE_COLOCATION_DISCOVERY_API` from AndroidManifest in package `com.example.moonlight_spatialsdk`
12-08 09:32:15.655 I/OpenXR  (25980): Checking for permission horizonos.permission.USE_ANCHOR_API of package com.example.moonlight_spatialsdk
12-08 09:32:15.656 I/OpenXR  (25980): Required permission horizonos.permission.USE_ANCHOR_API is missing, retrying check as com.oculus.permission.USE_ANCHOR_API -> 0
12-08 09:32:15.656 I/OpenXR  (25980): xrEnumerateInstanceExtensionProperties: skipping extension=`XR_FB_scene` due to: missing uses-permission string `horizonos.permission.USE_ANCHOR_API` from AndroidManifest in package `com.example.moonlight_spatialsdk`
12-08 09:32:15.656 I/OpenXR  (25980): Checking for permission horizonos.permission.USE_ANCHOR_API of package com.example.moonlight_spatialsdk
12-08 09:32:15.657 I/OpenXR  (25980): Required permission horizonos.permission.USE_ANCHOR_API is missing, retrying check as com.oculus.permission.USE_ANCHOR_API -> 0
12-08 09:32:15.657 I/OpenXR  (25980): xrEnumerateInstanceExtensionProperties: skipping extension=`XR_FB_scene_capture` due to: missing uses-permission string `horizonos.permission.USE_ANCHOR_API` from AndroidManifest in package `com.example.moonlight_spatialsdk`
12-08 09:32:15.657 I/OpenXR  (25980): xrEnumerateInstanceExtensionProperties: skipping extension=`XR_FBX1_plane` due to: Tier=55 extState=APC deviceIsExpEnabled=false expManifestSet=true isFirstPartyApp=false isSystemApp=false
12-08 09:32:15.657 I/OpenXR  (25980): xrEnumerateInstanceExtensionProperties: skipping extension=`XR_METAX1_spatial_entity_mesh` due to: Tier=50 extState=APC deviceIsExpEnabled=false expManifestSet=true isFirstPartyApp=false isSystemApp=false
12-08 09:32:15.657 I/OpenXR  (25980): Checking for permission horizonos.permission.USE_SCENE of package com.example.moonlight_spatialsdk
12-08 09:32:15.660 W/HWComposer( 2437): Ignoring duplicate VSYNC event from HWC for display 4630946970282026130 (t=3331983247000)
12-08 09:32:15.660 I/OpenXR  (25980): Required permission horizonos.permission.USE_SCENE is missing, retrying check as com.oculus.permission.USE_SCENE -> 0
12-08 09:32:15.660 I/OpenXR  (25980): xrEnumerateInstanceExtensionProperties: skipping extension=`XR_META_spatial_entity_mesh` due to: missing uses-permission string `horizonos.permission.USE_SCENE` from AndroidManifest in package `com.example.moonlight_spatialsdk`
12-08 09:32:15.660 I/OpenXR  (25980): xrEnumerateInstanceExtensionProperties: skipping extension=`XR_METAX2_spatial_entity_room_mesh` due to: Tier=50 extState=APC deviceIsExpEnabled=false expManifestSet=true isFirstPartyApp=false isSystemApp=false
12-08 09:32:15.660 I/OpenXR  (25980): Checking for permission horizonos.permission.USE_SCENE of package com.example.moonlight_spatialsdk
12-08 09:32:15.661 I/OpenXR  (25980): Required permission horizonos.permission.USE_SCENE is missing, retrying check as com.oculus.permission.USE_SCENE -> 0
12-08 09:32:15.661 I/OpenXR  (25980): xrEnumerateInstanceExtensionProperties: skipping extension=`XR_META_spatial_entity_room_mesh` due to: missing uses-permission string `horizonos.permission.USE_SCENE` from AndroidManifest in package `com.example.moonlight_spatialsdk`
12-08 09:32:15.662 I/OpenXR  (25980): xrEnumerateInstanceExtensionProperties: skipping extension=`XR_FB_face_tracking` due to: missing uses-feature string `oculus.software.face_tracking` from AndroidManifest
12-08 09:32:15.662 I/OpenXR  (25980): xrEnumerateInstanceExtensionProperties: skipping extension=`XR_FB_face_tracking2` due to: missing uses-feature string `oculus.software.face_tracking` from AndroidManifest
12-08 09:32:15.662 I/OpenXR  (25980): xrEnumerateInstanceExtensionProperties: skipping extension=`XR_METAX1_face_tracking_visemes` due to: Tier=50 extState=APC deviceIsExpEnabled=false expManifestSet=true isFirstPartyApp=false isSystemApp=false
12-08 09:32:15.662 I/OpenXR  (25980): xrEnumerateInstanceExtensionProperties: skipping extension=`XR_META_face_tracking_visemes` due to: missing uses-feature string `oculus.software.face_tracking` from AndroidManifest
12-08 09:32:15.662 I/OpenXR  (25980): xrEnumerateInstanceExtensionProperties: skipping extension=`XR_FBX1_face_tracking_config` due to: Tier=55 extState=APC deviceIsExpEnabled=false expManifestSet=true isFirstPartyApp=false isSystemApp=false
12-08 09:32:15.662 I/OpenXR  (25980): xrEnumerateInstanceExtensionProperties: skipping extension 'XR_META_local_dimming' as device requirements requirements (16) are not met.
12-08 09:32:15.662 I/OpenXR  (25980): xrEnumerateInstanceExtensionProperties: skipping extension=`XR_METAX1_local_dimming` due to: Tier=55 extState=APC deviceIsExpEnabled=false expManifestSet=true isFirstPartyApp=false isSystemApp=false
12-08 09:32:15.662 I/OpenXR  (25980): xrEnumerateInstanceExtensionProperties: skipping extension=`XR_META_foveation_eye_tracked` due to: missing uses-feature string `oculus.software.eye_tracking` from AndroidManifest
12-08 09:32:15.662 I/OpenXR  (25980): xrEnumerateInstanceExtensionProperties: skipping extension=`XR_FBX1_eye_tracking` due to: Tier=55 extState=APC deviceIsExpEnabled=false expManifestSet=true isFirstPartyApp=false isSystemApp=false
12-08 09:32:15.662 I/OpenXR  (25980): xrEnumerateInstanceExtensionProperties: skipping extension=`XR_FBX1_eye_tracking_social` due to: Tier=55 extState=APC deviceIsExpEnabled=false expManifestSet=true isFirstPartyApp=false isSystemApp=false
12-08 09:32:15.662 I/OpenXR  (25980): xrEnumerateInstanceExtensionProperties: skipping extension=`XR_FB_eye_tracking_social` due to: missing uses-feature string `oculus.software.eye_tracking` from AndroidManifest
12-08 09:32:15.662 I/OpenXR  (25980): xrEnumerateInstanceExtensionProperties: skipping extension=`XR_FBX1_eye_tracking_social_config` due to: Tier=55 extState=APC deviceIsExpEnabled=false expManifestSet=true isFirstPartyApp=false isSystemApp=false
12-08 09:32:15.662 I/OpenXR  (25980): xrEnumerateInstanceExtensionProperties: skipping extension=`XR_FBX1_composition_layer_settings` due to: Tier=40 extState=APC deviceIsExpEnabled=false expManifestSet=true isFirstPartyApp=false isSystemApp=false
12-08 09:32:15.662 I/OpenXR  (25980): xrEnumerateInstanceExtensionProperties: skipping extension=`XR_METAX1_feature_fidelity` due to: Tier=55 extState=APC deviceIsExpEnabled=false expManifestSet=true isFirstPartyApp=false isSystemApp=false
12-08 09:32:15.662 I/OpenXR  (25980): xrEnumerateInstanceExtensionProperties: skipping extension=`XR_FBX1_composition_layer_depth_test` due to: Tier=40 extState=APC deviceIsExpEnabled=false expManifestSet=true isFirstPartyApp=false isSystemApp=false
12-08 09:32:15.662 I/OpenXR  (25980): Checking for permission horizonos.permission.EYE_TRACKING of package com.example.moonlight_spatialsdk
12-08 09:32:15.663 I/OpenXR  (25980): Required permission horizonos.permission.EYE_TRACKING is missing, retrying check as com.oculus.permission.EYE_TRACKING -> 0
12-08 09:32:15.663 I/OpenXR  (25980): xrEnumerateInstanceExtensionProperties: skipping extension=`XR_EXT_eye_gaze_interaction` due to: missing uses-permission string `horizonos.permission.EYE_TRACKING` from AndroidManifest in package `com.example.moonlight_spatialsdk`
12-08 09:32:15.664 I/OpenXR  (25980): xrEnumerateInstanceExtensionProperties: skipping extension=`XR_METAX1_hand_tracking_body_fusion` due to: Tier=50 extState=APC deviceIsExpEnabled=false expManifestSet=true isFirstPartyApp=false isSystemApp=false
12-08 09:32:15.664 I/OpenXR  (25980): xrEnumerateInstanceExtensionProperties: skipping extension=`XR_META_hand_tracking_wide_motion_mode` due to: missing uses-feature string `com.oculus.software.body_tracking` from AndroidManifest
12-08 09:32:15.664 I/OpenXR  (25980): xrEnumerateInstanceExtensionProperties: skipping extension=`XR_METAX1_hand_tracking_wide_motion_mode2` due to: Tier=50 extState=APC deviceIsExpEnabled=false expManifestSet=true isFirstPartyApp=false isSystemApp=false
12-08 09:32:15.664 I/OpenXR  (25980): xrEnumerateInstanceExtensionProperties: skipping extension=`XR_METAX1_hand_tracking_frequency_hint` due to: Tier=50 extState=APC deviceIsExpEnabled=false expManifestSet=true isFirstPartyApp=false isSystemApp=false
12-08 09:32:15.664 I/OpenXR  (25980): xrEnumerateInstanceExtensionProperties: skipping extension=`XR_METAX1_hand_tracking_unextrapolated_poses` due to: Tier=50 extState=APC deviceIsExpEnabled=false expManifestSet=true isFirstPartyApp=false isSystemApp=false
12-08 09:32:15.664 I/OpenXR  (25980): xrEnumerateInstanceExtensionProperties: skipping extension=`XR_EXTX1_hand_tracking_data_source` due to: Tier=40 extState=APC deviceIsExpEnabled=false expManifestSet=true isFirstPartyApp=false isSystemApp=false
12-08 09:32:15.664 I/OpenXR  (25980): xrEnumerateInstanceExtensionProperties: skipping extension=`XR_METAX1_performance_metrics` due to: Tier=40 extState=APC deviceIsExpEnabled=false expManifestSet=true isFirstPartyApp=false isSystemApp=false
12-08 09:32:15.664 I/OpenXR  (25980): xrEnumerateInstanceExtensionProperties: skipping extension=`XR_METAX1_spatial_entity_marker` due to: Tier=40 extState=APC deviceIsExpEnabled=false expManifestSet=true isFirstPartyApp=false isSystemApp=false
12-08 09:32:15.664 I/OpenXR  (25980): xrEnumerateInstanceExtensionProperties: skipping extension=`XR_METAX1_virtual_keyboard` due to: Tier=40 extState=APC deviceIsExpEnabled=false expManifestSet=true isFirstPartyApp=false isSystemApp=false
12-08 09:32:15.664 I/OpenXR  (25980): xrEnumerateInstanceExtensionProperties: skipping extension=`XR_METAX2_virtual_keyboard` due to: Tier=40 extState=APC deviceIsExpEnabled=false expManifestSet=true isFirstPartyApp=false isSystemApp=false
12-08 09:32:15.664 I/OpenXR  (25980): xrEnumerateInstanceExtensionProperties: skipping extension=`XR_METAX1_fitness_toolkit` due to: Tier=50 extState=APC deviceIsExpEnabled=false expManifestSet=true isFirstPartyApp=false isSystemApp=false
12-08 09:32:15.664 I/OpenXR  (25980): xrEnumerateInstanceExtensionProperties: skipping extension=`XR_EXTX1_event_channel` due to: Tier=40 extState=APC deviceIsExpEnabled=false expManifestSet=true isFirstPartyApp=false isSystemApp=false
12-08 09:32:15.664 I/OpenXR  (25980): xrEnumerateInstanceExtensionProperties: skipping extension=`XR_METAX1_environment_depth` due to: Tier=40 extState=APC deviceIsExpEnabled=false expManifestSet=true isFirstPartyApp=false isSystemApp=false
12-08 09:32:15.664 I/OpenXR  (25980): xrEnumerateInstanceExtensionProperties: skipping extension=`XR_METAX2_environment_depth` due to: Tier=40 extState=APC deviceIsExpEnabled=false expManifestSet=true isFirstPartyApp=false isSystemApp=false
12-08 09:32:15.664 I/OpenXR  (25980): Checking for permission horizonos.permission.USE_SCENE of package com.example.moonlight_spatialsdk
12-08 09:32:15.673 W/HWComposer( 2437): Ignoring duplicate VSYNC event from HWC for display 4630946970282026130 (t=3331997135000)
12-08 09:32:15.676 W/SensorControl( 1772): No exposure settings will be updated on slot idx: 3 because exposure/gain changes are too small or identical.
12-08 09:32:15.687 W/HWComposer( 2437): Ignoring duplicate VSYNC event from HWC for display 4630946970282026130 (t=3332011022000)
12-08 09:32:15.692 I/OpenXR  (25980): Required permission horizonos.permission.USE_SCENE is missing, retrying check as com.oculus.permission.USE_SCENE -> 0
12-08 09:32:15.692 I/OpenXR  (25980): xrEnumerateInstanceExtensionProperties: skipping extension=`XR_META_environment_depth` due to: missing uses-permission string `horizonos.permission.USE_SCENE` from AndroidManifest in package `com.example.moonlight_spatialsdk`
12-08 09:32:15.692 I/OpenXR  (25980): Checking for permission horizonos.permission.USE_SCENE of package com.example.moonlight_spatialsdk
12-08 09:32:15.694 I/OpenXR  (25980): Required permission horizonos.permission.USE_SCENE is missing, retrying check as com.oculus.permission.USE_SCENE -> 0
12-08 09:32:15.694 I/OpenXR  (25980): xrEnumerateInstanceExtensionProperties: skipping extension=`XR_META_environment_raycast` due to: missing uses-permission string `horizonos.permission.USE_SCENE` from AndroidManifest in package `com.example.moonlight_spatialsdk`
12-08 09:32:15.695 I/OpenXR  (25980): xrEnumerateInstanceExtensionProperties: skipping extension=`XR_METAX1_automatic_layer_filter` due to: Tier=50 extState=APC deviceIsExpEnabled=false expManifestSet=true isFirstPartyApp=false isSystemApp=false
12-08 09:32:15.695 I/OpenXR  (25980): xrEnumerateInstanceExtensionProperties: skipping extension=`XR_METAX1_body_tracking_fidelity` due to: Tier=50 extState=APC deviceIsExpEnabled=false expManifestSet=true isFirstPartyApp=false isSystemApp=false
12-08 09:32:15.695 I/OpenXR  (25980): xrEnumerateInstanceExtensionProperties: skipping extension=`XR_META_body_tracking_fidelity` due to: missing uses-feature string `com.oculus.software.body_tracking` from AndroidManifest
12-08 09:32:15.695 I/OpenXR  (25980): xrEnumerateInstanceExtensionProperties: skipping extension=`XR_METAX1_body_tracking_calibration` due to: Tier=50 extState=APC deviceIsExpEnabled=false expManifestSet=true isFirstPartyApp=false isSystemApp=false
12-08 09:32:15.695 I/OpenXR  (25980): xrEnumerateInstanceExtensionProperties: skipping extension=`XR_META_body_tracking_calibration` due to: missing uses-feature string `com.oculus.software.body_tracking` from AndroidManifest
12-08 09:32:15.695 I/OpenXR  (25980): xrEnumerateInstanceExtensionProperties: skipping extension=`XR_METAX1_view_locate_stabilization` due to: Tier=50 extState=APC deviceIsExpEnabled=false expManifestSet=true isFirstPartyApp=false isSystemApp=false
12-08 09:32:15.695 I/OpenXR  (25980): xrEnumerateInstanceExtensionProperties: skipping extension=`XR_METAX1_boundary_visibility` due to: Tier=50 extState=APC deviceIsExpEnabled=false expManifestSet=true isFirstPartyApp=false isSystemApp=false
12-08 09:32:15.695 I/OpenXR  (25980): Checking for permission com.oculus.permission.BOUNDARY_VISIBILITY of package com.example.moonlight_spatialsdk
12-08 09:32:15.696 I/OpenXR  (25980): xrEnumerateInstanceExtensionProperties: skipping extension=`XR_META_boundary_visibility` due to: missing uses-permission string `com.oculus.permission.BOUNDARY_VISIBILITY` from AndroidManifest in package `com.example.moonlight_spatialsdk`
12-08 09:32:15.696 I/OpenXR  (25980): xrEnumerateInstanceExtensionProperties: skipping extension=`XR_METAX1_dynamic_object_tracker` due to: Tier=40 extState=APC deviceIsExpEnabled=false expManifestSet=true isFirstPartyApp=false isSystemApp=false
12-08 09:32:15.696 I/OpenXR  (25980): Checking for permission horizonos.permission.USE_SCENE of package com.example.moonlight_spatialsdk
12-08 09:32:15.697 I/OpenXR  (25980): Required permission horizonos.permission.USE_SCENE is missing, retrying check as com.oculus.permission.USE_SCENE -> 0
12-08 09:32:15.697 I/OpenXR  (25980): xrEnumerateInstanceExtensionProperties: skipping extension=`XR_META_dynamic_object_tracker` due to: missing uses-permission string `horizonos.permission.USE_SCENE` from AndroidManifest in package `com.example.moonlight_spatialsdk`
12-08 09:32:15.697 I/OpenXR  (25980): Checking for permission horizonos.permission.USE_SCENE of package com.example.moonlight_spatialsdk
12-08 09:32:15.699 I/OpenXR  (25980): Required permission horizonos.permission.USE_SCENE is missing, retrying check as com.oculus.permission.USE_SCENE -> 0
12-08 09:32:15.699 I/OpenXR  (25980): xrEnumerateInstanceExtensionProperties: skipping extension=`XR_META_dynamic_object_keyboard` due to: missing uses-permission string `horizonos.permission.USE_SCENE` from AndroidManifest in package `com.example.moonlight_spatialsdk`
12-08 09:32:15.699 I/OpenXR  (25980): xrEnumerateInstanceExtensionProperties: skipping extension=`XR_METAX2_temporal_antialiasing` due to: Tier=50 extState=APC deviceIsExpEnabled=false expManifestSet=true isFirstPartyApp=false isSystemApp=false
12-08 09:32:15.699 I/OpenXR  (25980): xrEnumerateInstanceExtensionProperties: skipping extension=`XR_METAX3_temporal_antialiasing` due to: Tier=50 extState=APC deviceIsExpEnabled=false expManifestSet=true isFirstPartyApp=false isSystemApp=false
12-08 09:32:15.699 I/OpenXR  (25980): xrEnumerateInstanceExtensionProperties: skipping extension=`XR_LOGITECHX1_kadavu_interaction` due to: Tier=50 extState=APC deviceIsExpEnabled=false expManifestSet=true isFirstPartyApp=false isSystemApp=false
12-08 09:32:15.699 I/OpenXR  (25980): xrEnumerateInstanceExtensionProperties: skipping extension=`XR_METAX1_performance_modes` due to: Tier=50 extState=APC deviceIsExpEnabled=false expManifestSet=true isFirstPartyApp=false isSystemApp=false
12-08 09:32:15.699 I/OpenXR  (25980): xrEnumerateInstanceExtensionProperties: skipping extension=`XR_METAX2_colocation` due to: Tier=50 extState=APC deviceIsExpEnabled=false expManifestSet=true isFirstPartyApp=false isSystemApp=false
12-08 09:32:15.699 I/OpenXR  (25980): xrEnumerateInstanceExtensionProperties: skipping extension=`XR_METAX2_debug_utils_region_profiling` due to: Tier=50 extState=APC deviceIsExpEnabled=false expManifestSet=true isFirstPartyApp=false isSystemApp=false
12-08 09:32:15.699 I/OpenXR  (25980): xrEnumerateInstanceExtensionProperties: skipping extension=`XR_METAX1_swapchain_memory_aliased` due to: Tier=50 extState=APC deviceIsExpEnabled=false expManifestSet=true isFirstPartyApp=false isSystemApp=false
12-08 09:32:15.699 I/OpenXR  (25980): xrEnumerateInstanceExtensionProperties: skipping extension=`XR_EXTX2_stationary_reference_space` due to: Tier=40 extState=APC deviceIsExpEnabled=false expManifestSet=true isFirstPartyApp=false isSystemApp=false
12-08 09:32:15.699 I/OpenXR  (25980): Checking for permission horizonos.permission.USE_ANCHOR_API of package com.example.moonlight_spatialsdk
12-08 09:32:15.701 I/OpenXR  (25980): Required permission horizonos.permission.USE_ANCHOR_API is missing, retrying check as com.oculus.permission.USE_ANCHOR_API -> 0
12-08 09:32:15.701 I/OpenXR  (25980): xrEnumerateInstanceExtensionProperties: skipping extension=`XR_EXT_spatial_entity` due to: missing uses-permission string `horizonos.permission.USE_ANCHOR_API` from AndroidManifest in package `com.example.moonlight_spatialsdk`
12-08 09:32:15.701 I/OpenXR  (25980): Checking for permission horizonos.permission.USE_ANCHOR_API of package com.example.moonlight_spatialsdk
12-08 09:32:15.701 W/HWComposer( 2437): Ignoring duplicate VSYNC event from HWC for display 4630946970282026130 (t=3332024910000)
12-08 09:32:15.702 I/OpenXR  (25980): Required permission horizonos.permission.USE_ANCHOR_API is missing, retrying check as com.oculus.permission.USE_ANCHOR_API -> 0
12-08 09:32:15.702 I/OpenXR  (25980): xrEnumerateInstanceExtensionProperties: skipping extension=`XR_EXT_spatial_anchor` due to: missing uses-permission string `horizonos.permission.USE_ANCHOR_API` from AndroidManifest in package `com.example.moonlight_spatialsdk`
12-08 09:32:15.702 I/OpenXR  (25980): Checking for permission horizonos.permission.USE_SCENE of package com.example.moonlight_spatialsdk
12-08 09:32:15.704 I/OpenXR  (25980): Required permission horizonos.permission.USE_SCENE is missing, retrying check as com.oculus.permission.USE_SCENE -> 0
12-08 09:32:15.704 I/OpenXR  (25980): xrEnumerateInstanceExtensionProperties: skipping extension=`XR_EXT_spatial_plane_tracking` due to: missing uses-permission string `horizonos.permission.USE_SCENE` from AndroidManifest in package `com.example.moonlight_spatialsdk`
12-08 09:32:15.704 I/OpenXR  (25980): Checking for permission horizonos.permission.USE_ANCHOR_API of package com.example.moonlight_spatialsdk
12-08 09:32:15.705 I/OpenXR  (25980): Required permission horizonos.permission.USE_ANCHOR_API is missing, retrying check as com.oculus.permission.USE_ANCHOR_API -> 0
12-08 09:32:15.705 I/OpenXR  (25980): xrEnumerateInstanceExtensionProperties: skipping extension=`XR_EXT_spatial_persistence` due to: missing uses-permission string `horizonos.permission.USE_ANCHOR_API` from AndroidManifest in package `com.example.moonlight_spatialsdk`
12-08 09:32:15.705 I/OpenXR  (25980): Checking for permission horizonos.permission.USE_ANCHOR_API of package com.example.moonlight_spatialsdk
12-08 09:32:15.707 I/OpenXR  (25980): Required permission horizonos.permission.USE_ANCHOR_API is missing, retrying check as com.oculus.permission.USE_ANCHOR_API -> 0
12-08 09:32:15.707 I/OpenXR  (25980): xrEnumerateInstanceExtensionProperties: skipping extension=`XR_EXT_spatial_persistence_operations` due to: missing uses-permission string `horizonos.permission.USE_ANCHOR_API` from AndroidManifest in package `com.example.moonlight_spatialsdk`
12-08 09:32:15.707 I/OpenXR  (25980): Checking for permission horizonos.permission.USE_SCENE of package com.example.moonlight_spatialsdk
12-08 09:32:15.708 I/OpenXR  (25980): Required permission horizonos.permission.USE_SCENE is missing, retrying check as com.oculus.permission.USE_SCENE -> 0
12-08 09:32:15.708 I/OpenXR  (25980): xrEnumerateInstanceExtensionProperties: skipping extension=`XR_EXT_spatial_marker_tracking` due to: missing uses-permission string `horizonos.permission.USE_SCENE` from AndroidManifest in package `com.example.moonlight_spatialsdk`
12-08 09:32:15.708 I/OpenXR  (25980): xrEnumerateInstanceExtensionProperties: skipping extension=`XR_METAX1_graphics_budget` due to: Tier=50 extState=APC deviceIsExpEnabled=false expManifestSet=true isFirstPartyApp=false isSystemApp=false
12-08 09:32:15.708 I/OpenXR  (25980): xrEnumerateInstanceExtensionProperties: skipping extension=`XR_METAX1_dynamic_performance_scaling` due to: Tier=50 extState=APC deviceIsExpEnabled=false expManifestSet=true isFirstPartyApp=false isSystemApp=false
12-08 09:32:15.708 I/OpenXR  (25980): xrEnumerateInstanceExtensionProperties: skipping extension=`XR_EXTX1_haptic_parametric` due to: Tier=40 extState=APC deviceIsExpEnabled=false expManifestSet=true isFirstPartyApp=false isSystemApp=false
12-08 09:32:15.708 V/OpenXR-Loader(25980): Verbose [GENERAL | xrEnumerateInstanceExtensionProperties | OpenXR-Loader] : Completed loader trampoline
12-08 09:32:15.708 V/OpenXR-Loader(25980): Verbose [GENERAL | xrEnumerateInstanceExtensionProperties | OpenXR-Loader] : Entering loader trampoline
12-08 09:32:15.709 V/OpenXR-Loader(25980): Verbose [GENERAL | xrEnumerateInstanceExtensionProperties | OpenXR-Loader] : Completed loader trampoline
12-08 09:32:15.709 I/HorizonStandalone(25980): Hmi: OpenXR extension available: XR_KHR_android_create_instance
12-08 09:32:15.709 I/HorizonStandalone(25980): Hmi: OpenXR extension available: XR_KHR_android_surface_swapchain
12-08 09:32:15.709 I/HorizonStandalone(25980): Hmi: OpenXR extension available: XR_KHR_android_thread_settings
12-08 09:32:15.709 I/HorizonStandalone(25980): Hmi: OpenXR extension available: XR_FB_android_surface_swapchain_create
12-08 09:32:15.709 I/HorizonStandalone(25980): Hmi: OpenXR extension available: XR_KHR_opengl_es_enable
12-08 09:32:15.709 I/HorizonStandalone(25980): Hmi: OpenXR extension available: XR_KHR_vulkan_enable
12-08 09:32:15.709 I/HorizonStandalone(25980): Hmi: OpenXR extension available: XR_KHR_vulkan_enable2
12-08 09:32:15.709 I/HorizonStandalone(25980): Hmi: OpenXR extension available: XR_KHR_composition_layer_cube
12-08 09:32:15.709 I/HorizonStandalone(25980): Hmi: OpenXR extension available: XR_KHR_composition_layer_cylinder
