12-08 09:31:59.709 D/CoreBackPreview( 2051): Window{fa1ab64 u0 com.oculus.android_panel_app.AndroidPanelLayer-com.oculus.vrshell-controlbar13}: Setting back callback OnBackInvokedCallbackInfo{mCallback=android.window.IOnBackInvokedCallback$Stub$Proxy@d8dccce, mPriority=0, mIsAnimationCallback=false}
12-08 09:31:59.714 V/WindowManager( 2051): Sent Transition #43 createdAt=12-08 09:31:59.697
12-08 09:31:59.714 V/WindowManager( 2051):     startWCT=WindowContainerTransaction { changes = {RemoteToken{569082 Task{56fc267 #6 type=standard}}={}, RemoteToken{c7be37f Task{e173eb2 #9 type=standard}}={}} hops = [] errorCallbackToken=null taskFragmentOrganizer=null }
12-08 09:31:59.714 V/WindowManager( 2051):     info={id=43 t=TO_BACK f=0x0 trk=0 r=[0@Point(0, 0)] c=[{WCT{RemoteToken{f26b4d0 Task{1d4a8e5 #2582 type=standard A=10049:com.oculus.panelapp.library}}} m=TO_BACK f=TRANSLUCENT p=WCT{RemoteToken{c7be37f Task{e173eb2 #9 type=standard}}} leash=Surface(name=Task=2582)/@0x4ae765d sb=Rect(48000, 0 - 49840, 1000) eb=Rect(48000, 0 - 49840, 1000) d=0},{WCT{RemoteToken{c7be37f Task{e173eb2 #9 type=standard}}} m=TO_BACK f=TRANSLUCENT leash=Surface(name=Task=9)/@0xb28b834 sb=Rect(48000, 0 - 49840, 1000) eb=Rect(48000, 0 - 49840, 1000) eo=Point(48000, 0) d=0},{WCT{RemoteToken{b849664 Task{fec4b53 #2579 type=standard A=10049:com.oculus.panelapp.library:1048820175}}} m=TO_BACK f=TRANSLUCENT p=WCT{RemoteToken{569082 Task{56fc267 #6 type=standard}}} leash=Surface(name=Task=2579)/@0x6e3eb2b sb=Rect(24000, 0 - 25500, 117) eb=Rect(24000, 0 - 25500, 117) d=0},{WCT{RemoteToken{569082 Task{56fc267 #6 type=standard}}} m=TO_BACK f=TRANSLUCENT leash=Surface(name=Task=6)/@0x956e77a sb=Rect(24000, 0 - 25500, 117) eb=Rect(24000, 0 - 25500, 117) eo=Point(24000, 0) d=0}]}
12-08 09:31:59.720 V/WindowManager( 2051): Finish Transition #43: created at 12-08 09:31:59.697 collect-started=0.044ms started=0.093ms ready=1.87ms sent=5.555ms finished=19.079ms
12-08 09:31:59.741 I/SpatialWindowResourceService( 2051): setWindowFrameRate() token: horizonos.view.VolumetricWindowToken$InternalVolumetricToken@bf4fc9e framerate: 1.0
12-08 09:31:59.750 W/WindowManager( 2051): Failed looking up window session=Session{f4ce823 5482:u0a10049} callers=com.android.server.wm.WindowManagerService.windowForClientLocked:6161 com.android.server.wm.WindowManagerService.removeWindow:1985 com.android.server.wm.Session.remove:231 
12-08 09:31:59.754 I/OculusWindowMgr( 2051): OWMS::focusChanged: windowRootTaskId: 11
12-08 09:31:59.754 I/OculusWindowMgr( 2051): OWMS::focusChanged: getImmersiveTask returned
12-08 09:31:59.754 I/OculusWindowMgr( 2051): OWMS::focusChanged: mFocusPlaceholderActivity found in Task.
12-08 09:31:59.755 I/SpatialWindowResourceService( 2051): setWindowUserPerceivedState(): Setting Application State:ComponentInfo{com.oculus.panelapp.library/com.oculus.navigator.library.app.NavigatorLibraryActivity} ProcessName:com.oculus.panelapp.library:SystemBar PerceptionState:(old):CRITICAL_PERCEPTION->(new):NO_PERCEPTION
12-08 09:31:59.755 D/ActivityTaskManager( 2051): getDisplaysWithTopActivities: immersive ActivityRecord{4800ec1 u0 com.oculus.vrshell/.HomeActivity t2576}
12-08 09:31:59.755 D/VolumetricContentMonitor( 2051): Focused window changed to RunningWindowInfo{  pid: 25589, uid: 10087, userId: 0, windowContainerToken: 97008101, windowToken: android.view.IWindow$Stub$Proxy@4029cba, windowId: com.android.server.wm.WindowState$WindowId@2b9976b, displayId: 0, windowType: 1, activity: RunningActivityInfo { rootTask: 11, uid: 10087, pid: 25589, userId: 0, activity: com.oculus.mrds.msft.connectactivity.ConnectActivity, windowId: com.android.server.wm.WindowState$WindowId@2b9976b, state: ACTIVITY_STATE_VISIBLE}}, from android.view.IWindow$Stub$Proxy@643541a
12-08 09:31:59.759 I/SpatialWindowResourceService( 2051): setWindowFrameRate() token: horizonos.view.VolumetricWindowToken$InternalVolumetricToken@f37ffcd framerate: 1.0
12-08 09:31:59.759 I/SpatialWindowResourceService( 2051): setWindowUserPerceivedState(): Setting Application State:ComponentInfo{com.oculus.panelapp.library/com.oculus.navigator.systembar.app.SystemBarActivity} ProcessName:com.oculus.panelapp.library:SystemBar PerceptionState:(old):CRITICAL_PERCEPTION->(new):NO_PERCEPTION
12-08 09:31:59.763 I/SpatialWindowResourceService( 2051): setWindowFrameRate() token: horizonos.view.VolumetricWindowToken$InternalVolumetricToken@afae6c1 framerate: 0.0
12-08 09:31:59.763 I/SpatialWindowResourceService( 2051): setWindowFrameRate() token: horizonos.view.VolumetricWindowToken$InternalVolumetricToken@bf4fc9e framerate: 1.0
12-08 09:31:59.764 D/SpatialAudioService( 2051): Skipping processing for app: com.oculus.panelapp.library (isNewApp: false, perAppEnabled: true, epsService: true)
12-08 09:31:59.764 V/WorldManagerService( 2051): VW Content Listener: com.oculus.panelapp.library -1
12-08 09:31:59.764 D/SpatialAudioService( 2051): Skipping processing for app: com.oculus.mrds (isNewApp: false, perAppEnabled: true, epsService: true)
12-08 09:31:59.764 V/WorldManagerService( 2051): VW Content Listener: com.oculus.mrds -1
12-08 09:31:59.785 I/SpatialWindowResourceService( 2051): setWindowFrameRate() token: horizonos.view.VolumetricWindowToken$InternalVolumetricToken@16d7fe8 framerate: 0.0
12-08 09:31:59.785 W/SpatialWindowResourceService( 2051): setWindowUserPerceivedState(): process is marked immersive, avoid 2D resource management
12-08 09:31:59.793 I/VolumetricWindowManagerServiceBase( 2051): removeVolumetricWindow done: userId = 0rootTaskId = NA, VW = VolumetricWindowInfo { volumetricWindowToken = VolumetricWindowToken { scope = 1, token = horizonos.view.VolumetricWindowToken$InternalVolumetricToken@af758d8, persistableToken = c0d5c851-87a5-448b-8dc6-4787140db363 }, type = 0, bounds = Extent3f { width = 67.0, height = 564.0, depth = 0.0 }, pose = Pose { orientation = Vector4f { x = 0.0, y = 0.17217189, z = 0.0, w = 0.985067 }, position = Vector3f { x = -0.3468318, y = 0.049066186, z = -0.6691336 } }, windowSize2d = Extent2i { width = 67, height = 564 }, densityDpi = 200, windowSpaceToken = SpaceToken { binderToken = horizonos.view.SpaceToken$InternalSpaceToken@af52a84, persistableToken = 1c2c4fe5-cf1e-42e1-a612-36fb53a2e12a }, visible = false, active = true, drawn = false, persistable = false, singlePassCompositionEnabled = false, depthTestEnabled = false, inView = false, windowFlags = 8, priorityHintInfo = PriorityHintInfo { windowPpd = 0.0, viewAngleSine = -1.0, visiblePercent = 1.0, distanceFromUser = 0.0, attentionZone = 0 }, taskInfo = null, presentation = VolumetricWindowPresentationInfo { controlBar = null }, layoutParams = VolumetricWindowLayoutParams { attachFrom = 51, attachTo = 51, translationAdjustment = TranslationAdjustment { x = 0, y = 0, z = 4 }, rotationAdjustment = RotationAdjustment { pitchX = 0, yawY = 0, rollZ = 0 }, matchParentDensity = false, pixelTranslationOverride = Point(2, -199), flags = 0 }, children = [], shape = 2, cylinderInfo = CylinderInfo { width = 1.0000001, height = 0.038270317 } }
12-08 09:31:59.793 I/VolumetricWindow( 2051): Releasing volumetric window, WindowContainerToken: null, persistable token: c0d5c851-87a5-448b-8dc6-4787140db363
12-08 09:31:59.793 I/DisplayDeviceRepository( 2051): Display device removed: DisplayDeviceInfo{"MirrorRoot for c0d5c851-87a5-448b-8dc6-4787140db363": uniqueId="virtual:android,1000,MirrorRoot for c0d5c851-87a5-448b-8dc6-4787140db363,0", 67 x 564, modeId 116, renderFrameRate 60.0, defaultModeId 116, supportedModes [{id=116, width=67, height=564, fps=60.0, alternativeRefreshRates=[], supportedHdrTypes=[]}], colorMode 0, supportedColorModes [0], hdrCapabilities null, allmSupported false, gameContentTypeSupported false, density 200, 200.0 x 200.0 dpi, appVsyncOff 0, presDeadline 16666666, touch NONE, rotation 0, type VIRTUAL, deviceProductInfo null, state ON, committedState UNKNOWN, owner android (uid 1000), frameRateOverride , brightnessMinimum 0.0, brightnessMaximum 0.0, brightnessDefault 0.0, hdrSdrRatio NaN, FLAG_SECURE, FLAG_SUPPORTS_PROTECTED_BUFFERS, FLAG_OWN_CONTENT_ONLY, FLAG_DESTROY_CONTENT_ON_REMOVAL, installOrientation 0, displayShape DisplayShape{ spec=585457113 displayWidth=67 displayHeight=564 physicalPixelDisplaySizeRatio=1.0 rotation=0 offsetX=0 offsetY=0 scale=1.0}}
12-08 09:31:59.794 I/LogicalDisplayMapper( 2051): Removing display: 18
12-08 09:31:59.794 I/VolumetricContainerPlacement( 2051): released: ContainerPlacement{mId=9, mBounds=Rect(72000, 0 - 80000, 8000)}
12-08 09:31:59.805 D/CoreBackPreview( 2051): Window{143bc8 u0 Splash Screen com.oculus.vrshell EXITING}: Setting back callback null
12-08 09:31:59.808 W/WindowManager( 2051): Failed looking up window session=Session{f4ce823 5482:u0a10049} callers=com.android.server.wm.WindowManagerService.windowForClientLocked:6161 com.android.server.wm.WindowManagerService.removeWindow:1985 com.android.server.wm.Session.remove:231 
12-08 09:31:59.991 I/SpatialWindowResourceService( 2051): setWindowFrameRate() token: horizonos.view.VolumetricWindowToken$InternalVolumetricToken@16d7fe8 framerate: 0.0
12-08 09:32:00.241 I/SpatialWindowResourceService( 2051): setWindowFrameRate() token: horizonos.view.VolumetricWindowToken$InternalVolumetricToken@16d7fe8 framerate: 0.0
12-08 09:32:00.437 E/FrameSetCollator(  873): [{COL:FOVPR}] 12 FrameSets had unexpected timestamps (in the last 1055.35ms). Ex: slot 0 789505.888ms -> 789519.744ms (observed period: 13.856ms, expected period: 13.888ms (-0.032ms))
12-08 09:32:00.490 I/SpatialWindowResourceService( 2051): setWindowFrameRate() token: horizonos.view.VolumetricWindowToken$InternalVolumetricToken@16d7fe8 framerate: 0.0
12-08 09:32:00.740 I/SpatialWindowResourceService( 2051): setWindowFrameRate() token: horizonos.view.VolumetricWindowToken$InternalVolumetricToken@16d7fe8 framerate: 0.0
12-08 09:32:00.780 I/servicemanager(    0): Notifying artd they don't (previously: do) have clients when we now have no record of a client
12-08 09:32:00.780 I/servicemanager(    0): Unregistering artd
12-08 09:32:00.780 I/BpBinder(    0): onLastStrongRef automatically unlinking death recipients:
12-08 09:32:00.784 I/init    (    0): Service 'artd' (pid 24701) exited with status 0 oneshot service took 258.528015 seconds in background
12-08 09:32:00.784 I/init    (    0): Sending signal 9 to service 'artd' (pid 24701) process group...
12-08 09:32:00.784 I/libprocessgroup(    0): Successfully killed process cgroup uid 1082 pid 24701 in 0ms
12-08 09:32:00.785 I/init    (    0): waitpid(24701) returned 24701
12-08 09:32:01.205 D/CoreBackPreview( 2051): Window{a1cc030 u0 com.example.moonlight_spatialsdk/com.example.moonlight_spatialsdk.PancakeActivity}: Setting back callback OnBackInvokedCallbackInfo{mCallback=android.window.IOnBackInvokedCallback$Stub$Proxy@6c5af5c, mPriority=0, mIsAnimationCallback=false}
12-08 09:32:01.254 I/SpatialWindowResourceService( 2051): setWindowFrameRate() token: horizonos.view.VolumetricWindowToken$InternalVolumetricToken@16d7fe8 framerate: 0.0
12-08 09:32:01.295 I/OculusWindowMgr( 2051): OWMS::focusChanged: windowRootTaskId: 12
12-08 09:32:01.295 I/OculusWindowMgr( 2051): OWMS::focusChanged: getImmersiveTask returned
12-08 09:32:01.295 I/OculusWindowMgr( 2051): OWMS::focusChanged: mFocusPlaceholderActivity found in Task.
12-08 09:32:01.296 D/ActivityTaskManager( 2051): getDisplaysWithTopActivities: immersive ActivityRecord{4800ec1 u0 com.oculus.vrshell/.HomeActivity t2576}
12-08 09:32:01.301 D/VolumetricContentMonitor( 2051): Focused window changed to RunningWindowInfo{  pid: 25980, uid: 10176, userId: 0, windowContainerToken: 180478565, windowToken: android.view.IWindow$Stub$Proxy@6a65b3a, windowId: com.android.server.wm.WindowState$WindowId@d7cb3eb, displayId: 0, windowType: 1, activity: RunningActivityInfo { rootTask: 12, uid: 10176, pid: 25980, userId: 0, activity: com.example.moonlight_spatialsdk.PancakeActivity, windowId: com.android.server.wm.WindowState$WindowId@d7cb3eb, state: ACTIVITY_STATE_VISIBLE}}, from android.view.IWindow$Stub$Proxy@4029cba
12-08 09:32:01.302 D/SpatialAudioService( 2051): Skipping processing for app: com.oculus.mrds (isNewApp: false, perAppEnabled: true, epsService: true)
12-08 09:32:01.302 V/WorldManagerService( 2051): VW Content Listener: com.oculus.mrds -1
12-08 09:32:01.302 D/SpatialAudioService( 2051): Skipping processing for app: com.example.moonlight_spatialsdk (isNewApp: false, perAppEnabled: true, epsService: true)
12-08 09:32:01.302 V/WorldManagerService( 2051): VW Content Listener: com.example.moonlight_spatialsdk -1
12-08 09:32:01.302 I/SpatialWindowResourceService( 2051): setWindowFrameRate() token: horizonos.view.VolumetricWindowToken$InternalVolumetricToken@16d7fe8 framerate: 0.0
12-08 09:32:01.302 I/SpatialWindowResourceService( 2051): setWindowFrameRate() token: horizonos.view.VolumetricWindowToken$InternalVolumetricToken@afae6c1 framerate: 0.0
12-08 09:32:01.326 I/servicemanager(    0): Could not find android.hardware.graphics.allocator.IAllocator/default in the VINTF manifest.
12-08 09:32:01.329 I/servicemanager(    0): Could not find android.hardware.graphics.allocator.IAllocator/default in the VINTF manifest.
12-08 09:32:01.428 D/CompatibilityChangeReporter( 2051): Compat change id reported: 214016041; UID 10176; state: ENABLED
12-08 09:32:01.728 D/CoreBackPreview( 2051): Window{c65dcb6 u0 Splash Screen com.example.moonlight_spatialsdk EXITING}: Setting back callback null
12-08 09:32:01.993 E/FrameSetCollator(  873): [{COL:FOVPR}] 5 FrameSets had unexpected timestamps (in the last 1555.45ms). Ex: slot 0 791060.877ms -> 791074.852ms (observed period: 13.975ms, expected period: 13.888ms (0.087ms))
12-08 09:32:02.304 W/healthd (    0): battery l=100 v=4356 t=25.0 h=2 st=3 c=-557020 fc=4798000 cc=18 chg=a
12-08 09:32:02.374 V/ActivityManager( 2051): bindService: Intent { act=android.accounts.AccountAuthenticator cmp=com.oculus.horizon/com.oculus.auth.authenticator.oculus.OculusAuthenticatorService } type=null conn=android.app.LoadedApk$ServiceDispatcher$InnerConnection@ce427a8 flags=0x1
12-08 09:32:02.382 V/ActivityManager( 2051): bindService: Intent { act=android.accounts.AccountAuthenticator cmp=com.oculus.horizon/com.oculus.auth.authenticator.meta.MetaAuthenticatorService } type=null conn=android.app.LoadedApk$ServiceDispatcher$InnerConnection@f281654 flags=0x1
12-08 09:32:02.523 I/SpatialWindowResourceService( 2051): setWindowFrameRate() token: horizonos.view.VolumetricWindowToken$InternalVolumetricToken@16d7fe8 framerate: 0.0
12-08 09:32:03.043 E/TaskPersister( 2051): File error accessing recents directory (directory doesn't exist?).
12-08 09:32:05.093 W/TrackingService( 1772): 13 late Color frame set were dropped: timestamp 794.171715, current monochrome 794.178032
12-08 09:32:06.093 W/TrackingService( 1772): 25 late Color frame set were dropped: timestamp 795.171596, current monochrome 795.177992
12-08 09:32:07.093 W/TrackingService( 1772): 37 late Color frame set were dropped: timestamp 796.171483, current monochrome 796.177952
12-08 09:32:09.148 D/CoreBackPreview( 2051): Window{e261cf0 u0 Pop-Up Window}: Setting back callback OnBackInvokedCallbackInfo{mCallback=android.window.IOnBackInvokedCallback$Stub$Proxy@ec654ee, mPriority=0, mIsAnimationCallback=false}
12-08 09:32:09.206 I/OculusWindowMgr( 2051): OWMS::focusChanged: windowRootTaskId: 12
12-08 09:32:09.206 I/OculusWindowMgr( 2051): OWMS::focusChanged: getImmersiveTask returned
12-08 09:32:09.207 I/OculusWindowMgr( 2051): OWMS::focusChanged: mFocusPlaceholderActivity found in Task.
12-08 09:32:09.207 D/VolumetricContentMonitor( 2051): Focused window changed to RunningWindowInfo{  pid: 25980, uid: 10176, userId: 0, windowContainerToken: 107404687, windowToken: android.view.IWindow$Stub$Proxy@ce8181c, windowId: com.android.server.wm.WindowState$WindowId@7d2fc25, displayId: 0, windowType: 1002, activity: RunningActivityInfo { rootTask: 12, uid: 10176, pid: 25980, userId: 0, activity: com.example.moonlight_spatialsdk.PancakeActivity, windowId: com.android.server.wm.WindowState$WindowId@d7cb3eb, state: ACTIVITY_STATE_VISIBLE}}, from android.view.IWindow$Stub$Proxy@6a65b3a
12-08 09:32:09.207 D/ActivityTaskManager( 2051): getDisplaysWithTopActivities: immersive ActivityRecord{4800ec1 u0 com.oculus.vrshell/.HomeActivity t2576}
12-08 09:32:09.207 D/SpatialAudioService( 2051): Skipping processing for app: com.example.moonlight_spatialsdk (isNewApp: false, perAppEnabled: true, epsService: true)
12-08 09:32:09.207 V/WorldManagerService( 2051): VW Content Listener: com.example.moonlight_spatialsdk -1
12-08 09:32:09.266 D/ActivityManager( 2051): freezing 25949 horizon.platform.providers
12-08 09:32:09.511 D/ActivityManager( 2051): freezing 21473 com.oculus.hzosgallery
12-08 09:32:09.725 I/ActivityManager( 2051): Killing 21419:com.oculus.identitymanagement.service/u0a63 (adj 995): empty #17
12-08 09:32:09.726 W/ProcessStats( 2051): Tracking association SourceState{87fe1e0 com.oculus.ocms/10068 BTop #8246} whose proc state 2 is better than process ProcessState{286e643 com.oculus.quickplayservice/1000 pkg=com.oculus.quickplayservice} proc state 3 (96 skipped)
12-08 09:32:09.749 D/DisplayManagerService( 2051): Drop pending events for gone uid 10063
12-08 09:32:09.763 I/binder  (    0): undelivered transaction 744946, process died.
12-08 09:32:09.763 I/binder  (    0): undelivered transaction 745028, process died.
12-08 09:32:09.763 I/binder  (    0): undelivered transaction 745144, process died.
12-08 09:32:09.763 I/binder  (    0): undelivered transaction 745260, process died.
12-08 09:32:09.763 I/binder  (    0): undelivered transaction 774179, process died.
12-08 09:32:09.763 I/binder  (    0): undelivered transaction 774266, process died.
12-08 09:32:09.763 I/binder  (    0): undelivered transaction 774385, process died.
12-08 09:32:09.763 I/binder  (    0): undelivered transaction 744895, process died.
12-08 09:32:09.791 W/SyncBossFW(  866):  798885 [warning] {BSP }: Mag interrupt pin LOW in drdy handler
12-08 09:32:10.663 D/CoreBackPreview( 2051): Window{e261cf0 u0 Pop-Up Window}: Setting back callback null
12-08 09:32:10.673 V/WindowManager( 2051): Unknown focus tokens, dropping reportFocusChanged
12-08 09:32:10.695 I/OculusWindowMgr( 2051): OWMS::focusChanged: windowRootTaskId: 12
12-08 09:32:10.695 I/OculusWindowMgr( 2051): OWMS::focusChanged: getImmersiveTask returned
12-08 09:32:10.695 I/OculusWindowMgr( 2051): OWMS::focusChanged: mFocusPlaceholderActivity found in Task.
12-08 09:32:10.695 D/ActivityTaskManager( 2051): getDisplaysWithTopActivities: immersive ActivityRecord{4800ec1 u0 com.oculus.vrshell/.HomeActivity t2576}
12-08 09:32:10.695 D/VolumetricContentMonitor( 2051): Focused window changed to RunningWindowInfo{  pid: 25980, uid: 10176, userId: 0, windowContainerToken: 180478565, windowToken: android.view.IWindow$Stub$Proxy@6a65b3a, windowId: com.android.server.wm.WindowState$WindowId@d7cb3eb, displayId: 0, windowType: 1, activity: RunningActivityInfo { rootTask: 12, uid: 10176, pid: 25980, userId: 0, activity: com.example.moonlight_spatialsdk.PancakeActivity, windowId: com.android.server.wm.WindowState$WindowId@d7cb3eb, state: ACTIVITY_STATE_VISIBLE}}, from android.view.IWindow$Stub$Proxy@ce8181c
12-08 09:32:10.696 D/SpatialAudioService( 2051): Skipping processing for app: com.example.moonlight_spatialsdk (isNewApp: false, perAppEnabled: true, epsService: true)
12-08 09:32:10.696 V/WorldManagerService( 2051): VW Content Listener: com.example.moonlight_spatialsdk -1
12-08 09:32:12.162 W/TrackingService( 1772): 17 late Color frame set were dropped: timestamp 801.240339, current monochrome 801.244416
12-08 09:32:12.314 W/healthd (    0): battery l=100 v=4363 t=25.0 h=2 st=3 c=-481213 fc=4798000 cc=18 chg=a
12-08 09:32:12.425 W/SyncBossFW(  866):  801518 [warning] {BSP }: Mag interrupt pin LOW in drdy handler
12-08 09:32:15.235 W/LaunchInterceptorUtil( 2051): Package metadata is empty: com.example.moonlight_spatialsdk
12-08 09:32:15.237 W/LaunchInterceptorUtil( 2051): Package metadata is empty: com.example.moonlight_spatialsdk
12-08 09:32:15.238 W/LaunchInterceptorUtil( 2051): Package metadata is empty: com.example.moonlight_spatialsdk
12-08 09:32:15.239 W/LaunchInterceptorUtil( 2051): Package metadata is empty: com.example.moonlight_spatialsdk
12-08 09:32:15.241 D/CompatibilityChangeReporter( 2051): Compat change id reported: 265464455; UID 10176; state: DISABLED
12-08 09:32:15.241 D/CompatibilityChangeReporter( 2051): Compat change id reported: 265452344; UID 10176; state: DISABLED
12-08 09:32:15.241 D/CompatibilityChangeReporter( 2051): Compat change id reported: 266124927; UID 10176; state: DISABLED
12-08 09:32:15.241 D/CompatibilityChangeReporter( 2051): Compat change id reported: 265451093; UID 10176; state: DISABLED
12-08 09:32:15.241 D/CompatibilityChangeReporter( 2051): Compat change id reported: 265456536; UID 10176; state: DISABLED
12-08 09:32:15.241 D/CompatibilityChangeReporter( 2051): Compat change id reported: 255940284; UID 10176; state: DISABLED
12-08 09:32:15.241 D/CompatibilityChangeReporter( 2051): Compat change id reported: 236283604; UID 10176; state: DISABLED
12-08 09:32:15.241 D/CompatibilityChangeReporter( 2051): Compat change id reported: 263959004; UID 10176; state: DISABLED
12-08 09:32:15.241 D/CompatibilityChangeReporter( 2051): Compat change id reported: 264304459; UID 10176; state: DISABLED
12-08 09:32:15.242 D/CompatibilityChangeReporter( 2051): Compat change id reported: 264301586; UID 10176; state: DISABLED
12-08 09:32:15.242 D/CompatibilityChangeReporter( 2051): Compat change id reported: 254631730; UID 10176; state: DISABLED
12-08 09:32:15.242 D/CompatibilityChangeReporter( 2051): Compat change id reported: 273509367; UID 10176; state: DISABLED
12-08 09:32:15.242 D/CompatibilityChangeReporter( 2051): Compat change id reported: 263259275; UID 10176; state: ENABLED
12-08 09:32:15.242 D/CompatibilityChangeReporter( 2051): Compat change id reported: 174042980; UID 10176; state: DISABLED
12-08 09:32:15.242 D/CompatibilityChangeReporter( 2051): Compat change id reported: 174042936; UID 10176; state: DISABLED
12-08 09:32:15.242 D/CompatibilityChangeReporter( 2051): Compat change id reported: 181136395; UID 10176; state: DISABLED
12-08 09:32:15.243 D/CompatibilityChangeReporter( 2051): Compat change id reported: 194480991; UID 10176; state: ENABLED
12-08 09:32:15.245 I/ActivityTaskManager( 2051): START u0 {act=android.intent.action.MAIN flg=0x10000000 cmp=com.example.moonlight_spatialsdk/.ImmersiveActivity (has extras)} with LAUNCH_SINGLE_TASK from uid 10176 (BAL_ALLOW_VISIBLE_WINDOW) result code=0
12-08 09:32:15.262 D/CompatibilityChangeReporter( 2051): Compat change id reported: 161252188; UID 10176; state: DISABLED
12-08 09:32:15.281 I/VolumetricWindowManagerServiceImpl( 2051): Handling SWMS response: launch into NEW_VOLUMETRIC_WINDOW VolumetricWindowPlacementResponse { volumetricToken = VolumetricWindowToken { scope = 1, token = horizonos.view.VolumetricWindowToken$InternalVolumetricToken@68e738b, persistableToken = b363cb1f-3029-4922-b7ab-287bdc3a86ec }, relativeSpaceToken = SpaceToken { binderToken = android.os.BinderProxy@8803bc4, persistableToken = 00000000-0000-0000-0000-000000000000 }, pose = Pose { orientation = Vector4f { x = 0.0, y = 0.0, z = 0.0, w = 1.0 }, position = Vector3f { x = 0.0, y = 0.0, z = 0.0 } }, bounds = Extent3f { width = 0.65531963, height = 0.35051984, depth = 0.0 }, surfaceSize = 4128x2208, densityDpi = 0, visible = true } for launch request [ActivityInfo{2ed55a com.example.moonlight_spatialsdk.ImmersiveActivity}](vrdesktop seq: 1)
12-08 09:32:15.281 I/VolumetricContainerPlacement( 2051): acquired ContainerPlacement{mId=0, mBounds=Rect(0, 0 - 8000, 8000)}
12-08 09:32:15.287 I/SpaceManagerServiceImpl( 2051): addSpace done: userId = 0, spaceToken = SpaceToken { binderToken = horizonos.view.SpaceToken$InternalSpaceToken@9c11881, persistableToken = 9ecde47f-7925-4599-a768-ba856e59cfec }
12-08 09:32:15.288 I/DisplayDeviceRepository( 2051): Display device added: DisplayDeviceInfo{"MirrorRoot for b363cb1f-3029-4922-b7ab-287bdc3a86ec": uniqueId="virtual:android,1000,MirrorRoot for b363cb1f-3029-4922-b7ab-287bdc3a86ec,0", 4128 x 2208, modeId 123, renderFrameRate 60.0, defaultModeId 123, supportedModes [{id=123, width=4128, height=2208, fps=60.0, alternativeRefreshRates=[], supportedHdrTypes=[]}], colorMode 0, supportedColorModes [0], hdrCapabilities null, allmSupported false, gameContentTypeSupported false, density 200, 200.0 x 200.0 dpi, appVsyncOff 0, presDeadline 16666666, touch NONE, rotation 0, type VIRTUAL, deviceProductInfo null, state OFF, committedState UNKNOWN, owner android (uid 1000), frameRateOverride , brightnessMinimum 0.0, brightnessMaximum 0.0, brightnessDefault 0.0, hdrSdrRatio NaN, FLAG_SECURE, FLAG_SUPPORTS_PROTECTED_BUFFERS, FLAG_OWN_CONTENT_ONLY, FLAG_DESTROY_CONTENT_ON_REMOVAL, installOrientation 0, displayShape DisplayShape{ spec=603812117 displayWidth=4128 displayHeight=2208 physicalPixelDisplaySizeRatio=1.0 rotation=0 offsetX=0 offsetY=0 scale=1.0}}
12-08 09:32:15.289 I/LogicalDisplayMapper( 2051): Applying layout: [{dispId: 0(ON), displayGroupName: , addr: {port=146, model=0x40446dbbd154e4}, mThermalBrightnessThrottlingMapId: null, mRefreshRateZoneId: null, mLeadDisplayId: -1, mThermalRefreshRateThrottlingMapId: null}], Previous layout: [{dispId: 0(ON), displayGroupName: , addr: {port=146, model=0x40446dbbd154e4}, mThermalBrightnessThrottlingMapId: null, mRefreshRateZoneId: null, mLeadDisplayId: -1, mThermalRefreshRateThrottlingMapId: null}]
12-08 09:32:15.289 I/LogicalDisplayMapper( 2051): Setting new display group 0 for display 24, from previous group: null
12-08 09:32:15.290 I/LogicalDisplayMapper( 2051): Adding new display: 24: DisplayInfo{"MirrorRoot for b363cb1f-3029-4922-b7ab-287bdc3a86ec", displayId 24, displayGroupId 0, FLAG_SECURE, FLAG_SUPPORTS_PROTECTED_BUFFERS, real 4128 x 2208, largest app 4128 x 2208, smallest app 4128 x 2208, appVsyncOff 0, presDeadline 16666666, mode 12360.0, defaultMode 123, modes [{id=123, width=4128, height=2208, fps=60.0, alternativeRefreshRates=[], supportedHdrTypes=[]}], hdrCapabilities null, userDisabledHdrTypes [], minimalPostProcessingSupported false, rotation 0, state OFF, committedState UNKNOWN, type VIRTUAL, uniqueId "virtual:android,1000,MirrorRoot for b363cb1f-3029-4922-b7ab-287bdc3a86ec,0", app 4128 x 2208, density 200 (200.0 x 200.0) dpi, layerStack 24, colorMode 0, supportedColorModes [0], deviceProductInfo null, owner android (uid 1000), removeMode 1, refreshRateOverride 0.0, brightnessMinimum 0.0, brightnessMaximum 0.0, brightnessDefault 0.0, installOrientation ROTATION_0, layoutLimitedRefreshRate null, hdrSdrRatio not_available, thermalRefreshRateThrottling {}, thermalBrightnessThrottlingDataId default}
12-08 09:32:15.291 W/BrightnessThrottler( 2051): DeviceConfig ThermalBrightnessThrottlingData is null
12-08 09:32:15.291 W/DisplayPowerController2[24]( 2051): Screen brightness nits configuration is unavailable; falling back
12-08 09:32:15.305 I/WindowManager( 2051): Override config changes=20005df8 {0.0 ?mcc0mnc ?localeList ?layoutDir sw1766dp w3302dp h1766dp 200dpi xlrg long land ?uimode ?night -touch -keyb/v/h -nav/h winConfig={ mBounds=Rect(0, 0 - 4128, 2208) mAppBounds=Rect(0, 0 - 4128, 2208) mMaxBounds=Rect(0, 0 - 4128, 2208) mDisplayRotation=ROTATION_0 mWindowingMode=fullscreen mDisplayWindowingMode=fullscreen mActivityType=undefined mAlwaysOnTop=undefined mRotation=ROTATION_0} ?fontWeightAdjustment} for displayId=24
12-08 09:32:15.305 W/DisplayController( 3353): Skipping Display Configuration change on non-added display.
12-08 09:32:15.312 D/DisplayManagerService( 2051): Ignore redundant display event 24/2 to 10049/5482
12-08 09:32:15.312 I/VolumetricWindowManagerServiceImpl( 2051): addVolumetricWindow done: userId = 0, wct = a5dbc68, vw type = 2, vw persistable token = b363cb1f-3029-4922-b7ab-287bdc3a86ec, rootTaskId = 3
12-08 09:32:15.312 I/VolumetricWindowManagerServiceImpl( 2051): addTaskVolumetricWindowLocked: taskId = 3, VW = VolumetricWindowInfo { volumetricWindowToken = VolumetricWindowToken { scope = 1, token = horizonos.view.VolumetricWindowToken$InternalVolumetricToken@68e738b, persistableToken = b363cb1f-3029-4922-b7ab-287bdc3a86ec }, type = 2, bounds = Extent3f { width = 0.65531963, height = 0.35051984, depth = 0.0 }, pose = Pose { orientation = Vector4f { x = 0.0, y = 0.0, z = 0.0, w = 1.0 }, position = Vector3f { x = 0.0, y = 0.0, z = 0.0 } }, windowSize2d = Extent2i { width = 4128, height = 2208 }, densityDpi = 200, windowSpaceToken = SpaceToken { binderToken = horizonos.view.SpaceToken$InternalSpaceToken@9c11881, persistableToken = 9ecde47f-7925-4599-a768-ba856e59cfec }, visible = true, active = true, drawn = false, persistable = false, singlePassCompositionEnabled = false, depthTestEnabled = false, inView = false, windowFlags = 0, priorityHintInfo = PriorityHintInfo { windowPpd = 0.0, viewAngleSine = -1.0, visiblePercent = 1.0, distanceFromUser = 0.0, attentionZone = 0 }, taskInfo = null, presentation = VolumetricWindowPresentationInfo { controlBar = null }, layoutParams = null, children = [], shape = 1, cylinderInfo = null }, isSinglePassCompositionEnabled = false, isComponentBlocklisted = false, isComponentForcedToSPC = false
12-08 09:32:15.318 V/DisplayPowerController2[24]( 2051): Brightness [0.0] reason changing to: 'manual', previous reason: '0'.
12-08 09:32:15.318 I/DisplayPowerController2[24]( 2051): BrightnessEvent: disp=24, physDisp=virtual:android,1000,MirrorRoot for b363cb1f-3029-4922-b7ab-287bdc3a86ec,0, brt=0.0, initBrt=NaN, rcmdBrt=NaN, preBrt=NaN, lux=0.0, preLux=0.0, hbmMax=1.0, hbmMode=off, rbcStrength=-1, thrmMax=1.0, powerFactor=1.0, wasShortTermModelActive=false, flags=, reason=manual, autoBrightness=false, strategy=InvalidBrightnessStrategy
12-08 09:32:15.326 D/CompatibilityChangeReporter( 2051): Compat change id reported: 184838306; UID 10176; state: DISABLED
12-08 09:32:15.326 D/CompatibilityChangeReporter( 2051): Compat change id reported: 185004937; UID 10176; state: DISABLED
12-08 09:32:15.329 D/CompatibilityChangeReporter( 2051): Compat change id reported: 205907456; UID 10176; state: ENABLED
12-08 09:32:15.330 I/ActivityTaskManager( 2051): Add Task{c44e8e1 #2585 type=standard A=10176:com.example.moonlight_spatialsdk} to hidden list because adding Task{ef4936b #2587 type=standard A=10176:com.example.moonlight_spatialsdk}
12-08 09:32:15.332 I/ActivityTaskManager( 2051): START u0 {act=android.intent.action.MAIN flg=0x10010100 cmp=com.example.moonlight_spatialsdk/.ImmersiveActivity (has extras)} with LAUNCH_SINGLE_TASK from uid 10176 (realCallingUid=1000) (BAL_ALLOW_VISIBLE_WINDOW) result code=0
12-08 09:32:15.332 I/VolumetricContentMonitor( 2051): Switching to immersive app. taskId: 3, ActivityInfo{846fb47 com.example.moonlight_spatialsdk.ImmersiveActivity}
12-08 09:32:15.333 I/InterstitialController( 2051): onImmersiveActivityAppearing: uid: 10176, pid: 0, state: 1, com.example.moonlight_spatialsdk, on task: WCT{RemoteToken{a5dbc68 Task{c92cd68 #3 type=standard}}}, launchId: null
12-08 09:32:15.333 I/InterstitialController( 2051): onImmersiveActivityAppearing: uid: 10176, pid: 0, state: 1, com.example.moonlight_spatialsdk, on task: WCT{RemoteToken{a5dbc68 Task{c92cd68 #3 type=standard}}}, launchId: null
12-08 09:32:15.339 V/WindowManager( 2051): Queueing transition: TransitionRecord{9662ac5 id=-1 type=SLEEP flags=0x0}
12-08 09:32:15.339 V/WindowManager( 2051): Content Recording: Display 24 state is now (1), so update recording?
12-08 09:32:15.343 D/SpatialAudioService( 2051): Skipping processing for app: com.example.moonlight_spatialsdk (isNewApp: false, perAppEnabled: true, epsService: true)
12-08 09:32:15.343 V/WorldManagerService( 2051): VW Content Listener: com.example.moonlight_spatialsdk -1
12-08 09:32:15.343 I/InterstitialController( 2051): onImmersiveActivityAppeared: uid: 10176, pid: 25980, state: 4, com.example.moonlight_spatialsdk, on task: WCT{RemoteToken{a5dbc68 Task{c92cd68 #3 type=standard}}}, launchId: null
12-08 09:32:15.343 I/InterstitialController( 2051): onImmersiveActivityAppeared: uid: 10176, pid: 25980, state: 4, com.example.moonlight_spatialsdk, on task: WCT{RemoteToken{a5dbc68 Task{c92cd68 #3 type=standard}}}, launchId: null
12-08 09:32:15.343 I/UiModeController( 2051): Switching from com.oculus.vrshell to com.example.moonlight_spatialsdk
12-08 09:32:15.344 D/SpatialAudioService( 2051): Skipping processing for app: com.example.moonlight_spatialsdk (isNewApp: false, perAppEnabled: true, epsService: true)
12-08 09:32:15.344 V/WorldManagerService( 2051): VW Content Listener: com.example.moonlight_spatialsdk -1
--------- beginning of main
12-08 09:32:15.459 I/HorizonStandalone(25980): Config: ConfigChanged: horizon::character::CharacterConfig v3 (LocalConfigChange)
12-08 09:32:15.460 I/HorizonStandalone(25980): Config: ConfigChanged: horizon::embodiment::EmbodimentConfig v3 (LocalConfigChange)
12-08 09:32:15.460 I/HorizonStandalone(25980): Config: ConfigChanged: horizon::character::CharacterConfig v4 (LocalConfigChange)
12-08 09:32:15.460 I/HorizonStandalone(25980): Config: ConfigChanged: horizon::embodiment::EmbodimentConfig v4 (LocalConfigChange)
12-08 09:32:15.460 I/HorizonStandalone(25980): Config: ConfigChanged: horizon::character::CharacterConfig v5 (LocalConfigChange)
12-08 09:32:15.461 I/HorizonStandalone(25980): Config: ConfigChanged: horizon::embodiment::EmbodimentConfig v5 (LocalConfigChange)
12-08 09:32:15.461 I/HorizonStandalone(25980): Config: ConfigChanged: horizon::character::CharacterConfig v6 (LocalConfigChange)
12-08 09:32:15.461 I/HorizonStandalone(25980): Config: ConfigChanged: horizon::embodiment::EmbodimentConfig v6 (LocalConfigChange)
12-08 09:32:15.461 I/HorizonStandalone(25980): Config: ConfigChanged: horizon::character::CharacterConfig v7 (LocalConfigChange)
12-08 09:32:15.462 I/HorizonStandalone(25980): Config: ConfigChanged: horizon::embodiment::EmbodimentConfig v7 (LocalConfigChange)
12-08 09:32:15.462 I/HorizonStandalone(25980): Config: ConfigChanged: horizon::worlds::splat_renderer::SplatRendererConfig v2 (LocalConfigChange)
12-08 09:32:15.462 I/HorizonStandalone(25980): Config: ConfigChanged: horizon::character::CharacterConfig v8 (LocalConfigChange)
12-08 09:32:15.463 I/HorizonStandalone(25980): Config: ConfigChanged: horizon::embodiment::EmbodimentConfig v8 (LocalConfigChange)
12-08 09:32:15.463 I/HorizonStandalone(25980): Config: [3/4] Validating configs...
12-08 09:32:15.463 W/HorizonStandalone(25980): Config: horizon::travel::TravelConfig: Setting the 'publicZones' in networkConfig is required in order to run a separate client or server instance
12-08 09:32:15.463 I/HorizonStandalone(25980): Config: ConfigChanged: horizon::character::CharacterConfig v9 (LocalConfigChange)
12-08 09:32:15.463 W/HorizonStandalone(25980): Config: horizon::WebRequestConfig: enableAnalytics is enabled, but graphqlAnalyticsNameOverride is empty and no qplMarkerIdOverride is set.Please either set graphqlAnalyticsNameOverride to a unique event name for your project or set qplMarkerIdOverride to a valid event ID. Auto disabling graphql events.
12-08 09:32:15.463 I/HorizonStandalone(25980): Config: ConfigChanged: horizon::WebRequestConfig v2 (LocalConfigChange)
12-08 09:32:15.463 W/HorizonStandalone(25980): Config: horizon::networking::NetworkConfig: Matchmaking requires a svrBuildSet.  Matchmaking disabled.
12-08 09:32:15.463 I/HorizonStandalone(25980): Config: ConfigChanged: horizon::networking::NetworkConfig v2 (LocalConfigChange)
12-08 09:32:15.463 W/HorizonStandalone(25980): Config: horizon::AnalyticsConfig: enableShutdownEvent is enabled, but shutdownNameOverride is empty. Please set it to a unique event name for your project. Auto disabling shutdown events.
12-08 09:32:15.463 I/HorizonStandalone(25980): Config: ConfigChanged: horizon::AnalyticsConfig v2 (LocalConfigChange)
12-08 09:32:15.463 I/HorizonStandalone(25980): Config: ConfigChanged: horizon::embodiment::EmbodimentConfig v9 (LocalConfigChange)
12-08 09:32:15.463 I/HorizonStandalone(25980): Config: [4/4] Setting config baselines...
12-08 09:32:15.463 I/HorizonStandalone(25980): Config: Set as baseline: horizon::worlds::splat_renderer::SplatRendererConfig v2
12-08 09:32:15.464 I/HorizonStandalone(25980): Config: Set as baseline: horizon::visibility_mask::VisibilityMaskConfig v1
12-08 09:32:15.464 I/HorizonStandalone(25980): Config: Set as baseline: horizon::ts_environment_file::FbsourceTsconfigConfig v1
12-08 09:32:15.464 I/HorizonStandalone(25980): Config: Set as baseline: horizon::travel::TravelConfig v1
12-08 09:32:15.464 I/HorizonStandalone(25980): Config: Set as baseline: horizon::scripting_model::ScriptingConfig v1
12-08 09:32:15.464 I/HorizonStandalone(25980): Config: Set as baseline: horizon::renderer::FontsConfig v1
12-08 09:32:15.464 I/HorizonStandalone(25980): Config: Set as baseline: horizon::player_grabbing::PlayerGrabbingConfig v1
12-08 09:32:15.464 I/HorizonStandalone(25980): Config: Set as baseline: horizon::player::PlayerConfig v1
12-08 09:32:15.464 I/HorizonStandalone(25980): Config: Set as baseline: horizon::locomotion::LocomotionConfig v1
12-08 09:32:15.464 I/HorizonStandalone(25980): Config: Set as baseline: horizon::hmi::HmiConfig v1
12-08 09:32:15.464 I/HorizonStandalone(25980): Config: Set as baseline: horizon::core_ui::CoreUiConfig v1
12-08 09:32:15.464 I/HorizonStandalone(25980): Config: Set as baseline: horizon::interaction::InteractionConfig v1
12-08 09:32:15.464 I/HorizonStandalone(25980): Config: Set as baseline: horizon::character::CharacterConfig v9
12-08 09:32:15.464 I/HorizonStandalone(25980): Config: Set as baseline: horizon::avatar::AvatarConfig v1
12-08 09:32:15.464 I/HorizonStandalone(25980): Config: Set as baseline: horizon::auth::AuthConfig v1
12-08 09:32:15.464 I/HorizonStandalone(25980): Config: Set as baseline: horizon::meta_config::MetaConfigConfig v1
12-08 09:32:15.464 I/HorizonStandalone(25980): Config: Set as baseline: horizon::input::InputConfig v1
12-08 09:32:15.464 I/HorizonStandalone(25980): Config: Set as baseline: horizon::BuildConfig v1
12-08 09:32:15.464 I/HorizonStandalone(25980): Config: Set as baseline: horizon::asset_service::AssetServiceConfig v1
12-08 09:32:15.464 I/HorizonStandalone(25980): Config: Set as immutable: horizon::asset_service::AssetServiceConfig v1
12-08 09:32:15.464 I/HorizonStandalone(25980): Config: Set as baseline: horizon::ApplicationConfig v1
12-08 09:32:15.464 I/HorizonStandalone(25980): Config: Set as baseline: horizon::asset_service::AssetRefreshConfig v1
12-08 09:32:15.464 I/HorizonStandalone(25980): Config: Set as baseline: horizon::ui_debug::DebugUiConfig v1
12-08 09:32:15.464 I/HorizonStandalone(25980): Config: Set as baseline: horizon::EntityLifecycleConfig v1
12-08 09:32:15.464 I/HorizonStandalone(25980): Config: Set as baseline: horizon::aether::AetherConfig v1
12-08 09:32:15.464 I/HorizonStandalone(25980): Config: Set as baseline: horizon::physics::PhysicsConfig v1
12-08 09:32:15.464 I/HorizonStandalone(25980): Config: Set as baseline: horizon::matchmaking::MatchmakingConfig v1
12-08 09:32:15.464 I/HorizonStandalone(25980): Config: Set as immutable: horizon::matchmaking::MatchmakingConfig v1
12-08 09:32:15.464 I/HorizonStandalone(25980): Config: Set as baseline: horizon::WebRequestConfig v2
12-08 09:32:15.464 I/HorizonStandalone(25980): Config: Set as baseline: horizon::WorldLoaderConfig v1
12-08 09:32:15.464 I/HorizonStandalone(25980): Config: Set as baseline: horizon::WatchdogConfig v1
12-08 09:32:15.464 I/HorizonStandalone(25980): Config: Set as baseline: horizon::VoipConfig v1
12-08 09:32:15.464 I/HorizonStandalone(25980): Config: Set as baseline: horizon::RenderConfig v1
12-08 09:32:15.464 I/HorizonStandalone(25980): Config: Set as baseline: horizon::networking::NetworkConfig v2
12-08 09:32:15.464 I/HorizonStandalone(25980): Config: Set as baseline: horizon::SceneManagerConfig v1
12-08 09:32:15.464 I/HorizonStandalone(25980): Config: Set as baseline: horizon::AnalyticsConfig v2
12-08 09:32:15.464 I/HorizonStandalone(25980): Config: Set as baseline: horizon::networking::ShardingConfig v1
12-08 09:32:15.464 I/HorizonStandalone(25980): Config: Set as baseline: horizon::embodiment::EmbodimentConfig v9
12-08 09:32:15.464 I/HorizonStandalone(25980): Config: Set as baseline: horizon::PerformanceConfig v1
12-08 09:32:15.464 I/HorizonStandalone(25980): Config: Set as baseline: horizon::JobSystemDebugConfig v1
12-08 09:32:15.464 I/HorizonStandalone(25980): Config: Set as baseline: horizon::asset_service::AssetServiceClientConfig v1
12-08 09:32:15.464 I/HorizonStandalone(25980): Config: Set as immutable: horizon::asset_service::AssetServiceClientConfig v1
12-08 09:32:15.464 I/HorizonStandalone(25980): Config: Set as baseline: horizon::LogConfig v1
12-08 09:32:15.464 I/HorizonStandalone(25980): Config: Set as baseline: horizon::DynamicConfig v1
12-08 09:32:15.464 I/HorizonStandalone(25980): Config: Set as baseline: horizon::FlecsPipelineConfig v1
12-08 09:32:15.464 I/HorizonStandalone(25980): Config: Set as immutable: horizon::FlecsPipelineConfig v1
12-08 09:32:15.464 I/HorizonStandalone(25980): Config: Set as baseline: horizon::AudioConfig v1
12-08 09:32:15.464 I/HorizonStandalone(25980): Config: Set as baseline: horizon::asset_service::AssetServiceServerConfig v1
12-08 09:32:15.464 I/HorizonStandalone(25980): Config: Set as immutable: horizon::asset_service::AssetServiceServerConfig v1
12-08 09:32:15.464 I/HorizonStandalone(25980): Config: Set as baseline: horizon::AppPhaseConfig v1
12-08 09:32:15.464 I/HorizonStandalone(25980): Config: Config loading complete!
12-08 09:32:15.464 I/HorizonStandalone(25980): LogManager: Active Logging Profile is `InCodeDefault`
12-08 09:32:15.464 I/HorizonStandalone(25980): LogManager: Global log verbosity has been set to [Info] overriding individual category settings
12-08 09:32:15.464 I/HorizonStandalone(25980): LogManager: Global log verbosity has been set to [Info] overriding individual category settings
12-08 09:32:15.465 I/HorizonStandalone(25980): Application: getHostProcessInfo
12-08 09:32:15.465 I/HorizonStandalone(25980): Application: Using session ID from process UUID: 1737bef0-72ab-4c8e-aac4-7ee24992205f
12-08 09:32:15.465 I/HorizonStandalone(25980): Application: getHostConfig
12-08 09:32:15.465 I/HorizonStandalone(25980): Application: Creating default user agent as no user agent was preconfigured.
12-08 09:32:15.465 I/HorizonStandalone(25980): UserAgent: User agent generated: [FBAVI/51764730043200520;FBDV/quest 3]
12-08 09:32:15.465 I/HorizonStandalone(25980): Application: initStaticModules
12-08 09:32:15.465 I/HorizonStandalone(25980): Application: Skipping lifecycle analytics event ModulesConstructed due to event bus get failure (ErrorNotFound)
12-08 09:32:15.465 W/HorizonStandalone(25980): Config: Config horizon::worlds::splat_renderer::SplatRendererConfig for interface "splat_renderer" is defaulted because it was missing
12-08 09:32:15.465 I/HorizonStandalone(25980): Config: Config horizon::player_grabbing::PlayerGrabbingConfig for interface "player_grabbing" is unused and defaulted
12-08 09:32:15.465 I/HorizonStandalone(25980): Config: Config horizon::player::PlayerConfig for interface "player" is unused and defaulted
12-08 09:32:15.465 I/HorizonStandalone(25980): Config: Config horizon::locomotion::LocomotionConfig for interface "locomotion" is unused and defaulted
12-08 09:32:15.465 W/HorizonStandalone(25980): Config: Config horizon::hmi::HmiConfig for interface "hmi_manager" is defaulted because it was missing
12-08 09:32:15.465 I/HorizonStandalone(25980): Config: Config horizon::core_ui::CoreUiConfig for interface "core_ui" is unused and defaulted
12-08 09:32:15.465 I/HorizonStandalone(25980): Config: Config horizon::interaction::InteractionConfig for interface "interaction" is unused and defaulted
12-08 09:32:15.465 I/HorizonStandalone(25980): Config: Config horizon::character::CharacterConfig for interface "character" is unused and defaulted
12-08 09:32:15.465 I/HorizonStandalone(25980): Config: Config horizon::avatar::AvatarConfig for interface "avatar" is unused and defaulted
12-08 09:32:15.465 I/HorizonStandalone(25980): Config: Config horizon::auth::AuthConfig for interface "authentication" is unused and defaulted
12-08 09:32:15.465 I/HorizonStandalone(25980): Config: Config horizon::meta_config::MetaConfigConfig for interface "meta_config" is unused and defaulted
12-08 09:32:15.465 W/HorizonStandalone(25980): Config: Config horizon::input::InputConfig for interface "input" is defaulted because it was missing
12-08 09:32:15.465 I/HorizonStandalone(25980): Config: Config horizon::asset_service::AssetServiceConfig for interface "asset_service" is unused and defaulted
12-08 09:32:15.465 I/HorizonStandalone(25980): Config: Config horizon::asset_service::AssetRefreshConfig for interface "asset_service" is unused and defaulted
12-08 09:32:15.465 I/HorizonStandalone(25980): Config: Config horizon::ui_debug::DebugUiConfig for interface "ui_debug" is unused and defaulted
12-08 09:32:15.465 W/HorizonStandalone(25980): Config: Config horizon::aether::AetherConfig for interface "aether" is defaulted because it was missing
12-08 09:32:15.465 I/HorizonStandalone(25980): Config: Config horizon::physics::PhysicsConfig for interface "physics" is unused and defaulted
12-08 09:32:15.465 I/HorizonStandalone(25980): Config: Config horizon::matchmaking::MatchmakingConfig for interface "matchmaking" is unused and defaulted
12-08 09:32:15.465 I/HorizonStandalone(25980): Config: Config horizon::WebRequestConfig for interface "web_request" is unused and defaulted
12-08 09:32:15.465 I/HorizonStandalone(25980): Config: Config horizon::VoipConfig for interface "voip" is unused and defaulted
12-08 09:32:15.465 W/HorizonStandalone(25980): Config: Config horizon::RenderConfig for interface "renderer" is defaulted because it was missing
12-08 09:32:15.465 I/HorizonStandalone(25980): Config: Config horizon::networking::NetworkConfig for interface "networking" is unused and defaulted
12-08 09:32:15.465 W/HWComposer( 2437): Ignoring duplicate VSYNC event from HWC for display 4630946970282026130 (t=3331788817000)
12-08 09:32:15.465 I/HorizonStandalone(25980): Config: Config horizon::AnalyticsConfig for interface "analytics" is unused and defaulted
12-08 09:32:15.465 I/HorizonStandalone(25980): Config: Config horizon::embodiment::EmbodimentConfig for interface "embodiment" is unused and defaulted
12-08 09:32:15.465 I/HorizonStandalone(25980): Config: Config horizon::asset_service::AssetServiceClientConfig for interface "asset_service" is unused and defaulted
12-08 09:32:15.465 I/HorizonStandalone(25980): Config: Config horizon::AudioConfig for interface "audio" is unused and defaulted
12-08 09:32:15.465 I/HorizonStandalone(25980): Config: Config horizon::asset_service::AssetServiceServerConfig for interface "asset_service" is unused and defaulted
12-08 09:32:15.465 I/HorizonStandalone(25980): Application: Initializing window manager: horizon::NullWindowManager
12-08 09:32:15.465 I/HorizonStandalone(25980): Application: Skipping lifecycle analytics event ApplicationClassInitComplete due to event bus get failure (ErrorNotFound)
12-08 09:32:15.466 W/HorizonStandalone(25980): World: No provider found for required dependency horizon::player::IPlayerManager of horizon::platform_api::NativeFootstepServiceHolder. It may not have an attr::worldContext(), or a module that provides it may not be linked into the application.
12-08 09:32:15.466 W/HorizonStandalone(25980): World: No provider found for required dependency horizon::physics::IPhysicsScene of horizon::physics::NativePhysicsServiceHolder. It may not have an attr::worldContext(), or a module that provides it may not be linked into the application.
12-08 09:32:15.466 W/HorizonStandalone(25980): World: No provider found for required dependency horizon::platform_api::IPlatformAPIEventManager of horizon::physics::NativePhysicsServiceHolder. It may not have an attr::worldContext(), or a module that provides it may not be linked into the application.
12-08 09:32:15.466 W/HorizonStandalone(25980): World: No provider found for required dependency horizon::embodiment::IEmbodimentSystem of horizon::platform_api::NativeAvatarServiceHolder. It may not have an attr::worldContext(), or a module that provides it may not be linked into the application.
12-08 09:32:15.466 W/HorizonStandalone(25980): World: No provider found for required dependency horizon::player::IPlayerManager of horizon::platform_api::NativeAvatarServiceHolder. It may not have an attr::worldContext(), or a module that provides it may not be linked into the application.
12-08 09:32:15.466 W/HorizonStandalone(25980): World: No provider found for required dependency horizon::physics::IPhysicsScene of horizon::player_input::PlayerHandPointer. It may not have an attr::worldContext(), or a module that provides it may not be linked into the application.
12-08 09:32:15.466 W/HorizonStandalone(25980): World: No provider found for required dependency horizon::platform_api::IPlatformAPI of horizon::platform_api::NativePlayerServiceHolder. It may not have an attr::worldContext(), or a module that provides it may not be linked into the application.
12-08 09:32:15.466 W/HorizonStandalone(25980): World: No provider found for required dependency horizon::player::IPlayerManager of horizon::platform_api::NativePlayerServiceHolder. It may not have an attr::worldContext(), or a module that provides it may not be linked into the application.
12-08 09:32:15.466 W/HorizonStandalone(25980): World: No provider found for required dependency horizon::player::IPlayerManager of horizon::platform_api::NativePlayerInputServiceHolder. It may not have an attr::worldContext(), or a module that provides it may not be linked into the application.
