12-08 15:41:04.810 I/AppsFilter( 2051): interaction: PackageSetting{d40565 com.example.moonlight_spatialsdk/10177} -> PackageSetting{fd3b2a com.oculus.store/10088} BLOCKED
12-08 15:41:04.810 I/AppsFilter( 2051): interaction: PackageSetting{d40565 com.example.moonlight_spatialsdk/10177} -> PackageSetting{552d1b com.meta.samples.NorthStar/10149} BLOCKED
12-08 15:41:04.810 I/AppsFilter( 2051): interaction: PackageSetting{d40565 com.example.moonlight_spatialsdk/10177} -> PackageSetting{5e49eb8 com.oculus.socialplatform/10103} BLOCKED
12-08 15:41:04.811 I/AppsFilter( 2051): interaction: PackageSetting{d40565 com.example.moonlight_spatialsdk/10177} -> PackageSetting{503d491 com.oculus.horizonmediaplayer/10108} BLOCKED
12-08 15:41:04.811 I/AppsFilter( 2051): interaction: PackageSetting{d40565 com.example.moonlight_spatialsdk/10177} -> PackageSetting{68bdff6 com.android.webview/10042} BLOCKED
12-08 15:41:04.811 D/nativeloader( 8470): InitApexLibraries:
12-08 15:41:04.811 D/nativeloader( 8470):   com_android_adservices: libhpke_jni.so:libtflite_support_classifiers_native.so
12-08 15:41:04.811 D/nativeloader( 8470):   com_android_appsearch: libicing.so
12-08 15:41:04.811 D/nativeloader( 8470):   com_android_art: libartservice.so
12-08 15:41:04.811 D/nativeloader( 8470):   com_android_btservices: libbluetooth_jni.so
12-08 15:41:04.811 D/nativeloader( 8470):   com_android_conscrypt: libjavacrypto.so
12-08 15:41:04.811 D/nativeloader( 8470):   com_android_extservices: libhpke_jni.so:libtflite_support_classifiers_native.so
12-08 15:41:04.811 D/nativeloader( 8470):   com_android_os_statsd: libstats_jni.so
12-08 15:41:04.811 D/nativeloader( 8470):   com_android_tethering: libcronet.114.0.5735.84.so:libframework-connectivity-jni.so:libframework-connectivity-tiramisu-jni.so:libandroid_net_connectivity_com_android_net_module_util_jni.so:libservice-connectivity.so
12-08 15:41:04.811 D/nativeloader( 8470):   com_android_uwb: libuwb_uci_jni_rust.so
12-08 15:41:04.811 D/nativeloader( 8470):   com_android_virt: libvirtualizationservice_jni.so:libvirtualmachine_jni.so
12-08 15:41:04.811 D/nativeloader( 8470):   com_meta_xr: libmrservice_plugin.so
12-08 15:41:04.811 I/AppsFilter( 2051): interaction: PackageSetting{d40565 com.example.moonlight_spatialsdk/10177} -> PackageSetting{60f7ff7 com.oculus.vrprivacycheckup/10110} BLOCKED
12-08 15:41:04.811 I/AppsFilter( 2051): interaction: PackageSetting{d40565 com.example.moonlight_spatialsdk/10177} -> PackageSetting{da0ee64 com.meta.shell.env.vista.central/10160} BLOCKED
12-08 15:41:04.811 I/AppsFilter( 2051): interaction: PackageSetting{d40565 com.example.moonlight_spatialsdk/10177} -> PackageSetting{b8028cd com.oculus.panelapp.library/10049} BLOCKED
12-08 15:41:04.811 I/AppsFilter( 2051): interaction: PackageSetting{d40565 com.example.moonlight_spatialsdk/10177} -> PackageSetting{d8e0582 horizon.platform.providers/10137} BLOCKED
12-08 15:41:04.811 I/AppsFilter( 2051): interaction: PackageSetting{d40565 com.example.moonlight_spatialsdk/10177} -> PackageSetting{fb22493 com.oculus.systemresource/10097} BLOCKED
12-08 15:41:04.811 I/AppsFilter( 2051): interaction: PackageSetting{d40565 com.example.moonlight_spatialsdk/10177} -> PackageSetting{2b08cd0 com.microsoft.rdc.androidx/10157} BLOCKED
12-08 15:41:04.811 I/AppsFilter( 2051): interaction: PackageSetting{d40565 com.example.moonlight_spatialsdk/10177} -> PackageSetting{8f384c9 com.gameboomvr.CookingSimulatorVR/10152} BLOCKED
12-08 15:41:04.811 I/AppsFilter( 2051): interaction: PackageSetting{d40565 com.example.moonlight_spatialsdk/10177} -> PackageSetting{e9af7ce com.oculus.guardiansetup/10142} BLOCKED
12-08 15:41:04.811 I/AppsFilter( 2051): interaction: PackageSetting{d40565 com.example.moonlight_spatialsdk/10177} -> PackageSetting{6d076ef com.oculus.hzosgallery/10121} BLOCKED
12-08 15:41:04.811 I/AppsFilter( 2051): interaction: PackageSetting{d40565 com.example.moonlight_spatialsdk/10177} -> PackageSetting{6d9a5fc horizon.platform.service/10140} BLOCKED
12-08 15:41:04.811 I/AppsFilter( 2051): interaction: PackageSetting{d40565 com.example.moonlight_spatialsdk/10177} -> PackageSetting{826a485 horizonos.theme.quest.rro/10037} BLOCKED
12-08 15:41:04.811 I/AppsFilter( 2051): interaction: PackageSetting{d40565 com.example.moonlight_spatialsdk/10177} -> PackageSetting{272c2da com.oculus.os.qrcodereader/10057} BLOCKED
12-08 15:41:04.811 I/AppsFilter( 2051): interaction: PackageSetting{d40565 com.example.moonlight_spatialsdk/10177} -> PackageSetting{f95e4d6 com.android.wifi.resources/10003} BLOCKED
12-08 15:41:04.811 I/AppsFilter( 2051): interaction: PackageSetting{d40565 com.example.moonlight_spatialsdk/10177} -> PackageSetting{d7930b com.meta.mqdh.mqdhservice/10174} BLOCKED
12-08 15:41:04.811 I/AppsFilter( 2051): interaction: PackageSetting{d40565 com.example.moonlight_spatialsdk/10177} -> PackageSetting{1925e8 com.oculus.systemux/10066} BLOCKED
12-08 15:41:04.811 I/AppsFilter( 2051): interaction: PackageSetting{d40565 com.example.moonlight_spatialsdk/10177} -> PackageSetting{db20401 com.meta.surfacetypingnux/10151} BLOCKED
12-08 15:41:04.811 I/AppsFilter( 2051): interaction: PackageSetting{d40565 com.example.moonlight_spatialsdk/10177} -> PackageSetting{bca32a6 com.oculus.oemconfig/10036} BLOCKED
12-08 15:41:04.811 I/AppsFilter( 2051): interaction: PackageSetting{d40565 com.example.moonlight_spatialsdk/10177} -> PackageSetting{2ea54e7 com.meta.handseducationmodule/10104} BLOCKED
12-08 15:41:04.811 I/AppsFilter( 2051): interaction: PackageSetting{d40565 com.example.moonlight_spatialsdk/10177} -> PackageSetting{54eb894 com.oculus.remotedesktop/10109} BLOCKED
12-08 15:41:04.811 I/AppsFilter( 2051): interaction: PackageSetting{d40565 com.example.moonlight_spatialsdk/10177} -> PackageSetting{539df3d com.meta.federatedcomputing.oculus/10067} BLOCKED
12-08 15:41:04.811 I/AppsFilter( 2051): interaction: PackageSetting{d40565 com.example.moonlight_spatialsdk/10177} -> PackageSetting{1d6d332 com.oculus.q4bservice/10039} BLOCKED
12-08 15:41:04.811 I/AppsFilter( 2051): interaction: PackageSetting{d40565 com.example.moonlight_spatialsdk/10177} -> PackageSetting{77d5883 com.oculus.guidebook/10099} BLOCKED
12-08 15:41:04.811 I/AppsFilter( 2051): interaction: PackageSetting{d40565 com.example.moonlight_spatialsdk/10177} -> PackageSetting{9a8ca00 horizonos.supplement.metauniverse.libraryapk/10150} BLOCKED
12-08 15:41:04.811 I/AppsFilter( 2051): interaction: PackageSetting{d40565 com.example.moonlight_spatialsdk/10177} -> PackageSetting{66a3239 com.oculus.igvr/10116} BLOCKED
12-08 15:41:04.811 I/AppsFilter( 2051): interaction: PackageSetting{d40565 com.example.moonlight_spatialsdk/10177} -> PackageSetting{79af07e com.oculus.mrds/10087} BLOCKED
12-08 15:41:04.811 I/AppsFilter( 2051): interaction: PackageSetting{d40565 com.example.moonlight_spatialsdk/10177} -> PackageSetting{1b2f9df com.AnotherAxiom.A2/10070} BLOCKED
12-08 15:41:04.811 I/AppsFilter( 2051): interaction: PackageSetting{d40565 com.example.moonlight_spatialsdk/10177} -> PackageSetting{2d0862c com.facebook.orca/10112} BLOCKED
12-08 15:41:04.811 I/AppsFilter( 2051): interaction: PackageSetting{d40565 com.example.moonlight_spatialsdk/10177} -> PackageSetting{db2b8f5 com.facebook.workrooms/10163} BLOCKED
12-08 15:41:04.811 I/AppsFilter( 2051): interaction: PackageSetting{d40565 com.example.moonlight_spatialsdk/10177} -> PackageSetting{bf1968a quest.eleven.forfunlabs/10171} BLOCKED
12-08 15:41:04.811 I/AppsFilter( 2051): interaction: PackageSetting{d40565 com.example.moonlight_spatialsdk/10177} -> PackageSetting{a7754fb com.oculus.tv/10091} BLOCKED
12-08 15:41:04.811 I/AppsFilter( 2051): interaction: PackageSetting{d40565 com.example.moonlight_spatialsdk/10177} -> PackageSetting{5d5d918 com.oculus.panelapp.devicepairing/10138} BLOCKED
12-08 15:41:04.811 I/AppsFilter( 2051): interaction: PackageSetting{d40565 com.example.moonlight_spatialsdk/10177} -> PackageSetting{4c2ef71 com.oculus.userserver2/10058} BLOCKED
12-08 15:41:04.811 I/AppsFilter( 2051): interaction: PackageSetting{d40565 com.example.moonlight_spatialsdk/10177} -> PackageSetting{e5a9156 com.netflix.ninja.vr/10006} BLOCKED
12-08 15:41:04.811 I/AppsFilter( 2051): interaction: PackageSetting{d40565 com.example.moonlight_spatialsdk/10177} -> PackageSetting{35c45d7 com.meta.worlds/10139} BLOCKED
12-08 15:41:04.811 I/AppsFilter( 2051): interaction: PackageSetting{d40565 com.example.moonlight_spatialsdk/10177} -> PackageSetting{6db6ec4 com.android.bookmarkprovider/10027} BLOCKED
12-08 15:41:04.811 I/AppsFilter( 2051): interaction: PackageSetting{d40565 com.example.moonlight_spatialsdk/10177} -> PackageSetting{6c611ad com.oculus.guardianresources/10030} BLOCKED
12-08 15:41:04.811 I/AppsFilter( 2051): interaction: PackageSetting{d40565 com.example.moonlight_spatialsdk/10177} -> PackageSetting{4866ce2 com.oculus.guardian/10073} BLOCKED
12-08 15:41:04.811 I/AppsFilter( 2051): interaction: PackageSetting{d40565 com.example.moonlight_spatialsdk/10177} -> PackageSetting{b356873 com.oculus.explore/10096} BLOCKED
12-08 15:41:04.811 I/AppsFilter( 2051): interaction: PackageSetting{d40565 com.example.moonlight_spatialsdk/10177} -> PackageSetting{782b330 com.meta.hpiassets/10155} BLOCKED
12-08 15:41:04.811 I/AppsFilter( 2051): interaction: PackageSetting{d40565 com.example.moonlight_spatialsdk/10177} -> PackageSetting{2e1bfc com.android.cts.ctsshim/10127} BLOCKED
12-08 15:41:04.811 I/AppsFilter( 2051): interaction: PackageSetting{d40565 com.example.moonlight_spatialsdk/10177} -> PackageSetting{c5f1ba9 com.oculus.q4b.mdm/10041} BLOCKED
12-08 15:41:04.811 I/AppsFilter( 2051): interaction: PackageSetting{d40565 com.example.moonlight_spatialsdk/10177} -> PackageSetting{ca2752e com.meta.shell.env.footprint.haven2025/10159} BLOCKED
12-08 15:41:04.811 I/AppsFilter( 2051): interaction: PackageSetting{d40565 com.example.moonlight_spatialsdk/10177} -> PackageSetting{7418cf Immersed.quest/10162} BLOCKED
12-08 15:41:04.811 I/AppsFilter( 2051): interaction: PackageSetting{d40565 com.example.moonlight_spatialsdk/10177} -> PackageSetting{17d25c com.oculus.permissioncontroller.rro/10000} BLOCKED
12-08 15:41:04.811 I/AppsFilter( 2051): interaction: PackageSetting{d40565 com.example.moonlight_spatialsdk/10177} -> PackageSetting{c071a1f com.valinor/10106} BLOCKED
12-08 15:41:04.812 I/AppsFilter( 2051): interaction: PackageSetting{d40565 com.example.moonlight_spatialsdk/10177} -> PackageSetting{b64c965 com.meta.environment.prod.nuxd/10033} BLOCKED
12-08 15:41:04.812 I/AppsFilter( 2051): interaction: PackageSetting{d40565 com.example.moonlight_spatialsdk/10177} -> PackageSetting{864b63a com.oculus.helpcenter/10105} BLOCKED
12-08 15:41:04.812 I/AppsFilter( 2051): interaction: PackageSetting{d40565 com.example.moonlight_spatialsdk/10177} -> PackageSetting{d4372eb com.android.hotspot2.osulogin/10004} BLOCKED
12-08 15:41:04.812 I/AppsFilter( 2051): interaction: PackageSetting{d40565 com.example.moonlight_spatialsdk/10177} -> PackageSetting{f7db848 com.camouflaj.manta/10022} BLOCKED
12-08 15:41:04.812 I/AppsFilter( 2051): interaction: PackageSetting{d40565 com.example.moonlight_spatialsdk/10177} -> PackageSetting{65d96e1 com.oculus.quickpromotionservice/10082} BLOCKED
12-08 15:41:04.812 I/AppsFilter( 2051): interaction: PackageSetting{d40565 com.example.moonlight_spatialsdk/10177} -> PackageSetting{6ab8c8e com.oculus.paracosmaavalanche/10164} BLOCKED
12-08 15:41:04.812 I/AppsFilter( 2051): interaction: PackageSetting{d40565 com.example.moonlight_spatialsdk/10177} -> PackageSetting{96452c7 com.facebook.arvr.quillplayer/10115} BLOCKED
12-08 15:41:04.812 I/AppsFilter( 2051): interaction: PackageSetting{d40565 com.example.moonlight_spatialsdk/10177} -> PackageSetting{dda10f4 com.LuckyVR.PokerStarsVR/10090} BLOCKED
12-08 15:41:04.812 I/AppsFilter( 2051): interaction: PackageSetting{d40565 com.example.moonlight_spatialsdk/10177} -> PackageSetting{7bbc01d com.meta.HyperscapeHmdCapture/10158} BLOCKED
12-08 15:41:04.812 I/AppsFilter( 2051): interaction: PackageSetting{d40565 com.example.moonlight_spatialsdk/10177} -> PackageSetting{2e7d292 com.android.captiveportallogin/10028} BLOCKED
12-08 15:41:04.812 I/AppsFilter( 2051): interaction: PackageSetting{d40565 com.example.moonlight_spatialsdk/10177} -> PackageSetting{dc95463 com.oculus.panelapp.calendar/10086} BLOCKED
12-08 15:41:04.812 I/AppsFilter( 2051): interaction: PackageSetting{d40565 com.example.moonlight_spatialsdk/10177} -> PackageSetting{2ee04f3 com.oculus.highwindservice/10141} BLOCKED
12-08 15:41:04.812 I/AppsFilter( 2051): interaction: PackageSetting{d40565 com.example.moonlight_spatialsdk/10177} -> PackageSetting{4d94119 com.meta.pclinkservice.server/10047} BLOCKED
12-08 15:41:04.812 I/AppsFilter( 2051): interaction: PackageSetting{d40565 com.example.moonlight_spatialsdk/10177} -> PackageSetting{4ac85de com.meta.transport/10120} BLOCKED
12-08 15:41:04.812 I/AppsFilter( 2051): interaction: PackageSetting{d40565 com.example.moonlight_spatialsdk/10177} -> PackageSetting{5f2d3bf com.oculus.configuration/10055} BLOCKED
12-08 15:41:04.812 E/MRSS    ( 1574): CALIBRATION_RUNTIME: OnlineCalibrationSession: Calibration unsuccessful status code is 3.
12-08 15:41:04.812 I/OpenXR  ( 8470): Loading 64-bit Runtime.
12-08 15:41:04.819 I/VrRuntimeClient( 8470): VrRuntimeClient(): 0x761e26c380
12-08 15:41:04.819 D/OsSdkLoader( 8470): OSSDK loading module 'libossdk.oculus.so'
12-08 15:41:04.830 I/DriverLoader( 8470): Calling into SetLegacyVrApiEntryPointOverride
12-08 15:41:04.830 I/VrApi_DriverLoader( 8470): SetLegacyVrApiEntryPointOverride: calling sprintf
12-08 15:41:04.830 I/VrApi_DriverLoader( 8470): SetLegacyVrApiEntryPointOverride: env buffer is '0x761e1bfbc8'
12-08 15:41:04.830 I/VrApi_DriverLoader( 8470): SetLegacyVrApiEntryPointOverride: calling setenv
12-08 15:41:04.830 I/DriverLoader( 8470): Creating Temp JNIEnv
12-08 15:41:04.830 I/DriverLoader( 8470): Calling FindClass
12-08 15:41:04.830 I/DriverLoader( 8470): Calling RegisterNativeVrApiLoaderMethods
12-08 15:41:04.830 I/VrApi_DriverLoader( 8470): RegisterNativeVrApiLoaderMethods: calling RegisterNatives
12-08 15:41:04.830 I/DriverLoader( 8470): Calling RegisterNativeXrLoaderMethods
12-08 15:41:04.830 I/OpenXR_DriverLoader( 8470): RegisterNativeVrApiLoaderMethods: calling RegisterNatives
12-08 15:41:04.830 I/DriverLoader( 8470): Exiting JNI_OnLoad
12-08 15:41:04.831 I/OpenXR_ClientState( 8470): OpenXRClientState::create - from xrInitializeLoaderKHR
12-08 15:41:04.831 I/XrRuntimeSharedClientState( 8470): SharedClientState::create called from 'OpenXRClientState::init'
12-08 15:41:04.831 I/ipcLoader [RUNTIMEIPC]( 8470): RuntimeIPC: Loader: IPC Service API Loader Version: 81 Dec  4 2025 07:47:30
12-08 15:41:04.831 I/ipcLoader [RUNTIMEIPC]( 8470): Using android_get_exported_namespace: libripcclient.oculus.so
12-08 15:41:04.832 I/ipcLoader [RUNTIMEIPC]( 8470): android_get_exported_namespace SUCCESS: libripcclient.oculus.so
12-08 15:41:04.832 I/RuntimeIPCSystem [RUNTIMEIPC]( 8470): RuntimeIPCSystem: Init called: Version: 81, Platform: Android, Build Date: Dec  7 2025, Build Time: 14:26:30, BuildMode: shared
12-08 15:41:04.833 I/MultiInstanceDetector [RUNTIMEIPC]( 8470): Multiple instances check passed. Socket name: INSTANCE_DETECTOR:8470
12-08 15:41:04.833 D/OsSdkLoader( 8470): OSSDK loading module 'libossdk.oculus.so'
12-08 15:41:04.834 W/RuntimeIPCSystem [RUNTIMEIPC]( 8470): Init: Java VM is null
12-08 15:41:04.834 D/OsSdkLoader( 8470): OSSDK loading module 'libripcmanager.oculus.so'
12-08 15:41:04.835 I/RuntimeIpcManager( 8470): RuntimeIpcManager: attempting to get a service connection
12-08 15:41:04.835 I/RuntimeIpcBroker( 1733): [RuntimeIpcBroker] Attempting to retrieve package name and version for client
12-08 15:41:04.835 I/RuntimeIpcBroker( 1733): [RuntimeIpcBroker] Retrieving service manager for com.example.moonlight_spatialsdk
12-08 15:41:04.835 I/RuntimeIpcBroker( 1733): [RuntimeIpcBroker] Retrieving permission service [binder] from service manager for com.example.moonlight_spatialsdk
12-08 15:41:04.835 I/Tracking( 1772): Vega: [INSIGHTS] Mode=DescriptorVega,6DoF,Agg=40s,Inl=14,22,181,Mem=98.4,FrameDur=6.8,38.3,PoseLat=1.6,6.6,CamImuLat=22.3,39.8,Jit=0.0,0.1,Drops(Cam=0,IMU=0),MeanIr=10885.9,Exp(2.7ms,g=1,I=60)(2.7ms,g=1,I=60)(3.8ms,g=2,I=59)(3.6ms,g=2,I=62)(0.0ms,g=0)(0.0ms,g=0),NonInertEnv=?
12-08 15:41:04.836 I/RuntimeIpcBroker( 1733): [RuntimeIpcBroker] Succesfully retrieved permission service [binder] from service manager for com.example.moonlight_spatialsdk
12-08 15:41:04.836 I/RuntimeIpcBroker( 1733): [RuntimeIpcBroker] Retrieving service manager for com.example.moonlight_spatialsdk
12-08 15:41:04.836 I/RuntimeIpcBroker( 1733): [RuntimeIpcBroker] Retrieving package_native service [binder] for com.example.moonlight_spatialsdk
12-08 15:41:04.836 I/RuntimeIpcBroker( 1733): [RuntimeIpcBroker] Succesfully retrieved package_native service [binder] for com.example.moonlight_spatialsdk
12-08 15:41:04.836 I/RuntimeIpcBroker( 1733): [RuntimeIpcBroker] Attempting to connect: com.example.moonlight_spatialsdk -- com.example.moonlight_spatialsdk, [uid: 10177, pid: 8470]
12-08 15:41:04.836 I/RuntimeIpcBroker( 1733): [RuntimeIpcBroker] Connections lock acquired
12-08 15:41:04.836 I/RuntimeIPCService [RUNTIMEIPC]( 1733): CreateBrokerConnection: Pre-lock BrokerConnections.Mutex: packageName: com.example.moonlight_spatialsdk, processName: com.example.moonlight_spatialsdk, pid: 8470
12-08 15:41:04.836 I/RuntimeIPCService [RUNTIMEIPC]( 1733): CreateBrokerConnection: [Client Descriptor - 8470:com.example.moonlight_spatialsdk:com.example.moonlight_spatialsdk] [Connection Id - 348303578]
12-08 15:41:04.837 I/RuntimeIpcBroker( 1733): [RuntimeIpcBroker] initClientId successful on client binder
12-08 15:41:04.837 I/RuntimeIpcBroker( 1733): [RuntimeIpcBroker] Connection established for com.example.moonlight_spatialsdk -- com.example.moonlight_spatialsdk, [uid: 10177, pid: 8470]
12-08 15:41:04.837 I/RuntimeIpcManager( 8470): RuntimeIpcManager: Binder call to service->connect SUCCESS
12-08 15:41:04.837 V/RuntimeIPCService [RUNTIMEIPC]( 1733): GetServiceBinder: com.example.moonlight_spatialsdk:com.example.moonlight_spatialsdk:8470
12-08 15:41:04.837 V/IPCDataChannelAndroidBinder [RUNTIMEIPC]( 1733): alloc binder info: 37
12-08 15:41:04.837 D/IPCDataChannelServer [RUNTIMEIPC]( 1733): Connected: 348303578, com.example.moonlight_spatialsdk:com.example.moonlight_spatialsdk:8470
12-08 15:41:04.837 I/BrokerRPC [RUNTIMEIPC]( 8470): InitRPCToServiceInternal: Success
12-08 15:41:04.838 I/RuntimeIPCSystem [RUNTIMEIPC]( 8470): RuntimeIPCSystem: Init SUCCESS: Version: 81, Platform: Android, Build Date: Dec  7 2025, Build Time: 14:26:30, BuildMode: shared
12-08 15:41:04.838 W/RuntimeIPCService [RUNTIMEIPC]( 1733): SetServerList: Connection not allowed to register servers. Package: com.example.moonlight_spatialsdk, Process: com.example.moonlight_spatialsdk
12-08 15:41:04.838 I/RipcServerMgr [RUNTIMEIPC]( 8470): UpdateServerListOnBroker (pid: 8470): SUCCESS (shouldNotify=true): []
12-08 15:41:04.838 I/RuntimeIpcHelperService( 2051): Going to start ComponentInfo{com.oculus.systemdriver/com.oculus.vrruntimeservice.VrRuntimeService} as foreground, Calling uid: 10177 pid: 8470
12-08 15:41:04.839 I/MRSS    ( 1574): EvaController: Sessions: CvpPreprocessor(DSP)(Running) with 4 handles: WARP(150),WARP(150),PYRAMID(150),PYRAMID(150),; 
12-08 15:41:04.840 I/ClientProcessConnector [RUNTIMEIPC]( 8470): GetProcessConnection: com.oculus.systemdriver:com.oculus.vrruntimeservice
12-08 15:41:04.841 I/RipcServerClientHandler [RUNTIMEIPC]( 3567): Event buffer size (server): 8192
12-08 15:41:04.842 I/RipcServerMgr [RUNTIMEIPC]( 3567): HandleClientConnect SUCCESS: Client: com.example.moonlight_spatialsdk:com.example.moonlight_spatialsdk:8470:, Server: com.oculus.systemdriver:com.oculus.vrruntimeservice (gkcache)
12-08 15:41:04.842 I/RipcClient [RUNTIMEIPC]( 8470): Event buffer size (client): 8192
12-08 15:41:04.842 I/RipcClient [RUNTIMEIPC]( 8470): TryToGetIPCResourcesFromServer: RPC_CONNECTOR_CONNECT_TO_SERVER SUCCESS: Client: com.example.moonlight_spatialsdk:com.example.moonlight_spatialsdk:8470, Server: com.oculus.systemdriver:com.oculus.vrruntimeservice:0 (gkcache), Version: 81, Platform: Android, Build Date: Dec  7 2025, Build Time: 14:26:30, BuildMode: shared
12-08 15:41:04.842 I/RipcClient [RUNTIMEIPC]( 8470): EnsureServerConnection: SUCCESS. Client: com.example.moonlight_spatialsdk:com.example.moonlight_spatialsdk:8470, Server: com.oculus.systemdriver:com.oculus.vrruntimeservice:0 (gkcache)
12-08 15:41:04.842 I/RipcClient [RUNTIMEIPC]( 8470): [RIPC_CONNECT_LOG] ConnectToServer: SUCCESS: Client: com.example.moonlight_spatialsdk:com.example.moonlight_spatialsdk:8470, Server: com.oculus.systemdriver:com.oculus.vrruntimeservice:0 (gkcache)
12-08 15:41:04.842 W/REFLECT [RUNTIMEIPC]( 3567): Disabling all permissions (ONLY USE IN TESTS): 348300767:com.example.moonlight_spatialsdk/com.example.moonlight_spatialsdk (10177:8470), mask: 11111111111111111111111111111111
12-08 15:41:04.842 I/GkCacheQuerierServer( 3567): Client 348300767 from com.example.moonlight_spatialsdk:8470 connected.
12-08 15:41:04.843 I/MRSS    ( 1574): MIXEDREALITY: MrRuntimeCompute: dispatchFrameset : (every 5 seconds). FloorHeight: OFF, TrackedKeypoints: OFF, Semantics: OFF, Passthrough: ON, SceneObjects: OFF, SceneLayout: OFF, PlaneFreespace: ON, SceneReconstruction: OFF, LightingEstimation: OFF, MetaBackgroundFreespaceScan: ON, MetaEnvironmentDepth: ON, Depth: ON, MetaForegroundFreespaceScan: OFF, SporadicDepth: OFF, Fiducials: OFF, MrFeatureTelemetry: ON, Camera: ON, InstantPlacement: OFF, SemanticVolume: OFF, VisionInterfaceTelemetry: ON, MetaAssistedSceneCapture: OFF, DepthMeshing: OFF
12-08 15:41:04.844 I/RipcClient [RUNTIMEIPC]( 8470): InitServerStateBuffer: SUCCESS. 0, Client: com.example.moonlight_spatialsdk:com.example.moonlight_spatialsdk:8470, Server: com.oculus.systemdriver:com.oculus.vrruntimeservice:0 (gkcache)
12-08 15:41:04.844 I/OpenXR_ClientState( 8470): Client state creation succeeded.
12-08 15:41:04.844 V/OpenXR  ( 8470): OpenXRForwardLoader::xrInitializeLoaderKHR [end]
12-08 15:41:04.844 V/OpenXR  ( 8470): OpenXRForwardLoader::xrNegotiateLoaderRuntimeInterface [start]
12-08 15:41:04.845 V/OpenXR  ( 8470): OpenXRForwardLoader::xrNegotiateLoaderRuntimeInterface [end]
12-08 15:41:04.845 I/OpenXR-Loader( 8470): Info [GENERAL | xrEnumerateInstanceExtensionProperties | OpenXR-Loader] : RuntimeInterface::LoadRuntime succeeded loading runtime defined in manifest file /odm/etc/openxr/1/active_runtime.aarch64.json using interface version 1 and OpenXR API version 1.0
12-08 15:41:04.848 I/DUMPSYS_LOG(  873): {"additional_data":{"camera_fps":[{"fps":72.006660559774787,"frames":721,"id":4},{"fps":72.006660559774787,"frames":721,"id":5}]},"event":"CameraFPS","service":"SensorService","tid":"516492868336","ts":1765237264848036,"ts_proc":25461171708}
12-08 15:41:04.853 I/ApplicationAttributes( 8470): IsPrivileged 0
12-08 15:41:04.853 I/OpenXR  ( 8470): Is_X_PartnerGateKeeper
12-08 15:41:04.853 I/OpenXR  ( 8470): PGK Status: exp = 0, dc = true
12-08 15:41:04.853 I/OpenXR  ( 8470): Extension status: APC
12-08 15:41:04.855 I/ApplicationAttributes( 8470): IsSystem 0
12-08 15:41:04.857 E/libosutils( 8470): Failed to get real path of file '/sys/devices/soc0/oem_variant', err: Permission denied
12-08 15:41:04.857 E/libosutils( 8470): Failed to get real path of file '/sys/devices/soc0/platform_subtype_id', err: Permission denied
12-08 15:41:04.857 E/libosutils( 8470): Failed to get real path of file '/sys/devices/soc0/platform_version', err: Permission denied
12-08 15:41:04.857 W/libdeviceid( 8470): DeviceId unknown with subtype FFFFFFFF and version: 0xFFFFFFFF
12-08 15:41:04.855 W/Thread-4( 8470): type=1400 audit(0.0:1411): avc:  denied  { search } for  name="soc0" dev="sysfs" ino=67225 scontext=u:r:untrusted_app:s0:c177,c256,c512,c768 tcontext=u:object_r:vendor_sysfs_soc:s0 tclass=dir permissive=0 app=com.example.moonlight_spatialsdk
12-08 15:41:04.855 W/Thread-4( 8470): type=1400 audit(0.0:1412): avc:  denied  { search } for  name="soc0" dev="sysfs" ino=67225 scontext=u:r:untrusted_app:s0:c177,c256,c512,c768 tcontext=u:object_r:vendor_sysfs_soc:s0 tclass=dir permissive=0 app=com.example.moonlight_spatialsdk
12-08 15:41:04.855 W/Thread-4( 8470): type=1400 audit(0.0:1413): avc:  denied  { search } for  name="soc0" dev="sysfs" ino=67225 scontext=u:r:untrusted_app:s0:c177,c256,c512,c768 tcontext=u:object_r:vendor_sysfs_soc:s0 tclass=dir permissive=0 app=com.example.moonlight_spatialsdk
12-08 15:41:04.858 E/VrDeviceManagerService( 1777): Permission denied: process 8470 (uid 10177) doesn't have the required permission: horizonos.permission.SET_VR_DEVICE_PARAMS
12-08 15:41:04.858 E/VrDeviceManagerService( 1777): Permission denied: process 8470 (uid 10177) doesn't have the required permission: horizonos.permission.READ_VR_DEVICE_PARAMS
12-08 15:41:04.858 E/VrDeviceManagerService( 1777): Permission denied: process 8470 (uid 10177) doesn't have the required permission: horizonos.permission.SET_VR_DEVICE_PARAMS
12-08 15:41:04.858 E/VrDeviceManagerService( 1777): Permission denied: process 8470 (uid 10177) doesn't have the required permission: horizonos.permission.READ_VR_DEVICE_PARAMS
12-08 15:41:04.859 E/VrDeviceManagerService( 1777): Permission denied: process 8470 (uid 10177) doesn't have the required permission: horizonos.permission.SET_VR_DEVICE_PARAMS
12-08 15:41:04.859 E/VrDeviceManagerService( 1777): Permission denied: process 8470 (uid 10177) doesn't have the required permission: horizonos.permission.READ_VR_DEVICE_PARAMS
12-08 15:41:04.859 E/VrDeviceManagerService( 1777): Permission denied: process 8470 (uid 10177) doesn't have the required permission: horizonos.permission.SET_VR_DEVICE_PARAMS
12-08 15:41:04.859 E/VrDeviceManagerService( 1777): Permission denied: process 8470 (uid 10177) doesn't have the required permission: horizonos.permission.READ_VR_DEVICE_PARAMS
12-08 15:41:04.861 E/VrDeviceManagerService( 1777): Permission denied: process 8470 (uid 10177) doesn't have the required permission: horizonos.permission.SET_VR_DEVICE_PARAMS
12-08 15:41:04.861 E/VrDeviceManagerService( 1777): Permission denied: process 8470 (uid 10177) doesn't have the required permission: horizonos.permission.READ_VR_DEVICE_PARAMS
12-08 15:41:04.861 W/libc    ( 8470): Access denied finding property "ro.vendor.product.model_extended"
12-08 15:41:04.862 I/OpenXR  ( 8470): xrEnumerateInstanceExtensionProperties: skipping extension=`XR_FBX1_hand_tracking_confidence` due to: Tier=50 extState=APC deviceIsExpEnabled=false expManifestSet=true isFirstPartyApp=false isSystemApp=false
12-08 15:41:04.862 I/OpenXR  ( 8470): xrEnumerateInstanceExtensionProperties: skipping extension=`XR_METAX1_hand_tracking_joint_visibility` due to: Tier=50 extState=APC deviceIsExpEnabled=false expManifestSet=true isFirstPartyApp=false isSystemApp=false
12-08 15:41:04.862 I/OpenXR  ( 8470): xrEnumerateInstanceExtensionProperties: skipping extension=`XR_METAX2_hand_tracking_microgestures` due to: Tier=50 extState=APC deviceIsExpEnabled=false expManifestSet=true isFirstPartyApp=false isSystemApp=false
12-08 15:41:04.862 I/OpenXR  ( 8470): xrEnumerateInstanceExtensionProperties: skipping extension=`XR_METAX1_full_body_tracking` due to: Tier=50 extState=APC deviceIsExpEnabled=false expManifestSet=true isFirstPartyApp=false isSystemApp=false
12-08 15:41:04.862 I/OpenXR  ( 8470): xrEnumerateInstanceExtensionProperties: skipping extension=`XR_META_body_tracking_full_body` due to: missing uses-feature string `com.oculus.software.body_tracking` from AndroidManifest
12-08 15:41:04.862 I/OpenXR  ( 8470): xrEnumerateInstanceExtensionProperties: skipping extension=`XR_FB_body_tracking` due to: missing uses-feature string `com.oculus.software.body_tracking` from AndroidManifest
12-08 15:41:04.862 I/OpenXR  ( 8470): xrEnumerateInstanceExtensionProperties: skipping extension=`XR_FBX1_body_tracking_config` due to: Tier=55 extState=APC deviceIsExpEnabled=false expManifestSet=true isFirstPartyApp=false isSystemApp=false
12-08 15:41:04.862 I/OpenXR  ( 8470): Checking for permission horizonos.permission.USE_ANCHOR_API of package com.example.moonlight_spatialsdk
12-08 15:41:04.864 D/CompatibilityChangeReporter( 8470): Compat change id reported: 247079863; UID 10177; state: ENABLED
12-08 15:41:04.866 I/OpenXR  ( 8470): Required permission horizonos.permission.USE_ANCHOR_API is missing, retrying check as com.oculus.permission.USE_ANCHOR_API -> 0
12-08 15:41:04.866 I/OpenXR  ( 8470): xrEnumerateInstanceExtensionProperties: skipping extension=`XR_FB_spatial_entity` due to: missing uses-permission string `horizonos.permission.USE_ANCHOR_API` from AndroidManifest in package `com.example.moonlight_spatialsdk`
12-08 15:41:04.866 I/OpenXR  ( 8470): Checking for permission com.oculus.permission.RENDER_MODEL of package com.example.moonlight_spatialsdk
12-08 15:41:04.867 I/OpenXR  ( 8470): checkTrexKillswitchGk 'oculus_trex_render_model_killsw' = false
12-08 15:41:04.867 I/OpenXR  ( 8470): PassesGKKillswitch 1
12-08 15:41:04.867 I/OpenXR  ( 8470): Checking for permission horizonos.permission.USE_ANCHOR_API of package com.example.moonlight_spatialsdk
12-08 15:41:04.869 I/OpenXR  ( 8470): Required permission horizonos.permission.USE_ANCHOR_API is missing, retrying check as com.oculus.permission.USE_ANCHOR_API -> 0
12-08 15:41:04.869 I/OpenXR  ( 8470): xrEnumerateInstanceExtensionProperties: skipping extension=`XR_FB_spatial_entity_query` due to: missing uses-permission string `horizonos.permission.USE_ANCHOR_API` from AndroidManifest in package `com.example.moonlight_spatialsdk`
12-08 15:41:04.869 I/OpenXR  ( 8470): Checking for permission horizonos.permission.USE_ANCHOR_API of package com.example.moonlight_spatialsdk
12-08 15:41:04.871 I/OpenXR  ( 8470): Required permission horizonos.permission.USE_ANCHOR_API is missing, retrying check as com.oculus.permission.USE_ANCHOR_API -> 0
12-08 15:41:04.871 I/OpenXR  ( 8470): xrEnumerateInstanceExtensionProperties: skipping extension=`XR_META_spatial_entity_persistence` due to: missing uses-permission string `horizonos.permission.USE_ANCHOR_API` from AndroidManifest in package `com.example.moonlight_spatialsdk`
12-08 15:41:04.871 I/OpenXR  ( 8470): xrEnumerateInstanceExtensionProperties: skipping extension=`XR_METAX1_spatial_entity_room_sharing` due to: Tier=50 extState=APC deviceIsExpEnabled=false expManifestSet=true isFirstPartyApp=false isSystemApp=false
12-08 15:41:04.871 I/OpenXR  ( 8470): Checking for permission horizonos.permission.USE_ANCHOR_API of package com.example.moonlight_spatialsdk
12-08 15:41:04.873 I/OpenXR  ( 8470): Required permission horizonos.permission.USE_ANCHOR_API is missing, retrying check as com.oculus.permission.USE_ANCHOR_API -> 0
12-08 15:41:04.873 I/OpenXR  ( 8470): xrEnumerateInstanceExtensionProperties: skipping extension=`XR_META_spatial_entity_discovery` due to: missing uses-permission string `horizonos.permission.USE_ANCHOR_API` from AndroidManifest in package `com.example.moonlight_spatialsdk`
12-08 15:41:04.873 I/OpenXR  ( 8470): xrEnumerateInstanceExtensionProperties: skipping extension=`XR_FBX1_touch_controller_extras` due to: Tier=40 extState=APC deviceIsExpEnabled=false expManifestSet=true isFirstPartyApp=false isSystemApp=false
12-08 15:41:04.873 I/OpenXR  ( 8470): xrEnumerateInstanceExtensionProperties: skipping extension=`XR_FBX3_touch_controller_pro` due to: Tier=55 extState=APC deviceIsExpEnabled=false expManifestSet=true isFirstPartyApp=false isSystemApp=false
12-08 15:41:04.873 I/OpenXR  ( 8470): xrEnumerateInstanceExtensionProperties: skipping extension=`XR_FBX1_touch_controller_pro` due to: Tier=55 extState=APC deviceIsExpEnabled=false expManifestSet=true isFirstPartyApp=false isSystemApp=false
12-08 15:41:04.873 I/OpenXR  ( 8470): xrEnumerateInstanceExtensionProperties: skipping extension=`XR_FBX1_haptic_amplitude_envelope` due to: Tier=55 extState=APC deviceIsExpEnabled=false expManifestSet=true isFirstPartyApp=false isSystemApp=false
12-08 15:41:04.873 I/OpenXR  ( 8470): xrEnumerateInstanceExtensionProperties: skipping extension=`XR_FBX1_haptic_tone` due to: Tier=55 extState=APC deviceIsExpEnabled=false expManifestSet=true isFirstPartyApp=false isSystemApp=false
12-08 15:41:04.873 I/OpenXR  ( 8470): Checking for permission horizonos.permission.USE_ANCHOR_API of package com.example.moonlight_spatialsdk
12-08 15:41:04.875 I/OpenXR  ( 8470): Required permission horizonos.permission.USE_ANCHOR_API is missing, retrying check as com.oculus.permission.USE_ANCHOR_API -> 0
12-08 15:41:04.875 I/OpenXR  ( 8470): xrEnumerateInstanceExtensionProperties: skipping extension=`XR_FB_spatial_entity_storage` due to: missing uses-permission string `horizonos.permission.USE_ANCHOR_API` from AndroidManifest in package `com.example.moonlight_spatialsdk`
12-08 15:41:04.875 I/OpenXR  ( 8470): Checking for permission horizonos.permission.USE_ANCHOR_API of package com.example.moonlight_spatialsdk
12-08 15:41:04.877 I/OpenXR  ( 8470): Required permission horizonos.permission.USE_ANCHOR_API is missing, retrying check as com.oculus.permission.USE_ANCHOR_API -> 0
12-08 15:41:04.877 I/OpenXR  ( 8470): xrEnumerateInstanceExtensionProperties: skipping extension=`XR_FB_spatial_entity_storage_batch` due to: missing uses-permission string `horizonos.permission.USE_ANCHOR_API` from AndroidManifest in package `com.example.moonlight_spatialsdk`
12-08 15:41:04.877 I/OpenXR  ( 8470): Checking for permission horizonos.permission.IMPORT_EXPORT_IOT_MAP_DATA of package com.example.moonlight_spatialsdk
12-08 15:41:04.879 I/OpenXR  ( 8470): Required permission horizonos.permission.IMPORT_EXPORT_IOT_MAP_DATA is missing, retrying check as com.oculus.permission.IMPORT_EXPORT_IOT_MAP_DATA -> 0
12-08 15:41:04.879 I/OpenXR  ( 8470): xrEnumerateInstanceExtensionProperties: skipping extension=`XR_FB_spatial_entity_sharing` due to: missing uses-permission string `horizonos.permission.IMPORT_EXPORT_IOT_MAP_DATA` from AndroidManifest in package `com.example.moonlight_spatialsdk`
12-08 15:41:04.879 I/OpenXR  ( 8470): Checking for permission horizonos.permission.IMPORT_EXPORT_IOT_MAP_DATA of package com.example.moonlight_spatialsdk
12-08 15:41:04.881 I/OpenXR  ( 8470): Required permission horizonos.permission.IMPORT_EXPORT_IOT_MAP_DATA is missing, retrying check as com.oculus.permission.IMPORT_EXPORT_IOT_MAP_DATA -> 0
12-08 15:41:04.881 I/OpenXR  ( 8470): xrEnumerateInstanceExtensionProperties: skipping extension=`XR_META_spatial_entity_sharing` due to: missing uses-permission string `horizonos.permission.IMPORT_EXPORT_IOT_MAP_DATA` from AndroidManifest in package `com.example.moonlight_spatialsdk`
12-08 15:41:04.881 I/OpenXR  ( 8470): Checking for permission horizonos.permission.IMPORT_EXPORT_IOT_MAP_DATA of package com.example.moonlight_spatialsdk
12-08 15:41:04.883 I/OpenXR  ( 8470): Required permission horizonos.permission.IMPORT_EXPORT_IOT_MAP_DATA is missing, retrying check as com.oculus.permission.IMPORT_EXPORT_IOT_MAP_DATA -> 0
12-08 15:41:04.883 I/OpenXR  ( 8470): xrEnumerateInstanceExtensionProperties: skipping extension=`XR_META_spatial_entity_group_sharing` due to: missing uses-permission string `horizonos.permission.IMPORT_EXPORT_IOT_MAP_DATA` from AndroidManifest in package `com.example.moonlight_spatialsdk`
12-08 15:41:04.883 I/OpenXR  ( 8470): Checking for permission horizonos.permission.USE_ANCHOR_API of package com.example.moonlight_spatialsdk
12-08 15:41:04.886 I/OpenXR  ( 8470): Required permission horizonos.permission.USE_ANCHOR_API is missing, retrying check as com.oculus.permission.USE_ANCHOR_API -> 0
12-08 15:41:04.886 I/OpenXR  ( 8470): xrEnumerateInstanceExtensionProperties: skipping extension=`XR_FB_spatial_entity_container` due to: missing uses-permission string `horizonos.permission.USE_ANCHOR_API` from AndroidManifest in package `com.example.moonlight_spatialsdk`
12-08 15:41:04.886 I/OpenXR  ( 8470): Checking for permission com.oculus.permission.USE_COLOCATION_DISCOVERY_API of package com.example.moonlight_spatialsdk
12-08 15:41:04.887 I/OpenXR  ( 8470): xrEnumerateInstanceExtensionProperties: skipping extension=`XR_META_colocation_discovery` due to: missing uses-permission string `com.oculus.permission.USE_COLOCATION_DISCOVERY_API` from AndroidManifest in package `com.example.moonlight_spatialsdk`
12-08 15:41:04.887 I/OpenXR  ( 8470): Checking for permission horizonos.permission.USE_ANCHOR_API of package com.example.moonlight_spatialsdk
12-08 15:41:04.889 I/OpenXR  ( 8470): Required permission horizonos.permission.USE_ANCHOR_API is missing, retrying check as com.oculus.permission.USE_ANCHOR_API -> 0
12-08 15:41:04.889 I/OpenXR  ( 8470): xrEnumerateInstanceExtensionProperties: skipping extension=`XR_FB_scene` due to: missing uses-permission string `horizonos.permission.USE_ANCHOR_API` from AndroidManifest in package `com.example.moonlight_spatialsdk`
12-08 15:41:04.889 I/OpenXR  ( 8470): Checking for permission horizonos.permission.USE_ANCHOR_API of package com.example.moonlight_spatialsdk
12-08 15:41:04.891 I/OpenXR  ( 8470): Required permission horizonos.permission.USE_ANCHOR_API is missing, retrying check as com.oculus.permission.USE_ANCHOR_API -> 0
12-08 15:41:04.891 I/OpenXR  ( 8470): xrEnumerateInstanceExtensionProperties: skipping extension=`XR_FB_scene_capture` due to: missing uses-permission string `horizonos.permission.USE_ANCHOR_API` from AndroidManifest in package `com.example.moonlight_spatialsdk`
12-08 15:41:04.891 I/OpenXR  ( 8470): xrEnumerateInstanceExtensionProperties: skipping extension=`XR_FBX1_plane` due to: Tier=55 extState=APC deviceIsExpEnabled=false expManifestSet=true isFirstPartyApp=false isSystemApp=false
12-08 15:41:04.891 I/OpenXR  ( 8470): xrEnumerateInstanceExtensionProperties: skipping extension=`XR_METAX1_spatial_entity_mesh` due to: Tier=50 extState=APC deviceIsExpEnabled=false expManifestSet=true isFirstPartyApp=false isSystemApp=false
12-08 15:41:04.891 I/OpenXR  ( 8470): Checking for permission horizonos.permission.USE_SCENE of package com.example.moonlight_spatialsdk
12-08 15:41:04.892 I/MRSS    ( 1574): MIXEDREALITY: EnvironmentDepthMetacapability: processTelemetry client com.oculus.vrshell state true aggregated 0
12-08 15:41:04.893 D/HzOS.BinderClient( 2051): BinderClient shutdown completed
12-08 15:41:04.893 D/HzOS.BinderClient( 2051): BinderClient shutdown completed
12-08 15:41:04.893 D/HzOS.BinderClient( 2051): BinderClient shutdown completed
12-08 15:41:04.893 D/HzOS.BinderClient( 2051): BinderClient shutdown completed
12-08 15:41:04.893 W/System  ( 2051): A resource failed to call close. 
12-08 15:41:04.893 W/System  ( 2051): A resource failed to call close. 
12-08 15:41:04.893 W/System  ( 2051): A resource failed to call close. 
12-08 15:41:04.893 W/System  ( 2051): A resource failed to call close. 
12-08 15:41:04.893 W/System  ( 2051): A resource failed to call close. 
12-08 15:41:04.893 W/System  ( 2051): A resource failed to call close. 
12-08 15:41:04.893 W/System  ( 2051): A resource failed to call close. 
12-08 15:41:04.893 W/System  ( 2051): A resource failed to call close. 
12-08 15:41:04.893 W/System  ( 2051): A resource failed to call close. 
12-08 15:41:04.893 W/System  ( 2051): A resource failed to call close. 
12-08 15:41:04.894 I/OpenXR  ( 8470): Required permission horizonos.permission.USE_SCENE is missing, retrying check as com.oculus.permission.USE_SCENE -> 0
12-08 15:41:04.894 I/OpenXR  ( 8470): xrEnumerateInstanceExtensionProperties: skipping extension=`XR_META_spatial_entity_mesh` due to: missing uses-permission string `horizonos.permission.USE_SCENE` from AndroidManifest in package `com.example.moonlight_spatialsdk`
12-08 15:41:04.894 I/OpenXR  ( 8470): xrEnumerateInstanceExtensionProperties: skipping extension=`XR_METAX2_spatial_entity_room_mesh` due to: Tier=50 extState=APC deviceIsExpEnabled=false expManifestSet=true isFirstPartyApp=false isSystemApp=false
12-08 15:41:04.894 I/OpenXR  ( 8470): Checking for permission horizonos.permission.USE_SCENE of package com.example.moonlight_spatialsdk
12-08 15:41:04.897 I/OpenXR  ( 8470): Required permission horizonos.permission.USE_SCENE is missing, retrying check as com.oculus.permission.USE_SCENE -> 0
12-08 15:41:04.897 I/OpenXR  ( 8470): xrEnumerateInstanceExtensionProperties: skipping extension=`XR_META_spatial_entity_room_mesh` due to: missing uses-permission string `horizonos.permission.USE_SCENE` from AndroidManifest in package `com.example.moonlight_spatialsdk`
12-08 15:41:04.897 I/OpenXR  ( 8470): xrEnumerateInstanceExtensionProperties: skipping extension=`XR_FB_face_tracking` due to: missing uses-feature string `oculus.software.face_tracking` from AndroidManifest
12-08 15:41:04.897 I/OpenXR  ( 8470): xrEnumerateInstanceExtensionProperties: skipping extension=`XR_FB_face_tracking2` due to: missing uses-feature string `oculus.software.face_tracking` from AndroidManifest
12-08 15:41:04.897 I/OpenXR  ( 8470): xrEnumerateInstanceExtensionProperties: skipping extension=`XR_METAX1_face_tracking_visemes` due to: Tier=50 extState=APC deviceIsExpEnabled=false expManifestSet=true isFirstPartyApp=false isSystemApp=false
12-08 15:41:04.897 I/OpenXR  ( 8470): xrEnumerateInstanceExtensionProperties: skipping extension=`XR_META_face_tracking_visemes` due to: missing uses-feature string `oculus.software.face_tracking` from AndroidManifest
12-08 15:41:04.897 I/OpenXR  ( 8470): xrEnumerateInstanceExtensionProperties: skipping extension=`XR_FBX1_face_tracking_config` due to: Tier=55 extState=APC deviceIsExpEnabled=false expManifestSet=true isFirstPartyApp=false isSystemApp=false
12-08 15:41:04.897 I/OpenXR  ( 8470): xrEnumerateInstanceExtensionProperties: skipping extension 'XR_META_local_dimming' as device requirements requirements (16) are not met.
12-08 15:41:04.897 I/OpenXR  ( 8470): xrEnumerateInstanceExtensionProperties: skipping extension=`XR_METAX1_local_dimming` due to: Tier=55 extState=APC deviceIsExpEnabled=false expManifestSet=true isFirstPartyApp=false isSystemApp=false
12-08 15:41:04.897 I/OpenXR  ( 8470): xrEnumerateInstanceExtensionProperties: skipping extension=`XR_META_foveation_eye_tracked` due to: missing uses-feature string `oculus.software.eye_tracking` from AndroidManifest
12-08 15:41:04.897 I/OpenXR  ( 8470): xrEnumerateInstanceExtensionProperties: skipping extension=`XR_FBX1_eye_tracking` due to: Tier=55 extState=APC deviceIsExpEnabled=false expManifestSet=true isFirstPartyApp=false isSystemApp=false
12-08 15:41:04.897 I/OpenXR  ( 8470): xrEnumerateInstanceExtensionProperties: skipping extension=`XR_FBX1_eye_tracking_social` due to: Tier=55 extState=APC deviceIsExpEnabled=false expManifestSet=true isFirstPartyApp=false isSystemApp=false
12-08 15:41:04.897 I/OpenXR  ( 8470): xrEnumerateInstanceExtensionProperties: skipping extension=`XR_FB_eye_tracking_social` due to: missing uses-feature string `oculus.software.eye_tracking` from AndroidManifest
12-08 15:41:04.897 I/OpenXR  ( 8470): xrEnumerateInstanceExtensionProperties: skipping extension=`XR_FBX1_eye_tracking_social_config` due to: Tier=55 extState=APC deviceIsExpEnabled=false expManifestSet=true isFirstPartyApp=false isSystemApp=false
12-08 15:41:04.897 I/OpenXR  ( 8470): xrEnumerateInstanceExtensionProperties: skipping extension=`XR_FBX1_composition_layer_settings` due to: Tier=40 extState=APC deviceIsExpEnabled=false expManifestSet=true isFirstPartyApp=false isSystemApp=false
12-08 15:41:04.897 I/OpenXR  ( 8470): xrEnumerateInstanceExtensionProperties: skipping extension=`XR_METAX1_feature_fidelity` due to: Tier=55 extState=APC deviceIsExpEnabled=false expManifestSet=true isFirstPartyApp=false isSystemApp=false
12-08 15:41:04.897 I/OpenXR  ( 8470): xrEnumerateInstanceExtensionProperties: skipping extension=`XR_FBX1_composition_layer_depth_test` due to: Tier=40 extState=APC deviceIsExpEnabled=false expManifestSet=true isFirstPartyApp=false isSystemApp=false
12-08 15:41:04.897 I/OpenXR  ( 8470): Checking for permission horizonos.permission.EYE_TRACKING of package com.example.moonlight_spatialsdk
12-08 15:41:04.900 I/OpenXR  ( 8470): Required permission horizonos.permission.EYE_TRACKING is missing, retrying check as com.oculus.permission.EYE_TRACKING -> 0
12-08 15:41:04.900 I/OpenXR  ( 8470): xrEnumerateInstanceExtensionProperties: skipping extension=`XR_EXT_eye_gaze_interaction` due to: missing uses-permission string `horizonos.permission.EYE_TRACKING` from AndroidManifest in package `com.example.moonlight_spatialsdk`
12-08 15:41:04.900 I/OpenXR  ( 8470): xrEnumerateInstanceExtensionProperties: skipping extension=`XR_METAX1_hand_tracking_body_fusion` due to: Tier=50 extState=APC deviceIsExpEnabled=false expManifestSet=true isFirstPartyApp=false isSystemApp=false
12-08 15:41:04.900 I/OpenXR  ( 8470): xrEnumerateInstanceExtensionProperties: skipping extension=`XR_META_hand_tracking_wide_motion_mode` due to: missing uses-feature string `com.oculus.software.body_tracking` from AndroidManifest
12-08 15:41:04.900 I/OpenXR  ( 8470): xrEnumerateInstanceExtensionProperties: skipping extension=`XR_METAX1_hand_tracking_wide_motion_mode2` due to: Tier=50 extState=APC deviceIsExpEnabled=false expManifestSet=true isFirstPartyApp=false isSystemApp=false
12-08 15:41:04.900 I/OpenXR  ( 8470): xrEnumerateInstanceExtensionProperties: skipping extension=`XR_METAX1_hand_tracking_frequency_hint` due to: Tier=50 extState=APC deviceIsExpEnabled=false expManifestSet=true isFirstPartyApp=false isSystemApp=false
12-08 15:41:04.900 I/OpenXR  ( 8470): xrEnumerateInstanceExtensionProperties: skipping extension=`XR_METAX1_hand_tracking_unextrapolated_poses` due to: Tier=50 extState=APC deviceIsExpEnabled=false expManifestSet=true isFirstPartyApp=false isSystemApp=false
12-08 15:41:04.900 I/OpenXR  ( 8470): xrEnumerateInstanceExtensionProperties: skipping extension=`XR_EXTX1_hand_tracking_data_source` due to: Tier=40 extState=APC deviceIsExpEnabled=false expManifestSet=true isFirstPartyApp=false isSystemApp=false
12-08 15:41:04.900 I/OpenXR  ( 8470): xrEnumerateInstanceExtensionProperties: skipping extension=`XR_METAX1_performance_metrics` due to: Tier=40 extState=APC deviceIsExpEnabled=false expManifestSet=true isFirstPartyApp=false isSystemApp=false
12-08 15:41:04.900 I/OpenXR  ( 8470): xrEnumerateInstanceExtensionProperties: skipping extension=`XR_METAX1_spatial_entity_marker` due to: Tier=40 extState=APC deviceIsExpEnabled=false expManifestSet=true isFirstPartyApp=false isSystemApp=false
12-08 15:41:04.900 I/OpenXR  ( 8470): xrEnumerateInstanceExtensionProperties: skipping extension=`XR_METAX1_virtual_keyboard` due to: Tier=40 extState=APC deviceIsExpEnabled=false expManifestSet=true isFirstPartyApp=false isSystemApp=false
12-08 15:41:04.900 I/OpenXR  ( 8470): xrEnumerateInstanceExtensionProperties: skipping extension=`XR_METAX2_virtual_keyboard` due to: Tier=40 extState=APC deviceIsExpEnabled=false expManifestSet=true isFirstPartyApp=false isSystemApp=false
12-08 15:41:04.900 I/OpenXR  ( 8470): xrEnumerateInstanceExtensionProperties: skipping extension=`XR_METAX1_fitness_toolkit` due to: Tier=50 extState=APC deviceIsExpEnabled=false expManifestSet=true isFirstPartyApp=false isSystemApp=false
12-08 15:41:04.900 I/OpenXR  ( 8470): xrEnumerateInstanceExtensionProperties: skipping extension=`XR_EXTX1_event_channel` due to: Tier=40 extState=APC deviceIsExpEnabled=false expManifestSet=true isFirstPartyApp=false isSystemApp=false
12-08 15:41:04.900 I/OpenXR  ( 8470): xrEnumerateInstanceExtensionProperties: skipping extension=`XR_METAX1_environment_depth` due to: Tier=40 extState=APC deviceIsExpEnabled=false expManifestSet=true isFirstPartyApp=false isSystemApp=false
12-08 15:41:04.900 I/OpenXR  ( 8470): xrEnumerateInstanceExtensionProperties: skipping extension=`XR_METAX2_environment_depth` due to: Tier=40 extState=APC deviceIsExpEnabled=false expManifestSet=true isFirstPartyApp=false isSystemApp=false
12-08 15:41:04.900 I/OpenXR  ( 8470): Checking for permission horizonos.permission.USE_SCENE of package com.example.moonlight_spatialsdk
12-08 15:41:04.902 I/OpenXR  ( 8470): Required permission horizonos.permission.USE_SCENE is missing, retrying check as com.oculus.permission.USE_SCENE -> 0
12-08 15:41:04.902 I/OpenXR  ( 8470): xrEnumerateInstanceExtensionProperties: skipping extension=`XR_META_environment_depth` due to: missing uses-permission string `horizonos.permission.USE_SCENE` from AndroidManifest in package `com.example.moonlight_spatialsdk`
12-08 15:41:04.902 I/OpenXR  ( 8470): Checking for permission horizonos.permission.USE_SCENE of package com.example.moonlight_spatialsdk
12-08 15:41:04.903 I/OpenXR  ( 8470): Required permission horizonos.permission.USE_SCENE is missing, retrying check as com.oculus.permission.USE_SCENE -> 0
12-08 15:41:04.903 I/OpenXR  ( 8470): xrEnumerateInstanceExtensionProperties: skipping extension=`XR_META_environment_raycast` due to: missing uses-permission string `horizonos.permission.USE_SCENE` from AndroidManifest in package `com.example.moonlight_spatialsdk`
12-08 15:41:04.903 I/OpenXR  ( 8470): xrEnumerateInstanceExtensionProperties: skipping extension=`XR_METAX1_automatic_layer_filter` due to: Tier=50 extState=APC deviceIsExpEnabled=false expManifestSet=true isFirstPartyApp=false isSystemApp=false
12-08 15:41:04.903 I/OpenXR  ( 8470): xrEnumerateInstanceExtensionProperties: skipping extension=`XR_METAX1_body_tracking_fidelity` due to: Tier=50 extState=APC deviceIsExpEnabled=false expManifestSet=true isFirstPartyApp=false isSystemApp=false
12-08 15:41:04.903 I/OpenXR  ( 8470): xrEnumerateInstanceExtensionProperties: skipping extension=`XR_META_body_tracking_fidelity` due to: missing uses-feature string `com.oculus.software.body_tracking` from AndroidManifest
