12-08 15:40:59.384 W/SensorControl( 1772): No exposure settings will be updated on slot idx: 2 because exposure/gain changes are too small or identical.
12-08 15:40:59.400 W/SensorControl( 1772): No exposure settings will be updated on slot idx: 3 because exposure/gain changes are too small or identical.
12-08 15:40:59.416 W/SensorControl( 1772): No exposure settings will be updated on slot idx: 0 because exposure/gain changes are too small or identical.
12-08 15:40:59.449 W/SensorControl( 1772): No exposure settings will be updated on slot idx: 2 because exposure/gain changes are too small or identical.
12-08 15:40:59.462 I/FaceEyeTrackingServerManager_Impl( 3567): [FaceEyeTrackingManager] - orthofitManager is NULL.
12-08 15:40:59.463 I/[CT]    ( 3567): PTApiClients: 1/1:com.oculus.vrshell,PT=1,EnvDepth=0,VrMode=1,LCnt=1/2(rec=1,proj=0,bg=0),SppMeshes=1(vs=4,ts=2),SppInst=1(vs=4,ts=2),NS=0,Sty=0
12-08 15:40:59.467 W/SensorControl( 1772): No exposure settings will be updated on slot idx: 3 because exposure/gain changes are too small or identical.
12-08 15:40:59.483 W/SensorControl( 1772): No exposure settings will be updated on slot idx: 0 because exposure/gain changes are too small or identical.
12-08 15:40:59.503 D/ActivityManager( 2051): freezing 3132 com.oculus.horizon
12-08 15:40:59.516 W/SensorControl( 1772): No exposure settings will be updated on slot idx: 2 because exposure/gain changes are too small or identical.
12-08 15:40:59.523 W/ShellHsr( 4168): Embodiment: BaseEmbodimentSystem::setAvatarVisibility could not find avatar for id 131073
12-08 15:40:59.523 W/ShellHsr( 4168): Embodiment: BaseEmbodimentSystem::setNameTagVisibility could not find avatar for id 131073
12-08 15:40:59.524 E/ShellHsr( 4168): Avatar: avatarState.avatarId is invalid, aborting prePhysicsSystem
12-08 15:40:59.525 E/ShellHsr( 4168): Avatar: avatarState.avatarId is invalid, aborting postFinalizedTransformsSystem
12-08 15:40:59.530 I/memflow ( 6381): memflow: Event triggered: Ok(())
12-08 15:40:59.533 W/SensorControl( 1772): No exposure settings will be updated on slot idx: 3 because exposure/gain changes are too small or identical.
12-08 15:40:59.546 I/ProxyToPassthroughLayerProcessor( 3567): ProcessPTProxyLayers: In/Out=1/1 PTApiLCnt=1 skipped=0
12-08 15:40:59.549 W/SensorControl( 1772): No exposure settings will be updated on slot idx: 0 because exposure/gain changes are too small or identical.
12-08 15:40:59.583 W/SensorControl( 1772): No exposure settings will be updated on slot idx: 2 because exposure/gain changes are too small or identical.
12-08 15:40:59.600 W/SensorControl( 1772): No exposure settings will be updated on slot idx: 3 because exposure/gain changes are too small or identical.
12-08 15:40:59.607 I/OpenXR_Anchor( 4168): xrQuerySpacesFB: no split anchor query enabled
12-08 15:40:59.607 I/[CT]    ( 4168): SP:AF:InsightAnchorApi: QueryAnchorSpaces loadAndQueryAvailableAnchors flow. (task start) duration: 0.000000000 [sec], flags: 44, location: StorageLocation::LOCAL(1), method: 1, request: 962, source: SourceType::LIVE_TRACKER(1)
12-08 15:40:59.607 I/[CT]    ( 4168): RuntimeIpcHelper: RuntimeIpcClient::CALL_RPC isAsync: true, func: loadAvailableAnchors
12-08 15:40:59.607 I/[CT]    ( 4801): SP:AP:AnchorPersistenceRuntimeIpcServer: checkRPC start: sessionUuid:a583813b-76fc-d6c6-c3fc-f4b54f4872ef, clientId:197008253, givenPackageName:com.oculus.vrshell
12-08 15:40:59.608 I/[CT]    ( 4801): SP:AP:AnchorPersistenceRuntimeIpcServer: checkPackageAccess - detectedPackageName:com.oculus.vrshell, detectedProcessName:com.oculus.vrshell, givenPackageName:com.oculus.vrshell
12-08 15:40:59.608 I/[CT]    ( 4801): SP:AP:AnchorPersistenceRuntimeIpcServer: checkRPC package name matches: sessionUuid:a583813b-76fc-d6c6-c3fc-f4b54f4872ef, clientId:197008253, givenPackageName:com.oculus.vrshell, detectedPackageName:com.oculus.vrshell, detectedProcessName:com.oculus.vrshell
12-08 15:40:59.608 I/[CT]    ( 4801): SP:AP:AnchorPersistenceRuntimeIpcServer: queryAvailableAnchorsSMV2: clientId: 197008253, maxAnchors: 500, filter: 0, queryMultipleRoomsEnabledByOpenXrVersion: true, source: 1, appId: com.oculus.vrshell
12-08 15:40:59.608 I/[CT]    ( 4801): SP:AP:AnchorPersistenceConfig: getSceneRuntimePermissionEnabled: USE_SCENE permission is enabled on this device
12-08 15:40:59.608 I/[CT]    ( 4801): SP:AP:AnchorPersistenceScenePermissions: hasClientGrantedScenePermission: USE_SCENE permission is enabled on this device, check client 197008253, grant is true
12-08 15:40:59.608 I/[CT]    ( 4801): SP:AP:AnchorPersistenceConfig: getSceneRuntimePermissionEnabled: USE_SCENE permission is enabled on this device
12-08 15:40:59.609 I/[CT]    ( 4801): SP:SceneAnchorFilterUtil: filterSceneDataByPermission: com.oculus.vrshell permission check passed, keep scene data. anchors size: 0
12-08 15:40:59.609 I/[CT]    ( 4168): SP:AF:InsightAnchorApi: QueryAnchorSpaces (task finish) returnCode: AnchorResultCode::SUCCESS(0), numSpacesFound: 0, spacesFoundUuids: [], duration: 0.000000000 [sec], flags: 44, location: 1, method: 1, request: 962
12-08 15:40:59.615 I/GraphicsGovernor( 3567): Dynamic Foveation Lvl 3, Min Foveation Lvl 3, DynRes Enabled 1, DynRes Scaler 1.000000
12-08 15:40:59.616 W/SensorControl( 1772): No exposure settings will be updated on slot idx: 0 because exposure/gain changes are too small or identical.
12-08 15:40:59.623 I/[CT]    ( 4168): SP:TREX:SpatialPersistencePlugin: Event type: 6
12-08 15:40:59.623 I/TREX    ( 4168): Spatial Persistence event: QuerySpacesFinish
12-08 15:40:59.649 W/SensorControl( 1772): No exposure settings will be updated on slot idx: 2 because exposure/gain changes are too small or identical.
12-08 15:40:59.667 W/SensorControl( 1772): No exposure settings will be updated on slot idx: 3 because exposure/gain changes are too small or identical.
12-08 15:40:59.683 W/SensorControl( 1772): No exposure settings will be updated on slot idx: 0 because exposure/gain changes are too small or identical.
12-08 15:40:59.705 I/Tracking( 1772): CONSTELLATION:VISION_STATUS: 0x402c25cbf028a4e8 (R): [#Samples=76] 22927.909s | BlobDetection:[#BlobsDetected=(24.76, 0.58)]Matching:[MatchSuccess=1.000, MatchCost=(0.00165, 0.00000), #MatchedBlobs=(23.75, 0.24), #MatchedLeds=(8.00, 0.00), RematchM=1.000, SkipRefine=0.000] MatchMethod:[Prox=0.000, ConstBrute=1.000, AttiBrute=0.000, UnconstBrute=0.000] MatchResets[AnomBlobSize=0.000, SharedMatch=0.000, DenseReacq=0.000] | Fusion:[FusionError=0.000, ImuFromCamMs=(-22926409.414, 2138717.781), RematchF=0.000] FusionUpdates:[Successful=0.000, Reliable=0.000, TightFusion=0.000, FullPose=0.000, StaticPrior=0.000, StaticForHandTrans=0.000, PoseUpdateMD=(0.0000, 0.0000)] FusionResets[6DoFReset=0.000, ResetSuccess=0.000] FusionStatus[HasPosition=0.000, HasVelocity=0.000]  [Current time=22927.909s, last log time=22922.843s]
12-08 15:40:59.716 W/SensorControl( 1772): No exposure settings will be updated on slot idx: 2 because exposure/gain changes are too small or identical.
12-08 15:40:59.733 W/SensorControl( 1772): No exposure settings will be updated on slot idx: 3 because exposure/gain changes are too small or identical.
12-08 15:40:59.749 W/SensorControl( 1772): No exposure settings will be updated on slot idx: 0 because exposure/gain changes are too small or identical.
12-08 15:40:59.784 W/SensorControl( 1772): No exposure settings will be updated on slot idx: 2 because exposure/gain changes are too small or identical.
12-08 15:40:59.800 W/SensorControl( 1772): No exposure settings will be updated on slot idx: 3 because exposure/gain changes are too small or identical.
12-08 15:40:59.817 W/SensorControl( 1772): No exposure settings will be updated on slot idx: 0 because exposure/gain changes are too small or identical.
12-08 15:40:59.830 I/MRSS    ( 1574): MIXEDREALITY: MrRuntimeCompute: dispatchFrameset : (every 5 seconds). FloorHeight: OFF, TrackedKeypoints: OFF, Semantics: OFF, Passthrough: ON, SceneObjects: OFF, SceneLayout: OFF, PlaneFreespace: ON, SceneReconstruction: OFF, LightingEstimation: OFF, MetaBackgroundFreespaceScan: ON, MetaEnvironmentDepth: ON, Depth: ON, MetaForegroundFreespaceScan: OFF, SporadicDepth: OFF, Fiducials: OFF, MrFeatureTelemetry: ON, Camera: ON, InstantPlacement: OFF, SemanticVolume: OFF, VisionInterfaceTelemetry: ON, MetaAssistedSceneCapture: OFF, DepthMeshing: OFF
12-08 15:40:59.839 I/MRSS    ( 1574): EvaController: Sessions: CvpPreprocessor(DSP)(Running) with 4 handles: WARP(150),WARP(150),PYRAMID(150),PYRAMID(150),; 
12-08 15:40:59.851 W/SensorControl( 1772): No exposure settings will be updated on slot idx: 2 because exposure/gain changes are too small or identical.
12-08 15:40:59.866 W/SensorControl( 1772): No exposure settings will be updated on slot idx: 3 because exposure/gain changes are too small or identical.
12-08 15:40:59.875 I/VD628x  (  871): Flicker results: freq 780.357178, max 823.743103, dcr 61.361141, pct 0.000365, idx 0.000368, conf 0.000571, snr -32.300297, svm 0.000000, sus 2
12-08 15:40:59.883 W/SensorControl( 1772): No exposure settings will be updated on slot idx: 0 because exposure/gain changes are too small or identical.
12-08 15:40:59.891 I/MRSS    ( 1574): MIXEDREALITY: EnvironmentDepthMetacapability: processTelemetry client com.oculus.vrshell state true aggregated 0
12-08 15:40:59.908 I/PassthroughInCompositorRenderer( 3567): PTINC: p2pLat: [40.52/0.01/40.53] ms, p2brLat: [26.65/0.19/26.96] ms [mean / stdev / p95]
12-08 15:40:59.916 W/SensorControl( 1772): No exposure settings will be updated on slot idx: 2 because exposure/gain changes are too small or identical.
12-08 15:40:59.933 W/SensorControl( 1772): No exposure settings will be updated on slot idx: 3 because exposure/gain changes are too small or identical.
12-08 15:40:59.950 W/SensorControl( 1772): No exposure settings will be updated on slot idx: 0 because exposure/gain changes are too small or identical.
12-08 15:40:59.983 W/SensorControl( 1772): No exposure settings will be updated on slot idx: 2 because exposure/gain changes are too small or identical.
12-08 15:41:00.000 W/SensorControl( 1772): No exposure settings will be updated on slot idx: 3 because exposure/gain changes are too small or identical.
12-08 15:41:00.016 W/SensorControl( 1772): No exposure settings will be updated on slot idx: 0 because exposure/gain changes are too small or identical.
12-08 15:41:00.017 V/DGW     ( 4553): V[sendPing:119] StreamGroupPinger[rpsignaling]: send ping timeout: 10
12-08 15:41:00.017 V/DGW     ( 4553): V[sendPing:2091] StreamGroupTransport[rpsignaling] send ping state:3
12-08 15:41:00.049 W/SensorControl( 1772): No exposure settings will be updated on slot idx: 2 because exposure/gain changes are too small or identical.
12-08 15:41:00.067 W/SensorControl( 1772): No exposure settings will be updated on slot idx: 3 because exposure/gain changes are too small or identical.
12-08 15:41:00.083 W/SensorControl( 1772): No exposure settings will be updated on slot idx: 0 because exposure/gain changes are too small or identical.
12-08 15:41:00.117 W/SensorControl( 1772): No exposure settings will be updated on slot idx: 2 because exposure/gain changes are too small or identical.
12-08 15:41:00.133 W/SensorControl( 1772): No exposure settings will be updated on slot idx: 3 because exposure/gain changes are too small or identical.
12-08 15:41:00.137 I/DynamicObjectClient( 4801): Query Dynamic Object Tracker anchors
12-08 15:41:00.137 I/DynamicObjectClient( 4801): Object in query has empty predictions or tracking flags
12-08 15:41:00.149 W/SensorControl( 1772): No exposure settings will be updated on slot idx: 0 because exposure/gain changes are too small or identical.
12-08 15:41:00.183 W/SensorControl( 1772): No exposure settings will be updated on slot idx: 2 because exposure/gain changes are too small or identical.
12-08 15:41:00.200 W/SensorControl( 1772): No exposure settings will be updated on slot idx: 3 because exposure/gain changes are too small or identical.
12-08 15:41:00.217 W/SensorControl( 1772): No exposure settings will be updated on slot idx: 0 because exposure/gain changes are too small or identical.
12-08 15:41:00.249 W/SensorControl( 1772): No exposure settings will be updated on slot idx: 2 because exposure/gain changes are too small or identical.
12-08 15:41:00.250 I/VrApi   ( 4168): FPS=73/72,Prd=27ms,Tear=0,Early=0,Stale=0,Stale2/5/10/max=0/0/0/0,VSnc=1,Lat=-1,Fov=3,CPU4/GPU=3/2,1382/456MHz,OC=3F,TA=0/0/0,SP=N/N/N,Mem=2736MHz,Free=3603MB,PLS=0,Temp=34.0C/0.0C,TW=2.11ms,App=1.15ms,GD=0.00ms,CPU&GPU=6.65ms,LCnt=6(DR72,LM4),GPU%=0.26,CPU%=0.25(W0.32),CFL=12.21/16.12,ICFLp95=15.40,LD=0,SF=1.00,LP=1,DVFS=0,ShrpLCnt=3,ShrpR=0.500,SSLCnt=0/0
12-08 15:41:00.267 W/SensorControl( 1772): No exposure settings will be updated on slot idx: 3 because exposure/gain changes are too small or identical.
12-08 15:41:00.267 V/DGW     ( 4553): V[hasIngressTraffic:368] ConnectivityManager has ingress traffic.
12-08 15:41:00.267 V/DGW     ( 4553): V[onIngress:97] StreamGroupPinger[rpsignaling]: onIngress
12-08 15:41:00.267 V/DGW     ( 4553): V[cancelPing:89] StreamGroupPinger[rpsignaling]: cancel pings
12-08 15:41:00.267 V/DGW     ( 4553): V[schedulePing:69] StreamGroupPinger[rpsignaling]: schedule pings
12-08 15:41:00.267 V/DGW     ( 4553): V[handleFrame:873] StreamGroupRetriableNetworkLayer[rpsignaling] handle frame
12-08 15:41:00.283 W/SensorControl( 1772): No exposure settings will be updated on slot idx: 0 because exposure/gain changes are too small or identical.
12-08 15:41:00.316 W/SensorControl( 1772): No exposure settings will be updated on slot idx: 2 because exposure/gain changes are too small or identical.
12-08 15:41:00.333 W/SensorControl( 1772): No exposure settings will be updated on slot idx: 3 because exposure/gain changes are too small or identical.
12-08 15:41:00.349 W/SensorControl( 1772): No exposure settings will be updated on slot idx: 0 because exposure/gain changes are too small or identical.
12-08 15:41:00.383 W/SensorControl( 1772): No exposure settings will be updated on slot idx: 2 because exposure/gain changes are too small or identical.
12-08 15:41:00.400 W/SensorControl( 1772): No exposure settings will be updated on slot idx: 3 because exposure/gain changes are too small or identical.
12-08 15:41:00.416 W/SensorControl( 1772): No exposure settings will be updated on slot idx: 0 because exposure/gain changes are too small or identical.
12-08 15:41:00.450 W/SensorControl( 1772): No exposure settings will be updated on slot idx: 2 because exposure/gain changes are too small or identical.
12-08 15:41:00.467 W/SensorControl( 1772): No exposure settings will be updated on slot idx: 3 because exposure/gain changes are too small or identical.
12-08 15:41:00.483 W/SensorControl( 1772): No exposure settings will be updated on slot idx: 0 because exposure/gain changes are too small or identical.
12-08 15:41:00.491 I/[CT]    ( 3567): MIXEDREALITY: PassthroughApiManager: GetUpdatedLayerState: (every 2 seconds) PT is: ON numLayers: 1
12-08 15:41:00.516 W/SensorControl( 1772): No exposure settings will be updated on slot idx: 2 because exposure/gain changes are too small or identical.
12-08 15:41:00.533 W/SensorControl( 1772): No exposure settings will be updated on slot idx: 3 because exposure/gain changes are too small or identical.
12-08 15:41:00.549 W/SensorControl( 1772): No exposure settings will be updated on slot idx: 0 because exposure/gain changes are too small or identical.
12-08 15:41:00.583 W/SensorControl( 1772): No exposure settings will be updated on slot idx: 2 because exposure/gain changes are too small or identical.
12-08 15:41:00.600 W/SensorControl( 1772): No exposure settings will be updated on slot idx: 3 because exposure/gain changes are too small or identical.
12-08 15:41:00.609 I/VD628x  (  871): Flicker results: freq 780.210938, max 714.997314, dcr 61.273937, pct 0.000212, idx 0.000212, conf 0.000571, snr -32.300297, svm 0.000663, sus 2
12-08 15:41:00.616 W/SensorControl( 1772): No exposure settings will be updated on slot idx: 0 because exposure/gain changes are too small or identical.
12-08 15:41:00.621 I/OpenXR_Anchor( 4168): xrQuerySpacesFB: no split anchor query enabled
12-08 15:41:00.621 I/[CT]    ( 4168): SP:AF:InsightAnchorApi: QueryAnchorSpaces loadAndQueryAvailableAnchors flow. (task start) duration: 0.000000000 [sec], flags: 44, location: StorageLocation::LOCAL(1), method: 1, request: 963, source: SourceType::LIVE_TRACKER(1)
12-08 15:41:00.621 I/[CT]    ( 4168): RuntimeIpcHelper: RuntimeIpcClient::CALL_RPC isAsync: true, func: loadAvailableAnchors
12-08 15:41:00.621 I/[CT]    ( 4801): SP:AP:AnchorPersistenceRuntimeIpcServer: checkRPC start: sessionUuid:a583813b-76fc-d6c6-c3fc-f4b54f4872ef, clientId:197008253, givenPackageName:com.oculus.vrshell
12-08 15:41:00.621 I/[CT]    ( 4801): SP:AP:AnchorPersistenceRuntimeIpcServer: checkPackageAccess - detectedPackageName:com.oculus.vrshell, detectedProcessName:com.oculus.vrshell, givenPackageName:com.oculus.vrshell
12-08 15:41:00.621 I/[CT]    ( 4801): SP:AP:AnchorPersistenceRuntimeIpcServer: checkRPC package name matches: sessionUuid:a583813b-76fc-d6c6-c3fc-f4b54f4872ef, clientId:197008253, givenPackageName:com.oculus.vrshell, detectedPackageName:com.oculus.vrshell, detectedProcessName:com.oculus.vrshell
12-08 15:41:00.621 I/[CT]    ( 4801): SP:AP:AnchorPersistenceRuntimeIpcServer: queryAvailableAnchorsSMV2: clientId: 197008253, maxAnchors: 500, filter: 0, queryMultipleRoomsEnabledByOpenXrVersion: true, source: 1, appId: com.oculus.vrshell
12-08 15:41:00.621 I/[CT]    ( 4801): SP:AP:AnchorPersistenceConfig: getSceneRuntimePermissionEnabled: USE_SCENE permission is enabled on this device
12-08 15:41:00.621 I/[CT]    ( 4801): SP:AP:AnchorPersistenceScenePermissions: hasClientGrantedScenePermission: USE_SCENE permission is enabled on this device, check client 197008253, grant is true
12-08 15:41:00.621 I/[CT]    ( 4801): SP:AP:AnchorPersistenceConfig: getSceneRuntimePermissionEnabled: USE_SCENE permission is enabled on this device
12-08 15:41:00.622 I/[CT]    ( 4801): SP:SceneAnchorFilterUtil: filterSceneDataByPermission: com.oculus.vrshell permission check passed, keep scene data. anchors size: 0
12-08 15:41:00.623 I/[CT]    ( 4168): SP:AF:InsightAnchorApi: QueryAnchorSpaces (task finish) returnCode: AnchorResultCode::SUCCESS(0), numSpacesFound: 0, spacesFoundUuids: [], duration: 0.000000000 [sec], flags: 44, location: 1, method: 1, request: 963
12-08 15:41:00.628 I/GraphicsGovernor( 3567): Dynamic Foveation Lvl 3, Min Foveation Lvl 3, DynRes Enabled 1, DynRes Scaler 1.000000
12-08 15:41:00.636 I/[CT]    ( 4168): SP:TREX:SpatialPersistencePlugin: Event type: 6
12-08 15:41:00.636 I/TREX    ( 4168): Spatial Persistence event: QuerySpacesFinish
12-08 15:41:00.650 W/SensorControl( 1772): No exposure settings will be updated on slot idx: 2 because exposure/gain changes are too small or identical.
12-08 15:41:00.683 W/SensorControl( 1772): No exposure settings will be updated on slot idx: 0 because exposure/gain changes are too small or identical.
12-08 15:41:00.716 W/SensorControl( 1772): No exposure settings will be updated on slot idx: 2 because exposure/gain changes are too small or identical.
12-08 15:41:00.733 W/SensorControl( 1772): No exposure settings will be updated on slot idx: 3 because exposure/gain changes are too small or identical.
12-08 15:41:00.749 W/SensorControl( 1772): No exposure settings will be updated on slot idx: 0 because exposure/gain changes are too small or identical.
12-08 15:41:00.762 I/MRSS    ( 1574): MIXEDREALITY: PlaneFreeSpace: PlaneFreespaceComputeCapability: [INSIGHTS] 6 input frames - 1 processed framesMax distance travelled: 0    [VOLUME]: # points integrated (avg): 300 - # points on body (avg): 65    [HEIGHTMAP]: Valid heightmap area (m^2) (avg): 0 - Invalid heightmap area (m^2) (avg): 0 - Floor area (m^2) (avg): 0 - Clutter area (m^2) (avg): 0    [SYSTEM]: Depth data processing freq: 11.356130599975586 - Pipeline processing time: 4.427239894866943 Floor update freq: 0 CPU System usage: 0,  Memory Usage: 0
12-08 15:41:00.783 W/SensorControl( 1772): No exposure settings will be updated on slot idx: 2 because exposure/gain changes are too small or identical.
12-08 15:41:00.800 W/SensorControl( 1772): No exposure settings will be updated on slot idx: 3 because exposure/gain changes are too small or identical.
12-08 15:41:00.816 W/SensorControl( 1772): No exposure settings will be updated on slot idx: 0 because exposure/gain changes are too small or identical.
12-08 15:41:00.849 W/SensorControl( 1772): No exposure settings will be updated on slot idx: 2 because exposure/gain changes are too small or identical.
12-08 15:41:00.867 W/SensorControl( 1772): No exposure settings will be updated on slot idx: 3 because exposure/gain changes are too small or identical.
12-08 15:41:00.892 I/MRSS    ( 1574): MIXEDREALITY: EnvironmentDepthMetacapability: processTelemetry client com.oculus.vrshell state true aggregated 0
12-08 15:41:00.929 I/libcamerahal(  873): [INSIGHTS][2.02s] recv/ret/req heartbeat: cam4: 145/145/145, cam5: 145/145/145
12-08 15:41:00.933 W/SensorControl( 1772): No exposure settings will be updated on slot idx: 3 because exposure/gain changes are too small or identical.
12-08 15:41:00.949 W/SensorControl( 1772): No exposure settings will be updated on slot idx: 0 because exposure/gain changes are too small or identical.
12-08 15:41:00.984 W/SensorControl( 1772): No exposure settings will be updated on slot idx: 2 because exposure/gain changes are too small or identical.
12-08 15:41:01.000 W/SensorControl( 1772): No exposure settings will be updated on slot idx: 3 because exposure/gain changes are too small or identical.
12-08 15:41:01.002 D/TelemetryService( 1125): Upload complete after 125 ms with result: success
12-08 15:41:01.016 W/SensorControl( 1772): No exposure settings will be updated on slot idx: 0 because exposure/gain changes are too small or identical.
12-08 15:41:01.049 W/SensorControl( 1772): No exposure settings will be updated on slot idx: 2 because exposure/gain changes are too small or identical.
12-08 15:41:01.083 W/SensorControl( 1772): No exposure settings will be updated on slot idx: 0 because exposure/gain changes are too small or identical.
12-08 15:41:01.116 W/SensorControl( 1772): No exposure settings will be updated on slot idx: 2 because exposure/gain changes are too small or identical.
12-08 15:41:01.133 W/SensorControl( 1772): No exposure settings will be updated on slot idx: 3 because exposure/gain changes are too small or identical.
12-08 15:41:01.138 I/DynamicObjectClient( 4801): Query Dynamic Object Tracker anchors
12-08 15:41:01.138 I/DynamicObjectClient( 4801): Object in query has empty predictions or tracking flags
12-08 15:41:01.150 W/SensorControl( 1772): No exposure settings will be updated on slot idx: 0 because exposure/gain changes are too small or identical.
12-08 15:41:01.183 W/SensorControl( 1772): No exposure settings will be updated on slot idx: 2 because exposure/gain changes are too small or identical.
12-08 15:41:01.183 I/Tracking( 1772): CONSTELLATION_Right: [Throttled count=90] P+C Right: Applying Consistent Zero Velocity Update during slow motion.
12-08 15:41:01.216 W/SensorControl( 1772): No exposure settings will be updated on slot idx: 0 because exposure/gain changes are too small or identical.
12-08 15:41:01.249 W/SensorControl( 1772): No exposure settings will be updated on slot idx: 2 because exposure/gain changes are too small or identical.
12-08 15:41:01.282 I/VrApi   ( 4168): FPS=72/72,Prd=25ms,Tear=0,Early=0,Stale=0,Stale2/5/10/max=0/0/0/0,VSnc=1,Lat=-1,Fov=3,CPU4/GPU=3/2,1382/456MHz,OC=3F,TA=0/0/0,SP=N/N/N,Mem=2736MHz,Free=3603MB,PLS=0,Temp=34.0C/0.0C,TW=2.12ms,App=1.04ms,GD=0.00ms,CPU&GPU=6.84ms,LCnt=6(DR73,LM4),GPU%=0.26,CPU%=0.25(W0.28),CFL=12.05/16.11,ICFLp95=15.24,LD=0,SF=1.00,LP=1,DVFS=0,ShrpLCnt=3,ShrpR=0.500,SSLCnt=0/0
12-08 15:41:01.283 W/SensorControl( 1772): No exposure settings will be updated on slot idx: 0 because exposure/gain changes are too small or identical.
12-08 15:41:01.316 W/SensorControl( 1772): No exposure settings will be updated on slot idx: 2 because exposure/gain changes are too small or identical.
12-08 15:41:01.344 I/VD628x  (  871): Flicker results: freq 715.048218, max 715.048218, dcr 59.489052, pct 0.000212, idx 0.000212, conf 0.005234, snr -22.606848, svm 0.000891, sus 2
12-08 15:41:01.385 W/TrackingService( 1772): 13 late Color frame set were dropped: timestamp 22929.587706, current monochrome 22929.592580
12-08 15:41:01.465 E/FrameSetCollator(  873): [{COL:FOVPR}] 20 FrameSets had unexpected timestamps (in the last 20165.03ms). Ex: slot 0 22929657.162ms -> 22929671.140ms (observed period: 13.978ms, expected period: 13.888ms (0.090ms))
12-08 15:41:01.621 I/OpenXR_Anchor( 4168): xrQuerySpacesFB: no split anchor query enabled
12-08 15:41:01.621 I/[CT]    ( 4168): SP:AF:InsightAnchorApi: QueryAnchorSpaces loadAndQueryAvailableAnchors flow. (task start) duration: 0.000000000 [sec], flags: 44, location: StorageLocation::LOCAL(1), method: 1, request: 964, source: SourceType::LIVE_TRACKER(1)
12-08 15:41:01.621 I/[CT]    ( 4168): RuntimeIpcHelper: RuntimeIpcClient::CALL_RPC isAsync: true, func: loadAvailableAnchors
12-08 15:41:01.621 I/[CT]    ( 4801): SP:AP:AnchorPersistenceRuntimeIpcServer: checkRPC start: sessionUuid:a583813b-76fc-d6c6-c3fc-f4b54f4872ef, clientId:197008253, givenPackageName:com.oculus.vrshell
12-08 15:41:01.621 I/[CT]    ( 4801): SP:AP:AnchorPersistenceRuntimeIpcServer: checkPackageAccess - detectedPackageName:com.oculus.vrshell, detectedProcessName:com.oculus.vrshell, givenPackageName:com.oculus.vrshell
12-08 15:41:01.621 I/[CT]    ( 4801): SP:AP:AnchorPersistenceRuntimeIpcServer: checkRPC package name matches: sessionUuid:a583813b-76fc-d6c6-c3fc-f4b54f4872ef, clientId:197008253, givenPackageName:com.oculus.vrshell, detectedPackageName:com.oculus.vrshell, detectedProcessName:com.oculus.vrshell
12-08 15:41:01.621 I/[CT]    ( 4801): SP:AP:AnchorPersistenceRuntimeIpcServer: queryAvailableAnchorsSMV2: clientId: 197008253, maxAnchors: 500, filter: 0, queryMultipleRoomsEnabledByOpenXrVersion: true, source: 1, appId: com.oculus.vrshell
12-08 15:41:01.621 I/[CT]    ( 4801): SP:AP:AnchorPersistenceConfig: getSceneRuntimePermissionEnabled: USE_SCENE permission is enabled on this device
12-08 15:41:01.621 I/[CT]    ( 4801): SP:AP:AnchorPersistenceScenePermissions: hasClientGrantedScenePermission: USE_SCENE permission is enabled on this device, check client 197008253, grant is true
12-08 15:41:01.621 I/[CT]    ( 4801): SP:AP:AnchorPersistenceConfig: getSceneRuntimePermissionEnabled: USE_SCENE permission is enabled on this device
12-08 15:41:01.622 I/[CT]    ( 4801): SP:SceneAnchorFilterUtil: filterSceneDataByPermission: com.oculus.vrshell permission check passed, keep scene data. anchors size: 0
12-08 15:41:01.623 I/[CT]    ( 4168): SP:AF:InsightAnchorApi: QueryAnchorSpaces (task finish) returnCode: AnchorResultCode::SUCCESS(0), numSpacesFound: 0, spacesFoundUuids: [], duration: 0.000000000 [sec], flags: 44, location: 1, method: 1, request: 964
12-08 15:41:01.627 I/[CT]    ( 5403): SP:AF:AnchorFramework: calculateRigidScenePose: Located 9 / 9 anchors in a76ef9da-61e2-adec-fff1-f571f0d5f82f for calculating rigid scene pose for com.oculus.guardian
12-08 15:41:01.627 I/[CT]    ( 5403): SP:AF:AnchorAccuracy: New Rigid Scene calculated using 9 anchors attached to 1 IAs. 0.2012831969987019 seconds since last update
12-08 15:41:01.627 I/[CT]    ( 5403): SP:AF:AnchorAccuracy: Translation difference (mean/min/max): 0.013722495332735384 0.000231148223974742 0.0363764613866806
12-08 15:41:01.627 I/[CT]    ( 5403): SP:AF:AnchorAccuracy: Rotation difference (mean/min/max): 0.013885032592548264 0.013619322329759598 0.013959313742816448
12-08 15:41:01.627 I/[CT]    ( 5403): SP:AF:AnchorAccuracy: New scene origin pose: -0.3270505666732788 -0.3939462900161743 0.27706053853034973 : 0.6786320209503174 -0.6786320209503174 -0.19864188134670258 -0.198641836643219
12-08 15:41:01.627 I/[CT]    ( 5403): SP:AF:AnchorAccuracy: New scene origin pose moved: 0.00010580188245512545 translation 0.00026187297771684825 rotation
12-08 15:41:01.628 I/GraphicsGovernor( 3567): Dynamic Foveation Lvl 3, Min Foveation Lvl 3, DynRes Enabled 1, DynRes Scaler 1.000000
12-08 15:41:01.636 I/[CT]    ( 4168): SP:TREX:SpatialPersistencePlugin: Event type: 6
12-08 15:41:01.636 I/TREX    ( 4168): Spatial Persistence event: QuerySpacesFinish
12-08 15:41:01.668 I/Tracking( 1772): GeoInfoServiceManager: Trying to start location service
12-08 15:41:01.677 I/SpatialWindowResourceService( 2051): setWindowFrameRate() token: horizonos.view.VolumetricWindowToken$InternalVolumetricToken@7b2627d framerate: 0.0
12-08 15:41:01.738 I/Tracking( 1772): Vega: [INSIGHTS] Mode=DescriptorVega,6DoF,Agg=37s,Inl=15,22,181,Mem=98.6,FrameDur=6.8,38.3,PoseLat=1.6,6.6,CamImuLat=22.5,39.8,Jit=0.0,0.1,Drops(Cam=0,IMU=0),MeanIr=10645.1,Exp(3.1ms,g=2,I=73)(3.1ms,g=2,I=73)(3.8ms,g=2,I=56)(3.1ms,g=2,I=56)(0.0ms,g=0)(0.0ms,g=0),NonInertEnv=?
12-08 15:41:01.891 I/MRSS    ( 1574): MIXEDREALITY: EnvironmentDepthMetacapability: processTelemetry client com.oculus.vrshell state true aggregated 0
12-08 15:41:01.918 I/MRSS    ( 1574): MIXEDREALITY: MrService: renderIteration: (every 10 seconds), screen is: ON, PT is: OFF, Depth is: OFF
12-08 15:41:01.941 I/SpatialWindowResourceService( 2051): setWindowFrameRate() token: horizonos.view.VolumetricWindowToken$InternalVolumetricToken@7b2627d framerate: 0.0
12-08 15:41:01.966 I/Vsync   ( 3567): Vsync 2753:  2 x 13.89 ms (72.00 Hz, at 25458.290)
12-08 15:41:02.008 I/Vsync   ( 3567): Vsync 2756:  2 x 13.89 ms (72.00 Hz, at 25458.333)
12-08 15:41:02.074 I/VD628x  (  871): Flicker results: freq 715.048218, max 999.083557, dcr 59.489052, pct 0.000214, idx 0.000218, conf 0.004762, snr -23.048410, svm 0.000642, sus 2
12-08 15:41:02.078 I/Vsync   ( 3567): Vsync 2761:  2 x 13.89 ms (72.00 Hz, at 25458.402)
12-08 15:41:02.079 D/TrackingService( 1772): 402c25cbf028a4e8: isControllerInHand(25458.40s): 1 ctEnabled: 1 btnPress(25428.50s): 0 *btnOrTpdTouch(25438.26s): 0 *btnOrTpdProx(25438.54s): 0 static(25458.40s): 1 thbstkOffCenter(25435.40s): 0 
12-08 15:41:02.079 D/TrackingService( 1772): [HANDTRACKING] Controller 402c25cbf028a4e8 in hand: Y, valid: Y
12-08 15:41:02.079 D/ControllerManagement( 3227): RemoteService::recordControllerStatusUpdate: device 402c25cbf028a4e8: status: CONNECTED_ACTIVE tracking: POSITION, errors: --
12-08 15:41:02.092 I/OpenXR_ClientState( 4168): [OATS]: IP changed: /user/hand/right/interaction_profiles/meta/touch_controller_plus, 7
12-08 15:41:02.092 I/OpenXR_ClientState( 4168): [OATS]: IP changed: unknown/interaction_profiles/meta/touch_controller_plus, -1
12-08 15:41:02.093 I/Tracking( 1772): CONSTELLATION_Right: P+C Right: : Pushing zero velocity update
12-08 15:41:02.097 W/[SEO] InputOpenXr( 4168): Interaction Profile retrieval failed: /user/eyes_ext
12-08 15:41:02.104 I/[SEO] ShellInputConfigurationDataProvider( 4168): InteractionMode changed, mode: HybridChiral activation method: Controller Presence displayTimeActivated 25458.439642
12-08 15:41:02.108 I/TREX    ( 4168): Interface 'VirtualKeyboardClientInterface', version 1 was not found. Check debug build for more information.
12-08 15:41:02.108 E/TrexRenderModelPlugin( 4168): no modelBit retrieved from GetOffsetFromModelID 
12-08 15:41:02.113 I/Shell   ( 4168): Loading model  key 8 size 507568 
12-08 15:41:02.113 E/TrexRenderModelPlugin( 4168): no modelBit retrieved from GetOffsetFromModelID 
12-08 15:41:02.135 I/Shell   ( 4168): Generating mesh sources for controller asset (index:1)
12-08 15:41:02.137 I/Shell   ( 4168): HsrControllerMeshInfo[right_batteryIndicatorQuad].textures[0] = Image_1
12-08 15:41:02.137 I/Shell   ( 4168): HsrControllerMeshInfo[right_oculus_controller_mesh].textures[0] = Image_1
12-08 15:41:02.137 I/Shell   ( 4168): HsrControllerMeshInfo[right_oculus_controller_mesh].textures[1] = Image_0
12-08 15:41:02.138 I/DynamicObjectClient( 4801): Query Dynamic Object Tracker anchors
12-08 15:41:02.138 I/DynamicObjectClient( 4801): Object in query has empty predictions or tracking flags
12-08 15:41:02.147 I/Vsync   ( 3567): Vsync 2766:  2 x 13.89 ms (72.00 Hz, at 25458.471)
12-08 15:41:02.201 I/SpatialWindowResourceService( 2051): setWindowFrameRate() token: horizonos.view.VolumetricWindowToken$InternalVolumetricToken@7b2627d framerate: 0.0
12-08 15:41:02.231 I/UnifiedTelemetryWrapper( 5403): WARNING: Attempting to create Telemetry Event while Handler is null; telemetry will not be recorded for the event: [7]
12-08 15:41:02.231 I/OpenXR_ClientState( 5403): [OATS]: IP changed: /user/hand/right/interaction_profiles/meta/touch_controller_plus, 7
12-08 15:41:02.231 I/UnifiedTelemetryWrapper( 5403): WARNING: Attempting to create Telemetry Event while Handler is null; telemetry will not be recorded for the event: [-1]
12-08 15:41:02.231 I/OpenXR_ClientState( 5403): [OATS]: IP changed: unknown/interaction_profiles/meta/touch_controller_plus, -1
12-08 15:41:02.296 I/VrApi   ( 4168): FPS=72/72,Prd=25ms,Tear=0,Early=0,Stale=0,Stale2/5/10/max=0/0/0/0,VSnc=1,Lat=-1,Fov=3,CPU4/GPU=3/2,1382/456MHz,OC=3F,TA=0/0/0,SP=N/N/N,Mem=2736MHz,Free=3603MB,PLS=0,Temp=34.0C/0.0C,TW=2.12ms,App=1.15ms,GD=0.00ms,CPU&GPU=6.79ms,LCnt=6(DR72,LM4),GPU%=0.26,CPU%=0.23(W0.26),CFL=12.18/16.09,ICFLp95=15.22,LD=0,SF=1.00,LP=1,DVFS=0,ShrpLCnt=3,ShrpR=0.500,SSLCnt=0/0
12-08 15:41:02.453 I/SpatialWindowResourceService( 2051): setWindowFrameRate() token: horizonos.view.VolumetricWindowToken$InternalVolumetricToken@7b2627d framerate: 0.0
12-08 15:41:02.493 E/FrameSetCollator(  873): [{COL:FOVPR}] 13 FrameSets had unexpected timestamps (in the last 1027.70ms). Ex: slot 0 22930686.110ms -> 22930700.063ms (observed period: 13.953ms, expected period: 13.888ms (0.065ms))
12-08 15:41:02.504 I/[CT]    ( 3567): MIXEDREALITY: PassthroughApiManager: GetUpdatedLayerState: (every 2 seconds) PT is: ON numLayers: 1
12-08 15:41:02.563 I/Vsync   ( 3567): Vsync 2796:  2 x 13.89 ms (72.00 Hz, at 25458.887)
12-08 15:41:02.592 I/VrGuardianService( 5403): com.oculus.vrshell -> GuardianSDKServer::SetGuardianHitDialog 1
12-08 15:41:02.607 D/telemetry-tokenbucket( 1125): Quota event rate (volume per 60 second) exceeds max, rejecting, process: com.oculus.vrruntimeservice, rate: 54580 , max: 53000
12-08 15:41:02.621 I/OpenXR_Anchor( 4168): xrQuerySpacesFB: no split anchor query enabled
12-08 15:41:02.621 I/[CT]    ( 4168): SP:AF:InsightAnchorApi: QueryAnchorSpaces loadAndQueryAvailableAnchors flow. (task start) duration: 0.000000000 [sec], flags: 44, location: StorageLocation::LOCAL(1), method: 1, request: 965, source: SourceType::LIVE_TRACKER(1)
12-08 15:41:02.621 I/[CT]    ( 4168): RuntimeIpcHelper: RuntimeIpcClient::CALL_RPC isAsync: true, func: loadAvailableAnchors
12-08 15:41:02.622 I/[CT]    ( 4801): SP:AP:AnchorPersistenceRuntimeIpcServer: checkRPC start: sessionUuid:a583813b-76fc-d6c6-c3fc-f4b54f4872ef, clientId:197008253, givenPackageName:com.oculus.vrshell
12-08 15:41:02.622 I/[CT]    ( 4801): SP:AP:AnchorPersistenceRuntimeIpcServer: checkPackageAccess - detectedPackageName:com.oculus.vrshell, detectedProcessName:com.oculus.vrshell, givenPackageName:com.oculus.vrshell
12-08 15:41:02.622 I/[CT]    ( 4801): SP:AP:AnchorPersistenceRuntimeIpcServer: checkRPC package name matches: sessionUuid:a583813b-76fc-d6c6-c3fc-f4b54f4872ef, clientId:197008253, givenPackageName:com.oculus.vrshell, detectedPackageName:com.oculus.vrshell, detectedProcessName:com.oculus.vrshell
12-08 15:41:02.622 I/[CT]    ( 4801): SP:AP:AnchorPersistenceRuntimeIpcServer: queryAvailableAnchorsSMV2: clientId: 197008253, maxAnchors: 500, filter: 0, queryMultipleRoomsEnabledByOpenXrVersion: true, source: 1, appId: com.oculus.vrshell
12-08 15:41:02.622 I/[CT]    ( 4801): SP:AP:AnchorPersistenceConfig: getSceneRuntimePermissionEnabled: USE_SCENE permission is enabled on this device
12-08 15:41:02.622 I/[CT]    ( 4801): SP:AP:AnchorPersistenceScenePermissions: hasClientGrantedScenePermission: USE_SCENE permission is enabled on this device, check client 197008253, grant is true
12-08 15:41:02.622 I/[CT]    ( 4801): SP:AP:AnchorPersistenceConfig: getSceneRuntimePermissionEnabled: USE_SCENE permission is enabled on this device
12-08 15:41:02.623 I/[CT]    ( 4801): SP:SceneAnchorFilterUtil: filterSceneDataByPermission: com.oculus.vrshell permission check passed, keep scene data. anchors size: 0
12-08 15:41:02.624 I/[CT]    ( 4168): SP:AF:InsightAnchorApi: QueryAnchorSpaces (task finish) returnCode: AnchorResultCode::SUCCESS(0), numSpacesFound: 0, spacesFoundUuids: [], duration: 0.000000000 [sec], flags: 44, location: 1, method: 1, request: 965
12-08 15:41:02.625 I/[CT]    ( 4168): SP:TREX:SpatialPersistencePlugin: Event type: 6
12-08 15:41:02.625 I/TREX    ( 4168): Spatial Persistence event: QuerySpacesFinish
12-08 15:41:02.642 I/GraphicsGovernor( 3567): Dynamic Foveation Lvl 3, Min Foveation Lvl 3, DynRes Enabled 1, DynRes Scaler 1.000000
12-08 15:41:02.674 I/Vsync   ( 3567): Vsync 2804:  2 x 13.89 ms (72.00 Hz, at 25458.998)
12-08 15:41:02.692 I/Tracking( 1772): INPUT_TRACKING: ControllerInHandClassifier Right (0x402c25cbf028a4e8): Transition from OutOfHand -> InHand due to consistent prediction agreement for 2 checks in row from VisionDisagreement.
12-08 15:41:02.784 I/VrGuardianService( 5403): com.oculus.vrshell -> GuardianSDKServer::SetGuardianHitDialog 0
12-08 15:41:02.785 I/Vsync   ( 3567): Vsync 2812:  2 x 13.89 ms (72.00 Hz, at 25459.109)
12-08 15:41:02.802 I/VD628x  (  871): Flicker results: freq 714.997314, max 225.312683, dcr 42.297382, pct 0.000115, idx 0.000113, conf 0.000000, snr -40.000000, svm 0.000000, sus 2
12-08 15:41:02.826 I/VrGuardianService( 5403): com.oculus.vrshell -> GuardianSDKServer::SetGuardianHitDialog 1
12-08 15:41:02.892 I/MRSS    ( 1574): MIXEDREALITY: EnvironmentDepthMetacapability: processTelemetry client com.oculus.vrshell state true aggregated 0
12-08 15:41:02.897 I/Shell   ( 4168): add cursor: 4221484958 (new count: 1)
12-08 15:41:02.924 I/Vsync   ( 3567): Vsync 2822:  2 x 13.89 ms (72.00 Hz, at 25459.248)
12-08 15:41:02.943 I/libcamerahal(  873): [INSIGHTS][2.02s] recv/ret/req heartbeat: cam4: 145/145/145, cam5: 145/145/145
12-08 15:41:02.952 I/Vsync   ( 3567): Vsync 2824:  2 x 13.89 ms (72.00 Hz, at 25459.276)
12-08 15:41:02.967 I/SpatialWindowResourceService( 2051): setWindowFrameRate() token: horizonos.view.VolumetricWindowToken$InternalVolumetricToken@7b2627d framerate: 0.0
12-08 15:41:03.007 I/Vsync   ( 3567): Vsync 2828:  2 x 13.89 ms (72.00 Hz, at 25459.332)
12-08 15:41:03.077 I/Vsync   ( 3567): Vsync 2833:  2 x 13.89 ms (72.00 Hz, at 25459.401)
12-08 15:41:03.119 I/Vsync   ( 3567): Vsync 2836:  2 x 13.89 ms (72.00 Hz, at 25459.443)
12-08 15:41:03.138 I/DynamicObjectClient( 4801): Query Dynamic Object Tracker anchors
12-08 15:41:03.138 I/DynamicObjectClient( 4801): Object in query has empty predictions or tracking flags
12-08 15:41:03.160 I/Vsync   ( 3567): Vsync 2839:  2 x 13.89 ms (72.00 Hz, at 25459.484)
12-08 15:41:03.335 I/VrApi   ( 4168): FPS=72/72,Prd=25ms,Tear=0,Early=0,Stale=0,Stale2/5/10/max=0/0/0/0,VSnc=1,Lat=-1,Fov=3,CPU4/GPU=3/2,1382/456MHz,OC=3F,TA=0/0/0,SP=N/N/N,Mem=2736MHz,Free=3603MB,PLS=0,Temp=34.0C/0.0C,TW=2.25ms,App=1.26ms,GD=0.00ms,CPU&GPU=6.53ms,LCnt=6(DR73,LM4),GPU%=0.26,CPU%=0.28(W0.34),CFL=12.15/16.55,ICFLp95=15.73,LD=0,SF=1.00,LP=1,DVFS=0,ShrpLCnt=2,ShrpR=0.500,SSLCnt=0/0
12-08 15:41:03.355 I/Vsync   ( 3567): Vsync 2853:  2 x 13.89 ms (72.00 Hz, at 25459.679)
12-08 15:41:03.433 I/Tracking( 1772): CONSTELLATION_Right: [Throttled count=42] P+C Right: Applying Consistent Zero Velocity Update during slow motion.
12-08 15:41:03.453 I/Vsync   ( 3567): Vsync 2860:  2 x 13.89 ms (72.00 Hz, at 25459.777)
12-08 15:41:03.508 I/Shell   ( 4168): OpenXRSystem::destroySwapchain: 532(0x73afd62700): texture, 136x20
12-08 15:41:03.508 I/OpenXR_GPUMemTrace( 4168): Swapchain deletion destroy id=865, idx=0
12-08 15:41:03.508 I/SwapChain_Vulkan_Memory_Export( 4168): DestroyImportedTextureResourcesVulkan: Destroy imported foveation resources: 0x737f0f0de8
12-08 15:41:03.508 I/VrRuntimeService( 3567): DestroySwapChain: swapchain=865
12-08 15:41:03.513 I/VD628x  (  871): Flicker results: freq 682.820618, max 682.820618, dcr 59.489052, pct 0.000214, idx 0.000218, conf 0.004762, snr -23.048410, svm 0.000460, sus 2
12-08 15:41:03.550 I/Vsync   ( 3567): Vsync 2867:  2 x 13.89 ms (72.00 Hz, at 25459.874)
12-08 15:41:03.563 V/CompositorUtil( 3567): TryDelete: Deleting 1 swapchains
12-08 15:41:03.563 V/Context ( 3567): QueryVersion() - Context Version: 3.2
12-08 15:41:03.563 V/CompositorUtil( 3567): SwapChainDeferDeletion: destroying texture swap chain id=865 ptr=0x73e7f53c00, client id=4
12-08 15:41:03.564 I/SwapChain_Vulkan_Foveated( 3567): CreateTextureSwapChainFoveationVulkan: Destroyed foveation resources
12-08 15:41:03.618 I/Vsync   ( 3567): Vsync 2872:  2 x 13.89 ms (72.00 Hz, at 25459.943)
12-08 15:41:03.631 I/OpenXR_Anchor( 4168): xrQuerySpacesFB: no split anchor query enabled
12-08 15:41:03.631 I/[CT]    ( 4168): SP:AF:InsightAnchorApi: QueryAnchorSpaces loadAndQueryAvailableAnchors flow. (task start) duration: 0.000000000 [sec], flags: 44, location: StorageLocation::LOCAL(1), method: 1, request: 966, source: SourceType::LIVE_TRACKER(1)
12-08 15:41:03.632 I/[CT]    ( 4168): RuntimeIpcHelper: RuntimeIpcClient::CALL_RPC isAsync: true, func: loadAvailableAnchors
12-08 15:41:03.632 I/[CT]    ( 4801): SP:AP:AnchorPersistenceRuntimeIpcServer: checkRPC start: sessionUuid:a583813b-76fc-d6c6-c3fc-f4b54f4872ef, clientId:197008253, givenPackageName:com.oculus.vrshell
12-08 15:41:03.632 I/[CT]    ( 4801): SP:AP:AnchorPersistenceRuntimeIpcServer: checkPackageAccess - detectedPackageName:com.oculus.vrshell, detectedProcessName:com.oculus.vrshell, givenPackageName:com.oculus.vrshell
12-08 15:41:03.632 I/[CT]    ( 4801): SP:AP:AnchorPersistenceRuntimeIpcServer: checkRPC package name matches: sessionUuid:a583813b-76fc-d6c6-c3fc-f4b54f4872ef, clientId:197008253, givenPackageName:com.oculus.vrshell, detectedPackageName:com.oculus.vrshell, detectedProcessName:com.oculus.vrshell
12-08 15:41:03.632 I/[CT]    ( 4801): SP:AP:AnchorPersistenceRuntimeIpcServer: queryAvailableAnchorsSMV2: clientId: 197008253, maxAnchors: 500, filter: 0, queryMultipleRoomsEnabledByOpenXrVersion: true, source: 1, appId: com.oculus.vrshell
12-08 15:41:03.632 I/[CT]    ( 4801): SP:AP:AnchorPersistenceConfig: getSceneRuntimePermissionEnabled: USE_SCENE permission is enabled on this device
12-08 15:41:03.632 I/[CT]    ( 4801): SP:AP:AnchorPersistenceScenePermissions: hasClientGrantedScenePermission: USE_SCENE permission is enabled on this device, check client 197008253, grant is true
12-08 15:41:03.632 I/[CT]    ( 4801): SP:AP:AnchorPersistenceConfig: getSceneRuntimePermissionEnabled: USE_SCENE permission is enabled on this device
12-08 15:41:03.633 I/[CT]    ( 4801): SP:SceneAnchorFilterUtil: filterSceneDataByPermission: com.oculus.vrshell permission check passed, keep scene data. anchors size: 0
12-08 15:41:03.634 I/[CT]    ( 4168): SP:AF:InsightAnchorApi: QueryAnchorSpaces (task finish) returnCode: AnchorResultCode::SUCCESS(0), numSpacesFound: 0, spacesFoundUuids: [], duration: 0.000000000 [sec], flags: 44, location: 1, method: 1, request: 966
12-08 15:41:03.648 I/[CT]    ( 4168): SP:TREX:SpatialPersistencePlugin: Event type: 6
12-08 15:41:03.648 I/TREX    ( 4168): Spatial Persistence event: QuerySpacesFinish
12-08 15:41:03.655 I/GraphicsGovernor( 3567): Dynamic Foveation Lvl 3, Min Foveation Lvl 3, DynRes Enabled 1, DynRes Scaler 1.000000
12-08 15:41:03.670 I/[SEO] LayerSwapChainResource( 4168): LayerSwapChainResource width(136), height(20), swap chain length(1), mips(1)
12-08 15:41:03.670 I/Shell   ( 4168): OpenXRSystem::createSwapchain: 533: texture, 136x20, 1 view(s),  1 mip(s), 1 buffer(s)
12-08 15:41:03.670 I/VrRuntimeService( 3567): CreateSwapChain: 2576659990
12-08 15:41:03.670 I/VrRuntimeService( 3567): CreateSwapChain: api:vk 0 0x2b 136 20 1 1 1 4 3
12-08 15:41:03.670 I/@@@     ( 3567): surface: SUCCESS posting result to queue
12-08 15:41:03.671 I/CompositorServer( 3567): CreateTextureSwapChain: result importswapchainfromdevice 1
12-08 15:41:03.671 I/SwapChain_Vulkan_Memory_Export( 4168): Imported texture has requirements 3, ends up index 0
12-08 15:41:03.671 I/OpenXR_GPUMemTrace( 4168): Swapchain creation, id=866, idx=0, width: 136, height: 20, array size: 1, MemoryAllocationSize: 33 KB
12-08 15:41:03.672 I/VrRuntimeClient( 4168): SetTextureSwapChainSamplerState: No change in sampler state.
12-08 15:41:03.672 I/VrRuntimeClient( 4168): SetTextureSwapChainSamplerState: No change in sampler state.
12-08 15:41:03.688 I/Vsync   ( 3567): Vsync 2877:  2 x 13.89 ms (72.00 Hz, at 25460.012)
12-08 15:41:03.721 I/MRSS    ( 1574): BOLT:HexagonTelemetry: Global DSP utilization: 21.60% (1080 / 5002 ms), Scalar Util: 61.66%, HVX Util: 55.98%, HMX Util: 23.90%, DMA Active: 0.00%, Freq: 1171.2 MHz
12-08 15:41:03.721 I/MRSS    ( 1574): boltlib: Logging Rpc stats (detailed=false, onAbort=false)
12-08 15:41:03.721 I/MRSS    ( 1574): boltlib: DSP Rpc stats over 5002 ms: {"HexagonCvpPreprocessorCompute":150,"unnamed_et0":150}
12-08 15:41:03.891 I/MRSS    ( 1574): MIXEDREALITY: EnvironmentDepthMetacapability: processTelemetry client com.oculus.vrshell state true aggregated 0
12-08 15:41:03.915 I/MRSS    ( 1574): MlStereoDisparityComputer: run inference...
12-08 15:41:03.915 I/MRSS    ( 1574): MIXEDREALITY: RnnMotionCompensation: Warping saved frame
12-08 15:41:03.923 I/MRSS    ( 1574): MlStereoDisparityComputer: 145853 dense disparities are generated.
12-08 15:41:03.923 I/MRSS    ( 1574): MIXEDREALITY: RnnMotionCompensation: Saving frame
12-08 15:41:04.019 I/Tracking( 1772): BOLT:HexagonTelemetry: Global DSP utilization: 21.54% (1077 / 5003 ms), Scalar Util: 61.63%, HVX Util: 56.00%, HMX Util: 23.80%, DMA Active: 0.00%, Freq: 1171.2 MHz
12-08 15:41:04.019 I/Tracking( 1772): boltlib: Logging Rpc stats (detailed=false, onAbort=false)
12-08 15:41:04.019 I/Tracking( 1772): boltlib: DSP Rpc stats over 5003 ms: {"HexagonCornerHarrisEdgeIndexedSlicesAsync":1,"HexagonPyramid3x3Async":67,"controller_inference":25,"dd_boltnn_delegate_batch_256":1,"ofi_detector":1,"test_boltnn_airplane_mode":3}
12-08 15:41:04.103 I/Shell   ( 4168): HsrSoundSystem::playOneShotSound3D for GUID a726c8c1-2e67-4049-bc5a-bcedb8d5d1ab with event name press1
12-08 15:41:04.103 I/[SEO] HapticSystem( 4168): HapticSystem::Playing haptic clip press1 on 2 for -1 scaled 1.000000 delta 0.000000
12-08 15:41:04.138 I/DynamicObjectClient( 4801): Query Dynamic Object Tracker anchors
12-08 15:41:04.138 I/DynamicObjectClient( 4801): Object in query has empty predictions or tracking flags
12-08 15:41:04.211 I/Tracking( 1772): CONSTELLATION:IMU_STATUS: 0x402c25cbf028a4e8 (R): [#Samples=2476] 22932.427s | [FusionTracked=1.000, OutputTracked=1.000, OutputValid=1.000] [AccelSat=0.000, GyroSat=0.000] [AccelMinMeanMax: X=-2.928|5.140|17.752, Y=-7.807|2.095|8.908, Z=-12.063|-6.074|-1.177] [GyroMinMeanMax: X=-0.961|0.128|2.482, Y=-9.683|-0.142|5.501, Z=-1.217|0.136|5.588] [AccelStuck: X=0|0.000, Y=0|0.000, Z=0|0.000] [GyroStuck: X=1|-0.588, Y=2|0.251, Z=1|0.469]  [Current time=22932.427s, last log time=22927.427s]
12-08 15:41:04.230 I/VD628x  (  871): Flicker results: freq 682.693848, max 682.693848, dcr 62.930573, pct 0.000214, idx 0.000218, conf 0.007856, snr -20.864756, svm 0.000400, sus 2
12-08 15:41:04.291 I/MoonlightPairingHelper( 8470): checkPairing start host=10.1.95.5 port=47989
12-08 15:41:04.300 D/TrafficStats( 8470): tagSocket(107) with statsTag=0xffffffff, statsUid=-1
12-08 15:41:04.331 D/TrafficStats( 8470): tagSocket(107) with statsTag=0xffffffff, statsUid=-1
12-08 15:41:04.360 E/[CT]    ( 3567): CALIBRATION_RUNTIME: OnlineCalibrationSession: Calibration unsuccessful status code is 3.
12-08 15:41:04.373 I/VrApi   ( 4168): FPS=73/72,Prd=26ms,Tear=0,Early=0,Stale=0,Stale2/5/10/max=0/0/0/0,VSnc=1,Lat=-1,Fov=3,CPU4/GPU=3/2,1382/456MHz,OC=3F,TA=0/0/0,SP=N/N/N,Mem=2736MHz,Free=3603MB,PLS=0,Temp=34.0C/0.0C,TW=2.56ms,App=1.19ms,GD=0.00ms,CPU&GPU=8.88ms,LCnt=7(DR73,LM4),GPU%=0.28,CPU%=0.39(W0.44),CFL=13.00/16.96,ICFLp95=15.90,LD=0,SF=1.00,LP=1,DVFS=0,ShrpLCnt=2,ShrpR=0.500,SSLCnt=0/0
12-08 15:41:04.391 I/MoonlightPairingHelper( 8470): checkPairing result host=10.1.95.5 state=PAIRED
12-08 15:41:04.391 I/PancakeActivity( 8470): onConnect clicked host=10.1.95.5 port=47989 appId=881448767
12-08 15:41:04.402 D/HzOS.BinderClient( 2051): Connected to PreferencesService
12-08 15:41:04.403 W/LaunchInterceptorUtil( 2051): Package metadata is empty: com.example.moonlight_spatialsdk
12-08 15:41:04.404 D/HzOS.BinderClient( 2051): Connected to PreferencesService
12-08 15:41:04.404 W/LaunchInterceptorUtil( 2051): Package metadata is empty: com.example.moonlight_spatialsdk
12-08 15:41:04.405 D/HzOS.BinderClient( 2051): Connected to PreferencesService
12-08 15:41:04.405 W/LaunchInterceptorUtil( 2051): Package metadata is empty: com.example.moonlight_spatialsdk
12-08 15:41:04.406 W/LaunchInterceptorUtil( 2051): Package metadata is empty: com.example.moonlight_spatialsdk
12-08 15:41:04.406 D/HzOS.BinderClient( 2051): Connected to PreferencesService
12-08 15:41:04.408 I/ActivityTaskManager( 2051): START u0 {act=android.intent.action.MAIN flg=0x10000000 cmp=com.example.moonlight_spatialsdk/.ImmersiveActivity (has extras)} with LAUNCH_SINGLE_TASK from uid 10177 (BAL_ALLOW_VISIBLE_WINDOW) result code=0
12-08 15:41:04.408 I/VrKeyguardViewMediator( 3218): handleSetOccluded, occluded: false, prevValue: false, mHiding: false
12-08 15:41:04.408 D/VrLockscreenHost( 3218): setOccluded: false, was: false, force: false, window: null
