--------- beginning of kernel
12-08 15:40:44.499 W/healthd (    0): battery l=100 v=4348 t=34.0 h=2 st=5 c=-105471 fc=4798000 cc=18 chg=a
--------- beginning of tracking
12-08 15:40:46.220 W/TrackingService( 1772): 13 late Color frame set were dropped: timestamp 22914.422796, current monochrome 22914.426520
12-08 15:40:47.220 W/TrackingService( 1772): 27 late Color frame set were dropped: timestamp 22915.422682, current monochrome 22915.426480
--------- beginning of system
12-08 15:40:47.355 I/SpatialWindowResourceService( 2051): setWindowFrameRate() token: horizonos.view.VolumetricWindowToken$InternalVolumetricToken@7b2627d framerate: 0.0
12-08 15:40:47.825 D/TrackingService( 1772): 402c25cbf028a4e8: isControllerInHand(25444.15s): 1 ctEnabled: 1 btnPress(25428.50s): 0 *btnOrTpdTouch(25438.26s): 0 *btnOrTpdProx(25438.54s): 0 static(25444.15s): 1 thbstkOffCenter(25435.40s): 0 
12-08 15:40:47.825 D/TrackingService( 1772): [HANDTRACKING] Controller 402c25cbf028a4e8 in hand: Y, valid: Y
12-08 15:40:47.825 D/ControllerManagement( 3227): RemoteService::recordControllerStatusUpdate: device 402c25cbf028a4e8: status: CONNECTED_ACTIVE tracking: POSITION, errors: --
12-08 15:40:48.686 D/TrackingService( 1772): 402c25cbf028a4e8: isControllerInHand(25444.51s): 0 ctEnabled: 1 btnPress(25428.50s): 0 *btnOrTpdTouch(25438.26s): 0 *btnOrTpdProx(25438.54s): 0 static(25444.51s): 0 thbstkOffCenter(25435.40s): 0 
12-08 15:40:48.686 D/TrackingService( 1772): [HANDTRACKING] Controller 402c25cbf028a4e8 in hand: N, valid: Y
12-08 15:40:48.686 D/ControllerManagement( 3227): RemoteService::recordControllerStatusUpdate: device 402c25cbf028a4e8: status: CONNECTED_ACTIVE tracking: POSITION, errors: --
12-08 15:40:49.006 V/ActivityManager( 2051): bindService: Intent { cmp=com.oculus.horizon/.service.OVRService } type=null conn=android.os.BinderProxy@aae1967 flags=0x1
12-08 15:40:49.007 D/ActivityManager( 2051): sync unfroze 3132 com.oculus.horizon for 6
12-08 15:40:49.019 W/BatteryExternalStatsWorker( 2051): error reading modem stats:ERROR_PHONE_NOT_AVAILABLE
12-08 15:40:49.048 V/ActivityManager( 2051): bindService: Intent { cmp=com.oculus.deviceauthserver/.DeviceAuthService } type=null conn=android.os.BinderProxy@7781ff1 flags=0x1
12-08 15:40:49.442 V/ActivityManager( 2051): bindService: Intent { cmp=com.oculus.horizon/.service.OVRService } type=null conn=android.os.BinderProxy@8a21c5e flags=0x1
12-08 15:40:49.455 V/ActivityManager( 2051): bindService: Intent { cmp=com.oculus.deviceauthserver/.DeviceAuthService } type=null conn=android.os.BinderProxy@4cfe30d flags=0x1
12-08 15:40:50.333 D/TrackingService( 1772): 402c25cbf028a4e8: isControllerInHand(25446.66s): 1 ctEnabled: 1 btnPress(25428.50s): 0 *btnOrTpdTouch(25438.26s): 0 *btnOrTpdProx(25438.54s): 0 static(25446.66s): 1 thbstkOffCenter(25435.40s): 0 
12-08 15:40:50.334 D/TrackingService( 1772): [HANDTRACKING] Controller 402c25cbf028a4e8 in hand: Y, valid: Y
12-08 15:40:50.334 D/ControllerManagement( 3227): RemoteService::recordControllerStatusUpdate: device 402c25cbf028a4e8: status: CONNECTED_ACTIVE tracking: POSITION, errors: --
12-08 15:40:50.850 D/TrackingService( 1772): 402c25cbf028a4e8: isControllerInHand(25446.67s): 0 ctEnabled: 1 btnPress(25428.50s): 0 *btnOrTpdTouch(25438.26s): 0 *btnOrTpdProx(25438.54s): 0 static(25446.67s): 0 thbstkOffCenter(25435.40s): 0 
12-08 15:40:50.850 D/TrackingService( 1772): [HANDTRACKING] Controller 402c25cbf028a4e8 in hand: N, valid: Y
12-08 15:40:50.850 D/ControllerManagement( 3227): RemoteService::recordControllerStatusUpdate: device 402c25cbf028a4e8: status: CONNECTED_ACTIVE tracking: POSITION, errors: --
12-08 15:40:50.960 D/TrackingService( 1772): 402c25cbf028a4e8: isControllerInHand(25447.28s): 1 ctEnabled: 1 btnPress(25428.50s): 0 *btnOrTpdTouch(25438.26s): 0 *btnOrTpdProx(25438.54s): 0 static(25447.28s): 1 thbstkOffCenter(25435.40s): 0 
12-08 15:40:50.960 D/TrackingService( 1772): [HANDTRACKING] Controller 402c25cbf028a4e8 in hand: Y, valid: Y
12-08 15:40:50.960 D/ControllerManagement( 3227): RemoteService::recordControllerStatusUpdate: device 402c25cbf028a4e8: status: CONNECTED_ACTIVE tracking: POSITION, errors: --
12-08 15:40:51.466 D/TrackingService( 1772): 402c25cbf028a4e8: isControllerInHand(25447.29s): 0 ctEnabled: 1 btnPress(25428.50s): 0 *btnOrTpdTouch(25438.26s): 0 *btnOrTpdProx(25438.54s): 0 static(25447.29s): 0 thbstkOffCenter(25435.40s): 0 
12-08 15:40:51.466 D/TrackingService( 1772): [HANDTRACKING] Controller 402c25cbf028a4e8 in hand: N, valid: Y
12-08 15:40:51.467 D/ControllerManagement( 3227): RemoteService::recordControllerStatusUpdate: device 402c25cbf028a4e8: status: CONNECTED_ACTIVE tracking: POSITION, errors: --
12-08 15:40:52.504 E/libsensortelemetry(  873): imu samples delayed: 5304953ns capture to arrival (ERS limit: 3500000ns)
12-08 15:40:52.583 E/libsensortelemetry( 1772): imu_iot samples delayed: 5477870ns capture to arrival (ERS limit: 3500000ns)
12-08 15:40:53.289 W/TrackingService( 1772): 19 late Color frame set were dropped: timestamp 22921.491421, current monochrome 22921.492904
12-08 15:40:54.501 W/healthd (    0): battery l=100 v=4350 t=34.0 h=2 st=5 c=0 fc=4798000 cc=18 chg=a
--------- beginning of main
12-08 15:40:55.088 I/VrApi   ( 4168): FPS=73/72,Prd=25ms,Tear=0,Early=0,Stale=0,Stale2/5/10/max=0/0/0/0,VSnc=1,Lat=-1,Fov=3,CPU4/GPU=3/2,1382/456MHz,OC=3F,TA=0/0/0,SP=N/N/N,Mem=2736MHz,Free=3603MB,PLS=0,Temp=34.0C/0.0C,TW=2.33ms,App=1.41ms,GD=0.00ms,CPU&GPU=6.61ms,LCnt=6(DR73,LM4),GPU%=0.26,CPU%=0.26(W0.29),CFL=12.50/17.88,ICFLp95=17.07,LD=0,SF=1.00,LP=1,DVFS=0,ShrpLCnt=3,ShrpR=0.500,SSLCnt=0/0
12-08 15:40:55.136 I/DynamicObjectClient( 4801): Query Dynamic Object Tracker anchors
12-08 15:40:55.136 I/DynamicObjectClient( 4801): Object in query has empty predictions or tracking flags
12-08 15:40:55.143 I/Tracking( 1772): ANCHOR_MANAGER: Kicking off background anchor discovery
12-08 15:40:55.150 I/Tracking( 1772): CONSTELLATION_Right: [Throttled count=89] P+C Right: Applying Consistent Zero Velocity Update during slow motion.
12-08 15:40:55.170 I/MRSS    ( 1574): MIXEDREALITY: MrFeatureTelemetry: sendComputeTelemetry: Logging telemetry.
12-08 15:40:55.218 I/Vsync   ( 3567): Vsync 2267:  2 x 13.89 ms (72.00 Hz, at 25451.542)
12-08 15:40:55.262 I/MRSS    ( 1574): MIXEDREALITY: MrFeatureTelemetry: Number of frames processed for slam-based metrics: 70
12-08 15:40:55.287 I/Vsync   ( 3567): Vsync 2272:  2 x 13.89 ms (72.00 Hz, at 25451.611)
12-08 15:40:55.314 I/Vsync   ( 3567): Vsync 2274:  2 x 13.89 ms (72.00 Hz, at 25451.638)
12-08 15:40:55.397 I/Vsync   ( 3567): Vsync 2280:  2 x 13.89 ms (72.00 Hz, at 25451.721)
12-08 15:40:55.403 I/VD628x  (  871): Flicker results: freq 1538.302490, max 1538.538574, dcr 65.726288, pct 0.004026, idx 0.002661, conf 0.001901, snr -27.005211, svm 0.000000, sus 0
12-08 15:40:55.448 I/Tracking( 1772): AnchorCacheHelpers: Wrote Anchor Cache To Disk: 70 anchors 199 anchor loc edges 3 l1 loc edges
12-08 15:40:55.522 I/Vsync   ( 3567): Vsync 2289:  2 x 13.89 ms (72.00 Hz, at 25451.847)
12-08 15:40:55.531 I/Tracking( 1772): Vega: [INSIGHTS] Mode=DescriptorVega,6DoF,Agg=31s,Inl=15,22,181,Mem=98.0,FrameDur=6.9,38.3,PoseLat=1.6,6.6,CamImuLat=22.3,39.8,Jit=0.0,0.1,Drops(Cam=0,IMU=0),MeanIr=11158.4,Exp(3.7ms,g=2,I=62)(3.7ms,g=2,I=62)(3.9ms,g=2,I=59)(2.7ms,g=2,I=59)(0.0ms,g=0)(0.0ms,g=0),NonInertEnv=?
12-08 15:40:55.550 I/Vsync   ( 3567): Vsync 2291:  2 x 13.89 ms (72.00 Hz, at 25451.874)
12-08 15:40:55.587 I/GraphicsGovernor( 3567): Dynamic Foveation Lvl 3, Min Foveation Lvl 3, DynRes Enabled 1, DynRes Scaler 1.000000
12-08 15:40:55.603 I/OpenXR_Anchor( 4168): xrQuerySpacesFB: no split anchor query enabled
12-08 15:40:55.603 I/[CT]    ( 4168): SP:AF:InsightAnchorApi: QueryAnchorSpaces loadAndQueryAvailableAnchors flow. (task start) duration: 0.000000000 [sec], flags: 44, location: StorageLocation::LOCAL(1), method: 1, request: 958, source: SourceType::LIVE_TRACKER(1)
12-08 15:40:55.603 I/[CT]    ( 4168): RuntimeIpcHelper: RuntimeIpcClient::CALL_RPC isAsync: true, func: loadAvailableAnchors
12-08 15:40:55.603 I/[CT]    ( 4801): SP:AP:AnchorPersistenceRuntimeIpcServer: checkRPC start: sessionUuid:a583813b-76fc-d6c6-c3fc-f4b54f4872ef, clientId:197008253, givenPackageName:com.oculus.vrshell
12-08 15:40:55.604 I/[CT]    ( 4801): SP:AP:AnchorPersistenceRuntimeIpcServer: checkPackageAccess - detectedPackageName:com.oculus.vrshell, detectedProcessName:com.oculus.vrshell, givenPackageName:com.oculus.vrshell
12-08 15:40:55.604 I/[CT]    ( 4801): SP:AP:AnchorPersistenceRuntimeIpcServer: checkRPC package name matches: sessionUuid:a583813b-76fc-d6c6-c3fc-f4b54f4872ef, clientId:197008253, givenPackageName:com.oculus.vrshell, detectedPackageName:com.oculus.vrshell, detectedProcessName:com.oculus.vrshell
12-08 15:40:55.604 I/[CT]    ( 4801): SP:AP:AnchorPersistenceRuntimeIpcServer: queryAvailableAnchorsSMV2: clientId: 197008253, maxAnchors: 500, filter: 0, queryMultipleRoomsEnabledByOpenXrVersion: true, source: 1, appId: com.oculus.vrshell
12-08 15:40:55.604 I/[CT]    ( 4801): SP:AP:AnchorPersistenceConfig: getSceneRuntimePermissionEnabled: USE_SCENE permission is enabled on this device
12-08 15:40:55.604 I/[CT]    ( 4801): SP:AP:AnchorPersistenceScenePermissions: hasClientGrantedScenePermission: USE_SCENE permission is enabled on this device, check client 197008253, grant is true
12-08 15:40:55.604 I/[CT]    ( 4801): SP:AP:AnchorPersistenceConfig: getSceneRuntimePermissionEnabled: USE_SCENE permission is enabled on this device
12-08 15:40:55.605 I/Vsync   ( 3567): Vsync 2295:  2 x 13.89 ms (72.00 Hz, at 25451.930)
12-08 15:40:55.606 I/[CT]    ( 4801): SP:SceneAnchorFilterUtil: filterSceneDataByPermission: com.oculus.vrshell permission check passed, keep scene data. anchors size: 0
12-08 15:40:55.607 I/[CT]    ( 4168): SP:AF:InsightAnchorApi: QueryAnchorSpaces (task finish) returnCode: AnchorResultCode::SUCCESS(0), numSpacesFound: 0, spacesFoundUuids: [], duration: 0.000000000 [sec], flags: 44, location: 1, method: 1, request: 958
12-08 15:40:55.621 I/[CT]    ( 4168): SP:TREX:SpatialPersistencePlugin: Event type: 6
12-08 15:40:55.621 I/TREX    ( 4168): Spatial Persistence event: QuerySpacesFinish
12-08 15:40:55.661 I/Vsync   ( 3567): Vsync 2299:  2 x 13.89 ms (72.00 Hz, at 25451.985)
12-08 15:40:55.664 I/MRSS    ( 1574): MIXEDREALITY: PlaneFreeSpace: PlaneFreespaceComputeCapability: [INSIGHTS] 5 input frames - 1 processed framesMax distance travelled: 0    [VOLUME]: # points integrated (avg): 282 - # points on body (avg): 68    [HEIGHTMAP]: Valid heightmap area (m^2) (avg): 0 - Invalid heightmap area (m^2) (avg): 0 - Floor area (m^2) (avg): 0 - Clutter area (m^2) (avg): 0    [SYSTEM]: Depth data processing freq: 12.639695167541504 - Pipeline processing time: 4.366250991821289 Floor update freq: 0 CPU System usage: 0,  Memory Usage: 0
12-08 15:40:55.690 I/Vsync   ( 3567): Vsync 2301:  2 x 13.89 ms (72.00 Hz, at 25452.014)
12-08 15:40:55.731 I/Vsync   ( 3567): Vsync 2304:  2 x 13.89 ms (72.00 Hz, at 25452.055)
12-08 15:40:55.786 I/Vsync   ( 3567): Vsync 2308:  2 x 13.89 ms (72.00 Hz, at 25452.110)
12-08 15:40:55.856 I/Vsync   ( 3567): Vsync 2313:  2 x 13.89 ms (72.00 Hz, at 25452.180)
12-08 15:40:55.862 I/MRSS    ( 1574): MIXEDREALITY: MrFeatureTelemetry: Processing 46 map points for slam-based metrics for timestamp 25452.129092.
12-08 15:40:55.865 I/MRSS    ( 1574): MIXEDREALITY: MrFeatureTelemetry: Passthrough Slam-based mesh metrics for telemetry completed. 25452.129092
12-08 15:40:55.893 I/MRSS    ( 1574): MIXEDREALITY: EnvironmentDepthMetacapability: processTelemetry client com.oculus.vrshell state true aggregated 0
12-08 15:40:55.897 I/Vsync   ( 3567): Vsync 2316:  2 x 13.89 ms (72.00 Hz, at 25452.221)
12-08 15:40:55.953 I/Vsync   ( 3567): Vsync 2320:  2 x 13.89 ms (72.00 Hz, at 25452.277)
12-08 15:40:56.017 W/SensorControl( 1772): No exposure settings will be updated on slot idx: 0 because exposure/gain changes are too small or identical.
12-08 15:40:56.022 I/Vsync   ( 3567): Vsync 2325:  2 x 13.89 ms (72.00 Hz, at 25452.346)
12-08 15:40:56.050 I/Vsync   ( 3567): Vsync 2327:  2 x 13.89 ms (72.00 Hz, at 25452.374)
12-08 15:40:56.051 W/SensorControl( 1772): No exposure settings will be updated on slot idx: 2 because exposure/gain changes are too small or identical.
12-08 15:40:56.083 W/SensorControl( 1772): No exposure settings will be updated on slot idx: 0 because exposure/gain changes are too small or identical.
12-08 15:40:56.092 I/Vsync   ( 3567): Vsync 2330:  2 x 13.89 ms (72.00 Hz, at 25452.416)
12-08 15:40:56.116 W/SensorControl( 1772): No exposure settings will be updated on slot idx: 2 because exposure/gain changes are too small or identical.
12-08 15:40:56.119 I/Vsync   ( 3567): Vsync 2332:  2 x 13.89 ms (72.00 Hz, at 25452.444)
12-08 15:40:56.128 I/VrApi   ( 4168): FPS=73/72,Prd=27ms,Tear=2,Early=0,Stale=0,Stale2/5/10/max=0/0/0/0,VSnc=1,Lat=-1,Fov=3,CPU4/GPU=3/2,1382/456MHz,OC=3F,TA=0/0/0,SP=N/N/N,Mem=2736MHz,Free=3603MB,PLS=0,Temp=34.0C/0.0C,TW=2.41ms,App=1.26ms,GD=0.00ms,CPU&GPU=7.08ms,LCnt=6(DR72,LM4),GPU%=0.27,CPU%=0.31(W0.33),CFL=11.80/17.37,ICFLp95=16.31,LD=0,SF=1.00,LP=1,DVFS=0,ShrpLCnt=3,ShrpR=0.500,SSLCnt=0/0
12-08 15:40:56.136 I/DynamicObjectClient( 4801): Query Dynamic Object Tracker anchors
12-08 15:40:56.136 I/DynamicObjectClient( 4801): Object in query has empty predictions or tracking flags
12-08 15:40:56.149 W/SensorControl( 1772): No exposure settings will be updated on slot idx: 0 because exposure/gain changes are too small or identical.
12-08 15:40:56.151 I/VD628x  (  871): Flicker results: freq 1538.302490, max 1440.462158, dcr 73.073647, pct 0.004026, idx 0.002661, conf 0.000332, snr -34.569481, svm 0.000000, sus 0
12-08 15:40:56.183 W/SensorControl( 1772): No exposure settings will be updated on slot idx: 2 because exposure/gain changes are too small or identical.
12-08 15:40:56.218 W/SensorControl( 1772): No exposure settings will be updated on slot idx: 0 because exposure/gain changes are too small or identical.
12-08 15:40:56.249 W/SensorControl( 1772): No exposure settings will be updated on slot idx: 2 because exposure/gain changes are too small or identical.
12-08 15:40:56.283 W/SensorControl( 1772): No exposure settings will be updated on slot idx: 0 because exposure/gain changes are too small or identical.
12-08 15:40:56.316 W/SensorControl( 1772): No exposure settings will be updated on slot idx: 2 because exposure/gain changes are too small or identical.
12-08 15:40:56.317 W/TrackingService( 1772): 19 late Color frame set were dropped: timestamp 22924.518850, current monochrome 22924.526116
12-08 15:40:56.349 W/SensorControl( 1772): No exposure settings will be updated on slot idx: 0 because exposure/gain changes are too small or identical.
12-08 15:40:56.365 I/vendor.qti.bluetooth@1.1-ibs_handler(  854): ProcessIbsCmd: Received IBS_WAKE_IND: 0xFD
12-08 15:40:56.365 D/vendor.qti.bluetooth@1.1-ibs_handler(  854): SerialClockVote: vote for UART CLK ON
12-08 15:40:56.365 D/vendor.qti.bluetooth@1.1-wake_lock(  854): Acquire wakelock is acquired 
12-08 15:40:56.365 I/vendor.qti.bluetooth@1.1-ibs_handler(  854): ProcessIbsCmd: Writing IBS_WAKE_ACK
12-08 15:40:56.385 W/SensorControl( 1772): No exposure settings will be updated on slot idx: 2 because exposure/gain changes are too small or identical.
12-08 15:40:56.405 I/vendor.qti.bluetooth@1.1-ibs_handler(  854): ProcessIbsCmd: Received IBS_SLEEP_IND: 0xFE
12-08 15:40:56.405 D/vendor.qti.bluetooth@1.1-ibs_handler(  854): SerialClockVote: vote for UART CLK OFF
12-08 15:40:56.416 W/SensorControl( 1772): No exposure settings will be updated on slot idx: 0 because exposure/gain changes are too small or identical.
12-08 15:40:56.449 W/SensorControl( 1772): No exposure settings will be updated on slot idx: 2 because exposure/gain changes are too small or identical.
12-08 15:40:56.458 I/vendor.qti.bluetooth@1.1-ibs_handler(  854): ProcessIbsCmd: Received IBS_WAKE_IND: 0xFD
12-08 15:40:56.458 D/vendor.qti.bluetooth@1.1-ibs_handler(  854): SerialClockVote: vote for UART CLK ON
12-08 15:40:56.458 I/vendor.qti.bluetooth@1.1-ibs_handler(  854): ProcessIbsCmd: Writing IBS_WAKE_ACK
12-08 15:40:56.477 I/[CT]    ( 3567): MIXEDREALITY: PassthroughApiManager: GetUpdatedLayerState: (every 2 seconds) PT is: ON numLayers: 1
12-08 15:40:56.483 W/SensorControl( 1772): No exposure settings will be updated on slot idx: 0 because exposure/gain changes are too small or identical.
12-08 15:40:56.499 I/vendor.qti.bluetooth@1.1-ibs_handler(  854): ProcessIbsCmd: Received IBS_SLEEP_IND: 0xFE
12-08 15:40:56.499 D/vendor.qti.bluetooth@1.1-ibs_handler(  854): SerialClockVote: vote for UART CLK OFF
12-08 15:40:56.516 W/SensorControl( 1772): No exposure settings will be updated on slot idx: 2 because exposure/gain changes are too small or identical.
12-08 15:40:56.551 W/SensorControl( 1772): No exposure settings will be updated on slot idx: 0 because exposure/gain changes are too small or identical.
12-08 15:40:56.578 I/Vsync   ( 3567): Vsync 2365:  2 x 13.89 ms (72.00 Hz, at 25452.902)
12-08 15:40:56.583 W/SensorControl( 1772): No exposure settings will be updated on slot idx: 2 because exposure/gain changes are too small or identical.
12-08 15:40:56.593 I/[CT]    ( 5403): SP:AF:AnchorFramework: calculateRigidScenePose: Located 9 / 9 anchors in a76ef9da-61e2-adec-fff1-f571f0d5f82f for calculating rigid scene pose for com.oculus.guardian
12-08 15:40:56.593 I/[CT]    ( 5403): SP:AF:AnchorAccuracy: New Rigid Scene calculated using 9 anchors attached to 1 IAs. 0.20168772900069598 seconds since last update
12-08 15:40:56.593 I/[CT]    ( 5403): SP:AF:AnchorAccuracy: Translation difference (mean/min/max): 0.013724686830149343 0.0002267048112116754 0.03638168424367905
12-08 15:40:56.593 I/[CT]    ( 5403): SP:AF:AnchorAccuracy: Rotation difference (mean/min/max): 0.013885191227826808 0.013619407080113888 0.013959456235170364
12-08 15:40:56.593 I/[CT]    ( 5403): SP:AF:AnchorAccuracy: New scene origin pose: -0.3271743059158325 -0.39395061135292053 0.2770422697067261 : 0.6786012649536133 -0.6786012649536133 -0.19874703884124756 -0.19874705374240875
12-08 15:40:56.593 I/[CT]    ( 5403): SP:AF:AnchorAccuracy: New scene origin pose moved: 1.158559257419256e-06 translation 4.2146844236867764e-08 rotation
12-08 15:40:56.601 I/GraphicsGovernor( 3567): Dynamic Foveation Lvl 3, Min Foveation Lvl 3, DynRes Enabled 1, DynRes Scaler 1.000000
12-08 15:40:56.603 I/OpenXR_Anchor( 4168): xrQuerySpacesFB: no split anchor query enabled
12-08 15:40:56.603 I/[CT]    ( 4168): SP:AF:InsightAnchorApi: QueryAnchorSpaces loadAndQueryAvailableAnchors flow. (task start) duration: 0.000000000 [sec], flags: 44, location: StorageLocation::LOCAL(1), method: 1, request: 959, source: SourceType::LIVE_TRACKER(1)
12-08 15:40:56.604 I/[CT]    ( 4168): RuntimeIpcHelper: RuntimeIpcClient::CALL_RPC isAsync: true, func: loadAvailableAnchors
12-08 15:40:56.604 I/[CT]    ( 4801): SP:AP:AnchorPersistenceRuntimeIpcServer: checkRPC start: sessionUuid:a583813b-76fc-d6c6-c3fc-f4b54f4872ef, clientId:197008253, givenPackageName:com.oculus.vrshell
12-08 15:40:56.604 I/[CT]    ( 4801): SP:AP:AnchorPersistenceRuntimeIpcServer: checkPackageAccess - detectedPackageName:com.oculus.vrshell, detectedProcessName:com.oculus.vrshell, givenPackageName:com.oculus.vrshell
12-08 15:40:56.604 I/[CT]    ( 4801): SP:AP:AnchorPersistenceRuntimeIpcServer: checkRPC package name matches: sessionUuid:a583813b-76fc-d6c6-c3fc-f4b54f4872ef, clientId:197008253, givenPackageName:com.oculus.vrshell, detectedPackageName:com.oculus.vrshell, detectedProcessName:com.oculus.vrshell
12-08 15:40:56.604 I/[CT]    ( 4801): SP:AP:AnchorPersistenceRuntimeIpcServer: queryAvailableAnchorsSMV2: clientId: 197008253, maxAnchors: 500, filter: 0, queryMultipleRoomsEnabledByOpenXrVersion: true, source: 1, appId: com.oculus.vrshell
12-08 15:40:56.605 I/[CT]    ( 4801): SP:AP:AnchorPersistenceConfig: getSceneRuntimePermissionEnabled: USE_SCENE permission is enabled on this device
12-08 15:40:56.605 I/[CT]    ( 4801): SP:AP:AnchorPersistenceScenePermissions: hasClientGrantedScenePermission: USE_SCENE permission is enabled on this device, check client 197008253, grant is true
12-08 15:40:56.605 I/[CT]    ( 4801): SP:AP:AnchorPersistenceConfig: getSceneRuntimePermissionEnabled: USE_SCENE permission is enabled on this device
12-08 15:40:56.607 I/[CT]    ( 4801): SP:SceneAnchorFilterUtil: filterSceneDataByPermission: com.oculus.vrshell permission check passed, keep scene data. anchors size: 0
12-08 15:40:56.608 I/[CT]    ( 4168): SP:AF:InsightAnchorApi: QueryAnchorSpaces (task finish) returnCode: AnchorResultCode::SUCCESS(0), numSpacesFound: 0, spacesFoundUuids: [], duration: 0.000000000 [sec], flags: 44, location: 1, method: 1, request: 959
12-08 15:40:56.616 W/SensorControl( 1772): No exposure settings will be updated on slot idx: 0 because exposure/gain changes are too small or identical.
12-08 15:40:56.622 I/[CT]    ( 4168): SP:TREX:SpatialPersistencePlugin: Event type: 6
12-08 15:40:56.622 I/TREX    ( 4168): Spatial Persistence event: QuerySpacesFinish
12-08 15:40:56.649 D/vendor.qti.bluetooth@1.1-wake_lock(  854): Release wakelock is released 
12-08 15:40:56.649 W/SensorControl( 1772): No exposure settings will be updated on slot idx: 2 because exposure/gain changes are too small or identical.
12-08 15:40:56.683 W/SensorControl( 1772): No exposure settings will be updated on slot idx: 0 because exposure/gain changes are too small or identical.
12-08 15:40:56.718 W/SensorControl( 1772): No exposure settings will be updated on slot idx: 2 because exposure/gain changes are too small or identical.
12-08 15:40:56.749 W/SensorControl( 1772): No exposure settings will be updated on slot idx: 0 because exposure/gain changes are too small or identical.
12-08 15:40:56.784 W/SensorControl( 1772): No exposure settings will be updated on slot idx: 2 because exposure/gain changes are too small or identical.
12-08 15:40:56.816 W/SensorControl( 1772): No exposure settings will be updated on slot idx: 0 because exposure/gain changes are too small or identical.
12-08 15:40:56.849 W/SensorControl( 1772): No exposure settings will be updated on slot idx: 2 because exposure/gain changes are too small or identical.
12-08 15:40:56.884 W/SensorControl( 1772): No exposure settings will be updated on slot idx: 0 because exposure/gain changes are too small or identical.
12-08 15:40:56.894 I/MRSS    ( 1574): MIXEDREALITY: EnvironmentDepthMetacapability: processTelemetry client com.oculus.vrshell state true aggregated 0
12-08 15:40:56.902 I/libcamerahal(  873): [INSIGHTS][2.01s] recv/ret/req heartbeat: cam4: 144/144/144, cam5: 144/144/144
12-08 15:40:56.910 I/VD628x  (  871): Flicker results: freq 1538.302490, max 780.357178, dcr 74.193527, pct 0.004520, idx 0.002977, conf 0.000251, snr -35.787018, svm 0.000000, sus 0
12-08 15:40:56.916 W/SensorControl( 1772): No exposure settings will be updated on slot idx: 2 because exposure/gain changes are too small or identical.
12-08 15:40:56.949 W/SensorControl( 1772): No exposure settings will be updated on slot idx: 0 because exposure/gain changes are too small or identical.
12-08 15:40:56.983 W/SensorControl( 1772): No exposure settings will be updated on slot idx: 2 because exposure/gain changes are too small or identical.
12-08 15:40:57.016 W/SensorControl( 1772): No exposure settings will be updated on slot idx: 0 because exposure/gain changes are too small or identical.
12-08 15:40:57.051 W/SensorControl( 1772): No exposure settings will be updated on slot idx: 2 because exposure/gain changes are too small or identical.
12-08 15:40:57.083 W/SensorControl( 1772): No exposure settings will be updated on slot idx: 0 because exposure/gain changes are too small or identical.
12-08 15:40:57.116 W/SensorControl( 1772): No exposure settings will be updated on slot idx: 2 because exposure/gain changes are too small or identical.
12-08 15:40:57.136 I/DynamicObjectClient( 4801): Query Dynamic Object Tracker anchors
12-08 15:40:57.137 I/DynamicObjectClient( 4801): Object in query has empty predictions or tracking flags
12-08 15:40:57.149 W/SensorControl( 1772): No exposure settings will be updated on slot idx: 0 because exposure/gain changes are too small or identical.
12-08 15:40:57.154 I/VrApi   ( 4168): FPS=72/72,Prd=27ms,Tear=0,Early=0,Stale=0,Stale2/5/10/max=0/0/0/0,VSnc=1,Lat=-1,Fov=3,CPU4/GPU=3/2,1382/456MHz,OC=3F,TA=0/0/0,SP=N/N/N,Mem=2736MHz,Free=3603MB,PLS=0,Temp=34.0C/0.0C,TW=2.40ms,App=1.22ms,GD=0.00ms,CPU&GPU=8.66ms,LCnt=6(DR72,LM4),GPU%=0.27,CPU%=0.34(W0.37),CFL=13.03/16.60,ICFLp95=15.75,LD=0,SF=1.00,LP=1,DVFS=0,ShrpLCnt=3,ShrpR=0.500,SSLCnt=0/0
12-08 15:40:57.171 I/Tracking( 1772): CONSTELLATION_Right: [Throttled count=90] P+C Right: Applying Consistent Zero Velocity Update during slow motion.
12-08 15:40:57.183 W/SensorControl( 1772): No exposure settings will be updated on slot idx: 2 because exposure/gain changes are too small or identical.
12-08 15:40:57.216 W/SensorControl( 1772): No exposure settings will be updated on slot idx: 0 because exposure/gain changes are too small or identical.
12-08 15:40:57.249 W/SensorControl( 1772): No exposure settings will be updated on slot idx: 2 because exposure/gain changes are too small or identical.
12-08 15:40:57.283 W/SensorControl( 1772): No exposure settings will be updated on slot idx: 0 because exposure/gain changes are too small or identical.
12-08 15:40:57.316 W/SensorControl( 1772): No exposure settings will be updated on slot idx: 2 because exposure/gain changes are too small or identical.
12-08 15:40:57.349 W/SensorControl( 1772): No exposure settings will be updated on slot idx: 0 because exposure/gain changes are too small or identical.
12-08 15:40:57.383 W/SensorControl( 1772): No exposure settings will be updated on slot idx: 2 because exposure/gain changes are too small or identical.
12-08 15:40:57.416 W/SensorControl( 1772): No exposure settings will be updated on slot idx: 0 because exposure/gain changes are too small or identical.
12-08 15:40:57.449 W/SensorControl( 1772): No exposure settings will be updated on slot idx: 2 because exposure/gain changes are too small or identical.
12-08 15:40:57.483 W/SensorControl( 1772): No exposure settings will be updated on slot idx: 0 because exposure/gain changes are too small or identical.
12-08 15:40:57.516 W/SensorControl( 1772): No exposure settings will be updated on slot idx: 2 because exposure/gain changes are too small or identical.
12-08 15:40:57.549 W/SensorControl( 1772): No exposure settings will be updated on slot idx: 0 because exposure/gain changes are too small or identical.
12-08 15:40:57.583 W/SensorControl( 1772): No exposure settings will be updated on slot idx: 2 because exposure/gain changes are too small or identical.
12-08 15:40:57.601 I/GraphicsGovernor( 3567): Dynamic Foveation Lvl 3, Min Foveation Lvl 3, DynRes Enabled 1, DynRes Scaler 1.000000
12-08 15:40:57.604 I/OpenXR_Anchor( 4168): xrQuerySpacesFB: no split anchor query enabled
12-08 15:40:57.604 I/[CT]    ( 4168): SP:AF:InsightAnchorApi: QueryAnchorSpaces loadAndQueryAvailableAnchors flow. (task start) duration: 0.000000000 [sec], flags: 44, location: StorageLocation::LOCAL(1), method: 1, request: 960, source: SourceType::LIVE_TRACKER(1)
12-08 15:40:57.604 I/[CT]    ( 4168): RuntimeIpcHelper: RuntimeIpcClient::CALL_RPC isAsync: true, func: loadAvailableAnchors
12-08 15:40:57.604 I/[CT]    ( 4801): SP:AP:AnchorPersistenceRuntimeIpcServer: checkRPC start: sessionUuid:a583813b-76fc-d6c6-c3fc-f4b54f4872ef, clientId:197008253, givenPackageName:com.oculus.vrshell
12-08 15:40:57.604 I/[CT]    ( 4801): SP:AP:AnchorPersistenceRuntimeIpcServer: checkPackageAccess - detectedPackageName:com.oculus.vrshell, detectedProcessName:com.oculus.vrshell, givenPackageName:com.oculus.vrshell
12-08 15:40:57.604 I/[CT]    ( 4801): SP:AP:AnchorPersistenceRuntimeIpcServer: checkRPC package name matches: sessionUuid:a583813b-76fc-d6c6-c3fc-f4b54f4872ef, clientId:197008253, givenPackageName:com.oculus.vrshell, detectedPackageName:com.oculus.vrshell, detectedProcessName:com.oculus.vrshell
12-08 15:40:57.604 I/[CT]    ( 4801): SP:AP:AnchorPersistenceRuntimeIpcServer: queryAvailableAnchorsSMV2: clientId: 197008253, maxAnchors: 500, filter: 0, queryMultipleRoomsEnabledByOpenXrVersion: true, source: 1, appId: com.oculus.vrshell
12-08 15:40:57.604 I/[CT]    ( 4801): SP:AP:AnchorPersistenceConfig: getSceneRuntimePermissionEnabled: USE_SCENE permission is enabled on this device
12-08 15:40:57.604 I/[CT]    ( 4801): SP:AP:AnchorPersistenceScenePermissions: hasClientGrantedScenePermission: USE_SCENE permission is enabled on this device, check client 197008253, grant is true
12-08 15:40:57.605 I/[CT]    ( 4801): SP:AP:AnchorPersistenceConfig: getSceneRuntimePermissionEnabled: USE_SCENE permission is enabled on this device
12-08 15:40:57.607 I/[CT]    ( 4801): SP:SceneAnchorFilterUtil: filterSceneDataByPermission: com.oculus.vrshell permission check passed, keep scene data. anchors size: 0
12-08 15:40:57.608 I/[CT]    ( 4168): SP:AF:InsightAnchorApi: QueryAnchorSpaces (task finish) returnCode: AnchorResultCode::SUCCESS(0), numSpacesFound: 0, spacesFoundUuids: [], duration: 0.000000000 [sec], flags: 44, location: 1, method: 1, request: 960
12-08 15:40:57.616 W/SensorControl( 1772): No exposure settings will be updated on slot idx: 0 because exposure/gain changes are too small or identical.
12-08 15:40:57.622 I/[CT]    ( 4168): SP:TREX:SpatialPersistencePlugin: Event type: 6
12-08 15:40:57.622 I/TREX    ( 4168): Spatial Persistence event: QuerySpacesFinish
12-08 15:40:57.649 W/SensorControl( 1772): No exposure settings will be updated on slot idx: 2 because exposure/gain changes are too small or identical.
12-08 15:40:57.650 I/VD628x  (  871): Flicker results: freq 1440.462158, max 780.210938, dcr 73.073647, pct 0.004520, idx 0.002977, conf 0.000332, snr -34.569481, svm 0.000000, sus 0
12-08 15:40:57.683 W/SensorControl( 1772): No exposure settings will be updated on slot idx: 0 because exposure/gain changes are too small or identical.
12-08 15:40:57.716 W/SensorControl( 1772): No exposure settings will be updated on slot idx: 2 because exposure/gain changes are too small or identical.
12-08 15:40:57.734 W/SensorControl( 1772): No exposure settings will be updated on slot idx: 3 because exposure/gain changes are too small or identical.
12-08 15:40:57.749 W/SensorControl( 1772): No exposure settings will be updated on slot idx: 0 because exposure/gain changes are too small or identical.
12-08 15:40:57.783 W/SensorControl( 1772): No exposure settings will be updated on slot idx: 2 because exposure/gain changes are too small or identical.
12-08 15:40:57.801 W/SensorControl( 1772): No exposure settings will be updated on slot idx: 3 because exposure/gain changes are too small or identical.
12-08 15:40:57.816 W/SensorControl( 1772): No exposure settings will be updated on slot idx: 0 because exposure/gain changes are too small or identical.
12-08 15:40:57.849 W/SensorControl( 1772): No exposure settings will be updated on slot idx: 2 because exposure/gain changes are too small or identical.
12-08 15:40:57.866 W/SensorControl( 1772): No exposure settings will be updated on slot idx: 3 because exposure/gain changes are too small or identical.
12-08 15:40:57.883 W/SensorControl( 1772): No exposure settings will be updated on slot idx: 0 because exposure/gain changes are too small or identical.
12-08 15:40:57.895 I/MRSS    ( 1574): MIXEDREALITY: EnvironmentDepthMetacapability: processTelemetry client com.oculus.vrshell state true aggregated 0
12-08 15:40:57.916 W/SensorControl( 1772): No exposure settings will be updated on slot idx: 2 because exposure/gain changes are too small or identical.
12-08 15:40:57.949 W/SensorControl( 1772): No exposure settings will be updated on slot idx: 0 because exposure/gain changes are too small or identical.
12-08 15:40:57.983 W/SensorControl( 1772): No exposure settings will be updated on slot idx: 2 because exposure/gain changes are too small or identical.
12-08 15:40:58.000 W/SensorControl( 1772): No exposure settings will be updated on slot idx: 3 because exposure/gain changes are too small or identical.
12-08 15:40:58.016 W/SensorControl( 1772): No exposure settings will be updated on slot idx: 0 because exposure/gain changes are too small or identical.
12-08 15:40:58.049 W/SensorControl( 1772): No exposure settings will be updated on slot idx: 2 because exposure/gain changes are too small or identical.
12-08 15:40:58.067 W/SensorControl( 1772): No exposure settings will be updated on slot idx: 3 because exposure/gain changes are too small or identical.
12-08 15:40:58.083 W/SensorControl( 1772): No exposure settings will be updated on slot idx: 0 because exposure/gain changes are too small or identical.
12-08 15:40:58.116 W/SensorControl( 1772): No exposure settings will be updated on slot idx: 2 because exposure/gain changes are too small or identical.
12-08 15:40:58.134 W/SensorControl( 1772): No exposure settings will be updated on slot idx: 3 because exposure/gain changes are too small or identical.
12-08 15:40:58.137 I/DynamicObjectClient( 4801): Query Dynamic Object Tracker anchors
12-08 15:40:58.137 I/DynamicObjectClient( 4801): Object in query has empty predictions or tracking flags
12-08 15:40:58.149 W/SensorControl( 1772): No exposure settings will be updated on slot idx: 0 because exposure/gain changes are too small or identical.
12-08 15:40:58.183 W/SensorControl( 1772): No exposure settings will be updated on slot idx: 2 because exposure/gain changes are too small or identical.
12-08 15:40:58.193 I/VrApi   ( 4168): FPS=72/72,Prd=28ms,Tear=0,Early=0,Stale=0,Stale2/5/10/max=0/0/0/0,VSnc=1,Lat=-1,Fov=3,CPU4/GPU=3/2,1382/456MHz,OC=3F,TA=0/0/0,SP=N/N/N,Mem=2736MHz,Free=3603MB,PLS=0,Temp=34.0C/0.0C,TW=2.49ms,App=1.15ms,GD=0.00ms,CPU&GPU=8.80ms,LCnt=6(DR72,LM4),GPU%=0.28,CPU%=0.33(W0.35),CFL=12.68/16.27,ICFLp95=15.61,LD=0,SF=1.00,LP=1,DVFS=0,ShrpLCnt=3,ShrpR=0.500,SSLCnt=0/0
12-08 15:40:58.200 W/SensorControl( 1772): No exposure settings will be updated on slot idx: 3 because exposure/gain changes are too small or identical.
12-08 15:40:58.205 I/MRSS    ( 1574): MIXEDREALITY: MrSystemService: FramesetTelemetry: valid: -/-, stereo/depth/color: avail:  265/   0/ 635, accepted %: 100.0/0.0/100.0, dropped %: 0.0/0.0/0.0, valid %: 100.0/0.0/100.0, textured %: 0.0/0.0/100.0.
12-08 15:40:58.205 I/MRSS    ( 1574): MIXEDREALITY: MrSystemService: FramesetTelemetry: timeouts stereo/color: compute side: 0/0, render side: 0/0, egl: 0.
12-08 15:40:58.216 W/SensorControl( 1772): No exposure settings will be updated on slot idx: 0 because exposure/gain changes are too small or identical.
12-08 15:40:58.249 W/SensorControl( 1772): No exposure settings will be updated on slot idx: 2 because exposure/gain changes are too small or identical.
12-08 15:40:58.267 W/SensorControl( 1772): No exposure settings will be updated on slot idx: 3 because exposure/gain changes are too small or identical.
12-08 15:40:58.283 W/SensorControl( 1772): No exposure settings will be updated on slot idx: 0 because exposure/gain changes are too small or identical.
12-08 15:40:58.316 W/SensorControl( 1772): No exposure settings will be updated on slot idx: 2 because exposure/gain changes are too small or identical.
12-08 15:40:58.319 I/s:QuickControls(10239): Method exceeds compiler instruction limit: 19717 in java.lang.Object X.2C7.A07(java.lang.Object)
12-08 15:40:58.333 W/SensorControl( 1772): No exposure settings will be updated on slot idx: 3 because exposure/gain changes are too small or identical.
12-08 15:40:58.343 V/telemetry-statsd( 1125): Fetched statsd reports. Config: 2 UID 1000 Initiator: periodic Report size: 24204
12-08 15:40:58.343 V/telemetry-statsd( 1125): Fetched statsd reports. Config: 12 UID 1000 Initiator: periodic Report size: 101615
12-08 15:40:58.343 V/telemetry-statsd( 1125): Fetched statsd reports. Config: 3 UID 1000 Initiator: periodic Report size: 13326
12-08 15:40:58.343 V/telemetry-statsd( 1125): Fetched statsd reports. Config: 5 UID 1000 Initiator: periodic Report size: 13386
12-08 15:40:58.343 V/telemetry-statsd( 1125): Fetched statsd reports. Config: 6 UID 1000 Initiator: periodic Report size: 12102
12-08 15:40:58.343 V/telemetry-statsd( 1125): Fetched statsd reports. Config: 7 UID 1000 Initiator: periodic Report size: 12102
12-08 15:40:58.343 V/telemetry-statsd( 1125): Fetched statsd reports. Config: 8 UID 1000 Initiator: periodic Report size: 12102
12-08 15:40:58.343 V/telemetry-statsd( 1125): Fetched statsd reports. Config: 9 UID 1000 Initiator: periodic Report size: 12102
12-08 15:40:58.349 W/SensorControl( 1772): No exposure settings will be updated on slot idx: 0 because exposure/gain changes are too small or identical.
12-08 15:40:58.383 W/SensorControl( 1772): No exposure settings will be updated on slot idx: 2 because exposure/gain changes are too small or identical.
12-08 15:40:58.398 I/VD628x  (  871): Flicker results: freq 780.357178, max 483.945526, dcr 70.862534, pct 0.004520, idx 0.002977, conf 0.000571, snr -32.300297, svm 0.000764, sus 2
12-08 15:40:58.400 W/SensorControl( 1772): No exposure settings will be updated on slot idx: 3 because exposure/gain changes are too small or identical.
12-08 15:40:58.416 W/SensorControl( 1772): No exposure settings will be updated on slot idx: 0 because exposure/gain changes are too small or identical.
12-08 15:40:58.450 W/SensorControl( 1772): No exposure settings will be updated on slot idx: 2 because exposure/gain changes are too small or identical.
12-08 15:40:58.467 W/SensorControl( 1772): No exposure settings will be updated on slot idx: 3 because exposure/gain changes are too small or identical.
12-08 15:40:58.483 W/SensorControl( 1772): No exposure settings will be updated on slot idx: 0 because exposure/gain changes are too small or identical.
12-08 15:40:58.491 I/[CT]    ( 3567): MIXEDREALITY: PassthroughApiManager: GetUpdatedLayerState: (every 2 seconds) PT is: ON numLayers: 1
12-08 15:40:58.516 W/SensorControl( 1772): No exposure settings will be updated on slot idx: 2 because exposure/gain changes are too small or identical.
12-08 15:40:58.533 W/SensorControl( 1772): No exposure settings will be updated on slot idx: 3 because exposure/gain changes are too small or identical.
12-08 15:40:58.549 W/SensorControl( 1772): No exposure settings will be updated on slot idx: 0 because exposure/gain changes are too small or identical.
12-08 15:40:58.583 W/SensorControl( 1772): No exposure settings will be updated on slot idx: 2 because exposure/gain changes are too small or identical.
12-08 15:40:58.600 W/SensorControl( 1772): No exposure settings will be updated on slot idx: 3 because exposure/gain changes are too small or identical.
12-08 15:40:58.606 I/OpenXR_Anchor( 4168): xrQuerySpacesFB: no split anchor query enabled
12-08 15:40:58.606 I/[CT]    ( 4168): SP:AF:InsightAnchorApi: QueryAnchorSpaces loadAndQueryAvailableAnchors flow. (task start) duration: 0.000000000 [sec], flags: 44, location: StorageLocation::LOCAL(1), method: 1, request: 961, source: SourceType::LIVE_TRACKER(1)
12-08 15:40:58.606 I/[CT]    ( 4168): RuntimeIpcHelper: RuntimeIpcClient::CALL_RPC isAsync: true, func: loadAvailableAnchors
12-08 15:40:58.606 I/[CT]    ( 4801): SP:AP:AnchorPersistenceRuntimeIpcServer: checkRPC start: sessionUuid:a583813b-76fc-d6c6-c3fc-f4b54f4872ef, clientId:197008253, givenPackageName:com.oculus.vrshell
12-08 15:40:58.606 I/[CT]    ( 4801): SP:AP:AnchorPersistenceRuntimeIpcServer: checkPackageAccess - detectedPackageName:com.oculus.vrshell, detectedProcessName:com.oculus.vrshell, givenPackageName:com.oculus.vrshell
12-08 15:40:58.606 I/[CT]    ( 4801): SP:AP:AnchorPersistenceRuntimeIpcServer: checkRPC package name matches: sessionUuid:a583813b-76fc-d6c6-c3fc-f4b54f4872ef, clientId:197008253, givenPackageName:com.oculus.vrshell, detectedPackageName:com.oculus.vrshell, detectedProcessName:com.oculus.vrshell
12-08 15:40:58.606 I/[CT]    ( 4801): SP:AP:AnchorPersistenceRuntimeIpcServer: queryAvailableAnchorsSMV2: clientId: 197008253, maxAnchors: 500, filter: 0, queryMultipleRoomsEnabledByOpenXrVersion: true, source: 1, appId: com.oculus.vrshell
12-08 15:40:58.606 I/[CT]    ( 4801): SP:AP:AnchorPersistenceConfig: getSceneRuntimePermissionEnabled: USE_SCENE permission is enabled on this device
12-08 15:40:58.606 I/[CT]    ( 4801): SP:AP:AnchorPersistenceScenePermissions: hasClientGrantedScenePermission: USE_SCENE permission is enabled on this device, check client 197008253, grant is true
12-08 15:40:58.606 I/[CT]    ( 4801): SP:AP:AnchorPersistenceConfig: getSceneRuntimePermissionEnabled: USE_SCENE permission is enabled on this device
12-08 15:40:58.607 I/[CT]    ( 4801): SP:SceneAnchorFilterUtil: filterSceneDataByPermission: com.oculus.vrshell permission check passed, keep scene data. anchors size: 0
12-08 15:40:58.608 I/[CT]    ( 4168): SP:AF:InsightAnchorApi: QueryAnchorSpaces (task finish) returnCode: AnchorResultCode::SUCCESS(0), numSpacesFound: 0, spacesFoundUuids: [], duration: 0.000000000 [sec], flags: 44, location: 1, method: 1, request: 961
12-08 15:40:58.608 I/[CT]    ( 4168): SP:TREX:SpatialPersistencePlugin: Event type: 6
12-08 15:40:58.608 I/TREX    ( 4168): Spatial Persistence event: QuerySpacesFinish
12-08 15:40:58.614 I/GraphicsGovernor( 3567): Dynamic Foveation Lvl 3, Min Foveation Lvl 3, DynRes Enabled 1, DynRes Scaler 1.000000
12-08 15:40:58.617 W/SensorControl( 1772): No exposure settings will be updated on slot idx: 0 because exposure/gain changes are too small or identical.
12-08 15:40:58.641 I/Tracking( 1772): Vega: [INSIGHTS] Mode=DescriptorVega,6DoF,Agg=34s,Inl=15,22,181,Mem=98.0,FrameDur=6.9,38.3,PoseLat=1.6,6.6,CamImuLat=22.5,39.8,Jit=0.0,0.1,Drops(Cam=0,IMU=0),MeanIr=10872.3,Exp(3.7ms,g=2,I=61)(3.7ms,g=2,I=61)(3.9ms,g=2,I=59)(2.7ms,g=2,I=60)(0.0ms,g=0)(0.0ms,g=0),NonInertEnv=?
12-08 15:40:58.650 W/SensorControl( 1772): No exposure settings will be updated on slot idx: 2 because exposure/gain changes are too small or identical.
12-08 15:40:58.667 W/SensorControl( 1772): No exposure settings will be updated on slot idx: 3 because exposure/gain changes are too small or identical.
12-08 15:40:58.683 W/SensorControl( 1772): No exposure settings will be updated on slot idx: 0 because exposure/gain changes are too small or identical.
12-08 15:40:58.716 W/SensorControl( 1772): No exposure settings will be updated on slot idx: 2 because exposure/gain changes are too small or identical.
12-08 15:40:58.718 I/MRSS    ( 1574): BOLT:HexagonTelemetry: Global DSP utilization: 22.69% (1135 / 5005 ms), Scalar Util: 57.64%, HVX Util: 55.42%, HMX Util: 22.51%, DMA Active: 0.00%, Freq: 1171.2 MHz
12-08 15:40:58.718 I/MRSS    ( 1574): boltlib: Logging Rpc stats (detailed=false, onAbort=false)
12-08 15:40:58.718 I/MRSS    ( 1574): boltlib: DSP Rpc stats over 5005 ms: {"HexagonCvpPreprocessorCompute":150,"unnamed_et0":151}
12-08 15:40:58.733 W/SensorControl( 1772): No exposure settings will be updated on slot idx: 3 because exposure/gain changes are too small or identical.
12-08 15:40:58.749 W/SensorControl( 1772): No exposure settings will be updated on slot idx: 0 because exposure/gain changes are too small or identical.
12-08 15:40:58.767 D/CompatibilityChangeReporter( 2051): Compat change id reported: 218533173; UID 10047; state: ENABLED
12-08 15:40:58.767 D/CompatibilityChangeReporter( 2051): Compat change id reported: 262645982; UID 10047; state: ENABLED
12-08 15:40:58.783 W/SensorControl( 1772): No exposure settings will be updated on slot idx: 2 because exposure/gain changes are too small or identical.
12-08 15:40:58.800 W/SensorControl( 1772): No exposure settings will be updated on slot idx: 3 because exposure/gain changes are too small or identical.
12-08 15:40:58.817 W/SensorControl( 1772): No exposure settings will be updated on slot idx: 0 because exposure/gain changes are too small or identical.
12-08 15:40:58.849 W/SensorControl( 1772): No exposure settings will be updated on slot idx: 2 because exposure/gain changes are too small or identical.
12-08 15:40:58.866 W/SensorControl( 1772): No exposure settings will be updated on slot idx: 3 because exposure/gain changes are too small or identical.
12-08 15:40:58.883 W/SensorControl( 1772): No exposure settings will be updated on slot idx: 0 because exposure/gain changes are too small or identical.
12-08 15:40:58.891 I/MRSS    ( 1574): MIXEDREALITY: EnvironmentDepthMetacapability: processTelemetry client com.oculus.vrshell state true aggregated 0
12-08 15:40:58.916 I/libcamerahal(  873): [INSIGHTS][2.02s] recv/ret/req heartbeat: cam4: 145/145/145, cam5: 145/145/145
12-08 15:40:58.916 W/SensorControl( 1772): No exposure settings will be updated on slot idx: 2 because exposure/gain changes are too small or identical.
12-08 15:40:58.933 W/SensorControl( 1772): No exposure settings will be updated on slot idx: 3 because exposure/gain changes are too small or identical.
12-08 15:40:58.950 W/SensorControl( 1772): No exposure settings will be updated on slot idx: 0 because exposure/gain changes are too small or identical.
12-08 15:40:58.983 W/SensorControl( 1772): No exposure settings will be updated on slot idx: 2 because exposure/gain changes are too small or identical.
12-08 15:40:59.000 W/SensorControl( 1772): No exposure settings will be updated on slot idx: 3 because exposure/gain changes are too small or identical.
12-08 15:40:59.015 I/Tracking( 1772): BOLT:HexagonTelemetry: Global DSP utilization: 22.67% (1134 / 5002 ms), Scalar Util: 57.65%, HVX Util: 55.46%, HMX Util: 22.55%, DMA Active: 0.00%, Freq: 1171.2 MHz
12-08 15:40:59.015 I/Tracking( 1772): boltlib: Logging Rpc stats (detailed=false, onAbort=false)
12-08 15:40:59.015 I/Tracking( 1772): boltlib: DSP Rpc stats over 5002 ms: {"HexagonPyramid3x3Async":55,"controller_inference":25,"ofi_detector":2,"test_boltnn_airplane_mode":2}
12-08 15:40:59.016 W/SensorControl( 1772): No exposure settings will be updated on slot idx: 0 because exposure/gain changes are too small or identical.
12-08 15:40:59.049 W/SensorControl( 1772): No exposure settings will be updated on slot idx: 2 because exposure/gain changes are too small or identical.
12-08 15:40:59.067 W/SensorControl( 1772): No exposure settings will be updated on slot idx: 3 because exposure/gain changes are too small or identical.
12-08 15:40:59.083 W/SensorControl( 1772): No exposure settings will be updated on slot idx: 0 because exposure/gain changes are too small or identical.
12-08 15:40:59.116 W/SensorControl( 1772): No exposure settings will be updated on slot idx: 2 because exposure/gain changes are too small or identical.
12-08 15:40:59.133 W/SensorControl( 1772): No exposure settings will be updated on slot idx: 3 because exposure/gain changes are too small or identical.
12-08 15:40:59.137 I/DynamicObjectClient( 4801): Query Dynamic Object Tracker anchors
12-08 15:40:59.137 I/DynamicObjectClient( 4801): Object in query has empty predictions or tracking flags
12-08 15:40:59.140 I/VD628x  (  871): Flicker results: freq 780.357178, max 1695.510986, dcr 70.862534, pct 0.002551, idx 0.001448, conf 0.000571, snr -32.300297, svm 0.000784, sus 2
12-08 15:40:59.149 W/SensorControl( 1772): No exposure settings will be updated on slot idx: 0 because exposure/gain changes are too small or identical.
12-08 15:40:59.171 I/Tracking( 1772): CONSTELLATION_Right: [Throttled count=89] P+C Right: Applying Consistent Zero Velocity Update during slow motion.
12-08 15:40:59.183 W/SensorControl( 1772): No exposure settings will be updated on slot idx: 2 because exposure/gain changes are too small or identical.
12-08 15:40:59.200 W/SensorControl( 1772): No exposure settings will be updated on slot idx: 3 because exposure/gain changes are too small or identical.
12-08 15:40:59.210 I/Tracking( 1772): CONSTELLATION:IMU_STATUS: 0x402c25cbf028a4e8 (R): [#Samples=2476] 22927.427s | [FusionTracked=1.000, OutputTracked=1.000, OutputValid=1.000] [AccelSat=0.000, GyroSat=0.000] [AccelMinMeanMax: X=5.840|6.065|6.263, Y=4.763|4.991|5.215, Z=-5.711|-5.506|-5.330] [GyroMinMeanMax: X=0.023|0.030|0.038, Y=-0.019|-0.011|-0.002, Z=-0.002|0.010|0.019] [AccelStuck: X=0|0.000, Y=0|0.000, Z=0|0.000] [GyroStuck: X=0|0.000, Y=0|0.000, Z=0|0.000]  [Current time=22927.427s, last log time=22922.426s]
12-08 15:40:59.216 W/SensorControl( 1772): No exposure settings will be updated on slot idx: 0 because exposure/gain changes are too small or identical.
12-08 15:40:59.227 I/VrApi   ( 4168): FPS=72/72,Prd=27ms,Tear=0,Early=0,Stale=0,Stale2/5/10/max=0/0/0/0,VSnc=1,Lat=-1,Fov=3,CPU4/GPU=3/2,1382/456MHz,OC=3F,TA=0/0/0,SP=N/N/N,Mem=2736MHz,Free=3603MB,PLS=0,Temp=34.0C/0.0C,TW=2.14ms,App=1.08ms,GD=0.00ms,CPU&GPU=8.91ms,LCnt=6(DR73,LM4),GPU%=0.28,CPU%=0.33(W0.38),CFL=12.64/16.60,ICFLp95=15.53,LD=0,SF=1.00,LP=1,DVFS=0,ShrpLCnt=3,ShrpR=0.500,SSLCnt=0/0
12-08 15:40:59.250 W/SensorControl( 1772): No exposure settings will be updated on slot idx: 2 because exposure/gain changes are too small or identical.
12-08 15:40:59.266 W/SensorControl( 1772): No exposure settings will be updated on slot idx: 3 because exposure/gain changes are too small or identical.
12-08 15:40:59.283 W/SensorControl( 1772): No exposure settings will be updated on slot idx: 0 because exposure/gain changes are too small or identical.
12-08 15:40:59.316 W/SensorControl( 1772): No exposure settings will be updated on slot idx: 2 because exposure/gain changes are too small or identical.
12-08 15:40:59.333 W/SensorControl( 1772): No exposure settings will be updated on slot idx: 3 because exposure/gain changes are too small or identical.
12-08 15:40:59.349 W/SensorControl( 1772): No exposure settings will be updated on slot idx: 0 because exposure/gain changes are too small or identical.
