12-08 15:41:04.903 I/OpenXR  ( 8470): xrEnumerateInstanceExtensionProperties: skipping extension=`XR_METAX1_body_tracking_calibration` due to: Tier=50 extState=APC deviceIsExpEnabled=false expManifestSet=true isFirstPartyApp=false isSystemApp=false
12-08 15:41:04.903 I/OpenXR  ( 8470): xrEnumerateInstanceExtensionProperties: skipping extension=`XR_META_body_tracking_calibration` due to: missing uses-feature string `com.oculus.software.body_tracking` from AndroidManifest
12-08 15:41:04.903 I/OpenXR  ( 8470): xrEnumerateInstanceExtensionProperties: skipping extension=`XR_METAX1_view_locate_stabilization` due to: Tier=50 extState=APC deviceIsExpEnabled=false expManifestSet=true isFirstPartyApp=false isSystemApp=false
12-08 15:41:04.903 I/OpenXR  ( 8470): xrEnumerateInstanceExtensionProperties: skipping extension=`XR_METAX1_boundary_visibility` due to: Tier=50 extState=APC deviceIsExpEnabled=false expManifestSet=true isFirstPartyApp=false isSystemApp=false
12-08 15:41:04.903 I/OpenXR  ( 8470): Checking for permission com.oculus.permission.BOUNDARY_VISIBILITY of package com.example.moonlight_spatialsdk
12-08 15:41:04.904 I/OpenXR  ( 8470): xrEnumerateInstanceExtensionProperties: skipping extension=`XR_META_boundary_visibility` due to: missing uses-permission string `com.oculus.permission.BOUNDARY_VISIBILITY` from AndroidManifest in package `com.example.moonlight_spatialsdk`
12-08 15:41:04.904 I/OpenXR  ( 8470): xrEnumerateInstanceExtensionProperties: skipping extension=`XR_METAX1_dynamic_object_tracker` due to: Tier=40 extState=APC deviceIsExpEnabled=false expManifestSet=true isFirstPartyApp=false isSystemApp=false
12-08 15:41:04.904 I/OpenXR  ( 8470): Checking for permission horizonos.permission.USE_SCENE of package com.example.moonlight_spatialsdk
12-08 15:41:04.906 I/OpenXR  ( 8470): Required permission horizonos.permission.USE_SCENE is missing, retrying check as com.oculus.permission.USE_SCENE -> 0
12-08 15:41:04.906 I/OpenXR  ( 8470): xrEnumerateInstanceExtensionProperties: skipping extension=`XR_META_dynamic_object_tracker` due to: missing uses-permission string `horizonos.permission.USE_SCENE` from AndroidManifest in package `com.example.moonlight_spatialsdk`
12-08 15:41:04.906 I/OpenXR  ( 8470): Checking for permission horizonos.permission.USE_SCENE of package com.example.moonlight_spatialsdk
12-08 15:41:04.908 I/OpenXR  ( 8470): Required permission horizonos.permission.USE_SCENE is missing, retrying check as com.oculus.permission.USE_SCENE -> 0
12-08 15:41:04.908 I/OpenXR  ( 8470): xrEnumerateInstanceExtensionProperties: skipping extension=`XR_META_dynamic_object_keyboard` due to: missing uses-permission string `horizonos.permission.USE_SCENE` from AndroidManifest in package `com.example.moonlight_spatialsdk`
12-08 15:41:04.908 I/OpenXR  ( 8470): xrEnumerateInstanceExtensionProperties: skipping extension=`XR_METAX2_temporal_antialiasing` due to: Tier=50 extState=APC deviceIsExpEnabled=false expManifestSet=true isFirstPartyApp=false isSystemApp=false
12-08 15:41:04.908 I/OpenXR  ( 8470): xrEnumerateInstanceExtensionProperties: skipping extension=`XR_METAX3_temporal_antialiasing` due to: Tier=50 extState=APC deviceIsExpEnabled=false expManifestSet=true isFirstPartyApp=false isSystemApp=false
12-08 15:41:04.908 I/OpenXR  ( 8470): xrEnumerateInstanceExtensionProperties: skipping extension=`XR_LOGITECHX1_kadavu_interaction` due to: Tier=50 extState=APC deviceIsExpEnabled=false expManifestSet=true isFirstPartyApp=false isSystemApp=false
12-08 15:41:04.908 I/OpenXR  ( 8470): xrEnumerateInstanceExtensionProperties: skipping extension=`XR_METAX1_performance_modes` due to: Tier=50 extState=APC deviceIsExpEnabled=false expManifestSet=true isFirstPartyApp=false isSystemApp=false
12-08 15:41:04.908 I/OpenXR  ( 8470): xrEnumerateInstanceExtensionProperties: skipping extension=`XR_METAX2_colocation` due to: Tier=50 extState=APC deviceIsExpEnabled=false expManifestSet=true isFirstPartyApp=false isSystemApp=false
12-08 15:41:04.908 I/OpenXR  ( 8470): xrEnumerateInstanceExtensionProperties: skipping extension=`XR_METAX2_debug_utils_region_profiling` due to: Tier=50 extState=APC deviceIsExpEnabled=false expManifestSet=true isFirstPartyApp=false isSystemApp=false
12-08 15:41:04.908 I/OpenXR  ( 8470): xrEnumerateInstanceExtensionProperties: skipping extension=`XR_METAX1_swapchain_memory_aliased` due to: Tier=50 extState=APC deviceIsExpEnabled=false expManifestSet=true isFirstPartyApp=false isSystemApp=false
12-08 15:41:04.908 I/OpenXR  ( 8470): xrEnumerateInstanceExtensionProperties: skipping extension=`XR_EXTX2_stationary_reference_space` due to: Tier=40 extState=APC deviceIsExpEnabled=false expManifestSet=true isFirstPartyApp=false isSystemApp=false
12-08 15:41:04.908 I/OpenXR  ( 8470): Checking for permission horizonos.permission.USE_ANCHOR_API of package com.example.moonlight_spatialsdk
12-08 15:41:04.910 I/OpenXR  ( 8470): Required permission horizonos.permission.USE_ANCHOR_API is missing, retrying check as com.oculus.permission.USE_ANCHOR_API -> 0
12-08 15:41:04.910 I/OpenXR  ( 8470): xrEnumerateInstanceExtensionProperties: skipping extension=`XR_EXT_spatial_entity` due to: missing uses-permission string `horizonos.permission.USE_ANCHOR_API` from AndroidManifest in package `com.example.moonlight_spatialsdk`
12-08 15:41:04.910 I/OpenXR  ( 8470): Checking for permission horizonos.permission.USE_ANCHOR_API of package com.example.moonlight_spatialsdk
12-08 15:41:04.911 I/OpenXR  ( 8470): Required permission horizonos.permission.USE_ANCHOR_API is missing, retrying check as com.oculus.permission.USE_ANCHOR_API -> 0
12-08 15:41:04.912 I/OpenXR  ( 8470): xrEnumerateInstanceExtensionProperties: skipping extension=`XR_EXT_spatial_anchor` due to: missing uses-permission string `horizonos.permission.USE_ANCHOR_API` from AndroidManifest in package `com.example.moonlight_spatialsdk`
12-08 15:41:04.912 I/OpenXR  ( 8470): Checking for permission horizonos.permission.USE_SCENE of package com.example.moonlight_spatialsdk
12-08 15:41:04.913 I/OpenXR  ( 8470): Required permission horizonos.permission.USE_SCENE is missing, retrying check as com.oculus.permission.USE_SCENE -> 0
12-08 15:41:04.913 I/OpenXR  ( 8470): xrEnumerateInstanceExtensionProperties: skipping extension=`XR_EXT_spatial_plane_tracking` due to: missing uses-permission string `horizonos.permission.USE_SCENE` from AndroidManifest in package `com.example.moonlight_spatialsdk`
12-08 15:41:04.913 I/OpenXR  ( 8470): Checking for permission horizonos.permission.USE_ANCHOR_API of package com.example.moonlight_spatialsdk
12-08 15:41:04.914 I/OpenXR  ( 8470): Required permission horizonos.permission.USE_ANCHOR_API is missing, retrying check as com.oculus.permission.USE_ANCHOR_API -> 0
12-08 15:41:04.914 I/OpenXR  ( 8470): xrEnumerateInstanceExtensionProperties: skipping extension=`XR_EXT_spatial_persistence` due to: missing uses-permission string `horizonos.permission.USE_ANCHOR_API` from AndroidManifest in package `com.example.moonlight_spatialsdk`
12-08 15:41:04.914 I/OpenXR  ( 8470): Checking for permission horizonos.permission.USE_ANCHOR_API of package com.example.moonlight_spatialsdk
12-08 15:41:04.916 I/OpenXR  ( 8470): Required permission horizonos.permission.USE_ANCHOR_API is missing, retrying check as com.oculus.permission.USE_ANCHOR_API -> 0
12-08 15:41:04.916 I/OpenXR  ( 8470): xrEnumerateInstanceExtensionProperties: skipping extension=`XR_EXT_spatial_persistence_operations` due to: missing uses-permission string `horizonos.permission.USE_ANCHOR_API` from AndroidManifest in package `com.example.moonlight_spatialsdk`
12-08 15:41:04.916 I/OpenXR  ( 8470): Checking for permission horizonos.permission.USE_SCENE of package com.example.moonlight_spatialsdk
12-08 15:41:04.917 I/OpenXR  ( 8470): Required permission horizonos.permission.USE_SCENE is missing, retrying check as com.oculus.permission.USE_SCENE -> 0
12-08 15:41:04.917 I/OpenXR  ( 8470): xrEnumerateInstanceExtensionProperties: skipping extension=`XR_EXT_spatial_marker_tracking` due to: missing uses-permission string `horizonos.permission.USE_SCENE` from AndroidManifest in package `com.example.moonlight_spatialsdk`
12-08 15:41:04.917 I/OpenXR  ( 8470): xrEnumerateInstanceExtensionProperties: skipping extension=`XR_METAX1_graphics_budget` due to: Tier=50 extState=APC deviceIsExpEnabled=false expManifestSet=true isFirstPartyApp=false isSystemApp=false
12-08 15:41:04.917 I/OpenXR  ( 8470): xrEnumerateInstanceExtensionProperties: skipping extension=`XR_METAX1_dynamic_performance_scaling` due to: Tier=50 extState=APC deviceIsExpEnabled=false expManifestSet=true isFirstPartyApp=false isSystemApp=false
12-08 15:41:04.917 I/OpenXR  ( 8470): xrEnumerateInstanceExtensionProperties: skipping extension=`XR_EXTX1_haptic_parametric` due to: Tier=40 extState=APC deviceIsExpEnabled=false expManifestSet=true isFirstPartyApp=false isSystemApp=false
12-08 15:41:04.918 V/OpenXR-Loader( 8470): Verbose [GENERAL | xrEnumerateInstanceExtensionProperties | OpenXR-Loader] : Completed loader trampoline
12-08 15:41:04.918 V/OpenXR-Loader( 8470): Verbose [GENERAL | xrEnumerateInstanceExtensionProperties | OpenXR-Loader] : Entering loader trampoline
12-08 15:41:04.918 V/OpenXR-Loader( 8470): Verbose [GENERAL | xrEnumerateInstanceExtensionProperties | OpenXR-Loader] : Completed loader trampoline
12-08 15:41:04.918 I/HorizonStandalone( 8470): Hmi: OpenXR extension available: XR_KHR_android_create_instance
12-08 15:41:04.918 I/HorizonStandalone( 8470): Hmi: OpenXR extension available: XR_KHR_android_surface_swapchain
12-08 15:41:04.918 I/HorizonStandalone( 8470): Hmi: OpenXR extension available: XR_KHR_android_thread_settings
12-08 15:41:04.918 I/HorizonStandalone( 8470): Hmi: OpenXR extension available: XR_FB_android_surface_swapchain_create
12-08 15:41:04.918 I/HorizonStandalone( 8470): Hmi: OpenXR extension available: XR_KHR_opengl_es_enable
12-08 15:41:04.918 I/HorizonStandalone( 8470): Hmi: OpenXR extension available: XR_KHR_vulkan_enable
12-08 15:41:04.918 I/HorizonStandalone( 8470): Hmi: OpenXR extension available: XR_KHR_vulkan_enable2
12-08 15:41:04.918 I/HorizonStandalone( 8470): Hmi: OpenXR extension available: XR_KHR_composition_layer_cube
12-08 15:41:04.918 I/HorizonStandalone( 8470): Hmi: OpenXR extension available: XR_KHR_composition_layer_cylinder
12-08 15:41:04.918 I/HorizonStandalone( 8470): Hmi: OpenXR extension available: XR_KHR_composition_layer_equirect2
12-08 15:41:04.918 I/HorizonStandalone( 8470): Hmi: OpenXR extension available: XR_KHR_composition_layer_color_scale_bias
12-08 15:41:04.918 I/HorizonStandalone( 8470): Hmi: OpenXR extension available: XR_KHR_composition_layer_depth
12-08 15:41:04.918 I/HorizonStandalone( 8470): Hmi: OpenXR extension available: XR_FB_color_space
12-08 15:41:04.918 I/HorizonStandalone( 8470): Hmi: OpenXR extension available: XR_EXT_performance_settings
12-08 15:41:04.918 I/HorizonStandalone( 8470): Hmi: OpenXR extension available: XR_EXT_hand_tracking
12-08 15:41:04.918 I/HorizonStandalone( 8470): Hmi: OpenXR extension available: XR_EXT_debug_utils
12-08 15:41:04.918 I/HorizonStandalone( 8470): Hmi: OpenXR extension available: XR_FB_display_refresh_rate
12-08 15:41:04.918 I/HorizonStandalone( 8470): Hmi: OpenXR extension available: XR_FB_swapchain_update_state
12-08 15:41:04.918 I/HorizonStandalone( 8470): Hmi: OpenXR extension available: XR_FB_swapchain_update_state_opengl_es
12-08 15:41:04.918 I/HorizonStandalone( 8470): Hmi: OpenXR extension available: XR_FB_swapchain_update_state_vulkan
12-08 15:41:04.918 I/HorizonStandalone( 8470): Hmi: OpenXR extension available: XR_FB_swapchain_update_state_android_surface
12-08 15:41:04.918 I/HorizonStandalone( 8470): Hmi: OpenXR extension available: XR_OCULUS_common_reference_spaces
12-08 15:41:04.918 I/HorizonStandalone( 8470): Hmi: OpenXR extension available: XR_FB_composition_layer_image_layout
12-08 15:41:04.918 I/HorizonStandalone( 8470): Hmi: OpenXR extension available: XR_FB_composition_layer_alpha_blend
12-08 15:41:04.918 I/HorizonStandalone( 8470): Hmi: OpenXR extension available: XR_EXT_composition_layer_inverted_alpha
12-08 15:41:04.918 I/HorizonStandalone( 8470): Hmi: OpenXR extension available: XR_FB_common_events
12-08 15:41:04.918 I/HorizonStandalone( 8470): Hmi: OpenXR extension available: XR_FB_hand_tracking_mesh
12-08 15:41:04.918 I/HorizonStandalone( 8470): Hmi: OpenXR extension available: XR_FB_hand_tracking_aim
12-08 15:41:04.918 I/HorizonStandalone( 8470): Hmi: OpenXR extension available: XR_FB_hand_tracking_capsules
12-08 15:41:04.918 I/HorizonStandalone( 8470): Hmi: OpenXR extension available: XR_META_hand_tracking_microgestures
12-08 15:41:04.918 I/HorizonStandalone( 8470): Hmi: OpenXR extension available: XR_FB_foveation
12-08 15:41:04.918 I/HorizonStandalone( 8470): Hmi: OpenXR extension available: XR_FB_foveation_configuration
12-08 15:41:04.918 I/HorizonStandalone( 8470): Hmi: OpenXR extension available: XR_FB_foveation_vulkan
12-08 15:41:04.918 I/HorizonStandalone( 8470): Hmi: OpenXR extension available: XR_FB_composition_layer_secure_content
12-08 15:41:04.918 I/HorizonStandalone( 8470): Hmi: OpenXR extension available: XR_KHR_convert_timespec_time
12-08 15:41:04.918 I/HorizonStandalone( 8470): Hmi: OpenXR extension available: XR_FB_triangle_mesh
12-08 15:41:04.918 I/HorizonStandalone( 8470): Hmi: OpenXR extension available: XR_FB_passthrough
12-08 15:41:04.918 I/HorizonStandalone( 8470): Hmi: OpenXR extension available: XR_META_passthrough_color_lut
12-08 15:41:04.918 I/HorizonStandalone( 8470): Hmi: OpenXR extension available: XR_META_passthrough_layer_resumed_event
12-08 15:41:04.918 I/HorizonStandalone( 8470): Hmi: OpenXR extension available: XR_META_passthrough_preferences
12-08 15:41:04.918 I/HorizonStandalone( 8470): Hmi: OpenXR extension available: XR_FB_render_model
12-08 15:41:04.918 I/HorizonStandalone( 8470): Hmi: OpenXR extension available: XR_FB_touch_controller_proximity
12-08 15:41:04.918 I/HorizonStandalone( 8470): Hmi: OpenXR extension available: XR_FB_touch_controller_pro
12-08 15:41:04.918 I/HorizonStandalone( 8470): Hmi: OpenXR extension available: XR_META_touch_controller_plus
12-08 15:41:04.918 I/HorizonStandalone( 8470): Hmi: OpenXR extension available: XR_FB_haptic_amplitude_envelope
12-08 15:41:04.918 I/HorizonStandalone( 8470): Hmi: OpenXR extension available: XR_FB_haptic_pcm
12-08 15:41:04.918 I/HorizonStandalone( 8470): Hmi: OpenXR extension available: XR_FB_spatial_entity_user
12-08 15:41:04.918 I/HorizonStandalone( 8470): Hmi: OpenXR extension available: XR_FB_space_warp
12-08 15:41:04.918 I/HorizonStandalone( 8470): Hmi: OpenXR extension available: XR_META_vulkan_swapchain_create_info
12-08 15:41:04.918 I/HorizonStandalone( 8470): Hmi: OpenXR extension available: XR_FB_composition_layer_settings
12-08 15:41:04.919 I/HorizonStandalone( 8470): Hmi: OpenXR extension available: XR_META_feature_fidelity
12-08 15:41:04.919 I/HorizonStandalone( 8470): Hmi: OpenXR extension available: XR_FB_composition_layer_depth_test
12-08 15:41:04.919 I/HorizonStandalone( 8470): Hmi: OpenXR extension available: XR_EXT_hand_joints_motion_range
12-08 15:41:04.919 I/HorizonStandalone( 8470): Hmi: OpenXR extension available: XR_EXT_hand_tracking_data_source
12-08 15:41:04.919 I/HorizonStandalone( 8470): Hmi: OpenXR extension available: XR_META_performance_metrics
12-08 15:41:04.919 I/HorizonStandalone( 8470): Hmi: OpenXR extension available: XR_META_virtual_keyboard
12-08 15:41:04.919 I/HorizonStandalone( 8470): Hmi: OpenXR extension available: XR_META_detached_controllers
12-08 15:41:04.919 I/HorizonStandalone( 8470): Hmi: OpenXR extension available: XR_MSFT_hand_interaction
12-08 15:41:04.919 I/HorizonStandalone( 8470): Hmi: OpenXR extension available: XR_META_headset_id
12-08 15:41:04.919 I/HorizonStandalone( 8470): Hmi: OpenXR extension available: XR_META_recommended_layer_resolution
12-08 15:41:04.919 I/HorizonStandalone( 8470): Hmi: OpenXR extension available: XR_EXT_active_action_set_priority
12-08 15:41:04.919 I/HorizonStandalone( 8470): Hmi: OpenXR extension available: XR_META_automatic_layer_filter
12-08 15:41:04.919 I/HorizonStandalone( 8470): Hmi: OpenXR extension available: XR_EXT_palm_pose
12-08 15:41:04.919 I/HorizonStandalone( 8470): Hmi: OpenXR extension available: XR_META_simultaneous_hands_and_controllers
12-08 15:41:04.919 I/HorizonStandalone( 8470): Hmi: OpenXR extension available: XR_EXT_local_floor
12-08 15:41:04.919 I/HorizonStandalone( 8470): Hmi: OpenXR extension available: XR_EXT_hand_interaction
12-08 15:41:04.919 I/HorizonStandalone( 8470): Hmi: OpenXR extension available: XR_EXT_user_presence
12-08 15:41:04.919 I/HorizonStandalone( 8470): Hmi: OpenXR extension available: XR_KHR_visibility_mask
12-08 15:41:04.919 I/HorizonStandalone( 8470): Hmi: OpenXR extension available: XR_LOGITECH_mx_ink_stylus_interaction
12-08 15:41:04.919 I/HorizonStandalone( 8470): Hmi: OpenXR extension available: XR_EXT_future
12-08 15:41:04.919 I/HorizonStandalone( 8470): Hmi: OpenXR extension available: XR_EXT_frame_synthesis
12-08 15:41:04.919 I/HorizonStandalone( 8470): Hmi: OpenXR extension available: XR_META_tile_properties_hint
12-08 15:41:04.919 I/HorizonStandalone( 8470): Hmi: OpenXR extension available: XR_KHR_maintenance1
12-08 15:41:04.919 I/HorizonStandalone( 8470): Hmi: Desired extension not found: XR_FB_body_tracking
12-08 15:41:04.919 I/HorizonStandalone( 8470): Hmi: Desired extension not found: XR_EXT_eye_gaze_interaction
12-08 15:41:04.919 I/HorizonStandalone( 8470): Hmi: Desired extension not found: XR_FB_eye_tracking_social
12-08 15:41:04.919 I/HorizonStandalone( 8470): Hmi: Desired extension not found: XR_FB_scene_capture
12-08 15:41:04.919 I/HorizonStandalone( 8470): Hmi: Desired extension not found: XR_FB_spatial_entity
12-08 15:41:04.919 I/HorizonStandalone( 8470): Hmi: Desired extension not found: XR_FB_spatial_entity_query
12-08 15:41:04.919 I/HorizonStandalone( 8470): Hmi: Desired extension not found: XR_FBX1_plane
12-08 15:41:04.919 I/HorizonStandalone( 8470): Hmi: Desired extension not found: XR_METAX1_environment_depth
12-08 15:41:04.919 I/HorizonStandalone( 8470): Hmi: Desired extension not found: XR_METAX2_environment_depth
12-08 15:41:04.919 I/HorizonStandalone( 8470): Hmi: Desired extension not found: XR_METAX1_virtual_reference_space
12-08 15:41:04.919 I/HorizonStandalone( 8470): Hmi: Desired extension not found: XR_EXTX1_event_channel
12-08 15:41:04.919 I/HorizonStandalone( 8470): Hmi: Desired extension not found: XR_FB_spatial_entity_storage
12-08 15:41:04.919 I/HorizonStandalone( 8470): Hmi: Desired extension not found: XR_FB_spatial_entity_container
12-08 15:41:04.919 I/HorizonStandalone( 8470): Hmi: Desired extension not found: XR_META_spatial_entity_discovery
12-08 15:41:04.919 I/HorizonStandalone( 8470): Hmi: Desired extension not found: XR_META_environment_depth
12-08 15:41:04.919 I/HorizonStandalone( 8470): Hmi: Desired extension not found: XR_META_spatial_entity_mesh
12-08 15:41:04.919 I/HorizonStandalone( 8470): Hmi: Desired extension not found: XR_FB_scene
12-08 15:41:04.919 I/HorizonStandalone( 8470): Hmi: enabled OpenXR extension: 'XR_FB_android_surface_swapchain_create'
12-08 15:41:04.919 I/HorizonStandalone( 8470): Hmi: enabled OpenXR extension: 'XR_KHR_android_surface_swapchain'
12-08 15:41:04.919 I/HorizonStandalone( 8470): Hmi: enabled OpenXR extension: 'XR_KHR_vulkan_enable'
12-08 15:41:04.919 I/HorizonStandalone( 8470): Hmi: enabled OpenXR extension: 'XR_FB_swapchain_update_state'
12-08 15:41:04.919 I/HorizonStandalone( 8470): Hmi: enabled OpenXR extension: 'XR_FB_touch_controller_proximity'
12-08 15:41:04.919 I/HorizonStandalone( 8470): Hmi: enabled OpenXR extension: 'XR_FB_foveation'
12-08 15:41:04.919 I/HorizonStandalone( 8470): Hmi: enabled OpenXR extension: 'XR_KHR_visibility_mask'
12-08 15:41:04.919 I/HorizonStandalone( 8470): Hmi: enabled OpenXR extension: 'XR_FB_hand_tracking_mesh'
12-08 15:41:04.919 I/HorizonStandalone( 8470): Hmi: enabled OpenXR extension: 'XR_FB_foveation_configuration'
12-08 15:41:04.919 I/HorizonStandalone( 8470): Hmi: enabled OpenXR extension: 'XR_EXT_user_presence'
12-08 15:41:04.919 I/HorizonStandalone( 8470): Hmi: enabled OpenXR extension: 'XR_FB_foveation_vulkan'
12-08 15:41:04.919 I/HorizonStandalone( 8470): Hmi: enabled OpenXR extension: 'XR_FB_common_events'
12-08 15:41:04.919 I/HorizonStandalone( 8470): Hmi: enabled OpenXR extension: 'XR_EXT_hand_joints_motion_range'
12-08 15:41:04.919 I/HorizonStandalone( 8470): Hmi: enabled OpenXR extension: 'XR_KHR_composition_layer_color_scale_bias'
12-08 15:41:04.919 I/HorizonStandalone( 8470): Hmi: enabled OpenXR extension: 'XR_EXT_local_floor'
12-08 15:41:04.919 I/HorizonStandalone( 8470): Hmi: enabled OpenXR extension: 'XR_EXT_performance_settings'
12-08 15:41:04.919 I/HorizonStandalone( 8470): Hmi: enabled OpenXR extension: 'XR_FB_composition_layer_secure_content'
12-08 15:41:04.919 I/HorizonStandalone( 8470): Hmi: enabled OpenXR extension: 'XR_KHR_composition_layer_cylinder'
12-08 15:41:04.919 I/HorizonStandalone( 8470): Hmi: enabled OpenXR extension: 'XR_FB_display_refresh_rate'
12-08 15:41:04.919 I/HorizonStandalone( 8470): Hmi: enabled OpenXR extension: 'XR_KHR_vulkan_enable2'
12-08 15:41:04.919 I/HorizonStandalone( 8470): Hmi: enabled OpenXR extension: 'XR_FB_composition_layer_alpha_blend'
12-08 15:41:04.919 I/HorizonStandalone( 8470): Hmi: enabled OpenXR extension: 'XR_EXT_hand_tracking'
12-08 15:41:04.919 I/HorizonStandalone( 8470): Hmi: enabled OpenXR extension: 'XR_FB_touch_controller_pro'
12-08 15:41:04.919 I/HorizonStandalone( 8470): Hmi: enabled OpenXR extension: 'XR_META_hand_tracking_microgestures'
12-08 15:41:04.919 I/HorizonStandalone( 8470): Hmi: enabled OpenXR extension: 'XR_KHR_composition_layer_cube'
12-08 15:41:04.919 I/HorizonStandalone( 8470): Hmi: enabled OpenXR extension: 'XR_FB_passthrough'
12-08 15:41:04.919 I/HorizonStandalone( 8470): Hmi: enabled OpenXR extension: 'XR_META_passthrough_color_lut'
12-08 15:41:04.919 I/HorizonStandalone( 8470): Hmi: enabled OpenXR extension: 'XR_EXT_hand_interaction'
12-08 15:41:04.919 I/HorizonStandalone( 8470): Hmi: enabled OpenXR extension: 'XR_FB_hand_tracking_aim'
12-08 15:41:04.919 I/HorizonStandalone( 8470): Hmi: enabled OpenXR extension: 'XR_EXT_hand_tracking_data_source'
12-08 15:41:04.919 I/HorizonStandalone( 8470): Hmi: enabled OpenXR extension: 'XR_META_headset_id'
12-08 15:41:04.919 I/HorizonStandalone( 8470): Hmi: enabled OpenXR extension: 'XR_META_passthrough_preferences'
12-08 15:41:04.919 I/HorizonStandalone( 8470): Hmi: enabled OpenXR extension: 'XR_META_touch_controller_plus'
12-08 15:41:04.919 I/HorizonStandalone( 8470): Hmi: enabled OpenXR extension: 'XR_FB_render_model'
12-08 15:41:04.919 I/HorizonStandalone( 8470): Hmi: enabled OpenXR extension: 'XR_FB_color_space'
12-08 15:41:04.919 I/HorizonStandalone( 8470): Hmi: enabled OpenXR extension: 'XR_KHR_composition_layer_equirect2'
12-08 15:41:04.919 V/OpenXR-Loader( 8470): Verbose [GENERAL | xrCreateInstance | OpenXR-Loader] : Entering loader trampoline
12-08 15:41:04.920 V/OpenXR-Loader( 8470): Verbose [GENERAL | xrCreateInstance | OpenXR-Loader] : Entering LoaderInstance::CreateInstance
12-08 15:41:04.920 V/OpenXR-Loader( 8470): Verbose [GENERAL | xrCreateInstance | OpenXR-Loader] : Entering loader terminator
12-08 15:41:04.920 I/OpenXR  ( 8470): ----------- xrCreateInstance [start] ----------
12-08 15:41:04.920 I/OpenXR_ClientState( 8470): OpenXRClientState::create - from xrCreateInstance
12-08 15:41:04.920 I/VersionGater( 8470): App OpenXR version is 1.1.48
12-08 15:41:04.920 I/VersionGater( 8470): Version gate state: 1111 1111 1111 1111 0000 0000 000
12-08 15:41:04.921 I/PassthroughInCompositorRenderer( 3567): PTINC: p2pLat: [39.57/0.68/40.69] ms, p2brLat: [25.77/0.90/27.26] ms [mean / stdev / p95]
12-08 15:41:04.924 I/TREX    ( 8470): Initializing TREX for client 442b3e812d050761...
12-08 15:41:04.924 I/TREX    ( 8470): Initializing system...
12-08 15:41:04.924 I/XrRuntimeSystem_Client( 8470): BodyPoweredHands checkSysPropForBodyAPIOverride 0
12-08 15:41:04.924 I/XrRuntimeSystem_Client( 8470): SP plugin: permissionMatch 0, skipSysProp 0. shouldLoad 0
12-08 15:41:04.924 I/TREXLoadPolicy( 8470): RenderModelPlugin: all features matched!
12-08 15:41:04.924 I/TREXLoadPolicy( 8470): RenderModelPlugin: all permissions matched!
12-08 15:41:04.925 I/TREX    ( 8470): Created plugin package context for com.oculus.systemdriver
12-08 15:41:04.926 I/RuntimeIPCSystem [RUNTIMEIPC]( 8470): RuntimeIPCSystem: Init called: Version: 81, Platform: Android, Build Date: Dec  7 2025, Build Time: 14:26:30, BuildMode: shared
12-08 15:41:04.927 I/RuntimeIpcHelperService( 2051): Going to start ComponentInfo{com.oculus.systemdriver/com.oculus.vrruntimeservice.VrRuntimeService} as foreground, Calling uid: 10177 pid: 8470
12-08 15:41:04.929 I/RipcServerClientHandler [RUNTIMEIPC]( 3567): Event buffer size (server): 8192
12-08 15:41:04.930 I/RipcServerMgr [RUNTIMEIPC]( 3567): HandleClientConnect SUCCESS: Client: com.example.moonlight_spatialsdk:com.example.moonlight_spatialsdk:8470:, Server: com.oculus.systemdriver:com.oculus.vrruntimeservice (RenderModelServer)
12-08 15:41:04.930 I/RipcClient [RUNTIMEIPC]( 8470): Event buffer size (client): 8192
12-08 15:41:04.930 I/RipcClient [RUNTIMEIPC]( 8470): TryToGetIPCResourcesFromServer: RPC_CONNECTOR_CONNECT_TO_SERVER SUCCESS: Client: com.example.moonlight_spatialsdk:com.example.moonlight_spatialsdk:8470, Server: com.oculus.systemdriver:com.oculus.vrruntimeservice:0 (RenderModelServer), Version: 81, Platform: Android, Build Date: Dec  7 2025, Build Time: 14:26:30, BuildMode: shared
12-08 15:41:04.930 I/RipcClient [RUNTIMEIPC]( 8470): EnsureServerConnection: SUCCESS. Client: com.example.moonlight_spatialsdk:com.example.moonlight_spatialsdk:8470, Server: com.oculus.systemdriver:com.oculus.vrruntimeservice:0 (RenderModelServer)
12-08 15:41:04.930 I/RipcClient [RUNTIMEIPC]( 8470): [RIPC_CONNECT_LOG] ConnectToServer: SUCCESS: Client: com.example.moonlight_spatialsdk:com.example.moonlight_spatialsdk:8470, Server: com.oculus.systemdriver:com.oculus.vrruntimeservice:0 (RenderModelServer)
12-08 15:41:04.930 D/MemoryBrokerClient( 8470): memorybroker::ClientConnection ctor
12-08 15:41:04.932 I/TREXLoadPolicy( 8470): VirtualKeyboardPlugin: all features matched!
12-08 15:41:04.932 D/TelemetryService( 1125): PathwayGuard: from OSSDK/NDK is not allowed to send oculus_trex_plugin_load_succeeded; dropping; Please use the Statsd approach https://www.internalfb.com/intern/wiki/HzOS_Systems/HzOS_Systems_Performance_and_Reliability/VROS_System_Insights/VROS_Telemetry/XFN/Statsd/
12-08 15:41:04.932 D/TelemetryService( 1125): Reported oculus_telemetry_blocked_ossdk_events breach event
12-08 15:41:04.933 I/TREX    ( 8470): Created plugin package context for com.oculus.systemdriver
12-08 15:41:04.933 I/RuntimeIPCSystem [RUNTIMEIPC]( 8470): RuntimeIPCSystem: Init called: Version: 81, Platform: Android, Build Date: Dec  7 2025, Build Time: 14:26:30, BuildMode: shared
12-08 15:41:04.933 I/RuntimeIpcHelperService( 2051): Going to start ComponentInfo{com.oculus.systemdriver/com.oculus.vrruntimeservice.VrRuntimeService} as foreground, Calling uid: 10177 pid: 8470
12-08 15:41:04.935 I/RipcServerClientHandler [RUNTIMEIPC]( 3567): Event buffer size (server): 8192
12-08 15:41:04.935 I/RipcServerMgr [RUNTIMEIPC]( 3567): HandleClientConnect SUCCESS: Client: com.example.moonlight_spatialsdk:com.example.moonlight_spatialsdk:8470:, Server: com.oculus.systemdriver:com.oculus.vrruntimeservice (VirtualKeyboardServer)
12-08 15:41:04.936 I/RipcClient [RUNTIMEIPC]( 8470): Event buffer size (client): 8192
12-08 15:41:04.936 I/RipcClient [RUNTIMEIPC]( 8470): TryToGetIPCResourcesFromServer: RPC_CONNECTOR_CONNECT_TO_SERVER SUCCESS: Client: com.example.moonlight_spatialsdk:com.example.moonlight_spatialsdk:8470, Server: com.oculus.systemdriver:com.oculus.vrruntimeservice:0 (VirtualKeyboardServer), Version: 81, Platform: Android, Build Date: Dec  7 2025, Build Time: 14:26:30, BuildMode: shared
12-08 15:41:04.936 I/RipcClient [RUNTIMEIPC]( 8470): EnsureServerConnection: SUCCESS. Client: com.example.moonlight_spatialsdk:com.example.moonlight_spatialsdk:8470, Server: com.oculus.systemdriver:com.oculus.vrruntimeservice:0 (VirtualKeyboardServer)
12-08 15:41:04.936 I/RipcClient [RUNTIMEIPC]( 8470): [RIPC_CONNECT_LOG] ConnectToServer: SUCCESS: Client: com.example.moonlight_spatialsdk:com.example.moonlight_spatialsdk:8470, Server: com.oculus.systemdriver:com.oculus.vrruntimeservice:0 (VirtualKeyboardServer)
12-08 15:41:04.943 W/GkCacheQuerierClient( 8470): getGkValue: Query result for 'oculus_xrruntime:oculus_trex_insightsdk_killsw' not successful: 4
12-08 15:41:04.943 W/libc    ( 8470): Access denied finding property "ro.vendor.hw.device_config"
12-08 15:41:04.943 W/libc    ( 8470): Access denied finding property "ro.vendor.product.model_extended"
12-08 15:41:04.943 I/TREX    ( 8470): PTINC: API=vrruntime reason=gk
12-08 15:41:04.943 I/TREXLoadPolicy( 8470): InsightMrPassthrough: all features matched!
12-08 15:41:04.943 I/libcamerahal(  873): [INSIGHTS][2.01s] recv/ret/req heartbeat: cam4: 144/144/144, cam5: 144/144/144
12-08 15:41:04.943 D/TelemetryService( 1125): PathwayGuard: from OSSDK/NDK is not allowed to send oculus_trex_plugin_load_succeeded; dropping; Please use the Statsd approach https://www.internalfb.com/intern/wiki/HzOS_Systems/HzOS_Systems_Performance_and_Reliability/VROS_System_Insights/VROS_Telemetry/XFN/Statsd/
12-08 15:41:04.944 D/TelemetryService( 1125): Reported oculus_telemetry_blocked_ossdk_events breach event
12-08 15:41:04.944 I/TREX    ( 8470): Created plugin package context for com.oculus.systemdriver
12-08 15:41:04.944 I/[CT]    ( 8470): MIXEDREALITY: TREX-MRPT: Passthrough API in VrRuntime enabled.
12-08 15:41:04.944 W/GkCacheQuerierClient( 8470): getGkValue: Query result for 'oculus_xrruntime:oculus_trex_insightsdk_killsw' not successful: 4
12-08 15:41:04.944 I/[CT]    ( 8470): MIXEDREALITY: MRLE: MrLightingEstimationInterfaceImpl: Initialize
12-08 15:41:04.945 I/TREX    ( 8470): Created plugin package context for com.oculus.systemdriver
12-08 15:41:04.945 D/TelemetryService( 1125): PathwayGuard: from OSSDK/NDK is not allowed to send oculus_trex_plugin_load_succeeded; dropping; Please use the Statsd approach https://www.internalfb.com/intern/wiki/HzOS_Systems/HzOS_Systems_Performance_and_Reliability/VROS_System_Insights/VROS_Telemetry/XFN/Statsd/
12-08 15:41:04.945 I/RuntimeIPCSystem [RUNTIMEIPC]( 8470): RuntimeIPCSystem: Init called: Version: 81, Platform: Android, Build Date: Dec  7 2025, Build Time: 14:26:30, BuildMode: shared
12-08 15:41:04.945 D/TelemetryService( 1125): Reported oculus_telemetry_blocked_ossdk_events breach event
12-08 15:41:04.945 D/TelemetryService( 1125): PathwayGuard: from OSSDK/NDK is not allowed to send oculus_trex_plugin_load_succeeded; dropping; Please use the Statsd approach https://www.internalfb.com/intern/wiki/HzOS_Systems/HzOS_Systems_Performance_and_Reliability/VROS_System_Insights/VROS_Telemetry/XFN/Statsd/
12-08 15:41:04.945 D/TelemetryService( 1125): Reported oculus_telemetry_blocked_ossdk_events breach event
12-08 15:41:04.945 I/RuntimeIpcHelperService( 2051): Going to start ComponentInfo{com.oculus.systemdriver/com.oculus.vrruntimeservice.VrRuntimeService} as foreground, Calling uid: 10177 pid: 8470
12-08 15:41:04.946 D/MediaCodecList( 8470): codecHandlesFormat: no format, so no extra checks
12-08 15:41:04.946 D/MediaCodecList( 8470): codecHandlesFormat: no format, so no extra checks
12-08 15:41:04.947 D/CCodec  ( 8470): allocate(c2.android.raw.decoder)
12-08 15:41:04.947 D/CCodec  ( 8470): allocate(c2.android.raw.decoder)
12-08 15:41:04.947 I/RipcServerClientHandler [RUNTIMEIPC]( 3567): Event buffer size (server): 8192
12-08 15:41:04.947 I/RipcServerMgr [RUNTIMEIPC]( 3567): HandleClientConnect SUCCESS: Client: com.example.moonlight_spatialsdk:com.example.moonlight_spatialsdk:8470:, Server: com.oculus.systemdriver:com.oculus.vrruntimeservice (HapticsServer)
12-08 15:41:04.948 I/RipcClient [RUNTIMEIPC]( 8470): Event buffer size (client): 8192
12-08 15:41:04.948 I/RipcClient [RUNTIMEIPC]( 8470): TryToGetIPCResourcesFromServer: RPC_CONNECTOR_CONNECT_TO_SERVER SUCCESS: Client: com.example.moonlight_spatialsdk:com.example.moonlight_spatialsdk:8470, Server: com.oculus.systemdriver:com.oculus.vrruntimeservice:0 (HapticsServer), Version: 81, Platform: Android, Build Date: Dec  7 2025, Build Time: 14:26:30, BuildMode: shared
12-08 15:41:04.948 I/RipcClient [RUNTIMEIPC]( 8470): EnsureServerConnection: SUCCESS. Client: com.example.moonlight_spatialsdk:com.example.moonlight_spatialsdk:8470, Server: com.oculus.systemdriver:com.oculus.vrruntimeservice:0 (HapticsServer)
12-08 15:41:04.948 I/RipcClient [RUNTIMEIPC]( 8470): [RIPC_CONNECT_LOG] ConnectToServer: SUCCESS: Client: com.example.moonlight_spatialsdk:com.example.moonlight_spatialsdk:8470, Server: com.oculus.systemdriver:com.oculus.vrruntimeservice:0 (HapticsServer)
12-08 15:41:04.948 I/TREX    ( 8470): Loading EMGSDK Client Plugin
12-08 15:41:04.948 W/REFLECT [RUNTIMEIPC]( 3567): Disabling all permissions (ONLY USE IN TESTS): 348300767:com.example.moonlight_spatialsdk/com.example.moonlight_spatialsdk (10177:8470), mask: 11111111111111111111111111111111
12-08 15:41:04.948 I/Codec2Client( 8470): Available Codec2 services: "default" "default9" "dolby" "software"
12-08 15:41:04.949 I/TREX    ( 8470): Created plugin package context for com.oculus.systemdriver
12-08 15:41:04.949 I/RuntimeIPCSystem [RUNTIMEIPC]( 8470): RuntimeIPCSystem: Init called: Version: 81, Platform: Android, Build Date: Dec  7 2025, Build Time: 14:26:30, BuildMode: shared
12-08 15:41:04.949 I/[SEO] PanelToggleController( 4168): Visibility toggled from true to false, reason system-initiated, source ExternalLaunch, force hide false
12-08 15:41:04.950 I/[SEO] ShellFrameAnalytics( 4168): Shell Heartbeat activeFlowName: DesktopFlow isFlowRequestingActivation: 1 flowActivationReason: DesktopFlow focusedPanelTimeSpent: {"127":1055,"129":30094,"3":583} visibleTimeSpent: {"129":31733,"3":513,"6":513} panelIdToComponentName: {"129":"com.example.moonlight_spatialsdk/com.example.moonlight_spatialsdk.PancakeActivity","3":"com.oculus.panelapp.library/com.oculus.navigator.library.app.NavigatorLibraryActivity","6":"com.oculus.panelapp.library/com.oculus.navigator.systembar.app.SystemBarActivity"} inputTimeSpent: {"127":"{\"focus_controller\":1055}","129":"{\"focus_controller\":13012,\"focus_gaze\":17081,\"visible_controller\":14651,\"visible_gaze\":17081}","3":"{\"focus_controller\":583,\"visible_controller\":513}","6":"{\"visible_controller\":513}"} inputClickCount: {"129":"{\"focused_controller\":5,\"visible_controller\":5}"} mouseMoveTimeSpent: 0 mouseScrollTimeSpent: 0 quickActionsMenuActivations: 0 quickActionsMenuTimeSpent: 0 quickActionsMenuSessionLengths: [] quickActionsMenuSelections: {} handTrackingOptIn: 1 handTrackingAutoTransition: 0 directTouchTabletEnabled: 31733 gamepadButtonDestinations: {}
12-08 15:41:04.951 D/TelemetryService( 1125): PathwayGuard: from OSSDK/NDK is not allowed to send oculus_trex_plugin_load_succeeded; dropping; Please use the Statsd approach https://www.internalfb.com/intern/wiki/HzOS_Systems/HzOS_Systems_Performance_and_Reliability/VROS_System_Insights/VROS_Telemetry/XFN/Statsd/
12-08 15:41:04.951 D/TelemetryService( 1125): Reported oculus_telemetry_blocked_ossdk_events breach event
12-08 15:41:04.951 I/RuntimeIpcHelperService( 2051): Going to start ComponentInfo{com.oculus.systemdriver/com.oculus.vrruntimeservice.VrRuntimeService} as foreground, Calling uid: 10177 pid: 8470
12-08 15:41:04.952 I/[SEO] SystemTaskBar( 4168): UpdateVisibility(Spatial, 0)
12-08 15:41:04.954 I/CCodec  ( 8470): setting up 'default' as default (vendor) store
12-08 15:41:04.954 I/CCodec  ( 8470): setting up 'default' as default (vendor) store
12-08 15:41:04.955 I/RuntimeIpcHelperService( 2051): Going to start ComponentInfo{com.oculus.systemdriver/com.oculus.vrruntimeservice.VrRuntimeService} as foreground, Calling uid: 10177 pid: 8470
12-08 15:41:04.956 I/VD628x  (  871): Flicker results: freq 682.693848, max 785.439148, dcr 63.339333, pct 0.000125, idx 0.000120, conf 0.004762, snr -23.048410, svm 0.000324, sus 2
12-08 15:41:04.958 I/CCodec  ( 8470): Created component [c2.android.raw.decoder]
12-08 15:41:04.958 I/CCodec  ( 8470): Created component [c2.android.raw.decoder]
12-08 15:41:04.958 D/CCodecConfig( 8470): read media type: audio/raw
12-08 15:41:04.958 D/CCodecConfig( 8470): read media type: audio/raw
12-08 15:41:04.958 I/RipcServerClientHandler [RUNTIMEIPC]( 3567): Event buffer size (server): 8192
12-08 15:41:04.959 I/RipcServerMgr [RUNTIMEIPC]( 3567): HandleClientConnect SUCCESS: Client: com.example.moonlight_spatialsdk:com.example.moonlight_spatialsdk:8470:, Server: com.oculus.systemdriver:com.oculus.vrruntimeservice (HandInputDataServer)
12-08 15:41:04.959 D/ReflectedParamUpdater( 8470): extent() != 1 for single value type: algo.buffers.max-count.values
12-08 15:41:04.959 D/ReflectedParamUpdater( 8470): extent() != 1 for single value type: algo.buffers.max-count.values
12-08 15:41:04.959 D/ReflectedParamUpdater( 8470): extent() != 1 for single value type: output.subscribed-indices.values
12-08 15:41:04.959 D/ReflectedParamUpdater( 8470): extent() != 1 for single value type: input.buffers.allocator-ids.values
12-08 15:41:04.959 D/ReflectedParamUpdater( 8470): extent() != 1 for single value type: output.subscribed-indices.values
12-08 15:41:04.959 D/ReflectedParamUpdater( 8470): extent() != 1 for single value type: input.buffers.allocator-ids.values
12-08 15:41:04.959 I/RipcClient [RUNTIMEIPC]( 8470): Event buffer size (client): 8192
12-08 15:41:04.959 I/RipcClient [RUNTIMEIPC]( 8470): TryToGetIPCResourcesFromServer: RPC_CONNECTOR_CONNECT_TO_SERVER SUCCESS: Client: com.example.moonlight_spatialsdk:com.example.moonlight_spatialsdk:8470, Server: com.oculus.systemdriver:com.oculus.vrruntimeservice:0 (HandInputDataServer), Version: 81, Platform: Android, Build Date: Dec  7 2025, Build Time: 14:26:30, BuildMode: shared
12-08 15:41:04.959 I/RipcClient [RUNTIMEIPC]( 8470): EnsureServerConnection: SUCCESS. Client: com.example.moonlight_spatialsdk:com.example.moonlight_spatialsdk:8470, Server: com.oculus.systemdriver:com.oculus.vrruntimeservice:0 (HandInputDataServer)
12-08 15:41:04.959 I/RipcClient [RUNTIMEIPC]( 8470): [RIPC_CONNECT_LOG] ConnectToServer: SUCCESS: Client: com.example.moonlight_spatialsdk:com.example.moonlight_spatialsdk:8470, Server: com.oculus.systemdriver:com.oculus.vrruntimeservice:0 (HandInputDataServer)
12-08 15:41:04.960 D/ReflectedParamUpdater( 8470): extent() != 1 for single value type: output.buffers.allocator-ids.values
12-08 15:41:04.960 D/ReflectedParamUpdater( 8470): extent() != 1 for single value type: output.buffers.allocator-ids.values
12-08 15:41:04.960 D/ReflectedParamUpdater( 8470): extent() != 1 for single value type: algo.buffers.allocator-ids.values
12-08 15:41:04.960 D/ReflectedParamUpdater( 8470): extent() != 1 for single value type: algo.buffers.allocator-ids.values
12-08 15:41:04.960 W/REFLECT [RUNTIMEIPC]( 3567): Disabling all permissions (ONLY USE IN TESTS): 348300767:com.example.moonlight_spatialsdk/com.example.moonlight_spatialsdk (10177:8470), mask: 11111111111111111111111111111111
12-08 15:41:04.960 I/TrexHandInputDataServerPlugin( 3567): HandInputDataServerRIPC: onClientConnected. 348300767 name: com.example.moonlight_spatialsdk  process: com.example.moonlight_spatialsdk:8470
12-08 15:41:04.960 D/ReflectedParamUpdater( 8470): extent() != 1 for single value type: output.buffers.pool-ids.values
12-08 15:41:04.960 D/ReflectedParamUpdater( 8470): extent() != 1 for single value type: output.buffers.pool-ids.values
12-08 15:41:04.960 D/ReflectedParamUpdater( 8470): extent() != 1 for single value type: algo.buffers.pool-ids.values
12-08 15:41:04.960 D/ReflectedParamUpdater( 8470): extent() != 1 for single value type: algo.buffers.pool-ids.values
12-08 15:41:04.960 I/CCodecConfig( 8470): query failed after returning 8 values (BAD_INDEX)
12-08 15:41:04.960 I/CCodecConfig( 8470): query failed after returning 8 values (BAD_INDEX)
12-08 15:41:04.961 D/CCodecConfig( 8470): c2 config diff is Dict {
12-08 15:41:04.961 D/CCodecConfig( 8470):   c2::u32 coded.bitrate.value = 64000
12-08 15:41:04.961 D/CCodecConfig( 8470):   c2::u32 input.buffers.max-size.value = 65536
12-08 15:41:04.961 D/CCodecConfig( 8470):   c2::u32 input.delay.value = 0
12-08 15:41:04.961 D/CCodecConfig( 8470):   string input.media-type.value = "audio/raw"
12-08 15:41:04.961 D/CCodecConfig( 8470):   string output.media-type.value = "audio/raw"
12-08 15:41:04.961 D/CCodecConfig( 8470):   c2::u32 raw.channel-count.value = 2
12-08 15:41:04.961 D/CCodecConfig( 8470):   c2::u32 raw.pcm-encoding.value = 0
12-08 15:41:04.961 D/CCodecConfig( 8470):   c2::u32 raw.sample-rate.value = 44100
12-08 15:41:04.961 D/CCodecConfig( 8470): }
12-08 15:41:04.961 D/CCodecConfig( 8470): c2 config diff is Dict {
12-08 15:41:04.961 D/CCodecConfig( 8470):   c2::u32 coded.bitrate.value = 64000
12-08 15:41:04.961 D/CCodecConfig( 8470):   c2::u32 input.buffers.max-size.value = 65536
12-08 15:41:04.961 D/CCodecConfig( 8470):   c2::u32 input.delay.value = 0
12-08 15:41:04.961 D/CCodecConfig( 8470):   string input.media-type.value = "audio/raw"
12-08 15:41:04.961 D/CCodecConfig( 8470):   string output.media-type.value = "audio/raw"
12-08 15:41:04.961 D/CCodecConfig( 8470):   c2::u32 raw.channel-count.value = 2
12-08 15:41:04.961 D/CCodecConfig( 8470):   c2::u32 raw.pcm-encoding.value = 0
12-08 15:41:04.961 D/CCodecConfig( 8470):   c2::u32 raw.sample-rate.value = 44100
12-08 15:41:04.961 D/CCodecConfig( 8470): }
12-08 15:41:04.963 D/MediaCodec( 8470): flushMediametrics
12-08 15:41:04.963 D/CCodec  ( 8470): [c2.android.raw.decoder] buffers are bound to CCodec for this session
12-08 15:41:04.963 D/CCodecConfig( 8470): no c2 equivalents for durationUs
12-08 15:41:04.963 D/CCodecConfig( 8470): no c2 equivalents for track-id
12-08 15:41:04.963 D/CCodecConfig( 8470): no c2 equivalents for bits-per-sample
12-08 15:41:04.963 D/CCodecConfig( 8470): no c2 equivalents for flags
12-08 15:41:04.963 I/[SEO] VrShellDesktopBase( 4168): BackgroundDesktop: Spatial, reason egoCentricDesktopBackground
12-08 15:41:04.963 D/CCodecConfig( 8470): c2 config diff is   c2::u32 raw.channel-count.value = 1
12-08 15:41:04.963 D/CCodecConfig( 8470):   c2::u32 raw.sample-rate.value = 48000
12-08 15:41:04.963 D/TelemetryService( 1125): PathwayGuard: from OSSDK/NDK is not allowed to send oculus_trex_plugin_load_succeeded; dropping; Please use the Statsd approach https://www.internalfb.com/intern/wiki/HzOS_Systems/HzOS_Systems_Performance_and_Reliability/VROS_System_Insights/VROS_Telemetry/XFN/Statsd/
12-08 15:41:04.963 W/Codec2Client( 8470): query -- param skipped: index = 1107298332.
12-08 15:41:04.963 D/CCodec  ( 8470): encoding statistics level = 0
12-08 15:41:04.963 D/CCodec  ( 8470): setup formats input: AMessage(what = 0x00000000) = {
12-08 15:41:04.963 D/CCodec  ( 8470):   int32_t android._codec-pcm-encoding = 2
12-08 15:41:04.963 D/CCodec  ( 8470):   int32_t bitrate = 64000
12-08 15:41:04.963 D/CCodec  ( 8470):   int32_t channel-count = 1
12-08 15:41:04.963 D/CCodec  ( 8470):   int32_t max-input-size = 65536
12-08 15:41:04.963 D/CCodec  ( 8470):   string mime = "audio/raw"
12-08 15:41:04.963 D/CCodec  ( 8470):   int32_t pcm-encoding = 2
12-08 15:41:04.963 D/CCodec  ( 8470):   int32_t sample-rate = 48000
12-08 15:41:04.963 D/CCodec  ( 8470): }
12-08 15:41:04.963 D/CCodec  ( 8470): setup formats output: AMessage(what = 0x00000000) = {
12-08 15:41:04.963 D/CCodec  ( 8470):   int32_t android._codec-pcm-encoding = 2
12-08 15:41:04.963 D/CCodec  ( 8470):   int32_t channel-count = 1
12-08 15:41:04.963 D/CCodec  ( 8470):   string mime = "audio/raw"
12-08 15:41:04.963 D/CCodec  ( 8470):   int32_t pcm-encoding = 2
12-08 15:41:04.963 D/CCodec  ( 8470):   int32_t sample-rate = 48000
12-08 15:41:04.963 D/CCodec  ( 8470):   int32_t channel-mask = 0
12-08 15:41:04.963 D/CCodec  ( 8470):   int32_t android._config-pcm-encoding = 2
12-08 15:41:04.963 D/CCodec  ( 8470): }
12-08 15:41:04.964 D/TelemetryService( 1125): Reported oculus_telemetry_blocked_ossdk_events breach event
12-08 15:41:04.964 I/TREX    ( 8470): Created plugin package context for com.oculus.systemdriver
12-08 15:41:04.964 D/MediaCodec( 8470): flushMediametrics
12-08 15:41:04.964 D/CCodec  ( 8470): [c2.android.raw.decoder] buffers are bound to CCodec for this session
12-08 15:41:04.964 I/[SEO] PanelAppHost( 4168): OnBackground panel (panelId:129) (com.example.moonlight_spatialsdk/com.example.moonlight_spatialsdk.PancakeActivity)
12-08 15:41:04.964 I/[SEO] PanelAppHost( 4168): Panel app (panelId:129) (com.example.moonlight_spatialsdk/com.example.moonlight_spatialsdk.PancakeActivity) changing state from foreground to background
12-08 15:41:04.964 D/CCodecConfig( 8470): no c2 equivalents for durationUs
12-08 15:41:04.964 D/CCodecConfig( 8470): no c2 equivalents for track-id
12-08 15:41:04.964 D/CCodecConfig( 8470): no c2 equivalents for bits-per-sample
12-08 15:41:04.964 D/CCodecConfig( 8470): no c2 equivalents for flags
12-08 15:41:04.964 D/[UNSET] ShellApplication( 4168): Notifying state updated to BACKGROUND for panel app 129
12-08 15:41:04.964 V/[SEO] ReprojectedPanelAppManager( 4168): onPanelStateChange: 129, state=false
12-08 15:41:04.964 I/[SEO] PanelActivityInfo( 4168): onPanelStateChange: false for component com.example.moonlight_spatialsdk/com.example.moonlight_spatialsdk.PancakeActivity with id 129
12-08 15:41:04.964 I/[SEO] PanelAppHost( 4168): Panel (panelId:129) (com.example.moonlight_spatialsdk/com.example.moonlight_spatialsdk.PancakeActivity) is now backgrounded due to: egoCentricDesktopBackground
12-08 15:41:04.964 I/RuntimeIPCSystem [RUNTIMEIPC]( 8470): RuntimeIPCSystem: Init called: Version: 81, Platform: Android, Build Date: Dec  7 2025, Build Time: 14:26:30, BuildMode: shared
12-08 15:41:04.964 I/CCodecConfig( 8470): query failed after returning 8 values (BAD_INDEX)
12-08 15:41:04.965 I/[SEO] DesktopPanelController( 4168): Backgrounded desktop Spatial with reason egoCentricDesktopBackground
12-08 15:41:04.965 I/[SEO] PerformanceController( 4168): Sending Desktop Visibility Signal: 0
12-08 15:41:04.965 W/WindowOnBackDispatcher( 4168): sendCancelIfRunning: isInProgress=falsecallback=android.view.ViewRootImpl$$ExternalSyntheticLambda17@6e3ceb9
12-08 15:41:04.965 W/Codec2Client( 8470): query -- param skipped: index = 1342179345.
12-08 15:41:04.965 W/Codec2Client( 8470): query -- param skipped: index = 2415921170.
12-08 15:41:04.965 D/C2Store ( 8470): debug.c2.use_dmabufheaps set, forcing DMABUF Heaps
12-08 15:41:04.965 D/C2Store ( 8470): Using DMABUF Heaps
12-08 15:41:04.965 D/CCodecBufferChannel( 8470): [c2.android.raw.decoder#452] Created input block pool with allocatorID 16 => poolID 17 - OK (0)
12-08 15:41:04.965 I/RuntimeIpcHelperService( 2051): Going to start ComponentInfo{com.oculus.systemdriver/com.oculus.vrruntimeservice.VrRuntimeService} as foreground, Calling uid: 10177 pid: 8470
12-08 15:41:04.966 I/CCodecBufferChannel( 8470): [c2.android.raw.decoder#452] Created output block pool with allocatorID 16 => poolID 197 - OK
12-08 15:41:04.966 D/CCodecBufferChannel( 8470): [c2.android.raw.decoder#452] Configured output block pool ids 197 => OK
12-08 15:41:04.967 I/QC2CompStore(  860): Setting heap usage to system
12-08 15:41:04.967 I/DMABUFHEAPS( 8470): Using DMA-BUF heap named: system
12-08 15:41:04.968 I/VrGuardianService( 5403): com.oculus.vrshell -> GuardianSDKServer::SetGuardianHitDialog 0
12-08 15:41:04.968 W/.oculus.vrshell( 4168): Binder 0x7382966cd0 destroyed after setInheritRt before being parceled.
12-08 15:41:04.968 W/.oculus.vrshell( 4168): Binder 0x736a4a87c0 destroyed after setInheritRt before being parceled.
12-08 15:41:04.968 D/CCodecConfig( 8470): c2 config diff is   c2::u32 raw.channel-count.value = 1
12-08 15:41:04.968 D/CCodecConfig( 8470):   c2::u32 raw.sample-rate.value = 48000
12-08 15:41:04.968 W/.oculus.vrshell( 4168): Binder 0x736a57b888 destroyed after setInheritRt before being parceled.
12-08 15:41:04.968 W/.oculus.vrshell( 4168): Binder 0x736a4a8768 destroyed after setInheritRt before being parceled.
12-08 15:41:04.968 I/[SEO] PanelAppOSLifecycleNotificationManager( 4168): Sending frameState isForeground:0 to OS for app com.example.moonlight_spatialsdk/com.example.moonlight_spatialsdk.PancakeActivity
12-08 15:41:04.969 D/CoreBackPreview( 2051): Window{83be6de u0 com.oculus.android_panel_app.AndroidPanelLayer-com.oculus.vrshell-controlbar13}: Setting back callback null
12-08 15:41:04.969 W/Codec2Client( 8470): query -- param skipped: index = 1107298332.
12-08 15:41:04.969 I/VolumetricWindow( 2051): [setDrawn] VW=4cae7f4b-18ca-4a86-a6a7-175933ab6c3c: isDrawn=false (isActive=true, isVisible=true)
12-08 15:41:04.969 D/CCodec  ( 8470): encoding statistics level = 0
12-08 15:41:04.969 D/CCodec  ( 8470): setup formats input: AMessage(what = 0x00000000) = {
12-08 15:41:04.969 D/CCodec  ( 8470):   int32_t android._codec-pcm-encoding = 2
12-08 15:41:04.969 D/CCodec  ( 8470):   int32_t bitrate = 64000
12-08 15:41:04.969 D/CCodec  ( 8470):   int32_t channel-count = 1
12-08 15:41:04.969 D/CCodec  ( 8470):   int32_t max-input-size = 65536
12-08 15:41:04.969 D/CCodec  ( 8470):   string mime = "audio/raw"
12-08 15:41:04.969 D/CCodec  ( 8470):   int32_t pcm-encoding = 2
12-08 15:41:04.969 D/CCodec  ( 8470):   int32_t sample-rate = 48000
12-08 15:41:04.969 D/CCodec  ( 8470): }
12-08 15:41:04.969 D/CCodec  ( 8470): setup formats output: AMessage(what = 0x00000000) = {
12-08 15:41:04.969 D/CCodec  ( 8470):   int32_t android._codec-pcm-encoding = 2
12-08 15:41:04.969 D/CCodec  ( 8470):   int32_t channel-count = 1
12-08 15:41:04.969 D/CCodec  ( 8470):   string mime = "audio/raw"
