12-08 11:17:36.744 I/AppsFilter( 2051): interaction: PackageSetting{28a3e46 com.example.moonlight_spatialsdk/10176} -> PackageSetting{8e650b3 com.oculus.cvp/10094} BLOCKED
12-08 11:17:36.744 I/AppsFilter( 2051): interaction: PackageSetting{28a3e46 com.example.moonlight_spatialsdk/10176} -> PackageSetting{4191670 com.oculus.systemintelligence/10153} BLOCKED
12-08 11:17:36.744 I/AppsFilter( 2051): interaction: PackageSetting{28a3e46 com.example.moonlight_spatialsdk/10176} -> PackageSetting{e24dde9 com.meta.curio.toybox/10117} BLOCKED
12-08 11:17:36.744 I/AppsFilter( 2051): interaction: PackageSetting{28a3e46 com.example.moonlight_spatialsdk/10176} -> PackageSetting{c85aa6e com.meta.shell.env.vista.focused/10166} BLOCKED
12-08 11:17:36.744 I/AppsFilter( 2051): interaction: PackageSetting{28a3e46 com.example.moonlight_spatialsdk/10176} -> PackageSetting{deb450f com.meta.curio.ruler/10111} BLOCKED
12-08 11:17:36.744 I/AppsFilter( 2051): interaction: PackageSetting{28a3e46 com.example.moonlight_spatialsdk/10176} -> PackageSetting{4d1299c com.oculus.accountscenter/10107} BLOCKED
12-08 11:17:36.744 I/AppsFilter( 2051): interaction: PackageSetting{28a3e46 com.example.moonlight_spatialsdk/10176} -> PackageSetting{59e482c com.oculus.identitymanagement.service/10063} BLOCKED
12-08 11:17:36.744 I/AppsFilter( 2051): interaction: PackageSetting{28a3e46 com.example.moonlight_spatialsdk/10176} -> PackageSetting{2646fa5 com.TacticalNounours.QuantumVoid/10143} BLOCKED
12-08 11:17:36.744 I/AppsFilter( 2051): interaction: PackageSetting{28a3e46 com.example.moonlight_spatialsdk/10176} -> PackageSetting{d65ff7a VirtualDesktop.Android/10161} BLOCKED
12-08 11:17:36.744 I/AppsFilter( 2051): interaction: PackageSetting{28a3e46 com.example.moonlight_spatialsdk/10176} -> PackageSetting{aa1232b com.oculus.loneechoavalanche/10165} BLOCKED
12-08 11:17:36.744 I/AppsFilter( 2051): interaction: PackageSetting{28a3e46 com.example.moonlight_spatialsdk/10176} -> PackageSetting{d954388 com.oculus.settings.rro/10119} BLOCKED
12-08 11:17:36.744 I/AppsFilter( 2051): interaction: PackageSetting{28a3e46 com.example.moonlight_spatialsdk/10176} -> PackageSetting{6516121 com.meta.AccountsCenter.pwa/10098} BLOCKED
12-08 11:17:36.744 I/AppsFilter( 2051): interaction: PackageSetting{28a3e46 com.example.moonlight_spatialsdk/10176} -> PackageSetting{cc49946 com.oculus.facebook/10113} BLOCKED
12-08 11:17:36.744 I/AppsFilter( 2051): interaction: PackageSetting{28a3e46 com.example.moonlight_spatialsdk/10176} -> PackageSetting{88cc707 com.meta.android.rro/10001} BLOCKED
12-08 11:17:36.744 I/AppsFilter( 2051): interaction: PackageSetting{28a3e46 com.example.moonlight_spatialsdk/10176} -> PackageSetting{eff1034 com.oculus.integrity/10051} BLOCKED
12-08 11:17:36.744 I/AppsFilter( 2051): interaction: PackageSetting{28a3e46 com.example.moonlight_spatialsdk/10176} -> PackageSetting{5c1ee5d com.android.connectivity.resources/10008} BLOCKED
12-08 11:17:36.744 I/AppsFilter( 2051): interaction: PackageSetting{28a3e46 com.example.moonlight_spatialsdk/10176} -> PackageSetting{32103d2 com.android.modulemetadata/10040} BLOCKED
12-08 11:17:36.745 I/AppsFilter( 2051): interaction: PackageSetting{28a3e46 com.example.moonlight_spatialsdk/10176} -> PackageSetting{aa4cca3 com.twistedpixelgames.PILO/10175} BLOCKED
12-08 11:17:36.745 I/AppsFilter( 2051): interaction: PackageSetting{28a3e46 com.example.moonlight_spatialsdk/10176} -> PackageSetting{796fba0 al.quest.pickleball.forfunlabs/10172} BLOCKED
12-08 11:17:36.745 D/CompatibilityChangeReporter( 2051): Compat change id reported: 168419799; UID 10105; state: DISABLED
12-08 11:17:36.745 I/AppsFilter( 2051): interaction: PackageSetting{28a3e46 com.example.moonlight_spatialsdk/10176} -> PackageSetting{9b41359 com.oculus.panelapp.kiosk/10038} BLOCKED
12-08 11:17:36.745 I/AppsFilter( 2051): interaction: PackageSetting{28a3e46 com.example.moonlight_spatialsdk/10176} -> PackageSetting{f678b1e com.oculus.panelapp.settings/10079} BLOCKED
12-08 11:17:36.745 I/AppsFilter( 2051): interaction: PackageSetting{28a3e46 com.example.moonlight_spatialsdk/10176} -> PackageSetting{2ad8fff com.oculus.systemutilities/10048} BLOCKED
12-08 11:17:36.745 I/AppsFilter( 2051): interaction: PackageSetting{28a3e46 com.example.moonlight_spatialsdk/10176} -> PackageSetting{40031cc com.CortopiaStudios.Graves/10145} BLOCKED
12-08 11:17:36.745 I/AppsFilter( 2051): interaction: PackageSetting{28a3e46 com.example.moonlight_spatialsdk/10176} -> PackageSetting{3098c15 com.oculus.firsttimenux/10034} BLOCKED
12-08 11:17:36.745 D/CompatibilityChangeReporter( 2051): Compat change id reported: 273564678; UID 10105; state: DISABLED
12-08 11:17:36.745 I/AppsFilter( 2051): interaction: PackageSetting{28a3e46 com.example.moonlight_spatialsdk/10176} -> PackageSetting{fd3b2a com.oculus.store/10088} BLOCKED
12-08 11:17:36.745 I/AppsFilter( 2051): interaction: PackageSetting{28a3e46 com.example.moonlight_spatialsdk/10176} -> PackageSetting{552d1b com.meta.samples.NorthStar/10149} BLOCKED
12-08 11:17:36.745 I/AppsFilter( 2051): interaction: PackageSetting{28a3e46 com.example.moonlight_spatialsdk/10176} -> PackageSetting{5e49eb8 com.oculus.socialplatform/10103} BLOCKED
12-08 11:17:36.745 I/AppsFilter( 2051): interaction: PackageSetting{28a3e46 com.example.moonlight_spatialsdk/10176} -> PackageSetting{503d491 com.oculus.horizonmediaplayer/10108} BLOCKED
12-08 11:17:36.745 I/AppsFilter( 2051): interaction: PackageSetting{28a3e46 com.example.moonlight_spatialsdk/10176} -> PackageSetting{68bdff6 com.android.webview/10042} BLOCKED
12-08 11:17:36.745 I/AppsFilter( 2051): interaction: PackageSetting{28a3e46 com.example.moonlight_spatialsdk/10176} -> PackageSetting{60f7ff7 com.oculus.vrprivacycheckup/10110} BLOCKED
12-08 11:17:36.745 I/AppsFilter( 2051): interaction: PackageSetting{28a3e46 com.example.moonlight_spatialsdk/10176} -> PackageSetting{da0ee64 com.meta.shell.env.vista.central/10160} BLOCKED
12-08 11:17:36.745 I/AppsFilter( 2051): interaction: PackageSetting{28a3e46 com.example.moonlight_spatialsdk/10176} -> PackageSetting{b8028cd com.oculus.panelapp.library/10049} BLOCKED
12-08 11:17:36.745 I/AppsFilter( 2051): interaction: PackageSetting{28a3e46 com.example.moonlight_spatialsdk/10176} -> PackageSetting{d8e0582 horizon.platform.providers/10137} BLOCKED
12-08 11:17:36.745 I/AppsFilter( 2051): interaction: PackageSetting{28a3e46 com.example.moonlight_spatialsdk/10176} -> PackageSetting{fb22493 com.oculus.systemresource/10097} BLOCKED
12-08 11:17:36.745 I/AppsFilter( 2051): interaction: PackageSetting{28a3e46 com.example.moonlight_spatialsdk/10176} -> PackageSetting{2b08cd0 com.microsoft.rdc.androidx/10157} BLOCKED
12-08 11:17:36.745 I/AppsFilter( 2051): interaction: PackageSetting{28a3e46 com.example.moonlight_spatialsdk/10176} -> PackageSetting{8f384c9 com.gameboomvr.CookingSimulatorVR/10152} BLOCKED
12-08 11:17:36.745 I/AppsFilter( 2051): interaction: PackageSetting{28a3e46 com.example.moonlight_spatialsdk/10176} -> PackageSetting{e9af7ce com.oculus.guardiansetup/10142} BLOCKED
12-08 11:17:36.745 I/AppsFilter( 2051): interaction: PackageSetting{28a3e46 com.example.moonlight_spatialsdk/10176} -> PackageSetting{6d076ef com.oculus.hzosgallery/10121} BLOCKED
12-08 11:17:36.745 I/AppsFilter( 2051): interaction: PackageSetting{28a3e46 com.example.moonlight_spatialsdk/10176} -> PackageSetting{6d9a5fc horizon.platform.service/10140} BLOCKED
12-08 11:17:36.745 I/AppsFilter( 2051): interaction: PackageSetting{28a3e46 com.example.moonlight_spatialsdk/10176} -> PackageSetting{826a485 horizonos.theme.quest.rro/10037} BLOCKED
12-08 11:17:36.745 I/AppsFilter( 2051): interaction: PackageSetting{28a3e46 com.example.moonlight_spatialsdk/10176} -> PackageSetting{272c2da com.oculus.os.qrcodereader/10057} BLOCKED
12-08 11:17:36.745 I/AppsFilter( 2051): interaction: PackageSetting{28a3e46 com.example.moonlight_spatialsdk/10176} -> PackageSetting{3146873 com.android.wifi.resources/10003} BLOCKED
12-08 11:17:36.745 I/AppsFilter( 2051): interaction: PackageSetting{28a3e46 com.example.moonlight_spatialsdk/10176} -> PackageSetting{d7930b com.meta.mqdh.mqdhservice/10174} BLOCKED
12-08 11:17:36.745 I/AppsFilter( 2051): interaction: PackageSetting{28a3e46 com.example.moonlight_spatialsdk/10176} -> PackageSetting{1925e8 com.oculus.systemux/10066} BLOCKED
12-08 11:17:36.745 I/AppsFilter( 2051): interaction: PackageSetting{28a3e46 com.example.moonlight_spatialsdk/10176} -> PackageSetting{db20401 com.meta.surfacetypingnux/10151} BLOCKED
12-08 11:17:36.745 I/AppsFilter( 2051): interaction: PackageSetting{28a3e46 com.example.moonlight_spatialsdk/10176} -> PackageSetting{bca32a6 com.oculus.oemconfig/10036} BLOCKED
12-08 11:17:36.745 I/AppsFilter( 2051): interaction: PackageSetting{28a3e46 com.example.moonlight_spatialsdk/10176} -> PackageSetting{2ea54e7 com.meta.handseducationmodule/10104} BLOCKED
12-08 11:17:36.745 I/AppsFilter( 2051): interaction: PackageSetting{28a3e46 com.example.moonlight_spatialsdk/10176} -> PackageSetting{54eb894 com.oculus.remotedesktop/10109} BLOCKED
12-08 11:17:36.745 I/AppsFilter( 2051): interaction: PackageSetting{28a3e46 com.example.moonlight_spatialsdk/10176} -> PackageSetting{539df3d com.meta.federatedcomputing.oculus/10067} BLOCKED
12-08 11:17:36.745 I/AppsFilter( 2051): interaction: PackageSetting{28a3e46 com.example.moonlight_spatialsdk/10176} -> PackageSetting{1d6d332 com.oculus.q4bservice/10039} BLOCKED
12-08 11:17:36.745 I/AppsFilter( 2051): interaction: PackageSetting{28a3e46 com.example.moonlight_spatialsdk/10176} -> PackageSetting{77d5883 com.oculus.guidebook/10099} BLOCKED
12-08 11:17:36.745 I/AppsFilter( 2051): interaction: PackageSetting{28a3e46 com.example.moonlight_spatialsdk/10176} -> PackageSetting{9a8ca00 horizonos.supplement.metauniverse.libraryapk/10150} BLOCKED
12-08 11:17:36.745 I/AppsFilter( 2051): interaction: PackageSetting{28a3e46 com.example.moonlight_spatialsdk/10176} -> PackageSetting{66a3239 com.oculus.igvr/10116} BLOCKED
12-08 11:17:36.745 I/AppsFilter( 2051): interaction: PackageSetting{28a3e46 com.example.moonlight_spatialsdk/10176} -> PackageSetting{79af07e com.oculus.mrds/10087} BLOCKED
12-08 11:17:36.745 I/AppsFilter( 2051): interaction: PackageSetting{28a3e46 com.example.moonlight_spatialsdk/10176} -> PackageSetting{1b2f9df com.AnotherAxiom.A2/10070} BLOCKED
12-08 11:17:36.745 I/AppsFilter( 2051): interaction: PackageSetting{28a3e46 com.example.moonlight_spatialsdk/10176} -> PackageSetting{2d0862c com.facebook.orca/10112} BLOCKED
12-08 11:17:36.745 I/AppsFilter( 2051): interaction: PackageSetting{28a3e46 com.example.moonlight_spatialsdk/10176} -> PackageSetting{db2b8f5 com.facebook.workrooms/10163} BLOCKED
12-08 11:17:36.745 I/AppsFilter( 2051): interaction: PackageSetting{28a3e46 com.example.moonlight_spatialsdk/10176} -> PackageSetting{bf1968a quest.eleven.forfunlabs/10171} BLOCKED
12-08 11:17:36.745 I/AppsFilter( 2051): interaction: PackageSetting{28a3e46 com.example.moonlight_spatialsdk/10176} -> PackageSetting{a7754fb com.oculus.tv/10091} BLOCKED
12-08 11:17:36.745 I/AppsFilter( 2051): interaction: PackageSetting{28a3e46 com.example.moonlight_spatialsdk/10176} -> PackageSetting{5d5d918 com.oculus.panelapp.devicepairing/10138} BLOCKED
12-08 11:17:36.745 I/AppsFilter( 2051): interaction: PackageSetting{28a3e46 com.example.moonlight_spatialsdk/10176} -> PackageSetting{4c2ef71 com.oculus.userserver2/10058} BLOCKED
12-08 11:17:36.745 I/AppsFilter( 2051): interaction: PackageSetting{28a3e46 com.example.moonlight_spatialsdk/10176} -> PackageSetting{e5a9156 com.netflix.ninja.vr/10006} BLOCKED
12-08 11:17:36.745 I/AppsFilter( 2051): interaction: PackageSetting{28a3e46 com.example.moonlight_spatialsdk/10176} -> PackageSetting{35c45d7 com.meta.worlds/10139} BLOCKED
12-08 11:17:36.745 I/AppsFilter( 2051): interaction: PackageSetting{28a3e46 com.example.moonlight_spatialsdk/10176} -> PackageSetting{6db6ec4 com.android.bookmarkprovider/10027} BLOCKED
12-08 11:17:36.745 I/AppsFilter( 2051): interaction: PackageSetting{28a3e46 com.example.moonlight_spatialsdk/10176} -> PackageSetting{6c611ad com.oculus.guardianresources/10030} BLOCKED
12-08 11:17:36.745 I/AppsFilter( 2051): interaction: PackageSetting{28a3e46 com.example.moonlight_spatialsdk/10176} -> PackageSetting{4866ce2 com.oculus.guardian/10073} BLOCKED
12-08 11:17:36.745 I/AppsFilter( 2051): interaction: PackageSetting{28a3e46 com.example.moonlight_spatialsdk/10176} -> PackageSetting{b356873 com.oculus.explore/10096} BLOCKED
12-08 11:17:36.745 I/AppsFilter( 2051): interaction: PackageSetting{28a3e46 com.example.moonlight_spatialsdk/10176} -> PackageSetting{782b330 com.meta.hpiassets/10155} BLOCKED
12-08 11:17:36.745 I/AppsFilter( 2051): interaction: PackageSetting{28a3e46 com.example.moonlight_spatialsdk/10176} -> PackageSetting{2e1bfc com.android.cts.ctsshim/10127} BLOCKED
12-08 11:17:36.746 I/AppsFilter( 2051): interaction: PackageSetting{28a3e46 com.example.moonlight_spatialsdk/10176} -> PackageSetting{c5f1ba9 com.oculus.q4b.mdm/10041} BLOCKED
12-08 11:17:36.746 I/AppsFilter( 2051): interaction: PackageSetting{28a3e46 com.example.moonlight_spatialsdk/10176} -> PackageSetting{ca2752e com.meta.shell.env.footprint.haven2025/10159} BLOCKED
12-08 11:17:36.746 I/AppsFilter( 2051): interaction: PackageSetting{28a3e46 com.example.moonlight_spatialsdk/10176} -> PackageSetting{7418cf Immersed.quest/10162} BLOCKED
12-08 11:17:36.746 I/AppsFilter( 2051): interaction: PackageSetting{28a3e46 com.example.moonlight_spatialsdk/10176} -> PackageSetting{17d25c com.oculus.permissioncontroller.rro/10000} BLOCKED
12-08 11:17:36.746 I/AppsFilter( 2051): interaction: PackageSetting{28a3e46 com.example.moonlight_spatialsdk/10176} -> PackageSetting{c071a1f com.valinor/10106} BLOCKED
12-08 11:17:36.746 I/AppsFilter( 2051): interaction: PackageSetting{28a3e46 com.example.moonlight_spatialsdk/10176} -> PackageSetting{b64c965 com.meta.environment.prod.nuxd/10033} BLOCKED
12-08 11:17:36.746 I/AppsFilter( 2051): interaction: PackageSetting{28a3e46 com.example.moonlight_spatialsdk/10176} -> PackageSetting{864b63a com.oculus.helpcenter/10105} BLOCKED
12-08 11:17:36.746 I/AppsFilter( 2051): interaction: PackageSetting{28a3e46 com.example.moonlight_spatialsdk/10176} -> PackageSetting{d4372eb com.android.hotspot2.osulogin/10004} BLOCKED
12-08 11:17:36.746 I/AppsFilter( 2051): interaction: PackageSetting{28a3e46 com.example.moonlight_spatialsdk/10176} -> PackageSetting{f7db848 com.camouflaj.manta/10022} BLOCKED
12-08 11:17:36.746 I/AppsFilter( 2051): interaction: PackageSetting{28a3e46 com.example.moonlight_spatialsdk/10176} -> PackageSetting{65d96e1 com.oculus.quickpromotionservice/10082} BLOCKED
12-08 11:17:36.746 I/AppsFilter( 2051): interaction: PackageSetting{28a3e46 com.example.moonlight_spatialsdk/10176} -> PackageSetting{71a3e3b com.oculus.paracosmaavalanche/10164} BLOCKED
12-08 11:17:36.746 I/AppsFilter( 2051): interaction: PackageSetting{28a3e46 com.example.moonlight_spatialsdk/10176} -> PackageSetting{96452c7 com.facebook.arvr.quillplayer/10115} BLOCKED
12-08 11:17:36.746 I/AppsFilter( 2051): interaction: PackageSetting{28a3e46 com.example.moonlight_spatialsdk/10176} -> PackageSetting{dda10f4 com.LuckyVR.PokerStarsVR/10090} BLOCKED
12-08 11:17:36.746 I/AppsFilter( 2051): interaction: PackageSetting{28a3e46 com.example.moonlight_spatialsdk/10176} -> PackageSetting{7bbc01d com.meta.HyperscapeHmdCapture/10158} BLOCKED
12-08 11:17:36.746 I/AppsFilter( 2051): interaction: PackageSetting{28a3e46 com.example.moonlight_spatialsdk/10176} -> PackageSetting{2e7d292 com.android.captiveportallogin/10028} BLOCKED
12-08 11:17:36.746 I/AppsFilter( 2051): interaction: PackageSetting{28a3e46 com.example.moonlight_spatialsdk/10176} -> PackageSetting{dc95463 com.oculus.panelapp.calendar/10086} BLOCKED
12-08 11:17:36.746 I/AppsFilter( 2051): interaction: PackageSetting{28a3e46 com.example.moonlight_spatialsdk/10176} -> PackageSetting{2ee04f3 com.oculus.highwindservice/10141} BLOCKED
12-08 11:17:36.746 I/AppsFilter( 2051): interaction: PackageSetting{28a3e46 com.example.moonlight_spatialsdk/10176} -> PackageSetting{4d94119 com.meta.pclinkservice.server/10047} BLOCKED
12-08 11:17:36.746 I/AppsFilter( 2051): interaction: PackageSetting{28a3e46 com.example.moonlight_spatialsdk/10176} -> PackageSetting{4ac85de com.meta.transport/10120} BLOCKED
12-08 11:17:36.746 I/AppsFilter( 2051): interaction: PackageSetting{28a3e46 com.example.moonlight_spatialsdk/10176} -> PackageSetting{5f2d3bf com.oculus.configuration/10055} BLOCKED
12-08 11:17:36.747 D/CompatibilityChangeReporter( 2051): Compat change id reported: 265195908; UID 10105; state: ENABLED
12-08 11:17:36.754 I/AppsFilter( 2051): interaction: PackageSetting{28a3e46 com.example.moonlight_spatialsdk/10176} -> PackageSetting{d3a55be com.android.cts.priv.ctsshim/10005} BLOCKED
12-08 11:17:36.754 I/AppsFilter( 2051): interaction: PackageSetting{28a3e46 com.example.moonlight_spatialsdk/10176} -> PackageSetting{6ea961f com.oculus.avatareditor/10085} BLOCKED
12-08 11:17:36.754 I/AppsFilter( 2051): interaction: PackageSetting{28a3e46 com.example.moonlight_spatialsdk/10176} -> PackageSetting{6998d6c com.oculus.updater/10075} BLOCKED
12-08 11:17:36.754 I/AppsFilter( 2051): interaction: PackageSetting{28a3e46 com.example.moonlight_spatialsdk/10176} -> PackageSetting{5b63ca com.sulivan.voicechat/10167} BLOCKED
12-08 11:17:36.754 I/AppsFilter( 2051): interaction: PackageSetting{28a3e46 com.example.moonlight_spatialsdk/10176} -> PackageSetting{6004f35 com.Norainu.MetacityPatrol/10168} BLOCKED
12-08 11:17:36.754 I/AppsFilter( 2051): interaction: PackageSetting{28a3e46 com.example.moonlight_spatialsdk/10176} -> PackageSetting{e420fca com.oculus.magicislandcastingservice/10059} BLOCKED
12-08 11:17:36.754 I/AppsFilter( 2051): interaction: PackageSetting{28a3e46 com.example.moonlight_spatialsdk/10176} -> PackageSetting{32c753b com.oculus.captionservice/10076} BLOCKED
12-08 11:17:36.754 I/AppsFilter( 2051): interaction: PackageSetting{28a3e46 com.example.moonlight_spatialsdk/10176} -> PackageSetting{c481458 com.meta.rl.trust.service/10080} BLOCKED
12-08 11:17:36.754 I/AppsFilter( 2051): interaction: PackageSetting{28a3e46 com.example.moonlight_spatialsdk/10176} -> PackageSetting{4f3a9b1 com.ubisoft.StarTrekTNG/10156} BLOCKED
12-08 11:17:36.754 I/AppsFilter( 2051): interaction: PackageSetting{28a3e46 com.example.moonlight_spatialsdk/10176} -> PackageSetting{9595e96 com.tripp.tripp_client_unity/10169} BLOCKED
12-08 11:17:36.754 I/AppsFilter( 2051): interaction: PackageSetting{28a3e46 com.example.moonlight_spatialsdk/10176} -> PackageSetting{3e32a17 com.facebook.horizon/10118} BLOCKED
12-08 11:17:36.754 I/AppsFilter( 2051): interaction: PackageSetting{28a3e46 com.example.moonlight_spatialsdk/10176} -> PackageSetting{3561e04 com.oculus.browser/10101} BLOCKED
12-08 11:17:36.754 I/AppsFilter( 2051): interaction: PackageSetting{28a3e46 com.example.moonlight_spatialsdk/10176} -> PackageSetting{3e82fed com.android.htmlviewer/10031} BLOCKED
12-08 11:17:36.754 I/AppsFilter( 2051): interaction: PackageSetting{28a3e46 com.example.moonlight_spatialsdk/10176} -> PackageSetting{a3a3f4 com.whatsapp/10114} BLOCKED
12-08 11:17:36.754 I/AppsFilter( 2051): interaction: PackageSetting{28a3e46 com.example.moonlight_spatialsdk/10176} -> PackageSetting{8e650b3 com.oculus.cvp/10094} BLOCKED
12-08 11:17:36.754 I/AppsFilter( 2051): interaction: PackageSetting{28a3e46 com.example.moonlight_spatialsdk/10176} -> PackageSetting{4191670 com.oculus.systemintelligence/10153} BLOCKED
12-08 11:17:36.754 I/AppsFilter( 2051): interaction: PackageSetting{28a3e46 com.example.moonlight_spatialsdk/10176} -> PackageSetting{e24dde9 com.meta.curio.toybox/10117} BLOCKED
12-08 11:17:36.754 I/AppsFilter( 2051): interaction: PackageSetting{28a3e46 com.example.moonlight_spatialsdk/10176} -> PackageSetting{c85aa6e com.meta.shell.env.vista.focused/10166} BLOCKED
12-08 11:17:36.754 I/AppsFilter( 2051): interaction: PackageSetting{28a3e46 com.example.moonlight_spatialsdk/10176} -> PackageSetting{deb450f com.meta.curio.ruler/10111} BLOCKED
12-08 11:17:36.754 I/AppsFilter( 2051): interaction: PackageSetting{28a3e46 com.example.moonlight_spatialsdk/10176} -> PackageSetting{4d1299c com.oculus.accountscenter/10107} BLOCKED
12-08 11:17:36.754 I/AppsFilter( 2051): interaction: PackageSetting{28a3e46 com.example.moonlight_spatialsdk/10176} -> PackageSetting{59e482c com.oculus.identitymanagement.service/10063} BLOCKED
12-08 11:17:36.754 I/AppsFilter( 2051): interaction: PackageSetting{28a3e46 com.example.moonlight_spatialsdk/10176} -> PackageSetting{2646fa5 com.TacticalNounours.QuantumVoid/10143} BLOCKED
12-08 11:17:36.754 I/AppsFilter( 2051): interaction: PackageSetting{28a3e46 com.example.moonlight_spatialsdk/10176} -> PackageSetting{d65ff7a VirtualDesktop.Android/10161} BLOCKED
12-08 11:17:36.754 I/AppsFilter( 2051): interaction: PackageSetting{28a3e46 com.example.moonlight_spatialsdk/10176} -> PackageSetting{aa1232b com.oculus.loneechoavalanche/10165} BLOCKED
12-08 11:17:36.754 I/AppsFilter( 2051): interaction: PackageSetting{28a3e46 com.example.moonlight_spatialsdk/10176} -> PackageSetting{d954388 com.oculus.settings.rro/10119} BLOCKED
12-08 11:17:36.754 I/AppsFilter( 2051): interaction: PackageSetting{28a3e46 com.example.moonlight_spatialsdk/10176} -> PackageSetting{6516121 com.meta.AccountsCenter.pwa/10098} BLOCKED
12-08 11:17:36.754 I/AppsFilter( 2051): interaction: PackageSetting{28a3e46 com.example.moonlight_spatialsdk/10176} -> PackageSetting{cc49946 com.oculus.facebook/10113} BLOCKED
12-08 11:17:36.754 I/AppsFilter( 2051): interaction: PackageSetting{28a3e46 com.example.moonlight_spatialsdk/10176} -> PackageSetting{88cc707 com.meta.android.rro/10001} BLOCKED
12-08 11:17:36.754 I/AppsFilter( 2051): interaction: PackageSetting{28a3e46 com.example.moonlight_spatialsdk/10176} -> PackageSetting{eff1034 com.oculus.integrity/10051} BLOCKED
12-08 11:17:36.754 I/AppsFilter( 2051): interaction: PackageSetting{28a3e46 com.example.moonlight_spatialsdk/10176} -> PackageSetting{5c1ee5d com.android.connectivity.resources/10008} BLOCKED
12-08 11:17:36.754 I/AppsFilter( 2051): interaction: PackageSetting{28a3e46 com.example.moonlight_spatialsdk/10176} -> PackageSetting{32103d2 com.android.modulemetadata/10040} BLOCKED
12-08 11:17:36.754 I/AppsFilter( 2051): interaction: PackageSetting{28a3e46 com.example.moonlight_spatialsdk/10176} -> PackageSetting{aa4cca3 com.twistedpixelgames.PILO/10175} BLOCKED
12-08 11:17:36.754 I/AppsFilter( 2051): interaction: PackageSetting{28a3e46 com.example.moonlight_spatialsdk/10176} -> PackageSetting{796fba0 al.quest.pickleball.forfunlabs/10172} BLOCKED
12-08 11:17:36.754 I/AppsFilter( 2051): interaction: PackageSetting{28a3e46 com.example.moonlight_spatialsdk/10176} -> PackageSetting{9b41359 com.oculus.panelapp.kiosk/10038} BLOCKED
12-08 11:17:36.754 I/AppsFilter( 2051): interaction: PackageSetting{28a3e46 com.example.moonlight_spatialsdk/10176} -> PackageSetting{f678b1e com.oculus.panelapp.settings/10079} BLOCKED
12-08 11:17:36.754 I/AppsFilter( 2051): interaction: PackageSetting{28a3e46 com.example.moonlight_spatialsdk/10176} -> PackageSetting{2ad8fff com.oculus.systemutilities/10048} BLOCKED
12-08 11:17:36.754 I/AppsFilter( 2051): interaction: PackageSetting{28a3e46 com.example.moonlight_spatialsdk/10176} -> PackageSetting{40031cc com.CortopiaStudios.Graves/10145} BLOCKED
12-08 11:17:36.754 I/AppsFilter( 2051): interaction: PackageSetting{28a3e46 com.example.moonlight_spatialsdk/10176} -> PackageSetting{3098c15 com.oculus.firsttimenux/10034} BLOCKED
12-08 11:17:36.754 I/AppsFilter( 2051): interaction: PackageSetting{28a3e46 com.example.moonlight_spatialsdk/10176} -> PackageSetting{fd3b2a com.oculus.store/10088} BLOCKED
12-08 11:17:36.754 I/AppsFilter( 2051): interaction: PackageSetting{28a3e46 com.example.moonlight_spatialsdk/10176} -> PackageSetting{552d1b com.meta.samples.NorthStar/10149} BLOCKED
12-08 11:17:36.754 I/AppsFilter( 2051): interaction: PackageSetting{28a3e46 com.example.moonlight_spatialsdk/10176} -> PackageSetting{5e49eb8 com.oculus.socialplatform/10103} BLOCKED
12-08 11:17:36.754 I/AppsFilter( 2051): interaction: PackageSetting{28a3e46 com.example.moonlight_spatialsdk/10176} -> PackageSetting{503d491 com.oculus.horizonmediaplayer/10108} BLOCKED
12-08 11:17:36.754 I/AppsFilter( 2051): interaction: PackageSetting{28a3e46 com.example.moonlight_spatialsdk/10176} -> PackageSetting{68bdff6 com.android.webview/10042} BLOCKED
12-08 11:17:36.754 I/AppsFilter( 2051): interaction: PackageSetting{28a3e46 com.example.moonlight_spatialsdk/10176} -> PackageSetting{60f7ff7 com.oculus.vrprivacycheckup/10110} BLOCKED
12-08 11:17:36.754 I/AppsFilter( 2051): interaction: PackageSetting{28a3e46 com.example.moonlight_spatialsdk/10176} -> PackageSetting{da0ee64 com.meta.shell.env.vista.central/10160} BLOCKED
12-08 11:17:36.754 I/AppsFilter( 2051): interaction: PackageSetting{28a3e46 com.example.moonlight_spatialsdk/10176} -> PackageSetting{b8028cd com.oculus.panelapp.library/10049} BLOCKED
12-08 11:17:36.754 I/AppsFilter( 2051): interaction: PackageSetting{28a3e46 com.example.moonlight_spatialsdk/10176} -> PackageSetting{d8e0582 horizon.platform.providers/10137} BLOCKED
12-08 11:17:36.754 I/AppsFilter( 2051): interaction: PackageSetting{28a3e46 com.example.moonlight_spatialsdk/10176} -> PackageSetting{fb22493 com.oculus.systemresource/10097} BLOCKED
12-08 11:17:36.754 I/AppsFilter( 2051): interaction: PackageSetting{28a3e46 com.example.moonlight_spatialsdk/10176} -> PackageSetting{2b08cd0 com.microsoft.rdc.androidx/10157} BLOCKED
12-08 11:17:36.754 I/AppsFilter( 2051): interaction: PackageSetting{28a3e46 com.example.moonlight_spatialsdk/10176} -> PackageSetting{8f384c9 com.gameboomvr.CookingSimulatorVR/10152} BLOCKED
12-08 11:17:36.754 I/AppsFilter( 2051): interaction: PackageSetting{28a3e46 com.example.moonlight_spatialsdk/10176} -> PackageSetting{e9af7ce com.oculus.guardiansetup/10142} BLOCKED
12-08 11:17:36.754 I/AppsFilter( 2051): interaction: PackageSetting{28a3e46 com.example.moonlight_spatialsdk/10176} -> PackageSetting{6d076ef com.oculus.hzosgallery/10121} BLOCKED
12-08 11:17:36.754 I/AppsFilter( 2051): interaction: PackageSetting{28a3e46 com.example.moonlight_spatialsdk/10176} -> PackageSetting{6d9a5fc horizon.platform.service/10140} BLOCKED
12-08 11:17:36.754 I/AppsFilter( 2051): interaction: PackageSetting{28a3e46 com.example.moonlight_spatialsdk/10176} -> PackageSetting{826a485 horizonos.theme.quest.rro/10037} BLOCKED
12-08 11:17:36.754 I/AppsFilter( 2051): interaction: PackageSetting{28a3e46 com.example.moonlight_spatialsdk/10176} -> PackageSetting{272c2da com.oculus.os.qrcodereader/10057} BLOCKED
12-08 11:17:36.754 I/AppsFilter( 2051): interaction: PackageSetting{28a3e46 com.example.moonlight_spatialsdk/10176} -> PackageSetting{3146873 com.android.wifi.resources/10003} BLOCKED
12-08 11:17:36.754 I/AppsFilter( 2051): interaction: PackageSetting{28a3e46 com.example.moonlight_spatialsdk/10176} -> PackageSetting{d7930b com.meta.mqdh.mqdhservice/10174} BLOCKED
12-08 11:17:36.754 I/AppsFilter( 2051): interaction: PackageSetting{28a3e46 com.example.moonlight_spatialsdk/10176} -> PackageSetting{1925e8 com.oculus.systemux/10066} BLOCKED
12-08 11:17:36.755 I/AppsFilter( 2051): interaction: PackageSetting{28a3e46 com.example.moonlight_spatialsdk/10176} -> PackageSetting{db20401 com.meta.surfacetypingnux/10151} BLOCKED
12-08 11:17:36.755 I/AppsFilter( 2051): interaction: PackageSetting{28a3e46 com.example.moonlight_spatialsdk/10176} -> PackageSetting{bca32a6 com.oculus.oemconfig/10036} BLOCKED
12-08 11:17:36.755 I/AppsFilter( 2051): interaction: PackageSetting{28a3e46 com.example.moonlight_spatialsdk/10176} -> PackageSetting{2ea54e7 com.meta.handseducationmodule/10104} BLOCKED
12-08 11:17:36.755 I/AppsFilter( 2051): interaction: PackageSetting{28a3e46 com.example.moonlight_spatialsdk/10176} -> PackageSetting{54eb894 com.oculus.remotedesktop/10109} BLOCKED
12-08 11:17:36.755 I/AppsFilter( 2051): interaction: PackageSetting{28a3e46 com.example.moonlight_spatialsdk/10176} -> PackageSetting{539df3d com.meta.federatedcomputing.oculus/10067} BLOCKED
12-08 11:17:36.755 I/AppsFilter( 2051): interaction: PackageSetting{28a3e46 com.example.moonlight_spatialsdk/10176} -> PackageSetting{1d6d332 com.oculus.q4bservice/10039} BLOCKED
12-08 11:17:36.755 I/AppsFilter( 2051): interaction: PackageSetting{28a3e46 com.example.moonlight_spatialsdk/10176} -> PackageSetting{77d5883 com.oculus.guidebook/10099} BLOCKED
12-08 11:17:36.755 I/AppsFilter( 2051): interaction: PackageSetting{28a3e46 com.example.moonlight_spatialsdk/10176} -> PackageSetting{9a8ca00 horizonos.supplement.metauniverse.libraryapk/10150} BLOCKED
12-08 11:17:36.755 I/AppsFilter( 2051): interaction: PackageSetting{28a3e46 com.example.moonlight_spatialsdk/10176} -> PackageSetting{66a3239 com.oculus.igvr/10116} BLOCKED
12-08 11:17:36.755 I/AppsFilter( 2051): interaction: PackageSetting{28a3e46 com.example.moonlight_spatialsdk/10176} -> PackageSetting{79af07e com.oculus.mrds/10087} BLOCKED
12-08 11:17:36.755 I/AppsFilter( 2051): interaction: PackageSetting{28a3e46 com.example.moonlight_spatialsdk/10176} -> PackageSetting{1b2f9df com.AnotherAxiom.A2/10070} BLOCKED
12-08 11:17:36.755 I/AppsFilter( 2051): interaction: PackageSetting{28a3e46 com.example.moonlight_spatialsdk/10176} -> PackageSetting{2d0862c com.facebook.orca/10112} BLOCKED
12-08 11:17:36.755 I/AppsFilter( 2051): interaction: PackageSetting{28a3e46 com.example.moonlight_spatialsdk/10176} -> PackageSetting{db2b8f5 com.facebook.workrooms/10163} BLOCKED
12-08 11:17:36.755 I/AppsFilter( 2051): interaction: PackageSetting{28a3e46 com.example.moonlight_spatialsdk/10176} -> PackageSetting{bf1968a quest.eleven.forfunlabs/10171} BLOCKED
12-08 11:17:36.755 I/AppsFilter( 2051): interaction: PackageSetting{28a3e46 com.example.moonlight_spatialsdk/10176} -> PackageSetting{a7754fb com.oculus.tv/10091} BLOCKED
12-08 11:17:36.755 I/AppsFilter( 2051): interaction: PackageSetting{28a3e46 com.example.moonlight_spatialsdk/10176} -> PackageSetting{5d5d918 com.oculus.panelapp.devicepairing/10138} BLOCKED
12-08 11:17:36.798 D/CompatibilityChangeReporter( 2051): Compat change id reported: 135634846; UID 10077; state: DISABLED
12-08 11:17:36.798 D/CompatibilityChangeReporter( 2051): Compat change id reported: 177438394; UID 10077; state: DISABLED
12-08 11:17:36.798 D/CompatibilityChangeReporter( 2051): Compat change id reported: 135772972; UID 10077; state: DISABLED
12-08 11:17:36.798 D/CompatibilityChangeReporter( 2051): Compat change id reported: 135754954; UID 10077; state: ENABLED
12-08 11:17:36.798 D/CompatibilityChangeReporter( 2051): Compat change id reported: 143937733; UID 10077; state: ENABLED
12-08 11:17:36.802 D/CompatibilityChangeReporter( 2051): Compat change id reported: 170503758; UID 10105; state: DISABLED
12-08 11:17:36.810 I/ActivityManager( 2051): Start proc 22123:com.oculus.assistant/u0a77 for broadcast {com.oculus.assistant/com.oculus.deviceconfigclient.DeviceConfigClientReceiver}
12-08 11:17:36.827 D/CompatibilityChangeReporter( 2051): Compat change id reported: 168419799; UID 10077; state: DISABLED
12-08 11:17:36.828 D/CompatibilityChangeReporter( 2051): Compat change id reported: 273564678; UID 10077; state: DISABLED
12-08 11:17:36.834 I/ActivityManager( 2051): Flag disabled. Ignoring finishAttachApplication from uid: 10051. pid: 22033
12-08 11:17:36.834 D/CompatibilityChangeReporter( 2051): Compat change id reported: 265195908; UID 10077; state: ENABLED
12-08 11:17:36.844 V/ActivityManager( 2051): bindService: Intent { cmp=com.oculus.horizon/com.facebook.mobileconfigservice.service.MobileConfigService } type=null conn=android.os.BinderProxy@f147aad flags=0x5
12-08 11:17:36.844 D/CompatibilityChangeReporter( 2051): Compat change id reported: 261072174; UID 10096; state: DISABLED
12-08 11:17:36.886 D/CompatibilityChangeReporter( 2051): Compat change id reported: 170503758; UID 10077; state: ENABLED
12-08 11:17:36.924 D/CompatibilityChangeReporter( 2051): Compat change id reported: 135634846; UID 10099; state: DISABLED
12-08 11:17:36.924 D/CompatibilityChangeReporter( 2051): Compat change id reported: 177438394; UID 10099; state: DISABLED
12-08 11:17:36.924 D/CompatibilityChangeReporter( 2051): Compat change id reported: 135772972; UID 10099; state: DISABLED
12-08 11:17:36.924 D/CompatibilityChangeReporter( 2051): Compat change id reported: 135754954; UID 10099; state: DISABLED
12-08 11:17:36.924 D/CompatibilityChangeReporter( 2051): Compat change id reported: 143937733; UID 10099; state: DISABLED
12-08 11:17:36.939 I/ActivityManager( 2051): Start proc 22157:com.oculus.guidebook/u0a99 for broadcast {com.oculus.guidebook/com.oculus.deviceconfigclient.DeviceConfigClientReceiver}
12-08 11:17:36.969 D/CompatibilityChangeReporter( 2051): Compat change id reported: 168419799; UID 10099; state: DISABLED
12-08 11:17:36.969 D/CompatibilityChangeReporter( 2051): Compat change id reported: 273564678; UID 10099; state: DISABLED
12-08 11:17:36.971 D/CompatibilityChangeReporter( 2051): Compat change id reported: 265195908; UID 10099; state: ENABLED
12-08 11:17:36.986 D/CompatibilityChangeReporter( 2051): Compat change id reported: 170503758; UID 10099; state: DISABLED
12-08 11:17:37.008 D/JobServiceContext( 2051): Scheduling time out for '.casting.DeviceBootJobService' jId: 1828726847, in 18 s
12-08 11:17:37.008 V/ActivityManager( 2051): bindService: Intent { flg=0x4 cmp=com.oculus.metacam/.casting.DeviceBootJobService } type=null conn=android.app.LoadedApk$ServiceDispatcher$InnerConnection@7f86c25 flags=0x8105
12-08 11:17:37.012 D/JobServiceContext( 2051): handleServiceBound for 7f6ef99 #u0a93/1828726847 com.oculus.metacam/.casting.DeviceBootJobService
12-08 11:17:37.012 D/JobServiceContext( 2051): Scheduling time out for '.casting.DeviceBootJobService' jId: 1828726847, in 8 s
12-08 11:17:37.013 D/JobServiceContext( 2051): doCallback of : JobStatus{7f6ef99 #u0a93/1828726847 com.oculus.metacam/.casting.DeviceBootJobService u=0 s=10093 TIME=-1s257ms:none READY} v:VERB_STARTING
12-08 11:17:37.013 D/JobServiceContext( 2051): Scheduling time out for '.casting.DeviceBootJobService' jId: 1828726847, in 300 s
12-08 11:17:37.020 D/JobServiceContext( 2051): doCallback of : JobStatus{7f6ef99 #u0a93/1828726847 com.oculus.metacam/.casting.DeviceBootJobService u=0 s=10093 TIME=-1s263ms:none READY} v:VERB_EXECUTING
12-08 11:17:37.020 D/JobServiceContext( 2051): Cleaning up 7f6ef99 #u0a93/1828726847 com.oculus.metacam/.casting.DeviceBootJobService reschedule=false reason=app called jobFinished
12-08 11:17:37.025 V/ActivityManager( 2051): bindService: Intent { cmp=com.oculus.horizon/com.facebook.mobileconfigservice.service.MobileConfigService } type=null conn=android.os.BinderProxy@7a2c538 flags=0x5
12-08 11:17:37.025 D/CompatibilityChangeReporter( 2051): Compat change id reported: 261072174; UID 10051; state: DISABLED
12-08 11:17:37.026 D/CompatibilityChangeReporter( 2051): Compat change id reported: 271850009; UID 10096; state: DISABLED
12-08 11:17:37.026 D/CompatibilityChangeReporter( 2051): Compat change id reported: 253665015; UID 10096; state: DISABLED
12-08 11:17:37.026 D/CompatibilityChangeReporter( 2051): Compat change id reported: 194532703; UID 10096; state: DISABLED
12-08 11:17:37.057 I/ActivityManager( 2051): Flag disabled. Ignoring finishAttachApplication from uid: 10105. pid: 22098
12-08 11:17:37.152 I/logd_ext(    0): dropped 5000 logs
12-08 11:17:37.192 I/ActivityManager( 2051): Flag disabled. Ignoring finishAttachApplication from uid: 10077. pid: 22123
12-08 11:17:37.211 V/ActivityManager( 2051): bindService: Intent { cmp=com.oculus.horizon/com.facebook.mobileconfigservice.service.MobileConfigService } type=null conn=android.os.BinderProxy@93f1c1a flags=0x5
12-08 11:17:37.212 D/CompatibilityChangeReporter( 2051): Compat change id reported: 261072174; UID 10079; state: DISABLED
12-08 11:17:37.220 I/ActivityManager( 2051): Flag disabled. Ignoring finishAttachApplication from uid: 10079. pid: 22070
--------- beginning of main
12-08 11:17:37.226 D/[SEO] VrNotificationSeenStateTracker( 4168): setSeenState - seen state for key [0|com.oculus.metacam|50008|null|10093] had a cached value of [UNSEEN_AND_UNREAD]. The attempted update for after is [UNSEEN_AND_UNREAD]. Updated? false
12-08 11:17:37.226 D/[SEO] VrNotificationListenerService( 4168): setSeenState() - notification key [0|com.oculus.metacam|50008|null|10093]: was seen state tracker updated? [false] was sbn seen state updated? [false]
12-08 11:17:37.226 I/[SEO] VrNotificationListenerService( 4168): addNotificationToCache() - key = 0|com.oculus.metacam|50008|null|10093, type = unspecified, isToast = false, isBlocked with reason = true Blocked by does not contain all markers for a toast notification
12-08 11:17:37.226 V/[SEO] VrNotificationListenerService( 4168): isNotificationAToast() - isToastPriority = false, sbn.key = 0|com.oculus.metacam|50008|null|10093
12-08 11:17:37.226 V/[SEO] VrNotificationListenerService( 4168): isNotificationAToast() - isValidToast = false, sbn.key = 0|com.oculus.metacam|50008|null|10093
12-08 11:17:37.226 V/[SEO] VrNotificationListenerService( 4168): isNotificationAToast() - isWifiCaptivePortal = false, sbn.key = 0|com.oculus.metacam|50008|null|10093
12-08 11:17:37.226 V/[SEO] VrNotificationListenerService( 4168): isNotificationAToast() - isRecommendation = false, sbn.key = 0|com.oculus.metacam|50008|null|10093
12-08 11:17:37.226 D/VrNotificationAnalytics( 4168): logNotificationPosted: key(0|com.oculus.metacam|50008|null|10093), type(unspecified), isToast(false)
12-08 11:17:37.228 E/DeviceConfigClientReceiver(22070): Some error occurred.
12-08 11:17:37.238 I/OpenXR_Anchor( 4168): xrQuerySpacesFB: no split anchor query enabled
12-08 11:17:37.238 I/[CT]    ( 4168): SP:AF:InsightAnchorApi: QueryAnchorSpaces loadAndQueryAvailableAnchors flow. (task start) duration: 0.000000000 [sec], flags: 44, location: StorageLocation::LOCAL(1), method: 1, request: 289, source: SourceType::LIVE_TRACKER(1)
12-08 11:17:37.238 W/[SEO] AnchorManagementSystem( 4168): No spatial anchor for uuid 1eedc47c-dbc7-8fe2-ab42-e2b339b9f08a
12-08 11:17:37.240 I/[CT]    ( 4168): RuntimeIpcHelper: RuntimeIpcClient::CALL_RPC isAsync: true, func: loadAvailableAnchors
12-08 11:17:37.240 I/[CT]    ( 4801): SP:AP:AnchorPersistenceRuntimeIpcServer: checkRPC start: sessionUuid:a583813b-76fc-d6c6-c3fc-f4b54f4872ef, clientId:197008253, givenPackageName:com.oculus.vrshell
12-08 11:17:37.240 I/[CT]    ( 4801): SP:AP:AnchorPersistenceRuntimeIpcServer: checkPackageAccess - detectedPackageName:com.oculus.vrshell, detectedProcessName:com.oculus.vrshell, givenPackageName:com.oculus.vrshell
12-08 11:17:37.240 I/[CT]    ( 4801): SP:AP:AnchorPersistenceRuntimeIpcServer: checkRPC package name matches: sessionUuid:a583813b-76fc-d6c6-c3fc-f4b54f4872ef, clientId:197008253, givenPackageName:com.oculus.vrshell, detectedPackageName:com.oculus.vrshell, detectedProcessName:com.oculus.vrshell
12-08 11:17:37.240 I/[CT]    ( 4801): SP:AP:AnchorPersistenceRuntimeIpcServer: queryAvailableAnchorsSMV2: clientId: 197008253, maxAnchors: 500, filter: 0, queryMultipleRoomsEnabledByOpenXrVersion: true, source: 1, appId: com.oculus.vrshell
12-08 11:17:37.240 I/[CT]    ( 4801): SP:AP:AnchorPersistenceConfig: getSceneRuntimePermissionEnabled: USE_SCENE permission is enabled on this device
12-08 11:17:37.240 I/[CT]    ( 4801): SP:AP:AnchorPersistenceScenePermissions: hasClientGrantedScenePermission: USE_SCENE permission is enabled on this device, check client 197008253, grant is true
12-08 11:17:37.240 I/[CT]    ( 4801): SP:AP:AnchorPersistenceConfig: getSceneRuntimePermissionEnabled: USE_SCENE permission is enabled on this device
12-08 11:17:37.241 I/[CT]    ( 4801): SP:SceneAnchorFilterUtil: filterSceneDataByPermission: com.oculus.vrshell permission check passed, keep scene data. anchors size: 1
12-08 11:17:37.242 I/[CT]    ( 4168): SP:AF:InsightAnchorApi: QueryAnchorSpaces (task finish) returnCode: AnchorResultCode::SUCCESS(0), numSpacesFound: 1, spacesFoundUuids: [1eedc47c-dbc7-8fe2-ab42-e2b339b9f08a], duration: 0.000000000 [sec], flags: 44, location: 1, method: 1, request: 289
12-08 11:17:37.248 I/GraphicsGovernor( 3567): Dynamic Foveation Lvl 3, Min Foveation Lvl 3, DynRes Enabled 1, DynRes Scaler 1.000000
12-08 11:17:37.249 W/BackgroundStartupDetector(22070): coldStartMode=DEFINITELY_BACKGROUND
12-08 11:17:37.249 W/BackgroundStartupDetector(22070): bgMode=BACKGROUND
12-08 11:17:37.254 I/[CT]    ( 4168): SP:TREX:SpatialPersistencePlugin: Event type: 5
12-08 11:17:37.254 I/[CT]    ( 4168): SP:TREX:SpatialPersistencePlugin: Event type: 6
12-08 11:17:37.254 I/TREX    ( 4168): Spatial Persistence event: QuerySpacesFound
12-08 11:17:37.254 I/TREX    ( 4168): Updating enabled data components from query results for entity type 2
12-08 11:17:37.254 I/TREX    ( 4168): Spatial Persistence event: QuerySpacesFinish
12-08 11:17:37.254 W/RuntimeTelemetryThread( 4168): [OpenXR_Anchor] setting XR_SPACE_COMPONENT_TYPE_STORABLE_FB is unsupported for this space; 
12-08 11:17:37.254 W/RuntimeTelemetryThread( 4168): [OpenXR_Anchor] component enabled cannot be changed; 5
12-08 11:17:37.254 I/OpenXR_DynamicObject( 4168): ------------ xrGetSpaceDynamicObjectDataMETA -----------
12-08 11:17:37.261 I/[NAV][BAR] GetNotificationBadgeCountUseCase(18561): Received unread notification count: 5
12-08 11:17:37.277 I/DynamicObjectClient( 4801): Query Dynamic Object Tracker anchors
12-08 11:17:37.277 I/DynamicObjectClient( 4801): Adding object to anchor list
12-08 11:17:37.277 I/DynamicObjectClient( 4801): kbAnchorOpt_ already exists, reusing
12-08 11:17:37.278 D/ConfigStorageCacheV2(22123): Create Representation from StorageCache
12-08 11:17:37.284 I/ApplicationAttributes(21683): IsSystem 0
12-08 11:17:37.284 W/SoLoader(22157): Loading verifier on the main thread
12-08 11:17:37.285 W/SoLoader(22157): Loading fb on the main thread
12-08 11:17:37.285 W/SoLoader(22157): Loading fb on the main thread
12-08 11:17:37.285 D/AssistantEventSanitizerProvider(22123): Sanitizing event: assistant_client_interaction
12-08 11:17:37.296 E/QPLProvider(22098): QuickPerformanceLogger instance wasn't installed in provider, returning noop. Please call QuickPerformanceLoggerProvider.setQuickPerformanceLogger() before getting the instance.
12-08 11:17:37.296 E/QPLProvider(22098): java.lang.IllegalStateException: No QPL instance provided
12-08 11:17:37.296 E/QPLProvider(22098): 	at X.003.A0f(:2)
12-08 11:17:37.296 E/QPLProvider(22098): 	at com.facebook.quicklog.QuickPerformanceLoggerProvider.getQPLInstance(:6)
12-08 11:17:37.296 E/QPLProvider(22098): 	at X.0Zg.A01(:15)
12-08 11:17:37.296 E/QPLProvider(22098): 	at X.0r6.<init>(:27)
12-08 11:17:37.296 E/QPLProvider(22098): 	at X.0r9.A00(:13)
12-08 11:17:37.296 E/QPLProvider(22098): 	at X.0s4.A8j(:2136)
12-08 11:17:37.296 E/QPLProvider(22098): 	at X.0gC.getValue(:18)
12-08 11:17:37.296 E/QPLProvider(22098): 	at X.0fK.A00(:70)
12-08 11:17:37.296 E/QPLProvider(22098): 	at X.0rT.<init>(:34)
12-08 11:17:37.296 E/QPLProvider(22098): 	at X.0v9.A00(:136)
12-08 11:17:37.296 E/QPLProvider(22098): 	at X.0p5.A00(:79)
12-08 11:17:37.296 E/QPLProvider(22098): 	at X.0pA.A00(:6)
12-08 11:17:37.296 E/QPLProvider(22098): 	at X.1Ri.A00(:142)
12-08 11:17:37.296 E/QPLProvider(22098): 	at X.0p5.A00(:108)
12-08 11:17:37.296 E/QPLProvider(22098): 	at X.0pA.A00(:6)
12-08 11:17:37.296 E/QPLProvider(22098): 	at X.1Ri.A00(:142)
12-08 11:17:37.296 E/QPLProvider(22098): 	at X.0q5.A03(:210)
12-08 11:17:37.296 E/QPLProvider(22098): 	at X.1WM.AHe(:7)
12-08 11:17:37.296 E/QPLProvider(22098): 	at X.1WF.run(:108)
12-08 11:17:37.296 E/QPLProvider(22098): 	at X.1Yl.A01(:0)
12-08 11:17:37.296 E/QPLProvider(22098): 	at X.1Ym.run(:99)
12-08 11:17:37.296 E/QPLProvider(22098): QuickPerformanceLogger instance wasn't installed in provider, returning noop. Please call QuickPerformanceLoggerProvider.setQuickPerformanceLogger() before getting the instance.
12-08 11:17:37.296 E/QPLProvider(22098): java.lang.IllegalStateException: No QPL instance provided
12-08 11:17:37.296 E/QPLProvider(22098): 	at X.003.A0f(:2)
12-08 11:17:37.296 E/QPLProvider(22098): 	at com.facebook.quicklog.QuickPerformanceLoggerProvider.getQPLInstance(:6)
12-08 11:17:37.296 E/QPLProvider(22098): 	at X.0Zg.A01(:27)
12-08 11:17:37.296 E/QPLProvider(22098): 	at X.0r6.<init>(:27)
12-08 11:17:37.296 E/QPLProvider(22098): 	at X.0r9.A00(:13)
12-08 11:17:37.296 E/QPLProvider(22098): 	at X.0s4.A8j(:2136)
12-08 11:17:37.296 E/QPLProvider(22098): 	at X.0gC.getValue(:18)
12-08 11:17:37.296 E/QPLProvider(22098): 	at X.0fK.A00(:70)
12-08 11:17:37.296 E/QPLProvider(22098): 	at X.0rT.<init>(:34)
12-08 11:17:37.296 E/QPLProvider(22098): 	at X.0v9.A00(:136)
12-08 11:17:37.296 E/QPLProvider(22098): 	at X.0p5.A00(:79)
12-08 11:17:37.296 E/QPLProvider(22098): 	at X.0pA.A00(:6)
12-08 11:17:37.296 E/QPLProvider(22098): 	at X.1Ri.A00(:142)
12-08 11:17:37.296 E/QPLProvider(22098): 	at X.0p5.A00(:108)
12-08 11:17:37.296 E/QPLProvider(22098): 	at X.0pA.A00(:6)
12-08 11:17:37.296 E/QPLProvider(22098): 	at X.1Ri.A00(:142)
12-08 11:17:37.296 E/QPLProvider(22098): 	at X.0q5.A03(:210)
12-08 11:17:37.296 E/QPLProvider(22098): 	at X.1WM.AHe(:7)
12-08 11:17:37.296 E/QPLProvider(22098): 	at X.1WF.run(:108)
12-08 11:17:37.296 E/QPLProvider(22098): 	at X.1Yl.A01(:0)
12-08 11:17:37.296 E/QPLProvider(22098): 	at X.1Ym.run(:99)
12-08 11:17:37.296 E/QPLProvider(22098): QuickPerformanceLogger instance wasn't installed in provider, returning noop. Please call QuickPerformanceLoggerProvider.setQuickPerformanceLogger() before getting the instance.
12-08 11:17:37.296 E/QPLProvider(22098): java.lang.IllegalStateException: No QPL instance provided
12-08 11:17:37.296 E/QPLProvider(22098): 	at X.003.A0f(:2)
12-08 11:17:37.296 E/QPLProvider(22098): 	at com.facebook.quicklog.QuickPerformanceLoggerProvider.getQPLInstance(:6)
12-08 11:17:37.296 E/QPLProvider(22098): 	at X.0Zg.A01(:51)
12-08 11:17:37.296 E/QPLProvider(22098): 	at X.0r6.<init>(:27)
12-08 11:17:37.296 E/QPLProvider(22098): 	at X.0r9.A00(:13)
12-08 11:17:37.296 E/QPLProvider(22098): 	at X.0s4.A8j(:2136)
12-08 11:17:37.296 E/QPLProvider(22098): 	at X.0gC.getValue(:18)
12-08 11:17:37.296 E/QPLProvider(22098): 	at X.0fK.A00(:70)
12-08 11:17:37.296 E/QPLProvider(22098): 	at X.0rT.<init>(:34)
12-08 11:17:37.296 E/QPLProvider(22098): 	at X.0v9.A00(:136)
12-08 11:17:37.296 E/QPLProvider(22098): 	at X.0p5.A00(:79)
12-08 11:17:37.296 E/QPLProvider(22098): 	at X.0pA.A00(:6)
12-08 11:17:37.296 E/QPLProvider(22098): 	at X.1Ri.A00(:142)
12-08 11:17:37.296 E/QPLProvider(22098): 	at X.0p5.A00(:108)
12-08 11:17:37.296 E/QPLProvider(22098): 	at X.0pA.A00(:6)
12-08 11:17:37.296 E/QPLProvider(22098): 	at X.1Ri.A00(:142)
12-08 11:17:37.296 E/QPLProvider(22098): 	at X.0q5.A03(:210)
12-08 11:17:37.296 E/QPLProvider(22098): 	at X.1WM.AHe(:7)
12-08 11:17:37.296 E/QPLProvider(22098): 	at X.1WF.run(:108)
12-08 11:17:37.296 E/QPLProvider(22098): 	at X.1Yl.A01(:0)
12-08 11:17:37.296 E/QPLProvider(22098): 	at X.1Ym.run(:99)
12-08 11:17:37.296 E/QPLProvider(22098): QuickPerformanceLogger instance wasn't installed in provider, returning noop. Please call QuickPerformanceLoggerProvider.setQuickPerformanceLogger() before getting the instance.
12-08 11:17:37.296 E/QPLProvider(22098): java.lang.IllegalStateException: No QPL instance provided
12-08 11:17:37.296 E/QPLProvider(22098): 	at X.003.A0f(:2)
12-08 11:17:37.296 E/QPLProvider(22098): 	at com.facebook.quicklog.QuickPerformanceLoggerProvider.getQPLInstance(:6)
12-08 11:17:37.296 E/QPLProvider(22098): 	at X.0Zg.A01(:66)
12-08 11:17:37.296 E/QPLProvider(22098): 	at X.0r6.<init>(:27)
12-08 11:17:37.296 E/QPLProvider(22098): 	at X.0r9.A00(:13)
12-08 11:17:37.296 E/QPLProvider(22098): 	at X.0s4.A8j(:2136)
12-08 11:17:37.296 E/QPLProvider(22098): 	at X.0gC.getValue(:18)
12-08 11:17:37.296 E/QPLProvider(22098): 	at X.0fK.A00(:70)
12-08 11:17:37.296 E/QPLProvider(22098): 	at X.0rT.<init>(:34)
12-08 11:17:37.296 E/QPLProvider(22098): 	at X.0v9.A00(:136)
12-08 11:17:37.296 E/QPLProvider(22098): 	at X.0p5.A00(:79)
12-08 11:17:37.296 E/QPLProvider(22098): 	at X.0pA.A00(:6)
12-08 11:17:37.296 E/QPLProvider(22098): 	at X.1Ri.A00(:142)
12-08 11:17:37.296 E/QPLProvider(22098): 	at X.0p5.A00(:108)
12-08 11:17:37.296 E/QPLProvider(22098): 	at X.0pA.A00(:6)
12-08 11:17:37.296 E/QPLProvider(22098): 	at X.1Ri.A00(:142)
12-08 11:17:37.296 E/QPLProvider(22098): 	at X.0q5.A03(:210)
12-08 11:17:37.296 E/QPLProvider(22098): 	at X.1WM.AHe(:7)
12-08 11:17:37.296 E/QPLProvider(22098): 	at X.1WF.run(:108)
12-08 11:17:37.296 E/QPLProvider(22098): 	at X.1Yl.A01(:0)
12-08 11:17:37.296 E/QPLProvider(22098): 	at X.1Ym.run(:99)
12-08 11:17:37.293 V/v9p     (22157): Disabled
12-08 11:17:37.301 I/ActivityManager( 2051): Flag disabled. Ignoring finishAttachApplication from uid: 10099. pid: 22157
12-08 11:17:37.304 D/CompatibilityChangeReporter(22123): Compat change id reported: 160794467; UID 10077; state: ENABLED
12-08 11:17:37.310 D/ConfigStorageCacheV2(22123): Finished reading cache, successfully read 1315 params out of 1315
12-08 11:17:37.314 E/QPLProvider(22098): QuickPerformanceLogger instance wasn't installed in provider, returning noop. Please call QuickPerformanceLoggerProvider.setQuickPerformanceLogger() before getting the instance.
12-08 11:17:37.314 E/QPLProvider(22098): java.lang.IllegalStateException: No QPL instance provided
12-08 11:17:37.314 E/QPLProvider(22098): 	at X.003.A0f(:2)
12-08 11:17:37.314 E/QPLProvider(22098): 	at com.facebook.quicklog.QuickPerformanceLoggerProvider.getQPLInstance(:6)
12-08 11:17:37.314 E/QPLProvider(22098): 	at X.0Zg.A01(:77)
12-08 11:17:37.314 E/QPLProvider(22098): 	at X.0r6.<init>(:27)
12-08 11:17:37.314 E/QPLProvider(22098): 	at X.0r9.A00(:13)
12-08 11:17:37.314 E/QPLProvider(22098): 	at X.0s4.A8j(:2136)
12-08 11:17:37.314 E/QPLProvider(22098): 	at X.0gC.getValue(:18)
12-08 11:17:37.314 E/QPLProvider(22098): 	at X.0fK.A00(:70)
