12-08 11:31:09.463 D/DisplayManagerService( 2051): Drop pending events for gone uid 10109
12-08 11:31:09.466 I/PackageWatchdog( 2051): Syncing health check requests for packages: {}
12-08 11:31:09.466 D/ExplicitHealthCheckController( 2051): Getting health check supported packages
12-08 11:31:09.466 I/PackageWatchdog( 2051): Syncing health check requests for packages: {}
12-08 11:31:09.466 D/ExplicitHealthCheckController( 2051): Getting health check supported packages
12-08 11:31:09.466 I/ExplicitHealthCheckController( 2051): Explicit health check supported packages [PackageConfig{com.android.networkstack, 86400000}]
12-08 11:31:09.466 I/ExplicitHealthCheckController( 2051): Explicit health check supported packages [PackageConfig{com.android.networkstack, 86400000}]
12-08 11:31:09.466 D/PackageWatchdog( 2051): Received supported packages [PackageConfig{com.android.networkstack, 86400000}]
12-08 11:31:09.466 D/ExplicitHealthCheckController( 2051): Getting health check requested packages
12-08 11:31:09.466 D/PackageWatchdog( 2051): Received supported packages [PackageConfig{com.android.networkstack, 86400000}]
12-08 11:31:09.466 D/ExplicitHealthCheckController( 2051): Getting health check requested packages
12-08 11:31:09.467 I/ExplicitHealthCheckController( 2051): Explicit health check requested packages []
12-08 11:31:09.467 I/ExplicitHealthCheckController( 2051): No more health check requests, unbinding...
12-08 11:31:09.467 I/ExplicitHealthCheckController( 2051): Explicit health check requested packages []
12-08 11:31:09.467 I/ExplicitHealthCheckController( 2051): Explicit health check service is unbound
12-08 11:31:09.467 I/ExplicitHealthCheckController( 2051): No more health check requests, unbinding...
12-08 11:31:09.467 I/ExplicitHealthCheckController( 2051): Explicit health check service is unbound
12-08 11:31:09.483 I/RescueParty( 2051): Starting to observe: [android, com.oculus.configuration], updated namespace: hand_body_native
12-08 11:31:09.483 I/PackageWatchdog( 2051): Syncing state, reason: observing new packages
12-08 11:31:09.483 D/PackageWatchdog( 2051): rescue-party-observer added the following packages to monitor [android, com.oculus.configuration]
12-08 11:31:09.483 I/PackageWatchdog( 2051): Syncing state, reason: updated observers
12-08 11:31:09.483 I/PackageWatchdog( 2051): Not pruning observers, elapsed time: 0ms
12-08 11:31:09.483 I/PackageWatchdog( 2051): Saving observer state to file
12-08 11:31:09.496 I/oom_reaper(    0): reaped process 27457 (l.trust.service), now anon-rss:0kB, file-rss:32kB, shmem-rss:752kB
12-08 11:31:09.499 W/healthd (    0): battery l=100 v=4327 t=35.0 h=2 st=5 c=-855123 fc=4798000 cc=18 chg=a
12-08 11:31:09.487 I/PackageWatchdog( 2051): Syncing health check requests for packages: {}
12-08 11:31:09.487 I/ExplicitHealthCheckController( 2051): Service not ready to get health check supported packages. Binding...
12-08 11:31:09.490 V/ActivityManager( 2051): bindService: Intent { cmp=android.ext.services/.watchdog.ExplicitHealthCheckServiceImpl } type=null conn=android.app.LoadedApk$ServiceDispatcher$InnerConnection@ae73a4d flags=0x1
12-08 11:31:09.493 I/ExplicitHealthCheckController( 2051): Explicit health check service is bound
12-08 11:31:09.493 I/ActivityManager( 2051): Process com.meta.rl.trust.service (pid 27457) has died: cch+5 CEM 
12-08 11:31:09.493 D/DisplayManagerService( 2051): Drop pending events for gone uid 10080
12-08 11:31:09.495 I/ExplicitHealthCheckController( 2051): Explicit health check service is connected ComponentInfo{android.ext.services/android.ext.services.watchdog.ExplicitHealthCheckServiceImpl}
12-08 11:31:09.495 I/ExplicitHealthCheckController( 2051): Service initialized, syncing requests
12-08 11:31:09.495 I/PackageWatchdog( 2051): Syncing health check requests for packages: {}
12-08 11:31:09.495 D/ExplicitHealthCheckController( 2051): Getting health check supported packages
12-08 11:31:09.496 I/RescueParty( 2051): Starting to observe: [android, com.oculus.configuration], updated namespace: hzos_rescue_party_native
12-08 11:31:09.496 I/PackageWatchdog( 2051): Syncing state, reason: observing new packages
12-08 11:31:09.496 D/PackageWatchdog( 2051): rescue-party-observer added the following packages to monitor [android, com.oculus.configuration]
12-08 11:31:09.496 I/PackageWatchdog( 2051): Syncing state, reason: updated observers
12-08 11:31:09.496 I/PackageWatchdog( 2051): Not pruning observers, elapsed time: 0ms
12-08 11:31:09.496 I/PackageWatchdog( 2051): Saving observer state to file
12-08 11:31:09.497 I/ExplicitHealthCheckController( 2051): Explicit health check supported packages [PackageConfig{com.android.networkstack, 86400000}]
12-08 11:31:09.504 D/PackageWatchdog( 2051): Received supported packages [PackageConfig{com.android.networkstack, 86400000}]
12-08 11:31:09.504 D/ExplicitHealthCheckController( 2051): Getting health check requested packages
12-08 11:31:09.504 I/PackageWatchdog( 2051): Syncing health check requests for packages: {}
12-08 11:31:09.504 D/ExplicitHealthCheckController( 2051): Getting health check supported packages
12-08 11:31:09.505 I/ExplicitHealthCheckController( 2051): Explicit health check requested packages []
12-08 11:31:09.505 I/ExplicitHealthCheckController( 2051): No more health check requests, unbinding...
12-08 11:31:09.505 I/ExplicitHealthCheckController( 2051): Explicit health check supported packages [PackageConfig{com.android.networkstack, 86400000}]
12-08 11:31:09.505 D/PackageWatchdog( 2051): Received supported packages [PackageConfig{com.android.networkstack, 86400000}]
12-08 11:31:09.506 I/ExplicitHealthCheckController( 2051): Explicit health check service is unbound
12-08 11:31:09.506 I/RescueParty( 2051): Starting to observe: [com.oculus.vrshell, android, com.oculus.configuration], updated namespace: hzos_spatial_io_config_sessionless
12-08 11:31:09.506 I/ExplicitHealthCheckController( 2051): Service not ready to get health check requested packages. Binding...
12-08 11:31:09.506 V/ActivityManager( 2051): bindService: Intent { cmp=android.ext.services/.watchdog.ExplicitHealthCheckServiceImpl } type=null conn=android.app.LoadedApk$ServiceDispatcher$InnerConnection@32ef568 flags=0x1
12-08 11:31:09.507 I/ExplicitHealthCheckController( 2051): Explicit health check service is bound
12-08 11:31:09.508 I/PackageWatchdog( 2051): Syncing state, reason: observing new packages
12-08 11:31:09.508 D/PackageWatchdog( 2051): rescue-party-observer added the following packages to monitor [com.oculus.vrshell, android, com.oculus.configuration]
12-08 11:31:09.508 I/PackageWatchdog( 2051): Syncing state, reason: updated observers
12-08 11:31:09.508 I/PackageWatchdog( 2051): Not pruning observers, elapsed time: 0ms
12-08 11:31:09.508 I/PackageWatchdog( 2051): Syncing health check requests for packages: {}
12-08 11:31:09.508 I/ExplicitHealthCheckController( 2051): Service not ready to get health check supported packages. Binding...
12-08 11:31:09.508 I/ExplicitHealthCheckController( 2051): Not binding to service, service already connecting
12-08 11:31:09.508 I/PackageWatchdog( 2051): Syncing health check requests for packages: {}
12-08 11:31:09.508 I/ExplicitHealthCheckController( 2051): Service not ready to get health check supported packages. Binding...
12-08 11:31:09.508 I/ExplicitHealthCheckController( 2051): Not binding to service, service already connecting
12-08 11:31:09.508 I/PackageWatchdog( 2051): Saving observer state to file
12-08 11:31:09.508 I/ExplicitHealthCheckController( 2051): Explicit health check service is connected ComponentInfo{android.ext.services/android.ext.services.watchdog.ExplicitHealthCheckServiceImpl}
12-08 11:31:09.508 I/ExplicitHealthCheckController( 2051): Service initialized, syncing requests
12-08 11:31:09.509 I/RescueParty( 2051): Starting to observe: [com.oculus.configuration], updated namespace: hzos_university_codelab_sessionless
12-08 11:31:09.512 I/PackageWatchdog( 2051): Syncing health check requests for packages: {}
12-08 11:31:09.512 D/ExplicitHealthCheckController( 2051): Getting health check supported packages
12-08 11:31:09.513 I/PackageWatchdog( 2051): Syncing state, reason: observing new packages
12-08 11:31:09.513 I/PackageWatchdog( 2051): Syncing health check requests for packages: {}
12-08 11:31:09.513 D/PackageWatchdog( 2051): rescue-party-observer added the following packages to monitor [com.oculus.configuration]
12-08 11:31:09.513 D/ExplicitHealthCheckController( 2051): Getting health check supported packages
12-08 11:31:09.513 I/PackageWatchdog( 2051): Syncing state, reason: updated observers
12-08 11:31:09.513 I/PackageWatchdog( 2051): Not pruning observers, elapsed time: 0ms
12-08 11:31:09.513 I/PackageWatchdog( 2051): Saving observer state to file
12-08 11:31:09.513 I/ExplicitHealthCheckController( 2051): Explicit health check supported packages [PackageConfig{com.android.networkstack, 86400000}]
12-08 11:31:09.513 I/ExplicitHealthCheckController( 2051): Explicit health check supported packages [PackageConfig{com.android.networkstack, 86400000}]
12-08 11:31:09.516 I/RescueParty( 2051): Starting to observe: [com.oculus.os.vrlockscreen, android, com.oculus.notification_proxy, com.oculus.connectivity.bluetooth, com.oculus.appsafety, com.oculus.externalstorage, com.oculus.configuration], updated namespace: hzos_system_sessionless
12-08 11:31:09.518 I/PackageWatchdog( 2051): Syncing state, reason: observing new packages
12-08 11:31:09.518 I/PackageWatchdog( 2051): Syncing health check requests for packages: {}
12-08 11:31:09.518 D/ExplicitHealthCheckController( 2051): Getting health check supported packages
12-08 11:31:09.518 D/PackageWatchdog( 2051): rescue-party-observer added the following packages to monitor [com.oculus.os.vrlockscreen, android, com.oculus.notification_proxy, com.oculus.connectivity.bluetooth, com.oculus.appsafety, com.oculus.externalstorage, com.oculus.configuration]
12-08 11:31:09.518 D/PackageWatchdog( 2051): Received supported packages [PackageConfig{com.android.networkstack, 86400000}]
12-08 11:31:09.518 D/ExplicitHealthCheckController( 2051): Getting health check requested packages
12-08 11:31:09.539 I/init    (    0): starting service 'idmap2d'...
12-08 11:31:09.519 D/PackageWatchdog( 2051): Received supported packages [PackageConfig{com.android.networkstack, 86400000}]
12-08 11:31:09.519 D/ExplicitHealthCheckController( 2051): Getting health check requested packages
12-08 11:31:09.519 I/ExplicitHealthCheckController( 2051): Explicit health check requested packages []
12-08 11:31:09.519 I/ExplicitHealthCheckController( 2051): No more health check requests, unbinding...
12-08 11:31:09.519 I/ExplicitHealthCheckController( 2051): Explicit health check supported packages [PackageConfig{com.android.networkstack, 86400000}]
12-08 11:31:09.519 D/PackageWatchdog( 2051): Received supported packages [PackageConfig{com.android.networkstack, 86400000}]
12-08 11:31:09.519 I/PackageWatchdog( 2051): Syncing health check requests for packages: {}
12-08 11:31:09.519 I/ExplicitHealthCheckController( 2051): Explicit health check requested packages []
12-08 11:31:09.519 I/ExplicitHealthCheckController( 2051): Explicit health check service is unbound
12-08 11:31:09.519 I/ExplicitHealthCheckController( 2051): Service not ready to get health check requested packages. Binding...
12-08 11:31:09.520 V/ActivityManager( 2051): bindService: Intent { cmp=android.ext.services/.watchdog.ExplicitHealthCheckServiceImpl } type=null conn=android.app.LoadedApk$ServiceDispatcher$InnerConnection@51df5f flags=0x1
12-08 11:31:09.521 I/PackageWatchdog( 2051): Syncing state, reason: updated observers
12-08 11:31:09.521 I/PackageWatchdog( 2051): Saving observer state to file
12-08 11:31:09.521 I/ExplicitHealthCheckController( 2051): Explicit health check service is bound
12-08 11:31:09.521 I/ExplicitHealthCheckController( 2051): No more health check requests, unbinding...
12-08 11:31:09.521 I/ExplicitHealthCheckController( 2051): Explicit health check service is unbound
12-08 11:31:09.521 I/ExplicitHealthCheckController( 2051): Service not ready to get health check supported packages. Binding...
12-08 11:31:09.521 I/ExplicitHealthCheckController( 2051): Not binding to service, service already connecting
12-08 11:31:09.525 D/HzDcSyncController( 2051): ADC property changed: 2 properties in 'constellation_native'
12-08 11:31:09.532 I/RescueParty( 2051): Starting to observe: [android, com.oculus.configuration], updated namespace: hzos_system_native
12-08 11:31:09.546 I/init    (    0): ... started service 'idmap2d' has pid 27871
12-08 11:31:09.546 I/init    (    0): Control message: Processed ctl.start for 'idmap2d' from pid: 2051 (system_server)
12-08 11:31:09.536 D/HzDcSyncController( 2051): ADC property changed: 6 properties in 'hand_body_native'
12-08 11:31:09.543 I/RescueParty( 2051): Starting to observe: [android, com.oculus.configuration], updated namespace: hzos_vendor_native
12-08 11:31:09.547 I/RescueParty( 2051): Starting to observe: [android, com.oculus.configuration], updated namespace: mros_vendor
12-08 11:31:09.550 I/RescueParty( 2051): Starting to observe: [com.oculus.configuration], updated namespace: mr_service_sessionless
12-08 11:31:09.550 I/PackageWatchdog( 2051): Syncing state, reason: observing new packages
12-08 11:31:09.550 D/PackageWatchdog( 2051): rescue-party-observer added the following packages to monitor [android, com.oculus.configuration]
12-08 11:31:09.550 I/PackageWatchdog( 2051): Syncing state, reason: updated observers
12-08 11:31:09.550 I/PackageWatchdog( 2051): Not pruning observers, elapsed time: 0ms
12-08 11:31:09.550 I/PackageWatchdog( 2051): Syncing state, reason: observing new packages
12-08 11:31:09.550 I/PackageWatchdog( 2051): Not pruning observers, elapsed time: 0ms
12-08 11:31:09.550 D/PackageWatchdog( 2051): rescue-party-observer added the following packages to monitor [android, com.oculus.configuration]
12-08 11:31:09.551 I/PackageWatchdog( 2051): Syncing state, reason: updated observers
12-08 11:31:09.551 I/PackageWatchdog( 2051): Not pruning observers, elapsed time: 0ms
12-08 11:31:09.551 I/PackageWatchdog( 2051): Syncing state, reason: observing new packages
12-08 11:31:09.551 I/PackageWatchdog( 2051): Not pruning observers, elapsed time: 0ms
12-08 11:31:09.551 D/PackageWatchdog( 2051): rescue-party-observer added the following packages to monitor [android, com.oculus.configuration]
12-08 11:31:09.551 I/PackageWatchdog( 2051): Syncing state, reason: updated observers
12-08 11:31:09.551 I/PackageWatchdog( 2051): Not pruning observers, elapsed time: 0ms
12-08 11:31:09.551 I/PackageWatchdog( 2051): Syncing state, reason: observing new packages
12-08 11:31:09.551 I/PackageWatchdog( 2051): Not pruning observers, elapsed time: 0ms
12-08 11:31:09.551 D/PackageWatchdog( 2051): rescue-party-observer added the following packages to monitor [com.oculus.configuration]
12-08 11:31:09.551 I/PackageWatchdog( 2051): Syncing state, reason: updated observers
12-08 11:31:09.551 I/PackageWatchdog( 2051): Not pruning observers, elapsed time: 0ms
12-08 11:31:09.551 I/PackageWatchdog( 2051): Saving observer state to file
12-08 11:31:09.553 I/RescueParty( 2051): Starting to observe: [android, com.oculus.configuration], updated namespace: mr_service_native
12-08 11:31:09.557 I/ExplicitHealthCheckController( 2051): Explicit health check service is connected ComponentInfo{android.ext.services/android.ext.services.watchdog.ExplicitHealthCheckServiceImpl}
12-08 11:31:09.557 I/ExplicitHealthCheckController( 2051): Service initialized, syncing requests
12-08 11:31:09.561 I/RescueParty( 2051): Starting to observe: [com.oculus.configuration], updated namespace: oculus_multiuser
12-08 11:31:09.563 I/RescueParty( 2051): Starting to observe: [com.oculus.configuration], updated namespace: oculus_shared_core
12-08 11:31:09.573 I/RescueParty( 2051): Starting to observe: [android, com.facebook.spatial_persistence_service, com.oculus.appsafety, com.oculus.configuration], updated namespace: oculus_shared_horizon
12-08 11:31:09.585 D/HzDcSyncController( 2051): ADC property changed: 3 properties in 'hzos_rescue_party_native'
12-08 11:31:09.586 I/RescueParty( 2051): Starting to observe: [com.oculus.statscollector, android, com.oculus.companion.server, com.oculus.appsafety, com.oculus.maintenanceboot, com.oculus.configuration], updated namespace: oculus_shared_os_services
12-08 11:31:09.623 I/oom_reaper(    0): reaped process 23921 (kservice.server), now anon-rss:0kB, file-rss:32kB, shmem-rss:452kB
12-08 11:31:09.611 I/RescueParty( 2051): Starting to observe: [com.oculus.vrshell, android, com.oculus.companion.server, com.oculus.appsafety, com.oculus.configuration], updated namespace: oculus_shared_os_services_sessionless
12-08 11:31:09.628 I/binder  (    0): undelivered transaction 3819653, process died.
12-08 11:31:09.615 I/ActivityManager( 2051): Process com.meta.pclinkservice.server (pid 23921) has died: cch LAST
12-08 11:31:09.615 W/ActivityManager( 2051): Scheduling restart of crashed service com.meta.pclinkservice.server/com.meta.linkservice.oaf.PCLinkService in 1000ms for connection
12-08 11:31:09.615 D/DisplayManagerService( 2051): Drop pending events for gone uid 10047
12-08 11:31:09.622 I/RescueParty( 2051): Starting to observe: [android, com.oculus.configuration], updated namespace: oculus_shared_vision
12-08 11:31:09.628 I/RescueParty( 2051): Starting to observe: [android, com.oculus.configuration], updated namespace: oculus_telemetry_sessionless
12-08 11:31:09.630 D/HzDcSyncController( 2051): ADC property changed: 75 properties in 'hzos_system_native'
12-08 11:31:09.632 I/AppsFilter( 2051): interaction: PackageSetting{c071a1f com.valinor/10106} -> PackageSetting{3f5515e com.android.wifi.resources/10003} BLOCKED
12-08 11:31:09.632 I/AppsFilter( 2051): interaction: PackageSetting{6afe023 com.example.moonlight_spatialsdk/10177} -> PackageSetting{3f5515e com.android.wifi.resources/10003} BLOCKED
12-08 11:31:09.632 I/AppsFilter( 2051): interaction: PackageSetting{5b63ca com.sulivan.voicechat/10167} -> PackageSetting{3f5515e com.android.wifi.resources/10003} BLOCKED
12-08 11:31:09.632 I/PackageWatchdog( 2051): Syncing state, reason: observing new packages
12-08 11:31:09.632 D/PackageWatchdog( 2051): rescue-party-observer added the following packages to monitor [android, com.oculus.configuration]
12-08 11:31:09.632 I/PackageWatchdog( 2051): Syncing state, reason: updated observers
12-08 11:31:09.632 I/PackageWatchdog( 2051): Not pruning observers, elapsed time: 0ms
12-08 11:31:09.632 I/PackageWatchdog( 2051): Syncing state, reason: observing new packages
12-08 11:31:09.632 I/PackageWatchdog( 2051): Not pruning observers, elapsed time: 0ms
12-08 11:31:09.632 D/PackageWatchdog( 2051): rescue-party-observer added the following packages to monitor [com.oculus.configuration]
12-08 11:31:09.632 I/PackageWatchdog( 2051): Syncing state, reason: updated observers
12-08 11:31:09.632 I/PackageWatchdog( 2051): Not pruning observers, elapsed time: 0ms
12-08 11:31:09.632 I/PackageWatchdog( 2051): Syncing state, reason: observing new packages
12-08 11:31:09.632 I/PackageWatchdog( 2051): Not pruning observers, elapsed time: 0ms
12-08 11:31:09.632 D/PackageWatchdog( 2051): rescue-party-observer added the following packages to monitor [com.oculus.configuration]
12-08 11:31:09.632 I/PackageWatchdog( 2051): Syncing state, reason: updated observers
12-08 11:31:09.632 I/PackageWatchdog( 2051): Not pruning observers, elapsed time: 0ms
12-08 11:31:09.632 I/PackageWatchdog( 2051): Syncing state, reason: observing new packages
12-08 11:31:09.632 I/PackageWatchdog( 2051): Not pruning observers, elapsed time: 0ms
12-08 11:31:09.633 D/PackageWatchdog( 2051): rescue-party-observer added the following packages to monitor [android, com.facebook.spatial_persistence_service, com.oculus.appsafety, com.oculus.configuration]
12-08 11:31:09.633 I/PackageWatchdog( 2051): Syncing state, reason: updated observers
12-08 11:31:09.633 I/PackageWatchdog( 2051): Not pruning observers, elapsed time: 0ms
12-08 11:31:09.633 I/PackageWatchdog( 2051): Syncing state, reason: observing new packages
12-08 11:31:09.633 I/PackageWatchdog( 2051): Not pruning observers, elapsed time: 0ms
12-08 11:31:09.633 D/PackageWatchdog( 2051): rescue-party-observer added the following packages to monitor [com.oculus.statscollector, android, com.oculus.companion.server, com.oculus.appsafety, com.oculus.maintenanceboot, com.oculus.configuration]
12-08 11:31:09.633 I/PackageWatchdog( 2051): Syncing state, reason: updated observers
12-08 11:31:09.633 I/PackageWatchdog( 2051): Not pruning observers, elapsed time: 0ms
12-08 11:31:09.633 I/PackageWatchdog( 2051): Syncing state, reason: observing new packages
12-08 11:31:09.633 I/PackageWatchdog( 2051): Not pruning observers, elapsed time: 0ms
12-08 11:31:09.633 D/PackageWatchdog( 2051): rescue-party-observer added the following packages to monitor [com.oculus.vrshell, android, com.oculus.companion.server, com.oculus.appsafety, com.oculus.configuration]
12-08 11:31:09.633 I/PackageWatchdog( 2051): Syncing state, reason: updated observers
12-08 11:31:09.633 I/PackageWatchdog( 2051): Not pruning observers, elapsed time: 0ms
12-08 11:31:09.633 I/PackageWatchdog( 2051): Syncing state, reason: observing new packages
12-08 11:31:09.633 I/PackageWatchdog( 2051): Not pruning observers, elapsed time: 0ms
12-08 11:31:09.633 D/PackageWatchdog( 2051): rescue-party-observer added the following packages to monitor [android, com.oculus.configuration]
12-08 11:31:09.633 I/PackageWatchdog( 2051): Syncing state, reason: updated observers
12-08 11:31:09.633 I/PackageWatchdog( 2051): Not pruning observers, elapsed time: 0ms
12-08 11:31:09.633 I/PackageWatchdog( 2051): Syncing state, reason: observing new packages
12-08 11:31:09.633 I/PackageWatchdog( 2051): Not pruning observers, elapsed time: 0ms
12-08 11:31:09.633 D/PackageWatchdog( 2051): rescue-party-observer added the following packages to monitor [android, com.oculus.configuration]
12-08 11:31:09.633 I/PackageWatchdog( 2051): Syncing state, reason: updated observers
12-08 11:31:09.633 I/PackageWatchdog( 2051): Saving observer state to file
12-08 11:31:09.634 I/RescueParty( 2051): Starting to observe: [com.oculus.os.vrlockscreen, android, com.oculus.configuration], updated namespace: sessionless_oculus_multiuser
12-08 11:31:09.648 I/init    (    0): processing action (persist.device_config.hzos_system_native.memflow_sysexp_tick_rate=*) from (/system_ext/etc/init/memflow.rc:68)
12-08 11:31:09.648 I/init    (    0): Sending signal 15 to service 'memflow' (pid 20496) process group...
12-08 11:31:09.640 D/CompatibilityChangeReporter( 2051): Compat change id reported: 135634846; UID 10136; state: DISABLED
12-08 11:31:09.640 D/CompatibilityChangeReporter( 2051): Compat change id reported: 177438394; UID 10136; state: DISABLED
12-08 11:31:09.640 D/CompatibilityChangeReporter( 2051): Compat change id reported: 135772972; UID 10136; state: DISABLED
12-08 11:31:09.640 D/CompatibilityChangeReporter( 2051): Compat change id reported: 135754954; UID 10136; state: ENABLED
12-08 11:31:09.642 D/CompatibilityChangeReporter( 2051): Compat change id reported: 143937733; UID 10136; state: ENABLED
12-08 11:31:09.647 I/PackageWatchdog( 2051): Syncing state, reason: observing new packages
12-08 11:31:09.647 D/PackageWatchdog( 2051): rescue-party-observer added the following packages to monitor [com.oculus.os.vrlockscreen, android, com.oculus.configuration]
12-08 11:31:09.647 I/PackageWatchdog( 2051): Syncing state, reason: updated observers
12-08 11:31:09.647 I/PackageWatchdog( 2051): Not pruning observers, elapsed time: 0ms
12-08 11:31:09.653 I/ActivityManager( 2051): Start proc 27873:com.android.providers.tv/u0a136 for broadcast {com.android.providers.tv/com.android.providers.tv.PackageChangedReceiver}
12-08 11:31:09.657 I/RescueParty( 2051): Starting to observe: [android, com.oculus.configuration], updated namespace: slam_native
12-08 11:31:09.658 V/ActivityManager( 2051): bindService: Intent { act=android.permission.PermissionControllerService cmp=com.android.permissioncontroller/.permission.service.PermissionControllerServiceImpl } type=null conn=android.app.LoadedApk$ServiceDispatcher$InnerConnection@1a9323b flags=0x1
12-08 11:31:09.659 D/CompatibilityChangeReporter( 2051): Compat change id reported: 135634846; UID 10002; state: DISABLED
12-08 11:31:09.659 D/CompatibilityChangeReporter( 2051): Compat change id reported: 177438394; UID 10002; state: DISABLED
12-08 11:31:09.659 D/CompatibilityChangeReporter( 2051): Compat change id reported: 135772972; UID 10002; state: DISABLED
12-08 11:31:09.659 D/CompatibilityChangeReporter( 2051): Compat change id reported: 135754954; UID 10002; state: ENABLED
12-08 11:31:09.660 D/ActivityManager( 2051): Checking cgroup freezer: /sys/fs/cgroup/uid_0/pid_838/cgroup.freeze
12-08 11:31:09.660 D/ActivityManager( 2051): Checking binder freezer ioctl
12-08 11:31:09.660 D/ActivityManager( 2051): Checking freezer profiles
12-08 11:31:09.660 D/ActivityManager( 2051): Freezer supported: true
12-08 11:31:09.660 D/CompatibilityChangeReporter( 2051): Compat change id reported: 143937733; UID 10002; state: ENABLED
12-08 11:31:09.660 D/ActivityManager( 2051): Freezer timeout set to 10000
12-08 11:31:09.660 D/ActivityManager( 2051): Freezer exemption set to true
12-08 11:31:09.660 D/ActivityManager( 2051): Freezer enabled
12-08 11:31:09.660 E/ActivityManager( 2051): unbalanced call to enableFreezer, ignoring
12-08 11:31:09.661 I/PackageWatchdog( 2051): Syncing health check requests for packages: {}
12-08 11:31:09.661 D/ExplicitHealthCheckController( 2051): Getting health check supported packages
12-08 11:31:09.667 I/ExplicitHealthCheckController( 2051): Explicit health check supported packages [PackageConfig{com.android.networkstack, 86400000}]
12-08 11:31:09.668 D/PackageWatchdog( 2051): Received supported packages [PackageConfig{com.android.networkstack, 86400000}]
12-08 11:31:09.668 D/ExplicitHealthCheckController( 2051): Getting health check requested packages
12-08 11:31:09.669 I/ExplicitHealthCheckController( 2051): Explicit health check requested packages []
12-08 11:31:09.669 I/ExplicitHealthCheckController( 2051): No more health check requests, unbinding...
12-08 11:31:09.670 I/ExplicitHealthCheckController( 2051): Explicit health check service is unbound
12-08 11:31:09.671 I/RescueParty( 2051): Starting to observe: [com.oculus.configuration], updated namespace: transport_manager
12-08 11:31:09.676 W/TextServicesManagerService( 2051): no available spell checker services found
12-08 11:31:09.677 I/RescueParty( 2051): Starting to observe: [com.meta.transport, com.oculus.configuration], updated namespace: transport_manager_sessionless
12-08 11:31:09.681 I/ActivityManager( 2051): Start proc 27892:com.android.permissioncontroller/u0a2 for service {com.android.permissioncontroller/com.android.permissioncontroller.permission.service.PermissionControllerServiceImpl}
12-08 11:31:09.682 I/RescueParty( 2051): Starting to observe: [com.facebook.wearable.system.location.service, com.oculus.configuration], updated namespace: vros_location_service
12-08 11:31:09.688 I/RescueParty( 2051): Starting to observe: [android, com.oculus.configuration], updated namespace: vros_vendor_sessionless
12-08 11:31:09.689 D/CompatibilityChangeReporter( 2051): Compat change id reported: 168419799; UID 10136; state: DISABLED
12-08 11:31:09.689 D/CompatibilityChangeReporter( 2051): Compat change id reported: 273564678; UID 10136; state: DISABLED
12-08 11:31:09.694 D/CompatibilityChangeReporter( 2051): Compat change id reported: 265195908; UID 10136; state: ENABLED
12-08 11:31:09.698 D/CompatibilityChangeReporter( 2051): Compat change id reported: 170503758; UID 10136; state: ENABLED
12-08 11:31:09.701 D/CompatibilityChangeReporter( 2051): Compat change id reported: 168419799; UID 10002; state: DISABLED
12-08 11:31:09.701 D/CompatibilityChangeReporter( 2051): Compat change id reported: 273564678; UID 10002; state: DISABLED
12-08 11:31:09.706 D/CompatibilityChangeReporter( 2051): Compat change id reported: 170503758; UID 10002; state: ENABLED
12-08 11:31:09.714 I/RescueParty( 2051): Starting to observe: [android, com.oculus.configuration], updated namespace: activity_manager
12-08 11:31:09.742 I/RescueParty( 2051): Starting to observe: [android, com.android.permissioncontroller, com.oculus.configuration], updated namespace: app_hibernation
12-08 11:31:09.742 D/AppHibernationService( 2051): App hibernation changed to enabled=true
12-08 11:31:09.744 I/PackageWatchdog( 2051): Saving observer state to file
12-08 11:31:09.746 I/ActivityManager( 2051): Flag disabled. Ignoring finishAttachApplication from uid: 10002. pid: 27892
12-08 11:31:09.754 I/PackageWatchdog( 2051): Syncing state, reason: observing new packages
12-08 11:31:09.754 D/PackageWatchdog( 2051): rescue-party-observer added the following packages to monitor [android, com.oculus.configuration]
12-08 11:31:09.754 I/PackageWatchdog( 2051): Syncing state, reason: updated observers
12-08 11:31:09.754 I/PackageWatchdog( 2051): Not pruning observers, elapsed time: 0ms
12-08 11:31:09.754 I/PackageWatchdog( 2051): Syncing health check requests for packages: {}
12-08 11:31:09.754 I/ExplicitHealthCheckController( 2051): Service not ready to get health check supported packages. Binding...
12-08 11:31:09.754 I/PackageWatchdog( 2051): Syncing state, reason: observing new packages
12-08 11:31:09.754 I/PackageWatchdog( 2051): Not pruning observers, elapsed time: 0ms
12-08 11:31:09.754 D/PackageWatchdog( 2051): rescue-party-observer added the following packages to monitor [com.oculus.configuration]
12-08 11:31:09.754 I/PackageWatchdog( 2051): Syncing state, reason: updated observers
12-08 11:31:09.754 I/PackageWatchdog( 2051): Not pruning observers, elapsed time: 0ms
12-08 11:31:09.755 I/PackageWatchdog( 2051): Syncing state, reason: observing new packages
12-08 11:31:09.755 I/PackageWatchdog( 2051): Not pruning observers, elapsed time: 0ms
12-08 11:31:09.755 V/ActivityManager( 2051): bindService: Intent { cmp=android.ext.services/.watchdog.ExplicitHealthCheckServiceImpl } type=null conn=android.app.LoadedApk$ServiceDispatcher$InnerConnection@dadd7af flags=0x1
12-08 11:31:09.757 I/ExplicitHealthCheckController( 2051): Explicit health check service is bound
12-08 11:31:09.762 D/PackageWatchdog( 2051): rescue-party-observer added the following packages to monitor [com.meta.transport, com.oculus.configuration]
12-08 11:31:09.763 I/PackageWatchdog( 2051): Syncing state, reason: updated observers
12-08 11:31:09.763 I/PackageWatchdog( 2051): Not pruning observers, elapsed time: 0ms
12-08 11:31:09.763 I/PackageWatchdog( 2051): Syncing health check requests for packages: {}
12-08 11:31:09.763 I/ExplicitHealthCheckController( 2051): Service not ready to get health check supported packages. Binding...
12-08 11:31:09.763 I/ExplicitHealthCheckController( 2051): Not binding to service, service already connecting
12-08 11:31:09.763 I/ExplicitHealthCheckController( 2051): Explicit health check service is connected ComponentInfo{android.ext.services/android.ext.services.watchdog.ExplicitHealthCheckServiceImpl}
12-08 11:31:09.763 I/PackageWatchdog( 2051): Syncing state, reason: observing new packages
12-08 11:31:09.764 I/ExplicitHealthCheckController( 2051): Service initialized, syncing requests
12-08 11:31:09.764 D/PackageWatchdog( 2051): rescue-party-observer added the following packages to monitor [com.facebook.wearable.system.location.service, com.oculus.configuration]
12-08 11:31:09.764 I/PackageWatchdog( 2051): Syncing state, reason: updated observers
12-08 11:31:09.764 I/PackageWatchdog( 2051): Not pruning observers, elapsed time: 0ms
12-08 11:31:09.764 I/PackageWatchdog( 2051): Syncing state, reason: observing new packages
12-08 11:31:09.764 I/PackageWatchdog( 2051): Not pruning observers, elapsed time: 0ms
12-08 11:31:09.764 D/PackageWatchdog( 2051): rescue-party-observer added the following packages to monitor [android, com.oculus.configuration]
12-08 11:31:09.764 I/PackageWatchdog( 2051): Syncing state, reason: updated observers
12-08 11:31:09.764 I/PackageWatchdog( 2051): Not pruning observers, elapsed time: 0ms
12-08 11:31:09.764 I/PackageWatchdog( 2051): Syncing health check requests for packages: {}
12-08 11:31:09.764 D/ExplicitHealthCheckController( 2051): Getting health check supported packages
12-08 11:31:09.764 I/PackageWatchdog( 2051): Syncing health check requests for packages: {}
12-08 11:31:09.764 D/ExplicitHealthCheckController( 2051): Getting health check supported packages
12-08 11:31:09.765 I/ExplicitHealthCheckController( 2051): Explicit health check supported packages [PackageConfig{com.android.networkstack, 86400000}]
12-08 11:31:09.765 I/ExplicitHealthCheckController( 2051): Explicit health check supported packages [PackageConfig{com.android.networkstack, 86400000}]
12-08 11:31:09.765 D/PackageWatchdog( 2051): Received supported packages [PackageConfig{com.android.networkstack, 86400000}]
12-08 11:31:09.765 D/ExplicitHealthCheckController( 2051): Getting health check requested packages
12-08 11:31:09.765 D/PackageWatchdog( 2051): Received supported packages [PackageConfig{com.android.networkstack, 86400000}]
12-08 11:31:09.765 D/ExplicitHealthCheckController( 2051): Getting health check requested packages
12-08 11:31:09.765 I/ExplicitHealthCheckController( 2051): Explicit health check requested packages []
12-08 11:31:09.765 I/ExplicitHealthCheckController( 2051): No more health check requests, unbinding...
12-08 11:31:09.765 I/ExplicitHealthCheckController( 2051): Explicit health check requested packages []
12-08 11:31:09.765 I/ExplicitHealthCheckController( 2051): Explicit health check service is unbound
12-08 11:31:09.765 I/ExplicitHealthCheckController( 2051): No more health check requests, unbinding...
12-08 11:31:09.766 I/ExplicitHealthCheckController( 2051): Explicit health check service is unbound
12-08 11:31:09.768 I/PackageWatchdog( 2051): Syncing state, reason: observing new packages
12-08 11:31:09.768 I/PackageWatchdog( 2051): Syncing health check requests for packages: {}
12-08 11:31:09.768 I/ExplicitHealthCheckController( 2051): Service not ready to get health check supported packages. Binding...
12-08 11:31:09.769 V/ActivityManager( 2051): bindService: Intent { cmp=android.ext.services/.watchdog.ExplicitHealthCheckServiceImpl } type=null conn=android.app.LoadedApk$ServiceDispatcher$InnerConnection@ecf33a8 flags=0x1
12-08 11:31:09.769 D/PackageWatchdog( 2051): rescue-party-observer added the following packages to monitor [android, com.oculus.configuration]
12-08 11:31:09.769 I/PackageWatchdog( 2051): Syncing state, reason: updated observers
12-08 11:31:09.769 I/PackageWatchdog( 2051): Syncing state, reason: observing new packages
12-08 11:31:09.769 I/PackageWatchdog( 2051): Not pruning observers, elapsed time: 0ms
12-08 11:31:09.769 D/PackageWatchdog( 2051): rescue-party-observer added the following packages to monitor [android, com.android.permissioncontroller, com.oculus.configuration]
12-08 11:31:09.769 I/PackageWatchdog( 2051): Syncing state, reason: updated observers
12-08 11:31:09.769 I/PackageWatchdog( 2051): Not pruning observers, elapsed time: 0ms
12-08 11:31:09.769 I/PackageWatchdog( 2051): Saving observer state to file
12-08 11:31:09.770 I/ExplicitHealthCheckController( 2051): Explicit health check service is bound
12-08 11:31:09.771 I/ActivityManager( 2051): Flag disabled. Ignoring finishAttachApplication from uid: 10136. pid: 27873
12-08 11:31:09.773 I/PackageWatchdog( 2051): Syncing health check requests for packages: {}
12-08 11:31:09.773 I/ExplicitHealthCheckController( 2051): Service not ready to get health check supported packages. Binding...
12-08 11:31:09.773 I/ExplicitHealthCheckController( 2051): Not binding to service, service already connecting
12-08 11:31:09.773 I/ExplicitHealthCheckController( 2051): Explicit health check service is connected ComponentInfo{android.ext.services/android.ext.services.watchdog.ExplicitHealthCheckServiceImpl}
12-08 11:31:09.773 I/ExplicitHealthCheckController( 2051): Service initialized, syncing requests
12-08 11:31:09.773 I/PackageWatchdog( 2051): Syncing health check requests for packages: {}
12-08 11:31:09.773 D/ExplicitHealthCheckController( 2051): Getting health check supported packages
12-08 11:31:09.775 I/ExplicitHealthCheckController( 2051): Explicit health check supported packages [PackageConfig{com.android.networkstack, 86400000}]
12-08 11:31:09.775 D/PackageWatchdog( 2051): Received supported packages [PackageConfig{com.android.networkstack, 86400000}]
12-08 11:31:09.775 D/ExplicitHealthCheckController( 2051): Getting health check requested packages
12-08 11:31:09.775 I/ExplicitHealthCheckController( 2051): Explicit health check requested packages []
12-08 11:31:09.775 I/ExplicitHealthCheckController( 2051): No more health check requests, unbinding...
12-08 11:31:09.777 I/ExplicitHealthCheckController( 2051): Explicit health check service is unbound
12-08 11:31:09.800 I/RescueParty( 2051): Starting to observe: [android, com.oculus.configuration], updated namespace: lmkd_native
12-08 11:31:09.801 I/PackageWatchdog( 2051): Syncing state, reason: observing new packages
12-08 11:31:09.802 D/PackageWatchdog( 2051): rescue-party-observer added the following packages to monitor [android, com.oculus.configuration]
12-08 11:31:09.802 I/PackageWatchdog( 2051): Syncing state, reason: updated observers
12-08 11:31:09.802 I/PackageWatchdog( 2051): Not pruning observers, elapsed time: 0ms
12-08 11:31:09.802 I/PackageWatchdog( 2051): Syncing health check requests for packages: {}
12-08 11:31:09.802 I/ExplicitHealthCheckController( 2051): Service not ready to get health check supported packages. Binding...
12-08 11:31:09.803 V/ActivityManager( 2051): bindService: Intent { cmp=android.ext.services/.watchdog.ExplicitHealthCheckServiceImpl } type=null conn=android.app.LoadedApk$ServiceDispatcher$InnerConnection@20a0a9f flags=0x1
12-08 11:31:09.804 I/ExplicitHealthCheckController( 2051): Explicit health check service is bound
12-08 11:31:09.804 I/PackageWatchdog( 2051): Syncing health check requests for packages: {}
12-08 11:31:09.804 I/ExplicitHealthCheckController( 2051): Service not ready to get health check supported packages. Binding...
12-08 11:31:09.804 I/ExplicitHealthCheckController( 2051): Not binding to service, service already connecting
12-08 11:31:09.804 I/PackageWatchdog( 2051): Saving observer state to file
12-08 11:31:09.808 I/ExplicitHealthCheckController( 2051): Explicit health check service is connected ComponentInfo{android.ext.services/android.ext.services.watchdog.ExplicitHealthCheckServiceImpl}
12-08 11:31:09.808 I/ExplicitHealthCheckController( 2051): Service initialized, syncing requests
12-08 11:31:09.810 I/PackageWatchdog( 2051): Syncing health check requests for packages: {}
12-08 11:31:09.810 D/ExplicitHealthCheckController( 2051): Getting health check supported packages
12-08 11:31:09.811 I/ExplicitHealthCheckController( 2051): Explicit health check supported packages [PackageConfig{com.android.networkstack, 86400000}]
12-08 11:31:09.811 D/PackageWatchdog( 2051): Received supported packages [PackageConfig{com.android.networkstack, 86400000}]
12-08 11:31:09.811 D/ExplicitHealthCheckController( 2051): Getting health check requested packages
12-08 11:31:09.811 I/ExplicitHealthCheckController( 2051): Explicit health check requested packages []
12-08 11:31:09.811 I/ExplicitHealthCheckController( 2051): No more health check requests, unbinding...
12-08 11:31:09.812 I/RescueParty( 2051): Starting to observe: [com.android.permissioncontroller, com.oculus.configuration], updated namespace: permissions
12-08 11:31:09.812 I/PackageWatchdog( 2051): Syncing state, reason: observing new packages
12-08 11:31:09.812 D/PackageWatchdog( 2051): rescue-party-observer added the following packages to monitor [com.android.permissioncontroller, com.oculus.configuration]
12-08 11:31:09.812 I/PackageWatchdog( 2051): Syncing state, reason: updated observers
12-08 11:31:09.812 I/PackageWatchdog( 2051): Saving observer state to file
12-08 11:31:09.812 I/ExplicitHealthCheckController( 2051): Explicit health check service is unbound
12-08 11:31:09.815 I/PackageWatchdog( 2051): Syncing health check requests for packages: {}
12-08 11:31:09.815 I/ExplicitHealthCheckController( 2051): Service not ready to get health check supported packages. Binding...
12-08 11:31:09.816 V/ActivityManager( 2051): bindService: Intent { cmp=android.ext.services/.watchdog.ExplicitHealthCheckServiceImpl } type=null conn=android.app.LoadedApk$ServiceDispatcher$InnerConnection@284886d flags=0x1
12-08 11:31:09.818 I/ExplicitHealthCheckController( 2051): Explicit health check service is bound
12-08 11:31:09.819 I/ExplicitHealthCheckController( 2051): Explicit health check service is connected ComponentInfo{android.ext.services/android.ext.services.watchdog.ExplicitHealthCheckServiceImpl}
12-08 11:31:09.820 I/ExplicitHealthCheckController( 2051): Service initialized, syncing requests
12-08 11:31:09.820 I/PackageWatchdog( 2051): Syncing health check requests for packages: {}
12-08 11:31:09.820 D/ExplicitHealthCheckController( 2051): Getting health check supported packages
12-08 11:31:09.820 I/ExplicitHealthCheckController( 2051): Explicit health check supported packages [PackageConfig{com.android.networkstack, 86400000}]
12-08 11:31:09.820 D/PackageWatchdog( 2051): Received supported packages [PackageConfig{com.android.networkstack, 86400000}]
12-08 11:31:09.820 D/ExplicitHealthCheckController( 2051): Getting health check requested packages
12-08 11:31:09.820 I/ExplicitHealthCheckController( 2051): Explicit health check requested packages []
12-08 11:31:09.820 I/ExplicitHealthCheckController( 2051): No more health check requests, unbinding...
12-08 11:31:09.821 I/ExplicitHealthCheckController( 2051): Explicit health check service is unbound
12-08 11:31:09.845 I/oom_reaper(    0): reaped process 27873 (id.providers.tv), now anon-rss:0kB, file-rss:32kB, shmem-rss:440kB
12-08 11:31:09.849 I/init    (    0): Sending signal 9 to service 'memflow' (pid 20496) process group...
12-08 11:31:09.831 I/RescueParty( 2051): Starting to observe: [android, com.oculus.configuration], updated namespace: media_native
12-08 11:31:09.831 I/PackageWatchdog( 2051): Syncing state, reason: observing new packages
12-08 11:31:09.831 D/PackageWatchdog( 2051): rescue-party-observer added the following packages to monitor [android, com.oculus.configuration]
12-08 11:31:09.831 I/PackageWatchdog( 2051): Syncing state, reason: updated observers
12-08 11:31:09.831 I/PackageWatchdog( 2051): Not pruning observers, elapsed time: 0ms
12-08 11:31:09.831 I/PackageWatchdog( 2051): Saving observer state to file
12-08 11:31:09.841 I/PackageWatchdog( 2051): Syncing health check requests for packages: {}
12-08 11:31:09.842 I/ExplicitHealthCheckController( 2051): Service not ready to get health check supported packages. Binding...
12-08 11:31:09.842 V/ActivityManager( 2051): bindService: Intent { cmp=android.ext.services/.watchdog.ExplicitHealthCheckServiceImpl } type=null conn=android.app.LoadedApk$ServiceDispatcher$InnerConnection@2cb7fab flags=0x1
12-08 11:31:09.843 I/ExplicitHealthCheckController( 2051): Explicit health check service is bound
12-08 11:31:09.846 D/JobServiceContext( 2051): doCallback of : JobStatus{e8e2d00 #u0a55/5293 com.oculus.configuration/androidx.work.impl.background.systemjob.SystemJobService u=0 s=10055 TIME=-9s718ms:none READY} v:VERB_EXECUTING
12-08 11:31:09.846 D/JobServiceContext( 2051): Cleaning up e8e2d00 #u0a55/5293 com.oculus.configuration/androidx.work.impl.background.systemjob.SystemJobService reschedule=false reason=app called jobFinished
12-08 11:31:09.847 I/ExplicitHealthCheckController( 2051): Explicit health check service is connected ComponentInfo{android.ext.services/android.ext.services.watchdog.ExplicitHealthCheckServiceImpl}
12-08 11:31:09.847 I/ExplicitHealthCheckController( 2051): Service initialized, syncing requests
12-08 11:31:09.847 I/PackageWatchdog( 2051): Syncing health check requests for packages: {}
12-08 11:31:09.847 D/ExplicitHealthCheckController( 2051): Getting health check supported packages
12-08 11:31:09.848 I/ExplicitHealthCheckController( 2051): Explicit health check supported packages [PackageConfig{com.android.networkstack, 86400000}]
12-08 11:31:09.848 D/PackageWatchdog( 2051): Received supported packages [PackageConfig{com.android.networkstack, 86400000}]
12-08 11:31:09.848 D/ExplicitHealthCheckController( 2051): Getting health check requested packages
12-08 11:31:09.848 I/ActivityManager( 2051): Process com.android.providers.tv (pid 27873) has died: cch+5 CEM 
12-08 11:31:09.849 I/ExplicitHealthCheckController( 2051): Explicit health check requested packages []
12-08 11:31:09.849 I/ExplicitHealthCheckController( 2051): No more health check requests, unbinding...
12-08 11:31:09.849 D/DisplayManagerService( 2051): Drop pending events for gone uid 10136
12-08 11:31:09.860 I/libprocessgroup(    0): Successfully killed process cgroup uid 1000 pid 20496 in 10ms
12-08 11:31:09.852 I/ExplicitHealthCheckController( 2051): Explicit health check service is unbound
12-08 11:31:09.868 I/init    (    0): Command 'restart --only-if-running memflow' action=persist.device_config.hzos_system_native.memflow_sysexp_tick_rate=* (/system_ext/etc/init/memflow.rc:69) took 219ms and succeeded
12-08 11:31:09.868 I/init    (    0): Service 'memflow' (pid 20496) received signal 9
12-08 11:31:09.860 D/CompatibilityChangeReporter( 2051): Compat change id reported: 253665015; UID 10055; state: DISABLED
12-08 11:31:09.860 D/CompatibilityChangeReporter( 2051): Compat change id reported: 194532703; UID 10055; state: DISABLED
12-08 11:31:09.880 I/init    (    0): waitpid(20496) returned 20496
12-08 11:31:09.880 I/init    (    0): processing action (persist.device_config.hzos_system_native.memflow_throttle_tick_rate=*) from (/system_ext/etc/init/memflow.rc:104)
12-08 11:31:09.880 I/init    (    0): starting service 'memflow'...
12-08 11:31:09.896 I/init    (    0): ... started service 'memflow' has pid 27933
12-08 11:31:09.896 I/init    (    0): processing action (persist.device_config.hzos_system_native.memflow_heap_telemetry=true) from (/system_ext/etc/init/memflow.rc:27)
12-08 11:31:09.896 I/init    (    0): service 'memflow' requested start, but it is already running (flags: 8324)
12-08 11:31:09.896 I/init    (    0): processing action (persist.device_config.hzos_system_native.memflow_immersiveslaexp_soft=*) from (/system_ext/etc/init/memflow.rc:113)
12-08 11:31:09.896 I/init    (    0): Sending signal 15 to service 'memflow' (pid 27933) process group...
12-08 11:31:09.996 W/TrackingService( 1772): 19 late Color frame set were dropped: timestamp 7938.790727, current monochrome 7938.792236
12-08 11:31:10.096 I/init    (    0): Sending signal 9 to service 'memflow' (pid 27933) process group...
12-08 11:31:10.096 I/libprocessgroup(    0): Successfully killed process cgroup uid 1000 pid 27933 in 0ms
12-08 11:31:10.097 I/init    (    0): Command 'restart --only-if-running memflow' action=persist.device_config.hzos_system_native.memflow_immersiveslaexp_soft=* (/system_ext/etc/init/memflow.rc:114) took 201ms and succeeded
12-08 11:31:10.097 I/init    (    0): Service 'memflow' (pid 27933) received signal 15
12-08 11:31:10.104 I/init    (    0): waitpid(27933) returned 27933
12-08 11:31:10.104 I/init    (    0): processing action (persist.device_config.hzos_system_native.memflow_syssenpaiexp_max_backoff=*) from (/system_ext/etc/init/memflow.rc:80)
12-08 11:31:10.104 I/init    (    0): processing action (persist.device_config.hzos_system_native.memflow_syssenpaiexp_coeff_backoff=*) from (/system_ext/etc/init/memflow.rc:71)
12-08 11:31:10.104 I/init    (    0): processing action (persist.device_config.hzos_system_native.memflow_syssenpaiexp_coeff_probe=*) from (/system_ext/etc/init/memflow.rc:74)
12-08 11:31:10.104 I/init    (    0): processing action (persist.device_config.hzos_system_native.memflow_heap_telemetry_tick_rate=*) from (/system_ext/etc/init/memflow.rc:98)
12-08 11:31:10.104 I/init    (    0): processing action (persist.device_config.hzos_system_native.memflow_telemetry_tick_rate=*) from (/system_ext/etc/init/memflow.rc:95)
12-08 11:31:10.104 I/init    (    0): processing action (persist.device_config.hzos_system_native.memflow_sysexp_deadband=*) from (/system_ext/etc/init/memflow.rc:47)
12-08 11:31:10.104 I/init    (    0): processing action (persist.device_config.lmkd_native.critical_upgrade=*) from (/system/etc/init/lmkd.rc:74)
12-08 11:31:10.108 I/init    (    0): processing action (persist.device_config.hzos_system_native.memflow_immersiveslaexp_hard=*) from (/system_ext/etc/init/memflow.rc:110)
12-08 11:31:10.108 I/init    (    0): processing action (persist.device_config.lmkd_native.critical=*) from (/system/etc/init/lmkd.rc:59)
12-08 11:31:10.114 I/init    (    0): processing action (persist.device_config.hzos_system_native.memflow_syssenpaiexp_max_probe=*) from (/system_ext/etc/init/memflow.rc:83)
12-08 11:31:10.114 I/init    (    0): processing action (persist.device_config.lmkd_native.kill_timeout_ms=*) from (/system/etc/init/lmkd.rc:26)
12-08 11:31:10.119 I/init    (    0): processing action (persist.device_config.hzos_system_native.memflow_heap_telemetry_threshold_kib=*) from (/system_ext/etc/init/memflow.rc:101)
12-08 11:31:10.119 I/init    (    0): processing action (persist.device_config.lmkd_native.thrashing_limit_critical=*) from (/system/etc/init/lmkd.rc:44)
12-08 11:31:10.125 I/init    (    0): processing action (persist.device_config.lmkd_native.use_minfree_levels=*) from (/system/etc/init/lmkd.rc:62)
