12-08 11:26:12.269 I/Minidump(    0): Ignoring minidump region FRPC_2.
12-08 11:26:12.270 I/waipio-asoc-snd soc(    0): spf_core_platform:sound: check_userspace_service_state: pcm_id 0 state 0
12-08 11:26:12.273 E/msm_cdc_disable_ondemand_supply(    0): either dev or supplies or cdc_vreg is NULL
12-08 11:26:12.273 E/lpass-cdc soc(    0): spf_core_platform:lpass-cdc: lpass_cdc_dmic_clk_enable: dmic power supply disable failed
12-08 11:26:12.273 E/msm_cdc_disable_ondemand_supply(    0): either dev or supplies or cdc_vreg is NULL
12-08 11:26:12.273 E/lpass-cdc soc(    0): spf_core_platform:lpass-cdc: lpass_cdc_dmic_clk_enable: dmic power supply disable failed
12-08 11:26:12.285 V/WindowManager( 2051): Finish Transition #340: created at 12-08 11:26:12.241 collect-started=0.07ms started=0.178ms ready=0.835ms sent=10.636ms finished=42.116ms
12-08 11:26:12.286 I/SpatialWindowResourceService( 2051): setWindowFrameRate() token: horizonos.view.VolumetricWindowToken$InternalVolumetricToken@bf4fc9e framerate: 1.0
12-08 11:26:12.287 I/SpatialWindowResourceService( 2051): setWindowUserPerceivedState(): Setting Application State:ComponentInfo{com.oculus.panelapp.library/com.oculus.navigator.library.app.NavigatorLibraryActivity} ProcessName:com.oculus.panelapp.library:SystemBar PerceptionState:(old):CRITICAL_PERCEPTION->(new):NO_PERCEPTION
12-08 11:26:12.289 I/SpatialWindowResourceService( 2051): setWindowFrameRate() token: horizonos.view.VolumetricWindowToken$InternalVolumetricToken@f37ffcd framerate: 1.0
12-08 11:26:12.289 I/SpatialWindowResourceService( 2051): setWindowUserPerceivedState(): Setting Application State:ComponentInfo{com.oculus.panelapp.library/com.oculus.navigator.systembar.app.SystemBarActivity} ProcessName:com.oculus.panelapp.library:SystemBar PerceptionState:(old):CRITICAL_PERCEPTION->(new):NO_PERCEPTION
12-08 11:26:12.303 I/TrackingServiceProxy( 2051): Oboe audio stream stopped
12-08 11:26:12.344 W/WindowManager( 2051): Failed looking up window session=Session{909f549 18561:u0a10049} callers=com.android.server.wm.WindowManagerService.windowForClientLocked:6161 com.android.server.wm.WindowManagerService.removeWindow:1985 com.android.server.wm.Session.remove:231 
12-08 11:26:12.410 W/WindowManager( 2051): Failed looking up window session=Session{909f549 18561:u0a10049} callers=com.android.server.wm.WindowManagerService.windowForClientLocked:6161 com.android.server.wm.WindowManagerService.removeWindow:1985 com.android.server.wm.Session.remove:231 
12-08 11:26:12.414 I/VolumetricWindowManagerServiceBase( 2051): removeVolumetricWindow done: userId = 0rootTaskId = NA, VW = VolumetricWindowInfo { volumetricWindowToken = VolumetricWindowToken { scope = 1, token = horizonos.view.VolumetricWindowToken$InternalVolumetricToken@59ab18e, persistableToken = bce6c89a-5a9f-4f14-b033-a697cc2b8f43 }, type = 0, bounds = Extent3f { width = 67.0, height = 564.0, depth = 0.0 }, pose = Pose { orientation = Vector4f { x = 0.0, y = -0.05412537, z = 0.0, w = 0.9985342 }, position = Vector3f { x = 0.21526912, y = 0.04701972, z = -0.8304194 } }, windowSize2d = Extent2i { width = 67, height = 564 }, densityDpi = 200, windowSpaceToken = SpaceToken { binderToken = horizonos.view.SpaceToken$InternalSpaceToken@a1df945, persistableToken = 0c85a1cb-7c81-4639-b831-001281f87493 }, visible = false, active = true, drawn = false, persistable = false, singlePassCompositionEnabled = false, depthTestEnabled = false, inView = false, windowFlags = 8, priorityHintInfo = PriorityHintInfo { windowPpd = 0.0, viewAngleSine = -1.0, visiblePercent = 1.0, distanceFromUser = 0.0, attentionZone = 0 }, taskInfo = null, presentation = VolumetricWindowPresentationInfo { controlBar = null }, layoutParams = VolumetricWindowLayoutParams { attachFrom = 51, attachTo = 51, translationAdjustment = TranslationAdjustment { x = 0, y = 0, z = 4 }, rotationAdjustment = RotationAdjustment { pitchX = 0, yawY = 0, rollZ = 0 }, matchParentDensity = false, pixelTranslationOverride = Point(2, -199), flags = 0 }, children = [], shape = 2, cylinderInfo = CylinderInfo { width = 1.0, height = 0.038270317 } }
12-08 11:26:12.414 I/VolumetricWindow( 2051): Releasing volumetric window, WindowContainerToken: null, persistable token: bce6c89a-5a9f-4f14-b033-a697cc2b8f43
12-08 11:26:12.414 I/DisplayDeviceRepository( 2051): Display device removed: DisplayDeviceInfo{"MirrorRoot for bce6c89a-5a9f-4f14-b033-a697cc2b8f43": uniqueId="virtual:android,1000,MirrorRoot for bce6c89a-5a9f-4f14-b033-a697cc2b8f43,0", 67 x 564, modeId 219, renderFrameRate 60.0, defaultModeId 219, supportedModes [{id=219, width=67, height=564, fps=60.0, alternativeRefreshRates=[], supportedHdrTypes=[]}], colorMode 0, supportedColorModes [0], hdrCapabilities null, allmSupported false, gameContentTypeSupported false, density 200, 200.0 x 200.0 dpi, appVsyncOff 0, presDeadline 16666666, touch NONE, rotation 0, type VIRTUAL, deviceProductInfo null, state ON, committedState UNKNOWN, owner android (uid 1000), frameRateOverride , brightnessMinimum 0.0, brightnessMaximum 0.0, brightnessDefault 0.0, hdrSdrRatio NaN, FLAG_SECURE, FLAG_SUPPORTS_PROTECTED_BUFFERS, FLAG_OWN_CONTENT_ONLY, FLAG_DESTROY_CONTENT_ON_REMOVAL, installOrientation 0, displayShape DisplayShape{ spec=585457113 displayWidth=67 displayHeight=564 physicalPixelDisplaySizeRatio=1.0 rotation=0 offsetX=0 offsetY=0 scale=1.0}}
12-08 11:26:12.415 I/LogicalDisplayMapper( 2051): Removing display: 97
12-08 11:26:12.419 I/VolumetricContainerPlacement( 2051): released: ContainerPlacement{mId=8, mBounds=Rect(64000, 0 - 72000, 8000)}
12-08 11:26:12.444 I/OculusWindowMgr( 2051): OWMS::focusChanged: windowRootTaskId: 11
12-08 11:26:12.444 I/OculusWindowMgr( 2051): OWMS::focusChanged: getImmersiveTask returned
12-08 11:26:12.444 I/OculusWindowMgr( 2051): OWMS::focusChanged: mFocusPlaceholderActivity found in Task.
12-08 11:26:12.446 D/VolumetricContentMonitor( 2051): Focused window changed to RunningWindowInfo{  pid: 25589, uid: 10087, userId: 0, windowContainerToken: 180092530, windowToken: android.view.IWindow$Stub$Proxy@7be42c3, windowId: com.android.server.wm.WindowState$WindowId@a2c0740, displayId: 0, windowType: 1, activity: RunningActivityInfo { rootTask: 11, uid: 10087, pid: 25589, userId: 0, activity: com.oculus.mrds.msft.connectactivity.ConnectActivity, windowId: com.android.server.wm.WindowState$WindowId@a2c0740, state: ACTIVITY_STATE_VISIBLE}}, from android.view.IWindow$Stub$Proxy@69b4182
12-08 11:26:12.447 D/SpatialAudioService( 2051): Skipping processing for app: com.oculus.panelapp.library (isNewApp: false, perAppEnabled: true, epsService: true)
12-08 11:26:12.448 V/WorldManagerService( 2051): VW Content Listener: com.oculus.panelapp.library -1
12-08 11:26:12.448 D/SpatialAudioService( 2051): Skipping processing for app: com.oculus.mrds (isNewApp: false, perAppEnabled: true, epsService: true)
12-08 11:26:12.448 V/WorldManagerService( 2051): VW Content Listener: com.oculus.mrds -1
12-08 11:26:12.448 I/SpatialWindowResourceService( 2051): setWindowFrameRate() token: horizonos.view.VolumetricWindowToken$InternalVolumetricToken@7bf87aa framerate: 0.0
12-08 11:26:12.448 I/SpatialWindowResourceService( 2051): setWindowFrameRate() token: horizonos.view.VolumetricWindowToken$InternalVolumetricToken@bf4fc9e framerate: 1.0
12-08 11:26:12.449 D/ActivityTaskManager( 2051): getDisplaysWithTopActivities: immersive ActivityRecord{4800ec1 u0 com.oculus.vrshell/.HomeActivity t2576}
--------- beginning of main
12-08 11:26:12.992 W/RuntimeTelemetryThread( 4168): [OpenXR_Anchor] component enabled cannot be changed; 5
12-08 11:26:12.992 I/OpenXR_DynamicObject( 4168): ------------ xrGetSpaceDynamicObjectDataMETA -----------
12-08 11:26:13.005 I/InputDispatcher( 2051): Dropping event because no targets were found: MotionEvent
12-08 11:26:13.015 I/MRSS    ( 1574): MIXEDREALITY: MrService: renderIteration: (every 10 seconds), screen is: ON, PT is: OFF, Depth is: OFF
12-08 11:26:13.018 I/InputDispatcher( 2051): Dropping event because no targets were found: MotionEvent
12-08 11:26:13.027 I/DynamicObjectClient( 4801): Query Dynamic Object Tracker anchors
12-08 11:26:13.027 I/DynamicObjectClient( 4801): Adding object to anchor list
12-08 11:26:13.027 I/DynamicObjectClient( 4801): kbAnchorOpt_ already exists, reusing
12-08 11:26:13.032 I/InputDispatcher( 2051): Dropping event because no targets were found: MotionEvent
12-08 11:26:13.046 I/InputDispatcher( 2051): Dropping event because no targets were found: MotionEvent
12-08 11:26:13.061 I/InputDispatcher( 2051): Dropping event because no targets were found: MotionEvent
12-08 11:26:13.067 W/ight_spatialsdk(25836): Method boolean androidx.compose.runtime.snapshots.SnapshotStateList.conditionalUpdate(boolean, kotlin.jvm.functions.Function1) failed lock verification and will run slower.
12-08 11:26:13.067 W/ight_spatialsdk(25836): Common causes for lock verification issues are non-optimized dex code
12-08 11:26:13.067 W/ight_spatialsdk(25836): and incorrect proguard optimizations.
12-08 11:26:13.067 W/ight_spatialsdk(25836): Method boolean androidx.compose.runtime.snapshots.SnapshotStateList.conditionalUpdate$default(androidx.compose.runtime.snapshots.SnapshotStateList, boolean, kotlin.jvm.functions.Function1, int, java.lang.Object) failed lock verification and will run slower.
12-08 11:26:13.067 W/ight_spatialsdk(25836): Method java.lang.Object androidx.compose.runtime.snapshots.SnapshotStateList.mutate(kotlin.jvm.functions.Function1) failed lock verification and will run slower.
12-08 11:26:13.067 W/ight_spatialsdk(25836): Method void androidx.compose.runtime.snapshots.SnapshotStateList.update(boolean, kotlin.jvm.functions.Function1) failed lock verification and will run slower.
12-08 11:26:13.068 W/ight_spatialsdk(25836): Method void androidx.compose.runtime.snapshots.SnapshotStateList.update$default(androidx.compose.runtime.snapshots.SnapshotStateList, boolean, kotlin.jvm.functions.Function1, int, java.lang.Object) failed lock verification and will run slower.
12-08 11:26:13.075 I/InputDispatcher( 2051): Dropping event because no targets were found: MotionEvent
12-08 11:26:13.088 I/InputDispatcher( 2051): Dropping event because no targets were found: MotionEvent
12-08 11:26:13.102 I/InputDispatcher( 2051): Dropping event because no targets were found: MotionEvent
12-08 11:26:13.109 I/Tracking( 1772): Vega: [INSIGHTS] Mode=DescriptorVega,6DoF,Agg=6s,Inl=14,23,188,Mem=101.9,FrameDur=12.3,46.0,PoseLat=1.6,3.1,CamImuLat=20.4,28.6,Jit=0.0,0.1,Drops(Cam=0,IMU=0),MeanIr=59709.7,Exp(0.6ms,g=1,I=60)(0.6ms,g=1,I=60)(2.4ms,g=1,I=60)(2.4ms,g=1,I=60)(1.6ms,g=1)(1.6ms,g=1),NonInertEnv=?
12-08 11:26:13.116 I/InputDispatcher( 2051): Dropping event because no targets were found: MotionEvent
12-08 11:26:13.130 I/InputDispatcher( 2051): Dropping event because no targets were found: MotionEvent
12-08 11:26:13.144 I/InputDispatcher( 2051): Dropping event because no targets were found: MotionEvent
12-08 11:26:13.159 I/InputDispatcher( 2051): Dropping event because no targets were found: MotionEvent
12-08 11:26:13.173 I/InputDispatcher( 2051): Dropping event because no targets were found: MotionEvent
12-08 11:26:13.189 I/InputDispatcher( 2051): Dropping event because no targets were found: MotionEvent
12-08 11:26:13.193 I/VD628x  (  871): Flicker results: freq 868.014587, max 231.386856, dcr 68.956955, pct 0.000150, idx 0.000151, conf 0.001110, snr -29.300566, svm 0.000000, sus 2
12-08 11:26:13.200 I/InputDispatcher( 2051): Dropping event because no targets were found: MotionEvent
12-08 11:26:13.216 I/InputDispatcher( 2051): Dropping event because no targets were found: MotionEvent
12-08 11:26:13.216 D/DeviceConfigClient(25421): StorageCacheWriter: doWork: start
12-08 11:26:13.216 D/ConfigStorageAdapter(25421): Calling writeMemoryStateToStorageCache
12-08 11:26:13.217 D/ConfigStorageCacheV2(25421): Writing to V2 StorageCache
12-08 11:26:13.221 D/ConfigStorageAdapter(25421): Successfully deleted shared preferences file: true
12-08 11:26:13.221 D/DeviceConfigClient(25421): StorageCacheWriter: writeToStorageSync: updated storage cache
12-08 11:26:13.221 D/DeviceConfigClient(25421): StorageCacheWriter: triggerCallbacks: count = 1
12-08 11:26:13.221 D/DeviceConfigClient(25421): signalFullStorageCacheUpdate: updated full storage cache. first time = true
12-08 11:26:13.221 D/DeviceConfigClient(25421): StorageCacheWriter: doWork: end
12-08 11:26:13.227 I/InputDispatcher( 2051): Dropping event because no targets were found: MotionEvent
12-08 11:26:13.241 I/InputDispatcher( 2051): Dropping event because no targets were found: MotionEvent
12-08 11:26:13.255 I/InputDispatcher( 2051): Dropping event because no targets were found: MotionEvent
12-08 11:26:13.269 I/InputDispatcher( 2051): Dropping event because no targets were found: MotionEvent
12-08 11:26:13.282 I/VrApi   ( 4168): FPS=70/72,Prd=45ms,Tear=0,Early=93,Stale=2,Stale2/5/10/max=0/0/0/1,VSnc=1,Lat=-1,Fov=3,CPU4/GPU=3/2,2361/285MHz,OC=3F,TA=0/0/0,SP=N/N/N,Mem=3196MHz,Free=3861MB,PLS=0,Temp=35.0C/0.0C,TW=2.67ms,App=1.27ms,GD=0.00ms,CPU&GPU=9.42ms,LCnt=10(DR0,LM3),GPU%=0.40,CPU%=0.78(W0.82),CFL=14.90/20.28,ICFLp95=18.98,LD=0,SF=1.00,LP=1,DVFS=0,ShrpLCnt=6,ShrpR=0.000,SSLCnt=3/6
12-08 11:26:13.283 I/InputDispatcher( 2051): Dropping event because no targets were found: MotionEvent
12-08 11:26:13.283 D/CoreBackPreview( 2051): Window{ff9a82 u0 com.example.moonlight_spatialsdk/com.example.moonlight_spatialsdk.PancakeActivity}: Setting back callback OnBackInvokedCallbackInfo{mCallback=android.window.IOnBackInvokedCallback$Stub$Proxy@10dcce, mPriority=0, mIsAnimationCallback=false}
12-08 11:26:13.301 I/InputDispatcher( 2051): Dropping event because no targets were found: MotionEvent
12-08 11:26:13.313 I/InputDispatcher( 2051): Dropping event because no targets were found: MotionEvent
12-08 11:26:13.325 I/InputDispatcher( 2051): Dropping event because no targets were found: MotionEvent
12-08 11:26:13.329 E/TaskPersister( 2051): File error accessing recents directory (directory doesn't exist?).
12-08 11:26:13.338 I/vendor.qti.bluetooth@1.1-ibs_handler(  854): DeviceSleep: TX Awake, Sending SLEEP_IND
12-08 11:26:13.338 D/vendor.qti.bluetooth@1.1-ibs_handler(  854): SerialClockVote: vote for UART CLK OFF
12-08 11:26:13.339 I/InputDispatcher( 2051): Dropping event because no targets were found: MotionEvent
12-08 11:26:13.340 I/Shell   ( 4168): OpenXRSystem::destroySwapchain: 188(0x73aff66000): texture, 1024x1024
12-08 11:26:13.340 I/OpenXR_GPUMemTrace( 4168): Swapchain deletion destroy id=396, idx=0
12-08 11:26:13.340 I/OpenXR_GPUMemTrace( 4168): Swapchain deletion destroy id=396, idx=1
12-08 11:26:13.340 I/OpenXR_GPUMemTrace( 4168): Swapchain deletion destroy id=396, idx=2
12-08 11:26:13.340 I/SwapChain_Vulkan_Memory_Export( 4168): DestroyImportedTextureResourcesVulkan: Destroy imported foveation resources: 0x73615c3de8
12-08 11:26:13.340 I/VrRuntimeService( 3567): DestroySwapChain: swapchain=396
12-08 11:26:13.341 I/AdrenoGLES-0(25836): QUALCOMM build                   : 5eb6d58341, Icac217ebc7
12-08 11:26:13.341 I/AdrenoGLES-0(25836): Build Date                       : 11/10/25
12-08 11:26:13.341 I/AdrenoGLES-0(25836): OpenGL ES Shader Compiler Version: E031.50.14.00
12-08 11:26:13.341 I/AdrenoGLES-0(25836): Local Branch                     : 
12-08 11:26:13.341 I/AdrenoGLES-0(25836): Remote Branch                    : refs/tags/AU_LINUX_ANDROID_LA.VENDOR.12.3.11.00.00.934.442
12-08 11:26:13.341 I/AdrenoGLES-0(25836): Remote Branch                    : NONE
12-08 11:26:13.341 I/AdrenoGLES-0(25836): Reconstruct Branch               : NOTHING
12-08 11:26:13.341 I/AdrenoGLES-0(25836): Build Config                     : S P 12.1.6 AArch64
12-08 11:26:13.341 I/AdrenoGLES-0(25836): Driver Path                      : /vendor/lib64/egl/libGLESv2_adreno.so
12-08 11:26:13.341 I/AdrenoGLES-0(25836): Driver Version                   : 0837.0.6
12-08 11:26:13.341 I/AdrenoGLES-0(25836): Process Name                     : com.example.moonlight_spatialsdk
12-08 11:26:13.347 I/AdrenoGLES-0(25836): PFP: 0x01511181, ME: 0x00000000
12-08 11:26:13.349 W/Adreno-AppProfiles(25836): Could not find QSPM HAL service. Skipping adreno profile processing.
12-08 11:26:13.351 I/AdrenoUtils(25836): <ReadGpuID:1293>: Reading chip ID through GSL
12-08 11:26:13.353 I/hwservicemanager(  331): getTransport: Cannot find entry android.hardware.configstore@1.0::ISurfaceFlingerConfigs/default in either framework or device VINTF manifest.
12-08 11:26:13.353 I/InputDispatcher( 2051): Dropping event because no targets were found: MotionEvent
12-08 11:26:13.360 I/OculusWindowMgr( 2051): OWMS::focusChanged: windowRootTaskId: 12
12-08 11:26:13.360 I/OculusWindowMgr( 2051): OWMS::focusChanged: getImmersiveTask returned
12-08 11:26:13.360 I/OculusWindowMgr( 2051): OWMS::focusChanged: mFocusPlaceholderActivity found in Task.
12-08 11:26:13.361 D/VolumetricContentMonitor( 2051): Focused window changed to RunningWindowInfo{  pid: 25836, uid: 10176, userId: 0, windowContainerToken: 95260037, windowToken: android.view.IWindow$Stub$Proxy@5e1f7da, windowId: com.android.server.wm.WindowState$WindowId@757240b, displayId: 0, windowType: 1, activity: RunningActivityInfo { rootTask: 12, uid: 10176, pid: 25836, userId: 0, activity: com.example.moonlight_spatialsdk.PancakeActivity, windowId: com.android.server.wm.WindowState$WindowId@757240b, state: ACTIVITY_STATE_VISIBLE}}, from android.view.IWindow$Stub$Proxy@7be42c3
12-08 11:26:13.361 I/ClientMgr( 3567): FocusedWindowChanged: falling back to client with same uid: 10053, and pid: 4168
12-08 11:26:13.361 I/ClientMgr( 3567): ClientMgr::SetFocusedClient: FocusedClient did not change: [com.oculus.vrshell:4168]
12-08 11:26:13.361 I/ClientMgr( 3567): ClientMgr::SetFocusedClient: 4168:com.oculus.vrshell type 1
12-08 11:26:13.361 I/ClientMgr( 3567): ClientMgr::SetFocusedClient: Updating focus state for all clients
12-08 11:26:13.361 I/ClientMgr( 3567): ClientMgr::SetFocusedClient: Updating Focus State: 0 for Client: /system/bin/surfaceflinger:2437, Client DisplayId: 0
12-08 11:26:13.361 I/ClientMgr( 3567): ClientMgr::SetFocusedClient: Updating Focus State: 0 for Client: com.oculus.vrguardianservice:5403, Client DisplayId: -1
12-08 11:26:13.361 I/ClientMgr( 3567): ClientMgr::SetFocusedClient: Updating Focus State: 1 for Client: com.oculus.vrshell:4168, Client DisplayId: -1
12-08 11:26:13.361 I/ClientMgr( 3567): ClientMgr::SetFocusedClient: Updating Focus State: 0 for Client: /system_ext/bin/mrsystemservice:1574, Client DisplayId: 0
12-08 11:26:13.361 I/ClientMgr( 3567): SetFocusedPackageName - packageName com.oculus.vrshell processName com.oculus.vrshell clientId 2576659990 clientPid 4168
12-08 11:26:13.361 I/ServiceInputManager( 3567): ServiceInputManager::SetFocusedPackageName 'com.oculus.vrshell'
12-08 11:26:13.361 I/TrexControllerServerPlugin( 3567): ControllerServerBase Set Focused client: com.oculus.vrshell:4168
12-08 11:26:13.361 D/SpatialAudioService( 2051): Skipping processing for app: com.oculus.mrds (isNewApp: false, perAppEnabled: true, epsService: true)
12-08 11:26:13.362 D/ActivityTaskManager( 2051): getDisplaysWithTopActivities: immersive ActivityRecord{4800ec1 u0 com.oculus.vrshell/.HomeActivity t2576}
12-08 11:26:13.362 V/WorldManagerService( 2051): VW Content Listener: com.oculus.mrds -1
12-08 11:26:13.362 D/SpatialAudioService( 2051): Skipping processing for app: com.example.moonlight_spatialsdk (isNewApp: false, perAppEnabled: true, epsService: true)
12-08 11:26:13.362 V/WorldManagerService( 2051): VW Content Listener: com.example.moonlight_spatialsdk -1
12-08 11:26:13.362 I/SpatialWindowResourceService( 2051): setWindowFrameRate() token: horizonos.view.VolumetricWindowToken$InternalVolumetricToken@7bf87aa framerate: 0.0
12-08 11:26:13.362 I/SpatialWindowResourceService( 2051): setWindowFrameRate() token: horizonos.view.VolumetricWindowToken$InternalVolumetricToken@ec832a7 framerate: 0.0
12-08 11:26:13.364 I/[SEO] DesktopFocusManager( 4168): Focused panel changed from 54 to 55
12-08 11:26:13.365 E/OpenGLRenderer(25836): Unable to match the desired swap behavior.
12-08 11:26:13.366 D/ProfileInstaller(25421): Skipping profile installation for com.oculus.socialplatform
12-08 11:26:13.366 I/InputDispatcher( 2051): Dropping event because no targets were found: MotionEvent
12-08 11:26:13.379 I/servicemanager(    0): Could not find android.hardware.graphics.allocator.IAllocator/default in the VINTF manifest.
12-08 11:26:13.381 I/servicemanager(    0): Could not find android.hardware.graphics.allocator.IAllocator/default in the VINTF manifest.
12-08 11:26:13.368 I/Shell   ( 4168): OpenXRSystem::destroySwapchain: 186(0x73afe1cb00): texture, 1024x1024
12-08 11:26:13.368 I/OpenXR_GPUMemTrace( 4168): Swapchain deletion destroy id=390, idx=0
12-08 11:26:13.368 I/OpenXR_GPUMemTrace( 4168): Swapchain deletion destroy id=390, idx=1
12-08 11:26:13.368 I/OpenXR_GPUMemTrace( 4168): Swapchain deletion destroy id=390, idx=2
12-08 11:26:13.368 I/SwapChain_Vulkan_Memory_Export( 4168): DestroyImportedTextureResourcesVulkan: Destroy imported foveation resources: 0x73dd1d71e8
12-08 11:26:13.368 I/VrRuntimeService( 3567): DestroySwapChain: swapchain=390
12-08 11:26:13.376 I/OpenGLRenderer(25836): setStopped(0)
12-08 11:26:13.376 I/OpenGLRenderer(25836): setStopped(0): complete
12-08 11:26:13.380 I/InputDispatcher( 2051): Dropping event because no targets were found: MotionEvent
12-08 11:26:13.385 V/CompositorUtil( 3567): TryDelete: Deleting 1 swapchains
12-08 11:26:13.385 V/Context ( 3567): QueryVersion() - Context Version: 3.2
12-08 11:26:13.385 V/CompositorUtil( 3567): SwapChainDeferDeletion: destroying texture swap chain id=396 ptr=0x748f787600, client id=4
12-08 11:26:13.385 I/SwapChain_Vulkan_Foveated( 3567): CreateTextureSwapChainFoveationVulkan: Destroyed foveation resources
12-08 11:26:13.394 I/InputDispatcher( 2051): Dropping event because no targets were found: MotionEvent
12-08 11:26:13.398 I/OpenGLRenderer(25836): setStopped(0)
12-08 11:26:13.408 I/InputDispatcher( 2051): Dropping event because no targets were found: MotionEvent
12-08 11:26:13.410 I/OpenGLRenderer(25836): setStopped(0): complete
12-08 11:26:13.412 W/ziparchive( 2051): Unable to open '/data/app/~~jA4Voauo14u4-oILckS09A==/com.example.moonlight_spatialsdk-CQG_dknwsFKPKrFbJq4F2Q==/base.dm': No such file or directory
12-08 11:26:13.412 V/CompositorUtil( 3567): TryDelete: Deleting 1 swapchains
12-08 11:26:13.412 V/Context ( 3567): QueryVersion() - Context Version: 3.2
12-08 11:26:13.412 V/CompositorUtil( 3567): SwapChainDeferDeletion: destroying texture swap chain id=390 ptr=0x73e80af600, client id=4
12-08 11:26:13.413 I/SwapChain_Vulkan_Foveated( 3567): CreateTextureSwapChainFoveationVulkan: Destroyed foveation resources
12-08 11:26:13.413 I/ActivityTaskManager( 2051): Displayed com.example.moonlight_spatialsdk/.PancakeActivity for user 0: +2s581ms
12-08 11:26:13.416 I/OpenGLRenderer(25836): Davey! duration=1366ms; Flags=1, FrameTimelineVsyncId=5024060, IntendedVsync=10168366425060, Vsync=10169066425053, InputEventId=0, HandleInputStart=10169072590538, AnimationStart=10169072597413, PerformTraversalsStart=10169072809392, DrawStart=10169700722007, FrameDeadline=10168380313947, FrameInterval=10169072179392, FrameStartTime=11111111, SyncQueued=10169722257269, SyncStart=10169722395915, IssueDrawCommandsStart=10169722855082, SwapBuffers=10169730857583, FrameCompleted=10169732932947, DequeueBufferDuration=8542, QueueBufferDuration=166823, GpuCompleted=10169731516853, SwapBuffersCompleted=10169732932947, DisplayPresentTime=0, CommandSubmissionCompleted=10169730857583, 
12-08 11:26:13.422 I/InputDispatcher( 2051): Dropping event because no targets were found: MotionEvent
12-08 11:26:13.434 I/MRSS    ( 1574): BOLT:HexagonTelemetry: Global DSP utilization: 32.61% (1631 / 5004 ms), Scalar Util: 66.15%, HVX Util: 53.80%, HMX Util: 24.95%, DMA Active: 0.00%, Freq: 787.1999999999999 MHz
12-08 11:26:13.434 I/MRSS    ( 1574): boltlib: Logging Rpc stats (detailed=false, onAbort=false)
12-08 11:26:13.434 I/MRSS    ( 1574): boltlib: DSP Rpc stats over 5005 ms: {"HexagonCvpPreprocessorCompute":150,"unnamed_et0":150}
12-08 11:26:13.460 D/CompatibilityChangeReporter( 2051): Compat change id reported: 214016041; UID 10176; state: ENABLED
12-08 11:26:13.460 I/ImeTracker( 2051): com.example.moonlight_spatialsdk:aa42f9c9: onRequestHide at ORIGIN_SERVER_HIDE_INPUT reason HIDE_UNSPECIFIED_WINDOW
12-08 11:26:13.460 I/ImeTracker( 2051): com.example.moonlight_spatialsdk:aa42f9c9: onCancelled at PHASE_SERVER_SHOULD_HIDE
12-08 11:26:13.464 D/KeyboardInputMethodService( 4168): onFinishInput
12-08 11:26:13.465 I/Shell   ( 4168): OpenXRSystem::destroySwapchain: 184(0x73fefc6600): surface, 1x1
12-08 11:26:13.465 I/OpenXR_GPUMemTrace( 4168): Swapchain deletion destroy id=384, idx=0
12-08 11:26:13.465 I/SwapChain_Vulkan_Memory_Export( 4168): DestroyImportedTextureResourcesVulkan: Destroy imported foveation resources: 0x7327650be8
12-08 11:26:13.465 I/VrRuntimeService( 3567): DestroySwapChain: swapchain=384
12-08 11:26:13.481 I/Tracking( 1772): BOLT:HexagonTelemetry: Global DSP utilization: 32.48% (1625 / 5005 ms), Scalar Util: 66.16%, HVX Util: 53.86%, HMX Util: 24.93%, DMA Active: 0.00%, Freq: 787.2 MHz
12-08 11:26:13.481 I/Tracking( 1772): boltlib: Logging Rpc stats (detailed=false, onAbort=false)
12-08 11:26:13.481 I/Tracking( 1772): boltlib: DSP Rpc stats over 5003 ms: {"GraphModule":10,"HexagonCornerHarrisEdgeIndexedSlicesAsync":1,"HexagonPyramid3x3Async":68,"a2e_boltnn_delegate":94,"controller_inference":32,"dd_boltnn_delegate_batch_128":1,"dd_boltnn_delegate_batch_256":3,"dpe_inference_v2":20,"dpr_process_body_delegate":3,"test_boltnn_airplane_mode":3,"unnamed_et60":75}
12-08 11:26:13.488 D/vendor.qti.bluetooth@1.1-wake_lock(  854): Release wakelock is released 
12-08 11:26:13.491 I/Choreographer(25836): Skipped 60 frames!  The application may be doing too much work on its main thread.
12-08 11:26:13.492 I/Shell   ( 4168): OpenXRSystem::destroySwapchain: 189(0x73b01a7600): texture, 1680x1760
12-08 11:26:13.492 I/OpenXR_GPUMemTrace( 4168): Swapchain deletion destroy id=397, idx=0
12-08 11:26:13.492 I/OpenXR_GPUMemTrace( 4168): Swapchain deletion destroy id=397, idx=1
12-08 11:26:13.492 I/OpenXR_GPUMemTrace( 4168): Swapchain deletion destroy id=397, idx=2
12-08 11:26:13.493 I/SwapChain_Vulkan_Memory_Export( 4168): DestroyImportedTextureResourcesVulkan: Destroy imported foveation resources: 0x73618d81e8
12-08 11:26:13.493 I/VrRuntimeService( 3567): DestroySwapChain: swapchain=397
12-08 11:26:13.510 V/CompositorUtil( 3567): TryDelete: Deleting 1 swapchains
12-08 11:26:13.510 V/Context ( 3567): QueryVersion() - Context Version: 3.2
12-08 11:26:13.510 V/CompositorUtil( 3567): SwapChainDeferDeletion: destroying texture swap chain id=384 ptr=0x739cb6ae00, client id=4
12-08 11:26:13.510 I/SwapChain_Vulkan_Foveated( 3567): CreateTextureSwapChainFoveationVulkan: Destroyed foveation resources
12-08 11:26:13.510 I/SwapChain( 3567): DestroyAndroidSurfaceSwapChain: 0x739cb6ae00: Destroying SurfaceTexture 0x748a3b0160 Surface 0x739b321010
12-08 11:26:13.510 W/rruntimeservice( 3567): Binder 0x748f6dec90 destroyed after setInheritRt before being parceled.
12-08 11:26:13.510 W/rruntimeservice( 3567): Binder 0x748f6de238 destroyed after setInheritRt before being parceled.
12-08 11:26:13.511 I/[CT]    ( 4801): SP:AP:AnchorPersistenceConfig: PreferencesManager: has_seen_spatial_data_sharing_notice_v2: false
12-08 11:26:13.511 I/[CT]    ( 4801): SP:AP:AnchorPersistenceConfig: PreferencesManager: anchor_persistence_cloud_anchor_service_enabled: true
12-08 11:26:13.511 I/[CT]    ( 4801): SP:AP:AnchorPersistenceConfig: getCloudPermissionEnabledVps: userPreference(anchor_persistence_cloud_anchor_service_enabled_vps)=true, cloudPermissionOverride: -1
12-08 11:26:13.516 I/[CT]    ( 4801): SlamAnchorPersistenceRuntimeIpcClient: SlamAnchorPersistenceRuntimeIpcClient: Get Features Query took 0.004558699 s. Query timestamp = 10165001066278
12-08 11:26:13.537 V/CompositorUtil( 3567): TryDelete: Deleting 1 swapchains
12-08 11:26:13.538 V/Context ( 3567): QueryVersion() - Context Version: 3.2
12-08 11:26:13.538 V/CompositorUtil( 3567): SwapChainDeferDeletion: destroying texture swap chain id=397 ptr=0x748f84b000, client id=4
12-08 11:26:13.538 I/SwapChain_Vulkan_Foveated( 3567): CreateTextureSwapChainFoveationVulkan: Destroyed foveation resources
12-08 11:26:13.538 I/Vsync   ( 3567): Vsync 550:  2 x 13.89 ms (72.00 Hz, at 10169.862)
12-08 11:26:13.573 D/KeyboardInputMethodService( 4168): onStartInput
12-08 11:26:13.581 I/OpenGLRenderer(25836): Davey! duration=749ms; Flags=0, FrameTimelineVsyncId=5024795, IntendedVsync=10169144202830, Vsync=10169810869490, InputEventId=-670592384, HandleInputStart=10169816265716, AnimationStart=10169825867852, PerformTraversalsStart=10169872778013, DrawStart=10169886175671, FrameDeadline=10169746980600, FrameInterval=10169815513320, FrameStartTime=11111111, SyncQueued=10169890862859, SyncStart=10169890901244, IssueDrawCommandsStart=10169890947807, SwapBuffers=10169893114265, FrameCompleted=10169894027443, DequeueBufferDuration=6875, QueueBufferDuration=407448, GpuCompleted=10169894027443, SwapBuffersCompleted=10169893726818, DisplayPresentTime=0, CommandSubmissionCompleted=10169893114265, 
12-08 11:26:13.617 I/Shell   ( 4168): OpenXRSystem::destroySwapchain: 173(0x73dcf50200): texture, 2x2
12-08 11:26:13.617 I/OpenXR_GPUMemTrace( 4168): Swapchain deletion destroy id=363, idx=0
12-08 11:26:13.617 I/OpenXR_GPUMemTrace( 4168): Swapchain deletion destroy id=363, idx=1
12-08 11:26:13.617 I/OpenXR_GPUMemTrace( 4168): Swapchain deletion destroy id=363, idx=2
12-08 11:26:13.617 I/SwapChain_Vulkan_Memory_Export( 4168): DestroyImportedTextureResourcesVulkan: Destroy imported foveation resources: 0x7361a149e8
12-08 11:26:13.619 I/VrRuntimeService( 3567): DestroySwapChain: swapchain=363
12-08 11:26:13.631 I/Shell   ( 4168): OpenXRSystem::destroySwapchain: 193(0x73feec3200): texture, 688x100
12-08 11:26:13.631 I/OpenXR_GPUMemTrace( 4168): Swapchain deletion destroy id=401, idx=0
12-08 11:26:13.631 I/OpenXR_GPUMemTrace( 4168): Swapchain deletion destroy id=401, idx=1
12-08 11:26:13.631 I/OpenXR_GPUMemTrace( 4168): Swapchain deletion destroy id=401, idx=2
12-08 11:26:13.631 I/SwapChain_Vulkan_Memory_Export( 4168): DestroyImportedTextureResourcesVulkan: Destroy imported foveation resources: 0x73616dc3e8
12-08 11:26:13.633 I/VrRuntimeService( 3567): DestroySwapChain: swapchain=401
12-08 11:26:13.645 I/Shell   ( 4168): OpenXRSystem::destroySwapchain: 195(0x73afe35f00): texture, 2x2
12-08 11:26:13.645 I/OpenXR_GPUMemTrace( 4168): Swapchain deletion destroy id=403, idx=0
12-08 11:26:13.645 I/OpenXR_GPUMemTrace( 4168): Swapchain deletion destroy id=403, idx=1
12-08 11:26:13.645 I/OpenXR_GPUMemTrace( 4168): Swapchain deletion destroy id=403, idx=2
12-08 11:26:13.646 I/SwapChain_Vulkan_Memory_Export( 4168): DestroyImportedTextureResourcesVulkan: Destroy imported foveation resources: 0x73618447e8
12-08 11:26:13.646 I/VrRuntimeService( 3567): DestroySwapChain: swapchain=403
12-08 11:26:13.662 V/CompositorUtil( 3567): TryDelete: Deleting 1 swapchains
12-08 11:26:13.662 V/Context ( 3567): QueryVersion() - Context Version: 3.2
12-08 11:26:13.662 V/CompositorUtil( 3567): SwapChainDeferDeletion: destroying texture swap chain id=363 ptr=0x748f77ce00, client id=4
12-08 11:26:13.663 I/SwapChain_Vulkan_Foveated( 3567): CreateTextureSwapChainFoveationVulkan: Destroyed foveation resources
12-08 11:26:13.673 I/Shell   ( 4168): OpenXRSystem::destroySwapchain: 192(0x72d74d8900): texture, 1680x1760
12-08 11:26:13.673 I/OpenXR_GPUMemTrace( 4168): Swapchain deletion destroy id=400, idx=0
12-08 11:26:13.673 I/OpenXR_GPUMemTrace( 4168): Swapchain deletion destroy id=400, idx=1
12-08 11:26:13.673 I/OpenXR_GPUMemTrace( 4168): Swapchain deletion destroy id=400, idx=2
12-08 11:26:13.674 I/SwapChain_Vulkan_Memory_Export( 4168): DestroyImportedTextureResourcesVulkan: Destroy imported foveation resources: 0x73616db5e8
12-08 11:26:13.674 I/VrRuntimeService( 3567): DestroySwapChain: swapchain=400
12-08 11:26:13.677 V/CompositorUtil( 3567): TryDelete: Deleting 1 swapchains
12-08 11:26:13.677 V/Context ( 3567): QueryVersion() - Context Version: 3.2
12-08 11:26:13.677 V/CompositorUtil( 3567): SwapChainDeferDeletion: destroying texture swap chain id=401 ptr=0x748f850400, client id=4
12-08 11:26:13.677 I/SwapChain_Vulkan_Foveated( 3567): CreateTextureSwapChainFoveationVulkan: Destroyed foveation resources
12-08 11:26:13.690 V/CompositorUtil( 3567): TryDelete: Deleting 1 swapchains
12-08 11:26:13.690 V/Context ( 3567): QueryVersion() - Context Version: 3.2
12-08 11:26:13.690 V/CompositorUtil( 3567): SwapChainDeferDeletion: destroying texture swap chain id=403 ptr=0x748f851200, client id=4
12-08 11:26:13.690 I/SwapChain_Vulkan_Foveated( 3567): CreateTextureSwapChainFoveationVulkan: Destroyed foveation resources
12-08 11:26:13.698 D/OCMSProcessMonitor( 4932): Notifying listeners of app uid change event for com.example.moonlight_spatialsdk, current importance: 1000, new importance: 100
12-08 11:26:13.698 D/AppChangeManager( 4932): Immersive app (com.example.moonlight_spatialsdk) has been opened, throttling active installer jobs
12-08 11:26:13.718 V/CompositorUtil( 3567): TryDelete: Deleting 1 swapchains
12-08 11:26:13.718 V/Context ( 3567): QueryVersion() - Context Version: 3.2
12-08 11:26:13.718 V/CompositorUtil( 3567): SwapChainDeferDeletion: destroying texture swap chain id=400 ptr=0x748f84f600, client id=4
12-08 11:26:13.719 I/SwapChain_Vulkan_Foveated( 3567): CreateTextureSwapChainFoveationVulkan: Destroyed foveation resources
12-08 11:26:13.719 I/Vsync   ( 3567): Vsync 563:  2 x 13.89 ms (72.00 Hz, at 10170.043)
12-08 11:26:13.730 I/Shell   ( 4168): OpenXRSystem::destroySwapchain: 190(0x7322830300): texture, 880x60
12-08 11:26:13.730 I/OpenXR_GPUMemTrace( 4168): Swapchain deletion destroy id=398, idx=0
12-08 11:26:13.730 I/OpenXR_GPUMemTrace( 4168): Swapchain deletion destroy id=398, idx=1
12-08 11:26:13.730 I/OpenXR_GPUMemTrace( 4168): Swapchain deletion destroy id=398, idx=2
12-08 11:26:13.731 I/SwapChain_Vulkan_Memory_Export( 4168): DestroyImportedTextureResourcesVulkan: Destroy imported foveation resources: 0x73616d99e8
12-08 11:26:13.731 I/VrRuntimeService( 3567): DestroySwapChain: swapchain=398
12-08 11:26:13.742 I/Shell   ( 4168): OpenXRSystem::destroySwapchain: 191(0x7322830500): texture, 400x313
12-08 11:26:13.743 I/OpenXR_GPUMemTrace( 4168): Swapchain deletion destroy id=399, idx=0
12-08 11:26:13.743 I/OpenXR_GPUMemTrace( 4168): Swapchain deletion destroy id=399, idx=1
12-08 11:26:13.743 I/OpenXR_GPUMemTrace( 4168): Swapchain deletion destroy id=399, idx=2
12-08 11:26:13.743 I/SwapChain_Vulkan_Memory_Export( 4168): DestroyImportedTextureResourcesVulkan: Destroy imported foveation resources: 0x73616da7e8
12-08 11:26:13.743 I/VrRuntimeService( 3567): DestroySwapChain: swapchain=399
12-08 11:26:13.757 I/Shell   ( 4168): OpenXRSystem::destroySwapchain: 194(0x73afe1c400): surface, 1x1
12-08 11:26:13.757 I/OpenXR_GPUMemTrace( 4168): Swapchain deletion destroy id=402, idx=0
12-08 11:26:13.757 I/SwapChain_Vulkan_Memory_Export( 4168): DestroyImportedTextureResourcesVulkan: Destroy imported foveation resources: 0x737f2461e8
12-08 11:26:13.758 I/VrRuntimeService( 3567): DestroySwapChain: swapchain=402
12-08 11:26:13.774 V/CompositorUtil( 3567): TryDelete: Deleting 1 swapchains
12-08 11:26:13.774 V/Context ( 3567): QueryVersion() - Context Version: 3.2
12-08 11:26:13.774 V/CompositorUtil( 3567): SwapChainDeferDeletion: destroying texture swap chain id=398 ptr=0x748f84be00, client id=4
12-08 11:26:13.774 I/SwapChain_Vulkan_Foveated( 3567): CreateTextureSwapChainFoveationVulkan: Destroyed foveation resources
12-08 11:26:13.776 W/m.meta.systemui( 3353): Binder 0xb400007432dc9410 destroyed after setInheritRt before being parceled.
12-08 11:26:13.786 W/m.meta.systemui( 3353): Binder 0xb4000074916b9ba0 destroyed after setInheritRt before being parceled.
12-08 11:26:13.786 W/m.meta.systemui( 3353): Binder 0xb400007432c401c8 destroyed after setInheritRt before being parceled.
12-08 11:26:13.786 W/m.meta.systemui( 3353): Binder 0xb4000074916b97d8 destroyed after setInheritRt before being parceled.
12-08 11:26:13.786 W/WindowOnBackDispatcher( 3353): sendCancelIfRunning: isInProgress=falsecallback=android.view.ViewRootImpl$$ExternalSyntheticLambda17@ceae7ba
12-08 11:26:13.786 D/CoreBackPreview( 2051): Window{3107a9e u0 Splash Screen com.example.moonlight_spatialsdk EXITING}: Setting back callback null
12-08 11:26:13.787 W/InputManager-JNI( 2051): Input channel object '3107a9e Splash Screen com.example.moonlight_spatialsdk (client)' was disposed without first being removed with the input manager!
12-08 11:26:13.788 V/CompositorUtil( 3567): TryDelete: Deleting 1 swapchains
12-08 11:26:13.788 V/Context ( 3567): QueryVersion() - Context Version: 3.2
12-08 11:26:13.788 V/CompositorUtil( 3567): SwapChainDeferDeletion: destroying texture swap chain id=399 ptr=0x748f84cc00, client id=4
12-08 11:26:13.788 I/SwapChain_Vulkan_Foveated( 3567): CreateTextureSwapChainFoveationVulkan: Destroyed foveation resources
12-08 11:26:13.800 I/[CT]    ( 5403): SP:AF:AnchorFramework: calculateRigidScenePose: Located 9 / 9 anchors in a76ef9da-61e2-adec-fff1-f571f0d5f82f for calculating rigid scene pose for com.oculus.guardian
12-08 11:26:13.800 I/[CT]    ( 5403): SP:AF:AnchorAccuracy: New Rigid Scene calculated using 9 anchors attached to 1 IAs. 0.20096392599953106 seconds since last update
12-08 11:26:13.800 I/[CT]    ( 5403): SP:AF:AnchorAccuracy: Translation difference (mean/min/max): 0.01009313700423162 0.00022427880321629345 0.026585537940263748
12-08 11:26:13.800 I/[CT]    ( 5403): SP:AF:AnchorAccuracy: Rotation difference (mean/min/max): 0.00876337331202295 0.008650938048958778 0.009325416758656502
12-08 11:26:13.800 I/[CT]    ( 5403): SP:AF:AnchorAccuracy: New scene origin pose: -0.04780993238091469 0.03510786592960358 0.38974714279174805 : 0.6644518971443176 -0.6644518375396729 -0.24187543988227844 -0.24187541007995605
12-08 11:26:13.800 I/[CT]    ( 5403): SP:AF:AnchorAccuracy: New scene origin pose moved: 3.424026147058612e-07 translation 7.920074551748257e-08 rotation
12-08 11:26:13.802 V/CompositorUtil( 3567): TryDelete: Deleting 1 swapchains
12-08 11:26:13.802 V/Context ( 3567): QueryVersion() - Context Version: 3.2
12-08 11:26:13.802 V/CompositorUtil( 3567): SwapChainDeferDeletion: destroying texture swap chain id=402 ptr=0x73e803d800, client id=4
12-08 11:26:13.802 I/SwapChain_Vulkan_Foveated( 3567): CreateTextureSwapChainFoveationVulkan: Destroyed foveation resources
12-08 11:26:13.802 I/SwapChain( 3567): DestroyAndroidSurfaceSwapChain: 0x73e803d800: Destroying SurfaceTexture 0x748a3b04c0 Surface 0x73aaba2810
12-08 11:26:13.802 W/rruntimeservice( 3567): Binder 0x748f6dee70 destroyed after setInheritRt before being parceled.
12-08 11:26:13.802 W/rruntimeservice( 3567): Binder 0x748f6ded78 destroyed after setInheritRt before being parceled.
12-08 11:26:13.804 I/MRSS    ( 1574): MIXEDREALITY: EnvironmentDepthMetacapability: processTelemetry client com.oculus.vrshell state true aggregated 2
12-08 11:26:13.814 E/[CT]    ( 3567): CALIBRATION_RUNTIME: OnlineCalibrationSession: Calibration unsuccessful status code is 3.
12-08 11:26:13.817 I/Tracking( 1772): CONSTELLATION:IMU_STATUS: 0x402c25cbf028a4e8 (R): [#Samples=2476] 7642.638s | [FusionTracked=0.972, OutputTracked=0.972, OutputValid=0.979] [AccelSat=0.000, GyroSat=0.000] [AccelMinMeanMax: X=-2.351|3.432|5.243, Y=-7.669|-3.890|3.821, Z=-13.409|-7.912|-5.446] [GyroMinMeanMax: X=-0.863|0.052|1.619, Y=-0.247|0.040|1.146, Z=-0.567|-0.006|0.982] [AccelStuck: X=0|0.000, Y=0|0.000, Z=0|0.000] [GyroStuck: X=4|0.126, Y=3|-0.187, Z=4|-0.424]  [Current time=7642.638s, last log time=7637.637s]
12-08 11:26:13.911 I/VD628x  (  871): Flicker results: freq 231.386856, max 163.683701, dcr 66.551903, pct 0.000150, idx 0.000151, conf 0.007052, snr -21.351315, svm 0.000353, sus 2
12-08 11:26:13.911 I/GraphicsGovernor( 3567): Dynamic Foveation Lvl 3, Min Foveation Lvl 3, DynRes Enabled 1, DynRes Scaler 1.000000
12-08 11:26:13.926 D/TrafficStats(25836): tagSocket(100) with statsTag=0xffffffff, statsUid=-1
12-08 11:26:13.958 D/TrafficStats(25836): tagSocket(100) with statsTag=0xffffffff, statsUid=-1
12-08 11:26:13.973 I/Tracking( 1772): CONSTELLATION:VISION_STATUS: 0x402c25cbf028a4e8 (R): [#Samples=76] 7642.787s | BlobDetection:[#BlobsDetected=(16.24, 1.29)]Matching:[MatchSuccess=1.000, MatchCost=(0.00172, 0.00000), #MatchedBlobs=(15.80, 1.05), #MatchedLeds=(7.17, 0.14), RematchM=0.026, SkipRefine=0.000] MatchMethod:[Prox=0.974, ConstBrute=0.026, AttiBrute=0.000, UnconstBrute=0.000] MatchResets[AnomBlobSize=0.000, SharedMatch=0.000, DenseReacq=0.000] | Fusion:[FusionError=0.000, ImuFromCamMs=(-7641287.510, 2138717.781), RematchF=0.000] FusionUpdates:[Successful=0.000, Reliable=0.000, TightFusion=0.000, FullPose=0.000, StaticPrior=0.000, StaticForHandTrans=0.000, PoseUpdateMD=(0.0000, 0.0000)] FusionResets[6DoFReset=0.000, ResetSuccess=0.000] FusionStatus[HasPosition=0.000, HasVelocity=0.000]  [Current time=7642.787s, last log time=7637.721s]
12-08 11:26:13.978 I/OpenXR_Anchor( 4168): xrQuerySpacesFB: no split anchor query enabled
12-08 11:26:13.978 I/[CT]    ( 4168): SP:AF:InsightAnchorApi: QueryAnchorSpaces loadAndQueryAvailableAnchors flow. (task start) duration: 0.000000000 [sec], flags: 44, location: StorageLocation::LOCAL(1), method: 1, request: 325, source: SourceType::LIVE_TRACKER(1)
12-08 11:26:13.978 I/[CT]    ( 4168): RuntimeIpcHelper: RuntimeIpcClient::CALL_RPC isAsync: true, func: loadAvailableAnchors
12-08 11:26:13.978 I/[CT]    ( 4801): SP:AP:AnchorPersistenceRuntimeIpcServer: checkRPC start: sessionUuid:a583813b-76fc-d6c6-c3fc-f4b54f4872ef, clientId:197008253, givenPackageName:com.oculus.vrshell
12-08 11:26:13.978 I/[CT]    ( 4801): SP:AP:AnchorPersistenceRuntimeIpcServer: checkPackageAccess - detectedPackageName:com.oculus.vrshell, detectedProcessName:com.oculus.vrshell, givenPackageName:com.oculus.vrshell
12-08 11:26:13.978 I/[CT]    ( 4801): SP:AP:AnchorPersistenceRuntimeIpcServer: checkRPC package name matches: sessionUuid:a583813b-76fc-d6c6-c3fc-f4b54f4872ef, clientId:197008253, givenPackageName:com.oculus.vrshell, detectedPackageName:com.oculus.vrshell, detectedProcessName:com.oculus.vrshell
12-08 11:26:13.978 I/[CT]    ( 4801): SP:AP:AnchorPersistenceRuntimeIpcServer: queryAvailableAnchorsSMV2: clientId: 197008253, maxAnchors: 500, filter: 0, queryMultipleRoomsEnabledByOpenXrVersion: true, source: 1, appId: com.oculus.vrshell
12-08 11:26:13.978 I/[CT]    ( 4801): SP:AP:AnchorPersistenceConfig: getSceneRuntimePermissionEnabled: USE_SCENE permission is enabled on this device
12-08 11:26:13.978 I/[CT]    ( 4801): SP:AP:AnchorPersistenceScenePermissions: hasClientGrantedScenePermission: USE_SCENE permission is enabled on this device, check client 197008253, grant is true
12-08 11:26:13.978 I/[CT]    ( 4801): SP:AP:AnchorPersistenceConfig: getSceneRuntimePermissionEnabled: USE_SCENE permission is enabled on this device
12-08 11:26:13.980 I/[CT]    ( 4801): SP:SceneAnchorFilterUtil: filterSceneDataByPermission: com.oculus.vrshell permission check passed, keep scene data. anchors size: 1
12-08 11:26:13.981 I/[CT]    ( 4168): SP:AF:InsightAnchorApi: QueryAnchorSpaces (task finish) returnCode: AnchorResultCode::SUCCESS(0), numSpacesFound: 1, spacesFoundUuids: [1c38e18b-e413-0f93-56c4-fadd12e341b8], duration: 0.000000000 [sec], flags: 44, location: 1, method: 1, request: 325
12-08 11:26:13.988 I/[CT]    ( 4801): CasNetworkTelemetryObserver: CasNetworkTelemetryObserver onEOM
12-08 11:26:13.990 D/TelemetryService( 1125): PathwayGuard: from OSSDK/NDK is not allowed to send oculus_sps_network_stats; dropping; Please use the Statsd approach https://www.internalfb.com/intern/wiki/HzOS_Systems/HzOS_Systems_Performance_and_Reliability/VROS_System_Insights/VROS_Telemetry/XFN/Statsd/
12-08 11:26:13.990 D/TelemetryService( 1125): Reported oculus_telemetry_blocked_ossdk_events breach event
12-08 11:26:13.994 I/[CT]    ( 4168): SP:TREX:SpatialPersistencePlugin: Event type: 5
12-08 11:26:13.994 I/[CT]    ( 4168): SP:TREX:SpatialPersistencePlugin: Event type: 6
12-08 11:26:13.994 I/TREX    ( 4168): Spatial Persistence event: QuerySpacesFound
12-08 11:26:13.994 I/TREX    ( 4168): Updating enabled data components from query results for entity type 2
12-08 11:26:13.994 I/TREX    ( 4168): Spatial Persistence event: QuerySpacesFinish
12-08 11:26:13.994 W/RuntimeTelemetryThread( 4168): [OpenXR_Anchor] setting XR_SPACE_COMPONENT_TYPE_STORABLE_FB is unsupported for this space; 
12-08 11:26:13.994 W/RuntimeTelemetryThread( 4168): [OpenXR_Anchor] component enabled cannot be changed; 5
12-08 11:26:13.994 I/OpenXR_DynamicObject( 4168): ------------ xrGetSpaceDynamicObjectDataMETA -----------
12-08 11:26:13.996 I/[CT]    ( 4801): SP:VpsModule:RequestHandler: Attempting to localize anchors using VPS result. IA: 7669e928-2d4a-7e02-ef9f-ed52bcfdd9d9 event uuuid: d4b11bc4-b91d-a6c1-42b8-eeae1a8b6781
12-08 11:26:13.996 I/[CT]    ( 4801): SP:VpsModule:RequestHandler: Attempting to localize anchors using VPS result. IA: 5f371968-9ed3-6f1a-e844-c720fb1dc9a1 event uuuid: d4b11bc4-b91d-a6c1-42b8-eeae1a8b6781
12-08 11:26:13.996 I/[CT]    ( 4801): SP:VpsModule:RequestHandler: Attempting to localize anchors using VPS result. IA: 7021d39c-da18-b4b1-aea6-c370fa74e85e event uuuid: d4b11bc4-b91d-a6c1-42b8-eeae1a8b6781
12-08 11:26:13.996 I/[CT]    ( 4801): SP:VpsModule:RequestHandler: Attempting to localize anchors using VPS result. IA: e3739365-b80e-c0bd-c1cb-097b778427fd event uuuid: d4b11bc4-b91d-a6c1-42b8-eeae1a8b6781
12-08 11:26:13.996 I/[CT]    ( 4801): SP:VpsModule:RequestHandler: Attempting to localize anchors using VPS result. IA: e71ded85-893b-ed6e-d214-6a25f0b02d3e event uuuid: d4b11bc4-b91d-a6c1-42b8-eeae1a8b6781
12-08 11:26:13.996 I/[CT]    ( 4801): SP:VpsModule:RequestHandler: Attempting to localize anchors using VPS result. IA: d7b83170-58cf-21b9-3e00-d9486efad9f0 event uuuid: d4b11bc4-b91d-a6c1-42b8-eeae1a8b6781
12-08 11:26:13.996 I/[CT]    ( 4801): SP:VpsModule:RequestHandler: Attempting to localize anchors using VPS result. IA: e703ef0c-3e5a-e33d-76c7-be531486e75d event uuuid: d4b11bc4-b91d-a6c1-42b8-eeae1a8b6781
12-08 11:26:13.996 I/[CT]    ( 4801): SP:VpsModule:RequestHandler: Attempting to localize anchors using VPS result. IA: 1e96e4f8-8e2b-6ed4-7c73-786ab27a2d30 event uuuid: d4b11bc4-b91d-a6c1-42b8-eeae1a8b6781
12-08 11:26:13.996 I/[CT]    ( 4801): SP:VpsModule:RequestHandler: Attempting to localize anchors using VPS result. IA: d3b7de37-a798-775a-577c-c14e99f48682 event uuuid: d4b11bc4-b91d-a6c1-42b8-eeae1a8b6781
12-08 11:26:13.996 I/[CT]    ( 4801): SP:VpsModule:RequestHandler: Attempting to localize anchors using VPS result. IA: 175f5af8-e70e-a9be-e600-ee6ea9a5c2b3 event uuuid: d4b11bc4-b91d-a6c1-42b8-eeae1a8b6781
12-08 11:26:13.996 I/[CT]    ( 4801): SP:VpsModule:RequestHandler: Attempting to localize anchors using VPS result. IA: 7f3f5e7a-8bf4-8b22-7e2e-7bb898040f7d event uuuid: d4b11bc4-b91d-a6c1-42b8-eeae1a8b6781
12-08 11:26:13.996 I/[CT]    ( 4801): SP:VpsModule:RequestHandler: Attempting to localize anchors using VPS result. IA: 2f798f85-0c97-eb98-a19e-1a4ef2e14146 event uuuid: d4b11bc4-b91d-a6c1-42b8-eeae1a8b6781
12-08 11:26:13.996 I/[CT]    ( 4801): SP:VpsModule:RequestHandler: Attempting to localize anchors using VPS result. IA: 982488ff-7f9f-426b-862a-de32e65f48c4 event uuuid: d4b11bc4-b91d-a6c1-42b8-eeae1a8b6781
12-08 11:26:13.996 I/[CT]    ( 4801): SP:VpsModule:RequestHandler: Attempting to localize anchors using VPS result. IA: 1682957f-b290-2a65-d62b-8e8fce7f4420 event uuuid: d4b11bc4-b91d-a6c1-42b8-eeae1a8b6781
12-08 11:26:13.996 I/[CT]    ( 4801): SP:VpsModule:RequestHandler: Attempting to localize anchors using VPS result. IA: d647bd27-cdf6-30c9-9b9f-c9bc447982f8 event uuuid: d4b11bc4-b91d-a6c1-42b8-eeae1a8b6781
12-08 11:26:13.996 I/[CT]    ( 4801): SP:VpsModule:RequestHandler: Attempting to localize anchors using VPS result. IA: c88d5770-3af5-d29c-a987-a048341351a2 event uuuid: d4b11bc4-b91d-a6c1-42b8-eeae1a8b6781
12-08 11:26:13.996 I/[CT]    ( 4801): SP:VpsModule:RequestHandler: Attempting to localize anchors using VPS result. IA: 2d6fe3b1-bf6e-835a-b019-98acf6c185a2 event uuuid: d4b11bc4-b91d-a6c1-42b8-eeae1a8b6781
12-08 11:26:13.996 I/[CT]    ( 4801): SP:VpsModule:RequestHandler: Attempting to localize anchors using VPS result. IA: e5e067ed-bad3-1841-5147-76c929814a71 event uuuid: d4b11bc4-b91d-a6c1-42b8-eeae1a8b6781
12-08 11:26:13.996 I/[CT]    ( 4801): SP:VpsModule:RequestHandler: Attempting to localize anchors using VPS result. IA: ef6b7e2d-4920-2ca9-0cb6-9209ec8e0afd event uuuid: d4b11bc4-b91d-a6c1-42b8-eeae1a8b6781
12-08 11:26:13.996 I/[CT]    ( 4801): SP:VpsModule:RequestHandler: Attempting to localize anchors using VPS result. IA: 1ce1ae2d-380b-779a-42b1-8d5f94b75e4f event uuuid: d4b11bc4-b91d-a6c1-42b8-eeae1a8b6781
12-08 11:26:13.996 I/[CT]    ( 4801): SP:VpsModule:RequestHandler: Attempting to localize anchors using VPS result. IA: c9af5e5f-622b-b167-ec64-3b9189fa0e8a event uuuid: d4b11bc4-b91d-a6c1-42b8-eeae1a8b6781
12-08 11:26:13.996 I/[CT]    ( 4801): SP:VpsModule:RequestHandler: Attempting to localize anchors using VPS result. IA: 9495b7d8-9d0b-16de-1efc-ca47544fc3cd event uuuid: d4b11bc4-b91d-a6c1-42b8-eeae1a8b6781
12-08 11:26:13.996 I/[CT]    ( 4801): SP:VpsModule:RequestHandler: Attempting to localize anchors using VPS result. IA: 81eff8af-8acd-59b9-fade-80426025c0ac event uuuid: d4b11bc4-b91d-a6c1-42b8-eeae1a8b6781
12-08 11:26:13.996 I/[CT]    ( 4801): SP:VpsModule:RequestHandler: Attempting to localize anchors using VPS result. IA: d8e95159-4b01-9d53-4b77-7c7c9affa97b event uuuid: d4b11bc4-b91d-a6c1-42b8-eeae1a8b6781
