12-08 11:31:06.066 D/SpatialAudioService( 2051): Skipping processing for app: com.oculus.vrshell (isNewApp: false, perAppEnabled: true, epsService: true)
12-08 11:31:06.066 V/WorldManagerService( 2051): VW Content Listener: com.oculus.vrshell -1
12-08 11:31:06.074 D/CompatibilityChangeReporter( 2051): Compat change id reported: 170503758; UID 10055; state: DISABLED
12-08 11:31:06.077 D/SensorService(  873): SyncbossEventHandler: acquired session; approx # alive: 4
12-08 11:31:06.090 V/ActivityManager( 2051): bindService: Intent { cmp=com.oculus.deviceauthserver/.DeviceAuthService } type=null conn=android.os.BinderProxy@4b82c1a flags=0x1
12-08 11:31:06.090 D/CompatibilityChangeReporter( 2051): Compat change id reported: 161252188; UID 1000; state: DISABLED
12-08 11:31:06.095 I/SyncBossFW(  866): 7934906 [info   ] {APPI}: Setting mag data rate to 25.0000
12-08 11:31:06.098 I/FrameSetCollator(  873): [{COL:FOVPR}] started at 10462.42
12-08 11:31:06.098 I/SensorService(  873): [color] Starting camera streams for purpose: passthrough, current muxmode = 1
12-08 11:31:06.098 D/SensorService(  873): SyncbossEventHandler: Enabled sensor HMD_MAG - Active sensors: synthetic[HMD_DOUBLETAP,EXTERNAL_TIMING,ZAP] non-synth[HMD_MAG,HMD_IMU,HMD_FSIN,PULSAR
12-08 11:31:06.102 I/SyncBossFW(  866): 7934907 [info   ] {GCM }: general_cam_mgr_set_frame_rate_config cams 0x30 period 16666us
12-08 11:31:06.102 I/SyncBossFW(  866): 7934909 [info   ] {APPI}: Enabling magnetometer
12-08 11:31:06.102 I/SyncBossFW(  866): 7934909 [info   ] {APPI}: Enabling mag streaming.  Temperature comp enabled
12-08 11:31:06.102 I/SyncBossFW(  866): 7934910 [info   ] {GCM }: general_cam_mgr_get_stream_info for cameras 0x10
12-08 11:31:06.109 D/TrackingService( 1772): IOT sleep to standby completed
12-08 11:31:06.109 I/TrackingService( 1772): [                             iot] Power transition: SLEEP -> STANDBY transition time: 259 ms
12-08 11:31:06.109 D/TrackingService( 1772): starting IOT motion thread, imu batch dispatch enabled=false
12-08 11:31:06.112 I/CameraClientManager(  873): [[MrSSCamS(1574)][passthrough]] stream start completed
12-08 11:31:06.112 D/CameraStream(  873): [passthrough] Client [MrSSCamS(1574)]: start complete
12-08 11:31:06.112 I/SyncBossFW(  866): 7934923 [info   ] {GCM }: general_cam_mgr_start_streaming for cameras 0x30
12-08 11:31:06.113 D/CameraStream(  873): [projector_assisted_depth] Client [MrSSCamS(1574)] attempting start
12-08 11:31:06.113 I/FrameSetDispatcher(  873): [{WT(0,1):RAW10}] Client pid=1574 (MrSSCamS): Client thread[{WT(0,1):RAW10}] started
12-08 11:31:06.113 I/CameraClientManager(  873): [MrSSCamS(1574)][projector_assisted_depth] client started (estimated 1 started clients total)
12-08 11:31:06.113 I/CameraClientManager(  873): [[MrSSCamS(1574)][projector_assisted_depth]] definitely starting stream
12-08 11:31:06.113 I/SensorService(  873): [worldTracking] Starting cameras for purpose projector_assisted_depth
12-08 11:31:06.120 V/WindowManager( 2051): Sent Transition #350 createdAt=12-08 11:31:06.036 via request=TransitionRequestInfo { type = OPEN, triggerTask = TaskInfo{userId=0 taskId=2632 displayId=0 isRunning=true baseIntent=Intent { flg=0x10810100 cmp=com.oculus.vrshell/.FocusPlaceholderActivity } baseActivity=ComponentInfo{com.oculus.vrshell/com.oculus.vrshell.FocusPlaceholderActivity} topActivity=ComponentInfo{com.oculus.vrshell/com.oculus.vrshell.FocusPlaceholderActivity} origActivity=null realActivity=ComponentInfo{com.oculus.vrshell/com.oculus.vrshell.FocusPlaceholderActivity} numActivities=1 numActivitiesPerUser={0=1} lastActiveTime=16902151 supportsMultiWindow=true resizeMode=0 isResizeable=false minWidth=-1 minHeight=-1 defaultMinSize=1 token=WCT{RemoteToken{2b10f35 Task{ef4c4e3 #2632 type=standard A=10053:com.oculus.vrshell:-339196040}}} topActivityType=1 pictureInPictureParams=null shouldDockBigOverlays=false launchIntoPipHostTaskId=-1 lastParentTaskIdBeforePip=-1 displayCutoutSafeInsets=null topActivityInfo=ActivityInfo{3cfca com.oculus.vrshell.FocusPlaceholderActivity} launchCookies=[] telemetryLaunchIds=[] positionInParent=Point(0, 0) parentTaskId=5 isFocused=false isVisible=false isVisibleRequested=true isSleeping=false topActivityInSizeCompat=false topActivityEligibleForLetterboxEducation= false topActivityLetterboxed= false isFromDoubleTap= false topActivityLetterboxVerticalPosition= -1 topActivityLetterboxHorizontalPosition= -1 topActivityLetterboxWidth=-1 topActivityLetterboxHeight=-1 locusId=null displayAreaFeatureId=1 cameraCompatControlState=hidden}, remoteTransition = null, displayChange = null }
12-08 11:31:06.120 V/WindowManager( 2051):     startWCT=WindowContainerTransaction { changes = {} hops = [] errorCallbackToken=null taskFragmentOrganizer=null }
12-08 11:31:06.120 V/WindowManager( 2051):     info={id=350 t=OPEN f=0x0 trk=0 r=[0@Point(0, 0)] c=[{WCT{RemoteToken{b6c961b Task{94b4666 #2576 type=home A=10053:com.oculus.vrshell:1047810524}}} m=CHANGE f=MOVE_TO_TOP p=WCT{RemoteToken{54e1998 Task{519288b #2 type=home}}} leash=Surface(name=Task=2576)/@0xbf49646 sb=Rect(0, 0 - 4128, 2208) eb=Rect(0, 0 - 4128, 2208) d=0},{WCT{RemoteToken{54e1998 Task{519288b #2 type=home}}} m=CHANGE f=TRANSLUCENT|MOVE_TO_TOP leash=Surface(name=Task=2)/@0x5c42da4 sb=Rect(0, 0 - 4128, 2208) eb=Rect(0, 0 - 4128, 2208) d=0},{WCT{RemoteToken{2b10f35 Task{ef4c4e3 #2632 type=standard A=10053:com.oculus.vrshell:-339196040}}} m=OPEN f=NO_ANIMATION p=WCT{RemoteToken{99131ea Task{772e626 #5 type=standard}}} leash=Surface(name=Task=2632)/@0xaa3a479 sb=Rect(16000, 0 - 16001, 1) eb=Rect(16000, 0 - 16001, 1) d=0},{WCT{RemoteToken{99131ea Task{772e626 #5 type=standard}}} m=TO_FRONT f=TRANSLUCENT|NO_ANIMATION leash=Surface(name=Task=5)/@0x18c90b1 sb=Rect(16000, 0 - 16001, 1) eb=Rect(16000, 0 - 16001, 1) eo=Point(16000, 0) d=0}]}
12-08 11:31:06.122 D/CoreBackPreview( 2051): Window{f21d3c u0 com.oculus.vrshell/com.oculus.vrshell.FocusPlaceholderActivity}: Setting back callback OnBackInvokedCallbackInfo{mCallback=android.window.IOnBackInvokedCallback$Stub$Proxy@b2b353b, mPriority=0, mIsAnimationCallback=false}
12-08 11:31:06.124 I/VolumetricWindow( 2051): [setDrawn] VW=153bd2fd-47bb-488a-8679-1c42706e2132: isDrawn=true (isActive=true, isVisible=true)
12-08 11:31:06.125 V/WindowManager( 2051): Sent Transition #351 createdAt=12-08 11:31:06.050 via request=TransitionRequestInfo { type = SLEEP, triggerTask = null, remoteTransition = null, displayChange = null }
12-08 11:31:06.125 V/WindowManager( 2051):     startWCT=null
12-08 11:31:06.125 V/WindowManager( 2051):     info={id=351 t=SLEEP f=0x0 trk=0 r=[] c=[]}
12-08 11:31:06.134 I/CAM_INFO(    0): CAM-SENSOR: cam_sensor_driver_cmd: 1211 CAM_ACQUIRE_DEV Success for og01a1b id:0x7750,slave-addr:0xa0 crm:[0]
12-08 11:31:06.135 I/CAM_INFO(   19): CAM-SMMU: cam_smmu_map_user_iova: 3257 fd=843 already in list [19:31:6:122] cb=ife idx=0 handle=29465 len=757760,give same addr back
12-08 11:31:06.135 I/CAM_INFO(    0): CAM-CRM: cam_req_mgr_link_v3: 4951 link reserved 0000000000000000 0 trigger_type:1 num_devs:2 sess_hdl:15794699 no_crm:4
12-08 11:31:06.136 I/CAM_INFO(    0): CAM-ISP: cam_ife_hw_mgr_print_acquire_info: 2027 19:31:6.122 Acquired Single IFE[9] with [0 pix] [0 pd] [1 rdi] ports for ctx:2 per_port_enabled :0 sensor:0 ul: 1
12-08 11:31:06.136 I/CAM_INFO(    0): CAM-ISP: __cam_isp_ctx_acquire_hw_v2: 9737 NO CRM session,top state machine assigned for no crm ctx 2
12-08 11:31:06.135 I/DisplayDeviceRepository( 2051): Display device changed state: "Built-in Screen", ON
12-08 11:31:06.143 I/CAM_INFO(    0): CAM-SENSOR: cam_sensor_driver_cmd: 1211 CAM_ACQUIRE_DEV Success for og01a1b id:0x7750,slave-addr:0xb0 crm:[0]
12-08 11:31:06.150 I/CAM_INFO(   19): CAM-SMMU: cam_smmu_map_user_iova: 3257 fd=860 already in list [19:31:6:137] cb=ife idx=0 handle=29465 len=757760,give same addr back
12-08 11:31:06.138 I/OculusWindowMgr( 2051): OWMS::focusChanged: windowRootTaskId: 2
12-08 11:31:06.138 I/OculusWindowMgr( 2051): OWMS::focusChanged: getImmersiveTask returned
12-08 11:31:06.138 I/OculusWindowMgr( 2051): OWMS::focusChanged: matchedTaskId: 2
12-08 11:31:06.138 D/ActivityTaskManager( 2051): getDisplaysWithTopActivities: immersive ActivityRecord{4800ec1 u0 com.oculus.vrshell/.HomeActivity t2576}
12-08 11:31:06.140 D/VolumetricContentMonitor( 2051): Focused window changed to RunningWindowInfo{  pid: 4168, uid: 10053, userId: 0, windowContainerToken: 42403694, windowToken: android.view.IWindow$Stub$Proxy@4d5de0f, windowId: com.android.server.wm.WindowState$WindowId@7524e9c, displayId: 0, windowType: 1, activity: RunningActivityInfo { rootTask: 2, uid: 10053, pid: 4168, userId: 0, activity: com.oculus.vrshell.HomeActivity, windowId: com.android.server.wm.WindowState$WindowId@7524e9c, state: ACTIVITY_STATE_VISIBLE}}, from android.view.IWindow$Stub$Proxy@b66770d
12-08 11:31:06.152 I/CAM_INFO(    0): CAM-CRM: cam_req_mgr_link_v3: 4951 link reserved 0000000000000000 0 trigger_type:1 num_devs:2 sess_hdl:5308944 no_crm:4
12-08 11:31:06.153 I/CAM_INFO(    0): CAM-ISP: cam_ife_hw_mgr_print_acquire_info: 2027 19:31:6.139 Acquired Single IFE[8] with [0 pix] [0 pd] [1 rdi] ports for ctx:3 per_port_enabled :0 sensor:1 ul: 1
12-08 11:31:06.153 I/CAM_INFO(    0): CAM-ISP: __cam_isp_ctx_acquire_hw_v2: 9737 NO CRM session,top state machine assigned for no crm ctx 3
12-08 11:31:06.163 I/CAM_INFO(    0): CAM-SENSOR: cam_sensor_driver_cmd: 1211 CAM_ACQUIRE_DEV Success for ov7251 id:0xd,slave-addr:0xc0 crm:[0]
12-08 11:31:06.164 I/CAM_INFO(   19): CAM-SMMU: cam_smmu_map_user_iova: 3257 fd=877 already in list [19:31:6:150] cb=ife idx=0 handle=29465 len=757760,give same addr back
12-08 11:31:06.164 I/CAM_INFO(    0): CAM-CRM: cam_req_mgr_link_v3: 4951 link reserved 0000000000000000 0 trigger_type:1 num_devs:2 sess_hdl:5898773 no_crm:4
12-08 11:31:06.164 I/CAM_INFO(    0): CAM-ISP: cam_ife_hw_mgr_print_acquire_info: 2027 19:31:6.151 Acquired Single IFE[7] with [0 pix] [0 pd] [1 rdi] ports for ctx:4 per_port_enabled :0 sensor:2 ul: 1
12-08 11:31:06.158 W/PowerManagerService( 2051): Screen on took 380 ms
12-08 11:31:06.164 I/CAM_INFO(    0): CAM-ISP: __cam_isp_ctx_acquire_hw_v2: 9737 NO CRM session,top state machine assigned for no crm ctx 4
12-08 11:31:06.160 I/SensorService(  873): doEnableHalCameras[NICE] Create SyncbossHandleWrapper
12-08 11:31:06.160 I/SensorService(  873): doEnableHalCameras[NICE] FsyncEventHandler::GetInstance
12-08 11:31:06.172 I/CAM_INFO(    0): CAM-SENSOR: cam_sensor_driver_cmd: 1211 CAM_ACQUIRE_DEV Success for ov7251 id:0xd,slave-addr:0xd0 crm:[0]
12-08 11:31:06.172 I/CAM_INFO(   19): CAM-SMMU: cam_smmu_map_user_iova: 3257 fd=906 already in list [19:31:6:159] cb=ife idx=0 handle=29465 len=757760,give same addr back
12-08 11:31:06.173 I/CAM_INFO(    0): CAM-CRM: cam_req_mgr_link_v3: 4951 link reserved 0000000000000000 0 trigger_type:1 num_devs:2 sess_hdl:15991322 no_crm:4
12-08 11:31:06.173 I/CAM_INFO(    0): CAM-ISP: cam_ife_hw_mgr_print_acquire_info: 2027 19:31:6.159 Acquired Single IFE[6] with [0 pix] [0 pd] [1 rdi] ports for ctx:5 per_port_enabled :0 sensor:3 ul: 1
12-08 11:31:06.163 I/SyncBossFW(  866): 7934973 [info   ] {GCM }: general_cam_mgr_init for cameras 0xf
12-08 11:31:06.166 W/MemoryBroker( 2051): attachClient: found client in attached list (uid: 1000, pid: 1574)
12-08 11:31:06.166 W/MemoryBroker( 2051): attachClient: found client in attached list (uid: 1000, pid: 1574)
12-08 11:31:06.166 W/MemoryBroker( 2051): attachClient: found client in attached list (uid: 1000, pid: 1574)
12-08 11:31:06.167 W/MemoryBroker( 2051): attachClient: found client in attached list (uid: 1000, pid: 1574)
12-08 11:31:06.169 V/WindowManager( 2051): Finish Transition #350: created at 12-08 11:31:06.036 collect-started=0.014ms request-sent=4.874ms started=6.217ms ready=6.201ms sent=83.439ms finished=132.464ms
12-08 11:31:06.170 W/Transition( 2051): Transition already started id=351 state=2
12-08 11:31:06.171 V/WindowManager( 2051): Finish Transition #351: created at 12-08 11:31:06.050 collect-started=70.084ms request-sent=74.534ms started=74.601ms ready=74.599ms sent=74.715ms finished=120.798ms
12-08 11:31:06.171 W/SpatialWindowResourceService( 2051): setWindowUserPerceivedState(): process is marked immersive, avoid 2D resource management
12-08 11:31:06.172 D/SpatialAudioService( 2051): Skipping processing for app: com.oculus.vrshell (isNewApp: false, perAppEnabled: true, epsService: true)
12-08 11:31:06.172 V/WorldManagerService( 2051): VW Content Listener: com.oculus.vrshell -1
12-08 11:31:06.173 E/libsensortelemetry( 1772): imu_iot samples delayed: 33099814ns capture to arrival (ERS limit: 3500000ns)
12-08 11:31:06.189 W/ActivityManager( 2051): Unable to start service Intent { act=Orca.START cmp=com.oculus.vrshell/com.oculus.vrshell (has extras) } U=0: not found
12-08 11:31:06.207 D/JobServiceContext( 2051): doCallback of : JobStatus{1006269 #u0a102/1828726837 com.oculus.horizon/com.oculus.auth.control.AccountSyncJobService u=0 s=10102 TIME=-357ms:+5h59m59s643ms NET PERIODIC READY} v:VERB_EXECUTING
12-08 11:31:06.207 D/JobServiceContext( 2051): Cleaning up 1006269 #u0a102/1828726837 com.oculus.horizon/com.oculus.auth.control.AccountSyncJobService reschedule=false reason=app called jobFinished
12-08 11:31:06.221 I/ActivityManager( 2051): Flag disabled. Ignoring finishAttachApplication from uid: 10055. pid: 26921
12-08 11:31:06.225 I/TrackingService( 1772): [                   constellation] Power transition: SLEEP -> STANDBY transition time: 116 ms
12-08 11:31:06.225 D/TrackingService( 1772): [HANDTRACKINGGLUE] sleepToStandby
12-08 11:31:06.225 I/TrackingService( 1772): [                            hand] Power transition: SLEEP -> STANDBY transition time: 0 ms
12-08 11:31:06.225 I/TrackingService( 1772): [              selftracked_client] Power transition: SLEEP -> STANDBY transition time: 0 ms
12-08 11:31:06.225 I/TrackingService( 1772): [                            iobt] Power transition: SLEEP -> STANDBY transition time: 0 ms
12-08 11:31:06.227 E/FrameSetCollator(  873): [{COL:FOVPR}] 1 FrameSets had unexpected timestamps (in the last 128.83ms). Ex: slot 0 7935009.054ms -> 7935025.101ms (observed period: 16.047ms, expected period: 16.666ms (-0.619ms))
12-08 11:31:06.229 D/JobServiceContext( 2051): handleServiceBound for e8e2d00 #u0a55/5293 com.oculus.configuration/androidx.work.impl.background.systemjob.SystemJobService
12-08 11:31:06.229 D/JobServiceContext( 2051): Scheduling time out for 'androidx.work.impl.background.systemjob.SystemJobService' jId: 5293, in 8 s
12-08 11:31:06.230 D/JobServiceContext( 2051): doCallback of : JobStatus{e8e2d00 #u0a55/5293 com.oculus.configuration/androidx.work.impl.background.systemjob.SystemJobService u=0 s=10055 TIME=-6s102ms:none READY} v:VERB_STARTING
12-08 11:31:06.230 D/JobServiceContext( 2051): Scheduling time out for 'androidx.work.impl.background.systemjob.SystemJobService' jId: 5293, in 300 s
12-08 11:31:06.258 D/CompatibilityChangeReporter( 2051): Compat change id reported: 168419799; UID 10080; state: DISABLED
12-08 11:31:06.258 D/CompatibilityChangeReporter( 2051): Compat change id reported: 273564678; UID 10080; state: DISABLED
12-08 11:31:06.260 D/CompatibilityChangeReporter( 2051): Compat change id reported: 135634846; UID 10103; state: DISABLED
12-08 11:31:06.260 D/CompatibilityChangeReporter( 2051): Compat change id reported: 177438394; UID 10103; state: DISABLED
12-08 11:31:06.260 D/CompatibilityChangeReporter( 2051): Compat change id reported: 135772972; UID 10103; state: DISABLED
12-08 11:31:06.260 D/CompatibilityChangeReporter( 2051): Compat change id reported: 135754954; UID 10103; state: DISABLED
12-08 11:31:06.261 D/CompatibilityChangeReporter( 2051): Compat change id reported: 143937733; UID 10103; state: DISABLED
12-08 11:31:06.295 I/TrackingService( 1772): [                          object] Power transition: SLEEP -> STANDBY transition time: 70 ms
12-08 11:31:06.296 I/TrackingService( 1772): [                      controller] Power transition: SLEEP -> STANDBY transition time: 0 ms
12-08 11:31:06.296 I/TrackingService( 1772): [            ExposureControlCmmv2] Power transition: SLEEP -> STANDBY transition time: 0 ms
12-08 11:31:06.296 D/libsensorscommon(  873): ControllerProvider: StreamingClient requested by 1772
12-08 11:31:06.296 D/SensorService(  873): ControllerProvider: acquiring StreamingClient impl; approx # alive: 2
12-08 11:31:06.298 D/SensorService(  873): Found paired controllers: 2
12-08 11:31:06.298 D/SensorService(  873): Syncboss input 402c25cbf028a4e8 hardware type 6, subtype 2, revision 
12-08 11:31:06.298 I/SensorService(  873): preparePairedControllerInfo is adding device with valid 1
12-08 11:31:06.298 D/SensorService(  873): Syncboss input f343f271512a1feb hardware type 6, subtype 1, revision 
12-08 11:31:06.298 I/SensorService(  873): preparePairedControllerInfo is adding device with valid 1
12-08 11:31:06.299 D/SensorService(  873): Found paired controllers: 2
12-08 11:31:06.299 D/SensorService(  873): Syncboss input 402c25cbf028a4e8 hardware type 6, subtype 2, revision 
12-08 11:31:06.299 I/SensorService(  873): preparePairedControllerInfo is adding device with valid 1
12-08 11:31:06.299 D/SensorService(  873): Syncboss input f343f271512a1feb hardware type 6, subtype 1, revision 
12-08 11:31:06.299 I/SensorService(  873): preparePairedControllerInfo is adding device with valid 1
12-08 11:31:06.299 D/libsensorscommon(  873): ControllerProvider: acquiring StreamingClient hidl for client 1772
12-08 11:31:06.304 I/TrackingService( 1772): [                            face] Power transition: SLEEP -> STANDBY transition time: 7 ms
12-08 11:31:06.304 D/ControllerManagement( 3227): processStateChange([PairedControllerInfo RUBY 402c25cbf028a4e8 disconnected detached update-required mcnt=2])
12-08 11:31:06.304 D/ControllerManagement( 3227): processStateChange([PairedControllerInfo RUBY f343f271512a1feb disconnected detached update-required mcnt=2])
12-08 11:31:06.305 D/TrackingService( 1772): Transition completed for NONE
12-08 11:31:06.305 D/PowerMonitor( 1772): Executing transition from STANDBY to RUNNING
12-08 11:31:06.305 D/TrackingService( 1772): StateHandler setState powerState=RUNNING
12-08 11:31:06.305 D/TrackingService( 1772): Enqueued transition to (targetPowerState, targetMuxName): (RUNNING, --) - transition timeout: 1000000000 ns
12-08 11:31:06.306 I/TrackingService( 1772): [                   PerfLockHooks] Power transition: STANDBY -> RUNNING transition time: 0 ms
12-08 11:31:06.306 I/TrackingService( 1772): [                            bolt] Power transition: STANDBY -> RUNNING transition time: 0 ms
12-08 11:31:06.306 D/TrackingService( 1772): IOT standby to running started
12-08 11:31:06.306 D/CameraStream(  873): [iot] Client [IOT(1772)] attempting start
12-08 11:31:06.306 I/FrameSetDispatcher(  873): [{WT:RAW10}] Client pid=1772 (IOT): Client thread[{WT:RAW10}:IOT] started
12-08 11:31:06.306 I/CameraClientManager(  873): [IOT(1772)][iot] client started (estimated 1 started clients total)
12-08 11:31:06.306 I/CameraClientManager(  873): [[IOT(1772)][iot]] definitely starting stream
12-08 11:31:06.323 W/ActivityManager( 2051): Slow operation: 63ms so far, now at startProcess: returned from zygote!
12-08 11:31:06.323 W/ActivityManager( 2051): Slow operation: 63ms so far, now at startProcess: done updating battery stats
12-08 11:31:06.323 W/ActivityManager( 2051): Slow operation: 63ms so far, now at startProcess: building log message
12-08 11:31:06.323 I/ActivityManager( 2051): Start proc 27537:com.oculus.socialplatform/u0a103 for broadcast {com.oculus.socialplatform/com.oculus.socialplatform.remotelaunch.UserPresentBroadcastReceiver}
12-08 11:31:06.323 W/ActivityManager( 2051): Slow operation: 63ms so far, now at startProcess: starting to update pids map
12-08 11:31:06.323 W/ActivityManager( 2051): Slow operation: 63ms so far, now at startProcess: done updating pids map
12-08 11:31:06.365 I/SyncBossFW(  866): 7935176 [info   ] {APPI}: Setting projector pattern sequence
12-08 11:31:06.367 W/MemoryBroker( 2051): attachClient: found client in attached list (uid: 10073, pid: 5403)
12-08 11:31:06.368 I/SyncBossFW(  866): 7935179 [info   ] {NICE}: nice_set_frame_rate called on same period of 16666us
12-08 11:31:06.371 I/SyncBossFW(  866): 7935179 [info   ] {NICE}: nice_set_frame_rate called on same period of 16666us
12-08 11:31:06.373 I/SyncBossFW(  866): 7935181 [info   ] {NICE}: nice_set_frame_rate called on same period of 16666us
12-08 11:31:06.375 D/SensorService(  873): Configured syncboss nice config: [{camera_set: 1, num_slots: 4, [ { tag: 16, default_exposure_us: 65535, default_gain: 65535, capabilities: 0, slot_length: 0, }, { tag: 17, default_exposure_us: 65535, default_gain: 65535, capabilities: 2, slot_length: 0, }, { tag: 18, default_exposure_us: 65535, default_gain: 65535, capabilities: 0, slot_length: 0, }, { tag: 19, default_exposure_us: 5000, default_gain: 48, capabilities: 8, slot_length: 0, }, ] shutter_period_us: 16666, }, {camera_set: 2, num_slots: 4, [ { tag: 16, default_exposure_us: 65535, default_gain: 65535, capabilities: 0, slot_length: 0, }, { tag: 17, default_exposure_us: 65535, default_gain: 65535, capabilities: 2, slot_length: 0, }, { tag: 18, default_exposure_us: 65535, default_gain: 65535, capabilities: 0, slot_length: 0, }, { tag: 19, default_exposure_us: 5000, default_gain: 48, capabilities: 8, slot_length: 0, }, ] shutter_period_us: 16666, }, ]
12-08 11:31:06.376 I/FrameSetCollator(  873): [{WT(0,1):RAW10}] started at 10462.70
12-08 11:31:06.376 I/SensorService(  873): [worldTracking] Starting camera streams for purpose: projector_assisted_depth, current muxmode = 1
12-08 11:31:06.380 I/CameraClientManager(  873): [[MrSSCamS(1574)][projector_assisted_depth]] stream start completed
12-08 11:31:06.380 D/CameraStream(  873): [projector_assisted_depth] Client [MrSSCamS(1574)]: start complete
12-08 11:31:06.173 I/CAM_INFO(    0): CAM-ISP: __cam_isp_ctx_acquire_hw_v2: 9737 NO CRM session,top state machine assigned for no crm ctx 5
12-08 11:31:06.392 I/CAM_INFO(    0): CAM-ISP: __cam_isp_ctx_start_dev_in_ready: 10771 Start IFE device ctx 2 with irq state machine [RDI Only Activated State Machine IRQ] in initial SubState [EPOCH] UL_path 1
12-08 11:31:06.392 I/CAM_INFO(    0): CAM-ISP: __cam_isp_ctx_start_dev_in_ready: 10771 Start IFE device ctx 4 with irq state machine [RDI Only Activated State Machine IRQ] in initial SubState [EPOCH] UL_path 1
12-08 11:31:06.392 I/CAM_INFO(    0): CAM-ISP: __cam_isp_ctx_start_dev_in_ready: 10771 Start IFE device ctx 5 with irq state machine [RDI Only Activated State Machine IRQ] in initial SubState [EPOCH] UL_path 1
12-08 11:31:06.393 I/CAM_INFO(    0): CAM-ISP: __cam_isp_ctx_start_dev_in_ready: 10771 Start IFE device ctx 3 with irq state machine [RDI Only Activated State Machine IRQ] in initial SubState [EPOCH] UL_path 1
12-08 11:31:06.393 I/CAM_INFO(    0): CAM-SENSOR: cam_sensor_driver_cmd: 1352 19:31:6.379 CAM_START_DEV[0] Success for og01a1b sensor_id:0x7750,sensor_slave_addr:0xa0
12-08 11:31:06.393 I/CAM_INFO(    0): CAM-SENSOR: cam_sensor_driver_cmd: 1352 19:31:6.379 CAM_START_DEV[2] Success for ov7251 sensor_id:0xd,sensor_slave_addr:0xc0
12-08 11:31:06.393 I/CAM_INFO(    0): CAM-SENSOR: cam_sensor_driver_cmd: 1352 19:31:6.380 CAM_START_DEV[1] Success for og01a1b sensor_id:0x7750,sensor_slave_addr:0xb0
12-08 11:31:06.380 I/SensorService(  873): [worldTracking] Starting cameras for purpose iot
12-08 11:31:06.380 I/FrameSetCollator(  873): [{WT:RAW10}] started at 10462.70
12-08 11:31:06.380 I/SensorService(  873): [worldTracking] Starting camera streams for purpose: iot, current muxmode = 1
12-08 11:31:06.381 I/CameraClientManager(  873): [[IOT(1772)][iot]] stream start completed
12-08 11:31:06.381 D/CameraStream(  873): [iot] Client [IOT(1772)]: start complete
12-08 11:31:06.383 D/CompatibilityChangeReporter( 2051): Compat change id reported: 170503758; UID 10080; state: ENABLED
12-08 11:31:06.385 D/TrackingService( 1772): IOT standby to running completed
12-08 11:31:06.385 I/TrackingService( 1772): [                             iot] Power transition: STANDBY -> RUNNING transition time: 79 ms
12-08 11:31:06.386 D/CameraStream(  873): [mr_monochrome] Client [MrSSCamS(1574)] attempting start
12-08 11:31:06.387 I/FrameSetDispatcher(  873): [{WT(0,1):RAW10}] Client pid=1574 (MrSSCamS): Client thread[{WT(0,1):RAW10}] started
12-08 11:31:06.387 I/CameraClientManager(  873): [MrSSCamS(1574)][mr_monochrome] client started (estimated 1 started clients total)
12-08 11:31:06.387 I/CameraClientManager(  873): [[MrSSCamS(1574)][mr_monochrome]] definitely starting stream
12-08 11:31:06.387 I/SensorService(  873): [worldTracking] Starting cameras for purpose mr_monochrome
12-08 11:31:06.387 D/CameraStream(  873): [constellation] Client [Cnst(1772)] attempting start
12-08 11:31:06.387 I/FrameSetCollator(  873): [{WT(0,1):RAW10}] Skipping start, current start count: 2
12-08 11:31:06.387 I/SensorService(  873): [worldTracking] Starting camera streams for purpose: mr_monochrome, current muxmode = 1
12-08 11:31:06.387 I/CameraClientManager(  873): [[MrSSCamS(1574)][mr_monochrome]] stream start completed
12-08 11:31:06.387 D/CameraStream(  873): [mr_monochrome] Client [MrSSCamS(1574)]: start complete
12-08 11:31:06.387 I/FrameSetDispatcher(  873): [{WT:RAW10}] Client pid=1772 (Cnst): Client thread[{WT:RAW10}:Cnst] started
12-08 11:31:06.387 I/CameraClientManager(  873): [Cnst(1772)][constellation] client started (estimated 1 started clients total)
12-08 11:31:06.387 I/CameraClientManager(  873): [[Cnst(1772)][constellation]] definitely starting stream
12-08 11:31:06.387 I/SensorService(  873): [worldTracking] Starting cameras for purpose constellation
12-08 11:31:06.387 I/FrameSetCollator(  873): [{WT:RAW10}] Skipping start, current start count: 2
12-08 11:31:06.387 I/SensorService(  873): [worldTracking] Starting camera streams for purpose: constellation, current muxmode = 1
12-08 11:31:06.387 I/CameraClientManager(  873): [[Cnst(1772)][constellation]] stream start completed
12-08 11:31:06.387 D/CameraStream(  873): [constellation] Client [Cnst(1772)]: start complete
12-08 11:31:06.388 I/SyncBossFW(  866): 7935181 [info   ] {NCM }: Found slot with constellation capability
12-08 11:31:06.388 I/SyncBossFW(  866): 7935183 [info   ] {NICE}: nice_set_frame_rate called on same period of 16666us
12-08 11:31:06.388 I/SyncBossFW(  866): 7935183 [info   ] {NCM }: No slot with projector capability found.
12-08 11:31:06.388 I/SyncBossFW(  866): 7935184 [info   ] {NCM }: Stopping projector
12-08 11:31:06.388 I/SyncBossFW(  866): 7935188 [info   ] {GCM }: general_cam_mgr_get_stream_info for cameras 0x1
12-08 11:31:06.388 I/SyncBossFW(  866): 7935190 [info   ] {GCM }: general_cam_mgr_start_streaming for cameras 0xf
12-08 11:31:06.388 I/SyncBossFW(  866): 7935191 [info   ] {NCM }: [rate_lim=5000] Sending constellation cadence: [P: 66664us, D: 26466us]
12-08 11:31:06.388 I/SyncBossFW(  866): 7935193 [info   ] {NCM }: [rate_lim=5000] Ack received for constellation cadence: [P: 66664us, D: 26466us]
12-08 11:31:06.394 I/CAM_INFO(    0): CAM-SENSOR: cam_sensor_driver_cmd: 1352 19:31:6.380 CAM_START_DEV[3] Success for ov7251 sensor_id:0xd,sensor_slave_addr:0xd0
12-08 11:31:06.416 I/        (    0): Info: adsprpc (8241): 508: 508: cvp-dsp-thread: fastrpc_driver_register: fastrpc driver qcom,fastcv0 registered with handle 1574
12-08 11:31:06.416 I/msm_cvp (    0): sess: Opening cvp instance: 0000000000000000
12-08 11:31:06.417 I/msm_cvp (    0): pwr: cvp (eva) powered on
12-08 11:31:06.406 D/CameraStream(  873): [ambient_controller] Client [Cnst(1772)] attempting start
12-08 11:31:06.407 I/FrameSetDispatcher(  873): [{WT:RAW10}] Client pid=1772 (Cnst): Client thread[{WT:RAW10}:Cnst] started
12-08 11:31:06.407 I/CameraClientManager(  873): [Cnst(1772)][ambient_controller] client started (estimated 1 started clients total)
12-08 11:31:06.407 I/CameraClientManager(  873): [[Cnst(1772)][ambient_controller]] definitely starting stream
12-08 11:31:06.407 I/SensorService(  873): [worldTracking] Starting cameras for purpose ambient_controller
12-08 11:31:06.408 I/FrameSetCollator(  873): [{WT:RAW10}] Skipping start, current start count: 3
12-08 11:31:06.408 I/SensorService(  873): [worldTracking] Starting camera streams for purpose: ambient_controller, current muxmode = 1
12-08 11:31:06.408 I/CameraClientManager(  873): [[Cnst(1772)][ambient_controller]] stream start completed
12-08 11:31:06.408 D/CameraStream(  873): [ambient_controller] Client [Cnst(1772)]: start complete
12-08 11:31:06.419 I/msm_cvp (    0): err: __flush_debug_queue: invalid msg size - 126
12-08 11:31:06.419 I/msm_cvp (    0): err: __flush_debug_queue: invalid msg size - 126
12-08 11:31:06.422 I/synx    (    0): info: synx_initialize: 2303: [sess :14] session created cvp-kernel-client
12-08 11:31:06.413 I/TrackingService( 1772): [                   constellation] Power transition: STANDBY -> RUNNING transition time: 27 ms
12-08 11:31:06.413 D/TrackingService( 1772): [HANDTRACKINGGLUE] standbyToRunning
12-08 11:31:06.413 D/TrackingService( 1772): [HANDTRACKINGGLUE] handleStateChange muxMode=null
12-08 11:31:06.413 D/TrackingService( 1772): [HANDTRACKINGGLUE] suspendCapability
12-08 11:31:06.413 I/TrackingService( 1772): [                            hand] Power transition: STANDBY -> RUNNING transition time: 0 ms
12-08 11:31:06.413 I/TrackingService( 1772): [              selftracked_client] Power transition: STANDBY -> RUNNING transition time: 0 ms
12-08 11:31:06.413 I/TrackingService( 1772): [                            iobt] Power transition: STANDBY -> RUNNING transition time: 0 ms
12-08 11:31:06.413 I/TrackingService( 1772): [                          object] Power transition: STANDBY -> RUNNING transition time: 0 ms
12-08 11:31:06.413 I/TrackingService( 1772): [                      controller] Power transition: STANDBY -> RUNNING transition time: 0 ms
12-08 11:31:06.414 D/CameraStream(  873): [exposure_control_worldTracking] Client [ExpCtl(1772)] attempting start
12-08 11:31:06.414 I/FrameSetDispatcher(  873): [{WT:RAW10}] Client pid=1772 (ExpCtl): Client thread[{WT:RAW10}:ExpC] started
12-08 11:31:06.414 I/CameraClientManager(  873): [ExpCtl(1772)][exposure_control_worldTracking] client started (estimated 1 started clients total)
12-08 11:31:06.414 I/CameraClientManager(  873): [[ExpCtl(1772)][exposure_control_worldTracking]] definitely starting stream
12-08 11:31:06.414 I/SensorService(  873): [worldTracking] Starting cameras for purpose exposure_control_worldTracking
12-08 11:31:06.415 I/FrameSetCollator(  873): [{WT:RAW10}] Skipping start, current start count: 4
12-08 11:31:06.415 I/SensorService(  873): [worldTracking] Starting camera streams for purpose: exposure_control_worldTracking, current muxmode = 1
12-08 11:31:06.415 I/CameraClientManager(  873): [[ExpCtl(1772)][exposure_control_worldTracking]] stream start completed
12-08 11:31:06.415 D/CameraStream(  873): [exposure_control_worldTracking] Client [ExpCtl(1772)]: start complete
12-08 11:31:06.422 I/TrackingService( 1772): [            ExposureControlCmmv2] Power transition: STANDBY -> RUNNING transition time: 9 ms
12-08 11:31:06.422 I/SensorService(  873): configDirectReport for channelHandle:1 sensorHandle:3 Rate:3
12-08 11:31:06.423 I/SyncBossFW(  866): 7935232 [info   ] {NTHR}: First shutter for camera set (0x1) was sent 40893us after start
12-08 11:31:06.426 I/SyncBossFW(  866): 7935234 [info   ] {NTHR}: First shutter for camera set (0x2) was sent 41015us after start
12-08 11:31:06.432 I/TrackingService( 1772): [                            face] Power transition: STANDBY -> RUNNING transition time: 9 ms
12-08 11:31:06.433 D/TrackingService( 1772): Transition completed for NONE
12-08 11:31:06.438 D/CompatibilityChangeReporter( 2051): Compat change id reported: 168419799; UID 10103; state: DISABLED
12-08 11:31:06.439 D/CompatibilityChangeReporter( 2051): Compat change id reported: 273564678; UID 10103; state: DISABLED
12-08 11:31:06.440 D/CompatibilityChangeReporter( 2051): Compat change id reported: 265195908; UID 10103; state: ENABLED
12-08 11:31:06.454 D/CompatibilityChangeReporter( 2051): Compat change id reported: 170503758; UID 10103; state: DISABLED
12-08 11:31:06.496 I/CAM_ERR (    0): CAM-ISP: __cam_isp_ctx_rdi_only_epoch_in_top_state: 7751 epoch with no req in active list ctx:4 res_id:0
12-08 11:31:06.478 D/CoreBackPreview( 2051): Window{92fc255 u0 Splash Screen com.oculus.vrshell EXITING}: Setting back callback null
12-08 11:31:06.496 I/CAM_ERR (    0): CAM-ISP: __cam_isp_ctx_rdi_only_epoch_in_top_state: 7751 epoch with no req in active list ctx:5 res_id:0
12-08 11:31:06.511 I/CAM_ERR (    0): CAM-ISP: __cam_isp_ctx_rdi_only_epoch_in_top_state: 7751 epoch with no req in active list ctx:3 res_id:0
12-08 11:31:06.519 E/FrameSetCollator(  873): [{WT:RAW10}] releasing incomplete frame set: (0:0, 1:0, 2:1, 3:1), (deadlineMissed, muxModeMisMatch) = (1, 0), (captureDevTs, currentTs, tolerance, current+tolerance) = (7935325708000, 7935309042000, 30000, 7935309072000), (frame.slotIndex) = (2), (frame.modeIndex, frameSet.modeIndex) = (1, 0)
12-08 11:31:06.522 D/libsensortelemetry(  873): Empty timestamp or no timestamp matched for HalCamId 0
12-08 11:31:06.522 D/libsensortelemetry(  873): Empty timestamp or no timestamp matched for HalCamId 1
12-08 11:31:06.555 V/ActivityManager( 2051): bindService: Intent { cmp=com.oculus.horizon/com.facebook.mobileconfigservice.service.MobileConfigService } type=null conn=android.os.BinderProxy@be09332 flags=0x5
12-08 11:31:06.556 D/CompatibilityChangeReporter( 2051): Compat change id reported: 261072174; UID 10103; state: DISABLED
12-08 11:31:06.581 I/TrackingFidelityService( 1765): Received ambient flicker update. Setting maximum low_latency_pt fidelity to 5
12-08 11:31:06.581 I/TrackingFidelityService( 1765): Request(s)={low_latency_pt:5,}
12-08 11:31:06.581 I/TrackingFidelityService( 1765): Request(s)={low_latency_pt:0,mr_passthrough:0,pt_display_sync:0,hyperscape_room_scanning:0,isp_foveation:5,}, Mux mode idx=1, name=default, score=-1970
12-08 11:31:06.582 I/TrackingFidelityService( 1765): beginTransition[color]: default(1)->default(1)
12-08 11:31:06.582 I/TrackingFidelityService( 1765): _applyMuxModeLockedInternal: Mode default already set. Returning.
12-08 11:31:06.582 I/TrackingFidelityService( 1765): endTransition[color]: default(1)->default(1), seqId=-1, succeeded=true
12-08 11:31:06.511 I/CAM_ERR (    0): CAM-ISP: __cam_isp_ctx_rdi_only_epoch_in_top_state: 7751 epoch with no req in active list ctx:2 res_id:0
12-08 11:31:06.610 I/init    (    0): processing action (service.bootanim.exit_vendor=1) from (/vendor/etc/init/hw/init.anorak.rc:390)
12-08 11:31:06.595 W/MemoryBroker( 2051): attachClient: found client in attached list (uid: 10021, pid: 3567)
12-08 11:31:06.596 W/MemoryBroker( 2051): attachClient: found client in attached list (uid: 10021, pid: 3567)
12-08 11:31:06.596 W/MemoryBroker( 2051): attachClient: found client in attached list (uid: 10021, pid: 3567)
12-08 11:31:06.596 I/DisplayManagerService( 2051): vrCompositorReady: restore brightness updates
12-08 11:31:06.598 W/BrightnessSynchronizer( 2051): Brightness sync observer requesting synchronization a second time.
12-08 11:31:06.600 I/TrackingFidelityService( 1765): Received hand/controller update: hand_tracking_enabled
12-08 11:31:06.601 I/TrackingFidelityService( 1765): checkMultimodalFeature: Attempt made to enable multimodal hands+controllers when not supported by app
12-08 11:31:06.601 W/TrackingFidelityService( 1765): Fidelity data undefined in catalog for enabling feature like environment_lighting. 3 similar misses.
12-08 11:31:06.601 I/TrackingFidelityService( 1765): Request(s)={constellation:0,controller_selftracked:0,hands:3,environment_lighting:5,keyboard:0,scene_reconstruction:0,surface_inputs:0,}, Mux mode idx=8, name=lowLightHands, score=-1950
12-08 11:31:06.601 I/TrackingFidelityService( 1765): beginTransition[worldTracking]: lowLightController(1)->lowLightHands(8)
12-08 11:31:06.601 I/TrackingFidelityService( 1765): _applyMuxModeLockedInternal: Applying camera mux mode lowLightHands via requestFeaturesWithFidelitiesLocked
12-08 11:31:06.601 I/TrackingFidelityService( 1765): Request(s)={mr_passthrough:3,}
12-08 11:31:06.601 W/TrackingFidelityService( 1765): Fidelity data undefined in catalog for enabling feature like mr_passthrough. 2 similar misses.
12-08 11:31:06.601 I/TrackingFidelityService( 1765): Request(s)={mr_passthrough:3,pt_display_sync:0,hyperscape_room_scanning:0,isp_foveation:5,low_latency_pt:0,}, Mux mode idx=1, name=default, score=-1970
12-08 11:31:06.601 I/TrackingFidelityService( 1765): beginTransition[color]: default(1)->default(1)
12-08 11:31:06.601 I/TrackingFidelityService( 1765): _applyMuxModeLockedInternal: Mode default already set. Returning.
12-08 11:31:06.601 I/TrackingFidelityService( 1765): endTransition[color]: default(1)->default(1), seqId=-1, succeeded=true
12-08 11:31:06.601 I/SensorService(  873): [worldTracking] Setting camera mux mode to 8
12-08 11:31:06.602 I/SensorService(  873): updating CameraStream mux states
12-08 11:31:06.602 I/SensorService(  873): ending update to CameraStream mux states
12-08 11:31:06.602 I/FrameSetCollator(  873): [{WT(0,1):RAW10}] Updated frame set period to 16666000, with all camera system activeSlots [[T,F,T,F,]]
12-08 11:31:06.602 I/FrameSetCollator(  873): [{WT:RAW10}] Updated frame set period to 16666000, with all camera system activeSlots [[T,F,T,F,]]
12-08 11:31:06.602 I/FrameSetDispatcher(  873): [{WT(0,1):RAW10}] Client pid=1574 (MrSSCamS): [worldTracking] Updated CameraMuxMode: 8, Slots: 
12-08 11:31:06.602 I/FrameSetDispatcher(  873): [{WT(0,1):RAW10}] Client pid=1574 (MrSSCamS): [worldTracking] Updated CameraMuxMode: 8, Slots: SLOT_0 SLOT_2 
12-08 11:31:06.602 I/FrameSetDispatcher(  873): [{WT(0,1):RAW10}] Latest MuxModeSettings: 8
12-08 11:31:06.602 I/FrameSetDispatcher(  873): [{WT(0,1):RAW10}] purpose: ambient_controller, slots: 
12-08 11:31:06.602 I/FrameSetDispatcher(  873): [{WT(0,1):RAW10}] purpose: constellation, slots: 
12-08 11:31:06.602 I/FrameSetDispatcher(  873): [{WT(0,1):RAW10}] purpose: exposure_control_worldTracking, slots: SLOT_0 SLOT_2 
12-08 11:31:06.602 I/FrameSetDispatcher(  873): [{WT(0,1):RAW10}] purpose: iobt, slots: SLOT_0 SLOT_2 
12-08 11:31:06.602 I/FrameSetDispatcher(  873): [{WT(0,1):RAW10}] purpose: mr_monochrome, slots: SLOT_0 SLOT_2 
12-08 11:31:06.602 I/FrameSetDispatcher(  873): [{WT(0,1):RAW10}] purpose: object, slots: 
12-08 11:31:06.602 I/FrameSetDispatcher(  873): [{WT(0,1):RAW10}] purpose: active_slots, slots: SLOT_0 SLOT_2 
12-08 11:31:06.602 I/FrameSetDispatcher(  873): [{WT(0,1):RAW10}] purpose: hand, slots: SLOT_0 SLOT_2 
12-08 11:31:06.602 I/FrameSetDispatcher(  873): [{WT(0,1):RAW10}] purpose: iot, slots: SLOT_0 SLOT_2 
12-08 11:31:06.602 I/FrameSetDispatcher(  873): [{WT(0,1):RAW10}] purpose: projector_assisted_depth, slots: 
12-08 11:31:06.602 I/FrameSetDispatcher(  873): [{WT:RAW10}] Client pid=1772 (IOT): [worldTracking] Updated CameraMuxMode: 8, Slots: SLOT_0 SLOT_2 
12-08 11:31:06.602 I/FrameSetDispatcher(  873): [{WT:RAW10}] Client pid=1772 (Cnst): [worldTracking] Updated CameraMuxMode: 8, Slots: 
12-08 11:31:06.602 I/FrameSetDispatcher(  873): [{WT:RAW10}] Client pid=1772 (Cnst): [worldTracking] Updated CameraMuxMode: 8, Slots: 
12-08 11:31:06.602 I/FrameSetDispatcher(  873): [{WT:RAW10}] Client pid=1772 (ExpCtl): [worldTracking] Updated CameraMuxMode: 8, Slots: SLOT_0 SLOT_2 
12-08 11:31:06.602 I/FrameSetDispatcher(  873): [{WT:RAW10}] Latest MuxModeSettings: 8
12-08 11:31:06.602 I/FrameSetDispatcher(  873): [{WT:RAW10}] purpose: ambient_controller, slots: 
12-08 11:31:06.602 I/FrameSetDispatcher(  873): [{WT:RAW10}] purpose: constellation, slots: 
12-08 11:31:06.602 I/FrameSetDispatcher(  873): [{WT:RAW10}] purpose: exposure_control_worldTracking, slots: SLOT_0 SLOT_2 
12-08 11:31:06.602 I/FrameSetDispatcher(  873): [{WT:RAW10}] purpose: iobt, slots: SLOT_0 SLOT_2 
12-08 11:31:06.602 I/FrameSetDispatcher(  873): [{WT:RAW10}] purpose: mr_monochrome, slots: SLOT_0 SLOT_2 
12-08 11:31:06.602 I/FrameSetDispatcher(  873): [{WT:RAW10}] purpose: object, slots: 
12-08 11:31:06.602 I/FrameSetDispatcher(  873): [{WT:RAW10}] purpose: active_slots, slots: SLOT_0 SLOT_2 
12-08 11:31:06.602 I/FrameSetDispatcher(  873): [{WT:RAW10}] purpose: hand, slots: SLOT_0 SLOT_2 
12-08 11:31:06.602 I/FrameSetDispatcher(  873): [{WT:RAW10}] purpose: iot, slots: SLOT_0 SLOT_2 
12-08 11:31:06.602 I/FrameSetDispatcher(  873): [{WT:RAW10}] purpose: projector_assisted_depth, slots: 
12-08 11:31:06.602 I/SensorDataTransforms( 1772): [constellation:ambient_controller] Staging mux mode updates for {worldTracking: ind-8, seqId-76},
12-08 11:31:06.602 I/SensorDataTransforms( 1772): [constellation:ambient_controller] Signaling start of the mode transition
12-08 11:31:06.602 I/TrackingService( 1772): [constellation:ambient_controller] Start configuration update starting
12-08 11:31:06.602 I/TrackingService( 1772): [constellation:ambient_controller] Start configuration update done
12-08 11:31:06.602 I/SensorDataTransforms( 1772): [constellation:ambient_controller] Mux mode updates successfully staged
12-08 11:31:06.602 D/TrackingService( 1772): [constellation:ambient_controller]Queue mux mode update notification: lowLightHands
12-08 11:31:06.602 I/SensorDataTransforms( 1772): [hand:hand] Staging mux mode updates for {worldTracking: ind-8, seqId-76},
12-08 11:31:06.602 I/SensorDataTransforms( 1772): [hand:hand] Mux mode updates successfully staged
12-08 11:31:06.602 D/TrackingService( 1772): [hand:hand]Queue mux mode update notification: lowLightHands
12-08 11:31:06.603 I/SensorDataTransforms( 1772): [iot:iot] Staging mux mode updates for {worldTracking: ind-8, seqId-76},
12-08 11:31:06.603 I/SensorDataTransforms( 1772): [iot:iot] Signaling start of the mode transition
12-08 11:31:06.603 I/TrackingService( 1772): [iot:iot] Start configuration update starting
12-08 11:31:06.603 I/TrackingService( 1772): [iot:iot] Start configuration update done
12-08 11:31:06.603 I/SensorDataTransforms( 1772): [iot:iot] Mux mode updates successfully staged
12-08 11:31:06.603 D/TrackingService( 1772): [iot:iot]Queue mux mode update notification: lowLightHands
12-08 11:31:06.603 I/SensorDataTransforms( 1772): [iobt:iobt] Staging mux mode updates for {worldTracking: ind-8, seqId-76},
12-08 11:31:06.603 I/SensorDataTransforms( 1772): [iobt:iobt] Mux mode updates successfully staged
12-08 11:31:06.603 D/TrackingService( 1772): [iobt:iobt]Queue mux mode update notification: lowLightHands
12-08 11:31:06.603 I/SensorDataTransforms( 1772): [constellation:constellation] Staging mux mode updates for {worldTracking: ind-8, seqId-76},
12-08 11:31:06.603 I/SensorDataTransforms( 1772): [constellation:constellation] Signaling start of the mode transition
12-08 11:31:06.603 I/TrackingService( 1772): [constellation:constellation] Start configuration update starting
12-08 11:31:06.603 I/TrackingService( 1772): [constellation:constellation] Start configuration update done
12-08 11:31:06.603 I/SensorDataTransforms( 1772): [constellation:constellation] Mux mode updates successfully staged
12-08 11:31:06.603 D/TrackingService( 1772): [constellation:constellation]Queue mux mode update notification: lowLightHands
12-08 11:31:06.603 I/SensorDataTransforms( 1772): [ExpCtl:exposure_control_worldTracking] Staging mux mode updates for {worldTracking: ind-8, seqId-76},
12-08 11:31:06.603 I/SensorDataTransforms( 1772): [ExpCtl:exposure_control_worldTracking] Signaling start of the mode transition
12-08 11:31:06.603 I/SensorDataTransforms( 1772): [ExpCtl:exposure_control_worldTracking] Mux mode updates successfully staged
12-08 11:31:06.603 I/SensorDataTransforms( 1574): [MrStreamControl:mr_monochrome] Staging mux mode updates for {worldTracking: ind-8, seqId-76},
12-08 11:31:06.603 I/SensorDataTransforms( 1574): [MrStreamControl:mr_monochrome] Signaling start of the mode transition
12-08 11:31:06.603 I/SensorDataTransforms( 1574): [MrStreamControl:mr_monochrome] Mux mode updates successfully staged
12-08 11:31:06.603 I/SensorDataTransforms( 1574): [MrStreamControl:projector_assisted_depth] Staging mux mode updates for {worldTracking: ind-8, seqId-76},
12-08 11:31:06.603 I/SensorDataTransforms( 1574): [MrStreamControl:projector_assisted_depth] Mux mode updates successfully staged
12-08 11:31:06.603 I/SensorDataTransforms( 1772): [object:object] Staging mux mode updates for {worldTracking: ind-8, seqId-76},
12-08 11:31:06.603 I/SensorDataTransforms( 1772): [object:object] Mux mode updates successfully staged
12-08 11:31:06.603 D/TrackingService( 1772): [object:object]Queue mux mode update notification: lowLightHands
12-08 11:31:06.603 D/TrackingService( 1772): [ambient_controller]start onMuxStateUpdate. ModeId: lowLightController -> lowLightHands
12-08 11:31:06.603 D/TrackingService( 1772): [constellation][ambient_controller]handleMuxModeNotification started for muxMode[worldTracking: lowLightHands]
12-08 11:31:06.603 D/TrackingService( 1772): [hand]start onMuxStateUpdate. ModeId: lowLightController -> lowLightHands
12-08 11:31:06.603 D/TrackingService( 1772): [HANDTRACKINGGLUE] handleMuxModeNotification
12-08 11:31:06.603 D/TrackingService( 1772): [HANDTRACKINGGLUE] handleStateChange muxMode=lowLightHands
12-08 11:31:06.603 D/TrackingService( 1772): [HANDTRACKINGGLUE] startCapability
12-08 11:31:06.603 D/TrackingService( 1772): [iot]start onMuxStateUpdate. ModeId: lowLightController -> lowLightHands
12-08 11:31:06.603 D/TrackingService( 1772): [iot][iot]handleMuxModeNotification started for muxMode[worldTracking: lowLightHands]
12-08 11:31:06.603 D/TrackingService( 1772): [iot][iot]handleMuxModeNotification finished for muxMode[worldTracking: lowLightHands]
12-08 11:31:06.603 D/TrackingService( 1772): [iot]end onMuxStateUpdate. ModeId: lowLightController -> lowLightHands
12-08 11:31:06.603 I/TrackingService( 1772): [                         iot:iot] Mux Mode Transition from sensor service: lowLightController -> lowLightHands transition time: 0 ms
12-08 11:31:06.603 D/TrackingService( 1772): [iobt]start onMuxStateUpdate. ModeId: lowLightController -> lowLightHands
12-08 11:31:06.603 D/TrackingService( 1772): [iobt][iobt]handleMuxModeNotification started for muxMode[worldTracking: lowLightHands]
12-08 11:31:06.603 D/TrackingService( 1772): [iobt][iobt]handleMuxModeNotification finished for muxMode[worldTracking: lowLightHands]
12-08 11:31:06.603 D/TrackingService( 1772): [iobt]end onMuxStateUpdate. ModeId: lowLightController -> lowLightHands
12-08 11:31:06.603 I/TrackingService( 1772): [                       iobt:iobt] Mux Mode Transition from sensor service: lowLightController -> lowLightHands transition time: 0 ms
12-08 11:31:06.603 D/TrackingService( 1772): [object]start onMuxStateUpdate. ModeId: lowLightController -> lowLightHands
12-08 11:31:06.603 D/TrackingService( 1772): [object][object]handleMuxModeNotification started for muxMode[worldTracking: lowLightHands]
12-08 11:31:06.603 D/TrackingService( 1772): [object][object]handleMuxModeNotification finished for muxMode[worldTracking: lowLightHands]
12-08 11:31:06.603 D/TrackingService( 1772): [object]end onMuxStateUpdate. ModeId: lowLightController -> lowLightHands
12-08 11:31:06.603 I/TrackingService( 1772): [                   object:object] Mux Mode Transition from sensor service: lowLightController -> lowLightHands transition time: 0 ms
12-08 11:31:06.604 D/CameraStream(  873): [constellation] Client [Cnst(1772)] attempting stop
12-08 11:31:06.604 I/FrameSetDispatcher(  873): [{WT:RAW10}] Client pid=1772 (Cnst): Client thread stopping
12-08 11:31:06.610 I/SyncBossFW(  866): 7935418 [info   ] {NICE}: nice_set_frame_rate called on same period of 16666us
12-08 11:31:06.610 I/SyncBossFW(  866): 7935418 [info   ] {NCM }: No slot with constellation capability found.
12-08 11:31:06.625 V/ActivityManager( 2051): bindService: Intent { act=com.oculus.presence.StablePresenceService cmp=com.oculus.presence/.services.presence.PresenceService (has extras) } type=null conn=android.os.BinderProxy@573568a flags=0x1
12-08 11:31:06.629 V/ActivityManager( 2051): bindService: Intent { cmp=com.oculus.horizon/com.oculus.auth.service.AuthService2 } type=null conn=android.os.BinderProxy@98d9918 flags=0x1
12-08 11:31:06.634 E/FrameSetCollator(  873): [{WT(0,1):RAW10}] 1 FrameSets had unexpected timestamps (in the last 258.46ms). Ex: slot 1 7935425.704ms -> 7935442.370ms (observed period: 16.666ms, expected period: 16.666ms (16.666ms))
12-08 11:31:06.634 E/FrameSetCollator(  873): [{WT:RAW10}] 1 FrameSets had unexpected timestamps (in the last 254.37ms). Ex: slot 1 7935425.704ms -> 7935442.370ms (observed period: 16.666ms, expected period: 16.666ms (16.666ms))
12-08 11:31:06.635 I/CameraClientManager(  873): [Cnst(1772)][constellation] client stopped (estimated 0 started clients remaining)
12-08 11:31:06.635 I/CameraClientManager(  873): [[Cnst(1772)][constellation]] definitely stopping stream
