12-08 11:17:26.222 I/TrackingService( 1772): [     constellation:constellation] Mux Mode Transition from sensor service: lowLightHandsObject -> lowLightHandsObject transition time: 0 ms
12-08 11:17:26.223 I/SensorService(  873): ending update to CameraStream mux states
12-08 11:17:26.224 I/SensorDataTransforms( 1772): [iobt:iobt] Staging mux mode updates for {worldTracking: ind-4, seqId-59},
12-08 11:17:26.224 I/SensorDataTransforms( 1772): [iobt:iobt] Mux mode updates successfully staged
12-08 11:17:26.224 D/TrackingService( 1772): [iobt:iobt]Queue mux mode update notification: lowLightHandsObject
12-08 11:17:26.224 I/FrameSetCollator(  873): [{WT(0,1):RAW10}] Updated frame set period to 16666000, with all camera system activeSlots [[T,F,T,T,]]
12-08 11:17:26.224 I/FrameSetCollator(  873): [{WT:RAW10}] Updated frame set period to 16666000, with all camera system activeSlots [[T,F,T,T,]]
12-08 11:17:26.224 I/FrameSetDispatcher(  873): [{WT(0,1):RAW10}] Client pid=1574 (MrSSCamS): [worldTracking] Updated CameraMuxMode: 4, Slots: 
12-08 11:17:26.224 I/FrameSetDispatcher(  873): [{WT(0,1):RAW10}] Client pid=1574 (MrSSCamS): [worldTracking] Updated CameraMuxMode: 4, Slots: SLOT_0 SLOT_2 
12-08 11:17:26.224 I/FrameSetDispatcher(  873): [{WT(0,1):RAW10}] Latest MuxModeSettings: 4
12-08 11:17:26.224 I/FrameSetDispatcher(  873): [{WT(0,1):RAW10}] purpose: ambient_controller, slots: 
12-08 11:17:26.224 I/FrameSetDispatcher(  873): [{WT(0,1):RAW10}] purpose: constellation, slots: 
12-08 11:17:26.224 I/FrameSetDispatcher(  873): [{WT(0,1):RAW10}] purpose: exposure_control_worldTracking, slots: SLOT_0 SLOT_2 SLOT_3 
12-08 11:17:26.224 D/TrackingService( 1772): [iobt]start onMuxStateUpdate. ModeId: lowLightHands -> lowLightHandsObject
12-08 11:17:26.224 I/FrameSetDispatcher(  873): [{WT(0,1):RAW10}] purpose: iobt, slots: SLOT_0 SLOT_2 
12-08 11:17:26.224 I/FrameSetDispatcher(  873): [{WT(0,1):RAW10}] purpose: mr_monochrome, slots: SLOT_0 SLOT_2 
12-08 11:17:26.224 I/FrameSetDispatcher(  873): [{WT(0,1):RAW10}] purpose: object, slots: SLOT_3 
12-08 11:17:26.224 I/FrameSetDispatcher(  873): [{WT(0,1):RAW10}] purpose: active_slots, slots: SLOT_0 SLOT_2 SLOT_3 
12-08 11:17:26.224 D/TrackingService( 1772): [iobt][iobt]handleMuxModeNotification started for muxMode[worldTracking: lowLightHandsObject]
12-08 11:17:26.224 I/FrameSetDispatcher(  873): [{WT(0,1):RAW10}] purpose: hand, slots: SLOT_0 SLOT_2 
12-08 11:17:26.224 I/FrameSetDispatcher(  873): [{WT(0,1):RAW10}] purpose: iot, slots: SLOT_0 SLOT_2 
12-08 11:17:26.224 I/FrameSetDispatcher(  873): [{WT(0,1):RAW10}] purpose: projector_assisted_depth, slots: 
12-08 11:17:26.224 I/FrameSetDispatcher(  873): [{WT:RAW10}] Client pid=1772 (IOT): [worldTracking] Updated CameraMuxMode: 4, Slots: SLOT_0 SLOT_2 
12-08 11:17:26.224 I/FrameSetDispatcher(  873): [{WT:RAW10}] Client pid=1772 (ExpCtl): [worldTracking] Updated CameraMuxMode: 4, Slots: SLOT_0 SLOT_2 SLOT_3 
12-08 11:17:26.224 D/TrackingService( 1772): [iobt][iobt]handleMuxModeNotification finished for muxMode[worldTracking: lowLightHandsObject]
12-08 11:17:26.224 I/FrameSetDispatcher(  873): [{WT:RAW10}] Latest MuxModeSettings: 4
12-08 11:17:26.224 D/TrackingService( 1772): [iobt]end onMuxStateUpdate. ModeId: lowLightHands -> lowLightHandsObject
12-08 11:17:26.224 I/FrameSetDispatcher(  873): [{WT:RAW10}] purpose: ambient_controller, slots: 
12-08 11:17:26.224 I/FrameSetDispatcher(  873): [{WT:RAW10}] purpose: constellation, slots: 
12-08 11:17:26.224 I/TrackingService( 1772): [                       iobt:iobt] Mux Mode Transition from sensor service: lowLightHands -> lowLightHandsObject transition time: 0 ms
12-08 11:17:26.224 I/FrameSetDispatcher(  873): [{WT:RAW10}] purpose: exposure_control_worldTracking, slots: SLOT_0 SLOT_2 SLOT_3 
12-08 11:17:26.224 I/FrameSetDispatcher(  873): [{WT:RAW10}] purpose: iobt, slots: SLOT_0 SLOT_2 
12-08 11:17:26.224 I/FrameSetDispatcher(  873): [{WT:RAW10}] purpose: mr_monochrome, slots: SLOT_0 SLOT_2 
12-08 11:17:26.224 I/FrameSetDispatcher(  873): [{WT:RAW10}] purpose: object, slots: SLOT_3 
12-08 11:17:26.224 I/FrameSetDispatcher(  873): [{WT:RAW10}] purpose: active_slots, slots: SLOT_0 SLOT_2 SLOT_3 
12-08 11:17:26.224 I/FrameSetDispatcher(  873): [{WT:RAW10}] purpose: hand, slots: SLOT_0 SLOT_2 
12-08 11:17:26.224 I/FrameSetDispatcher(  873): [{WT:RAW10}] purpose: iot, slots: SLOT_0 SLOT_2 
12-08 11:17:26.224 I/FrameSetDispatcher(  873): [{WT:RAW10}] purpose: projector_assisted_depth, slots: 
12-08 11:17:26.224 I/SensorDataTransforms( 1574): [MrStreamControl:mr_monochrome] Staging mux mode updates for {worldTracking: ind-4, seqId-59},
12-08 11:17:26.224 I/SensorDataTransforms( 1574): [MrStreamControl:mr_monochrome] Mux mode updates successfully staged
12-08 11:17:26.224 I/SensorDataTransforms( 1772): [ExpCtl:exposure_control_worldTracking] Staging mux mode updates for {worldTracking: ind-4, seqId-59},
12-08 11:17:26.225 I/SensorDataTransforms( 1772): [ExpCtl:exposure_control_worldTracking] Mux mode updates successfully staged
12-08 11:17:26.225 I/SensorDataTransforms( 1772): [hand:hand] Staging mux mode updates for {worldTracking: ind-4, seqId-59},
12-08 11:17:26.225 I/SensorDataTransforms( 1772): [hand:hand] Mux mode updates successfully staged
12-08 11:17:26.225 D/TrackingService( 1772): [hand:hand]Queue mux mode update notification: lowLightHandsObject
12-08 11:17:26.225 I/SensorDataTransforms( 1574): [MrStreamControl:projector_assisted_depth] Staging mux mode updates for {worldTracking: ind-4, seqId-59},
12-08 11:17:26.226 I/SensorDataTransforms( 1772): [object:object] Staging mux mode updates for {worldTracking: ind-4, seqId-59},
12-08 11:17:26.226 I/SensorDataTransforms( 1574): [MrStreamControl:projector_assisted_depth] Mux mode updates successfully staged
12-08 11:17:26.226 I/SensorDataTransforms( 1772): [object:object] Mux mode updates successfully staged
12-08 11:17:26.226 D/TrackingService( 1772): [object:object]Queue mux mode update notification: lowLightHandsObject
12-08 11:17:26.227 D/TrackingService( 1772): [object]start onMuxStateUpdate. ModeId: lowLightHands -> lowLightHandsObject
12-08 11:17:26.227 D/TrackingService( 1772): [object][object]handleMuxModeNotification started for muxMode[worldTracking: lowLightHandsObject]
12-08 11:17:26.228 D/CameraStream(  873): [object] Client [Obj(1772)] attempting start
12-08 11:17:26.228 I/FrameSetDispatcher(  873): [{WT:RAW10}] Client pid=1772 (Obj): Client thread[{WT:RAW10}:Obj] started
12-08 11:17:26.228 I/CameraClientManager(  873): [Obj(1772)][object] client started (estimated 1 started clients total)
12-08 11:17:26.228 I/CameraClientManager(  873): [[Obj(1772)][object]] definitely starting stream
12-08 11:17:26.228 D/ControllerManagement( 3227): RemoteService::recordControllerStatusUpdate: device 402c25cbf028a4e8: status: CONNECTED_ACTIVE tracking: NONE, errors: --
12-08 11:17:26.230 D/SensorService(  873): Configured syncboss nice config: [{camera_set: 1, num_slots: 4, [ { tag: 64, default_exposure_us: 65535, default_gain: 65535, capabilities: 0, slot_length: 0, }, { tag: 65, default_exposure_us: 5000, default_gain: 48, capabilities: 8, slot_length: 0, }, { tag: 66, default_exposure_us: 65535, default_gain: 65535, capabilities: 0, slot_length: 0, }, { tag: 67, default_exposure_us: 5000, default_gain: 48, capabilities: 0, slot_length: 0, }, ] shutter_period_us: 16666, }, {camera_set: 2, num_slots: 4, [ { tag: 64, default_exposure_us: 65535, default_gain: 65535, capabilities: 0, slot_length: 0, }, { tag: 65, default_exposure_us: 5000, default_gain: 48, capabilities: 8, slot_length: 0, }, { tag: 66, default_exposure_us: 65535, default_gain: 65535, capabilities: 0, slot_length: 0, }, { tag: 67, default_exposure_us: 5000, default_gain: 48, capabilities: 0, slot_length: 0, }, ] shutter_period_us: 16666, }, ]
12-08 11:17:26.230 I/SensorService(  873): [worldTracking] Starting cameras for purpose object
12-08 11:17:26.230 I/FrameSetCollator(  873): [{WT:RAW10}] Skipping start, current start count: 3
12-08 11:17:26.230 I/SensorService(  873): [worldTracking] Starting camera streams for purpose: object, current muxmode = 4
12-08 11:17:26.230 I/CameraClientManager(  873): [[Obj(1772)][object]] stream start completed
12-08 11:17:26.230 D/CameraStream(  873): [object] Client [Obj(1772)]: start complete
12-08 11:17:26.230 I/TrackingFidelityService( 1765): endTransition[worldTracking]: lowLightHands(8)->lowLightHandsObject(4), seqId=59, succeeded=true
12-08 11:17:26.234 D/TrackingService( 1772): [object][object]handleMuxModeNotification finished for muxMode[worldTracking: lowLightHandsObject]
12-08 11:17:26.234 D/TrackingService( 1772): [object]end onMuxStateUpdate. ModeId: lowLightHands -> lowLightHandsObject
12-08 11:17:26.234 I/TrackingService( 1772): [                   object:object] Mux Mode Transition from sensor service: lowLightHands -> lowLightHandsObject transition time: 7 ms
12-08 11:17:26.237 I/SyncBossFW(  866): 7115070 [info   ] {NICE}: nice_set_frame_rate called on same period of 16666us
12-08 11:17:26.237 I/SyncBossFW(  866): 7115070 [info   ] {NCM }: No slot with constellation capability found.
12-08 11:17:26.237 I/SyncBossFW(  866): 7115072 [info   ] {NICE}: nice_set_frame_rate called on same period of 16666us
12-08 11:17:26.237 I/SyncBossFW(  866): 7115072 [info   ] {NCM }: No slot with projector capability found.
12-08 11:17:26.237 I/SyncBossFW(  866): 7115072 [info   ] {NCM }: Stopping projector
12-08 11:17:26.240 I/SyncBossInput(  873): [info   ] [ruby (right) 402c25cbf028a4e8]: 2635534 [info   ] {THDG}: active_connected -> active_seek
12-08 11:17:26.246 D/CompatibilityChangeReporter( 2051): Compat change id reported: 253665015; UID 10103; state: DISABLED
12-08 11:17:26.247 D/CompatibilityChangeReporter( 2051): Compat change id reported: 194532703; UID 10103; state: DISABLED
12-08 11:17:26.253 I/FrameSetDispatcher(  873): [{WT(0,1):RAW10}] 1 older Mux Mode settings are removed.
12-08 11:17:26.253 I/FrameSetDispatcher(  873): [{WT(0,1):RAW10}] Client pid=1574 (MrSSCamS): Remove old Mux Mode 1: slot indices: SLOT_0 SLOT_2 
12-08 11:17:26.253 W/SensorDataTransforms( 1574): [MrStreamControl:mr_monochrome] Mux mode mismatch: expected 1, actual 8. Dropping frame set.
12-08 11:17:26.254 I/ActivityManager( 2051): Flag disabled. Ignoring finishAttachApplication from uid: 10103. pid: 21123
12-08 11:17:26.257 I/FrameSetDispatcher(  873): [{WT:RAW10}] 1 older Mux Mode settings are removed.
12-08 11:17:26.257 I/FrameSetDispatcher(  873): [{WT:RAW10}] Client pid=1772 (IOT): Remove old Mux Mode 1: slot indices: SLOT_0 SLOT_2 
12-08 11:17:26.257 I/FrameSetDispatcher(  873): [{WT:RAW10}] Client pid=1772 (ExpCtl): Remove old Mux Mode 1: slot indices: SLOT_0 SLOT_1 SLOT_2 
12-08 11:17:26.257 W/SensorDataTransforms( 1772): [ExpCtl:exposure_control_worldTracking] Mux mode mismatch: expected 1, actual 8. Dropping frame set.
12-08 11:17:26.257 W/SensorDataTransforms( 1772): [iot:iot] Mux mode mismatch: expected 1, actual 8. Dropping frame set.
12-08 11:17:26.257 I/SyncBossHAL(  873): [info   ] syncboss_hal_input_controller.c(186): Controller 402c25cbf028a4e8 battery level changed: 0% -> 80%
12-08 11:17:26.260 D/SensorService(  873): Syncboss input 402c25cbf028a4e8 hardware type 6, subtype 2, revision 0x10
12-08 11:17:26.260 I/SensorService(  873): preparePairedControllerInfo is adding device with valid 1
12-08 11:17:26.260 D/SensorService(  873): Syncboss input f343f271512a1feb hardware type 6, subtype 1, revision 
12-08 11:17:26.260 I/SensorService(  873): preparePairedControllerInfo is adding device with valid 1
12-08 11:17:26.260 D/SensorService(  873): stateChangeNotifierFunc(): Reporting controller info. Change token: 19, paired=2 connected=1
12-08 11:17:26.260 D/ControllerManagement( 3227): processStateChange([PairedControllerInfo RUBY 402c25cbf028a4e8 connected detached mcnt=2])
12-08 11:17:26.262 D/SensorService(  873): Found paired controllers: 2
12-08 11:17:26.262 D/SensorService(  873): Syncboss input 402c25cbf028a4e8 hardware type 6, subtype 2, revision 0x10
12-08 11:17:26.262 I/SensorService(  873): preparePairedControllerInfo is adding device with valid 1
12-08 11:17:26.262 D/SensorService(  873): Syncboss input f343f271512a1feb hardware type 6, subtype 1, revision 
12-08 11:17:26.262 I/SensorService(  873): preparePairedControllerInfo is adding device with valid 1
12-08 11:17:26.262 D/ControllerManagement( 3227): processStateChange([PairedControllerInfo RUBY f343f271512a1feb disconnected detached update-required mcnt=2])
12-08 11:17:26.264 D/SensorService(  873): Found paired controllers: 2
12-08 11:17:26.265 D/SensorService(  873): Syncboss input 402c25cbf028a4e8 hardware type 6, subtype 2, revision 0x10
12-08 11:17:26.265 I/SensorService(  873): preparePairedControllerInfo is adding device with valid 1
12-08 11:17:26.265 D/SensorService(  873): Syncboss input f343f271512a1feb hardware type 6, subtype 1, revision 
12-08 11:17:26.265 I/SensorService(  873): preparePairedControllerInfo is adding device with valid 1
12-08 11:17:26.275 D/CompatibilityChangeReporter( 2051): Compat change id reported: 271850009; UID 10103; state: DISABLED
12-08 11:17:26.286 I/SyncBossInput(  873): [info   ] [ruby (right) 402c25cbf028a4e8]: 2665598 [info   ] {INPM}: Input MCU put to sleep
12-08 11:17:26.286 E/FrameSetCollator(  873): [{WT(0,1):RAW10}] 1 FrameSets had unexpected timestamps (in the last 248.20ms). Ex: slot 0 7115091.852ms -> 7115125.184ms (observed period: 33.332ms, expected period: 16.666ms (16.666ms))
12-08 11:17:26.286 W/SensorDataTransforms( 1574): [MrStreamControl:mr_monochrome] Mux mode mismatch: expected 1, actual 8. Dropping frame set.
12-08 11:17:26.290 W/SensorDataTransforms( 1772): [ExpCtl:exposure_control_worldTracking] Mux mode mismatch: expected 1, actual 8. Dropping frame set.
12-08 11:17:26.290 W/SensorDataTransforms( 1772): [iot:iot] Mux mode mismatch: expected 1, actual 8. Dropping frame set.
12-08 11:17:26.511 I/oom_reaper(    0): reaped process 19913 (p:RemoteDesktop), now anon-rss:0kB, file-rss:0kB, shmem-rss:428kB
12-08 11:17:26.319 I/FrameSetDispatcher(  873): [{WT(0,1):RAW10}] 1 older Mux Mode settings are removed.
12-08 11:17:26.319 I/FrameSetDispatcher(  873): [{WT(0,1):RAW10}] Client pid=1574 (MrSSCamS): Remove old Mux Mode 8: slot indices: SLOT_0 SLOT_2 
12-08 11:17:26.319 D/SensorDataTransforms( 1574): [MrStreamControl:mr_monochrome] Erased 1 stale entries from the staged mux states for worldTracking.
12-08 11:17:26.323 I/FrameSetDispatcher(  873): [{WT:RAW10}] 1 older Mux Mode settings are removed.
12-08 11:17:26.323 I/FrameSetDispatcher(  873): [{WT:RAW10}] Client pid=1772 (ExpCtl): Remove old Mux Mode 8: slot indices: SLOT_0 SLOT_2 
12-08 11:17:26.323 I/FrameSetDispatcher(  873): [{WT:RAW10}] Client pid=1772 (IOT): Remove old Mux Mode 8: slot indices: SLOT_0 SLOT_2 
12-08 11:17:26.323 D/SensorDataTransforms( 1772): [ExpCtl:exposure_control_worldTracking] Erased 1 stale entries from the staged mux states for worldTracking.
12-08 11:17:26.325 I/SyncBossInput(  873): [info   ] [ruby (right) 402c25cbf028a4e8]: 2665598 [info   ] {THDG}: active_seek -> inactive_seek
12-08 11:17:26.326 D/SensorDataTransforms( 1772): [iot:iot] Erased 1 stale entries from the staged mux states for worldTracking.
12-08 11:17:26.326 I/TrackingService( 1772): [iot:iot] Configuration update starting
12-08 11:17:26.326 I/TrackingService( 1772): [iot:iot] Configuration update done
12-08 11:17:26.326 I/TrackingService( 1772): [iot:iot] Finish configuration update starting
12-08 11:17:26.326 I/TrackingService( 1772): [iot:iot] Finish configuration update done
12-08 11:17:26.329 I/TrackingServiceProxy( 2051): Oboe audio stream started.
12-08 11:17:26.537 E/msm_cdc_enable_ondemand_supply(    0): either dev or supplies or cdc_vreg is NULL
12-08 11:17:26.537 E/lpass-cdc soc(    0): spf_core_platform:lpass-cdc: lpass_cdc_dmic_clk_enable: dmic power supply enbl failed
12-08 11:17:26.537 E/msm_cdc_enable_ondemand_supply(    0): either dev or supplies or cdc_vreg is NULL
12-08 11:17:26.537 E/lpass-cdc soc(    0): spf_core_platform:lpass-cdc: lpass_cdc_dmic_clk_enable: dmic power supply enbl failed
12-08 11:17:26.333 V/ActivityManager( 2051): bindService: Intent { act=com.microsoft.windowsapp.BIND_REMOTE_DESKTOP_SERVICE pkg=com.microsoft.rdc.androidx } type=null conn=android.os.BinderProxy@12e22f4 flags=0x1
12-08 11:17:26.341 I/FrameSetDispatcher(  873): [{WT:RAW10}] Client pid=1772 (Obj): Remove old Mux Mode 1: slot indices: 
12-08 11:17:26.341 I/FrameSetDispatcher(  873): [{WT:RAW10}] Client pid=1772 (Obj): Remove old Mux Mode 8: slot indices: 
12-08 11:17:26.341 D/SensorDataTransforms( 1772): [object:object] Erased 2 stale entries from the staged mux states for worldTracking.
12-08 11:17:26.341 I/TrackingService( 1772): [object:object] Configuration update starting
12-08 11:17:26.342 I/TrackingService( 1772): [object:object] Configuration update done
12-08 11:17:26.342 I/TrackingService( 1772): [object:object] Finish configuration update starting
12-08 11:17:26.342 I/TrackingService( 1772): [object:object] Finish configuration update done
12-08 11:17:26.344 I/TrackingFidelityService( 1765): Received ambient flicker update. Setting maximum low_latency_pt fidelity to 5
12-08 11:17:26.344 I/TrackingFidelityService( 1765): Request(s)={low_latency_pt:5,}
12-08 11:17:26.344 I/TrackingFidelityService( 1765): Request(s)={low_latency_pt:0,mr_passthrough:3,pt_display_sync:0,hyperscape_room_scanning:0,isp_foveation:5,}, Mux mode idx=1, name=default, score=-1970
12-08 11:17:26.345 I/TrackingFidelityService( 1765): beginTransition[color]: default(1)->default(1)
12-08 11:17:26.345 I/TrackingFidelityService( 1765): _applyMuxModeLockedInternal: Mode default already set. Returning.
12-08 11:17:26.345 I/TrackingFidelityService( 1765): endTransition[color]: default(1)->default(1), seqId=-1, succeeded=true
12-08 11:17:26.350 D/CompatibilityChangeReporter( 2051): Compat change id reported: 171306433; UID 1000; state: ENABLED
12-08 11:17:26.350 D/CompatibilityChangeReporter( 2051): Compat change id reported: 218533173; UID 1000; state: ENABLED
12-08 11:17:26.590 I/oom_reaper(    0): reaped process 18838 (lus.hzosgallery), now anon-rss:0kB, file-rss:0kB, shmem-rss:532kB
12-08 11:17:26.356 W/FrameSetDispatcher(  873): [{WT:RAW10}] Client pid=1772 (IOT): client is taking longer than 33ms to return FrameSets (1x in the past 0.410s)
12-08 11:17:26.363 E/VolumetricWindowManagerServiceBase( 2051): Apply window change transaction with no window: windowToken = VolumetricWindowToken { scope = 1, token = horizonos.view.VolumetricWindowToken$InternalVolumetricToken@9ddf1b1, persistableToken = 6da9a583-aa79-4f08-ac88-c7742f81c759 }
12-08 11:17:26.377 I/SyncBossInput(  873): [info   ] [ruby (right) 402c25cbf028a4e8]: 2879022 [info   ] {IRLD}: IR LED configured: p=66664, ot=19, d=26453
12-08 11:17:26.625 I/binder  (    0): undelivered transaction 3325643, process died.
12-08 11:17:26.625 I/binder  (    0): undelivered transaction 3325775, process died.
12-08 11:17:26.625 I/binder  (    0): undelivered transaction 3325590, process died.
12-08 11:17:26.411 D/ControllerManagement( 3227): RemoteService::recordControllerStatusUpdate: device 402c25cbf028a4e8: status: CONNECTED_ACTIVE tracking: NONE, errors: --
12-08 11:17:26.430 I/SyncBossInput(  873): [info   ] [ruby (right) 402c25cbf028a4e8]: 2879078 [info   ] {THDG}: inactive_seek -> active_connected
12-08 11:17:26.460 D/JobServiceContext( 2051): doCallback of : JobStatus{93467db #u0a58/1828726831 com.oculus.userserver2/com.oculus.userserver.managerservice.user.usersync.UserSyncJobService u=0 s=10058 TIME=-954ms:+23h59m59s46ms NET PERIODIC READY} v:VERB_EXECUTING
12-08 11:17:26.460 D/JobServiceContext( 2051): Cleaning up 93467db #u0a58/1828726831 com.oculus.userserver2/com.oculus.userserver.managerservice.user.usersync.UserSyncJobService reschedule=false reason=app called jobFinished
12-08 11:17:26.476 D/JobServiceContext( 2051): doCallback of : JobStatus{d6bc76 #u0a102/1828726837 com.oculus.horizon/com.oculus.auth.control.AccountSyncJobService u=0 s=10102 TIME=-901ms:+5h59m59s99ms NET PERIODIC READY} v:VERB_EXECUTING
12-08 11:17:26.476 D/JobServiceContext( 2051): Cleaning up d6bc76 #u0a102/1828726837 com.oculus.horizon/com.oculus.auth.control.AccountSyncJobService reschedule=false reason=app called jobFinished
12-08 11:17:26.482 I/SyncBossInput(  873): [info   ] [ruby (right) 402c25cbf028a4e8]: 2879155 [info   ] {INPM}:       0 [info   ] {MAIN}: v85.35.39
12-08 11:17:26.545 I/SyncBossInput(  873): [info   ] [ruby (right) 402c25cbf028a4e8]: 2879156 [info   ] {INPM}:       0 [info   ] {MAIN}: Reset reason: RESET_PIN 
12-08 11:17:26.611 I/ActivityManager( 2051): Process com.oculus.remotedesktop:RemoteDesktop (pid 19913) has died: cch+75 CEM 
12-08 11:17:26.612 D/DisplayManagerService( 2051): Drop pending events for gone uid 10109
12-08 11:17:26.619 I/SyncBossInput(  873): [info   ] [ruby (right) 402c25cbf028a4e8]: 2879156 [info   ] {INPM}:       0 [info   ] {BOD }: BOD lev=7,reg=0x7000aIN 
12-08 11:17:26.666 D/CameraStream(  873): [ocal] Client [IOT(1772)] attempting start
12-08 11:17:26.667 I/FrameSetDispatcher(  873): [{COL:FOVPR}] Client pid=1772 (IOT): Client thread[{COL:FOVPR}:IOT] started
12-08 11:17:26.667 I/CameraClientManager(  873): [IOT(1772)][ocal] client started (estimated 1 started clients total)
12-08 11:17:26.667 I/CameraClientManager(  873): [[IOT(1772)][ocal]] definitely starting stream
12-08 11:17:26.667 I/SensorService(  873): [color] Starting cameras for purpose ocal
12-08 11:17:26.667 I/FrameSetCollator(  873): [{COL:FOVPR}] Skipping start, current start count: 2
12-08 11:17:26.667 I/SensorService(  873): [color] Starting camera streams for purpose: ocal, current muxmode = 1
12-08 11:17:26.667 I/CameraClientManager(  873): [[IOT(1772)][ocal]] stream start completed
12-08 11:17:26.667 D/CameraStream(  873): [ocal] Client [IOT(1772)]: start complete
12-08 11:17:26.685 W/TrackingService( 1772): trying to start depth stream when 3-way OCal is not enabled
12-08 11:17:26.699 I/ActivityManager( 2051): Process com.oculus.hzosgallery (pid 18838) has died: cch+95 CEM 
12-08 11:17:26.699 D/DisplayManagerService( 2051): Drop pending events for gone uid 10121
12-08 11:17:26.712 I/binder  (    0): undelivered transaction 3325636, process died.
12-08 11:17:26.712 I/binder  (    0): undelivered transaction 3325769, process died.
12-08 11:17:26.713 I/binder  (    0): undelivered transaction 3325584, process died.
12-08 11:17:26.846 D/TrackingService( 1772): [HANDTRACKINGGLUE] resumeCapability
12-08 11:17:26.847 D/CameraStream(  873): [hand] Client [Hand(1772)] attempting start
12-08 11:17:26.847 I/FrameSetDispatcher(  873): [{WT:RAW10}] Client pid=1772 (Hand): Client thread[{WT:RAW10}:Hand] started
12-08 11:17:26.847 I/CameraClientManager(  873): [Hand(1772)][hand] client started (estimated 1 started clients total)
12-08 11:17:26.847 I/CameraClientManager(  873): [[Hand(1772)][hand]] definitely starting stream
12-08 11:17:26.847 I/SensorService(  873): [worldTracking] Starting cameras for purpose hand
12-08 11:17:26.847 I/FrameSetCollator(  873): [{WT:RAW10}] Skipping start, current start count: 4
12-08 11:17:26.847 I/SensorService(  873): [worldTracking] Starting camera streams for purpose: hand, current muxmode = 4
12-08 11:17:26.847 I/CameraClientManager(  873): [[Hand(1772)][hand]] stream start completed
12-08 11:17:26.847 D/CameraStream(  873): [hand] Client [Hand(1772)]: start complete
12-08 11:17:26.903 I/oom_reaper(    0): reaped process 20270 (.statscollector), now anon-rss:0kB, file-rss:0kB, shmem-rss:448kB
12-08 11:17:26.878 D/SensorDataTransforms( 1772): [hand:hand] Erased 3 stale entries from the staged mux states for worldTracking.
12-08 11:17:26.878 I/TrackingService( 1772): [hand:hand] Configuration update starting
12-08 11:17:26.880 I/TrackingService( 1772): [hand:hand] Configuration update done
12-08 11:17:26.880 I/TrackingService( 1772): [hand:hand] Finish configuration update starting
12-08 11:17:26.890 W/FrameSetDispatcher(  873): [{WT:RAW10}] Client pid=1772 (Hand): client is taking longer than 33ms to return FrameSets (1x in the past 0.043s)
12-08 11:17:26.931 I/ActivityManager( 2051): Process com.oculus.statscollector (pid 20270) has died: cch+85 CEM 
12-08 11:17:26.941 D/TrackingService( 1772): [hand]end onMuxStateUpdate. ModeId: lowLightController -> lowLightHands
12-08 11:17:26.941 I/TrackingService( 1772): [                       hand:hand] Mux Mode Transition from sensor service: lowLightController -> lowLightHands transition time: 794 ms
12-08 11:17:26.942 D/TrackingService( 1772): [hand]start onMuxStateUpdate. ModeId: lowLightHands -> lowLightHandsObject
12-08 11:17:26.942 D/TrackingService( 1772): [HANDTRACKINGGLUE] handleMuxModeNotification
12-08 11:17:26.942 D/TrackingService( 1772): [HANDTRACKINGGLUE] handleStateChange muxMode=lowLightHandsObject
12-08 11:17:26.942 D/TrackingService( 1772): [HANDTRACKINGGLUE] startCapability
12-08 11:17:26.942 D/TrackingService( 1772): [hand]end onMuxStateUpdate. ModeId: lowLightHands -> lowLightHandsObject
12-08 11:17:26.942 I/TrackingService( 1772): [                       hand:hand] Mux Mode Transition from sensor service: lowLightHands -> lowLightHandsObject transition time: 0 ms
12-08 11:17:26.944 I/TrackingService( 1772): [hand:hand] Finish configuration update done
12-08 11:17:27.037 W/TrackingService( 1772): Clearing stuck Color frame set: timestamp 7115.841822, last release 7115.826156
12-08 11:17:27.071 I/ActivityManager( 2051): Process com.android.providers.tv (pid 20401) has died: cch+75 CEM 
12-08 11:17:27.064 I/oom_reaper(    0): reaped process 20401 (id.providers.tv), now anon-rss:0kB, file-rss:32kB, shmem-rss:440kB
12-08 11:17:27.084 I/binder  (    0): undelivered transaction 3325625, process died.
12-08 11:17:27.084 I/binder  (    0): undelivered transaction 3325761, process died.
12-08 11:17:27.084 I/binder  (    0): undelivered transaction 3325575, process died.
12-08 11:17:27.078 D/DisplayManagerService( 2051): Drop pending events for gone uid 10136
12-08 11:17:27.105 W/TrackingService( 1772): Clearing stuck Color frame set: timestamp 7115.908486, last release 7115.892820
12-08 11:17:27.103 I/binder  (    0): 20935:20954 ioctl c0306201 7432cd5800 returned -14
12-08 11:17:27.110 I/oom_reaper(    0): reaped process 20935 (android.rkpdapp), now anon-rss:0kB, file-rss:0kB, shmem-rss:432kB
12-08 11:17:27.123 I/binder  (    0): 20935:20956 ioctl c0306201 7430ad9800 returned -14
12-08 11:17:27.123 I/binder  (    0): 20935:20955 ioctl c0306201 7431bd7800 returned -14
12-08 11:17:27.165 I/oom_reaper(    0): reaped process 20974 (ndroid.keychain), now anon-rss:0kB, file-rss:0kB, shmem-rss:432kB
12-08 11:17:27.125 I/ActivityManager( 2051): Process com.android.rkpdapp (pid 20935) has died: cch+65 CEM 
12-08 11:17:27.126 D/DisplayManagerService( 2051): Drop pending events for gone uid 10131
12-08 11:17:27.174 I/binder  (    0): 20974:20996 ioctl c0306201 7433bd7800 returned -14
12-08 11:17:27.173 W/TrackingService( 1772): Clearing stuck Color frame set: timestamp 7115.975150, last release 7115.959484
12-08 11:17:27.177 I/TrackingFidelityService( 1765): Request(s)={pt_display_sync:5,}
12-08 11:17:27.177 W/TrackingFidelityService( 1765): Fidelity data undefined in catalog for enabling feature like pt_display_sync. 4 similar misses.
12-08 11:17:27.177 I/TrackingFidelityService( 1765): Request(s)={pt_display_sync:5,mr_passthrough:3,hyperscape_room_scanning:0,isp_foveation:5,low_latency_pt:5,}, Mux mode idx=2, name=defaultDisplay, score=-2980
12-08 11:17:27.177 I/TrackingFidelityService( 1765): beginTransition[color]: default(1)->defaultDisplay(2)
12-08 11:17:27.177 I/TrackingFidelityService( 1765): _applyMuxModeLockedInternal: Applying camera mux mode defaultDisplay via requestFeaturesWithFidelitiesLocked
12-08 11:17:27.177 I/SensorService(  873): [color] Setting camera mux mode to 2
12-08 11:17:27.178 I/SensorService(  873): updating CameraStream mux states
12-08 11:17:27.178 I/SensorDataTransforms( 1772): [iot:ocal] Staging mux mode updates for {color: ind-2, seqId-60},
12-08 11:17:27.178 I/SensorDataTransforms( 1772): [iot:ocal] Signaling start of the mode transition
12-08 11:17:27.178 I/TrackingService( 1772): [iot:ocal] Start configuration update starting
12-08 11:17:27.178 I/TrackingService( 1772): [iot:ocal] Start configuration update done
12-08 11:17:27.178 I/SensorDataTransforms( 1772): [iot:ocal] Mux mode updates successfully staged
12-08 11:17:27.178 D/TrackingService( 1772): [iot:ocal]Queue mux mode update notification: defaultDisplay
12-08 11:17:27.178 I/SensorService(  873): ending update to CameraStream mux states
12-08 11:17:27.178 I/FrameSetCollator(  873): [{COL:FOVPR}] Updated frame set period to 13888000, with all camera system activeSlots [[T,]]
12-08 11:17:27.178 I/FrameSetDispatcher(  873): [{COL:FOVPR}] Client pid=1574 (MrSSCamS): [color] Updated CameraMuxMode: 2, Slots: SLOT_0 
12-08 11:17:27.178 I/FrameSetDispatcher(  873): [{COL:FOVPR}] Client pid=1772 (IOT): [color] Updated CameraMuxMode: 2, Slots: SLOT_0 
12-08 11:17:27.178 I/FrameSetDispatcher(  873): [{COL:FOVPR}] Latest MuxModeSettings: 2
12-08 11:17:27.178 I/FrameSetDispatcher(  873): [{COL:FOVPR}] purpose: active_slots, slots: SLOT_0 
12-08 11:17:27.178 I/FrameSetDispatcher(  873): [{COL:FOVPR}] purpose: cam2bridge, slots: SLOT_0 
12-08 11:17:27.178 I/FrameSetDispatcher(  873): [{COL:FOVPR}] purpose: ocal, slots: SLOT_0 
12-08 11:17:27.178 I/FrameSetDispatcher(  873): [{COL:FOVPR}] purpose: passthrough, slots: SLOT_0 
12-08 11:17:27.178 I/SensorDataTransforms( 1574): [MrStreamControl:passthrough] Staging mux mode updates for {color: ind-2, seqId-60},
12-08 11:17:27.179 I/SensorDataTransforms( 1574): [MrStreamControl:passthrough] Signaling start of the mode transition
12-08 11:17:27.179 I/SensorDataTransforms( 1574): [MrStreamControl:passthrough] Mux mode updates successfully staged
12-08 11:17:27.179 D/TrackingService( 1772): [ocal]start onMuxStateUpdate. ModeId: default -> defaultDisplay
12-08 11:17:27.179 D/TrackingService( 1772): [iot][ocal]handleMuxModeNotification started for muxMode[color: defaultDisplay]
12-08 11:17:27.179 D/TrackingService( 1772): [iot][ocal]handleMuxModeNotification finished for muxMode[color: defaultDisplay]
12-08 11:17:27.179 D/TrackingService( 1772): [ocal]end onMuxStateUpdate. ModeId: default -> defaultDisplay
12-08 11:17:27.179 I/TrackingService( 1772): [                        iot:ocal] Mux Mode Transition from sensor service: default -> defaultDisplay transition time: 0 ms
12-08 11:17:27.179 I/SensorDataTransforms( 1573): [CameraStreamControl:cam2bridge] Staging mux mode updates for {color: ind-2, seqId-60},
12-08 11:17:27.179 I/SensorDataTransforms( 1573): [CameraStreamControl:cam2bridge] Mux mode updates succesfully staged
12-08 11:17:27.180 I/SensorService(  873): Active camera ids set to: []
12-08 11:17:27.180 I/ColorCameraSystem(  873): [color] Switch to display rate sync mode (72.000 Hz).
12-08 11:17:27.182 I/ColorCameraSystem(  873): [color] Set camera sync mode to display
12-08 11:17:27.184 I/SyncBossFW(  866): 7116024 [info   ] {GCM }: general_cam_mgr_stop_streaming for cameras 0x30
12-08 11:17:27.184 I/SyncBossFW(  866): 7116026 [info   ] {BRGB}: Enabling display sync mode
12-08 11:17:27.186 I/libsensortelemetry(  873): Updating camera metrics frame period from 16666 to 13888
12-08 11:17:27.186 I/SensorService(  873): Active camera ids set to: [4,5]
12-08 11:17:27.187 I/SyncBossFW(  866): 7116028 [info   ] {GCM }: general_cam_mgr_set_frame_rate_config cams 0x30 period 13888us
12-08 11:17:27.187 I/SyncBossFW(  866): 7116030 [info   ] {GCM }: general_cam_mgr_start_streaming for cameras 0x30
12-08 11:17:27.188 W/SensorService(  873): [color] Skipped updateSyncbossFrameTag - no updater or override provided
12-08 11:17:27.188 I/TrackingFidelityService( 1765): endTransition[color]: default(1)->defaultDisplay(2), seqId=60, succeeded=true
12-08 11:17:27.193 E/SyncBossHAL(  873): [error  ] syncboss_hal_impl_camera_v2_metadata.c(380): Failed to match frame for syncbossCamId 16 to recent shutter packet: queue is empty
12-08 11:17:27.193 E/SyncBossHAL(  873): [error  ] syncboss_hal_impl_camera_v2_metadata.c(1401): Failed to match imx471 frame to timestamp packet. cam_id: 16, tag: 3
12-08 11:17:27.193 E/SensorService(  873): SyncbossCameraController::getFrameMetadata(syncbossCamId: 16): rc: -1.
12-08 11:17:27.193 E/SensorService(  873): failed to handle frame metadata for cam 4 streamType 10, dropping frame!
12-08 11:17:27.196 E/SensorService(  873): failed to handle frame metadata for cam 5 streamType 10, dropping frame!
12-08 11:17:27.202 I/DisplayDeviceRepository( 2051): Display device changed: DisplayDeviceInfo{"Built-in Screen": uniqueId="local:4630946970282026130", 4128 x 2208, modeId 50, renderFrameRate 72.00001, defaultModeId 1, supportedModes [{id=1, width=4128, height=2208, fps=90.0, alternativeRefreshRates=[], supportedHdrTypes=[1, 2, 3]}, {id=2, width=3104, height=1664, fps=90.0, alternativeRefreshRates=[], supportedHdrTypes=[1, 2, 3]}, {id=3, width=4128, height=2208, fps=120.00001, alternativeRefreshRates=[], supportedHdrTypes=[1, 2, 3]}, {id=4, width=4128, height=2208, fps=119.00001, alternativeRefreshRates=[], supportedHdrTypes=[1, 2, 3]}, {id=5, width=4128, height=2208, fps=118.0, alternativeRefreshRates=[], supportedHdrTypes=[1, 2, 3]}, {id=6, width=4128, height=2208, fps=117.00001, alternativeRefreshRates=[], supportedHdrTypes=[1, 2, 3]}, {id=7, width=4128, height=2208, fps=116.00001, alternativeRefreshRates=[], supportedHdrTypes=[1, 2, 3]}, {id=8, width=4128, height=2208, fps=115.0, alternativeRefreshRates=[], supportedHdrTypes=[1, 2, 3]}, {id=9, width=4128, height=2208, fps=114.00001, alternativeRefreshRates=[], supportedHdrTypes=[1, 2, 3]}, {id=10, width=4128, height=2208, fps=113.00001, alternativeRefreshRates=[], supportedHdrTypes=[1, 2, 3]}, {id=11, width=4128, height=2208, fps=112.00001, alternativeRefreshRates=[], supportedHdrTypes=[1, 2, 3]}, {id=12, width=4128, height=2208, fps=111.0, alternativeRefreshRates=[], supportedHdrTypes=[1, 2, 3]}, {id=13, width=4128, height=2208, fps=110.0, alternativeRefreshRates=[], supportedHdrTypes=[1, 2, 3]}, {id=14, width=4128, height=2208, fps=109.00001, alternativeRefreshRates=[], supportedHdrTypes=[1, 2, 3]}, {id=15, width=4128, height=2208, fps=108.0, alternativeRefreshRates=[], supportedHdrTypes=[1, 2, 3]}, {id=16, width=4128, height=2208, fps=107.00001, alternativeRefreshRates=[], supportedHdrTypes=[1, 2, 3]}, {id=17, width=4128, height=2208, fps=106.0, alternativeRefreshRates=[], supportedHdrTypes=[1, 2, 3]}, {id=18, width=4128, height=2208, fps=105.00001, alternativeRefreshRates=[], supportedHdrTypes=[1, 2, 3]}, {id=19, width=4128, height=2208, fps=104.00001, alternativeRefreshRates=[], supportedHdrTypes=[1, 2, 3]}, {id=20, width=4128, height=2208, fps=103.00001, alternativeRefreshRates=[], supportedHdrTypes=[1, 2, 3]}, {id=21, width=4128, height=2208, fps=102.00001, alternativeRefreshRates=[], supportedHdrTypes=[1, 2, 3]}, {id=22, width=4128, height=2208, fps=101.0, alternativeRefreshRates=[], supportedHdrTypes=[1, 2, 3]}, {id=23, width=4128, height=2208, fps=100.0, alternativeRefreshRates=[], supportedHdrTypes=[1, 2, 3]}, {id=24, width=4128, height=2208, fps=99.0, alternativeRefreshRates=[], supportedHdrTypes=[1, 2, 3]}, {id=25, width=4128, height=2208, fps=98.00001, alternativeRefreshRates=[], supportedHdrTypes=[1, 2, 3]}, {id=26, width=4128, height=2208, fps=97.0, alternativeRefreshRates=[], supportedHdrTypes=[1, 2, 3]}, {id=27, width=4128, height=2208, fps=96.00001, alternativeRefreshRates=[], supportedHdrTypes=[1, 2, 3]}, {id=28, width=4128, height=2208, fps=95.00001, alternativeRefreshRates=[], supportedHdrTypes=[1, 2, 3]}, {id=29, width=4128, height=2208, fps=94.00001, alternativeRefreshRates=[], supportedHdrTypes=[1, 2, 3]}, {id=30, width=4128, height=2208, fps=93.0, alternativeRefreshRates=[], supportedHdrTypes=[1, 2, 3]}, {id=31, width=4128, height=2208, fps=92.0, alternativeRefreshRates=[], supportedHdrTypes=[1, 2, 3]}, {id=32, width=4128, height=2208, fps=91.00001, alternativeRefreshRates=[], supportedHdrTypes=[1, 2, 3]}, {id=33, width=4128, height=2208, fps=89.0, alternativeRefreshRates=[], supportedHdrTypes=[1, 2, 3]}, {id=34, width=4128, height=2208, fps=88.0, alternativeRefreshRates=[], supportedHdrTypes=[1, 2, 3]}, {id=35, width=4128, height=2208, fps=87.00001, alternativeRefreshRates=[], supportedHdrTypes=[1, 2, 3]}, {id=36, width=4128, height=2208, fps=86.00001, alternativeRefreshRates=[], supportedHdrTypes=[1, 2, 3]}, {id=37, width=4128, height=2208, fps=85.00001, alternativeRefreshRates=[], supportedHdrTypes=[1, 2, 3]}, {id=38, width=4128, height=
12-08 11:17:27.209 D/DisplayManagerService( 2051): Ignore redundant display event 0/2 to 10049/18561
12-08 11:17:27.213 E/FrameSetCollator(  873): [{COL:FOVPR}] 1 FrameSets had unexpected timestamps (in the last 1426.50ms). Ex: slot 0 7116008.482ms -> 7116044.566ms (observed period: 36.084ms, expected period: 13.888ms (22.196ms))
12-08 11:17:27.217 I/FrameSetDispatcher(  873): [{COL:FOVPR}] 1 older Mux Mode settings are removed.
12-08 11:17:27.217 I/FrameSetDispatcher(  873): [{COL:FOVPR}] Client pid=1574 (MrSSCamS): Remove old Mux Mode 1: slot indices: SLOT_0 
12-08 11:17:27.217 I/FrameSetDispatcher(  873): [{COL:FOVPR}] Client pid=1772 (IOT): Remove old Mux Mode 1: slot indices: SLOT_0 
12-08 11:17:27.218 I/TrackingService( 1772): [iot:ocal] Configuration update starting
12-08 11:17:27.218 I/TrackingService( 1772): [iot:ocal] Configuration update done
12-08 11:17:27.218 I/TrackingService( 1772): [iot:ocal] Finish configuration update starting
12-08 11:17:27.220 I/TrackingService( 1772): [iot:ocal] Finish configuration update done
12-08 11:17:27.220 D/TrackingService( 1772): IOT not starting color stream while color stream is already active.
12-08 11:17:27.220 W/TrackingService( 1772): trying to start depth stream when 3-way OCal is not enabled
12-08 11:17:27.233 I/[drm:dsi_display_set_mode [msm_drm]] [msm-dsi-info](    0): mdp_transfer_time=0, hactive=4128, vactive=2208, fps=72, clk_rate=0
12-08 11:17:27.236 I/ActivityManager( 2051): Process com.android.keychain (pid 20974) has died: cch+55 CEM 
12-08 11:17:27.240 W/TrackingService( 1772): Clearing stuck Color frame set: timestamp 7116.044566, last release 7116.026148
12-08 11:17:27.255 W/AppOps  ( 2051): Noting op not finished: uid 10053 pkg com.oculus.vrshell code 140 startTime of in progress event=1765221447156
12-08 11:17:27.305 W/TrackingService( 1772): Clearing stuck Color frame set: timestamp 7116.112920, last release 7116.092812
12-08 11:17:27.335 I/binder  (    0): 20277:21096 ioctl c0306201 74905fb800 returned -14
12-08 11:17:27.325 W/TrackingService( 1772): Clearing stuck Color frame set: timestamp 7116.126808, last release 7116.092812
12-08 11:17:27.349 I/oom_reaper(    0): reaped process 20277 (l.trust.service), now anon-rss:0kB, file-rss:0kB, shmem-rss:648kB
12-08 11:17:27.374 W/TrackingService( 1772): Clearing stuck Color frame set: timestamp 7116.182358, last release 7116.159476
12-08 11:17:27.381 I/ActivityManager( 2051): Process com.meta.rl.trust.service (pid 20277) has died: cch+45 CEM 
12-08 11:17:27.384 D/DisplayManagerService( 2051): Drop pending events for gone uid 10080
12-08 11:17:27.444 W/TrackingService( 1772): Clearing stuck Color frame set: timestamp 7116.251794, last release 7116.226140
12-08 11:17:27.499 W/TrackingService( 1772): Clearing stuck Color frame set: timestamp 7116.307346, last release 7116.292804
12-08 11:17:27.513 I/oom_reaper(    0): reaped process 21071 (tform.providers), now anon-rss:0kB, file-rss:0kB, shmem-rss:436kB
12-08 11:17:27.513 I/ActivityManager( 2051): Process horizon.platform.providers (pid 21071) has died: cch+35 CEM 
12-08 11:17:27.516 D/DisplayManagerService( 2051): Drop pending events for gone uid 10137
12-08 11:17:27.638 W/TrackingService( 1772): Clearing stuck Color frame set: timestamp 7116.446216, last release 7116.426132
12-08 11:17:27.669 I/oom_reaper(    0): reaped process 21123 (.socialplatform), now anon-rss:0kB, file-rss:32kB, shmem-rss:440kB
12-08 11:17:27.704 I/ActivityManager( 2051): Process com.oculus.socialplatform (pid 21123) has died: cch+25 CEM 
12-08 11:17:27.707 W/TrackingService( 1772): Clearing stuck Color frame set: timestamp 7116.515653, last release 7116.492796
12-08 11:17:27.707 W/FrameSetDispatcher(  873): [{WT:RAW10}] Client pid=1772 (Obj): client is taking longer than 33ms to return FrameSets (1x in the past 1.480s)
12-08 11:17:27.710 D/DisplayManagerService( 2051): Drop pending events for gone uid 10103
12-08 11:17:27.737 I/oom_reaper(    0): reaped process 20869 (eviceauthserver), now anon-rss:0kB, file-rss:0kB, shmem-rss:448kB
12-08 11:17:27.727 W/TrackingService( 1772): Clearing stuck Color frame set: timestamp 7116.529535, last release 7116.492796
12-08 11:17:27.801 I/oom_reaper(    0): reaped process 18113 (.oculus.horizon), now anon-rss:0kB, file-rss:32kB, shmem-rss:476kB
12-08 11:17:27.842 I/ActivityManager( 2051): Process com.oculus.deviceauthserver (pid 20869) has died: cch+15 CEM 
12-08 11:17:27.887 I/oom_reaper(    0): reaped process 18681 (kservice.server), now anon-rss:0kB, file-rss:32kB, shmem-rss:452kB
12-08 11:17:27.912 I/ActivityManager( 2051): Process com.oculus.horizon (pid 18113) has died: cch+5 CEM 
12-08 11:17:27.930 I/binder  (    0): undelivered transaction 3325617, process died.
12-08 11:17:27.921 D/DisplayManagerService( 2051): Drop pending events for gone uid 10102
12-08 11:17:27.931 I/ActivityManager( 2051): Process com.meta.pclinkservice.server (pid 18681) has died: cch LAST
12-08 11:17:27.932 W/ActivityManager( 2051): Scheduling restart of crashed service com.meta.pclinkservice.server/com.meta.linkservice.oaf.PCLinkService in 1000ms for connection
12-08 11:17:27.933 D/DisplayManagerService( 2051): Drop pending events for gone uid 10047
12-08 11:17:27.971 W/TrackingService( 1772): Clearing stuck Color frame set: timestamp 7116.779511, last release 7116.759452
12-08 11:17:28.094 D/TrackingService( 1772): 402c25cbf028a4e8: isControllerInHand(9644.42s): 1 ctEnabled: 0 btnPress(9644.42s): 1 *btnOrTpdTouch: 0 *btnOrTpdProx(9644.42s): 1 thbstkOffCenter: 1 
12-08 11:17:28.094 D/TrackingService( 1772): [HANDTRACKING] Controller 402c25cbf028a4e8 in hand: Y, valid: Y
12-08 11:17:28.094 D/ControllerManagement( 3227): RemoteService::recordControllerStatusUpdate: device 402c25cbf028a4e8: status: CONNECTED_ACTIVE tracking: NONE, errors: --
12-08 11:17:28.097 I/TrackingFidelityService( 1765): Received hand/controller update: hand_tracking_enabled
12-08 11:17:28.102 I/TrackingFidelityService( 1765): checkMultimodalFeature: Attempt made to enable multimodal hands+controllers when not supported by app
12-08 11:17:28.102 W/TrackingFidelityService( 1765): Fidelity data undefined in catalog for enabling feature like controller_selftracked. 14 similar misses.
12-08 11:17:28.102 I/TrackingFidelityService( 1765): Request(s)={constellation:5,controller_selftracked:5,hands:0,environment_lighting:0,keyboard:5,scene_reconstruction:0,}, Mux mode idx=3, name=lowLightControllerObject, score=-1960
12-08 11:17:28.102 I/TrackingFidelityService( 1765): beginTransition[worldTracking]: lowLightHandsObject(4)->lowLightControllerObject(3)
12-08 11:17:28.102 I/TrackingFidelityService( 1765): _applyMuxModeLockedInternal: Applying camera mux mode lowLightControllerObject via requestFeaturesWithFidelitiesLocked
12-08 11:17:28.102 I/SensorService(  873): [worldTracking] Setting camera mux mode to 3
12-08 11:17:28.102 I/SensorService(  873): updating CameraStream mux states
12-08 11:17:28.103 I/SensorDataTransforms( 1574): [MrStreamControl:mr_monochrome] Staging mux mode updates for {worldTracking: ind-3, seqId-61},
12-08 11:17:28.103 I/SensorDataTransforms( 1574): [MrStreamControl:mr_monochrome] Signaling start of the mode transition
12-08 11:17:28.103 I/SensorDataTransforms( 1772): [object:object] Staging mux mode updates for {worldTracking: ind-3, seqId-61},
12-08 11:17:28.103 I/SensorDataTransforms( 1772): [object:object] Signaling start of the mode transition
12-08 11:17:28.103 I/TrackingService( 1772): [object:object] Start configuration update starting
12-08 11:17:28.103 I/TrackingService( 1772): [object:object] Start configuration update done
12-08 11:17:28.103 I/SensorDataTransforms( 1574): [MrStreamControl:mr_monochrome] Mux mode updates successfully staged
12-08 11:17:28.103 I/SensorDataTransforms( 1772): [object:object] Mux mode updates successfully staged
12-08 11:17:28.103 D/TrackingService( 1772): [object:object]Queue mux mode update notification: lowLightControllerObject
12-08 11:17:28.103 I/SensorDataTransforms( 1574): [MrStreamControl:projector_assisted_depth] Staging mux mode updates for {worldTracking: ind-3, seqId-61},
12-08 11:17:28.103 I/SensorService(  873): ending update to CameraStream mux states
12-08 11:17:28.103 I/SensorDataTransforms( 1772): [hand:hand] Staging mux mode updates for {worldTracking: ind-3, seqId-61},
12-08 11:17:28.103 I/FrameSetCollator(  873): [{WT(0,1):RAW10}] Updated frame set period to 16666000, with all camera system activeSlots [[T,T,T,T,]]
12-08 11:17:28.103 I/SensorDataTransforms( 1772): [hand:hand] Signaling start of the mode transition
12-08 11:17:28.103 I/FrameSetCollator(  873): [{WT:RAW10}] Updated frame set period to 16666000, with all camera system activeSlots [[T,T,T,T,]]
12-08 11:17:28.103 I/TrackingService( 1772): [hand:hand] Start configuration update starting
12-08 11:17:28.103 I/SensorDataTransforms( 1574): [MrStreamControl:projector_assisted_depth] Mux mode updates successfully staged
12-08 11:17:28.103 I/FrameSetDispatcher(  873): [{WT(0,1):RAW10}] Client pid=1574 (MrSSCamS): [worldTracking] Updated CameraMuxMode: 3, Slots: 
12-08 11:17:28.103 I/FrameSetDispatcher(  873): [{WT(0,1):RAW10}] Client pid=1574 (MrSSCamS): [worldTracking] Updated CameraMuxMode: 3, Slots: SLOT_0 SLOT_2 
12-08 11:17:28.103 I/FrameSetDispatcher(  873): [{WT(0,1):RAW10}] Latest MuxModeSettings: 3
12-08 11:17:28.103 I/FrameSetDispatcher(  873): [{WT(0,1):RAW10}] purpose: ambient_controller, slots: SLOT_0 SLOT_2 
12-08 11:17:28.103 I/FrameSetDispatcher(  873): [{WT(0,1):RAW10}] purpose: constellation, slots: SLOT_1 
12-08 11:17:28.103 I/TrackingService( 1772): [hand:hand] Start configuration update done
12-08 11:17:28.103 I/FrameSetDispatcher(  873): [{WT(0,1):RAW10}] purpose: exposure_control_worldTracking, slots: SLOT_0 SLOT_1 SLOT_2 SLOT_3 
12-08 11:17:28.103 I/FrameSetDispatcher(  873): [{WT(0,1):RAW10}] purpose: iobt, slots: SLOT_0 SLOT_2 
12-08 11:17:28.103 I/FrameSetDispatcher(  873): [{WT(0,1):RAW10}] purpose: mr_monochrome, slots: SLOT_0 SLOT_2 
12-08 11:17:28.103 I/FrameSetDispatcher(  873): [{WT(0,1):RAW10}] purpose: object, slots: SLOT_3 
12-08 11:17:28.103 I/SensorDataTransforms( 1772): [hand:hand] Mux mode updates successfully staged
12-08 11:17:28.103 I/FrameSetDispatcher(  873): [{WT(0,1):RAW10}] purpose: active_slots, slots: SLOT_0 SLOT_1 SLOT_2 SLOT_3 
12-08 11:17:28.103 D/TrackingService( 1772): [hand:hand]Queue mux mode update notification: lowLightControllerObject
12-08 11:17:28.103 I/FrameSetDispatcher(  873): [{WT(0,1):RAW10}] purpose: hand, slots: 
12-08 11:17:28.103 I/FrameSetDispatcher(  873): [{WT(0,1):RAW10}] purpose: iot, slots: SLOT_0 SLOT_2 
12-08 11:17:28.103 I/FrameSetDispatcher(  873): [{WT(0,1):RAW10}] purpose: projector_assisted_depth, slots: 
12-08 11:17:28.103 I/FrameSetDispatcher(  873): [{WT:RAW10}] Client pid=1772 (IOT): [worldTracking] Updated CameraMuxMode: 3, Slots: SLOT_0 SLOT_2 
12-08 11:17:28.103 I/FrameSetDispatcher(  873): [{WT:RAW10}] Client pid=1772 (ExpCtl): [worldTracking] Updated CameraMuxMode: 3, Slots: SLOT_0 SLOT_1 SLOT_2 SLOT_3 
12-08 11:17:28.103 I/FrameSetDispatcher(  873): [{WT:RAW10}] Client pid=1772 (Obj): [worldTracking] Updated CameraMuxMode: 3, Slots: SLOT_3 
12-08 11:17:28.103 I/FrameSetDispatcher(  873): [{WT:RAW10}] Client pid=1772 (Hand): [worldTracking] Updated CameraMuxMode: 3, Slots: 
12-08 11:17:28.103 I/FrameSetDispatcher(  873): [{WT:RAW10}] Latest MuxModeSettings: 3
12-08 11:17:28.103 I/FrameSetDispatcher(  873): [{WT:RAW10}] purpose: ambient_controller, slots: SLOT_0 SLOT_2 
12-08 11:17:28.103 I/FrameSetDispatcher(  873): [{WT:RAW10}] purpose: constellation, slots: SLOT_1 
12-08 11:17:28.103 I/FrameSetDispatcher(  873): [{WT:RAW10}] purpose: exposure_control_worldTracking, slots: SLOT_0 SLOT_1 SLOT_2 SLOT_3 
12-08 11:17:28.103 I/FrameSetDispatcher(  873): [{WT:RAW10}] purpose: iobt, slots: SLOT_0 SLOT_2 
12-08 11:17:28.103 I/FrameSetDispatcher(  873): [{WT:RAW10}] purpose: mr_monochrome, slots: SLOT_0 SLOT_2 
12-08 11:17:28.103 I/FrameSetDispatcher(  873): [{WT:RAW10}] purpose: object, slots: SLOT_3 
12-08 11:17:28.103 I/FrameSetDispatcher(  873): [{WT:RAW10}] purpose: active_slots, slots: SLOT_0 SLOT_1 SLOT_2 SLOT_3 
12-08 11:17:28.103 I/FrameSetDispatcher(  873): [{WT:RAW10}] purpose: hand, slots: 
12-08 11:17:28.103 I/SensorDataTransforms( 1772): [iot:iot] Staging mux mode updates for {worldTracking: ind-3, seqId-61},
12-08 11:17:28.103 I/SensorDataTransforms( 1772): [iot:iot] Signaling start of the mode transition
12-08 11:17:28.103 I/TrackingService( 1772): [iot:iot] Start configuration update starting
12-08 11:17:28.103 I/TrackingService( 1772): [iot:iot] Start configuration update done
12-08 11:17:28.103 I/FrameSetDispatcher(  873): [{WT:RAW10}] purpose: iot, slots: SLOT_0 SLOT_2 
12-08 11:17:28.103 I/SensorDataTransforms( 1772): [iot:iot] Mux mode updates successfully staged
12-08 11:17:28.103 I/FrameSetDispatcher(  873): [{WT:RAW10}] purpose: projector_assisted_depth, slots: 
12-08 11:17:28.103 D/TrackingService( 1772): [iot:iot]Queue mux mode update notification: lowLightControllerObject
