12-08 11:17:31.554 I/SpatialWindowResourceService( 2051): setWindowFrameRate() token: horizonos.view.VolumetricWindowToken$InternalVolumetricToken@7d23323 framerate: 0.0
12-08 11:17:31.621 I/TrackingFidelityService( 1765): Request(s)={face:0,codec_avatar_encoder:0,}
12-08 11:17:31.627 I/TrackingService( 1772): Updating face tracking breakdown: FT: 0 ET: 0 ORT_ACTIVE: 0, ORT_BG: 0, LST: 0, CDC: 0
12-08 11:17:31.628 I/SensorService(  873): configDirectReport for channelHandle:1 sensorHandle:3 Rate:0
12-08 11:17:31.628 I/SensorService(  873): configDirectReport RateLevel::STOP ; Stopping Sensor
12-08 11:17:31.653 I/Minidump(    0): Ignoring minidump region FRPC_2.
12-08 11:17:31.654 I/waipio-asoc-snd soc(    0): spf_core_platform:sound: check_userspace_service_state: pcm_id 0 state 0
12-08 11:17:31.656 E/msm_cdc_disable_ondemand_supply(    0): either dev or supplies or cdc_vreg is NULL
12-08 11:17:31.656 E/lpass-cdc soc(    0): spf_core_platform:lpass-cdc: lpass_cdc_dmic_clk_enable: dmic power supply disable failed
12-08 11:17:31.656 E/msm_cdc_disable_ondemand_supply(    0): either dev or supplies or cdc_vreg is NULL
12-08 11:17:31.656 E/lpass-cdc soc(    0): spf_core_platform:lpass-cdc: lpass_cdc_dmic_clk_enable: dmic power supply disable failed
12-08 11:17:31.645 I/ActivityManager( 2051): Flag disabled. Ignoring finishAttachApplication from uid: 10176. pid: 21683
12-08 11:17:31.666 D/JobServiceContext( 2051): doCallback of : JobStatus{39079c7 #u0a102/1828726837 com.oculus.horizon/com.oculus.auth.control.AccountSyncJobService u=0 s=10102 TIME=-1s871ms:+5h59m58s129ms NET PERIODIC READY} v:VERB_EXECUTING
12-08 11:17:31.666 D/JobServiceContext( 2051): Cleaning up 39079c7 #u0a102/1828726837 com.oculus.horizon/com.oculus.auth.control.AccountSyncJobService reschedule=false reason=app called jobFinished
12-08 11:17:31.674 I/TrackingServiceProxy( 2051): Oboe audio stream stopped
12-08 11:17:31.733 I/VolumetricWindow( 2051): [setDrawn] VW=ba3cf751-e68a-42ef-9fc8-fda532e026a2: isDrawn=false (isActive=true, isVisible=true)
12-08 11:17:31.733 I/VolumetricWindow( 2051): [setDrawn] VW=17752a76-e2cd-42fb-978b-f5c8221e3d4e: isDrawn=false (isActive=true, isVisible=true)
12-08 11:17:31.743 V/WindowManager( 2051): Sent Transition #292 createdAt=12-08 11:17:31.734
12-08 11:17:31.743 V/WindowManager( 2051):     startWCT=WindowContainerTransaction { changes = {RemoteToken{569082 Task{56fc267 #6 type=standard}}={}, RemoteToken{c7be37f Task{e173eb2 #9 type=standard}}={}} hops = [] errorCallbackToken=null taskFragmentOrganizer=null }
12-08 11:17:31.743 V/WindowManager( 2051):     info={id=292 t=TO_BACK f=0x0 trk=0 r=[0@Point(0, 0)] c=[{WCT{RemoteToken{f26b4d0 Task{1d4a8e5 #2582 type=standard A=10049:com.oculus.panelapp.library}}} m=TO_BACK f=TRANSLUCENT p=WCT{RemoteToken{c7be37f Task{e173eb2 #9 type=standard}}} leash=Surface(name=Task=2582)/@0x4ae765d sb=Rect(48000, 0 - 49840, 1000) eb=Rect(48000, 0 - 49840, 1000) d=0},{WCT{RemoteToken{c7be37f Task{e173eb2 #9 type=standard}}} m=TO_BACK f=TRANSLUCENT leash=Surface(name=Task=9)/@0xb28b834 sb=Rect(48000, 0 - 49840, 1000) eb=Rect(48000, 0 - 49840, 1000) eo=Point(48000, 0) d=0},{WCT{RemoteToken{b849664 Task{fec4b53 #2579 type=standard A=10049:com.oculus.panelapp.library:1048820175}}} m=TO_BACK f=TRANSLUCENT p=WCT{RemoteToken{569082 Task{56fc267 #6 type=standard}}} leash=Surface(name=Task=2579)/@0x6e3eb2b sb=Rect(24000, 0 - 25500, 117) eb=Rect(24000, 0 - 25500, 117) d=0},{WCT{RemoteToken{569082 Task{56fc267 #6 type=standard}}} m=TO_BACK f=TRANSLUCENT leash=Surface(name=Task=6)/@0x956e77a sb=Rect(24000, 0 - 25500, 117) eb=Rect(24000, 0 - 25500, 117) eo=Point(24000, 0) d=0}]}
12-08 11:17:31.751 V/WindowManager( 2051): Finish Transition #292: created at 12-08 11:17:31.734 collect-started=0.083ms started=2.503ms ready=3.725ms sent=6.051ms finished=7.782ms
12-08 11:17:31.754 I/SpatialWindowResourceService( 2051): setWindowFrameRate() token: horizonos.view.VolumetricWindowToken$InternalVolumetricToken@bf4fc9e framerate: 1.0
12-08 11:17:31.754 I/SpatialWindowResourceService( 2051): setWindowUserPerceivedState(): Setting Application State:ComponentInfo{com.oculus.panelapp.library/com.oculus.navigator.library.app.NavigatorLibraryActivity} ProcessName:com.oculus.panelapp.library:SystemBar PerceptionState:(old):CRITICAL_PERCEPTION->(new):NO_PERCEPTION
12-08 11:17:31.755 I/SpatialWindowResourceService( 2051): setWindowFrameRate() token: horizonos.view.VolumetricWindowToken$InternalVolumetricToken@f37ffcd framerate: 1.0
12-08 11:17:31.755 I/SpatialWindowResourceService( 2051): setWindowUserPerceivedState(): Setting Application State:ComponentInfo{com.oculus.panelapp.library/com.oculus.navigator.systembar.app.SystemBarActivity} ProcessName:com.oculus.panelapp.library:SystemBar PerceptionState:(old):CRITICAL_PERCEPTION->(new):NO_PERCEPTION
12-08 11:17:31.765 W/WindowManager( 2051): Failed looking up window session=Session{909f549 18561:u0a10049} callers=com.android.server.wm.WindowManagerService.windowForClientLocked:6161 com.android.server.wm.WindowManagerService.removeWindow:1985 com.android.server.wm.Session.remove:231 
12-08 11:17:31.798 W/WindowManager( 2051): Failed looking up window session=Session{909f549 18561:u0a10049} callers=com.android.server.wm.WindowManagerService.windowForClientLocked:6161 com.android.server.wm.WindowManagerService.removeWindow:1985 com.android.server.wm.Session.remove:231 
12-08 11:17:31.804 I/VolumetricWindowManagerServiceBase( 2051): removeVolumetricWindow done: userId = 0rootTaskId = NA, VW = VolumetricWindowInfo { volumetricWindowToken = VolumetricWindowToken { scope = 1, token = horizonos.view.VolumetricWindowToken$InternalVolumetricToken@8b24906, persistableToken = 6819a51e-fa2a-498d-8ada-2a06dc1a61e6 }, type = 0, bounds = Extent3f { width = 67.0, height = 564.0, depth = 0.0 }, pose = Pose { orientation = Vector4f { x = 0.0, y = 0.2194062, z = 0.0, w = 0.9756336 }, position = Vector3f { x = -0.3961078, y = 0.036384106, z = -0.8634815 } }, windowSize2d = Extent2i { width = 67, height = 564 }, densityDpi = 200, windowSpaceToken = SpaceToken { binderToken = horizonos.view.SpaceToken$InternalSpaceToken@6b5a5f4, persistableToken = ea5a5dd0-b2e4-4873-adde-fba028fe053f }, visible = false, active = true, drawn = false, persistable = false, singlePassCompositionEnabled = false, depthTestEnabled = false, inView = false, windowFlags = 8, priorityHintInfo = PriorityHintInfo { windowPpd = 0.0, viewAngleSine = -1.0, visiblePercent = 1.0, distanceFromUser = 0.0, attentionZone = 0 }, taskInfo = null, presentation = VolumetricWindowPresentationInfo { controlBar = null }, layoutParams = VolumetricWindowLayoutParams { attachFrom = 51, attachTo = 51, translationAdjustment = TranslationAdjustment { x = 0, y = 0, z = 4 }, rotationAdjustment = RotationAdjustment { pitchX = 0, yawY = 0, rollZ = 0 }, matchParentDensity = false, pixelTranslationOverride = Point(2, -199), flags = 0 }, children = [], shape = 2, cylinderInfo = CylinderInfo { width = 0.99999994, height = 0.038270317 } }
12-08 11:17:31.804 I/VolumetricWindow( 2051): Releasing volumetric window, WindowContainerToken: null, persistable token: 6819a51e-fa2a-498d-8ada-2a06dc1a61e6
12-08 11:17:31.805 I/DisplayDeviceRepository( 2051): Display device removed: DisplayDeviceInfo{"MirrorRoot for 6819a51e-fa2a-498d-8ada-2a06dc1a61e6": uniqueId="virtual:android,1000,MirrorRoot for 6819a51e-fa2a-498d-8ada-2a06dc1a61e6,0", 67 x 564, modeId 204, renderFrameRate 60.0, defaultModeId 204, supportedModes [{id=204, width=67, height=564, fps=60.0, alternativeRefreshRates=[], supportedHdrTypes=[]}], colorMode 0, supportedColorModes [0], hdrCapabilities null, allmSupported false, gameContentTypeSupported false, density 200, 200.0 x 200.0 dpi, appVsyncOff 0, presDeadline 16666666, touch NONE, rotation 0, type VIRTUAL, deviceProductInfo null, state ON, committedState UNKNOWN, owner android (uid 1000), frameRateOverride , brightnessMinimum 0.0, brightnessMaximum 0.0, brightnessDefault 0.0, hdrSdrRatio NaN, FLAG_SECURE, FLAG_SUPPORTS_PROTECTED_BUFFERS, FLAG_OWN_CONTENT_ONLY, FLAG_DESTROY_CONTENT_ON_REMOVAL, installOrientation 0, displayShape DisplayShape{ spec=585457113 displayWidth=67 displayHeight=564 physicalPixelDisplaySizeRatio=1.0 rotation=0 offsetX=0 offsetY=0 scale=1.0}}
12-08 11:17:31.806 I/LogicalDisplayMapper( 2051): Removing display: 86
12-08 11:17:31.817 I/VolumetricContainerPlacement( 2051): released: ContainerPlacement{mId=8, mBounds=Rect(64000, 0 - 72000, 8000)}
12-08 11:17:31.829 I/OculusWindowMgr( 2051): OWMS::focusChanged: windowRootTaskId: 11
12-08 11:17:31.829 I/OculusWindowMgr( 2051): OWMS::focusChanged: getImmersiveTask returned
12-08 11:17:31.829 I/OculusWindowMgr( 2051): OWMS::focusChanged: mFocusPlaceholderActivity found in Task.
12-08 11:17:31.829 D/ActivityTaskManager( 2051): getDisplaysWithTopActivities: immersive ActivityRecord{4800ec1 u0 com.oculus.vrshell/.HomeActivity t2576}
12-08 11:17:31.834 D/VolumetricContentMonitor( 2051): Focused window changed to RunningWindowInfo{  pid: 25589, uid: 10087, userId: 0, windowContainerToken: 168910605, windowToken: android.view.IWindow$Stub$Proxy@5699ec2, windowId: com.android.server.wm.WindowState$WindowId@863e4d3, displayId: 0, windowType: 1, activity: RunningActivityInfo { rootTask: 11, uid: 10087, pid: 25589, userId: 0, activity: com.oculus.mrds.msft.connectactivity.ConnectActivity, windowId: com.android.server.wm.WindowState$WindowId@863e4d3, state: ACTIVITY_STATE_VISIBLE}}, from android.view.IWindow$Stub$Proxy@69b4182
12-08 11:17:31.834 D/SpatialAudioService( 2051): Skipping processing for app: com.oculus.panelapp.library (isNewApp: false, perAppEnabled: true, epsService: true)
12-08 11:17:31.834 V/WorldManagerService( 2051): VW Content Listener: com.oculus.panelapp.library -1
12-08 11:17:31.834 D/SpatialAudioService( 2051): Skipping processing for app: com.oculus.mrds (isNewApp: false, perAppEnabled: true, epsService: true)
12-08 11:17:31.834 V/WorldManagerService( 2051): VW Content Listener: com.oculus.mrds -1
12-08 11:17:31.834 I/SpatialWindowResourceService( 2051): setWindowFrameRate() token: horizonos.view.VolumetricWindowToken$InternalVolumetricToken@a676787 framerate: 0.0
12-08 11:17:31.834 I/SpatialWindowResourceService( 2051): setWindowFrameRate() token: horizonos.view.VolumetricWindowToken$InternalVolumetricToken@bf4fc9e framerate: 1.0
12-08 11:17:32.558 E/TaskPersister( 2051): File error accessing recents directory (directory doesn't exist?).
12-08 11:17:32.728 W/TrackingService( 1772): 14 late Color frame set were dropped: timestamp 7121.556844, current monochrome 7121.558260
12-08 11:17:32.828 D/CoreBackPreview( 2051): Window{a733d6a u0 com.example.moonlight_spatialsdk/com.example.moonlight_spatialsdk.PancakeActivity}: Setting back callback OnBackInvokedCallbackInfo{mCallback=android.window.IOnBackInvokedCallback$Stub$Proxy@222d533, mPriority=0, mIsAnimationCallback=false}
12-08 11:17:32.894 I/OculusWindowMgr( 2051): OWMS::focusChanged: windowRootTaskId: 12
12-08 11:17:32.894 I/OculusWindowMgr( 2051): OWMS::focusChanged: getImmersiveTask returned
12-08 11:17:32.894 I/OculusWindowMgr( 2051): OWMS::focusChanged: mFocusPlaceholderActivity found in Task.
12-08 11:17:32.894 D/ActivityTaskManager( 2051): getDisplaysWithTopActivities: immersive ActivityRecord{4800ec1 u0 com.oculus.vrshell/.HomeActivity t2576}
12-08 11:17:32.895 D/VolumetricContentMonitor( 2051): Focused window changed to RunningWindowInfo{  pid: 21683, uid: 10176, userId: 0, windowContainerToken: 238846192, windowToken: android.view.IWindow$Stub$Proxy@8ac3669, windowId: com.android.server.wm.WindowState$WindowId@81d58ee, displayId: 0, windowType: 1, activity: RunningActivityInfo { rootTask: 12, uid: 10176, pid: 21683, userId: 0, activity: com.example.moonlight_spatialsdk.PancakeActivity, windowId: com.android.server.wm.WindowState$WindowId@81d58ee, state: ACTIVITY_STATE_VISIBLE}}, from android.view.IWindow$Stub$Proxy@5699ec2
12-08 11:17:32.895 D/SpatialAudioService( 2051): Skipping processing for app: com.oculus.mrds (isNewApp: false, perAppEnabled: true, epsService: true)
12-08 11:17:32.895 V/WorldManagerService( 2051): VW Content Listener: com.oculus.mrds -1
12-08 11:17:32.895 D/SpatialAudioService( 2051): Skipping processing for app: com.example.moonlight_spatialsdk (isNewApp: false, perAppEnabled: true, epsService: true)
12-08 11:17:32.895 V/WorldManagerService( 2051): VW Content Listener: com.example.moonlight_spatialsdk -1
12-08 11:17:32.896 I/SpatialWindowResourceService( 2051): setWindowFrameRate() token: horizonos.view.VolumetricWindowToken$InternalVolumetricToken@7d23323 framerate: 0.0
12-08 11:17:32.896 I/SpatialWindowResourceService( 2051): setWindowFrameRate() token: horizonos.view.VolumetricWindowToken$InternalVolumetricToken@a676787 framerate: 0.0
12-08 11:17:32.918 I/servicemanager(    0): Could not find android.hardware.graphics.allocator.IAllocator/default in the VINTF manifest.
12-08 11:17:32.921 I/servicemanager(    0): Could not find android.hardware.graphics.allocator.IAllocator/default in the VINTF manifest.
12-08 11:17:32.996 D/CompatibilityChangeReporter( 2051): Compat change id reported: 214016041; UID 10176; state: ENABLED
12-08 11:17:33.314 D/CoreBackPreview( 2051): Window{1e4ae80 u0 Splash Screen com.example.moonlight_spatialsdk EXITING}: Setting back callback null
12-08 11:17:33.575 I/SpatialWindowResourceService( 2051): setWindowFrameRate() token: horizonos.view.VolumetricWindowToken$InternalVolumetricToken@7d23323 framerate: 0.0
12-08 11:17:33.613 E/FrameSetCollator(  873): [{COL:FOVPR}] 2 FrameSets had unexpected timestamps (in the last 3055.38ms). Ex: slot 0 7122431.746ms -> 7122445.571ms (observed period: 13.825ms, expected period: 13.888ms (-0.063ms))
12-08 11:17:33.652 V/ActivityManager( 2051): bindService: Intent { cmp=com.oculus.horizon/com.facebook.mobileconfigservice.service.MobileConfigService } type=null conn=android.os.BinderProxy@53fa778 flags=0x5
12-08 11:17:33.728 W/TrackingService( 1772): 26 late Color frame set were dropped: timestamp 7122.556328, current monochrome 7122.558220
12-08 11:17:33.820 I/SpatialWindowResourceService( 2051): setWindowFrameRate() token: horizonos.view.VolumetricWindowToken$InternalVolumetricToken@7d23323 framerate: 0.0
12-08 11:17:34.023 W/FrameSetDispatcher(  873): [{WT:RAW10}] Client pid=1772 (IOT): client is taking longer than 33ms to return FrameSets (18x in the past 7.666s)
12-08 11:17:34.077 I/wlan    ( 3073): [3073:I:OSIF] vdev 0, scan id 40970 type COMPLETED(1) reason COMPLETED(1) scan found 107 bss
12-08 11:17:34.074 I/SpatialWindowResourceService( 2051): setWindowFrameRate() token: horizonos.view.VolumetricWindowToken$InternalVolumetricToken@7d23323 framerate: 0.0
12-08 11:17:34.505 V/ActivityManager( 2051): bindService: Intent { cmp=com.oculus.horizon/com.facebook.mobileconfigservice.service.MobileConfigService } type=null conn=android.os.BinderProxy@a00242e flags=0x5
12-08 11:17:34.604 I/SpatialWindowResourceService( 2051): setWindowFrameRate() token: horizonos.view.VolumetricWindowToken$InternalVolumetricToken@7d23323 framerate: 0.0
12-08 11:17:34.641 E/FrameSetCollator(  873): [{COL:FOVPR}] 30 FrameSets had unexpected timestamps (in the last 1027.79ms). Ex: slot 0 7123458.410ms -> 7123472.401ms (observed period: 13.991ms, expected period: 13.888ms (0.103ms))
12-08 11:17:34.851 I/SpatialWindowResourceService( 2051): setWindowFrameRate() token: horizonos.view.VolumetricWindowToken$InternalVolumetricToken@7d23323 framerate: 0.0
12-08 11:17:34.928 D/CompatibilityChangeReporter( 2051): Compat change id reported: 135634846; UID 10055; state: DISABLED
12-08 11:17:34.928 D/CompatibilityChangeReporter( 2051): Compat change id reported: 177438394; UID 10055; state: DISABLED
12-08 11:17:34.928 D/CompatibilityChangeReporter( 2051): Compat change id reported: 135772972; UID 10055; state: DISABLED
12-08 11:17:34.928 D/CompatibilityChangeReporter( 2051): Compat change id reported: 135754954; UID 10055; state: DISABLED
12-08 11:17:34.928 D/CompatibilityChangeReporter( 2051): Compat change id reported: 143937733; UID 10055; state: DISABLED
12-08 11:17:34.940 I/ActivityManager( 2051): Start proc 21795:com.oculus.configuration/u0a55 for broadcast {com.oculus.configuration/com.oculus.configuration.OsConfigBroadcastReceiverDCPush}
12-08 11:17:34.956 D/CompatibilityChangeReporter( 2051): Compat change id reported: 168419799; UID 10055; state: DISABLED
12-08 11:17:34.956 D/CompatibilityChangeReporter( 2051): Compat change id reported: 273564678; UID 10055; state: DISABLED
12-08 11:17:34.961 E/libsensortelemetry(  873): imu samples delayed: 4960633ns capture to arrival (ERS limit: 3500000ns)
12-08 11:17:34.964 D/CompatibilityChangeReporter( 2051): Compat change id reported: 265195908; UID 10055; state: ENABLED
12-08 11:17:34.972 D/CompatibilityChangeReporter( 2051): Compat change id reported: 170503758; UID 10055; state: DISABLED
12-08 11:17:35.008 E/libsensortelemetry( 1772): imu_iot samples delayed: 5048341ns capture to arrival (ERS limit: 3500000ns)
12-08 11:17:35.066 I/ActivityManager( 2051): Flag disabled. Ignoring finishAttachApplication from uid: 10055. pid: 21795
12-08 11:17:35.074 D/CompatibilityChangeReporter( 2051): Compat change id reported: 135634846; UID 10088; state: DISABLED
12-08 11:17:35.074 D/CompatibilityChangeReporter( 2051): Compat change id reported: 177438394; UID 10088; state: DISABLED
12-08 11:17:35.074 D/CompatibilityChangeReporter( 2051): Compat change id reported: 135772972; UID 10088; state: DISABLED
12-08 11:17:35.074 D/CompatibilityChangeReporter( 2051): Compat change id reported: 135754954; UID 10088; state: ENABLED
12-08 11:17:35.074 D/CompatibilityChangeReporter( 2051): Compat change id reported: 143937733; UID 10088; state: ENABLED
12-08 11:17:35.081 I/ActivityManager( 2051): Start proc 21820:com.oculus.store/u0a88 for broadcast {com.oculus.store/com.oculus.deviceconfigclient.DeviceConfigClientReceiver}
12-08 11:17:35.109 D/CompatibilityChangeReporter( 2051): Compat change id reported: 168419799; UID 10088; state: DISABLED
12-08 11:17:35.109 D/CompatibilityChangeReporter( 2051): Compat change id reported: 273564678; UID 10088; state: DISABLED
12-08 11:17:35.119 D/CompatibilityChangeReporter( 2051): Compat change id reported: 265195908; UID 10088; state: ENABLED
12-08 11:17:35.154 D/CompatibilityChangeReporter( 2051): Compat change id reported: 253665015; UID 10055; state: DISABLED
12-08 11:17:35.155 D/CompatibilityChangeReporter( 2051): Compat change id reported: 194532703; UID 10055; state: DISABLED
12-08 11:17:35.194 D/CompatibilityChangeReporter( 2051): Compat change id reported: 170503758; UID 10088; state: ENABLED
12-08 11:17:35.292 I/ActivityManager( 2051): Flag disabled. Ignoring finishAttachApplication from uid: 10088. pid: 21820
12-08 11:17:35.352 I/SpatialWindowResourceService( 2051): setWindowFrameRate() token: horizonos.view.VolumetricWindowToken$InternalVolumetricToken@7d23323 framerate: 0.0
12-08 11:17:35.428 V/ActivityManager( 2051): bindService: Intent { cmp=com.oculus.horizon/com.facebook.mobileconfigservice.service.MobileConfigService } type=null conn=android.os.BinderProxy@c209333 flags=0x5
12-08 11:17:35.430 D/CompatibilityChangeReporter( 2051): Compat change id reported: 261072174; UID 10088; state: ENABLED
12-08 11:17:35.470 D/CompatibilityChangeReporter( 2051): Compat change id reported: 177438394; UID 10118; state: DISABLED
12-08 11:17:35.470 D/CompatibilityChangeReporter( 2051): Compat change id reported: 135772972; UID 10118; state: DISABLED
12-08 11:17:35.470 D/CompatibilityChangeReporter( 2051): Compat change id reported: 135754954; UID 10118; state: ENABLED
12-08 11:17:35.471 D/CompatibilityChangeReporter( 2051): Compat change id reported: 143937733; UID 10118; state: ENABLED
12-08 11:17:35.494 I/ActivityManager( 2051): Start proc 21863:com.facebook.horizon/u0a118 for broadcast {com.facebook.horizon/com.oculus.deviceconfigclient.DeviceConfigClientReceiver}
12-08 11:17:35.516 D/CompatibilityChangeReporter( 2051): Compat change id reported: 168419799; UID 10118; state: DISABLED
12-08 11:17:35.516 D/CompatibilityChangeReporter( 2051): Compat change id reported: 273564678; UID 10118; state: DISABLED
12-08 11:17:35.554 D/CompatibilityChangeReporter( 2051): Compat change id reported: 265195908; UID 10118; state: ENABLED
12-08 11:17:35.564 D/CompatibilityChangeReporter( 2051): Compat change id reported: 170503758; UID 10118; state: ENABLED
12-08 11:17:35.707 D/CompatibilityChangeReporter( 2051): Compat change id reported: 135634846; UID 10085; state: DISABLED
12-08 11:17:35.707 D/CompatibilityChangeReporter( 2051): Compat change id reported: 177438394; UID 10085; state: DISABLED
12-08 11:17:35.707 D/CompatibilityChangeReporter( 2051): Compat change id reported: 135772972; UID 10085; state: DISABLED
12-08 11:17:35.707 D/CompatibilityChangeReporter( 2051): Compat change id reported: 135754954; UID 10085; state: DISABLED
12-08 11:17:35.707 D/CompatibilityChangeReporter( 2051): Compat change id reported: 143937733; UID 10085; state: DISABLED
12-08 11:17:35.727 I/ActivityManager( 2051): Start proc 21893:com.oculus.avatareditor/u0a85 for broadcast {com.oculus.avatareditor/com.oculus.deviceconfigclient.DeviceConfigClientReceiver}
12-08 11:17:35.803 D/CompatibilityChangeReporter( 2051): Compat change id reported: 168419799; UID 10085; state: DISABLED
12-08 11:17:35.803 D/CompatibilityChangeReporter( 2051): Compat change id reported: 273564678; UID 10085; state: DISABLED
12-08 11:17:35.808 D/CompatibilityChangeReporter( 2051): Compat change id reported: 265195908; UID 10085; state: ENABLED
12-08 11:17:35.817 I/ActivityManager( 2051): Flag disabled. Ignoring finishAttachApplication from uid: 10118. pid: 21863
12-08 11:17:35.835 D/CompatibilityChangeReporter( 2051): Compat change id reported: 170503758; UID 10085; state: DISABLED
12-08 11:17:35.950 D/CompatibilityChangeReporter( 2051): Compat change id reported: 135634846; UID 10096; state: DISABLED
12-08 11:17:35.950 D/CompatibilityChangeReporter( 2051): Compat change id reported: 177438394; UID 10096; state: DISABLED
12-08 11:17:35.950 D/CompatibilityChangeReporter( 2051): Compat change id reported: 135772972; UID 10096; state: DISABLED
12-08 11:17:35.950 D/CompatibilityChangeReporter( 2051): Compat change id reported: 135754954; UID 10096; state: DISABLED
12-08 11:17:35.950 D/CompatibilityChangeReporter( 2051): Compat change id reported: 143937733; UID 10096; state: DISABLED
12-08 11:17:35.964 I/ActivityManager( 2051): Start proc 21933:com.oculus.explore/u0a96 for broadcast {com.oculus.explore/com.oculus.deviceconfigclient.DeviceConfigClientReceiver}
12-08 11:17:35.979 W/LaunchInterceptorUtil( 2051): Package metadata is empty: com.example.moonlight_spatialsdk
12-08 11:17:35.983 W/LaunchInterceptorUtil( 2051): Package metadata is empty: com.example.moonlight_spatialsdk
12-08 11:17:35.990 W/LaunchInterceptorUtil( 2051): Package metadata is empty: com.example.moonlight_spatialsdk
12-08 11:17:35.990 W/LaunchInterceptorUtil( 2051): Package metadata is empty: com.example.moonlight_spatialsdk
12-08 11:17:35.993 D/CompatibilityChangeReporter( 2051): Compat change id reported: 265464455; UID 10176; state: DISABLED
12-08 11:17:35.993 D/CompatibilityChangeReporter( 2051): Compat change id reported: 265452344; UID 10176; state: DISABLED
12-08 11:17:35.993 D/CompatibilityChangeReporter( 2051): Compat change id reported: 266124927; UID 10176; state: DISABLED
12-08 11:17:35.993 D/CompatibilityChangeReporter( 2051): Compat change id reported: 265451093; UID 10176; state: DISABLED
12-08 11:17:35.993 D/CompatibilityChangeReporter( 2051): Compat change id reported: 265456536; UID 10176; state: DISABLED
12-08 11:17:35.993 D/CompatibilityChangeReporter( 2051): Compat change id reported: 255940284; UID 10176; state: DISABLED
12-08 11:17:35.993 D/CompatibilityChangeReporter( 2051): Compat change id reported: 236283604; UID 10176; state: DISABLED
12-08 11:17:35.993 D/CompatibilityChangeReporter( 2051): Compat change id reported: 263959004; UID 10176; state: DISABLED
12-08 11:17:35.993 D/CompatibilityChangeReporter( 2051): Compat change id reported: 264304459; UID 10176; state: DISABLED
12-08 11:17:35.993 D/CompatibilityChangeReporter( 2051): Compat change id reported: 264301586; UID 10176; state: DISABLED
12-08 11:17:35.994 D/CompatibilityChangeReporter( 2051): Compat change id reported: 254631730; UID 10176; state: DISABLED
12-08 11:17:35.994 D/CompatibilityChangeReporter( 2051): Compat change id reported: 273509367; UID 10176; state: DISABLED
12-08 11:17:35.994 D/CompatibilityChangeReporter( 2051): Compat change id reported: 263259275; UID 10176; state: ENABLED
12-08 11:17:35.994 D/CompatibilityChangeReporter( 2051): Compat change id reported: 174042980; UID 10176; state: DISABLED
12-08 11:17:35.994 D/CompatibilityChangeReporter( 2051): Compat change id reported: 174042936; UID 10176; state: DISABLED
12-08 11:17:35.994 D/CompatibilityChangeReporter( 2051): Compat change id reported: 181136395; UID 10176; state: DISABLED
12-08 11:17:35.994 D/CompatibilityChangeReporter( 2051): Compat change id reported: 194480991; UID 10176; state: ENABLED
12-08 11:17:35.996 I/ActivityTaskManager( 2051): START u0 {act=android.intent.action.MAIN flg=0x10000000 cmp=com.example.moonlight_spatialsdk/.ImmersiveActivity (has extras)} with LAUNCH_SINGLE_TASK from uid 10176 (BAL_ALLOW_VISIBLE_WINDOW) result code=0
12-08 11:17:35.996 D/CompatibilityChangeReporter( 2051): Compat change id reported: 168419799; UID 10096; state: DISABLED
12-08 11:17:35.996 D/CompatibilityChangeReporter( 2051): Compat change id reported: 273564678; UID 10096; state: DISABLED
12-08 11:17:36.002 I/DisplayDeviceRepository( 2051): Display device changed: DisplayDeviceInfo{"MirrorRoot for 3fb2db9c-dcfd-4249-81f3-1693cdd635c7": uniqueId="virtual:android,1000,MirrorRoot for 3fb2db9c-dcfd-4249-81f3-1693cdd635c7,0", 2 x 2, modeId 210, renderFrameRate 60.0, defaultModeId 210, supportedModes [{id=210, width=2, height=2, fps=60.0, alternativeRefreshRates=[], supportedHdrTypes=[]}], colorMode 0, supportedColorModes [0], hdrCapabilities null, allmSupported false, gameContentTypeSupported false, density 200, 200.0 x 200.0 dpi, appVsyncOff 0, presDeadline 16666666, touch NONE, rotation 0, type VIRTUAL, deviceProductInfo null, state ON, committedState UNKNOWN, owner android (uid 1000), frameRateOverride , brightnessMinimum 0.0, brightnessMaximum 0.0, brightnessDefault 0.0, hdrSdrRatio NaN, FLAG_SECURE, FLAG_SUPPORTS_PROTECTED_BUFFERS, FLAG_OWN_CONTENT_ONLY, FLAG_DESTROY_CONTENT_ON_REMOVAL, installOrientation 0, displayShape DisplayShape{ spec=1483868123 displayWidth=2 displayHeight=2 physicalPixelDisplaySizeRatio=1.0 rotation=0 offsetX=0 offsetY=0 scale=1.0}}
12-08 11:17:36.015 D/CompatibilityChangeReporter( 2051): Compat change id reported: 161252188; UID 10176; state: DISABLED
12-08 11:17:36.025 D/CompatibilityChangeReporter( 2051): Compat change id reported: 265195908; UID 10096; state: ENABLED
12-08 11:17:36.031 I/WindowManager( 2051): Override config changes=20000c80 {0.0 ?mcc0mnc ?localeList ?layoutDir sw2dp w2dp h2dp 200dpi smll port ?uimode ?night -touch -keyb/v/h -nav/h winConfig={ mBounds=Rect(0, 0 - 2, 2) mAppBounds=Rect(0, 0 - 2, 2) mMaxBounds=Rect(0, 0 - 2, 2) mDisplayRotation=ROTATION_0 mWindowingMode=fullscreen mDisplayWindowingMode=fullscreen mActivityType=undefined mAlwaysOnTop=undefined mRotation=ROTATION_0} ?fontWeightAdjustment} for displayId=11
12-08 11:17:36.035 V/WindowManager( 2051): Content Recording: Display 11 state is now (2), so update recording?
12-08 11:17:36.038 D/DisplayManagerService( 2051): Ignore redundant display event 11/2 to 10049/18561
12-08 11:17:36.040 D/CompatibilityChangeReporter( 2051): Compat change id reported: 135634846; UID 10091; state: DISABLED
12-08 11:17:36.040 D/CompatibilityChangeReporter( 2051): Compat change id reported: 177438394; UID 10091; state: DISABLED
12-08 11:17:36.040 D/CompatibilityChangeReporter( 2051): Compat change id reported: 135772972; UID 10091; state: DISABLED
12-08 11:17:36.040 D/CompatibilityChangeReporter( 2051): Compat change id reported: 135754954; UID 10091; state: ENABLED
12-08 11:17:36.049 V/WindowManager( 2051): Content Recording: Display 11 state is now (2), so update recording?
12-08 11:17:36.049 D/CompatibilityChangeReporter( 2051): Compat change id reported: 143937733; UID 10091; state: ENABLED
12-08 11:17:36.051 I/VolumetricWindowManagerServiceImpl( 2051): Handling SWMS response: launch into NEW_VOLUMETRIC_WINDOW VolumetricWindowPlacementResponse { volumetricToken = VolumetricWindowToken { scope = 1, token = horizonos.view.VolumetricWindowToken$InternalVolumetricToken@fcd9606, persistableToken = c0a9f204-fad2-4a89-a4ee-dc467ef44582 }, relativeSpaceToken = SpaceToken { binderToken = android.os.BinderProxy@8803bc4, persistableToken = 00000000-0000-0000-0000-000000000000 }, pose = Pose { orientation = Vector4f { x = 0.0, y = 0.0, z = 0.0, w = 1.0 }, position = Vector3f { x = 0.0, y = 0.0, z = 0.0 } }, bounds = Extent3f { width = 0.65531963, height = 0.35051984, depth = 0.0 }, surfaceSize = 4128x2208, densityDpi = 0, visible = true } for launch request [ActivityInfo{fa158e1 com.example.moonlight_spatialsdk.ImmersiveActivity}](vrdesktop seq: 1)
12-08 11:17:36.051 I/VolumetricContainerPlacement( 2051): acquired ContainerPlacement{mId=0, mBounds=Rect(0, 0 - 8000, 8000)}
12-08 11:17:36.053 I/SpaceManagerServiceImpl( 2051): addSpace done: userId = 0, spaceToken = SpaceToken { binderToken = horizonos.view.SpaceToken$InternalSpaceToken@e79a21d, persistableToken = 6abab550-2f2d-486a-9e8b-7a3e05f5e2c4 }
12-08 11:17:36.054 I/DisplayDeviceRepository( 2051): Display device added: DisplayDeviceInfo{"MirrorRoot for c0a9f204-fad2-4a89-a4ee-dc467ef44582": uniqueId="virtual:android,1000,MirrorRoot for c0a9f204-fad2-4a89-a4ee-dc467ef44582,0", 4128 x 2208, modeId 211, renderFrameRate 60.0, defaultModeId 211, supportedModes [{id=211, width=4128, height=2208, fps=60.0, alternativeRefreshRates=[], supportedHdrTypes=[]}], colorMode 0, supportedColorModes [0], hdrCapabilities null, allmSupported false, gameContentTypeSupported false, density 200, 200.0 x 200.0 dpi, appVsyncOff 0, presDeadline 16666666, touch NONE, rotation 0, type VIRTUAL, deviceProductInfo null, state OFF, committedState UNKNOWN, owner android (uid 1000), frameRateOverride , brightnessMinimum 0.0, brightnessMaximum 0.0, brightnessDefault 0.0, hdrSdrRatio NaN, FLAG_SECURE, FLAG_SUPPORTS_PROTECTED_BUFFERS, FLAG_OWN_CONTENT_ONLY, FLAG_DESTROY_CONTENT_ON_REMOVAL, installOrientation 0, displayShape DisplayShape{ spec=603812117 displayWidth=4128 displayHeight=2208 physicalPixelDisplaySizeRatio=1.0 rotation=0 offsetX=0 offsetY=0 scale=1.0}}
12-08 11:17:36.056 I/LogicalDisplayMapper( 2051): Applying layout: [{dispId: 0(ON), displayGroupName: , addr: {port=146, model=0x40446dbbd154e4}, mThermalBrightnessThrottlingMapId: null, mRefreshRateZoneId: null, mLeadDisplayId: -1, mThermalRefreshRateThrottlingMapId: null}], Previous layout: [{dispId: 0(ON), displayGroupName: , addr: {port=146, model=0x40446dbbd154e4}, mThermalBrightnessThrottlingMapId: null, mRefreshRateZoneId: null, mLeadDisplayId: -1, mThermalRefreshRateThrottlingMapId: null}]
12-08 11:17:36.056 I/LogicalDisplayMapper( 2051): Setting new display group 0 for display 90, from previous group: null
12-08 11:17:36.058 I/LogicalDisplayMapper( 2051): Adding new display: 90: DisplayInfo{"MirrorRoot for c0a9f204-fad2-4a89-a4ee-dc467ef44582", displayId 90, displayGroupId 0, FLAG_SECURE, FLAG_SUPPORTS_PROTECTED_BUFFERS, real 4128 x 2208, largest app 4128 x 2208, smallest app 4128 x 2208, appVsyncOff 0, presDeadline 16666666, mode 21160.0, defaultMode 211, modes [{id=211, width=4128, height=2208, fps=60.0, alternativeRefreshRates=[], supportedHdrTypes=[]}], hdrCapabilities null, userDisabledHdrTypes [], minimalPostProcessingSupported false, rotation 0, state OFF, committedState UNKNOWN, type VIRTUAL, uniqueId "virtual:android,1000,MirrorRoot for c0a9f204-fad2-4a89-a4ee-dc467ef44582,0", app 4128 x 2208, density 200 (200.0 x 200.0) dpi, layerStack 90, colorMode 0, supportedColorModes [0], deviceProductInfo null, owner android (uid 1000), removeMode 1, refreshRateOverride 0.0, brightnessMinimum 0.0, brightnessMaximum 0.0, brightnessDefault 0.0, installOrientation ROTATION_0, layoutLimitedRefreshRate null, hdrSdrRatio not_available, thermalRefreshRateThrottling {}, thermalBrightnessThrottlingDataId default}
12-08 11:17:36.059 W/BrightnessThrottler( 2051): DeviceConfig ThermalBrightnessThrottlingData is null
12-08 11:17:36.059 W/DisplayPowerController2[90]( 2051): Screen brightness nits configuration is unavailable; falling back
12-08 11:17:36.074 V/DisplayPowerController2[90]( 2051): Brightness [0.0] reason changing to: 'manual', previous reason: '0'.
12-08 11:17:36.074 I/DisplayPowerController2[90]( 2051): BrightnessEvent: disp=90, physDisp=virtual:android,1000,MirrorRoot for c0a9f204-fad2-4a89-a4ee-dc467ef44582,0, brt=0.0, initBrt=NaN, rcmdBrt=NaN, preBrt=NaN, lux=0.0, preLux=0.0, hbmMax=1.0, hbmMode=off, rbcStrength=-1, thrmMax=1.0, powerFactor=1.0, wasShortTermModelActive=false, flags=, reason=manual, autoBrightness=false, strategy=InvalidBrightnessStrategy
12-08 11:17:36.085 I/ActivityManager( 2051): Start proc 21959:com.oculus.tv/u0a91 for broadcast {com.oculus.tv/com.oculus.deviceconfigclient.DeviceConfigClientReceiver}
12-08 11:17:36.096 I/WindowManager( 2051): Override config changes=20005df8 {0.0 ?mcc0mnc ?localeList ?layoutDir sw1766dp w3302dp h1766dp 200dpi xlrg long land ?uimode ?night -touch -keyb/v/h -nav/h winConfig={ mBounds=Rect(0, 0 - 4128, 2208) mAppBounds=Rect(0, 0 - 4128, 2208) mMaxBounds=Rect(0, 0 - 4128, 2208) mDisplayRotation=ROTATION_0 mWindowingMode=fullscreen mDisplayWindowingMode=fullscreen mActivityType=undefined mAlwaysOnTop=undefined mRotation=ROTATION_0} ?fontWeightAdjustment} for displayId=90
12-08 11:17:36.096 W/DisplayController( 3353): Skipping Display Configuration change on non-added display.
12-08 11:17:36.104 D/DisplayManagerService( 2051): Ignore redundant display event 90/2 to 10049/18561
12-08 11:17:36.108 I/VolumetricWindowManagerServiceImpl( 2051): addVolumetricWindow done: userId = 0, wct = a5dbc68, vw type = 2, vw persistable token = c0a9f204-fad2-4a89-a4ee-dc467ef44582, rootTaskId = 3
12-08 11:17:36.108 I/VolumetricWindowManagerServiceImpl( 2051): addTaskVolumetricWindowLocked: taskId = 3, VW = VolumetricWindowInfo { volumetricWindowToken = VolumetricWindowToken { scope = 1, token = horizonos.view.VolumetricWindowToken$InternalVolumetricToken@fcd9606, persistableToken = c0a9f204-fad2-4a89-a4ee-dc467ef44582 }, type = 2, bounds = Extent3f { width = 0.65531963, height = 0.35051984, depth = 0.0 }, pose = Pose { orientation = Vector4f { x = 0.0, y = 0.0, z = 0.0, w = 1.0 }, position = Vector3f { x = 0.0, y = 0.0, z = 0.0 } }, windowSize2d = Extent2i { width = 4128, height = 2208 }, densityDpi = 200, windowSpaceToken = SpaceToken { binderToken = horizonos.view.SpaceToken$InternalSpaceToken@e79a21d, persistableToken = 6abab550-2f2d-486a-9e8b-7a3e05f5e2c4 }, visible = true, active = true, drawn = false, persistable = false, singlePassCompositionEnabled = false, depthTestEnabled = false, inView = false, windowFlags = 0, priorityHintInfo = PriorityHintInfo { windowPpd = 0.0, viewAngleSine = -1.0, visiblePercent = 1.0, distanceFromUser = 0.0, attentionZone = 0 }, taskInfo = null, presentation = VolumetricWindowPresentationInfo { controlBar = null }, layoutParams = null, children = [], shape = 1, cylinderInfo = null }, isSinglePassCompositionEnabled = false, isComponentBlocklisted = false, isComponentForcedToSPC = false
12-08 11:17:36.109 W/ActivityManager( 2051): Slow operation: 72ms so far, now at startProcess: done updating pids map
12-08 11:17:36.113 E/FrameSetCollator(  873): [{COL:FOVPR}] 11 FrameSets had unexpected timestamps (in the last 1471.93ms). Ex: slot 0 7124931.267ms -> 7124945.190ms (observed period: 13.923ms, expected period: 13.888ms (0.035ms))
12-08 11:17:36.138 D/CompatibilityChangeReporter( 2051): Compat change id reported: 168419799; UID 10091; state: DISABLED
12-08 11:17:36.138 D/CompatibilityChangeReporter( 2051): Compat change id reported: 273564678; UID 10091; state: DISABLED
12-08 11:17:36.138 D/CompatibilityChangeReporter( 2051): Compat change id reported: 170503758; UID 10096; state: DISABLED
12-08 11:17:36.154 D/CompatibilityChangeReporter( 2051): Compat change id reported: 184838306; UID 10176; state: DISABLED
12-08 11:17:36.154 D/CompatibilityChangeReporter( 2051): Compat change id reported: 185004937; UID 10176; state: DISABLED
12-08 11:17:36.157 D/CompatibilityChangeReporter( 2051): Compat change id reported: 205907456; UID 10176; state: ENABLED
12-08 11:17:36.158 I/ActivityTaskManager( 2051): Add Task{3f79367 #2623 type=standard A=10176:com.example.moonlight_spatialsdk} to hidden list because adding Task{7db2984 #2624 type=standard A=10176:com.example.moonlight_spatialsdk}
12-08 11:17:36.160 I/ActivityTaskManager( 2051): START u0 {act=android.intent.action.MAIN flg=0x10010100 cmp=com.example.moonlight_spatialsdk/.ImmersiveActivity (has extras)} with LAUNCH_SINGLE_TASK from uid 10176 (realCallingUid=1000) (BAL_ALLOW_VISIBLE_WINDOW) result code=0
12-08 11:17:36.161 W/Looper  ( 2051): Slow dispatch took 111ms android.ui h=android.os.Handler c=com.android.internal.infra.AndroidFuture$$ExternalSyntheticLambda3@14185a2 m=0
12-08 11:17:36.175 D/CompatibilityChangeReporter( 2051): Compat change id reported: 170503758; UID 10091; state: ENABLED
12-08 11:17:36.179 V/WindowManager( 2051): Queueing transition: TransitionRecord{c4b4ea1 id=-1 type=SLEEP flags=0x0}
12-08 11:17:36.179 V/WindowManager( 2051): Content Recording: Display 90 state is now (1), so update recording?
12-08 11:17:36.183 V/WindowManager( 2051): Content Recording: Display 90 state is now (1), so update recording?
12-08 11:17:36.187 I/VolumetricContentMonitor( 2051): Switching to immersive app. taskId: 3, ActivityInfo{92d33dd com.example.moonlight_spatialsdk.ImmersiveActivity}
12-08 11:17:36.190 I/UiModeController( 2051): Switching from com.oculus.vrshell to com.example.moonlight_spatialsdk
12-08 11:17:36.194 I/InterstitialController( 2051): onImmersiveActivityAppeared: uid: 10176, pid: 21683, state: 4, com.example.moonlight_spatialsdk, on task: WCT{RemoteToken{a5dbc68 Task{c92cd68 #3 type=standard}}}, launchId: null
12-08 11:17:36.194 I/InterstitialController( 2051): onImmersiveActivityAppeared: uid: 10176, pid: 21683, state: 4, com.example.moonlight_spatialsdk, on task: WCT{RemoteToken{a5dbc68 Task{c92cd68 #3 type=standard}}}, launchId: null
12-08 11:17:36.198 D/CompatibilityChangeReporter( 2051): Compat change id reported: 265195908; UID 10091; state: ENABLED
12-08 11:17:36.198 D/SpatialAudioService( 2051): Skipping processing for app: com.example.moonlight_spatialsdk (isNewApp: false, perAppEnabled: true, epsService: true)
12-08 11:17:36.199 V/WorldManagerService( 2051): VW Content Listener: com.example.moonlight_spatialsdk -1
12-08 11:17:36.243 D/CompatibilityChangeReporter( 2051): Compat change id reported: 135634846; UID 10140; state: DISABLED
12-08 11:17:36.243 D/CompatibilityChangeReporter( 2051): Compat change id reported: 177438394; UID 10140; state: DISABLED
12-08 11:17:36.243 D/CompatibilityChangeReporter( 2051): Compat change id reported: 135772972; UID 10140; state: DISABLED
12-08 11:17:36.243 D/CompatibilityChangeReporter( 2051): Compat change id reported: 135754954; UID 10140; state: ENABLED
12-08 11:17:36.244 D/CompatibilityChangeReporter( 2051): Compat change id reported: 143937733; UID 10140; state: ENABLED
12-08 11:17:36.268 I/ActivityManager( 2051): Start proc 21988:horizon.platform.service/u0a140 for broadcast {horizon.platform.service/com.oculus.deviceconfigclient.DeviceConfigClientReceiver}
12-08 11:17:36.319 D/CompatibilityChangeReporter( 2051): Compat change id reported: 168419799; UID 10140; state: DISABLED
12-08 11:17:36.319 D/CompatibilityChangeReporter( 2051): Compat change id reported: 273564678; UID 10140; state: DISABLED
12-08 11:17:36.323 D/CompatibilityChangeReporter( 2051): Compat change id reported: 265195908; UID 10140; state: ENABLED
12-08 11:17:36.331 D/CompatibilityChangeReporter( 2051): Compat change id reported: 170503758; UID 10140; state: ENABLED
12-08 11:17:36.355 I/ActivityManager( 2051): Flag disabled. Ignoring finishAttachApplication from uid: 10085. pid: 21893
12-08 11:17:36.418 I/ActivityManager( 2051): Flag disabled. Ignoring finishAttachApplication from uid: 10091. pid: 21959
12-08 11:17:36.480 D/CompatibilityChangeReporter( 2051): Compat change id reported: 135634846; UID 10051; state: DISABLED
12-08 11:17:36.480 D/CompatibilityChangeReporter( 2051): Compat change id reported: 177438394; UID 10051; state: DISABLED
12-08 11:17:36.480 D/CompatibilityChangeReporter( 2051): Compat change id reported: 135772972; UID 10051; state: DISABLED
12-08 11:17:36.480 D/CompatibilityChangeReporter( 2051): Compat change id reported: 135754954; UID 10051; state: DISABLED
12-08 11:17:36.481 D/CompatibilityChangeReporter( 2051): Compat change id reported: 143937733; UID 10051; state: DISABLED
12-08 11:17:36.501 I/ActivityManager( 2051): Start proc 22033:com.oculus.integrity/u0a51 for broadcast {com.oculus.integrity/com.oculus.deviceconfigclient.DeviceConfigClientReceiver}
12-08 11:17:36.530 D/CompatibilityChangeReporter( 2051): Compat change id reported: 168419799; UID 10051; state: DISABLED
12-08 11:17:36.530 D/CompatibilityChangeReporter( 2051): Compat change id reported: 273564678; UID 10051; state: DISABLED
12-08 11:17:36.542 D/CompatibilityChangeReporter( 2051): Compat change id reported: 265195908; UID 10051; state: ENABLED
12-08 11:17:36.561 I/ActivityManager( 2051): Flag disabled. Ignoring finishAttachApplication from uid: 10140. pid: 21988
12-08 11:17:36.568 D/CoreBackPreview( 2051): Window{560db31 u0 com.oculus.android_panel_app.AndroidPanelLayer-com.oculus.vrshell-controlbar13}: Setting back callback null
12-08 11:17:36.573 I/VolumetricWindow( 2051): [setDrawn] VW=b1f13b57-c20a-40f2-80ec-90a42b15574f: isDrawn=false (isActive=true, isVisible=true)
12-08 11:17:36.575 V/WindowManager( 2051): Queueing transition: TransitionRecord{c045dba id=-1 type=TO_BACK flags=0x0}
12-08 11:17:36.583 V/ActivityManager( 2051): bindService: Intent { cmp=com.oculus.horizon/com.facebook.mobileconfigservice.service.MobileConfigService } type=null conn=android.os.BinderProxy@50b3c47 flags=0x5
12-08 11:17:36.596 I/DisplayDeviceRepository( 2051): Display device removed: DisplayDeviceInfo{"com.oculus.android_panel_app.AndroidPanelLayer-com.oculus.vrshell-controlbar13": uniqueId="virtual:com.oculus.vrshell,10053,com.oculus.android_panel_app.AndroidPanelLayer-com.oculus.vrshell-controlbar13,0", 550 x 60, modeId 209, renderFrameRate 60.0, defaultModeId 209, supportedModes [{id=209, width=550, height=60, fps=60.0, alternativeRefreshRates=[], supportedHdrTypes=[]}], colorMode 0, supportedColorModes [0], hdrCapabilities null, allmSupported false, gameContentTypeSupported false, density 200, 200.0 x 200.0 dpi, appVsyncOff 0, presDeadline 16666666, touch NONE, rotation 0, type VIRTUAL, deviceProductInfo null, state ON, committedState UNKNOWN, owner com.oculus.vrshell (uid 10053), frameRateOverride , brightnessMinimum 0.0, brightnessMaximum 0.0, brightnessDefault 0.0, hdrSdrRatio NaN, FLAG_PRIVATE, FLAG_NEVER_BLANK, FLAG_OWN_CONTENT_ONLY, installOrientation 0, displayShape DisplayShape{ spec=854794591 displayWidth=550 displayHeight=60 physicalPixelDisplaySizeRatio=1.0 rotation=0 offsetX=0 offsetY=0 scale=1.0}}
12-08 11:17:36.598 I/LogicalDisplayMapper( 2051): Removing display: 89
12-08 11:17:36.607 I/SpatialWindowResourceService( 2051): setWindowFrameRate() token: horizonos.view.VolumetricWindowToken$InternalVolumetricToken@7d23323 framerate: 1.0
12-08 11:17:36.615 I/SpatialWindowResourceService( 2051): setWindowUserPerceivedState(): Setting Application State:ComponentInfo{com.example.moonlight_spatialsdk/com.example.moonlight_spatialsdk.PancakeActivity} ProcessName:com.example.moonlight_spatialsdk PerceptionState:(old):CRITICAL_PERCEPTION->(new):NO_PERCEPTION
12-08 11:17:36.616 I/ActivityManager( 2051): Flag disabled. Ignoring finishAttachApplication from uid: 10096. pid: 21933
12-08 11:17:36.622 D/CompatibilityChangeReporter( 2051): Compat change id reported: 261072174; UID 1000; state: ENABLED
12-08 11:17:36.633 V/ActivityManager( 2051): bindService: Intent { cmp=com.oculus.horizon/com.facebook.mobileconfigservice.service.MobileConfigService } type=null conn=android.os.BinderProxy@105eaa4 flags=0x5
12-08 11:17:36.636 D/CompatibilityChangeReporter( 2051): Compat change id reported: 261072174; UID 10091; state: ENABLED
12-08 11:17:36.674 D/CompatibilityChangeReporter( 2051): Compat change id reported: 170503758; UID 10051; state: DISABLED
12-08 11:17:36.676 D/CompatibilityChangeReporter( 2051): Compat change id reported: 135634846; UID 10079; state: DISABLED
12-08 11:17:36.676 D/CompatibilityChangeReporter( 2051): Compat change id reported: 177438394; UID 10079; state: DISABLED
12-08 11:17:36.676 D/CompatibilityChangeReporter( 2051): Compat change id reported: 135772972; UID 10079; state: DISABLED
12-08 11:17:36.676 D/CompatibilityChangeReporter( 2051): Compat change id reported: 135754954; UID 10079; state: ENABLED
12-08 11:17:36.677 D/CompatibilityChangeReporter( 2051): Compat change id reported: 143937733; UID 10079; state: ENABLED
12-08 11:17:36.691 I/ActivityManager( 2051): Start proc 22070:com.oculus.panelapp.settings/u0a79 for broadcast {com.oculus.panelapp.settings/com.oculus.deviceconfigclient.DeviceConfigClientReceiver}
12-08 11:17:36.698 V/ActivityManager( 2051): bindService: Intent { cmp=com.oculus.horizon/com.facebook.mobileconfigservice.service.MobileConfigService } type=null conn=android.os.BinderProxy@51a771f flags=0x5
12-08 11:17:36.699 D/CompatibilityChangeReporter( 2051): Compat change id reported: 261072174; UID 10085; state: DISABLED
12-08 11:17:36.712 D/CompatibilityChangeReporter( 2051): Compat change id reported: 168419799; UID 10079; state: DISABLED
12-08 11:17:36.713 D/CompatibilityChangeReporter( 2051): Compat change id reported: 273564678; UID 10079; state: DISABLED
12-08 11:17:36.717 D/CompatibilityChangeReporter( 2051): Compat change id reported: 135634846; UID 10105; state: DISABLED
12-08 11:17:36.717 D/CompatibilityChangeReporter( 2051): Compat change id reported: 177438394; UID 10105; state: DISABLED
12-08 11:17:36.717 D/CompatibilityChangeReporter( 2051): Compat change id reported: 265195908; UID 10079; state: ENABLED
12-08 11:17:36.717 D/CompatibilityChangeReporter( 2051): Compat change id reported: 135772972; UID 10105; state: DISABLED
12-08 11:17:36.718 D/CompatibilityChangeReporter( 2051): Compat change id reported: 135754954; UID 10105; state: DISABLED
12-08 11:17:36.718 D/CompatibilityChangeReporter( 2051): Compat change id reported: 143937733; UID 10105; state: DISABLED
12-08 11:17:36.729 I/ActivityManager( 2051): Start proc 22098:com.oculus.helpcenter/u0a105 for broadcast {com.oculus.helpcenter/com.oculus.deviceconfigclient.DeviceConfigClientReceiver}
12-08 11:17:36.740 D/CompatibilityChangeReporter( 2051): Compat change id reported: 170503758; UID 10079; state: ENABLED
12-08 11:17:36.744 I/AppsFilter( 2051): interaction: PackageSetting{28a3e46 com.example.moonlight_spatialsdk/10176} -> PackageSetting{d3a55be com.android.cts.priv.ctsshim/10005} BLOCKED
12-08 11:17:36.744 I/AppsFilter( 2051): interaction: PackageSetting{28a3e46 com.example.moonlight_spatialsdk/10176} -> PackageSetting{6ea961f com.oculus.avatareditor/10085} BLOCKED
12-08 11:17:36.744 I/AppsFilter( 2051): interaction: PackageSetting{28a3e46 com.example.moonlight_spatialsdk/10176} -> PackageSetting{6998d6c com.oculus.updater/10075} BLOCKED
12-08 11:17:36.744 I/AppsFilter( 2051): interaction: PackageSetting{28a3e46 com.example.moonlight_spatialsdk/10176} -> PackageSetting{5b63ca com.sulivan.voicechat/10167} BLOCKED
12-08 11:17:36.744 I/AppsFilter( 2051): interaction: PackageSetting{28a3e46 com.example.moonlight_spatialsdk/10176} -> PackageSetting{6004f35 com.Norainu.MetacityPatrol/10168} BLOCKED
12-08 11:17:36.744 I/AppsFilter( 2051): interaction: PackageSetting{28a3e46 com.example.moonlight_spatialsdk/10176} -> PackageSetting{e420fca com.oculus.magicislandcastingservice/10059} BLOCKED
12-08 11:17:36.744 I/AppsFilter( 2051): interaction: PackageSetting{28a3e46 com.example.moonlight_spatialsdk/10176} -> PackageSetting{32c753b com.oculus.captionservice/10076} BLOCKED
12-08 11:17:36.744 I/AppsFilter( 2051): interaction: PackageSetting{28a3e46 com.example.moonlight_spatialsdk/10176} -> PackageSetting{c481458 com.meta.rl.trust.service/10080} BLOCKED
12-08 11:17:36.744 I/AppsFilter( 2051): interaction: PackageSetting{28a3e46 com.example.moonlight_spatialsdk/10176} -> PackageSetting{4f3a9b1 com.ubisoft.StarTrekTNG/10156} BLOCKED
12-08 11:17:36.744 I/AppsFilter( 2051): interaction: PackageSetting{28a3e46 com.example.moonlight_spatialsdk/10176} -> PackageSetting{9595e96 com.tripp.tripp_client_unity/10169} BLOCKED
12-08 11:17:36.744 I/AppsFilter( 2051): interaction: PackageSetting{28a3e46 com.example.moonlight_spatialsdk/10176} -> PackageSetting{3e32a17 com.facebook.horizon/10118} BLOCKED
12-08 11:17:36.744 I/AppsFilter( 2051): interaction: PackageSetting{28a3e46 com.example.moonlight_spatialsdk/10176} -> PackageSetting{3561e04 com.oculus.browser/10101} BLOCKED
12-08 11:17:36.744 I/AppsFilter( 2051): interaction: PackageSetting{28a3e46 com.example.moonlight_spatialsdk/10176} -> PackageSetting{3e82fed com.android.htmlviewer/10031} BLOCKED
12-08 11:17:36.744 I/AppsFilter( 2051): interaction: PackageSetting{28a3e46 com.example.moonlight_spatialsdk/10176} -> PackageSetting{a3a3f4 com.whatsapp/10114} BLOCKED
