12-08 11:26:15.910 I/AppsFilter( 2051): interaction: PackageSetting{24b6350 com.example.moonlight_spatialsdk/10176} -> PackageSetting{2ad8fff com.oculus.systemutilities/10048} BLOCKED
12-08 11:26:15.910 I/AppsFilter( 2051): interaction: PackageSetting{24b6350 com.example.moonlight_spatialsdk/10176} -> PackageSetting{40031cc com.CortopiaStudios.Graves/10145} BLOCKED
12-08 11:26:15.910 I/AppsFilter( 2051): interaction: PackageSetting{24b6350 com.example.moonlight_spatialsdk/10176} -> PackageSetting{3098c15 com.oculus.firsttimenux/10034} BLOCKED
12-08 11:26:15.910 I/AppsFilter( 2051): interaction: PackageSetting{24b6350 com.example.moonlight_spatialsdk/10176} -> PackageSetting{fd3b2a com.oculus.store/10088} BLOCKED
12-08 11:26:15.910 I/AppsFilter( 2051): interaction: PackageSetting{24b6350 com.example.moonlight_spatialsdk/10176} -> PackageSetting{552d1b com.meta.samples.NorthStar/10149} BLOCKED
12-08 11:26:15.910 I/AppsFilter( 2051): interaction: PackageSetting{24b6350 com.example.moonlight_spatialsdk/10176} -> PackageSetting{5e49eb8 com.oculus.socialplatform/10103} BLOCKED
12-08 11:26:15.910 I/AppsFilter( 2051): interaction: PackageSetting{24b6350 com.example.moonlight_spatialsdk/10176} -> PackageSetting{503d491 com.oculus.horizonmediaplayer/10108} BLOCKED
12-08 11:26:15.910 I/AppsFilter( 2051): interaction: PackageSetting{24b6350 com.example.moonlight_spatialsdk/10176} -> PackageSetting{68bdff6 com.android.webview/10042} BLOCKED
12-08 11:26:15.910 I/AppsFilter( 2051): interaction: PackageSetting{24b6350 com.example.moonlight_spatialsdk/10176} -> PackageSetting{60f7ff7 com.oculus.vrprivacycheckup/10110} BLOCKED
12-08 11:26:15.910 I/AppsFilter( 2051): interaction: PackageSetting{24b6350 com.example.moonlight_spatialsdk/10176} -> PackageSetting{da0ee64 com.meta.shell.env.vista.central/10160} BLOCKED
12-08 11:26:15.910 I/AppsFilter( 2051): interaction: PackageSetting{24b6350 com.example.moonlight_spatialsdk/10176} -> PackageSetting{b8028cd com.oculus.panelapp.library/10049} BLOCKED
12-08 11:26:15.910 I/AppsFilter( 2051): interaction: PackageSetting{24b6350 com.example.moonlight_spatialsdk/10176} -> PackageSetting{d8e0582 horizon.platform.providers/10137} BLOCKED
12-08 11:26:15.911 I/AppsFilter( 2051): interaction: PackageSetting{24b6350 com.example.moonlight_spatialsdk/10176} -> PackageSetting{fb22493 com.oculus.systemresource/10097} BLOCKED
12-08 11:26:15.911 I/AppsFilter( 2051): interaction: PackageSetting{24b6350 com.example.moonlight_spatialsdk/10176} -> PackageSetting{2b08cd0 com.microsoft.rdc.androidx/10157} BLOCKED
12-08 11:26:15.911 I/AppsFilter( 2051): interaction: PackageSetting{24b6350 com.example.moonlight_spatialsdk/10176} -> PackageSetting{8f384c9 com.gameboomvr.CookingSimulatorVR/10152} BLOCKED
12-08 11:26:15.911 I/AppsFilter( 2051): interaction: PackageSetting{24b6350 com.example.moonlight_spatialsdk/10176} -> PackageSetting{e9af7ce com.oculus.guardiansetup/10142} BLOCKED
12-08 11:26:15.911 I/AppsFilter( 2051): interaction: PackageSetting{24b6350 com.example.moonlight_spatialsdk/10176} -> PackageSetting{6d076ef com.oculus.hzosgallery/10121} BLOCKED
12-08 11:26:15.911 I/AppsFilter( 2051): interaction: PackageSetting{24b6350 com.example.moonlight_spatialsdk/10176} -> PackageSetting{6d9a5fc horizon.platform.service/10140} BLOCKED
12-08 11:26:15.911 I/AppsFilter( 2051): interaction: PackageSetting{24b6350 com.example.moonlight_spatialsdk/10176} -> PackageSetting{826a485 horizonos.theme.quest.rro/10037} BLOCKED
12-08 11:26:15.911 I/AppsFilter( 2051): interaction: PackageSetting{24b6350 com.example.moonlight_spatialsdk/10176} -> PackageSetting{272c2da com.oculus.os.qrcodereader/10057} BLOCKED
12-08 11:26:15.911 I/AppsFilter( 2051): interaction: PackageSetting{24b6350 com.example.moonlight_spatialsdk/10176} -> PackageSetting{3146873 com.android.wifi.resources/10003} BLOCKED
12-08 11:26:15.911 I/AppsFilter( 2051): interaction: PackageSetting{24b6350 com.example.moonlight_spatialsdk/10176} -> PackageSetting{d7930b com.meta.mqdh.mqdhservice/10174} BLOCKED
12-08 11:26:15.911 I/AppsFilter( 2051): interaction: PackageSetting{24b6350 com.example.moonlight_spatialsdk/10176} -> PackageSetting{1925e8 com.oculus.systemux/10066} BLOCKED
12-08 11:26:15.911 I/AppsFilter( 2051): interaction: PackageSetting{24b6350 com.example.moonlight_spatialsdk/10176} -> PackageSetting{db20401 com.meta.surfacetypingnux/10151} BLOCKED
12-08 11:26:15.911 I/AppsFilter( 2051): interaction: PackageSetting{24b6350 com.example.moonlight_spatialsdk/10176} -> PackageSetting{bca32a6 com.oculus.oemconfig/10036} BLOCKED
12-08 11:26:15.911 I/AppsFilter( 2051): interaction: PackageSetting{24b6350 com.example.moonlight_spatialsdk/10176} -> PackageSetting{2ea54e7 com.meta.handseducationmodule/10104} BLOCKED
12-08 11:26:15.911 I/AppsFilter( 2051): interaction: PackageSetting{24b6350 com.example.moonlight_spatialsdk/10176} -> PackageSetting{54eb894 com.oculus.remotedesktop/10109} BLOCKED
12-08 11:26:15.911 I/AppsFilter( 2051): interaction: PackageSetting{24b6350 com.example.moonlight_spatialsdk/10176} -> PackageSetting{539df3d com.meta.federatedcomputing.oculus/10067} BLOCKED
12-08 11:26:15.911 I/AppsFilter( 2051): interaction: PackageSetting{24b6350 com.example.moonlight_spatialsdk/10176} -> PackageSetting{1d6d332 com.oculus.q4bservice/10039} BLOCKED
12-08 11:26:15.911 I/AppsFilter( 2051): interaction: PackageSetting{24b6350 com.example.moonlight_spatialsdk/10176} -> PackageSetting{77d5883 com.oculus.guidebook/10099} BLOCKED
12-08 11:26:15.911 I/AppsFilter( 2051): interaction: PackageSetting{24b6350 com.example.moonlight_spatialsdk/10176} -> PackageSetting{9a8ca00 horizonos.supplement.metauniverse.libraryapk/10150} BLOCKED
12-08 11:26:15.911 I/AppsFilter( 2051): interaction: PackageSetting{24b6350 com.example.moonlight_spatialsdk/10176} -> PackageSetting{66a3239 com.oculus.igvr/10116} BLOCKED
12-08 11:26:15.911 I/AppsFilter( 2051): interaction: PackageSetting{24b6350 com.example.moonlight_spatialsdk/10176} -> PackageSetting{79af07e com.oculus.mrds/10087} BLOCKED
12-08 11:26:15.911 I/AppsFilter( 2051): interaction: PackageSetting{24b6350 com.example.moonlight_spatialsdk/10176} -> PackageSetting{1b2f9df com.AnotherAxiom.A2/10070} BLOCKED
12-08 11:26:15.911 I/AppsFilter( 2051): interaction: PackageSetting{24b6350 com.example.moonlight_spatialsdk/10176} -> PackageSetting{2d0862c com.facebook.orca/10112} BLOCKED
12-08 11:26:15.911 I/AppsFilter( 2051): interaction: PackageSetting{24b6350 com.example.moonlight_spatialsdk/10176} -> PackageSetting{db2b8f5 com.facebook.workrooms/10163} BLOCKED
12-08 11:26:15.911 I/AppsFilter( 2051): interaction: PackageSetting{24b6350 com.example.moonlight_spatialsdk/10176} -> PackageSetting{bf1968a quest.eleven.forfunlabs/10171} BLOCKED
12-08 11:26:15.911 I/AppsFilter( 2051): interaction: PackageSetting{24b6350 com.example.moonlight_spatialsdk/10176} -> PackageSetting{a7754fb com.oculus.tv/10091} BLOCKED
12-08 11:26:15.911 I/AppsFilter( 2051): interaction: PackageSetting{24b6350 com.example.moonlight_spatialsdk/10176} -> PackageSetting{5d5d918 com.oculus.panelapp.devicepairing/10138} BLOCKED
12-08 11:26:15.911 I/AppsFilter( 2051): interaction: PackageSetting{24b6350 com.example.moonlight_spatialsdk/10176} -> PackageSetting{4c2ef71 com.oculus.userserver2/10058} BLOCKED
12-08 11:26:15.911 I/AppsFilter( 2051): interaction: PackageSetting{24b6350 com.example.moonlight_spatialsdk/10176} -> PackageSetting{e5a9156 com.netflix.ninja.vr/10006} BLOCKED
12-08 11:26:15.911 I/AppsFilter( 2051): interaction: PackageSetting{24b6350 com.example.moonlight_spatialsdk/10176} -> PackageSetting{35c45d7 com.meta.worlds/10139} BLOCKED
12-08 11:26:15.911 I/AppsFilter( 2051): interaction: PackageSetting{24b6350 com.example.moonlight_spatialsdk/10176} -> PackageSetting{6db6ec4 com.android.bookmarkprovider/10027} BLOCKED
12-08 11:26:15.911 I/AppsFilter( 2051): interaction: PackageSetting{24b6350 com.example.moonlight_spatialsdk/10176} -> PackageSetting{6c611ad com.oculus.guardianresources/10030} BLOCKED
12-08 11:26:15.911 I/AppsFilter( 2051): interaction: PackageSetting{24b6350 com.example.moonlight_spatialsdk/10176} -> PackageSetting{4866ce2 com.oculus.guardian/10073} BLOCKED
12-08 11:26:15.911 I/AppsFilter( 2051): interaction: PackageSetting{24b6350 com.example.moonlight_spatialsdk/10176} -> PackageSetting{b356873 com.oculus.explore/10096} BLOCKED
12-08 11:26:15.911 I/AppsFilter( 2051): interaction: PackageSetting{24b6350 com.example.moonlight_spatialsdk/10176} -> PackageSetting{782b330 com.meta.hpiassets/10155} BLOCKED
12-08 11:26:15.911 I/AppsFilter( 2051): interaction: PackageSetting{24b6350 com.example.moonlight_spatialsdk/10176} -> PackageSetting{2e1bfc com.android.cts.ctsshim/10127} BLOCKED
12-08 11:26:15.911 I/AppsFilter( 2051): interaction: PackageSetting{24b6350 com.example.moonlight_spatialsdk/10176} -> PackageSetting{c5f1ba9 com.oculus.q4b.mdm/10041} BLOCKED
12-08 11:26:15.911 I/AppsFilter( 2051): interaction: PackageSetting{24b6350 com.example.moonlight_spatialsdk/10176} -> PackageSetting{ca2752e com.meta.shell.env.footprint.haven2025/10159} BLOCKED
12-08 11:26:15.911 I/AppsFilter( 2051): interaction: PackageSetting{24b6350 com.example.moonlight_spatialsdk/10176} -> PackageSetting{7418cf Immersed.quest/10162} BLOCKED
12-08 11:26:15.911 I/AppsFilter( 2051): interaction: PackageSetting{24b6350 com.example.moonlight_spatialsdk/10176} -> PackageSetting{17d25c com.oculus.permissioncontroller.rro/10000} BLOCKED
12-08 11:26:15.911 I/AppsFilter( 2051): interaction: PackageSetting{24b6350 com.example.moonlight_spatialsdk/10176} -> PackageSetting{c071a1f com.valinor/10106} BLOCKED
12-08 11:26:15.911 I/AppsFilter( 2051): interaction: PackageSetting{24b6350 com.example.moonlight_spatialsdk/10176} -> PackageSetting{b64c965 com.meta.environment.prod.nuxd/10033} BLOCKED
12-08 11:26:15.911 I/AppsFilter( 2051): interaction: PackageSetting{24b6350 com.example.moonlight_spatialsdk/10176} -> PackageSetting{864b63a com.oculus.helpcenter/10105} BLOCKED
12-08 11:26:15.911 I/AppsFilter( 2051): interaction: PackageSetting{24b6350 com.example.moonlight_spatialsdk/10176} -> PackageSetting{d4372eb com.android.hotspot2.osulogin/10004} BLOCKED
12-08 11:26:15.911 I/AppsFilter( 2051): interaction: PackageSetting{24b6350 com.example.moonlight_spatialsdk/10176} -> PackageSetting{f7db848 com.camouflaj.manta/10022} BLOCKED
12-08 11:26:15.911 I/AppsFilter( 2051): interaction: PackageSetting{24b6350 com.example.moonlight_spatialsdk/10176} -> PackageSetting{65d96e1 com.oculus.quickpromotionservice/10082} BLOCKED
12-08 11:26:15.911 I/AppsFilter( 2051): interaction: PackageSetting{24b6350 com.example.moonlight_spatialsdk/10176} -> PackageSetting{71a3e3b com.oculus.paracosmaavalanche/10164} BLOCKED
12-08 11:26:15.911 I/AppsFilter( 2051): interaction: PackageSetting{24b6350 com.example.moonlight_spatialsdk/10176} -> PackageSetting{96452c7 com.facebook.arvr.quillplayer/10115} BLOCKED
12-08 11:26:15.911 I/AppsFilter( 2051): interaction: PackageSetting{24b6350 com.example.moonlight_spatialsdk/10176} -> PackageSetting{dda10f4 com.LuckyVR.PokerStarsVR/10090} BLOCKED
12-08 11:26:15.911 I/AppsFilter( 2051): interaction: PackageSetting{24b6350 com.example.moonlight_spatialsdk/10176} -> PackageSetting{7bbc01d com.meta.HyperscapeHmdCapture/10158} BLOCKED
12-08 11:26:15.911 I/AppsFilter( 2051): interaction: PackageSetting{24b6350 com.example.moonlight_spatialsdk/10176} -> PackageSetting{2e7d292 com.android.captiveportallogin/10028} BLOCKED
12-08 11:26:15.911 I/AppsFilter( 2051): interaction: PackageSetting{24b6350 com.example.moonlight_spatialsdk/10176} -> PackageSetting{dc95463 com.oculus.panelapp.calendar/10086} BLOCKED
12-08 11:26:15.911 I/AppsFilter( 2051): interaction: PackageSetting{24b6350 com.example.moonlight_spatialsdk/10176} -> PackageSetting{2ee04f3 com.oculus.highwindservice/10141} BLOCKED
12-08 11:26:15.911 I/AppsFilter( 2051): interaction: PackageSetting{24b6350 com.example.moonlight_spatialsdk/10176} -> PackageSetting{4d94119 com.meta.pclinkservice.server/10047} BLOCKED
12-08 11:26:15.911 I/AppsFilter( 2051): interaction: PackageSetting{24b6350 com.example.moonlight_spatialsdk/10176} -> PackageSetting{4ac85de com.meta.transport/10120} BLOCKED
12-08 11:26:15.911 I/AppsFilter( 2051): interaction: PackageSetting{24b6350 com.example.moonlight_spatialsdk/10176} -> PackageSetting{5f2d3bf com.oculus.configuration/10055} BLOCKED
12-08 11:26:15.912 D/nativeloader(25836): InitApexLibraries:
12-08 11:26:15.912 D/nativeloader(25836):   com_android_adservices: libhpke_jni.so:libtflite_support_classifiers_native.so
12-08 11:26:15.912 D/nativeloader(25836):   com_android_appsearch: libicing.so
12-08 11:26:15.912 D/nativeloader(25836):   com_android_art: libartservice.so
12-08 11:26:15.912 D/nativeloader(25836):   com_android_btservices: libbluetooth_jni.so
12-08 11:26:15.912 D/nativeloader(25836):   com_android_conscrypt: libjavacrypto.so
12-08 11:26:15.912 D/nativeloader(25836):   com_android_extservices: libhpke_jni.so:libtflite_support_classifiers_native.so
12-08 11:26:15.912 D/nativeloader(25836):   com_android_os_statsd: libstats_jni.so
12-08 11:26:15.912 D/nativeloader(25836):   com_android_tethering: libcronet.114.0.5735.84.so:libframework-connectivity-jni.so:libframework-connectivity-tiramisu-jni.so:libandroid_net_connectivity_com_android_net_module_util_jni.so:libservice-connectivity.so
12-08 11:26:15.912 D/nativeloader(25836):   com_android_uwb: libuwb_uci_jni_rust.so
12-08 11:26:15.912 D/nativeloader(25836):   com_android_virt: libvirtualizationservice_jni.so:libvirtualmachine_jni.so
12-08 11:26:15.912 D/nativeloader(25836):   com_meta_xr: libmrservice_plugin.so
12-08 11:26:15.914 I/OpenXR  (25836): Loading 64-bit Runtime.
12-08 11:26:15.920 I/VrRuntimeClient(25836): VrRuntimeClient(): 0x7073560380
12-08 11:26:15.920 D/OsSdkLoader(25836): OSSDK loading module 'libossdk.oculus.so'
12-08 11:26:15.930 I/DriverLoader(25836): Calling into SetLegacyVrApiEntryPointOverride
12-08 11:26:15.930 I/VrApi_DriverLoader(25836): SetLegacyVrApiEntryPointOverride: calling sprintf
12-08 11:26:15.930 I/VrApi_DriverLoader(25836): SetLegacyVrApiEntryPointOverride: env buffer is '0x70734b3bc8'
12-08 11:26:15.930 I/VrApi_DriverLoader(25836): SetLegacyVrApiEntryPointOverride: calling setenv
12-08 11:26:15.930 I/DriverLoader(25836): Creating Temp JNIEnv
12-08 11:26:15.930 I/DriverLoader(25836): Calling FindClass
12-08 11:26:15.930 I/DriverLoader(25836): Calling RegisterNativeVrApiLoaderMethods
12-08 11:26:15.930 I/VrApi_DriverLoader(25836): RegisterNativeVrApiLoaderMethods: calling RegisterNatives
12-08 11:26:15.930 I/DriverLoader(25836): Calling RegisterNativeXrLoaderMethods
12-08 11:26:15.930 I/OpenXR_DriverLoader(25836): RegisterNativeVrApiLoaderMethods: calling RegisterNatives
12-08 11:26:15.930 I/DriverLoader(25836): Exiting JNI_OnLoad
12-08 11:26:15.931 I/OpenXR_ClientState(25836): OpenXRClientState::create - from xrInitializeLoaderKHR
12-08 11:26:15.931 I/XrRuntimeSharedClientState(25836): SharedClientState::create called from 'OpenXRClientState::init'
12-08 11:26:15.931 I/ipcLoader [RUNTIMEIPC](25836): RuntimeIPC: Loader: IPC Service API Loader Version: 81 Dec  4 2025 07:47:30
12-08 11:26:15.931 I/ipcLoader [RUNTIMEIPC](25836): Using android_get_exported_namespace: libripcclient.oculus.so
12-08 11:26:15.932 I/ipcLoader [RUNTIMEIPC](25836): android_get_exported_namespace SUCCESS: libripcclient.oculus.so
12-08 11:26:15.932 I/RuntimeIPCSystem [RUNTIMEIPC](25836): RuntimeIPCSystem: Init called: Version: 81, Platform: Android, Build Date: Dec  7 2025, Build Time: 14:26:30, BuildMode: shared
12-08 11:26:15.933 I/MultiInstanceDetector [RUNTIMEIPC](25836): Multiple instances check passed. Socket name: INSTANCE_DETECTOR:25836
12-08 11:26:15.933 D/OsSdkLoader(25836): OSSDK loading module 'libossdk.oculus.so'
12-08 11:26:15.934 W/RuntimeIPCSystem [RUNTIMEIPC](25836): Init: Java VM is null
12-08 11:26:15.934 D/OsSdkLoader(25836): OSSDK loading module 'libripcmanager.oculus.so'
12-08 11:26:15.936 I/GraphicsGovernor( 3567): Dynamic Foveation Lvl 3, Min Foveation Lvl 3, DynRes Enabled 1, DynRes Scaler 1.000000
12-08 11:26:15.937 I/RuntimeIpcManager(25836): RuntimeIpcManager: attempting to get a service connection
12-08 11:26:15.937 I/RuntimeIpcBroker( 1733): [RuntimeIpcBroker] Attempting to retrieve package name and version for client
12-08 11:26:15.937 I/RuntimeIpcBroker( 1733): [RuntimeIpcBroker] Retrieving service manager for com.example.moonlight_spatialsdk
12-08 11:26:15.937 I/RuntimeIpcBroker( 1733): [RuntimeIpcBroker] Retrieving permission service [binder] from service manager for com.example.moonlight_spatialsdk
12-08 11:26:15.937 I/RuntimeIpcBroker( 1733): [RuntimeIpcBroker] Succesfully retrieved permission service [binder] from service manager for com.example.moonlight_spatialsdk
12-08 11:26:15.937 I/RuntimeIpcBroker( 1733): [RuntimeIpcBroker] Retrieving service manager for com.example.moonlight_spatialsdk
12-08 11:26:15.937 I/RuntimeIpcBroker( 1733): [RuntimeIpcBroker] Retrieving package_native service [binder] for com.example.moonlight_spatialsdk
12-08 11:26:15.937 I/RuntimeIpcBroker( 1733): [RuntimeIpcBroker] Succesfully retrieved package_native service [binder] for com.example.moonlight_spatialsdk
12-08 11:26:15.937 I/RuntimeIpcBroker( 1733): [RuntimeIpcBroker] Attempting to connect: com.example.moonlight_spatialsdk -- com.example.moonlight_spatialsdk, [uid: 10176, pid: 25836]
12-08 11:26:15.937 I/RuntimeIpcBroker( 1733): [RuntimeIpcBroker] Connections lock acquired
12-08 11:26:15.937 I/RuntimeIPCService [RUNTIMEIPC]( 1733): CreateBrokerConnection: Pre-lock BrokerConnections.Mutex: packageName: com.example.moonlight_spatialsdk, processName: com.example.moonlight_spatialsdk, pid: 25836
12-08 11:26:15.937 I/RuntimeIPCService [RUNTIMEIPC]( 1733): CreateBrokerConnection: [Client Descriptor - 25836:com.example.moonlight_spatialsdk:com.example.moonlight_spatialsdk] [Connection Id - -1807540401]
12-08 11:26:15.938 I/RuntimeIpcBroker( 1733): [RuntimeIpcBroker] initClientId successful on client binder
12-08 11:26:15.938 I/RuntimeIpcBroker( 1733): [RuntimeIpcBroker] Connection established for com.example.moonlight_spatialsdk -- com.example.moonlight_spatialsdk, [uid: 10176, pid: 25836]
12-08 11:26:15.938 I/RuntimeIpcManager(25836): RuntimeIpcManager: Binder call to service->connect SUCCESS
12-08 11:26:15.938 V/RuntimeIPCService [RUNTIMEIPC]( 1733): GetServiceBinder: com.example.moonlight_spatialsdk:com.example.moonlight_spatialsdk:25836
12-08 11:26:15.939 V/IPCDataChannelAndroidBinder [RUNTIMEIPC]( 1733): alloc binder info: 22
12-08 11:26:15.939 D/IPCDataChannelServer [RUNTIMEIPC]( 1733): Connected: 2487426895, com.example.moonlight_spatialsdk:com.example.moonlight_spatialsdk:25836
12-08 11:26:15.939 I/BrokerRPC [RUNTIMEIPC](25836): InitRPCToServiceInternal: Success
12-08 11:26:15.939 I/RuntimeIPCSystem [RUNTIMEIPC](25836): RuntimeIPCSystem: Init SUCCESS: Version: 81, Platform: Android, Build Date: Dec  7 2025, Build Time: 14:26:30, BuildMode: shared
12-08 11:26:15.939 W/RuntimeIPCService [RUNTIMEIPC]( 1733): SetServerList: Connection not allowed to register servers. Package: com.example.moonlight_spatialsdk, Process: com.example.moonlight_spatialsdk
12-08 11:26:15.939 I/RipcServerMgr [RUNTIMEIPC](25836): UpdateServerListOnBroker (pid: 25836): SUCCESS (shouldNotify=true): []
12-08 11:26:15.940 I/RuntimeIpcHelperService( 2051): Going to start ComponentInfo{com.oculus.systemdriver/com.oculus.vrruntimeservice.VrRuntimeService} as foreground, Calling uid: 10176 pid: 25836
12-08 11:26:15.942 I/ClientProcessConnector [RUNTIMEIPC](25836): GetProcessConnection: com.oculus.systemdriver:com.oculus.vrruntimeservice
12-08 11:26:15.943 I/RipcServerClientHandler [RUNTIMEIPC]( 3567): Event buffer size (server): 8192
12-08 11:26:15.943 I/RipcServerMgr [RUNTIMEIPC]( 3567): HandleClientConnect SUCCESS: Client: com.example.moonlight_spatialsdk:com.example.moonlight_spatialsdk:25836:, Server: com.oculus.systemdriver:com.oculus.vrruntimeservice (gkcache)
12-08 11:26:15.944 I/RipcClient [RUNTIMEIPC](25836): Event buffer size (client): 8192
12-08 11:26:15.944 I/RipcClient [RUNTIMEIPC](25836): TryToGetIPCResourcesFromServer: RPC_CONNECTOR_CONNECT_TO_SERVER SUCCESS: Client: com.example.moonlight_spatialsdk:com.example.moonlight_spatialsdk:25836, Server: com.oculus.systemdriver:com.oculus.vrruntimeservice:0 (gkcache), Version: 81, Platform: Android, Build Date: Dec  7 2025, Build Time: 14:26:30, BuildMode: shared
12-08 11:26:15.944 I/RipcClient [RUNTIMEIPC](25836): EnsureServerConnection: SUCCESS. Client: com.example.moonlight_spatialsdk:com.example.moonlight_spatialsdk:25836, Server: com.oculus.systemdriver:com.oculus.vrruntimeservice:0 (gkcache)
12-08 11:26:15.944 I/RipcClient [RUNTIMEIPC](25836): [RIPC_CONNECT_LOG] ConnectToServer: SUCCESS: Client: com.example.moonlight_spatialsdk:com.example.moonlight_spatialsdk:25836, Server: com.oculus.systemdriver:com.oculus.vrruntimeservice:0 (gkcache)
12-08 11:26:15.944 W/REFLECT [RUNTIMEIPC]( 3567): Disabling all permissions (ONLY USE IN TESTS): 2487421514:com.example.moonlight_spatialsdk/com.example.moonlight_spatialsdk (10176:25836), mask: 11111111111111111111111111111111
12-08 11:26:15.944 I/GkCacheQuerierServer( 3567): Client 2487421514 from com.example.moonlight_spatialsdk:25836 connected.
12-08 11:26:15.946 I/RipcClient [RUNTIMEIPC](25836): InitServerStateBuffer: SUCCESS. 0, Client: com.example.moonlight_spatialsdk:com.example.moonlight_spatialsdk:25836, Server: com.oculus.systemdriver:com.oculus.vrruntimeservice:0 (gkcache)
12-08 11:26:15.946 I/OpenXR_ClientState(25836): Client state creation succeeded.
12-08 11:26:15.946 V/OpenXR  (25836): OpenXRForwardLoader::xrInitializeLoaderKHR [end]
12-08 11:26:15.946 V/OpenXR  (25836): OpenXRForwardLoader::xrNegotiateLoaderRuntimeInterface [start]
12-08 11:26:15.947 V/OpenXR  (25836): OpenXRForwardLoader::xrNegotiateLoaderRuntimeInterface [end]
12-08 11:26:15.947 I/OpenXR-Loader(25836): Info [GENERAL | xrEnumerateInstanceExtensionProperties | OpenXR-Loader] : RuntimeInterface::LoadRuntime succeeded loading runtime defined in manifest file /odm/etc/openxr/1/active_runtime.aarch64.json using interface version 1 and OpenXR API version 1.0
12-08 11:26:15.954 I/ApplicationAttributes(25836): IsPrivileged 0
12-08 11:26:15.954 I/OpenXR  (25836): Is_X_PartnerGateKeeper
12-08 11:26:15.954 I/OpenXR  (25836): PGK Status: exp = 0, dc = true
12-08 11:26:15.954 I/OpenXR  (25836): Extension status: APC
12-08 11:26:15.957 I/ApplicationAttributes(25836): IsSystem 0
12-08 11:26:15.957 W/Thread-4(25836): type=1400 audit(0.0:983): avc:  denied  { search } for  name="soc0" dev="sysfs" ino=67225 scontext=u:r:untrusted_app:s0:c176,c256,c512,c768 tcontext=u:object_r:vendor_sysfs_soc:s0 tclass=dir permissive=0 app=com.example.moonlight_spatialsdk
12-08 11:26:15.957 W/Thread-4(25836): type=1400 audit(0.0:984): avc:  denied  { search } for  name="soc0" dev="sysfs" ino=67225 scontext=u:r:untrusted_app:s0:c176,c256,c512,c768 tcontext=u:object_r:vendor_sysfs_soc:s0 tclass=dir permissive=0 app=com.example.moonlight_spatialsdk
12-08 11:26:15.957 W/Thread-4(25836): type=1400 audit(0.0:985): avc:  denied  { search } for  name="soc0" dev="sysfs" ino=67225 scontext=u:r:untrusted_app:s0:c176,c256,c512,c768 tcontext=u:object_r:vendor_sysfs_soc:s0 tclass=dir permissive=0 app=com.example.moonlight_spatialsdk
12-08 11:26:15.958 E/libosutils(25836): Failed to get real path of file '/sys/devices/soc0/oem_variant', err: Permission denied
12-08 11:26:15.959 E/libosutils(25836): Failed to get real path of file '/sys/devices/soc0/platform_subtype_id', err: Permission denied
12-08 11:26:15.959 E/libosutils(25836): Failed to get real path of file '/sys/devices/soc0/platform_version', err: Permission denied
12-08 11:26:15.959 W/libdeviceid(25836): DeviceId unknown with subtype FFFFFFFF and version: 0xFFFFFFFF
12-08 11:26:15.959 E/VrDeviceManagerService( 1777): Permission denied: process 25836 (uid 10176) doesn't have the required permission: horizonos.permission.SET_VR_DEVICE_PARAMS
12-08 11:26:15.959 E/VrDeviceManagerService( 1777): Permission denied: process 25836 (uid 10176) doesn't have the required permission: horizonos.permission.READ_VR_DEVICE_PARAMS
12-08 11:26:15.960 E/VrDeviceManagerService( 1777): Permission denied: process 25836 (uid 10176) doesn't have the required permission: horizonos.permission.SET_VR_DEVICE_PARAMS
12-08 11:26:15.960 E/VrDeviceManagerService( 1777): Permission denied: process 25836 (uid 10176) doesn't have the required permission: horizonos.permission.READ_VR_DEVICE_PARAMS
12-08 11:26:15.960 E/VrDeviceManagerService( 1777): Permission denied: process 25836 (uid 10176) doesn't have the required permission: horizonos.permission.SET_VR_DEVICE_PARAMS
12-08 11:26:15.960 E/VrDeviceManagerService( 1777): Permission denied: process 25836 (uid 10176) doesn't have the required permission: horizonos.permission.READ_VR_DEVICE_PARAMS
12-08 11:26:15.960 E/VrDeviceManagerService( 1777): Permission denied: process 25836 (uid 10176) doesn't have the required permission: horizonos.permission.SET_VR_DEVICE_PARAMS
12-08 11:26:15.960 E/VrDeviceManagerService( 1777): Permission denied: process 25836 (uid 10176) doesn't have the required permission: horizonos.permission.READ_VR_DEVICE_PARAMS
12-08 11:26:15.961 E/VrDeviceManagerService( 1777): Permission denied: process 25836 (uid 10176) doesn't have the required permission: horizonos.permission.SET_VR_DEVICE_PARAMS
12-08 11:26:15.961 E/VrDeviceManagerService( 1777): Permission denied: process 25836 (uid 10176) doesn't have the required permission: horizonos.permission.READ_VR_DEVICE_PARAMS
12-08 11:26:15.961 W/libc    (25836): Access denied finding property "ro.vendor.product.model_extended"
12-08 11:26:15.961 I/OpenXR  (25836): xrEnumerateInstanceExtensionProperties: skipping extension=`XR_FBX1_hand_tracking_confidence` due to: Tier=50 extState=APC deviceIsExpEnabled=false expManifestSet=true isFirstPartyApp=false isSystemApp=false
12-08 11:26:15.961 I/OpenXR  (25836): xrEnumerateInstanceExtensionProperties: skipping extension=`XR_METAX1_hand_tracking_joint_visibility` due to: Tier=50 extState=APC deviceIsExpEnabled=false expManifestSet=true isFirstPartyApp=false isSystemApp=false
12-08 11:26:15.961 I/OpenXR  (25836): xrEnumerateInstanceExtensionProperties: skipping extension=`XR_METAX2_hand_tracking_microgestures` due to: Tier=50 extState=APC deviceIsExpEnabled=false expManifestSet=true isFirstPartyApp=false isSystemApp=false
12-08 11:26:15.961 I/OpenXR  (25836): xrEnumerateInstanceExtensionProperties: skipping extension=`XR_METAX1_full_body_tracking` due to: Tier=50 extState=APC deviceIsExpEnabled=false expManifestSet=true isFirstPartyApp=false isSystemApp=false
12-08 11:26:15.961 I/OpenXR  (25836): xrEnumerateInstanceExtensionProperties: skipping extension=`XR_META_body_tracking_full_body` due to: missing uses-feature string `com.oculus.software.body_tracking` from AndroidManifest
12-08 11:26:15.961 I/OpenXR  (25836): xrEnumerateInstanceExtensionProperties: skipping extension=`XR_FB_body_tracking` due to: missing uses-feature string `com.oculus.software.body_tracking` from AndroidManifest
12-08 11:26:15.961 I/OpenXR  (25836): xrEnumerateInstanceExtensionProperties: skipping extension=`XR_FBX1_body_tracking_config` due to: Tier=55 extState=APC deviceIsExpEnabled=false expManifestSet=true isFirstPartyApp=false isSystemApp=false
12-08 11:26:15.961 I/OpenXR  (25836): Checking for permission horizonos.permission.USE_ANCHOR_API of package com.example.moonlight_spatialsdk
12-08 11:26:15.963 D/CompatibilityChangeReporter(25836): Compat change id reported: 247079863; UID 10176; state: ENABLED
12-08 11:26:15.965 I/OpenXR  (25836): Required permission horizonos.permission.USE_ANCHOR_API is missing, retrying check as com.oculus.permission.USE_ANCHOR_API -> 0
12-08 11:26:15.966 I/OpenXR  (25836): xrEnumerateInstanceExtensionProperties: skipping extension=`XR_FB_spatial_entity` due to: missing uses-permission string `horizonos.permission.USE_ANCHOR_API` from AndroidManifest in package `com.example.moonlight_spatialsdk`
12-08 11:26:15.966 I/OpenXR  (25836): Checking for permission com.oculus.permission.RENDER_MODEL of package com.example.moonlight_spatialsdk
12-08 11:26:15.966 I/OpenXR  (25836): checkTrexKillswitchGk 'oculus_trex_render_model_killsw' = false
12-08 11:26:15.966 I/OpenXR  (25836): PassesGKKillswitch 1
12-08 11:26:15.966 I/OpenXR  (25836): Checking for permission horizonos.permission.USE_ANCHOR_API of package com.example.moonlight_spatialsdk
12-08 11:26:15.968 I/OpenXR  (25836): Required permission horizonos.permission.USE_ANCHOR_API is missing, retrying check as com.oculus.permission.USE_ANCHOR_API -> 0
12-08 11:26:15.968 I/OpenXR  (25836): xrEnumerateInstanceExtensionProperties: skipping extension=`XR_FB_spatial_entity_query` due to: missing uses-permission string `horizonos.permission.USE_ANCHOR_API` from AndroidManifest in package `com.example.moonlight_spatialsdk`
12-08 11:26:15.968 I/OpenXR  (25836): Checking for permission horizonos.permission.USE_ANCHOR_API of package com.example.moonlight_spatialsdk
12-08 11:26:15.970 I/OpenXR  (25836): Required permission horizonos.permission.USE_ANCHOR_API is missing, retrying check as com.oculus.permission.USE_ANCHOR_API -> 0
12-08 11:26:15.970 I/OpenXR  (25836): xrEnumerateInstanceExtensionProperties: skipping extension=`XR_META_spatial_entity_persistence` due to: missing uses-permission string `horizonos.permission.USE_ANCHOR_API` from AndroidManifest in package `com.example.moonlight_spatialsdk`
12-08 11:26:15.970 I/OpenXR  (25836): xrEnumerateInstanceExtensionProperties: skipping extension=`XR_METAX1_spatial_entity_room_sharing` due to: Tier=50 extState=APC deviceIsExpEnabled=false expManifestSet=true isFirstPartyApp=false isSystemApp=false
12-08 11:26:15.971 I/OpenXR  (25836): Checking for permission horizonos.permission.USE_ANCHOR_API of package com.example.moonlight_spatialsdk
12-08 11:26:15.973 I/OpenXR  (25836): Required permission horizonos.permission.USE_ANCHOR_API is missing, retrying check as com.oculus.permission.USE_ANCHOR_API -> 0
12-08 11:26:15.973 I/OpenXR  (25836): xrEnumerateInstanceExtensionProperties: skipping extension=`XR_META_spatial_entity_discovery` due to: missing uses-permission string `horizonos.permission.USE_ANCHOR_API` from AndroidManifest in package `com.example.moonlight_spatialsdk`
12-08 11:26:15.973 I/OpenXR  (25836): xrEnumerateInstanceExtensionProperties: skipping extension=`XR_FBX1_touch_controller_extras` due to: Tier=40 extState=APC deviceIsExpEnabled=false expManifestSet=true isFirstPartyApp=false isSystemApp=false
12-08 11:26:15.973 I/OpenXR  (25836): xrEnumerateInstanceExtensionProperties: skipping extension=`XR_FBX3_touch_controller_pro` due to: Tier=55 extState=APC deviceIsExpEnabled=false expManifestSet=true isFirstPartyApp=false isSystemApp=false
12-08 11:26:15.973 I/OpenXR  (25836): xrEnumerateInstanceExtensionProperties: skipping extension=`XR_FBX1_touch_controller_pro` due to: Tier=55 extState=APC deviceIsExpEnabled=false expManifestSet=true isFirstPartyApp=false isSystemApp=false
12-08 11:26:15.973 I/OpenXR  (25836): xrEnumerateInstanceExtensionProperties: skipping extension=`XR_FBX1_haptic_amplitude_envelope` due to: Tier=55 extState=APC deviceIsExpEnabled=false expManifestSet=true isFirstPartyApp=false isSystemApp=false
12-08 11:26:15.973 I/OpenXR  (25836): xrEnumerateInstanceExtensionProperties: skipping extension=`XR_FBX1_haptic_tone` due to: Tier=55 extState=APC deviceIsExpEnabled=false expManifestSet=true isFirstPartyApp=false isSystemApp=false
12-08 11:26:15.973 I/OpenXR  (25836): Checking for permission horizonos.permission.USE_ANCHOR_API of package com.example.moonlight_spatialsdk
12-08 11:26:15.975 I/OpenXR  (25836): Required permission horizonos.permission.USE_ANCHOR_API is missing, retrying check as com.oculus.permission.USE_ANCHOR_API -> 0
12-08 11:26:15.975 I/OpenXR  (25836): xrEnumerateInstanceExtensionProperties: skipping extension=`XR_FB_spatial_entity_storage` due to: missing uses-permission string `horizonos.permission.USE_ANCHOR_API` from AndroidManifest in package `com.example.moonlight_spatialsdk`
12-08 11:26:15.975 I/OpenXR  (25836): Checking for permission horizonos.permission.USE_ANCHOR_API of package com.example.moonlight_spatialsdk
12-08 11:26:15.976 I/OpenXR  (25836): Required permission horizonos.permission.USE_ANCHOR_API is missing, retrying check as com.oculus.permission.USE_ANCHOR_API -> 0
12-08 11:26:15.976 I/OpenXR  (25836): xrEnumerateInstanceExtensionProperties: skipping extension=`XR_FB_spatial_entity_storage_batch` due to: missing uses-permission string `horizonos.permission.USE_ANCHOR_API` from AndroidManifest in package `com.example.moonlight_spatialsdk`
12-08 11:26:15.976 I/OpenXR  (25836): Checking for permission horizonos.permission.IMPORT_EXPORT_IOT_MAP_DATA of package com.example.moonlight_spatialsdk
12-08 11:26:15.978 I/OpenXR  (25836): Required permission horizonos.permission.IMPORT_EXPORT_IOT_MAP_DATA is missing, retrying check as com.oculus.permission.IMPORT_EXPORT_IOT_MAP_DATA -> 0
12-08 11:26:15.978 I/OpenXR  (25836): xrEnumerateInstanceExtensionProperties: skipping extension=`XR_FB_spatial_entity_sharing` due to: missing uses-permission string `horizonos.permission.IMPORT_EXPORT_IOT_MAP_DATA` from AndroidManifest in package `com.example.moonlight_spatialsdk`
12-08 11:26:15.978 I/OpenXR  (25836): Checking for permission horizonos.permission.IMPORT_EXPORT_IOT_MAP_DATA of package com.example.moonlight_spatialsdk
12-08 11:26:15.980 I/OpenXR  (25836): Required permission horizonos.permission.IMPORT_EXPORT_IOT_MAP_DATA is missing, retrying check as com.oculus.permission.IMPORT_EXPORT_IOT_MAP_DATA -> 0
12-08 11:26:15.980 I/OpenXR  (25836): xrEnumerateInstanceExtensionProperties: skipping extension=`XR_META_spatial_entity_sharing` due to: missing uses-permission string `horizonos.permission.IMPORT_EXPORT_IOT_MAP_DATA` from AndroidManifest in package `com.example.moonlight_spatialsdk`
12-08 11:26:15.980 I/OpenXR  (25836): Checking for permission horizonos.permission.IMPORT_EXPORT_IOT_MAP_DATA of package com.example.moonlight_spatialsdk
12-08 11:26:15.981 I/OpenXR_Anchor( 4168): xrQuerySpacesFB: no split anchor query enabled
12-08 11:26:15.981 I/[CT]    ( 4168): SP:AF:InsightAnchorApi: QueryAnchorSpaces loadAndQueryAvailableAnchors flow. (task start) duration: 0.000000000 [sec], flags: 44, location: StorageLocation::LOCAL(1), method: 1, request: 327, source: SourceType::LIVE_TRACKER(1)
12-08 11:26:15.981 I/[CT]    ( 4168): RuntimeIpcHelper: RuntimeIpcClient::CALL_RPC isAsync: true, func: loadAvailableAnchors
12-08 11:26:15.982 I/[CT]    ( 4801): SP:AP:AnchorPersistenceRuntimeIpcServer: checkRPC start: sessionUuid:a583813b-76fc-d6c6-c3fc-f4b54f4872ef, clientId:197008253, givenPackageName:com.oculus.vrshell
12-08 11:26:15.982 I/[CT]    ( 4801): SP:AP:AnchorPersistenceRuntimeIpcServer: checkPackageAccess - detectedPackageName:com.oculus.vrshell, detectedProcessName:com.oculus.vrshell, givenPackageName:com.oculus.vrshell
12-08 11:26:15.982 I/[CT]    ( 4801): SP:AP:AnchorPersistenceRuntimeIpcServer: checkRPC package name matches: sessionUuid:a583813b-76fc-d6c6-c3fc-f4b54f4872ef, clientId:197008253, givenPackageName:com.oculus.vrshell, detectedPackageName:com.oculus.vrshell, detectedProcessName:com.oculus.vrshell
12-08 11:26:15.982 I/[CT]    ( 4801): SP:AP:AnchorPersistenceRuntimeIpcServer: queryAvailableAnchorsSMV2: clientId: 197008253, maxAnchors: 500, filter: 0, queryMultipleRoomsEnabledByOpenXrVersion: true, source: 1, appId: com.oculus.vrshell
12-08 11:26:15.982 I/[CT]    ( 4801): SP:AP:AnchorPersistenceConfig: getSceneRuntimePermissionEnabled: USE_SCENE permission is enabled on this device
12-08 11:26:15.982 I/[CT]    ( 4801): SP:AP:AnchorPersistenceScenePermissions: hasClientGrantedScenePermission: USE_SCENE permission is enabled on this device, check client 197008253, grant is true
12-08 11:26:15.982 I/[CT]    ( 4801): SP:AP:AnchorPersistenceConfig: getSceneRuntimePermissionEnabled: USE_SCENE permission is enabled on this device
12-08 11:26:15.983 I/OpenXR  (25836): Required permission horizonos.permission.IMPORT_EXPORT_IOT_MAP_DATA is missing, retrying check as com.oculus.permission.IMPORT_EXPORT_IOT_MAP_DATA -> 0
12-08 11:26:15.983 I/OpenXR  (25836): xrEnumerateInstanceExtensionProperties: skipping extension=`XR_META_spatial_entity_group_sharing` due to: missing uses-permission string `horizonos.permission.IMPORT_EXPORT_IOT_MAP_DATA` from AndroidManifest in package `com.example.moonlight_spatialsdk`
12-08 11:26:15.984 I/OpenXR  (25836): Checking for permission horizonos.permission.USE_ANCHOR_API of package com.example.moonlight_spatialsdk
12-08 11:26:15.984 I/[CT]    ( 4801): SP:SceneAnchorFilterUtil: filterSceneDataByPermission: com.oculus.vrshell permission check passed, keep scene data. anchors size: 1
12-08 11:26:15.986 I/[CT]    ( 4168): SP:AF:InsightAnchorApi: QueryAnchorSpaces (task finish) returnCode: AnchorResultCode::SUCCESS(0), numSpacesFound: 1, spacesFoundUuids: [1c38e18b-e413-0f93-56c4-fadd12e341b8], duration: 0.000000000 [sec], flags: 44, location: 1, method: 1, request: 327
12-08 11:26:15.991 I/OpenXR  (25836): Required permission horizonos.permission.USE_ANCHOR_API is missing, retrying check as com.oculus.permission.USE_ANCHOR_API -> 0
12-08 11:26:15.991 I/OpenXR  (25836): xrEnumerateInstanceExtensionProperties: skipping extension=`XR_FB_spatial_entity_container` due to: missing uses-permission string `horizonos.permission.USE_ANCHOR_API` from AndroidManifest in package `com.example.moonlight_spatialsdk`
12-08 11:26:15.991 I/OpenXR  (25836): Checking for permission com.oculus.permission.USE_COLOCATION_DISCOVERY_API of package com.example.moonlight_spatialsdk
12-08 11:26:15.997 I/[CT]    ( 4168): SP:TREX:SpatialPersistencePlugin: Event type: 5
12-08 11:26:15.997 I/[CT]    ( 4168): SP:TREX:SpatialPersistencePlugin: Event type: 6
12-08 11:26:15.997 I/TREX    ( 4168): Spatial Persistence event: QuerySpacesFound
12-08 11:26:15.997 I/TREX    ( 4168): Updating enabled data components from query results for entity type 2
12-08 11:26:15.997 I/TREX    ( 4168): Spatial Persistence event: QuerySpacesFinish
12-08 11:26:15.997 W/RuntimeTelemetryThread( 4168): [OpenXR_Anchor] setting XR_SPACE_COMPONENT_TYPE_STORABLE_FB is unsupported for this space; 
12-08 11:26:15.997 W/RuntimeTelemetryThread( 4168): [OpenXR_Anchor] component enabled cannot be changed; 5
12-08 11:26:15.997 I/OpenXR_DynamicObject( 4168): ------------ xrGetSpaceDynamicObjectDataMETA -----------
12-08 11:26:15.998 I/OpenXR  (25836): xrEnumerateInstanceExtensionProperties: skipping extension=`XR_META_colocation_discovery` due to: missing uses-permission string `com.oculus.permission.USE_COLOCATION_DISCOVERY_API` from AndroidManifest in package `com.example.moonlight_spatialsdk`
12-08 11:26:15.998 I/OpenXR  (25836): Checking for permission horizonos.permission.USE_ANCHOR_API of package com.example.moonlight_spatialsdk
12-08 11:26:16.001 I/OpenXR  (25836): Required permission horizonos.permission.USE_ANCHOR_API is missing, retrying check as com.oculus.permission.USE_ANCHOR_API -> 0
12-08 11:26:16.001 I/OpenXR  (25836): xrEnumerateInstanceExtensionProperties: skipping extension=`XR_FB_scene` due to: missing uses-permission string `horizonos.permission.USE_ANCHOR_API` from AndroidManifest in package `com.example.moonlight_spatialsdk`
12-08 11:26:16.001 I/OpenXR  (25836): Checking for permission horizonos.permission.USE_ANCHOR_API of package com.example.moonlight_spatialsdk
12-08 11:26:16.003 I/OpenXR  (25836): Required permission horizonos.permission.USE_ANCHOR_API is missing, retrying check as com.oculus.permission.USE_ANCHOR_API -> 0
12-08 11:26:16.003 I/OpenXR  (25836): xrEnumerateInstanceExtensionProperties: skipping extension=`XR_FB_scene_capture` due to: missing uses-permission string `horizonos.permission.USE_ANCHOR_API` from AndroidManifest in package `com.example.moonlight_spatialsdk`
12-08 11:26:16.003 I/OpenXR  (25836): xrEnumerateInstanceExtensionProperties: skipping extension=`XR_FBX1_plane` due to: Tier=55 extState=APC deviceIsExpEnabled=false expManifestSet=true isFirstPartyApp=false isSystemApp=false
12-08 11:26:16.003 I/OpenXR  (25836): xrEnumerateInstanceExtensionProperties: skipping extension=`XR_METAX1_spatial_entity_mesh` due to: Tier=50 extState=APC deviceIsExpEnabled=false expManifestSet=true isFirstPartyApp=false isSystemApp=false
12-08 11:26:16.003 I/OpenXR  (25836): Checking for permission horizonos.permission.USE_SCENE of package com.example.moonlight_spatialsdk
12-08 11:26:16.005 I/OpenXR  (25836): Required permission horizonos.permission.USE_SCENE is missing, retrying check as com.oculus.permission.USE_SCENE -> 0
12-08 11:26:16.005 I/OpenXR  (25836): xrEnumerateInstanceExtensionProperties: skipping extension=`XR_META_spatial_entity_mesh` due to: missing uses-permission string `horizonos.permission.USE_SCENE` from AndroidManifest in package `com.example.moonlight_spatialsdk`
12-08 11:26:16.005 I/OpenXR  (25836): xrEnumerateInstanceExtensionProperties: skipping extension=`XR_METAX2_spatial_entity_room_mesh` due to: Tier=50 extState=APC deviceIsExpEnabled=false expManifestSet=true isFirstPartyApp=false isSystemApp=false
12-08 11:26:16.005 I/OpenXR  (25836): Checking for permission horizonos.permission.USE_SCENE of package com.example.moonlight_spatialsdk
12-08 11:26:16.011 I/OpenXR  (25836): Required permission horizonos.permission.USE_SCENE is missing, retrying check as com.oculus.permission.USE_SCENE -> 0
12-08 11:26:16.011 I/OpenXR  (25836): xrEnumerateInstanceExtensionProperties: skipping extension=`XR_META_spatial_entity_room_mesh` due to: missing uses-permission string `horizonos.permission.USE_SCENE` from AndroidManifest in package `com.example.moonlight_spatialsdk`
12-08 11:26:16.011 I/OpenXR  (25836): xrEnumerateInstanceExtensionProperties: skipping extension=`XR_FB_face_tracking` due to: missing uses-feature string `oculus.software.face_tracking` from AndroidManifest
12-08 11:26:16.011 I/OpenXR  (25836): xrEnumerateInstanceExtensionProperties: skipping extension=`XR_FB_face_tracking2` due to: missing uses-feature string `oculus.software.face_tracking` from AndroidManifest
12-08 11:26:16.011 I/OpenXR  (25836): xrEnumerateInstanceExtensionProperties: skipping extension=`XR_METAX1_face_tracking_visemes` due to: Tier=50 extState=APC deviceIsExpEnabled=false expManifestSet=true isFirstPartyApp=false isSystemApp=false
12-08 11:26:16.011 I/OpenXR  (25836): xrEnumerateInstanceExtensionProperties: skipping extension=`XR_META_face_tracking_visemes` due to: missing uses-feature string `oculus.software.face_tracking` from AndroidManifest
12-08 11:26:16.011 I/OpenXR  (25836): xrEnumerateInstanceExtensionProperties: skipping extension=`XR_FBX1_face_tracking_config` due to: Tier=55 extState=APC deviceIsExpEnabled=false expManifestSet=true isFirstPartyApp=false isSystemApp=false
12-08 11:26:16.011 I/OpenXR  (25836): xrEnumerateInstanceExtensionProperties: skipping extension 'XR_META_local_dimming' as device requirements requirements (16) are not met.
12-08 11:26:16.011 I/OpenXR  (25836): xrEnumerateInstanceExtensionProperties: skipping extension=`XR_METAX1_local_dimming` due to: Tier=55 extState=APC deviceIsExpEnabled=false expManifestSet=true isFirstPartyApp=false isSystemApp=false
12-08 11:26:16.011 I/OpenXR  (25836): xrEnumerateInstanceExtensionProperties: skipping extension=`XR_META_foveation_eye_tracked` due to: missing uses-feature string `oculus.software.eye_tracking` from AndroidManifest
12-08 11:26:16.011 I/OpenXR  (25836): xrEnumerateInstanceExtensionProperties: skipping extension=`XR_FBX1_eye_tracking` due to: Tier=55 extState=APC deviceIsExpEnabled=false expManifestSet=true isFirstPartyApp=false isSystemApp=false
12-08 11:26:16.011 I/OpenXR  (25836): xrEnumerateInstanceExtensionProperties: skipping extension=`XR_FBX1_eye_tracking_social` due to: Tier=55 extState=APC deviceIsExpEnabled=false expManifestSet=true isFirstPartyApp=false isSystemApp=false
12-08 11:26:16.011 I/OpenXR  (25836): xrEnumerateInstanceExtensionProperties: skipping extension=`XR_FB_eye_tracking_social` due to: missing uses-feature string `oculus.software.eye_tracking` from AndroidManifest
12-08 11:26:16.011 I/OpenXR  (25836): xrEnumerateInstanceExtensionProperties: skipping extension=`XR_FBX1_eye_tracking_social_config` due to: Tier=55 extState=APC deviceIsExpEnabled=false expManifestSet=true isFirstPartyApp=false isSystemApp=false
12-08 11:26:16.011 I/OpenXR  (25836): xrEnumerateInstanceExtensionProperties: skipping extension=`XR_FBX1_composition_layer_settings` due to: Tier=40 extState=APC deviceIsExpEnabled=false expManifestSet=true isFirstPartyApp=false isSystemApp=false
12-08 11:26:16.011 I/OpenXR  (25836): xrEnumerateInstanceExtensionProperties: skipping extension=`XR_METAX1_feature_fidelity` due to: Tier=55 extState=APC deviceIsExpEnabled=false expManifestSet=true isFirstPartyApp=false isSystemApp=false
12-08 11:26:16.011 I/OpenXR  (25836): xrEnumerateInstanceExtensionProperties: skipping extension=`XR_FBX1_composition_layer_depth_test` due to: Tier=40 extState=APC deviceIsExpEnabled=false expManifestSet=true isFirstPartyApp=false isSystemApp=false
12-08 11:26:16.011 I/OpenXR  (25836): Checking for permission horizonos.permission.EYE_TRACKING of package com.example.moonlight_spatialsdk
12-08 11:26:16.013 I/OpenXR  (25836): Required permission horizonos.permission.EYE_TRACKING is missing, retrying check as com.oculus.permission.EYE_TRACKING -> 0
12-08 11:26:16.013 I/OpenXR  (25836): xrEnumerateInstanceExtensionProperties: skipping extension=`XR_EXT_eye_gaze_interaction` due to: missing uses-permission string `horizonos.permission.EYE_TRACKING` from AndroidManifest in package `com.example.moonlight_spatialsdk`
12-08 11:26:16.013 I/OpenXR  (25836): xrEnumerateInstanceExtensionProperties: skipping extension=`XR_METAX1_hand_tracking_body_fusion` due to: Tier=50 extState=APC deviceIsExpEnabled=false expManifestSet=true isFirstPartyApp=false isSystemApp=false
12-08 11:26:16.013 I/OpenXR  (25836): xrEnumerateInstanceExtensionProperties: skipping extension=`XR_META_hand_tracking_wide_motion_mode` due to: missing uses-feature string `com.oculus.software.body_tracking` from AndroidManifest
12-08 11:26:16.013 I/OpenXR  (25836): xrEnumerateInstanceExtensionProperties: skipping extension=`XR_METAX1_hand_tracking_wide_motion_mode2` due to: Tier=50 extState=APC deviceIsExpEnabled=false expManifestSet=true isFirstPartyApp=false isSystemApp=false
12-08 11:26:16.013 I/OpenXR  (25836): xrEnumerateInstanceExtensionProperties: skipping extension=`XR_METAX1_hand_tracking_frequency_hint` due to: Tier=50 extState=APC deviceIsExpEnabled=false expManifestSet=true isFirstPartyApp=false isSystemApp=false
12-08 11:26:16.013 I/OpenXR  (25836): xrEnumerateInstanceExtensionProperties: skipping extension=`XR_METAX1_hand_tracking_unextrapolated_poses` due to: Tier=50 extState=APC deviceIsExpEnabled=false expManifestSet=true isFirstPartyApp=false isSystemApp=false
12-08 11:26:16.013 I/OpenXR  (25836): xrEnumerateInstanceExtensionProperties: skipping extension=`XR_EXTX1_hand_tracking_data_source` due to: Tier=40 extState=APC deviceIsExpEnabled=false expManifestSet=true isFirstPartyApp=false isSystemApp=false
12-08 11:26:16.013 I/OpenXR  (25836): xrEnumerateInstanceExtensionProperties: skipping extension=`XR_METAX1_performance_metrics` due to: Tier=40 extState=APC deviceIsExpEnabled=false expManifestSet=true isFirstPartyApp=false isSystemApp=false
12-08 11:26:16.013 I/OpenXR  (25836): xrEnumerateInstanceExtensionProperties: skipping extension=`XR_METAX1_spatial_entity_marker` due to: Tier=40 extState=APC deviceIsExpEnabled=false expManifestSet=true isFirstPartyApp=false isSystemApp=false
12-08 11:26:16.013 I/OpenXR  (25836): xrEnumerateInstanceExtensionProperties: skipping extension=`XR_METAX1_virtual_keyboard` due to: Tier=40 extState=APC deviceIsExpEnabled=false expManifestSet=true isFirstPartyApp=false isSystemApp=false
12-08 11:26:16.013 I/OpenXR  (25836): xrEnumerateInstanceExtensionProperties: skipping extension=`XR_METAX2_virtual_keyboard` due to: Tier=40 extState=APC deviceIsExpEnabled=false expManifestSet=true isFirstPartyApp=false isSystemApp=false
12-08 11:26:16.013 I/OpenXR  (25836): xrEnumerateInstanceExtensionProperties: skipping extension=`XR_METAX1_fitness_toolkit` due to: Tier=50 extState=APC deviceIsExpEnabled=false expManifestSet=true isFirstPartyApp=false isSystemApp=false
12-08 11:26:16.013 I/OpenXR  (25836): xrEnumerateInstanceExtensionProperties: skipping extension=`XR_EXTX1_event_channel` due to: Tier=40 extState=APC deviceIsExpEnabled=false expManifestSet=true isFirstPartyApp=false isSystemApp=false
12-08 11:26:16.013 I/OpenXR  (25836): xrEnumerateInstanceExtensionProperties: skipping extension=`XR_METAX1_environment_depth` due to: Tier=40 extState=APC deviceIsExpEnabled=false expManifestSet=true isFirstPartyApp=false isSystemApp=false
12-08 11:26:16.013 I/OpenXR  (25836): xrEnumerateInstanceExtensionProperties: skipping extension=`XR_METAX2_environment_depth` due to: Tier=40 extState=APC deviceIsExpEnabled=false expManifestSet=true isFirstPartyApp=false isSystemApp=false
12-08 11:26:16.013 I/OpenXR  (25836): Checking for permission horizonos.permission.USE_SCENE of package com.example.moonlight_spatialsdk
12-08 11:26:16.015 I/OpenXR  (25836): Required permission horizonos.permission.USE_SCENE is missing, retrying check as com.oculus.permission.USE_SCENE -> 0
12-08 11:26:16.015 I/OpenXR  (25836): xrEnumerateInstanceExtensionProperties: skipping extension=`XR_META_environment_depth` due to: missing uses-permission string `horizonos.permission.USE_SCENE` from AndroidManifest in package `com.example.moonlight_spatialsdk`
