12-08 11:26:08.800 I/SensorDataTransforms( 1772): [constellation:constellation] Mux mode updates successfully staged
12-08 11:26:08.800 D/TrackingService( 1772): [constellation:constellation]Queue mux mode update notification: lowLightControllerObject
12-08 11:26:08.801 I/SensorDataTransforms( 1772): [ExpCtl:exposure_control_worldTracking] Staging mux mode updates for {worldTracking: ind-3, seqId-73},
12-08 11:26:08.801 I/SensorDataTransforms( 1772): [ExpCtl:exposure_control_worldTracking] Signaling start of the mode transition
12-08 11:26:08.801 I/SensorDataTransforms( 1772): [ExpCtl:exposure_control_worldTracking] Mux mode updates successfully staged
12-08 11:26:08.801 D/TrackingService( 1772): [constellation]start onMuxStateUpdate. ModeId: lowLightHandsObject -> lowLightControllerObject
12-08 11:26:08.801 D/TrackingService( 1772): [constellation][constellation]handleMuxModeNotification started for muxMode[worldTracking: lowLightControllerObject]
12-08 11:26:08.801 I/SensorDataTransforms( 1772): [constellation:ambient_controller] Staging mux mode updates for {worldTracking: ind-3, seqId-73},
12-08 11:26:08.801 I/SensorDataTransforms( 1772): [constellation:ambient_controller] Mux mode updates successfully staged
12-08 11:26:08.801 D/TrackingService( 1772): [constellation:ambient_controller]Queue mux mode update notification: lowLightControllerObject
12-08 11:26:08.801 I/SensorService(  873): ending update to CameraStream mux states
12-08 11:26:08.801 I/FrameSetCollator(  873): [{WT(0,1):RAW10}] Updated frame set period to 16666000, with all camera system activeSlots [[T,T,T,T,]]
12-08 11:26:08.801 I/FrameSetCollator(  873): [{WT:RAW10}] Updated frame set period to 16666000, with all camera system activeSlots [[T,T,T,T,]]
12-08 11:26:08.801 I/FrameSetDispatcher(  873): [{WT(0,1):RAW10}] Client pid=1574 (MrSSCamS): [worldTracking] Updated CameraMuxMode: 3, Slots: 
12-08 11:26:08.801 I/FrameSetDispatcher(  873): [{WT(0,1):RAW10}] Client pid=1574 (MrSSCamS): [worldTracking] Updated CameraMuxMode: 3, Slots: SLOT_0 SLOT_2 
12-08 11:26:08.801 I/FrameSetDispatcher(  873): [{WT(0,1):RAW10}] Latest MuxModeSettings: 3
12-08 11:26:08.801 I/FrameSetDispatcher(  873): [{WT(0,1):RAW10}] purpose: ambient_controller, slots: SLOT_0 SLOT_2 
12-08 11:26:08.801 I/FrameSetDispatcher(  873): [{WT(0,1):RAW10}] purpose: constellation, slots: SLOT_1 
12-08 11:26:08.801 I/FrameSetDispatcher(  873): [{WT(0,1):RAW10}] purpose: exposure_control_worldTracking, slots: SLOT_0 SLOT_1 SLOT_2 SLOT_3 
12-08 11:26:08.801 I/FrameSetDispatcher(  873): [{WT(0,1):RAW10}] purpose: iobt, slots: SLOT_0 SLOT_2 
12-08 11:26:08.801 I/FrameSetDispatcher(  873): [{WT(0,1):RAW10}] purpose: mr_monochrome, slots: SLOT_0 SLOT_2 
12-08 11:26:08.801 I/FrameSetDispatcher(  873): [{WT(0,1):RAW10}] purpose: object, slots: SLOT_3 
12-08 11:26:08.801 I/FrameSetDispatcher(  873): [{WT(0,1):RAW10}] purpose: active_slots, slots: SLOT_0 SLOT_1 SLOT_2 SLOT_3 
12-08 11:26:08.801 I/FrameSetDispatcher(  873): [{WT(0,1):RAW10}] purpose: hand, slots: 
12-08 11:26:08.801 I/FrameSetDispatcher(  873): [{WT(0,1):RAW10}] purpose: iot, slots: SLOT_0 SLOT_2 
12-08 11:26:08.801 I/FrameSetDispatcher(  873): [{WT(0,1):RAW10}] purpose: projector_assisted_depth, slots: 
12-08 11:26:08.801 I/FrameSetDispatcher(  873): [{WT:RAW10}] Client pid=1772 (IOT): [worldTracking] Updated CameraMuxMode: 3, Slots: SLOT_0 SLOT_2 
12-08 11:26:08.801 I/FrameSetDispatcher(  873): [{WT:RAW10}] Client pid=1772 (ExpCtl): [worldTracking] Updated CameraMuxMode: 3, Slots: SLOT_0 SLOT_1 SLOT_2 SLOT_3 
12-08 11:26:08.801 I/FrameSetDispatcher(  873): [{WT:RAW10}] Client pid=1772 (Obj): [worldTracking] Updated CameraMuxMode: 3, Slots: SLOT_3 
12-08 11:26:08.801 I/FrameSetDispatcher(  873): [{WT:RAW10}] Client pid=1772 (Hand): [worldTracking] Updated CameraMuxMode: 3, Slots: 
12-08 11:26:08.801 I/FrameSetDispatcher(  873): [{WT:RAW10}] Latest MuxModeSettings: 3
12-08 11:26:08.801 I/FrameSetDispatcher(  873): [{WT:RAW10}] purpose: ambient_controller, slots: SLOT_0 SLOT_2 
12-08 11:26:08.801 I/FrameSetDispatcher(  873): [{WT:RAW10}] purpose: constellation, slots: SLOT_1 
12-08 11:26:08.801 I/FrameSetDispatcher(  873): [{WT:RAW10}] purpose: exposure_control_worldTracking, slots: SLOT_0 SLOT_1 SLOT_2 SLOT_3 
12-08 11:26:08.801 I/FrameSetDispatcher(  873): [{WT:RAW10}] purpose: iobt, slots: SLOT_0 SLOT_2 
12-08 11:26:08.801 I/FrameSetDispatcher(  873): [{WT:RAW10}] purpose: mr_monochrome, slots: SLOT_0 SLOT_2 
12-08 11:26:08.801 I/FrameSetDispatcher(  873): [{WT:RAW10}] purpose: object, slots: SLOT_3 
12-08 11:26:08.801 I/FrameSetDispatcher(  873): [{WT:RAW10}] purpose: active_slots, slots: SLOT_0 SLOT_1 SLOT_2 SLOT_3 
12-08 11:26:08.801 I/FrameSetDispatcher(  873): [{WT:RAW10}] purpose: hand, slots: 
12-08 11:26:08.801 I/FrameSetDispatcher(  873): [{WT:RAW10}] purpose: iot, slots: SLOT_0 SLOT_2 
12-08 11:26:08.801 I/FrameSetDispatcher(  873): [{WT:RAW10}] purpose: projector_assisted_depth, slots: 
12-08 11:26:08.801 I/SensorDataTransforms( 1574): [MrStreamControl:mr_monochrome] Staging mux mode updates for {worldTracking: ind-3, seqId-73},
12-08 11:26:08.801 I/SensorDataTransforms( 1574): [MrStreamControl:mr_monochrome] Signaling start of the mode transition
12-08 11:26:08.801 I/SensorDataTransforms( 1574): [MrStreamControl:mr_monochrome] Mux mode updates successfully staged
12-08 11:26:08.801 I/SensorDataTransforms( 1574): [MrStreamControl:projector_assisted_depth] Staging mux mode updates for {worldTracking: ind-3, seqId-73},
12-08 11:26:08.801 I/SensorDataTransforms( 1574): [MrStreamControl:projector_assisted_depth] Mux mode updates successfully staged
12-08 11:26:08.801 I/SensorDataTransforms( 1772): [iobt:iobt] Staging mux mode updates for {worldTracking: ind-3, seqId-73},
12-08 11:26:08.802 I/SensorDataTransforms( 1772): [iobt:iobt] Mux mode updates successfully staged
12-08 11:26:08.802 D/TrackingService( 1772): [iobt:iobt]Queue mux mode update notification: lowLightControllerObject
12-08 11:26:08.802 D/TrackingService( 1772): [iobt]start onMuxStateUpdate. ModeId: lowLightHandsObject -> lowLightControllerObject
12-08 11:26:08.802 D/TrackingService( 1772): [iobt][iobt]handleMuxModeNotification started for muxMode[worldTracking: lowLightControllerObject]
12-08 11:26:08.802 D/TrackingService( 1772): [iobt][iobt]handleMuxModeNotification finished for muxMode[worldTracking: lowLightControllerObject]
12-08 11:26:08.802 D/TrackingService( 1772): [iobt]end onMuxStateUpdate. ModeId: lowLightHandsObject -> lowLightControllerObject
12-08 11:26:08.802 I/TrackingService( 1772): [                       iobt:iobt] Mux Mode Transition from sensor service: lowLightHandsObject -> lowLightControllerObject transition time: 0 ms
12-08 11:26:08.802 I/SensorDataTransforms( 1772): [hand:hand] Staging mux mode updates for {worldTracking: ind-3, seqId-73},
12-08 11:26:08.802 I/SensorDataTransforms( 1772): [hand:hand] Signaling start of the mode transition
12-08 11:26:08.802 I/TrackingService( 1772): [hand:hand] Start configuration update starting
12-08 11:26:08.802 I/TrackingService( 1772): [hand:hand] Start configuration update done
12-08 11:26:08.802 I/SensorDataTransforms( 1772): [hand:hand] Mux mode updates successfully staged
12-08 11:26:08.802 D/TrackingService( 1772): [hand:hand]Queue mux mode update notification: lowLightControllerObject
12-08 11:26:08.802 D/TrackingService( 1772): [hand]start onMuxStateUpdate. ModeId: lowLightHandsObject -> lowLightControllerObject
12-08 11:26:08.802 D/TrackingService( 1772): [HANDTRACKINGGLUE] handleMuxModeNotification
12-08 11:26:08.802 D/TrackingService( 1772): [HANDTRACKINGGLUE] handleStateChange muxMode=lowLightControllerObject
12-08 11:26:08.802 I/SensorDataTransforms( 1772): [object:object] Staging mux mode updates for {worldTracking: ind-3, seqId-73},
12-08 11:26:08.802 I/SensorDataTransforms( 1772): [object:object] Signaling start of the mode transition
12-08 11:26:08.802 I/TrackingService( 1772): [object:object] Start configuration update starting
12-08 11:26:08.802 I/TrackingService( 1772): [object:object] Start configuration update done
12-08 11:26:08.802 I/SensorDataTransforms( 1772): [object:object] Mux mode updates successfully staged
12-08 11:26:08.802 D/TrackingService( 1772): [object:object]Queue mux mode update notification: lowLightControllerObject
12-08 11:26:08.802 D/TrackingService( 1772): [object]start onMuxStateUpdate. ModeId: lowLightHandsObject -> lowLightControllerObject
12-08 11:26:08.802 D/TrackingService( 1772): [object][object]handleMuxModeNotification started for muxMode[worldTracking: lowLightControllerObject]
12-08 11:26:08.802 D/TrackingService( 1772): [object][object]handleMuxModeNotification finished for muxMode[worldTracking: lowLightControllerObject]
12-08 11:26:08.802 D/TrackingService( 1772): [object]end onMuxStateUpdate. ModeId: lowLightHandsObject -> lowLightControllerObject
12-08 11:26:08.802 I/TrackingService( 1772): [                   object:object] Mux Mode Transition from sensor service: lowLightHandsObject -> lowLightControllerObject transition time: 0 ms
12-08 11:26:08.802 I/SensorDataTransforms( 1772): [iot:iot] Staging mux mode updates for {worldTracking: ind-3, seqId-73},
12-08 11:26:08.802 I/SensorDataTransforms( 1772): [iot:iot] Signaling start of the mode transition
12-08 11:26:08.802 I/TrackingService( 1772): [iot:iot] Start configuration update starting
12-08 11:26:08.802 I/TrackingService( 1772): [iot:iot] Start configuration update done
12-08 11:26:08.802 I/SensorDataTransforms( 1772): [iot:iot] Mux mode updates successfully staged
12-08 11:26:08.802 D/TrackingService( 1772): [iot:iot]Queue mux mode update notification: lowLightControllerObject
12-08 11:26:08.802 D/TrackingService( 1772): [iot]start onMuxStateUpdate. ModeId: lowLightHandsObject -> lowLightControllerObject
12-08 11:26:08.802 D/TrackingService( 1772): [iot][iot]handleMuxModeNotification started for muxMode[worldTracking: lowLightControllerObject]
12-08 11:26:08.802 D/TrackingService( 1772): [iot][iot]handleMuxModeNotification finished for muxMode[worldTracking: lowLightControllerObject]
12-08 11:26:08.802 D/TrackingService( 1772): [iot]end onMuxStateUpdate. ModeId: lowLightHandsObject -> lowLightControllerObject
12-08 11:26:08.802 I/TrackingService( 1772): [                         iot:iot] Mux Mode Transition from sensor service: lowLightHandsObject -> lowLightControllerObject transition time: 0 ms
12-08 11:26:08.802 D/CameraStream(  873): [hand] Client [Hand(1772)] attempting stop
12-08 11:26:08.802 I/FrameSetDispatcher(  873): [{WT:RAW10}] Client pid=1772 (Hand): Client thread stopping
12-08 11:26:08.803 I/CameraClientManager(  873): [Hand(1772)][hand] client stopped (estimated 0 started clients remaining)
12-08 11:26:08.803 I/CameraClientManager(  873): [[Hand(1772)][hand]] definitely stopping stream
12-08 11:26:08.804 D/CameraStream(  873): [constellation] Client [Cnst(1772)] attempting start
12-08 11:26:08.805 I/FrameSetDispatcher(  873): [{WT:RAW10}] Client pid=1772 (Cnst): Client thread[{WT:RAW10}:Cnst] started
12-08 11:26:08.805 I/CameraClientManager(  873): [Cnst(1772)][constellation] client started (estimated 1 started clients total)
12-08 11:26:08.805 I/CameraClientManager(  873): [[Cnst(1772)][constellation]] definitely starting stream
12-08 11:26:08.812 D/SensorService(  873): Configured syncboss nice config: [{camera_set: 1, num_slots: 4, [ { tag: 48, default_exposure_us: 65535, default_gain: 65535, capabilities: 0, slot_length: 0, }, { tag: 49, default_exposure_us: 38, default_gain: 48, capabilities: 2, slot_length: 0, }, { tag: 50, default_exposure_us: 65535, default_gain: 65535, capabilities: 0, slot_length: 0, }, { tag: 51, default_exposure_us: 65535, default_gain: 65535, capabilities: 0, slot_length: 0, }, ] shutter_period_us: 16666, }, {camera_set: 2, num_slots: 4, [ { tag: 48, default_exposure_us: 65535, default_gain: 65535, capabilities: 0, slot_length: 0, }, { tag: 49, default_exposure_us: 38, default_gain: 48, capabilities: 2, slot_length: 0, }, { tag: 50, default_exposure_us: 65535, default_gain: 65535, capabilities: 0, slot_length: 0, }, { tag: 51, default_exposure_us: 65535, default_gain: 65535, capabilities: 0, slot_length: 0, }, ] shutter_period_us: 16666, }, ]
12-08 11:26:08.812 I/SensorService(  873): [worldTracking] Stopping cameras for purpose hand
12-08 11:26:08.812 D/NiceCameraSystem(  873): CameraSystem stopping cameras for purpose hand
12-08 11:26:08.813 I/FrameSetCollator(  873): [{WT:RAW10}] Skipping stop, start count: 3
12-08 11:26:08.813 I/SensorService(  873): [worldTracking] Stopping camera streams for purpose: hand
12-08 11:26:08.813 I/CameraClientManager(  873): [[Hand(1772)][hand]] stream stop completed
12-08 11:26:08.813 D/CameraStream(  873): [hand] Client [Hand(1772)]: stop complete
12-08 11:26:08.813 I/SensorService(  873): [worldTracking] Starting cameras for purpose constellation
12-08 11:26:08.813 I/FrameSetCollator(  873): [{WT:RAW10}] Skipping start, current start count: 4
12-08 11:26:08.813 I/SensorService(  873): [worldTracking] Starting camera streams for purpose: constellation, current muxmode = 3
12-08 11:26:08.813 I/CameraClientManager(  873): [[Cnst(1772)][constellation]] stream start completed
12-08 11:26:08.813 D/CameraStream(  873): [constellation] Client [Cnst(1772)]: start complete
12-08 11:26:08.813 I/TrackingFidelityService( 1765): endTransition[worldTracking]: lowLightHandsObject(4)->lowLightControllerObject(3), seqId=73, succeeded=true
12-08 11:26:08.813 I/TrackingFidelityService( 1765): Received hand/controller update: multimodal_hands_and_controllers_enabled
12-08 11:26:08.813 D/TrackingService( 1772): [HANDTRACKINGGLUE] suspendCapability
12-08 11:26:08.814 D/TrackingService( 1772): hand: Joining stream thread: HandCam
12-08 11:26:08.814 I/TrackingFidelityService( 1765): checkMultimodalFeature: Attempt made to enable multimodal hands+controllers when not supported by app
12-08 11:26:08.814 I/TrackingFidelityService( 1765): Request(s)={constellation:5,controller_selftracked:5,hands:0,environment_lighting:0,keyboard:5,scene_reconstruction:0,}, Mux mode idx=3, name=lowLightControllerObject, score=-1960
12-08 11:26:08.814 I/TrackingFidelityService( 1765): beginTransition[worldTracking]: lowLightControllerObject(3)->lowLightControllerObject(3)
12-08 11:26:08.814 I/TrackingFidelityService( 1765): _applyMuxModeLockedInternal: Mode lowLightControllerObject already set. Returning.
12-08 11:26:08.814 I/TrackingFidelityService( 1765): endTransition[worldTracking]: lowLightControllerObject(3)->lowLightControllerObject(3), seqId=-1, succeeded=true
12-08 11:26:08.814 D/TrackingService( 1772): hand: stopCameras finished
12-08 11:26:08.814 D/TrackingService( 1772): [hand]end onMuxStateUpdate. ModeId: lowLightHandsObject -> lowLightControllerObject
12-08 11:26:08.814 I/TrackingService( 1772): [                       hand:hand] Mux Mode Transition from sensor service: lowLightHandsObject -> lowLightControllerObject transition time: 12 ms
12-08 11:26:08.815 I/SyncBossFW(  866): 7637631 [info   ] {NICE}: nice_set_frame_rate called on same period of 16666us
12-08 11:26:08.815 I/SyncBossFW(  866): 7637631 [info   ] {NCM }: Found slot with constellation capability
12-08 11:26:08.815 I/SyncBossFW(  866): 7637634 [info   ] {NICE}: nice_set_frame_rate called on same period of 16666us
12-08 11:26:08.815 I/SyncBossFW(  866): 7637634 [info   ] {NCM }: No slot with projector capability found.
12-08 11:26:08.815 I/SyncBossFW(  866): 7637634 [info   ] {NCM }: Stopping projector
12-08 11:26:08.816 D/CameraStream(  873): [ambient_controller] Client [Cnst(1772)] attempting start
12-08 11:26:08.817 I/FrameSetDispatcher(  873): [{WT:RAW10}] Client pid=1772 (Cnst): Client thread[{WT:RAW10}:Cnst] started
12-08 11:26:08.817 I/CameraClientManager(  873): [Cnst(1772)][ambient_controller] client started (estimated 1 started clients total)
12-08 11:26:08.817 I/CameraClientManager(  873): [[Cnst(1772)][ambient_controller]] definitely starting stream
12-08 11:26:08.817 I/SensorService(  873): [worldTracking] Starting cameras for purpose ambient_controller
12-08 11:26:08.817 I/FrameSetCollator(  873): [{WT:RAW10}] Skipping start, current start count: 5
12-08 11:26:08.817 I/SensorService(  873): [worldTracking] Starting camera streams for purpose: ambient_controller, current muxmode = 3
12-08 11:26:08.817 I/CameraClientManager(  873): [[Cnst(1772)][ambient_controller]] stream start completed
12-08 11:26:08.817 D/CameraStream(  873): [ambient_controller] Client [Cnst(1772)]: start complete
12-08 11:26:08.817 D/TrackingService( 1772): [constellation][constellation]handleMuxModeNotification finished for muxMode[worldTracking: lowLightControllerObject]
12-08 11:26:08.817 D/TrackingService( 1772): [constellation]end onMuxStateUpdate. ModeId: lowLightHandsObject -> lowLightControllerObject
12-08 11:26:08.817 I/TrackingService( 1772): [     constellation:constellation] Mux Mode Transition from sensor service: lowLightHandsObject -> lowLightControllerObject transition time: 16 ms
12-08 11:26:08.817 D/TrackingService( 1772): [ambient_controller]start onMuxStateUpdate. ModeId: lowLightControllerObject -> lowLightControllerObject
12-08 11:26:08.817 D/TrackingService( 1772): [constellation][ambient_controller]handleMuxModeNotification started for muxMode[worldTracking: lowLightControllerObject]
12-08 11:26:08.817 E/TrackingService( 1772): Resetting MuxMode lowLightControllerObject which is already set
12-08 11:26:08.817 D/TrackingService( 1772): [ambient_controller]end onMuxStateUpdate. ModeId: lowLightControllerObject -> lowLightControllerObject
12-08 11:26:08.817 I/TrackingService( 1772): [constellation:ambient_controller] Mux Mode Transition from sensor service: lowLightControllerObject -> lowLightControllerObject transition time: 0 ms
12-08 11:26:08.818 D/ControllerManagement( 3227): RemoteService::recordControllerStatusUpdate: device 402c25cbf028a4e8: status: CONNECTED_ACTIVE tracking: NONE, errors: --
12-08 11:26:08.851 E/FrameSetCollator(  873): [{WT(0,1):RAW10}] 2 FrameSets had unexpected timestamps (in the last 1832.73ms). Ex: slot 2 7637637.616ms -> 7637670.948ms (observed period: 33.332ms, expected period: 16.666ms (16.666ms))
12-08 11:26:08.852 E/FrameSetCollator(  873): [{WT:RAW10}] 3 FrameSets had unexpected timestamps (in the last 1932.63ms). Ex: slot 2 7637637.616ms -> 7637670.948ms (observed period: 33.332ms, expected period: 16.666ms (16.666ms))
12-08 11:26:08.871 I/SyncBossHAL(  873): [info   ] pulsar_manager.c(180): Setting controller ID 402c25cbf028a4e8 LED config to period: 66664us, on-time: 19us, delay: 26453us
12-08 11:26:08.901 I/FrameSetDispatcher(  873): [{WT(0,1):RAW10}] 1 older Mux Mode settings are removed.
12-08 11:26:08.905 I/FrameSetDispatcher(  873): [{WT:RAW10}] 1 older Mux Mode settings are removed.
12-08 11:26:08.905 I/FrameSetDispatcher(  873): [{WT:RAW10}] Client pid=1772 (ExpCtl): Remove old Mux Mode 4: slot indices: SLOT_0 SLOT_2 SLOT_3 
12-08 11:26:08.905 I/FrameSetDispatcher(  873): [{WT:RAW10}] Client pid=1772 (Cnst): Remove old Mux Mode 4: slot indices: 
12-08 11:26:08.916 D/SensorDataTransforms( 1772): [constellation:constellation] Erased 2 stale entries from the staged mux states for worldTracking.
12-08 11:26:08.916 I/TrackingService( 1772): [constellation:constellation] Configuration update starting
12-08 11:26:08.917 I/TrackingService( 1772): [constellation:constellation] Configuration update done
12-08 11:26:08.917 I/TrackingService( 1772): [constellation:constellation] Finish configuration update starting
12-08 11:26:08.917 I/TrackingService( 1772): [constellation:constellation] Finish configuration update done
12-08 11:26:08.918 I/FrameSetDispatcher(  873): [{WT(0,1):RAW10}] Client pid=1574 (MrSSCamS): Remove old Mux Mode 4: slot indices: SLOT_0 SLOT_2 
12-08 11:26:08.923 I/FrameSetDispatcher(  873): [{WT:RAW10}] Client pid=1772 (Cnst): Remove old Mux Mode 4: slot indices: 
12-08 11:26:08.923 I/FrameSetDispatcher(  873): [{WT:RAW10}] Client pid=1772 (IOT): Remove old Mux Mode 4: slot indices: SLOT_0 SLOT_2 
12-08 11:26:08.923 I/TrackingService( 1772): [iot:iot] Configuration update starting
12-08 11:26:08.923 I/TrackingService( 1772): [iot:iot] Configuration update done
12-08 11:26:08.923 I/TrackingService( 1772): [iot:iot] Finish configuration update starting
12-08 11:26:08.923 I/TrackingService( 1772): [iot:iot] Finish configuration update done
12-08 11:26:08.925 D/SensorDataTransforms( 1772): [constellation:ambient_controller] Erased 2 stale entries from the staged mux states for worldTracking.
12-08 11:26:08.925 I/TrackingService( 1772): [constellation:ambient_controller] Configuration update starting
12-08 11:26:08.925 I/TrackingService( 1772): [constellation:ambient_controller] Configuration update done
12-08 11:26:08.925 I/TrackingService( 1772): [constellation:ambient_controller] Finish configuration update starting
12-08 11:26:08.925 I/TrackingService( 1772): [constellation:ambient_controller] Finish configuration update done
12-08 11:26:08.926 D/ControllerManagement( 3227): RemoteService::recordControllerStatusUpdate: device 402c25cbf028a4e8: status: CONNECTED_ACTIVE tracking: ORIENTATION, errors: --
12-08 11:26:08.935 I/SyncBossInput(  873): [info   ] [ruby (right) 402c25cbf028a4e8]: 3400032 [info   ] {IRLD}: IR LED configured: p=66664, ot=19, d=26453
12-08 11:26:08.938 I/SyncBossHAL(  873): [info   ] pulsar_manager.c(180): Setting controller ID 402c25cbf028a4e8 LED config to period: 66664us, on-time: 19us, delay: 26453us
12-08 11:26:08.941 I/FrameSetDispatcher(  873): [{WT:RAW10}] Client pid=1772 (Obj): Remove old Mux Mode 4: slot indices: SLOT_3 
12-08 11:26:08.941 I/TrackingService( 1772): [object:object] Configuration update starting
12-08 11:26:08.941 I/TrackingService( 1772): [object:object] Configuration update done
12-08 11:26:08.941 I/TrackingService( 1772): [object:object] Finish configuration update starting
12-08 11:26:08.941 I/TrackingService( 1772): [object:object] Finish configuration update done
12-08 11:26:08.956 W/FrameSetDispatcher(  873): [{WT:RAW10}] Client pid=1772 (Cnst): client is taking longer than 33ms to return FrameSets (1x in the past 0.139s)
12-08 11:26:08.962 D/ControllerManagement( 3227): RemoteService::recordControllerStatusUpdate: device 402c25cbf028a4e8: status: CONNECTED_ACTIVE tracking: POSITION, errors: --
12-08 11:26:08.963 W/AppOps  ( 2051): Noting op not finished: uid 10053 pkg com.oculus.vrshell code 140 startTime of in progress event=1765221967777
12-08 11:26:08.992 I/SyncBossInput(  873): [info   ] [ruby (right) 402c25cbf028a4e8]: 3400098 [info   ] {IRLD}: IR LED configured: p=66664, ot=19, d=26453
12-08 11:26:09.180 W/healthd (    0): battery l=100 v=4322 t=35.0 h=2 st=5 c=-986230 fc=4798000 cc=18 chg=a
12-08 11:26:09.181 W/NotificationHistory( 2051): Attempted to add notif for locked/gone/disabled user 0
12-08 11:26:09.227 D/HorizonOsWindowManagerUtils( 2051): setFocusedWindowSync: Updating top task: t2 -> t9 (requested wct: WCT{RemoteToken{c7be37f Task{e173eb2 #9 type=standard}}})
12-08 11:26:09.227 W/HorizonOsWindowManagerUtils( 2051): setFocusedWindowSync: top visible activity is null for t9
12-08 11:26:09.247 I/OculusWindowMgr( 2051): OWMS::focusChanged: windowRootTaskId: 2
12-08 11:26:09.247 I/OculusWindowMgr( 2051): OWMS::focusChanged: getImmersiveTask returned
12-08 11:26:09.247 I/OculusWindowMgr( 2051): OWMS::focusChanged: matchedTaskId: 2
12-08 11:26:09.248 D/VolumetricContentMonitor( 2051): Focused window changed to RunningWindowInfo{  pid: 4168, uid: 10053, userId: 0, windowContainerToken: 42403694, windowToken: android.view.IWindow$Stub$Proxy@4d5de0f, windowId: com.android.server.wm.WindowState$WindowId@7524e9c, displayId: 0, windowType: 1, activity: RunningActivityInfo { rootTask: 2, uid: 10053, pid: 4168, userId: 0, activity: com.oculus.vrshell.HomeActivity, windowId: com.android.server.wm.WindowState$WindowId@7524e9c, state: ACTIVITY_STATE_VISIBLE}}, from android.view.IWindow$Stub$Proxy@79109d
12-08 11:26:09.248 D/ActivityTaskManager( 2051): getDisplaysWithTopActivities: immersive ActivityRecord{4800ec1 u0 com.oculus.vrshell/.HomeActivity t2576}
12-08 11:26:09.248 D/SpatialAudioService( 2051): Skipping processing for app: com.oculus.vrshell (isNewApp: false, perAppEnabled: true, epsService: true)
12-08 11:26:09.248 V/WorldManagerService( 2051): VW Content Listener: com.oculus.vrshell -1
12-08 11:26:09.248 D/SpatialAudioService( 2051): Skipping processing for app: com.oculus.vrshell (isNewApp: false, perAppEnabled: true, epsService: true)
12-08 11:26:09.248 V/WorldManagerService( 2051): VW Content Listener: com.oculus.vrshell -1
12-08 11:26:09.248 W/SpatialWindowResourceService( 2051): setWindowUserPerceivedState(): process is marked immersive, avoid 2D resource management
12-08 11:26:09.256 D/ActivityManager( 2051): sync unfroze 23921 com.meta.pclinkservice.server for 1
12-08 11:26:09.256 I/ActivityManager( 2051): updateOomAdj start time is before than pendingPid added, don't delete it
12-08 11:26:09.263 I/SpatialWindowResourceService( 2051): setWindowFrameRate() token: horizonos.view.VolumetricWindowToken$InternalVolumetricToken@bf4fc9e framerate: 0.0
12-08 11:26:09.264 I/SpatialWindowResourceService( 2051): setWindowUserPerceivedState(): Setting Application State:ComponentInfo{com.oculus.panelapp.library/com.oculus.navigator.library.app.NavigatorLibraryActivity} ProcessName:com.oculus.panelapp.library:SystemBar PerceptionState:(old):NO_PERCEPTION->(new):CRITICAL_PERCEPTION
12-08 11:26:09.265 I/SpatialWindowResourceService( 2051): setWindowFrameRate() token: horizonos.view.VolumetricWindowToken$InternalVolumetricToken@f37ffcd framerate: 0.0
12-08 11:26:09.266 I/SpatialWindowResourceService( 2051): setWindowUserPerceivedState(): Setting Application State:ComponentInfo{com.oculus.panelapp.library/com.oculus.navigator.systembar.app.SystemBarActivity} ProcessName:com.oculus.panelapp.library:SystemBar PerceptionState:(old):NO_PERCEPTION->(new):CRITICAL_PERCEPTION
12-08 11:26:09.326 I/DisplayDeviceRepository( 2051): Display device changed: DisplayDeviceInfo{"MirrorRoot for 3fb2db9c-dcfd-4249-81f3-1693cdd635c7": uniqueId="virtual:android,1000,MirrorRoot for 3fb2db9c-dcfd-4249-81f3-1693cdd635c7,0", 688 x 100, modeId 218, renderFrameRate 60.0, defaultModeId 218, supportedModes [{id=218, width=688, height=100, fps=60.0, alternativeRefreshRates=[], supportedHdrTypes=[]}], colorMode 0, supportedColorModes [0], hdrCapabilities null, allmSupported false, gameContentTypeSupported false, density 200, 200.0 x 200.0 dpi, appVsyncOff 0, presDeadline 16666666, touch NONE, rotation 0, type VIRTUAL, deviceProductInfo null, state ON, committedState UNKNOWN, owner android (uid 1000), frameRateOverride , brightnessMinimum 0.0, brightnessMaximum 0.0, brightnessDefault 0.0, hdrSdrRatio NaN, FLAG_SECURE, FLAG_SUPPORTS_PROTECTED_BUFFERS, FLAG_OWN_CONTENT_ONLY, FLAG_DESTROY_CONTENT_ON_REMOVAL, installOrientation 0, displayShape DisplayShape{ spec=1155992187 displayWidth=688 displayHeight=100 physicalPixelDisplaySizeRatio=1.0 rotation=0 offsetX=0 offsetY=0 scale=1.0}}
12-08 11:26:09.327 V/WindowManager( 2051): Queueing legacy sync-set: 327
12-08 11:26:09.329 I/WindowManager( 2051): Override config changes=20000d80 {0.0 ?mcc0mnc ?localeList ?layoutDir sw80dp w550dp h80dp 200dpi nrml long land ?uimode ?night -touch -keyb/v/h -nav/h winConfig={ mBounds=Rect(0, 0 - 688, 100) mAppBounds=Rect(0, 0 - 688, 100) mMaxBounds=Rect(0, 0 - 688, 100) mDisplayRotation=ROTATION_0 mWindowingMode=fullscreen mDisplayWindowingMode=fullscreen mActivityType=undefined mAlwaysOnTop=undefined mRotation=ROTATION_0} ?fontWeightAdjustment} for displayId=11
12-08 11:26:09.338 I/WorldManagerService( 2051): Added World 9351906201599529 to the recent worlds stack
12-08 11:26:09.338 I/WorldManagerService( 2051): Setting active world with ID: 9351906201599529 and tpye: 1
12-08 11:26:09.351 D/ActivityManager( 2051): sync unfroze 24268 com.oculus.remotedesktop:RemoteDesktop for 3
12-08 11:26:09.351 V/WindowManager( 2051): Content Recording: Display 11 state is now (2), so update recording?
12-08 11:26:09.362 V/WindowManager( 2051): Content Recording: Display 11 state is now (2), so update recording?
12-08 11:26:09.369 D/CompatibilityChangeReporter( 2051): Compat change id reported: 265195908; UID 10109; state: ENABLED
12-08 11:26:09.378 W/WindowManager( 2051): Requires INTERNAL_SYSTEM_WINDOW permission if assign type to input. New type will be 0.
12-08 11:26:09.384 I/OculusWindowMgr( 2051): OWMS::focusChanged: windowRootTaskId: 9
12-08 11:26:09.384 I/OculusWindowMgr( 2051): OWMS::focusChanged: getImmersiveTask returned
12-08 11:26:09.384 I/OculusWindowMgr( 2051): OWMS::focusChanged: mFocusPlaceholderActivity found in Task.
12-08 11:26:09.384 D/ActivityTaskManager( 2051): getDisplaysWithTopActivities: immersive ActivityRecord{4800ec1 u0 com.oculus.vrshell/.HomeActivity t2576}
12-08 11:26:09.387 D/VolumetricContentMonitor( 2051): Focused window changed to RunningWindowInfo{  pid: 18561, uid: 10049, userId: 0, windowContainerToken: 265082061, windowToken: android.view.IWindow$Stub$Proxy@69b4182, windowId: com.android.server.wm.WindowState$WindowId@a9cb093, displayId: 0, windowType: 1, activity: RunningActivityInfo { rootTask: 9, uid: 10049, pid: 18561, userId: 0, activity: com.oculus.navigator.library.app.NavigatorLibraryActivity, windowId: com.android.server.wm.WindowState$WindowId@a9cb093, state: ACTIVITY_STATE_VISIBLE}}, from android.view.IWindow$Stub$Proxy@4d5de0f
12-08 11:26:09.397 I/SpatialWindowResourceService( 2051): setWindowFrameRate() token: horizonos.view.VolumetricWindowToken$InternalVolumetricToken@bf4fc9e framerate: 0.0
12-08 11:26:09.398 D/SpatialAudioService( 2051): Skipping processing for app: com.oculus.vrshell (isNewApp: false, perAppEnabled: true, epsService: true)
12-08 11:26:09.398 V/WorldManagerService( 2051): VW Content Listener: com.oculus.vrshell -1
12-08 11:26:09.398 D/SpatialAudioService( 2051): Skipping processing for app: com.oculus.panelapp.library (isNewApp: false, perAppEnabled: true, epsService: true)
12-08 11:26:09.398 V/WorldManagerService( 2051): VW Content Listener: com.oculus.panelapp.library -1
12-08 11:26:09.402 V/WindowManager( 2051): Sent Transition #326 createdAt=12-08 11:26:09.252
12-08 11:26:09.402 V/WindowManager( 2051):     startWCT=WindowContainerTransaction { changes = {RemoteToken{569082 Task{56fc267 #6 type=standard}}={}, RemoteToken{c7be37f Task{e173eb2 #9 type=standard}}={}} hops = [] errorCallbackToken=null taskFragmentOrganizer=null }
12-08 11:26:09.402 V/WindowManager( 2051):     info={id=326 t=TO_FRONT f=0x0 trk=0 r=[0@Point(0, 0)] c=[{WCT{RemoteToken{f26b4d0 Task{1d4a8e5 #2582 type=standard A=10049:com.oculus.panelapp.library}}} m=TO_FRONT f=TRANSLUCENT p=WCT{RemoteToken{c7be37f Task{e173eb2 #9 type=standard}}} leash=Surface(name=Task=2582)/@0x4ae765d sb=Rect(48000, 0 - 49840, 1000) eb=Rect(48000, 0 - 49840, 1000) d=0},{WCT{RemoteToken{c7be37f Task{e173eb2 #9 type=standard}}} m=TO_FRONT f=TRANSLUCENT leash=Surface(name=Task=9)/@0xb28b834 sb=Rect(48000, 0 - 49840, 1000) eb=Rect(48000, 0 - 49840, 1000) eo=Point(48000, 0) d=0},{WCT{RemoteToken{b849664 Task{fec4b53 #2579 type=standard A=10049:com.oculus.panelapp.library:1048820175}}} m=TO_FRONT f=TRANSLUCENT p=WCT{RemoteToken{569082 Task{56fc267 #6 type=standard}}} leash=Surface(name=Task=2579)/@0x6e3eb2b sb=Rect(24000, 0 - 25500, 117) eb=Rect(24000, 0 - 25500, 117) d=0},{WCT{RemoteToken{569082 Task{56fc267 #6 type=standard}}} m=TO_FRONT f=TRANSLUCENT leash=Surface(name=Task=6)/@0x956e77a sb=Rect(24000, 0 - 25500, 117) eb=Rect(24000, 0 - 25500, 117) eo=Point(24000, 0) d=0}]}
12-08 11:26:09.410 V/WindowManager( 2051): Finish Transition #326: created at 12-08 11:26:09.252 collect-started=0.05ms started=0.097ms ready=2.684ms sent=149.233ms finished=156.64ms
12-08 11:26:09.417 I/VolumetricWindow( 2051): [setDrawn] VW=ba3cf751-e68a-42ef-9fc8-fda532e026a2: isDrawn=true (isActive=true, isVisible=true)
12-08 11:26:09.417 I/VolumetricWindow( 2051): [setDrawn] VW=17752a76-e2cd-42fb-978b-f5c8221e3d4e: isDrawn=true (isActive=true, isVisible=true)
12-08 11:26:09.473 D/CompatibilityChangeReporter( 2051): Compat change id reported: 175319604; UID 1000; state: ENABLED
12-08 11:26:09.473 D/CompatibilityChangeReporter( 2051): Compat change id reported: 195579280; UID 1000; state: ENABLED
12-08 11:26:09.493 W/WindowManager( 2051): Requires INTERNAL_SYSTEM_WINDOW permission if assign type to input. New type will be 0.
12-08 11:26:09.497 I/VolumetricWindowManagerServiceImpl( 2051): addWindow(parentVwToken=VolumetricWindowToken { scope = 2, token = android.os.Binder@4a64003, persistableToken = ba3cf751-e68a-42ef-9fc8-fda532e026a2 }, placementParams=VolumetricWindowPlacementParams { volumetricWindowType = 0, parentWindowToken = VolumetricWindowToken { scope = 2, token = android.os.Binder@4a64003, persistableToken = ba3cf751-e68a-42ef-9fc8-fda532e026a2 }, relativeSpaceToken = null, inParentPixels = false, requestedPose = null, requestedBounds = null, requestedSurfaceSize = 67x564, layoutParams = VolumetricWindowLayoutParams { attachFrom = 51, attachTo = 51, translationAdjustment = TranslationAdjustment { x = 0, y = 0, z = 4 }, rotationAdjustment = RotationAdjustment { pitchX = 0, yawY = 0, rollZ = 0 }, matchParentDensity = false, pixelTranslationOverride = Point(2, -199), flags = 0 }, pendingIntent = null, surfacePackage = android.view.SurfaceControlViewHost$SurfacePackage@1f83fdb, visible = true }
12-08 11:26:09.521 W/LaunchInterceptorUtil( 2051): Package metadata is empty: com.oculus.mrds
12-08 11:26:09.525 W/LaunchInterceptorUtil( 2051): Package metadata is empty: com.oculus.mrds
12-08 11:26:09.528 W/LaunchInterceptorUtil( 2051): Package metadata is empty: com.oculus.mrds
12-08 11:26:09.529 W/LaunchInterceptorUtil( 2051): Package metadata is empty: com.oculus.mrds
12-08 11:26:09.533 I/ActivityTaskManager( 2051): START u0 {act=com.oculus.mrds.WINDOWS_APP_CONNECT_FLOW flg=0x18011000 pkg=com.oculus.mrds cmp=com.oculus.mrds/.msft.connectactivity.ConnectActivity} with LAUNCH_SINGLE_TASK from uid 10087 (BAL_ALLOW_VISIBLE_WINDOW) result code=0
12-08 11:26:09.551 W/ProcessStats( 2051): Tracking association SourceState{87fe1e0 com.oculus.ocms/10068 BTop #20193} whose proc state 2 is better than process ProcessState{286e643 com.oculus.quickplayservice/1000 pkg=com.oculus.quickplayservice} proc state 3 (207 skipped)
12-08 11:26:09.554 I/VolumetricWindowManagerServiceImpl( 2051): onWindowPlacementAccepted for newVwToken=VolumetricWindowToken { scope = 1, token = horizonos.view.VolumetricWindowToken$InternalVolumetricToken@59ab18e, persistableToken = bce6c89a-5a9f-4f14-b033-a697cc2b8f43 }, parentVwToken=VolumetricWindowToken { scope = 2, token = android.os.Binder@4a64003, persistableToken = ba3cf751-e68a-42ef-9fc8-fda532e026a2 }
12-08 11:26:09.562 I/VolumetricContainerPlacement( 2051): acquired ContainerPlacement{mId=8, mBounds=Rect(64000, 0 - 72000, 8000)}
12-08 11:26:09.568 I/SpaceManagerServiceImpl( 2051): addSpace done: userId = 0, spaceToken = SpaceToken { binderToken = horizonos.view.SpaceToken$InternalSpaceToken@a1df945, persistableToken = 0c85a1cb-7c81-4639-b831-001281f87493 }
12-08 11:26:09.579 I/DisplayDeviceRepository( 2051): Display device added: DisplayDeviceInfo{"MirrorRoot for bce6c89a-5a9f-4f14-b033-a697cc2b8f43": uniqueId="virtual:android,1000,MirrorRoot for bce6c89a-5a9f-4f14-b033-a697cc2b8f43,0", 67 x 564, modeId 219, renderFrameRate 60.0, defaultModeId 219, supportedModes [{id=219, width=67, height=564, fps=60.0, alternativeRefreshRates=[], supportedHdrTypes=[]}], colorMode 0, supportedColorModes [0], hdrCapabilities null, allmSupported false, gameContentTypeSupported false, density 200, 200.0 x 200.0 dpi, appVsyncOff 0, presDeadline 16666666, touch NONE, rotation 0, type VIRTUAL, deviceProductInfo null, state OFF, committedState UNKNOWN, owner android (uid 1000), frameRateOverride , brightnessMinimum 0.0, brightnessMaximum 0.0, brightnessDefault 0.0, hdrSdrRatio NaN, FLAG_SECURE, FLAG_SUPPORTS_PROTECTED_BUFFERS, FLAG_OWN_CONTENT_ONLY, FLAG_DESTROY_CONTENT_ON_REMOVAL, installOrientation 0, displayShape DisplayShape{ spec=585457113 displayWidth=67 displayHeight=564 physicalPixelDisplaySizeRatio=1.0 rotation=0 offsetX=0 offsetY=0 scale=1.0}}
12-08 11:26:09.580 I/LogicalDisplayMapper( 2051): Applying layout: [{dispId: 0(ON), displayGroupName: , addr: {port=146, model=0x40446dbbd154e4}, mThermalBrightnessThrottlingMapId: null, mRefreshRateZoneId: null, mLeadDisplayId: -1, mThermalRefreshRateThrottlingMapId: null}], Previous layout: [{dispId: 0(ON), displayGroupName: , addr: {port=146, model=0x40446dbbd154e4}, mThermalBrightnessThrottlingMapId: null, mRefreshRateZoneId: null, mLeadDisplayId: -1, mThermalRefreshRateThrottlingMapId: null}]
12-08 11:26:09.580 I/LogicalDisplayMapper( 2051): Setting new display group 0 for display 97, from previous group: null
12-08 11:26:09.581 I/LogicalDisplayMapper( 2051): Adding new display: 97: DisplayInfo{"MirrorRoot for bce6c89a-5a9f-4f14-b033-a697cc2b8f43", displayId 97, displayGroupId 0, FLAG_SECURE, FLAG_SUPPORTS_PROTECTED_BUFFERS, real 67 x 564, largest app 67 x 564, smallest app 67 x 564, appVsyncOff 0, presDeadline 16666666, mode 21960.0, defaultMode 219, modes [{id=219, width=67, height=564, fps=60.0, alternativeRefreshRates=[], supportedHdrTypes=[]}], hdrCapabilities null, userDisabledHdrTypes [], minimalPostProcessingSupported false, rotation 0, state OFF, committedState UNKNOWN, type VIRTUAL, uniqueId "virtual:android,1000,MirrorRoot for bce6c89a-5a9f-4f14-b033-a697cc2b8f43,0", app 67 x 564, density 200 (200.0 x 200.0) dpi, layerStack 97, colorMode 0, supportedColorModes [0], deviceProductInfo null, owner android (uid 1000), removeMode 1, refreshRateOverride 0.0, brightnessMinimum 0.0, brightnessMaximum 0.0, brightnessDefault 0.0, installOrientation ROTATION_0, layoutLimitedRefreshRate null, hdrSdrRatio not_available, thermalRefreshRateThrottling {}, thermalBrightnessThrottlingDataId default}
12-08 11:26:09.582 W/BrightnessThrottler( 2051): DeviceConfig ThermalBrightnessThrottlingData is null
12-08 11:26:09.582 W/DisplayPowerController2[97]( 2051): Screen brightness nits configuration is unavailable; falling back
12-08 11:26:09.602 I/WindowManager( 2051): Override config changes=20005df8 {0.0 ?mcc0mnc ?localeList ?layoutDir sw54dp w54dp h451dp 200dpi smll port ?uimode ?night -touch -keyb/v/h -nav/h winConfig={ mBounds=Rect(0, 0 - 67, 564) mAppBounds=Rect(0, 0 - 67, 564) mMaxBounds=Rect(0, 0 - 67, 564) mDisplayRotation=ROTATION_0 mWindowingMode=fullscreen mDisplayWindowingMode=fullscreen mActivityType=undefined mAlwaysOnTop=undefined mRotation=ROTATION_0} ?fontWeightAdjustment} for displayId=97
12-08 11:26:09.603 W/DisplayController( 3353): Skipping Display Configuration change on non-added display.
12-08 11:26:09.606 I/VolumetricWindowManagerServiceImpl( 2051): addVolumetricWindow done: userId = 0, wct = null, vw type = 0, vw persistable token = bce6c89a-5a9f-4f14-b033-a697cc2b8f43, rootTaskId = NA
12-08 11:26:09.611 V/DisplayPowerController2[97]( 2051): Brightness [0.0] reason changing to: 'manual', previous reason: '0'.
12-08 11:26:09.611 I/DisplayPowerController2[97]( 2051): BrightnessEvent: disp=97, physDisp=virtual:android,1000,MirrorRoot for bce6c89a-5a9f-4f14-b033-a697cc2b8f43,0, brt=0.0, initBrt=NaN, rcmdBrt=NaN, preBrt=NaN, lux=0.0, preLux=0.0, hbmMax=1.0, hbmMode=off, rbcStrength=-1, thrmMax=1.0, powerFactor=1.0, wasShortTermModelActive=false, flags=, reason=manual, autoBrightness=false, strategy=InvalidBrightnessStrategy
12-08 11:26:09.612 V/WindowManager( 2051): Content Recording: Display 97 state is now (1), so update recording?
12-08 11:26:09.613 W/Transition( 2051): Transition already started id=329 state=2
12-08 11:26:09.617 V/WindowManager( 2051): Sent Transition #329 createdAt=12-08 11:26:09.612 via request=TransitionRequestInfo { type = SLEEP, triggerTask = null, remoteTransition = null, displayChange = null }
12-08 11:26:09.617 V/WindowManager( 2051):     startWCT=WindowContainerTransaction { changes = {} hops = [] errorCallbackToken=null taskFragmentOrganizer=null }
12-08 11:26:09.617 V/WindowManager( 2051):     info={id=329 t=SLEEP f=0x0 trk=0 r=[] c=[]}
12-08 11:26:09.623 V/WindowManager( 2051): Finish Transition #329: created at 12-08 11:26:09.612 collect-started=0.023ms request-sent=0.072ms started=0.107ms ready=0.105ms sent=0.231ms finished=4.352ms
12-08 11:26:09.629 I/VolumetricWindowManagerServiceImpl( 2051): Handling SWMS response: launch into NEW_VOLUMETRIC_WINDOW VolumetricWindowPlacementResponse { volumetricToken = VolumetricWindowToken { scope = 1, token = horizonos.view.VolumetricWindowToken$InternalVolumetricToken@7bf87aa, persistableToken = 0ee17c0e-38f9-47a3-b6f5-c23b4a7646f2 }, relativeSpaceToken = SpaceToken { binderToken = android.os.BinderProxy@8803bc4, persistableToken = 00000000-0000-0000-0000-000000000000 }, pose = Pose { orientation = Vector4f { x = 0.0, y = 0.0, z = 0.0, w = 1.0 }, position = Vector3f { x = 0.0, y = 0.0, z = 0.0 } }, bounds = Extent3f { width = 0.07207247, height = 0.0098424945, depth = 0.0 }, surfaceSize = 567x77, densityDpi = 200, visible = true } for launch request [ActivityInfo{26b3a95 com.oculus.mrds.msft.connectactivity.ConnectActivity}](vrdesktop seq: 1)
12-08 11:26:09.629 W/VolumetricWindowManagerServiceImpl( 2051): Surface aspect ratio does not match spatial bounds aspect ratio. Surface: 7.3636365, Spatial bounds aspect: 7.322582, Spatial bounds: Extent3f { width = 0.07207247, height = 0.0098424945, depth = 0.0 }
12-08 11:26:09.630 I/VolumetricContainerPlacement( 2051): acquired ContainerPlacement{mId=9, mBounds=Rect(72000, 0 - 80000, 8000)}
12-08 11:26:09.635 I/SpaceManagerServiceImpl( 2051): addSpace done: userId = 0, spaceToken = SpaceToken { binderToken = horizonos.view.SpaceToken$InternalSpaceToken@f5ebf9b, persistableToken = 31dfae8e-6aba-4884-b1d1-36024ac47d9c }
12-08 11:26:09.637 I/DisplayDeviceRepository( 2051): Display device added: DisplayDeviceInfo{"MirrorRoot for 0ee17c0e-38f9-47a3-b6f5-c23b4a7646f2": uniqueId="virtual:android,1000,MirrorRoot for 0ee17c0e-38f9-47a3-b6f5-c23b4a7646f2,0", 567 x 77, modeId 220, renderFrameRate 60.0, defaultModeId 220, supportedModes [{id=220, width=567, height=77, fps=60.0, alternativeRefreshRates=[], supportedHdrTypes=[]}], colorMode 0, supportedColorModes [0], hdrCapabilities null, allmSupported false, gameContentTypeSupported false, density 200, 200.0 x 200.0 dpi, appVsyncOff 0, presDeadline 16666666, touch NONE, rotation 0, type VIRTUAL, deviceProductInfo null, state OFF, committedState UNKNOWN, owner android (uid 1000), frameRateOverride , brightnessMinimum 0.0, brightnessMaximum 0.0, brightnessDefault 0.0, hdrSdrRatio NaN, FLAG_SECURE, FLAG_SUPPORTS_PROTECTED_BUFFERS, FLAG_OWN_CONTENT_ONLY, FLAG_DESTROY_CONTENT_ON_REMOVAL, installOrientation 0, displayShape DisplayShape{ spec=-523945749 displayWidth=567 displayHeight=77 physicalPixelDisplaySizeRatio=1.0 rotation=0 offsetX=0 offsetY=0 scale=1.0}}
12-08 11:26:09.637 I/LogicalDisplayMapper( 2051): Applying layout: [{dispId: 0(ON), displayGroupName: , addr: {port=146, model=0x40446dbbd154e4}, mThermalBrightnessThrottlingMapId: null, mRefreshRateZoneId: null, mLeadDisplayId: -1, mThermalRefreshRateThrottlingMapId: null}], Previous layout: [{dispId: 0(ON), displayGroupName: , addr: {port=146, model=0x40446dbbd154e4}, mThermalBrightnessThrottlingMapId: null, mRefreshRateZoneId: null, mLeadDisplayId: -1, mThermalRefreshRateThrottlingMapId: null}]
12-08 11:26:09.637 I/LogicalDisplayMapper( 2051): Setting new display group 0 for display 98, from previous group: null
12-08 11:26:09.638 I/LogicalDisplayMapper( 2051): Adding new display: 98: DisplayInfo{"MirrorRoot for 0ee17c0e-38f9-47a3-b6f5-c23b4a7646f2", displayId 98, displayGroupId 0, FLAG_SECURE, FLAG_SUPPORTS_PROTECTED_BUFFERS, real 567 x 77, largest app 567 x 77, smallest app 567 x 77, appVsyncOff 0, presDeadline 16666666, mode 22060.0, defaultMode 220, modes [{id=220, width=567, height=77, fps=60.0, alternativeRefreshRates=[], supportedHdrTypes=[]}], hdrCapabilities null, userDisabledHdrTypes [], minimalPostProcessingSupported false, rotation 0, state OFF, committedState UNKNOWN, type VIRTUAL, uniqueId "virtual:android,1000,MirrorRoot for 0ee17c0e-38f9-47a3-b6f5-c23b4a7646f2,0", app 567 x 77, density 200 (200.0 x 200.0) dpi, layerStack 98, colorMode 0, supportedColorModes [0], deviceProductInfo null, owner android (uid 1000), removeMode 1, refreshRateOverride 0.0, brightnessMinimum 0.0, brightnessMaximum 0.0, brightnessDefault 0.0, installOrientation ROTATION_0, layoutLimitedRefreshRate null, hdrSdrRatio not_available, thermalRefreshRateThrottling {}, thermalBrightnessThrottlingDataId default}
12-08 11:26:09.638 W/BrightnessThrottler( 2051): DeviceConfig ThermalBrightnessThrottlingData is null
12-08 11:26:09.638 W/DisplayPowerController2[98]( 2051): Screen brightness nits configuration is unavailable; falling back
12-08 11:26:09.654 I/WindowManager( 2051): Override config changes=20005df8 {0.0 ?mcc0mnc ?localeList ?layoutDir sw62dp w454dp h62dp 200dpi smll land ?uimode ?night -touch -keyb/v/h -nav/h winConfig={ mBounds=Rect(0, 0 - 567, 77) mAppBounds=Rect(0, 0 - 567, 77) mMaxBounds=Rect(0, 0 - 567, 77) mDisplayRotation=ROTATION_0 mWindowingMode=fullscreen mDisplayWindowingMode=fullscreen mActivityType=undefined mAlwaysOnTop=undefined mRotation=ROTATION_0} ?fontWeightAdjustment} for displayId=98
12-08 11:26:09.655 V/ActivityManager( 2051): bindService: Intent { act=android.accounts.AccountAuthenticator cmp=com.oculus.horizon/com.oculus.auth.authenticator.oculus.OculusAuthenticatorService } type=null conn=android.app.LoadedApk$ServiceDispatcher$InnerConnection@e55b4fe flags=0x1
12-08 11:26:09.655 W/DisplayController( 3353): Skipping Display Configuration change on non-added display.
12-08 11:26:09.660 I/VolumetricWindowManagerServiceImpl( 2051): addVolumetricWindow done: userId = 0, wct = 9693e66, vw type = 1, vw persistable token = 0ee17c0e-38f9-47a3-b6f5-c23b4a7646f2, rootTaskId = 11
12-08 11:26:09.660 I/VolumetricWindowManagerServiceImpl( 2051): addTaskVolumetricWindowLocked: taskId = 11, VW = VolumetricWindowInfo { volumetricWindowToken = VolumetricWindowToken { scope = 1, token = horizonos.view.VolumetricWindowToken$InternalVolumetricToken@7bf87aa, persistableToken = 0ee17c0e-38f9-47a3-b6f5-c23b4a7646f2 }, type = 1, bounds = Extent3f { width = 0.07207247, height = 0.0098424945, depth = 0.0 }, pose = Pose { orientation = Vector4f { x = 0.0, y = 0.0, z = 0.0, w = 1.0 }, position = Vector3f { x = 0.0, y = 0.0, z = 0.0 } }, windowSize2d = Extent2i { width = 567, height = 77 }, densityDpi = 200, windowSpaceToken = SpaceToken { binderToken = horizonos.view.SpaceToken$InternalSpaceToken@f5ebf9b, persistableToken = 31dfae8e-6aba-4884-b1d1-36024ac47d9c }, visible = true, active = true, drawn = false, persistable = false, singlePassCompositionEnabled = false, depthTestEnabled = false, inView = false, windowFlags = 0, priorityHintInfo = PriorityHintInfo { windowPpd = 0.0, viewAngleSine = -1.0, visiblePercent = 1.0, distanceFromUser = 0.0, attentionZone = 0 }, taskInfo = null, presentation = VolumetricWindowPresentationInfo { controlBar = null }, layoutParams = null, children = [], shape = 1, cylinderInfo = null }, isSinglePassCompositionEnabled = false, isComponentBlocklisted = false, isComponentForcedToSPC = false
12-08 11:26:09.664 V/DisplayPowerController2[98]( 2051): Brightness [0.0] reason changing to: 'manual', previous reason: '0'.
12-08 11:26:09.664 I/DisplayPowerController2[98]( 2051): BrightnessEvent: disp=98, physDisp=virtual:android,1000,MirrorRoot for 0ee17c0e-38f9-47a3-b6f5-c23b4a7646f2,0, brt=0.0, initBrt=NaN, rcmdBrt=NaN, preBrt=NaN, lux=0.0, preLux=0.0, hbmMax=1.0, hbmMode=off, rbcStrength=-1, thrmMax=1.0, powerFactor=1.0, wasShortTermModelActive=false, flags=, reason=manual, autoBrightness=false, strategy=InvalidBrightnessStrategy
12-08 11:26:09.704 V/ActivityManager( 2051): bindService: Intent { act=android.accounts.AccountAuthenticator cmp=com.oculus.horizon/com.oculus.auth.authenticator.oculus.OculusAuthenticatorService } type=null conn=android.app.LoadedApk$ServiceDispatcher$InnerConnection@b4362ba flags=0x1
12-08 11:26:09.719 I/ActivityTaskManager( 2051): START u0 {act=com.oculus.mrds.WINDOWS_APP_CONNECT_FLOW flg=0x18811100 pkg=com.oculus.mrds cmp=com.oculus.mrds/.msft.connectactivity.ConnectActivity} with LAUNCH_SINGLE_TASK from uid 10087 (realCallingUid=1000) (BAL_ALLOW_VISIBLE_WINDOW) result code=0
12-08 11:26:09.726 I/DisplayDeviceRepository( 2051): Display device changed state: "MirrorRoot for bce6c89a-5a9f-4f14-b033-a697cc2b8f43", ON
12-08 11:26:09.727 I/DisplayDeviceRepository( 2051): Display device changed: DisplayDeviceInfo{"MirrorRoot for bce6c89a-5a9f-4f14-b033-a697cc2b8f43": uniqueId="virtual:android,1000,MirrorRoot for bce6c89a-5a9f-4f14-b033-a697cc2b8f43,0", 67 x 564, modeId 219, renderFrameRate 60.0, defaultModeId 219, supportedModes [{id=219, width=67, height=564, fps=60.0, alternativeRefreshRates=[], supportedHdrTypes=[]}], colorMode 0, supportedColorModes [0], hdrCapabilities null, allmSupported false, gameContentTypeSupported false, density 200, 200.0 x 200.0 dpi, appVsyncOff 0, presDeadline 16666666, touch NONE, rotation 0, type VIRTUAL, deviceProductInfo null, state ON, committedState UNKNOWN, owner android (uid 1000), frameRateOverride , brightnessMinimum 0.0, brightnessMaximum 0.0, brightnessDefault 0.0, hdrSdrRatio NaN, FLAG_SECURE, FLAG_SUPPORTS_PROTECTED_BUFFERS, FLAG_OWN_CONTENT_ONLY, FLAG_DESTROY_CONTENT_ON_REMOVAL, installOrientation 0, displayShape DisplayShape{ spec=585457113 displayWidth=67 displayHeight=564 physicalPixelDisplaySizeRatio=1.0 rotation=0 offsetX=0 offsetY=0 scale=1.0}}
