12-08 11:26:06.521 I/CAM_INFO(    0): CAM-SENSOR: cam_sensor_driver_cmd: 1211 CAM_ACQUIRE_DEV Success for ov7251 id:0xd,slave-addr:0xc0 crm:[0]
12-08 11:26:06.521 I/CAM_INFO(   19): CAM-SMMU: cam_smmu_map_user_iova: 3257 fd=875 already in list [19:26:6:508] cb=ife idx=0 handle=29465 len=757760,give same addr back
12-08 11:26:06.522 I/CAM_INFO(    0): CAM-CRM: cam_req_mgr_link_v3: 4951 link reserved 0000000000000000 0 trigger_type:1 num_devs:2 sess_hdl:6750741 no_crm:4
12-08 11:26:06.523 I/CAM_INFO(    0): CAM-ISP: cam_ife_hw_mgr_print_acquire_info: 2027 19:26:6.509 Acquired Single IFE[7] with [0 pix] [0 pd] [1 rdi] ports for ctx:14 per_port_enabled :0 sensor:2 ul: 1
12-08 11:26:06.523 I/CAM_INFO(    0): CAM-ISP: __cam_isp_ctx_acquire_hw_v2: 9737 NO CRM session,top state machine assigned for no crm ctx 14
12-08 11:26:06.530 I/CAM_INFO(    0): CAM-SENSOR: cam_sensor_driver_cmd: 1211 CAM_ACQUIRE_DEV Success for ov7251 id:0xd,slave-addr:0xd0 crm:[0]
12-08 11:26:06.531 I/CAM_INFO(   19): CAM-SMMU: cam_smmu_map_user_iova: 3257 fd=892 already in list [19:26:6:518] cb=ife idx=0 handle=29465 len=757760,give same addr back
12-08 11:26:06.532 I/CAM_INFO(    0): CAM-CRM: cam_req_mgr_link_v3: 4951 link reserved 0000000000000000 0 trigger_type:1 num_devs:2 sess_hdl:4063770 no_crm:4
12-08 11:26:06.533 I/CAM_INFO(    0): CAM-ISP: cam_ife_hw_mgr_print_acquire_info: 2027 19:26:6.520 Acquired Single IFE[6] with [0 pix] [0 pd] [1 rdi] ports for ctx:15 per_port_enabled :0 sensor:3 ul: 1
12-08 11:26:06.550 I/ActivityManager( 2051): Start proc 25375:com.meta.rl.trust.service/u0a80 for broadcast {com.meta.rl.trust.service/com.meta.rl.trust.service.RLCPDataChangeReceiver}
12-08 11:26:06.594 E/FrameSetCollator(  873): [{COL:FOVPR}] 1 FrameSets had unexpected timestamps (in the last 129.53ms). Ex: slot 0 7635387.706ms -> 7635404.158ms (observed period: 16.452ms, expected period: 16.666ms (-0.214ms))
12-08 11:26:06.620 I/TrackingService( 1772): [                   constellation] Power transition: SLEEP -> STANDBY transition time: 136 ms
12-08 11:26:06.620 D/TrackingService( 1772): [HANDTRACKINGGLUE] sleepToStandby
12-08 11:26:06.620 I/TrackingService( 1772): [                            hand] Power transition: SLEEP -> STANDBY transition time: 0 ms
12-08 11:26:06.620 I/TrackingService( 1772): [              selftracked_client] Power transition: SLEEP -> STANDBY transition time: 0 ms
12-08 11:26:06.620 I/TrackingService( 1772): [                            iobt] Power transition: SLEEP -> STANDBY transition time: 0 ms
12-08 11:26:06.644 V/ActivityManager( 2051): bindService: Intent { cmp=com.oculus.deviceauthserver/.DeviceAuthService } type=null conn=android.os.BinderProxy@f86eac2 flags=0x1
12-08 11:26:06.644 D/CompatibilityChangeReporter( 2051): Compat change id reported: 161252188; UID 1000; state: DISABLED
12-08 11:26:06.660 D/CompatibilityChangeReporter( 2051): Compat change id reported: 168419799; UID 10080; state: DISABLED
12-08 11:26:06.660 D/CompatibilityChangeReporter( 2051): Compat change id reported: 273564678; UID 10080; state: DISABLED
12-08 11:26:06.662 D/CompatibilityChangeReporter( 2051): Compat change id reported: 265195908; UID 10080; state: ENABLED
12-08 11:26:06.662 D/CompatibilityChangeReporter( 2051): Compat change id reported: 135634846; UID 10103; state: DISABLED
12-08 11:26:06.662 D/CompatibilityChangeReporter( 2051): Compat change id reported: 177438394; UID 10103; state: DISABLED
12-08 11:26:06.662 D/CompatibilityChangeReporter( 2051): Compat change id reported: 135772972; UID 10103; state: DISABLED
12-08 11:26:06.663 D/CompatibilityChangeReporter( 2051): Compat change id reported: 135754954; UID 10103; state: DISABLED
12-08 11:26:06.663 D/CompatibilityChangeReporter( 2051): Compat change id reported: 143937733; UID 10103; state: DISABLED
12-08 11:26:06.686 I/ActivityManager( 2051): Start proc 25421:com.oculus.socialplatform/u0a103 for broadcast {com.oculus.socialplatform/com.oculus.socialplatform.remotelaunch.UserPresentBroadcastReceiver}
12-08 11:26:06.700 I/TrackingService( 1772): [                          object] Power transition: SLEEP -> STANDBY transition time: 79 ms
12-08 11:26:06.701 I/TrackingService( 1772): [                      controller] Power transition: SLEEP -> STANDBY transition time: 0 ms
12-08 11:26:06.701 I/TrackingService( 1772): [            ExposureControlCmmv2] Power transition: SLEEP -> STANDBY transition time: 0 ms
12-08 11:26:06.701 I/TrackingService( 1772): [                            face] Power transition: SLEEP -> STANDBY transition time: 0 ms
12-08 11:26:06.701 D/libsensorscommon(  873): ControllerProvider: StreamingClient requested by 1772
12-08 11:26:06.701 D/SensorService(  873): ControllerProvider: acquiring StreamingClient impl; approx # alive: 2
12-08 11:26:06.701 D/ControllerManagement( 3227): processStateChange([PairedControllerInfo RUBY 402c25cbf028a4e8 disconnected detached update-required mcnt=2])
12-08 11:26:06.701 D/TrackingService( 1772): Transition completed for NONE
12-08 11:26:06.701 D/PowerMonitor( 1772): Executing transition from STANDBY to RUNNING
12-08 11:26:06.701 D/TrackingService( 1772): StateHandler setState powerState=RUNNING
12-08 11:26:06.701 D/TrackingService( 1772): Enqueued transition to (targetPowerState, targetMuxName): (RUNNING, --) - transition timeout: 1000000000 ns
12-08 11:26:06.701 I/TrackingService( 1772): [                   PerfLockHooks] Power transition: STANDBY -> RUNNING transition time: 0 ms
12-08 11:26:06.702 I/TrackingService( 1772): [                            bolt] Power transition: STANDBY -> RUNNING transition time: 0 ms
12-08 11:26:06.702 D/TrackingService( 1772): IOT standby to running started
12-08 11:26:06.702 D/CameraStream(  873): [iot] Client [IOT(1772)] attempting start
12-08 11:26:06.702 I/FrameSetDispatcher(  873): [{WT:RAW10}] Client pid=1772 (IOT): Client thread[{WT:RAW10}:IOT] started
12-08 11:26:06.702 I/CameraClientManager(  873): [IOT(1772)][iot] client started (estimated 1 started clients total)
12-08 11:26:06.702 I/CameraClientManager(  873): [[IOT(1772)][iot]] definitely starting stream
12-08 11:26:06.703 D/SensorService(  873): Found paired controllers: 2
12-08 11:26:06.703 D/SensorService(  873): Syncboss input 402c25cbf028a4e8 hardware type 6, subtype 2, revision 
12-08 11:26:06.703 I/SensorService(  873): preparePairedControllerInfo is adding device with valid 1
12-08 11:26:06.703 D/SensorService(  873): Syncboss input f343f271512a1feb hardware type 6, subtype 1, revision 
12-08 11:26:06.703 I/SensorService(  873): preparePairedControllerInfo is adding device with valid 1
12-08 11:26:06.703 D/ControllerManagement( 3227): processStateChange([PairedControllerInfo RUBY f343f271512a1feb disconnected detached update-required mcnt=2])
12-08 11:26:06.704 D/SensorService(  873): Found paired controllers: 2
12-08 11:26:06.704 D/SensorService(  873): Syncboss input 402c25cbf028a4e8 hardware type 6, subtype 2, revision 
12-08 11:26:06.704 I/SensorService(  873): preparePairedControllerInfo is adding device with valid 1
12-08 11:26:06.704 D/SensorService(  873): Syncboss input f343f271512a1feb hardware type 6, subtype 1, revision 
12-08 11:26:06.704 I/SensorService(  873): preparePairedControllerInfo is adding device with valid 1
12-08 11:26:06.704 D/libsensorscommon(  873): ControllerProvider: acquiring StreamingClient hidl for client 1772
12-08 11:26:06.706 D/CompatibilityChangeReporter( 2051): Compat change id reported: 170503758; UID 10080; state: ENABLED
12-08 11:26:06.724 I/SyncBossFW(  866): 7635547 [info   ] {APPI}: Setting projector pattern sequence
12-08 11:26:06.733 I/SyncBossFW(  866): 7635549 [info   ] {NICE}: nice_set_frame_rate called on same period of 16666us
12-08 11:26:06.733 I/SyncBossFW(  866): 7635549 [info   ] {NICE}: nice_set_frame_rate called on same period of 16666us
12-08 11:26:06.733 I/SyncBossFW(  866): 7635550 [info   ] {NICE}: nice_set_frame_rate called on same period of 16666us
12-08 11:26:06.733 I/SyncBossFW(  866): 7635550 [info   ] {NCM }: Found slot with constellation capability
12-08 11:26:06.734 D/SensorService(  873): Configured syncboss nice config: [{camera_set: 1, num_slots: 4, [ { tag: 16, default_exposure_us: 65535, default_gain: 65535, capabilities: 0, slot_length: 0, }, { tag: 17, default_exposure_us: 65535, default_gain: 65535, capabilities: 2, slot_length: 0, }, { tag: 18, default_exposure_us: 65535, default_gain: 65535, capabilities: 0, slot_length: 0, }, { tag: 19, default_exposure_us: 5000, default_gain: 48, capabilities: 8, slot_length: 0, }, ] shutter_period_us: 16666, }, {camera_set: 2, num_slots: 4, [ { tag: 16, default_exposure_us: 65535, default_gain: 65535, capabilities: 0, slot_length: 0, }, { tag: 17, default_exposure_us: 65535, default_gain: 65535, capabilities: 2, slot_length: 0, }, { tag: 18, default_exposure_us: 65535, default_gain: 65535, capabilities: 0, slot_length: 0, }, { tag: 19, default_exposure_us: 5000, default_gain: 48, capabilities: 8, slot_length: 0, }, ] shutter_period_us: 16666, }, ]
12-08 11:26:06.735 I/FrameSetCollator(  873): [{WT(0,1):RAW10}] started at 10163.06
12-08 11:26:06.735 I/SensorService(  873): [worldTracking] Starting camera streams for purpose: projector_assisted_depth, current muxmode = 1
12-08 11:26:06.740 I/CameraClientManager(  873): [[MrSSCamS(1574)][projector_assisted_depth]] stream start completed
12-08 11:26:06.740 I/SensorService(  873): [worldTracking] Starting cameras for purpose iot
12-08 11:26:06.740 D/CameraStream(  873): [projector_assisted_depth] Client [MrSSCamS(1574)]: start complete
12-08 11:26:06.740 I/FrameSetCollator(  873): [{WT:RAW10}] started at 10163.06
12-08 11:26:06.740 I/SensorService(  873): [worldTracking] Starting camera streams for purpose: iot, current muxmode = 1
12-08 11:26:06.740 I/CameraClientManager(  873): [[IOT(1772)][iot]] stream start completed
12-08 11:26:06.740 D/CameraStream(  873): [iot] Client [IOT(1772)]: start complete
12-08 11:26:06.741 D/CameraStream(  873): [mr_monochrome] Client [MrSSCamS(1574)] attempting start
12-08 11:26:06.742 I/FrameSetDispatcher(  873): [{WT(0,1):RAW10}] Client pid=1574 (MrSSCamS): Client thread[{WT(0,1):RAW10}] started
12-08 11:26:06.742 I/CameraClientManager(  873): [MrSSCamS(1574)][mr_monochrome] client started (estimated 1 started clients total)
12-08 11:26:06.742 I/CameraClientManager(  873): [[MrSSCamS(1574)][mr_monochrome]] definitely starting stream
12-08 11:26:06.742 I/SensorService(  873): [worldTracking] Starting cameras for purpose mr_monochrome
12-08 11:26:06.742 I/FrameSetCollator(  873): [{WT(0,1):RAW10}] Skipping start, current start count: 2
12-08 11:26:06.742 I/SensorService(  873): [worldTracking] Starting camera streams for purpose: mr_monochrome, current muxmode = 1
12-08 11:26:06.742 I/CameraClientManager(  873): [[MrSSCamS(1574)][mr_monochrome]] stream start completed
12-08 11:26:06.742 D/CameraStream(  873): [mr_monochrome] Client [MrSSCamS(1574)]: start complete
12-08 11:26:06.744 D/TrackingService( 1772): IOT standby to running completed
12-08 11:26:06.744 I/TrackingService( 1772): [                             iot] Power transition: STANDBY -> RUNNING transition time: 42 ms
12-08 11:26:06.745 D/CameraStream(  873): [constellation] Client [Cnst(1772)] attempting start
12-08 11:26:06.745 I/FrameSetDispatcher(  873): [{WT:RAW10}] Client pid=1772 (Cnst): Client thread[{WT:RAW10}:Cnst] started
12-08 11:26:06.745 I/CameraClientManager(  873): [Cnst(1772)][constellation] client started (estimated 1 started clients total)
12-08 11:26:06.745 I/CameraClientManager(  873): [[Cnst(1772)][constellation]] definitely starting stream
12-08 11:26:06.745 I/SensorService(  873): [worldTracking] Starting cameras for purpose constellation
12-08 11:26:06.745 I/FrameSetCollator(  873): [{WT:RAW10}] Skipping start, current start count: 2
12-08 11:26:06.745 I/SensorService(  873): [worldTracking] Starting camera streams for purpose: constellation, current muxmode = 1
12-08 11:26:06.745 I/CameraClientManager(  873): [[Cnst(1772)][constellation]] stream start completed
12-08 11:26:06.745 D/CameraStream(  873): [constellation] Client [Cnst(1772)]: start complete
12-08 11:26:06.746 I/SyncBossFW(  866): 7635553 [info   ] {NICE}: nice_set_frame_rate called on same period of 16666us
12-08 11:26:06.746 I/SyncBossFW(  866): 7635553 [info   ] {NCM }: No slot with projector capability found.
12-08 11:26:06.746 I/SyncBossFW(  866): 7635553 [info   ] {NCM }: Stopping projector
12-08 11:26:06.746 I/SyncBossFW(  866): 7635559 [info   ] {GCM }: general_cam_mgr_get_stream_info for cameras 0x1
12-08 11:26:06.746 I/SyncBossFW(  866): 7635563 [info   ] {GCM }: general_cam_mgr_start_streaming for cameras 0xf
12-08 11:26:06.746 I/SyncBossFW(  866): 7635563 [info   ] {NCM }: [rate_lim=5000] Sending constellation cadence: [P: 66664us, D: 26466us]
12-08 11:26:06.746 I/SyncBossFW(  866): 7635565 [info   ] {NCM }: [rate_lim=5000] Ack received for constellation cadence: [P: 66664us, D: 26466us]
12-08 11:26:06.533 I/CAM_INFO(    0): CAM-ISP: __cam_isp_ctx_acquire_hw_v2: 9737 NO CRM session,top state machine assigned for no crm ctx 15
12-08 11:26:06.756 D/CameraStream(  873): [ambient_controller] Client [Cnst(1772)] attempting start
12-08 11:26:06.757 I/FrameSetDispatcher(  873): [{WT:RAW10}] Client pid=1772 (Cnst): Client thread[{WT:RAW10}:Cnst] started
12-08 11:26:06.757 I/CameraClientManager(  873): [Cnst(1772)][ambient_controller] client started (estimated 1 started clients total)
12-08 11:26:06.757 I/CameraClientManager(  873): [[Cnst(1772)][ambient_controller]] definitely starting stream
12-08 11:26:06.757 I/SensorService(  873): [worldTracking] Starting cameras for purpose ambient_controller
12-08 11:26:06.757 I/FrameSetCollator(  873): [{WT:RAW10}] Skipping start, current start count: 3
12-08 11:26:06.757 I/SensorService(  873): [worldTracking] Starting camera streams for purpose: ambient_controller, current muxmode = 1
12-08 11:26:06.757 I/CameraClientManager(  873): [[Cnst(1772)][ambient_controller]] stream start completed
12-08 11:26:06.757 D/CameraStream(  873): [ambient_controller] Client [Cnst(1772)]: start complete
12-08 11:26:06.768 I/TrackingService( 1772): [                   constellation] Power transition: STANDBY -> RUNNING transition time: 23 ms
12-08 11:26:06.768 D/TrackingService( 1772): [HANDTRACKINGGLUE] standbyToRunning
12-08 11:26:06.768 D/TrackingService( 1772): [HANDTRACKINGGLUE] handleStateChange muxMode=null
12-08 11:26:06.768 D/TrackingService( 1772): [HANDTRACKINGGLUE] suspendCapability
12-08 11:26:06.768 I/TrackingService( 1772): [                            hand] Power transition: STANDBY -> RUNNING transition time: 0 ms
12-08 11:26:06.768 I/TrackingService( 1772): [              selftracked_client] Power transition: STANDBY -> RUNNING transition time: 0 ms
12-08 11:26:06.768 I/TrackingService( 1772): [                            iobt] Power transition: STANDBY -> RUNNING transition time: 0 ms
12-08 11:26:06.768 I/TrackingService( 1772): [                          object] Power transition: STANDBY -> RUNNING transition time: 0 ms
12-08 11:26:06.768 I/TrackingService( 1772): [                      controller] Power transition: STANDBY -> RUNNING transition time: 0 ms
12-08 11:26:06.769 D/CameraStream(  873): [exposure_control_worldTracking] Client [ExpCtl(1772)] attempting start
12-08 11:26:06.769 I/FrameSetDispatcher(  873): [{WT:RAW10}] Client pid=1772 (ExpCtl): Client thread[{WT:RAW10}:ExpC] started
12-08 11:26:06.769 I/CameraClientManager(  873): [ExpCtl(1772)][exposure_control_worldTracking] client started (estimated 1 started clients total)
12-08 11:26:06.769 I/CameraClientManager(  873): [[ExpCtl(1772)][exposure_control_worldTracking]] definitely starting stream
12-08 11:26:06.769 I/SensorService(  873): [worldTracking] Starting cameras for purpose exposure_control_worldTracking
12-08 11:26:06.769 I/FrameSetCollator(  873): [{WT:RAW10}] Skipping start, current start count: 4
12-08 11:26:06.769 I/SensorService(  873): [worldTracking] Starting camera streams for purpose: exposure_control_worldTracking, current muxmode = 1
12-08 11:26:06.769 I/CameraClientManager(  873): [[ExpCtl(1772)][exposure_control_worldTracking]] stream start completed
12-08 11:26:06.769 D/CameraStream(  873): [exposure_control_worldTracking] Client [ExpCtl(1772)]: start complete
12-08 11:26:06.784 D/CompatibilityChangeReporter( 2051): Compat change id reported: 168419799; UID 10103; state: DISABLED
12-08 11:26:06.784 D/CompatibilityChangeReporter( 2051): Compat change id reported: 273564678; UID 10103; state: DISABLED
12-08 11:26:06.786 I/TrackingService( 1772): [            ExposureControlCmmv2] Power transition: STANDBY -> RUNNING transition time: 17 ms
12-08 11:26:06.786 I/SensorService(  873): configDirectReport for channelHandle:1 sensorHandle:3 Rate:3
12-08 11:26:06.786 D/CompatibilityChangeReporter( 2051): Compat change id reported: 265195908; UID 10103; state: ENABLED
12-08 11:26:06.786 I/TrackingService( 1772): [                            face] Power transition: STANDBY -> RUNNING transition time: 0 ms
12-08 11:26:06.786 D/TrackingService( 1772): Transition completed for NONE
12-08 11:26:06.751 I/CAM_INFO(    0): CAM-ISP: __cam_isp_ctx_start_dev_in_ready: 10771 Start IFE device ctx 12 with irq state machine [RDI Only Activated State Machine IRQ] in initial SubState [EPOCH] UL_path 1
12-08 11:26:06.752 I/CAM_INFO(    0): CAM-ISP: __cam_isp_ctx_start_dev_in_ready: 10771 Start IFE device ctx 13 with irq state machine [RDI Only Activated State Machine IRQ] in initial SubState [EPOCH] UL_path 1
12-08 11:26:06.752 I/CAM_INFO(    0): CAM-ISP: __cam_isp_ctx_start_dev_in_ready: 10771 Start IFE device ctx 14 with irq state machine [RDI Only Activated State Machine IRQ] in initial SubState [EPOCH] UL_path 1
12-08 11:26:06.752 I/CAM_INFO(    0): CAM-ISP: __cam_isp_ctx_start_dev_in_ready: 10771 Start IFE device ctx 15 with irq state machine [RDI Only Activated State Machine IRQ] in initial SubState [EPOCH] UL_path 1
12-08 11:26:06.752 I/CAM_INFO(    0): CAM-SENSOR: cam_sensor_driver_cmd: 1352 19:26:6.738 CAM_START_DEV[0] Success for og01a1b sensor_id:0x7750,sensor_slave_addr:0xa0
12-08 11:26:06.752 I/CAM_INFO(    0): CAM-SENSOR: cam_sensor_driver_cmd: 1352 19:26:6.739 CAM_START_DEV[1] Success for og01a1b sensor_id:0x7750,sensor_slave_addr:0xb0
12-08 11:26:06.753 I/CAM_INFO(    0): CAM-SENSOR: cam_sensor_driver_cmd: 1352 19:26:6.739 CAM_START_DEV[3] Success for ov7251 sensor_id:0xd,sensor_slave_addr:0xd0
12-08 11:26:06.753 I/CAM_INFO(    0): CAM-SENSOR: cam_sensor_driver_cmd: 1352 19:26:6.740 CAM_START_DEV[2] Success for ov7251 sensor_id:0xd,sensor_slave_addr:0xc0
12-08 11:26:06.781 I/        (    0): Info: adsprpc (8241): 508: 508: cvp-dsp-thread: fastrpc_driver_register: fastrpc driver qcom,fastcv0 registered with handle 1574
12-08 11:26:06.781 I/msm_cvp (    0): sess: Opening cvp instance: 0000000000000000
12-08 11:26:06.782 I/msm_cvp (    0): pwr: cvp (eva) powered on
12-08 11:26:06.785 I/msm_cvp (    0): err: __flush_debug_queue: invalid msg size - 126
12-08 11:26:06.785 I/msm_cvp (    0): err: __flush_debug_queue: invalid msg size - 126
12-08 11:26:06.786 I/synx    (    0): info: synx_initialize: 2303: [sess :13] session created cvp-kernel-client
12-08 11:26:06.802 D/CompatibilityChangeReporter( 2051): Compat change id reported: 170503758; UID 10103; state: DISABLED
12-08 11:26:06.823 I/SyncBossFW(  866): 7635644 [info   ] {NTHR}: First shutter for camera set (0x1) was sent 80889us after start
12-08 11:26:06.825 I/SyncBossFW(  866): 7635647 [info   ] {NTHR}: First shutter for camera set (0x2) was sent 81011us after start
12-08 11:26:06.840 D/JobServiceContext( 2051): doCallback of : JobStatus{86ffd49 #u0a102/1828726837 com.oculus.horizon/com.oculus.auth.control.AccountSyncJobService u=0 s=10102 TIME=-478ms:+5h59m59s522ms NET PERIODIC READY} v:VERB_EXECUTING
12-08 11:26:06.840 D/JobServiceContext( 2051): Cleaning up 86ffd49 #u0a102/1828726837 com.oculus.horizon/com.oculus.auth.control.AccountSyncJobService reschedule=false reason=app called jobFinished
12-08 11:26:06.878 I/init    (    0): processing action (service.bootanim.exit_vendor=1) from (/vendor/etc/init/hw/init.anorak.rc:390)
12-08 11:26:06.865 I/DisplayManagerService( 2051): vrCompositorReady: restore brightness updates
12-08 11:26:06.865 W/BrightnessSynchronizer( 2051): Brightness sync observer requesting synchronization a second time.
12-08 11:26:06.872 I/TrackingFidelityService( 1765): Received hand/controller update: hand_tracking_enabled
12-08 11:26:06.874 I/TrackingFidelityService( 1765): Request(s)={mr_passthrough:3,}
12-08 11:26:06.874 W/TrackingFidelityService( 1765): Fidelity data undefined in catalog for enabling feature like mr_passthrough. 2 similar misses.
12-08 11:26:06.874 I/TrackingFidelityService( 1765): Request(s)={mr_passthrough:3,pt_display_sync:0,hyperscape_room_scanning:0,isp_foveation:5,low_latency_pt:0,}, Mux mode idx=1, name=default, score=-1970
12-08 11:26:06.875 I/TrackingFidelityService( 1765): beginTransition[color]: default(1)->default(1)
12-08 11:26:06.875 I/TrackingFidelityService( 1765): _applyMuxModeLockedInternal: Mode default already set. Returning.
12-08 11:26:06.875 I/TrackingFidelityService( 1765): endTransition[color]: default(1)->default(1), seqId=-1, succeeded=true
12-08 11:26:06.875 I/TrackingFidelityService( 1765): checkMultimodalFeature: Attempt made to enable multimodal hands+controllers when not supported by app
12-08 11:26:06.876 W/TrackingFidelityService( 1765): Fidelity data undefined in catalog for enabling feature like environment_lighting. 3 similar misses.
12-08 11:26:06.877 I/TrackingFidelityService( 1765): Request(s)={constellation:0,controller_selftracked:0,hands:3,environment_lighting:5,keyboard:0,scene_reconstruction:0,surface_inputs:0,}, Mux mode idx=8, name=lowLightHands, score=-1950
12-08 11:26:06.877 I/TrackingFidelityService( 1765): beginTransition[worldTracking]: lowLightController(1)->lowLightHands(8)
12-08 11:26:06.877 I/TrackingFidelityService( 1765): _applyMuxModeLockedInternal: Applying camera mux mode lowLightHands via requestFeaturesWithFidelitiesLocked
12-08 11:26:06.877 I/SensorService(  873): [worldTracking] Setting camera mux mode to 8
12-08 11:26:06.877 I/SensorService(  873): updating CameraStream mux states
12-08 11:26:06.877 I/SensorDataTransforms( 1574): [MrStreamControl:mr_monochrome] Staging mux mode updates for {worldTracking: ind-8, seqId-70},
12-08 11:26:06.877 I/SensorDataTransforms( 1574): [MrStreamControl:mr_monochrome] Signaling start of the mode transition
12-08 11:26:06.877 I/SensorDataTransforms( 1772): [constellation:constellation] Staging mux mode updates for {worldTracking: ind-8, seqId-70},
12-08 11:26:06.877 I/SensorDataTransforms( 1574): [MrStreamControl:mr_monochrome] Mux mode updates successfully staged
12-08 11:26:06.877 I/SensorDataTransforms( 1772): [constellation:constellation] Signaling start of the mode transition
12-08 11:26:06.877 I/TrackingService( 1772): [constellation:constellation] Start configuration update starting
12-08 11:26:06.877 I/TrackingService( 1772): [constellation:constellation] Start configuration update done
12-08 11:26:06.877 I/SensorDataTransforms( 1772): [constellation:constellation] Mux mode updates successfully staged
12-08 11:26:06.877 D/TrackingService( 1772): [constellation:constellation]Queue mux mode update notification: lowLightHands
12-08 11:26:06.878 I/SensorDataTransforms( 1772): [hand:hand] Staging mux mode updates for {worldTracking: ind-8, seqId-70},
12-08 11:26:06.878 I/SensorDataTransforms( 1772): [hand:hand] Mux mode updates successfully staged
12-08 11:26:06.878 D/TrackingService( 1772): [hand:hand]Queue mux mode update notification: lowLightHands
12-08 11:26:06.878 I/SensorDataTransforms( 1772): [iot:iot] Staging mux mode updates for {worldTracking: ind-8, seqId-70},
12-08 11:26:06.878 I/SensorDataTransforms( 1772): [iot:iot] Signaling start of the mode transition
12-08 11:26:06.878 I/SensorDataTransforms( 1772): [ExpCtl:exposure_control_worldTracking] Staging mux mode updates for {worldTracking: ind-8, seqId-70},
12-08 11:26:06.878 I/SensorDataTransforms( 1772): [ExpCtl:exposure_control_worldTracking] Signaling start of the mode transition
12-08 11:26:06.878 I/SensorDataTransforms( 1772): [ExpCtl:exposure_control_worldTracking] Mux mode updates successfully staged
12-08 11:26:06.878 I/SensorDataTransforms( 1772): [object:object] Staging mux mode updates for {worldTracking: ind-8, seqId-70},
12-08 11:26:06.878 I/SensorDataTransforms( 1772): [object:object] Mux mode updates successfully staged
12-08 11:26:06.878 D/TrackingService( 1772): [object:object]Queue mux mode update notification: lowLightHands
12-08 11:26:06.878 D/TrackingService( 1772): [constellation]start onMuxStateUpdate. ModeId: lowLightController -> lowLightHands
12-08 11:26:06.878 D/TrackingService( 1772): [constellation][constellation]handleMuxModeNotification started for muxMode[worldTracking: lowLightHands]
12-08 11:26:06.880 D/TrackingService( 1772): [hand]start onMuxStateUpdate. ModeId: lowLightController -> lowLightHands
12-08 11:26:06.880 D/TrackingService( 1772): [HANDTRACKINGGLUE] handleMuxModeNotification
12-08 11:26:06.880 D/TrackingService( 1772): [HANDTRACKINGGLUE] handleStateChange muxMode=lowLightHands
12-08 11:26:06.880 D/TrackingService( 1772): [HANDTRACKINGGLUE] startCapability
12-08 11:26:06.881 D/TrackingService( 1772): [object]start onMuxStateUpdate. ModeId: lowLightController -> lowLightHands
12-08 11:26:06.881 D/TrackingService( 1772): [object][object]handleMuxModeNotification started for muxMode[worldTracking: lowLightHands]
12-08 11:26:06.884 I/SensorDataTransforms( 1772): [constellation:ambient_controller] Staging mux mode updates for {worldTracking: ind-8, seqId-70},
12-08 11:26:06.884 I/SensorDataTransforms( 1772): [constellation:ambient_controller] Signaling start of the mode transition
12-08 11:26:06.884 I/TrackingService( 1772): [constellation:ambient_controller] Start configuration update starting
12-08 11:26:06.884 I/TrackingService( 1772): [constellation:ambient_controller] Start configuration update done
12-08 11:26:06.884 I/SensorDataTransforms( 1772): [constellation:ambient_controller] Mux mode updates successfully staged
12-08 11:26:06.884 D/TrackingService( 1772): [constellation:ambient_controller]Queue mux mode update notification: lowLightHands
12-08 11:26:06.881 D/TrackingService( 1772): [object][object]handleMuxModeNotification finished for muxMode[worldTracking: lowLightHands]
12-08 11:26:06.884 D/TrackingService( 1772): [object]end onMuxStateUpdate. ModeId: lowLightController -> lowLightHands
12-08 11:26:06.884 I/TrackingService( 1772): [                   object:object] Mux Mode Transition from sensor service: lowLightController -> lowLightHands transition time: 3 ms
12-08 11:26:06.885 D/CameraStream(  873): [constellation] Client [Cnst(1772)] attempting stop
12-08 11:26:06.885 I/FrameSetDispatcher(  873): [{WT:RAW10}] Client pid=1772 (Cnst): Client thread stopping
12-08 11:26:06.878 I/TrackingService( 1772): [iot:iot] Start configuration update starting
12-08 11:26:06.885 I/TrackingService( 1772): [iot:iot] Start configuration update done
12-08 11:26:06.885 I/SensorDataTransforms( 1772): [iot:iot] Mux mode updates successfully staged
12-08 11:26:06.885 D/TrackingService( 1772): [iot:iot]Queue mux mode update notification: lowLightHands
12-08 11:26:06.885 D/TrackingService( 1772): [iot]start onMuxStateUpdate. ModeId: lowLightController -> lowLightHands
12-08 11:26:06.885 D/TrackingService( 1772): [iot][iot]handleMuxModeNotification started for muxMode[worldTracking: lowLightHands]
12-08 11:26:06.885 D/TrackingService( 1772): [iot][iot]handleMuxModeNotification finished for muxMode[worldTracking: lowLightHands]
12-08 11:26:06.885 D/TrackingService( 1772): [iot]end onMuxStateUpdate. ModeId: lowLightController -> lowLightHands
12-08 11:26:06.885 I/TrackingService( 1772): [                         iot:iot] Mux Mode Transition from sensor service: lowLightController -> lowLightHands transition time: 0 ms
12-08 11:26:06.886 I/CameraClientManager(  873): [Cnst(1772)][constellation] client stopped (estimated 0 started clients remaining)
12-08 11:26:06.886 I/CameraClientManager(  873): [[Cnst(1772)][constellation]] definitely stopping stream
12-08 11:26:06.887 I/SensorDataTransforms( 1574): [MrStreamControl:projector_assisted_depth] Staging mux mode updates for {worldTracking: ind-8, seqId-70},
12-08 11:26:06.887 I/SensorService(  873): ending update to CameraStream mux states
12-08 11:26:06.887 I/SensorDataTransforms( 1574): [MrStreamControl:projector_assisted_depth] Mux mode updates successfully staged
12-08 11:26:06.887 I/FrameSetCollator(  873): [{WT(0,1):RAW10}] Updated frame set period to 16666000, with all camera system activeSlots [[T,F,T,F,]]
12-08 11:26:06.887 I/FrameSetCollator(  873): [{WT:RAW10}] Updated frame set period to 16666000, with all camera system activeSlots [[T,F,T,F,]]
12-08 11:26:06.887 I/FrameSetDispatcher(  873): [{WT(0,1):RAW10}] Client pid=1574 (MrSSCamS): [worldTracking] Updated CameraMuxMode: 8, Slots: 
12-08 11:26:06.887 I/FrameSetDispatcher(  873): [{WT(0,1):RAW10}] Client pid=1574 (MrSSCamS): [worldTracking] Updated CameraMuxMode: 8, Slots: SLOT_0 SLOT_2 
12-08 11:26:06.887 I/FrameSetDispatcher(  873): [{WT(0,1):RAW10}] Latest MuxModeSettings: 8
12-08 11:26:06.887 I/FrameSetDispatcher(  873): [{WT(0,1):RAW10}] purpose: ambient_controller, slots: 
12-08 11:26:06.887 I/FrameSetDispatcher(  873): [{WT(0,1):RAW10}] purpose: constellation, slots: 
12-08 11:26:06.887 I/FrameSetDispatcher(  873): [{WT(0,1):RAW10}] purpose: exposure_control_worldTracking, slots: SLOT_0 SLOT_2 
12-08 11:26:06.887 I/FrameSetDispatcher(  873): [{WT(0,1):RAW10}] purpose: iobt, slots: SLOT_0 SLOT_2 
12-08 11:26:06.887 I/FrameSetDispatcher(  873): [{WT(0,1):RAW10}] purpose: mr_monochrome, slots: SLOT_0 SLOT_2 
12-08 11:26:06.887 I/FrameSetDispatcher(  873): [{WT(0,1):RAW10}] purpose: object, slots: 
12-08 11:26:06.887 I/FrameSetDispatcher(  873): [{WT(0,1):RAW10}] purpose: active_slots, slots: SLOT_0 SLOT_2 
12-08 11:26:06.887 I/FrameSetDispatcher(  873): [{WT(0,1):RAW10}] purpose: hand, slots: SLOT_0 SLOT_2 
12-08 11:26:06.887 I/FrameSetDispatcher(  873): [{WT(0,1):RAW10}] purpose: iot, slots: SLOT_0 SLOT_2 
12-08 11:26:06.887 I/FrameSetDispatcher(  873): [{WT(0,1):RAW10}] purpose: projector_assisted_depth, slots: 
12-08 11:26:06.887 I/FrameSetDispatcher(  873): [{WT:RAW10}] Client pid=1772 (IOT): [worldTracking] Updated CameraMuxMode: 8, Slots: SLOT_0 SLOT_2 
12-08 11:26:06.887 I/FrameSetDispatcher(  873): [{WT:RAW10}] Client pid=1772 (Cnst): [worldTracking] Updated CameraMuxMode: 8, Slots: 
12-08 11:26:06.887 I/FrameSetDispatcher(  873): [{WT:RAW10}] Client pid=1772 (ExpCtl): [worldTracking] Updated CameraMuxMode: 8, Slots: SLOT_0 SLOT_2 
12-08 11:26:06.887 I/FrameSetDispatcher(  873): [{WT:RAW10}] Latest MuxModeSettings: 8
12-08 11:26:06.887 I/FrameSetDispatcher(  873): [{WT:RAW10}] purpose: ambient_controller, slots: 
12-08 11:26:06.887 I/FrameSetDispatcher(  873): [{WT:RAW10}] purpose: constellation, slots: 
12-08 11:26:06.887 I/FrameSetDispatcher(  873): [{WT:RAW10}] purpose: exposure_control_worldTracking, slots: SLOT_0 SLOT_2 
12-08 11:26:06.887 I/FrameSetDispatcher(  873): [{WT:RAW10}] purpose: iobt, slots: SLOT_0 SLOT_2 
12-08 11:26:06.887 I/FrameSetDispatcher(  873): [{WT:RAW10}] purpose: mr_monochrome, slots: SLOT_0 SLOT_2 
12-08 11:26:06.887 I/FrameSetDispatcher(  873): [{WT:RAW10}] purpose: object, slots: 
12-08 11:26:06.887 I/FrameSetDispatcher(  873): [{WT:RAW10}] purpose: active_slots, slots: SLOT_0 SLOT_2 
12-08 11:26:06.887 I/FrameSetDispatcher(  873): [{WT:RAW10}] purpose: hand, slots: SLOT_0 SLOT_2 
12-08 11:26:06.887 I/FrameSetDispatcher(  873): [{WT:RAW10}] purpose: iot, slots: SLOT_0 SLOT_2 
12-08 11:26:06.887 I/FrameSetDispatcher(  873): [{WT:RAW10}] purpose: projector_assisted_depth, slots: 
12-08 11:26:06.887 I/SensorDataTransforms( 1772): [iobt:iobt] Staging mux mode updates for {worldTracking: ind-8, seqId-70},
12-08 11:26:06.887 I/SensorDataTransforms( 1772): [iobt:iobt] Mux mode updates successfully staged
12-08 11:26:06.887 D/TrackingService( 1772): [iobt:iobt]Queue mux mode update notification: lowLightHands
12-08 11:26:06.887 D/TrackingService( 1772): [iobt]start onMuxStateUpdate. ModeId: lowLightController -> lowLightHands
12-08 11:26:06.887 D/TrackingService( 1772): [iobt][iobt]handleMuxModeNotification started for muxMode[worldTracking: lowLightHands]
12-08 11:26:06.887 D/TrackingService( 1772): [iobt][iobt]handleMuxModeNotification finished for muxMode[worldTracking: lowLightHands]
12-08 11:26:06.887 D/TrackingService( 1772): [iobt]end onMuxStateUpdate. ModeId: lowLightController -> lowLightHands
12-08 11:26:06.887 I/TrackingService( 1772): [                       iobt:iobt] Mux Mode Transition from sensor service: lowLightController -> lowLightHands transition time: 0 ms
12-08 11:26:06.895 D/SensorService(  873): Configured syncboss nice config: [{camera_set: 1, num_slots: 4, [ { tag: 128, default_exposure_us: 65535, default_gain: 65535, capabilities: 0, slot_length: 0, }, { tag: 129, default_exposure_us: 5000, default_gain: 48, capabilities: 8, slot_length: 0, }, { tag: 130, default_exposure_us: 65535, default_gain: 65535, capabilities: 0, slot_length: 0, }, { tag: 131, default_exposure_us: 5000, default_gain: 48, capabilities: 8, slot_length: 0, }, ] shutter_period_us: 16666, }, {camera_set: 2, num_slots: 4, [ { tag: 128, default_exposure_us: 65535, default_gain: 65535, capabilities: 0, slot_length: 0, }, { tag: 129, default_exposure_us: 5000, default_gain: 48, capabilities: 8, slot_length: 0, }, { tag: 130, default_exposure_us: 65535, default_gain: 65535, capabilities: 0, slot_length: 0, }, { tag: 131, default_exposure_us: 5000, default_gain: 48, capabilities: 8, slot_length: 0, }, ] shutter_period_us: 16666, }, ]
12-08 11:26:06.895 I/SensorService(  873): [worldTracking] Stopping cameras for purpose constellation
12-08 11:26:06.895 D/NiceCameraSystem(  873): CameraSystem stopping cameras for purpose constellation
12-08 11:26:06.895 I/FrameSetCollator(  873): [{WT:RAW10}] Skipping stop, start count: 3
12-08 11:26:06.895 I/SensorService(  873): [worldTracking] Stopping camera streams for purpose: constellation
12-08 11:26:06.895 I/CameraClientManager(  873): [[Cnst(1772)][constellation]] stream stop completed
12-08 11:26:06.895 D/CameraStream(  873): [constellation] Client [Cnst(1772)]: stop complete
12-08 11:26:06.895 I/TrackingFidelityService( 1765): endTransition[worldTracking]: lowLightController(1)->lowLightHands(8), seqId=70, succeeded=true
12-08 11:26:06.895 I/TrackingFidelityService( 1765): Received hand/controller update: multimodal_hands_and_controllers_enabled
12-08 11:26:06.895 I/TrackingFidelityService( 1765): checkMultimodalFeature: Attempt made to enable multimodal hands+controllers when not supported by app
12-08 11:26:06.895 I/TrackingFidelityService( 1765): Request(s)={constellation:0,controller_selftracked:0,hands:3,environment_lighting:5,keyboard:0,scene_reconstruction:0,surface_inputs:0,}, Mux mode idx=8, name=lowLightHands, score=-1950
12-08 11:26:06.895 I/TrackingFidelityService( 1765): beginTransition[worldTracking]: lowLightHands(8)->lowLightHands(8)
12-08 11:26:06.895 I/TrackingFidelityService( 1765): _applyMuxModeLockedInternal: Mode lowLightHands already set. Returning.
12-08 11:26:06.895 I/TrackingFidelityService( 1765): endTransition[worldTracking]: lowLightHands(8)->lowLightHands(8), seqId=-1, succeeded=true
12-08 11:26:06.896 I/CAM_ERR (    0): CAM-ISP: __cam_isp_ctx_rdi_only_epoch_in_top_state: 7751 epoch with no req in active list ctx:14 res_id:0
12-08 11:26:06.896 I/CAM_ERR (    0): CAM-ISP: __cam_isp_ctx_rdi_only_epoch_in_top_state: 7751 epoch with no req in active list ctx:15 res_id:0
12-08 11:26:06.911 I/CAM_ERR (    0): CAM-ISP: __cam_isp_ctx_rdi_only_epoch_in_top_state: 7751 epoch with no req in active list ctx:13 res_id:0
12-08 11:26:06.898 I/SyncBossFW(  866): 7635714 [info   ] {NICE}: nice_set_frame_rate called on same period of 16666us
12-08 11:26:06.898 I/SyncBossFW(  866): 7635714 [info   ] {NCM }: No slot with constellation capability found.
12-08 11:26:06.898 I/SyncBossFW(  866): 7635715 [info   ] {NICE}: nice_set_frame_rate called on same period of 16666us
12-08 11:26:06.898 I/SyncBossFW(  866): 7635716 [info   ] {NCM }: No slot with projector capability found.
12-08 11:26:06.898 I/SyncBossFW(  866): 7635716 [info   ] {NCM }: Stopping projector
12-08 11:26:06.903 D/CameraStream(  873): [ambient_controller] Client [Cnst(1772)] attempting stop
12-08 11:26:06.903 I/FrameSetDispatcher(  873): [{WT:RAW10}] Client pid=1772 (Cnst): Client thread stopping
12-08 11:26:06.904 I/CameraClientManager(  873): [Cnst(1772)][ambient_controller] client stopped (estimated 0 started clients remaining)
12-08 11:26:06.904 I/CameraClientManager(  873): [[Cnst(1772)][ambient_controller]] definitely stopping stream
12-08 11:26:06.904 I/SensorService(  873): [worldTracking] Stopping cameras for purpose ambient_controller
12-08 11:26:06.904 D/NiceCameraSystem(  873): CameraSystem stopping cameras for purpose ambient_controller
12-08 11:26:06.904 I/FrameSetCollator(  873): [{WT:RAW10}] Skipping stop, start count: 2
12-08 11:26:06.904 I/SensorService(  873): [worldTracking] Stopping camera streams for purpose: ambient_controller
12-08 11:26:06.904 I/CameraClientManager(  873): [[Cnst(1772)][ambient_controller]] stream stop completed
12-08 11:26:06.904 D/CameraStream(  873): [ambient_controller] Client [Cnst(1772)]: stop complete
12-08 11:26:06.913 D/TrackingService( 1772): constellation: Joining stream thread: CtrllrCam
12-08 11:26:06.913 D/TrackingService( 1772): constellation: stopCameras finished
12-08 11:26:06.913 D/TrackingService( 1772): [constellation][constellation]handleMuxModeNotification finished for muxMode[worldTracking: lowLightHands]
12-08 11:26:06.913 D/TrackingService( 1772): [constellation]end onMuxStateUpdate. ModeId: lowLightController -> lowLightHands
12-08 11:26:06.913 I/TrackingService( 1772): [     constellation:constellation] Mux Mode Transition from sensor service: lowLightController -> lowLightHands transition time: 35 ms
12-08 11:26:06.913 D/TrackingService( 1772): [ambient_controller]start onMuxStateUpdate. ModeId: lowLightHands -> lowLightHands
12-08 11:26:06.913 D/TrackingService( 1772): [constellation][ambient_controller]handleMuxModeNotification started for muxMode[worldTracking: lowLightHands]
12-08 11:26:06.913 E/TrackingService( 1772): Resetting MuxMode lowLightHands which is already set
12-08 11:26:06.913 D/TrackingService( 1772): [ambient_controller]end onMuxStateUpdate. ModeId: lowLightHands -> lowLightHands
12-08 11:26:06.913 I/TrackingService( 1772): [constellation:ambient_controller] Mux Mode Transition from sensor service: lowLightHands -> lowLightHands transition time: 0 ms
12-08 11:26:06.919 E/FrameSetCollator(  873): [{WT:RAW10}] releasing incomplete frame set: (0:0, 1:0, 2:1, 3:1), (deadlineMissed, muxModeMisMatch) = (1, 0), (captureDevTs, currentTs, tolerance, current+tolerance) = (7635737692000, 7635721026000, 30000, 7635721056000), (frame.slotIndex) = (2), (frame.modeIndex, frameSet.modeIndex) = (1, 0)
12-08 11:26:06.919 E/FrameSetCollator(  873): [{WT:RAW10}] 1 FrameSets had unexpected timestamps (in the last 178.85ms). Ex: slot 2 7635721.026ms -> 7635737.692ms (observed period: 16.666ms, expected period: 16.666ms (-16.666ms))
12-08 11:26:06.919 W/SensorService(  873): Slot 1 for mode 8 is not controlled by control purpose constellationExposureControl. Skipping.
12-08 11:26:06.920 D/libsensortelemetry(  873): Empty timestamp or no timestamp matched for HalCamId 0
12-08 11:26:06.920 D/libsensortelemetry(  873): Empty timestamp or no timestamp matched for HalCamId 1
12-08 11:26:06.935 V/ActivityManager( 2051): bindService: Intent { cmp=com.oculus.horizon/.service.OVRService } type=null conn=android.os.BinderProxy@95a0e6e flags=0x1
12-08 11:26:06.945 W/BatteryExternalStatsWorker( 2051): error reading modem stats:ERROR_PHONE_NOT_AVAILABLE
12-08 11:26:06.911 I/CAM_ERR (    0): CAM-ISP: __cam_isp_ctx_rdi_only_epoch_in_top_state: 7751 epoch with no req in active list ctx:12 res_id:0
12-08 11:26:07.186 E/msm_cdc_enable_ondemand_supply(    0): either dev or supplies or cdc_vreg is NULL
12-08 11:26:07.186 E/lpass-cdc soc(    0): spf_core_platform:lpass-cdc: lpass_cdc_dmic_clk_enable: dmic power supply enbl failed
12-08 11:26:07.186 E/msm_cdc_enable_ondemand_supply(    0): either dev or supplies or cdc_vreg is NULL
12-08 11:26:07.186 E/lpass-cdc soc(    0): spf_core_platform:lpass-cdc: lpass_cdc_dmic_clk_enable: dmic power supply enbl failed
12-08 11:26:06.976 I/TrackingFidelityService( 1765): Received hand/controller update: hand_tracking_enabled
12-08 11:26:06.978 I/TrackingFidelityService( 1765): checkMultimodalFeature: Attempt made to enable multimodal hands+controllers when not supported by app
12-08 11:26:06.979 I/TrackingFidelityService( 1765): Request(s)={constellation:0,controller_selftracked:0,hands:3,environment_lighting:5,keyboard:0,scene_reconstruction:0,surface_inputs:0,}, Mux mode idx=8, name=lowLightHands, score=-1950
12-08 11:26:06.979 I/TrackingFidelityService( 1765): beginTransition[worldTracking]: lowLightHands(8)->lowLightHands(8)
12-08 11:26:06.979 I/TrackingFidelityService( 1765): _applyMuxModeLockedInternal: Mode lowLightHands already set. Returning.
12-08 11:26:06.979 I/TrackingFidelityService( 1765): endTransition[worldTracking]: lowLightHands(8)->lowLightHands(8), seqId=-1, succeeded=true
12-08 11:26:06.979 I/TrackingFidelityService( 1765): Received hand/controller update: multimodal_hands_and_controllers_enabled
12-08 11:26:06.979 I/TrackingFidelityService( 1765): Request(s)={face:1,codec_avatar_encoder:0,}
12-08 11:26:06.981 I/TrackingFidelityService( 1765): checkMultimodalFeature: Attempt made to enable multimodal hands+controllers when not supported by app
12-08 11:26:06.981 I/TrackingFidelityService( 1765): Request(s)={constellation:0,controller_selftracked:0,hands:3,environment_lighting:5,keyboard:0,scene_reconstruction:0,surface_inputs:0,}, Mux mode idx=8, name=lowLightHands, score=-1950
12-08 11:26:06.981 I/TrackingFidelityService( 1765): beginTransition[worldTracking]: lowLightHands(8)->lowLightHands(8)
12-08 11:26:06.982 I/TrackingFidelityService( 1765): _applyMuxModeLockedInternal: Mode lowLightHands already set. Returning.
12-08 11:26:06.982 I/TrackingFidelityService( 1765): endTransition[worldTracking]: lowLightHands(8)->lowLightHands(8), seqId=-1, succeeded=true
12-08 11:26:06.983 I/TrackingServiceProxy( 2051): Starting audio data stream.
12-08 11:26:06.983 I/TrackingService( 1772): Updating face tracking breakdown: FT: 0 ET: 0 ORT_ACTIVE: 0, ORT_BG: 0, LST: 1, CDC: 0
12-08 11:26:06.986 I/FrameSetDispatcher(  873): [{WT(0,1):RAW10}] 1 older Mux Mode settings are removed.
12-08 11:26:06.986 I/FrameSetDispatcher(  873): [{WT(0,1):RAW10}] Client pid=1574 (MrSSCamS): Remove old Mux Mode 1: slot indices: SLOT_0 SLOT_2 
12-08 11:26:06.989 I/FrameSetDispatcher(  873): [{WT:RAW10}] 1 older Mux Mode settings are removed.
12-08 11:26:06.990 I/FrameSetDispatcher(  873): [{WT:RAW10}] Client pid=1772 (IOT): Remove old Mux Mode 1: slot indices: SLOT_0 SLOT_2 
12-08 11:26:06.990 I/FrameSetDispatcher(  873): [{WT:RAW10}] Client pid=1772 (ExpCtl): Remove old Mux Mode 1: slot indices: SLOT_0 SLOT_1 SLOT_2 
12-08 11:26:06.990 I/TrackingService( 1772): [iot:iot] Configuration update starting
12-08 11:26:06.990 I/TrackingService( 1772): [iot:iot] Configuration update done
12-08 11:26:06.990 I/TrackingService( 1772): [iot:iot] Finish configuration update starting
12-08 11:26:06.990 I/TrackingService( 1772): [iot:iot] Finish configuration update done
12-08 11:26:06.993 I/TrackingFidelityService( 1765): Received ambient flicker update. Setting maximum low_latency_pt fidelity to 5
12-08 11:26:06.993 I/TrackingFidelityService( 1765): Request(s)={low_latency_pt:5,}
12-08 11:26:06.993 I/TrackingFidelityService( 1765): Request(s)={low_latency_pt:0,mr_passthrough:3,pt_display_sync:0,hyperscape_room_scanning:0,isp_foveation:5,}, Mux mode idx=1, name=default, score=-1970
12-08 11:26:06.993 I/TrackingFidelityService( 1765): beginTransition[color]: default(1)->default(1)
12-08 11:26:06.993 I/TrackingFidelityService( 1765): _applyMuxModeLockedInternal: Mode default already set. Returning.
12-08 11:26:06.993 I/TrackingFidelityService( 1765): endTransition[color]: default(1)->default(1), seqId=-1, succeeded=true
12-08 11:26:06.993 I/TrackingFidelityService( 1765): Request(s)={keyboard:5,}
12-08 11:26:07.003 I/TrackingFidelityService( 1765): checkMultimodalFeature: Attempt made to enable multimodal hands+controllers when not supported by app
12-08 11:26:07.003 I/TrackingFidelityService( 1765): Request(s)={keyboard:5,hands:3,scene_reconstruction:0,constellation:0,controller_selftracked:0,surface_inputs:0,}, Mux mode idx=4, name=lowLightHandsObject, score=-950
12-08 11:26:07.003 I/TrackingFidelityService( 1765): beginTransition[worldTracking]: lowLightHands(8)->lowLightHandsObject(4)
12-08 11:26:07.003 I/TrackingFidelityService( 1765): _applyMuxModeLockedInternal: Applying camera mux mode lowLightHandsObject via requestFeaturesWithFidelitiesLocked
12-08 11:26:07.003 I/SensorService(  873): [worldTracking] Setting camera mux mode to 4
12-08 11:26:07.003 I/SensorService(  873): updating CameraStream mux states
12-08 11:26:07.004 I/SensorDataTransforms( 1574): [MrStreamControl:mr_monochrome] Staging mux mode updates for {worldTracking: ind-4, seqId-71},
12-08 11:26:07.004 I/SensorDataTransforms( 1574): [MrStreamControl:mr_monochrome] Signaling start of the mode transition
12-08 11:26:07.004 I/SensorDataTransforms( 1574): [MrStreamControl:mr_monochrome] Mux mode updates successfully staged
12-08 11:26:07.004 I/SensorDataTransforms( 1772): [constellation:ambient_controller] Staging mux mode updates for {worldTracking: ind-4, seqId-71},
12-08 11:26:07.004 I/SensorDataTransforms( 1772): [constellation:ambient_controller] Mux mode updates successfully staged
12-08 11:26:07.004 D/TrackingService( 1772): [constellation:ambient_controller]Queue mux mode update notification: lowLightHandsObject
12-08 11:26:07.005 I/SensorDataTransforms( 1772): [constellation:constellation] Staging mux mode updates for {worldTracking: ind-4, seqId-71},
12-08 11:26:07.005 I/SensorDataTransforms( 1772): [constellation:constellation] Mux mode updates successfully staged
12-08 11:26:07.005 D/TrackingService( 1772): [constellation:constellation]Queue mux mode update notification: lowLightHandsObject
12-08 11:26:07.005 I/SensorDataTransforms( 1772): [ExpCtl:exposure_control_worldTracking] Staging mux mode updates for {worldTracking: ind-4, seqId-71},
12-08 11:26:07.005 I/SensorDataTransforms( 1772): [ExpCtl:exposure_control_worldTracking] Signaling start of the mode transition
12-08 11:26:07.005 I/SensorDataTransforms( 1772): [ExpCtl:exposure_control_worldTracking] Mux mode updates successfully staged
12-08 11:26:07.005 I/SensorDataTransforms( 1772): [object:object] Staging mux mode updates for {worldTracking: ind-4, seqId-71},
12-08 11:26:07.005 I/SensorDataTransforms( 1772): [object:object] Mux mode updates successfully staged
12-08 11:26:07.005 D/TrackingService( 1772): [object:object]Queue mux mode update notification: lowLightHandsObject
12-08 11:26:07.005 D/TrackingService( 1772): [ambient_controller]start onMuxStateUpdate. ModeId: lowLightHands -> lowLightHandsObject
12-08 11:26:07.005 D/TrackingService( 1772): [constellation][ambient_controller]handleMuxModeNotification started for muxMode[worldTracking: lowLightHandsObject]
12-08 11:26:07.005 D/TrackingService( 1772): [constellation][ambient_controller]handleMuxModeNotification finished for muxMode[worldTracking: lowLightHandsObject]
12-08 11:26:07.005 D/TrackingService( 1772): [ambient_controller]end onMuxStateUpdate. ModeId: lowLightHands -> lowLightHandsObject
12-08 11:26:07.005 I/TrackingService( 1772): [constellation:ambient_controller] Mux Mode Transition from sensor service: lowLightHands -> lowLightHandsObject transition time: 0 ms
12-08 11:26:07.005 D/TrackingService( 1772): [constellation]start onMuxStateUpdate. ModeId: lowLightHandsObject -> lowLightHandsObject
12-08 11:26:07.005 D/TrackingService( 1772): [constellation][constellation]handleMuxModeNotification started for muxMode[worldTracking: lowLightHandsObject]
12-08 11:26:07.005 E/TrackingService( 1772): Resetting MuxMode lowLightHandsObject which is already set
12-08 11:26:07.005 D/TrackingService( 1772): [constellation]end onMuxStateUpdate. ModeId: lowLightHandsObject -> lowLightHandsObject
12-08 11:26:07.005 I/TrackingService( 1772): [     constellation:constellation] Mux Mode Transition from sensor service: lowLightHandsObject -> lowLightHandsObject transition time: 0 ms
12-08 11:26:07.005 D/TrackingService( 1772): [object]start onMuxStateUpdate. ModeId: lowLightHands -> lowLightHandsObject
12-08 11:26:07.005 D/TrackingService( 1772): [object][object]handleMuxModeNotification started for muxMode[worldTracking: lowLightHandsObject]
12-08 11:26:07.006 D/CameraStream(  873): [object] Client [Obj(1772)] attempting start
12-08 11:26:07.007 I/FrameSetDispatcher(  873): [{WT:RAW10}] Client pid=1772 (Obj): Client thread[{WT:RAW10}:Obj] started
12-08 11:26:07.007 I/CameraClientManager(  873): [Obj(1772)][object] client started (estimated 1 started clients total)
12-08 11:26:07.007 I/CameraClientManager(  873): [[Obj(1772)][object]] definitely starting stream
12-08 11:26:07.007 I/SensorDataTransforms( 1772): [hand:hand] Staging mux mode updates for {worldTracking: ind-4, seqId-71},
12-08 11:26:07.008 I/SensorDataTransforms( 1772): [hand:hand] Mux mode updates successfully staged
