12-08 11:17:25.820 I/CAM_INFO(    0): CAM-ISP: __cam_isp_ctx_acquire_hw_v2: 9737 NO CRM session,top state machine assigned for no crm ctx 0
12-08 11:17:25.827 I/CAM_INFO(    0): CAM-SENSOR: cam_sensor_driver_cmd: 1211 CAM_ACQUIRE_DEV Success for og01a1b id:0x7750,slave-addr:0xb0 crm:[0]
12-08 11:17:25.827 I/CAM_INFO(   19): CAM-SMMU: cam_smmu_map_user_iova: 3257 fd=854 already in list [19:17:25:814] cb=ife idx=0 handle=29465 len=757760,give same addr back
12-08 11:17:25.828 I/CAM_INFO(    0): CAM-CRM: cam_req_mgr_link_v3: 4951 link reserved 0000000000000000 0 trigger_type:1 num_devs:2 sess_hdl:10551824 no_crm:4
12-08 11:17:25.828 I/CAM_INFO(    0): CAM-ISP: cam_ife_hw_mgr_print_acquire_info: 2027 19:17:25.814 Acquired Single IFE[8] with [0 pix] [0 pd] [1 rdi] ports for ctx:1 per_port_enabled :0 sensor:1 ul: 1
12-08 11:17:25.828 I/CAM_INFO(    0): CAM-ISP: __cam_isp_ctx_acquire_hw_v2: 9737 NO CRM session,top state machine assigned for no crm ctx 1
12-08 11:17:25.833 I/CAM_INFO(    0): CAM-SENSOR: cam_sensor_driver_cmd: 1211 CAM_ACQUIRE_DEV Success for ov7251 id:0xd,slave-addr:0xc0 crm:[0]
12-08 11:17:25.833 I/CAM_INFO(   19): CAM-SMMU: cam_smmu_map_user_iova: 3257 fd=871 already in list [19:17:25:820] cb=ife idx=0 handle=29465 len=757760,give same addr back
12-08 11:17:25.834 I/CAM_INFO(    0): CAM-CRM: cam_req_mgr_link_v3: 4951 link reserved 0000000000000000 0 trigger_type:1 num_devs:2 sess_hdl:13959701 no_crm:4
12-08 11:17:25.834 I/CAM_INFO(    0): CAM-ISP: cam_ife_hw_mgr_print_acquire_info: 2027 19:17:25.820 Acquired Single IFE[7] with [0 pix] [0 pd] [1 rdi] ports for ctx:2 per_port_enabled :0 sensor:2 ul: 1
12-08 11:17:25.834 I/CAM_INFO(    0): CAM-ISP: __cam_isp_ctx_acquire_hw_v2: 9737 NO CRM session,top state machine assigned for no crm ctx 2
12-08 11:17:25.839 I/CAM_INFO(    0): CAM-SENSOR: cam_sensor_driver_cmd: 1211 CAM_ACQUIRE_DEV Success for ov7251 id:0xd,slave-addr:0xd0 crm:[0]
12-08 11:17:25.839 I/CAM_INFO(   19): CAM-SMMU: cam_smmu_map_user_iova: 3257 fd=888 already in list [19:17:25:825] cb=ife idx=0 handle=29465 len=757760,give same addr back
12-08 11:17:25.839 I/CAM_INFO(    0): CAM-CRM: cam_req_mgr_link_v3: 4951 link reserved 0000000000000000 0 trigger_type:1 num_devs:2 sess_hdl:13042202 no_crm:4
12-08 11:17:25.839 I/CAM_INFO(    0): CAM-ISP: cam_ife_hw_mgr_print_acquire_info: 2027 19:17:25.826 Acquired Single IFE[6] with [0 pix] [0 pd] [1 rdi] ports for ctx:3 per_port_enabled :0 sensor:3 ul: 1
12-08 11:17:25.880 E/libsensortelemetry( 1772): imu_iot samples delayed: 8803077ns capture to arrival (ERS limit: 3500000ns)
12-08 11:17:25.894 D/CompatibilityChangeReporter( 2051): Compat change id reported: 170503758; UID 10103; state: DISABLED
12-08 11:17:25.896 I/TrackingService( 1772): [                   constellation] Power transition: SLEEP -> STANDBY transition time: 84 ms
12-08 11:17:25.896 D/TrackingService( 1772): [HANDTRACKINGGLUE] sleepToStandby
12-08 11:17:25.896 I/TrackingService( 1772): [                            hand] Power transition: SLEEP -> STANDBY transition time: 0 ms
12-08 11:17:25.896 I/TrackingService( 1772): [              selftracked_client] Power transition: SLEEP -> STANDBY transition time: 0 ms
12-08 11:17:25.896 I/TrackingService( 1772): [                            iobt] Power transition: SLEEP -> STANDBY transition time: 0 ms
12-08 11:17:25.943 I/TrackingService( 1772): [                          object] Power transition: SLEEP -> STANDBY transition time: 47 ms
12-08 11:17:25.944 D/libsensorscommon(  873): ControllerProvider: StreamingClient requested by 1772
12-08 11:17:25.944 D/SensorService(  873): ControllerProvider: acquiring StreamingClient impl; approx # alive: 2
12-08 11:17:25.944 D/ControllerManagement( 3227): processStateChange([PairedControllerInfo RUBY 402c25cbf028a4e8 disconnected detached update-required mcnt=2])
12-08 11:17:25.944 I/TrackingService( 1772): [                      controller] Power transition: SLEEP -> STANDBY transition time: 1 ms
12-08 11:17:25.944 I/TrackingService( 1772): [            ExposureControlCmmv2] Power transition: SLEEP -> STANDBY transition time: 0 ms
12-08 11:17:25.945 I/TrackingService( 1772): [                            face] Power transition: SLEEP -> STANDBY transition time: 0 ms
12-08 11:17:25.946 D/TrackingService( 1772): Transition completed for NONE
12-08 11:17:25.946 D/PowerMonitor( 1772): Executing transition from STANDBY to RUNNING
12-08 11:17:25.946 D/TrackingService( 1772): StateHandler setState powerState=RUNNING
12-08 11:17:25.946 D/TrackingService( 1772): Enqueued transition to (targetPowerState, targetMuxName): (RUNNING, --) - transition timeout: 1000000000 ns
12-08 11:17:25.946 I/TrackingService( 1772): [                   PerfLockHooks] Power transition: STANDBY -> RUNNING transition time: 0 ms
12-08 11:17:25.946 I/TrackingService( 1772): [                            bolt] Power transition: STANDBY -> RUNNING transition time: 0 ms
12-08 11:17:25.946 D/TrackingService( 1772): IOT standby to running started
12-08 11:17:25.946 D/SensorService(  873): Found paired controllers: 2
12-08 11:17:25.946 D/SensorService(  873): Syncboss input 402c25cbf028a4e8 hardware type 6, subtype 2, revision 
12-08 11:17:25.946 I/SensorService(  873): preparePairedControllerInfo is adding device with valid 1
12-08 11:17:25.946 D/SensorService(  873): Syncboss input f343f271512a1feb hardware type 6, subtype 1, revision 
12-08 11:17:25.946 I/SensorService(  873): preparePairedControllerInfo is adding device with valid 1
12-08 11:17:25.946 D/ControllerManagement( 3227): processStateChange([PairedControllerInfo RUBY f343f271512a1feb disconnected detached update-required mcnt=2])
12-08 11:17:25.946 D/CameraStream(  873): [iot] Client [IOT(1772)] attempting start
12-08 11:17:25.946 I/FrameSetDispatcher(  873): [{WT:RAW10}] Client pid=1772 (IOT): Client thread[{WT:RAW10}:IOT] started
12-08 11:17:25.946 I/CameraClientManager(  873): [IOT(1772)][iot] client started (estimated 1 started clients total)
12-08 11:17:25.946 I/CameraClientManager(  873): [[IOT(1772)][iot]] definitely starting stream
12-08 11:17:25.948 D/SensorService(  873): Found paired controllers: 2
12-08 11:17:25.948 D/SensorService(  873): Syncboss input 402c25cbf028a4e8 hardware type 6, subtype 2, revision 
12-08 11:17:25.948 I/SensorService(  873): preparePairedControllerInfo is adding device with valid 1
12-08 11:17:25.948 D/SensorService(  873): Syncboss input f343f271512a1feb hardware type 6, subtype 1, revision 
12-08 11:17:25.948 I/SensorService(  873): preparePairedControllerInfo is adding device with valid 1
12-08 11:17:25.948 D/libsensorscommon(  873): ControllerProvider: acquiring StreamingClient hidl for client 1772
12-08 11:17:26.004 I/ActivityManager( 2051): Flag disabled. Ignoring finishAttachApplication from uid: 10137. pid: 21071
12-08 11:17:26.020 D/CompatibilityChangeReporter( 2051): Compat change id reported: 271850009; UID 10080; state: ENABLED
12-08 11:17:26.033 I/SyncBossFW(  866): 7114874 [info   ] {APPI}: Setting projector pattern sequence
12-08 11:17:26.033 I/SyncBossFW(  866): 7114876 [info   ] {NICE}: nice_set_frame_rate called on same period of 16666us
12-08 11:17:26.035 V/ActivityManager( 2051): bindService: Intent { cmp=com.oculus.deviceauthserver/.DeviceAuthService } type=null conn=android.os.BinderProxy@75429d4 flags=0x1
12-08 11:17:26.035 D/CompatibilityChangeReporter( 2051): Compat change id reported: 161252188; UID 1000; state: DISABLED
12-08 11:17:26.036 I/SyncBossFW(  866): 7114876 [info   ] {NICE}: nice_set_frame_rate called on same period of 16666us
12-08 11:17:25.839 I/CAM_INFO(    0): CAM-ISP: __cam_isp_ctx_acquire_hw_v2: 9737 NO CRM session,top state machine assigned for no crm ctx 3
12-08 11:17:26.054 I/CAM_INFO(    0): CAM-ISP: __cam_isp_ctx_start_dev_in_ready: 10771 Start IFE device ctx 0 with irq state machine [RDI Only Activated State Machine IRQ] in initial SubState [EPOCH] UL_path 1
12-08 11:17:26.054 I/CAM_INFO(    0): CAM-ISP: __cam_isp_ctx_start_dev_in_ready: 10771 Start IFE device ctx 1 with irq state machine [RDI Only Activated State Machine IRQ] in initial SubState [EPOCH] UL_path 1
12-08 11:17:26.054 I/CAM_INFO(    0): CAM-ISP: __cam_isp_ctx_start_dev_in_ready: 10771 Start IFE device ctx 2 with irq state machine [RDI Only Activated State Machine IRQ] in initial SubState [EPOCH] UL_path 1
12-08 11:17:26.054 I/CAM_INFO(    0): CAM-ISP: __cam_isp_ctx_start_dev_in_ready: 10771 Start IFE device ctx 3 with irq state machine [RDI Only Activated State Machine IRQ] in initial SubState [EPOCH] UL_path 1
12-08 11:17:26.054 I/CAM_INFO(    0): CAM-SENSOR: cam_sensor_driver_cmd: 1352 19:17:26.41 CAM_START_DEV[0] Success for og01a1b sensor_id:0x7750,sensor_slave_addr:0xa0
12-08 11:17:26.055 I/CAM_INFO(    0): CAM-SENSOR: cam_sensor_driver_cmd: 1352 19:17:26.41 CAM_START_DEV[3] Success for ov7251 sensor_id:0xd,sensor_slave_addr:0xd0
12-08 11:17:26.055 I/CAM_INFO(    0): CAM-SENSOR: cam_sensor_driver_cmd: 1352 19:17:26.41 CAM_START_DEV[2] Success for ov7251 sensor_id:0xd,sensor_slave_addr:0xc0
12-08 11:17:26.036 D/SensorService(  873): Configured syncboss nice config: [{camera_set: 1, num_slots: 4, [ { tag: 16, default_exposure_us: 65535, default_gain: 65535, capabilities: 0, slot_length: 0, }, { tag: 17, default_exposure_us: 65535, default_gain: 65535, capabilities: 2, slot_length: 0, }, { tag: 18, default_exposure_us: 65535, default_gain: 65535, capabilities: 0, slot_length: 0, }, { tag: 19, default_exposure_us: 5000, default_gain: 48, capabilities: 8, slot_length: 0, }, ] shutter_period_us: 16666, }, {camera_set: 2, num_slots: 4, [ { tag: 16, default_exposure_us: 65535, default_gain: 65535, capabilities: 0, slot_length: 0, }, { tag: 17, default_exposure_us: 65535, default_gain: 65535, capabilities: 2, slot_length: 0, }, { tag: 18, default_exposure_us: 65535, default_gain: 65535, capabilities: 0, slot_length: 0, }, { tag: 19, default_exposure_us: 5000, default_gain: 48, capabilities: 8, slot_length: 0, }, ] shutter_period_us: 16666, }, ]
12-08 11:17:26.038 I/FrameSetCollator(  873): [{WT(0,1):RAW10}] started at 9642.36
12-08 11:17:26.038 I/SensorService(  873): [worldTracking] Starting camera streams for purpose: projector_assisted_depth, current muxmode = 1
12-08 11:17:26.040 I/SyncBossFW(  866): 7114877 [info   ] {NICE}: nice_set_frame_rate called on same period of 16666us
12-08 11:17:26.040 I/SyncBossFW(  866): 7114877 [info   ] {NCM }: Found slot with constellation capability
12-08 11:17:26.041 I/CameraClientManager(  873): [[MrSSCamS(1574)][projector_assisted_depth]] stream start completed
12-08 11:17:26.041 I/SensorService(  873): [worldTracking] Starting cameras for purpose iot
12-08 11:17:26.041 I/FrameSetCollator(  873): [{WT:RAW10}] started at 9642.37
12-08 11:17:26.041 I/SensorService(  873): [worldTracking] Starting camera streams for purpose: iot, current muxmode = 1
12-08 11:17:26.041 I/CameraClientManager(  873): [[IOT(1772)][iot]] stream start completed
12-08 11:17:26.041 D/CameraStream(  873): [iot] Client [IOT(1772)]: start complete
12-08 11:17:26.042 D/CameraStream(  873): [projector_assisted_depth] Client [MrSSCamS(1574)]: start complete
12-08 11:17:26.044 D/TrackingService( 1772): IOT standby to running completed
12-08 11:17:26.045 I/TrackingService( 1772): [                             iot] Power transition: STANDBY -> RUNNING transition time: 98 ms
12-08 11:17:26.045 D/CameraStream(  873): [mr_monochrome] Client [MrSSCamS(1574)] attempting start
12-08 11:17:26.045 I/FrameSetDispatcher(  873): [{WT(0,1):RAW10}] Client pid=1574 (MrSSCamS): Client thread[{WT(0,1):RAW10}] started
12-08 11:17:26.045 I/CameraClientManager(  873): [MrSSCamS(1574)][mr_monochrome] client started (estimated 1 started clients total)
12-08 11:17:26.045 I/CameraClientManager(  873): [[MrSSCamS(1574)][mr_monochrome]] definitely starting stream
12-08 11:17:26.045 I/SensorService(  873): [worldTracking] Starting cameras for purpose mr_monochrome
12-08 11:17:26.045 D/CameraStream(  873): [constellation] Client [Cnst(1772)] attempting start
12-08 11:17:26.045 I/FrameSetDispatcher(  873): [{WT:RAW10}] Client pid=1772 (Cnst): Client thread[{WT:RAW10}:Cnst] started
12-08 11:17:26.045 I/CameraClientManager(  873): [Cnst(1772)][constellation] client started (estimated 1 started clients total)
12-08 11:17:26.045 I/CameraClientManager(  873): [[Cnst(1772)][constellation]] definitely starting stream
12-08 11:17:26.045 I/FrameSetCollator(  873): [{WT(0,1):RAW10}] Skipping start, current start count: 2
12-08 11:17:26.045 I/SensorService(  873): [worldTracking] Starting camera streams for purpose: mr_monochrome, current muxmode = 1
12-08 11:17:26.045 I/CameraClientManager(  873): [[MrSSCamS(1574)][mr_monochrome]] stream start completed
12-08 11:17:26.045 D/CameraStream(  873): [mr_monochrome] Client [MrSSCamS(1574)]: start complete
12-08 11:17:26.045 I/SensorService(  873): [worldTracking] Starting cameras for purpose constellation
12-08 11:17:26.046 I/FrameSetCollator(  873): [{WT:RAW10}] Skipping start, current start count: 2
12-08 11:17:26.046 I/SensorService(  873): [worldTracking] Starting camera streams for purpose: constellation, current muxmode = 1
12-08 11:17:26.046 I/CameraClientManager(  873): [[Cnst(1772)][constellation]] stream start completed
12-08 11:17:26.046 D/CameraStream(  873): [constellation] Client [Cnst(1772)]: start complete
12-08 11:17:26.051 I/SyncBossFW(  866): 7114878 [info   ] {NICE}: nice_set_frame_rate called on same period of 16666us
12-08 11:17:26.051 I/SyncBossFW(  866): 7114878 [info   ] {NCM }: No slot with projector capability found.
12-08 11:17:26.051 I/SyncBossFW(  866): 7114878 [info   ] {NCM }: Stopping projector
12-08 11:17:26.051 I/SyncBossFW(  866): 7114882 [info   ] {GCM }: general_cam_mgr_get_stream_info for cameras 0x1
12-08 11:17:26.051 I/SyncBossFW(  866): 7114884 [info   ] {GCM }: general_cam_mgr_start_streaming for cameras 0xf
12-08 11:17:26.051 I/SyncBossFW(  866): 7114885 [info   ] {NCM }: [rate_lim=5000] Sending constellation cadence: [P: 66664us, D: 26466us]
12-08 11:17:26.052 D/CameraStream(  873): [ambient_controller] Client [Cnst(1772)] attempting start
12-08 11:17:26.052 I/FrameSetDispatcher(  873): [{WT:RAW10}] Client pid=1772 (Cnst): Client thread[{WT:RAW10}:Cnst] started
12-08 11:17:26.052 I/CameraClientManager(  873): [Cnst(1772)][ambient_controller] client started (estimated 1 started clients total)
12-08 11:17:26.052 I/CameraClientManager(  873): [[Cnst(1772)][ambient_controller]] definitely starting stream
12-08 11:17:26.052 I/SensorService(  873): [worldTracking] Starting cameras for purpose ambient_controller
12-08 11:17:26.052 I/FrameSetCollator(  873): [{WT:RAW10}] Skipping start, current start count: 3
12-08 11:17:26.052 I/SensorService(  873): [worldTracking] Starting camera streams for purpose: ambient_controller, current muxmode = 1
12-08 11:17:26.052 I/CameraClientManager(  873): [[Cnst(1772)][ambient_controller]] stream start completed
12-08 11:17:26.052 D/CameraStream(  873): [ambient_controller] Client [Cnst(1772)]: start complete
12-08 11:17:26.054 I/TrackingService( 1772): [                   constellation] Power transition: STANDBY -> RUNNING transition time: 8 ms
12-08 11:17:26.054 D/TrackingService( 1772): [HANDTRACKINGGLUE] standbyToRunning
12-08 11:17:26.054 D/TrackingService( 1772): [HANDTRACKINGGLUE] handleStateChange muxMode=null
12-08 11:17:26.054 D/TrackingService( 1772): [HANDTRACKINGGLUE] suspendCapability
12-08 11:17:26.054 I/SyncBossFW(  866): 7114887 [info   ] {NCM }: [rate_lim=5000] Ack received for constellation cadence: [P: 66664us, D: 26466us]
12-08 11:17:26.054 I/TrackingService( 1772): [                            hand] Power transition: STANDBY -> RUNNING transition time: 0 ms
12-08 11:17:26.054 I/TrackingService( 1772): [              selftracked_client] Power transition: STANDBY -> RUNNING transition time: 0 ms
12-08 11:17:26.054 I/TrackingService( 1772): [                            iobt] Power transition: STANDBY -> RUNNING transition time: 0 ms
12-08 11:17:26.054 I/TrackingService( 1772): [                          object] Power transition: STANDBY -> RUNNING transition time: 0 ms
12-08 11:17:26.054 I/TrackingService( 1772): [                      controller] Power transition: STANDBY -> RUNNING transition time: 0 ms
12-08 11:17:26.054 D/CameraStream(  873): [exposure_control_worldTracking] Client [ExpCtl(1772)] attempting start
12-08 11:17:26.055 I/FrameSetDispatcher(  873): [{WT:RAW10}] Client pid=1772 (ExpCtl): Client thread[{WT:RAW10}:ExpC] started
12-08 11:17:26.055 I/CameraClientManager(  873): [ExpCtl(1772)][exposure_control_worldTracking] client started (estimated 1 started clients total)
12-08 11:17:26.055 I/CameraClientManager(  873): [[ExpCtl(1772)][exposure_control_worldTracking]] definitely starting stream
12-08 11:17:26.055 I/SensorService(  873): [worldTracking] Starting cameras for purpose exposure_control_worldTracking
12-08 11:17:26.055 I/FrameSetCollator(  873): [{WT:RAW10}] Skipping start, current start count: 4
12-08 11:17:26.055 I/SensorService(  873): [worldTracking] Starting camera streams for purpose: exposure_control_worldTracking, current muxmode = 1
12-08 11:17:26.055 I/CameraClientManager(  873): [[ExpCtl(1772)][exposure_control_worldTracking]] stream start completed
12-08 11:17:26.055 D/CameraStream(  873): [exposure_control_worldTracking] Client [ExpCtl(1772)]: start complete
12-08 11:17:26.057 I/TrackingService( 1772): [            ExposureControlCmmv2] Power transition: STANDBY -> RUNNING transition time: 3 ms
12-08 11:17:26.058 I/SensorService(  873): configDirectReport for channelHandle:1 sensorHandle:3 Rate:3
12-08 11:17:26.058 I/TrackingService( 1772): [                            face] Power transition: STANDBY -> RUNNING transition time: 0 ms
12-08 11:17:26.058 D/TrackingService( 1772): Transition completed for NONE
12-08 11:17:26.055 I/CAM_INFO(    0): CAM-SENSOR: cam_sensor_driver_cmd: 1352 19:17:26.42 CAM_START_DEV[1] Success for og01a1b sensor_id:0x7750,sensor_slave_addr:0xb0
12-08 11:17:26.084 I/        (    0): Info: adsprpc (8241): 508: 508: cvp-dsp-thread: fastrpc_driver_register: fastrpc driver qcom,fastcv0 registered with handle 1574
12-08 11:17:26.084 I/msm_cvp (    0): sess: Opening cvp instance: 0000000000000000
12-08 11:17:26.086 I/msm_cvp (    0): pwr: cvp (eva) powered on
12-08 11:17:26.088 I/msm_cvp (    0): err: __flush_debug_queue: invalid msg size - 126
12-08 11:17:26.088 I/msm_cvp (    0): err: __flush_debug_queue: invalid msg size - 126
12-08 11:17:26.090 I/synx    (    0): info: synx_initialize: 2303: [sess :11] session created cvp-kernel-client
12-08 11:17:26.136 I/init    (    0): processing action (service.bootanim.exit_vendor=1) from (/vendor/etc/init/hw/init.anorak.rc:390)
12-08 11:17:26.163 I/CAM_ERR (    0): CAM-ISP: __cam_isp_ctx_rdi_only_epoch_in_top_state: 7751 epoch with no req in active list ctx:2 res_id:0
12-08 11:17:26.163 I/CAM_ERR (    0): CAM-ISP: __cam_isp_ctx_rdi_only_epoch_in_top_state: 7751 epoch with no req in active list ctx:3 res_id:0
12-08 11:17:26.178 I/CAM_ERR (    0): CAM-ISP: __cam_isp_ctx_rdi_only_epoch_in_top_state: 7751 epoch with no req in active list ctx:1 res_id:0
12-08 11:17:26.092 I/SyncBossFW(  866): 7114932 [info   ] {NTHR}: First shutter for camera set (0x1) was sent 46519us after start
12-08 11:17:26.092 I/SyncBossFW(  866): 7114934 [info   ] {NTHR}: First shutter for camera set (0x2) was sent 46398us after start
12-08 11:17:26.106 I/SyncBossHAL(  873): [info   ] syncboss_hal_impl_input.c(1239): Pulsar connected devices state change: 11, host current time: 9642429ms
12-08 11:17:26.106 I/SyncBossHAL(  873): [info   ] pulsar_input_cache.c(893): Refreshing input cache
12-08 11:17:26.108 I/SyncBossFW(  866): 7114949 [info   ] {WIHO}: Pulsar dev connected 402c25cbf028a4e8 t: 7114949ms, (type: 10011601, connection id: 0xb, cl version: 2)
12-08 11:17:26.108 I/SyncBossHAL(  873): [info   ] pulsar_input_cache.c(609): Enumerating 402c25cbf028a4e8
12-08 11:17:26.120 I/SyncBossHAL(  873): [info   ] pulsar_input_cache.c(576): Enumerating device version: 85.35.39
12-08 11:17:26.122 I/DisplayManagerService( 2051): vrCompositorReady: restore brightness updates
12-08 11:17:26.122 W/BrightnessSynchronizer( 2051): Brightness sync observer requesting synchronization a second time.
12-08 11:17:26.130 V/ActivityManager( 2051): bindService: Intent { cmp=com.oculus.horizon/com.facebook.mobileconfigservice.service.MobileConfigService } type=null conn=android.os.BinderProxy@7e433b1 flags=0x5
12-08 11:17:26.131 D/CompatibilityChangeReporter( 2051): Compat change id reported: 261072174; UID 10103; state: DISABLED
12-08 11:17:26.134 I/TrackingFidelityService( 1765): Received hand/controller update: hand_tracking_enabled
12-08 11:17:26.136 I/TrackingFidelityService( 1765): checkMultimodalFeature: Attempt made to enable multimodal hands+controllers when not supported by app
12-08 11:17:26.142 I/TrackingFidelityService( 1765): Request(s)={mr_passthrough:3,}
12-08 11:17:26.142 W/TrackingFidelityService( 1765): Fidelity data undefined in catalog for enabling feature like mr_passthrough. 2 similar misses.
12-08 11:17:26.142 I/TrackingFidelityService( 1765): Request(s)={mr_passthrough:3,pt_display_sync:0,hyperscape_room_scanning:0,isp_foveation:5,low_latency_pt:0,}, Mux mode idx=1, name=default, score=-1970
12-08 11:17:26.142 I/TrackingFidelityService( 1765): beginTransition[color]: default(1)->default(1)
12-08 11:17:26.142 I/TrackingFidelityService( 1765): _applyMuxModeLockedInternal: Mode default already set. Returning.
12-08 11:17:26.142 I/TrackingFidelityService( 1765): endTransition[color]: default(1)->default(1), seqId=-1, succeeded=true
12-08 11:17:26.142 W/TrackingFidelityService( 1765): Fidelity data undefined in catalog for enabling feature like environment_lighting. 3 similar misses.
12-08 11:17:26.142 I/TrackingFidelityService( 1765): Request(s)={constellation:0,controller_selftracked:0,hands:3,environment_lighting:5,keyboard:0,scene_reconstruction:0,surface_inputs:0,}, Mux mode idx=8, name=lowLightHands, score=-1950
12-08 11:17:26.142 I/TrackingFidelityService( 1765): beginTransition[worldTracking]: lowLightController(1)->lowLightHands(8)
12-08 11:17:26.142 I/TrackingFidelityService( 1765): _applyMuxModeLockedInternal: Applying camera mux mode lowLightHands via requestFeaturesWithFidelitiesLocked
12-08 11:17:26.143 I/SensorService(  873): [worldTracking] Setting camera mux mode to 8
12-08 11:17:26.143 I/SensorService(  873): updating CameraStream mux states
12-08 11:17:26.143 I/SensorDataTransforms( 1772): [object:object] Staging mux mode updates for {worldTracking: ind-8, seqId-58},
12-08 11:17:26.143 I/SensorDataTransforms( 1772): [object:object] Mux mode updates successfully staged
12-08 11:17:26.143 D/TrackingService( 1772): [object:object]Queue mux mode update notification: lowLightHands
12-08 11:17:26.143 I/SensorDataTransforms( 1772): [hand:hand] Staging mux mode updates for {worldTracking: ind-8, seqId-58},
12-08 11:17:26.143 I/SensorDataTransforms( 1772): [hand:hand] Mux mode updates successfully staged
12-08 11:17:26.143 D/TrackingService( 1772): [hand:hand]Queue mux mode update notification: lowLightHands
12-08 11:17:26.144 I/SensorDataTransforms( 1772): [iot:iot] Staging mux mode updates for {worldTracking: ind-8, seqId-58},
12-08 11:17:26.144 I/SensorDataTransforms( 1772): [iot:iot] Signaling start of the mode transition
12-08 11:17:26.144 I/TrackingService( 1772): [iot:iot] Start configuration update starting
12-08 11:17:26.144 I/TrackingService( 1772): [iot:iot] Start configuration update done
12-08 11:17:26.144 I/SensorDataTransforms( 1772): [iot:iot] Mux mode updates successfully staged
12-08 11:17:26.144 D/TrackingService( 1772): [iot:iot]Queue mux mode update notification: lowLightHands
12-08 11:17:26.144 D/TrackingService( 1772): [object]start onMuxStateUpdate. ModeId: lowLightController -> lowLightHands
12-08 11:17:26.144 D/TrackingService( 1772): [object][object]handleMuxModeNotification started for muxMode[worldTracking: lowLightHands]
12-08 11:17:26.144 D/TrackingService( 1772): [object][object]handleMuxModeNotification finished for muxMode[worldTracking: lowLightHands]
12-08 11:17:26.144 D/TrackingService( 1772): [object]end onMuxStateUpdate. ModeId: lowLightController -> lowLightHands
12-08 11:17:26.144 I/TrackingService( 1772): [                   object:object] Mux Mode Transition from sensor service: lowLightController -> lowLightHands transition time: 0 ms
12-08 11:17:26.144 D/TrackingService( 1772): [iot]start onMuxStateUpdate. ModeId: lowLightController -> lowLightHands
12-08 11:17:26.144 D/TrackingService( 1772): [iot][iot]handleMuxModeNotification started for muxMode[worldTracking: lowLightHands]
12-08 11:17:26.144 D/TrackingService( 1772): [iot][iot]handleMuxModeNotification finished for muxMode[worldTracking: lowLightHands]
12-08 11:17:26.144 D/TrackingService( 1772): [iot]end onMuxStateUpdate. ModeId: lowLightController -> lowLightHands
12-08 11:17:26.144 I/TrackingService( 1772): [                         iot:iot] Mux Mode Transition from sensor service: lowLightController -> lowLightHands transition time: 0 ms
12-08 11:17:26.145 I/SensorDataTransforms( 1772): [constellation:constellation] Staging mux mode updates for {worldTracking: ind-8, seqId-58},
12-08 11:17:26.145 I/SensorDataTransforms( 1772): [constellation:constellation] Signaling start of the mode transition
12-08 11:17:26.145 I/TrackingService( 1772): [constellation:constellation] Start configuration update starting
12-08 11:17:26.145 I/TrackingService( 1772): [constellation:constellation] Start configuration update done
12-08 11:17:26.145 I/SensorDataTransforms( 1772): [constellation:constellation] Mux mode updates successfully staged
12-08 11:17:26.145 D/TrackingService( 1772): [constellation:constellation]Queue mux mode update notification: lowLightHands
12-08 11:17:26.145 I/SensorDataTransforms( 1772): [ExpCtl:exposure_control_worldTracking] Staging mux mode updates for {worldTracking: ind-8, seqId-58},
12-08 11:17:26.147 I/SensorService(  873): ending update to CameraStream mux states
12-08 11:17:26.147 I/FrameSetCollator(  873): [{WT(0,1):RAW10}] Updated frame set period to 16666000, with all camera system activeSlots [[T,F,T,F,]]
12-08 11:17:26.147 I/SensorDataTransforms( 1574): [MrStreamControl:mr_monochrome] Staging mux mode updates for {worldTracking: ind-8, seqId-58},
12-08 11:17:26.147 I/FrameSetCollator(  873): [{WT:RAW10}] Updated frame set period to 16666000, with all camera system activeSlots [[T,F,T,F,]]
12-08 11:17:26.147 I/SensorDataTransforms( 1574): [MrStreamControl:mr_monochrome] Signaling start of the mode transition
12-08 11:17:26.147 I/FrameSetDispatcher(  873): [{WT(0,1):RAW10}] Client pid=1574 (MrSSCamS): [worldTracking] Updated CameraMuxMode: 8, Slots: 
12-08 11:17:26.147 I/FrameSetDispatcher(  873): [{WT(0,1):RAW10}] Client pid=1574 (MrSSCamS): [worldTracking] Updated CameraMuxMode: 8, Slots: SLOT_0 SLOT_2 
12-08 11:17:26.147 I/FrameSetDispatcher(  873): [{WT(0,1):RAW10}] Latest MuxModeSettings: 8
12-08 11:17:26.147 I/FrameSetDispatcher(  873): [{WT(0,1):RAW10}] purpose: ambient_controller, slots: 
12-08 11:17:26.147 I/FrameSetDispatcher(  873): [{WT(0,1):RAW10}] purpose: constellation, slots: 
12-08 11:17:26.147 I/FrameSetDispatcher(  873): [{WT(0,1):RAW10}] purpose: exposure_control_worldTracking, slots: SLOT_0 SLOT_2 
12-08 11:17:26.147 I/FrameSetDispatcher(  873): [{WT(0,1):RAW10}] purpose: iobt, slots: SLOT_0 SLOT_2 
12-08 11:17:26.147 I/FrameSetDispatcher(  873): [{WT(0,1):RAW10}] purpose: mr_monochrome, slots: SLOT_0 SLOT_2 
12-08 11:17:26.147 I/FrameSetDispatcher(  873): [{WT(0,1):RAW10}] purpose: object, slots: 
12-08 11:17:26.147 I/FrameSetDispatcher(  873): [{WT(0,1):RAW10}] purpose: active_slots, slots: SLOT_0 SLOT_2 
12-08 11:17:26.147 I/FrameSetDispatcher(  873): [{WT(0,1):RAW10}] purpose: hand, slots: SLOT_0 SLOT_2 
12-08 11:17:26.147 I/FrameSetDispatcher(  873): [{WT(0,1):RAW10}] purpose: iot, slots: SLOT_0 SLOT_2 
12-08 11:17:26.147 I/FrameSetDispatcher(  873): [{WT(0,1):RAW10}] purpose: projector_assisted_depth, slots: 
12-08 11:17:26.147 I/SensorDataTransforms( 1574): [MrStreamControl:mr_monochrome] Mux mode updates successfully staged
12-08 11:17:26.147 I/FrameSetDispatcher(  873): [{WT:RAW10}] Client pid=1772 (IOT): [worldTracking] Updated CameraMuxMode: 8, Slots: SLOT_0 SLOT_2 
12-08 11:17:26.147 I/FrameSetDispatcher(  873): [{WT:RAW10}] Client pid=1772 (Cnst): [worldTracking] Updated CameraMuxMode: 8, Slots: 
12-08 11:17:26.147 I/FrameSetDispatcher(  873): [{WT:RAW10}] Client pid=1772 (Cnst): [worldTracking] Updated CameraMuxMode: 8, Slots: 
12-08 11:17:26.147 I/FrameSetDispatcher(  873): [{WT:RAW10}] Client pid=1772 (ExpCtl): [worldTracking] Updated CameraMuxMode: 8, Slots: SLOT_0 SLOT_2 
12-08 11:17:26.147 I/FrameSetDispatcher(  873): [{WT:RAW10}] Latest MuxModeSettings: 8
12-08 11:17:26.147 I/FrameSetDispatcher(  873): [{WT:RAW10}] purpose: ambient_controller, slots: 
12-08 11:17:26.147 I/FrameSetDispatcher(  873): [{WT:RAW10}] purpose: constellation, slots: 
12-08 11:17:26.147 I/FrameSetDispatcher(  873): [{WT:RAW10}] purpose: exposure_control_worldTracking, slots: SLOT_0 SLOT_2 
12-08 11:17:26.147 I/FrameSetDispatcher(  873): [{WT:RAW10}] purpose: iobt, slots: SLOT_0 SLOT_2 
12-08 11:17:26.147 I/FrameSetDispatcher(  873): [{WT:RAW10}] purpose: mr_monochrome, slots: SLOT_0 SLOT_2 
12-08 11:17:26.147 I/FrameSetDispatcher(  873): [{WT:RAW10}] purpose: object, slots: 
12-08 11:17:26.147 I/FrameSetDispatcher(  873): [{WT:RAW10}] purpose: active_slots, slots: SLOT_0 SLOT_2 
12-08 11:17:26.147 I/FrameSetDispatcher(  873): [{WT:RAW10}] purpose: hand, slots: SLOT_0 SLOT_2 
12-08 11:17:26.147 I/FrameSetDispatcher(  873): [{WT:RAW10}] purpose: iot, slots: SLOT_0 SLOT_2 
12-08 11:17:26.147 I/FrameSetDispatcher(  873): [{WT:RAW10}] purpose: projector_assisted_depth, slots: 
12-08 11:17:26.147 I/SensorDataTransforms( 1574): [MrStreamControl:projector_assisted_depth] Staging mux mode updates for {worldTracking: ind-8, seqId-58},
12-08 11:17:26.147 I/SensorDataTransforms( 1574): [MrStreamControl:projector_assisted_depth] Mux mode updates successfully staged
12-08 11:17:26.147 D/TrackingService( 1772): [hand]start onMuxStateUpdate. ModeId: lowLightController -> lowLightHands
12-08 11:17:26.147 D/TrackingService( 1772): [HANDTRACKINGGLUE] handleMuxModeNotification
12-08 11:17:26.147 D/TrackingService( 1772): [HANDTRACKINGGLUE] handleStateChange muxMode=lowLightHands
12-08 11:17:26.147 D/TrackingService( 1772): [HANDTRACKINGGLUE] startCapability
12-08 11:17:26.147 D/TrackingService( 1772): [constellation]start onMuxStateUpdate. ModeId: lowLightController -> lowLightHands
12-08 11:17:26.148 D/TrackingService( 1772): [constellation][constellation]handleMuxModeNotification started for muxMode[worldTracking: lowLightHands]
12-08 11:17:26.148 I/SensorDataTransforms( 1772): [ExpCtl:exposure_control_worldTracking] Signaling start of the mode transition
12-08 11:17:26.148 I/SensorDataTransforms( 1772): [ExpCtl:exposure_control_worldTracking] Mux mode updates successfully staged
12-08 11:17:26.148 I/SensorDataTransforms( 1772): [constellation:ambient_controller] Staging mux mode updates for {worldTracking: ind-8, seqId-58},
12-08 11:17:26.149 I/SensorDataTransforms( 1772): [constellation:ambient_controller] Signaling start of the mode transition
12-08 11:17:26.150 D/CameraStream(  873): [constellation] Client [Cnst(1772)] attempting stop
12-08 11:17:26.150 I/FrameSetDispatcher(  873): [{WT:RAW10}] Client pid=1772 (Cnst): Client thread stopping
12-08 11:17:26.150 I/SyncBossFW(  866): 7114993 [info   ] {NICE}: nice_set_frame_rate called on same period of 16666us
12-08 11:17:26.150 I/TrackingService( 1772): [constellation:ambient_controller] Start configuration update starting
12-08 11:17:26.150 I/TrackingService( 1772): [constellation:ambient_controller] Start configuration update done
12-08 11:17:26.150 I/SensorDataTransforms( 1772): [constellation:ambient_controller] Mux mode updates successfully staged
12-08 11:17:26.150 D/TrackingService( 1772): [constellation:ambient_controller]Queue mux mode update notification: lowLightHands
12-08 11:17:26.150 I/SensorDataTransforms( 1772): [iobt:iobt] Staging mux mode updates for {worldTracking: ind-8, seqId-58},
12-08 11:17:26.150 I/SensorDataTransforms( 1772): [iobt:iobt] Mux mode updates successfully staged
12-08 11:17:26.150 D/TrackingService( 1772): [iobt:iobt]Queue mux mode update notification: lowLightHands
12-08 11:17:26.150 D/TrackingService( 1772): [iobt]start onMuxStateUpdate. ModeId: lowLightController -> lowLightHands
12-08 11:17:26.151 I/CameraClientManager(  873): [Cnst(1772)][constellation] client stopped (estimated 0 started clients remaining)
12-08 11:17:26.151 I/CameraClientManager(  873): [[Cnst(1772)][constellation]] definitely stopping stream
12-08 11:17:26.150 D/TrackingService( 1772): [iobt][iobt]handleMuxModeNotification started for muxMode[worldTracking: lowLightHands]
12-08 11:17:26.152 D/TrackingService( 1772): [iobt][iobt]handleMuxModeNotification finished for muxMode[worldTracking: lowLightHands]
12-08 11:17:26.152 D/TrackingService( 1772): [iobt]end onMuxStateUpdate. ModeId: lowLightController -> lowLightHands
12-08 11:17:26.152 I/TrackingService( 1772): [                       iobt:iobt] Mux Mode Transition from sensor service: lowLightController -> lowLightHands transition time: 1 ms
12-08 11:17:26.152 I/SyncBossFW(  866): 7114993 [info   ] {NCM }: No slot with constellation capability found.
12-08 11:17:26.154 D/SensorService(  873): Configured syncboss nice config: [{camera_set: 1, num_slots: 4, [ { tag: 128, default_exposure_us: 65535, default_gain: 65535, capabilities: 0, slot_length: 0, }, { tag: 129, default_exposure_us: 5000, default_gain: 48, capabilities: 8, slot_length: 0, }, { tag: 130, default_exposure_us: 65535, default_gain: 65535, capabilities: 0, slot_length: 0, }, { tag: 131, default_exposure_us: 5000, default_gain: 48, capabilities: 8, slot_length: 0, }, ] shutter_period_us: 16666, }, {camera_set: 2, num_slots: 4, [ { tag: 128, default_exposure_us: 65535, default_gain: 65535, capabilities: 0, slot_length: 0, }, { tag: 129, default_exposure_us: 5000, default_gain: 48, capabilities: 8, slot_length: 0, }, { tag: 130, default_exposure_us: 65535, default_gain: 65535, capabilities: 0, slot_length: 0, }, { tag: 131, default_exposure_us: 5000, default_gain: 48, capabilities: 8, slot_length: 0, }, ] shutter_period_us: 16666, }, ]
12-08 11:17:26.154 I/SensorService(  873): [worldTracking] Stopping cameras for purpose constellation
12-08 11:17:26.154 D/NiceCameraSystem(  873): CameraSystem stopping cameras for purpose constellation
12-08 11:17:26.154 I/FrameSetCollator(  873): [{WT:RAW10}] Skipping stop, start count: 3
12-08 11:17:26.154 I/SensorService(  873): [worldTracking] Stopping camera streams for purpose: constellation
12-08 11:17:26.154 I/CameraClientManager(  873): [[Cnst(1772)][constellation]] stream stop completed
12-08 11:17:26.154 D/CameraStream(  873): [constellation] Client [Cnst(1772)]: stop complete
12-08 11:17:26.154 I/TrackingFidelityService( 1765): endTransition[worldTracking]: lowLightController(1)->lowLightHands(8), seqId=58, succeeded=true
12-08 11:17:26.154 I/TrackingFidelityService( 1765): Received hand/controller update: multimodal_hands_and_controllers_enabled
12-08 11:17:26.156 I/TrackingFidelityService( 1765): checkMultimodalFeature: Attempt made to enable multimodal hands+controllers when not supported by app
12-08 11:17:26.156 I/TrackingFidelityService( 1765): Request(s)={constellation:0,controller_selftracked:0,hands:3,environment_lighting:5,keyboard:0,scene_reconstruction:0,surface_inputs:0,}, Mux mode idx=8, name=lowLightHands, score=-1950
12-08 11:17:26.156 I/TrackingFidelityService( 1765): beginTransition[worldTracking]: lowLightHands(8)->lowLightHands(8)
12-08 11:17:26.156 I/TrackingFidelityService( 1765): _applyMuxModeLockedInternal: Mode lowLightHands already set. Returning.
12-08 11:17:26.156 I/TrackingFidelityService( 1765): endTransition[worldTracking]: lowLightHands(8)->lowLightHands(8), seqId=-1, succeeded=true
12-08 11:17:26.156 I/SyncBossFW(  866): 7114995 [info   ] {NICE}: nice_set_frame_rate called on same period of 16666us
12-08 11:17:26.156 I/SyncBossFW(  866): 7114995 [info   ] {NCM }: No slot with projector capability found.
12-08 11:17:26.158 I/SyncBossFW(  866): 7114995 [info   ] {NCM }: Stopping projector
12-08 11:17:26.162 D/CameraStream(  873): [ambient_controller] Client [Cnst(1772)] attempting stop
12-08 11:17:26.162 I/FrameSetDispatcher(  873): [{WT:RAW10}] Client pid=1772 (Cnst): Client thread stopping
12-08 11:17:26.163 I/CameraClientManager(  873): [Cnst(1772)][ambient_controller] client stopped (estimated 0 started clients remaining)
12-08 11:17:26.163 I/CameraClientManager(  873): [[Cnst(1772)][ambient_controller]] definitely stopping stream
12-08 11:17:26.163 I/SensorService(  873): [worldTracking] Stopping cameras for purpose ambient_controller
12-08 11:17:26.163 D/NiceCameraSystem(  873): CameraSystem stopping cameras for purpose ambient_controller
12-08 11:17:26.163 I/FrameSetCollator(  873): [{WT:RAW10}] Skipping stop, start count: 2
12-08 11:17:26.163 I/SensorService(  873): [worldTracking] Stopping camera streams for purpose: ambient_controller
12-08 11:17:26.163 I/CameraClientManager(  873): [[Cnst(1772)][ambient_controller]] stream stop completed
12-08 11:17:26.163 D/CameraStream(  873): [ambient_controller] Client [Cnst(1772)]: stop complete
12-08 11:17:26.169 D/TrackingService( 1772): constellation: Joining stream thread: CtrllrCam
12-08 11:17:26.169 D/TrackingService( 1772): constellation: stopCameras finished
12-08 11:17:26.169 D/TrackingService( 1772): [constellation][constellation]handleMuxModeNotification finished for muxMode[worldTracking: lowLightHands]
12-08 11:17:26.169 D/TrackingService( 1772): [constellation]end onMuxStateUpdate. ModeId: lowLightController -> lowLightHands
12-08 11:17:26.169 I/TrackingService( 1772): [     constellation:constellation] Mux Mode Transition from sensor service: lowLightController -> lowLightHands transition time: 21 ms
12-08 11:17:26.169 D/TrackingService( 1772): [ambient_controller]start onMuxStateUpdate. ModeId: lowLightHands -> lowLightHands
12-08 11:17:26.169 D/TrackingService( 1772): [constellation][ambient_controller]handleMuxModeNotification started for muxMode[worldTracking: lowLightHands]
12-08 11:17:26.169 E/TrackingService( 1772): Resetting MuxMode lowLightHands which is already set
12-08 11:17:26.169 D/TrackingService( 1772): [ambient_controller]end onMuxStateUpdate. ModeId: lowLightHands -> lowLightHands
12-08 11:17:26.169 I/TrackingService( 1772): [constellation:ambient_controller] Mux Mode Transition from sensor service: lowLightHands -> lowLightHands transition time: 0 ms
12-08 11:17:26.169 V/ActivityManager( 2051): bindService: Intent { cmp=com.oculus.horizon/.service.OVRService } type=null conn=android.os.BinderProxy@ae5b022 flags=0x1
12-08 11:17:26.176 V/ActivityManager( 2051): bindService: Intent { act=com.oculus.presence.StablePresenceService cmp=com.oculus.presence/.services.presence.PresenceService (has extras) } type=null conn=android.os.BinderProxy@b511f0f flags=0x1
12-08 11:17:26.186 E/FrameSetCollator(  873): [{WT:RAW10}] releasing incomplete frame set: (0:0, 1:0, 2:1, 3:1), (deadlineMissed, muxModeMisMatch) = (1, 0), (captureDevTs, currentTs, tolerance, current+tolerance) = (7115025188000, 7115008522000, 30000, 7115008552000), (frame.slotIndex) = (2), (frame.modeIndex, frameSet.modeIndex) = (1, 0)
12-08 11:17:26.186 E/FrameSetCollator(  873): [{WT:RAW10}] 1 FrameSets had unexpected timestamps (in the last 144.73ms). Ex: slot 2 7115008.522ms -> 7115025.188ms (observed period: 16.666ms, expected period: 16.666ms (-16.666ms))
12-08 11:17:26.186 W/SensorService(  873): Slot 1 for mode 8 is not controlled by control purpose constellationExposureControl. Skipping.
12-08 11:17:26.191 V/ActivityManager( 2051): bindService: Intent { cmp=com.oculus.horizon/com.oculus.auth.service.AuthService2 } type=null conn=android.os.BinderProxy@a4ed9a5 flags=0x1
12-08 11:17:26.194 I/SyncBossHAL(  873): [info   ] pulsar_input_cache.c(719): Cache populated for device 402c25cbf028a4e8
12-08 11:17:26.194 I/SyncBossHAL(  873): [info   ] pulsar_input_cache.c(286): Finished getting cache data for controller
12-08 11:17:26.194 I/SyncBossHAL(  873):     id            : 402c25cbf028a4e8
12-08 11:17:26.194 I/SyncBossHAL(  873):     pulsar_type   : 0x10011601
12-08 11:17:26.194 I/SyncBossHAL(  873):     connection id : 0xb
12-08 11:17:26.194 I/SyncBossHAL(  873):     fw ver        : 85.35.39
12-08 11:17:26.194 I/SyncBossHAL(  873):     spl ver       : 1.5.11
12-08 11:17:26.194 I/SyncBossHAL(  873):     serial        : 2G0YZJ2F7N03SN
12-08 11:17:26.194 I/SyncBossHAL(  873):     handedness    : right
12-08 11:17:26.194 I/SyncBossHAL(  873):     battery state : 80%
12-08 11:17:26.194 I/SyncBossHAL(  873): [info   ] pulsar_input_cache.c(909): Cache refresh complete in 89ms
12-08 11:17:26.194 I/SyncBossHAL(  873): [info   ] pulsar_manager.c(180): Setting controller ID 402c25cbf028a4e8 LED config to period: 66664us, on-time: 19us, delay: 26453us
12-08 11:17:26.198 I/TrackingFidelityService( 1765): Request(s)={face:1,codec_avatar_encoder:0,}
12-08 11:17:26.178 I/CAM_ERR (    0): CAM-ISP: __cam_isp_ctx_rdi_only_epoch_in_top_state: 7751 epoch with no req in active list ctx:0 res_id:0
12-08 11:17:26.224 I/input   (    0): Device 0x402C25CBF028A4E8 as /devices/virtual/input/input12
12-08 11:17:26.202 D/libsensortelemetry(  873): Empty timestamp or no timestamp matched for HalCamId 0
12-08 11:17:26.204 I/TrackingServiceProxy( 2051): Starting audio data stream.
12-08 11:17:26.205 W/BatteryExternalStatsWorker( 2051): error reading modem stats:ERROR_PHONE_NOT_AVAILABLE
12-08 11:17:26.206 D/SensorService(  873): Syncboss input 402c25cbf028a4e8 hardware type 6, subtype 2, revision 0x10
12-08 11:17:26.206 I/SensorService(  873): preparePairedControllerInfo is adding device with valid 1
12-08 11:17:26.206 D/SensorService(  873): Syncboss input f343f271512a1feb hardware type 6, subtype 1, revision 
12-08 11:17:26.206 I/SensorService(  873): preparePairedControllerInfo is adding device with valid 1
12-08 11:17:26.206 D/SensorService(  873): stateChangeNotifierFunc(): Reporting controller info. Change token: 18, paired=2 connected=1
12-08 11:17:26.206 D/ControllerManagement( 3227): processStateChange([PairedControllerInfo RUBY 402c25cbf028a4e8 connected detached mcnt=2])
12-08 11:17:26.206 I/ControllerManagement( 3227): ControllerGlue: 402c25cbf028a4e8: boostControllerTxPower: controllerType=RUBY, countryCode=US, txPower=8
12-08 11:17:26.206 D/SensorService(  873): ControllerProvider: Successfully set tx power to 8, filter to 8
12-08 11:17:26.207 I/SyncBossHAL(  873): [info   ] pulsar_manager.c(327): Setting transmit power for all connected controllers to 8 dBm
12-08 11:17:26.207 D/ControllerManagement( 3227): RemoteService::recordControllerStatusUpdate: device 402c25cbf028a4e8: status: CONNECTED_ACTIVE tracking: NONE, errors: --
12-08 11:17:26.208 D/libsensortelemetry(  873): Empty timestamp or no timestamp matched for HalCamId 1
12-08 11:17:26.209 D/SensorService(  873): Found paired controllers: 2
12-08 11:17:26.209 D/SensorService(  873): Syncboss input 402c25cbf028a4e8 hardware type 6, subtype 2, revision 0x10
12-08 11:17:26.209 I/SensorService(  873): preparePairedControllerInfo is adding device with valid 1
12-08 11:17:26.209 D/SensorService(  873): Syncboss input f343f271512a1feb hardware type 6, subtype 1, revision 
12-08 11:17:26.209 I/SensorService(  873): preparePairedControllerInfo is adding device with valid 1
12-08 11:17:26.209 D/SensorService(  873): Found paired controllers: 2
12-08 11:17:26.209 D/SensorService(  873): Syncboss input 402c25cbf028a4e8 hardware type 6, subtype 2, revision 0x10
12-08 11:17:26.209 I/SensorService(  873): preparePairedControllerInfo is adding device with valid 1
12-08 11:17:26.209 D/SensorService(  873): Syncboss input f343f271512a1feb hardware type 6, subtype 1, revision 
12-08 11:17:26.209 I/SensorService(  873): preparePairedControllerInfo is adding device with valid 1
12-08 11:17:26.209 D/TrackingService( 1772): Creating RemoteConstellationTrackedDevice
12-08 11:17:26.210 I/TrackingService( 1772): Registering primary controller 402c25cbf028a4e8 in RIGHT slot
12-08 11:17:26.210 D/TrackingService( 1772): registerRemote: 402c25cbf028a4e8
12-08 11:17:26.212 D/ControllerManagement( 3227): RemoteService::recordControllerStatusUpdate: device 402c25cbf028a4e8: status: CONNECTED_ACTIVE tracking: NONE, errors: --
12-08 11:17:26.212 D/ControllerManagement( 3227): processStateChange([PairedControllerInfo RUBY f343f271512a1feb disconnected detached update-required mcnt=2])
12-08 11:17:26.215 D/SensorService(  873): Found paired controllers: 2
12-08 11:17:26.215 D/SensorService(  873): Syncboss input 402c25cbf028a4e8 hardware type 6, subtype 2, revision 0x10
12-08 11:17:26.215 I/SensorService(  873): preparePairedControllerInfo is adding device with valid 1
12-08 11:17:26.215 D/SensorService(  873): Syncboss input f343f271512a1feb hardware type 6, subtype 1, revision 
12-08 11:17:26.215 I/SensorService(  873): preparePairedControllerInfo is adding device with valid 1
12-08 11:17:26.215 I/SyncBossHAL(  873): [info   ] pulsar_manager.c(327): Setting filter transmit power for all connected controllers to 8 dBm
12-08 11:17:26.216 D/DisplayManagerService( 2051): Ignore redundant display event 0/2 to 10049/18561
12-08 11:17:26.215 I/TrackingService( 1772): Updating face tracking breakdown: FT: 0 ET: 0 ORT_ACTIVE: 0, ORT_BG: 0, LST: 1, CDC: 0
12-08 11:17:26.219 I/TrackingFidelityService( 1765): Request(s)={keyboard:5,}
12-08 11:17:26.220 I/TrackingFidelityService( 1765): checkMultimodalFeature: Attempt made to enable multimodal hands+controllers when not supported by app
12-08 11:17:26.220 I/TrackingFidelityService( 1765): Request(s)={keyboard:5,hands:3,scene_reconstruction:0,constellation:0,controller_selftracked:0,surface_inputs:0,}, Mux mode idx=4, name=lowLightHandsObject, score=-950
12-08 11:17:26.220 I/TrackingFidelityService( 1765): beginTransition[worldTracking]: lowLightHands(8)->lowLightHandsObject(4)
12-08 11:17:26.220 I/TrackingFidelityService( 1765): _applyMuxModeLockedInternal: Applying camera mux mode lowLightHandsObject via requestFeaturesWithFidelitiesLocked
12-08 11:17:26.220 I/SensorService(  873): [worldTracking] Setting camera mux mode to 4
12-08 11:17:26.220 I/SensorService(  873): updating CameraStream mux states
12-08 11:17:26.220 I/SensorDataTransforms( 1772): [constellation:ambient_controller] Staging mux mode updates for {worldTracking: ind-4, seqId-59},
12-08 11:17:26.220 I/SensorDataTransforms( 1772): [constellation:ambient_controller] Mux mode updates successfully staged
12-08 11:17:26.220 D/TrackingService( 1772): [constellation:ambient_controller]Queue mux mode update notification: lowLightHandsObject
12-08 11:17:26.221 I/SensorDataTransforms( 1772): [constellation:constellation] Staging mux mode updates for {worldTracking: ind-4, seqId-59},
12-08 11:17:26.221 I/SensorDataTransforms( 1772): [constellation:constellation] Mux mode updates successfully staged
12-08 11:17:26.221 D/TrackingService( 1772): [constellation:constellation]Queue mux mode update notification: lowLightHandsObject
12-08 11:17:26.221 D/TrackingService( 1772): [ambient_controller]start onMuxStateUpdate. ModeId: lowLightHands -> lowLightHandsObject
12-08 11:17:26.221 I/SensorDataTransforms( 1772): [iot:iot] Staging mux mode updates for {worldTracking: ind-4, seqId-59},
12-08 11:17:26.221 I/SensorDataTransforms( 1772): [iot:iot] Mux mode updates successfully staged
12-08 11:17:26.221 D/TrackingService( 1772): [iot:iot]Queue mux mode update notification: lowLightHandsObject
12-08 11:17:26.222 D/TrackingService( 1772): [iot]start onMuxStateUpdate. ModeId: lowLightHands -> lowLightHandsObject
12-08 11:17:26.222 D/TrackingService( 1772): [iot][iot]handleMuxModeNotification started for muxMode[worldTracking: lowLightHandsObject]
12-08 11:17:26.222 D/TrackingService( 1772): [iot][iot]handleMuxModeNotification finished for muxMode[worldTracking: lowLightHandsObject]
12-08 11:17:26.222 D/TrackingService( 1772): [iot]end onMuxStateUpdate. ModeId: lowLightHands -> lowLightHandsObject
12-08 11:17:26.222 I/TrackingService( 1772): [                         iot:iot] Mux Mode Transition from sensor service: lowLightHands -> lowLightHandsObject transition time: 0 ms
12-08 11:17:26.222 D/TrackingService( 1772): [constellation][ambient_controller]handleMuxModeNotification started for muxMode[worldTracking: lowLightHandsObject]
12-08 11:17:26.222 D/TrackingService( 1772): [constellation][ambient_controller]handleMuxModeNotification finished for muxMode[worldTracking: lowLightHandsObject]
12-08 11:17:26.222 D/TrackingService( 1772): [ambient_controller]end onMuxStateUpdate. ModeId: lowLightHands -> lowLightHandsObject
12-08 11:17:26.222 I/TrackingService( 1772): [constellation:ambient_controller] Mux Mode Transition from sensor service: lowLightHands -> lowLightHandsObject transition time: 1 ms
12-08 11:17:26.222 D/TrackingService( 1772): [constellation]start onMuxStateUpdate. ModeId: lowLightHandsObject -> lowLightHandsObject
12-08 11:17:26.222 D/TrackingService( 1772): [constellation][constellation]handleMuxModeNotification started for muxMode[worldTracking: lowLightHandsObject]
12-08 11:17:26.222 E/TrackingService( 1772): Resetting MuxMode lowLightHandsObject which is already set
12-08 11:17:26.222 D/TrackingService( 1772): [constellation]end onMuxStateUpdate. ModeId: lowLightHandsObject -> lowLightHandsObject
