12-08 11:31:06.642 D/SensorService(  873): Configured syncboss nice config: [{camera_set: 1, num_slots: 4, [ { tag: 128, default_exposure_us: 65535, default_gain: 65535, capabilities: 0, slot_length: 0, }, { tag: 129, default_exposure_us: 5000, default_gain: 48, capabilities: 8, slot_length: 0, }, { tag: 130, default_exposure_us: 65535, default_gain: 65535, capabilities: 0, slot_length: 0, }, { tag: 131, default_exposure_us: 5000, default_gain: 48, capabilities: 8, slot_length: 0, }, ] shutter_period_us: 16666, }, {camera_set: 2, num_slots: 4, [ { tag: 128, default_exposure_us: 65535, default_gain: 65535, capabilities: 0, slot_length: 0, }, { tag: 129, default_exposure_us: 5000, default_gain: 48, capabilities: 8, slot_length: 0, }, { tag: 130, default_exposure_us: 65535, default_gain: 65535, capabilities: 0, slot_length: 0, }, { tag: 131, default_exposure_us: 5000, default_gain: 48, capabilities: 8, slot_length: 0, }, ] shutter_period_us: 16666, }, ]
12-08 11:31:06.642 I/SyncBossFW(  866): 7935449 [info   ] {NICE}: nice_set_frame_rate called on same period of 16666us
12-08 11:31:06.642 I/SyncBossFW(  866): 7935449 [info   ] {NCM }: No slot with projector capability found.
12-08 11:31:06.642 I/SyncBossFW(  866): 7935450 [info   ] {NCM }: Stopping projector
12-08 11:31:06.642 I/SensorService(  873): [worldTracking] Stopping cameras for purpose constellation
12-08 11:31:06.642 D/NiceCameraSystem(  873): CameraSystem stopping cameras for purpose constellation
12-08 11:31:06.642 I/FrameSetCollator(  873): [{WT:RAW10}] Skipping stop, start count: 3
12-08 11:31:06.642 I/SensorService(  873): [worldTracking] Stopping camera streams for purpose: constellation
12-08 11:31:06.642 I/CameraClientManager(  873): [[Cnst(1772)][constellation]] stream stop completed
12-08 11:31:06.642 D/CameraStream(  873): [constellation] Client [Cnst(1772)]: stop complete
12-08 11:31:06.642 I/TrackingFidelityService( 1765): endTransition[worldTracking]: lowLightController(1)->lowLightHands(8), seqId=76, succeeded=true
12-08 11:31:06.643 I/TrackingFidelityService( 1765): Received hand/controller update: multimodal_hands_and_controllers_enabled
12-08 11:31:06.644 D/CameraStream(  873): [ambient_controller] Client [Cnst(1772)] attempting stop
12-08 11:31:06.644 I/FrameSetDispatcher(  873): [{WT:RAW10}] Client pid=1772 (Cnst): Client thread stopping
12-08 11:31:06.644 I/CameraClientManager(  873): [Cnst(1772)][ambient_controller] client stopped (estimated 0 started clients remaining)
12-08 11:31:06.644 I/CameraClientManager(  873): [[Cnst(1772)][ambient_controller]] definitely stopping stream
12-08 11:31:06.644 I/SensorService(  873): [worldTracking] Stopping cameras for purpose ambient_controller
12-08 11:31:06.644 D/NiceCameraSystem(  873): CameraSystem stopping cameras for purpose ambient_controller
12-08 11:31:06.644 I/FrameSetCollator(  873): [{WT:RAW10}] Skipping stop, start count: 2
12-08 11:31:06.644 I/SensorService(  873): [worldTracking] Stopping camera streams for purpose: ambient_controller
12-08 11:31:06.644 I/CameraClientManager(  873): [[Cnst(1772)][ambient_controller]] stream stop completed
12-08 11:31:06.644 D/CameraStream(  873): [ambient_controller] Client [Cnst(1772)]: stop complete
12-08 11:31:06.644 I/TrackingFidelityService( 1765): checkMultimodalFeature: Attempt made to enable multimodal hands+controllers when not supported by app
12-08 11:31:06.644 I/TrackingFidelityService( 1765): Request(s)={constellation:0,controller_selftracked:0,hands:3,environment_lighting:5,keyboard:0,scene_reconstruction:0,surface_inputs:0,}, Mux mode idx=8, name=lowLightHands, score=-1950
12-08 11:31:06.644 I/TrackingFidelityService( 1765): beginTransition[worldTracking]: lowLightHands(8)->lowLightHands(8)
12-08 11:31:06.644 I/TrackingFidelityService( 1765): _applyMuxModeLockedInternal: Mode lowLightHands already set. Returning.
12-08 11:31:06.644 I/TrackingFidelityService( 1765): endTransition[worldTracking]: lowLightHands(8)->lowLightHands(8), seqId=-1, succeeded=true
12-08 11:31:06.650 V/ActivityManager( 2051): bindService: Intent { cmp=com.oculus.horizon/.service.OVRService } type=null conn=android.os.BinderProxy@4858965 flags=0x1
12-08 11:31:06.652 E/FrameSetCollator(  873): [{WT(0,1):RAW10}] releasing incomplete frame set: (0:1, 1:1), (deadlineMissed, muxModeMisMatch) = (1, 0), (captureDevTs, currentTs, tolerance, current+tolerance) = (7935459036000, 7935442370000, 30000, 7935442400000), (frame.slotIndex) = (2), (frame.modeIndex, frameSet.modeIndex) = (1, 1)
12-08 11:31:06.652 E/FrameSetCollator(  873): [{WT:RAW10}] releasing incomplete frame set: (0:1, 1:1, 2:1, 3:1), (deadlineMissed, muxModeMisMatch) = (1, 0), (captureDevTs, currentTs, tolerance, current+tolerance) = (7935459036000, 7935442370000, 30000, 7935442400000), (frame.slotIndex) = (2), (frame.modeIndex, frameSet.modeIndex) = (1, 1)
12-08 11:31:06.653 W/SensorService(  873): Slot 1 for mode 8 is not controlled by control purpose constellationExposureControl. Skipping.
12-08 11:31:06.662 D/CompatibilityChangeReporter( 2051): Compat change id reported: 253665015; UID 10103; state: DISABLED
12-08 11:31:06.662 D/CompatibilityChangeReporter( 2051): Compat change id reported: 194532703; UID 10103; state: DISABLED
12-08 11:31:06.671 I/ActivityManager( 2051): Flag disabled. Ignoring finishAttachApplication from uid: 10103. pid: 27537
12-08 11:31:06.677 I/ActivityManager( 2051): Killing 24268:com.oculus.remotedesktop:RemoteDesktop/u0a109 (adj 975): empty #17
12-08 11:31:06.689 D/JobServiceContext( 2051): doCallback of : JobStatus{f848f9 #u0a58/1828726831 com.oculus.userserver2/com.oculus.userserver.managerservice.user.usersync.UserSyncJobService u=0 s=10058 TIME=-871ms:+23h59m59s129ms NET PERIODIC READY} v:VERB_EXECUTING
12-08 11:31:06.689 D/JobServiceContext( 2051): Cleaning up f848f9 #u0a58/1828726831 com.oculus.userserver2/com.oculus.userserver.managerservice.user.usersync.UserSyncJobService reschedule=false reason=app called jobFinished
12-08 11:31:06.698 D/TrackingService( 1772): constellation: Joining stream thread: CtrllrCam
12-08 11:31:06.700 D/TrackingService( 1772): constellation: stopCameras finished
12-08 11:31:06.700 D/TrackingService( 1772): [constellation][ambient_controller]handleMuxModeNotification finished for muxMode[worldTracking: lowLightHands]
12-08 11:31:06.700 D/TrackingService( 1772): [ambient_controller]end onMuxStateUpdate. ModeId: lowLightController -> lowLightHands
12-08 11:31:06.700 I/TrackingService( 1772): [constellation:ambient_controller] Mux Mode Transition from sensor service: lowLightController -> lowLightHands transition time: 97 ms
12-08 11:31:06.700 D/TrackingService( 1772): [constellation]start onMuxStateUpdate. ModeId: lowLightHands -> lowLightHands
12-08 11:31:06.700 D/TrackingService( 1772): [constellation][constellation]handleMuxModeNotification started for muxMode[worldTracking: lowLightHands]
12-08 11:31:06.700 E/TrackingService( 1772): Resetting MuxMode lowLightHands which is already set
12-08 11:31:06.700 D/TrackingService( 1772): [constellation]end onMuxStateUpdate. ModeId: lowLightHands -> lowLightHands
12-08 11:31:06.700 I/TrackingService( 1772): [     constellation:constellation] Mux Mode Transition from sensor service: lowLightHands -> lowLightHands transition time: 0 ms
12-08 11:31:06.702 I/TrackingFidelityService( 1765): Received hand/controller update: hand_tracking_enabled
12-08 11:31:06.702 I/TrackingFidelityService( 1765): Request(s)={face:1,codec_avatar_encoder:0,}
12-08 11:31:06.708 I/TrackingFidelityService( 1765): checkMultimodalFeature: Attempt made to enable multimodal hands+controllers when not supported by app
12-08 11:31:06.708 I/TrackingFidelityService( 1765): Request(s)={constellation:0,controller_selftracked:0,hands:3,environment_lighting:5,keyboard:0,scene_reconstruction:0,surface_inputs:0,}, Mux mode idx=8, name=lowLightHands, score=-1950
12-08 11:31:06.708 I/TrackingFidelityService( 1765): beginTransition[worldTracking]: lowLightHands(8)->lowLightHands(8)
12-08 11:31:06.708 I/TrackingFidelityService( 1765): _applyMuxModeLockedInternal: Mode lowLightHands already set. Returning.
12-08 11:31:06.708 I/TrackingFidelityService( 1765): endTransition[worldTracking]: lowLightHands(8)->lowLightHands(8), seqId=-1, succeeded=true
12-08 11:31:06.708 I/TrackingFidelityService( 1765): Received hand/controller update: multimodal_hands_and_controllers_enabled
12-08 11:31:06.709 I/TrackingServiceProxy( 2051): Starting audio data stream.
12-08 11:31:06.709 I/TrackingService( 1772): Updating face tracking breakdown: FT: 0 ET: 0 ORT_ACTIVE: 0, ORT_BG: 0, LST: 1, CDC: 0
12-08 11:31:06.710 I/TrackingFidelityService( 1765): checkMultimodalFeature: Attempt made to enable multimodal hands+controllers when not supported by app
12-08 11:31:06.710 I/TrackingFidelityService( 1765): Request(s)={constellation:0,controller_selftracked:0,hands:3,environment_lighting:5,keyboard:0,scene_reconstruction:0,surface_inputs:0,}, Mux mode idx=8, name=lowLightHands, score=-1950
12-08 11:31:06.710 I/TrackingFidelityService( 1765): beginTransition[worldTracking]: lowLightHands(8)->lowLightHands(8)
12-08 11:31:06.710 I/TrackingFidelityService( 1765): _applyMuxModeLockedInternal: Mode lowLightHands already set. Returning.
12-08 11:31:06.710 I/TrackingFidelityService( 1765): endTransition[worldTracking]: lowLightHands(8)->lowLightHands(8), seqId=-1, succeeded=true
12-08 11:31:06.780 I/binder  (    0): undelivered transaction 3819669, process died.
12-08 11:31:06.718 I/TrackingFidelityService( 1765): Request(s)={keyboard:5,}
12-08 11:31:06.719 I/FrameSetDispatcher(  873): [{WT(0,1):RAW10}] 1 older Mux Mode settings are removed.
12-08 11:31:06.719 I/FrameSetDispatcher(  873): [{WT(0,1):RAW10}] Client pid=1574 (MrSSCamS): Remove old Mux Mode 1: slot indices: SLOT_0 SLOT_2 
12-08 11:31:06.719 I/TrackingFidelityService( 1765): checkMultimodalFeature: Attempt made to enable multimodal hands+controllers when not supported by app
12-08 11:31:06.719 I/TrackingFidelityService( 1765): Request(s)={keyboard:5,hands:3,scene_reconstruction:0,constellation:0,controller_selftracked:0,surface_inputs:0,}, Mux mode idx=4, name=lowLightHandsObject, score=-950
12-08 11:31:06.719 I/TrackingFidelityService( 1765): beginTransition[worldTracking]: lowLightHands(8)->lowLightHandsObject(4)
12-08 11:31:06.719 I/TrackingFidelityService( 1765): _applyMuxModeLockedInternal: Applying camera mux mode lowLightHandsObject via requestFeaturesWithFidelitiesLocked
12-08 11:31:06.719 I/SensorService(  873): [worldTracking] Setting camera mux mode to 4
12-08 11:31:06.719 I/SensorService(  873): updating CameraStream mux states
12-08 11:31:06.720 I/SensorDataTransforms( 1772): [constellation:ambient_controller] Staging mux mode updates for {worldTracking: ind-4, seqId-77},
12-08 11:31:06.720 I/SensorDataTransforms( 1772): [constellation:ambient_controller] Mux mode updates successfully staged
12-08 11:31:06.720 D/TrackingService( 1772): [constellation:ambient_controller]Queue mux mode update notification: lowLightHandsObject
12-08 11:31:06.720 I/SensorDataTransforms( 1772): [constellation:constellation] Staging mux mode updates for {worldTracking: ind-4, seqId-77},
12-08 11:31:06.720 I/SensorDataTransforms( 1772): [constellation:constellation] Mux mode updates successfully staged
12-08 11:31:06.720 D/TrackingService( 1772): [constellation:constellation]Queue mux mode update notification: lowLightHandsObject
12-08 11:31:06.720 I/SensorDataTransforms( 1772): [ExpCtl:exposure_control_worldTracking] Staging mux mode updates for {worldTracking: ind-4, seqId-77},
12-08 11:31:06.720 I/SensorDataTransforms( 1772): [ExpCtl:exposure_control_worldTracking] Mux mode updates successfully staged
12-08 11:31:06.720 I/SensorDataTransforms( 1772): [object:object] Staging mux mode updates for {worldTracking: ind-4, seqId-77},
12-08 11:31:06.720 I/SensorDataTransforms( 1772): [object:object] Mux mode updates successfully staged
12-08 11:31:06.720 D/TrackingService( 1772): [object:object]Queue mux mode update notification: lowLightHandsObject
12-08 11:31:06.720 D/TrackingService( 1772): [object]start onMuxStateUpdate. ModeId: lowLightHands -> lowLightHandsObject
12-08 11:31:06.720 D/TrackingService( 1772): [object][object]handleMuxModeNotification started for muxMode[worldTracking: lowLightHandsObject]
12-08 11:31:06.720 D/TrackingService( 1772): [ambient_controller]start onMuxStateUpdate. ModeId: lowLightHands -> lowLightHandsObject
12-08 11:31:06.720 D/TrackingService( 1772): [constellation][ambient_controller]handleMuxModeNotification started for muxMode[worldTracking: lowLightHandsObject]
12-08 11:31:06.721 I/SensorDataTransforms( 1574): [MrStreamControl:mr_monochrome] Staging mux mode updates for {worldTracking: ind-4, seqId-77},
12-08 11:31:06.721 I/SensorDataTransforms( 1574): [MrStreamControl:mr_monochrome] Signaling start of the mode transition
12-08 11:31:06.721 I/SensorDataTransforms( 1574): [MrStreamControl:mr_monochrome] Mux mode updates successfully staged
12-08 11:31:06.721 D/TrackingService( 1772): [constellation][ambient_controller]handleMuxModeNotification finished for muxMode[worldTracking: lowLightHandsObject]
12-08 11:31:06.721 D/TrackingService( 1772): [ambient_controller]end onMuxStateUpdate. ModeId: lowLightHands -> lowLightHandsObject
12-08 11:31:06.721 I/TrackingService( 1772): [constellation:ambient_controller] Mux Mode Transition from sensor service: lowLightHands -> lowLightHandsObject transition time: 0 ms
12-08 11:31:06.721 D/TrackingService( 1772): [constellation]start onMuxStateUpdate. ModeId: lowLightHandsObject -> lowLightHandsObject
12-08 11:31:06.721 D/TrackingService( 1772): [constellation][constellation]handleMuxModeNotification started for muxMode[worldTracking: lowLightHandsObject]
12-08 11:31:06.721 E/TrackingService( 1772): Resetting MuxMode lowLightHandsObject which is already set
12-08 11:31:06.721 D/TrackingService( 1772): [constellation]end onMuxStateUpdate. ModeId: lowLightHandsObject -> lowLightHandsObject
12-08 11:31:06.721 I/TrackingService( 1772): [     constellation:constellation] Mux Mode Transition from sensor service: lowLightHandsObject -> lowLightHandsObject transition time: 0 ms
12-08 11:31:06.721 D/CameraStream(  873): [object] Client [Obj(1772)] attempting start
12-08 11:31:06.721 I/FrameSetDispatcher(  873): [{WT:RAW10}] Client pid=1772 (Obj): Client thread[{WT:RAW10}:Obj] started
12-08 11:31:06.721 I/CameraClientManager(  873): [Obj(1772)][object] client started (estimated 1 started clients total)
12-08 11:31:06.721 I/CameraClientManager(  873): [[Obj(1772)][object]] definitely starting stream
12-08 11:31:06.722 I/SensorDataTransforms( 1772): [iot:iot] Staging mux mode updates for {worldTracking: ind-4, seqId-77},
12-08 11:31:06.722 I/SensorDataTransforms( 1772): [iot:iot] Mux mode updates successfully staged
12-08 11:31:06.722 D/TrackingService( 1772): [iot:iot]Queue mux mode update notification: lowLightHandsObject
12-08 11:31:06.722 D/TrackingService( 1772): [iot]start onMuxStateUpdate. ModeId: lowLightHands -> lowLightHandsObject
12-08 11:31:06.722 D/TrackingService( 1772): [iot][iot]handleMuxModeNotification started for muxMode[worldTracking: lowLightHandsObject]
12-08 11:31:06.722 D/TrackingService( 1772): [iot][iot]handleMuxModeNotification finished for muxMode[worldTracking: lowLightHandsObject]
12-08 11:31:06.722 D/TrackingService( 1772): [iot]end onMuxStateUpdate. ModeId: lowLightHands -> lowLightHandsObject
12-08 11:31:06.722 I/TrackingService( 1772): [                         iot:iot] Mux Mode Transition from sensor service: lowLightHands -> lowLightHandsObject transition time: 0 ms
12-08 11:31:06.723 I/SensorDataTransforms( 1772): [hand:hand] Staging mux mode updates for {worldTracking: ind-4, seqId-77},
12-08 11:31:06.723 I/SensorDataTransforms( 1772): [hand:hand] Mux mode updates successfully staged
12-08 11:31:06.723 D/TrackingService( 1772): [hand:hand]Queue mux mode update notification: lowLightHandsObject
12-08 11:31:06.723 I/SensorDataTransforms( 1574): [MrStreamControl:projector_assisted_depth] Staging mux mode updates for {worldTracking: ind-4, seqId-77},
12-08 11:31:06.723 I/SensorDataTransforms( 1574): [MrStreamControl:projector_assisted_depth] Mux mode updates successfully staged
12-08 11:31:06.723 I/FrameSetDispatcher(  873): [{WT:RAW10}] 1 older Mux Mode settings are removed.
12-08 11:31:06.723 I/FrameSetDispatcher(  873): [{WT:RAW10}] Client pid=1772 (IOT): Remove old Mux Mode 1: slot indices: SLOT_0 SLOT_2 
12-08 11:31:06.723 I/FrameSetDispatcher(  873): [{WT:RAW10}] Client pid=1772 (ExpCtl): Remove old Mux Mode 1: slot indices: SLOT_0 SLOT_1 SLOT_2 
12-08 11:31:06.723 I/TrackingService( 1772): [iot:iot] Configuration update starting
12-08 11:31:06.724 I/TrackingService( 1772): [iot:iot] Configuration update done
12-08 11:31:06.729 I/SensorDataTransforms( 1772): [iobt:iobt] Staging mux mode updates for {worldTracking: ind-4, seqId-77},
12-08 11:31:06.729 I/SensorDataTransforms( 1772): [iobt:iobt] Mux mode updates successfully staged
12-08 11:31:06.729 D/TrackingService( 1772): [iobt:iobt]Queue mux mode update notification: lowLightHandsObject
12-08 11:31:06.729 D/TrackingService( 1772): [iobt]start onMuxStateUpdate. ModeId: lowLightHands -> lowLightHandsObject
12-08 11:31:06.729 D/TrackingService( 1772): [iobt][iobt]handleMuxModeNotification started for muxMode[worldTracking: lowLightHandsObject]
12-08 11:31:06.729 D/TrackingService( 1772): [iobt][iobt]handleMuxModeNotification finished for muxMode[worldTracking: lowLightHandsObject]
12-08 11:31:06.729 D/TrackingService( 1772): [iobt]end onMuxStateUpdate. ModeId: lowLightHands -> lowLightHandsObject
12-08 11:31:06.729 I/TrackingService( 1772): [                       iobt:iobt] Mux Mode Transition from sensor service: lowLightHands -> lowLightHandsObject transition time: 0 ms
12-08 11:31:06.729 I/SensorService(  873): ending update to CameraStream mux states
12-08 11:31:06.729 I/FrameSetCollator(  873): [{WT(0,1):RAW10}] Updated frame set period to 16666000, with all camera system activeSlots [[T,F,T,T,]]
12-08 11:31:06.729 I/FrameSetCollator(  873): [{WT:RAW10}] Updated frame set period to 16666000, with all camera system activeSlots [[T,F,T,T,]]
12-08 11:31:06.729 I/FrameSetDispatcher(  873): [{WT(0,1):RAW10}] Client pid=1574 (MrSSCamS): [worldTracking] Updated CameraMuxMode: 4, Slots: 
12-08 11:31:06.729 I/FrameSetDispatcher(  873): [{WT(0,1):RAW10}] Client pid=1574 (MrSSCamS): [worldTracking] Updated CameraMuxMode: 4, Slots: SLOT_0 SLOT_2 
12-08 11:31:06.729 I/FrameSetDispatcher(  873): [{WT(0,1):RAW10}] Latest MuxModeSettings: 4
12-08 11:31:06.729 I/FrameSetDispatcher(  873): [{WT(0,1):RAW10}] purpose: ambient_controller, slots: 
12-08 11:31:06.729 I/FrameSetDispatcher(  873): [{WT(0,1):RAW10}] purpose: constellation, slots: 
12-08 11:31:06.729 I/FrameSetDispatcher(  873): [{WT(0,1):RAW10}] purpose: exposure_control_worldTracking, slots: SLOT_0 SLOT_2 SLOT_3 
12-08 11:31:06.729 I/FrameSetDispatcher(  873): [{WT(0,1):RAW10}] purpose: iobt, slots: SLOT_0 SLOT_2 
12-08 11:31:06.729 I/FrameSetDispatcher(  873): [{WT(0,1):RAW10}] purpose: mr_monochrome, slots: SLOT_0 SLOT_2 
12-08 11:31:06.729 I/FrameSetDispatcher(  873): [{WT(0,1):RAW10}] purpose: object, slots: SLOT_3 
12-08 11:31:06.729 I/FrameSetDispatcher(  873): [{WT(0,1):RAW10}] purpose: active_slots, slots: SLOT_0 SLOT_2 SLOT_3 
12-08 11:31:06.729 I/FrameSetDispatcher(  873): [{WT(0,1):RAW10}] purpose: hand, slots: SLOT_0 SLOT_2 
12-08 11:31:06.729 I/FrameSetDispatcher(  873): [{WT(0,1):RAW10}] purpose: iot, slots: SLOT_0 SLOT_2 
12-08 11:31:06.729 I/FrameSetDispatcher(  873): [{WT(0,1):RAW10}] purpose: projector_assisted_depth, slots: 
12-08 11:31:06.729 I/FrameSetDispatcher(  873): [{WT:RAW10}] Client pid=1772 (IOT): [worldTracking] Updated CameraMuxMode: 4, Slots: SLOT_0 SLOT_2 
12-08 11:31:06.729 I/FrameSetDispatcher(  873): [{WT:RAW10}] Client pid=1772 (ExpCtl): [worldTracking] Updated CameraMuxMode: 4, Slots: SLOT_0 SLOT_2 SLOT_3 
12-08 11:31:06.729 I/FrameSetDispatcher(  873): [{WT:RAW10}] Client pid=1772 (Obj): [worldTracking] Updated CameraMuxMode: 4, Slots: SLOT_3 
12-08 11:31:06.729 I/FrameSetDispatcher(  873): [{WT:RAW10}] Latest MuxModeSettings: 4
12-08 11:31:06.729 I/FrameSetDispatcher(  873): [{WT:RAW10}] purpose: ambient_controller, slots: 
12-08 11:31:06.729 I/FrameSetDispatcher(  873): [{WT:RAW10}] purpose: constellation, slots: 
12-08 11:31:06.729 I/FrameSetDispatcher(  873): [{WT:RAW10}] purpose: exposure_control_worldTracking, slots: SLOT_0 SLOT_2 SLOT_3 
12-08 11:31:06.729 I/FrameSetDispatcher(  873): [{WT:RAW10}] purpose: iobt, slots: SLOT_0 SLOT_2 
12-08 11:31:06.729 I/FrameSetDispatcher(  873): [{WT:RAW10}] purpose: mr_monochrome, slots: SLOT_0 SLOT_2 
12-08 11:31:06.729 I/FrameSetDispatcher(  873): [{WT:RAW10}] purpose: object, slots: SLOT_3 
12-08 11:31:06.729 I/FrameSetDispatcher(  873): [{WT:RAW10}] purpose: active_slots, slots: SLOT_0 SLOT_2 SLOT_3 
12-08 11:31:06.729 I/FrameSetDispatcher(  873): [{WT:RAW10}] purpose: hand, slots: SLOT_0 SLOT_2 
12-08 11:31:06.729 I/FrameSetDispatcher(  873): [{WT:RAW10}] purpose: iot, slots: SLOT_0 SLOT_2 
12-08 11:31:06.729 I/FrameSetDispatcher(  873): [{WT:RAW10}] purpose: projector_assisted_depth, slots: 
12-08 11:31:06.732 I/SyncBossFW(  866): 7935542 [info   ] {NICE}: nice_set_frame_rate called on same period of 16666us
12-08 11:31:06.734 D/SensorService(  873): Configured syncboss nice config: [{camera_set: 1, num_slots: 4, [ { tag: 64, default_exposure_us: 65535, default_gain: 65535, capabilities: 0, slot_length: 0, }, { tag: 65, default_exposure_us: 5000, default_gain: 48, capabilities: 8, slot_length: 0, }, { tag: 66, default_exposure_us: 65535, default_gain: 65535, capabilities: 0, slot_length: 0, }, { tag: 67, default_exposure_us: 5000, default_gain: 48, capabilities: 0, slot_length: 0, }, ] shutter_period_us: 16666, }, {camera_set: 2, num_slots: 4, [ { tag: 64, default_exposure_us: 65535, default_gain: 65535, capabilities: 0, slot_length: 0, }, { tag: 65, default_exposure_us: 5000, default_gain: 48, capabilities: 8, slot_length: 0, }, { tag: 66, default_exposure_us: 65535, default_gain: 65535, capabilities: 0, slot_length: 0, }, { tag: 67, default_exposure_us: 5000, default_gain: 48, capabilities: 0, slot_length: 0, }, ] shutter_period_us: 16666, }, ]
12-08 11:31:06.735 I/SensorService(  873): [worldTracking] Starting cameras for purpose object
12-08 11:31:06.735 I/FrameSetCollator(  873): [{WT:RAW10}] Skipping start, current start count: 3
12-08 11:31:06.735 I/SensorService(  873): [worldTracking] Starting camera streams for purpose: object, current muxmode = 4
12-08 11:31:06.735 I/CameraClientManager(  873): [[Obj(1772)][object]] stream start completed
12-08 11:31:06.735 D/CameraStream(  873): [object] Client [Obj(1772)]: start complete
12-08 11:31:06.735 I/TrackingFidelityService( 1765): endTransition[worldTracking]: lowLightHands(8)->lowLightHandsObject(4), seqId=77, succeeded=true
12-08 11:31:06.736 D/TrackingService( 1772): [object][object]handleMuxModeNotification finished for muxMode[worldTracking: lowLightHandsObject]
12-08 11:31:06.736 D/TrackingService( 1772): [object]end onMuxStateUpdate. ModeId: lowLightHands -> lowLightHandsObject
12-08 11:31:06.736 I/TrackingService( 1772): [                   object:object] Mux Mode Transition from sensor service: lowLightHands -> lowLightHandsObject transition time: 15 ms
12-08 11:31:06.739 I/SyncBossFW(  866): 7935542 [info   ] {NCM }: No slot with constellation capability found.
12-08 11:31:06.739 I/SyncBossFW(  866): 7935545 [info   ] {NICE}: nice_set_frame_rate called on same period of 16666us
12-08 11:31:06.739 I/SyncBossFW(  866): 7935545 [info   ] {NCM }: No slot with projector capability found.
12-08 11:31:06.739 I/SyncBossFW(  866): 7935545 [info   ] {NCM }: Stopping projector
12-08 11:31:06.744 D/CompatibilityChangeReporter( 2051): Compat change id reported: 271850009; UID 10103; state: DISABLED
12-08 11:31:06.758 I/TrackingServiceProxy( 2051): Oboe audio stream started.
12-08 11:31:06.767 D/DisplayManagerService( 2051): Drop pending events for gone uid 10109
12-08 11:31:06.785 I/FrameSetDispatcher(  873): [{WT(0,1):RAW10}] 1 older Mux Mode settings are removed.
12-08 11:31:06.786 I/FrameSetDispatcher(  873): [{WT(0,1):RAW10}] Client pid=1574 (MrSSCamS): Remove old Mux Mode 8: slot indices: SLOT_0 SLOT_2 
12-08 11:31:06.788 D/CompatibilityChangeReporter( 2051): Compat change id reported: 171306433; UID 1000; state: ENABLED
12-08 11:31:06.788 D/CompatibilityChangeReporter( 2051): Compat change id reported: 218533173; UID 1000; state: ENABLED
12-08 11:31:06.789 I/FrameSetDispatcher(  873): [{WT:RAW10}] 1 older Mux Mode settings are removed.
12-08 11:31:06.789 I/FrameSetDispatcher(  873): [{WT:RAW10}] Client pid=1772 (ExpCtl): Remove old Mux Mode 8: slot indices: SLOT_0 SLOT_2 
12-08 11:31:06.790 I/FrameSetDispatcher(  873): [{WT:RAW10}] Client pid=1772 (IOT): Remove old Mux Mode 8: slot indices: SLOT_0 SLOT_2 
12-08 11:31:06.790 I/TrackingService( 1772): [iot:iot] Configuration update starting
12-08 11:31:06.790 I/TrackingService( 1772): [iot:iot] Configuration update done
12-08 11:31:06.790 I/TrackingService( 1772): [iot:iot] Finish configuration update starting
12-08 11:31:06.790 I/TrackingService( 1772): [iot:iot] Finish configuration update done
12-08 11:31:06.791 E/VolumetricWindowManagerServiceBase( 2051): Apply window change transaction with no window: windowToken = VolumetricWindowToken { scope = 1, token = horizonos.view.VolumetricWindowToken$InternalVolumetricToken@ec832a7, persistableToken = 441e8dde-b85a-4d2f-9173-e537be961500 }
12-08 11:31:06.807 I/FrameSetDispatcher(  873): [{WT:RAW10}] Client pid=1772 (Obj): Remove old Mux Mode 1: slot indices: 
12-08 11:31:06.807 I/FrameSetDispatcher(  873): [{WT:RAW10}] Client pid=1772 (Obj): Remove old Mux Mode 8: slot indices: 
12-08 11:31:06.807 D/SensorDataTransforms( 1772): [object:object] Erased 2 stale entries from the staged mux states for worldTracking.
12-08 11:31:06.807 I/TrackingService( 1772): [object:object] Configuration update starting
12-08 11:31:06.808 I/TrackingService( 1772): [object:object] Configuration update done
12-08 11:31:06.808 I/TrackingService( 1772): [object:object] Finish configuration update starting
12-08 11:31:06.808 I/TrackingService( 1772): [object:object] Finish configuration update done
12-08 11:31:06.823 W/FrameSetDispatcher(  873): [{WT:RAW10}] Client pid=1772 (IOT): client is taking longer than 33ms to return FrameSets (1x in the past 0.516s)
12-08 11:31:06.827 I/TrackingFidelityService( 1765): Received hand/controller update: hand_tracking_enabled
12-08 11:31:06.833 I/TrackingFidelityService( 1765): checkMultimodalFeature: Attempt made to enable multimodal hands+controllers when not supported by app
12-08 11:31:06.833 I/TrackingFidelityService( 1765): Request(s)={constellation:0,controller_selftracked:0,hands:3,environment_lighting:5,keyboard:5,scene_reconstruction:0,surface_inputs:0,}, Mux mode idx=4, name=lowLightHandsObject, score=-1950
12-08 11:31:06.833 I/TrackingFidelityService( 1765): beginTransition[worldTracking]: lowLightHandsObject(4)->lowLightHandsObject(4)
12-08 11:31:06.833 I/TrackingFidelityService( 1765): _applyMuxModeLockedInternal: Mode lowLightHandsObject already set. Returning.
12-08 11:31:06.833 I/TrackingFidelityService( 1765): endTransition[worldTracking]: lowLightHandsObject(4)->lowLightHandsObject(4), seqId=-1, succeeded=true
12-08 11:31:06.833 I/TrackingFidelityService( 1765): Received hand/controller update: multimodal_hands_and_controllers_enabled
12-08 11:31:06.844 I/TrackingFidelityService( 1765): checkMultimodalFeature: Attempt made to enable multimodal hands+controllers when not supported by app
12-08 11:31:06.844 I/TrackingFidelityService( 1765): Request(s)={constellation:0,controller_selftracked:0,hands:3,environment_lighting:5,keyboard:5,scene_reconstruction:0,surface_inputs:0,}, Mux mode idx=4, name=lowLightHandsObject, score=-1950
12-08 11:31:06.844 I/TrackingFidelityService( 1765): beginTransition[worldTracking]: lowLightHandsObject(4)->lowLightHandsObject(4)
12-08 11:31:06.844 I/TrackingFidelityService( 1765): _applyMuxModeLockedInternal: Mode lowLightHandsObject already set. Returning.
12-08 11:31:06.844 I/TrackingFidelityService( 1765): endTransition[worldTracking]: lowLightHandsObject(4)->lowLightHandsObject(4), seqId=-1, succeeded=true
12-08 11:31:06.859 V/ActivityManager( 2051): bindService: Intent { act=com.microsoft.windowsapp.BIND_REMOTE_DESKTOP_SERVICE pkg=com.microsoft.rdc.androidx } type=null conn=android.os.BinderProxy@9b33f84 flags=0x1
12-08 11:31:06.869 D/ActivityManager( 2051): sync unfroze 19537 com.microsoft.rdc.androidx for 6
12-08 11:31:07.001 E/msm_cdc_enable_ondemand_supply(    0): either dev or supplies or cdc_vreg is NULL
12-08 11:31:07.001 E/lpass-cdc soc(    0): spf_core_platform:lpass-cdc: lpass_cdc_dmic_clk_enable: dmic power supply enbl failed
12-08 11:31:07.001 E/msm_cdc_enable_ondemand_supply(    0): either dev or supplies or cdc_vreg is NULL
12-08 11:31:07.001 E/lpass-cdc soc(    0): spf_core_platform:lpass-cdc: lpass_cdc_dmic_clk_enable: dmic power supply enbl failed
12-08 11:31:07.259 I/input   (    0): Device 0x402C25CBF028A4E8 as /devices/virtual/input/input15
12-08 11:31:06.933 V/ActivityManager( 2051): bindService: Intent { cmp=com.oculus.horizon/com.facebook.mobileconfigservice.service.MobileConfigService } type=null conn=android.os.BinderProxy@280fb1c flags=0x5
12-08 11:31:06.941 D/CompatibilityChangeReporter( 2051): Compat change id reported: 261072174; UID 10055; state: DISABLED
12-08 11:31:06.950 I/TrackingFidelityService( 1765): Received hand/controller update: hand_tracking_enabled
12-08 11:31:07.348 W/healthd (    0): battery l=100 v=4355 t=35.0 h=2 st=5 c=-567274 fc=4798000 cc=18 chg=a
12-08 11:31:06.960 D/CameraStream(  873): [ocal] Client [IOT(1772)] attempting start
12-08 11:31:06.960 I/FrameSetDispatcher(  873): [{COL:FOVPR}] Client pid=1772 (IOT): Client thread[{COL:FOVPR}:IOT] started
12-08 11:31:06.960 I/CameraClientManager(  873): [IOT(1772)][ocal] client started (estimated 1 started clients total)
12-08 11:31:06.960 I/CameraClientManager(  873): [[IOT(1772)][ocal]] definitely starting stream
12-08 11:31:06.960 I/SensorService(  873): [color] Starting cameras for purpose ocal
12-08 11:31:06.960 I/FrameSetCollator(  873): [{COL:FOVPR}] Skipping start, current start count: 2
12-08 11:31:06.960 I/SensorService(  873): [color] Starting camera streams for purpose: ocal, current muxmode = 1
12-08 11:31:06.960 I/CameraClientManager(  873): [[IOT(1772)][ocal]] stream start completed
12-08 11:31:06.960 D/CameraStream(  873): [ocal] Client [IOT(1772)]: start complete
12-08 11:31:06.960 W/TrackingService( 1772): trying to start depth stream when 3-way OCal is not enabled
12-08 11:31:06.961 I/TrackingFidelityService( 1765): checkMultimodalFeature: Attempt made to enable multimodal hands+controllers when not supported by app
12-08 11:31:06.961 I/TrackingFidelityService( 1765): Request(s)={constellation:0,controller_selftracked:0,hands:3,environment_lighting:5,keyboard:5,scene_reconstruction:0,surface_inputs:0,}, Mux mode idx=4, name=lowLightHandsObject, score=-1950
12-08 11:31:06.962 I/TrackingFidelityService( 1765): beginTransition[worldTracking]: lowLightHandsObject(4)->lowLightHandsObject(4)
12-08 11:31:06.962 I/TrackingFidelityService( 1765): _applyMuxModeLockedInternal: Mode lowLightHandsObject already set. Returning.
12-08 11:31:06.962 I/TrackingFidelityService( 1765): endTransition[worldTracking]: lowLightHandsObject(4)->lowLightHandsObject(4), seqId=-1, succeeded=true
12-08 11:31:06.962 I/TrackingFidelityService( 1765): Received hand/controller update: multimodal_hands_and_controllers_enabled
12-08 11:31:06.967 V/ActivityManager( 2051): bindService: Intent { cmp=com.oculus.horizon/com.facebook.mobileconfigservice.service.MobileConfigService } type=null conn=android.os.BinderProxy@f252152 flags=0x5
12-08 11:31:06.970 D/CompatibilityChangeReporter( 2051): Compat change id reported: 261072174; UID 10080; state: ENABLED
12-08 11:31:06.979 I/TrackingFidelityService( 1765): checkMultimodalFeature: Attempt made to enable multimodal hands+controllers when not supported by app
12-08 11:31:06.979 I/TrackingFidelityService( 1765): Request(s)={constellation:0,controller_selftracked:0,hands:3,environment_lighting:5,keyboard:5,scene_reconstruction:0,surface_inputs:0,}, Mux mode idx=4, name=lowLightHandsObject, score=-1950
12-08 11:31:06.979 I/TrackingFidelityService( 1765): beginTransition[worldTracking]: lowLightHandsObject(4)->lowLightHandsObject(4)
12-08 11:31:06.979 I/TrackingFidelityService( 1765): _applyMuxModeLockedInternal: Mode lowLightHandsObject already set. Returning.
12-08 11:31:06.979 I/TrackingFidelityService( 1765): endTransition[worldTracking]: lowLightHandsObject(4)->lowLightHandsObject(4), seqId=-1, succeeded=true
12-08 11:31:07.479 I/oom_reaper(    0): reaped process 26301 (tatementservice), now anon-rss:0kB, file-rss:0kB, shmem-rss:440kB
12-08 11:31:07.502 I/binder  (    0): undelivered transaction 3819664, process died.
12-08 11:31:07.537 I/oom_reaper(    0): reaped process 23573 (lus.hzosgallery), now anon-rss:0kB, file-rss:32kB, shmem-rss:496kB
12-08 11:31:07.022 I/ActivityManager( 2051): Flag disabled. Ignoring finishAttachApplication from uid: 10080. pid: 27457
12-08 11:31:07.026 D/JobServiceContext( 2051): handleServiceBound for d3b3a8a #u0a80/6713 com.meta.rl.trust.service/androidx.work.impl.background.systemjob.SystemJobService
12-08 11:31:07.026 D/JobServiceContext( 2051): Scheduling time out for 'androidx.work.impl.background.systemjob.SystemJobService' jId: 6713, in 8 s
12-08 11:31:07.030 I/TrackingFidelityService( 1765): Received hand/controller update: hand_tracking_enabled
12-08 11:31:07.031 I/TrackingFidelityService( 1765): checkMultimodalFeature: Attempt made to enable multimodal hands+controllers when not supported by app
12-08 11:31:07.032 I/TrackingFidelityService( 1765): Request(s)={constellation:0,controller_selftracked:0,hands:3,environment_lighting:5,keyboard:5,scene_reconstruction:0,surface_inputs:0,}, Mux mode idx=4, name=lowLightHandsObject, score=-1950
12-08 11:31:07.032 I/TrackingFidelityService( 1765): beginTransition[worldTracking]: lowLightHandsObject(4)->lowLightHandsObject(4)
12-08 11:31:07.032 I/TrackingFidelityService( 1765): _applyMuxModeLockedInternal: Mode lowLightHandsObject already set. Returning.
12-08 11:31:07.032 I/TrackingFidelityService( 1765): endTransition[worldTracking]: lowLightHandsObject(4)->lowLightHandsObject(4), seqId=-1, succeeded=true
12-08 11:31:07.032 I/TrackingFidelityService( 1765): Received hand/controller update: multimodal_hands_and_controllers_enabled
12-08 11:31:07.033 I/TrackingFidelityService( 1765): checkMultimodalFeature: Attempt made to enable multimodal hands+controllers when not supported by app
12-08 11:31:07.033 I/TrackingFidelityService( 1765): Request(s)={constellation:0,controller_selftracked:0,hands:3,environment_lighting:5,keyboard:5,scene_reconstruction:0,surface_inputs:0,}, Mux mode idx=4, name=lowLightHandsObject, score=-1950
12-08 11:31:07.033 I/TrackingFidelityService( 1765): beginTransition[worldTracking]: lowLightHandsObject(4)->lowLightHandsObject(4)
12-08 11:31:07.033 I/TrackingFidelityService( 1765): _applyMuxModeLockedInternal: Mode lowLightHandsObject already set. Returning.
12-08 11:31:07.033 I/TrackingFidelityService( 1765): endTransition[worldTracking]: lowLightHandsObject(4)->lowLightHandsObject(4), seqId=-1, succeeded=true
12-08 11:31:07.145 I/TrackingFidelityService( 1765): Received hand/controller update: hand_tracking_enabled
12-08 11:31:07.147 I/TrackingFidelityService( 1765): checkMultimodalFeature: Attempt made to enable multimodal hands+controllers when not supported by app
12-08 11:31:07.148 I/TrackingFidelityService( 1765): Request(s)={constellation:0,controller_selftracked:0,hands:3,environment_lighting:5,keyboard:5,scene_reconstruction:0,surface_inputs:0,}, Mux mode idx=4, name=lowLightHandsObject, score=-1950
12-08 11:31:07.148 I/TrackingFidelityService( 1765): beginTransition[worldTracking]: lowLightHandsObject(4)->lowLightHandsObject(4)
12-08 11:31:07.148 I/TrackingFidelityService( 1765): _applyMuxModeLockedInternal: Mode lowLightHandsObject already set. Returning.
12-08 11:31:07.148 I/TrackingFidelityService( 1765): endTransition[worldTracking]: lowLightHandsObject(4)->lowLightHandsObject(4), seqId=-1, succeeded=true
12-08 11:31:07.148 I/TrackingFidelityService( 1765): Received hand/controller update: multimodal_hands_and_controllers_enabled
12-08 11:31:07.150 I/TrackingFidelityService( 1765): checkMultimodalFeature: Attempt made to enable multimodal hands+controllers when not supported by app
12-08 11:31:07.150 I/TrackingFidelityService( 1765): Request(s)={constellation:0,controller_selftracked:0,hands:3,environment_lighting:5,keyboard:5,scene_reconstruction:0,surface_inputs:0,}, Mux mode idx=4, name=lowLightHandsObject, score=-1950
12-08 11:31:07.150 I/TrackingFidelityService( 1765): beginTransition[worldTracking]: lowLightHandsObject(4)->lowLightHandsObject(4)
12-08 11:31:07.150 I/TrackingFidelityService( 1765): _applyMuxModeLockedInternal: Mode lowLightHandsObject already set. Returning.
12-08 11:31:07.150 I/TrackingFidelityService( 1765): endTransition[worldTracking]: lowLightHandsObject(4)->lowLightHandsObject(4), seqId=-1, succeeded=true
12-08 11:31:07.157 I/SyncBossHAL(  873): [info   ] syncboss_hal_impl_input.c(1239): Pulsar connected devices state change: 14, host current time: 10463480ms
12-08 11:31:07.158 I/SyncBossHAL(  873): [info   ] pulsar_input_cache.c(893): Refreshing input cache
12-08 11:31:07.160 I/SyncBossFW(  866): 7935968 [info   ] {WIHO}: Pulsar dev connected 402c25cbf028a4e8 t: 7935968ms, (type: 10011601, connection id: 0xe, cl version: 2)
12-08 11:31:07.160 I/SyncBossHAL(  873): [info   ] pulsar_input_cache.c(609): Enumerating 402c25cbf028a4e8
12-08 11:31:07.177 I/SyncBossHAL(  873): [info   ] pulsar_input_cache.c(576): Enumerating device version: 85.35.39
12-08 11:31:07.216 D/JobServiceContext( 2051): doCallback of : JobStatus{d3b3a8a #u0a80/6713 com.meta.rl.trust.service/androidx.work.impl.background.systemjob.SystemJobService u=0 s=10080 TIME=-7s837ms:none NET STORENOTLOW READY} v:VERB_STARTING
12-08 11:31:07.216 D/JobServiceContext( 2051): Scheduling time out for 'androidx.work.impl.background.systemjob.SystemJobService' jId: 6713, in 300 s
12-08 11:31:07.223 D/CompatibilityChangeReporter( 2051): Compat change id reported: 253665015; UID 10080; state: ENABLED
12-08 11:31:07.223 D/CompatibilityChangeReporter( 2051): Compat change id reported: 194532703; UID 10080; state: ENABLED
12-08 11:31:07.233 I/SyncBossHAL(  873): [info   ] pulsar_input_cache.c(719): Cache populated for device 402c25cbf028a4e8
12-08 11:31:07.233 I/SyncBossHAL(  873): [info   ] pulsar_input_cache.c(286): Finished getting cache data for controller
12-08 11:31:07.233 I/SyncBossHAL(  873):     id            : 402c25cbf028a4e8
12-08 11:31:07.233 I/SyncBossHAL(  873):     pulsar_type   : 0x10011601
12-08 11:31:07.233 I/SyncBossHAL(  873):     connection id : 0xe
12-08 11:31:07.233 I/SyncBossHAL(  873):     fw ver        : 85.35.39
12-08 11:31:07.233 I/SyncBossHAL(  873):     spl ver       : 1.5.11
12-08 11:31:07.233 I/SyncBossHAL(  873):     serial        : 2G0YZJ2F7N03SN
12-08 11:31:07.233 I/SyncBossHAL(  873):     handedness    : right
12-08 11:31:07.233 I/SyncBossHAL(  873):     battery state : 80%
12-08 11:31:07.233 I/SyncBossHAL(  873): [info   ] pulsar_input_cache.c(909): Cache refresh complete in 75ms
12-08 11:31:07.233 I/SyncBossHAL(  873): [info   ] pulsar_manager.c(180): Setting controller ID 402c25cbf028a4e8 LED config to period: 66664us, on-time: 19us, delay: 26453us
12-08 11:31:07.236 D/SensorService(  873): Syncboss input 402c25cbf028a4e8 hardware type 6, subtype 2, revision 0x10
12-08 11:31:07.236 I/SensorService(  873): preparePairedControllerInfo is adding device with valid 1
12-08 11:31:07.236 D/SensorService(  873): Syncboss input f343f271512a1feb hardware type 6, subtype 1, revision 
12-08 11:31:07.236 I/SensorService(  873): preparePairedControllerInfo is adding device with valid 1
12-08 11:31:07.236 D/SensorService(  873): stateChangeNotifierFunc(): Reporting controller info. Change token: 24, paired=2 connected=1
12-08 11:31:07.237 W/TrackingService( 1772): Clearing stuck Color frame set: timestamp 7936.009014, last release 7935.993348
12-08 11:31:07.238 D/ControllerManagement( 3227): processStateChange([PairedControllerInfo RUBY 402c25cbf028a4e8 connected detached mcnt=2])
12-08 11:31:07.239 D/SensorService(  873): Found paired controllers: 2
12-08 11:31:07.239 D/SensorService(  873): Syncboss input 402c25cbf028a4e8 hardware type 6, subtype 2, revision 0x10
12-08 11:31:07.239 I/SensorService(  873): preparePairedControllerInfo is adding device with valid 1
12-08 11:31:07.239 D/SensorService(  873): Syncboss input f343f271512a1feb hardware type 6, subtype 1, revision 
12-08 11:31:07.239 I/SensorService(  873): preparePairedControllerInfo is adding device with valid 1
12-08 11:31:07.239 I/ControllerManagement( 3227): ControllerGlue: 402c25cbf028a4e8: boostControllerTxPower: controllerType=RUBY, countryCode=US, txPower=8
12-08 11:31:07.240 D/SensorService(  873): ControllerProvider: Successfully set tx power to 8, filter to 8
12-08 11:31:07.240 I/SyncBossHAL(  873): [info   ] pulsar_manager.c(327): Setting transmit power for all connected controllers to 8 dBm
12-08 11:31:07.241 D/SensorService(  873): Found paired controllers: 2
12-08 11:31:07.241 D/SensorService(  873): Syncboss input 402c25cbf028a4e8 hardware type 6, subtype 2, revision 0x10
12-08 11:31:07.241 I/SensorService(  873): preparePairedControllerInfo is adding device with valid 1
12-08 11:31:07.241 D/SensorService(  873): Syncboss input f343f271512a1feb hardware type 6, subtype 1, revision 
12-08 11:31:07.241 I/SensorService(  873): preparePairedControllerInfo is adding device with valid 1
12-08 11:31:07.241 D/ControllerManagement( 3227): RemoteService::recordControllerStatusUpdate: device 402c25cbf028a4e8: status: CONNECTED_ACTIVE tracking: NONE, errors: --
12-08 11:31:07.241 I/SyncBossHAL(  873): [info   ] pulsar_manager.c(327): Setting filter transmit power for all connected controllers to 8 dBm
12-08 11:31:07.245 D/SensorService(  873): Found paired controllers: 2
12-08 11:31:07.245 D/SensorService(  873): Syncboss input 402c25cbf028a4e8 hardware type 6, subtype 2, revision 0x10
12-08 11:31:07.245 I/SensorService(  873): preparePairedControllerInfo is adding device with valid 1
12-08 11:31:07.245 D/SensorService(  873): Syncboss input f343f271512a1feb hardware type 6, subtype 1, revision 
12-08 11:31:07.245 I/SensorService(  873): preparePairedControllerInfo is adding device with valid 1
12-08 11:31:07.245 D/TrackingService( 1772): Creating RemoteConstellationTrackedDevice
12-08 11:31:07.245 I/TrackingService( 1772): Registering primary controller 402c25cbf028a4e8 in RIGHT slot
12-08 11:31:07.246 D/TrackingService( 1772): registerRemote: 402c25cbf028a4e8
12-08 11:31:07.247 W/MemoryBroker( 2051): attachClient: found client in attached list (uid: 10073, pid: 5403)
12-08 11:31:07.247 W/MemoryBroker( 2051): attachClient: found client in attached list (uid: 1000, pid: 1574)
12-08 11:31:07.247 W/MemoryBroker( 2051): attachClient: found client in attached list (uid: 10073, pid: 5403)
12-08 11:31:07.248 W/MemoryBroker( 2051): attachClient: found client in attached list (uid: 1000, pid: 1574)
12-08 11:31:07.263 D/ControllerManagement( 3227): RemoteService::recordControllerStatusUpdate: device 402c25cbf028a4e8: status: CONNECTED_ACTIVE tracking: NONE, errors: --
12-08 11:31:07.263 D/ControllerManagement( 3227): processStateChange([PairedControllerInfo RUBY f343f271512a1feb disconnected detached update-required mcnt=2])
12-08 11:31:07.274 D/DisplayManagerService( 2051): Ignore redundant display event 0/2 to 10049/18561
12-08 11:31:07.276 D/JobServiceContext( 2051): Scheduling time out for 'androidx.work.impl.background.systemjob.SystemJobService' jId: 6713, in 8 s
12-08 11:31:07.278 W/MemoryBroker( 2051): attachClient: found client in attached list (uid: 10021, pid: 3567)
12-08 11:31:07.279 W/MemoryBroker( 2051): attachClient: found client in attached list (uid: 10021, pid: 3567)
12-08 11:31:07.280 I/SyncBossInput(  873): [info   ] [ruby (right) 402c25cbf028a4e8]: 3504637 [info   ] {THDG}: active_connected -> active_seek
12-08 11:31:07.289 W/MemoryBroker( 2051): attachClient: found client in attached list (uid: 10053, pid: 4168)
12-08 11:31:07.290 W/MemoryBroker( 2051): attachClient: found client in attached list (uid: 10053, pid: 4168)
12-08 11:31:07.294 I/SyncBossHAL(  873): [info   ] syncboss_hal_input_controller.c(186): Controller 402c25cbf028a4e8 battery level changed: 0% -> 80%
12-08 11:31:07.295 D/SensorService(  873): Syncboss input 402c25cbf028a4e8 hardware type 6, subtype 2, revision 0x10
12-08 11:31:07.295 I/SensorService(  873): preparePairedControllerInfo is adding device with valid 1
12-08 11:31:07.295 D/SensorService(  873): Syncboss input f343f271512a1feb hardware type 6, subtype 1, revision 
12-08 11:31:07.295 I/SensorService(  873): preparePairedControllerInfo is adding device with valid 1
12-08 11:31:07.296 D/SensorService(  873): stateChangeNotifierFunc(): Reporting controller info. Change token: 25, paired=2 connected=1
12-08 11:31:07.296 D/ControllerManagement( 3227): processStateChange([PairedControllerInfo RUBY 402c25cbf028a4e8 connected detached mcnt=2])
12-08 11:31:07.301 D/SensorService(  873): Found paired controllers: 2
12-08 11:31:07.301 D/SensorService(  873): Syncboss input 402c25cbf028a4e8 hardware type 6, subtype 2, revision 0x10
12-08 11:31:07.301 I/SensorService(  873): preparePairedControllerInfo is adding device with valid 1
12-08 11:31:07.301 D/SensorService(  873): Syncboss input f343f271512a1feb hardware type 6, subtype 1, revision 
12-08 11:31:07.301 I/SensorService(  873): preparePairedControllerInfo is adding device with valid 1
12-08 11:31:07.302 D/ControllerManagement( 3227): processStateChange([PairedControllerInfo RUBY f343f271512a1feb disconnected detached update-required mcnt=2])
12-08 11:31:07.303 D/SensorService(  873): Found paired controllers: 2
12-08 11:31:07.303 D/SensorService(  873): Syncboss input 402c25cbf028a4e8 hardware type 6, subtype 2, revision 0x10
12-08 11:31:07.303 I/SensorService(  873): preparePairedControllerInfo is adding device with valid 1
12-08 11:31:07.303 D/SensorService(  873): Syncboss input f343f271512a1feb hardware type 6, subtype 1, revision 
12-08 11:31:07.303 I/SensorService(  873): preparePairedControllerInfo is adding device with valid 1
12-08 11:31:07.323 I/SyncBossInput(  873): [info   ] [ruby (right) 402c25cbf028a4e8]: 3534701 [info   ] {INPM}: Input MCU put to sleep
12-08 11:31:07.357 D/JobServiceContext( 2051): doCallback of : JobStatus{d3b3a8a #u0a80/6713 com.meta.rl.trust.service/androidx.work.impl.background.systemjob.SystemJobService u=0 s=10080 TIME=-7s978ms:none NET STORENOTLOW READY} v:VERB_STOPPING
12-08 11:31:07.357 D/JobServiceContext( 2051): Cleaning up d3b3a8a #u0a80/6713 com.meta.rl.trust.service/androidx.work.impl.background.systemjob.SystemJobService reschedule=true reason=null
12-08 11:31:07.366 I/SyncBossInput(  873): [info   ] [ruby (right) 402c25cbf028a4e8]: 3534701 [info   ] {THDG}: active_seek -> inactive_seek
12-08 11:31:07.373 W/JobScheduler( 2051): Job didn't exist in JobStore: d3b3a8a #u0a80/6713 com.meta.rl.trust.service/androidx.work.impl.background.systemjob.SystemJobService
12-08 11:31:07.384 D/JobServiceContext( 2051): Scheduling time out for 'androidx.work.impl.background.systemjob.SystemJobService' jId: 6715, in 18 s
12-08 11:31:07.384 V/ActivityManager( 2051): bindService: Intent { flg=0x4 cmp=com.meta.rl.trust.service/androidx.work.impl.background.systemjob.SystemJobService } type=null conn=android.app.LoadedApk$ServiceDispatcher$InnerConnection@6faef6a flags=0x8105
12-08 11:31:07.421 I/SyncBossInput(  873): [info   ] [ruby (right) 402c25cbf028a4e8]: 3697432 [info   ] {IRLD}: IR LED configured: p=66664, ot=19, d=26453
12-08 11:31:07.442 D/JobServiceContext( 2051): handleServiceBound for cf73c0c #u0a80/6715 com.meta.rl.trust.service/androidx.work.impl.background.systemjob.SystemJobService
12-08 11:31:07.442 D/JobServiceContext( 2051): Scheduling time out for 'androidx.work.impl.background.systemjob.SystemJobService' jId: 6715, in 8 s
12-08 11:31:07.452 D/ControllerManagement( 3227): RemoteService::recordControllerStatusUpdate: device 402c25cbf028a4e8: status: CONNECTED_ACTIVE tracking: NONE, errors: --
12-08 11:31:07.457 D/JobServiceContext( 2051): doCallback of : JobStatus{cf73c0c #u0a80/6715 com.meta.rl.trust.service/androidx.work.impl.background.systemjob.SystemJobService u=0 s=10080 NET STORENOTLOW READY} v:VERB_STARTING
12-08 11:31:07.457 D/JobServiceContext( 2051): Scheduling time out for 'androidx.work.impl.background.systemjob.SystemJobService' jId: 6715, in 300 s
12-08 11:31:07.475 I/SyncBossInput(  873): [info   ] [ruby (right) 402c25cbf028a4e8]: 3697489 [info   ] {THDG}: inactive_seek -> active_connected
12-08 11:31:07.489 I/ActivityManager( 2051): Process com.android.statementservice (pid 26301) has died: cch+75 CEM 
12-08 11:31:07.490 D/DisplayManagerService( 2051): Drop pending events for gone uid 10013
12-08 11:31:07.501 I/TrackingFidelityService( 1765): Request(s)={pt_display_sync:5,}
12-08 11:31:07.501 I/TrackingFidelityService( 1765): Request(s)={pt_display_sync:5,mr_passthrough:3,hyperscape_room_scanning:0,isp_foveation:5,low_latency_pt:5,}, Mux mode idx=2, name=defaultDisplay, score=-2980
12-08 11:31:07.501 I/TrackingFidelityService( 1765): beginTransition[color]: default(1)->defaultDisplay(2)
