12-08 11:31:14.011 W/ContextImpl( 4871): Calling a method in the system process without a qualified user: android.app.ContextImpl.startService:1899 android.content.ContextWrapper.startService:825 com.oculus.appsafety.packageintegrity.PackageIntegrityUtils.sendResultToOCMS:2223 com.oculus.appsafety.packageintegrity.PackageIntegrityUtils.lambda$updateStorePackageSignatures$27:3072 com.oculus.appsafety.packageintegrity.PackageIntegrityUtils.$r8$lambda$spxwCO2KiyNTPBbcjgChQCxsmU8:0 
12-08 11:31:14.023 W/TrackingService( 1772): 36 late Color frame set were dropped: timestamp 7942.818042, current monochrome 7942.825408
12-08 11:31:14.025 W/ContextImpl( 4871): Calling a method in the system process without a qualified user: android.app.ContextImpl.startService:1899 android.content.ContextWrapper.startService:825 com.oculus.appsafety.packageintegrity.PackageIntegrityUtils.sendResultToOCMS:2223 com.oculus.appsafety.packageintegrity.PackageIntegrityUtils.lambda$updateStorePackageSignatures$27:3072 com.oculus.appsafety.packageintegrity.PackageIntegrityUtils.$r8$lambda$spxwCO2KiyNTPBbcjgChQCxsmU8:0 
12-08 11:31:14.039 W/ContextImpl( 4871): Calling a method in the system process without a qualified user: android.app.ContextImpl.startService:1899 android.content.ContextWrapper.startService:825 com.oculus.appsafety.packageintegrity.PackageIntegrityUtils.sendResultToOCMS:2223 com.oculus.appsafety.packageintegrity.PackageIntegrityUtils.lambda$updateStorePackageSignatures$27:3072 com.oculus.appsafety.packageintegrity.PackageIntegrityUtils.$r8$lambda$spxwCO2KiyNTPBbcjgChQCxsmU8:0 
12-08 11:31:14.046 V/ActivityManager( 2051): bindService: Intent { act=com.oculus.ocms.am.service.AppManagerService.BIND cmp=com.oculus.ocms/.am.service.AppManagerService } type=null conn=android.os.BinderProxy@610c405 flags=0x1
12-08 11:31:14.052 W/ContextImpl( 4871): Calling a method in the system process without a qualified user: android.app.ContextImpl.startService:1899 android.content.ContextWrapper.startService:825 com.oculus.appsafety.packageintegrity.PackageIntegrityUtils.sendResultToOCMS:2223 com.oculus.appsafety.packageintegrity.PackageIntegrityUtils.lambda$updateStorePackageSignatures$27:3072 com.oculus.appsafety.packageintegrity.PackageIntegrityUtils.$r8$lambda$spxwCO2KiyNTPBbcjgChQCxsmU8:0 
12-08 11:31:14.070 W/ContextImpl( 4871): Calling a method in the system process without a qualified user: android.app.ContextImpl.startService:1899 android.content.ContextWrapper.startService:825 com.oculus.appsafety.packageintegrity.PackageIntegrityUtils.sendResultToOCMS:2223 com.oculus.appsafety.packageintegrity.PackageIntegrityUtils.lambda$updateStorePackageSignatures$27:3072 com.oculus.appsafety.packageintegrity.PackageIntegrityUtils.$r8$lambda$spxwCO2KiyNTPBbcjgChQCxsmU8:0 
12-08 11:31:14.084 W/ContextImpl( 4871): Calling a method in the system process without a qualified user: android.app.ContextImpl.startService:1899 android.content.ContextWrapper.startService:825 com.oculus.appsafety.packageintegrity.PackageIntegrityUtils.sendResultToOCMS:2223 com.oculus.appsafety.packageintegrity.PackageIntegrityUtils.lambda$updateStorePackageSignatures$27:3072 com.oculus.appsafety.packageintegrity.PackageIntegrityUtils.$r8$lambda$spxwCO2KiyNTPBbcjgChQCxsmU8:0 
12-08 11:31:14.103 V/ActivityManager( 2051): bindService: Intent { cmp=com.oculus.deviceauthserver/.DeviceAuthService } type=null conn=android.os.BinderProxy@860b8b1 flags=0x1
12-08 11:31:14.105 I/ActivityManager( 2051): com.oculus.deviceauthserver is exempt from freezer
12-08 11:31:14.105 D/CompatibilityChangeReporter( 2051): Compat change id reported: 135634846; UID 1000; state: DISABLED
12-08 11:31:14.105 D/CompatibilityChangeReporter( 2051): Compat change id reported: 177438394; UID 1000; state: DISABLED
12-08 11:31:14.105 D/CompatibilityChangeReporter( 2051): Compat change id reported: 135772972; UID 1000; state: DISABLED
12-08 11:31:14.105 D/CompatibilityChangeReporter( 2051): Compat change id reported: 135754954; UID 1000; state: ENABLED
12-08 11:31:14.108 W/ContextImpl( 4871): Calling a method in the system process without a qualified user: android.app.ContextImpl.startService:1899 android.content.ContextWrapper.startService:825 com.oculus.appsafety.packageintegrity.PackageIntegrityUtils.sendResultToOCMS:2223 com.oculus.appsafety.packageintegrity.PackageIntegrityUtils.lambda$updateStorePackageSignatures$27:3072 com.oculus.appsafety.packageintegrity.PackageIntegrityUtils.$r8$lambda$spxwCO2KiyNTPBbcjgChQCxsmU8:0 
12-08 11:31:14.128 I/ActivityManager( 2051): Start proc 28230:com.oculus.deviceauthserver/1000 for service {com.oculus.deviceauthserver/com.oculus.deviceauthserver.DeviceAuthService}
12-08 11:31:14.136 W/ContextImpl( 4871): Calling a method in the system process without a qualified user: android.app.ContextImpl.startService:1899 android.content.ContextWrapper.startService:825 com.oculus.appsafety.packageintegrity.PackageIntegrityUtils.sendResultToOCMS:2223 com.oculus.appsafety.packageintegrity.PackageIntegrityUtils.lambda$updateStorePackageSignatures$27:3072 com.oculus.appsafety.packageintegrity.PackageIntegrityUtils.$r8$lambda$spxwCO2KiyNTPBbcjgChQCxsmU8:0 
12-08 11:31:14.151 D/CompatibilityChangeReporter( 2051): Compat change id reported: 168419799; UID 1000; state: DISABLED
12-08 11:31:14.153 D/CompatibilityChangeReporter( 2051): Compat change id reported: 273564678; UID 1000; state: DISABLED
12-08 11:31:14.160 W/ContextImpl( 4871): Calling a method in the system process without a qualified user: android.app.ContextImpl.startService:1899 android.content.ContextWrapper.startService:825 com.oculus.appsafety.packageintegrity.PackageIntegrityUtils.sendResultToOCMS:2223 com.oculus.appsafety.packageintegrity.PackageIntegrityUtils.lambda$updateStorePackageSignatures$27:3072 com.oculus.appsafety.packageintegrity.PackageIntegrityUtils.$r8$lambda$spxwCO2KiyNTPBbcjgChQCxsmU8:0 
12-08 11:31:14.168 D/JobServiceContext( 2051): doCallback of : JobStatus{5b1c987 #u0a102/8240 com.oculus.horizon/androidx.work.impl.background.systemjob.SystemJobService u=0 s=10102 NET READY} v:VERB_EXECUTING
12-08 11:31:14.168 D/JobServiceContext( 2051): Cleaning up 5b1c987 #u0a102/8240 com.oculus.horizon/androidx.work.impl.background.systemjob.SystemJobService reschedule=false reason=app called jobFinished
12-08 11:31:14.172 E/FrameSetCollator(  873): [{COL:FOVPR}] 1 FrameSets had unexpected timestamps (in the last 5166.41ms). Ex: slot 0 7942956.920ms -> 7942970.859ms (observed period: 13.939ms, expected period: 13.888ms (0.051ms))
12-08 11:31:14.195 W/ContextImpl( 4871): Calling a method in the system process without a qualified user: android.app.ContextImpl.startService:1899 android.content.ContextWrapper.startService:825 com.oculus.appsafety.packageintegrity.PackageIntegrityUtils.sendResultToOCMS:2223 com.oculus.appsafety.packageintegrity.PackageIntegrityUtils.lambda$updateStorePackageSignatures$27:3072 com.oculus.appsafety.packageintegrity.PackageIntegrityUtils.$r8$lambda$spxwCO2KiyNTPBbcjgChQCxsmU8:0 
12-08 11:31:14.214 I/ActivityManager( 2051): Flag disabled. Ignoring finishAttachApplication from uid: 1000. pid: 28230
12-08 11:31:14.215 W/ContextImpl( 4871): Calling a method in the system process without a qualified user: android.app.ContextImpl.startService:1899 android.content.ContextWrapper.startService:825 com.oculus.appsafety.packageintegrity.PackageIntegrityUtils.sendResultToOCMS:2223 com.oculus.appsafety.packageintegrity.PackageIntegrityUtils.lambda$updateStorePackageSignatures$27:3072 com.oculus.appsafety.packageintegrity.PackageIntegrityUtils.$r8$lambda$spxwCO2KiyNTPBbcjgChQCxsmU8:0 
12-08 11:31:14.237 W/ContextImpl( 4871): Calling a method in the system process without a qualified user: android.app.ContextImpl.startService:1899 android.content.ContextWrapper.startService:825 com.oculus.appsafety.packageintegrity.PackageIntegrityUtils.sendResultToOCMS:2223 com.oculus.appsafety.packageintegrity.PackageIntegrityUtils.lambda$updateStorePackageSignatures$27:3072 com.oculus.appsafety.packageintegrity.PackageIntegrityUtils.$r8$lambda$spxwCO2KiyNTPBbcjgChQCxsmU8:0 
12-08 11:31:14.254 W/ContextImpl( 4871): Calling a method in the system process without a qualified user: android.app.ContextImpl.startService:1899 android.content.ContextWrapper.startService:825 com.oculus.appsafety.packageintegrity.PackageIntegrityUtils.sendResultToOCMS:2223 com.oculus.appsafety.packageintegrity.PackageIntegrityUtils.lambda$updateStorePackageSignatures$27:3072 com.oculus.appsafety.packageintegrity.PackageIntegrityUtils.$r8$lambda$spxwCO2KiyNTPBbcjgChQCxsmU8:0 
12-08 11:31:14.270 W/ContextImpl( 4871): Calling a method in the system process without a qualified user: android.app.ContextImpl.startService:1899 android.content.ContextWrapper.startService:825 com.oculus.appsafety.packageintegrity.PackageIntegrityUtils.sendResultToOCMS:2223 com.oculus.appsafety.packageintegrity.PackageIntegrityUtils.lambda$updateStorePackageSignatures$27:3072 com.oculus.appsafety.packageintegrity.PackageIntegrityUtils.$r8$lambda$spxwCO2KiyNTPBbcjgChQCxsmU8:0 
12-08 11:31:14.278 D/JobServiceContext( 2051): doCallback of : JobStatus{7ccbf9e #1000/202 com.oculus.appsafety/.packageintegrity.PackageIntegritySyncJobService u=0 s=1000 NET PERSISTED READY} v:VERB_EXECUTING
12-08 11:31:14.278 D/JobServiceContext( 2051): Cleaning up 7ccbf9e #1000/202 com.oculus.appsafety/.packageintegrity.PackageIntegritySyncJobService reschedule=false reason=app called jobFinished
12-08 11:31:14.286 W/ContextImpl( 4871): Calling a method in the system process without a qualified user: android.app.ContextImpl.startService:1899 android.content.ContextWrapper.startService:825 com.oculus.appsafety.packageintegrity.PackageIntegrityUtils.sendResultToOCMS:2223 com.oculus.appsafety.packageintegrity.PackageIntegrityUtils.lambda$updateStorePackageSignatures$27:3072 com.oculus.appsafety.packageintegrity.PackageIntegrityUtils.$r8$lambda$spxwCO2KiyNTPBbcjgChQCxsmU8:0 
12-08 11:31:14.301 W/ContextImpl( 4871): Calling a method in the system process without a qualified user: android.app.ContextImpl.startService:1899 android.content.ContextWrapper.startService:825 com.oculus.appsafety.packageintegrity.PackageIntegrityUtils.sendResultToOCMS:2223 com.oculus.appsafety.packageintegrity.PackageIntegrityUtils.lambda$updateStorePackageSignatures$27:3072 com.oculus.appsafety.packageintegrity.PackageIntegrityUtils.$r8$lambda$spxwCO2KiyNTPBbcjgChQCxsmU8:0 
12-08 11:31:14.314 W/ContextImpl( 4871): Calling a method in the system process without a qualified user: android.app.ContextImpl.startService:1899 android.content.ContextWrapper.startService:825 com.oculus.appsafety.packageintegrity.PackageIntegrityUtils.sendResultToOCMS:2223 com.oculus.appsafety.packageintegrity.PackageIntegrityUtils.lambda$updateStorePackageSignatures$27:3072 com.oculus.appsafety.packageintegrity.PackageIntegrityUtils.$r8$lambda$spxwCO2KiyNTPBbcjgChQCxsmU8:0 
12-08 11:31:14.328 E/libsensortelemetry(  873): imu samples delayed: 5492018ns capture to arrival (ERS limit: 3500000ns)
12-08 11:31:14.328 E/libsensortelemetry( 1772): imu_iot samples delayed: 5592435ns capture to arrival (ERS limit: 3500000ns)
12-08 11:31:14.330 W/ContextImpl( 4871): Calling a method in the system process without a qualified user: android.app.ContextImpl.startService:1899 android.content.ContextWrapper.startService:825 com.oculus.appsafety.packageintegrity.PackageIntegrityUtils.sendResultToOCMS:2223 com.oculus.appsafety.packageintegrity.PackageIntegrityUtils.lambda$updateStorePackageSignatures$27:3072 com.oculus.appsafety.packageintegrity.PackageIntegrityUtils.$r8$lambda$spxwCO2KiyNTPBbcjgChQCxsmU8:0 
12-08 11:31:14.345 W/ContextImpl( 4871): Calling a method in the system process without a qualified user: android.app.ContextImpl.startService:1899 android.content.ContextWrapper.startService:825 com.oculus.appsafety.packageintegrity.PackageIntegrityUtils.sendResultToOCMS:2223 com.oculus.appsafety.packageintegrity.PackageIntegrityUtils.lambda$updateStorePackageSignatures$27:3072 com.oculus.appsafety.packageintegrity.PackageIntegrityUtils.$r8$lambda$spxwCO2KiyNTPBbcjgChQCxsmU8:0 
12-08 11:31:14.361 W/ContextImpl( 4871): Calling a method in the system process without a qualified user: android.app.ContextImpl.startService:1899 android.content.ContextWrapper.startService:825 com.oculus.appsafety.packageintegrity.PackageIntegrityUtils.sendResultToOCMS:2223 com.oculus.appsafety.packageintegrity.PackageIntegrityUtils.lambda$updateStorePackageSignatures$27:3072 com.oculus.appsafety.packageintegrity.PackageIntegrityUtils.$r8$lambda$spxwCO2KiyNTPBbcjgChQCxsmU8:0 
12-08 11:31:14.365 D/JobServiceContext( 2051): doCallback of : JobStatus{349a60d #u0a102/1828726837 com.oculus.horizon/com.oculus.auth.control.AccountSyncJobService u=0 s=10102 TIME=-486ms:+5h59m59s514ms NET PERIODIC READY} v:VERB_EXECUTING
12-08 11:31:14.365 D/JobServiceContext( 2051): Cleaning up 349a60d #u0a102/1828726837 com.oculus.horizon/com.oculus.auth.control.AccountSyncJobService reschedule=false reason=app called jobFinished
12-08 11:31:14.379 W/ContextImpl( 4871): Calling a method in the system process without a qualified user: android.app.ContextImpl.startService:1899 android.content.ContextWrapper.startService:825 com.oculus.appsafety.packageintegrity.PackageIntegrityUtils.sendResultToOCMS:2223 com.oculus.appsafety.packageintegrity.PackageIntegrityUtils.lambda$updateStorePackageSignatures$27:3072 com.oculus.appsafety.packageintegrity.PackageIntegrityUtils.$r8$lambda$spxwCO2KiyNTPBbcjgChQCxsmU8:0 
12-08 11:31:14.394 W/ContextImpl( 4871): Calling a method in the system process without a qualified user: android.app.ContextImpl.startService:1899 android.content.ContextWrapper.startService:825 com.oculus.appsafety.packageintegrity.PackageIntegrityUtils.sendResultToOCMS:2223 com.oculus.appsafety.packageintegrity.PackageIntegrityUtils.lambda$updateStorePackageSignatures$27:3072 com.oculus.appsafety.packageintegrity.PackageIntegrityUtils.$r8$lambda$spxwCO2KiyNTPBbcjgChQCxsmU8:0 
12-08 11:31:14.412 W/ContextImpl( 4871): Calling a method in the system process without a qualified user: android.app.ContextImpl.startService:1899 android.content.ContextWrapper.startService:825 com.oculus.appsafety.packageintegrity.PackageIntegrityUtils.sendResultToOCMS:2223 com.oculus.appsafety.packageintegrity.PackageIntegrityUtils.lambda$updateStorePackageSignatures$27:3072 com.oculus.appsafety.packageintegrity.PackageIntegrityUtils.$r8$lambda$spxwCO2KiyNTPBbcjgChQCxsmU8:0 
12-08 11:31:14.425 W/ContextImpl( 4871): Calling a method in the system process without a qualified user: android.app.ContextImpl.startService:1899 android.content.ContextWrapper.startService:825 com.oculus.appsafety.packageintegrity.PackageIntegrityUtils.sendResultToOCMS:2223 com.oculus.appsafety.packageintegrity.PackageIntegrityUtils.lambda$updateStorePackageSignatures$27:3072 com.oculus.appsafety.packageintegrity.PackageIntegrityUtils.$r8$lambda$spxwCO2KiyNTPBbcjgChQCxsmU8:0 
12-08 11:31:14.431 W/ContextImpl( 4871): Calling a method in the system process without a qualified user: android.app.ContextImpl.startService:1899 android.content.ContextWrapper.startService:825 com.oculus.appsafety.packageintegrity.PackageIntegrityUtils.sendResultToOCMS:2223 com.oculus.appsafety.packageintegrity.PackageIntegrityUtils.lambda$updateStorePackageSignatures$27:3072 com.oculus.appsafety.packageintegrity.PackageIntegrityUtils.$r8$lambda$spxwCO2KiyNTPBbcjgChQCxsmU8:0 
12-08 11:31:14.436 W/ContextImpl( 4871): Calling a method in the system process without a qualified user: android.app.ContextImpl.startService:1899 android.content.ContextWrapper.startService:825 com.oculus.appsafety.packageintegrity.PackageIntegrityUtils.sendResultToOCMS:2223 com.oculus.appsafety.packageintegrity.PackageIntegrityUtils.lambda$updateStorePackageSignatures$27:3072 com.oculus.appsafety.packageintegrity.PackageIntegrityUtils.$r8$lambda$spxwCO2KiyNTPBbcjgChQCxsmU8:0 
12-08 11:31:14.443 W/ContextImpl( 4871): Calling a method in the system process without a qualified user: android.app.ContextImpl.startService:1899 android.content.ContextWrapper.startService:825 com.oculus.appsafety.packageintegrity.PackageIntegrityUtils.sendResultToOCMS:2223 com.oculus.appsafety.packageintegrity.PackageIntegrityUtils.lambda$updateStorePackageSignatures$27:3072 com.oculus.appsafety.packageintegrity.PackageIntegrityUtils.$r8$lambda$spxwCO2KiyNTPBbcjgChQCxsmU8:0 
12-08 11:31:14.445 D/JobServiceContext( 2051): doCallback of : JobStatus{615a4a2 #1000/201 com.oculus.appsafety/.packageintegrity.PackageIntegritySyncJobService u=0 s=1000 NET PERSISTED READY} v:VERB_EXECUTING
12-08 11:31:14.446 D/JobServiceContext( 2051): Cleaning up 615a4a2 #1000/201 com.oculus.appsafety/.packageintegrity.PackageIntegritySyncJobService reschedule=false reason=app called jobFinished
12-08 11:31:14.568 V/ActivityManager( 2051): bindService: Intent { act=android.accounts.AccountAuthenticator cmp=com.oculus.horizon/com.oculus.auth.authenticator.oculus.OculusAuthenticatorService } type=null conn=android.app.LoadedApk$ServiceDispatcher$InnerConnection@c43fe30 flags=0x1
12-08 11:31:14.614 V/ActivityManager( 2051): bindService: Intent { act=android.accounts.AccountAuthenticator cmp=com.oculus.horizon/com.oculus.auth.authenticator.oculus.OculusAuthenticatorService } type=null conn=android.app.LoadedApk$ServiceDispatcher$InnerConnection@3f1e649 flags=0x1
12-08 11:31:14.679 V/ActivityManager( 2051): bindService: Intent { act=android.accounts.AccountAuthenticator cmp=com.oculus.horizon/com.oculus.auth.authenticator.oculus.OculusAuthenticatorService } type=null conn=android.app.LoadedApk$ServiceDispatcher$InnerConnection@d8cfc2 flags=0x1
12-08 11:31:14.686 V/ActivityManager( 2051): bindService: Intent { act=android.accounts.AccountAuthenticator cmp=com.oculus.horizon/com.oculus.auth.authenticator.oculus.OculusAuthenticatorService } type=null conn=android.app.LoadedApk$ServiceDispatcher$InnerConnection@dc6e8e6 flags=0x1
12-08 11:31:14.698 V/ActivityManager( 2051): bindService: Intent { act=android.accounts.AccountAuthenticator cmp=com.oculus.horizon/com.oculus.auth.authenticator.oculus.OculusAuthenticatorService } type=null conn=android.app.LoadedApk$ServiceDispatcher$InnerConnection@e3c78ca flags=0x1
12-08 11:31:14.711 V/ActivityManager( 2051): bindService: Intent { act=android.accounts.AccountAuthenticator cmp=com.oculus.horizon/com.oculus.auth.authenticator.oculus.OculusAuthenticatorService } type=null conn=android.app.LoadedApk$ServiceDispatcher$InnerConnection@a23c36e flags=0x1
12-08 11:31:14.724 I/logd_ext(    0): dropped 5000 logs
12-08 11:31:14.728 V/ActivityManager( 2051): bindService: Intent { act=android.accounts.AccountAuthenticator cmp=com.oculus.horizon/com.oculus.auth.authenticator.oculus.OculusAuthenticatorService } type=null conn=android.app.LoadedApk$ServiceDispatcher$InnerConnection@df27915 flags=0x1
12-08 11:31:14.732 V/ActivityManager( 2051): bindService: Intent { act=android.accounts.AccountAuthenticator cmp=com.oculus.horizon/com.oculus.auth.authenticator.oculus.OculusAuthenticatorService } type=null conn=android.app.LoadedApk$ServiceDispatcher$InnerConnection@fb458f6 flags=0x1
12-08 11:31:14.753 V/ActivityManager( 2051): bindService: Intent { act=android.accounts.AccountAuthenticator cmp=com.oculus.horizon/com.oculus.auth.authenticator.oculus.OculusAuthenticatorService } type=null conn=android.app.LoadedApk$ServiceDispatcher$InnerConnection@d660101 flags=0x1
12-08 11:31:14.978 D/HzDcSyncController( 2051): ADC property changed: 69 properties in 'slam_native'
12-08 11:31:14.994 V/ActivityManager( 2051): bindService: Intent { act=android.accounts.AccountAuthenticator cmp=com.oculus.horizon/com.oculus.auth.authenticator.oculus.OculusAuthenticatorService } type=null conn=android.app.LoadedApk$ServiceDispatcher$InnerConnection@fcff8a flags=0x1
12-08 11:31:15.012 V/ActivityManager( 2051): bindService: Intent { act=android.accounts.AccountAuthenticator cmp=com.oculus.horizon/com.oculus.auth.authenticator.oculus.OculusAuthenticatorService } type=null conn=android.app.LoadedApk$ServiceDispatcher$InnerConnection@2818e2e flags=0x1
12-08 11:31:15.023 W/TrackingService( 1772): 50 late Color frame set were dropped: timestamp 7943.819473, current monochrome 7943.825368
12-08 11:31:15.046 V/ActivityManager( 2051): bindService: Intent { act=com.oculus.ocms.am.service.AppManagerService.BIND cmp=com.oculus.ocms/.am.service.AppManagerService } type=null conn=android.os.BinderProxy@772e35f flags=0x1
12-08 11:31:15.047 V/ActivityManager( 2051): bindService: Intent { act=com.oculus.ocms.am.service.AppManagerService.BIND cmp=com.oculus.ocms/.am.service.AppManagerService } type=null conn=android.os.BinderProxy@2d78514 flags=0x1
12-08 11:31:15.168 I/init    (    0): starting service 'memflow'...
12-08 11:31:15.175 I/init    (    0): ... started service 'memflow' has pid 28323
12-08 11:31:15.200 E/FrameSetCollator(  873): [{COL:FOVPR}] 19 FrameSets had unexpected timestamps (in the last 1027.67ms). Ex: slot 0 7943985.605ms -> 7943999.347ms (observed period: 13.742ms, expected period: 13.888ms (-0.146ms))
12-08 11:31:15.387 V/ActivityManager( 2051): bindService: Intent { cmp=com.oculus.userserver2/com.oculus.userserver.managerservice.OculusUserManagerServiceStable } type=null conn=android.os.BinderProxy@910392e flags=0x1
12-08 11:31:15.396 V/ActivityManager( 2051): bindService: Intent { act=android.accounts.AccountAuthenticator cmp=com.oculus.horizon/com.oculus.auth.authenticator.oculus.OculusAuthenticatorService } type=null conn=android.app.LoadedApk$ServiceDispatcher$InnerConnection@f0e6ae1 flags=0x1
12-08 11:31:15.441 V/ActivityManager( 2051): bindService: Intent { act=android.accounts.AccountAuthenticator cmp=com.oculus.horizon/com.oculus.auth.authenticator.oculus.OculusAuthenticatorService } type=null conn=android.app.LoadedApk$ServiceDispatcher$InnerConnection@24c69d5 flags=0x1
12-08 11:31:15.502 D/HzDcSyncController( 2051): ADC property changed: 26 properties in 'vros_vendor_sessionless'
12-08 11:31:15.536 I/init    (    0): processing action (persist.device_config.vros_vendor_sessionless.oculus_sched_orchestrator=false) from (/vendor/etc/init/hw/init.anorak.power.rc:63)
12-08 11:31:15.555 I/init    (    0): processing action (persist.device_config.vros_vendor_sessionless.oculus_kswapd_affinity=false) from (/vendor/etc/init/hw/init.anorak.power.rc:57)
12-08 11:31:15.555 I/init    (    0): starting service 'kswapd_affinity_normal_sh'...
12-08 11:31:15.563 I/init    (    0): ... started service 'kswapd_affinity_normal_sh' has pid 28766
12-08 11:31:15.613 I/init    (    0): Service 'kswapd_affinity_normal_sh' (pid 28766) exited with status 0 oneshot service took 0.056000 seconds in background
12-08 11:31:15.613 I/init    (    0): Sending signal 9 to service 'kswapd_affinity_normal_sh' (pid 28766) process group...
12-08 11:31:15.613 I/libprocessgroup(    0): Successfully killed process cgroup uid 0 pid 28766 in 0ms
12-08 11:31:15.615 I/init    (    0): waitpid(28766) returned 28766
12-08 11:31:15.644 I/init    (    0): processing action (persist.device_config.vros_vendor_sessionless.oculus_mobile_bpfagent_enabled=false && ro.vendor.build.type=user) from (/system_ext/etc/init/bpfagent.rc:19)
12-08 11:31:15.668 I/init    (    0): processing action (persist.device_config.vros_vendor_sessionless.orchestrator_enforce_rt=false) from (/vendor/etc/init/hw/init.anorak.power.rc:69)
12-08 11:31:16.046 V/ActivityManager( 2051): bindService: Intent { act=android.accounts.AccountAuthenticator cmp=com.oculus.horizon/com.oculus.auth.authenticator.oculus.OculusAuthenticatorService } type=null conn=android.app.LoadedApk$ServiceDispatcher$InnerConnection@a7a281f flags=0x1
12-08 11:31:16.048 W/ProcessStats( 2051): Tracking association SourceState{77a59bf com.oculus.ocms/10068 BTop #21355} whose proc state 2 is better than process ProcessState{8849b52 com.oculus.userserver2/10058 pkg=com.oculus.userserver2} proc state 5 (913 skipped)
12-08 11:31:16.069 V/ActivityManager( 2051): bindService: Intent { act=android.accounts.AccountAuthenticator cmp=com.oculus.horizon/com.oculus.auth.authenticator.oculus.OculusAuthenticatorService } type=null conn=android.app.LoadedApk$ServiceDispatcher$InnerConnection@322b97a flags=0x1
12-08 11:31:16.256 E/FrameSetCollator(  873): [{COL:FOVPR}] 11 FrameSets had unexpected timestamps (in the last 1055.67ms). Ex: slot 0 7945039.953ms -> 7945053.793ms (observed period: 13.840ms, expected period: 13.888ms (-0.048ms))
12-08 11:31:16.400 V/ActivityManager( 2051): bindService: Intent { act=android.accounts.AccountAuthenticator cmp=com.oculus.horizon/com.oculus.auth.authenticator.oculus.OculusAuthenticatorService } type=null conn=android.app.LoadedApk$ServiceDispatcher$InnerConnection@16e21ff flags=0x1
12-08 11:31:16.418 V/ActivityManager( 2051): bindService: Intent { act=android.accounts.AccountAuthenticator cmp=com.oculus.horizon/com.oculus.auth.authenticator.oculus.OculusAuthenticatorService } type=null conn=android.app.LoadedApk$ServiceDispatcher$InnerConnection@3ee1693 flags=0x1
12-08 11:31:16.499 V/ActivityManager( 2051): bindService: Intent { cmp=com.oculus.horizon/com.facebook.mobileconfigservice.service.MobileConfigService } type=null conn=android.os.BinderProxy@1147cda flags=0x5
12-08 11:31:16.517 V/ActivityManager( 2051): bindService: Intent { act=android.accounts.AccountAuthenticator cmp=com.oculus.horizon/com.oculus.auth.authenticator.oculus.OculusAuthenticatorService } type=null conn=android.app.LoadedApk$ServiceDispatcher$InnerConnection@56f8a7e flags=0x1
12-08 11:31:16.544 V/ActivityManager( 2051): bindService: Intent { act=android.accounts.AccountAuthenticator cmp=com.oculus.horizon/com.oculus.auth.authenticator.oculus.OculusAuthenticatorService } type=null conn=android.app.LoadedApk$ServiceDispatcher$InnerConnection@517e6e2 flags=0x1
12-08 11:31:16.849 D/CompatibilityChangeReporter( 2051): Compat change id reported: 135634846; UID 10055; state: DISABLED
12-08 11:31:16.850 D/CompatibilityChangeReporter( 2051): Compat change id reported: 177438394; UID 10055; state: DISABLED
12-08 11:31:16.850 D/CompatibilityChangeReporter( 2051): Compat change id reported: 135772972; UID 10055; state: DISABLED
12-08 11:31:16.850 D/CompatibilityChangeReporter( 2051): Compat change id reported: 135754954; UID 10055; state: DISABLED
12-08 11:31:16.850 D/CompatibilityChangeReporter( 2051): Compat change id reported: 143937733; UID 10055; state: DISABLED
12-08 11:31:16.867 I/ActivityManager( 2051): Start proc 28806:com.oculus.configuration/u0a55 for broadcast {com.oculus.configuration/com.oculus.configuration.OsConfigBroadcastReceiverDCPush}
12-08 11:31:16.887 D/CompatibilityChangeReporter( 2051): Compat change id reported: 168419799; UID 10055; state: DISABLED
12-08 11:31:16.887 D/CompatibilityChangeReporter( 2051): Compat change id reported: 273564678; UID 10055; state: DISABLED
12-08 11:31:16.892 D/CompatibilityChangeReporter( 2051): Compat change id reported: 265195908; UID 10055; state: ENABLED
12-08 11:31:16.895 D/CompatibilityChangeReporter( 2051): Compat change id reported: 170503758; UID 10055; state: DISABLED
12-08 11:31:16.932 I/ActivityManager( 2051): Flag disabled. Ignoring finishAttachApplication from uid: 10055. pid: 28806
12-08 11:31:16.963 D/JobServiceContext( 2051): Scheduling time out for '.casting.DeviceBootJobService' jId: 1828726847, in 18 s
12-08 11:31:16.963 V/ActivityManager( 2051): bindService: Intent { flg=0x4 cmp=com.oculus.metacam/.casting.DeviceBootJobService } type=null conn=android.app.LoadedApk$ServiceDispatcher$InnerConnection@4d61fde flags=0x8105
12-08 11:31:16.968 D/JobServiceContext( 2051): handleServiceBound for 5fe2121 #u0a93/1828726847 com.oculus.metacam/.casting.DeviceBootJobService
12-08 11:31:16.968 D/JobServiceContext( 2051): Scheduling time out for '.casting.DeviceBootJobService' jId: 1828726847, in 8 s
12-08 11:31:16.970 D/JobServiceContext( 2051): doCallback of : JobStatus{5fe2121 #u0a93/1828726847 com.oculus.metacam/.casting.DeviceBootJobService u=0 s=10093 TIME=-784ms:none READY} v:VERB_STARTING
12-08 11:31:16.970 D/JobServiceContext( 2051): Scheduling time out for '.casting.DeviceBootJobService' jId: 1828726847, in 300 s
12-08 11:31:16.977 D/JobServiceContext( 2051): doCallback of : JobStatus{5fe2121 #u0a93/1828726847 com.oculus.metacam/.casting.DeviceBootJobService u=0 s=10093 TIME=-791ms:none READY} v:VERB_EXECUTING
12-08 11:31:16.977 D/JobServiceContext( 2051): Cleaning up 5fe2121 #u0a93/1828726847 com.oculus.metacam/.casting.DeviceBootJobService reschedule=false reason=app called jobFinished
12-08 11:31:16.996 V/ActivityManager( 2051): bindService: Intent { cmp=com.oculus.horizon/com.facebook.mobileconfigservice.service.MobileConfigService } type=null conn=android.os.BinderProxy@5dc7e42 flags=0x5
12-08 11:31:16.999 V/ActivityManager( 2051): bindService: Intent { act=android.accounts.AccountAuthenticator cmp=com.oculus.horizon/com.oculus.auth.authenticator.oculus.OculusAuthenticatorService } type=null conn=android.app.LoadedApk$ServiceDispatcher$InnerConnection@e383c8e flags=0x1
12-08 11:31:17.042 D/CompatibilityChangeReporter( 2051): Compat change id reported: 135634846; UID 10088; state: DISABLED
12-08 11:31:17.042 D/CompatibilityChangeReporter( 2051): Compat change id reported: 177438394; UID 10088; state: DISABLED
12-08 11:31:17.042 D/CompatibilityChangeReporter( 2051): Compat change id reported: 135772972; UID 10088; state: DISABLED
12-08 11:31:17.045 D/CompatibilityChangeReporter( 2051): Compat change id reported: 135754954; UID 10088; state: ENABLED
12-08 11:31:17.045 D/CompatibilityChangeReporter( 2051): Compat change id reported: 143937733; UID 10088; state: ENABLED
12-08 11:31:17.085 V/ActivityManager( 2051): bindService: Intent { cmp=com.oculus.horizon/com.facebook.mobileconfigservice.service.MobileConfigService } type=null conn=android.os.BinderProxy@b14f731 flags=0x5
12-08 11:31:17.092 V/ActivityManager( 2051): bindService: Intent { cmp=com.oculus.horizon/com.facebook.mobileconfigservice.service.MobileConfigService } type=null conn=android.os.BinderProxy@290d56d flags=0x5
12-08 11:31:17.422 E/FrameSetCollator(  873): [{COL:FOVPR}] 4 FrameSets had unexpected timestamps (in the last 1166.58ms). Ex: slot 0 7946206.400ms -> 7946220.370ms (observed period: 13.970ms, expected period: 13.888ms (0.082ms))
12-08 11:31:17.605 V/ActivityManager( 2051): bindService: Intent { act=android.accounts.AccountAuthenticator cmp=com.oculus.horizon/com.oculus.auth.authenticator.oculus.OculusAuthenticatorService } type=null conn=android.app.LoadedApk$ServiceDispatcher$InnerConnection@f4b16f8 flags=0x1
12-08 11:31:17.634 V/ActivityManager( 2051): bindService: Intent { act=android.accounts.AccountAuthenticator cmp=com.oculus.horizon/com.oculus.auth.authenticator.oculus.OculusAuthenticatorService } type=null conn=android.app.LoadedApk$ServiceDispatcher$InnerConnection@ec2aa3c flags=0x1
12-08 11:31:17.716 W/SyncBossFW(  866): 7946525 [warning] {BSP }: Mag interrupt pin LOW in drdy handler
12-08 11:31:17.723 D/TrackingService( 1772): 402c25cbf028a4e8: isControllerInHand(10474.05s): 1 ctEnabled: 0 btnPress(10474.05s): 1 *btnOrTpdTouch: 0 *btnOrTpdProx(10474.05s): 1 thbstkOffCenter: 0 
12-08 11:31:17.723 D/TrackingService( 1772): [HANDTRACKING] Controller 402c25cbf028a4e8 in hand: Y, valid: Y
12-08 11:31:17.730 D/ControllerManagement( 3227): RemoteService::recordControllerStatusUpdate: device 402c25cbf028a4e8: status: CONNECTED_ACTIVE tracking: NONE, errors: --
12-08 11:31:17.733 I/TrackingFidelityService( 1765): Received hand/controller update: hand_tracking_enabled
12-08 11:31:17.740 I/TrackingFidelityService( 1765): checkMultimodalFeature: Attempt made to enable multimodal hands+controllers when not supported by app
12-08 11:31:17.741 W/TrackingFidelityService( 1765): Fidelity data undefined in catalog for enabling feature like controller_selftracked. 84 similar misses.
12-08 11:31:17.741 I/TrackingFidelityService( 1765): Request(s)={constellation:5,controller_selftracked:5,hands:0,environment_lighting:0,keyboard:5,scene_reconstruction:0,}, Mux mode idx=3, name=lowLightControllerObject, score=-1960
12-08 11:31:17.741 I/TrackingFidelityService( 1765): beginTransition[worldTracking]: lowLightHandsObject(4)->lowLightControllerObject(3)
12-08 11:31:17.741 I/TrackingFidelityService( 1765): _applyMuxModeLockedInternal: Applying camera mux mode lowLightControllerObject via requestFeaturesWithFidelitiesLocked
12-08 11:31:17.741 I/SensorService(  873): [worldTracking] Setting camera mux mode to 3
12-08 11:31:17.742 I/SensorService(  873): updating CameraStream mux states
12-08 11:31:17.743 I/SensorDataTransforms( 1772): [constellation:ambient_controller] Staging mux mode updates for {worldTracking: ind-3, seqId-79},
12-08 11:31:17.743 I/SensorDataTransforms( 1772): [constellation:ambient_controller] Mux mode updates successfully staged
12-08 11:31:17.743 D/TrackingService( 1772): [constellation:ambient_controller]Queue mux mode update notification: lowLightControllerObject
12-08 11:31:17.744 I/SensorDataTransforms( 1772): [constellation:constellation] Staging mux mode updates for {worldTracking: ind-3, seqId-79},
12-08 11:31:17.744 I/SensorDataTransforms( 1772): [constellation:constellation] Mux mode updates successfully staged
12-08 11:31:17.744 D/TrackingService( 1772): [constellation:constellation]Queue mux mode update notification: lowLightControllerObject
12-08 11:31:17.744 I/SensorDataTransforms( 1772): [ExpCtl:exposure_control_worldTracking] Staging mux mode updates for {worldTracking: ind-3, seqId-79},
12-08 11:31:17.744 I/SensorDataTransforms( 1772): [ExpCtl:exposure_control_worldTracking] Signaling start of the mode transition
12-08 11:31:17.744 D/TrackingService( 1772): [ambient_controller]start onMuxStateUpdate. ModeId: lowLightHandsObject -> lowLightControllerObject
12-08 11:31:17.744 D/TrackingService( 1772): [constellation][ambient_controller]handleMuxModeNotification started for muxMode[worldTracking: lowLightControllerObject]
12-08 11:31:17.744 I/SensorDataTransforms( 1772): [ExpCtl:exposure_control_worldTracking] Mux mode updates successfully staged
12-08 11:31:17.744 D/CameraStream(  873): [constellation] Client [Cnst(1772)] attempting start
12-08 11:31:17.746 I/SensorDataTransforms( 1574): [MrStreamControl:mr_monochrome] Staging mux mode updates for {worldTracking: ind-3, seqId-79},
12-08 11:31:17.746 I/SensorDataTransforms( 1574): [MrStreamControl:mr_monochrome] Signaling start of the mode transition
12-08 11:31:17.746 I/SensorDataTransforms( 1574): [MrStreamControl:mr_monochrome] Mux mode updates successfully staged
12-08 11:31:17.746 I/SensorDataTransforms( 1574): [MrStreamControl:projector_assisted_depth] Staging mux mode updates for {worldTracking: ind-3, seqId-79},
12-08 11:31:17.746 I/SensorDataTransforms( 1574): [MrStreamControl:projector_assisted_depth] Mux mode updates successfully staged
12-08 11:31:17.746 I/SensorDataTransforms( 1772): [object:object] Staging mux mode updates for {worldTracking: ind-3, seqId-79},
12-08 11:31:17.746 I/SensorDataTransforms( 1772): [object:object] Signaling start of the mode transition
12-08 11:31:17.746 I/TrackingService( 1772): [object:object] Start configuration update starting
12-08 11:31:17.746 I/TrackingService( 1772): [object:object] Start configuration update done
12-08 11:31:17.746 I/SensorDataTransforms( 1772): [object:object] Mux mode updates successfully staged
12-08 11:31:17.746 D/TrackingService( 1772): [object:object]Queue mux mode update notification: lowLightControllerObject
12-08 11:31:17.746 D/TrackingService( 1772): [object]start onMuxStateUpdate. ModeId: lowLightHandsObject -> lowLightControllerObject
12-08 11:31:17.746 D/TrackingService( 1772): [object][object]handleMuxModeNotification started for muxMode[worldTracking: lowLightControllerObject]
12-08 11:31:17.746 D/TrackingService( 1772): [object][object]handleMuxModeNotification finished for muxMode[worldTracking: lowLightControllerObject]
12-08 11:31:17.746 D/TrackingService( 1772): [object]end onMuxStateUpdate. ModeId: lowLightHandsObject -> lowLightControllerObject
12-08 11:31:17.746 I/TrackingService( 1772): [                   object:object] Mux Mode Transition from sensor service: lowLightHandsObject -> lowLightControllerObject transition time: 0 ms
12-08 11:31:17.746 I/SensorDataTransforms( 1772): [hand:hand] Staging mux mode updates for {worldTracking: ind-3, seqId-79},
12-08 11:31:17.746 I/SensorDataTransforms( 1772): [hand:hand] Signaling start of the mode transition
12-08 11:31:17.746 I/TrackingService( 1772): [hand:hand] Start configuration update starting
12-08 11:31:17.746 I/TrackingService( 1772): [hand:hand] Start configuration update done
12-08 11:31:17.746 I/SensorDataTransforms( 1772): [hand:hand] Mux mode updates successfully staged
12-08 11:31:17.746 D/TrackingService( 1772): [hand:hand]Queue mux mode update notification: lowLightControllerObject
12-08 11:31:17.746 I/SensorDataTransforms( 1772): [iot:iot] Staging mux mode updates for {worldTracking: ind-3, seqId-79},
12-08 11:31:17.746 I/SensorDataTransforms( 1772): [iot:iot] Signaling start of the mode transition
12-08 11:31:17.746 I/TrackingService( 1772): [iot:iot] Start configuration update starting
12-08 11:31:17.746 I/TrackingService( 1772): [iot:iot] Start configuration update done
12-08 11:31:17.746 I/SensorDataTransforms( 1772): [iot:iot] Mux mode updates successfully staged
12-08 11:31:17.746 D/TrackingService( 1772): [iot:iot]Queue mux mode update notification: lowLightControllerObject
12-08 11:31:17.746 D/TrackingService( 1772): [iot]start onMuxStateUpdate. ModeId: lowLightHandsObject -> lowLightControllerObject
12-08 11:31:17.746 D/TrackingService( 1772): [iot][iot]handleMuxModeNotification started for muxMode[worldTracking: lowLightControllerObject]
12-08 11:31:17.746 D/TrackingService( 1772): [iot][iot]handleMuxModeNotification finished for muxMode[worldTracking: lowLightControllerObject]
12-08 11:31:17.746 D/TrackingService( 1772): [iot]end onMuxStateUpdate. ModeId: lowLightHandsObject -> lowLightControllerObject
12-08 11:31:17.746 I/TrackingService( 1772): [                         iot:iot] Mux Mode Transition from sensor service: lowLightHandsObject -> lowLightControllerObject transition time: 0 ms
12-08 11:31:17.747 D/TrackingService( 1772): [hand]start onMuxStateUpdate. ModeId: lowLightHandsObject -> lowLightControllerObject
12-08 11:31:17.747 D/TrackingService( 1772): [HANDTRACKINGGLUE] handleMuxModeNotification
12-08 11:31:17.747 D/TrackingService( 1772): [HANDTRACKINGGLUE] handleStateChange muxMode=lowLightControllerObject
12-08 11:31:17.748 D/CameraStream(  873): [hand] Client [Hand(1772)] attempting stop
12-08 11:31:17.748 I/FrameSetDispatcher(  873): [{WT:RAW10}] Client pid=1772 (Cnst): Client thread[{WT:RAW10}:Cnst] started
12-08 11:31:17.748 I/CameraClientManager(  873): [Cnst(1772)][constellation] client started (estimated 1 started clients total)
12-08 11:31:17.748 I/CameraClientManager(  873): [[Cnst(1772)][constellation]] definitely starting stream
12-08 11:31:17.748 I/FrameSetDispatcher(  873): [{WT:RAW10}] Client pid=1772 (Hand): Client thread stopping
12-08 11:31:17.748 I/CameraClientManager(  873): [Hand(1772)][hand] client stopped (estimated 0 started clients remaining)
12-08 11:31:17.748 I/CameraClientManager(  873): [[Hand(1772)][hand]] definitely stopping stream
12-08 11:31:17.748 I/SensorService(  873): ending update to CameraStream mux states
12-08 11:31:17.748 I/SensorDataTransforms( 1772): [iobt:iobt] Staging mux mode updates for {worldTracking: ind-3, seqId-79},
12-08 11:31:17.748 I/SensorDataTransforms( 1772): [iobt:iobt] Mux mode updates successfully staged
12-08 11:31:17.748 D/TrackingService( 1772): [iobt:iobt]Queue mux mode update notification: lowLightControllerObject
12-08 11:31:17.748 I/FrameSetCollator(  873): [{WT(0,1):RAW10}] Updated frame set period to 16666000, with all camera system activeSlots [[T,T,T,T,]]
12-08 11:31:17.748 I/FrameSetCollator(  873): [{WT:RAW10}] Updated frame set period to 16666000, with all camera system activeSlots [[T,T,T,T,]]
12-08 11:31:17.748 I/FrameSetDispatcher(  873): [{WT(0,1):RAW10}] Client pid=1574 (MrSSCamS): [worldTracking] Updated CameraMuxMode: 3, Slots: 
12-08 11:31:17.748 I/FrameSetDispatcher(  873): [{WT(0,1):RAW10}] Client pid=1574 (MrSSCamS): [worldTracking] Updated CameraMuxMode: 3, Slots: SLOT_0 SLOT_2 
12-08 11:31:17.748 I/FrameSetDispatcher(  873): [{WT(0,1):RAW10}] Latest MuxModeSettings: 3
12-08 11:31:17.748 I/FrameSetDispatcher(  873): [{WT(0,1):RAW10}] purpose: ambient_controller, slots: SLOT_0 SLOT_2 
12-08 11:31:17.748 I/FrameSetDispatcher(  873): [{WT(0,1):RAW10}] purpose: constellation, slots: SLOT_1 
12-08 11:31:17.748 I/FrameSetDispatcher(  873): [{WT(0,1):RAW10}] purpose: exposure_control_worldTracking, slots: SLOT_0 SLOT_1 SLOT_2 SLOT_3 
12-08 11:31:17.748 I/FrameSetDispatcher(  873): [{WT(0,1):RAW10}] purpose: iobt, slots: SLOT_0 SLOT_2 
12-08 11:31:17.748 I/FrameSetDispatcher(  873): [{WT(0,1):RAW10}] purpose: mr_monochrome, slots: SLOT_0 SLOT_2 
12-08 11:31:17.748 I/FrameSetDispatcher(  873): [{WT(0,1):RAW10}] purpose: object, slots: SLOT_3 
12-08 11:31:17.748 I/FrameSetDispatcher(  873): [{WT(0,1):RAW10}] purpose: active_slots, slots: SLOT_0 SLOT_1 SLOT_2 SLOT_3 
12-08 11:31:17.748 I/FrameSetDispatcher(  873): [{WT(0,1):RAW10}] purpose: hand, slots: 
12-08 11:31:17.748 I/FrameSetDispatcher(  873): [{WT(0,1):RAW10}] purpose: iot, slots: SLOT_0 SLOT_2 
12-08 11:31:17.748 I/FrameSetDispatcher(  873): [{WT(0,1):RAW10}] purpose: projector_assisted_depth, slots: 
12-08 11:31:17.748 I/FrameSetDispatcher(  873): [{WT:RAW10}] Client pid=1772 (IOT): [worldTracking] Updated CameraMuxMode: 3, Slots: SLOT_0 SLOT_2 
12-08 11:31:17.748 I/FrameSetDispatcher(  873): [{WT:RAW10}] Client pid=1772 (ExpCtl): [worldTracking] Updated CameraMuxMode: 3, Slots: SLOT_0 SLOT_1 SLOT_2 SLOT_3 
12-08 11:31:17.748 I/FrameSetDispatcher(  873): [{WT:RAW10}] Client pid=1772 (Obj): [worldTracking] Updated CameraMuxMode: 3, Slots: SLOT_3 
12-08 11:31:17.748 I/FrameSetDispatcher(  873): [{WT:RAW10}] Client pid=1772 (Cnst): [worldTracking] Updated CameraMuxMode: 3, Slots: SLOT_1 
12-08 11:31:17.748 I/FrameSetDispatcher(  873): [{WT:RAW10}] Latest MuxModeSettings: 3
12-08 11:31:17.748 I/FrameSetDispatcher(  873): [{WT:RAW10}] purpose: ambient_controller, slots: SLOT_0 SLOT_2 
12-08 11:31:17.748 I/FrameSetDispatcher(  873): [{WT:RAW10}] purpose: constellation, slots: SLOT_1 
12-08 11:31:17.748 I/FrameSetDispatcher(  873): [{WT:RAW10}] purpose: exposure_control_worldTracking, slots: SLOT_0 SLOT_1 SLOT_2 SLOT_3 
12-08 11:31:17.748 I/FrameSetDispatcher(  873): [{WT:RAW10}] purpose: iobt, slots: SLOT_0 SLOT_2 
12-08 11:31:17.748 I/FrameSetDispatcher(  873): [{WT:RAW10}] purpose: mr_monochrome, slots: SLOT_0 SLOT_2 
12-08 11:31:17.748 I/FrameSetDispatcher(  873): [{WT:RAW10}] purpose: object, slots: SLOT_3 
12-08 11:31:17.748 I/FrameSetDispatcher(  873): [{WT:RAW10}] purpose: active_slots, slots: SLOT_0 SLOT_1 SLOT_2 SLOT_3 
12-08 11:31:17.748 I/FrameSetDispatcher(  873): [{WT:RAW10}] purpose: hand, slots: 
12-08 11:31:17.748 I/FrameSetDispatcher(  873): [{WT:RAW10}] purpose: iot, slots: SLOT_0 SLOT_2 
12-08 11:31:17.748 I/FrameSetDispatcher(  873): [{WT:RAW10}] purpose: projector_assisted_depth, slots: 
12-08 11:31:17.748 D/TrackingService( 1772): [iobt]start onMuxStateUpdate. ModeId: lowLightHandsObject -> lowLightControllerObject
12-08 11:31:17.748 D/TrackingService( 1772): [iobt][iobt]handleMuxModeNotification started for muxMode[worldTracking: lowLightControllerObject]
12-08 11:31:17.748 D/TrackingService( 1772): [iobt][iobt]handleMuxModeNotification finished for muxMode[worldTracking: lowLightControllerObject]
12-08 11:31:17.748 D/TrackingService( 1772): [iobt]end onMuxStateUpdate. ModeId: lowLightHandsObject -> lowLightControllerObject
12-08 11:31:17.748 I/TrackingService( 1772): [                       iobt:iobt] Mux Mode Transition from sensor service: lowLightHandsObject -> lowLightControllerObject transition time: 0 ms
12-08 11:31:17.752 I/SyncBossFW(  866): 7946561 [info   ] {NICE}: nice_set_frame_rate called on same period of 16666us
12-08 11:31:17.754 D/SensorService(  873): Configured syncboss nice config: [{camera_set: 1, num_slots: 4, [ { tag: 48, default_exposure_us: 65535, default_gain: 65535, capabilities: 0, slot_length: 0, }, { tag: 49, default_exposure_us: 38, default_gain: 48, capabilities: 2, slot_length: 0, }, { tag: 50, default_exposure_us: 65535, default_gain: 65535, capabilities: 0, slot_length: 0, }, { tag: 51, default_exposure_us: 65535, default_gain: 65535, capabilities: 0, slot_length: 0, }, ] shutter_period_us: 16666, }, {camera_set: 2, num_slots: 4, [ { tag: 48, default_exposure_us: 65535, default_gain: 65535, capabilities: 0, slot_length: 0, }, { tag: 49, default_exposure_us: 38, default_gain: 48, capabilities: 2, slot_length: 0, }, { tag: 50, default_exposure_us: 65535, default_gain: 65535, capabilities: 0, slot_length: 0, }, { tag: 51, default_exposure_us: 65535, default_gain: 65535, capabilities: 0, slot_length: 0, }, ] shutter_period_us: 16666, }, ]
12-08 11:31:17.754 I/SensorService(  873): [worldTracking] Starting cameras for purpose constellation
12-08 11:31:17.754 I/TrackingFidelityService( 1765): endTransition[worldTracking]: lowLightHandsObject(4)->lowLightControllerObject(3), seqId=79, succeeded=true
12-08 11:31:17.754 I/FrameSetCollator(  873): [{WT:RAW10}] Skipping start, current start count: 5
12-08 11:31:17.754 I/SensorService(  873): [worldTracking] Starting camera streams for purpose: constellation, current muxmode = 3
12-08 11:31:17.754 I/CameraClientManager(  873): [[Cnst(1772)][constellation]] stream start completed
12-08 11:31:17.754 D/CameraStream(  873): [constellation] Client [Cnst(1772)]: start complete
12-08 11:31:17.754 I/TrackingFidelityService( 1765): Received hand/controller update: multimodal_hands_and_controllers_enabled
12-08 11:31:17.755 I/SensorService(  873): [worldTracking] Stopping cameras for purpose hand
12-08 11:31:17.755 D/NiceCameraSystem(  873): CameraSystem stopping cameras for purpose hand
12-08 11:31:17.755 I/FrameSetCollator(  873): [{WT:RAW10}] Skipping stop, start count: 4
12-08 11:31:17.755 I/SensorService(  873): [worldTracking] Stopping camera streams for purpose: hand
12-08 11:31:17.755 I/CameraClientManager(  873): [[Hand(1772)][hand]] stream stop completed
12-08 11:31:17.755 D/CameraStream(  873): [hand] Client [Hand(1772)]: stop complete
12-08 11:31:17.756 D/CameraStream(  873): [ambient_controller] Client [Cnst(1772)] attempting start
12-08 11:31:17.756 I/FrameSetDispatcher(  873): [{WT:RAW10}] Client pid=1772 (Cnst): Client thread[{WT:RAW10}:Cnst] started
12-08 11:31:17.756 I/CameraClientManager(  873): [Cnst(1772)][ambient_controller] client started (estimated 1 started clients total)
12-08 11:31:17.756 I/CameraClientManager(  873): [[Cnst(1772)][ambient_controller]] definitely starting stream
12-08 11:31:17.756 I/SensorService(  873): [worldTracking] Starting cameras for purpose ambient_controller
12-08 11:31:17.756 I/FrameSetCollator(  873): [{WT:RAW10}] Skipping start, current start count: 5
12-08 11:31:17.756 I/SensorService(  873): [worldTracking] Starting camera streams for purpose: ambient_controller, current muxmode = 3
12-08 11:31:17.756 I/CameraClientManager(  873): [[Cnst(1772)][ambient_controller]] stream start completed
12-08 11:31:17.756 D/CameraStream(  873): [ambient_controller] Client [Cnst(1772)]: start complete
12-08 11:31:17.757 D/TrackingService( 1772): [HANDTRACKINGGLUE] suspendCapability
12-08 11:31:17.758 D/TrackingService( 1772): hand: Joining stream thread: HandCam
12-08 11:31:17.758 D/TrackingService( 1772): [constellation][ambient_controller]handleMuxModeNotification finished for muxMode[worldTracking: lowLightControllerObject]
12-08 11:31:17.758 D/TrackingService( 1772): [ambient_controller]end onMuxStateUpdate. ModeId: lowLightHandsObject -> lowLightControllerObject
12-08 11:31:17.758 I/TrackingService( 1772): [constellation:ambient_controller] Mux Mode Transition from sensor service: lowLightHandsObject -> lowLightControllerObject transition time: 14 ms
12-08 11:31:17.758 D/TrackingService( 1772): [constellation]start onMuxStateUpdate. ModeId: lowLightControllerObject -> lowLightControllerObject
12-08 11:31:17.758 D/TrackingService( 1772): [constellation][constellation]handleMuxModeNotification started for muxMode[worldTracking: lowLightControllerObject]
12-08 11:31:17.758 E/TrackingService( 1772): Resetting MuxMode lowLightControllerObject which is already set
12-08 11:31:17.758 D/TrackingService( 1772): [constellation]end onMuxStateUpdate. ModeId: lowLightControllerObject -> lowLightControllerObject
12-08 11:31:17.758 I/TrackingService( 1772): [     constellation:constellation] Mux Mode Transition from sensor service: lowLightControllerObject -> lowLightControllerObject transition time: 0 ms
12-08 11:31:17.758 D/TrackingService( 1772): hand: stopCameras finished
12-08 11:31:17.758 D/TrackingService( 1772): [hand]end onMuxStateUpdate. ModeId: lowLightHandsObject -> lowLightControllerObject
12-08 11:31:17.758 I/TrackingService( 1772): [                       hand:hand] Mux Mode Transition from sensor service: lowLightHandsObject -> lowLightControllerObject transition time: 11 ms
12-08 11:31:17.758 I/SyncBossFW(  866): 7946561 [info   ] {NCM }: Found slot with constellation capability
12-08 11:31:17.758 I/SyncBossFW(  866): 7946563 [info   ] {NICE}: nice_set_frame_rate called on same period of 16666us
12-08 11:31:17.758 I/SyncBossFW(  866): 7946563 [info   ] {NCM }: No slot with projector capability found.
12-08 11:31:17.758 I/SyncBossFW(  866): 7946563 [info   ] {NCM }: Stopping projector
12-08 11:31:17.759 I/TrackingFidelityService( 1765): checkMultimodalFeature: Attempt made to enable multimodal hands+controllers when not supported by app
