12-08 12:18:51.258 I/PerformanceManagerInterface_Impl( 6741): PerformanceManagerInterface_Impl_V1: feature: 1: oculus.software.handtracking
12-08 12:18:51.258 I/TREX    ( 6741): Interface 'WristbandClientInterface', version 6 was not found. Check debug build for more information.
12-08 12:18:51.258 I/RuntimeIPCSystem [RUNTIMEIPC]( 6741): RuntimeIPCSystem: Init called: Version: 81, Platform: Android, Build Date: Dec  7 2025, Build Time: 14:26:30, BuildMode: shared
12-08 12:18:51.259 D/TelemetryService( 1125): PathwayGuard: from OSSDK/NDK is not allowed to send oculus_trex_plugin_load_failed; dropping; Please use the Statsd approach https://www.internalfb.com/intern/wiki/HzOS_Systems/HzOS_Systems_Performance_and_Reliability/VROS_System_Insights/VROS_Telemetry/XFN/Statsd/
12-08 12:18:51.259 D/TelemetryService( 1125): Reported oculus_telemetry_blocked_ossdk_events breach event
12-08 12:18:51.259 I/RuntimeIpcHelperService( 2051): Going to start ComponentInfo{com.oculus.systemdriver/com.oculus.vrruntimeservice.VrRuntimeService} as foreground, Calling uid: 10177 pid: 6741
12-08 12:18:51.260 D/MediaCodecList( 6741): codecHandlesFormat: no format, so no extra checks
12-08 12:18:51.261 D/CCodec  ( 6741): allocate(c2.android.raw.decoder)
12-08 12:18:51.261 I/CCodec  ( 6741): setting up 'default' as default (vendor) store
12-08 12:18:51.261 I/RuntimeIpcHelperService( 2051): Going to start ComponentInfo{com.oculus.systemdriver/com.oculus.vrruntimeservice.VrRuntimeService} as foreground, Calling uid: 10177 pid: 6741
12-08 12:18:51.262 I/RipcServerClientHandler [RUNTIMEIPC]( 3567): Event buffer size (server): 8192
12-08 12:18:51.263 I/RipcServerMgr [RUNTIMEIPC]( 3567): HandleClientConnect SUCCESS: Client: com.example.moonlight_spatialsdk:com.example.moonlight_spatialsdk:6741:, Server: com.oculus.systemdriver:com.oculus.vrruntimeservice (RuntimeServiceDevice)
12-08 12:18:51.263 I/RipcClient [RUNTIMEIPC]( 6741): Event buffer size (client): 8192
12-08 12:18:51.263 I/RipcClient [RUNTIMEIPC]( 6741): TryToGetIPCResourcesFromServer: RPC_CONNECTOR_CONNECT_TO_SERVER SUCCESS: Client: com.example.moonlight_spatialsdk:com.example.moonlight_spatialsdk:6741, Server: com.oculus.systemdriver:com.oculus.vrruntimeservice:0 (RuntimeServiceDevice), Version: 81, Platform: Android, Build Date: Dec  7 2025, Build Time: 14:26:30, BuildMode: shared
12-08 12:18:51.263 I/CCodec  ( 6741): Created component [c2.android.raw.decoder]
12-08 12:18:51.263 D/CCodecConfig( 6741): read media type: audio/raw
12-08 12:18:51.263 I/RipcClient [RUNTIMEIPC]( 6741): EnsureServerConnection: SUCCESS. Client: com.example.moonlight_spatialsdk:com.example.moonlight_spatialsdk:6741, Server: com.oculus.systemdriver:com.oculus.vrruntimeservice:0 (RuntimeServiceDevice)
12-08 12:18:51.263 I/RipcClient [RUNTIMEIPC]( 6741): [RIPC_CONNECT_LOG] ConnectToServer: SUCCESS: Client: com.example.moonlight_spatialsdk:com.example.moonlight_spatialsdk:6741, Server: com.oculus.systemdriver:com.oculus.vrruntimeservice:0 (RuntimeServiceDevice)
12-08 12:18:51.263 W/REFLECT [RUNTIMEIPC]( 3567): Disabling all permissions (ONLY USE IN TESTS): 4141389116:com.example.moonlight_spatialsdk/com.example.moonlight_spatialsdk (10177:6741), mask: 11111111111111111111111111111111
12-08 12:18:51.264 I/RipcClient [RUNTIMEIPC]( 6741): ReleaseRef: Remaining refs: 0, Client: com.example.moonlight_spatialsdk:com.example.moonlight_spatialsdk:6741, Server: com.oculus.systemdriver:com.oculus.vrruntimeservice:0 (RuntimeServiceDevice)
12-08 12:18:51.265 W/RuntimeIPCNotificationThread [RUNTIMEIPC]( 6741): RuntimeIPCNotificationThread MainLoop: WaitForNotification FAILED: -1
12-08 12:18:51.265 W/RuntimeIPCNotificationThread [RUNTIMEIPC]( 6741): RuntimeIPCNotificationThread MainLoop: exiting
12-08 12:18:51.265 D/ReflectedParamUpdater( 6741): extent() != 1 for single value type: algo.buffers.max-count.values
12-08 12:18:51.265 W/RipcClient [RUNTIMEIPC]( 6741): [RIPC_CONNECT_LOG] DisconnectFromServer: Not connected: 0, Client: com.example.moonlight_spatialsdk:com.example.moonlight_spatialsdk:6741, Server: com.oculus.systemdriver:com.oculus.vrruntimeservice:0 (RuntimeServiceDevice)
12-08 12:18:51.265 I/RipcClient [RUNTIMEIPC]( 6741): [RIPC_CONNECT_LOG] Shutdown: clientId: 16777224, Client: com.example.moonlight_spatialsdk:com.example.moonlight_spatialsdk:6741, Server: com.oculus.systemdriver:com.oculus.vrruntimeservice:0 (RuntimeServiceDevice), SUCCESS
12-08 12:18:51.265 I/RipcClientMgr [RUNTIMEIPC]( 6741): [RIPC_CONNECT_LOG] DisconnectFromServer DONE: clientId: 16777224, Client: com.example.moonlight_spatialsdk:com.example.moonlight_spatialsdk:6741, Server: com.oculus.systemdriver:com.oculus.vrruntimeservice:0 (RuntimeServiceDevice)
12-08 12:18:51.265 I/RuntimeIPCApi [RUNTIMEIPC]( 6741): ipc_DisconnectFromServer: 16777224, SUCCESS
12-08 12:18:51.265 I/Distortion( 6741): Initializing Mesh Decenter Correction
12-08 12:18:51.265 D/ReflectedParamUpdater( 6741): extent() != 1 for single value type: output.subscribed-indices.values
12-08 12:18:51.265 I/RipcServerClientHandler [RUNTIMEIPC]( 3567): [RIPC_CONNECT_LOG] RipcServerClientHandler::Shutdown: Client: com.example.moonlight_spatialsdk:com.example.moonlight_spatialsdk:6741:, Server: com.oculus.systemdriver:com.oculus.vrruntimeservice (RuntimeServiceDevice)
12-08 12:18:51.265 D/ReflectedParamUpdater( 6741): extent() != 1 for single value type: input.buffers.allocator-ids.values
12-08 12:18:51.265 I/[CT]    ( 4168): SP:TREX:SpatialPersistencePlugin: Event type: 5
12-08 12:18:51.265 I/[CT]    ( 4168): SP:TREX:SpatialPersistencePlugin: Event type: 6
12-08 12:18:51.265 I/TREX    ( 4168): Spatial Persistence event: QuerySpacesFound
12-08 12:18:51.265 I/TREX    ( 4168): Updating enabled data components from query results for entity type 2
12-08 12:18:51.265 I/TREX    ( 4168): Spatial Persistence event: QuerySpacesFinish
12-08 12:18:51.265 W/RuntimeTelemetryThread( 4168): [OpenXR_Anchor] setting XR_SPACE_COMPONENT_TYPE_STORABLE_FB is unsupported for this space; 
12-08 12:18:51.265 W/RuntimeTelemetryThread( 4168): [OpenXR_Anchor] component enabled cannot be changed; 5
12-08 12:18:51.265 I/OpenXR_DynamicObject( 4168): ------------ xrGetSpaceDynamicObjectDataMETA -----------
12-08 12:18:51.266 D/ReflectedParamUpdater( 6741): extent() != 1 for single value type: output.buffers.allocator-ids.values
12-08 12:18:51.266 D/ReflectedParamUpdater( 6741): extent() != 1 for single value type: algo.buffers.allocator-ids.values
12-08 12:18:51.266 D/ReflectedParamUpdater( 6741): extent() != 1 for single value type: output.buffers.pool-ids.values
12-08 12:18:51.266 D/ReflectedParamUpdater( 6741): extent() != 1 for single value type: algo.buffers.pool-ids.values
12-08 12:18:51.266 I/Distortion( 6741): Decenter tester version = 200
12-08 12:18:51.266 I/Distortion( 6741): SetLensPositions - iad=0.0635, left offset=-0.00313837,4.25965e-05, right offset=0.00323463,-0.000142143
12-08 12:18:51.266 I/CCodecConfig( 6741): query failed after returning 8 values (BAD_INDEX)
12-08 12:18:51.266 D/CCodecConfig( 6741): c2 config diff is Dict {
12-08 12:18:51.266 D/CCodecConfig( 6741):   c2::u32 coded.bitrate.value = 64000
12-08 12:18:51.266 D/CCodecConfig( 6741):   c2::u32 input.buffers.max-size.value = 65536
12-08 12:18:51.266 D/CCodecConfig( 6741):   c2::u32 input.delay.value = 0
12-08 12:18:51.266 D/CCodecConfig( 6741):   string input.media-type.value = "audio/raw"
12-08 12:18:51.266 D/CCodecConfig( 6741):   string output.media-type.value = "audio/raw"
12-08 12:18:51.266 D/CCodecConfig( 6741):   c2::u32 raw.channel-count.value = 2
12-08 12:18:51.266 D/CCodecConfig( 6741):   c2::u32 raw.pcm-encoding.value = 0
12-08 12:18:51.266 D/CCodecConfig( 6741):   c2::u32 raw.sample-rate.value = 44100
12-08 12:18:51.266 D/CCodecConfig( 6741): }
12-08 12:18:51.267 D/MediaCodec( 6741): flushMediametrics
12-08 12:18:51.267 I/VrRuntimeCompatHelper( 6741): DevicesSupported : 4 devices, quest2|questpro|quest3
12-08 12:18:51.267 I/ApplicationAttributes( 6741): IsSystem 0
12-08 12:18:51.267 D/CCodec  ( 6741): [c2.android.raw.decoder] buffers are bound to CCodec for this session
12-08 12:18:51.267 D/CCodecConfig( 6741): no c2 equivalents for durationUs
12-08 12:18:51.267 D/CCodecConfig( 6741): no c2 equivalents for track-id
12-08 12:18:51.267 D/CCodecConfig( 6741): no c2 equivalents for bits-per-sample
12-08 12:18:51.267 D/CCodecConfig( 6741): no c2 equivalents for flags
12-08 12:18:51.267 I/Distortion( 6741): Initializing Mesh Decenter Correction
12-08 12:18:51.268 D/CCodecConfig( 6741): c2 config diff is   c2::u32 raw.channel-count.value = 1
12-08 12:18:51.268 D/CCodecConfig( 6741):   c2::u32 raw.sample-rate.value = 48000
12-08 12:18:51.268 W/Codec2Client( 6741): query -- param skipped: index = 1107298332.
12-08 12:18:51.268 D/CCodec  ( 6741): encoding statistics level = 0
12-08 12:18:51.268 D/CCodec  ( 6741): setup formats input: AMessage(what = 0x00000000) = {
12-08 12:18:51.268 D/CCodec  ( 6741):   int32_t android._codec-pcm-encoding = 2
12-08 12:18:51.268 D/CCodec  ( 6741):   int32_t bitrate = 64000
12-08 12:18:51.268 D/CCodec  ( 6741):   int32_t channel-count = 1
12-08 12:18:51.268 D/CCodec  ( 6741):   int32_t max-input-size = 65536
12-08 12:18:51.268 D/CCodec  ( 6741):   string mime = "audio/raw"
12-08 12:18:51.268 D/CCodec  ( 6741):   int32_t pcm-encoding = 2
12-08 12:18:51.268 D/CCodec  ( 6741):   int32_t sample-rate = 48000
12-08 12:18:51.268 D/CCodec  ( 6741): }
12-08 12:18:51.268 D/CCodec  ( 6741): setup formats output: AMessage(what = 0x00000000) = {
12-08 12:18:51.268 D/CCodec  ( 6741):   int32_t android._codec-pcm-encoding = 2
12-08 12:18:51.268 D/CCodec  ( 6741):   int32_t channel-count = 1
12-08 12:18:51.268 D/CCodec  ( 6741):   string mime = "audio/raw"
12-08 12:18:51.268 D/CCodec  ( 6741):   int32_t pcm-encoding = 2
12-08 12:18:51.268 D/CCodec  ( 6741):   int32_t sample-rate = 48000
12-08 12:18:51.268 D/CCodec  ( 6741):   int32_t channel-mask = 0
12-08 12:18:51.268 D/CCodec  ( 6741):   int32_t android._config-pcm-encoding = 2
12-08 12:18:51.268 D/CCodec  ( 6741): }
12-08 12:18:51.268 I/CCodecConfig( 6741): query failed after returning 8 values (BAD_INDEX)
12-08 12:18:51.268 I/Distortion( 6741): Decenter tester version = 200
12-08 12:18:51.268 I/Distortion( 6741): SetLensPositions - iad=0.0635, left offset=-0.00313837,4.25965e-05, right offset=0.00323463,-0.000142143
12-08 12:18:51.268 W/Codec2Client( 6741): query -- param skipped: index = 1342179345.
12-08 12:18:51.268 W/Codec2Client( 6741): query -- param skipped: index = 2415921170.
12-08 12:18:51.269 D/CCodecBufferChannel( 6741): [c2.android.raw.decoder#174] Created input block pool with allocatorID 16 => poolID 21 - OK (0)
12-08 12:18:51.269 I/OpenXR  ( 6741): ----------- xrCreateInstance [end] ----------
12-08 12:18:51.269 V/OpenXR_DriverLoader( 6741): xrGetInstanceProcAddr: xrSetDebugUtilsObjectNameEXT not supported, the extension is not enabled for the requested OpenXR API version 1.1.48.
12-08 12:18:51.269 V/OpenXR_DriverLoader( 6741): xrGetInstanceProcAddr: xrCreateDebugUtilsMessengerEXT not supported, the extension is not enabled for the requested OpenXR API version 1.1.48.
12-08 12:18:51.269 V/OpenXR_DriverLoader( 6741): xrGetInstanceProcAddr: xrDestroyDebugUtilsMessengerEXT not supported, the extension is not enabled for the requested OpenXR API version 1.1.48.
12-08 12:18:51.269 V/OpenXR_DriverLoader( 6741): xrGetInstanceProcAddr: xrSubmitDebugUtilsMessageEXT not supported, the extension is not enabled for the requested OpenXR API version 1.1.48.
12-08 12:18:51.269 V/OpenXR_DriverLoader( 6741): xrGetInstanceProcAddr: xrSessionBeginDebugUtilsLabelRegionEXT not supported, the extension is not enabled for the requested OpenXR API version 1.1.48.
12-08 12:18:51.269 V/OpenXR_DriverLoader( 6741): xrGetInstanceProcAddr: xrSessionEndDebugUtilsLabelRegionEXT not supported, the extension is not enabled for the requested OpenXR API version 1.1.48.
12-08 12:18:51.269 V/OpenXR_DriverLoader( 6741): xrGetInstanceProcAddr: xrSessionInsertDebugUtilsLabelEXT not supported, the extension is not enabled for the requested OpenXR API version 1.1.48.
12-08 12:18:51.269 V/OpenXR-Loader( 6741): Verbose [GENERAL | xrCreateInstance | OpenXR-Loader] : Completed loader terminator
12-08 12:18:51.269 V/OpenXR_DriverLoader( 6741): xrGetInstanceProcAddr: xrSessionBeginDebugUtilsLabelRegionEXT not supported, the extension is not enabled for the requested OpenXR API version 1.1.48.
12-08 12:18:51.269 V/OpenXR_DriverLoader( 6741): xrGetInstanceProcAddr: xrSessionEndDebugUtilsLabelRegionEXT not supported, the extension is not enabled for the requested OpenXR API version 1.1.48.
12-08 12:18:51.269 V/OpenXR_DriverLoader( 6741): xrGetInstanceProcAddr: xrSessionInsertDebugUtilsLabelEXT not supported, the extension is not enabled for the requested OpenXR API version 1.1.48.
12-08 12:18:51.269 I/OpenXR-Loader( 6741): Info [GENERAL | xrCreateInstance | OpenXR-Loader] : LoaderInstance::CreateInstance succeeded with 0 layers enabled and runtime interface - created instance = 0x0000000000000001
12-08 12:18:51.269 V/OpenXR-Loader( 6741): Verbose [GENERAL | xrCreateInstance | OpenXR-Loader] : Completed loader trampoline
12-08 12:18:51.269 V/OpenXR_DriverLoader( 6741): xrGetInstanceProcAddr: xrEnumeratePerformanceMetricsCounterPathsMETA not supported, the extension is not enabled for the requested OpenXR API version 1.1.48.
12-08 12:18:51.269 V/OpenXR_DriverLoader( 6741): xrGetInstanceProcAddr: xrSetPerformanceMetricsStateMETA not supported, the extension is not enabled for the requested OpenXR API version 1.1.48.
12-08 12:18:51.269 V/OpenXR_DriverLoader( 6741): xrGetInstanceProcAddr: xrGetPerformanceMetricsStateMETA not supported, the extension is not enabled for the requested OpenXR API version 1.1.48.
12-08 12:18:51.269 V/OpenXR_DriverLoader( 6741): xrGetInstanceProcAddr: xrQueryPerformanceMetricsCounterMETA not supported, the extension is not enabled for the requested OpenXR API version 1.1.48.
12-08 12:18:51.269 V/OpenXR_DriverLoader( 6741): xrGetInstanceProcAddr: xrCreateBodyTrackerFB not supported, the extension is not enabled for the requested OpenXR API version 1.1.48.
12-08 12:18:51.269 V/OpenXR_DriverLoader( 6741): xrGetInstanceProcAddr: xrDestroyBodyTrackerFB not supported, the extension is not enabled for the requested OpenXR API version 1.1.48.
12-08 12:18:51.269 V/OpenXR_DriverLoader( 6741): xrGetInstanceProcAddr: xrLocateBodyJointsFB not supported, the extension is not enabled for the requested OpenXR API version 1.1.48.
12-08 12:18:51.269 V/OpenXR_DriverLoader( 6741): xrGetInstanceProcAddr: xrGetBodySkeletonFB not supported, the extension is not enabled for the requested OpenXR API version 1.1.48.
12-08 12:18:51.269 V/OpenXR_DriverLoader( 6741): xrGetInstanceProcAddr: xrCreateVirtualReferenceSpaceMETAX1 not supported, the extension is not enabled for the requested OpenXR API version 1.1.48.
12-08 12:18:51.269 V/OpenXR_DriverLoader( 6741): xrGetInstanceProcAddr: xrSetVirtualReferenceSpacePoseMETAX1 not supported, the extension is not enabled for the requested OpenXR API version 1.1.48.
12-08 12:18:51.269 V/OpenXR_DriverLoader( 6741): xrGetInstanceProcAddr: xrSetUserRestSpaceMETAX1 not supported, the extension is not enabled for the requested OpenXR API version 1.1.48.
12-08 12:18:51.269 V/OpenXR_DriverLoader( 6741): xrGetInstanceProcAddr: xrResumeSimultaneousHandsAndControllersTrackingMETA not supported, the extension is not enabled for the requested OpenXR API version 1.1.48.
12-08 12:18:51.269 V/OpenXR_DriverLoader( 6741): xrGetInstanceProcAddr: xrPauseSimultaneousHandsAndControllersTrackingMETA not supported, the extension is not enabled for the requested OpenXR API version 1.1.48.
12-08 12:18:51.269 I/HorizonStandalone( 6741): Hmi: Registering input class horizon::hmi::XrControllerLeft
12-08 12:18:51.269 I/HorizonStandalone( 6741): Hmi: Registering input class horizon::hmi::XrControllerRight
12-08 12:18:51.269 I/HorizonStandalone( 6741): Hmi: Registering input class horizon::hmi::XrHandLeft
12-08 12:18:51.269 I/CCodecBufferChannel( 6741): [c2.android.raw.decoder#174] Created output block pool with allocatorID 16 => poolID 128 - OK
12-08 12:18:51.269 I/HorizonStandalone( 6741): Hmi: Registering input class horizon::hmi::XrHandRight
12-08 12:18:51.269 I/HorizonStandalone( 6741): Hmi: Registering input class horizon::hmi::XrEyeGaze
12-08 12:18:51.269 D/CCodecBufferChannel( 6741): [c2.android.raw.decoder#174] Configured output block pool ids 128 => OK
12-08 12:18:51.269 I/QC2CompStore(  860): Setting heap usage to system
12-08 12:18:51.269 I/HorizonStandalone( 6741): Application: initView begin
12-08 12:18:51.270 D/SimpleC2Component( 1138): Using output block pool with poolID 128 => got 128 - 0
12-08 12:18:51.270 D/MediaBufferGroup( 1110): creating MemoryDealer
12-08 12:18:51.272 D/CCodecBufferChannel( 6741): [c2.android.raw.decoder#174] MediaCodec discarded an unknown buffer
12-08 12:18:51.272 D/CCodecBufferChannel( 6741): [c2.android.raw.decoder#174] MediaCodec discarded an unknown buffer
12-08 12:18:51.272 I/hw-BpHwBinder( 6741): onLastStrongRef automatically unlinking death recipients
12-08 12:18:51.272 I/hw-BpHwBinder( 1138): onLastStrongRef automatically unlinking death recipients
12-08 12:18:51.273 D/BufferPoolAccessor2.0( 1138): Destruction - bufferpool2 0xb400007cc508a628 cached: 0/0M, 0/0% in use; allocs: 0, 0% recycled; transfers: 0, 0% unfetched
12-08 12:18:51.273 W/SensorControl( 1772): No exposure settings will be updated on slot idx: 3 because exposure/gain changes are too small or identical.
12-08 12:18:51.273 D/MediaCodec( 6741): flushMediametrics
12-08 12:18:51.273 D/MediaCodec( 6741): updateMediametrics(0xb40000736dc4e800) ttff: 11ms, ttff_os: 9ms, init: 7ms ,configure: 0ms, start: 2ms, decode: 0ms, rendering: -1ms
12-08 12:18:51.273 I/BpBinder( 6741): onLastStrongRef automatically unlinking death recipients: android.media.IResourceManagerService
12-08 12:18:51.274 W/mediaextractor( 1110): Binder 0xb4000075a6480828 destroyed after setInheritRt before being parceled.
12-08 12:18:51.274 W/mediaextractor( 1110): Binder 0xb4000075a6480738 destroyed after setInheritRt before being parceled.
12-08 12:18:51.274 W/mediaextractor( 1110): Binder 0xb4000075b280e728 destroyed after setInheritRt before being parceled.
12-08 12:18:51.274 W/mediaextractor( 1110): Binder 0xb4000075a641ac48 destroyed after setInheritRt before being parceled.
12-08 12:18:51.274 W/mediaextractor( 1110): Binder 0xb4000075a6480058 destroyed after setInheritRt before being parceled.
12-08 12:18:51.275 I/[SEO] PanelToggleController( 4168): Visibility toggled from true to false, reason system-initiated, source ExternalLaunch, force hide false
12-08 12:18:51.275 I/[SEO] ShellFrameAnalytics( 4168): Shell Heartbeat activeFlowName: DesktopFlow isFlowRequestingActivation: 1 flowActivationReason: DesktopFlow focusedPanelTimeSpent: {"64":8194,"67":6019} visibleTimeSpent: {"64":11361} panelIdToComponentName: {"64":"com.example.moonlight_spatialsdk/com.example.moonlight_spatialsdk.PancakeActivity"} inputTimeSpent: {"64":"{\"focus_controller\":8194,\"visible_controller\":9666,\"visible_gaze\":111,\"visible_hand\":1583}","67":"{\"focus_controller\":1472,\"focus_gaze\":1005,\"focus_hand\":3541}"} inputClickCount: {"64":"{\"focused_controller\":7,\"visible_controller\":9}","67":"{\"focused_controller\":2}"} mouseMoveTimeSpent: 0 mouseScrollTimeSpent: 0 quickActionsMenuActivations: 0 quickActionsMenuTimeSpent: 0 quickActionsMenuSessionLengths: [] quickActionsMenuSelections: {} handTrackingOptIn: 1 handTrackingAutoTransition: 0 directTouchTabletEnabled: 14214 gamepadButtonDestinations: {}
12-08 12:18:51.277 I/[SEO] SystemTaskBar( 4168): UpdateVisibility(Spatial, 0)
12-08 12:18:51.279 D/vulkan  ( 6741): searching for layers in '/data/app/~~gOIjSmMJ8k8zlmOdNt_jrg==/com.example.moonlight_spatialsdk-kaFNrJ0HL-vWi5xL8le3jQ==/lib/arm64'
12-08 12:18:51.279 D/vulkan  ( 6741): searching for layers in '/data/app/~~gOIjSmMJ8k8zlmOdNt_jrg==/com.example.moonlight_spatialsdk-kaFNrJ0HL-vWi5xL8le3jQ==/base.apk!/lib/arm64-v8a'
12-08 12:18:51.280 D/vulkan  ( 6741): searching for layers in '/apex/com.meta.xr/priv-app/VrDriver/VrDriver.apk!/lib/arm64-v8a'
12-08 12:18:51.286 W/Adreno-AppProfiles( 6741): Could not find QSPM HAL service. Skipping adreno profile processing.
12-08 12:18:51.286 I/AdrenoVK-0( 6741): ===== BEGIN DUMP OF OVERRIDDEN SETTINGS =====
12-08 12:18:51.286 I/AdrenoVK-0( 6741): ===== END DUMP OF OVERRIDDEN SETTINGS =====
12-08 12:18:51.288 I/[SEO] VrShellDesktopBase( 4168): BackgroundDesktop: Spatial, reason egoCentricDesktopBackground
12-08 12:18:51.289 W/Adreno-AppProfiles( 6741): Could not find QSPM HAL service. Skipping adreno profile processing.
12-08 12:18:51.289 I/[SEO] PanelAppHost( 4168): OnBackground panel (panelId:64) (com.example.moonlight_spatialsdk/com.example.moonlight_spatialsdk.PancakeActivity)
12-08 12:18:51.289 I/[SEO] PanelAppHost( 4168): Panel app (panelId:64) (com.example.moonlight_spatialsdk/com.example.moonlight_spatialsdk.PancakeActivity) changing state from foreground to background
12-08 12:18:51.289 D/[UNSET] ShellApplication( 4168): Notifying state updated to BACKGROUND for panel app 64
12-08 12:18:51.289 V/[SEO] ReprojectedPanelAppManager( 4168): onPanelStateChange: 64, state=false
12-08 12:18:51.289 I/[SEO] PanelActivityInfo( 4168): onPanelStateChange: false for component com.example.moonlight_spatialsdk/com.example.moonlight_spatialsdk.PancakeActivity with id 64
12-08 12:18:51.289 I/[SEO] PanelAppHost( 4168): Panel (panelId:64) (com.example.moonlight_spatialsdk/com.example.moonlight_spatialsdk.PancakeActivity) is now backgrounded due to: egoCentricDesktopBackground
12-08 12:18:51.290 I/[SEO] DesktopPanelController( 4168): Backgrounded desktop Spatial with reason egoCentricDesktopBackground
12-08 12:18:51.290 I/[SEO] PerformanceController( 4168): Sending Desktop Visibility Signal: 0
12-08 12:18:51.290 I/AdrenoVK-0( 6741): ===== BEGIN DUMP OF OVERRIDDEN SETTINGS =====
12-08 12:18:51.290 I/AdrenoVK-0( 6741): ===== END DUMP OF OVERRIDDEN SETTINGS =====
12-08 12:18:51.290 W/WindowOnBackDispatcher( 4168): sendCancelIfRunning: isInProgress=falsecallback=android.view.ViewRootImpl$$ExternalSyntheticLambda17@25415fa
12-08 12:18:51.290 D/CoreBackPreview( 2051): Window{730716b u0 com.oculus.android_panel_app.AndroidPanelLayer-com.oculus.vrshell-controlbar13}: Setting back callback null
12-08 12:18:51.292 I/AdrenoVK-0( 6741): QUALCOMM build          : 5eb6d58341, Icac217ebc7
12-08 12:18:51.292 I/AdrenoVK-0( 6741): Build Date              : 11/10/25
12-08 12:18:51.292 I/AdrenoVK-0( 6741): Shader Compiler Version : E031.50.14.00
12-08 12:18:51.292 I/AdrenoVK-0( 6741): Local Branch            : 
12-08 12:18:51.292 I/AdrenoVK-0( 6741): Remote Branch           : refs/tags/AU_LINUX_ANDROID_LA.VENDOR.12.3.11.00.00.934.442
12-08 12:18:51.292 I/AdrenoVK-0( 6741): Remote Branch           : NONE
12-08 12:18:51.292 I/AdrenoVK-0( 6741): Reconstruct Branch      : NOTHING
12-08 12:18:51.292 I/AdrenoVK-0( 6741): Build Config            : S P 12.1.6 AArch64
12-08 12:18:51.292 I/AdrenoVK-0( 6741): Driver Path             : /vendor/lib64/hw/vulkan.adreno.so
12-08 12:18:51.292 I/AdrenoVK-0( 6741): Driver Version          : 0837.0.6
12-08 12:18:51.292 I/AdrenoVK-0( 6741): PFP                     : 0x01511181
12-08 12:18:51.292 I/AdrenoVK-0( 6741): ME                      : 0x00000000
12-08 12:18:51.292 I/AdrenoVK-0( 6741): Application Name    : RHISupportedFeaturesProbe
12-08 12:18:51.292 I/AdrenoVK-0( 6741): Process Name        : com.example.moonlight_spatialsdk
12-08 12:18:51.292 I/AdrenoVK-0( 6741): Application Version : 0x00000001
12-08 12:18:51.292 I/AdrenoVK-0( 6741): Engine Name         : Meta Horizon Engine
12-08 12:18:51.292 I/AdrenoVK-0( 6741): Engine Version      : 0x00000001
12-08 12:18:51.292 I/AdrenoVK-0( 6741): Api Version         : 0x00403000
12-08 12:18:51.293 W/.oculus.vrshell( 4168): Binder 0x7382ab5f50 destroyed after setInheritRt before being parceled.
12-08 12:18:51.293 I/VrGuardianService( 5403): com.oculus.vrshell -> GuardianSDKServer::SetGuardianHitDialog 0
12-08 12:18:51.293 W/.oculus.vrshell( 4168): Binder 0x73619aaa00 destroyed after setInheritRt before being parceled.
12-08 12:18:51.293 W/.oculus.vrshell( 4168): Binder 0x736a5bdd88 destroyed after setInheritRt before being parceled.
12-08 12:18:51.293 W/.oculus.vrshell( 4168): Binder 0x73619aa818 destroyed after setInheritRt before being parceled.
12-08 12:18:51.293 I/[SEO] PanelAppOSLifecycleNotificationManager( 4168): Sending frameState isForeground:0 to OS for app com.example.moonlight_spatialsdk/com.example.moonlight_spatialsdk.PancakeActivity
12-08 12:18:51.293 W/InputManager-JNI( 2051): Input channel object '730716b com.oculus.android_panel_app.AndroidPanelLayer-com.oculus.vrshell-controlbar13 (client)' was disposed without first being removed with the input manager!
12-08 12:18:51.293 I/[NAV][BAR] Active2dPanelDataSourceImpl(28906): onAppStatusChanged: {"appState":[{"name":"com.oculus.systemux/com.oculus.panelapp.activetaskbar.ActiveTaskBarActivity","panels":[{"panelId":1,"shouldBePrePinned":false,"state":"Foreground","volumetricWindowToken":"908d4ff6-355a-4672-97b2-947e809531d6"}]},{"name":"com.oculus.panelapp.library/com.oculus.navigator.library.app.NavigatorLibraryActivity","panels":[{"panelId":3,"shouldBePrePinned":false,"state":"Background","volumetricWindowToken":"ba3cf751-e68a-42ef-9fc8-fda532e026a2"}]},{"name":"com.oculus.vrshell/com.oculus.panelapp.displaybar.DisplayBarActivity","panels":[{"panelId":5,"shouldBePrePinned":false,"state":"Foreground","volumetricWindowToken":"8adfb8d6-830a-45c8-a8da-a4240bab9259"}]},{"name":"com.oculus.vrshell/com.oculus.panelapp.bloom.BloomActivity","panels":[{"panelId":4,"shouldBePrePinned":false,"state":"Foreground","volumetricWindowToken":"6bee8476-07e9-41cd-921c-85f1613e54cb"}]},{"name":"com.oculus.panelapp.library/com.oculus.navigator.systembar.app.SystemBarActivity","panels":[{"panelId":6,"shouldBePrePinned":false,"state":"Background","volumetricWindowToken":"17752a76-e2cd-42fb-978b-f5c8221e3d4e"}]},{"name":"com.example.moonlight_spatialsdk/com.example.moonlight_spatialsdk.PancakeActivity","panels":[{"panelId":64,"shouldBePrePinned":false,"state":"Background","volumetricWindowToken":"6d491d1e-31ae-4458-9a76-305c555e283e"}]},{"name":"com.oculus.mrds/com.oculus.mrds.msft.connectactivity.ConnectActivity","panels":[{"panelId":67,"shouldBePrePinned":false,"state":"Foreground","volumetricWindowToken":"cf847410-f6af-4fcb-af7b-deae0cb4e172"}]}],"mostRecent":["com.oculus.panelapp.library/com.oculus.navigator.library.app.NavigatorLibraryActivity","com.oculus.mrds/com.oculus.mrds.msft.connectactivity.ConnectActivity","com.example.moonlight_spatialsdk/com.example.moonlight_spatialsdk.PancakeActivity","com.oculus.panelapp.library/com.oculus.navigator.systembar.app.SystemBarActivity","com.oculus.vrshell/com.oculus.panelapp.displaybar.DisplayBarActivity","com.oculus.vrshell/com.oculus.panelapp.bloom.BloomActivity","com.oculus.systemux/com.oculus.panelapp.activetaskbar.ActiveTaskBarActivity"]}
12-08 12:18:51.294 I/Shell   ( 4168): remove cursor: 3922712271 (new count: 0)
12-08 12:18:51.294 I/[NAV][BAR] Active2dPanelDataSourceImpl(28906): onAppStatusChanged: {"appState":[{"name":"com.oculus.systemux/com.oculus.panelapp.activetaskbar.ActiveTaskBarActivity","panels":[{"panelId":1,"shouldBePrePinned":false,"state":"Foreground","volumetricWindowToken":"908d4ff6-355a-4672-97b2-947e809531d6"}]},{"name":"com.oculus.panelapp.library/com.oculus.navigator.library.app.NavigatorLibraryActivity","panels":[{"panelId":3,"shouldBePrePinned":false,"state":"Background","volumetricWindowToken":"ba3cf751-e68a-42ef-9fc8-fda532e026a2"}]},{"name":"com.oculus.vrshell/com.oculus.panelapp.displaybar.DisplayBarActivity","panels":[{"panelId":5,"shouldBePrePinned":false,"state":"Foreground","volumetricWindowToken":"8adfb8d6-830a-45c8-a8da-a4240bab9259"}]},{"name":"com.oculus.vrshell/com.oculus.panelapp.bloom.BloomActivity","panels":[{"panelId":4,"shouldBePrePinned":false,"state":"Foreground","volumetricWindowToken":"6bee8476-07e9-41cd-921c-85f1613e54cb"}]},{"name":"com.oculus.panelapp.library/com.oculus.navigator.systembar.app.SystemBarActivity","panels":[{"panelId":6,"shouldBePrePinned":false,"state":"Background","volumetricWindowToken":"17752a76-e2cd-42fb-978b-f5c8221e3d4e"}]},{"name":"com.example.moonlight_spatialsdk/com.example.moonlight_spatialsdk.PancakeActivity","panels":[{"panelId":64,"shouldBePrePinned":false,"state":"Background","volumetricWindowToken":"6d491d1e-31ae-4458-9a76-305c555e283e"}]},{"name":"com.oculus.mrds/com.oculus.mrds.msft.connectactivity.ConnectActivity","panels":[{"panelId":67,"shouldBePrePinned":false,"state":"Foreground","volumetricWindowToken":"cf847410-f6af-4fcb-af7b-deae0cb4e172"}]}],"mostRecent":["com.oculus.panelapp.library/com.oculus.navigator.library.app.NavigatorLibraryActivity","com.oculus.mrds/com.oculus.mrds.msft.connectactivity.ConnectActivity","com.example.moonlight_spatialsdk/com.example.moonlight_spatialsdk.PancakeActivity","com.oculus.panelapp.library/com.oculus.navigator.systembar.app.SystemBarActivity","com.oculus.vrshell/com.oculus.panelapp.displaybar.DisplayBarActivity","com.oculus.vrshell/com.oculus.panelapp.bloom.BloomActivity","com.oculus.systemux/com.oculus.panelapp.activetaskbar.ActiveTaskBarActivity"]}
12-08 12:18:51.296 I/VolumetricWindow( 2051): [setDrawn] VW=6d491d1e-31ae-4458-9a76-305c555e283e: isDrawn=false (isActive=true, isVisible=true)
12-08 12:18:51.297 I/DisplayDeviceRepository( 2051): Display device removed: DisplayDeviceInfo{"com.oculus.android_panel_app.AndroidPanelLayer-com.oculus.vrshell-controlbar13": uniqueId="virtual:com.oculus.vrshell,10053,com.oculus.android_panel_app.AndroidPanelLayer-com.oculus.vrshell-controlbar13,0", 550 x 60, modeId 257, renderFrameRate 60.0, defaultModeId 257, supportedModes [{id=257, width=550, height=60, fps=60.0, alternativeRefreshRates=[], supportedHdrTypes=[]}], colorMode 0, supportedColorModes [0], hdrCapabilities null, allmSupported false, gameContentTypeSupported false, density 200, 200.0 x 200.0 dpi, appVsyncOff 0, presDeadline 16666666, touch NONE, rotation 0, type VIRTUAL, deviceProductInfo null, state ON, committedState UNKNOWN, owner com.oculus.vrshell (uid 10053), frameRateOverride , brightnessMinimum 0.0, brightnessMaximum 0.0, brightnessDefault 0.0, hdrSdrRatio NaN, FLAG_PRIVATE, FLAG_NEVER_BLANK, FLAG_OWN_CONTENT_ONLY, installOrientation 0, displayShape DisplayShape{ spec=854794591 displayWidth=550 displayHeight=60 physicalPixelDisplaySizeRatio=1.0 rotation=0 offsetX=0 offsetY=0 scale=1.0}}
12-08 12:18:51.297 V/WindowManager( 2051): Queueing transition: TransitionRecord{420eb66 id=-1 type=TO_BACK flags=0x0}
12-08 12:18:51.298 I/LogicalDisplayMapper( 2051): Removing display: 126
12-08 12:18:51.298 I/SpatialWindowResourceService( 2051): setWindowFrameRate() token: horizonos.view.VolumetricWindowToken$InternalVolumetricToken@30fedc4 framerate: 1.0
12-08 12:18:51.298 I/SpatialWindowResourceService( 2051): setWindowUserPerceivedState(): Setting Application State:ComponentInfo{com.example.moonlight_spatialsdk/com.example.moonlight_spatialsdk.PancakeActivity} ProcessName:com.example.moonlight_spatialsdk PerceptionState:(old):CRITICAL_PERCEPTION->(new):NO_PERCEPTION
12-08 12:18:51.298 D/IPCService( 4168): Sending command prefix: layerVisib to token: VolumetricWindowToken { scope = 1, token = android.os.BinderProxy@b1dddf5, persistableToken = 98d83c5b-1b66-468f-9dd3-fc0e49c83941 } shellSate: true
12-08 12:18:51.298 D/[UNSET] ShellApplication( 4168): Sending command: layerVisibility controlbar13 0 831412596645312614 to panelId 16
12-08 12:18:51.300 W/system_server( 2051): Binder 0xb40000741731daf0 destroyed after setInheritRt before being parceled.
12-08 12:18:51.300 I/.oculus.vrshell( 4168): Method exceeds compiler instruction limit: 18146 in java.lang.Object kotlin.coroutines.jvm.internal.BaseContinuationImpl.invokeSuspend(java.lang.Object)
12-08 12:18:51.302 D/[UNSET] ShellApplication( 4168): Updating window drawn state: false for panelId 64
12-08 12:18:51.302 I/VD628x  (  871): Flicker results: freq 762.627808, max 840.235840, dcr 70.673019, pct 0.001974, idx 0.001185, conf 0.001845, snr -27.137531, svm 0.000000, sus 2
12-08 12:18:51.305 I/Tracking( 1772): CONSTELLATION_Right: [Throttled count=24] P+C Right: Applying Consistent Zero Velocity Update during slow motion.
12-08 12:18:51.308 W/surfaceflinger( 2437): Binder 0xb400007510457e70 destroyed after setInheritRt before being parceled.
12-08 12:18:51.308 W/surfaceflinger( 2437): Binder 0xb400007510457ff8 destroyed after setInheritRt before being parceled.
12-08 12:18:51.308 W/surfaceflinger( 2437): Binder 0xb400007526ae0488 destroyed after setInheritRt before being parceled.
12-08 12:18:51.308 W/surfaceflinger( 2437): Binder 0xb400007526bfa410 destroyed after setInheritRt before being parceled.
12-08 12:18:51.309 I/InputManager( 2051): Not applying additional properties for display 126 because the pointer is currently targeting display 0.
12-08 12:18:51.313 W/Adreno-AppProfiles( 6741): Could not find QSPM HAL service. Skipping adreno profile processing.
12-08 12:18:51.313 I/DesktopSignalController( 2051): Desktop visibility changed: false
12-08 12:18:51.313 I/ResourceProtectionService( 2051): Processing desktop visibility change: false
12-08 12:18:51.314 I/AdrenoVK-0( 6741): ===== BEGIN DUMP OF OVERRIDDEN SETTINGS =====
12-08 12:18:51.314 I/AdrenoVK-0( 6741): ===== END DUMP OF OVERRIDDEN SETTINGS =====
12-08 12:18:51.315 I/AdrenoVK-0( 6741): QUALCOMM build          : 5eb6d58341, Icac217ebc7
12-08 12:18:51.315 I/AdrenoVK-0( 6741): Build Date              : 11/10/25
12-08 12:18:51.315 I/AdrenoVK-0( 6741): Shader Compiler Version : E031.50.14.00
12-08 12:18:51.315 I/AdrenoVK-0( 6741): Local Branch            : 
12-08 12:18:51.315 I/AdrenoVK-0( 6741): Remote Branch           : refs/tags/AU_LINUX_ANDROID_LA.VENDOR.12.3.11.00.00.934.442
12-08 12:18:51.315 I/AdrenoVK-0( 6741): Remote Branch           : NONE
12-08 12:18:51.315 I/AdrenoVK-0( 6741): Reconstruct Branch      : NOTHING
12-08 12:18:51.315 I/AdrenoVK-0( 6741): Build Config            : S P 12.1.6 AArch64
12-08 12:18:51.315 I/AdrenoVK-0( 6741): Driver Path             : /vendor/lib64/hw/vulkan.adreno.so
12-08 12:18:51.315 I/AdrenoVK-0( 6741): Driver Version          : 0837.0.6
12-08 12:18:51.315 I/AdrenoVK-0( 6741): PFP                     : 0x01511181
12-08 12:18:51.315 I/AdrenoVK-0( 6741): ME                      : 0x00000000
12-08 12:18:51.315 I/AdrenoVK-0( 6741): Application Name    : Aether Application
12-08 12:18:51.315 I/AdrenoVK-0( 6741): Process Name        : com.example.moonlight_spatialsdk
12-08 12:18:51.315 I/AdrenoVK-0( 6741): Application Version : 0x00000000
12-08 12:18:51.315 I/AdrenoVK-0( 6741): Engine Name         : Meta Horizon Engine
12-08 12:18:51.315 I/AdrenoVK-0( 6741): Engine Version      : 0x00000001
12-08 12:18:51.315 I/AdrenoVK-0( 6741): Api Version         : 0x00402000
12-08 12:18:51.315 I/VulkanLoader( 6741): ovrVulkanLoader::Load
12-08 12:18:51.315 W/VulkanLoader( 6741): VulkanLoader::LoadInstanceFunctions: Failed to load vkCreateDebugReportCallbackEXT, likely vkInstance created without xrGetVulkanInstanceExtensionsKHR/vrapi_GetInstanceExtensionsVulkan
12-08 12:18:51.315 W/VulkanLoader( 6741): VulkanLoader::LoadInstanceFunctions: Failed to load vkCreateDebugUtilsMessengerEXT, likely vkInstance created without xrGetVulkanInstanceExtensionsKHR/vrapi_GetInstanceExtensionsVulkan
12-08 12:18:51.315 W/VulkanLoader( 6741): VulkanLoader::LoadInstanceFunctions: Failed to load vkDestroyDebugReportCallbackEXT, likely vkInstance created without xrGetVulkanInstanceExtensionsKHR/vrapi_GetInstanceExtensionsVulkan
12-08 12:18:51.315 W/VulkanLoader( 6741): VulkanLoader::LoadInstanceFunctions: Failed to load vkDestroyDebugUtilsMessengerEXT, likely vkInstance created without xrGetVulkanInstanceExtensionsKHR/vrapi_GetInstanceExtensionsVulkan
12-08 12:18:51.315 W/VulkanLoader( 6741): VulkanLoader::LoadInstanceFunctions: Failed to load vkGetPhysicalDeviceSurfaceCapabilities2KHR, likely vkInstance created without xrGetVulkanInstanceExtensionsKHR/vrapi_GetInstanceExtensionsVulkan
12-08 12:18:51.315 W/VulkanLoader( 6741): ovrVulkanLoader::LoadDeviceFunctions: device invalid
12-08 12:18:51.315 W/VulkanLoader( 6741): ovrVulkanLoader::LoadExtensionList: physicalDevice invalid
12-08 12:18:51.315 I/Vulkan_Utils( 6741): --------------------------------
12-08 12:18:51.315 I/Vulkan_Utils( 6741): Device Name          : Adreno (TM) 740
12-08 12:18:51.315 I/Vulkan_Utils( 6741): Device Type          : integrated GPU
12-08 12:18:51.315 I/Vulkan_Utils( 6741): Vendor ID            : 0x5143
12-08 12:18:51.315 I/Vulkan_Utils( 6741): Device ID            : 0x43050B00
12-08 12:18:51.315 I/Vulkan_Utils( 6741): Driver Version       : 512.837.6
12-08 12:18:51.315 I/Vulkan_Utils( 6741): API Version          : 1.3.295
12-08 12:18:51.315 I/Vulkan_Utils( 6741): Queue Families       : 0 = graphics compute transfer (4 queues, 4 priorities)
12-08 12:18:51.315 I/Vulkan_Utils( 6741):                        1 = (1 queues, 4 priorities)
12-08 12:18:51.315 I/Vulkan_Utils( 6741): Work Queue Family    : 0
12-08 12:18:51.316 I/[SEO] PanelAppHost( 4168): Setting panel layer visibility of layer "controlbar13" to invisible, panel (panelId:16) (com.oculus.vrshell/com.oculus.panelapp.controlbar.UnifiedControlBarActivity)
12-08 12:18:51.316 I/Vulkan_Utils( 6741): Device Extensions    : VK_KHR_swapchain (required, enabled)
12-08 12:18:51.316 I/Vulkan_Utils( 6741):                        VK_KHR_external_memory (required, enabled)
12-08 12:18:51.316 I/Vulkan_Utils( 6741):                        VK_KHR_get_memory_requirements2 (required, enabled)
12-08 12:18:51.316 I/Vulkan_Utils( 6741):                        VK_ANDROID_external_memory_android_hardware_buffer (required, enabled)
12-08 12:18:51.316 I/Vulkan_Utils( 6741):                        VK_EXT_queue_family_foreign (required, enabled)
12-08 12:18:51.316 I/Vulkan_Utils( 6741): Device Extensions      VK_EXT_fragment_density_map (optional, enabled)
12-08 12:18:51.316 I/Vulkan_Utils( 6741):                        VK_EXT_fragment_density_map2 (optional, enabled)
12-08 12:18:51.316 I/Vulkan_Utils( 6741):                        VK_KHR_maintenance1 (optional, enabled)
12-08 12:18:51.316 I/Vulkan_Utils( 6741):                        VK_KHR_bind_memory2 (optional, enabled)
12-08 12:18:51.316 I/Vulkan_Utils( 6741):                        VK_KHR_sampler_ycbcr_conversion (optional, enabled)
12-08 12:18:51.316 I/Vulkan_Utils( 6741):                        VK_KHR_dedicated_allocation (optional, enabled)
12-08 12:18:51.316 I/Vulkan_Utils( 6741):                        VK_KHR_external_memory_fd (optional, enabled)
12-08 12:18:51.316 I/Vulkan_Utils( 6741):                        VK_EXT_extended_dynamic_state (optional, enabled)
12-08 12:18:51.316 I/Vulkan_Utils( 6741):                        VK_KHR_shared_presentable_image (optional, enabled)
12-08 12:18:51.316 I/Vulkan_Utils( 6741):                        VK_KHR_timeline_semaphore (optional, enabled)
12-08 12:18:51.316 D/IPCService( 4168): Sending command prefix: layerClipp to token: VolumetricWindowToken { scope = 2, token = android.os.BinderProxy@7432f8d, persistableToken = 98d83c5b-1b66-468f-9dd3-fc0e49c83941 } shellSate: true
12-08 12:18:51.316 D/[UNSET] ShellApplication( 4168): Sending command: layerClipping {"layerName":"controlbar13","u":0.0,"v":0.0,"width":1.0,"height":1.0} to panelId 16
12-08 12:18:51.325 I/HorizonStandalone( 6741): Renderer: RendererValidation Successfully created renderer device
12-08 12:18:51.326 I/HorizonStandalone( 6741): Renderer: Renderer deviceName='Adreno (TM) 740' deviceType=1 driver='512.837.6'
12-08 12:18:51.326 W/OpenXR  ( 6741): xrGetVulkanGraphicsDevice2KHR: Called twice.
12-08 12:18:51.326 I/VulkanLoader( 6741): ovrVulkanLoader::Load
12-08 12:18:51.326 W/VulkanLoader( 6741): VulkanLoader::LoadInstanceFunctions: Failed to load vkCreateDebugReportCallbackEXT, likely vkInstance created without xrGetVulkanInstanceExtensionsKHR/vrapi_GetInstanceExtensionsVulkan
12-08 12:18:51.326 W/VulkanLoader( 6741): VulkanLoader::LoadInstanceFunctions: Failed to load vkCreateDebugUtilsMessengerEXT, likely vkInstance created without xrGetVulkanInstanceExtensionsKHR/vrapi_GetInstanceExtensionsVulkan
12-08 12:18:51.326 W/VulkanLoader( 6741): VulkanLoader::LoadInstanceFunctions: Failed to load vkDestroyDebugReportCallbackEXT, likely vkInstance created without xrGetVulkanInstanceExtensionsKHR/vrapi_GetInstanceExtensionsVulkan
12-08 12:18:51.326 W/VulkanLoader( 6741): VulkanLoader::LoadInstanceFunctions: Failed to load vkDestroyDebugUtilsMessengerEXT, likely vkInstance created without xrGetVulkanInstanceExtensionsKHR/vrapi_GetInstanceExtensionsVulkan
12-08 12:18:51.326 W/VulkanLoader( 6741): VulkanLoader::LoadInstanceFunctions: Failed to load vkGetPhysicalDeviceSurfaceCapabilities2KHR, likely vkInstance created without xrGetVulkanInstanceExtensionsKHR/vrapi_GetInstanceExtensionsVulkan
12-08 12:18:51.326 W/VulkanLoader( 6741): ovrVulkanLoader::LoadDeviceFunctions: device invalid
12-08 12:18:51.326 W/VulkanLoader( 6741): ovrVulkanLoader::LoadExtensionList: physicalDevice invalid
12-08 12:18:51.326 I/Vulkan_Utils( 6741): --------------------------------
12-08 12:18:51.326 I/Vulkan_Utils( 6741): Device Name          : Adreno (TM) 740
12-08 12:18:51.326 I/Vulkan_Utils( 6741): Device Type          : integrated GPU
12-08 12:18:51.326 I/Vulkan_Utils( 6741): Vendor ID            : 0x5143
12-08 12:18:51.326 I/Vulkan_Utils( 6741): Device ID            : 0x43050B00
12-08 12:18:51.326 I/Vulkan_Utils( 6741): Driver Version       : 512.837.6
12-08 12:18:51.326 I/Vulkan_Utils( 6741): API Version          : 1.3.295
12-08 12:18:51.326 I/Vulkan_Utils( 6741): Queue Families       : 0 = graphics compute transfer (4 queues, 4 priorities)
12-08 12:18:51.326 I/Vulkan_Utils( 6741):                        1 = (1 queues, 4 priorities)
12-08 12:18:51.326 I/Vulkan_Utils( 6741): Work Queue Family    : 0
12-08 12:18:51.326 I/Vulkan_Utils( 6741): Device Extensions    : VK_KHR_swapchain (required, enabled)
12-08 12:18:51.326 I/Vulkan_Utils( 6741):                        VK_KHR_external_memory (required, enabled)
12-08 12:18:51.326 I/Vulkan_Utils( 6741):                        VK_KHR_get_memory_requirements2 (required, enabled)
12-08 12:18:51.326 I/Vulkan_Utils( 6741):                        VK_ANDROID_external_memory_android_hardware_buffer (required, enabled)
12-08 12:18:51.326 I/Vulkan_Utils( 6741):                        VK_EXT_queue_family_foreign (required, enabled)
12-08 12:18:51.326 I/Vulkan_Utils( 6741): Device Extensions      VK_EXT_fragment_density_map (optional, enabled)
12-08 12:18:51.326 I/Vulkan_Utils( 6741):                        VK_EXT_fragment_density_map2 (optional, enabled)
12-08 12:18:51.326 I/Vulkan_Utils( 6741):                        VK_KHR_maintenance1 (optional, enabled)
12-08 12:18:51.326 I/Vulkan_Utils( 6741):                        VK_KHR_bind_memory2 (optional, enabled)
12-08 12:18:51.326 I/Vulkan_Utils( 6741):                        VK_KHR_sampler_ycbcr_conversion (optional, enabled)
12-08 12:18:51.326 I/Vulkan_Utils( 6741):                        VK_KHR_dedicated_allocation (optional, enabled)
12-08 12:18:51.326 I/Vulkan_Utils( 6741):                        VK_KHR_external_memory_fd (optional, enabled)
12-08 12:18:51.326 I/Vulkan_Utils( 6741):                        VK_EXT_extended_dynamic_state (optional, enabled)
12-08 12:18:51.326 I/Vulkan_Utils( 6741):                        VK_KHR_shared_presentable_image (optional, enabled)
12-08 12:18:51.326 I/Vulkan_Utils( 6741):                        VK_KHR_timeline_semaphore (optional, enabled)
12-08 12:18:51.326 I/OpenXR  ( 6741): ------------ xrCreateSession [start] -----------
12-08 12:18:51.326 I/VrRuntimeClient( 6741): VrRuntimeClient(): 0xb40000736dda0f80
12-08 12:18:51.326 I/JniUtils-inl( 6741): Creating temporary JNIEnv. This is a heavy operation and should be infrequent. To optimize, use JNI AttachCurrentThread on calling thread
12-08 12:18:51.327 I/JVMHandler( 6741): JVMHandler: callStaticMethodWithVariableArguments. [functionName:getDisplayID] is valid: [1]
12-08 12:18:51.333 D/CompatibilityChangeReporter( 6741): Compat change id reported: 263076149; UID 10177; state: ENABLED
12-08 12:18:51.337 I/JVMHandler( 6741): JVMHandler: callStaticMethodWithVariableArguments. [functionName:getUUIDforVolumetricWindow] is valid: [1]
12-08 12:18:51.337 I/JVMHandler( 6741): JVMHandler: callStaticMethodWithVariableArguments. [functionName:getLaunchId] is valid: [1]
12-08 12:18:51.340 W/SensorControl( 1772): No exposure settings will be updated on slot idx: 3 because exposure/gain changes are too small or identical.
12-08 12:18:51.343 W/VrRuntimeClient( 6741): Failed to call getLaunchId
12-08 12:18:51.343 I/VrRuntimeClient( 6741): s_->rssdkClient.InitClient
12-08 12:18:51.343 I/RuntimeIPCSystem [RUNTIMEIPC]( 6741): RuntimeIPCSystem: Init called: Version: 81, Platform: Android, Build Date: Dec  7 2025, Build Time: 14:26:30, BuildMode: shared
12-08 12:18:51.344 I/RuntimeIpcHelperService( 2051): Going to start ComponentInfo{com.oculus.systemdriver/com.oculus.vrruntimeservice.VrRuntimeService} as foreground, Calling uid: 10177 pid: 6741
12-08 12:18:51.346 I/RuntimeIpcHelperService( 2051): Going to start ComponentInfo{com.oculus.systemdriver/com.oculus.vrruntimeservice.VrRuntimeService} as foreground, Calling uid: 10177 pid: 6741
12-08 12:18:51.349 I/RipcServerClientHandler [RUNTIMEIPC]( 3567): Event buffer size (server): 8192
12-08 12:18:51.349 I/RipcServerMgr [RUNTIMEIPC]( 3567): HandleClientConnect SUCCESS: Client: com.example.moonlight_spatialsdk:com.example.moonlight_spatialsdk:6741:VrRuntimeClient-1, Server: com.oculus.systemdriver:com.oculus.vrruntimeservice (RuntimeServiceServer)
12-08 12:18:51.349 I/RipcClient [RUNTIMEIPC]( 6741): Event buffer size (client): 8192
12-08 12:18:51.350 I/RipcClient [RUNTIMEIPC]( 6741): TryToGetIPCResourcesFromServer: RPC_CONNECTOR_CONNECT_TO_SERVER SUCCESS: Client: com.example.moonlight_spatialsdk:com.example.moonlight_spatialsdk:6741, Server: com.oculus.systemdriver:com.oculus.vrruntimeservice:0 (RuntimeServiceServer), Version: 81, Platform: Android, Build Date: Dec  7 2025, Build Time: 14:26:30, BuildMode: shared
12-08 12:18:51.350 I/RipcClient [RUNTIMEIPC]( 6741): EnsureServerConnection: SUCCESS. Client: com.example.moonlight_spatialsdk:com.example.moonlight_spatialsdk:6741, Server: com.oculus.systemdriver:com.oculus.vrruntimeservice:0 (RuntimeServiceServer)
12-08 12:18:51.350 I/RipcClient [RUNTIMEIPC]( 6741): [RIPC_CONNECT_LOG] ConnectToServer: SUCCESS: Client: com.example.moonlight_spatialsdk:com.example.moonlight_spatialsdk:6741, Server: com.oculus.systemdriver:com.oculus.vrruntimeservice:0 (RuntimeServiceServer)
12-08 12:18:51.350 I/VrRuntimeClient( 6741): s_->rssdkClient.Connected: com.oculus.systemdriver:com.oculus.vrruntimeservice
12-08 12:18:51.350 I/VrRuntimeClient( 6741): RegisterClient RequestDescriptor com.example.moonlight_spatialsdk:6741 clientType 0 clientFlags 0 clientSessionPlacement 0 clientLaunchId 
12-08 12:18:51.350 W/REFLECT [RUNTIMEIPC]( 3567): Disabling all permissions (ONLY USE IN TESTS): 1693595735:com.example.moonlight_spatialsdk/com.example.moonlight_spatialsdk (10177:6741), mask: 11111111111111111111111111111111
12-08 12:18:51.350 I/VrRuntimeService( 3567): RuntimeIPC: IPC_SYSTEM_EVENT_CLIENT_CONNECTED_EXT: com.example.moonlight_spatialsdk:6741 VrRuntimeClient-1, Version: 5.0, Custom: 1.0
12-08 12:18:51.350 I/VrRuntimeService( 3567): RuntimeIPC: SendFocusChangeEvent: PostClientEvent SUCCESS: com.example.moonlight_spatialsdk:com.example.moonlight_spatialsdk:6741, com.oculus.vrshell, com.oculus.vrshell
12-08 12:18:51.350 I/VrRuntimeService( 3567): RuntimeServiceSDKServer::RegisterClient: packageName com.example.moonlight_spatialsdk clientName VrRuntimeClient-1 clientType 0 clientFlags 0 sessionPlacement 0 RequestDescriptor com.example.moonlight_spatialsdk:6741 uid 10177, pid 6741 ProcessName com.example.moonlight_spatialsdk RIPC clientId 1693595735 (0x64f23857) clientLaunchId []
12-08 12:18:51.350 I/JVMHandler( 3567): JVMHandler: callStaticMethodWithVariableArguments. [functionName:isSignatureValid] is valid: [1]
12-08 12:18:51.350 I/ClientMgr@( 3567): IsTrustedClient( com.example.moonlight_spatialsdk )= false true
12-08 12:18:51.350 I/ClientMgr( 3567): CreateClient: com.example.moonlight_spatialsdk has default permissions
12-08 12:18:51.350 I/JVMHandler( 3567): JVMHandler: callStaticMethodWithVariableArguments. [functionName:checkPackageHasPermissionGranted] is valid: [1]
12-08 12:18:51.351 I/libcamerahal(  873): [INSIGHTS][2.02s] recv/ret/req heartbeat: cam4: 145/145/145, cam5: 145/145/145
12-08 12:18:51.351 I/ClientMgr( 3567): CreateClient: 6741:com.example.moonlight_spatialsdk:VrRuntimeClient-1
12-08 12:18:51.351 I/JVMHandler( 3567): JVMHandler: callStaticMethodWithVariableArguments. [functionName:isClientOsDialog] is valid: [1]
12-08 12:18:51.351 I/CompositorClientManager( 3567): CompositorClientManager::RegisterClient 20
12-08 12:18:51.351 I/CompositorServer( 3567): RegisterCompositorClient client(20)
12-08 12:18:51.351 I/ClientMgr( 3567): SharedMemoryDebug: InitResources MapMemory (VrRuntimeService_PrivateReadWrite_VrRuntimeClient-1_com.example.moonlight_spatialsdk) size = 425704 ; flags = 3
12-08 12:18:51.351 I/SharedMemoryServer( 3567): SharedMemoryArena::create: SharedMemoryDebug: Allocated shared memory fd 960 (VrRuntimeService_PrivateReadWrite_VrRuntimeClient-1_com.example.moonlight_spatialsdk) (size: 425704)
12-08 12:18:51.352 I/ServiceInputManager( 3567): HANDTRACKING Initial input state override: 0
12-08 12:18:51.352 I/ClientList( 3567): AddClient: com.example.moonlight_spatialsdk:com.example.moonlight_spatialsdk:6741
