12-08 12:18:51.050 D/nativeloader( 6741): Configuring clns-shared-8 for other apk /apex/com.meta.xr/priv-app/VrDriver/VrDriver.apk. target_sdk_version=24, uses_libraries=, library_path=/apex/com.meta.xr/priv-app/VrDriver/lib/arm64:/apex/com.meta.xr/priv-app/VrDriver/VrDriver.apk!/lib/arm64-v8a:/system/lib64:/system_ext/lib64:/apex/com.meta.xr/priv-app/VrDriver/VrDriver.apk!/lib/arm64-v8a, permitted_path=/data:/mnt/expand::/apex/com.meta.xr/priv-app/VrDriver:/system/lib64:/system_ext/lib64
12-08 12:18:51.050 D/nativeloader( 6741): Extending system_exposed_libraries: libhzos.meta.so:libhzos_featurejournal.meta.so:libhzos_gaze.meta.so:libhzos_orthofit.meta.so:libhzos_reportstatsevent.meta.so:libhzos_spaces.meta.so:libhzos_trackedinput.meta.so:libhzos_trackingclient.meta.so:libaudiotapper.oculus.so:libcalibrationmanager.oculus.so:libheadtracker.oculus.so:libinstsamp.oculus.so:libossdk.oculus.so:libparfait.oculus.so:libripcclient.oculus.so:libripcmanager.oculus.so:libsystemsensoraccess.oculus.so:libappsensoraccess.oculus.so:libOVRMrcLib.oculus.so:libxrstreaminghost.oculus.so
12-08 12:18:51.050 I/AppsFilter( 2051): interaction: PackageSetting{ce039ec com.example.moonlight_spatialsdk/10177} -> PackageSetting{6ea961f com.oculus.avatareditor/10085} BLOCKED
12-08 12:18:51.050 I/AppsFilter( 2051): interaction: PackageSetting{ce039ec com.example.moonlight_spatialsdk/10177} -> PackageSetting{6998d6c com.oculus.updater/10075} BLOCKED
12-08 12:18:51.050 I/AppsFilter( 2051): interaction: PackageSetting{ce039ec com.example.moonlight_spatialsdk/10177} -> PackageSetting{5b63ca com.sulivan.voicechat/10167} BLOCKED
12-08 12:18:51.050 I/AppsFilter( 2051): interaction: PackageSetting{ce039ec com.example.moonlight_spatialsdk/10177} -> PackageSetting{6004f35 com.Norainu.MetacityPatrol/10168} BLOCKED
12-08 12:18:51.050 I/AppsFilter( 2051): interaction: PackageSetting{ce039ec com.example.moonlight_spatialsdk/10177} -> PackageSetting{e420fca com.oculus.magicislandcastingservice/10059} BLOCKED
12-08 12:18:51.050 I/AppsFilter( 2051): interaction: PackageSetting{ce039ec com.example.moonlight_spatialsdk/10177} -> PackageSetting{32c753b com.oculus.captionservice/10076} BLOCKED
12-08 12:18:51.050 I/AppsFilter( 2051): interaction: PackageSetting{ce039ec com.example.moonlight_spatialsdk/10177} -> PackageSetting{c481458 com.meta.rl.trust.service/10080} BLOCKED
12-08 12:18:51.050 I/AppsFilter( 2051): interaction: PackageSetting{ce039ec com.example.moonlight_spatialsdk/10177} -> PackageSetting{4f3a9b1 com.ubisoft.StarTrekTNG/10156} BLOCKED
12-08 12:18:51.050 I/AppsFilter( 2051): interaction: PackageSetting{ce039ec com.example.moonlight_spatialsdk/10177} -> PackageSetting{9595e96 com.tripp.tripp_client_unity/10169} BLOCKED
12-08 12:18:51.050 I/AppsFilter( 2051): interaction: PackageSetting{ce039ec com.example.moonlight_spatialsdk/10177} -> PackageSetting{3e32a17 com.facebook.horizon/10118} BLOCKED
12-08 12:18:51.050 I/AppsFilter( 2051): interaction: PackageSetting{ce039ec com.example.moonlight_spatialsdk/10177} -> PackageSetting{3561e04 com.oculus.browser/10101} BLOCKED
12-08 12:18:51.050 I/AppsFilter( 2051): interaction: PackageSetting{ce039ec com.example.moonlight_spatialsdk/10177} -> PackageSetting{3e82fed com.android.htmlviewer/10031} BLOCKED
12-08 12:18:51.050 I/AppsFilter( 2051): interaction: PackageSetting{ce039ec com.example.moonlight_spatialsdk/10177} -> PackageSetting{a3a3f4 com.whatsapp/10114} BLOCKED
12-08 12:18:51.050 I/AppsFilter( 2051): interaction: PackageSetting{ce039ec com.example.moonlight_spatialsdk/10177} -> PackageSetting{8e650b3 com.oculus.cvp/10094} BLOCKED
12-08 12:18:51.050 I/AppsFilter( 2051): interaction: PackageSetting{ce039ec com.example.moonlight_spatialsdk/10177} -> PackageSetting{4191670 com.oculus.systemintelligence/10153} BLOCKED
12-08 12:18:51.050 I/AppsFilter( 2051): interaction: PackageSetting{ce039ec com.example.moonlight_spatialsdk/10177} -> PackageSetting{e24dde9 com.meta.curio.toybox/10117} BLOCKED
12-08 12:18:51.050 I/AppsFilter( 2051): interaction: PackageSetting{ce039ec com.example.moonlight_spatialsdk/10177} -> PackageSetting{c85aa6e com.meta.shell.env.vista.focused/10166} BLOCKED
12-08 12:18:51.050 I/AppsFilter( 2051): interaction: PackageSetting{ce039ec com.example.moonlight_spatialsdk/10177} -> PackageSetting{deb450f com.meta.curio.ruler/10111} BLOCKED
12-08 12:18:51.050 I/AppsFilter( 2051): interaction: PackageSetting{ce039ec com.example.moonlight_spatialsdk/10177} -> PackageSetting{4d1299c com.oculus.accountscenter/10107} BLOCKED
12-08 12:18:51.051 I/AppsFilter( 2051): interaction: PackageSetting{ce039ec com.example.moonlight_spatialsdk/10177} -> PackageSetting{59e482c com.oculus.identitymanagement.service/10063} BLOCKED
12-08 12:18:51.051 I/AppsFilter( 2051): interaction: PackageSetting{ce039ec com.example.moonlight_spatialsdk/10177} -> PackageSetting{2646fa5 com.TacticalNounours.QuantumVoid/10143} BLOCKED
12-08 12:18:51.051 I/AppsFilter( 2051): interaction: PackageSetting{ce039ec com.example.moonlight_spatialsdk/10177} -> PackageSetting{d65ff7a VirtualDesktop.Android/10161} BLOCKED
12-08 12:18:51.051 I/AppsFilter( 2051): interaction: PackageSetting{ce039ec com.example.moonlight_spatialsdk/10177} -> PackageSetting{aa1232b com.oculus.loneechoavalanche/10165} BLOCKED
12-08 12:18:51.051 I/AppsFilter( 2051): interaction: PackageSetting{ce039ec com.example.moonlight_spatialsdk/10177} -> PackageSetting{d954388 com.oculus.settings.rro/10119} BLOCKED
12-08 12:18:51.051 I/AppsFilter( 2051): interaction: PackageSetting{ce039ec com.example.moonlight_spatialsdk/10177} -> PackageSetting{6516121 com.meta.AccountsCenter.pwa/10098} BLOCKED
12-08 12:18:51.051 I/AppsFilter( 2051): interaction: PackageSetting{ce039ec com.example.moonlight_spatialsdk/10177} -> PackageSetting{cc49946 com.oculus.facebook/10113} BLOCKED
12-08 12:18:51.051 I/AppsFilter( 2051): interaction: PackageSetting{ce039ec com.example.moonlight_spatialsdk/10177} -> PackageSetting{88cc707 com.meta.android.rro/10001} BLOCKED
12-08 12:18:51.051 I/AppsFilter( 2051): interaction: PackageSetting{ce039ec com.example.moonlight_spatialsdk/10177} -> PackageSetting{eff1034 com.oculus.integrity/10051} BLOCKED
12-08 12:18:51.051 I/AppsFilter( 2051): interaction: PackageSetting{ce039ec com.example.moonlight_spatialsdk/10177} -> PackageSetting{5c1ee5d com.android.connectivity.resources/10008} BLOCKED
12-08 12:18:51.051 I/AppsFilter( 2051): interaction: PackageSetting{ce039ec com.example.moonlight_spatialsdk/10177} -> PackageSetting{32103d2 com.android.modulemetadata/10040} BLOCKED
12-08 12:18:51.051 I/AppsFilter( 2051): interaction: PackageSetting{ce039ec com.example.moonlight_spatialsdk/10177} -> PackageSetting{aa4cca3 com.twistedpixelgames.PILO/10175} BLOCKED
12-08 12:18:51.051 I/AppsFilter( 2051): interaction: PackageSetting{ce039ec com.example.moonlight_spatialsdk/10177} -> PackageSetting{796fba0 al.quest.pickleball.forfunlabs/10172} BLOCKED
12-08 12:18:51.051 I/AppsFilter( 2051): interaction: PackageSetting{ce039ec com.example.moonlight_spatialsdk/10177} -> PackageSetting{9b41359 com.oculus.panelapp.kiosk/10038} BLOCKED
12-08 12:18:51.051 I/AppsFilter( 2051): interaction: PackageSetting{ce039ec com.example.moonlight_spatialsdk/10177} -> PackageSetting{f678b1e com.oculus.panelapp.settings/10079} BLOCKED
12-08 12:18:51.051 I/AppsFilter( 2051): interaction: PackageSetting{ce039ec com.example.moonlight_spatialsdk/10177} -> PackageSetting{2ad8fff com.oculus.systemutilities/10048} BLOCKED
12-08 12:18:51.051 I/AppsFilter( 2051): interaction: PackageSetting{ce039ec com.example.moonlight_spatialsdk/10177} -> PackageSetting{40031cc com.CortopiaStudios.Graves/10145} BLOCKED
12-08 12:18:51.051 I/AppsFilter( 2051): interaction: PackageSetting{ce039ec com.example.moonlight_spatialsdk/10177} -> PackageSetting{3098c15 com.oculus.firsttimenux/10034} BLOCKED
12-08 12:18:51.051 I/AppsFilter( 2051): interaction: PackageSetting{ce039ec com.example.moonlight_spatialsdk/10177} -> PackageSetting{fd3b2a com.oculus.store/10088} BLOCKED
12-08 12:18:51.051 I/AppsFilter( 2051): interaction: PackageSetting{ce039ec com.example.moonlight_spatialsdk/10177} -> PackageSetting{552d1b com.meta.samples.NorthStar/10149} BLOCKED
12-08 12:18:51.051 I/AppsFilter( 2051): interaction: PackageSetting{ce039ec com.example.moonlight_spatialsdk/10177} -> PackageSetting{5e49eb8 com.oculus.socialplatform/10103} BLOCKED
12-08 12:18:51.051 I/AppsFilter( 2051): interaction: PackageSetting{ce039ec com.example.moonlight_spatialsdk/10177} -> PackageSetting{503d491 com.oculus.horizonmediaplayer/10108} BLOCKED
12-08 12:18:51.051 I/AppsFilter( 2051): interaction: PackageSetting{ce039ec com.example.moonlight_spatialsdk/10177} -> PackageSetting{68bdff6 com.android.webview/10042} BLOCKED
12-08 12:18:51.051 I/AppsFilter( 2051): interaction: PackageSetting{ce039ec com.example.moonlight_spatialsdk/10177} -> PackageSetting{60f7ff7 com.oculus.vrprivacycheckup/10110} BLOCKED
12-08 12:18:51.051 I/AppsFilter( 2051): interaction: PackageSetting{ce039ec com.example.moonlight_spatialsdk/10177} -> PackageSetting{da0ee64 com.meta.shell.env.vista.central/10160} BLOCKED
12-08 12:18:51.051 I/AppsFilter( 2051): interaction: PackageSetting{ce039ec com.example.moonlight_spatialsdk/10177} -> PackageSetting{b8028cd com.oculus.panelapp.library/10049} BLOCKED
12-08 12:18:51.051 I/AppsFilter( 2051): interaction: PackageSetting{ce039ec com.example.moonlight_spatialsdk/10177} -> PackageSetting{d8e0582 horizon.platform.providers/10137} BLOCKED
12-08 12:18:51.051 I/AppsFilter( 2051): interaction: PackageSetting{ce039ec com.example.moonlight_spatialsdk/10177} -> PackageSetting{fb22493 com.oculus.systemresource/10097} BLOCKED
12-08 12:18:51.051 D/nativeloader( 6741): InitApexLibraries:
12-08 12:18:51.051 D/nativeloader( 6741):   com_android_adservices: libhpke_jni.so:libtflite_support_classifiers_native.so
12-08 12:18:51.051 D/nativeloader( 6741):   com_android_appsearch: libicing.so
12-08 12:18:51.051 D/nativeloader( 6741):   com_android_art: libartservice.so
12-08 12:18:51.051 D/nativeloader( 6741):   com_android_btservices: libbluetooth_jni.so
12-08 12:18:51.051 D/nativeloader( 6741):   com_android_conscrypt: libjavacrypto.so
12-08 12:18:51.051 D/nativeloader( 6741):   com_android_extservices: libhpke_jni.so:libtflite_support_classifiers_native.so
12-08 12:18:51.051 D/nativeloader( 6741):   com_android_os_statsd: libstats_jni.so
12-08 12:18:51.051 D/nativeloader( 6741):   com_android_tethering: libcronet.114.0.5735.84.so:libframework-connectivity-jni.so:libframework-connectivity-tiramisu-jni.so:libandroid_net_connectivity_com_android_net_module_util_jni.so:libservice-connectivity.so
12-08 12:18:51.051 D/nativeloader( 6741):   com_android_uwb: libuwb_uci_jni_rust.so
12-08 12:18:51.051 D/nativeloader( 6741):   com_android_virt: libvirtualizationservice_jni.so:libvirtualmachine_jni.so
12-08 12:18:51.051 D/nativeloader( 6741):   com_meta_xr: libmrservice_plugin.so
12-08 12:18:51.051 I/AppsFilter( 2051): interaction: PackageSetting{ce039ec com.example.moonlight_spatialsdk/10177} -> PackageSetting{2b08cd0 com.microsoft.rdc.androidx/10157} BLOCKED
12-08 12:18:51.051 I/AppsFilter( 2051): interaction: PackageSetting{ce039ec com.example.moonlight_spatialsdk/10177} -> PackageSetting{8f384c9 com.gameboomvr.CookingSimulatorVR/10152} BLOCKED
12-08 12:18:51.051 I/AppsFilter( 2051): interaction: PackageSetting{ce039ec com.example.moonlight_spatialsdk/10177} -> PackageSetting{e9af7ce com.oculus.guardiansetup/10142} BLOCKED
12-08 12:18:51.051 I/AppsFilter( 2051): interaction: PackageSetting{ce039ec com.example.moonlight_spatialsdk/10177} -> PackageSetting{6d076ef com.oculus.hzosgallery/10121} BLOCKED
12-08 12:18:51.051 I/AppsFilter( 2051): interaction: PackageSetting{ce039ec com.example.moonlight_spatialsdk/10177} -> PackageSetting{6d9a5fc horizon.platform.service/10140} BLOCKED
12-08 12:18:51.051 I/AppsFilter( 2051): interaction: PackageSetting{ce039ec com.example.moonlight_spatialsdk/10177} -> PackageSetting{826a485 horizonos.theme.quest.rro/10037} BLOCKED
12-08 12:18:51.051 I/AppsFilter( 2051): interaction: PackageSetting{ce039ec com.example.moonlight_spatialsdk/10177} -> PackageSetting{272c2da com.oculus.os.qrcodereader/10057} BLOCKED
12-08 12:18:51.052 I/AppsFilter( 2051): interaction: PackageSetting{ce039ec com.example.moonlight_spatialsdk/10177} -> PackageSetting{9a6249f com.android.wifi.resources/10003} BLOCKED
12-08 12:18:51.052 I/AppsFilter( 2051): interaction: PackageSetting{ce039ec com.example.moonlight_spatialsdk/10177} -> PackageSetting{d7930b com.meta.mqdh.mqdhservice/10174} BLOCKED
12-08 12:18:51.052 I/AppsFilter( 2051): interaction: PackageSetting{ce039ec com.example.moonlight_spatialsdk/10177} -> PackageSetting{1925e8 com.oculus.systemux/10066} BLOCKED
12-08 12:18:51.052 I/AppsFilter( 2051): interaction: PackageSetting{ce039ec com.example.moonlight_spatialsdk/10177} -> PackageSetting{db20401 com.meta.surfacetypingnux/10151} BLOCKED
12-08 12:18:51.052 I/AppsFilter( 2051): interaction: PackageSetting{ce039ec com.example.moonlight_spatialsdk/10177} -> PackageSetting{bca32a6 com.oculus.oemconfig/10036} BLOCKED
12-08 12:18:51.052 I/AppsFilter( 2051): interaction: PackageSetting{ce039ec com.example.moonlight_spatialsdk/10177} -> PackageSetting{2ea54e7 com.meta.handseducationmodule/10104} BLOCKED
12-08 12:18:51.052 I/AppsFilter( 2051): interaction: PackageSetting{ce039ec com.example.moonlight_spatialsdk/10177} -> PackageSetting{54eb894 com.oculus.remotedesktop/10109} BLOCKED
12-08 12:18:51.052 I/AppsFilter( 2051): interaction: PackageSetting{ce039ec com.example.moonlight_spatialsdk/10177} -> PackageSetting{539df3d com.meta.federatedcomputing.oculus/10067} BLOCKED
12-08 12:18:51.052 I/AppsFilter( 2051): interaction: PackageSetting{ce039ec com.example.moonlight_spatialsdk/10177} -> PackageSetting{1d6d332 com.oculus.q4bservice/10039} BLOCKED
12-08 12:18:51.052 I/AppsFilter( 2051): interaction: PackageSetting{ce039ec com.example.moonlight_spatialsdk/10177} -> PackageSetting{77d5883 com.oculus.guidebook/10099} BLOCKED
12-08 12:18:51.052 I/AppsFilter( 2051): interaction: PackageSetting{ce039ec com.example.moonlight_spatialsdk/10177} -> PackageSetting{9a8ca00 horizonos.supplement.metauniverse.libraryapk/10150} BLOCKED
12-08 12:18:51.052 I/AppsFilter( 2051): interaction: PackageSetting{ce039ec com.example.moonlight_spatialsdk/10177} -> PackageSetting{66a3239 com.oculus.igvr/10116} BLOCKED
12-08 12:18:51.052 I/AppsFilter( 2051): interaction: PackageSetting{ce039ec com.example.moonlight_spatialsdk/10177} -> PackageSetting{79af07e com.oculus.mrds/10087} BLOCKED
12-08 12:18:51.052 I/AppsFilter( 2051): interaction: PackageSetting{ce039ec com.example.moonlight_spatialsdk/10177} -> PackageSetting{1b2f9df com.AnotherAxiom.A2/10070} BLOCKED
12-08 12:18:51.052 I/AppsFilter( 2051): interaction: PackageSetting{ce039ec com.example.moonlight_spatialsdk/10177} -> PackageSetting{2d0862c com.facebook.orca/10112} BLOCKED
12-08 12:18:51.052 I/AppsFilter( 2051): interaction: PackageSetting{ce039ec com.example.moonlight_spatialsdk/10177} -> PackageSetting{db2b8f5 com.facebook.workrooms/10163} BLOCKED
12-08 12:18:51.052 I/AppsFilter( 2051): interaction: PackageSetting{ce039ec com.example.moonlight_spatialsdk/10177} -> PackageSetting{bf1968a quest.eleven.forfunlabs/10171} BLOCKED
12-08 12:18:51.052 I/AppsFilter( 2051): interaction: PackageSetting{ce039ec com.example.moonlight_spatialsdk/10177} -> PackageSetting{a7754fb com.oculus.tv/10091} BLOCKED
12-08 12:18:51.052 I/AppsFilter( 2051): interaction: PackageSetting{ce039ec com.example.moonlight_spatialsdk/10177} -> PackageSetting{5d5d918 com.oculus.panelapp.devicepairing/10138} BLOCKED
12-08 12:18:51.052 I/AppsFilter( 2051): interaction: PackageSetting{ce039ec com.example.moonlight_spatialsdk/10177} -> PackageSetting{4c2ef71 com.oculus.userserver2/10058} BLOCKED
12-08 12:18:51.052 I/AppsFilter( 2051): interaction: PackageSetting{ce039ec com.example.moonlight_spatialsdk/10177} -> PackageSetting{e5a9156 com.netflix.ninja.vr/10006} BLOCKED
12-08 12:18:51.052 I/AppsFilter( 2051): interaction: PackageSetting{ce039ec com.example.moonlight_spatialsdk/10177} -> PackageSetting{35c45d7 com.meta.worlds/10139} BLOCKED
12-08 12:18:51.052 I/AppsFilter( 2051): interaction: PackageSetting{ce039ec com.example.moonlight_spatialsdk/10177} -> PackageSetting{6db6ec4 com.android.bookmarkprovider/10027} BLOCKED
12-08 12:18:51.052 I/AppsFilter( 2051): interaction: PackageSetting{ce039ec com.example.moonlight_spatialsdk/10177} -> PackageSetting{6c611ad com.oculus.guardianresources/10030} BLOCKED
12-08 12:18:51.052 I/AppsFilter( 2051): interaction: PackageSetting{ce039ec com.example.moonlight_spatialsdk/10177} -> PackageSetting{4866ce2 com.oculus.guardian/10073} BLOCKED
12-08 12:18:51.052 I/AppsFilter( 2051): interaction: PackageSetting{ce039ec com.example.moonlight_spatialsdk/10177} -> PackageSetting{b356873 com.oculus.explore/10096} BLOCKED
12-08 12:18:51.052 I/AppsFilter( 2051): interaction: PackageSetting{ce039ec com.example.moonlight_spatialsdk/10177} -> PackageSetting{782b330 com.meta.hpiassets/10155} BLOCKED
12-08 12:18:51.052 I/AppsFilter( 2051): interaction: PackageSetting{ce039ec com.example.moonlight_spatialsdk/10177} -> PackageSetting{2e1bfc com.android.cts.ctsshim/10127} BLOCKED
12-08 12:18:51.052 I/AppsFilter( 2051): interaction: PackageSetting{ce039ec com.example.moonlight_spatialsdk/10177} -> PackageSetting{c5f1ba9 com.oculus.q4b.mdm/10041} BLOCKED
12-08 12:18:51.052 I/AppsFilter( 2051): interaction: PackageSetting{ce039ec com.example.moonlight_spatialsdk/10177} -> PackageSetting{ca2752e com.meta.shell.env.footprint.haven2025/10159} BLOCKED
12-08 12:18:51.052 I/AppsFilter( 2051): interaction: PackageSetting{ce039ec com.example.moonlight_spatialsdk/10177} -> PackageSetting{7418cf Immersed.quest/10162} BLOCKED
12-08 12:18:51.052 I/AppsFilter( 2051): interaction: PackageSetting{ce039ec com.example.moonlight_spatialsdk/10177} -> PackageSetting{17d25c com.oculus.permissioncontroller.rro/10000} BLOCKED
12-08 12:18:51.052 I/AppsFilter( 2051): interaction: PackageSetting{ce039ec com.example.moonlight_spatialsdk/10177} -> PackageSetting{c071a1f com.valinor/10106} BLOCKED
12-08 12:18:51.052 I/AppsFilter( 2051): interaction: PackageSetting{ce039ec com.example.moonlight_spatialsdk/10177} -> PackageSetting{b64c965 com.meta.environment.prod.nuxd/10033} BLOCKED
12-08 12:18:51.052 I/AppsFilter( 2051): interaction: PackageSetting{ce039ec com.example.moonlight_spatialsdk/10177} -> PackageSetting{864b63a com.oculus.helpcenter/10105} BLOCKED
12-08 12:18:51.052 I/AppsFilter( 2051): interaction: PackageSetting{ce039ec com.example.moonlight_spatialsdk/10177} -> PackageSetting{d4372eb com.android.hotspot2.osulogin/10004} BLOCKED
12-08 12:18:51.052 I/AppsFilter( 2051): interaction: PackageSetting{ce039ec com.example.moonlight_spatialsdk/10177} -> PackageSetting{f7db848 com.camouflaj.manta/10022} BLOCKED
12-08 12:18:51.052 I/AppsFilter( 2051): interaction: PackageSetting{ce039ec com.example.moonlight_spatialsdk/10177} -> PackageSetting{65d96e1 com.oculus.quickpromotionservice/10082} BLOCKED
12-08 12:18:51.052 I/AppsFilter( 2051): interaction: PackageSetting{ce039ec com.example.moonlight_spatialsdk/10177} -> PackageSetting{21471f0 com.oculus.paracosmaavalanche/10164} BLOCKED
12-08 12:18:51.052 I/AppsFilter( 2051): interaction: PackageSetting{ce039ec com.example.moonlight_spatialsdk/10177} -> PackageSetting{96452c7 com.facebook.arvr.quillplayer/10115} BLOCKED
12-08 12:18:51.052 I/AppsFilter( 2051): interaction: PackageSetting{ce039ec com.example.moonlight_spatialsdk/10177} -> PackageSetting{dda10f4 com.LuckyVR.PokerStarsVR/10090} BLOCKED
12-08 12:18:51.052 I/AppsFilter( 2051): interaction: PackageSetting{ce039ec com.example.moonlight_spatialsdk/10177} -> PackageSetting{7bbc01d com.meta.HyperscapeHmdCapture/10158} BLOCKED
12-08 12:18:51.052 I/AppsFilter( 2051): interaction: PackageSetting{ce039ec com.example.moonlight_spatialsdk/10177} -> PackageSetting{2e7d292 com.android.captiveportallogin/10028} BLOCKED
12-08 12:18:51.052 I/AppsFilter( 2051): interaction: PackageSetting{ce039ec com.example.moonlight_spatialsdk/10177} -> PackageSetting{dc95463 com.oculus.panelapp.calendar/10086} BLOCKED
12-08 12:18:51.052 I/AppsFilter( 2051): interaction: PackageSetting{ce039ec com.example.moonlight_spatialsdk/10177} -> PackageSetting{2ee04f3 com.oculus.highwindservice/10141} BLOCKED
12-08 12:18:51.052 I/AppsFilter( 2051): interaction: PackageSetting{ce039ec com.example.moonlight_spatialsdk/10177} -> PackageSetting{4d94119 com.meta.pclinkservice.server/10047} BLOCKED
12-08 12:18:51.052 I/AppsFilter( 2051): interaction: PackageSetting{ce039ec com.example.moonlight_spatialsdk/10177} -> PackageSetting{4ac85de com.meta.transport/10120} BLOCKED
12-08 12:18:51.052 I/AppsFilter( 2051): interaction: PackageSetting{ce039ec com.example.moonlight_spatialsdk/10177} -> PackageSetting{5f2d3bf com.oculus.configuration/10055} BLOCKED
12-08 12:18:51.053 I/OpenXR  ( 6741): Loading 64-bit Runtime.
12-08 12:18:51.061 I/VrRuntimeClient( 6741): VrRuntimeClient(): 0x7367d0e380
12-08 12:18:51.061 D/OsSdkLoader( 6741): OSSDK loading module 'libossdk.oculus.so'
12-08 12:18:51.073 W/SensorControl( 1772): No exposure settings will be updated on slot idx: 3 because exposure/gain changes are too small or identical.
12-08 12:18:51.076 I/DriverLoader( 6741): Calling into SetLegacyVrApiEntryPointOverride
12-08 12:18:51.076 I/VrApi_DriverLoader( 6741): SetLegacyVrApiEntryPointOverride: calling sprintf
12-08 12:18:51.076 I/VrApi_DriverLoader( 6741): SetLegacyVrApiEntryPointOverride: env buffer is '0x7367c61bc8'
12-08 12:18:51.076 I/VrApi_DriverLoader( 6741): SetLegacyVrApiEntryPointOverride: calling setenv
12-08 12:18:51.076 I/DriverLoader( 6741): Creating Temp JNIEnv
12-08 12:18:51.076 I/DriverLoader( 6741): Calling FindClass
12-08 12:18:51.076 I/DriverLoader( 6741): Calling RegisterNativeVrApiLoaderMethods
12-08 12:18:51.076 I/VrApi_DriverLoader( 6741): RegisterNativeVrApiLoaderMethods: calling RegisterNatives
12-08 12:18:51.076 I/DriverLoader( 6741): Calling RegisterNativeXrLoaderMethods
12-08 12:18:51.076 I/OpenXR_DriverLoader( 6741): RegisterNativeVrApiLoaderMethods: calling RegisterNatives
12-08 12:18:51.076 I/DriverLoader( 6741): Exiting JNI_OnLoad
12-08 12:18:51.076 I/OpenXR_ClientState( 6741): OpenXRClientState::create - from xrInitializeLoaderKHR
12-08 12:18:51.076 I/XrRuntimeSharedClientState( 6741): SharedClientState::create called from 'OpenXRClientState::init'
12-08 12:18:51.077 I/ipcLoader [RUNTIMEIPC]( 6741): RuntimeIPC: Loader: IPC Service API Loader Version: 81 Dec  4 2025 07:47:30
12-08 12:18:51.077 I/ipcLoader [RUNTIMEIPC]( 6741): Using android_get_exported_namespace: libripcclient.oculus.so
12-08 12:18:51.078 I/ipcLoader [RUNTIMEIPC]( 6741): android_get_exported_namespace SUCCESS: libripcclient.oculus.so
12-08 12:18:51.078 I/RuntimeIPCSystem [RUNTIMEIPC]( 6741): RuntimeIPCSystem: Init called: Version: 81, Platform: Android, Build Date: Dec  7 2025, Build Time: 14:26:30, BuildMode: shared
12-08 12:18:51.079 I/MultiInstanceDetector [RUNTIMEIPC]( 6741): Multiple instances check passed. Socket name: INSTANCE_DETECTOR:6741
12-08 12:18:51.079 D/OsSdkLoader( 6741): OSSDK loading module 'libossdk.oculus.so'
12-08 12:18:51.079 W/RuntimeIPCSystem [RUNTIMEIPC]( 6741): Init: Java VM is null
12-08 12:18:51.079 D/OsSdkLoader( 6741): OSSDK loading module 'libripcmanager.oculus.so'
12-08 12:18:51.081 I/RuntimeIpcManager( 6741): RuntimeIpcManager: attempting to get a service connection
12-08 12:18:51.081 I/RuntimeIpcBroker( 1733): [RuntimeIpcBroker] Attempting to retrieve package name and version for client
12-08 12:18:51.081 I/RuntimeIpcBroker( 1733): [RuntimeIpcBroker] Retrieving service manager for com.example.moonlight_spatialsdk
12-08 12:18:51.081 I/RuntimeIpcBroker( 1733): [RuntimeIpcBroker] Retrieving permission service [binder] from service manager for com.example.moonlight_spatialsdk
12-08 12:18:51.081 I/RuntimeIpcBroker( 1733): [RuntimeIpcBroker] Succesfully retrieved permission service [binder] from service manager for com.example.moonlight_spatialsdk
12-08 12:18:51.082 I/RuntimeIpcBroker( 1733): [RuntimeIpcBroker] Retrieving service manager for com.example.moonlight_spatialsdk
12-08 12:18:51.082 I/RuntimeIpcBroker( 1733): [RuntimeIpcBroker] Retrieving package_native service [binder] for com.example.moonlight_spatialsdk
12-08 12:18:51.082 I/RuntimeIpcBroker( 1733): [RuntimeIpcBroker] Succesfully retrieved package_native service [binder] for com.example.moonlight_spatialsdk
12-08 12:18:51.082 I/RuntimeIpcBroker( 1733): [RuntimeIpcBroker] Attempting to connect: com.example.moonlight_spatialsdk -- com.example.moonlight_spatialsdk, [uid: 10177, pid: 6741]
12-08 12:18:51.082 I/RuntimeIpcBroker( 1733): [RuntimeIpcBroker] Connections lock acquired
12-08 12:18:51.082 I/RuntimeIPCService [RUNTIMEIPC]( 1733): CreateBrokerConnection: Pre-lock BrokerConnections.Mutex: packageName: com.example.moonlight_spatialsdk, processName: com.example.moonlight_spatialsdk, pid: 6741
12-08 12:18:51.082 I/RuntimeIPCService [RUNTIMEIPC]( 1733): CreateBrokerConnection: [Client Descriptor - 6741:com.example.moonlight_spatialsdk:com.example.moonlight_spatialsdk] [Connection Id - -153583559]
12-08 12:18:51.083 I/RuntimeIpcBroker( 1733): [RuntimeIpcBroker] initClientId successful on client binder
12-08 12:18:51.083 I/RuntimeIpcBroker( 1733): [RuntimeIpcBroker] Connection established for com.example.moonlight_spatialsdk -- com.example.moonlight_spatialsdk, [uid: 10177, pid: 6741]
12-08 12:18:51.083 I/RuntimeIpcManager( 6741): RuntimeIpcManager: Binder call to service->connect SUCCESS
12-08 12:18:51.083 V/RuntimeIPCService [RUNTIMEIPC]( 1733): GetServiceBinder: com.example.moonlight_spatialsdk:com.example.moonlight_spatialsdk:6741
12-08 12:18:51.083 V/IPCDataChannelAndroidBinder [RUNTIMEIPC]( 1733): alloc binder info: 25
12-08 12:18:51.083 D/IPCDataChannelServer [RUNTIMEIPC]( 1733): Connected: 4141383737, com.example.moonlight_spatialsdk:com.example.moonlight_spatialsdk:6741
12-08 12:18:51.084 I/BrokerRPC [RUNTIMEIPC]( 6741): InitRPCToServiceInternal: Success
12-08 12:18:51.084 I/RuntimeIPCSystem [RUNTIMEIPC]( 6741): RuntimeIPCSystem: Init SUCCESS: Version: 81, Platform: Android, Build Date: Dec  7 2025, Build Time: 14:26:30, BuildMode: shared
12-08 12:18:51.084 W/RuntimeIPCService [RUNTIMEIPC]( 1733): SetServerList: Connection not allowed to register servers. Package: com.example.moonlight_spatialsdk, Process: com.example.moonlight_spatialsdk
12-08 12:18:51.084 I/RipcServerMgr [RUNTIMEIPC]( 6741): UpdateServerListOnBroker (pid: 6741): SUCCESS (shouldNotify=true): []
12-08 12:18:51.084 I/RuntimeIpcHelperService( 2051): Going to start ComponentInfo{com.oculus.systemdriver/com.oculus.vrruntimeservice.VrRuntimeService} as foreground, Calling uid: 10177 pid: 6741
12-08 12:18:51.088 I/ClientProcessConnector [RUNTIMEIPC]( 6741): GetProcessConnection: com.oculus.systemdriver:com.oculus.vrruntimeservice
12-08 12:18:51.089 I/RipcServerClientHandler [RUNTIMEIPC]( 3567): Event buffer size (server): 8192
12-08 12:18:51.089 I/RipcServerMgr [RUNTIMEIPC]( 3567): HandleClientConnect SUCCESS: Client: com.example.moonlight_spatialsdk:com.example.moonlight_spatialsdk:6741:, Server: com.oculus.systemdriver:com.oculus.vrruntimeservice (gkcache)
12-08 12:18:51.090 W/REFLECT [RUNTIMEIPC]( 3567): Disabling all permissions (ONLY USE IN TESTS): 4141389116:com.example.moonlight_spatialsdk/com.example.moonlight_spatialsdk (10177:6741), mask: 11111111111111111111111111111111
12-08 12:18:51.090 I/GkCacheQuerierServer( 3567): Client 4141389116 from com.example.moonlight_spatialsdk:6741 connected.
12-08 12:18:51.090 I/RipcClient [RUNTIMEIPC]( 6741): Event buffer size (client): 8192
12-08 12:18:51.090 I/RipcClient [RUNTIMEIPC]( 6741): TryToGetIPCResourcesFromServer: RPC_CONNECTOR_CONNECT_TO_SERVER SUCCESS: Client: com.example.moonlight_spatialsdk:com.example.moonlight_spatialsdk:6741, Server: com.oculus.systemdriver:com.oculus.vrruntimeservice:0 (gkcache), Version: 81, Platform: Android, Build Date: Dec  7 2025, Build Time: 14:26:30, BuildMode: shared
12-08 12:18:51.090 I/RipcClient [RUNTIMEIPC]( 6741): EnsureServerConnection: SUCCESS. Client: com.example.moonlight_spatialsdk:com.example.moonlight_spatialsdk:6741, Server: com.oculus.systemdriver:com.oculus.vrruntimeservice:0 (gkcache)
12-08 12:18:51.090 I/RipcClient [RUNTIMEIPC]( 6741): [RIPC_CONNECT_LOG] ConnectToServer: SUCCESS: Client: com.example.moonlight_spatialsdk:com.example.moonlight_spatialsdk:6741, Server: com.oculus.systemdriver:com.oculus.vrruntimeservice:0 (gkcache)
12-08 12:18:51.091 I/RipcClient [RUNTIMEIPC]( 6741): InitServerStateBuffer: SUCCESS. 0, Client: com.example.moonlight_spatialsdk:com.example.moonlight_spatialsdk:6741, Server: com.oculus.systemdriver:com.oculus.vrruntimeservice:0 (gkcache)
12-08 12:18:51.091 I/OpenXR_ClientState( 6741): Client state creation succeeded.
12-08 12:18:51.091 V/OpenXR  ( 6741): OpenXRForwardLoader::xrInitializeLoaderKHR [end]
12-08 12:18:51.091 V/OpenXR  ( 6741): OpenXRForwardLoader::xrNegotiateLoaderRuntimeInterface [start]
12-08 12:18:51.092 V/OpenXR  ( 6741): OpenXRForwardLoader::xrNegotiateLoaderRuntimeInterface [end]
12-08 12:18:51.092 I/OpenXR-Loader( 6741): Info [GENERAL | xrEnumerateInstanceExtensionProperties | OpenXR-Loader] : RuntimeInterface::LoadRuntime succeeded loading runtime defined in manifest file /odm/etc/openxr/1/active_runtime.aarch64.json using interface version 1 and OpenXR API version 1.0
12-08 12:18:51.112 E/VrDeviceManagerService( 1777): Permission denied: process 4168 (uid 10053) doesn't have the required permission: com.oculus.permission.SET_THREAD_POLICY
12-08 12:18:51.125 I/ApplicationAttributes( 6741): IsPrivileged 0
12-08 12:18:51.125 I/OpenXR  ( 6741): Is_X_PartnerGateKeeper
12-08 12:18:51.125 I/OpenXR  ( 6741): PGK Status: exp = 0, dc = true
12-08 12:18:51.125 I/OpenXR  ( 6741): Extension status: APC
12-08 12:18:51.127 I/ApplicationAttributes( 6741): IsSystem 0
12-08 12:18:51.129 E/libosutils( 6741): Failed to get real path of file '/sys/devices/soc0/oem_variant', err: Permission denied
12-08 12:18:51.129 E/libosutils( 6741): Failed to get real path of file '/sys/devices/soc0/platform_subtype_id', err: Permission denied
12-08 12:18:51.129 E/libosutils( 6741): Failed to get real path of file '/sys/devices/soc0/platform_version', err: Permission denied
12-08 12:18:51.129 W/libdeviceid( 6741): DeviceId unknown with subtype FFFFFFFF and version: 0xFFFFFFFF
12-08 12:18:51.128 W/Thread-4( 6741): type=1400 audit(0.0:1079): avc:  denied  { search } for  name="soc0" dev="sysfs" ino=67225 scontext=u:r:untrusted_app:s0:c177,c256,c512,c768 tcontext=u:object_r:vendor_sysfs_soc:s0 tclass=dir permissive=0 app=com.example.moonlight_spatialsdk
12-08 12:18:51.128 W/Thread-4( 6741): type=1400 audit(0.0:1080): avc:  denied  { search } for  name="soc0" dev="sysfs" ino=67225 scontext=u:r:untrusted_app:s0:c177,c256,c512,c768 tcontext=u:object_r:vendor_sysfs_soc:s0 tclass=dir permissive=0 app=com.example.moonlight_spatialsdk
12-08 12:18:51.128 W/Thread-4( 6741): type=1400 audit(0.0:1081): avc:  denied  { search } for  name="soc0" dev="sysfs" ino=67225 scontext=u:r:untrusted_app:s0:c177,c256,c512,c768 tcontext=u:object_r:vendor_sysfs_soc:s0 tclass=dir permissive=0 app=com.example.moonlight_spatialsdk
12-08 12:18:51.130 E/VrDeviceManagerService( 1777): Permission denied: process 6741 (uid 10177) doesn't have the required permission: horizonos.permission.SET_VR_DEVICE_PARAMS
12-08 12:18:51.130 E/VrDeviceManagerService( 1777): Permission denied: process 6741 (uid 10177) doesn't have the required permission: horizonos.permission.READ_VR_DEVICE_PARAMS
12-08 12:18:51.130 E/VrDeviceManagerService( 1777): Permission denied: process 6741 (uid 10177) doesn't have the required permission: horizonos.permission.SET_VR_DEVICE_PARAMS
12-08 12:18:51.130 E/VrDeviceManagerService( 1777): Permission denied: process 6741 (uid 10177) doesn't have the required permission: horizonos.permission.READ_VR_DEVICE_PARAMS
12-08 12:18:51.130 E/VrDeviceManagerService( 1777): Permission denied: process 6741 (uid 10177) doesn't have the required permission: horizonos.permission.SET_VR_DEVICE_PARAMS
12-08 12:18:51.130 E/VrDeviceManagerService( 1777): Permission denied: process 6741 (uid 10177) doesn't have the required permission: horizonos.permission.READ_VR_DEVICE_PARAMS
12-08 12:18:51.130 E/VrDeviceManagerService( 1777): Permission denied: process 6741 (uid 10177) doesn't have the required permission: horizonos.permission.SET_VR_DEVICE_PARAMS
12-08 12:18:51.130 E/VrDeviceManagerService( 1777): Permission denied: process 6741 (uid 10177) doesn't have the required permission: horizonos.permission.READ_VR_DEVICE_PARAMS
12-08 12:18:51.132 E/VrDeviceManagerService( 1777): Permission denied: process 6741 (uid 10177) doesn't have the required permission: horizonos.permission.SET_VR_DEVICE_PARAMS
12-08 12:18:51.132 E/VrDeviceManagerService( 1777): Permission denied: process 6741 (uid 10177) doesn't have the required permission: horizonos.permission.READ_VR_DEVICE_PARAMS
12-08 12:18:51.132 W/libc    ( 6741): Access denied finding property "ro.vendor.product.model_extended"
12-08 12:18:51.132 I/OpenXR  ( 6741): xrEnumerateInstanceExtensionProperties: skipping extension=`XR_FBX1_hand_tracking_confidence` due to: Tier=50 extState=APC deviceIsExpEnabled=false expManifestSet=true isFirstPartyApp=false isSystemApp=false
12-08 12:18:51.132 I/OpenXR  ( 6741): xrEnumerateInstanceExtensionProperties: skipping extension=`XR_METAX1_hand_tracking_joint_visibility` due to: Tier=50 extState=APC deviceIsExpEnabled=false expManifestSet=true isFirstPartyApp=false isSystemApp=false
12-08 12:18:51.132 I/OpenXR  ( 6741): xrEnumerateInstanceExtensionProperties: skipping extension=`XR_METAX2_hand_tracking_microgestures` due to: Tier=50 extState=APC deviceIsExpEnabled=false expManifestSet=true isFirstPartyApp=false isSystemApp=false
12-08 12:18:51.132 I/OpenXR  ( 6741): xrEnumerateInstanceExtensionProperties: skipping extension=`XR_METAX1_full_body_tracking` due to: Tier=50 extState=APC deviceIsExpEnabled=false expManifestSet=true isFirstPartyApp=false isSystemApp=false
12-08 12:18:51.132 I/OpenXR  ( 6741): xrEnumerateInstanceExtensionProperties: skipping extension=`XR_META_body_tracking_full_body` due to: missing uses-feature string `com.oculus.software.body_tracking` from AndroidManifest
12-08 12:18:51.132 I/OpenXR  ( 6741): xrEnumerateInstanceExtensionProperties: skipping extension=`XR_FB_body_tracking` due to: missing uses-feature string `com.oculus.software.body_tracking` from AndroidManifest
12-08 12:18:51.132 I/OpenXR  ( 6741): xrEnumerateInstanceExtensionProperties: skipping extension=`XR_FBX1_body_tracking_config` due to: Tier=55 extState=APC deviceIsExpEnabled=false expManifestSet=true isFirstPartyApp=false isSystemApp=false
12-08 12:18:51.132 I/OpenXR  ( 6741): Checking for permission horizonos.permission.USE_ANCHOR_API of package com.example.moonlight_spatialsdk
12-08 12:18:51.134 D/CompatibilityChangeReporter( 6741): Compat change id reported: 247079863; UID 10177; state: ENABLED
12-08 12:18:51.136 I/OpenXR  ( 6741): Required permission horizonos.permission.USE_ANCHOR_API is missing, retrying check as com.oculus.permission.USE_ANCHOR_API -> 0
12-08 12:18:51.136 I/OpenXR  ( 6741): xrEnumerateInstanceExtensionProperties: skipping extension=`XR_FB_spatial_entity` due to: missing uses-permission string `horizonos.permission.USE_ANCHOR_API` from AndroidManifest in package `com.example.moonlight_spatialsdk`
12-08 12:18:51.136 I/OpenXR  ( 6741): Checking for permission com.oculus.permission.RENDER_MODEL of package com.example.moonlight_spatialsdk
12-08 12:18:51.136 I/OpenXR  ( 6741): checkTrexKillswitchGk 'oculus_trex_render_model_killsw' = false
12-08 12:18:51.136 I/OpenXR  ( 6741): PassesGKKillswitch 1
12-08 12:18:51.136 I/OpenXR  ( 6741): Checking for permission horizonos.permission.USE_ANCHOR_API of package com.example.moonlight_spatialsdk
12-08 12:18:51.138 I/OpenXR  ( 6741): Required permission horizonos.permission.USE_ANCHOR_API is missing, retrying check as com.oculus.permission.USE_ANCHOR_API -> 0
12-08 12:18:51.138 I/OpenXR  ( 6741): xrEnumerateInstanceExtensionProperties: skipping extension=`XR_FB_spatial_entity_query` due to: missing uses-permission string `horizonos.permission.USE_ANCHOR_API` from AndroidManifest in package `com.example.moonlight_spatialsdk`
12-08 12:18:51.139 I/OpenXR  ( 6741): Checking for permission horizonos.permission.USE_ANCHOR_API of package com.example.moonlight_spatialsdk
12-08 12:18:51.139 W/SensorControl( 1772): No exposure settings will be updated on slot idx: 3 because exposure/gain changes are too small or identical.
12-08 12:18:51.141 I/OpenXR  ( 6741): Required permission horizonos.permission.USE_ANCHOR_API is missing, retrying check as com.oculus.permission.USE_ANCHOR_API -> 0
12-08 12:18:51.141 I/OpenXR  ( 6741): xrEnumerateInstanceExtensionProperties: skipping extension=`XR_META_spatial_entity_persistence` due to: missing uses-permission string `horizonos.permission.USE_ANCHOR_API` from AndroidManifest in package `com.example.moonlight_spatialsdk`
12-08 12:18:51.141 I/OpenXR  ( 6741): xrEnumerateInstanceExtensionProperties: skipping extension=`XR_METAX1_spatial_entity_room_sharing` due to: Tier=50 extState=APC deviceIsExpEnabled=false expManifestSet=true isFirstPartyApp=false isSystemApp=false
12-08 12:18:51.141 I/OpenXR  ( 6741): Checking for permission horizonos.permission.USE_ANCHOR_API of package com.example.moonlight_spatialsdk
12-08 12:18:51.142 I/OpenXR  ( 6741): Required permission horizonos.permission.USE_ANCHOR_API is missing, retrying check as com.oculus.permission.USE_ANCHOR_API -> 0
12-08 12:18:51.142 I/OpenXR  ( 6741): xrEnumerateInstanceExtensionProperties: skipping extension=`XR_META_spatial_entity_discovery` due to: missing uses-permission string `horizonos.permission.USE_ANCHOR_API` from AndroidManifest in package `com.example.moonlight_spatialsdk`
12-08 12:18:51.142 I/OpenXR  ( 6741): xrEnumerateInstanceExtensionProperties: skipping extension=`XR_FBX1_touch_controller_extras` due to: Tier=40 extState=APC deviceIsExpEnabled=false expManifestSet=true isFirstPartyApp=false isSystemApp=false
12-08 12:18:51.142 I/OpenXR  ( 6741): xrEnumerateInstanceExtensionProperties: skipping extension=`XR_FBX3_touch_controller_pro` due to: Tier=55 extState=APC deviceIsExpEnabled=false expManifestSet=true isFirstPartyApp=false isSystemApp=false
12-08 12:18:51.142 I/OpenXR  ( 6741): xrEnumerateInstanceExtensionProperties: skipping extension=`XR_FBX1_touch_controller_pro` due to: Tier=55 extState=APC deviceIsExpEnabled=false expManifestSet=true isFirstPartyApp=false isSystemApp=false
12-08 12:18:51.142 I/OpenXR  ( 6741): xrEnumerateInstanceExtensionProperties: skipping extension=`XR_FBX1_haptic_amplitude_envelope` due to: Tier=55 extState=APC deviceIsExpEnabled=false expManifestSet=true isFirstPartyApp=false isSystemApp=false
12-08 12:18:51.142 I/OpenXR  ( 6741): xrEnumerateInstanceExtensionProperties: skipping extension=`XR_FBX1_haptic_tone` due to: Tier=55 extState=APC deviceIsExpEnabled=false expManifestSet=true isFirstPartyApp=false isSystemApp=false
12-08 12:18:51.142 I/OpenXR  ( 6741): Checking for permission horizonos.permission.USE_ANCHOR_API of package com.example.moonlight_spatialsdk
12-08 12:18:51.144 I/OpenXR  ( 6741): Required permission horizonos.permission.USE_ANCHOR_API is missing, retrying check as com.oculus.permission.USE_ANCHOR_API -> 0
12-08 12:18:51.144 I/OpenXR  ( 6741): xrEnumerateInstanceExtensionProperties: skipping extension=`XR_FB_spatial_entity_storage` due to: missing uses-permission string `horizonos.permission.USE_ANCHOR_API` from AndroidManifest in package `com.example.moonlight_spatialsdk`
12-08 12:18:51.144 I/OpenXR  ( 6741): Checking for permission horizonos.permission.USE_ANCHOR_API of package com.example.moonlight_spatialsdk
12-08 12:18:51.146 I/OpenXR  ( 6741): Required permission horizonos.permission.USE_ANCHOR_API is missing, retrying check as com.oculus.permission.USE_ANCHOR_API -> 0
12-08 12:18:51.146 I/OpenXR  ( 6741): xrEnumerateInstanceExtensionProperties: skipping extension=`XR_FB_spatial_entity_storage_batch` due to: missing uses-permission string `horizonos.permission.USE_ANCHOR_API` from AndroidManifest in package `com.example.moonlight_spatialsdk`
12-08 12:18:51.146 I/OpenXR  ( 6741): Checking for permission horizonos.permission.IMPORT_EXPORT_IOT_MAP_DATA of package com.example.moonlight_spatialsdk
12-08 12:18:51.147 I/OpenXR  ( 6741): Required permission horizonos.permission.IMPORT_EXPORT_IOT_MAP_DATA is missing, retrying check as com.oculus.permission.IMPORT_EXPORT_IOT_MAP_DATA -> 0
12-08 12:18:51.147 I/OpenXR  ( 6741): xrEnumerateInstanceExtensionProperties: skipping extension=`XR_FB_spatial_entity_sharing` due to: missing uses-permission string `horizonos.permission.IMPORT_EXPORT_IOT_MAP_DATA` from AndroidManifest in package `com.example.moonlight_spatialsdk`
12-08 12:18:51.147 I/OpenXR  ( 6741): Checking for permission horizonos.permission.IMPORT_EXPORT_IOT_MAP_DATA of package com.example.moonlight_spatialsdk
12-08 12:18:51.149 I/OpenXR  ( 6741): Required permission horizonos.permission.IMPORT_EXPORT_IOT_MAP_DATA is missing, retrying check as com.oculus.permission.IMPORT_EXPORT_IOT_MAP_DATA -> 0
12-08 12:18:51.149 I/OpenXR  ( 6741): xrEnumerateInstanceExtensionProperties: skipping extension=`XR_META_spatial_entity_sharing` due to: missing uses-permission string `horizonos.permission.IMPORT_EXPORT_IOT_MAP_DATA` from AndroidManifest in package `com.example.moonlight_spatialsdk`
12-08 12:18:51.149 I/OpenXR  ( 6741): Checking for permission horizonos.permission.IMPORT_EXPORT_IOT_MAP_DATA of package com.example.moonlight_spatialsdk
12-08 12:18:51.151 I/OpenXR  ( 6741): Required permission horizonos.permission.IMPORT_EXPORT_IOT_MAP_DATA is missing, retrying check as com.oculus.permission.IMPORT_EXPORT_IOT_MAP_DATA -> 0
12-08 12:18:51.151 I/OpenXR  ( 6741): xrEnumerateInstanceExtensionProperties: skipping extension=`XR_META_spatial_entity_group_sharing` due to: missing uses-permission string `horizonos.permission.IMPORT_EXPORT_IOT_MAP_DATA` from AndroidManifest in package `com.example.moonlight_spatialsdk`
12-08 12:18:51.151 I/OpenXR  ( 6741): Checking for permission horizonos.permission.USE_ANCHOR_API of package com.example.moonlight_spatialsdk
12-08 12:18:51.153 I/OpenXR  ( 6741): Required permission horizonos.permission.USE_ANCHOR_API is missing, retrying check as com.oculus.permission.USE_ANCHOR_API -> 0
12-08 12:18:51.153 I/OpenXR  ( 6741): xrEnumerateInstanceExtensionProperties: skipping extension=`XR_FB_spatial_entity_container` due to: missing uses-permission string `horizonos.permission.USE_ANCHOR_API` from AndroidManifest in package `com.example.moonlight_spatialsdk`
12-08 12:18:51.153 I/OpenXR  ( 6741): Checking for permission com.oculus.permission.USE_COLOCATION_DISCOVERY_API of package com.example.moonlight_spatialsdk
12-08 12:18:51.154 I/OpenXR  ( 6741): xrEnumerateInstanceExtensionProperties: skipping extension=`XR_META_colocation_discovery` due to: missing uses-permission string `com.oculus.permission.USE_COLOCATION_DISCOVERY_API` from AndroidManifest in package `com.example.moonlight_spatialsdk`
12-08 12:18:51.154 I/OpenXR  ( 6741): Checking for permission horizonos.permission.USE_ANCHOR_API of package com.example.moonlight_spatialsdk
12-08 12:18:51.156 I/OpenXR  ( 6741): Required permission horizonos.permission.USE_ANCHOR_API is missing, retrying check as com.oculus.permission.USE_ANCHOR_API -> 0
12-08 12:18:51.156 I/OpenXR  ( 6741): xrEnumerateInstanceExtensionProperties: skipping extension=`XR_FB_scene` due to: missing uses-permission string `horizonos.permission.USE_ANCHOR_API` from AndroidManifest in package `com.example.moonlight_spatialsdk`
12-08 12:18:51.156 I/OpenXR  ( 6741): Checking for permission horizonos.permission.USE_ANCHOR_API of package com.example.moonlight_spatialsdk
12-08 12:18:51.158 I/OpenXR  ( 6741): Required permission horizonos.permission.USE_ANCHOR_API is missing, retrying check as com.oculus.permission.USE_ANCHOR_API -> 0
12-08 12:18:51.158 I/OpenXR  ( 6741): xrEnumerateInstanceExtensionProperties: skipping extension=`XR_FB_scene_capture` due to: missing uses-permission string `horizonos.permission.USE_ANCHOR_API` from AndroidManifest in package `com.example.moonlight_spatialsdk`
12-08 12:18:51.158 I/OpenXR  ( 6741): xrEnumerateInstanceExtensionProperties: skipping extension=`XR_FBX1_plane` due to: Tier=55 extState=APC deviceIsExpEnabled=false expManifestSet=true isFirstPartyApp=false isSystemApp=false
12-08 12:18:51.158 I/OpenXR  ( 6741): xrEnumerateInstanceExtensionProperties: skipping extension=`XR_METAX1_spatial_entity_mesh` due to: Tier=50 extState=APC deviceIsExpEnabled=false expManifestSet=true isFirstPartyApp=false isSystemApp=false
12-08 12:18:51.158 I/OpenXR  ( 6741): Checking for permission horizonos.permission.USE_SCENE of package com.example.moonlight_spatialsdk
12-08 12:18:51.160 I/OpenXR  ( 6741): Required permission horizonos.permission.USE_SCENE is missing, retrying check as com.oculus.permission.USE_SCENE -> 0
12-08 12:18:51.160 I/OpenXR  ( 6741): xrEnumerateInstanceExtensionProperties: skipping extension=`XR_META_spatial_entity_mesh` due to: missing uses-permission string `horizonos.permission.USE_SCENE` from AndroidManifest in package `com.example.moonlight_spatialsdk`
12-08 12:18:51.160 I/OpenXR  ( 6741): xrEnumerateInstanceExtensionProperties: skipping extension=`XR_METAX2_spatial_entity_room_mesh` due to: Tier=50 extState=APC deviceIsExpEnabled=false expManifestSet=true isFirstPartyApp=false isSystemApp=false
12-08 12:18:51.160 I/OpenXR  ( 6741): Checking for permission horizonos.permission.USE_SCENE of package com.example.moonlight_spatialsdk
12-08 12:18:51.161 I/OpenXR  ( 6741): Required permission horizonos.permission.USE_SCENE is missing, retrying check as com.oculus.permission.USE_SCENE -> 0
12-08 12:18:51.161 I/OpenXR  ( 6741): xrEnumerateInstanceExtensionProperties: skipping extension=`XR_META_spatial_entity_room_mesh` due to: missing uses-permission string `horizonos.permission.USE_SCENE` from AndroidManifest in package `com.example.moonlight_spatialsdk`
12-08 12:18:51.161 I/OpenXR  ( 6741): xrEnumerateInstanceExtensionProperties: skipping extension=`XR_FB_face_tracking` due to: missing uses-feature string `oculus.software.face_tracking` from AndroidManifest
12-08 12:18:51.161 I/OpenXR  ( 6741): xrEnumerateInstanceExtensionProperties: skipping extension=`XR_FB_face_tracking2` due to: missing uses-feature string `oculus.software.face_tracking` from AndroidManifest
12-08 12:18:51.161 I/OpenXR  ( 6741): xrEnumerateInstanceExtensionProperties: skipping extension=`XR_METAX1_face_tracking_visemes` due to: Tier=50 extState=APC deviceIsExpEnabled=false expManifestSet=true isFirstPartyApp=false isSystemApp=false
12-08 12:18:51.161 I/OpenXR  ( 6741): xrEnumerateInstanceExtensionProperties: skipping extension=`XR_META_face_tracking_visemes` due to: missing uses-feature string `oculus.software.face_tracking` from AndroidManifest
12-08 12:18:51.161 I/OpenXR  ( 6741): xrEnumerateInstanceExtensionProperties: skipping extension=`XR_FBX1_face_tracking_config` due to: Tier=55 extState=APC deviceIsExpEnabled=false expManifestSet=true isFirstPartyApp=false isSystemApp=false
12-08 12:18:51.161 I/OpenXR  ( 6741): xrEnumerateInstanceExtensionProperties: skipping extension 'XR_META_local_dimming' as device requirements requirements (16) are not met.
12-08 12:18:51.161 I/OpenXR  ( 6741): xrEnumerateInstanceExtensionProperties: skipping extension=`XR_METAX1_local_dimming` due to: Tier=55 extState=APC deviceIsExpEnabled=false expManifestSet=true isFirstPartyApp=false isSystemApp=false
12-08 12:18:51.161 I/OpenXR  ( 6741): xrEnumerateInstanceExtensionProperties: skipping extension=`XR_META_foveation_eye_tracked` due to: missing uses-feature string `oculus.software.eye_tracking` from AndroidManifest
12-08 12:18:51.161 I/OpenXR  ( 6741): xrEnumerateInstanceExtensionProperties: skipping extension=`XR_FBX1_eye_tracking` due to: Tier=55 extState=APC deviceIsExpEnabled=false expManifestSet=true isFirstPartyApp=false isSystemApp=false
12-08 12:18:51.161 I/OpenXR  ( 6741): xrEnumerateInstanceExtensionProperties: skipping extension=`XR_FBX1_eye_tracking_social` due to: Tier=55 extState=APC deviceIsExpEnabled=false expManifestSet=true isFirstPartyApp=false isSystemApp=false
12-08 12:18:51.161 I/OpenXR  ( 6741): xrEnumerateInstanceExtensionProperties: skipping extension=`XR_FB_eye_tracking_social` due to: missing uses-feature string `oculus.software.eye_tracking` from AndroidManifest
12-08 12:18:51.161 I/OpenXR  ( 6741): xrEnumerateInstanceExtensionProperties: skipping extension=`XR_FBX1_eye_tracking_social_config` due to: Tier=55 extState=APC deviceIsExpEnabled=false expManifestSet=true isFirstPartyApp=false isSystemApp=false
12-08 12:18:51.161 I/OpenXR  ( 6741): xrEnumerateInstanceExtensionProperties: skipping extension=`XR_FBX1_composition_layer_settings` due to: Tier=40 extState=APC deviceIsExpEnabled=false expManifestSet=true isFirstPartyApp=false isSystemApp=false
12-08 12:18:51.161 I/OpenXR  ( 6741): xrEnumerateInstanceExtensionProperties: skipping extension=`XR_METAX1_feature_fidelity` due to: Tier=55 extState=APC deviceIsExpEnabled=false expManifestSet=true isFirstPartyApp=false isSystemApp=false
12-08 12:18:51.161 I/OpenXR  ( 6741): xrEnumerateInstanceExtensionProperties: skipping extension=`XR_FBX1_composition_layer_depth_test` due to: Tier=40 extState=APC deviceIsExpEnabled=false expManifestSet=true isFirstPartyApp=false isSystemApp=false
12-08 12:18:51.161 I/OpenXR  ( 6741): Checking for permission horizonos.permission.EYE_TRACKING of package com.example.moonlight_spatialsdk
