12-08 12:12:19.304 I/AppsFilter( 2051): interaction: PackageSetting{ce039ec com.example.moonlight_spatialsdk/10177} -> PackageSetting{db20401 com.meta.surfacetypingnux/10151} BLOCKED
12-08 12:12:19.304 I/AppsFilter( 2051): interaction: PackageSetting{ce039ec com.example.moonlight_spatialsdk/10177} -> PackageSetting{bca32a6 com.oculus.oemconfig/10036} BLOCKED
12-08 12:12:19.304 I/AppsFilter( 2051): interaction: PackageSetting{ce039ec com.example.moonlight_spatialsdk/10177} -> PackageSetting{2ea54e7 com.meta.handseducationmodule/10104} BLOCKED
12-08 12:12:19.304 I/AppsFilter( 2051): interaction: PackageSetting{ce039ec com.example.moonlight_spatialsdk/10177} -> PackageSetting{54eb894 com.oculus.remotedesktop/10109} BLOCKED
12-08 12:12:19.305 I/AppsFilter( 2051): interaction: PackageSetting{ce039ec com.example.moonlight_spatialsdk/10177} -> PackageSetting{539df3d com.meta.federatedcomputing.oculus/10067} BLOCKED
12-08 12:12:19.305 I/AppsFilter( 2051): interaction: PackageSetting{ce039ec com.example.moonlight_spatialsdk/10177} -> PackageSetting{1d6d332 com.oculus.q4bservice/10039} BLOCKED
12-08 12:12:19.305 I/AppsFilter( 2051): interaction: PackageSetting{ce039ec com.example.moonlight_spatialsdk/10177} -> PackageSetting{77d5883 com.oculus.guidebook/10099} BLOCKED
12-08 12:12:19.305 I/AppsFilter( 2051): interaction: PackageSetting{ce039ec com.example.moonlight_spatialsdk/10177} -> PackageSetting{9a8ca00 horizonos.supplement.metauniverse.libraryapk/10150} BLOCKED
12-08 12:12:19.305 I/AppsFilter( 2051): interaction: PackageSetting{ce039ec com.example.moonlight_spatialsdk/10177} -> PackageSetting{66a3239 com.oculus.igvr/10116} BLOCKED
12-08 12:12:19.305 I/AppsFilter( 2051): interaction: PackageSetting{ce039ec com.example.moonlight_spatialsdk/10177} -> PackageSetting{79af07e com.oculus.mrds/10087} BLOCKED
12-08 12:12:19.305 I/AppsFilter( 2051): interaction: PackageSetting{ce039ec com.example.moonlight_spatialsdk/10177} -> PackageSetting{1b2f9df com.AnotherAxiom.A2/10070} BLOCKED
12-08 12:12:19.305 I/AppsFilter( 2051): interaction: PackageSetting{ce039ec com.example.moonlight_spatialsdk/10177} -> PackageSetting{2d0862c com.facebook.orca/10112} BLOCKED
12-08 12:12:19.305 I/AppsFilter( 2051): interaction: PackageSetting{ce039ec com.example.moonlight_spatialsdk/10177} -> PackageSetting{db2b8f5 com.facebook.workrooms/10163} BLOCKED
12-08 12:12:19.305 I/AppsFilter( 2051): interaction: PackageSetting{ce039ec com.example.moonlight_spatialsdk/10177} -> PackageSetting{bf1968a quest.eleven.forfunlabs/10171} BLOCKED
12-08 12:12:19.305 I/AppsFilter( 2051): interaction: PackageSetting{ce039ec com.example.moonlight_spatialsdk/10177} -> PackageSetting{a7754fb com.oculus.tv/10091} BLOCKED
12-08 12:12:19.305 I/AppsFilter( 2051): interaction: PackageSetting{ce039ec com.example.moonlight_spatialsdk/10177} -> PackageSetting{5d5d918 com.oculus.panelapp.devicepairing/10138} BLOCKED
12-08 12:12:19.305 I/AppsFilter( 2051): interaction: PackageSetting{ce039ec com.example.moonlight_spatialsdk/10177} -> PackageSetting{4c2ef71 com.oculus.userserver2/10058} BLOCKED
12-08 12:12:19.305 I/AppsFilter( 2051): interaction: PackageSetting{ce039ec com.example.moonlight_spatialsdk/10177} -> PackageSetting{e5a9156 com.netflix.ninja.vr/10006} BLOCKED
12-08 12:12:19.305 I/AppsFilter( 2051): interaction: PackageSetting{ce039ec com.example.moonlight_spatialsdk/10177} -> PackageSetting{35c45d7 com.meta.worlds/10139} BLOCKED
12-08 12:12:19.305 I/AppsFilter( 2051): interaction: PackageSetting{ce039ec com.example.moonlight_spatialsdk/10177} -> PackageSetting{6db6ec4 com.android.bookmarkprovider/10027} BLOCKED
12-08 12:12:19.305 I/AppsFilter( 2051): interaction: PackageSetting{ce039ec com.example.moonlight_spatialsdk/10177} -> PackageSetting{6c611ad com.oculus.guardianresources/10030} BLOCKED
12-08 12:12:19.305 I/AppsFilter( 2051): interaction: PackageSetting{ce039ec com.example.moonlight_spatialsdk/10177} -> PackageSetting{4866ce2 com.oculus.guardian/10073} BLOCKED
12-08 12:12:19.305 I/AppsFilter( 2051): interaction: PackageSetting{ce039ec com.example.moonlight_spatialsdk/10177} -> PackageSetting{b356873 com.oculus.explore/10096} BLOCKED
12-08 12:12:19.305 I/AppsFilter( 2051): interaction: PackageSetting{ce039ec com.example.moonlight_spatialsdk/10177} -> PackageSetting{782b330 com.meta.hpiassets/10155} BLOCKED
12-08 12:12:19.305 I/AppsFilter( 2051): interaction: PackageSetting{ce039ec com.example.moonlight_spatialsdk/10177} -> PackageSetting{2e1bfc com.android.cts.ctsshim/10127} BLOCKED
12-08 12:12:19.305 I/AppsFilter( 2051): interaction: PackageSetting{ce039ec com.example.moonlight_spatialsdk/10177} -> PackageSetting{c5f1ba9 com.oculus.q4b.mdm/10041} BLOCKED
12-08 12:12:19.305 I/AppsFilter( 2051): interaction: PackageSetting{ce039ec com.example.moonlight_spatialsdk/10177} -> PackageSetting{ca2752e com.meta.shell.env.footprint.haven2025/10159} BLOCKED
12-08 12:12:19.305 I/AppsFilter( 2051): interaction: PackageSetting{ce039ec com.example.moonlight_spatialsdk/10177} -> PackageSetting{7418cf Immersed.quest/10162} BLOCKED
12-08 12:12:19.305 I/AppsFilter( 2051): interaction: PackageSetting{ce039ec com.example.moonlight_spatialsdk/10177} -> PackageSetting{17d25c com.oculus.permissioncontroller.rro/10000} BLOCKED
12-08 12:12:19.305 I/AppsFilter( 2051): interaction: PackageSetting{ce039ec com.example.moonlight_spatialsdk/10177} -> PackageSetting{c071a1f com.valinor/10106} BLOCKED
12-08 12:12:19.305 I/AppsFilter( 2051): interaction: PackageSetting{ce039ec com.example.moonlight_spatialsdk/10177} -> PackageSetting{b64c965 com.meta.environment.prod.nuxd/10033} BLOCKED
12-08 12:12:19.305 I/AppsFilter( 2051): interaction: PackageSetting{ce039ec com.example.moonlight_spatialsdk/10177} -> PackageSetting{864b63a com.oculus.helpcenter/10105} BLOCKED
12-08 12:12:19.305 I/AppsFilter( 2051): interaction: PackageSetting{ce039ec com.example.moonlight_spatialsdk/10177} -> PackageSetting{d4372eb com.android.hotspot2.osulogin/10004} BLOCKED
12-08 12:12:19.305 I/AppsFilter( 2051): interaction: PackageSetting{ce039ec com.example.moonlight_spatialsdk/10177} -> PackageSetting{f7db848 com.camouflaj.manta/10022} BLOCKED
12-08 12:12:19.305 I/AppsFilter( 2051): interaction: PackageSetting{ce039ec com.example.moonlight_spatialsdk/10177} -> PackageSetting{65d96e1 com.oculus.quickpromotionservice/10082} BLOCKED
12-08 12:12:19.305 I/AppsFilter( 2051): interaction: PackageSetting{ce039ec com.example.moonlight_spatialsdk/10177} -> PackageSetting{21471f0 com.oculus.paracosmaavalanche/10164} BLOCKED
12-08 12:12:19.305 I/AppsFilter( 2051): interaction: PackageSetting{ce039ec com.example.moonlight_spatialsdk/10177} -> PackageSetting{96452c7 com.facebook.arvr.quillplayer/10115} BLOCKED
12-08 12:12:19.305 I/AppsFilter( 2051): interaction: PackageSetting{ce039ec com.example.moonlight_spatialsdk/10177} -> PackageSetting{dda10f4 com.LuckyVR.PokerStarsVR/10090} BLOCKED
12-08 12:12:19.305 I/AppsFilter( 2051): interaction: PackageSetting{ce039ec com.example.moonlight_spatialsdk/10177} -> PackageSetting{7bbc01d com.meta.HyperscapeHmdCapture/10158} BLOCKED
12-08 12:12:19.305 I/AppsFilter( 2051): interaction: PackageSetting{ce039ec com.example.moonlight_spatialsdk/10177} -> PackageSetting{2e7d292 com.android.captiveportallogin/10028} BLOCKED
12-08 12:12:19.305 I/AppsFilter( 2051): interaction: PackageSetting{ce039ec com.example.moonlight_spatialsdk/10177} -> PackageSetting{dc95463 com.oculus.panelapp.calendar/10086} BLOCKED
12-08 12:12:19.305 I/AppsFilter( 2051): interaction: PackageSetting{ce039ec com.example.moonlight_spatialsdk/10177} -> PackageSetting{2ee04f3 com.oculus.highwindservice/10141} BLOCKED
12-08 12:12:19.305 I/AppsFilter( 2051): interaction: PackageSetting{ce039ec com.example.moonlight_spatialsdk/10177} -> PackageSetting{4d94119 com.meta.pclinkservice.server/10047} BLOCKED
12-08 12:12:19.305 I/AppsFilter( 2051): interaction: PackageSetting{ce039ec com.example.moonlight_spatialsdk/10177} -> PackageSetting{4ac85de com.meta.transport/10120} BLOCKED
12-08 12:12:19.305 I/AppsFilter( 2051): interaction: PackageSetting{ce039ec com.example.moonlight_spatialsdk/10177} -> PackageSetting{5f2d3bf com.oculus.configuration/10055} BLOCKED
12-08 12:12:19.526 D/CoreBackPreview( 2051): Window{61a1281 u0 com.oculus.android_panel_app.AndroidPanelLayer-com.oculus.vrshell-controlbar13}: Setting back callback null
12-08 12:12:19.529 I/VolumetricWindow( 2051): [setDrawn] VW=6d491d1e-31ae-4458-9a76-305c555e283e: isDrawn=false (isActive=true, isVisible=true)
12-08 12:12:19.532 V/WindowManager( 2051): Queueing transition: TransitionRecord{9d5f352 id=-1 type=TO_BACK flags=0x0}
12-08 12:12:19.533 I/DisplayDeviceRepository( 2051): Display device removed: DisplayDeviceInfo{"com.oculus.android_panel_app.AndroidPanelLayer-com.oculus.vrshell-controlbar13": uniqueId="virtual:com.oculus.vrshell,10053,com.oculus.android_panel_app.AndroidPanelLayer-com.oculus.vrshell-controlbar13,0", 550 x 60, modeId 245, renderFrameRate 60.0, defaultModeId 245, supportedModes [{id=245, width=550, height=60, fps=60.0, alternativeRefreshRates=[], supportedHdrTypes=[]}], colorMode 0, supportedColorModes [0], hdrCapabilities null, allmSupported false, gameContentTypeSupported false, density 200, 200.0 x 200.0 dpi, appVsyncOff 0, presDeadline 16666666, touch NONE, rotation 0, type VIRTUAL, deviceProductInfo null, state ON, committedState UNKNOWN, owner com.oculus.vrshell (uid 10053), frameRateOverride , brightnessMinimum 0.0, brightnessMaximum 0.0, brightnessDefault 0.0, hdrSdrRatio NaN, FLAG_PRIVATE, FLAG_NEVER_BLANK, FLAG_OWN_CONTENT_ONLY, installOrientation 0, displayShape DisplayShape{ spec=854794591 displayWidth=550 displayHeight=60 physicalPixelDisplaySizeRatio=1.0 rotation=0 offsetX=0 offsetY=0 scale=1.0}}
12-08 12:12:19.534 I/SpatialWindowResourceService( 2051): setWindowFrameRate() token: horizonos.view.VolumetricWindowToken$InternalVolumetricToken@30fedc4 framerate: 1.0
12-08 12:12:19.534 I/SpatialWindowResourceService( 2051): setWindowUserPerceivedState(): Setting Application State:ComponentInfo{com.example.moonlight_spatialsdk/com.example.moonlight_spatialsdk.PancakeActivity} ProcessName:com.example.moonlight_spatialsdk PerceptionState:(old):CRITICAL_PERCEPTION->(new):NO_PERCEPTION
12-08 12:12:19.536 I/LogicalDisplayMapper( 2051): Removing display: 116
12-08 12:12:19.575 I/AppsFilter( 2051): interaction: PackageSetting{ce039ec com.example.moonlight_spatialsdk/10177} -> PackageSetting{d3a55be com.android.cts.priv.ctsshim/10005} BLOCKED
12-08 12:12:19.575 I/AppsFilter( 2051): interaction: PackageSetting{ce039ec com.example.moonlight_spatialsdk/10177} -> PackageSetting{6ea961f com.oculus.avatareditor/10085} BLOCKED
12-08 12:12:19.576 I/AppsFilter( 2051): interaction: PackageSetting{ce039ec com.example.moonlight_spatialsdk/10177} -> PackageSetting{6998d6c com.oculus.updater/10075} BLOCKED
12-08 12:12:19.576 I/AppsFilter( 2051): interaction: PackageSetting{ce039ec com.example.moonlight_spatialsdk/10177} -> PackageSetting{5b63ca com.sulivan.voicechat/10167} BLOCKED
12-08 12:12:19.576 I/AppsFilter( 2051): interaction: PackageSetting{ce039ec com.example.moonlight_spatialsdk/10177} -> PackageSetting{6004f35 com.Norainu.MetacityPatrol/10168} BLOCKED
12-08 12:12:19.576 I/AppsFilter( 2051): interaction: PackageSetting{ce039ec com.example.moonlight_spatialsdk/10177} -> PackageSetting{e420fca com.oculus.magicislandcastingservice/10059} BLOCKED
12-08 12:12:19.576 I/AppsFilter( 2051): interaction: PackageSetting{ce039ec com.example.moonlight_spatialsdk/10177} -> PackageSetting{32c753b com.oculus.captionservice/10076} BLOCKED
12-08 12:12:19.576 I/AppsFilter( 2051): interaction: PackageSetting{ce039ec com.example.moonlight_spatialsdk/10177} -> PackageSetting{c481458 com.meta.rl.trust.service/10080} BLOCKED
12-08 12:12:19.576 I/AppsFilter( 2051): interaction: PackageSetting{ce039ec com.example.moonlight_spatialsdk/10177} -> PackageSetting{4f3a9b1 com.ubisoft.StarTrekTNG/10156} BLOCKED
12-08 12:12:19.576 I/AppsFilter( 2051): interaction: PackageSetting{ce039ec com.example.moonlight_spatialsdk/10177} -> PackageSetting{9595e96 com.tripp.tripp_client_unity/10169} BLOCKED
12-08 12:12:19.576 I/AppsFilter( 2051): interaction: PackageSetting{ce039ec com.example.moonlight_spatialsdk/10177} -> PackageSetting{3e32a17 com.facebook.horizon/10118} BLOCKED
12-08 12:12:19.576 I/AppsFilter( 2051): interaction: PackageSetting{ce039ec com.example.moonlight_spatialsdk/10177} -> PackageSetting{3561e04 com.oculus.browser/10101} BLOCKED
12-08 12:12:19.576 I/AppsFilter( 2051): interaction: PackageSetting{ce039ec com.example.moonlight_spatialsdk/10177} -> PackageSetting{3e82fed com.android.htmlviewer/10031} BLOCKED
12-08 12:12:19.576 I/AppsFilter( 2051): interaction: PackageSetting{ce039ec com.example.moonlight_spatialsdk/10177} -> PackageSetting{a3a3f4 com.whatsapp/10114} BLOCKED
12-08 12:12:19.576 I/AppsFilter( 2051): interaction: PackageSetting{ce039ec com.example.moonlight_spatialsdk/10177} -> PackageSetting{8e650b3 com.oculus.cvp/10094} BLOCKED
12-08 12:12:19.576 I/AppsFilter( 2051): interaction: PackageSetting{ce039ec com.example.moonlight_spatialsdk/10177} -> PackageSetting{4191670 com.oculus.systemintelligence/10153} BLOCKED
12-08 12:12:19.576 I/AppsFilter( 2051): interaction: PackageSetting{ce039ec com.example.moonlight_spatialsdk/10177} -> PackageSetting{e24dde9 com.meta.curio.toybox/10117} BLOCKED
12-08 12:12:19.576 I/AppsFilter( 2051): interaction: PackageSetting{ce039ec com.example.moonlight_spatialsdk/10177} -> PackageSetting{c85aa6e com.meta.shell.env.vista.focused/10166} BLOCKED
12-08 12:12:19.576 I/AppsFilter( 2051): interaction: PackageSetting{ce039ec com.example.moonlight_spatialsdk/10177} -> PackageSetting{deb450f com.meta.curio.ruler/10111} BLOCKED
12-08 12:12:19.576 I/AppsFilter( 2051): interaction: PackageSetting{ce039ec com.example.moonlight_spatialsdk/10177} -> PackageSetting{4d1299c com.oculus.accountscenter/10107} BLOCKED
12-08 12:12:19.576 I/AppsFilter( 2051): interaction: PackageSetting{ce039ec com.example.moonlight_spatialsdk/10177} -> PackageSetting{59e482c com.oculus.identitymanagement.service/10063} BLOCKED
12-08 12:12:19.576 I/AppsFilter( 2051): interaction: PackageSetting{ce039ec com.example.moonlight_spatialsdk/10177} -> PackageSetting{2646fa5 com.TacticalNounours.QuantumVoid/10143} BLOCKED
12-08 12:12:19.576 I/AppsFilter( 2051): interaction: PackageSetting{ce039ec com.example.moonlight_spatialsdk/10177} -> PackageSetting{d65ff7a VirtualDesktop.Android/10161} BLOCKED
12-08 12:12:19.576 I/AppsFilter( 2051): interaction: PackageSetting{ce039ec com.example.moonlight_spatialsdk/10177} -> PackageSetting{aa1232b com.oculus.loneechoavalanche/10165} BLOCKED
12-08 12:12:19.576 I/AppsFilter( 2051): interaction: PackageSetting{ce039ec com.example.moonlight_spatialsdk/10177} -> PackageSetting{d954388 com.oculus.settings.rro/10119} BLOCKED
12-08 12:12:19.576 I/AppsFilter( 2051): interaction: PackageSetting{ce039ec com.example.moonlight_spatialsdk/10177} -> PackageSetting{6516121 com.meta.AccountsCenter.pwa/10098} BLOCKED
12-08 12:12:19.576 I/AppsFilter( 2051): interaction: PackageSetting{ce039ec com.example.moonlight_spatialsdk/10177} -> PackageSetting{cc49946 com.oculus.facebook/10113} BLOCKED
12-08 12:12:19.576 I/AppsFilter( 2051): interaction: PackageSetting{ce039ec com.example.moonlight_spatialsdk/10177} -> PackageSetting{88cc707 com.meta.android.rro/10001} BLOCKED
12-08 12:12:19.576 I/AppsFilter( 2051): interaction: PackageSetting{ce039ec com.example.moonlight_spatialsdk/10177} -> PackageSetting{eff1034 com.oculus.integrity/10051} BLOCKED
12-08 12:12:19.576 I/AppsFilter( 2051): interaction: PackageSetting{ce039ec com.example.moonlight_spatialsdk/10177} -> PackageSetting{5c1ee5d com.android.connectivity.resources/10008} BLOCKED
12-08 12:12:19.576 I/AppsFilter( 2051): interaction: PackageSetting{ce039ec com.example.moonlight_spatialsdk/10177} -> PackageSetting{32103d2 com.android.modulemetadata/10040} BLOCKED
12-08 12:12:19.576 I/AppsFilter( 2051): interaction: PackageSetting{ce039ec com.example.moonlight_spatialsdk/10177} -> PackageSetting{aa4cca3 com.twistedpixelgames.PILO/10175} BLOCKED
12-08 12:12:19.576 I/AppsFilter( 2051): interaction: PackageSetting{ce039ec com.example.moonlight_spatialsdk/10177} -> PackageSetting{796fba0 al.quest.pickleball.forfunlabs/10172} BLOCKED
12-08 12:12:19.576 I/AppsFilter( 2051): interaction: PackageSetting{ce039ec com.example.moonlight_spatialsdk/10177} -> PackageSetting{9b41359 com.oculus.panelapp.kiosk/10038} BLOCKED
12-08 12:12:19.576 I/AppsFilter( 2051): interaction: PackageSetting{ce039ec com.example.moonlight_spatialsdk/10177} -> PackageSetting{f678b1e com.oculus.panelapp.settings/10079} BLOCKED
12-08 12:12:19.576 I/AppsFilter( 2051): interaction: PackageSetting{ce039ec com.example.moonlight_spatialsdk/10177} -> PackageSetting{2ad8fff com.oculus.systemutilities/10048} BLOCKED
12-08 12:12:19.576 I/AppsFilter( 2051): interaction: PackageSetting{ce039ec com.example.moonlight_spatialsdk/10177} -> PackageSetting{40031cc com.CortopiaStudios.Graves/10145} BLOCKED
12-08 12:12:19.576 I/AppsFilter( 2051): interaction: PackageSetting{ce039ec com.example.moonlight_spatialsdk/10177} -> PackageSetting{3098c15 com.oculus.firsttimenux/10034} BLOCKED
12-08 12:12:19.576 I/AppsFilter( 2051): interaction: PackageSetting{ce039ec com.example.moonlight_spatialsdk/10177} -> PackageSetting{fd3b2a com.oculus.store/10088} BLOCKED
12-08 12:12:19.576 I/AppsFilter( 2051): interaction: PackageSetting{ce039ec com.example.moonlight_spatialsdk/10177} -> PackageSetting{552d1b com.meta.samples.NorthStar/10149} BLOCKED
12-08 12:12:19.576 I/AppsFilter( 2051): interaction: PackageSetting{ce039ec com.example.moonlight_spatialsdk/10177} -> PackageSetting{5e49eb8 com.oculus.socialplatform/10103} BLOCKED
12-08 12:12:19.576 I/AppsFilter( 2051): interaction: PackageSetting{ce039ec com.example.moonlight_spatialsdk/10177} -> PackageSetting{503d491 com.oculus.horizonmediaplayer/10108} BLOCKED
12-08 12:12:19.576 I/AppsFilter( 2051): interaction: PackageSetting{ce039ec com.example.moonlight_spatialsdk/10177} -> PackageSetting{68bdff6 com.android.webview/10042} BLOCKED
12-08 12:12:19.576 I/AppsFilter( 2051): interaction: PackageSetting{ce039ec com.example.moonlight_spatialsdk/10177} -> PackageSetting{60f7ff7 com.oculus.vrprivacycheckup/10110} BLOCKED
12-08 12:12:19.576 I/AppsFilter( 2051): interaction: PackageSetting{ce039ec com.example.moonlight_spatialsdk/10177} -> PackageSetting{da0ee64 com.meta.shell.env.vista.central/10160} BLOCKED
12-08 12:12:19.576 I/AppsFilter( 2051): interaction: PackageSetting{ce039ec com.example.moonlight_spatialsdk/10177} -> PackageSetting{b8028cd com.oculus.panelapp.library/10049} BLOCKED
12-08 12:12:19.576 I/AppsFilter( 2051): interaction: PackageSetting{ce039ec com.example.moonlight_spatialsdk/10177} -> PackageSetting{d8e0582 horizon.platform.providers/10137} BLOCKED
12-08 12:12:19.576 I/AppsFilter( 2051): interaction: PackageSetting{ce039ec com.example.moonlight_spatialsdk/10177} -> PackageSetting{fb22493 com.oculus.systemresource/10097} BLOCKED
12-08 12:12:19.576 I/AppsFilter( 2051): interaction: PackageSetting{ce039ec com.example.moonlight_spatialsdk/10177} -> PackageSetting{2b08cd0 com.microsoft.rdc.androidx/10157} BLOCKED
12-08 12:12:19.576 I/AppsFilter( 2051): interaction: PackageSetting{ce039ec com.example.moonlight_spatialsdk/10177} -> PackageSetting{8f384c9 com.gameboomvr.CookingSimulatorVR/10152} BLOCKED
12-08 12:12:19.576 I/AppsFilter( 2051): interaction: PackageSetting{ce039ec com.example.moonlight_spatialsdk/10177} -> PackageSetting{e9af7ce com.oculus.guardiansetup/10142} BLOCKED
12-08 12:12:19.576 I/AppsFilter( 2051): interaction: PackageSetting{ce039ec com.example.moonlight_spatialsdk/10177} -> PackageSetting{6d076ef com.oculus.hzosgallery/10121} BLOCKED
12-08 12:12:19.576 I/AppsFilter( 2051): interaction: PackageSetting{ce039ec com.example.moonlight_spatialsdk/10177} -> PackageSetting{6d9a5fc horizon.platform.service/10140} BLOCKED
12-08 12:12:19.576 I/AppsFilter( 2051): interaction: PackageSetting{ce039ec com.example.moonlight_spatialsdk/10177} -> PackageSetting{826a485 horizonos.theme.quest.rro/10037} BLOCKED
12-08 12:12:19.576 I/AppsFilter( 2051): interaction: PackageSetting{ce039ec com.example.moonlight_spatialsdk/10177} -> PackageSetting{272c2da com.oculus.os.qrcodereader/10057} BLOCKED
12-08 12:12:19.576 I/AppsFilter( 2051): interaction: PackageSetting{ce039ec com.example.moonlight_spatialsdk/10177} -> PackageSetting{9a6249f com.android.wifi.resources/10003} BLOCKED
12-08 12:12:19.576 I/AppsFilter( 2051): interaction: PackageSetting{ce039ec com.example.moonlight_spatialsdk/10177} -> PackageSetting{d7930b com.meta.mqdh.mqdhservice/10174} BLOCKED
12-08 12:12:19.576 I/AppsFilter( 2051): interaction: PackageSetting{ce039ec com.example.moonlight_spatialsdk/10177} -> PackageSetting{1925e8 com.oculus.systemux/10066} BLOCKED
12-08 12:12:19.576 I/AppsFilter( 2051): interaction: PackageSetting{ce039ec com.example.moonlight_spatialsdk/10177} -> PackageSetting{db20401 com.meta.surfacetypingnux/10151} BLOCKED
12-08 12:12:19.576 I/AppsFilter( 2051): interaction: PackageSetting{ce039ec com.example.moonlight_spatialsdk/10177} -> PackageSetting{bca32a6 com.oculus.oemconfig/10036} BLOCKED
12-08 12:12:19.576 I/AppsFilter( 2051): interaction: PackageSetting{ce039ec com.example.moonlight_spatialsdk/10177} -> PackageSetting{2ea54e7 com.meta.handseducationmodule/10104} BLOCKED
12-08 12:12:19.576 I/AppsFilter( 2051): interaction: PackageSetting{ce039ec com.example.moonlight_spatialsdk/10177} -> PackageSetting{54eb894 com.oculus.remotedesktop/10109} BLOCKED
12-08 12:12:19.576 I/AppsFilter( 2051): interaction: PackageSetting{ce039ec com.example.moonlight_spatialsdk/10177} -> PackageSetting{539df3d com.meta.federatedcomputing.oculus/10067} BLOCKED
12-08 12:12:19.576 I/AppsFilter( 2051): interaction: PackageSetting{ce039ec com.example.moonlight_spatialsdk/10177} -> PackageSetting{1d6d332 com.oculus.q4bservice/10039} BLOCKED
12-08 12:12:19.576 I/AppsFilter( 2051): interaction: PackageSetting{ce039ec com.example.moonlight_spatialsdk/10177} -> PackageSetting{77d5883 com.oculus.guidebook/10099} BLOCKED
12-08 12:12:19.576 I/AppsFilter( 2051): interaction: PackageSetting{ce039ec com.example.moonlight_spatialsdk/10177} -> PackageSetting{9a8ca00 horizonos.supplement.metauniverse.libraryapk/10150} BLOCKED
12-08 12:12:19.576 I/AppsFilter( 2051): interaction: PackageSetting{ce039ec com.example.moonlight_spatialsdk/10177} -> PackageSetting{66a3239 com.oculus.igvr/10116} BLOCKED
12-08 12:12:19.576 I/AppsFilter( 2051): interaction: PackageSetting{ce039ec com.example.moonlight_spatialsdk/10177} -> PackageSetting{79af07e com.oculus.mrds/10087} BLOCKED
12-08 12:12:19.576 I/AppsFilter( 2051): interaction: PackageSetting{ce039ec com.example.moonlight_spatialsdk/10177} -> PackageSetting{1b2f9df com.AnotherAxiom.A2/10070} BLOCKED
12-08 12:12:19.576 I/AppsFilter( 2051): interaction: PackageSetting{ce039ec com.example.moonlight_spatialsdk/10177} -> PackageSetting{2d0862c com.facebook.orca/10112} BLOCKED
12-08 12:12:19.576 I/AppsFilter( 2051): interaction: PackageSetting{ce039ec com.example.moonlight_spatialsdk/10177} -> PackageSetting{db2b8f5 com.facebook.workrooms/10163} BLOCKED
12-08 12:12:19.576 I/AppsFilter( 2051): interaction: PackageSetting{ce039ec com.example.moonlight_spatialsdk/10177} -> PackageSetting{bf1968a quest.eleven.forfunlabs/10171} BLOCKED
12-08 12:12:19.576 I/AppsFilter( 2051): interaction: PackageSetting{ce039ec com.example.moonlight_spatialsdk/10177} -> PackageSetting{a7754fb com.oculus.tv/10091} BLOCKED
12-08 12:12:19.576 I/AppsFilter( 2051): interaction: PackageSetting{ce039ec com.example.moonlight_spatialsdk/10177} -> PackageSetting{5d5d918 com.oculus.panelapp.devicepairing/10138} BLOCKED
12-08 12:12:19.577 I/AppsFilter( 2051): interaction: PackageSetting{ce039ec com.example.moonlight_spatialsdk/10177} -> PackageSetting{4c2ef71 com.oculus.userserver2/10058} BLOCKED
12-08 12:12:19.577 I/AppsFilter( 2051): interaction: PackageSetting{ce039ec com.example.moonlight_spatialsdk/10177} -> PackageSetting{e5a9156 com.netflix.ninja.vr/10006} BLOCKED
12-08 12:12:19.577 I/AppsFilter( 2051): interaction: PackageSetting{ce039ec com.example.moonlight_spatialsdk/10177} -> PackageSetting{35c45d7 com.meta.worlds/10139} BLOCKED
12-08 12:12:19.577 I/AppsFilter( 2051): interaction: PackageSetting{ce039ec com.example.moonlight_spatialsdk/10177} -> PackageSetting{6db6ec4 com.android.bookmarkprovider/10027} BLOCKED
12-08 12:12:19.577 I/AppsFilter( 2051): interaction: PackageSetting{ce039ec com.example.moonlight_spatialsdk/10177} -> PackageSetting{6c611ad com.oculus.guardianresources/10030} BLOCKED
12-08 12:12:19.577 I/AppsFilter( 2051): interaction: PackageSetting{ce039ec com.example.moonlight_spatialsdk/10177} -> PackageSetting{4866ce2 com.oculus.guardian/10073} BLOCKED
12-08 12:12:19.577 I/AppsFilter( 2051): interaction: PackageSetting{ce039ec com.example.moonlight_spatialsdk/10177} -> PackageSetting{b356873 com.oculus.explore/10096} BLOCKED
12-08 12:12:19.577 I/AppsFilter( 2051): interaction: PackageSetting{ce039ec com.example.moonlight_spatialsdk/10177} -> PackageSetting{782b330 com.meta.hpiassets/10155} BLOCKED
12-08 12:12:19.577 I/AppsFilter( 2051): interaction: PackageSetting{ce039ec com.example.moonlight_spatialsdk/10177} -> PackageSetting{2e1bfc com.android.cts.ctsshim/10127} BLOCKED
12-08 12:12:19.577 I/AppsFilter( 2051): interaction: PackageSetting{ce039ec com.example.moonlight_spatialsdk/10177} -> PackageSetting{c5f1ba9 com.oculus.q4b.mdm/10041} BLOCKED
12-08 12:12:19.577 I/AppsFilter( 2051): interaction: PackageSetting{ce039ec com.example.moonlight_spatialsdk/10177} -> PackageSetting{ca2752e com.meta.shell.env.footprint.haven2025/10159} BLOCKED
12-08 12:12:19.577 I/AppsFilter( 2051): interaction: PackageSetting{ce039ec com.example.moonlight_spatialsdk/10177} -> PackageSetting{7418cf Immersed.quest/10162} BLOCKED
12-08 12:12:19.577 I/AppsFilter( 2051): interaction: PackageSetting{ce039ec com.example.moonlight_spatialsdk/10177} -> PackageSetting{17d25c com.oculus.permissioncontroller.rro/10000} BLOCKED
12-08 12:12:19.577 I/AppsFilter( 2051): interaction: PackageSetting{ce039ec com.example.moonlight_spatialsdk/10177} -> PackageSetting{c071a1f com.valinor/10106} BLOCKED
12-08 12:12:19.577 I/AppsFilter( 2051): interaction: PackageSetting{ce039ec com.example.moonlight_spatialsdk/10177} -> PackageSetting{b64c965 com.meta.environment.prod.nuxd/10033} BLOCKED
12-08 12:12:19.577 I/AppsFilter( 2051): interaction: PackageSetting{ce039ec com.example.moonlight_spatialsdk/10177} -> PackageSetting{864b63a com.oculus.helpcenter/10105} BLOCKED
12-08 12:12:19.577 I/AppsFilter( 2051): interaction: PackageSetting{ce039ec com.example.moonlight_spatialsdk/10177} -> PackageSetting{d4372eb com.android.hotspot2.osulogin/10004} BLOCKED
12-08 12:12:19.577 I/AppsFilter( 2051): interaction: PackageSetting{ce039ec com.example.moonlight_spatialsdk/10177} -> PackageSetting{f7db848 com.camouflaj.manta/10022} BLOCKED
12-08 12:12:19.577 I/AppsFilter( 2051): interaction: PackageSetting{ce039ec com.example.moonlight_spatialsdk/10177} -> PackageSetting{65d96e1 com.oculus.quickpromotionservice/10082} BLOCKED
12-08 12:12:19.577 I/AppsFilter( 2051): interaction: PackageSetting{ce039ec com.example.moonlight_spatialsdk/10177} -> PackageSetting{21471f0 com.oculus.paracosmaavalanche/10164} BLOCKED
12-08 12:12:19.577 I/AppsFilter( 2051): interaction: PackageSetting{ce039ec com.example.moonlight_spatialsdk/10177} -> PackageSetting{96452c7 com.facebook.arvr.quillplayer/10115} BLOCKED
12-08 12:12:19.577 I/AppsFilter( 2051): interaction: PackageSetting{ce039ec com.example.moonlight_spatialsdk/10177} -> PackageSetting{dda10f4 com.LuckyVR.PokerStarsVR/10090} BLOCKED
12-08 12:12:19.577 I/AppsFilter( 2051): interaction: PackageSetting{ce039ec com.example.moonlight_spatialsdk/10177} -> PackageSetting{7bbc01d com.meta.HyperscapeHmdCapture/10158} BLOCKED
12-08 12:12:19.577 I/AppsFilter( 2051): interaction: PackageSetting{ce039ec com.example.moonlight_spatialsdk/10177} -> PackageSetting{2e7d292 com.android.captiveportallogin/10028} BLOCKED
12-08 12:12:19.577 I/AppsFilter( 2051): interaction: PackageSetting{ce039ec com.example.moonlight_spatialsdk/10177} -> PackageSetting{dc95463 com.oculus.panelapp.calendar/10086} BLOCKED
12-08 12:12:19.577 I/AppsFilter( 2051): interaction: PackageSetting{ce039ec com.example.moonlight_spatialsdk/10177} -> PackageSetting{2ee04f3 com.oculus.highwindservice/10141} BLOCKED
12-08 12:12:19.577 I/AppsFilter( 2051): interaction: PackageSetting{ce039ec com.example.moonlight_spatialsdk/10177} -> PackageSetting{4d94119 com.meta.pclinkservice.server/10047} BLOCKED
12-08 12:12:19.577 I/AppsFilter( 2051): interaction: PackageSetting{ce039ec com.example.moonlight_spatialsdk/10177} -> PackageSetting{4ac85de com.meta.transport/10120} BLOCKED
12-08 12:12:19.577 I/AppsFilter( 2051): interaction: PackageSetting{ce039ec com.example.moonlight_spatialsdk/10177} -> PackageSetting{5f2d3bf com.oculus.configuration/10055} BLOCKED
12-08 12:12:19.717 I/AppsFilter( 2051): interaction: PackageSetting{ce039ec com.example.moonlight_spatialsdk/10177} -> PackageSetting{4866ce2 com.oculus.guardian/10073} BLOCKED
12-08 12:12:19.717 W/ActivityManager( 2051): Unable to start service Intent { cmp=com.oculus.guardian/com.oculus.vrguardianservice.VrGuardianService } U=0: not found
12-08 12:12:19.749 I/logd_ext(    0): dropped 5000 logs
12-08 12:12:20.465 W/WindowManager( 2051): Failed looking up window session=Session{abfa1e6 5321:u0a10177} callers=com.android.server.wm.WindowManagerService.windowForClientLocked:6161 com.android.server.wm.Session.updateRequestedVisibleTypes:690 android.view.IWindowSession$Stub.onTransact:1040 
12-08 12:12:20.567 D/CoreBackPreview( 2051): Window{27b1203 u0 com.example.moonlight_spatialsdk/com.example.moonlight_spatialsdk.ImmersiveActivity}: Setting back callback OnBackInvokedCallbackInfo{mCallback=android.window.IOnBackInvokedCallback$Stub$Proxy@d1247b9, mPriority=0, mIsAnimationCallback=false}
12-08 12:12:20.582 V/WindowManager( 2051): Sent Transition #396 createdAt=12-08 12:12:19.045 via request=TransitionRequestInfo { type = OPEN, triggerTask = TaskInfo{userId=0 taskId=2638 displayId=0 isRunning=true baseIntent=Intent { act=android.intent.action.MAIN flg=0x10010100 cmp=com.example.moonlight_spatialsdk/.ImmersiveActivity } baseActivity=ComponentInfo{com.example.moonlight_spatialsdk/com.example.moonlight_spatialsdk.ImmersiveActivity} topActivity=ComponentInfo{com.example.moonlight_spatialsdk/com.example.moonlight_spatialsdk.ImmersiveActivity} origActivity=null realActivity=ComponentInfo{com.example.moonlight_spatialsdk/com.example.moonlight_spatialsdk.ImmersiveActivity} numActivities=1 numActivitiesPerUser={0=1} lastActiveTime=19375160 supportsMultiWindow=true resizeMode=1 isResizeable=true minWidth=-1 minHeight=-1 defaultMinSize=1 token=WCT{RemoteToken{d8ab60a Task{96fdb54 #2638 type=standard A=10177:com.example.moonlight_spatialsdk}}} topActivityType=1 pictureInPictureParams=null shouldDockBigOverlays=false launchIntoPipHostTaskId=-1 lastParentTaskIdBeforePip=-1 displayCutoutSafeInsets=null topActivityInfo=ActivityInfo{fd593f2 com.example.moonlight_spatialsdk.ImmersiveActivity} launchCookies=[] telemetryLaunchIds=[] positionInParent=Point(0, 0) parentTaskId=3 isFocused=true isVisible=false isVisibleRequested=true isSleeping=false topActivityInSizeCompat=false topActivityEligibleForLetterboxEducation= false topActivityLetterboxed= false isFromDoubleTap= false topActivityLetterboxVerticalPosition= -1 topActivityLetterboxHorizontalPosition= -1 topActivityLetterboxWidth=-1 topActivityLetterboxHeight=-1 locusId=null displayAreaFeatureId=1 cameraCompatControlState=hidden}, remoteTransition = null, displayChange = null }
12-08 12:12:20.582 V/WindowManager( 2051):     startWCT=WindowContainerTransaction { changes = {} hops = [] errorCallbackToken=null taskFragmentOrganizer=null }
12-08 12:12:20.582 V/WindowManager( 2051):     info={id=396 t=OPEN f=0x0 trk=0 r=[0@Point(0, 0)] c=[{WCT{RemoteToken{d8ab60a Task{96fdb54 #2638 type=standard A=10177:com.example.moonlight_spatialsdk}}} m=OPEN f=NO_ANIMATION|MOVE_TO_TOP p=WCT{RemoteToken{a5dbc68 Task{c92cd68 #3 type=standard}}} leash=Surface(name=Task=2638)/@0x4b917fe sb=Rect(0, 0 - 1000, 500) eb=Rect(0, 0 - 1000, 500) d=0},{WCT{RemoteToken{a5dbc68 Task{c92cd68 #3 type=standard}}} m=TO_FRONT f=TRANSLUCENT|NO_ANIMATION|MOVE_TO_TOP leash=Surface(name=Task=3)/@0x8758ca1 sb=Rect(0, 0 - 1000, 500) eb=Rect(0, 0 - 1000, 500) d=0}]}
12-08 12:12:20.586 I/VolumetricWindow( 2051): [setDrawn] VW=d648244f-0225-45fd-91ac-0bf610e92952: isDrawn=true (isActive=true, isVisible=true)
12-08 12:12:20.588 V/WindowManager( 2051): Sent Transition #397 createdAt=12-08 12:12:19.056 via request=TransitionRequestInfo { type = SLEEP, triggerTask = null, remoteTransition = null, displayChange = null }
12-08 12:12:20.588 V/WindowManager( 2051):     startWCT=null
12-08 12:12:20.589 V/WindowManager( 2051):     info={id=397 t=SLEEP f=0x0 trk=0 r=[] c=[]}
12-08 12:12:20.591 V/WindowManager( 2051): Sent Transition #398 createdAt=12-08 12:12:19.532
12-08 12:12:20.591 V/WindowManager( 2051):     startWCT=WindowContainerTransaction { changes = {RemoteToken{e085601 Task{c6833b9 #12 type=standard}}={}} hops = [] errorCallbackToken=null taskFragmentOrganizer=null }
12-08 12:12:20.591 V/WindowManager( 2051):     info={id=398 t=TO_BACK f=0x200000 trk=0 r=[0@Point(0, 0)] c=[{WCT{RemoteToken{557ecd8 Task{96799b6 #2637 type=standard A=10177:com.example.moonlight_spatialsdk}}} m=TO_BACK f=NONE p=WCT{RemoteToken{e085601 Task{c6833b9 #12 type=standard}}} leash=Surface(name=Task=2637)/@0x904ddec sb=Rect(80000, 0 - 81000, 687) eb=Rect(80000, 0 - 81000, 687) d=0},{WCT{RemoteToken{e085601 Task{c6833b9 #12 type=standard}}} m=TO_BACK f=TRANSLUCENT leash=Surface(name=Task=12)/@0x22810c0 sb=Rect(80000, 0 - 81000, 687) eb=Rect(80000, 0 - 81000, 687) eo=Point(80000, 0) d=0}]}
12-08 12:12:20.591 V/WindowManager( 2051): Finish Transition #396: created at 12-08 12:12:19.045 collect-started=0.034ms request-sent=5.326ms started=7.886ms ready=7.867ms sent=1535.918ms finished=1546.136ms
12-08 12:12:20.594 I/OculusWindowMgr( 2051): OWMS::focusChanged: windowRootTaskId: 3
12-08 12:12:20.594 I/OculusWindowMgr( 2051): OWMS::focusChanged: getImmersiveTask returned
12-08 12:12:20.594 I/OculusWindowMgr( 2051): OWMS::focusChanged: matchedTaskId: 3
12-08 12:12:20.595 W/Transition( 2051): Transition already started id=397 state=2
12-08 12:12:20.595 I/UiModeController( 2051): Switching from com.example.moonlight_spatialsdk to com.example.moonlight_spatialsdk
12-08 12:12:20.597 D/VolumetricContentMonitor( 2051): Focused window changed to RunningWindowInfo{  pid: 5321, uid: 10177, userId: 0, windowContainerToken: 220604630, windowToken: android.view.IWindow$Stub$Proxy@534c757, windowId: com.android.server.wm.WindowState$WindowId@7f9244, displayId: 0, windowType: 1, activity: RunningActivityInfo { rootTask: 3, uid: 10177, pid: 5321, userId: 0, activity: com.example.moonlight_spatialsdk.ImmersiveActivity, windowId: com.android.server.wm.WindowState$WindowId@7f9244, state: ACTIVITY_STATE_VISIBLE}}, from android.view.IWindow$Stub$Proxy@e3f3658
12-08 12:12:20.600 V/WindowManager( 2051): Finish Transition #397: created at 12-08 12:12:19.056 collect-started=1525.471ms request-sent=1530.521ms started=1530.575ms ready=1530.563ms sent=1530.721ms finished=1539.712ms
12-08 12:12:20.602 V/WindowManager( 2051): Finish Transition #398: created at 12-08 12:12:19.532 collect-started=1054.568ms started=1054.646ms ready=1055.387ms sent=1058.507ms finished=1069.758ms
12-08 12:12:20.605 I/SpatialWindowResourceService( 2051): setWindowFrameRate() token: horizonos.view.VolumetricWindowToken$InternalVolumetricToken@30fedc4 framerate: 1.0
12-08 12:12:20.605 D/SpatialAudioService( 2051): Skipping processing for app: com.example.moonlight_spatialsdk (isNewApp: false, perAppEnabled: true, epsService: true)
12-08 12:12:20.605 V/WorldManagerService( 2051): VW Content Listener: com.example.moonlight_spatialsdk -1
12-08 12:12:20.605 D/SpatialAudioService( 2051): Skipping processing for app: com.example.moonlight_spatialsdk (isNewApp: false, perAppEnabled: true, epsService: true)
12-08 12:12:20.605 V/WorldManagerService( 2051): VW Content Listener: com.example.moonlight_spatialsdk -1
12-08 12:12:20.611 I/SensorService(  873): registerDirectChannel_: Allocated direct channel handle 7 (to pid 2051)
12-08 12:12:20.612 I/SensorService(  873): configDirectReport for channelHandle:7 sensorHandle:3 Rate:1
12-08 12:12:20.625 I/WorldManagerService( 2051): Added World  to the recent worlds stack
12-08 12:12:20.625 I/WorldManagerService( 2051): Setting active world with ID:  and tpye: 3
12-08 12:12:20.627 D/ActivityManager( 2051): sync unfroze 5078 com.oculus.remotedesktop:RemoteDesktop for 3
12-08 12:12:20.631 D/HorizonOsWindowManagerUtils( 2051): setFocusedWindowSync: window is already focused (ActivityRecord{ba34aa7 u0 com.example.moonlight_spatialsdk/.ImmersiveActivity t2638})
12-08 12:12:20.633 D/CoreBackPreview( 2051): Window{f21d3c u0 com.oculus.vrshell/com.oculus.vrshell.FocusPlaceholderActivity}: Setting back callback null
12-08 12:12:20.646 V/WindowManager( 2051): Sent Transition #399 createdAt=12-08 12:12:20.625 via request=TransitionRequestInfo { type = CLOSE, triggerTask = TaskInfo{userId=0 taskId=2632 displayId=0 isRunning=false baseIntent=Intent { flg=0x10810100 cmp=com.oculus.vrshell/.FocusPlaceholderActivity } baseActivity=null topActivity=null origActivity=null realActivity=ComponentInfo{com.oculus.vrshell/com.oculus.vrshell.FocusPlaceholderActivity} numActivities=0 numActivitiesPerUser={} lastActiveTime=19333105 supportsMultiWindow=true resizeMode=0 isResizeable=false minWidth=-1 minHeight=-1 defaultMinSize=1 token=WCT{RemoteToken{2b10f35 Task{ef4c4e3 #2632 type=standard A=10053:com.oculus.vrshell:-339196040}}} topActivityType=1 pictureInPictureParams=null shouldDockBigOverlays=false launchIntoPipHostTaskId=-1 lastParentTaskIdBeforePip=-1 displayCutoutSafeInsets=null topActivityInfo=null launchCookies=[] telemetryLaunchIds=[] positionInParent=Point(0, 0) parentTaskId=5 isFocused=false isVisible=true isVisibleRequested=true isSleeping=false topActivityInSizeCompat=false topActivityEligibleForLetterboxEducation= false topActivityLetterboxed= false isFromDoubleTap= false topActivityLetterboxVerticalPosition= -1 topActivityLetterboxHorizontalPosition= -1 topActivityLetterboxWidth=-1 topActivityLetterboxHeight=-1 locusId=null displayAreaFeatureId=1 cameraCompatControlState=hidden}, remoteTransition = null, displayChange = null }
12-08 12:12:20.648 V/WindowManager( 2051):     startWCT=WindowContainerTransaction { changes = {} hops = [] errorCallbackToken=null taskFragmentOrganizer=null }
12-08 12:12:20.649 V/WindowManager( 2051):     info={id=399 t=CLOSE f=0x0 trk=0 r=[0@Point(0, 0)] c=[{WCT{RemoteToken{2b10f35 Task{ef4c4e3 #2632 type=standard A=10053:com.oculus.vrshell:-339196040}}} m=CLOSE f=NONE p=WCT{RemoteToken{99131ea Task{772e626 #5 type=standard}}} leash=Surface(name=Task=2632)/@0xaa3a479 sb=Rect(16000, 0 - 16001, 1) eb=Rect(16000, 0 - 16001, 1) d=0},{WCT{RemoteToken{99131ea Task{772e626 #5 type=standard}}} m=TO_BACK f=TRANSLUCENT leash=Surface(name=Task=5)/@0x18c90b1 sb=Rect(16000, 0 - 16001, 1) eb=Rect(16000, 0 - 16001, 1) eo=Point(16000, 0) d=0}]}
12-08 12:12:20.650 V/WindowManager( 2051): Finish Transition #399: created at 12-08 12:12:20.625 collect-started=0.022ms request-sent=0.374ms started=13.639ms ready=13.117ms sent=20.221ms finished=24.355ms
12-08 12:12:20.664 I/TrackingFidelityService( 1765): Request(s)={pt_display_sync:0,}
12-08 12:12:20.664 W/TrackingFidelityService( 1765): Fidelity data undefined in catalog for enabling feature like mr_passthrough. 6 similar misses.
12-08 12:12:20.664 I/TrackingFidelityService( 1765): Request(s)={pt_display_sync:0,mr_passthrough:3,hyperscape_room_scanning:0,isp_foveation:5,low_latency_pt:0,}, Mux mode idx=1, name=default, score=-1970
12-08 12:12:20.664 I/TrackingFidelityService( 1765): beginTransition[color]: defaultDisplay(2)->default(1)
12-08 12:12:20.664 I/TrackingFidelityService( 1765): _applyMuxModeLockedInternal: Applying camera mux mode default via requestFeaturesWithFidelitiesLocked
12-08 12:12:20.664 I/SensorService(  873): [color] Setting camera mux mode to 1
12-08 12:12:20.664 I/SensorService(  873): updating CameraStream mux states
12-08 12:12:20.665 I/SensorDataTransforms( 1573): [CameraStreamControl:cam2bridge] Staging mux mode updates for {color: ind-1, seqId-86},
12-08 12:12:20.665 I/SensorDataTransforms( 1573): [CameraStreamControl:cam2bridge] Mux mode updates succesfully staged
12-08 12:12:20.665 I/SensorDataTransforms( 1574): [MrStreamControl:passthrough] Staging mux mode updates for {color: ind-1, seqId-86},
12-08 12:12:20.665 I/SensorDataTransforms( 1574): [MrStreamControl:passthrough] Signaling start of the mode transition
12-08 12:12:20.665 I/SensorDataTransforms( 1574): [MrStreamControl:passthrough] Mux mode updates successfully staged
12-08 12:12:20.665 I/SensorService(  873): ending update to CameraStream mux states
12-08 12:12:20.665 I/FrameSetCollator(  873): [{COL:FOVPR}] Updated frame set period to 16666000, with all camera system activeSlots [[T,]]
12-08 12:12:20.665 I/FrameSetDispatcher(  873): [{COL:FOVPR}] Client pid=1574 (MrSSCamS): [color] Updated CameraMuxMode: 1, Slots: SLOT_0 
12-08 12:12:20.665 I/FrameSetDispatcher(  873): [{COL:FOVPR}] Client pid=1772 (IOT): [color] Updated CameraMuxMode: 1, Slots: SLOT_0 
12-08 12:12:20.665 I/FrameSetDispatcher(  873): [{COL:FOVPR}] Latest MuxModeSettings: 1
12-08 12:12:20.665 I/FrameSetDispatcher(  873): [{COL:FOVPR}] purpose: active_slots, slots: SLOT_0 
12-08 12:12:20.665 I/FrameSetDispatcher(  873): [{COL:FOVPR}] purpose: cam2bridge, slots: SLOT_0 
12-08 12:12:20.665 I/FrameSetDispatcher(  873): [{COL:FOVPR}] purpose: ocal, slots: SLOT_0 
12-08 12:12:20.665 I/FrameSetDispatcher(  873): [{COL:FOVPR}] purpose: passthrough, slots: SLOT_0 
12-08 12:12:20.665 W/ActivityManager( 2051): Package for pid 0: no process record found
12-08 12:12:20.666 E/FrameSetCollator(  873): [{COL:FOVPR}] 2 FrameSets had unexpected timestamps (in the last 13526.83ms). Ex: slot 0 10409353.805ms -> 10409367.692ms (observed period: 13.887ms, expected period: 16.666ms (-2.779ms))
12-08 12:12:20.666 I/SensorDataTransforms( 1772): [iot:ocal] Staging mux mode updates for {color: ind-1, seqId-86},
12-08 12:12:20.666 I/SensorDataTransforms( 1772): [iot:ocal] Signaling start of the mode transition
12-08 12:12:20.666 I/TrackingService( 1772): [iot:ocal] Start configuration update starting
12-08 12:12:20.666 I/TrackingService( 1772): [iot:ocal] Start configuration update done
12-08 12:12:20.666 I/SensorDataTransforms( 1772): [iot:ocal] Mux mode updates successfully staged
12-08 12:12:20.666 D/TrackingService( 1772): [iot:ocal]Queue mux mode update notification: default
12-08 12:12:20.666 D/TrackingService( 1772): [ocal]start onMuxStateUpdate. ModeId: defaultDisplay -> default
12-08 12:12:20.666 D/TrackingService( 1772): [iot][ocal]handleMuxModeNotification started for muxMode[color: default]
12-08 12:12:20.666 D/TrackingService( 1772): [iot][ocal]handleMuxModeNotification finished for muxMode[color: default]
12-08 12:12:20.666 D/TrackingService( 1772): [ocal]end onMuxStateUpdate. ModeId: defaultDisplay -> default
12-08 12:12:20.666 I/TrackingService( 1772): [                        iot:ocal] Mux Mode Transition from sensor service: defaultDisplay -> default transition time: 0 ms
12-08 12:12:20.668 I/SensorService(  873): Active camera ids set to: []
12-08 12:12:20.668 I/ColorCameraSystem(  873): [color] Switch to utility rate sync mode (60.000 Hz).
12-08 12:12:20.669 I/SyncBossFW(  866): 10409381 [info   ] {GCM }: general_cam_mgr_stop_streaming for cameras 0x30
12-08 12:12:20.669 W/SensorService(  873): received frame for disabled cam5
12-08 12:12:20.671 I/SyncBossFW(  866): 10409384 [info   ] {BRGB}: Disabling display sync mode
12-08 12:12:20.671 I/ColorCameraSystem(  873): [color] Set camera sync mode to free running
12-08 12:12:20.712 I/[drm:dsi_display_set_mode [msm_drm]] [msm-dsi-info](    0): mdp_transfer_time=0, hactive=4128, vactive=2208, fps=90, clk_rate=0
12-08 12:12:20.675 I/SyncBossFW(  866): 10409387 [info   ] {GCM }: general_cam_mgr_set_frame_rate_config cams 0x30 period 16666us
12-08 12:12:20.677 I/SensorService(  873): Active camera ids set to: [4,5]
12-08 12:12:20.677 W/SensorService(  873): [color] Skipped updateSyncbossFrameTag - no updater or override provided
12-08 12:12:20.677 I/TrackingFidelityService( 1765): endTransition[color]: defaultDisplay(2)->default(1), seqId=86, succeeded=true
12-08 12:12:20.677 I/SyncBossFW(  866): 10409390 [info   ] {GCM }: general_cam_mgr_start_streaming for cameras 0x30
12-08 12:12:20.679 E/SyncBossHAL(  873): [error  ] syncboss_hal_impl_camera_v2_metadata.c(380): Failed to match frame for syncbossCamId 32 to recent shutter packet: queue is empty
12-08 12:12:20.679 E/SyncBossHAL(  873): [error  ] syncboss_hal_impl_camera_v2_metadata.c(1401): Failed to match imx471 frame to timestamp packet. cam_id: 32, tag: 3
12-08 12:12:20.679 E/SensorService(  873): SyncbossCameraController::getFrameMetadata(syncbossCamId: 32): rc: -1.
12-08 12:12:20.679 E/SensorService(  873): failed to handle frame metadata for cam 5 streamType 10, dropping frame!
12-08 12:12:20.683 E/SensorService(  873): failed to handle frame metadata for cam 4 streamType 10, dropping frame!
12-08 12:12:20.685 I/libsensortelemetry(  873): Updating camera metrics frame period from 13888 to 16666
12-08 12:12:20.700 E/FrameSetCollator(  873): [{COL:FOVPR}] releasing incomplete frame set: (4:1, 5:0), (deadlineMissed, muxModeMisMatch) = (1, 1), (captureDevTs, currentTs, tolerance, current+tolerance) = (10409400296000, 10409367692000, 30000, 10409367722000), (frame.slotIndex) = (0), (frame.modeIndex, frameSet.modeIndex) = (1, 2)
12-08 12:12:20.703 I/FrameSetDispatcher(  873): [{COL:FOVPR}] 1 older Mux Mode settings are removed.
12-08 12:12:20.703 I/FrameSetDispatcher(  873): [{COL:FOVPR}] Client pid=1574 (MrSSCamS): Remove old Mux Mode 2: slot indices: SLOT_0 
12-08 12:12:20.703 I/FrameSetDispatcher(  873): [{COL:FOVPR}] Client pid=1772 (IOT): Remove old Mux Mode 2: slot indices: SLOT_0 
12-08 12:12:20.705 I/TrackingService( 1772): [iot:ocal] Configuration update starting
12-08 12:12:20.706 I/TrackingService( 1772): [iot:ocal] Configuration update done
12-08 12:12:20.706 I/TrackingService( 1772): [iot:ocal] Finish configuration update starting
12-08 12:12:20.706 I/TrackingService( 1772): [iot:ocal] Finish configuration update done
