12-08 12:12:48.694 D/TrackingService( 1772): 402c25cbf028a4e8: isControllerInHand(12964.52s): 0 ctEnabled: 1 btnPress(12944.62s): 0 *btnOrTpdTouch(12944.72s): 0 *btnOrTpdProx(12945.12s): 0 static(12964.52s): 0 thbstkOffCenter(12934.39s): 0 
12-08 12:12:48.694 D/TrackingService( 1772): [HANDTRACKING] Controller 402c25cbf028a4e8 in hand: N, valid: Y
12-08 12:12:48.694 D/ControllerManagement( 3227): RemoteService::recordControllerStatusUpdate: device 402c25cbf028a4e8: status: CONNECTED_ACTIVE tracking: POSITION, errors: --
12-08 12:12:49.073 D/TrackingService( 1772): 402c25cbf028a4e8: isControllerInHand(12965.40s): 1 ctEnabled: 1 btnPress(12944.62s): 0 *btnOrTpdTouch(12944.72s): 0 *btnOrTpdProx(12945.12s): 0 static(12965.40s): 1 thbstkOffCenter(12934.39s): 0 
12-08 12:12:49.073 D/TrackingService( 1772): [HANDTRACKING] Controller 402c25cbf028a4e8 in hand: Y, valid: Y
12-08 12:12:49.073 D/ControllerManagement( 3227): RemoteService::recordControllerStatusUpdate: device 402c25cbf028a4e8: status: CONNECTED_ACTIVE tracking: POSITION, errors: --
12-08 12:12:49.119 E/libsensortelemetry(  873): imu samples delayed: 4925035ns capture to arrival (ERS limit: 3500000ns)
12-08 12:12:49.144 E/libsensortelemetry( 1772): imu_iot samples delayed: 5005452ns capture to arrival (ERS limit: 3500000ns)
12-08 12:12:49.622 D/TrackingService( 1772): 402c25cbf028a4e8: isControllerInHand(12965.45s): 0 ctEnabled: 1 btnPress(12944.62s): 0 *btnOrTpdTouch(12944.72s): 0 *btnOrTpdProx(12945.12s): 0 static(12965.45s): 0 thbstkOffCenter(12934.39s): 0 
12-08 12:12:49.622 D/TrackingService( 1772): [HANDTRACKING] Controller 402c25cbf028a4e8 in hand: N, valid: Y
12-08 12:12:49.622 D/ControllerManagement( 3227): RemoteService::recordControllerStatusUpdate: device 402c25cbf028a4e8: status: CONNECTED_ACTIVE tracking: POSITION, errors: --
12-08 12:12:50.157 D/TrackingService( 1772): 402c25cbf028a4e8: isControllerInHand(12966.48s): 1 ctEnabled: 1 btnPress(12944.62s): 0 *btnOrTpdTouch(12944.72s): 0 *btnOrTpdProx(12945.12s): 0 static(12966.48s): 1 thbstkOffCenter(12934.39s): 0 
12-08 12:12:50.157 D/TrackingService( 1772): [HANDTRACKING] Controller 402c25cbf028a4e8 in hand: Y, valid: Y
12-08 12:12:50.157 D/ControllerManagement( 3227): RemoteService::recordControllerStatusUpdate: device 402c25cbf028a4e8: status: CONNECTED_ACTIVE tracking: POSITION, errors: --
12-08 12:12:50.659 D/TrackingService( 1772): 402c25cbf028a4e8: isControllerInHand(12966.48s): 0 ctEnabled: 1 btnPress(12944.62s): 0 *btnOrTpdTouch(12944.72s): 0 *btnOrTpdProx(12945.12s): 0 static(12966.48s): 0 thbstkOffCenter(12934.39s): 0 
12-08 12:12:50.659 D/TrackingService( 1772): [HANDTRACKING] Controller 402c25cbf028a4e8 in hand: N, valid: Y
12-08 12:12:50.659 D/ControllerManagement( 3227): RemoteService::recordControllerStatusUpdate: device 402c25cbf028a4e8: status: CONNECTED_ACTIVE tracking: POSITION, errors: --
12-08 12:12:51.663 D/TrackingService( 1772): 402c25cbf028a4e8: isControllerInHand(12967.99s): 1 ctEnabled: 1 btnPress(12944.62s): 0 *btnOrTpdTouch(12944.72s): 0 *btnOrTpdProx(12945.12s): 0 static(12967.99s): 1 thbstkOffCenter(12934.39s): 0 
12-08 12:12:51.663 D/TrackingService( 1772): [HANDTRACKING] Controller 402c25cbf028a4e8 in hand: Y, valid: Y
12-08 12:12:51.664 D/ControllerManagement( 3227): RemoteService::recordControllerStatusUpdate: device 402c25cbf028a4e8: status: CONNECTED_ACTIVE tracking: POSITION, errors: --
12-08 12:12:52.001 W/healthd (    0): battery l=100 v=4366 t=34.0 h=2 st=5 c=-127444 fc=4798000 cc=18 chg=a
12-08 12:12:52.133 W/SyncBossFW(  866): 10440845 [warning] {BSP }: Mag interrupt pin LOW in drdy handler
12-08 12:12:52.398 D/TrackingService( 1772): 402c25cbf028a4e8: isControllerInHand(12968.22s): 0 ctEnabled: 1 btnPress(12944.62s): 0 *btnOrTpdTouch(12944.72s): 0 *btnOrTpdProx(12945.12s): 0 static(12968.22s): 0 thbstkOffCenter(12934.39s): 0 
12-08 12:12:52.398 D/TrackingService( 1772): [HANDTRACKING] Controller 402c25cbf028a4e8 in hand: N, valid: Y
12-08 12:12:52.398 D/ControllerManagement( 3227): RemoteService::recordControllerStatusUpdate: device 402c25cbf028a4e8: status: CONNECTED_ACTIVE tracking: POSITION, errors: --
12-08 12:12:52.609 D/TrackingService( 1772): 402c25cbf028a4e8: isControllerInHand(12968.93s): 1 ctEnabled: 1 btnPress(12944.62s): 0 *btnOrTpdTouch(12944.72s): 0 *btnOrTpdProx(12945.12s): 0 static(12968.93s): 1 thbstkOffCenter(12934.39s): 0 
12-08 12:12:52.609 D/TrackingService( 1772): [HANDTRACKING] Controller 402c25cbf028a4e8 in hand: Y, valid: Y
12-08 12:12:52.609 D/ControllerManagement( 3227): RemoteService::recordControllerStatusUpdate: device 402c25cbf028a4e8: status: CONNECTED_ACTIVE tracking: POSITION, errors: --
12-08 12:12:53.145 D/TrackingService( 1772): 402c25cbf028a4e8: isControllerInHand(12968.97s): 0 ctEnabled: 1 btnPress(12944.62s): 0 *btnOrTpdTouch(12944.72s): 0 *btnOrTpdProx(12945.12s): 0 static(12968.97s): 0 thbstkOffCenter(12934.39s): 0 
12-08 12:12:53.145 D/TrackingService( 1772): [HANDTRACKING] Controller 402c25cbf028a4e8 in hand: N, valid: Y
12-08 12:12:53.145 D/ControllerManagement( 3227): RemoteService::recordControllerStatusUpdate: device 402c25cbf028a4e8: status: CONNECTED_ACTIVE tracking: POSITION, errors: --
12-08 12:12:53.573 D/TrackingService( 1772): 402c25cbf028a4e8: isControllerInHand(12969.90s): 1 ctEnabled: 1 btnPress(12944.62s): 0 *btnOrTpdTouch(12944.72s): 0 *btnOrTpdProx(12945.12s): 0 static(12969.90s): 1 thbstkOffCenter(12934.39s): 0 
12-08 12:12:53.573 D/TrackingService( 1772): [HANDTRACKING] Controller 402c25cbf028a4e8 in hand: Y, valid: Y
12-08 12:12:53.573 D/ControllerManagement( 3227): RemoteService::recordControllerStatusUpdate: device 402c25cbf028a4e8: status: CONNECTED_ACTIVE tracking: POSITION, errors: --
12-08 12:12:54.077 D/TrackingService( 1772): 402c25cbf028a4e8: isControllerInHand(12969.90s): 0 ctEnabled: 1 btnPress(12944.62s): 0 *btnOrTpdTouch(12944.72s): 0 *btnOrTpdProx(12945.12s): 0 static(12969.90s): 0 thbstkOffCenter(12934.39s): 0 
12-08 12:12:54.077 D/TrackingService( 1772): [HANDTRACKING] Controller 402c25cbf028a4e8 in hand: N, valid: Y
12-08 12:12:54.077 D/ControllerManagement( 3227): RemoteService::recordControllerStatusUpdate: device 402c25cbf028a4e8: status: CONNECTED_ACTIVE tracking: POSITION, errors: --
12-08 12:12:54.200 D/TrackingService( 1772): 402c25cbf028a4e8: isControllerInHand(12970.52s): 1 ctEnabled: 1 btnPress(12944.62s): 0 *btnOrTpdTouch(12944.72s): 0 *btnOrTpdProx(12945.12s): 0 static(12970.52s): 1 thbstkOffCenter(12934.39s): 0 
12-08 12:12:54.200 D/TrackingService( 1772): [HANDTRACKING] Controller 402c25cbf028a4e8 in hand: Y, valid: Y
12-08 12:12:54.200 D/ControllerManagement( 3227): RemoteService::recordControllerStatusUpdate: device 402c25cbf028a4e8: status: CONNECTED_ACTIVE tracking: POSITION, errors: --
12-08 12:12:54.332 W/SyncBossFW(  866): 10443043 [warning] {BSP }: Mag interrupt pin LOW in drdy handler
12-08 12:12:55.171 W/SyncBossFW(  866): 10443882 [warning] {BSP }: Mag interrupt pin LOW in drdy handler
12-08 12:12:55.227 D/TrackingService( 1772): 402c25cbf028a4e8: isControllerInHand(12971.05s): 0 ctEnabled: 1 btnPress(12944.62s): 0 *btnOrTpdTouch(12944.72s): 0 *btnOrTpdProx(12945.12s): 0 static(12971.05s): 0 thbstkOffCenter(12934.39s): 0 
12-08 12:12:55.227 D/TrackingService( 1772): [HANDTRACKING] Controller 402c25cbf028a4e8 in hand: N, valid: Y
12-08 12:12:55.227 D/ControllerManagement( 3227): RemoteService::recordControllerStatusUpdate: device 402c25cbf028a4e8: status: CONNECTED_ACTIVE tracking: POSITION, errors: --
12-08 12:12:56.129 D/TrackingService( 1772): 402c25cbf028a4e8: isControllerInHand(12972.45s): 1 ctEnabled: 1 btnPress(12944.62s): 0 *btnOrTpdTouch(12944.72s): 0 *btnOrTpdProx(12945.12s): 0 static(12972.45s): 1 thbstkOffCenter(12934.39s): 0 
12-08 12:12:56.129 D/TrackingService( 1772): [HANDTRACKING] Controller 402c25cbf028a4e8 in hand: Y, valid: Y
12-08 12:12:56.130 D/ControllerManagement( 3227): RemoteService::recordControllerStatusUpdate: device 402c25cbf028a4e8: status: CONNECTED_ACTIVE tracking: POSITION, errors: --
12-08 12:12:56.771 D/TrackingService( 1772): 402c25cbf028a4e8: isControllerInHand(12972.60s): 0 ctEnabled: 1 btnPress(12944.62s): 0 *btnOrTpdTouch(12944.72s): 0 *btnOrTpdProx(12945.12s): 0 static(12972.60s): 0 thbstkOffCenter(12934.39s): 0 
12-08 12:12:56.771 D/TrackingService( 1772): [HANDTRACKING] Controller 402c25cbf028a4e8 in hand: N, valid: Y
12-08 12:12:56.771 D/ControllerManagement( 3227): RemoteService::recordControllerStatusUpdate: device 402c25cbf028a4e8: status: CONNECTED_ACTIVE tracking: POSITION, errors: --
12-08 12:12:57.791 D/TrackingService( 1772): 402c25cbf028a4e8: isControllerInHand(12974.12s): 1 ctEnabled: 1 btnPress(12944.62s): 0 *btnOrTpdTouch(12944.72s): 0 *btnOrTpdProx(12945.12s): 0 static(12974.12s): 1 thbstkOffCenter(12934.39s): 0 
12-08 12:12:57.791 D/TrackingService( 1772): [HANDTRACKING] Controller 402c25cbf028a4e8 in hand: Y, valid: Y
12-08 12:12:57.791 D/ControllerManagement( 3227): RemoteService::recordControllerStatusUpdate: device 402c25cbf028a4e8: status: CONNECTED_ACTIVE tracking: POSITION, errors: --
12-08 12:12:58.294 D/TrackingService( 1772): 402c25cbf028a4e8: isControllerInHand(12974.12s): 0 ctEnabled: 1 btnPress(12944.62s): 0 *btnOrTpdTouch(12944.72s): 0 *btnOrTpdProx(12945.12s): 0 static(12974.12s): 0 thbstkOffCenter(12934.39s): 0 
12-08 12:12:58.294 D/TrackingService( 1772): [HANDTRACKING] Controller 402c25cbf028a4e8 in hand: N, valid: Y
12-08 12:12:58.294 D/ControllerManagement( 3227): RemoteService::recordControllerStatusUpdate: device 402c25cbf028a4e8: status: CONNECTED_ACTIVE tracking: POSITION, errors: --
12-08 12:12:59.417 I/logd_ext(    0): dropped 5000 logs
12-08 12:13:01.315 D/ActivityManager( 2051): freezing 4855 com.microsoft.rdc.androidx
12-08 12:13:01.544 D/TrackingService( 1772): 402c25cbf028a4e8: isControllerInHand(12977.87s): 1 ctEnabled: 1 btnPress(12944.62s): 0 *btnOrTpdTouch(12944.72s): 0 *btnOrTpdProx(12945.12s): 0 static(12977.87s): 1 thbstkOffCenter(12934.39s): 0 
12-08 12:13:01.544 D/TrackingService( 1772): [HANDTRACKING] Controller 402c25cbf028a4e8 in hand: Y, valid: Y
12-08 12:13:01.544 D/ControllerManagement( 3227): RemoteService::recordControllerStatusUpdate: device 402c25cbf028a4e8: status: CONNECTED_ACTIVE tracking: POSITION, errors: --
12-08 12:13:02.011 W/healthd (    0): battery l=100 v=4372 t=34.0 h=2 st=5 c=-75441 fc=4798000 cc=18 chg=a
12-08 12:13:02.405 W/SyncBossFW(  866): 10451115 [warning] {BSP }: Mag interrupt pin LOW in drdy handler
12-08 12:13:03.124 D/CameraStream(  873): [ocal] Client [IOT(1772)] attempting start
12-08 12:13:03.125 I/FrameSetDispatcher(  873): [{COL:FOVPR}] Client pid=1772 (IOT): Client thread[{COL:FOVPR}:IOT] started
12-08 12:13:03.125 I/CameraClientManager(  873): [IOT(1772)][ocal] client started (estimated 1 started clients total)
12-08 12:13:03.125 I/CameraClientManager(  873): [[IOT(1772)][ocal]] definitely starting stream
12-08 12:13:03.125 I/SensorService(  873): [color] Starting cameras for purpose ocal
12-08 12:13:03.125 I/FrameSetCollator(  873): [{COL:FOVPR}] Skipping start, current start count: 2
12-08 12:13:03.125 I/SensorService(  873): [color] Starting camera streams for purpose: ocal, current muxmode = 1
12-08 12:13:03.125 I/CameraClientManager(  873): [[IOT(1772)][ocal]] stream start completed
12-08 12:13:03.125 D/CameraStream(  873): [ocal] Client [IOT(1772)]: start complete
12-08 12:13:03.125 W/TrackingService( 1772): trying to start depth stream when 3-way OCal is not enabled
12-08 12:13:03.129 W/TrackingService( 1772): 1 late Color frame set were dropped: timestamp 10451.825044, last release 10451.826044.
12-08 12:13:03.146 D/TrackingService( 1772): 402c25cbf028a4e8: isControllerInHand(12978.97s): 0 ctEnabled: 1 btnPress(12944.62s): 0 *btnOrTpdTouch(12944.72s): 0 *btnOrTpdProx(12945.12s): 0 static(12978.97s): 0 thbstkOffCenter(12934.39s): 0 
12-08 12:13:03.146 D/TrackingService( 1772): [HANDTRACKING] Controller 402c25cbf028a4e8 in hand: N, valid: Y
12-08 12:13:03.146 D/ControllerManagement( 3227): RemoteService::recordControllerStatusUpdate: device 402c25cbf028a4e8: status: CONNECTED_ACTIVE tracking: POSITION, errors: --
12-08 12:13:04.299 D/CameraStream(  873): [ocal] Client [IOT(1772)] attempting stop
12-08 12:13:04.299 I/FrameSetDispatcher(  873): [{COL:FOVPR}] Client pid=1772 (IOT): Client thread stopping
12-08 12:13:04.305 I/CameraClientManager(  873): [IOT(1772)][ocal] client stopped (estimated 0 started clients remaining)
12-08 12:13:04.305 I/CameraClientManager(  873): [[IOT(1772)][ocal]] definitely stopping stream
12-08 12:13:04.305 I/SensorService(  873): [color] Stopping cameras for purpose ocal
12-08 12:13:04.305 I/FrameSetCollator(  873): [{COL:FOVPR}] Skipping stop, start count: 1
12-08 12:13:04.305 I/SensorService(  873): [color] Stopping camera streams for purpose: ocal
12-08 12:13:04.305 I/CameraClientManager(  873): [[IOT(1772)][ocal]] stream stop completed
12-08 12:13:04.305 D/CameraStream(  873): [ocal] Client [IOT(1772)]: stop complete
12-08 12:13:04.305 W/TrackingService( 1772): trying to stop depth stream when 3-way OCal is not enabled
12-08 12:13:04.567 W/ProcessStats( 2051): Tracking association SourceState{77a59bf com.oculus.ocms/10068 BTop #23916} whose proc state 2 is better than process ProcessState{8849b52 com.oculus.userserver2/10058 pkg=com.oculus.userserver2} proc state 5 (2 skipped)
12-08 12:13:07.134 D/TrackingService( 1772): 402c25cbf028a4e8: isControllerInHand(12983.46s): 1 ctEnabled: 1 btnPress(12944.62s): 0 *btnOrTpdTouch(12944.72s): 0 *btnOrTpdProx(12945.12s): 0 static(12983.46s): 1 thbstkOffCenter(12934.39s): 0 
12-08 12:13:07.134 D/TrackingService( 1772): [HANDTRACKING] Controller 402c25cbf028a4e8 in hand: Y, valid: Y
12-08 12:13:07.135 D/ControllerManagement( 3227): RemoteService::recordControllerStatusUpdate: device 402c25cbf028a4e8: status: CONNECTED_ACTIVE tracking: POSITION, errors: --
12-08 12:13:07.325 W/healthd (    0): battery l=100 v=4375 t=34.0 h=2 st=5 c=-124148 fc=4798000 cc=18 chg=a
12-08 12:13:07.687 D/TrackingService( 1772): 402c25cbf028a4e8: isControllerInHand(12983.51s): 0 ctEnabled: 1 btnPress(12944.62s): 0 *btnOrTpdTouch(12944.72s): 0 *btnOrTpdProx(12945.12s): 0 static(12983.51s): 0 thbstkOffCenter(12934.39s): 0 
12-08 12:13:07.687 D/TrackingService( 1772): [HANDTRACKING] Controller 402c25cbf028a4e8 in hand: N, valid: Y
12-08 12:13:07.687 D/ControllerManagement( 3227): RemoteService::recordControllerStatusUpdate: device 402c25cbf028a4e8: status: CONNECTED_ACTIVE tracking: POSITION, errors: --
12-08 12:13:07.907 D/TrackingService( 1772): 402c25cbf028a4e8: isControllerInHand(12984.23s): 1 ctEnabled: 1 btnPress(12944.62s): 0 *btnOrTpdTouch(12944.72s): 0 *btnOrTpdProx(12945.12s): 0 static(12984.23s): 1 thbstkOffCenter(12934.39s): 0 
12-08 12:13:07.907 D/TrackingService( 1772): [HANDTRACKING] Controller 402c25cbf028a4e8 in hand: Y, valid: Y
12-08 12:13:07.908 D/ControllerManagement( 3227): RemoteService::recordControllerStatusUpdate: device 402c25cbf028a4e8: status: CONNECTED_ACTIVE tracking: POSITION, errors: --
12-08 12:13:09.317 E/libsensortelemetry(  873): imu samples delayed: 4958714ns capture to arrival (ERS limit: 3500000ns)
12-08 12:13:09.361 E/libsensortelemetry( 1772): imu_iot samples delayed: 5053037ns capture to arrival (ERS limit: 3500000ns)
12-08 12:13:12.021 W/healthd (    0): battery l=100 v=4371 t=34.0 h=2 st=5 c=-98513 fc=4798000 cc=18 chg=a
12-08 12:13:14.957 D/ControllerManagement( 3227): RemoteService::recordControllerStatusUpdate: device 402c25cbf028a4e8: status: CONNECTED_ACTIVE tracking: ORIENTATION, errors: --
12-08 12:13:15.042 D/ControllerManagement( 3227): RemoteService::recordControllerStatusUpdate: device 402c25cbf028a4e8: status: CONNECTED_ACTIVE tracking: POSITION, errors: --
12-08 12:13:15.303 W/ProcessStats( 2051): Tracking association SourceState{77a59bf com.oculus.ocms/10068 BTop #23920} whose proc state 2 is better than process ProcessState{8849b52 com.oculus.userserver2/10058 pkg=com.oculus.userserver2} proc state 5 (1 skipped)
12-08 12:13:15.956 D/TrackingService( 1772): 402c25cbf028a4e8: isControllerInHand(12991.67s): 0 ctEnabled: 1 btnPress(12990.28s): 0 *btnOrTpdTouch(12990.58s): 0 *btnOrTpdProx(12991.06s): 0 static(12991.67s): 0 thbstkOffCenter(12934.39s): 0 
12-08 12:13:15.957 D/TrackingService( 1772): [HANDTRACKING] Controller 402c25cbf028a4e8 in hand: N, valid: Y
12-08 12:13:15.957 D/ControllerManagement( 3227): RemoteService::recordControllerStatusUpdate: device 402c25cbf028a4e8: status: CONNECTED_ACTIVE tracking: POSITION, errors: --
12-08 12:13:17.425 I/logd_ext(    0): dropped 5000 logs
12-08 12:13:22.063 W/healthd (    0): battery l=100 v=4373 t=34.0 h=2 st=5 c=0 fc=4798000 cc=18 chg=a
12-08 12:13:24.324 D/CameraStream(  873): [ocal] Client [IOT(1772)] attempting start
12-08 12:13:24.324 I/FrameSetDispatcher(  873): [{COL:FOVPR}] Client pid=1772 (IOT): Client thread[{COL:FOVPR}:IOT] started
12-08 12:13:24.324 I/CameraClientManager(  873): [IOT(1772)][ocal] client started (estimated 1 started clients total)
12-08 12:13:24.324 I/CameraClientManager(  873): [[IOT(1772)][ocal]] definitely starting stream
12-08 12:13:24.324 I/SensorService(  873): [color] Starting cameras for purpose ocal
12-08 12:13:24.324 I/FrameSetCollator(  873): [{COL:FOVPR}] Skipping start, current start count: 2
12-08 12:13:24.324 I/SensorService(  873): [color] Starting camera streams for purpose: ocal, current muxmode = 1
12-08 12:13:24.324 I/CameraClientManager(  873): [[IOT(1772)][ocal]] stream start completed
12-08 12:13:24.324 D/CameraStream(  873): [ocal] Client [IOT(1772)]: start complete
12-08 12:13:24.324 W/TrackingService( 1772): trying to start depth stream when 3-way OCal is not enabled
12-08 12:13:24.328 W/TrackingService( 1772): 1 late Color frame set were dropped: timestamp 10473.024196, last release 10473.025196.
12-08 12:13:24.935 D/TrackingService( 1772): 402c25cbf028a4e8: isControllerInHand(13001.26s): 1 ctEnabled: 1 btnPress(12990.28s): 0 *btnOrTpdTouch(12990.58s): 0 *btnOrTpdProx(12991.06s): 0 static(13001.26s): 1 thbstkOffCenter(12934.39s): 0 
12-08 12:13:24.935 D/TrackingService( 1772): [HANDTRACKING] Controller 402c25cbf028a4e8 in hand: Y, valid: Y
12-08 12:13:24.935 D/ControllerManagement( 3227): RemoteService::recordControllerStatusUpdate: device 402c25cbf028a4e8: status: CONNECTED_ACTIVE tracking: POSITION, errors: --
12-08 12:13:25.501 D/CameraStream(  873): [ocal] Client [IOT(1772)] attempting stop
12-08 12:13:25.501 I/FrameSetDispatcher(  873): [{COL:FOVPR}] Client pid=1772 (IOT): Client thread stopping
12-08 12:13:25.507 I/CameraClientManager(  873): [IOT(1772)][ocal] client stopped (estimated 0 started clients remaining)
12-08 12:13:25.508 I/CameraClientManager(  873): [[IOT(1772)][ocal]] definitely stopping stream
12-08 12:13:25.508 I/SensorService(  873): [color] Stopping cameras for purpose ocal
12-08 12:13:25.508 I/FrameSetCollator(  873): [{COL:FOVPR}] Skipping stop, start count: 1
12-08 12:13:25.508 I/SensorService(  873): [color] Stopping camera streams for purpose: ocal
12-08 12:13:25.508 I/CameraClientManager(  873): [[IOT(1772)][ocal]] stream stop completed
12-08 12:13:25.508 D/CameraStream(  873): [ocal] Client [IOT(1772)]: stop complete
12-08 12:13:25.508 W/TrackingService( 1772): trying to stop depth stream when 3-way OCal is not enabled
12-08 12:13:25.531 D/TrackingService( 1772): 402c25cbf028a4e8: isControllerInHand(13001.35s): 0 ctEnabled: 1 btnPress(12990.28s): 0 *btnOrTpdTouch(12990.58s): 0 *btnOrTpdProx(12991.06s): 0 static(13001.35s): 0 thbstkOffCenter(12934.39s): 0 
12-08 12:13:25.531 D/TrackingService( 1772): [HANDTRACKING] Controller 402c25cbf028a4e8 in hand: N, valid: Y
12-08 12:13:25.531 D/ControllerManagement( 3227): RemoteService::recordControllerStatusUpdate: device 402c25cbf028a4e8: status: CONNECTED_ACTIVE tracking: POSITION, errors: --
12-08 12:13:25.879 D/CompatibilityChangeReporter( 2051): Compat change id reported: 173031413; UID 1000; state: ENABLED
12-08 12:13:26.029 W/ProcessStats( 2051): Tracking association SourceState{77a59bf com.oculus.ocms/10068 BTop #23924} whose proc state 2 is better than process ProcessState{8849b52 com.oculus.userserver2/10058 pkg=com.oculus.userserver2} proc state 5 (1 skipped)
12-08 12:13:27.475 D/TrackingService( 1772): 402c25cbf028a4e8: isControllerInHand(13003.80s): 1 ctEnabled: 1 btnPress(12990.28s): 0 *btnOrTpdTouch(12990.58s): 0 *btnOrTpdProx(12991.06s): 0 static(13003.80s): 1 thbstkOffCenter(12934.39s): 0 
12-08 12:13:27.475 D/TrackingService( 1772): [HANDTRACKING] Controller 402c25cbf028a4e8 in hand: Y, valid: Y
12-08 12:13:27.476 D/ControllerManagement( 3227): RemoteService::recordControllerStatusUpdate: device 402c25cbf028a4e8: status: CONNECTED_ACTIVE tracking: POSITION, errors: --
12-08 12:13:28.001 D/TrackingService( 1772): 402c25cbf028a4e8: isControllerInHand(13003.83s): 0 ctEnabled: 1 btnPress(12990.28s): 0 *btnOrTpdTouch(12990.58s): 0 *btnOrTpdProx(12991.06s): 0 static(13003.83s): 0 thbstkOffCenter(12934.39s): 0 
12-08 12:13:28.001 D/TrackingService( 1772): [HANDTRACKING] Controller 402c25cbf028a4e8 in hand: N, valid: Y
12-08 12:13:28.001 D/ControllerManagement( 3227): RemoteService::recordControllerStatusUpdate: device 402c25cbf028a4e8: status: CONNECTED_ACTIVE tracking: POSITION, errors: --
12-08 12:13:29.519 E/libsensortelemetry(  873): imu samples delayed: 4882903ns capture to arrival (ERS limit: 3500000ns)
12-08 12:13:29.573 E/libsensortelemetry( 1772): imu_iot samples delayed: 4965612ns capture to arrival (ERS limit: 3500000ns)
12-08 12:13:32.041 W/healthd (    0): battery l=100 v=4368 t=34.0 h=2 st=5 c=-140262 fc=4798000 cc=18 chg=a
12-08 12:13:33.585 D/TrackingService( 1772): 402c25cbf028a4e8: isControllerInHand(13009.91s): 1 ctEnabled: 1 btnPress(12990.28s): 0 *btnOrTpdTouch(12990.58s): 0 *btnOrTpdProx(12991.06s): 0 static(13009.91s): 1 thbstkOffCenter(12934.39s): 0 
12-08 12:13:33.585 D/TrackingService( 1772): [HANDTRACKING] Controller 402c25cbf028a4e8 in hand: Y, valid: Y
12-08 12:13:33.585 D/ControllerManagement( 3227): RemoteService::recordControllerStatusUpdate: device 402c25cbf028a4e8: status: CONNECTED_ACTIVE tracking: POSITION, errors: --
12-08 12:13:34.127 D/TrackingService( 1772): 402c25cbf028a4e8: isControllerInHand(13009.95s): 0 ctEnabled: 1 btnPress(12990.28s): 0 *btnOrTpdTouch(12990.58s): 0 *btnOrTpdProx(12991.06s): 0 static(13009.95s): 0 thbstkOffCenter(12934.39s): 0 
12-08 12:13:34.127 D/TrackingService( 1772): [HANDTRACKING] Controller 402c25cbf028a4e8 in hand: N, valid: Y
12-08 12:13:34.127 D/ControllerManagement( 3227): RemoteService::recordControllerStatusUpdate: device 402c25cbf028a4e8: status: CONNECTED_ACTIVE tracking: POSITION, errors: --
12-08 12:13:36.783 W/ProcessStats( 2051): Tracking association SourceState{77a59bf com.oculus.ocms/10068 BTop #23928} whose proc state 2 is better than process ProcessState{8849b52 com.oculus.userserver2/10058 pkg=com.oculus.userserver2} proc state 5 (1 skipped)
12-08 12:13:38.256 I/logd_ext(    0): dropped 5000 logs
12-08 12:13:39.755 I/SyncBossHAL(  873): [info   ] syncboss_hal_input_controller.c(66): 402c25cbf028a4e8: IMU 0 missed/60000 expected (PER 0.00%), 0 max consecutive drops
12-08 12:13:42.051 W/healthd (    0): battery l=100 v=4366 t=35.0 h=2 st=5 c=-273566 fc=4798000 cc=18 chg=a
--------- beginning of main
12-08 12:13:42.478 D/MoonBridge( 5321): bridgeDrSubmitDecodeUnit: frame=4326 frameType=0 len=15112 type=0
12-08 12:13:42.494 I/MoonBridge( 5321): BridgeDrSubmitDecodeUnit: frame=4327 frameType=0 fullLength=18136
12-08 12:13:42.494 D/MoonBridge( 5321): bridgeDrSubmitDecodeUnit: frame=4327 frameType=0 len=18136 type=0
12-08 12:13:42.513 I/MoonBridge( 5321): BridgeDrSubmitDecodeUnit: frame=4328 frameType=0 fullLength=53416
12-08 12:13:42.513 D/MoonBridge( 5321): bridgeDrSubmitDecodeUnit: frame=4328 frameType=0 len=53416 type=0
12-08 12:13:42.527 I/MoonBridge( 5321): BridgeDrSubmitDecodeUnit: frame=4329 frameType=0 fullLength=12088
12-08 12:13:42.527 D/MoonBridge( 5321): bridgeDrSubmitDecodeUnit: frame=4329 frameType=0 len=12088 type=0
12-08 12:13:42.543 I/Tracking( 1772): WifiCacheProvider: Updating wifi cache from map
12-08 12:13:42.545 I/MoonBridge( 5321): BridgeDrSubmitDecodeUnit: frame=4330 frameType=0 fullLength=14104
12-08 12:13:42.545 D/MoonBridge( 5321): bridgeDrSubmitDecodeUnit: frame=4330 frameType=0 len=14104 type=0
12-08 12:13:42.562 I/MoonBridge( 5321): BridgeDrSubmitDecodeUnit: frame=4331 frameType=0 fullLength=17128
12-08 12:13:42.563 D/MoonBridge( 5321): bridgeDrSubmitDecodeUnit: frame=4331 frameType=0 len=17128 type=0
12-08 12:13:42.580 I/MoonBridge( 5321): BridgeDrSubmitDecodeUnit: frame=4332 frameType=0 fullLength=49384
12-08 12:13:42.580 D/MoonBridge( 5321): bridgeDrSubmitDecodeUnit: frame=4332 frameType=0 len=49384 type=0
12-08 12:13:42.581 I/QC2PerfCtrl(  860): isNewSession:0 isActiveEncodeSession:0 isUHDSession: 0 totalFPS:57.823528, totalSession:1,
12-08 12:13:42.582 E/perfservice(  864): End applying 'END_HINT' from hint 'VIDEO' - Failed after 5 retries - Latency: 0.668ms
12-08 12:13:42.582 E/perfservice(  864):   >> Failed final validation: /sys/block/dm-0/queue/read_ahead_kb=512
12-08 12:13:42.582 E/perfservice(  864):   >> Failed final validation: /sys/block/dm-1/queue/read_ahead_kb=512
12-08 12:13:42.582 E/perfservice(  864): End applying 'START_HINT' from hint 'VIDEO' - Failed after 5 retries - Latency: 0.651ms
12-08 12:13:42.582 E/perfservice(  864):   >> Failed final validation: /sys/block/dm-0/queue/read_ahead_kb=512
12-08 12:13:42.582 E/perfservice(  864):   >> Failed final validation: /sys/block/dm-1/queue/read_ahead_kb=512
12-08 12:13:42.596 I/MoonBridge( 5321): BridgeDrSubmitDecodeUnit: frame=4333 frameType=0 fullLength=19144
12-08 12:13:42.596 D/MoonBridge( 5321): bridgeDrSubmitDecodeUnit: frame=4333 frameType=0 len=19144 type=0
12-08 12:13:42.596 I/QC2PerfCtrl(  860): isNewSession:0 isActiveEncodeSession:0 isUHDSession: 0 totalFPS:65.666664, totalSession:1,
12-08 12:13:42.597 E/perfservice(  864): End applying 'END_HINT' from hint 'VIDEO' - Failed after 5 retries - Latency: 0.545ms
12-08 12:13:42.598 E/perfservice(  864):   >> Failed final validation: /sys/block/dm-0/queue/read_ahead_kb=512
12-08 12:13:42.598 E/perfservice(  864):   >> Failed final validation: /sys/block/dm-1/queue/read_ahead_kb=512
12-08 12:13:42.598 E/perfservice(  864): End applying 'START_HINT' from hint 'VIDEO' - Failed after 5 retries - Latency: 0.664ms
12-08 12:13:42.598 E/perfservice(  864):   >> Failed final validation: /sys/block/dm-0/queue/read_ahead_kb=512
12-08 12:13:42.598 E/perfservice(  864):   >> Failed final validation: /sys/block/dm-1/queue/read_ahead_kb=512
12-08 12:13:42.612 I/MoonBridge( 5321): BridgeDrSubmitDecodeUnit: frame=4334 frameType=0 fullLength=19144
12-08 12:13:42.612 D/MoonBridge( 5321): bridgeDrSubmitDecodeUnit: frame=4334 frameType=0 len=19144 type=0
12-08 12:13:42.630 I/MoonBridge( 5321): BridgeDrSubmitDecodeUnit: frame=4335 frameType=0 fullLength=20152
12-08 12:13:42.630 D/MoonBridge( 5321): bridgeDrSubmitDecodeUnit: frame=4335 frameType=0 len=20152 type=0
12-08 12:13:42.647 I/MoonBridge( 5321): BridgeDrSubmitDecodeUnit: frame=4336 frameType=0 fullLength=56440
12-08 12:13:42.647 D/MoonBridge( 5321): bridgeDrSubmitDecodeUnit: frame=4336 frameType=0 len=56440 type=0
12-08 12:13:42.647 I/QC2PerfCtrl(  860): isNewSession:0 isActiveEncodeSession:0 isUHDSession: 0 totalFPS:57.823528, totalSession:1,
12-08 12:13:42.648 E/perfservice(  864): End applying 'END_HINT' from hint 'VIDEO' - Failed after 5 retries - Latency: 0.600ms
12-08 12:13:42.648 E/perfservice(  864):   >> Failed final validation: /sys/block/dm-0/queue/read_ahead_kb=512
12-08 12:13:42.648 E/perfservice(  864):   >> Failed final validation: /sys/block/dm-1/queue/read_ahead_kb=512
12-08 12:13:42.649 E/perfservice(  864): End applying 'START_HINT' from hint 'VIDEO' - Failed after 5 retries - Latency: 0.607ms
12-08 12:13:42.649 E/perfservice(  864):   >> Failed final validation: /sys/block/dm-0/queue/read_ahead_kb=512
12-08 12:13:42.649 E/perfservice(  864):   >> Failed final validation: /sys/block/dm-1/queue/read_ahead_kb=512
12-08 12:13:42.662 I/MoonBridge( 5321): BridgeDrSubmitDecodeUnit: frame=4337 frameType=0 fullLength=16120
12-08 12:13:42.662 D/MoonBridge( 5321): bridgeDrSubmitDecodeUnit: frame=4337 frameType=0 len=16120 type=0
12-08 12:13:42.683 I/MoonBridge( 5321): BridgeDrSubmitDecodeUnit: frame=4338 frameType=0 fullLength=18136
12-08 12:13:42.683 D/MoonBridge( 5321): bridgeDrSubmitDecodeUnit: frame=4338 frameType=0 len=18136 type=0
12-08 12:13:42.686 I/MoonBridge( 5321): BridgeDrSubmitDecodeUnit: frame=4339 frameType=0 fullLength=18136
12-08 12:13:42.686 D/MoonBridge( 5321): bridgeDrSubmitDecodeUnit: frame=4339 frameType=0 len=18136 type=0
12-08 12:13:42.687 I/QC2PerfCtrl(  860): isNewSession:0 isActiveEncodeSession:0 isUHDSession: 0 totalFPS:249.000000, totalSession:1,
12-08 12:13:42.688 E/perfservice(  864): End applying 'END_HINT' from hint 'VIDEO' - Failed after 5 retries - Latency: 0.628ms
12-08 12:13:42.688 E/perfservice(  864):   >> Failed final validation: /sys/block/dm-0/queue/read_ahead_kb=512
12-08 12:13:42.688 E/perfservice(  864):   >> Failed final validation: /sys/block/dm-1/queue/read_ahead_kb=512
12-08 12:13:42.688 E/perfservice(  864): End applying 'START_HINT' from hint 'VIDEO' - Failed after 5 retries - Latency: 0.588ms
12-08 12:13:42.688 E/perfservice(  864):   >> Failed final validation: /sys/block/dm-0/queue/read_ahead_kb=512
12-08 12:13:42.688 E/perfservice(  864):   >> Failed final validation: /sys/block/dm-1/queue/read_ahead_kb=512
12-08 12:13:42.705 I/MoonBridge( 5321): BridgeDrSubmitDecodeUnit: frame=4340 frameType=0 fullLength=56440
12-08 12:13:42.705 D/MoonBridge( 5321): bridgeDrSubmitDecodeUnit: frame=4340 frameType=0 len=56440 type=0
12-08 12:13:42.717 I/MRSS    ( 1574): MIXEDREALITY: EnvironmentDepthMetacapability: processTelemetry client com.oculus.vrshell state true aggregated 0
12-08 12:13:42.720 I/MoonBridge( 5321): BridgeDrSubmitDecodeUnit: frame=4341 frameType=0 fullLength=16120
12-08 12:13:42.720 D/MoonBridge( 5321): bridgeDrSubmitDecodeUnit: frame=4341 frameType=0 len=16120 type=0
12-08 12:13:42.731 I/MRSS    ( 1574): EvaController: Sessions: CvpPreprocessor(DSP)(Running) with 4 handles: WARP(150),WARP(150),PYRAMID(150),PYRAMID(150),; 
12-08 12:13:42.737 I/MoonBridge( 5321): BridgeDrSubmitDecodeUnit: frame=4342 frameType=0 fullLength=17128
12-08 12:13:42.737 D/MoonBridge( 5321): bridgeDrSubmitDecodeUnit: frame=4342 frameType=0 len=17128 type=0
12-08 12:13:42.737 I/QC2PerfCtrl(  860): isNewSession:0 isActiveEncodeSession:0 isUHDSession: 0 totalFPS:61.500000, totalSession:1,
12-08 12:13:42.738 E/perfservice(  864): End applying 'END_HINT' from hint 'VIDEO' - Failed after 5 retries - Latency: 0.537ms
12-08 12:13:42.738 E/perfservice(  864):   >> Failed final validation: /sys/block/dm-0/queue/read_ahead_kb=512
12-08 12:13:42.738 E/perfservice(  864):   >> Failed final validation: /sys/block/dm-1/queue/read_ahead_kb=512
12-08 12:13:42.738 E/perfservice(  864): End applying 'START_HINT' from hint 'VIDEO' - Failed after 5 retries - Latency: 0.482ms
12-08 12:13:42.739 E/perfservice(  864):   >> Failed final validation: /sys/block/dm-0/queue/read_ahead_kb=512
12-08 12:13:42.739 E/perfservice(  864):   >> Failed final validation: /sys/block/dm-1/queue/read_ahead_kb=512
12-08 12:13:42.752 D/TrackingService( 1772): 402c25cbf028a4e8: isControllerInHand(13019.08s): 1 ctEnabled: 1 btnPress(12990.28s): 0 *btnOrTpdTouch(12990.58s): 0 *btnOrTpdProx(12991.06s): 0 static(13019.08s): 1 thbstkOffCenter(12934.39s): 0 
12-08 12:13:42.752 D/TrackingService( 1772): [HANDTRACKING] Controller 402c25cbf028a4e8 in hand: Y, valid: Y
12-08 12:13:42.752 D/ControllerManagement( 3227): RemoteService::recordControllerStatusUpdate: device 402c25cbf028a4e8: status: CONNECTED_ACTIVE tracking: POSITION, errors: --
12-08 12:13:42.759 I/MoonBridge( 5321): BridgeDrSubmitDecodeUnit: frame=4343 frameType=0 fullLength=18136
12-08 12:13:42.759 D/MoonBridge( 5321): bridgeDrSubmitDecodeUnit: frame=4343 frameType=0 len=18136 type=0
12-08 12:13:42.762 I/MoonBridge( 5321): BridgeDrSubmitDecodeUnit: frame=4344 frameType=0 fullLength=20152
12-08 12:13:42.763 D/MoonBridge( 5321): bridgeDrSubmitDecodeUnit: frame=4344 frameType=0 len=20152 type=0
12-08 12:13:42.763 I/QC2PerfCtrl(  860): isNewSession:0 isActiveEncodeSession:0 isUHDSession: 0 totalFPS:332.333344, totalSession:1,
12-08 12:13:42.764 E/perfservice(  864): End applying 'START_HINT' from hint 'VIDEO' - Failed after 5 retries - Latency: 0.445ms
12-08 12:13:42.765 E/perfservice(  864):   >> Failed final validation: /sys/block/dm-0/queue/read_ahead_kb=512
12-08 12:13:42.765 E/perfservice(  864):   >> Failed final validation: /sys/block/dm-1/queue/read_ahead_kb=512
12-08 12:13:42.771 I/GraphicsGovernor( 3567): Dynamic Foveation Lvl 3, Min Foveation Lvl 3, DynRes Enabled 0, DynRes Scaler 1.000000
12-08 12:13:42.775 I/OpenXR_ClientState( 5321): [OATS]: IP changed: /user/hand/right/interaction_profiles/meta/touch_controller_plus, 7
12-08 12:13:42.779 I/MoonBridge( 5321): BridgeDrSubmitDecodeUnit: frame=4345 frameType=0 fullLength=57448
12-08 12:13:42.779 D/MoonBridge( 5321): bridgeDrSubmitDecodeUnit: frame=4345 frameType=0 len=57448 type=0
12-08 12:13:42.786 I/HorizonStandalone( 5321): Hmi: Interaction profile changed: /user/hand/right is /interaction_profiles/meta/touch_controller_plus
12-08 12:13:42.793 I/MoonBridge( 5321): BridgeDrSubmitDecodeUnit: frame=4346 frameType=0 fullLength=18136
12-08 12:13:42.793 D/MoonBridge( 5321): bridgeDrSubmitDecodeUnit: frame=4346 frameType=0 len=18136 type=0
12-08 12:13:42.809 I/MoonBridge( 5321): BridgeDrSubmitDecodeUnit: frame=4347 frameType=0 fullLength=18136
12-08 12:13:42.809 D/MoonBridge( 5321): bridgeDrSubmitDecodeUnit: frame=4347 frameType=0 len=18136 type=0
12-08 12:13:42.810 I/QC2PerfCtrl(  860): isNewSession:0 isActiveEncodeSession:0 isUHDSession: 0 totalFPS:75.923080, totalSession:1,
12-08 12:13:42.811 E/perfservice(  864): End applying 'END_HINT' from hint 'VIDEO' - Failed after 5 retries - Latency: 0.541ms
12-08 12:13:42.811 E/perfservice(  864):   >> Failed final validation: /sys/block/dm-0/queue/read_ahead_kb=512
12-08 12:13:42.811 E/perfservice(  864):   >> Failed final validation: /sys/block/dm-1/queue/read_ahead_kb=512
12-08 12:13:42.811 E/perfservice(  864): End applying 'START_HINT' from hint 'VIDEO' - Failed after 5 retries - Latency: 0.655ms
12-08 12:13:42.811 E/perfservice(  864):   >> Failed final validation: /sys/block/dm-0/queue/read_ahead_kb=512
12-08 12:13:42.811 E/perfservice(  864):   >> Failed final validation: /sys/block/dm-1/queue/read_ahead_kb=512
12-08 12:13:42.826 I/MoonBridge( 5321): BridgeDrSubmitDecodeUnit: frame=4348 frameType=0 fullLength=21160
12-08 12:13:42.826 D/MoonBridge( 5321): bridgeDrSubmitDecodeUnit: frame=4348 frameType=0 len=21160 type=0
12-08 12:13:42.847 I/MoonBridge( 5321): BridgeDrSubmitDecodeUnit: frame=4349 frameType=0 fullLength=57448
12-08 12:13:42.847 I/VD628x  (  871): Flicker results: freq 585.394287, max 310.193817, dcr 46.658768, pct 0.000108, idx 0.000118, conf 0.000000, snr -40.000000, svm 0.000354, sus 2
12-08 12:13:42.847 D/MoonBridge( 5321): bridgeDrSubmitDecodeUnit: frame=4349 frameType=0 len=57448 type=0
12-08 12:13:42.848 I/QC2PerfCtrl(  860): isNewSession:0 isActiveEncodeSession:0 isUHDSession: 0 totalFPS:57.823528, totalSession:1,
12-08 12:13:42.849 E/perfservice(  864): End applying 'END_HINT' from hint 'VIDEO' - Failed after 5 retries - Latency: 0.608ms
12-08 12:13:42.849 E/perfservice(  864):   >> Failed final validation: /sys/block/dm-0/queue/read_ahead_kb=512
12-08 12:13:42.849 E/perfservice(  864):   >> Failed final validation: /sys/block/dm-1/queue/read_ahead_kb=512
12-08 12:13:42.849 E/perfservice(  864): End applying 'START_HINT' from hint 'VIDEO' - Failed after 5 retries - Latency: 0.699ms
12-08 12:13:42.849 E/perfservice(  864):   >> Failed final validation: /sys/block/dm-0/queue/read_ahead_kb=512
12-08 12:13:42.849 E/perfservice(  864):   >> Failed final validation: /sys/block/dm-1/queue/read_ahead_kb=512
12-08 12:13:42.851 I/MRSS    ( 1574): MIXEDREALITY: MrSystemService: FramesetTelemetry: valid: -/-, stereo/depth/color: avail:  300/   0/ 600, accepted %: 100.0/0.0/100.0, dropped %: 0.0/0.0/0.0, valid %: 100.0/0.0/100.0, textured %: 0.0/0.0/100.0.
12-08 12:13:42.851 I/MRSS    ( 1574): MIXEDREALITY: MrSystemService: FramesetTelemetry: timeouts stereo/color: compute side: 0/0, render side: 0/0, egl: 0.
12-08 12:13:42.860 I/MoonBridge( 5321): BridgeDrSubmitDecodeUnit: frame=4350 frameType=0 fullLength=21160
12-08 12:13:42.861 D/MoonBridge( 5321): bridgeDrSubmitDecodeUnit: frame=4350 frameType=0 len=21160 type=0
12-08 12:13:42.861 I/QC2PerfCtrl(  860): isNewSession:0 isActiveEncodeSession:0 isUHDSession: 0 totalFPS:75.923080, totalSession:1,
12-08 12:13:42.863 E/perfservice(  864): End applying 'END_HINT' from hint 'VIDEO' - Failed after 5 retries - Latency: 0.879ms
12-08 12:13:42.863 E/perfservice(  864):   >> Failed final validation: /sys/block/dm-0/queue/read_ahead_kb=512
12-08 12:13:42.863 E/perfservice(  864):   >> Failed final validation: /sys/block/dm-1/queue/read_ahead_kb=512
12-08 12:13:42.864 E/perfservice(  864): End applying 'START_HINT' from hint 'VIDEO' - Failed after 5 retries - Latency: 0.464ms
12-08 12:13:42.864 E/perfservice(  864):   >> Failed final validation: /sys/block/dm-0/queue/read_ahead_kb=512
12-08 12:13:42.864 E/perfservice(  864):   >> Failed final validation: /sys/block/dm-1/queue/read_ahead_kb=512
12-08 12:13:42.886 I/MoonBridge( 5321): BridgeDrSubmitDecodeUnit: frame=4351 frameType=0 fullLength=20152
12-08 12:13:42.886 D/MoonBridge( 5321): bridgeDrSubmitDecodeUnit: frame=4351 frameType=0 len=20152 type=0
12-08 12:13:42.889 I/MoonBridge( 5321): BridgeDrSubmitDecodeUnit: frame=4352 frameType=0 fullLength=20152
12-08 12:13:42.889 D/MoonBridge( 5321): bridgeDrSubmitDecodeUnit: frame=4352 frameType=0 len=20152 type=0
12-08 12:13:42.889 I/QC2PerfCtrl(  860): isNewSession:0 isActiveEncodeSession:0 isUHDSession: 0 totalFPS:332.333344, totalSession:1,
12-08 12:13:42.890 E/perfservice(  864): End applying 'END_HINT' from hint 'VIDEO' - Failed after 5 retries - Latency: 0.546ms
12-08 12:13:42.890 E/perfservice(  864):   >> Failed final validation: /sys/block/dm-0/queue/read_ahead_kb=512
12-08 12:13:42.890 E/perfservice(  864):   >> Failed final validation: /sys/block/dm-1/queue/read_ahead_kb=512
12-08 12:13:42.891 E/perfservice(  864): End applying 'START_HINT' from hint 'VIDEO' - Failed after 5 retries - Latency: 0.565ms
12-08 12:13:42.891 E/perfservice(  864):   >> Failed final validation: /sys/block/dm-0/queue/read_ahead_kb=512
12-08 12:13:42.891 E/perfservice(  864):   >> Failed final validation: /sys/block/dm-1/queue/read_ahead_kb=512
12-08 12:13:42.905 I/MoonBridge( 5321): BridgeDrSubmitDecodeUnit: frame=4353 frameType=0 fullLength=61480
12-08 12:13:42.906 D/MoonBridge( 5321): bridgeDrSubmitDecodeUnit: frame=4353 frameType=0 len=61480 type=0
12-08 12:13:42.919 I/MoonBridge( 5321): BridgeDrSubmitDecodeUnit: frame=4354 frameType=0 fullLength=22168
12-08 12:13:42.919 D/MoonBridge( 5321): bridgeDrSubmitDecodeUnit: frame=4354 frameType=0 len=22168 type=0
12-08 12:13:42.936 I/MoonBridge( 5321): BridgeDrSubmitDecodeUnit: frame=4355 frameType=0 fullLength=14104
12-08 12:13:42.936 D/MoonBridge( 5321): bridgeDrSubmitDecodeUnit: frame=4355 frameType=0 len=14104 type=0
12-08 12:13:42.937 I/QC2PerfCtrl(  860): isNewSession:0 isActiveEncodeSession:0 isUHDSession: 0 totalFPS:70.428574, totalSession:1,
12-08 12:13:42.938 E/perfservice(  864): End applying 'END_HINT' from hint 'VIDEO' - Failed after 5 retries - Latency: 0.573ms
12-08 12:13:42.938 E/perfservice(  864):   >> Failed final validation: /sys/block/dm-0/queue/read_ahead_kb=512
12-08 12:13:42.938 E/perfservice(  864):   >> Failed final validation: /sys/block/dm-1/queue/read_ahead_kb=512
12-08 12:13:42.938 E/perfservice(  864): End applying 'START_HINT' from hint 'VIDEO' - Failed after 5 retries - Latency: 0.627ms
12-08 12:13:42.938 E/perfservice(  864):   >> Failed final validation: /sys/block/dm-0/queue/read_ahead_kb=512
12-08 12:13:42.938 E/perfservice(  864):   >> Failed final validation: /sys/block/dm-1/queue/read_ahead_kb=512
12-08 12:13:42.952 I/MoonBridge( 5321): BridgeDrSubmitDecodeUnit: frame=4356 frameType=0 fullLength=16120
12-08 12:13:42.952 D/MoonBridge( 5321): bridgeDrSubmitDecodeUnit: frame=4356 frameType=0 len=16120 type=0
12-08 12:13:42.964 I/VrApi   ( 5321): FPS=90/90,Prd=21ms,Tear=0,Early=0,Stale=0,Stale2/5/10/max=0/0/0/0,VSnc=1,Lat=-1,Fov=3,CPU4/GPU=3/2,1651/456MHz,OC=3F,TA=0/0/0,SP=N/N/N,Mem=2736MHz,Free=3729MB,PLS=0,Temp=35.0C/0.0C,TW=2.01ms,App=0.94ms,GD=0.00ms,CPU&GPU=2.37ms,LCnt=3(DR91,LM3),GPU%=0.29,CPU%=0.28(W0.31),CFL=11.86/15.47,ICFLp95=14.75,LD=0,SF=1.00,LP=1,DVFS=0
12-08 12:13:42.965 D/TelemetryService( 1125): PathwayGuard: from OSSDK/NDK is not allowed to send 7; dropping; Please use the Statsd approach https://www.internalfb.com/intern/wiki/HzOS_Systems/HzOS_Systems_Performance_and_Reliability/VROS_System_Insights/VROS_Telemetry/XFN/Statsd/
12-08 12:13:42.965 D/TelemetryService( 1125): Reported oculus_telemetry_blocked_ossdk_events breach event
12-08 12:13:42.969 I/MoonBridge( 5321): BridgeDrSubmitDecodeUnit: frame=4357 frameType=0 fullLength=19144
12-08 12:13:42.969 D/MoonBridge( 5321): bridgeDrSubmitDecodeUnit: frame=4357 frameType=0 len=19144 type=0
12-08 12:13:42.969 I/QC2PerfCtrl(  860): isNewSession:0 isActiveEncodeSession:0 isUHDSession: 0 totalFPS:61.500000, totalSession:1,
12-08 12:13:42.970 E/perfservice(  864): End applying 'END_HINT' from hint 'VIDEO' - Failed after 5 retries - Latency: 0.557ms
12-08 12:13:42.970 E/perfservice(  864):   >> Failed final validation: /sys/block/dm-0/queue/read_ahead_kb=512
12-08 12:13:42.970 E/perfservice(  864):   >> Failed final validation: /sys/block/dm-1/queue/read_ahead_kb=512
12-08 12:13:42.971 E/perfservice(  864): End applying 'START_HINT' from hint 'VIDEO' - Failed after 5 retries - Latency: 0.588ms
12-08 12:13:42.971 E/perfservice(  864):   >> Failed final validation: /sys/block/dm-0/queue/read_ahead_kb=512
12-08 12:13:42.971 E/perfservice(  864):   >> Failed final validation: /sys/block/dm-1/queue/read_ahead_kb=512
12-08 12:13:42.990 I/MoonBridge( 5321): BridgeDrSubmitDecodeUnit: frame=4358 frameType=0 fullLength=59464
12-08 12:13:42.990 D/MoonBridge( 5321): bridgeDrSubmitDecodeUnit: frame=4358 frameType=0 len=59464 type=0
12-08 12:13:43.011 I/MoonBridge( 5321): BridgeDrSubmitDecodeUnit: frame=4359 frameType=0 fullLength=17128
12-08 12:13:43.011 D/MoonBridge( 5321): bridgeDrSubmitDecodeUnit: frame=4359 frameType=0 len=17128 type=0
12-08 12:13:43.014 I/MoonBridge( 5321): BridgeDrSubmitDecodeUnit: frame=4360 frameType=0 fullLength=17128
12-08 12:13:43.014 D/MoonBridge( 5321): bridgeDrSubmitDecodeUnit: frame=4360 frameType=0 len=17128 type=0
12-08 12:13:43.014 I/QC2PerfCtrl(  860): isNewSession:0 isActiveEncodeSession:0 isUHDSession: 0 totalFPS:332.333344, totalSession:1,
12-08 12:13:43.015 E/perfservice(  864): End applying 'END_HINT' from hint 'VIDEO' - Failed after 5 retries - Latency: 0.618ms
12-08 12:13:43.015 E/perfservice(  864):   >> Failed final validation: /sys/block/dm-0/queue/read_ahead_kb=512
12-08 12:13:43.015 E/perfservice(  864):   >> Failed final validation: /sys/block/dm-1/queue/read_ahead_kb=512
12-08 12:13:43.016 E/perfservice(  864): End applying 'START_HINT' from hint 'VIDEO' - Failed after 5 retries - Latency: 0.700ms
12-08 12:13:43.016 E/perfservice(  864):   >> Failed final validation: /sys/block/dm-0/queue/read_ahead_kb=512
12-08 12:13:43.016 E/perfservice(  864):   >> Failed final validation: /sys/block/dm-1/queue/read_ahead_kb=512
12-08 12:13:43.027 I/MoonBridge( 5321): BridgeDrSubmitDecodeUnit: frame=4361 frameType=0 fullLength=18136
12-08 12:13:43.027 D/MoonBridge( 5321): bridgeDrSubmitDecodeUnit: frame=4361 frameType=0 len=18136 type=0
12-08 12:13:43.047 I/MoonBridge( 5321): BridgeDrSubmitDecodeUnit: frame=4362 frameType=0 fullLength=51400
12-08 12:13:43.047 D/MoonBridge( 5321): bridgeDrSubmitDecodeUnit: frame=4362 frameType=0 len=51400 type=0
12-08 12:13:43.061 I/MoonBridge( 5321): BridgeDrSubmitDecodeUnit: frame=4363 frameType=0 fullLength=21160
12-08 12:13:43.061 D/MoonBridge( 5321): bridgeDrSubmitDecodeUnit: frame=4363 frameType=0 len=21160 type=0
12-08 12:13:43.062 I/QC2PerfCtrl(  860): isNewSession:0 isActiveEncodeSession:0 isUHDSession: 0 totalFPS:70.428574, totalSession:1,
12-08 12:13:43.063 E/perfservice(  864): End applying 'END_HINT' from hint 'VIDEO' - Failed after 5 retries - Latency: 0.917ms
12-08 12:13:43.063 E/perfservice(  864):   >> Failed final validation: /sys/block/dm-0/queue/read_ahead_kb=512
12-08 12:13:43.063 E/perfservice(  864):   >> Failed final validation: /sys/block/dm-1/queue/read_ahead_kb=512
12-08 12:13:43.064 E/perfservice(  864): End applying 'START_HINT' from hint 'VIDEO' - Failed after 5 retries - Latency: 1.055ms
12-08 12:13:43.064 E/perfservice(  864):   >> Failed final validation: /sys/block/dm-0/queue/read_ahead_kb=512
12-08 12:13:43.064 E/perfservice(  864):   >> Failed final validation: /sys/block/dm-1/queue/read_ahead_kb=512
12-08 12:13:43.078 I/MoonBridge( 5321): BridgeDrSubmitDecodeUnit: frame=4364 frameType=0 fullLength=21160
12-08 12:13:43.078 D/MoonBridge( 5321): bridgeDrSubmitDecodeUnit: frame=4364 frameType=0 len=21160 type=0
12-08 12:13:43.095 I/MRSS    ( 1574): MIXEDREALITY: MrRuntimeCompute: dispatchFrameset : (every 5 seconds). FloorHeight: OFF, TrackedKeypoints: OFF, Semantics: OFF, Passthrough: ON, SceneObjects: OFF, SceneLayout: OFF, PlaneFreespace: OFF, SceneReconstruction: OFF, LightingEstimation: OFF, MetaBackgroundFreespaceScan: OFF, MetaEnvironmentDepth: ON, Depth: ON, MetaForegroundFreespaceScan: OFF, SporadicDepth: OFF, Fiducials: OFF, MrFeatureTelemetry: ON, Camera: ON, InstantPlacement: OFF, SemanticVolume: OFF, VisionInterfaceTelemetry: ON, MetaAssistedSceneCapture: OFF, DepthMeshing: OFF
12-08 12:13:43.096 I/MoonBridge( 5321): BridgeDrSubmitDecodeUnit: frame=4365 frameType=0 fullLength=20152
12-08 12:13:43.096 D/MoonBridge( 5321): bridgeDrSubmitDecodeUnit: frame=4365 frameType=0 len=20152 type=0
12-08 12:13:43.113 I/MoonBridge( 5321): BridgeDrSubmitDecodeUnit: frame=4366 frameType=0 fullLength=51400
12-08 12:13:43.113 D/MoonBridge( 5321): bridgeDrSubmitDecodeUnit: frame=4366 frameType=0 len=51400 type=0
12-08 12:13:43.113 I/QC2PerfCtrl(  860): isNewSession:0 isActiveEncodeSession:0 isUHDSession: 0 totalFPS:57.823528, totalSession:1,
12-08 12:13:43.115 E/perfservice(  864): End applying 'END_HINT' from hint 'VIDEO' - Failed after 5 retries - Latency: 0.557ms
12-08 12:13:43.115 E/perfservice(  864):   >> Failed final validation: /sys/block/dm-0/queue/read_ahead_kb=512
12-08 12:13:43.115 E/perfservice(  864):   >> Failed final validation: /sys/block/dm-1/queue/read_ahead_kb=512
12-08 12:13:43.115 E/perfservice(  864): End applying 'START_HINT' from hint 'VIDEO' - Failed after 5 retries - Latency: 0.514ms
12-08 12:13:43.115 E/perfservice(  864):   >> Failed final validation: /sys/block/dm-0/queue/read_ahead_kb=512
12-08 12:13:43.115 E/perfservice(  864):   >> Failed final validation: /sys/block/dm-1/queue/read_ahead_kb=512
12-08 12:13:43.129 I/MoonBridge( 5321): BridgeDrSubmitDecodeUnit: frame=4367 frameType=0 fullLength=21160
12-08 12:13:43.129 D/MoonBridge( 5321): bridgeDrSubmitDecodeUnit: frame=4367 frameType=0 len=21160 type=0
12-08 12:13:43.145 I/MoonBridge( 5321): BridgeDrSubmitDecodeUnit: frame=4368 frameType=0 fullLength=20152
12-08 12:13:43.146 D/MoonBridge( 5321): bridgeDrSubmitDecodeUnit: frame=4368 frameType=0 len=20152 type=0
12-08 12:13:43.164 I/MoonBridge( 5321): BridgeDrSubmitDecodeUnit: frame=4369 frameType=0 fullLength=20152
12-08 12:13:43.164 D/MoonBridge( 5321): bridgeDrSubmitDecodeUnit: frame=4369 frameType=0 len=20152 type=0
12-08 12:13:43.182 I/MoonBridge( 5321): BridgeDrSubmitDecodeUnit: frame=4370 frameType=0 fullLength=54424
12-08 12:13:43.182 D/MoonBridge( 5321): bridgeDrSubmitDecodeUnit: frame=4370 frameType=0 len=54424 type=0
12-08 12:13:43.198 I/MoonBridge( 5321): BridgeDrSubmitDecodeUnit: frame=4371 frameType=0 fullLength=19144
12-08 12:13:43.198 D/MoonBridge( 5321): bridgeDrSubmitDecodeUnit: frame=4371 frameType=0 len=19144 type=0
12-08 12:13:43.206 I/[CT]    ( 3567): PTApiClients: 1/2:com.example.moonlight_spatialsdk,PT=1,EnvDepth=0,VrMode=1,LCnt=1/1(rec=1,proj=0,bg=0),NS=0,Sty=0
12-08 12:13:43.206 I/[CT]    ( 3567): PTApiClients: 2/2:com.oculus.vrshell,PT=1,EnvDepth=0,VrMode=1,LCnt=0/2(rec=0,proj=0,bg=0),SppMeshes=1(vs=4,ts=2),SppInst=1(vs=4,ts=2),NS=0,Sty=0
12-08 12:13:43.214 I/MoonBridge( 5321): BridgeDrSubmitDecodeUnit: frame=4372 frameType=0 fullLength=18136
12-08 12:13:43.214 D/MoonBridge( 5321): bridgeDrSubmitDecodeUnit: frame=4372 frameType=0 len=18136 type=0
12-08 12:13:43.226 I/FaceEyeTrackingServerManager_Impl( 3567): [FaceEyeTrackingManager] - orthofitManager is NULL.
12-08 12:13:43.233 I/MoonBridge( 5321): BridgeDrSubmitDecodeUnit: frame=4373 frameType=0 fullLength=18136
12-08 12:13:43.233 D/MoonBridge( 5321): bridgeDrSubmitDecodeUnit: frame=4373 frameType=0 len=18136 type=0
12-08 12:13:43.252 I/MoonBridge( 5321): BridgeDrSubmitDecodeUnit: frame=4374 frameType=0 fullLength=56440
12-08 12:13:43.253 D/MoonBridge( 5321): bridgeDrSubmitDecodeUnit: frame=4374 frameType=0 len=56440 type=0
12-08 12:13:43.266 I/MoonBridge( 5321): BridgeDrSubmitDecodeUnit: frame=4375 frameType=0 fullLength=18136
12-08 12:13:43.266 D/MoonBridge( 5321): bridgeDrSubmitDecodeUnit: frame=4375 frameType=0 len=18136 type=0
12-08 12:13:43.266 D/BufferPoolAccessor2.0( 5321): bufferpool2 0xb400007361f93228 : 4(35389440 size) total buffers - 4(35389440 size) used buffers - 0/4 (recycle/alloc) - 4/4379 (fetch/transfer)
12-08 12:13:43.266 I/QC2PerfCtrl(  860): isNewSession:0 isActiveEncodeSession:0 isUHDSession: 0 totalFPS:75.923080, totalSession:1,
