12-08 12:18:37.112 I/FrameSetDispatcher(  873): [{WT(0,1):RAW10}] purpose: object, slots: SLOT_3 
12-08 12:18:37.112 I/FrameSetDispatcher(  873): [{WT(0,1):RAW10}] purpose: active_slots, slots: SLOT_0 SLOT_2 SLOT_3 
12-08 12:18:37.112 I/FrameSetDispatcher(  873): [{WT(0,1):RAW10}] purpose: hand, slots: SLOT_0 SLOT_2 
12-08 12:18:37.112 I/FrameSetDispatcher(  873): [{WT(0,1):RAW10}] purpose: iot, slots: SLOT_0 SLOT_2 
12-08 12:18:37.112 I/FrameSetDispatcher(  873): [{WT(0,1):RAW10}] purpose: projector_assisted_depth, slots: 
12-08 12:18:37.112 I/FrameSetDispatcher(  873): [{WT:RAW10}] Latest MuxModeSettings: 4
12-08 12:18:37.112 I/FrameSetDispatcher(  873): [{WT:RAW10}] purpose: ambient_controller, slots: 
12-08 12:18:37.112 I/FrameSetDispatcher(  873): [{WT:RAW10}] purpose: constellation, slots: 
12-08 12:18:37.112 I/FrameSetDispatcher(  873): [{WT:RAW10}] purpose: exposure_control_worldTracking, slots: SLOT_0 SLOT_2 SLOT_3 
12-08 12:18:37.112 I/FrameSetDispatcher(  873): [{WT:RAW10}] purpose: iobt, slots: SLOT_0 SLOT_2 
12-08 12:18:37.112 I/FrameSetDispatcher(  873): [{WT:RAW10}] purpose: mr_monochrome, slots: SLOT_0 SLOT_2 
12-08 12:18:37.112 I/FrameSetDispatcher(  873): [{WT:RAW10}] purpose: object, slots: SLOT_3 
12-08 12:18:37.112 I/FrameSetDispatcher(  873): [{WT:RAW10}] purpose: active_slots, slots: SLOT_0 SLOT_2 SLOT_3 
12-08 12:18:37.112 I/FrameSetDispatcher(  873): [{WT:RAW10}] purpose: hand, slots: SLOT_0 SLOT_2 
12-08 12:18:37.112 I/FrameSetDispatcher(  873): [{WT:RAW10}] purpose: iot, slots: SLOT_0 SLOT_2 
12-08 12:18:37.112 I/FrameSetDispatcher(  873): [{WT:RAW10}] purpose: projector_assisted_depth, slots: 
12-08 12:18:37.114 I/init    (    0): processing action (service.bootanim.exit_vendor=1) from (/vendor/etc/init/hw/init.anorak.rc:390)
12-08 12:18:37.112 I/SensorDataTransforms( 1772): [constellation:constellation] Staging mux mode updates for {worldTracking: ind-4, seqId-91},
12-08 12:18:37.112 I/SensorDataTransforms( 1772): [constellation:constellation] Signaling start of the mode transition
12-08 12:18:37.112 I/TrackingService( 1772): [constellation:constellation] Start configuration update starting
12-08 12:18:37.112 I/TrackingService( 1772): [constellation:constellation] Start configuration update done
12-08 12:18:37.112 I/SensorDataTransforms( 1772): [constellation:constellation] Mux mode updates successfully staged
12-08 12:18:37.112 D/TrackingService( 1772): [constellation:constellation]Queue mux mode update notification: lowLightHandsObject
12-08 12:18:37.112 I/SensorDataTransforms( 1772): [iot:iot] Staging mux mode updates for {worldTracking: ind-4, seqId-91},
12-08 12:18:37.112 I/SensorDataTransforms( 1772): [iot:iot] Signaling start of the mode transition
12-08 12:18:37.112 I/TrackingService( 1772): [iot:iot] Start configuration update starting
12-08 12:18:37.112 I/TrackingService( 1772): [iot:iot] Start configuration update done
12-08 12:18:37.112 I/SensorDataTransforms( 1772): [iot:iot] Mux mode updates successfully staged
12-08 12:18:37.112 D/TrackingService( 1772): [iot:iot]Queue mux mode update notification: lowLightHandsObject
12-08 12:18:37.112 I/SensorDataTransforms( 1772): [iobt:iobt] Staging mux mode updates for {worldTracking: ind-4, seqId-91},
12-08 12:18:37.112 I/SensorDataTransforms( 1772): [iobt:iobt] Mux mode updates successfully staged
12-08 12:18:37.112 D/TrackingService( 1772): [iobt:iobt]Queue mux mode update notification: lowLightHandsObject
12-08 12:18:37.112 I/SensorDataTransforms( 1772): [ExpCtl:exposure_control_worldTracking] Staging mux mode updates for {worldTracking: ind-4, seqId-91},
12-08 12:18:37.112 I/SensorDataTransforms( 1772): [ExpCtl:exposure_control_worldTracking] Signaling start of the mode transition
12-08 12:18:37.112 I/SensorDataTransforms( 1772): [ExpCtl:exposure_control_worldTracking] Mux mode updates successfully staged
12-08 12:18:37.112 I/SensorDataTransforms( 1574): [MrStreamControl:mr_monochrome] Staging mux mode updates for {worldTracking: ind-4, seqId-91},
12-08 12:18:37.112 I/SensorDataTransforms( 1574): [MrStreamControl:mr_monochrome] Signaling start of the mode transition
12-08 12:18:37.113 I/SensorDataTransforms( 1574): [MrStreamControl:mr_monochrome] Mux mode updates successfully staged
12-08 12:18:37.113 I/SensorDataTransforms( 1574): [MrStreamControl:projector_assisted_depth] Staging mux mode updates for {worldTracking: ind-4, seqId-91},
12-08 12:18:37.113 I/SensorDataTransforms( 1574): [MrStreamControl:projector_assisted_depth] Mux mode updates successfully staged
12-08 12:18:37.113 D/TrackingService( 1772): [ambient_controller]start onMuxStateUpdate. ModeId: lowLightControllerObject -> lowLightHandsObject
12-08 12:18:37.113 D/TrackingService( 1772): [constellation][ambient_controller]handleMuxModeNotification started for muxMode[worldTracking: lowLightHandsObject]
12-08 12:18:37.113 D/TrackingService( 1772): [constellation][ambient_controller]handleMuxModeNotification finished for muxMode[worldTracking: lowLightHandsObject]
12-08 12:18:37.113 D/TrackingService( 1772): [ambient_controller]end onMuxStateUpdate. ModeId: lowLightControllerObject -> lowLightHandsObject
12-08 12:18:37.113 I/TrackingService( 1772): [constellation:ambient_controller] Mux Mode Transition from sensor service: lowLightControllerObject -> lowLightHandsObject transition time: 0 ms
12-08 12:18:37.113 D/TrackingService( 1772): [constellation]start onMuxStateUpdate. ModeId: lowLightHandsObject -> lowLightHandsObject
12-08 12:18:37.113 D/TrackingService( 1772): [constellation][constellation]handleMuxModeNotification started for muxMode[worldTracking: lowLightHandsObject]
12-08 12:18:37.113 E/TrackingService( 1772): Resetting MuxMode lowLightHandsObject which is already set
12-08 12:18:37.113 D/TrackingService( 1772): [constellation]end onMuxStateUpdate. ModeId: lowLightHandsObject -> lowLightHandsObject
12-08 12:18:37.113 I/TrackingService( 1772): [     constellation:constellation] Mux Mode Transition from sensor service: lowLightHandsObject -> lowLightHandsObject transition time: 0 ms
12-08 12:18:37.113 I/SensorDataTransforms( 1772): [object:object] Staging mux mode updates for {worldTracking: ind-4, seqId-91},
12-08 12:18:37.113 I/SensorDataTransforms( 1772): [object:object] Signaling start of the mode transition
12-08 12:18:37.113 I/TrackingService( 1772): [object:object] Start configuration update starting
12-08 12:18:37.113 I/TrackingService( 1772): [object:object] Start configuration update done
12-08 12:18:37.113 I/SensorDataTransforms( 1772): [object:object] Mux mode updates successfully staged
12-08 12:18:37.113 D/TrackingService( 1772): [object:object]Queue mux mode update notification: lowLightHandsObject
12-08 12:18:37.113 D/TrackingService( 1772): [iot]start onMuxStateUpdate. ModeId: lowLightControllerObject -> lowLightHandsObject
12-08 12:18:37.113 D/TrackingService( 1772): [iot][iot]handleMuxModeNotification started for muxMode[worldTracking: lowLightHandsObject]
12-08 12:18:37.113 D/TrackingService( 1772): [iot][iot]handleMuxModeNotification finished for muxMode[worldTracking: lowLightHandsObject]
12-08 12:18:37.113 D/TrackingService( 1772): [iot]end onMuxStateUpdate. ModeId: lowLightControllerObject -> lowLightHandsObject
12-08 12:18:37.113 I/TrackingService( 1772): [                         iot:iot] Mux Mode Transition from sensor service: lowLightControllerObject -> lowLightHandsObject transition time: 0 ms
12-08 12:18:37.113 D/TrackingService( 1772): [iobt]start onMuxStateUpdate. ModeId: lowLightControllerObject -> lowLightHandsObject
12-08 12:18:37.113 D/TrackingService( 1772): [iobt][iobt]handleMuxModeNotification started for muxMode[worldTracking: lowLightHandsObject]
12-08 12:18:37.113 D/TrackingService( 1772): [iobt][iobt]handleMuxModeNotification finished for muxMode[worldTracking: lowLightHandsObject]
12-08 12:18:37.113 D/TrackingService( 1772): [iobt]end onMuxStateUpdate. ModeId: lowLightControllerObject -> lowLightHandsObject
12-08 12:18:37.113 I/TrackingService( 1772): [                       iobt:iobt] Mux Mode Transition from sensor service: lowLightControllerObject -> lowLightHandsObject transition time: 0 ms
12-08 12:18:37.113 D/TrackingService( 1772): [object]start onMuxStateUpdate. ModeId: lowLightControllerObject -> lowLightHandsObject
12-08 12:18:37.113 D/TrackingService( 1772): [object][object]handleMuxModeNotification started for muxMode[worldTracking: lowLightHandsObject]
12-08 12:18:37.113 D/TrackingService( 1772): [object][object]handleMuxModeNotification finished for muxMode[worldTracking: lowLightHandsObject]
12-08 12:18:37.113 D/TrackingService( 1772): [object]end onMuxStateUpdate. ModeId: lowLightControllerObject -> lowLightHandsObject
12-08 12:18:37.113 I/TrackingService( 1772): [                   object:object] Mux Mode Transition from sensor service: lowLightControllerObject -> lowLightHandsObject transition time: 0 ms
12-08 12:18:37.113 I/SensorDataTransforms( 1772): [hand:hand] Staging mux mode updates for {worldTracking: ind-4, seqId-91},
12-08 12:18:37.113 I/SensorDataTransforms( 1772): [hand:hand] Mux mode updates successfully staged
12-08 12:18:37.113 D/TrackingService( 1772): [hand:hand]Queue mux mode update notification: lowLightHandsObject
12-08 12:18:37.113 D/TrackingService( 1772): [hand]start onMuxStateUpdate. ModeId: lowLightControllerObject -> lowLightHandsObject
12-08 12:18:37.113 D/TrackingService( 1772): [HANDTRACKINGGLUE] handleMuxModeNotification
12-08 12:18:37.113 D/TrackingService( 1772): [HANDTRACKINGGLUE] handleStateChange muxMode=lowLightHandsObject
12-08 12:18:37.113 D/TrackingService( 1772): [hand]end onMuxStateUpdate. ModeId: lowLightControllerObject -> lowLightHandsObject
12-08 12:18:37.113 I/TrackingService( 1772): [                       hand:hand] Mux Mode Transition from sensor service: lowLightControllerObject -> lowLightHandsObject transition time: 0 ms
12-08 12:18:37.115 I/SyncBossFW(  866): 10785813 [info   ] {NICE}: nice_set_frame_rate called on same period of 16666us
12-08 12:18:37.119 D/SensorService(  873): Configured syncboss nice config: [{camera_set: 1, num_slots: 4, [ { tag: 64, default_exposure_us: 65535, default_gain: 65535, capabilities: 0, slot_length: 0, }, { tag: 65, default_exposure_us: 5000, default_gain: 48, capabilities: 8, slot_length: 0, }, { tag: 66, default_exposure_us: 65535, default_gain: 65535, capabilities: 0, slot_length: 0, }, { tag: 67, default_exposure_us: 65535, default_gain: 65535, capabilities: 0, slot_length: 0, }, ] shutter_period_us: 16666, }, {camera_set: 2, num_slots: 4, [ { tag: 64, default_exposure_us: 65535, default_gain: 65535, capabilities: 0, slot_length: 0, }, { tag: 65, default_exposure_us: 5000, default_gain: 48, capabilities: 8, slot_length: 0, }, { tag: 66, default_exposure_us: 65535, default_gain: 65535, capabilities: 0, slot_length: 0, }, { tag: 67, default_exposure_us: 65535, default_gain: 65535, capabilities: 0, slot_length: 0, }, ] shutter_period_us: 16666, }, ]
12-08 12:18:37.119 I/TrackingFidelityService( 1765): endTransition[worldTracking]: lowLightControllerObject(3)->lowLightHandsObject(4), seqId=91, succeeded=true
12-08 12:18:37.119 I/TrackingFidelityService( 1765): Received hand/controller update: multimodal_hands_and_controllers_enabled
12-08 12:18:37.120 I/TrackingFidelityService( 1765): checkMultimodalFeature: Attempt made to enable multimodal hands+controllers when not supported by app
12-08 12:18:37.120 I/TrackingFidelityService( 1765): Request(s)={constellation:0,controller_selftracked:0,hands:3,environment_lighting:5,keyboard:5,scene_reconstruction:0,surface_inputs:0,}, Mux mode idx=4, name=lowLightHandsObject, score=-1950
12-08 12:18:37.120 I/TrackingFidelityService( 1765): beginTransition[worldTracking]: lowLightHandsObject(4)->lowLightHandsObject(4)
12-08 12:18:37.120 I/TrackingFidelityService( 1765): _applyMuxModeLockedInternal: Mode lowLightHandsObject already set. Returning.
12-08 12:18:37.120 I/TrackingFidelityService( 1765): endTransition[worldTracking]: lowLightHandsObject(4)->lowLightHandsObject(4), seqId=-1, succeeded=true
12-08 12:18:37.122 I/SyncBossFW(  866): 10785813 [info   ] {NCM }: No slot with constellation capability found.
12-08 12:18:37.122 I/SyncBossFW(  866): 10785815 [info   ] {NICE}: nice_set_frame_rate called on same period of 16666us
12-08 12:18:37.122 I/SyncBossFW(  866): 10785815 [info   ] {NCM }: No slot with projector capability found.
12-08 12:18:37.122 I/SyncBossFW(  866): 10785815 [info   ] {NCM }: Stopping projector
12-08 12:18:37.131 I/SyncBossInput(  873): [info   ] [ruby (right) 402c25cbf028a4e8]: 6537962 [info   ] {IRLD}: IR LED configured: p=66664, ot=19, d=26453
12-08 12:18:37.176 I/TrackingService( 1772): [                          object] Power transition: SLEEP -> STANDBY transition time: 146 ms
12-08 12:18:37.177 I/TrackingService( 1772): [                      controller] Power transition: SLEEP -> STANDBY transition time: 0 ms
12-08 12:18:37.177 I/TrackingService( 1772): [            ExposureControlCmmv2] Power transition: SLEEP -> STANDBY transition time: 0 ms
12-08 12:18:37.177 D/libsensorscommon(  873): ControllerProvider: StreamingClient requested by 1772
12-08 12:18:37.177 D/SensorService(  873): ControllerProvider: acquiring StreamingClient impl; approx # alive: 2
12-08 12:18:37.177 D/ControllerManagement( 3227): processStateChange([PairedControllerInfo RUBY 402c25cbf028a4e8 connected detached mcnt=2])
12-08 12:18:37.178 I/TrackingService( 1772): [                            face] Power transition: SLEEP -> STANDBY transition time: 0 ms
12-08 12:18:37.178 D/TrackingService( 1772): Transition completed for NONE
12-08 12:18:37.178 D/PowerMonitor( 1772): Executing transition from STANDBY to RUNNING
12-08 12:18:37.178 D/TrackingService( 1772): StateHandler setState powerState=RUNNING
12-08 12:18:37.178 D/TrackingService( 1772): Enqueued transition to (targetPowerState, targetMuxName): (RUNNING, --) - transition timeout: 1000000000 ns
12-08 12:18:37.178 I/TrackingService( 1772): [                   PerfLockHooks] Power transition: STANDBY -> RUNNING transition time: 0 ms
12-08 12:18:37.178 I/TrackingService( 1772): [                            bolt] Power transition: STANDBY -> RUNNING transition time: 0 ms
12-08 12:18:37.178 D/TrackingService( 1772): IOT standby to running started
12-08 12:18:37.179 I/SyncBossInput(  873): [info   ] [ruby (right) 402c25cbf028a4e8]: 6538010 [info   ] {THDG}: inactive_seek -> active_connected
12-08 12:18:37.179 D/SensorService(  873): Found paired controllers: 2
12-08 12:18:37.179 D/SensorService(  873): Syncboss input 402c25cbf028a4e8 hardware type 6, subtype 2, revision 0x10
12-08 12:18:37.179 I/SensorService(  873): preparePairedControllerInfo is adding device with valid 1
12-08 12:18:37.179 D/SensorService(  873): Syncboss input f343f271512a1feb hardware type 6, subtype 1, revision 
12-08 12:18:37.179 I/SensorService(  873): preparePairedControllerInfo is adding device with valid 1
12-08 12:18:37.179 D/ControllerManagement( 3227): processStateChange([PairedControllerInfo RUBY f343f271512a1feb disconnected detached update-required mcnt=2])
12-08 12:18:37.180 D/CameraStream(  873): [passthrough] Client [MrSSCamS(1574)] attempting start
12-08 12:18:37.180 I/FrameSetDispatcher(  873): [{COL:FOVPR}] Client pid=1574 (MrSSCamS): Client thread[{COL:FOVPR}:MrS] started
12-08 12:18:37.180 I/CameraClientManager(  873): [MrSSCamS(1574)][passthrough] client started (estimated 1 started clients total)
12-08 12:18:37.180 I/CameraClientManager(  873): [[MrSSCamS(1574)][passthrough]] definitely starting stream
12-08 12:18:37.180 I/SensorService(  873): [color] Starting cameras for purpose passthrough
12-08 12:18:37.181 D/JobServiceContext( 2051): doCallback of : JobStatus{ad6e393 #u0a58/1828726831 com.oculus.userserver2/com.oculus.userserver.managerservice.user.usersync.UserSyncJobService u=0 s=10058 TIME=-646ms:+23h59m59s354ms NET PERIODIC READY} v:VERB_EXECUTING
12-08 12:18:37.181 D/JobServiceContext( 2051): Cleaning up ad6e393 #u0a58/1828726831 com.oculus.userserver2/com.oculus.userserver.managerservice.user.usersync.UserSyncJobService reschedule=false reason=app called jobFinished
12-08 12:18:37.181 D/SensorService(  873): Found paired controllers: 2
12-08 12:18:37.181 D/SensorService(  873): Syncboss input 402c25cbf028a4e8 hardware type 6, subtype 2, revision 0x10
12-08 12:18:37.181 I/SensorService(  873): preparePairedControllerInfo is adding device with valid 1
12-08 12:18:37.181 D/SensorService(  873): Syncboss input f343f271512a1feb hardware type 6, subtype 1, revision 
12-08 12:18:37.181 I/SensorService(  873): preparePairedControllerInfo is adding device with valid 1
12-08 12:18:37.181 D/libsensorscommon(  873): ControllerProvider: acquiring StreamingClient hidl for client 1772
12-08 12:18:37.183 D/CameraStream(  873): [iot] Client [IOT(1772)] attempting start
12-08 12:18:37.184 D/SensorService(  873): Found paired controllers: 2
12-08 12:18:37.184 D/SensorService(  873): Syncboss input 402c25cbf028a4e8 hardware type 6, subtype 2, revision 0x10
12-08 12:18:37.184 I/SensorService(  873): preparePairedControllerInfo is adding device with valid 1
12-08 12:18:37.184 D/SensorService(  873): Syncboss input f343f271512a1feb hardware type 6, subtype 1, revision 
12-08 12:18:37.184 I/SensorService(  873): preparePairedControllerInfo is adding device with valid 1
12-08 12:18:37.184 D/TrackingService( 1772): Creating RemoteConstellationTrackedDevice
12-08 12:18:37.184 I/FrameSetDispatcher(  873): [{WT:RAW10}] Client pid=1772 (IOT): Client thread[{WT:RAW10}:IOT] started
12-08 12:18:37.184 I/CameraClientManager(  873): [IOT(1772)][iot] client started (estimated 1 started clients total)
12-08 12:18:37.184 I/CameraClientManager(  873): [[IOT(1772)][iot]] definitely starting stream
12-08 12:18:37.184 I/TrackingService( 1772): Registering primary controller 402c25cbf028a4e8 in RIGHT slot
12-08 12:18:37.185 D/TrackingService( 1772): registerRemote: 402c25cbf028a4e8
12-08 12:18:37.186 I/VrSensors-HidlWrapper(  873): Create IMU Sensor using fmq
12-08 12:18:37.189 D/DisplayManagerService( 2051): Ignore redundant display event 0/2 to 10177/6741
12-08 12:18:37.189 D/DisplayManagerService( 2051): Ignore redundant display event 0/2 to 10049/28906
12-08 12:18:37.198 I/input   (    0): Device 0x402C25CBF028A4E8 as /devices/virtual/input/input17
12-08 12:18:37.191 I/VrSensors-HidlWrapper(  873): Create IMU Sensor using fmq
12-08 12:18:37.192 D/ControllerManagement( 3227): RemoteService::recordControllerStatusUpdate: device 402c25cbf028a4e8: status: CONNECTED_ACTIVE tracking: NONE, errors: --
12-08 12:18:37.193 D/ControllerManagement( 3227): RemoteService::recordControllerStatusUpdate: device 402c25cbf028a4e8: status: CONNECTED_ACTIVE tracking: NONE, errors: --
12-08 12:18:37.225 I/CAM_INFO(    0): CAM-SENSOR: cam_sensor_driver_cmd: 1211 CAM_ACQUIRE_DEV Success for imx471 id:0x471,slave-addr:0x34 crm:[0]
12-08 12:18:37.230 I/CAM_INFO(   20): CAM-SMMU: cam_smmu_map_user_iova: 3257 fd=753 already in list [20:18:37:217] cb=ife idx=0 handle=29465 len=573440,give same addr back
12-08 12:18:37.230 I/CAM_INFO(   20): CAM-SMMU: cam_smmu_map_user_iova: 3257 fd=754 already in list [20:18:37:217] cb=ife idx=0 handle=29465 len=471040,give same addr back
12-08 12:18:37.230 I/CAM_INFO(   20): CAM-SMMU: cam_smmu_map_user_iova: 3257 fd=755 already in list [20:18:37:217] cb=ife idx=0 handle=29465 len=495616,give same addr back
12-08 12:18:37.244 I/CAM_INFO(    0): CAM-SENSOR: cam_sensor_driver_cmd: 1211 CAM_ACQUIRE_DEV Success for imx471 id:0x471,slave-addr:0x34 crm:[0]
12-08 12:18:37.248 I/CAM_INFO(   20): CAM-SMMU: cam_smmu_map_user_iova: 3257 fd=824 already in list [20:18:37:234] cb=ife idx=0 handle=29465 len=573440,give same addr back
12-08 12:18:37.248 I/CAM_INFO(   20): CAM-SMMU: cam_smmu_map_user_iova: 3257 fd=825 already in list [20:18:37:235] cb=ife idx=0 handle=29465 len=471040,give same addr back
12-08 12:18:37.241 I/SyncBossInput(  873): [info   ] [ruby (right) 402c25cbf028a4e8]: 6538087 [info   ] {INPM}:       0 [info   ] {MAIN}: v85.35.39son: RESET_PIN 
12-08 12:18:37.248 I/CAM_INFO(   20): CAM-SMMU: cam_smmu_map_user_iova: 3257 fd=827 already in list [20:18:37:235] cb=ife idx=0 handle=29465 len=495616,give same addr back
12-08 12:18:37.253 I/CAM_INFO(    0): CAM-CRM: cam_req_mgr_link_v3: 4951 link reserved 0000000000000000 0 trigger_type:1 num_devs:2 sess_hdl:590336 no_crm:4
12-08 12:18:37.254 I/CAM_INFO(    0): CAM-ISP: cam_ife_hw_mgr_print_acquire_info: 2027 20:18:37.240 Acquired Single IFE[1] with [9 pix] [0 pd] [0 rdi] ports for ctx:12 per_port_enabled :0 sensor:-559038737 ul: 0
12-08 12:18:37.254 I/CAM_INFO(    0): CAM-ISP: __cam_isp_ctx_acquire_hw_v2: 9737 NO CRM session,top state machine assigned for no crm ctx 12
12-08 12:18:37.258 I/CAM_INFO(    0): CAM-ISP: __cam_isp_ctx_start_dev_in_ready: 10771 Start IFE device ctx 12 with irq state machine [Activated State Machine IRQ] in initial SubState [SOF] UL_path 0
12-08 12:18:37.258 I/CAM_INFO(    0): CAM-SENSOR: cam_sensor_driver_cmd: 1352 20:18:37.245 CAM_START_DEV[5] Success for imx471 sensor_id:0x471,sensor_slave_addr:0x34
12-08 12:18:37.258 I/CAM_INFO(    0): CAM-CRM: cam_req_mgr_link_v3: 4951 link reserved 0000000000000000 0 trigger_type:1 num_devs:2 sess_hdl:590336 no_crm:4
12-08 12:18:37.258 I/CAM_INFO(    0): CAM-ISP: cam_ife_hw_mgr_print_acquire_info: 2027 20:18:37.245 Acquired Single IFE[0] with [9 pix] [0 pd] [0 rdi] ports for ctx:13 per_port_enabled :0 sensor:-559038737 ul: 0
12-08 12:18:37.250 I/SensorService(  873): doEnableHalCameras[Color] Create SyncbossHandleWrapper
12-08 12:18:37.250 I/SensorService(  873): doEnableHalCameras[Color] FsyncEventHandler::GetInstance
12-08 12:18:37.250 W/SensorService(  873): Enabling sensor HMD_FSIN with noop callback
12-08 12:18:37.250 D/SensorService(  873): SyncbossEventHandler: acquired session; approx # alive: 4
12-08 12:18:37.250 D/SensorService(  873): SyncbossEventHandler: Enabled sensor HMD_FSIN - Active sensors: synthetic[HMD_DOUBLETAP,EXTERNAL_TIMING,ZAP] non-synth[HMD_MAG,HMD_IMU,HMD_FSIN,PULSA
12-08 12:18:37.258 I/CAM_INFO(    0): CAM-ISP: __cam_isp_ctx_acquire_hw_v2: 9737 NO CRM session,top state machine assigned for no crm ctx 13
12-08 12:18:37.262 I/CAM_INFO(    0): CAM-ISP: __cam_isp_ctx_start_dev_in_ready: 10771 Start IFE device ctx 13 with irq state machine [Activated State Machine IRQ] in initial SubState [SOF] UL_path 0
12-08 12:18:37.256 I/SyncBossFW(  866): 10785952 [info   ] {GCM }: general_cam_mgr_init for cameras 0x30
12-08 12:18:37.256 I/TrackingFidelityService( 1765): Received ambient flicker update. Setting maximum low_latency_pt fidelity to 5
12-08 12:18:37.256 I/TrackingFidelityService( 1765): Request(s)={low_latency_pt:5,}
12-08 12:18:37.256 W/TrackingFidelityService( 1765): Fidelity data undefined in catalog for enabling feature like pt_display_sync. 2 similar misses.
12-08 12:18:37.256 I/TrackingFidelityService( 1765): Request(s)={low_latency_pt:0,mr_passthrough:0,pt_display_sync:5,hyperscape_room_scanning:0,isp_foveation:5,}, Mux mode idx=1, name=default, score=-1970
12-08 12:18:37.256 I/TrackingFidelityService( 1765): beginTransition[color]: default(1)->default(1)
12-08 12:18:37.256 I/TrackingFidelityService( 1765): _applyMuxModeLockedInternal: Mode default already set. Returning.
12-08 12:18:37.256 I/TrackingFidelityService( 1765): endTransition[color]: default(1)->default(1), seqId=-1, succeeded=true
12-08 12:18:37.300 I/SyncBossInput(  873): [info   ] [ruby (right) 402c25cbf028a4e8]: 6538088 [info   ] {INPM}:       0 [info   ] {MAIN}: Reset reason: RESET_PIN 
12-08 12:18:37.305 I/FrameSetCollator(  873): [{COL:FOVPR}] started at 13313.63
12-08 12:18:37.305 I/SensorService(  873): [color] Starting camera streams for purpose: passthrough, current muxmode = 1
12-08 12:18:37.308 I/CameraClientManager(  873): [[MrSSCamS(1574)][passthrough]] stream start completed
12-08 12:18:37.308 D/CameraStream(  873): [passthrough] Client [MrSSCamS(1574)]: start complete
12-08 12:18:37.308 I/SensorService(  873): [worldTracking] Starting cameras for purpose iot
12-08 12:18:37.309 I/SyncBossFW(  866): 10786002 [info   ] {GCM }: general_cam_mgr_set_frame_rate_config cams 0x30 period 16666us
12-08 12:18:37.309 I/SyncBossFW(  866): 10786004 [info   ] {GCM }: general_cam_mgr_get_stream_info for cameras 0x10
12-08 12:18:37.309 I/SyncBossFW(  866): 10786006 [info   ] {GCM }: general_cam_mgr_start_streaming for cameras 0x30
12-08 12:18:37.311 D/CameraStream(  873): [projector_assisted_depth] Client [MrSSCamS(1574)] attempting start
12-08 12:18:37.312 I/FrameSetDispatcher(  873): [{WT(0,1):RAW10}] Client pid=1574 (MrSSCamS): Client thread[{WT(0,1):RAW10}] started
12-08 12:18:37.312 I/CameraClientManager(  873): [MrSSCamS(1574)][projector_assisted_depth] client started (estimated 1 started clients total)
12-08 12:18:37.312 I/CameraClientManager(  873): [[MrSSCamS(1574)][projector_assisted_depth]] definitely starting stream
12-08 12:18:37.263 I/CAM_INFO(    0): CAM-SENSOR: cam_sensor_driver_cmd: 1352 20:18:37.249 CAM_START_DEV[4] Success for imx471 sensor_id:0x471,sensor_slave_addr:0x34
12-08 12:18:37.330 I/CAM_INFO(    0): CAM-SENSOR: cam_sensor_driver_cmd: 1211 CAM_ACQUIRE_DEV Success for og01a1b id:0x7750,slave-addr:0xa0 crm:[0]
12-08 12:18:37.331 I/CAM_INFO(   20): CAM-SMMU: cam_smmu_map_user_iova: 3257 fd=855 already in list [20:18:37:318] cb=ife idx=0 handle=29465 len=757760,give same addr back
12-08 12:18:37.332 I/CAM_INFO(    0): CAM-CRM: cam_req_mgr_link_v3: 4951 link reserved 0000000000000000 0 trigger_type:1 num_devs:2 sess_hdl:14025227 no_crm:4
12-08 12:18:37.332 I/CAM_INFO(    0): CAM-ISP: cam_ife_hw_mgr_print_acquire_info: 2027 20:18:37.318 Acquired Single IFE[9] with [0 pix] [0 pd] [1 rdi] ports for ctx:14 per_port_enabled :0 sensor:0 ul: 1
12-08 12:18:37.332 I/CAM_INFO(    0): CAM-ISP: __cam_isp_ctx_acquire_hw_v2: 9737 NO CRM session,top state machine assigned for no crm ctx 14
12-08 12:18:37.340 I/CAM_INFO(    0): CAM-SENSOR: cam_sensor_driver_cmd: 1211 CAM_ACQUIRE_DEV Success for og01a1b id:0x7750,slave-addr:0xb0 crm:[0]
12-08 12:18:37.341 I/CAM_INFO(   20): CAM-SMMU: cam_smmu_map_user_iova: 3257 fd=872 already in list [20:18:37:327] cb=ife idx=0 handle=29465 len=757760,give same addr back
12-08 12:18:37.341 I/CAM_INFO(    0): CAM-CRM: cam_req_mgr_link_v3: 4951 link reserved 0000000000000000 0 trigger_type:1 num_devs:2 sess_hdl:1442320 no_crm:4
12-08 12:18:37.341 I/CAM_INFO(    0): CAM-ISP: cam_ife_hw_mgr_print_acquire_info: 2027 20:18:37.328 Acquired Single IFE[8] with [0 pix] [0 pd] [1 rdi] ports for ctx:15 per_port_enabled :0 sensor:1 ul: 1
12-08 12:18:37.341 I/CAM_INFO(    0): CAM-ISP: __cam_isp_ctx_acquire_hw_v2: 9737 NO CRM session,top state machine assigned for no crm ctx 15
12-08 12:18:37.347 I/CAM_INFO(    0): CAM-SENSOR: cam_sensor_driver_cmd: 1211 CAM_ACQUIRE_DEV Success for ov7251 id:0xd,slave-addr:0xc0 crm:[0]
12-08 12:18:37.347 I/CAM_INFO(   20): CAM-SMMU: cam_smmu_map_user_iova: 3257 fd=889 already in list [20:18:37:334] cb=ife idx=0 handle=29465 len=757760,give same addr back
12-08 12:18:37.347 I/CAM_INFO(    0): CAM-CRM: cam_req_mgr_link_v3: 4951 link reserved 0000000000000000 0 trigger_type:1 num_devs:2 sess_hdl:1507861 no_crm:4
12-08 12:18:37.348 I/CAM_INFO(    0): CAM-ISP: cam_ife_hw_mgr_print_acquire_info: 2027 20:18:37.334 Acquired Single IFE[7] with [0 pix] [0 pd] [1 rdi] ports for ctx:0 per_port_enabled :0 sensor:2 ul: 1
12-08 12:18:37.348 I/CAM_INFO(    0): CAM-ISP: __cam_isp_ctx_acquire_hw_v2: 9737 NO CRM session,top state machine assigned for no crm ctx 0
12-08 12:18:37.341 I/SensorService(  873): doEnableHalCameras[NICE] Create SyncbossHandleWrapper
12-08 12:18:37.341 I/SensorService(  873): doEnableHalCameras[NICE] FsyncEventHandler::GetInstance
12-08 12:18:37.353 I/CAM_INFO(    0): CAM-SENSOR: cam_sensor_driver_cmd: 1211 CAM_ACQUIRE_DEV Success for ov7251 id:0xd,slave-addr:0xd0 crm:[0]
12-08 12:18:37.354 I/CAM_INFO(   20): CAM-SMMU: cam_smmu_map_user_iova: 3257 fd=920 already in list [20:18:37:340] cb=ife idx=0 handle=29465 len=757760,give same addr back
12-08 12:18:37.354 I/CAM_INFO(    0): CAM-CRM: cam_req_mgr_link_v3: 4951 link reserved 0000000000000000 0 trigger_type:1 num_devs:2 sess_hdl:16187930 no_crm:4
12-08 12:18:37.354 I/CAM_INFO(    0): CAM-ISP: cam_ife_hw_mgr_print_acquire_info: 2027 20:18:37.341 Acquired Single IFE[6] with [0 pix] [0 pd] [1 rdi] ports for ctx:1 per_port_enabled :0 sensor:3 ul: 1
12-08 12:18:37.344 I/SyncBossFW(  866): 10786042 [info   ] {GCM }: general_cam_mgr_init for cameras 0xf
12-08 12:18:37.358 I/SyncBossInput(  873): [info   ] [ruby (right) 402c25cbf028a4e8]: 6538088 [info   ] {INPM}:       0 [info   ] {BOD }: BOD lev=7,reg=0x7000a
12-08 12:18:37.557 D/SensorService(  873): Configured syncboss nice config: [{camera_set: 1, num_slots: 4, [ { tag: 64, default_exposure_us: 65535, default_gain: 65535, capabilities: 0, slot_length: 0, }, { tag: 65, default_exposure_us: 5000, default_gain: 48, capabilities: 8, slot_length: 0, }, { tag: 66, default_exposure_us: 65535, default_gain: 65535, capabilities: 0, slot_length: 0, }, { tag: 67, default_exposure_us: 65535, default_gain: 65535, capabilities: 0, slot_length: 0, }, ] shutter_period_us: 16666, }, {camera_set: 2, num_slots: 4, [ { tag: 64, default_exposure_us: 65535, default_gain: 65535, capabilities: 0, slot_length: 0, }, { tag: 65, default_exposure_us: 5000, default_gain: 48, capabilities: 8, slot_length: 0, }, { tag: 66, default_exposure_us: 65535, default_gain: 65535, capabilities: 0, slot_length: 0, }, { tag: 67, default_exposure_us: 65535, default_gain: 65535, capabilities: 0, slot_length: 0, }, ] shutter_period_us: 16666, }, ]
12-08 12:18:37.558 I/FrameSetCollator(  873): [{WT:RAW10}] started at 13313.88
12-08 12:18:37.558 I/SensorService(  873): [worldTracking] Starting camera streams for purpose: iot, current muxmode = 4
12-08 12:18:37.563 I/CameraClientManager(  873): [[IOT(1772)][iot]] stream start completed
12-08 12:18:37.563 D/CameraStream(  873): [iot] Client [IOT(1772)]: start complete
12-08 12:18:37.563 I/SensorService(  873): [worldTracking] Starting cameras for purpose projector_assisted_depth
12-08 12:18:37.563 I/FrameSetCollator(  873): [{WT(0,1):RAW10}] started at 13313.89
12-08 12:18:37.563 I/SensorService(  873): [worldTracking] Starting camera streams for purpose: projector_assisted_depth, current muxmode = 4
12-08 12:18:37.563 I/CameraClientManager(  873): [[MrSSCamS(1574)][projector_assisted_depth]] stream start completed
12-08 12:18:37.563 D/CameraStream(  873): [projector_assisted_depth] Client [MrSSCamS(1574)]: start complete
12-08 12:18:37.564 I/SyncBossFW(  866): 10786248 [info   ] {APPI}: Setting projector pattern sequence
12-08 12:18:37.564 I/SyncBossFW(  866): 10786249 [info   ] {NICE}: nice_set_frame_rate called on same period of 16666us
12-08 12:18:37.564 I/SyncBossFW(  866): 10786249 [info   ] {NICE}: nice_set_frame_rate called on same period of 16666us
12-08 12:18:37.564 I/SyncBossFW(  866): 10786251 [info   ] {NICE}: nice_set_frame_rate called on same period of 16666us
12-08 12:18:37.564 I/SyncBossFW(  866): 10786251 [info   ] {NCM }: No slot with constellation capability found.
12-08 12:18:37.564 I/SyncBossFW(  866): 10786253 [info   ] {NICE}: nice_set_frame_rate called on same period of 16666us
12-08 12:18:37.564 I/SyncBossFW(  866): 10786253 [info   ] {NCM }: No slot with projector capability found.
12-08 12:18:37.564 I/SyncBossFW(  866): 10786253 [info   ] {NCM }: Stopping projector
12-08 12:18:37.564 I/SyncBossFW(  866): 10786258 [info   ] {GCM }: general_cam_mgr_get_stream_info for cameras 0x1
12-08 12:18:37.565 D/CameraStream(  873): [mr_monochrome] Client [MrSSCamS(1574)] attempting start
12-08 12:18:37.566 I/FrameSetDispatcher(  873): [{WT(0,1):RAW10}] Client pid=1574 (MrSSCamS): Client thread[{WT(0,1):RAW10}] started
12-08 12:18:37.566 I/CameraClientManager(  873): [MrSSCamS(1574)][mr_monochrome] client started (estimated 1 started clients total)
12-08 12:18:37.566 I/CameraClientManager(  873): [[MrSSCamS(1574)][mr_monochrome]] definitely starting stream
12-08 12:18:37.566 I/SensorService(  873): [worldTracking] Starting cameras for purpose mr_monochrome
12-08 12:18:37.566 I/FrameSetCollator(  873): [{WT(0,1):RAW10}] Skipping start, current start count: 2
12-08 12:18:37.566 I/SensorService(  873): [worldTracking] Starting camera streams for purpose: mr_monochrome, current muxmode = 4
12-08 12:18:37.566 I/CameraClientManager(  873): [[MrSSCamS(1574)][mr_monochrome]] stream start completed
12-08 12:18:37.566 D/CameraStream(  873): [mr_monochrome] Client [MrSSCamS(1574)]: start complete
12-08 12:18:37.354 I/CAM_INFO(    0): CAM-ISP: __cam_isp_ctx_acquire_hw_v2: 9737 NO CRM session,top state machine assigned for no crm ctx 1
12-08 12:18:37.575 I/CAM_INFO(    0): CAM-ISP: __cam_isp_ctx_start_dev_in_ready: 10771 Start IFE device ctx 15 with irq state machine [RDI Only Activated State Machine IRQ] in initial SubState [EPOCH] UL_path 1
12-08 12:18:37.575 I/CAM_INFO(    0): CAM-ISP: __cam_isp_ctx_start_dev_in_ready: 10771 Start IFE device ctx 0 with irq state machine [RDI Only Activated State Machine IRQ] in initial SubState [EPOCH] UL_path 1
12-08 12:18:37.575 I/CAM_INFO(    0): CAM-ISP: __cam_isp_ctx_start_dev_in_ready: 10771 Start IFE device ctx 14 with irq state machine [RDI Only Activated State Machine IRQ] in initial SubState [EPOCH] UL_path 1
12-08 12:18:37.575 I/CAM_INFO(    0): CAM-ISP: __cam_isp_ctx_start_dev_in_ready: 10771 Start IFE device ctx 1 with irq state machine [RDI Only Activated State Machine IRQ] in initial SubState [EPOCH] UL_path 1
12-08 12:18:37.575 I/CAM_INFO(    0): CAM-SENSOR: cam_sensor_driver_cmd: 1352 20:18:37.562 CAM_START_DEV[1] Success for og01a1b sensor_id:0x7750,sensor_slave_addr:0xb0
12-08 12:18:37.576 I/CAM_INFO(    0): CAM-SENSOR: cam_sensor_driver_cmd: 1352 20:18:37.562 CAM_START_DEV[2] Success for ov7251 sensor_id:0xd,sensor_slave_addr:0xc0
12-08 12:18:37.576 I/CAM_INFO(    0): CAM-SENSOR: cam_sensor_driver_cmd: 1352 20:18:37.563 CAM_START_DEV[3] Success for ov7251 sensor_id:0xd,sensor_slave_addr:0xd0
12-08 12:18:37.568 I/SyncBossFW(  866): 10786261 [info   ] {GCM }: general_cam_mgr_start_streaming for cameras 0xf
12-08 12:18:37.568 D/TrackingService( 1772): IOT standby to running completed
12-08 12:18:37.569 I/TrackingService( 1772): [                             iot] Power transition: STANDBY -> RUNNING transition time: 390 ms
12-08 12:18:37.569 I/TrackingService( 1772): [                   constellation] Power transition: STANDBY -> RUNNING transition time: 0 ms
12-08 12:18:37.569 D/TrackingService( 1772): [HANDTRACKINGGLUE] standbyToRunning
12-08 12:18:37.569 D/TrackingService( 1772): [HANDTRACKINGGLUE] handleStateChange muxMode=null
12-08 12:18:37.569 D/TrackingService( 1772): [HANDTRACKINGGLUE] startCapability
12-08 12:18:37.576 I/CAM_INFO(    0): CAM-SENSOR: cam_sensor_driver_cmd: 1352 20:18:37.563 CAM_START_DEV[0] Success for og01a1b sensor_id:0x7750,sensor_slave_addr:0xa0
12-08 12:18:37.594 I/        (    0): Info: adsprpc (8241): 508: 508: cvp-dsp-thread: fastrpc_driver_register: fastrpc driver qcom,fastcv0 registered with handle 1574
12-08 12:18:37.594 I/msm_cvp (    0): sess: Opening cvp instance: 0000000000000000
12-08 12:18:37.596 I/msm_cvp (    0): pwr: cvp (eva) powered on
12-08 12:18:37.598 I/msm_cvp (    0): err: __flush_debug_queue: invalid msg size - 126
12-08 12:18:37.598 I/msm_cvp (    0): err: __flush_debug_queue: invalid msg size - 126
12-08 12:18:37.600 I/synx    (    0): info: synx_initialize: 2303: [sess :16] session created cvp-kernel-client
12-08 12:18:37.619 I/TrackingFidelityService( 1765): Request(s)={mr_passthrough:3,}
12-08 12:18:37.619 I/TrackingFidelityService( 1765): Request(s)={mr_passthrough:3,pt_display_sync:5,hyperscape_room_scanning:0,isp_foveation:5,low_latency_pt:5,}, Mux mode idx=2, name=defaultDisplay, score=-2980
12-08 12:18:37.619 I/TrackingFidelityService( 1765): beginTransition[color]: default(1)->defaultDisplay(2)
12-08 12:18:37.619 I/TrackingFidelityService( 1765): _applyMuxModeLockedInternal: Applying camera mux mode defaultDisplay via requestFeaturesWithFidelitiesLocked
12-08 12:18:37.620 I/SensorService(  873): [color] Setting camera mux mode to 2
12-08 12:18:37.620 I/SensorService(  873): updating CameraStream mux states
12-08 12:18:37.620 I/SensorDataTransforms( 1573): [CameraStreamControl:cam2bridge] Staging mux mode updates for {color: ind-2, seqId-92},
12-08 12:18:37.620 I/SensorDataTransforms( 1573): [CameraStreamControl:cam2bridge] Mux mode updates succesfully staged
12-08 12:18:37.622 I/SensorDataTransforms( 1772): [iot:ocal] Staging mux mode updates for {color: ind-2, seqId-92},
12-08 12:18:37.623 I/SensorService(  873): ending update to CameraStream mux states
12-08 12:18:37.623 I/FrameSetCollator(  873): [{COL:FOVPR}] Updated frame set period to 13888000, with all camera system activeSlots [[T,]]
12-08 12:18:37.623 I/FrameSetDispatcher(  873): [{COL:FOVPR}] Client pid=1574 (MrSSCamS): [color] Updated CameraMuxMode: 2, Slots: SLOT_0 
12-08 12:18:37.624 I/FrameSetDispatcher(  873): [{COL:FOVPR}] Latest MuxModeSettings: 2
12-08 12:18:37.624 I/FrameSetDispatcher(  873): [{COL:FOVPR}] purpose: active_slots, slots: SLOT_0 
12-08 12:18:37.624 I/FrameSetDispatcher(  873): [{COL:FOVPR}] purpose: cam2bridge, slots: SLOT_0 
12-08 12:18:37.624 I/FrameSetDispatcher(  873): [{COL:FOVPR}] purpose: ocal, slots: SLOT_0 
12-08 12:18:37.624 I/FrameSetDispatcher(  873): [{COL:FOVPR}] purpose: passthrough, slots: SLOT_0 
12-08 12:18:37.624 I/SensorDataTransforms( 1574): [MrStreamControl:passthrough] Staging mux mode updates for {color: ind-2, seqId-92},
12-08 12:18:37.624 I/SensorDataTransforms( 1772): [iot:ocal] Signaling start of the mode transition
12-08 12:18:37.624 I/SensorDataTransforms( 1574): [MrStreamControl:passthrough] Signaling start of the mode transition
12-08 12:18:37.624 I/SensorDataTransforms( 1574): [MrStreamControl:passthrough] Mux mode updates successfully staged
12-08 12:18:37.624 I/TrackingService( 1772): [iot:ocal] Start configuration update starting
12-08 12:18:37.624 I/TrackingService( 1772): [iot:ocal] Start configuration update done
12-08 12:18:37.624 I/SensorDataTransforms( 1772): [iot:ocal] Mux mode updates successfully staged
12-08 12:18:37.624 D/TrackingService( 1772): [iot:ocal]Queue mux mode update notification: defaultDisplay
12-08 12:18:37.624 D/TrackingService( 1772): [ocal]start onMuxStateUpdate. ModeId: default -> defaultDisplay
12-08 12:18:37.624 D/TrackingService( 1772): [iot][ocal]handleMuxModeNotification started for muxMode[color: defaultDisplay]
12-08 12:18:37.624 D/TrackingService( 1772): [iot][ocal]handleMuxModeNotification finished for muxMode[color: defaultDisplay]
12-08 12:18:37.624 D/TrackingService( 1772): [ocal]end onMuxStateUpdate. ModeId: default -> defaultDisplay
12-08 12:18:37.624 I/TrackingService( 1772): [                        iot:ocal] Mux Mode Transition from sensor service: default -> defaultDisplay transition time: 0 ms
12-08 12:18:37.626 E/FrameSetCollator(  873): [{COL:FOVPR}] 1 FrameSets had unexpected timestamps (in the last 320.82ms). Ex: slot 0 10786294.998ms -> 10786311.664ms (observed period: 16.666ms, expected period: 13.888ms (2.778ms))
12-08 12:18:37.627 I/SensorService(  873): Active camera ids set to: []
12-08 12:18:37.627 I/ColorCameraSystem(  873): [color] Switch to display rate sync mode (72.000 Hz).
12-08 12:18:37.627 I/SyncBossFW(  866): 10786325 [info   ] {GCM }: general_cam_mgr_stop_streaming for cameras 0x30
12-08 12:18:37.628 I/ColorCameraSystem(  873): [color] Set camera sync mode to display
12-08 12:18:37.629 I/SyncBossFW(  866): 10786327 [info   ] {BRGB}: Enabling display sync mode
12-08 12:18:37.629 W/SensorService(  873): received frame for disabled cam5
12-08 12:18:37.631 I/SyncBossFW(  866): 10786328 [info   ] {GCM }: general_cam_mgr_set_frame_rate_config cams 0x30 period 13888us
12-08 12:18:37.633 I/SensorService(  873): Active camera ids set to: [4,5]
12-08 12:18:37.633 W/SensorService(  873): [color] Skipped updateSyncbossFrameTag - no updater or override provided
12-08 12:18:37.633 I/TrackingFidelityService( 1765): endTransition[color]: default(1)->defaultDisplay(2), seqId=92, succeeded=true
12-08 12:18:37.634 I/SyncBossFW(  866): 10786331 [info   ] {GCM }: general_cam_mgr_start_streaming for cameras 0x30
12-08 12:18:37.640 I/SyncBossFW(  866): 10786335 [info   ] {NTHR}: First shutter for camera set (0x1) was sent 73550us after start
12-08 12:18:37.641 I/SyncBossFW(  866): 10786337 [info   ] {NTHR}: First shutter for camera set (0x2) was sent 73672us after start
12-08 12:18:37.644 I/libsensortelemetry(  873): Updating camera metrics frame period from 16666 to 13888
12-08 12:18:37.670 E/SensorService(  873): failed to handle frame metadata for cam 4 streamType 10, dropping frame!
12-08 12:18:37.674 E/SensorService(  873): failed to handle frame metadata for cam 5 streamType 10, dropping frame!
12-08 12:18:37.695 I/CAM_ERR (    0): CAM-ISP: __cam_isp_ctx_rdi_only_epoch_in_top_state: 7751 epoch with no req in active list ctx:0 res_id:0
12-08 12:18:37.693 E/FrameSetCollator(  873): [{COL:FOVPR}] releasing incomplete frame set: (4:1, 5:0), (deadlineMissed, muxModeMisMatch) = (1, 1), (captureDevTs, currentTs, tolerance, current+tolerance) = (10786378111000, 10786311664000, 30000, 10786311694000), (frame.slotIndex) = (0), (frame.modeIndex, frameSet.modeIndex) = (2, 1)
12-08 12:18:37.696 I/FrameSetDispatcher(  873): [{COL:FOVPR}] 1 older Mux Mode settings are removed.
12-08 12:18:37.696 I/FrameSetDispatcher(  873): [{COL:FOVPR}] Client pid=1574 (MrSSCamS): Remove old Mux Mode 1: slot indices: SLOT_0 
12-08 12:18:37.695 I/CAM_ERR (    0): CAM-ISP: __cam_isp_ctx_rdi_only_epoch_in_top_state: 7751 epoch with no req in active list ctx:1 res_id:0
12-08 12:18:37.727 I/CAM_ERR (    0): CAM-ISP: __cam_isp_ctx_rdi_only_epoch_in_top_state: 7751 epoch with no req in active list ctx:14 res_id:0
12-08 12:18:37.735 E/FrameSetCollator(  873): [{WT:RAW10}] releasing incomplete frame set: (0:0, 1:0, 2:1, 3:1), (deadlineMissed, muxModeMisMatch) = (1, 0), (captureDevTs, currentTs, tolerance, current+tolerance) = (10786428326000, 10786411660000, 30000, 10786411690000), (frame.slotIndex) = (3), (frame.modeIndex, frameSet.modeIndex) = (4, 0)
12-08 12:18:37.735 I/FrameSetDispatcher(  873): [{WT:RAW10}] 1 older Mux Mode settings are removed.
12-08 12:18:37.735 I/FrameSetDispatcher(  873): [{WT:RAW10}] Client pid=1772 (IOT): Remove old Mux Mode 3: slot indices: SLOT_0 SLOT_2 
12-08 12:18:37.735 I/TrackingService( 1772): [iot:iot] Configuration update starting
12-08 12:18:37.735 I/FrameSetDispatcher(  873): [{WT(0,1):RAW10}] 1 older Mux Mode settings are removed.
12-08 12:18:37.735 I/TrackingService( 1772): [iot:iot] Configuration update done
12-08 12:18:37.735 I/TrackingService( 1772): [iot:iot] Finish configuration update starting
12-08 12:18:37.735 I/TrackingService( 1772): [iot:iot] Finish configuration update done
12-08 12:18:37.745 D/ControllerManagement( 3227): RemoteService::recordControllerStatusUpdate: device 402c25cbf028a4e8: status: CONNECTED_ACTIVE tracking: NONE, errors: --
12-08 12:18:37.752 I/FrameSetDispatcher(  873): [{WT(0,1):RAW10}] Client pid=1574 (MrSSCamS): Remove old Mux Mode 3: slot indices: SLOT_0 SLOT_2 
12-08 12:18:37.869 D/TrackingService( 1772): [HANDTRACKINGGLUE] resumeCapability
12-08 12:18:37.870 D/CameraStream(  873): [hand] Client [Hand(1772)] attempting start
12-08 12:18:37.870 I/FrameSetDispatcher(  873): [{WT:RAW10}] Client pid=1772 (Hand): Client thread[{WT:RAW10}:Hand] started
12-08 12:18:37.870 I/CameraClientManager(  873): [Hand(1772)][hand] client started (estimated 1 started clients total)
12-08 12:18:37.870 I/CameraClientManager(  873): [[Hand(1772)][hand]] definitely starting stream
12-08 12:18:37.870 I/SensorService(  873): [worldTracking] Starting cameras for purpose hand
12-08 12:18:37.870 I/FrameSetCollator(  873): [{WT:RAW10}] Skipping start, current start count: 2
12-08 12:18:37.870 I/SensorService(  873): [worldTracking] Starting camera streams for purpose: hand, current muxmode = 4
12-08 12:18:37.870 I/CameraClientManager(  873): [[Hand(1772)][hand]] stream start completed
12-08 12:18:37.870 D/CameraStream(  873): [hand] Client [Hand(1772)]: start complete
12-08 12:18:37.889 D/SensorDataTransforms( 1772): [hand:hand] Erased 3 stale entries from the staged mux states for worldTracking.
12-08 12:18:37.889 I/TrackingService( 1772): [hand:hand] Configuration update starting
12-08 12:18:37.889 I/TrackingService( 1772): [hand:hand] Configuration update done
12-08 12:18:37.889 I/TrackingService( 1772): [hand:hand] Finish configuration update starting
12-08 12:18:37.912 I/TrackingService( 1772): [                            hand] Power transition: STANDBY -> RUNNING transition time: 342 ms
12-08 12:18:37.912 I/TrackingService( 1772): [              selftracked_client] Power transition: STANDBY -> RUNNING transition time: 0 ms
12-08 12:18:37.912 I/TrackingService( 1772): [                            iobt] Power transition: STANDBY -> RUNNING transition time: 0 ms
12-08 12:18:37.912 D/CameraStream(  873): [object] Client [Obj(1772)] attempting start
12-08 12:18:37.913 I/FrameSetDispatcher(  873): [{WT:RAW10}] Client pid=1772 (Obj): Client thread[{WT:RAW10}:Obj] started
12-08 12:18:37.913 I/CameraClientManager(  873): [Obj(1772)][object] client started (estimated 1 started clients total)
12-08 12:18:37.913 I/CameraClientManager(  873): [[Obj(1772)][object]] definitely starting stream
12-08 12:18:37.913 I/SensorService(  873): [worldTracking] Starting cameras for purpose object
12-08 12:18:37.913 I/FrameSetCollator(  873): [{WT:RAW10}] Skipping start, current start count: 3
12-08 12:18:37.913 I/SensorService(  873): [worldTracking] Starting camera streams for purpose: object, current muxmode = 4
12-08 12:18:37.913 I/CameraClientManager(  873): [[Obj(1772)][object]] stream start completed
12-08 12:18:37.913 D/CameraStream(  873): [object] Client [Obj(1772)]: start complete
12-08 12:18:37.913 I/TrackingService( 1772): [                          object] Power transition: STANDBY -> RUNNING transition time: 1 ms
12-08 12:18:37.913 I/TrackingService( 1772): [                      controller] Power transition: STANDBY -> RUNNING transition time: 0 ms
12-08 12:18:37.913 D/CameraStream(  873): [exposure_control_worldTracking] Client [ExpCtl(1772)] attempting start
12-08 12:18:37.914 I/TrackingService( 1772): [hand:hand] Finish configuration update done
12-08 12:18:37.914 I/FrameSetDispatcher(  873): [{WT:RAW10}] Client pid=1772 (ExpCtl): Client thread[{WT:RAW10}:ExpC] started
12-08 12:18:37.914 I/CameraClientManager(  873): [ExpCtl(1772)][exposure_control_worldTracking] client started (estimated 1 started clients total)
12-08 12:18:37.914 I/CameraClientManager(  873): [[ExpCtl(1772)][exposure_control_worldTracking]] definitely starting stream
12-08 12:18:37.914 I/SensorService(  873): [worldTracking] Starting cameras for purpose exposure_control_worldTracking
12-08 12:18:37.914 I/FrameSetCollator(  873): [{WT:RAW10}] Skipping start, current start count: 4
12-08 12:18:37.914 I/SensorService(  873): [worldTracking] Starting camera streams for purpose: exposure_control_worldTracking, current muxmode = 4
12-08 12:18:37.914 I/CameraClientManager(  873): [[ExpCtl(1772)][exposure_control_worldTracking]] stream start completed
12-08 12:18:37.914 D/CameraStream(  873): [exposure_control_worldTracking] Client [ExpCtl(1772)]: start complete
12-08 12:18:37.916 W/SensorService(  873): Slot 1 for mode 4 is not controlled by control purpose constellationExposureControl. Skipping.
12-08 12:18:37.916 I/TrackingService( 1772): [            ExposureControlCmmv2] Power transition: STANDBY -> RUNNING transition time: 2 ms
12-08 12:18:37.916 I/SensorService(  873): configDirectReport for channelHandle:1 sensorHandle:3 Rate:3
12-08 12:18:37.916 I/TrackingService( 1772): [                            face] Power transition: STANDBY -> RUNNING transition time: 0 ms
12-08 12:18:37.917 D/TrackingService( 1772): Transition completed for NONE
12-08 12:18:37.921 W/FrameSetDispatcher(  873): [{WT:RAW10}] Client pid=1772 (Hand): client is taking longer than 33ms to return FrameSets (1x in the past 0.052s)
12-08 12:18:37.939 I/TrackingService( 1772): [object:object] Configuration update starting
12-08 12:18:37.940 I/TrackingService( 1772): [object:object] Configuration update done
12-08 12:18:37.940 I/TrackingService( 1772): [object:object] Finish configuration update starting
12-08 12:18:37.940 I/TrackingService( 1772): [object:object] Finish configuration update done
12-08 12:18:38.124 D/CameraStream(  873): [ocal] Client [IOT(1772)] attempting start
12-08 12:18:38.124 I/FrameSetDispatcher(  873): [{COL:FOVPR}] Client pid=1772 (IOT): Client thread[{COL:FOVPR}:IOT] started
12-08 12:18:38.124 I/CameraClientManager(  873): [IOT(1772)][ocal] client started (estimated 1 started clients total)
12-08 12:18:38.124 I/CameraClientManager(  873): [[IOT(1772)][ocal]] definitely starting stream
12-08 12:18:38.124 I/SensorService(  873): [color] Starting cameras for purpose ocal
12-08 12:18:38.125 I/FrameSetCollator(  873): [{COL:FOVPR}] Skipping start, current start count: 2
12-08 12:18:38.125 I/SensorService(  873): [color] Starting camera streams for purpose: ocal, current muxmode = 2
12-08 12:18:38.125 I/CameraClientManager(  873): [[IOT(1772)][ocal]] stream start completed
12-08 12:18:38.125 D/CameraStream(  873): [ocal] Client [IOT(1772)]: start complete
12-08 12:18:38.125 W/TrackingService( 1772): trying to start depth stream when 3-way OCal is not enabled
12-08 12:18:38.127 I/TrackingService( 1772): [iot:ocal] Configuration update starting
12-08 12:18:38.127 I/TrackingService( 1772): [iot:ocal] Configuration update done
12-08 12:18:38.127 I/TrackingService( 1772): [iot:ocal] Finish configuration update starting
