12-08 12:18:51.352 I/UnifiedTelemetryWrapper( 3567): Started UT session lifetime:com.example.moonlight_spatialsdk
12-08 12:18:51.352 I/JVMHandler( 3567): JVMHandler: callStaticMethodWithVariableArguments. [functionName:applicationRequestsDualCoreCpuset] is valid: [1]
12-08 12:18:51.352 I/JVMHandler( 3567): JVMHandler: callStaticMethodWithVariableArguments. [functionName:applicationRequestsCpuForGpuTrade] is valid: [1]
12-08 12:18:51.352 I/VrRuntimeService( 3567): Package com.example.moonlight_spatialsdk requests trading CPU for GPU0
12-08 12:18:51.353 I/ClientMgr( 3567): CreateClient: Value of tradeCpuForGpu is 0
12-08 12:18:51.353 I/ClientMgr( 3567): CreateClient: Value of isCPUSingleThreadedBoost is 0
12-08 12:18:51.353 I/ClientMgr( 3567): CreateClient: id 0x64f23857, pid 6741, uid 10177, packageName com.example.moonlight_spatialsdk, clientName VrRuntimeClient-1, processName com.example.moonlight_spatialsdk, processNameWithPID com.example.moonlight_spatialsdk:6741, launchId , permissionFlags 0, clientType 0, clientFlags 0, isApplication=true, isOsApp=false, clientSessionPlacement 128, clientDisplayId 0, clientVWToken e11bddbd92424afe859763ee83579bcf
12-08 12:18:51.353 I/ClientMgr( 3567): CreateClient: Extra kickoff headroom for com.example.moonlight_spatialsdk = 0.000 ms
12-08 12:18:51.353 I/ClientMgr( 3567): [ClientOptedOutLDM] Entered with packageName: com.example.moonlight_spatialsdk
12-08 12:18:51.353 I/VrRuntimeClient( 6741): RegisterClient success 
12-08 12:18:51.353 I/VrRuntimeService( 3567): RuntimeServiceSDKServer::GetSharedMemoryFileDescriptor: SharedMemoryDebug: clientid 1693595735
12-08 12:18:51.353 I/VrRuntimeService( 3567): GetSharedMemoryFileDescriptor: SharedMemoryDebug: SharedMemoryType_PublicReadOnly: 83 (128)
12-08 12:18:51.353 I/VrRuntimeClient( 6741): RuntimeIPC: ServiceConnected: SharedMemoryDebug: publicReadOnly SharedMemorySize=128 (com.example.moonlight_spatialsdk) sizeof(s_->sharedMemoryPublicReadOnly)=152
12-08 12:18:51.353 I/VrRuntimeService( 3567): RuntimeServiceSDKServer::GetSharedMemoryFileDescriptor: SharedMemoryDebug: clientid 1693595735
12-08 12:18:51.353 I/VrRuntimeService( 3567): GetSharedMemoryFileDescriptor: SharedMemoryDebug: SharedMemoryType_PrivateReadWrite: 960 (425704)
12-08 12:18:51.354 I/VrRuntimeClient( 6741): RuntimeIPC: ServiceConnected: SharedMemoryDebug: privateReadWrite SharedMemorySize=425704 (com.example.moonlight_spatialsdk) sizeof(privateSharedMemorySize)=8
12-08 12:18:51.354 I/VrRuntimeClient( 6741): nativeRuntimeServiceConnected: SharedMemoryDebug: publicReadOnlyFd=199, privateReadWriteFd=202 (com.example.moonlight_spatialsdk)
12-08 12:18:51.360 I/VrRuntimeClient( 6741): s_->rssdkClient.InitClient SUCCESS. Version: 5.0, Custom: 1.0
12-08 12:18:51.360 I/RipcClientMgr [RUNTIMEIPC]( 6741): GetClientOptions
12-08 12:18:51.360 I/VrRuntimeClient( 6741): Connected to VrRuntimeService on attempt 0
12-08 12:18:51.360 I/OpenXR  ( 6741): xrCreateSession: Connected to VrRuntimeService after 0.033345s
12-08 12:18:51.360 I/VrRuntimeClient( 6741): SetPhaseSyncMode 1
12-08 12:18:51.360 I/VrRuntimeClient( 6741): SetPhaseSyncMode 1
12-08 12:18:51.360 I/OpenXR  ( 6741): PhaseSync Mode: PHASE_SYNC
12-08 12:18:51.360 I/VrRuntimeClient( 6741): VrRuntimeClient: Init
12-08 12:18:51.360 I/JVMHandler( 6741): JVMHandler: callStaticMethodWithVariableArguments. [functionName:getDisplayID] is valid: [1]
12-08 12:18:51.366 I/RipcClient [RUNTIMEIPC]( 6741): InitServerStateBuffer: SUCCESS. 0, Client: com.example.moonlight_spatialsdk:com.example.moonlight_spatialsdk:6741, Server: com.oculus.systemdriver:com.oculus.vrruntimeservice:0 (RuntimeServiceServer)
12-08 12:18:51.367 I/JVMHandler( 6741): JVMHandler: callStaticMethodWithVariableArguments. [functionName:getFoveationTileOffset] is valid: [1]
12-08 12:18:51.368 I/JVMHandler( 6741): JVMHandler: callStaticMethodWithVariableArguments. [functionName:getFoveationTileTurnOff] is valid: [1]
12-08 12:18:51.368 I/JVMHandler( 6741): JVMHandler: callStaticMethodWithVariableArguments. [functionName:getFrameSyncEnabled] is valid: [1]
12-08 12:18:51.368 I/Foveation( 6741): InitFoveationClient: TileOffset=0,TileTurnOff=1,TileAlignedFoveation=0
12-08 12:18:51.368 I/JVMHandler( 6741): JVMHandler: callStaticMethodWithVariableArguments. [functionName:initialize] is valid: [1]
12-08 12:18:51.368 I/RuntimeIPCSystem [RUNTIMEIPC]( 6741): RuntimeIPCSystem: Init called: Version: 81, Platform: Android, Build Date: Dec  7 2025, Build Time: 14:26:30, BuildMode: shared
12-08 12:18:51.368 I/RuntimeIpcHelperService( 2051): Going to start ComponentInfo{com.oculus.guardian/com.oculus.vrguardianservice.VrGuardianService} as background, Calling uid: 10177 pid: 6741
12-08 12:18:51.368 I/AppsFilter( 2051): interaction: PackageSetting{ce039ec com.example.moonlight_spatialsdk/10177} -> PackageSetting{4866ce2 com.oculus.guardian/10073} BLOCKED
12-08 12:18:51.368 W/ActivityManager( 2051): Unable to start service Intent { cmp=com.oculus.guardian/com.oculus.vrguardianservice.VrGuardianService } U=0: not found
12-08 12:18:51.369 I/ClientProcessConnector [RUNTIMEIPC]( 6741): GetProcessConnection: com.oculus.guardian:com.oculus.vrguardianservice
12-08 12:18:51.370 I/RipcServerClientHandler [RUNTIMEIPC]( 5403): Event buffer size (server): 8192
12-08 12:18:51.370 I/RipcServerMgr [RUNTIMEIPC]( 5403): HandleClientConnect SUCCESS: Client: com.example.moonlight_spatialsdk:com.example.moonlight_spatialsdk:6741:VrGuardianClient-1, Server: com.oculus.guardian:com.oculus.vrguardianservice (guardianserver)
12-08 12:18:51.370 I/RipcClient [RUNTIMEIPC]( 6741): Event buffer size (client): 8192
12-08 12:18:51.370 I/RipcClient [RUNTIMEIPC]( 6741): TryToGetIPCResourcesFromServer: RPC_CONNECTOR_CONNECT_TO_SERVER SUCCESS: Client: com.example.moonlight_spatialsdk:com.example.moonlight_spatialsdk:6741, Server: com.oculus.guardian:com.oculus.vrguardianservice:0 (guardianserver), Version: 81, Platform: Android, Build Date: Dec  7 2025, Build Time: 14:26:30, BuildMode: shared
12-08 12:18:51.371 I/RipcClient [RUNTIMEIPC]( 6741): EnsureServerConnection: SUCCESS. Client: com.example.moonlight_spatialsdk:com.example.moonlight_spatialsdk:6741, Server: com.oculus.guardian:com.oculus.vrguardianservice:0 (guardianserver)
12-08 12:18:51.371 I/RipcClient [RUNTIMEIPC]( 6741): [RIPC_CONNECT_LOG] ConnectToServer: SUCCESS: Client: com.example.moonlight_spatialsdk:com.example.moonlight_spatialsdk:6741, Server: com.oculus.guardian:com.oculus.vrguardianservice:0 (guardianserver)
12-08 12:18:51.371 W/REFLECT [RUNTIMEIPC]( 5403): Disabling all permissions (ONLY USE IN TESTS): 3373071244:com.example.moonlight_spatialsdk/com.example.moonlight_spatialsdk (10177:6741), mask: 11111111111111111111111111111111
12-08 12:18:51.371 I/REFLECT [RUNTIMEIPC]( 5403): GuardianSDKServer Client Connected 3373071244, com.example.moonlight_spatialsdk, com.example.moonlight_spatialsdk, VrGuardianClient-1
12-08 12:18:51.376 I/GuardianClientCommon( 6741): guardianSDKClient_ connected.
12-08 12:18:51.377 W/GkCacheQuerierClient( 6741): getGkValue: Query result for 'oculus_xrruntime:horizon_phasesync_disabled' not successful: 4
12-08 12:18:51.377 W/GkHelper( 6741): GkHelper: query failed, result code = 4
12-08 12:18:51.377 I/FaceEyeTrackingClientManager( 6741): [FaceEyeTrackingManager] Initializing FaceEyeTrackingClientManager...
12-08 12:18:51.379 I/JVMHandler( 6741): JVMHandler: callStaticMethodWithVariableArguments. [functionName:getAllowedAudioCapturePolicy] is valid: [1]
12-08 12:18:51.380 I/JVMHandler( 6741): JVMHandler: callStaticMethodWithVariableArguments. [functionName:getLaunchId] is valid: [1]
12-08 12:18:51.382 W/VrRuntimeClient( 6741): Failed to call getLaunchId
12-08 12:18:51.382 I/LogTimer( 6741): CPUTIME: VrRuntimeClient_Init took 22.0259 ms
12-08 12:18:51.382 I/VulkanLoader( 6741): ovrVulkanLoader::Load
12-08 12:18:51.382 W/VulkanLoader( 6741): VulkanLoader::LoadInstanceFunctions: Failed to load vkCreateDebugReportCallbackEXT, likely vkInstance created without xrGetVulkanInstanceExtensionsKHR/vrapi_GetInstanceExtensionsVulkan
12-08 12:18:51.382 W/VulkanLoader( 6741): VulkanLoader::LoadInstanceFunctions: Failed to load vkCreateDebugUtilsMessengerEXT, likely vkInstance created without xrGetVulkanInstanceExtensionsKHR/vrapi_GetInstanceExtensionsVulkan
12-08 12:18:51.382 W/VulkanLoader( 6741): VulkanLoader::LoadInstanceFunctions: Failed to load vkDestroyDebugReportCallbackEXT, likely vkInstance created without xrGetVulkanInstanceExtensionsKHR/vrapi_GetInstanceExtensionsVulkan
12-08 12:18:51.382 W/VulkanLoader( 6741): VulkanLoader::LoadInstanceFunctions: Failed to load vkDestroyDebugUtilsMessengerEXT, likely vkInstance created without xrGetVulkanInstanceExtensionsKHR/vrapi_GetInstanceExtensionsVulkan
12-08 12:18:51.382 W/VulkanLoader( 6741): VulkanLoader::LoadInstanceFunctions: Failed to load vkGetPhysicalDeviceSurfaceCapabilities2KHR, likely vkInstance created without xrGetVulkanInstanceExtensionsKHR/vrapi_GetInstanceExtensionsVulkan
12-08 12:18:51.382 W/VulkanLoader( 6741): VulkanLoader::LoadDeviceFunctions: Failed to load vkCmdDebugMarkerInsertEXT, likely vkDevice created without xrGetVulkanDeviceExtensionsKHR/vrapi_GetDeviceExtensionsVulkan
12-08 12:18:51.382 W/VulkanLoader( 6741): VulkanLoader::LoadDeviceFunctions: Failed to load vkCmdSetCullModeEXT, likely vkDevice created without xrGetVulkanDeviceExtensionsKHR/vrapi_GetDeviceExtensionsVulkan
12-08 12:18:51.382 W/VulkanLoader( 6741): VulkanLoader::LoadDeviceFunctions: Failed to load vkCmdSetDepthCompareOpEXT, likely vkDevice created without xrGetVulkanDeviceExtensionsKHR/vrapi_GetDeviceExtensionsVulkan
12-08 12:18:51.382 W/VulkanLoader( 6741): VulkanLoader::LoadDeviceFunctions: Failed to load vkCmdSetDepthTestEnableEXT, likely vkDevice created without xrGetVulkanDeviceExtensionsKHR/vrapi_GetDeviceExtensionsVulkan
12-08 12:18:51.382 W/VulkanLoader( 6741): VulkanLoader::LoadDeviceFunctions: Failed to load vkCmdSetDepthWriteEnableEXT, likely vkDevice created without xrGetVulkanDeviceExtensionsKHR/vrapi_GetDeviceExtensionsVulkan
12-08 12:18:51.382 W/VulkanLoader( 6741): VulkanLoader::LoadDeviceFunctions: Failed to load vkDebugMarkerSetObjectTagEXT, likely vkDevice created without xrGetVulkanDeviceExtensionsKHR/vrapi_GetDeviceExtensionsVulkan
12-08 12:18:51.382 W/VulkanLoader( 6741): VulkanLoader::LoadDeviceFunctions: Failed to load vkCmdInsertDebugUtilsLabelEXT, likely vkDevice created without xrGetVulkanDeviceExtensionsKHR/vrapi_GetDeviceExtensionsVulkan
12-08 12:18:51.382 W/VulkanLoader( 6741): VulkanLoader::LoadDeviceFunctions: Failed to load vkSetDebugUtilsObjectTagEXT, likely vkDevice created without xrGetVulkanDeviceExtensionsKHR/vrapi_GetDeviceExtensionsVulkan
12-08 12:18:51.382 W/VulkanLoader( 6741): VulkanLoader::LoadDeviceFunctions: Failed to load vkCmdSetColorBlendEnableEXT, likely vkDevice created without xrGetVulkanDeviceExtensionsKHR/vrapi_GetDeviceExtensionsVulkan
12-08 12:18:51.382 W/VulkanLoader( 6741): VulkanLoader::LoadDeviceFunctions: Failed to load vkCmdSetColorBlendEquationEXT, likely vkDevice created without xrGetVulkanDeviceExtensionsKHR/vrapi_GetDeviceExtensionsVulkan
12-08 12:18:51.382 W/VulkanLoader( 6741): VulkanLoader::LoadDeviceFunctions: Failed to load vkCmdSetColorWriteMaskEXT, likely vkDevice created without xrGetVulkanDeviceExtensionsKHR/vrapi_GetDeviceExtensionsVulkan
12-08 12:18:51.383 I/Foveation( 6741): Vulkan FFR is supported: MinFragmentDensityTexelSize=(16,16)
12-08 12:18:51.383 I/Distortion( 6741): Initializing Mesh Decenter Correction
12-08 12:18:51.383 I/Distortion( 6741): Decenter tester version = 200
12-08 12:18:51.383 I/Distortion( 6741): SetLensPositions - iad=0.0635, left offset=-0.00313837,4.25965e-05, right offset=0.00323463,-0.000142143
12-08 12:18:51.384 I/Distortion( 6741): Initializing Mesh Decenter Correction
12-08 12:18:51.385 I/Distortion( 6741): Decenter tester version = 200
12-08 12:18:51.385 I/Distortion( 6741): SetLensPositions - iad=0.0635, left offset=-0.00313837,4.25965e-05, right offset=0.00323463,-0.000142143
12-08 12:18:51.388 I/ClientInputSettings( 6741): SYSTEMBUTTONSPACE GKS freeze '0' 
12-08 12:18:51.388 I/ClientInputSettings( 6741): SYSTEMBUTTONSPACE 'com.example.moonlight_spatialsdk' Freeze input '0' on home button down
12-08 12:18:51.388 I/ClientInputSettings( 6741): HANDTRACKING: Hands V2.0 enforced.
12-08 12:18:51.389 I/ClientInputSettings( 6741): HANDTRACKING: YES, in the GK oculus_mobile_enable_hand_tracking_frequency_inter
12-08 12:18:51.389 I/JVMHandler( 6741): JVMHandler: callStaticMethodWithVariableArguments. [functionName:getApplicationMetadata] is valid: [1]
12-08 12:18:51.390 I/ClientInputInterface( 6741): HANDTRACKING sethandtrackingfrequency 1
12-08 12:18:51.390 I/ClientInputSettings( 6741): HANDTRACKING: YES, in the GK oculus_mobile_30hz_handtracking_downclocking
12-08 12:18:51.390 I/ClientInputInterface( 6741): Set30HzHandtrackingDownclockingGKFlag 1
12-08 12:18:51.390 I/ClientInputSettings( 6741): HANDTRACKING: YES, in the GK oculus_mobile_enable_hand_emulation_of_controllers
12-08 12:18:51.390 I/ClientInputInterface( 6741): HANDTRACKING SetHandTrackingControllerEmulationGkFlag 1
12-08 12:18:51.391 I/ActivityLifecycleListener( 6741): Registering LifecycleListener
12-08 12:18:51.399 I/OpenXR  ( 6741): xrCreateSession: Activity is not yet in the ready state.
12-08 12:18:51.399 I/OpenXR_Aperture( 6741): ------------ ovrCreateApertureMETAX1 -----------
12-08 12:18:51.399 I/VrRuntimeService( 3567): RuntimeServiceSDKServer::CreateAperture
12-08 12:18:51.400 I/JVMHandler( 3567): JVMHandler: callStaticMethodWithVariableArguments. [functionName:isSignatureValid] is valid: [1]
12-08 12:18:51.400 I/ClientMgr@( 3567): IsTrustedClient( com.example.moonlight_spatialsdk )= false true
12-08 12:18:51.400 I/ClientMgr( 3567): createAperture, clientId=1693595735, apertureId=21
12-08 12:18:51.401 I/OpenXR  ( 6741): ------------ xrCreateSession [end] -----------
12-08 12:18:51.401 I/OpenXR_Space( 6741): xrCreateReferenceSpace: Spaces info
12-08 12:18:51.401 I/OpenXR_Space( 6741): xrCreateReferenceSpace: Local version=55
12-08 12:18:51.401 I/OpenXR_Space( 6741): xrCreateReferenceSpace: RawFromLocal       = (-0.000, -0.210, -0.000, 0.978), (0.03, -0.01, -0.00)
12-08 12:18:51.401 I/OpenXR_Space( 6741): xrCreateReferenceSpace: RawFromLocalTilted = (-0.075, -0.208, 0.005, 0.975), (0.03, -0.01, -0.00)
12-08 12:18:51.401 I/OpenXR_Space( 6741): xrCreateReferenceSpace: Stage IsValid=true
12-08 12:18:51.401 I/OpenXR_Space( 6741): xrCreateReferenceSpace: Stage HasActiveSafetyBound=true
12-08 12:18:51.401 I/OpenXR_Space( 6741): xrCreateReferenceSpace: Stage Width=3.823253, Depth=2.424701
12-08 12:18:51.401 I/OpenXR_Space( 6741): xrCreateReferenceSpace: RawFromStage       = (-0.000, -0.994, -0.000, 0.111), (1.49, -1.68, 0.48)
12-08 12:18:51.401 I/HorizonStandalone( 6741): Hmi: XrInputContext: onSessionCreate
12-08 12:18:51.401 I/OpenXR_Hands( 6741): ------------ xrCreateHandTrackerEXT -----------
12-08 12:18:51.401 I/OpenXR_Hands( 6741): ------------ xrCreateHandTrackerEXT -----------
12-08 12:18:51.401 I/HorizonStandalone( 6741): Hmi: Creating action cfa28a35c29e8ba for horizon::hmi::XrControllerLeft.squeeze
12-08 12:18:51.401 I/HorizonStandalone( 6741): Hmi: Creating action 737a74a031f06c71 for horizon::hmi::XrControllerLeft.trigger
12-08 12:18:51.401 I/HorizonStandalone( 6741): Hmi: Creating action 94dccee82af18a81 for horizon::hmi::XrControllerLeft.triggerTouch
12-08 12:18:51.401 I/HorizonStandalone( 6741): Hmi: Creating action 10234e51d98b2383 for horizon::hmi::XrControllerLeft.thumbstick
12-08 12:18:51.401 I/HorizonStandalone( 6741): Hmi: Creating action ba0b4d887f842538 for horizon::hmi::XrControllerLeft.thumbstickX
12-08 12:18:51.401 I/HorizonStandalone( 6741): Hmi: Creating action eaeb9444a2834ee2 for horizon::hmi::XrControllerLeft.thumbstickY
12-08 12:18:51.401 I/HorizonStandalone( 6741): Hmi: Creating action fe861d0987ad9f11 for horizon::hmi::XrControllerLeft.thumbstickClick
12-08 12:18:51.401 I/HorizonStandalone( 6741): Hmi: Creating action 8dd10c3161b5a325 for horizon::hmi::XrControllerLeft.thumbstickTouch
12-08 12:18:51.401 I/HorizonStandalone( 6741): Hmi: Creating action 4f98a285d8ae8542 for horizon::hmi::XrControllerLeft.thumbrestTouch
12-08 12:18:51.401 I/HorizonStandalone( 6741): Hmi: Creating action 202467664775ae92 for horizon::hmi::XrControllerLeft.grip
12-08 12:18:51.401 I/HorizonStandalone( 6741): Hmi: Creating action cd2981559b213c57 for horizon::hmi::XrControllerLeft.aim
12-08 12:18:51.402 I/HorizonStandalone( 6741): Hmi: Creating action 8e9ed18d3a96228e for horizon::hmi::XrControllerLeft.thumbrestForce
12-08 12:18:51.402 I/HorizonStandalone( 6741): Hmi: Creating action 3a009ea952e511f3 for horizon::hmi::XrControllerLeft.stylusForce
12-08 12:18:51.402 I/HorizonStandalone( 6741): Hmi: Creating action 46434170b1f3ca93 for horizon::hmi::XrControllerLeft.triggerCurl
12-08 12:18:51.402 I/HorizonStandalone( 6741): Hmi: Creating action 48c6c89d18529737 for horizon::hmi::XrControllerLeft.triggerSlide
12-08 12:18:51.402 I/HorizonStandalone( 6741): Hmi: Creating action 3eeafe6467854588 for horizon::hmi::XrControllerLeft.triggerProximity
12-08 12:18:51.402 I/HorizonStandalone( 6741): Hmi: Creating action f7b3ce1166cbb566 for horizon::hmi::XrControllerLeft.thumbProximity
12-08 12:18:51.402 I/HorizonStandalone( 6741): Hmi: Creating action 582879691f04789 for horizon::hmi::XrControllerLeft.triggerForce
12-08 12:18:51.402 I/HorizonStandalone( 6741): Hmi: Creating action 6c47e7b4c6c08ea8 for horizon::hmi::XrControllerLeft.xClick
12-08 12:18:51.402 I/HorizonStandalone( 6741): Hmi: Creating action 5402e886ab8842d6 for horizon::hmi::XrControllerLeft.xTouch
12-08 12:18:51.402 I/HorizonStandalone( 6741): Hmi: Creating action 8fa93e1a7abc87cb for horizon::hmi::XrControllerLeft.yClick
12-08 12:18:51.402 I/HorizonStandalone( 6741): Hmi: Creating action c646e02a58b7e10d for horizon::hmi::XrControllerLeft.yTouch
12-08 12:18:51.402 I/HorizonStandalone( 6741): Hmi: Creating action 76b965daabfac52e for horizon::hmi::XrControllerLeft.menuClick
12-08 12:18:51.402 I/HorizonStandalone( 6741): Hmi: Creating action 142f321aff0b022f.haptic for horizon::hmi::XrControllerLeft.haptic
12-08 12:18:51.402 I/HorizonStandalone( 6741): Hmi: Creating action 6add23cf23c171e1 for horizon::hmi::XrControllerRight.squeeze
12-08 12:18:51.402 I/HorizonStandalone( 6741): Hmi: Creating action 465d67c218aaedae for horizon::hmi::XrControllerRight.trigger
12-08 12:18:51.402 I/HorizonStandalone( 6741): Hmi: Creating action e203bdba31a957de for horizon::hmi::XrControllerRight.triggerTouch
12-08 12:18:51.402 I/HorizonStandalone( 6741): Hmi: Creating action 65243d11a06fa8d8 for horizon::hmi::XrControllerRight.thumbstick
12-08 12:18:51.402 I/HorizonStandalone( 6741): Hmi: Creating action ff4c3eda4e66a667 for horizon::hmi::XrControllerRight.thumbstickX
12-08 12:18:51.402 I/HorizonStandalone( 6741): Hmi: Creating action c0ec87ee89661239 for horizon::hmi::XrControllerRight.thumbstickY
12-08 12:18:51.402 I/HorizonStandalone( 6741): Hmi: Creating action bcc90e59964d3c4e for horizon::hmi::XrControllerRight.thumbstickClick
12-08 12:18:51.402 I/HorizonStandalone( 6741): Hmi: Creating action e9f9ff7148552862 for horizon::hmi::XrControllerRight.thumbstickTouch
12-08 12:18:51.402 I/HorizonStandalone( 6741): Hmi: Creating action 2bbf99ada74c4699 for horizon::hmi::XrControllerRight.thumbrestTouch
12-08 12:18:51.402 I/HorizonStandalone( 6741): Hmi: Creating action 952b540c551533c9 for horizon::hmi::XrControllerRight.grip
12-08 12:18:51.402 I/HorizonStandalone( 6741): Hmi: Creating action a82e7a1e62d99d8c for horizon::hmi::XrControllerRight.aim
12-08 12:18:51.402 I/HorizonStandalone( 6741): Hmi: Creating action ecc1caa50174afd5 for horizon::hmi::XrControllerRight.thumbrestForce
12-08 12:18:51.402 I/HorizonStandalone( 6741): Hmi: Creating action 7f478df93985b928 for horizon::hmi::XrControllerRight.stylusForce
12-08 12:18:51.402 I/HorizonStandalone( 6741): Hmi: Creating action 34843a32989797c8 for horizon::hmi::XrControllerRight.triggerCurl
12-08 12:18:51.402 I/HorizonStandalone( 6741): Hmi: Creating action 2e09c3d5e648346c for horizon::hmi::XrControllerRight.triggerSlide
12-08 12:18:51.402 I/HorizonStandalone( 6741): Hmi: Creating action 7ceded0e766406d7 for horizon::hmi::XrControllerRight.triggerProximity
12-08 12:18:51.402 I/HorizonStandalone( 6741): Hmi: Creating action c394bd5175af16bd for horizon::hmi::XrControllerRight.thumbProximity
12-08 12:18:51.402 I/HorizonStandalone( 6741): Hmi: Creating action 71c574dd78a904d6 for horizon::hmi::XrControllerRight.triggerForce
12-08 12:18:51.402 I/HorizonStandalone( 6741): Hmi: Creating action da085a01133b10b3 for horizon::hmi::XrControllerRight.aClick
12-08 12:18:51.402 I/HorizonStandalone( 6741): Hmi: Creating action 7c3e02231c75a7c for horizon::hmi::XrControllerRight.aTouch
12-08 12:18:51.402 I/HorizonStandalone( 6741): Hmi: Creating action f77b4b01ba58e7b7 for horizon::hmi::XrControllerRight.bClick
12-08 12:18:51.402 I/HorizonStandalone( 6741): Hmi: Creating action 22f410830162cd09 for horizon::hmi::XrControllerRight.bTouch
12-08 12:18:51.402 I/HorizonStandalone( 6741): Hmi: Creating action 68456ef631019654 for horizon::hmi::XrControllerRight.systemClick
12-08 12:18:51.402 I/HorizonStandalone( 6741): Hmi: Creating action 14a623ef887fe872.haptic for horizon::hmi::XrControllerRight.haptic
12-08 12:18:51.402 I/HorizonStandalone( 6741): Hmi: Creating action 922a33762e2e8a87 for horizon::hmi::XrHandLeft.aim
12-08 12:18:51.402 I/HorizonStandalone( 6741): Hmi: Creating action 15a3fedccc8f207e for horizon::hmi::XrHandLeft.grip
12-08 12:18:51.402 I/HorizonStandalone( 6741): Hmi: Creating action 83198e8a02019b9b for horizon::hmi::XrHandLeft.pinch
12-08 12:18:51.403 I/HorizonStandalone( 6741): Hmi: Creating action 4a59d45abf2731d0 for horizon::hmi::XrHandLeft.poke
12-08 12:18:51.403 I/HorizonStandalone( 6741): Hmi: Creating action 15ef1c4a6831484f for horizon::hmi::XrHandLeft.pinchValue
12-08 12:18:51.403 I/HorizonStandalone( 6741): Hmi: Creating action 3050d78c2bd37915 for horizon::hmi::XrHandLeft.pinchReady
12-08 12:18:51.403 I/HorizonStandalone( 6741): Hmi: Creating action e3e8ae815a3856ed for horizon::hmi::XrHandLeft.aimActivateValue
12-08 12:18:51.403 I/HorizonStandalone( 6741): Hmi: Creating action 33fc1041f3bd0ac3 for horizon::hmi::XrHandLeft.aimActivateReady
12-08 12:18:51.403 I/HorizonStandalone( 6741): Hmi: Creating action d5e71c47b1de0bf4 for horizon::hmi::XrHandLeft.graspValue
12-08 12:18:51.403 I/HorizonStandalone( 6741): Hmi: Creating action 6bf45ce623a645c4 for horizon::hmi::XrHandLeft.graspReady
12-08 12:18:51.403 I/HorizonStandalone( 6741): Hmi: Creating action 5bb9703414182233 for horizon::hmi::XrHandLeft.swipeLeft
12-08 12:18:51.403 I/HorizonStandalone( 6741): Hmi: Creating action 7cf7cdccd0d69896 for horizon::hmi::XrHandLeft.swipeRight
12-08 12:18:51.403 I/HorizonStandalone( 6741): Hmi: Creating action 8fb8780ef3314388 for horizon::hmi::XrHandLeft.swipeForward
12-08 12:18:51.403 I/HorizonStandalone( 6741): Hmi: Creating action aec5eda01e40603c for horizon::hmi::XrHandLeft.swipeBackward
12-08 12:18:51.403 I/HorizonStandalone( 6741): Hmi: Creating action 6e84ae262b439f5c for horizon::hmi::XrHandLeft.tapThumb
12-08 12:18:51.403 I/HorizonStandalone( 6741): Hmi: Creating action 27eb76369283cbeb for horizon::hmi::XrHandRight.aim
12-08 12:18:51.403 I/HorizonStandalone( 6741): Hmi: Creating action ad5ccbac712320a2 for horizon::hmi::XrHandRight.grip
12-08 12:18:51.403 I/HorizonStandalone( 6741): Hmi: Creating action 17063bdabebcfb0f for horizon::hmi::XrHandRight.pinch
12-08 12:18:51.403 I/HorizonStandalone( 6741): Hmi: Creating action efc6d52a219b5144 for horizon::hmi::XrHandRight.poke
12-08 12:18:51.403 I/HorizonStandalone( 6741): Hmi: Creating action ad17ad1ad48d08d3 for horizon::hmi::XrHandRight.pinchValue
12-08 12:18:51.403 I/HorizonStandalone( 6741): Hmi: Creating action 89cdd2dc966f1999 for horizon::hmi::XrHandRight.pinchReady
12-08 12:18:51.403 I/HorizonStandalone( 6741): Hmi: Creating action 37151bc386b23631 for horizon::hmi::XrHandRight.aimActivateValue
12-08 12:18:51.403 I/HorizonStandalone( 6741): Hmi: Creating action 872099036e314a57 for horizon::hmi::XrHandRight.aimActivateReady
12-08 12:18:51.403 I/HorizonStandalone( 6741): Hmi: Creating action 6d1fad012c104b38 for horizon::hmi::XrHandRight.graspValue
12-08 12:18:51.403 I/HorizonStandalone( 6741): Hmi: Creating action cf296da69e180528 for horizon::hmi::XrHandRight.graspReady
12-08 12:18:51.403 I/HorizonStandalone( 6741): Hmi: Creating action ff66397448522267 for horizon::hmi::XrHandRight.swipeLeft
12-08 12:18:51.403 I/HorizonStandalone( 6741): Hmi: Creating action c628fc9c0d6bf81a for horizon::hmi::XrHandRight.swipeRight
12-08 12:18:51.403 I/HorizonStandalone( 6741): Hmi: Creating action 1365315e6d8d031c for horizon::hmi::XrHandRight.swipeForward
12-08 12:18:51.403 I/HorizonStandalone( 6741): Hmi: Creating action f43adce042fae060 for horizon::hmi::XrHandRight.swipeBackward
12-08 12:18:51.403 I/HorizonStandalone( 6741): Hmi: Creating action b4791b6695feffc0 for horizon::hmi::XrHandRight.tapThumb
12-08 12:18:51.403 I/HorizonStandalone( 6741): Hmi: Creating action b923371f43949b59 for horizon::hmi::XrEyeGaze.gaze
12-08 12:18:51.405 I/HorizonStandalone( 6741): Hmi: Bindings for /interaction_profiles/oculus/touch_controller
12-08 12:18:51.405 I/HorizonStandalone( 6741): Hmi: 142f321aff0b022f.haptic -> /user/hand/left/output/haptic
12-08 12:18:51.405 I/HorizonStandalone( 6741): Hmi: cfa28a35c29e8ba -> /user/hand/left/input/squeeze/value
12-08 12:18:51.405 I/HorizonStandalone( 6741): Hmi: 737a74a031f06c71 -> /user/hand/left/input/trigger/value
12-08 12:18:51.405 I/HorizonStandalone( 6741): Hmi: 94dccee82af18a81 -> /user/hand/left/input/trigger/touch
12-08 12:18:51.405 I/HorizonStandalone( 6741): Hmi: 10234e51d98b2383 -> /user/hand/left/input/thumbstick
12-08 12:18:51.405 I/HorizonStandalone( 6741): Hmi: ba0b4d887f842538 -> /user/hand/left/input/thumbstick/x
12-08 12:18:51.405 I/HorizonStandalone( 6741): Hmi: eaeb9444a2834ee2 -> /user/hand/left/input/thumbstick/y
12-08 12:18:51.405 I/HorizonStandalone( 6741): Hmi: fe861d0987ad9f11 -> /user/hand/left/input/thumbstick/click
12-08 12:18:51.405 I/HorizonStandalone( 6741): Hmi: 8dd10c3161b5a325 -> /user/hand/left/input/thumbstick/touch
12-08 12:18:51.405 I/HorizonStandalone( 6741): Hmi: 4f98a285d8ae8542 -> /user/hand/left/input/thumbrest/touch
12-08 12:18:51.405 I/HorizonStandalone( 6741): Hmi: 202467664775ae92 -> /user/hand/left/input/grip/pose
12-08 12:18:51.405 I/HorizonStandalone( 6741): Hmi: cd2981559b213c57 -> /user/hand/left/input/aim/pose
12-08 12:18:51.405 I/HorizonStandalone( 6741): Hmi: 6c47e7b4c6c08ea8 -> /user/hand/left/input/x/click
12-08 12:18:51.405 I/HorizonStandalone( 6741): Hmi: 5402e886ab8842d6 -> /user/hand/left/input/x/touch
12-08 12:18:51.405 I/HorizonStandalone( 6741): Hmi: 8fa93e1a7abc87cb -> /user/hand/left/input/y/click
12-08 12:18:51.405 I/HorizonStandalone( 6741): Hmi: c646e02a58b7e10d -> /user/hand/left/input/y/touch
12-08 12:18:51.405 I/HorizonStandalone( 6741): Hmi: 76b965daabfac52e -> /user/hand/left/input/menu/click
12-08 12:18:51.405 I/HorizonStandalone( 6741): Hmi: 14a623ef887fe872.haptic -> /user/hand/right/output/haptic
12-08 12:18:51.405 I/HorizonStandalone( 6741): Hmi: 6add23cf23c171e1 -> /user/hand/right/input/squeeze/value
12-08 12:18:51.405 I/HorizonStandalone( 6741): Hmi: 465d67c218aaedae -> /user/hand/right/input/trigger/value
12-08 12:18:51.405 I/HorizonStandalone( 6741): Hmi: e203bdba31a957de -> /user/hand/right/input/trigger/touch
12-08 12:18:51.405 I/HorizonStandalone( 6741): Hmi: 65243d11a06fa8d8 -> /user/hand/right/input/thumbstick
12-08 12:18:51.405 I/HorizonStandalone( 6741): Hmi: ff4c3eda4e66a667 -> /user/hand/right/input/thumbstick/x
12-08 12:18:51.405 I/HorizonStandalone( 6741): Hmi: c0ec87ee89661239 -> /user/hand/right/input/thumbstick/y
12-08 12:18:51.405 I/HorizonStandalone( 6741): Hmi: bcc90e59964d3c4e -> /user/hand/right/input/thumbstick/click
12-08 12:18:51.405 I/HorizonStandalone( 6741): Hmi: e9f9ff7148552862 -> /user/hand/right/input/thumbstick/touch
12-08 12:18:51.405 I/HorizonStandalone( 6741): Hmi: 2bbf99ada74c4699 -> /user/hand/right/input/thumbrest/touch
12-08 12:18:51.405 I/HorizonStandalone( 6741): Hmi: 952b540c551533c9 -> /user/hand/right/input/grip/pose
12-08 12:18:51.405 I/HorizonStandalone( 6741): Hmi: a82e7a1e62d99d8c -> /user/hand/right/input/aim/pose
12-08 12:18:51.405 I/HorizonStandalone( 6741): Hmi: da085a01133b10b3 -> /user/hand/right/input/a/click
12-08 12:18:51.405 I/HorizonStandalone( 6741): Hmi: 7c3e02231c75a7c -> /user/hand/right/input/a/touch
12-08 12:18:51.405 I/HorizonStandalone( 6741): Hmi: f77b4b01ba58e7b7 -> /user/hand/right/input/b/click
12-08 12:18:51.405 I/HorizonStandalone( 6741): Hmi: 22f410830162cd09 -> /user/hand/right/input/b/touch
12-08 12:18:51.405 I/HorizonStandalone( 6741): Hmi: 68456ef631019654 -> /user/hand/right/input/system/click
12-08 12:18:51.406 V/OpenXR_Actions( 6741): -- xrSuggestInteractionProfileBindings -
12-08 12:18:51.406 I/HorizonStandalone( 6741): Hmi: Bindings for /interaction_profiles/facebook/touch_controller_pro
12-08 12:18:51.406 I/HorizonStandalone( 6741): Hmi: 142f321aff0b022f.haptic -> /user/hand/left/output/haptic
12-08 12:18:51.406 I/HorizonStandalone( 6741): Hmi: cfa28a35c29e8ba -> /user/hand/left/input/squeeze/value
12-08 12:18:51.406 I/HorizonStandalone( 6741): Hmi: 737a74a031f06c71 -> /user/hand/left/input/trigger/value
12-08 12:18:51.406 I/HorizonStandalone( 6741): Hmi: 94dccee82af18a81 -> /user/hand/left/input/trigger/touch
12-08 12:18:51.406 I/HorizonStandalone( 6741): Hmi: 10234e51d98b2383 -> /user/hand/left/input/thumbstick
12-08 12:18:51.406 I/HorizonStandalone( 6741): Hmi: ba0b4d887f842538 -> /user/hand/left/input/thumbstick/x
12-08 12:18:51.406 I/HorizonStandalone( 6741): Hmi: eaeb9444a2834ee2 -> /user/hand/left/input/thumbstick/y
12-08 12:18:51.406 W/SensorControl( 1772): No exposure settings will be updated on slot idx: 3 because exposure/gain changes are too small or identical.
12-08 12:18:51.406 I/HorizonStandalone( 6741): Hmi: fe861d0987ad9f11 -> /user/hand/left/input/thumbstick/click
12-08 12:18:51.406 I/HorizonStandalone( 6741): Hmi: 8dd10c3161b5a325 -> /user/hand/left/input/thumbstick/touch
12-08 12:18:51.406 I/HorizonStandalone( 6741): Hmi: 4f98a285d8ae8542 -> /user/hand/left/input/thumbrest/touch
12-08 12:18:51.406 I/HorizonStandalone( 6741): Hmi: 202467664775ae92 -> /user/hand/left/input/grip/pose
12-08 12:18:51.406 I/HorizonStandalone( 6741): Hmi: cd2981559b213c57 -> /user/hand/left/input/aim/pose
12-08 12:18:51.406 I/HorizonStandalone( 6741): Hmi: 8e9ed18d3a96228e -> /user/hand/left/input/thumbrest/force
12-08 12:18:51.406 I/HorizonStandalone( 6741): Hmi: 3a009ea952e511f3 -> /user/hand/left/input/stylus_fb/force
12-08 12:18:51.406 I/HorizonStandalone( 6741): Hmi: 46434170b1f3ca93 -> /user/hand/left/input/trigger/curl_fb
12-08 12:18:51.406 I/HorizonStandalone( 6741): Hmi: 48c6c89d18529737 -> /user/hand/left/input/trigger/slide_fb
12-08 12:18:51.406 I/HorizonStandalone( 6741): Hmi: 3eeafe6467854588 -> /user/hand/left/input/trigger/proximity_fb
12-08 12:18:51.406 I/HorizonStandalone( 6741): Hmi: f7b3ce1166cbb566 -> /user/hand/left/input/thumb_fb/proximity_fb
12-08 12:18:51.406 I/HorizonStandalone( 6741): Hmi: 6c47e7b4c6c08ea8 -> /user/hand/left/input/x/click
12-08 12:18:51.406 I/HorizonStandalone( 6741): Hmi: 5402e886ab8842d6 -> /user/hand/left/input/x/touch
12-08 12:18:51.406 I/HorizonStandalone( 6741): Hmi: 8fa93e1a7abc87cb -> /user/hand/left/input/y/click
12-08 12:18:51.406 I/HorizonStandalone( 6741): Hmi: c646e02a58b7e10d -> /user/hand/left/input/y/touch
12-08 12:18:51.406 I/HorizonStandalone( 6741): Hmi: 76b965daabfac52e -> /user/hand/left/input/menu/click
12-08 12:18:51.406 I/HorizonStandalone( 6741): Hmi: 14a623ef887fe872.haptic -> /user/hand/right/output/haptic
12-08 12:18:51.406 I/HorizonStandalone( 6741): Hmi: 6add23cf23c171e1 -> /user/hand/right/input/squeeze/value
12-08 12:18:51.406 I/HorizonStandalone( 6741): Hmi: 465d67c218aaedae -> /user/hand/right/input/trigger/value
12-08 12:18:51.406 I/HorizonStandalone( 6741): Hmi: e203bdba31a957de -> /user/hand/right/input/trigger/touch
12-08 12:18:51.406 I/HorizonStandalone( 6741): Hmi: 65243d11a06fa8d8 -> /user/hand/right/input/thumbstick
12-08 12:18:51.406 I/HorizonStandalone( 6741): Hmi: ff4c3eda4e66a667 -> /user/hand/right/input/thumbstick/x
12-08 12:18:51.406 I/HorizonStandalone( 6741): Hmi: c0ec87ee89661239 -> /user/hand/right/input/thumbstick/y
12-08 12:18:51.406 I/HorizonStandalone( 6741): Hmi: bcc90e59964d3c4e -> /user/hand/right/input/thumbstick/click
12-08 12:18:51.406 I/HorizonStandalone( 6741): Hmi: e9f9ff7148552862 -> /user/hand/right/input/thumbstick/touch
12-08 12:18:51.406 I/HorizonStandalone( 6741): Hmi: 2bbf99ada74c4699 -> /user/hand/right/input/thumbrest/touch
12-08 12:18:51.406 I/HorizonStandalone( 6741): Hmi: 952b540c551533c9 -> /user/hand/right/input/grip/pose
12-08 12:18:51.406 I/HorizonStandalone( 6741): Hmi: a82e7a1e62d99d8c -> /user/hand/right/input/aim/pose
12-08 12:18:51.407 I/HorizonStandalone( 6741): Hmi: ecc1caa50174afd5 -> /user/hand/right/input/thumbrest/force
12-08 12:18:51.407 I/HorizonStandalone( 6741): Hmi: 7f478df93985b928 -> /user/hand/right/input/stylus_fb/force
12-08 12:18:51.407 I/HorizonStandalone( 6741): Hmi: 34843a32989797c8 -> /user/hand/right/input/trigger/curl_fb
12-08 12:18:51.407 I/HorizonStandalone( 6741): Hmi: 2e09c3d5e648346c -> /user/hand/right/input/trigger/slide_fb
12-08 12:18:51.407 I/HorizonStandalone( 6741): Hmi: 7ceded0e766406d7 -> /user/hand/right/input/trigger/proximity_fb
12-08 12:18:51.407 I/HorizonStandalone( 6741): Hmi: c394bd5175af16bd -> /user/hand/right/input/thumb_fb/proximity_fb
12-08 12:18:51.407 I/HorizonStandalone( 6741): Hmi: da085a01133b10b3 -> /user/hand/right/input/a/click
12-08 12:18:51.407 I/HorizonStandalone( 6741): Hmi: 7c3e02231c75a7c -> /user/hand/right/input/a/touch
12-08 12:18:51.407 I/HorizonStandalone( 6741): Hmi: f77b4b01ba58e7b7 -> /user/hand/right/input/b/click
12-08 12:18:51.407 I/HorizonStandalone( 6741): Hmi: 22f410830162cd09 -> /user/hand/right/input/b/touch
12-08 12:18:51.407 I/HorizonStandalone( 6741): Hmi: 68456ef631019654 -> /user/hand/right/input/system/click
12-08 12:18:51.407 V/OpenXR_Actions( 6741): -- xrSuggestInteractionProfileBindings -
12-08 12:18:51.407 I/HorizonStandalone( 6741): Hmi: Bindings for /interaction_profiles/meta/touch_controller_plus
12-08 12:18:51.407 I/HorizonStandalone( 6741): Hmi: 142f321aff0b022f.haptic -> /user/hand/left/output/haptic
12-08 12:18:51.407 I/HorizonStandalone( 6741): Hmi: cfa28a35c29e8ba -> /user/hand/left/input/squeeze/value
12-08 12:18:51.407 I/HorizonStandalone( 6741): Hmi: 737a74a031f06c71 -> /user/hand/left/input/trigger/value
12-08 12:18:51.407 I/HorizonStandalone( 6741): Hmi: 94dccee82af18a81 -> /user/hand/left/input/trigger/touch
12-08 12:18:51.407 I/HorizonStandalone( 6741): Hmi: 10234e51d98b2383 -> /user/hand/left/input/thumbstick
12-08 12:18:51.407 I/HorizonStandalone( 6741): Hmi: ba0b4d887f842538 -> /user/hand/left/input/thumbstick/x
12-08 12:18:51.407 I/HorizonStandalone( 6741): Hmi: eaeb9444a2834ee2 -> /user/hand/left/input/thumbstick/y
12-08 12:18:51.407 I/HorizonStandalone( 6741): Hmi: fe861d0987ad9f11 -> /user/hand/left/input/thumbstick/click
12-08 12:18:51.407 I/HorizonStandalone( 6741): Hmi: 8dd10c3161b5a325 -> /user/hand/left/input/thumbstick/touch
12-08 12:18:51.407 I/HorizonStandalone( 6741): Hmi: 4f98a285d8ae8542 -> /user/hand/left/input/thumbrest/touch
12-08 12:18:51.407 I/HorizonStandalone( 6741): Hmi: 202467664775ae92 -> /user/hand/left/input/grip/pose
12-08 12:18:51.407 I/HorizonStandalone( 6741): Hmi: cd2981559b213c57 -> /user/hand/left/input/aim/pose
12-08 12:18:51.407 I/HorizonStandalone( 6741): Hmi: 46434170b1f3ca93 -> /user/hand/left/input/trigger/curl_meta
12-08 12:18:51.407 I/HorizonStandalone( 6741): Hmi: 48c6c89d18529737 -> /user/hand/left/input/trigger/slide_meta
12-08 12:18:51.407 I/HorizonStandalone( 6741): Hmi: 3eeafe6467854588 -> /user/hand/left/input/trigger/proximity_meta
12-08 12:18:51.407 I/HorizonStandalone( 6741): Hmi: f7b3ce1166cbb566 -> /user/hand/left/input/thumb_meta/proximity_meta
12-08 12:18:51.407 I/HorizonStandalone( 6741): Hmi: 582879691f04789 -> /user/hand/left/input/trigger/force
12-08 12:18:51.407 I/HorizonStandalone( 6741): Hmi: 6c47e7b4c6c08ea8 -> /user/hand/left/input/x/click
12-08 12:18:51.407 I/HorizonStandalone( 6741): Hmi: 5402e886ab8842d6 -> /user/hand/left/input/x/touch
12-08 12:18:51.407 I/HorizonStandalone( 6741): Hmi: 8fa93e1a7abc87cb -> /user/hand/left/input/y/click
12-08 12:18:51.407 I/HorizonStandalone( 6741): Hmi: c646e02a58b7e10d -> /user/hand/left/input/y/touch
12-08 12:18:51.407 I/HorizonStandalone( 6741): Hmi: 76b965daabfac52e -> /user/hand/left/input/menu/click
12-08 12:18:51.407 I/HorizonStandalone( 6741): Hmi: 14a623ef887fe872.haptic -> /user/hand/right/output/haptic
12-08 12:18:51.407 I/HorizonStandalone( 6741): Hmi: 6add23cf23c171e1 -> /user/hand/right/input/squeeze/value
12-08 12:18:51.407 I/HorizonStandalone( 6741): Hmi: 465d67c218aaedae -> /user/hand/right/input/trigger/value
12-08 12:18:51.407 I/HorizonStandalone( 6741): Hmi: e203bdba31a957de -> /user/hand/right/input/trigger/touch
12-08 12:18:51.407 I/HorizonStandalone( 6741): Hmi: 65243d11a06fa8d8 -> /user/hand/right/input/thumbstick
12-08 12:18:51.407 I/HorizonStandalone( 6741): Hmi: ff4c3eda4e66a667 -> /user/hand/right/input/thumbstick/x
12-08 12:18:51.407 I/HorizonStandalone( 6741): Hmi: c0ec87ee89661239 -> /user/hand/right/input/thumbstick/y
12-08 12:18:51.407 I/HorizonStandalone( 6741): Hmi: bcc90e59964d3c4e -> /user/hand/right/input/thumbstick/click
12-08 12:18:51.407 I/HorizonStandalone( 6741): Hmi: e9f9ff7148552862 -> /user/hand/right/input/thumbstick/touch
12-08 12:18:51.407 I/HorizonStandalone( 6741): Hmi: 2bbf99ada74c4699 -> /user/hand/right/input/thumbrest/touch
12-08 12:18:51.407 I/HorizonStandalone( 6741): Hmi: 952b540c551533c9 -> /user/hand/right/input/grip/pose
12-08 12:18:51.407 I/HorizonStandalone( 6741): Hmi: a82e7a1e62d99d8c -> /user/hand/right/input/aim/pose
12-08 12:18:51.407 I/HorizonStandalone( 6741): Hmi: 34843a32989797c8 -> /user/hand/right/input/trigger/curl_meta
12-08 12:18:51.407 I/HorizonStandalone( 6741): Hmi: 2e09c3d5e648346c -> /user/hand/right/input/trigger/slide_meta
12-08 12:18:51.407 I/HorizonStandalone( 6741): Hmi: 7ceded0e766406d7 -> /user/hand/right/input/trigger/proximity_meta
12-08 12:18:51.407 I/HorizonStandalone( 6741): Hmi: c394bd5175af16bd -> /user/hand/right/input/thumb_meta/proximity_meta
12-08 12:18:51.407 I/HorizonStandalone( 6741): Hmi: 71c574dd78a904d6 -> /user/hand/right/input/trigger/force
12-08 12:18:51.407 I/HorizonStandalone( 6741): Hmi: da085a01133b10b3 -> /user/hand/right/input/a/click
12-08 12:18:51.407 I/HorizonStandalone( 6741): Hmi: 7c3e02231c75a7c -> /user/hand/right/input/a/touch
12-08 12:18:51.407 I/HorizonStandalone( 6741): Hmi: f77b4b01ba58e7b7 -> /user/hand/right/input/b/click
12-08 12:18:51.407 I/HorizonStandalone( 6741): Hmi: 22f410830162cd09 -> /user/hand/right/input/b/touch
12-08 12:18:51.407 I/HorizonStandalone( 6741): Hmi: 68456ef631019654 -> /user/hand/right/input/system/click
12-08 12:18:51.407 V/OpenXR_Actions( 6741): -- xrSuggestInteractionProfileBindings -
12-08 12:18:51.407 I/HorizonStandalone( 6741): Hmi: Bindings for /interaction_profiles/ext/hand_interaction_ext
12-08 12:18:51.407 I/HorizonStandalone( 6741): Hmi: 922a33762e2e8a87 -> /user/hand/left/input/aim/pose
12-08 12:18:51.407 I/HorizonStandalone( 6741): Hmi: 15a3fedccc8f207e -> /user/hand/left/input/grip/pose
12-08 12:18:51.407 I/HorizonStandalone( 6741): Hmi: 83198e8a02019b9b -> /user/hand/left/input/pinch_ext/pose
12-08 12:18:51.407 I/HorizonStandalone( 6741): Hmi: 4a59d45abf2731d0 -> /user/hand/left/input/poke_ext/pose
12-08 12:18:51.407 I/HorizonStandalone( 6741): Hmi: 15ef1c4a6831484f -> /user/hand/left/input/pinch_ext/value
12-08 12:18:51.407 I/HorizonStandalone( 6741): Hmi: 3050d78c2bd37915 -> /user/hand/left/input/pinch_ext/ready_ext
12-08 12:18:51.407 I/HorizonStandalone( 6741): Hmi: e3e8ae815a3856ed -> /user/hand/left/input/aim_activate_ext/value
12-08 12:18:51.407 I/HorizonStandalone( 6741): Hmi: 33fc1041f3bd0ac3 -> /user/hand/left/input/aim_activate_ext/ready_ext
12-08 12:18:51.407 I/HorizonStandalone( 6741): Hmi: d5e71c47b1de0bf4 -> /user/hand/left/input/grasp_ext/value
12-08 12:18:51.407 I/HorizonStandalone( 6741): Hmi: 6bf45ce623a645c4 -> /user/hand/left/input/grasp_ext/ready_ext
12-08 12:18:51.407 I/HorizonStandalone( 6741): Hmi: 5bb9703414182233 -> /user/hand/left/input/swipe_left_meta/click
12-08 12:18:51.407 I/HorizonStandalone( 6741): Hmi: 7cf7cdccd0d69896 -> /user/hand/left/input/swipe_right_meta/click
12-08 12:18:51.407 I/HorizonStandalone( 6741): Hmi: 8fb8780ef3314388 -> /user/hand/left/input/swipe_forward_meta/click
12-08 12:18:51.407 I/HorizonStandalone( 6741): Hmi: aec5eda01e40603c -> /user/hand/left/input/swipe_backward_meta/click
12-08 12:18:51.407 I/HorizonStandalone( 6741): Hmi: 6e84ae262b439f5c -> /user/hand/left/input/tap_thumb_meta/click
12-08 12:18:51.407 I/HorizonStandalone( 6741): Hmi: 27eb76369283cbeb -> /user/hand/right/input/aim/pose
12-08 12:18:51.407 I/HorizonStandalone( 6741): Hmi: ad5ccbac712320a2 -> /user/hand/right/input/grip/pose
12-08 12:18:51.407 I/HorizonStandalone( 6741): Hmi: 17063bdabebcfb0f -> /user/hand/right/input/pinch_ext/pose
12-08 12:18:51.407 I/HorizonStandalone( 6741): Hmi: efc6d52a219b5144 -> /user/hand/right/input/poke_ext/pose
12-08 12:18:51.407 I/HorizonStandalone( 6741): Hmi: ad17ad1ad48d08d3 -> /user/hand/right/input/pinch_ext/value
12-08 12:18:51.407 I/HorizonStandalone( 6741): Hmi: 89cdd2dc966f1999 -> /user/hand/right/input/pinch_ext/ready_ext
12-08 12:18:51.408 I/HorizonStandalone( 6741): Hmi: 37151bc386b23631 -> /user/hand/right/input/aim_activate_ext/value
12-08 12:18:51.408 I/HorizonStandalone( 6741): Hmi: 872099036e314a57 -> /user/hand/right/input/aim_activate_ext/ready_ext
12-08 12:18:51.408 I/HorizonStandalone( 6741): Hmi: 6d1fad012c104b38 -> /user/hand/right/input/grasp_ext/value
12-08 12:18:51.408 I/HorizonStandalone( 6741): Hmi: cf296da69e180528 -> /user/hand/right/input/grasp_ext/ready_ext
12-08 12:18:51.408 I/HorizonStandalone( 6741): Hmi: ff66397448522267 -> /user/hand/right/input/swipe_left_meta/click
12-08 12:18:51.408 I/HorizonStandalone( 6741): Hmi: c628fc9c0d6bf81a -> /user/hand/right/input/swipe_right_meta/click
12-08 12:18:51.408 I/HorizonStandalone( 6741): Hmi: 1365315e6d8d031c -> /user/hand/right/input/swipe_forward_meta/click
12-08 12:18:51.408 I/HorizonStandalone( 6741): Hmi: f43adce042fae060 -> /user/hand/right/input/swipe_backward_meta/click
12-08 12:18:51.408 I/HorizonStandalone( 6741): Hmi: b4791b6695feffc0 -> /user/hand/right/input/tap_thumb_meta/click
12-08 12:18:51.408 V/OpenXR_Actions( 6741): -- xrSuggestInteractionProfileBindings -
12-08 12:18:51.408 I/HorizonStandalone( 6741): Hmi: Bindings for /interaction_profiles/ext/eye_gaze_interaction
12-08 12:18:51.408 I/HorizonStandalone( 6741): Hmi: b923371f43949b59 -> /user/eyes_ext/input/gaze_ext/pose
12-08 12:18:51.408 I/HorizonStandalone( 6741): Hmi: Ignoring bindings for interaction profile /interaction_profiles/ext/eye_gaze_interaction as its required OpenXR extension XR_EXT_eye_gaze_interaction isn't enabled
12-08 12:18:51.408 I/OpenXR  ( 6741): xrPerfSettingsSetPerformanceLevelEXT [package=com.example.moonlight_spatialsdk, domain=cpu, level=sustained high]
12-08 12:18:51.408 I/OpenXR  ( 6741): xrPerfSettingsSetPerformanceLevelEXT [package=com.example.moonlight_spatialsdk, domain=gpu, level=sustained high]
12-08 12:18:51.408 I/HorizonStandalone( 6741): Hmi: Performance level set. CPU: Default GPU: Default
12-08 12:18:51.408 I/HorizonStandalone( 6741): Renderer: Renderer init done: GPUAlignment=64
12-08 12:18:51.411 I/thread_utils( 3567):     Thread 7533 set to policy=0, priority=0, niceness=-20
12-08 12:18:51.411 I/VrRuntimeService( 3567): Successfully elevated thread priority
12-08 12:18:51.411 I/VrRuntimeService( 3567): CreateSwapChain: 1693595735
12-08 12:18:51.411 I/VrRuntimeService( 3567): CreateSwapChain: api:vk 2 0x2b 1680 1760 1 3 2 0 1
12-08 12:18:51.413 I/@@@     ( 3567): surface: SUCCESS posting result to queue
12-08 12:18:51.413 I/CompositorServer( 3567): CreateTextureSwapChain: result importswapchainfromdevice 1
12-08 12:18:51.414 I/SwapChain_Vulkan_Memory_Export( 6741): Imported texture has requirements 3, ends up index 0
12-08 12:18:51.414 I/SwapChain_Vulkan_Memory_Export( 6741): Imported texture has requirements 3, ends up index 0
12-08 12:18:51.414 I/SwapChain_Vulkan_Memory_Export( 6741): Imported texture has requirements 3, ends up index 0
12-08 12:18:51.415 I/OpenXR_GPUMemTrace( 6741): OpenXR GPU memory tracing is enabled on heap(oculus.OpenXR) with id(2)
12-08 12:18:51.415 I/OpenXR_GPUMemTrace( 6741): Swapchain creation, id=493, idx=0, width: 1680, height: 1760, array size: 2, MemoryAllocationSize: 23877 KB
12-08 12:18:51.415 I/OpenXR_GPUMemTrace( 6741): Swapchain creation, id=493, idx=1, width: 1680, height: 1760, array size: 2, MemoryAllocationSize: 23877 KB
12-08 12:18:51.415 I/OpenXR_GPUMemTrace( 6741): Swapchain creation, id=493, idx=2, width: 1680, height: 1760, array size: 2, MemoryAllocationSize: 23877 KB
12-08 12:18:51.416 I/HorizonStandalone( 6741): Application: SceneView created
12-08 12:18:51.416 I/HorizonStandalone( 6741): Application: Init World
12-08 12:18:51.416 I/HorizonStandalone( 6741): Application: onWorldInitEvent
12-08 12:18:51.416 I/HorizonStandalone( 6741): Entity: AetherManager::init
12-08 12:18:51.416 I/HorizonStandalone( 6741): Application: onWorldInitEvent
12-08 12:18:51.416 I/HorizonStandalone( 6741): Entity: AetherManager::init
12-08 12:18:51.416 I/HorizonStandalone( 6741): Core: Owned Instances:
12-08 12:18:51.416 I/HorizonStandalone( 6741): World:   horizon::player::PlayerWorldInstanceConfig
12-08 12:18:51.416 I/HorizonStandalone( 6741): World:   horizon::input::InputWorldInstanceConfig
12-08 12:18:51.416 I/HorizonStandalone( 6741): World:   horizon::FlecsManager
12-08 12:18:51.416 I/HorizonStandalone( 6741): World:     horizon::RuntimeTypeRegistry
12-08 12:18:51.417 I/HorizonStandalone( 6741): World:     horizon::FlecsTaskManager
12-08 12:18:51.417 I/HorizonStandalone( 6741): World:     horizon::NetworkIdManager
12-08 12:18:51.417 I/HorizonStandalone( 6741): World:     horizon::FlecsComponentRegistry
12-08 12:18:51.417 I/HorizonStandalone( 6741): World:     horizon::FlecsPrefabRegistry
12-08 12:18:51.417 I/HorizonStandalone( 6741): World:     horizon::FlecsPrefabInstanceTracker
12-08 12:18:51.417 I/HorizonStandalone( 6741): World:     horizon::FlecsPipelineManager
12-08 12:18:51.417 I/HorizonStandalone( 6741): World:     horizon::FlecsIdManager
12-08 12:18:51.417 I/HorizonStandalone( 6741): World:   horizon::NetTimeManager
12-08 12:18:51.417 I/HorizonStandalone( 6741): World:   horizon::WorldAssetContextId
12-08 12:18:51.417 I/HorizonStandalone( 6741): World:   horizon::WorldLifecycleState
12-08 12:18:51.417 I/HorizonStandalone( 6741): World:   horizon::platform_api::SharedMaterialServiceHolder
12-08 12:18:51.417 I/HorizonStandalone( 6741): World:   horizon::visibility_mask::VisibilityMaskSystem
12-08 12:18:51.417 I/HorizonStandalone( 6741): World:   horizon::WorldMemoryManager
12-08 12:18:51.417 I/HorizonStandalone( 6741): World:   horizon::input::InputSystem (horizon::input::IInputSystem)
12-08 12:18:51.417 I/HorizonStandalone( 6741): World:   horizon::player_input::PlayerInput (horizon::player_input::IPlayerInput)
12-08 12:18:51.417 I/HorizonStandalone( 6741): World:   horizon::RandomNumberInitializer
12-08 12:18:51.417 I/HorizonStandalone( 6741): World:   horizon::RpcManager
12-08 12:18:51.417 I/HorizonStandalone( 6741): World:   horizon::ChangeNotificationManager
12-08 12:18:51.417 I/HorizonStandalone( 6741): World:   horizon::TransformManager
12-08 12:18:51.417 I/HorizonStandalone( 6741): World:   horizon::WorldLoader (horizon::IWorldLoader)
12-08 12:18:51.417 I/HorizonStandalone( 6741): World:   horizon::EntityLoader
12-08 12:18:51.417 I/HorizonStandalone( 6741): World:   horizon::WorldFlecsSystems
12-08 12:18:51.417 I/HorizonStandalone( 6741): World:   horizon::ParentTrackingManager
12-08 12:18:51.417 I/HorizonStandalone( 6741): World:   horizon::EntityMessageManager
12-08 12:18:51.417 I/HorizonStandalone( 6741): World:   horizon::player_input::PlayerInputManager (horizon::player_input::IPlayerInputManager)
12-08 12:18:51.417 I/HorizonStandalone( 6741): World:   horizon::EntityManager
12-08 12:18:51.417 I/HorizonStandalone( 6741): World:   horizon::aether::splat_renderer::AetherSplatRendererSystem
12-08 12:18:51.417 I/HorizonStandalone( 6741): World:   horizon::renderer::SceneView (horizon::renderer::ISceneView)
12-08 12:18:51.417 I/HorizonStandalone( 6741): World:     horizon::hmi::IInputContext
12-08 12:18:51.417 I/HorizonStandalone( 6741): World:     horizon::hmi::IDisplayContext
12-08 12:18:51.417 I/HorizonStandalone( 6741): World:     horizon::renderer::ICamera
12-08 12:18:51.417 I/HorizonStandalone( 6741): Core: Tracked Instances:
12-08 12:18:51.418 I/VrRuntimeClient( 6741): UpdateEvents: Detected LOCAL_FLOOR reference space update. Sending reference space update event
12-08 12:18:51.418 I/VrRuntimeClient( 6741): UpdateEvents: Detected STAGE reference space update. Sending reference space update event
12-08 12:18:51.418 I/[CT]    ( 6741): MIXEDREALITY: MRLE: MrLightingEstimationInterfaceImpl: pollEvent
12-08 12:18:51.418 I/OpenXR  ( 6741): PostSessionStateChange:[pid: 6741] XR_SESSION_STATE_UNKNOWN -> XR_SESSION_STATE_IDLE
12-08 12:18:51.418 I/JVMHandler( 6741): JVMHandler: callStaticMethodWithVariableArguments. [functionName:getLaunchId] is valid: [1]
12-08 12:18:51.420 I/HorizonStandalone( 6741): Entity: AetherManager::updateIBLEnvironment
