12-08 12:13:46.061 E/perfservice(  864): End applying 'START_HINT' from hint 'VIDEO' - Failed after 5 retries - Latency: 0.406ms
12-08 12:13:46.061 E/perfservice(  864):   >> Failed final validation: /sys/block/dm-0/queue/read_ahead_kb=512
12-08 12:13:46.061 E/perfservice(  864):   >> Failed final validation: /sys/block/dm-1/queue/read_ahead_kb=512
12-08 12:13:46.076 I/MoonBridge( 5321): BridgeDrSubmitDecodeUnit: frame=4546 frameType=0 fullLength=15112
12-08 12:13:46.076 D/MoonBridge( 5321): bridgeDrSubmitDecodeUnit: frame=4546 frameType=0 len=15112 type=0
12-08 12:13:46.083 I/VrApi   ( 5321): FPS=91/90,Prd=21ms,Tear=0,Early=0,Stale=0,Stale2/5/10/max=0/0/0/0,VSnc=1,Lat=-1,Fov=3,CPU4/GPU=3/2,1651/456MHz,OC=3F,TA=0/0/0,SP=N/N/N,Mem=2736MHz,Free=3749MB,PLS=0,Temp=35.0C/0.0C,TW=2.11ms,App=0.91ms,GD=0.00ms,CPU&GPU=2.30ms,LCnt=3(DR90,LM3),GPU%=0.30,CPU%=0.30(W0.35),CFL=11.91/15.29,ICFLp95=14.62,LD=0,SF=1.00,LP=1,DVFS=0
12-08 12:13:46.090 I/IStateMachineRecordKeeper( 5403): IStateMachineRecordKeeper::AddHistoryEntry AnchorQuery: Transition  Querying -> ReadyToQuery | Query complete
12-08 12:13:46.092 I/MoonBridge( 5321): BridgeDrSubmitDecodeUnit: frame=4547 frameType=0 fullLength=17128
12-08 12:13:46.093 D/MoonBridge( 5321): bridgeDrSubmitDecodeUnit: frame=4547 frameType=0 len=17128 type=0
12-08 12:13:46.111 I/MoonBridge( 5321): BridgeDrSubmitDecodeUnit: frame=4548 frameType=0 fullLength=55432
12-08 12:13:46.112 D/MoonBridge( 5321): bridgeDrSubmitDecodeUnit: frame=4548 frameType=0 len=55432 type=0
12-08 12:13:46.112 I/QC2PerfCtrl(  860): isNewSession:0 isActiveEncodeSession:0 isUHDSession: 0 totalFPS:61.500000, totalSession:1,
12-08 12:13:46.113 E/perfservice(  864): End applying 'END_HINT' from hint 'VIDEO' - Failed after 5 retries - Latency: 0.564ms
12-08 12:13:46.113 E/perfservice(  864):   >> Failed final validation: /sys/block/dm-0/queue/read_ahead_kb=512
12-08 12:13:46.113 E/perfservice(  864):   >> Failed final validation: /sys/block/dm-1/queue/read_ahead_kb=512
12-08 12:13:46.113 E/perfservice(  864): End applying 'START_HINT' from hint 'VIDEO' - Failed after 5 retries - Latency: 0.567ms
12-08 12:13:46.113 E/perfservice(  864):   >> Failed final validation: /sys/block/dm-0/queue/read_ahead_kb=512
12-08 12:13:46.113 E/perfservice(  864):   >> Failed final validation: /sys/block/dm-1/queue/read_ahead_kb=512
12-08 12:13:46.126 I/MoonBridge( 5321): BridgeDrSubmitDecodeUnit: frame=4549 frameType=0 fullLength=18136
12-08 12:13:46.126 D/MoonBridge( 5321): bridgeDrSubmitDecodeUnit: frame=4549 frameType=0 len=18136 type=0
12-08 12:13:46.126 I/QC2PerfCtrl(  860): isNewSession:0 isActiveEncodeSession:0 isUHDSession: 0 totalFPS:70.428574, totalSession:1,
12-08 12:13:46.127 E/perfservice(  864): End applying 'END_HINT' from hint 'VIDEO' - Failed after 5 retries - Latency: 0.532ms
12-08 12:13:46.127 E/perfservice(  864):   >> Failed final validation: /sys/block/dm-0/queue/read_ahead_kb=512
12-08 12:13:46.127 E/perfservice(  864):   >> Failed final validation: /sys/block/dm-1/queue/read_ahead_kb=512
12-08 12:13:46.128 E/perfservice(  864): End applying 'START_HINT' from hint 'VIDEO' - Failed after 5 retries - Latency: 0.503ms
12-08 12:13:46.128 E/perfservice(  864):   >> Failed final validation: /sys/block/dm-0/queue/read_ahead_kb=512
12-08 12:13:46.128 E/perfservice(  864):   >> Failed final validation: /sys/block/dm-1/queue/read_ahead_kb=512
12-08 12:13:46.150 I/MoonBridge( 5321): BridgeDrSubmitDecodeUnit: frame=4550 frameType=0 fullLength=18136
12-08 12:13:46.150 D/MoonBridge( 5321): bridgeDrSubmitDecodeUnit: frame=4550 frameType=0 len=18136 type=0
12-08 12:13:46.153 I/MoonBridge( 5321): BridgeDrSubmitDecodeUnit: frame=4551 frameType=0 fullLength=18136
12-08 12:13:46.153 D/MoonBridge( 5321): bridgeDrSubmitDecodeUnit: frame=4551 frameType=0 len=18136 type=0
12-08 12:13:46.153 I/QC2PerfCtrl(  860): isNewSession:0 isActiveEncodeSession:0 isUHDSession: 0 totalFPS:249.000000, totalSession:1,
12-08 12:13:46.155 E/perfservice(  864): End applying 'END_HINT' from hint 'VIDEO' - Failed after 5 retries - Latency: 0.683ms
12-08 12:13:46.155 E/perfservice(  864):   >> Failed final validation: /sys/block/dm-0/queue/read_ahead_kb=512
12-08 12:13:46.155 E/perfservice(  864):   >> Failed final validation: /sys/block/dm-1/queue/read_ahead_kb=512
12-08 12:13:46.155 E/perfservice(  864): End applying 'START_HINT' from hint 'VIDEO' - Failed after 5 retries - Latency: 0.726ms
12-08 12:13:46.155 E/perfservice(  864):   >> Failed final validation: /sys/block/dm-0/queue/read_ahead_kb=512
12-08 12:13:46.155 E/perfservice(  864):   >> Failed final validation: /sys/block/dm-1/queue/read_ahead_kb=512
12-08 12:13:46.168 I/MoonBridge( 5321): BridgeDrSubmitDecodeUnit: frame=4552 frameType=0 fullLength=20152
12-08 12:13:46.168 D/MoonBridge( 5321): bridgeDrSubmitDecodeUnit: frame=4552 frameType=0 len=20152 type=0
12-08 12:13:46.186 I/MoonBridge( 5321): BridgeDrSubmitDecodeUnit: frame=4553 frameType=0 fullLength=50392
12-08 12:13:46.186 D/MoonBridge( 5321): bridgeDrSubmitDecodeUnit: frame=4553 frameType=0 len=50392 type=0
12-08 12:13:46.199 I/MoonBridge( 5321): BridgeDrSubmitDecodeUnit: frame=4554 frameType=0 fullLength=21160
12-08 12:13:46.199 D/MoonBridge( 5321): bridgeDrSubmitDecodeUnit: frame=4554 frameType=0 len=21160 type=0
12-08 12:13:46.200 I/QC2PerfCtrl(  860): isNewSession:0 isActiveEncodeSession:0 isUHDSession: 0 totalFPS:75.923080, totalSession:1,
12-08 12:13:46.201 E/perfservice(  864): End applying 'END_HINT' from hint 'VIDEO' - Failed after 5 retries - Latency: 0.592ms
12-08 12:13:46.201 E/perfservice(  864):   >> Failed final validation: /sys/block/dm-0/queue/read_ahead_kb=512
12-08 12:13:46.201 E/perfservice(  864):   >> Failed final validation: /sys/block/dm-1/queue/read_ahead_kb=512
12-08 12:13:46.201 E/perfservice(  864): End applying 'START_HINT' from hint 'VIDEO' - Failed after 5 retries - Latency: 0.633ms
12-08 12:13:46.201 E/perfservice(  864):   >> Failed final validation: /sys/block/dm-0/queue/read_ahead_kb=512
12-08 12:13:46.201 E/perfservice(  864):   >> Failed final validation: /sys/block/dm-1/queue/read_ahead_kb=512
12-08 12:13:46.216 I/MoonBridge( 5321): BridgeDrSubmitDecodeUnit: frame=4555 frameType=0 fullLength=21160
12-08 12:13:46.217 D/MoonBridge( 5321): bridgeDrSubmitDecodeUnit: frame=4555 frameType=0 len=21160 type=0
12-08 12:13:46.233 I/MoonBridge( 5321): BridgeDrSubmitDecodeUnit: frame=4556 frameType=0 fullLength=20152
12-08 12:13:46.233 D/MoonBridge( 5321): bridgeDrSubmitDecodeUnit: frame=4556 frameType=0 len=20152 type=0
12-08 12:13:46.252 I/MoonBridge( 5321): BridgeDrSubmitDecodeUnit: frame=4557 frameType=0 fullLength=47368
12-08 12:13:46.252 D/MoonBridge( 5321): bridgeDrSubmitDecodeUnit: frame=4557 frameType=0 len=47368 type=0
12-08 12:13:46.252 I/QC2PerfCtrl(  860): isNewSession:0 isActiveEncodeSession:0 isUHDSession: 0 totalFPS:61.500000, totalSession:1,
12-08 12:13:46.254 E/perfservice(  864): End applying 'END_HINT' from hint 'VIDEO' - Failed after 5 retries - Latency: 0.637ms
12-08 12:13:46.254 E/perfservice(  864):   >> Failed final validation: /sys/block/dm-0/queue/read_ahead_kb=512
12-08 12:13:46.254 E/perfservice(  864):   >> Failed final validation: /sys/block/dm-1/queue/read_ahead_kb=512
12-08 12:13:46.255 E/perfservice(  864): End applying 'START_HINT' from hint 'VIDEO' - Failed after 5 retries - Latency: 0.651ms
12-08 12:13:46.255 E/perfservice(  864):   >> Failed final validation: /sys/block/dm-0/queue/read_ahead_kb=512
12-08 12:13:46.255 E/perfservice(  864):   >> Failed final validation: /sys/block/dm-1/queue/read_ahead_kb=512
12-08 12:13:46.266 I/MoonBridge( 5321): BridgeDrSubmitDecodeUnit: frame=4558 frameType=0 fullLength=21160
12-08 12:13:46.266 D/MoonBridge( 5321): bridgeDrSubmitDecodeUnit: frame=4558 frameType=0 len=21160 type=0
12-08 12:13:46.283 I/MoonBridge( 5321): BridgeDrSubmitDecodeUnit: frame=4559 frameType=0 fullLength=20152
12-08 12:13:46.283 D/MoonBridge( 5321): bridgeDrSubmitDecodeUnit: frame=4559 frameType=0 len=20152 type=0
12-08 12:13:46.299 I/MoonBridge( 5321): BridgeDrSubmitDecodeUnit: frame=4560 frameType=0 fullLength=20152
12-08 12:13:46.299 D/MoonBridge( 5321): bridgeDrSubmitDecodeUnit: frame=4560 frameType=0 len=20152 type=0
12-08 12:13:46.318 I/MoonBridge( 5321): BridgeDrSubmitDecodeUnit: frame=4561 frameType=0 fullLength=57448
12-08 12:13:46.318 D/MoonBridge( 5321): bridgeDrSubmitDecodeUnit: frame=4561 frameType=0 len=57448 type=0
12-08 12:13:46.335 D/TrafficStats( 4168): tagSocket(373) with statsTag=0xffffffff, statsUid=-1
12-08 12:13:46.337 I/MoonBridge( 5321): BridgeDrSubmitDecodeUnit: frame=4562 frameType=0 fullLength=19144
12-08 12:13:46.337 D/MoonBridge( 5321): bridgeDrSubmitDecodeUnit: frame=4562 frameType=0 len=19144 type=0
12-08 12:13:46.340 I/MoonBridge( 5321): BridgeDrSubmitDecodeUnit: frame=4563 frameType=0 fullLength=18136
12-08 12:13:46.340 D/MoonBridge( 5321): bridgeDrSubmitDecodeUnit: frame=4563 frameType=0 len=18136 type=0
12-08 12:13:46.340 I/QC2PerfCtrl(  860): isNewSession:0 isActiveEncodeSession:0 isUHDSession: 0 totalFPS:332.333344, totalSession:1,
12-08 12:13:46.341 E/perfservice(  864): End applying 'END_HINT' from hint 'VIDEO' - Failed after 5 retries - Latency: 0.509ms
12-08 12:13:46.341 E/perfservice(  864):   >> Failed final validation: /sys/block/dm-0/queue/read_ahead_kb=512
12-08 12:13:46.341 E/perfservice(  864):   >> Failed final validation: /sys/block/dm-1/queue/read_ahead_kb=512
12-08 12:13:46.342 E/perfservice(  864): End applying 'START_HINT' from hint 'VIDEO' - Failed after 5 retries - Latency: 0.557ms
12-08 12:13:46.342 E/perfservice(  864):   >> Failed final validation: /sys/block/dm-0/queue/read_ahead_kb=512
12-08 12:13:46.342 E/perfservice(  864):   >> Failed final validation: /sys/block/dm-1/queue/read_ahead_kb=512
12-08 12:13:46.354 I/MoonBridge( 5321): BridgeDrSubmitDecodeUnit: frame=4564 frameType=0 fullLength=19144
12-08 12:13:46.354 D/MoonBridge( 5321): bridgeDrSubmitDecodeUnit: frame=4564 frameType=0 len=19144 type=0
12-08 12:13:46.372 I/MoonBridge( 5321): BridgeDrSubmitDecodeUnit: frame=4565 frameType=0 fullLength=56440
12-08 12:13:46.372 D/MoonBridge( 5321): bridgeDrSubmitDecodeUnit: frame=4565 frameType=0 len=56440 type=0
12-08 12:13:46.387 I/MoonBridge( 5321): BridgeDrSubmitDecodeUnit: frame=4566 frameType=0 fullLength=17128
12-08 12:13:46.387 D/MoonBridge( 5321): bridgeDrSubmitDecodeUnit: frame=4566 frameType=0 len=17128 type=0
12-08 12:13:46.387 I/MRSS    ( 1574): BOLT:HexagonTelemetry: Global DSP utilization: 22.35% (1117 / 5002 ms), Scalar Util: 65.92%, HVX Util: 55.96%, HMX Util: 24.02%, DMA Active: 0.00%, Freq: 1171.2 MHz
12-08 12:13:46.388 I/MRSS    ( 1574): boltlib: Logging Rpc stats (detailed=false, onAbort=false)
12-08 12:13:46.388 I/MRSS    ( 1574): boltlib: DSP Rpc stats over 5002 ms: {"HexagonCvpPreprocessorCompute":150,"unnamed_et0":150}
12-08 12:13:46.388 I/QC2PerfCtrl(  860): isNewSession:0 isActiveEncodeSession:0 isUHDSession: 0 totalFPS:70.428574, totalSession:1,
12-08 12:13:46.389 E/perfservice(  864): End applying 'END_HINT' from hint 'VIDEO' - Failed after 5 retries - Latency: 0.691ms
12-08 12:13:46.389 E/perfservice(  864):   >> Failed final validation: /sys/block/dm-0/queue/read_ahead_kb=512
12-08 12:13:46.389 E/perfservice(  864):   >> Failed final validation: /sys/block/dm-1/queue/read_ahead_kb=512
12-08 12:13:46.389 E/perfservice(  864): End applying 'START_HINT' from hint 'VIDEO' - Failed after 5 retries - Latency: 0.392ms
12-08 12:13:46.389 E/perfservice(  864):   >> Failed final validation: /sys/block/dm-0/queue/read_ahead_kb=512
12-08 12:13:46.389 E/perfservice(  864):   >> Failed final validation: /sys/block/dm-1/queue/read_ahead_kb=512
12-08 12:13:46.404 I/MoonBridge( 5321): BridgeDrSubmitDecodeUnit: frame=4567 frameType=0 fullLength=18136
12-08 12:13:46.404 D/MoonBridge( 5321): bridgeDrSubmitDecodeUnit: frame=4567 frameType=0 len=18136 type=0
12-08 12:13:46.405 I/[CT]    ( 3567): MIXEDREALITY: PassthroughApiManager: GetUpdatedLayerState: (every 2 seconds) PT is: ON numLayers: 1
12-08 12:13:46.421 I/MoonBridge( 5321): BridgeDrSubmitDecodeUnit: frame=4568 frameType=0 fullLength=20152
12-08 12:13:46.421 D/MoonBridge( 5321): bridgeDrSubmitDecodeUnit: frame=4568 frameType=0 len=20152 type=0
12-08 12:13:46.437 I/MoonBridge( 5321): BridgeDrSubmitDecodeUnit: frame=4569 frameType=0 fullLength=21160
12-08 12:13:46.437 D/MoonBridge( 5321): bridgeDrSubmitDecodeUnit: frame=4569 frameType=0 len=21160 type=0
12-08 12:13:46.438 I/QC2PerfCtrl(  860): isNewSession:0 isActiveEncodeSession:0 isUHDSession: 0 totalFPS:61.500000, totalSession:1,
12-08 12:13:46.439 E/perfservice(  864): End applying 'END_HINT' from hint 'VIDEO' - Failed after 5 retries - Latency: 0.546ms
12-08 12:13:46.439 E/perfservice(  864):   >> Failed final validation: /sys/block/dm-0/queue/read_ahead_kb=512
12-08 12:13:46.439 E/perfservice(  864):   >> Failed final validation: /sys/block/dm-1/queue/read_ahead_kb=512
12-08 12:13:46.439 E/perfservice(  864): End applying 'START_HINT' from hint 'VIDEO' - Failed after 5 retries - Latency: 0.521ms
12-08 12:13:46.439 E/perfservice(  864):   >> Failed final validation: /sys/block/dm-0/queue/read_ahead_kb=512
12-08 12:13:46.439 E/perfservice(  864):   >> Failed final validation: /sys/block/dm-1/queue/read_ahead_kb=512
12-08 12:13:46.447 I/Tracking( 1772): BOLT:HexagonTelemetry: Global DSP utilization: 22.37% (1119 / 5002 ms), Scalar Util: 65.90%, HVX Util: 55.99%, HMX Util: 24.00%, DMA Active: 0.00%, Freq: 1171.1999999999998 MHz
12-08 12:13:46.447 I/Tracking( 1772): boltlib: Logging Rpc stats (detailed=false, onAbort=false)
12-08 12:13:46.447 I/Tracking( 1772): boltlib: DSP Rpc stats over 5002 ms: {"HexagonCornerHarrisEdgeIndexedSlicesAsync":10,"HexagonPyramid3x3Async":52,"controller_inference":25,"dd_boltnn_delegate_batch_128":4,"dd_boltnn_delegate_batch_256":9,"dd_boltnn_delegate_batch_32":2,"dpr_process_body_delegate":27,"semantic_keypoints_boltnn_delegate":8}
12-08 12:13:46.456 I/MoonBridge( 5321): BridgeDrSubmitDecodeUnit: frame=4570 frameType=0 fullLength=55432
12-08 12:13:46.456 D/MoonBridge( 5321): bridgeDrSubmitDecodeUnit: frame=4570 frameType=0 len=55432 type=0
12-08 12:13:46.471 I/MoonBridge( 5321): BridgeDrSubmitDecodeUnit: frame=4571 frameType=0 fullLength=18136
12-08 12:13:46.471 D/MoonBridge( 5321): bridgeDrSubmitDecodeUnit: frame=4571 frameType=0 len=18136 type=0
12-08 12:13:46.482 I/VD628x  (  871): Flicker results: freq 156.608597, max 155.739899, dcr 66.685135, pct 0.000334, idx 0.000238, conf 0.007880, snr -20.842688, svm 0.001291, sus 2
12-08 12:13:46.488 I/MoonBridge( 5321): BridgeDrSubmitDecodeUnit: frame=4572 frameType=0 fullLength=20152
12-08 12:13:46.488 D/MoonBridge( 5321): bridgeDrSubmitDecodeUnit: frame=4572 frameType=0 len=20152 type=0
12-08 12:13:46.505 I/MoonBridge( 5321): BridgeDrSubmitDecodeUnit: frame=4573 frameType=0 fullLength=20152
12-08 12:13:46.505 D/MoonBridge( 5321): bridgeDrSubmitDecodeUnit: frame=4573 frameType=0 len=20152 type=0
12-08 12:13:46.524 I/MoonBridge( 5321): BridgeDrSubmitDecodeUnit: frame=4574 frameType=0 fullLength=58456
12-08 12:13:46.524 D/MoonBridge( 5321): bridgeDrSubmitDecodeUnit: frame=4574 frameType=0 len=58456 type=0
12-08 12:13:46.540 I/MoonBridge( 5321): BridgeDrSubmitDecodeUnit: frame=4575 frameType=0 fullLength=21160
12-08 12:13:46.540 D/MoonBridge( 5321): bridgeDrSubmitDecodeUnit: frame=4575 frameType=0 len=21160 type=0
12-08 12:13:46.555 I/MoonBridge( 5321): BridgeDrSubmitDecodeUnit: frame=4576 frameType=0 fullLength=20152
12-08 12:13:46.556 D/MoonBridge( 5321): bridgeDrSubmitDecodeUnit: frame=4576 frameType=0 len=20152 type=0
12-08 12:13:46.575 I/MoonBridge( 5321): BridgeDrSubmitDecodeUnit: frame=4577 frameType=0 fullLength=58456
12-08 12:13:46.576 D/MoonBridge( 5321): bridgeDrSubmitDecodeUnit: frame=4577 frameType=0 len=58456 type=0
12-08 12:13:46.589 I/MoonBridge( 5321): BridgeDrSubmitDecodeUnit: frame=4578 frameType=0 fullLength=20152
12-08 12:13:46.589 D/MoonBridge( 5321): bridgeDrSubmitDecodeUnit: frame=4578 frameType=0 len=20152 type=0
12-08 12:13:46.590 I/QC2PerfCtrl(  860): isNewSession:0 isActiveEncodeSession:0 isUHDSession: 0 totalFPS:70.428574, totalSession:1,
12-08 12:13:46.591 E/perfservice(  864): End applying 'END_HINT' from hint 'VIDEO' - Failed after 5 retries - Latency: 0.591ms
12-08 12:13:46.591 E/perfservice(  864):   >> Failed final validation: /sys/block/dm-0/queue/read_ahead_kb=512
12-08 12:13:46.591 E/perfservice(  864):   >> Failed final validation: /sys/block/dm-1/queue/read_ahead_kb=512
12-08 12:13:46.591 E/perfservice(  864): End applying 'START_HINT' from hint 'VIDEO' - Failed after 5 retries - Latency: 0.536ms
12-08 12:13:46.591 E/perfservice(  864):   >> Failed final validation: /sys/block/dm-0/queue/read_ahead_kb=512
12-08 12:13:46.591 E/perfservice(  864):   >> Failed final validation: /sys/block/dm-1/queue/read_ahead_kb=512
12-08 12:13:46.607 I/MoonBridge( 5321): BridgeDrSubmitDecodeUnit: frame=4579 frameType=0 fullLength=15112
12-08 12:13:46.607 D/MoonBridge( 5321): bridgeDrSubmitDecodeUnit: frame=4579 frameType=0 len=15112 type=0
12-08 12:13:46.622 I/MoonBridge( 5321): BridgeDrSubmitDecodeUnit: frame=4580 frameType=0 fullLength=18136
12-08 12:13:46.622 D/MoonBridge( 5321): bridgeDrSubmitDecodeUnit: frame=4580 frameType=0 len=18136 type=0
12-08 12:13:46.640 I/MoonBridge( 5321): BridgeDrSubmitDecodeUnit: frame=4581 frameType=0 fullLength=56440
12-08 12:13:46.640 D/MoonBridge( 5321): bridgeDrSubmitDecodeUnit: frame=4581 frameType=0 len=56440 type=0
12-08 12:13:46.641 I/QC2PerfCtrl(  860): isNewSession:0 isActiveEncodeSession:0 isUHDSession: 0 totalFPS:61.500000, totalSession:1,
12-08 12:13:46.642 E/perfservice(  864): End applying 'END_HINT' from hint 'VIDEO' - Failed after 5 retries - Latency: 0.640ms
12-08 12:13:46.642 E/perfservice(  864):   >> Failed final validation: /sys/block/dm-0/queue/read_ahead_kb=512
12-08 12:13:46.642 E/perfservice(  864):   >> Failed final validation: /sys/block/dm-1/queue/read_ahead_kb=512
12-08 12:13:46.642 E/perfservice(  864): End applying 'START_HINT' from hint 'VIDEO' - Failed after 5 retries - Latency: 0.670ms
12-08 12:13:46.642 E/perfservice(  864):   >> Failed final validation: /sys/block/dm-0/queue/read_ahead_kb=512
12-08 12:13:46.642 E/perfservice(  864):   >> Failed final validation: /sys/block/dm-1/queue/read_ahead_kb=512
12-08 12:13:46.655 I/MoonBridge( 5321): BridgeDrSubmitDecodeUnit: frame=4582 frameType=0 fullLength=16120
12-08 12:13:46.655 D/MoonBridge( 5321): bridgeDrSubmitDecodeUnit: frame=4582 frameType=0 len=16120 type=0
12-08 12:13:46.676 I/MoonBridge( 5321): BridgeDrSubmitDecodeUnit: frame=4583 frameType=0 fullLength=17128
12-08 12:13:46.676 D/MoonBridge( 5321): bridgeDrSubmitDecodeUnit: frame=4583 frameType=0 len=17128 type=0
12-08 12:13:46.679 I/MoonBridge( 5321): BridgeDrSubmitDecodeUnit: frame=4584 frameType=0 fullLength=18136
12-08 12:13:46.679 D/MoonBridge( 5321): bridgeDrSubmitDecodeUnit: frame=4584 frameType=0 len=18136 type=0
12-08 12:13:46.679 I/QC2PerfCtrl(  860): isNewSession:0 isActiveEncodeSession:0 isUHDSession: 0 totalFPS:499.000000, totalSession:1,
12-08 12:13:46.681 E/perfservice(  864): End applying 'END_HINT' from hint 'VIDEO' - Failed after 5 retries - Latency: 0.778ms
12-08 12:13:46.681 E/perfservice(  864):   >> Failed final validation: /sys/block/dm-0/queue/read_ahead_kb=512
12-08 12:13:46.681 E/perfservice(  864):   >> Failed final validation: /sys/block/dm-1/queue/read_ahead_kb=512
12-08 12:13:46.681 E/perfservice(  864): End applying 'START_HINT' from hint 'VIDEO' - Failed after 5 retries - Latency: 0.670ms
12-08 12:13:46.681 E/perfservice(  864):   >> Failed final validation: /sys/block/dm-0/queue/read_ahead_kb=512
12-08 12:13:46.681 E/perfservice(  864):   >> Failed final validation: /sys/block/dm-1/queue/read_ahead_kb=512
12-08 12:13:46.693 I/MoonBridge( 5321): BridgeDrSubmitDecodeUnit: frame=4585 frameType=0 fullLength=20152
12-08 12:13:46.693 D/MoonBridge( 5321): bridgeDrSubmitDecodeUnit: frame=4585 frameType=0 len=20152 type=0
12-08 12:13:46.697 I/Tracking( 1772): RateDownsampler: Stats: Number of valid framesets = 15 in this active window
12-08 12:13:46.700 D/CameraStream(  873): [ocal] Client [IOT(1772)] attempting stop
12-08 12:13:46.700 I/FrameSetDispatcher(  873): [{COL:FOVPR}] Client pid=1772 (IOT): Client thread stopping
12-08 12:13:46.705 I/[CT]    ( 5403): SP:AF:AnchorFramework: calculateRigidScenePose: Located 9 / 9 anchors in a76ef9da-61e2-adec-fff1-f571f0d5f82f for calculating rigid scene pose for com.oculus.guardian
12-08 12:13:46.706 I/[CT]    ( 5403): SP:AF:AnchorAccuracy: New Rigid Scene calculated using 9 anchors attached to 1 IAs. 0.12286798099921725 seconds since last update
12-08 12:13:46.706 I/[CT]    ( 5403): SP:AF:AnchorAccuracy: Translation difference (mean/min/max): 0.007334592189484586 0.00023520196555182338 0.017676159739494324
12-08 12:13:46.706 I/[CT]    ( 5403): SP:AF:AnchorAccuracy: Rotation difference (mean/min/max): 0.004635875216788716 0.004464004188776016 0.005668802186846733
12-08 12:13:46.706 I/[CT]    ( 5403): SP:AF:AnchorAccuracy: New scene origin pose: 0.11547471582889557 -0.3406122028827667 0.4623471796512604 : 0.7069874405860901 -0.7069873213768005 -0.012995080091059208 -0.012995078228414059
12-08 12:13:46.706 I/[CT]    ( 5403): SP:AF:AnchorAccuracy: New scene origin pose moved: 6.993853276071604e-06 translation 1.6760868675191887e-05 rotation
12-08 12:13:46.707 I/CameraClientManager(  873): [IOT(1772)][ocal] client stopped (estimated 0 started clients remaining)
12-08 12:13:46.707 I/CameraClientManager(  873): [[IOT(1772)][ocal]] definitely stopping stream
12-08 12:13:46.707 I/SensorService(  873): [color] Stopping cameras for purpose ocal
12-08 12:13:46.707 I/FrameSetCollator(  873): [{COL:FOVPR}] Skipping stop, start count: 1
12-08 12:13:46.707 I/SensorService(  873): [color] Stopping camera streams for purpose: ocal
12-08 12:13:46.707 I/CameraClientManager(  873): [[IOT(1772)][ocal]] stream stop completed
12-08 12:13:46.707 D/CameraStream(  873): [ocal] Client [IOT(1772)]: stop complete
12-08 12:13:46.707 W/TrackingService( 1772): trying to stop depth stream when 3-way OCal is not enabled
12-08 12:13:46.712 I/MoonBridge( 5321): BridgeDrSubmitDecodeUnit: frame=4586 frameType=0 fullLength=56440
12-08 12:13:46.712 D/MoonBridge( 5321): bridgeDrSubmitDecodeUnit: frame=4586 frameType=0 len=56440 type=0
12-08 12:13:46.717 I/MRSS    ( 1574): MIXEDREALITY: EnvironmentDepthMetacapability: processTelemetry client com.oculus.vrshell state true aggregated 0
12-08 12:13:46.727 I/MoonBridge( 5321): BridgeDrSubmitDecodeUnit: frame=4587 frameType=0 fullLength=22168
12-08 12:13:46.727 D/MoonBridge( 5321): bridgeDrSubmitDecodeUnit: frame=4587 frameType=0 len=22168 type=0
12-08 12:13:46.727 I/QC2PerfCtrl(  860): isNewSession:0 isActiveEncodeSession:0 isUHDSession: 0 totalFPS:70.428574, totalSession:1,
12-08 12:13:46.729 E/perfservice(  864): End applying 'END_HINT' from hint 'VIDEO' - Failed after 5 retries - Latency: 0.821ms
12-08 12:13:46.729 E/perfservice(  864):   >> Failed final validation: /sys/block/dm-0/queue/read_ahead_kb=512
12-08 12:13:46.729 E/perfservice(  864):   >> Failed final validation: /sys/block/dm-1/queue/read_ahead_kb=512
12-08 12:13:46.729 E/perfservice(  864): End applying 'START_HINT' from hint 'VIDEO' - Failed after 5 retries - Latency: 0.798ms
12-08 12:13:46.729 E/perfservice(  864):   >> Failed final validation: /sys/block/dm-0/queue/read_ahead_kb=512
12-08 12:13:46.729 E/perfservice(  864):   >> Failed final validation: /sys/block/dm-1/queue/read_ahead_kb=512
12-08 12:13:46.744 I/MoonBridge( 5321): BridgeDrSubmitDecodeUnit: frame=4588 frameType=0 fullLength=21160
12-08 12:13:46.744 D/MoonBridge( 5321): bridgeDrSubmitDecodeUnit: frame=4588 frameType=0 len=21160 type=0
12-08 12:13:46.760 I/MoonBridge( 5321): BridgeDrSubmitDecodeUnit: frame=4589 frameType=0 fullLength=20152
12-08 12:13:46.760 D/MoonBridge( 5321): bridgeDrSubmitDecodeUnit: frame=4589 frameType=0 len=20152 type=0
12-08 12:13:46.779 I/MoonBridge( 5321): BridgeDrSubmitDecodeUnit: frame=4590 frameType=0 fullLength=59464
12-08 12:13:46.780 D/MoonBridge( 5321): bridgeDrSubmitDecodeUnit: frame=4590 frameType=0 len=59464 type=0
12-08 12:13:46.793 I/MoonBridge( 5321): BridgeDrSubmitDecodeUnit: frame=4591 frameType=0 fullLength=19144
12-08 12:13:46.793 D/MoonBridge( 5321): bridgeDrSubmitDecodeUnit: frame=4591 frameType=0 len=19144 type=0
12-08 12:13:46.804 I/QC2Comp (  860): [hevcD_41] Stats: Pending(0) i/p-done(0) Works: Q: 4594/Done 4595|Work-Rate: Q(61.6/s Avg=53.7/s) Done(61.598/s Avg=53.728/s)| Stream: 71.43fps 15.7Mbps
12-08 12:13:46.804 I/QC2Comp (  860): [hevcD_41] Mem-usage:  [In-1D: 4 bufs 33.750 MB] [1D-43: 14 bufs 0.219 MB] [2D-44: 16 bufs 85.562 MB] | Total: 119.531 MB
12-08 12:13:46.810 I/MoonBridge( 5321): BridgeDrSubmitDecodeUnit: frame=4592 frameType=0 fullLength=16120
12-08 12:13:46.810 D/MoonBridge( 5321): bridgeDrSubmitDecodeUnit: frame=4592 frameType=0 len=16120 type=0
12-08 12:13:46.815 I/GraphicsGovernor( 3567): Dynamic Foveation Lvl 3, Min Foveation Lvl 3, DynRes Enabled 0, DynRes Scaler 1.000000
12-08 12:13:46.827 I/MoonBridge( 5321): BridgeDrSubmitDecodeUnit: frame=4593 frameType=0 fullLength=20152
12-08 12:13:46.827 D/MoonBridge( 5321): bridgeDrSubmitDecodeUnit: frame=4593 frameType=0 len=20152 type=0
12-08 12:13:46.845 I/MoonBridge( 5321): BridgeDrSubmitDecodeUnit: frame=4594 frameType=0 fullLength=56440
12-08 12:13:46.845 D/MoonBridge( 5321): bridgeDrSubmitDecodeUnit: frame=4594 frameType=0 len=56440 type=0
12-08 12:13:46.846 I/QC2PerfCtrl(  860): isNewSession:0 isActiveEncodeSession:0 isUHDSession: 0 totalFPS:61.500000, totalSession:1,
12-08 12:13:46.847 E/perfservice(  864): End applying 'END_HINT' from hint 'VIDEO' - Failed after 5 retries - Latency: 0.587ms
12-08 12:13:46.847 E/perfservice(  864):   >> Failed final validation: /sys/block/dm-0/queue/read_ahead_kb=512
12-08 12:13:46.847 E/perfservice(  864):   >> Failed final validation: /sys/block/dm-1/queue/read_ahead_kb=512
12-08 12:13:46.847 E/perfservice(  864): End applying 'START_HINT' from hint 'VIDEO' - Failed after 5 retries - Latency: 0.550ms
12-08 12:13:46.847 E/perfservice(  864):   >> Failed final validation: /sys/block/dm-0/queue/read_ahead_kb=512
12-08 12:13:46.847 E/perfservice(  864):   >> Failed final validation: /sys/block/dm-1/queue/read_ahead_kb=512
12-08 12:13:46.860 I/MoonBridge( 5321): BridgeDrSubmitDecodeUnit: frame=4595 frameType=0 fullLength=17128
12-08 12:13:46.860 D/MoonBridge( 5321): bridgeDrSubmitDecodeUnit: frame=4595 frameType=0 len=17128 type=0
12-08 12:13:46.860 I/QC2PerfCtrl(  860): isNewSession:0 isActiveEncodeSession:0 isUHDSession: 0 totalFPS:70.428574, totalSession:1,
12-08 12:13:46.861 E/perfservice(  864): End applying 'END_HINT' from hint 'VIDEO' - Failed after 5 retries - Latency: 0.564ms
12-08 12:13:46.861 E/perfservice(  864):   >> Failed final validation: /sys/block/dm-0/queue/read_ahead_kb=512
12-08 12:13:46.861 E/perfservice(  864):   >> Failed final validation: /sys/block/dm-1/queue/read_ahead_kb=512
12-08 12:13:46.861 E/perfservice(  864): End applying 'START_HINT' from hint 'VIDEO' - Failed after 5 retries - Latency: 0.532ms
12-08 12:13:46.861 E/perfservice(  864):   >> Failed final validation: /sys/block/dm-0/queue/read_ahead_kb=512
12-08 12:13:46.861 E/perfservice(  864):   >> Failed final validation: /sys/block/dm-1/queue/read_ahead_kb=512
12-08 12:13:46.878 I/MoonBridge( 5321): BridgeDrSubmitDecodeUnit: frame=4596 frameType=0 fullLength=18136
12-08 12:13:46.878 D/MoonBridge( 5321): bridgeDrSubmitDecodeUnit: frame=4596 frameType=0 len=18136 type=0
12-08 12:13:46.896 I/MoonBridge( 5321): BridgeDrSubmitDecodeUnit: frame=4597 frameType=0 fullLength=19144
12-08 12:13:46.896 D/MoonBridge( 5321): bridgeDrSubmitDecodeUnit: frame=4597 frameType=0 len=19144 type=0
12-08 12:13:46.914 I/MoonBridge( 5321): BridgeDrSubmitDecodeUnit: frame=4598 frameType=0 fullLength=52408
12-08 12:13:46.914 D/MoonBridge( 5321): bridgeDrSubmitDecodeUnit: frame=4598 frameType=0 len=52408 type=0
12-08 12:13:46.915 I/QC2PerfCtrl(  860): isNewSession:0 isActiveEncodeSession:0 isUHDSession: 0 totalFPS:57.823528, totalSession:1,
12-08 12:13:46.916 E/perfservice(  864): End applying 'END_HINT' from hint 'VIDEO' - Failed after 5 retries - Latency: 0.482ms
12-08 12:13:46.916 E/perfservice(  864):   >> Failed final validation: /sys/block/dm-0/queue/read_ahead_kb=512
12-08 12:13:46.916 E/perfservice(  864):   >> Failed final validation: /sys/block/dm-1/queue/read_ahead_kb=512
12-08 12:13:46.916 E/perfservice(  864): End applying 'START_HINT' from hint 'VIDEO' - Failed after 5 retries - Latency: 0.421ms
12-08 12:13:46.916 E/perfservice(  864):   >> Failed final validation: /sys/block/dm-0/queue/read_ahead_kb=512
12-08 12:13:46.916 E/perfservice(  864):   >> Failed final validation: /sys/block/dm-1/queue/read_ahead_kb=512
12-08 12:13:46.929 I/MoonBridge( 5321): BridgeDrSubmitDecodeUnit: frame=4599 frameType=0 fullLength=21160
12-08 12:13:46.929 D/MoonBridge( 5321): bridgeDrSubmitDecodeUnit: frame=4599 frameType=0 len=21160 type=0
12-08 12:13:46.930 I/QC2PerfCtrl(  860): isNewSession:0 isActiveEncodeSession:0 isUHDSession: 0 totalFPS:65.666664, totalSession:1,
12-08 12:13:46.931 E/perfservice(  864): End applying 'END_HINT' from hint 'VIDEO' - Failed after 5 retries - Latency: 0.595ms
12-08 12:13:46.931 E/perfservice(  864):   >> Failed final validation: /sys/block/dm-0/queue/read_ahead_kb=512
12-08 12:13:46.931 E/perfservice(  864):   >> Failed final validation: /sys/block/dm-1/queue/read_ahead_kb=512
12-08 12:13:46.932 E/perfservice(  864): End applying 'START_HINT' from hint 'VIDEO' - Failed after 5 retries - Latency: 0.447ms
12-08 12:13:46.932 E/perfservice(  864):   >> Failed final validation: /sys/block/dm-0/queue/read_ahead_kb=512
12-08 12:13:46.932 E/perfservice(  864):   >> Failed final validation: /sys/block/dm-1/queue/read_ahead_kb=512
12-08 12:13:46.945 I/MoonBridge( 5321): BridgeDrSubmitDecodeUnit: frame=4600 frameType=0 fullLength=21160
12-08 12:13:46.945 D/MoonBridge( 5321): bridgeDrSubmitDecodeUnit: frame=4600 frameType=0 len=21160 type=0
12-08 12:13:46.962 I/MoonBridge( 5321): BridgeDrSubmitDecodeUnit: frame=4601 frameType=0 fullLength=20152
12-08 12:13:46.962 D/MoonBridge( 5321): bridgeDrSubmitDecodeUnit: frame=4601 frameType=0 len=20152 type=0
12-08 12:13:46.976 I/Tracking( 1772): CONSTELLATION:VISION_STATUS: 0x402c25cbf028a4e8 (R): [#Samples=76] 10495.673s | BlobDetection:[#BlobsDetected=(16.22, 49.36)]Matching:[MatchSuccess=0.868, MatchCost=(0.00153, 0.00000), #MatchedBlobs=(14.53, 54.25), #MatchedLeds=(6.22, 6.96), RematchM=0.697, SkipRefine=0.013] MatchMethod:[Prox=0.079, ConstBrute=0.789, AttiBrute=0.000, UnconstBrute=0.000] MatchResets[AnomBlobSize=0.000, SharedMatch=0.000, DenseReacq=0.000] | Fusion:[FusionError=0.000, ImuFromCamMs=(-10494173.390, 2138717.781), RematchF=0.000] FusionUpdates:[Successful=0.000, Reliable=0.000, TightFusion=0.000, FullPose=0.000, StaticPrior=0.000, StaticForHandTrans=0.000, PoseUpdateMD=(0.0000, 0.0000)] FusionResets[6DoFReset=0.000, ResetSuccess=0.000] FusionStatus[HasPosition=0.000, HasVelocity=0.000]  [Current time=10495.673s, last log time=10490.607s]
12-08 12:13:46.981 I/MoonBridge( 5321): BridgeDrSubmitDecodeUnit: frame=4602 frameType=0 fullLength=56440
12-08 12:13:46.981 D/MoonBridge( 5321): bridgeDrSubmitDecodeUnit: frame=4602 frameType=0 len=56440 type=0
12-08 12:13:47.004 I/MoonBridge( 5321): BridgeDrSubmitDecodeUnit: frame=4603 frameType=0 fullLength=21160
12-08 12:13:47.005 D/MoonBridge( 5321): bridgeDrSubmitDecodeUnit: frame=4603 frameType=0 len=21160 type=0
12-08 12:13:47.005 I/QC2PerfCtrl(  860): isNewSession:0 isActiveEncodeSession:0 isUHDSession: 0 totalFPS:57.823528, totalSession:1,
12-08 12:13:47.006 E/perfservice(  864): End applying 'END_HINT' from hint 'VIDEO' - Failed after 5 retries - Latency: 0.641ms
12-08 12:13:47.006 E/perfservice(  864):   >> Failed final validation: /sys/block/dm-0/queue/read_ahead_kb=512
12-08 12:13:47.006 E/perfservice(  864):   >> Failed final validation: /sys/block/dm-1/queue/read_ahead_kb=512
12-08 12:13:47.006 E/perfservice(  864): End applying 'START_HINT' from hint 'VIDEO' - Failed after 5 retries - Latency: 0.617ms
12-08 12:13:47.006 E/perfservice(  864):   >> Failed final validation: /sys/block/dm-0/queue/read_ahead_kb=512
12-08 12:13:47.006 E/perfservice(  864):   >> Failed final validation: /sys/block/dm-1/queue/read_ahead_kb=512
12-08 12:13:47.007 I/MoonBridge( 5321): BridgeDrSubmitDecodeUnit: frame=4604 frameType=0 fullLength=20152
12-08 12:13:47.007 D/MoonBridge( 5321): bridgeDrSubmitDecodeUnit: frame=4604 frameType=0 len=20152 type=0
12-08 12:13:47.007 I/QC2PerfCtrl(  860): isNewSession:0 isActiveEncodeSession:0 isUHDSession: 0 totalFPS:499.000000, totalSession:1,
12-08 12:13:47.008 E/perfservice(  864): End applying 'END_HINT' from hint 'VIDEO' - Failed after 5 retries - Latency: 0.562ms
12-08 12:13:47.008 E/perfservice(  864):   >> Failed final validation: /sys/block/dm-0/queue/read_ahead_kb=512
12-08 12:13:47.008 E/perfservice(  864):   >> Failed final validation: /sys/block/dm-1/queue/read_ahead_kb=512
12-08 12:13:47.009 E/perfservice(  864): End applying 'START_HINT' from hint 'VIDEO' - Failed after 5 retries - Latency: 0.916ms
12-08 12:13:47.009 E/perfservice(  864):   >> Failed final validation: /sys/block/dm-0/queue/read_ahead_kb=512
12-08 12:13:47.009 E/perfservice(  864):   >> Failed final validation: /sys/block/dm-1/queue/read_ahead_kb=512
12-08 12:13:47.021 I/MoonBridge( 5321): BridgeDrSubmitDecodeUnit: frame=4605 frameType=0 fullLength=20152
12-08 12:13:47.021 D/MoonBridge( 5321): bridgeDrSubmitDecodeUnit: frame=4605 frameType=0 len=20152 type=0
12-08 12:13:47.039 I/MoonBridge( 5321): BridgeDrSubmitDecodeUnit: frame=4606 frameType=0 fullLength=58456
12-08 12:13:47.039 D/MoonBridge( 5321): bridgeDrSubmitDecodeUnit: frame=4606 frameType=0 len=58456 type=0
12-08 12:13:47.054 I/MoonBridge( 5321): BridgeDrSubmitDecodeUnit: frame=4607 frameType=0 fullLength=17128
12-08 12:13:47.054 D/MoonBridge( 5321): bridgeDrSubmitDecodeUnit: frame=4607 frameType=0 len=17128 type=0
12-08 12:13:47.055 I/QC2PerfCtrl(  860): isNewSession:0 isActiveEncodeSession:0 isUHDSession: 0 totalFPS:65.666664, totalSession:1,
12-08 12:13:47.056 E/perfservice(  864): End applying 'END_HINT' from hint 'VIDEO' - Failed after 5 retries - Latency: 0.612ms
12-08 12:13:47.056 E/perfservice(  864):   >> Failed final validation: /sys/block/dm-0/queue/read_ahead_kb=512
12-08 12:13:47.056 E/perfservice(  864):   >> Failed final validation: /sys/block/dm-1/queue/read_ahead_kb=512
12-08 12:13:47.057 E/perfservice(  864): End applying 'START_HINT' from hint 'VIDEO' - Failed after 5 retries - Latency: 0.478ms
12-08 12:13:47.057 E/perfservice(  864):   >> Failed final validation: /sys/block/dm-0/queue/read_ahead_kb=512
12-08 12:13:47.057 E/perfservice(  864):   >> Failed final validation: /sys/block/dm-1/queue/read_ahead_kb=512
12-08 12:13:47.070 I/MoonBridge( 5321): BridgeDrSubmitDecodeUnit: frame=4608 frameType=0 fullLength=16120
12-08 12:13:47.071 D/MoonBridge( 5321): bridgeDrSubmitDecodeUnit: frame=4608 frameType=0 len=16120 type=0
12-08 12:13:47.088 I/MoonBridge( 5321): BridgeDrSubmitDecodeUnit: frame=4609 frameType=0 fullLength=18136
12-08 12:13:47.088 D/MoonBridge( 5321): bridgeDrSubmitDecodeUnit: frame=4609 frameType=0 len=18136 type=0
12-08 12:13:47.106 I/MoonBridge( 5321): BridgeDrSubmitDecodeUnit: frame=4610 frameType=0 fullLength=56440
12-08 12:13:47.106 D/MoonBridge( 5321): bridgeDrSubmitDecodeUnit: frame=4610 frameType=0 len=56440 type=0
12-08 12:13:47.120 I/MoonBridge( 5321): BridgeDrSubmitDecodeUnit: frame=4611 frameType=0 fullLength=15112
12-08 12:13:47.120 D/MoonBridge( 5321): bridgeDrSubmitDecodeUnit: frame=4611 frameType=0 len=15112 type=0
12-08 12:13:47.123 I/VrApi   ( 5321): FPS=90/90,Prd=21ms,Tear=0,Early=0,Stale=0,Stale2/5/10/max=0/0/0/0,VSnc=1,Lat=-1,Fov=3,CPU4/GPU=3/2,1651/456MHz,OC=3F,TA=0/0/0,SP=N/N/N,Mem=2736MHz,Free=3749MB,PLS=0,Temp=35.0C/0.0C,TW=2.12ms,App=0.89ms,GD=0.00ms,CPU&GPU=2.34ms,LCnt=3(DR90,LM3),GPU%=0.30,CPU%=0.29(W0.32),CFL=12.03/15.58,ICFLp95=14.82,LD=0,SF=1.00,LP=1,DVFS=0
12-08 12:13:47.124 D/TrackingService( 1772): 402c25cbf028a4e8: isControllerInHand(13023.45s): 1 ctEnabled: 1 btnPress(12990.28s): 0 *btnOrTpdTouch(12990.58s): 0 *btnOrTpdProx(12991.06s): 0 static(13023.45s): 1 thbstkOffCenter(12934.39s): 0 
12-08 12:13:47.124 D/TrackingService( 1772): [HANDTRACKING] Controller 402c25cbf028a4e8 in hand: Y, valid: Y
12-08 12:13:47.124 D/ControllerManagement( 3227): RemoteService::recordControllerStatusUpdate: device 402c25cbf028a4e8: status: CONNECTED_ACTIVE tracking: POSITION, errors: --
12-08 12:13:47.142 I/OpenXR_ClientState( 5321): [OATS]: IP changed: /user/hand/right/interaction_profiles/meta/touch_controller_plus, 7
12-08 12:13:47.142 I/MoonBridge( 5321): BridgeDrSubmitDecodeUnit: frame=4612 frameType=0 fullLength=18136
12-08 12:13:47.142 D/MoonBridge( 5321): bridgeDrSubmitDecodeUnit: frame=4612 frameType=0 len=18136 type=0
12-08 12:13:47.145 I/MoonBridge( 5321): BridgeDrSubmitDecodeUnit: frame=4613 frameType=0 fullLength=18136
12-08 12:13:47.145 D/MoonBridge( 5321): bridgeDrSubmitDecodeUnit: frame=4613 frameType=0 len=18136 type=0
12-08 12:13:47.145 I/QC2PerfCtrl(  860): isNewSession:0 isActiveEncodeSession:0 isUHDSession: 0 totalFPS:332.333344, totalSession:1,
12-08 12:13:47.147 E/perfservice(  864): End applying 'END_HINT' from hint 'VIDEO' - Failed after 5 retries - Latency: 0.592ms
12-08 12:13:47.147 E/perfservice(  864):   >> Failed final validation: /sys/block/dm-0/queue/read_ahead_kb=512
12-08 12:13:47.147 E/perfservice(  864):   >> Failed final validation: /sys/block/dm-1/queue/read_ahead_kb=512
12-08 12:13:47.147 E/perfservice(  864): End applying 'START_HINT' from hint 'VIDEO' - Failed after 5 retries - Latency: 0.535ms
12-08 12:13:47.147 E/perfservice(  864):   >> Failed final validation: /sys/block/dm-0/queue/read_ahead_kb=512
12-08 12:13:47.147 E/perfservice(  864):   >> Failed final validation: /sys/block/dm-1/queue/read_ahead_kb=512
12-08 12:13:47.153 I/HorizonStandalone( 5321): Hmi: Interaction profile changed: /user/hand/right is /interaction_profiles/meta/touch_controller_plus
12-08 12:13:47.159 I/MoonBridge( 5321): BridgeDrSubmitDecodeUnit: frame=4614 frameType=0 fullLength=20152
12-08 12:13:47.159 D/MoonBridge( 5321): bridgeDrSubmitDecodeUnit: frame=4614 frameType=0 len=20152 type=0
12-08 12:13:47.178 I/MoonBridge( 5321): BridgeDrSubmitDecodeUnit: frame=4615 frameType=0 fullLength=56440
12-08 12:13:47.178 D/MoonBridge( 5321): bridgeDrSubmitDecodeUnit: frame=4615 frameType=0 len=56440 type=0
12-08 12:13:47.192 I/MoonBridge( 5321): BridgeDrSubmitDecodeUnit: frame=4616 frameType=0 fullLength=22168
12-08 12:13:47.192 D/MoonBridge( 5321): bridgeDrSubmitDecodeUnit: frame=4616 frameType=0 len=22168 type=0
12-08 12:13:47.193 I/QC2PerfCtrl(  860): isNewSession:0 isActiveEncodeSession:0 isUHDSession: 0 totalFPS:70.428574, totalSession:1,
12-08 12:13:47.194 E/perfservice(  864): End applying 'END_HINT' from hint 'VIDEO' - Failed after 5 retries - Latency: 0.520ms
12-08 12:13:47.194 E/perfservice(  864):   >> Failed final validation: /sys/block/dm-0/queue/read_ahead_kb=512
12-08 12:13:47.194 E/perfservice(  864):   >> Failed final validation: /sys/block/dm-1/queue/read_ahead_kb=512
12-08 12:13:47.194 E/perfservice(  864): End applying 'START_HINT' from hint 'VIDEO' - Failed after 5 retries - Latency: 0.544ms
12-08 12:13:47.194 E/perfservice(  864):   >> Failed final validation: /sys/block/dm-0/queue/read_ahead_kb=512
12-08 12:13:47.194 E/perfservice(  864):   >> Failed final validation: /sys/block/dm-1/queue/read_ahead_kb=512
12-08 12:13:47.210 I/MoonBridge( 5321): BridgeDrSubmitDecodeUnit: frame=4617 frameType=0 fullLength=21160
12-08 12:13:47.210 D/MoonBridge( 5321): bridgeDrSubmitDecodeUnit: frame=4617 frameType=0 len=21160 type=0
12-08 12:13:47.226 I/MoonBridge( 5321): BridgeDrSubmitDecodeUnit: frame=4618 frameType=0 fullLength=21160
12-08 12:13:47.226 D/MoonBridge( 5321): bridgeDrSubmitDecodeUnit: frame=4618 frameType=0 len=21160 type=0
12-08 12:13:47.235 I/VD628x  (  871): Flicker results: freq 156.608597, max 441.630402, dcr 65.139664, pct 0.000334, idx 0.000238, conf 0.009288, snr -20.149210, svm 0.001260, sus 2
12-08 12:13:47.245 I/MoonBridge( 5321): BridgeDrSubmitDecodeUnit: frame=4619 frameType=0 fullLength=57448
12-08 12:13:47.246 D/MoonBridge( 5321): bridgeDrSubmitDecodeUnit: frame=4619 frameType=0 len=57448 type=0
12-08 12:13:47.246 I/QC2PerfCtrl(  860): isNewSession:0 isActiveEncodeSession:0 isUHDSession: 0 totalFPS:57.823528, totalSession:1,
12-08 12:13:47.247 E/perfservice(  864): End applying 'END_HINT' from hint 'VIDEO' - Failed after 5 retries - Latency: 0.608ms
12-08 12:13:47.247 E/perfservice(  864):   >> Failed final validation: /sys/block/dm-0/queue/read_ahead_kb=512
12-08 12:13:47.247 E/perfservice(  864):   >> Failed final validation: /sys/block/dm-1/queue/read_ahead_kb=512
12-08 12:13:47.248 E/perfservice(  864): End applying 'START_HINT' from hint 'VIDEO' - Failed after 5 retries - Latency: 0.625ms
12-08 12:13:47.248 E/perfservice(  864):   >> Failed final validation: /sys/block/dm-0/queue/read_ahead_kb=512
12-08 12:13:47.248 E/perfservice(  864):   >> Failed final validation: /sys/block/dm-1/queue/read_ahead_kb=512
12-08 12:13:47.259 I/MoonBridge( 5321): BridgeDrSubmitDecodeUnit: frame=4620 frameType=0 fullLength=17128
12-08 12:13:47.259 D/MoonBridge( 5321): bridgeDrSubmitDecodeUnit: frame=4620 frameType=0 len=17128 type=0
12-08 12:13:47.260 I/QC2PerfCtrl(  860): isNewSession:0 isActiveEncodeSession:0 isUHDSession: 0 totalFPS:70.428574, totalSession:1,
12-08 12:13:47.261 E/perfservice(  864): End applying 'END_HINT' from hint 'VIDEO' - Failed after 5 retries - Latency: 0.632ms
12-08 12:13:47.261 E/perfservice(  864):   >> Failed final validation: /sys/block/dm-0/queue/read_ahead_kb=512
12-08 12:13:47.261 E/perfservice(  864):   >> Failed final validation: /sys/block/dm-1/queue/read_ahead_kb=512
12-08 12:13:47.261 E/perfservice(  864): End applying 'START_HINT' from hint 'VIDEO' - Failed after 5 retries - Latency: 0.563ms
12-08 12:13:47.261 E/perfservice(  864):   >> Failed final validation: /sys/block/dm-0/queue/read_ahead_kb=512
12-08 12:13:47.261 E/perfservice(  864):   >> Failed final validation: /sys/block/dm-1/queue/read_ahead_kb=512
12-08 12:13:47.276 I/MoonBridge( 5321): BridgeDrSubmitDecodeUnit: frame=4621 frameType=0 fullLength=14104
12-08 12:13:47.276 D/MoonBridge( 5321): bridgeDrSubmitDecodeUnit: frame=4621 frameType=0 len=14104 type=0
12-08 12:13:47.293 I/MoonBridge( 5321): BridgeDrSubmitDecodeUnit: frame=4622 frameType=0 fullLength=17128
12-08 12:13:47.293 D/MoonBridge( 5321): bridgeDrSubmitDecodeUnit: frame=4622 frameType=0 len=17128 type=0
12-08 12:13:47.312 I/MoonBridge( 5321): BridgeDrSubmitDecodeUnit: frame=4623 frameType=0 fullLength=55432
12-08 12:13:47.312 D/MoonBridge( 5321): bridgeDrSubmitDecodeUnit: frame=4623 frameType=0 len=55432 type=0
12-08 12:13:47.313 I/QC2PerfCtrl(  860): isNewSession:0 isActiveEncodeSession:0 isUHDSession: 0 totalFPS:61.500000, totalSession:1,
12-08 12:13:47.314 E/perfservice(  864): End applying 'END_HINT' from hint 'VIDEO' - Failed after 5 retries - Latency: 0.596ms
12-08 12:13:47.314 E/perfservice(  864):   >> Failed final validation: /sys/block/dm-0/queue/read_ahead_kb=512
12-08 12:13:47.314 E/perfservice(  864):   >> Failed final validation: /sys/block/dm-1/queue/read_ahead_kb=512
12-08 12:13:47.314 E/perfservice(  864): End applying 'START_HINT' from hint 'VIDEO' - Failed after 5 retries - Latency: 0.512ms
12-08 12:13:47.314 E/perfservice(  864):   >> Failed final validation: /sys/block/dm-0/queue/read_ahead_kb=512
12-08 12:13:47.314 E/perfservice(  864):   >> Failed final validation: /sys/block/dm-1/queue/read_ahead_kb=512
12-08 12:13:47.329 I/MoonBridge( 5321): BridgeDrSubmitDecodeUnit: frame=4624 frameType=0 fullLength=15112
12-08 12:13:47.330 D/MoonBridge( 5321): bridgeDrSubmitDecodeUnit: frame=4624 frameType=0 len=15112 type=0
12-08 12:13:47.346 I/MoonBridge( 5321): BridgeDrSubmitDecodeUnit: frame=4625 frameType=0 fullLength=17128
12-08 12:13:47.346 D/MoonBridge( 5321): bridgeDrSubmitDecodeUnit: frame=4625 frameType=0 len=17128 type=0
12-08 12:13:47.362 I/MoonBridge( 5321): BridgeDrSubmitDecodeUnit: frame=4626 frameType=0 fullLength=18136
12-08 12:13:47.363 D/MoonBridge( 5321): bridgeDrSubmitDecodeUnit: frame=4626 frameType=0 len=18136 type=0
12-08 12:13:47.381 I/MoonBridge( 5321): BridgeDrSubmitDecodeUnit: frame=4627 frameType=0 fullLength=57448
12-08 12:13:47.382 D/MoonBridge( 5321): bridgeDrSubmitDecodeUnit: frame=4627 frameType=0 len=57448 type=0
12-08 12:13:47.396 I/MoonBridge( 5321): BridgeDrSubmitDecodeUnit: frame=4628 frameType=0 fullLength=18136
12-08 12:13:47.396 D/MoonBridge( 5321): bridgeDrSubmitDecodeUnit: frame=4628 frameType=0 len=18136 type=0
12-08 12:13:47.413 I/MoonBridge( 5321): BridgeDrSubmitDecodeUnit: frame=4629 frameType=0 fullLength=20152
12-08 12:13:47.413 D/MoonBridge( 5321): bridgeDrSubmitDecodeUnit: frame=4629 frameType=0 len=20152 type=0
12-08 12:13:47.430 I/MoonBridge( 5321): BridgeDrSubmitDecodeUnit: frame=4630 frameType=0 fullLength=21160
12-08 12:13:47.430 D/MoonBridge( 5321): bridgeDrSubmitDecodeUnit: frame=4630 frameType=0 len=21160 type=0
12-08 12:13:47.450 I/MoonBridge( 5321): BridgeDrSubmitDecodeUnit: frame=4631 frameType=0 fullLength=56440
12-08 12:13:47.450 D/MoonBridge( 5321): bridgeDrSubmitDecodeUnit: frame=4631 frameType=0 len=56440 type=0
12-08 12:13:47.462 I/MoonBridge( 5321): BridgeDrSubmitDecodeUnit: frame=4632 frameType=0 fullLength=18136
12-08 12:13:47.462 D/MoonBridge( 5321): bridgeDrSubmitDecodeUnit: frame=4632 frameType=0 len=18136 type=0
12-08 12:13:47.463 I/QC2PerfCtrl(  860): isNewSession:0 isActiveEncodeSession:0 isUHDSession: 0 totalFPS:82.333336, totalSession:1,
12-08 12:13:47.464 E/perfservice(  864): End applying 'END_HINT' from hint 'VIDEO' - Failed after 5 retries - Latency: 0.810ms
12-08 12:13:47.464 E/perfservice(  864):   >> Failed final validation: /sys/block/dm-0/queue/read_ahead_kb=512
12-08 12:13:47.464 E/perfservice(  864):   >> Failed final validation: /sys/block/dm-1/queue/read_ahead_kb=512
12-08 12:13:47.465 E/perfservice(  864): End applying 'START_HINT' from hint 'VIDEO' - Failed after 5 retries - Latency: 0.980ms
12-08 12:13:47.465 E/perfservice(  864):   >> Failed final validation: /sys/block/dm-0/queue/read_ahead_kb=512
12-08 12:13:47.465 E/perfservice(  864):   >> Failed final validation: /sys/block/dm-1/queue/read_ahead_kb=512
12-08 12:13:47.478 I/MoonBridge( 5321): BridgeDrSubmitDecodeUnit: frame=4633 frameType=0 fullLength=18136
12-08 12:13:47.479 D/MoonBridge( 5321): bridgeDrSubmitDecodeUnit: frame=4633 frameType=0 len=18136 type=0
12-08 12:13:47.498 I/MoonBridge( 5321): BridgeDrSubmitDecodeUnit: frame=4634 frameType=0 fullLength=18136
12-08 12:13:47.498 D/MoonBridge( 5321): bridgeDrSubmitDecodeUnit: frame=4634 frameType=0 len=18136 type=0
12-08 12:13:47.515 I/MoonBridge( 5321): BridgeDrSubmitDecodeUnit: frame=4635 frameType=0 fullLength=58456
12-08 12:13:47.515 D/MoonBridge( 5321): bridgeDrSubmitDecodeUnit: frame=4635 frameType=0 len=58456 type=0
12-08 12:13:47.515 I/QC2PerfCtrl(  860): isNewSession:0 isActiveEncodeSession:0 isUHDSession: 0 totalFPS:61.500000, totalSession:1,
12-08 12:13:47.517 E/perfservice(  864): End applying 'END_HINT' from hint 'VIDEO' - Failed after 5 retries - Latency: 0.748ms
12-08 12:13:47.517 E/perfservice(  864):   >> Failed final validation: /sys/block/dm-0/queue/read_ahead_kb=512
12-08 12:13:47.517 E/perfservice(  864):   >> Failed final validation: /sys/block/dm-1/queue/read_ahead_kb=512
12-08 12:13:47.517 E/perfservice(  864): End applying 'START_HINT' from hint 'VIDEO' - Failed after 5 retries - Latency: 0.742ms
12-08 12:13:47.517 E/perfservice(  864):   >> Failed final validation: /sys/block/dm-0/queue/read_ahead_kb=512
12-08 12:13:47.517 E/perfservice(  864):   >> Failed final validation: /sys/block/dm-1/queue/read_ahead_kb=512
12-08 12:13:47.529 I/MoonBridge( 5321): BridgeDrSubmitDecodeUnit: frame=4636 frameType=0 fullLength=21160
12-08 12:13:47.529 D/MoonBridge( 5321): bridgeDrSubmitDecodeUnit: frame=4636 frameType=0 len=21160 type=0
12-08 12:13:47.546 I/MoonBridge( 5321): BridgeDrSubmitDecodeUnit: frame=4637 frameType=0 fullLength=15112
12-08 12:13:47.546 D/MoonBridge( 5321): bridgeDrSubmitDecodeUnit: frame=4637 frameType=0 len=15112 type=0
12-08 12:13:47.556 I/Tracking( 1772): CONSTELLATION_Right: [Throttled count=90] P+C Right: Applying Consistent Zero Velocity Update during slow motion.
12-08 12:13:47.562 I/MoonBridge( 5321): BridgeDrSubmitDecodeUnit: frame=4638 frameType=0 fullLength=16120
12-08 12:13:47.562 D/MoonBridge( 5321): bridgeDrSubmitDecodeUnit: frame=4638 frameType=0 len=16120 type=0
12-08 12:13:47.574 W/ProcessStats( 2051): Tracking association SourceState{77a59bf com.oculus.ocms/10068 BTop #23932} whose proc state 2 is better than process ProcessState{8849b52 com.oculus.userserver2/10058 pkg=com.oculus.userserver2} proc state 5 (1 skipped)
12-08 12:13:47.575 I/HorizonDsatHelper(28004): fetchTokenValueAsync - callingPackage: com.oculus.horizon, actionName: com.oculus.auth.ACTION_FETCH_HORIZON_DEVICE_SCOPED_CREDENTIALS
12-08 12:13:47.575 I/HorizonDsatHelper(28004): fetchTokenAsync - forceRefresh: false, actionName: com.oculus.auth.ACTION_FETCH_HORIZON_DEVICE_SCOPED_CREDENTIALS
12-08 12:13:47.575 I/HorizonDsatHelper(28004): Returning stored token
12-08 12:13:47.576 I/AuthLogger(28004): Action succeeded: OBTAIN_TOKEN, callingPackage: com.oculus.horizon, accountType: com.oculus, tokenType: dsat, extras: {logging_source=HorizonDsatHelper, options={"forceRefresh":false,"method":"fetchTokenValueAsync","isCachedToken":true}, token_scope=ROOT, outcome=token, status=success}, duration: 0ms
