12-08 12:13:48.975 I/MoonBridge( 5321): BridgeDrSubmitDecodeUnit: frame=4724 frameType=0 fullLength=55432
12-08 12:13:48.975 D/MoonBridge( 5321): bridgeDrSubmitDecodeUnit: frame=4724 frameType=0 len=55432 type=0
12-08 12:13:48.989 I/MoonBridge( 5321): BridgeDrSubmitDecodeUnit: frame=4725 frameType=0 fullLength=20152
12-08 12:13:48.990 D/MoonBridge( 5321): bridgeDrSubmitDecodeUnit: frame=4725 frameType=0 len=20152 type=0
12-08 12:13:49.005 I/MoonBridge( 5321): BridgeDrSubmitDecodeUnit: frame=4726 frameType=0 fullLength=16120
12-08 12:13:49.005 D/MoonBridge( 5321): bridgeDrSubmitDecodeUnit: frame=4726 frameType=0 len=16120 type=0
12-08 12:13:49.022 I/MoonBridge( 5321): BridgeDrSubmitDecodeUnit: frame=4727 frameType=0 fullLength=18136
12-08 12:13:49.022 D/MoonBridge( 5321): bridgeDrSubmitDecodeUnit: frame=4727 frameType=0 len=18136 type=0
12-08 12:13:49.042 I/MoonBridge( 5321): BridgeDrSubmitDecodeUnit: frame=4728 frameType=0 fullLength=58456
12-08 12:13:49.043 D/MoonBridge( 5321): bridgeDrSubmitDecodeUnit: frame=4728 frameType=0 len=58456 type=0
12-08 12:13:49.055 I/MoonBridge( 5321): BridgeDrSubmitDecodeUnit: frame=4729 frameType=0 fullLength=17128
12-08 12:13:49.055 D/MoonBridge( 5321): bridgeDrSubmitDecodeUnit: frame=4729 frameType=0 len=17128 type=0
12-08 12:13:49.056 I/QC2PerfCtrl(  860): isNewSession:0 isActiveEncodeSession:0 isUHDSession: 0 totalFPS:75.923080, totalSession:1,
12-08 12:13:49.057 E/perfservice(  864): End applying 'END_HINT' from hint 'VIDEO' - Failed after 5 retries - Latency: 0.638ms
12-08 12:13:49.057 E/perfservice(  864):   >> Failed final validation: /sys/block/dm-0/queue/read_ahead_kb=512
12-08 12:13:49.057 E/perfservice(  864):   >> Failed final validation: /sys/block/dm-1/queue/read_ahead_kb=512
12-08 12:13:49.057 E/perfservice(  864): End applying 'START_HINT' from hint 'VIDEO' - Failed after 5 retries - Latency: 0.798ms
12-08 12:13:49.058 E/perfservice(  864):   >> Failed final validation: /sys/block/dm-0/queue/read_ahead_kb=512
12-08 12:13:49.058 E/perfservice(  864):   >> Failed final validation: /sys/block/dm-1/queue/read_ahead_kb=512
12-08 12:13:49.072 I/MoonBridge( 5321): BridgeDrSubmitDecodeUnit: frame=4730 frameType=0 fullLength=15112
12-08 12:13:49.072 D/MoonBridge( 5321): bridgeDrSubmitDecodeUnit: frame=4730 frameType=0 len=15112 type=0
12-08 12:13:49.088 I/MoonBridge( 5321): BridgeDrSubmitDecodeUnit: frame=4731 frameType=0 fullLength=18136
12-08 12:13:49.088 D/MoonBridge( 5321): bridgeDrSubmitDecodeUnit: frame=4731 frameType=0 len=18136 type=0
12-08 12:13:49.106 I/MoonBridge( 5321): BridgeDrSubmitDecodeUnit: frame=4732 frameType=0 fullLength=54424
12-08 12:13:49.107 D/MoonBridge( 5321): bridgeDrSubmitDecodeUnit: frame=4732 frameType=0 len=54424 type=0
12-08 12:13:49.107 I/QC2PerfCtrl(  860): isNewSession:0 isActiveEncodeSession:0 isUHDSession: 0 totalFPS:61.500000, totalSession:1,
12-08 12:13:49.108 E/perfservice(  864): End applying 'END_HINT' from hint 'VIDEO' - Failed after 5 retries - Latency: 0.606ms
12-08 12:13:49.108 E/perfservice(  864):   >> Failed final validation: /sys/block/dm-0/queue/read_ahead_kb=512
12-08 12:13:49.108 E/perfservice(  864):   >> Failed final validation: /sys/block/dm-1/queue/read_ahead_kb=512
12-08 12:13:49.109 E/perfservice(  864): End applying 'START_HINT' from hint 'VIDEO' - Failed after 5 retries - Latency: 0.592ms
12-08 12:13:49.109 E/perfservice(  864):   >> Failed final validation: /sys/block/dm-0/queue/read_ahead_kb=512
12-08 12:13:49.109 E/perfservice(  864):   >> Failed final validation: /sys/block/dm-1/queue/read_ahead_kb=512
12-08 12:13:49.121 I/MoonBridge( 5321): BridgeDrSubmitDecodeUnit: frame=4733 frameType=0 fullLength=20152
12-08 12:13:49.122 D/MoonBridge( 5321): bridgeDrSubmitDecodeUnit: frame=4733 frameType=0 len=20152 type=0
12-08 12:13:49.140 I/MoonBridge( 5321): BridgeDrSubmitDecodeUnit: frame=4734 frameType=0 fullLength=18136
12-08 12:13:49.140 D/MoonBridge( 5321): bridgeDrSubmitDecodeUnit: frame=4734 frameType=0 len=18136 type=0
12-08 12:13:49.155 I/MoonBridge( 5321): BridgeDrSubmitDecodeUnit: frame=4735 frameType=0 fullLength=18136
12-08 12:13:49.155 D/MoonBridge( 5321): bridgeDrSubmitDecodeUnit: frame=4735 frameType=0 len=18136 type=0
12-08 12:13:49.175 I/MoonBridge( 5321): BridgeDrSubmitDecodeUnit: frame=4736 frameType=0 fullLength=57448
12-08 12:13:49.175 D/MoonBridge( 5321): bridgeDrSubmitDecodeUnit: frame=4736 frameType=0 len=57448 type=0
12-08 12:13:49.189 I/MoonBridge( 5321): BridgeDrSubmitDecodeUnit: frame=4737 frameType=0 fullLength=16120
12-08 12:13:49.189 D/MoonBridge( 5321): bridgeDrSubmitDecodeUnit: frame=4737 frameType=0 len=16120 type=0
12-08 12:13:49.189 I/QC2PerfCtrl(  860): isNewSession:0 isActiveEncodeSession:0 isUHDSession: 0 totalFPS:75.923080, totalSession:1,
12-08 12:13:49.191 E/perfservice(  864): End applying 'END_HINT' from hint 'VIDEO' - Failed after 5 retries - Latency: 0.621ms
12-08 12:13:49.191 E/perfservice(  864):   >> Failed final validation: /sys/block/dm-0/queue/read_ahead_kb=512
12-08 12:13:49.191 E/perfservice(  864):   >> Failed final validation: /sys/block/dm-1/queue/read_ahead_kb=512
12-08 12:13:49.191 E/perfservice(  864): End applying 'START_HINT' from hint 'VIDEO' - Failed after 5 retries - Latency: 0.646ms
12-08 12:13:49.191 E/perfservice(  864):   >> Failed final validation: /sys/block/dm-0/queue/read_ahead_kb=512
12-08 12:13:49.191 E/perfservice(  864):   >> Failed final validation: /sys/block/dm-1/queue/read_ahead_kb=512
12-08 12:13:49.202 I/VrApi   ( 5321): FPS=91/90,Prd=21ms,Tear=0,Early=0,Stale=0,Stale2/5/10/max=0/0/0/0,VSnc=1,Lat=-1,Fov=3,CPU4/GPU=3/2,1651/456MHz,OC=3F,TA=0/0/0,SP=N/N/N,Mem=2736MHz,Free=3749MB,PLS=0,Temp=35.0C/0.0C,TW=2.11ms,App=0.92ms,GD=0.00ms,CPU&GPU=2.31ms,LCnt=3(DR91,LM3),GPU%=0.30,CPU%=0.28(W0.29),CFL=11.76/15.45,ICFLp95=14.68,LD=0,SF=1.00,LP=1,DVFS=0
12-08 12:13:49.206 I/MoonBridge( 5321): BridgeDrSubmitDecodeUnit: frame=4738 frameType=0 fullLength=15112
12-08 12:13:49.206 D/MoonBridge( 5321): bridgeDrSubmitDecodeUnit: frame=4738 frameType=0 len=15112 type=0
12-08 12:13:49.221 I/MoonBridge( 5321): BridgeDrSubmitDecodeUnit: frame=4739 frameType=0 fullLength=18136
12-08 12:13:49.222 D/MoonBridge( 5321): bridgeDrSubmitDecodeUnit: frame=4739 frameType=0 len=18136 type=0
12-08 12:13:49.240 I/MoonBridge( 5321): BridgeDrSubmitDecodeUnit: frame=4740 frameType=0 fullLength=54424
12-08 12:13:49.240 D/MoonBridge( 5321): bridgeDrSubmitDecodeUnit: frame=4740 frameType=0 len=54424 type=0
12-08 12:13:49.240 I/QC2PerfCtrl(  860): isNewSession:0 isActiveEncodeSession:0 isUHDSession: 0 totalFPS:61.500000, totalSession:1,
12-08 12:13:49.242 E/perfservice(  864): End applying 'END_HINT' from hint 'VIDEO' - Failed after 5 retries - Latency: 0.695ms
12-08 12:13:49.242 E/perfservice(  864):   >> Failed final validation: /sys/block/dm-0/queue/read_ahead_kb=512
12-08 12:13:49.242 E/perfservice(  864):   >> Failed final validation: /sys/block/dm-1/queue/read_ahead_kb=512
12-08 12:13:49.242 E/perfservice(  864): End applying 'START_HINT' from hint 'VIDEO' - Failed after 5 retries - Latency: 0.724ms
12-08 12:13:49.242 E/perfservice(  864):   >> Failed final validation: /sys/block/dm-0/queue/read_ahead_kb=512
12-08 12:13:49.242 E/perfservice(  864):   >> Failed final validation: /sys/block/dm-1/queue/read_ahead_kb=512
12-08 12:13:49.255 I/MoonBridge( 5321): BridgeDrSubmitDecodeUnit: frame=4741 frameType=0 fullLength=19144
12-08 12:13:49.255 D/MoonBridge( 5321): bridgeDrSubmitDecodeUnit: frame=4741 frameType=0 len=19144 type=0
12-08 12:13:49.272 I/MoonBridge( 5321): BridgeDrSubmitDecodeUnit: frame=4742 frameType=0 fullLength=18136
12-08 12:13:49.272 D/MoonBridge( 5321): bridgeDrSubmitDecodeUnit: frame=4742 frameType=0 len=18136 type=0
12-08 12:13:49.296 I/MoonBridge( 5321): BridgeDrSubmitDecodeUnit: frame=4743 frameType=0 fullLength=18136
12-08 12:13:49.296 D/MoonBridge( 5321): bridgeDrSubmitDecodeUnit: frame=4743 frameType=0 len=18136 type=0
12-08 12:13:49.300 I/MoonBridge( 5321): BridgeDrSubmitDecodeUnit: frame=4744 frameType=0 fullLength=20152
12-08 12:13:49.300 D/MoonBridge( 5321): bridgeDrSubmitDecodeUnit: frame=4744 frameType=0 len=20152 type=0
12-08 12:13:49.301 I/QC2PerfCtrl(  860): isNewSession:0 isActiveEncodeSession:0 isUHDSession: 0 totalFPS:199.000000, totalSession:1,
12-08 12:13:49.302 E/perfservice(  864): End applying 'END_HINT' from hint 'VIDEO' - Failed after 5 retries - Latency: 0.599ms
12-08 12:13:49.302 E/perfservice(  864):   >> Failed final validation: /sys/block/dm-0/queue/read_ahead_kb=512
12-08 12:13:49.302 E/perfservice(  864):   >> Failed final validation: /sys/block/dm-1/queue/read_ahead_kb=512
12-08 12:13:49.302 E/perfservice(  864): End applying 'START_HINT' from hint 'VIDEO' - Failed after 5 retries - Latency: 0.606ms
12-08 12:13:49.302 E/perfservice(  864):   >> Failed final validation: /sys/block/dm-0/queue/read_ahead_kb=512
12-08 12:13:49.302 E/perfservice(  864):   >> Failed final validation: /sys/block/dm-1/queue/read_ahead_kb=512
12-08 12:13:49.315 I/MoonBridge( 5321): BridgeDrSubmitDecodeUnit: frame=4745 frameType=0 fullLength=49384
12-08 12:13:49.315 D/MoonBridge( 5321): bridgeDrSubmitDecodeUnit: frame=4745 frameType=0 len=49384 type=0
12-08 12:13:49.330 I/MoonBridge( 5321): BridgeDrSubmitDecodeUnit: frame=4746 frameType=0 fullLength=21160
12-08 12:13:49.330 D/MoonBridge( 5321): bridgeDrSubmitDecodeUnit: frame=4746 frameType=0 len=21160 type=0
12-08 12:13:49.352 I/MoonBridge( 5321): BridgeDrSubmitDecodeUnit: frame=4747 frameType=0 fullLength=20152
12-08 12:13:49.352 D/MoonBridge( 5321): bridgeDrSubmitDecodeUnit: frame=4747 frameType=0 len=20152 type=0
12-08 12:13:49.352 I/QC2PerfCtrl(  860): isNewSession:0 isActiveEncodeSession:0 isUHDSession: 0 totalFPS:70.428574, totalSession:1,
12-08 12:13:49.354 E/perfservice(  864): End applying 'END_HINT' from hint 'VIDEO' - Failed after 5 retries - Latency: 0.703ms
12-08 12:13:49.354 E/perfservice(  864):   >> Failed final validation: /sys/block/dm-0/queue/read_ahead_kb=512
12-08 12:13:49.354 E/perfservice(  864):   >> Failed final validation: /sys/block/dm-1/queue/read_ahead_kb=512
12-08 12:13:49.354 E/perfservice(  864): End applying 'START_HINT' from hint 'VIDEO' - Failed after 5 retries - Latency: 0.664ms
12-08 12:13:49.354 I/MoonBridge( 5321): BridgeDrSubmitDecodeUnit: frame=4748 frameType=0 fullLength=20152
12-08 12:13:49.354 E/perfservice(  864):   >> Failed final validation: /sys/block/dm-0/queue/read_ahead_kb=512
12-08 12:13:49.354 E/perfservice(  864):   >> Failed final validation: /sys/block/dm-1/queue/read_ahead_kb=512
12-08 12:13:49.354 D/MoonBridge( 5321): bridgeDrSubmitDecodeUnit: frame=4748 frameType=0 len=20152 type=0
12-08 12:13:49.355 I/QC2PerfCtrl(  860): isNewSession:0 isActiveEncodeSession:0 isUHDSession: 0 totalFPS:332.333344, totalSession:1,
12-08 12:13:49.356 E/perfservice(  864): End applying 'END_HINT' from hint 'VIDEO' - Failed after 5 retries - Latency: 0.860ms
12-08 12:13:49.356 E/perfservice(  864):   >> Failed final validation: /sys/block/dm-0/queue/read_ahead_kb=512
12-08 12:13:49.356 E/perfservice(  864):   >> Failed final validation: /sys/block/dm-1/queue/read_ahead_kb=512
12-08 12:13:49.357 E/perfservice(  864): End applying 'START_HINT' from hint 'VIDEO' - Failed after 5 retries - Latency: 0.636ms
12-08 12:13:49.357 E/perfservice(  864):   >> Failed final validation: /sys/block/dm-0/queue/read_ahead_kb=512
12-08 12:13:49.357 E/perfservice(  864):   >> Failed final validation: /sys/block/dm-1/queue/read_ahead_kb=512
12-08 12:13:49.370 I/MoonBridge( 5321): BridgeDrSubmitDecodeUnit: frame=4749 frameType=0 fullLength=53416
12-08 12:13:49.370 D/MoonBridge( 5321): bridgeDrSubmitDecodeUnit: frame=4749 frameType=0 len=53416 type=0
12-08 12:13:49.385 I/MoonBridge( 5321): BridgeDrSubmitDecodeUnit: frame=4750 frameType=0 fullLength=21160
12-08 12:13:49.386 D/MoonBridge( 5321): bridgeDrSubmitDecodeUnit: frame=4750 frameType=0 len=21160 type=0
12-08 12:13:49.402 I/MoonBridge( 5321): BridgeDrSubmitDecodeUnit: frame=4751 frameType=0 fullLength=20152
12-08 12:13:49.402 D/MoonBridge( 5321): bridgeDrSubmitDecodeUnit: frame=4751 frameType=0 len=20152 type=0
12-08 12:13:49.402 I/QC2PerfCtrl(  860): isNewSession:0 isActiveEncodeSession:0 isUHDSession: 0 totalFPS:65.666664, totalSession:1,
12-08 12:13:49.403 E/perfservice(  864): End applying 'END_HINT' from hint 'VIDEO' - Failed after 5 retries - Latency: 0.489ms
12-08 12:13:49.403 E/perfservice(  864):   >> Failed final validation: /sys/block/dm-0/queue/read_ahead_kb=512
12-08 12:13:49.403 E/perfservice(  864):   >> Failed final validation: /sys/block/dm-1/queue/read_ahead_kb=512
12-08 12:13:49.403 E/perfservice(  864): End applying 'START_HINT' from hint 'VIDEO' - Failed after 5 retries - Latency: 0.495ms
12-08 12:13:49.403 E/perfservice(  864):   >> Failed final validation: /sys/block/dm-0/queue/read_ahead_kb=512
12-08 12:13:49.403 E/perfservice(  864):   >> Failed final validation: /sys/block/dm-1/queue/read_ahead_kb=512
12-08 12:13:49.426 I/MoonBridge( 5321): BridgeDrSubmitDecodeUnit: frame=4752 frameType=0 fullLength=20152
12-08 12:13:49.426 D/MoonBridge( 5321): bridgeDrSubmitDecodeUnit: frame=4752 frameType=0 len=20152 type=0
12-08 12:13:49.427 I/VD628x  (  871): Flicker results: freq 117.986870, max 117.986870, dcr 59.098289, pct 0.000525, idx 0.000229, conf 0.032345, snr -14.738580, svm 0.001547, sus 0
12-08 12:13:49.434 I/MoonBridge( 5321): BridgeDrSubmitDecodeUnit: frame=4753 frameType=0 fullLength=20152
12-08 12:13:49.434 D/MoonBridge( 5321): bridgeDrSubmitDecodeUnit: frame=4753 frameType=0 len=20152 type=0
12-08 12:13:49.435 I/QC2PerfCtrl(  860): isNewSession:0 isActiveEncodeSession:0 isUHDSession: 0 totalFPS:124.000000, totalSession:1,
12-08 12:13:49.436 E/perfservice(  864): End applying 'END_HINT' from hint 'VIDEO' - Failed after 5 retries - Latency: 0.664ms
12-08 12:13:49.436 E/perfservice(  864):   >> Failed final validation: /sys/block/dm-0/queue/read_ahead_kb=512
12-08 12:13:49.436 E/perfservice(  864):   >> Failed final validation: /sys/block/dm-1/queue/read_ahead_kb=512
12-08 12:13:49.436 E/perfservice(  864): End applying 'START_HINT' from hint 'VIDEO' - Failed after 5 retries - Latency: 0.594ms
12-08 12:13:49.436 E/perfservice(  864):   >> Failed final validation: /sys/block/dm-0/queue/read_ahead_kb=512
12-08 12:13:49.436 E/perfservice(  864):   >> Failed final validation: /sys/block/dm-1/queue/read_ahead_kb=512
12-08 12:13:49.453 I/MoonBridge( 5321): BridgeDrSubmitDecodeUnit: frame=4754 frameType=0 fullLength=60472
12-08 12:13:49.454 D/MoonBridge( 5321): bridgeDrSubmitDecodeUnit: frame=4754 frameType=0 len=60472 type=0
12-08 12:13:49.468 I/MoonBridge( 5321): BridgeDrSubmitDecodeUnit: frame=4755 frameType=0 fullLength=25192
12-08 12:13:49.468 D/MoonBridge( 5321): bridgeDrSubmitDecodeUnit: frame=4755 frameType=0 len=25192 type=0
12-08 12:13:49.484 I/MoonBridge( 5321): BridgeDrSubmitDecodeUnit: frame=4756 frameType=0 fullLength=16120
12-08 12:13:49.484 D/MoonBridge( 5321): bridgeDrSubmitDecodeUnit: frame=4756 frameType=0 len=16120 type=0
12-08 12:13:49.484 I/QC2PerfCtrl(  860): isNewSession:0 isActiveEncodeSession:0 isUHDSession: 0 totalFPS:70.428574, totalSession:1,
12-08 12:13:49.485 E/perfservice(  864): End applying 'END_HINT' from hint 'VIDEO' - Failed after 5 retries - Latency: 0.721ms
12-08 12:13:49.485 E/perfservice(  864):   >> Failed final validation: /sys/block/dm-0/queue/read_ahead_kb=512
12-08 12:13:49.485 E/perfservice(  864):   >> Failed final validation: /sys/block/dm-1/queue/read_ahead_kb=512
12-08 12:13:49.486 E/perfservice(  864): End applying 'START_HINT' from hint 'VIDEO' - Failed after 5 retries - Latency: 0.717ms
12-08 12:13:49.486 E/perfservice(  864):   >> Failed final validation: /sys/block/dm-0/queue/read_ahead_kb=512
12-08 12:13:49.486 E/perfservice(  864):   >> Failed final validation: /sys/block/dm-1/queue/read_ahead_kb=512
12-08 12:13:49.501 I/MoonBridge( 5321): BridgeDrSubmitDecodeUnit: frame=4757 frameType=0 fullLength=16120
12-08 12:13:49.501 D/MoonBridge( 5321): bridgeDrSubmitDecodeUnit: frame=4757 frameType=0 len=16120 type=0
12-08 12:13:49.520 I/MoonBridge( 5321): BridgeDrSubmitDecodeUnit: frame=4758 frameType=0 fullLength=58456
12-08 12:13:49.520 D/MoonBridge( 5321): bridgeDrSubmitDecodeUnit: frame=4758 frameType=0 len=58456 type=0
12-08 12:13:49.520 I/QC2PerfCtrl(  860): isNewSession:0 isActiveEncodeSession:0 isUHDSession: 0 totalFPS:61.500000, totalSession:1,
12-08 12:13:49.522 E/perfservice(  864): End applying 'END_HINT' from hint 'VIDEO' - Failed after 5 retries - Latency: 0.844ms
12-08 12:13:49.522 E/perfservice(  864):   >> Failed final validation: /sys/block/dm-0/queue/read_ahead_kb=512
12-08 12:13:49.522 E/perfservice(  864):   >> Failed final validation: /sys/block/dm-1/queue/read_ahead_kb=512
12-08 12:13:49.522 E/perfservice(  864): End applying 'START_HINT' from hint 'VIDEO' - Failed after 5 retries - Latency: 0.867ms
12-08 12:13:49.522 E/perfservice(  864):   >> Failed final validation: /sys/block/dm-0/queue/read_ahead_kb=512
12-08 12:13:49.522 E/perfservice(  864):   >> Failed final validation: /sys/block/dm-1/queue/read_ahead_kb=512
12-08 12:13:49.533 I/MoonBridge( 5321): BridgeDrSubmitDecodeUnit: frame=4759 frameType=0 fullLength=17128
12-08 12:13:49.533 D/MoonBridge( 5321): bridgeDrSubmitDecodeUnit: frame=4759 frameType=0 len=17128 type=0
12-08 12:13:49.534 I/QC2PerfCtrl(  860): isNewSession:0 isActiveEncodeSession:0 isUHDSession: 0 totalFPS:70.428574, totalSession:1,
12-08 12:13:49.535 E/perfservice(  864): End applying 'END_HINT' from hint 'VIDEO' - Failed after 5 retries - Latency: 0.545ms
12-08 12:13:49.535 E/perfservice(  864):   >> Failed final validation: /sys/block/dm-0/queue/read_ahead_kb=512
12-08 12:13:49.535 E/perfservice(  864):   >> Failed final validation: /sys/block/dm-1/queue/read_ahead_kb=512
12-08 12:13:49.535 E/perfservice(  864): End applying 'START_HINT' from hint 'VIDEO' - Failed after 5 retries - Latency: 0.620ms
12-08 12:13:49.535 E/perfservice(  864):   >> Failed final validation: /sys/block/dm-0/queue/read_ahead_kb=512
12-08 12:13:49.535 E/perfservice(  864):   >> Failed final validation: /sys/block/dm-1/queue/read_ahead_kb=512
12-08 12:13:49.550 I/MoonBridge( 5321): BridgeDrSubmitDecodeUnit: frame=4760 frameType=0 fullLength=16120
12-08 12:13:49.550 D/MoonBridge( 5321): bridgeDrSubmitDecodeUnit: frame=4760 frameType=0 len=16120 type=0
12-08 12:13:49.569 I/MoonBridge( 5321): BridgeDrSubmitDecodeUnit: frame=4761 frameType=0 fullLength=56440
12-08 12:13:49.569 D/MoonBridge( 5321): bridgeDrSubmitDecodeUnit: frame=4761 frameType=0 len=56440 type=0
12-08 12:13:49.577 I/Tracking( 1772): CONSTELLATION_Right: [Throttled count=90] P+C Right: Applying Consistent Zero Velocity Update during slow motion.
12-08 12:13:49.583 I/MoonBridge( 5321): BridgeDrSubmitDecodeUnit: frame=4762 frameType=0 fullLength=17128
12-08 12:13:49.583 D/MoonBridge( 5321): bridgeDrSubmitDecodeUnit: frame=4762 frameType=0 len=17128 type=0
12-08 12:13:49.600 I/MoonBridge( 5321): BridgeDrSubmitDecodeUnit: frame=4763 frameType=0 fullLength=15112
12-08 12:13:49.600 D/MoonBridge( 5321): bridgeDrSubmitDecodeUnit: frame=4763 frameType=0 len=15112 type=0
12-08 12:13:49.616 I/MoonBridge( 5321): BridgeDrSubmitDecodeUnit: frame=4764 frameType=0 fullLength=18136
12-08 12:13:49.616 D/MoonBridge( 5321): bridgeDrSubmitDecodeUnit: frame=4764 frameType=0 len=18136 type=0
12-08 12:13:49.636 I/MoonBridge( 5321): BridgeDrSubmitDecodeUnit: frame=4765 frameType=0 fullLength=56440
12-08 12:13:49.636 D/MoonBridge( 5321): bridgeDrSubmitDecodeUnit: frame=4765 frameType=0 len=56440 type=0
12-08 12:13:49.637 I/QC2PerfCtrl(  860): isNewSession:0 isActiveEncodeSession:0 isUHDSession: 0 totalFPS:61.500000, totalSession:1,
12-08 12:13:49.638 E/perfservice(  864): End applying 'END_HINT' from hint 'VIDEO' - Failed after 5 retries - Latency: 0.654ms
12-08 12:13:49.638 E/perfservice(  864):   >> Failed final validation: /sys/block/dm-0/queue/read_ahead_kb=512
12-08 12:13:49.638 E/perfservice(  864):   >> Failed final validation: /sys/block/dm-1/queue/read_ahead_kb=512
12-08 12:13:49.638 E/perfservice(  864): End applying 'START_HINT' from hint 'VIDEO' - Failed after 5 retries - Latency: 0.672ms
12-08 12:13:49.638 E/perfservice(  864):   >> Failed final validation: /sys/block/dm-0/queue/read_ahead_kb=512
12-08 12:13:49.638 E/perfservice(  864):   >> Failed final validation: /sys/block/dm-1/queue/read_ahead_kb=512
12-08 12:13:49.650 I/MoonBridge( 5321): BridgeDrSubmitDecodeUnit: frame=4766 frameType=0 fullLength=17128
12-08 12:13:49.650 D/MoonBridge( 5321): bridgeDrSubmitDecodeUnit: frame=4766 frameType=0 len=17128 type=0
12-08 12:13:49.650 I/QC2PerfCtrl(  860): isNewSession:0 isActiveEncodeSession:0 isUHDSession: 0 totalFPS:75.923080, totalSession:1,
12-08 12:13:49.651 E/perfservice(  864): End applying 'END_HINT' from hint 'VIDEO' - Failed after 5 retries - Latency: 0.724ms
12-08 12:13:49.651 E/perfservice(  864):   >> Failed final validation: /sys/block/dm-0/queue/read_ahead_kb=512
12-08 12:13:49.651 E/perfservice(  864):   >> Failed final validation: /sys/block/dm-1/queue/read_ahead_kb=512
12-08 12:13:49.652 E/perfservice(  864): End applying 'START_HINT' from hint 'VIDEO' - Failed after 5 retries - Latency: 0.949ms
12-08 12:13:49.652 E/perfservice(  864):   >> Failed final validation: /sys/block/dm-0/queue/read_ahead_kb=512
12-08 12:13:49.652 E/perfservice(  864):   >> Failed final validation: /sys/block/dm-1/queue/read_ahead_kb=512
12-08 12:13:49.667 I/MoonBridge( 5321): BridgeDrSubmitDecodeUnit: frame=4767 frameType=0 fullLength=17128
12-08 12:13:49.667 D/MoonBridge( 5321): bridgeDrSubmitDecodeUnit: frame=4767 frameType=0 len=17128 type=0
12-08 12:13:49.683 I/MoonBridge( 5321): BridgeDrSubmitDecodeUnit: frame=4768 frameType=0 fullLength=17128
12-08 12:13:49.684 D/MoonBridge( 5321): bridgeDrSubmitDecodeUnit: frame=4768 frameType=0 len=17128 type=0
12-08 12:13:49.685 I/memflow ( 2720): memflow: Event triggered: Ok(())
12-08 12:13:49.686 I/TREX    ( 5321): Interface 'SpatialPersistence', version 35 was not found. Check debug build for more information.
12-08 12:13:49.702 I/MoonBridge( 5321): BridgeDrSubmitDecodeUnit: frame=4769 frameType=0 fullLength=55432
12-08 12:13:49.703 D/MoonBridge( 5321): bridgeDrSubmitDecodeUnit: frame=4769 frameType=0 len=55432 type=0
12-08 12:13:49.703 I/QC2PerfCtrl(  860): isNewSession:0 isActiveEncodeSession:0 isUHDSession: 0 totalFPS:57.823528, totalSession:1,
12-08 12:13:49.704 E/perfservice(  864): End applying 'END_HINT' from hint 'VIDEO' - Failed after 5 retries - Latency: 0.574ms
12-08 12:13:49.704 E/perfservice(  864):   >> Failed final validation: /sys/block/dm-0/queue/read_ahead_kb=512
12-08 12:13:49.704 E/perfservice(  864):   >> Failed final validation: /sys/block/dm-1/queue/read_ahead_kb=512
12-08 12:13:49.704 E/perfservice(  864): End applying 'START_HINT' from hint 'VIDEO' - Failed after 5 retries - Latency: 0.537ms
12-08 12:13:49.704 E/perfservice(  864):   >> Failed final validation: /sys/block/dm-0/queue/read_ahead_kb=512
12-08 12:13:49.704 E/perfservice(  864):   >> Failed final validation: /sys/block/dm-1/queue/read_ahead_kb=512
12-08 12:13:49.716 E/libsensortelemetry(  873): imu samples delayed: 5083176ns capture to arrival (ERS limit: 3500000ns)
12-08 12:13:49.717 I/MRSS    ( 1574): MIXEDREALITY: EnvironmentDepthMetacapability: processTelemetry client com.oculus.vrshell state true aggregated 0
12-08 12:13:49.718 I/MoonBridge( 5321): BridgeDrSubmitDecodeUnit: frame=4770 frameType=0 fullLength=19144
12-08 12:13:49.718 D/MoonBridge( 5321): bridgeDrSubmitDecodeUnit: frame=4770 frameType=0 len=19144 type=0
12-08 12:13:49.718 I/QC2PerfCtrl(  860): isNewSession:0 isActiveEncodeSession:0 isUHDSession: 0 totalFPS:65.666664, totalSession:1,
12-08 12:13:49.719 E/perfservice(  864): End applying 'END_HINT' from hint 'VIDEO' - Failed after 5 retries - Latency: 0.537ms
12-08 12:13:49.719 E/perfservice(  864):   >> Failed final validation: /sys/block/dm-0/queue/read_ahead_kb=512
12-08 12:13:49.719 E/perfservice(  864):   >> Failed final validation: /sys/block/dm-1/queue/read_ahead_kb=512
12-08 12:13:49.720 E/perfservice(  864): End applying 'START_HINT' from hint 'VIDEO' - Failed after 5 retries - Latency: 0.525ms
12-08 12:13:49.720 E/perfservice(  864):   >> Failed final validation: /sys/block/dm-0/queue/read_ahead_kb=512
12-08 12:13:49.720 E/perfservice(  864):   >> Failed final validation: /sys/block/dm-1/queue/read_ahead_kb=512
12-08 12:13:49.734 I/MoonBridge( 5321): BridgeDrSubmitDecodeUnit: frame=4771 frameType=0 fullLength=18136
12-08 12:13:49.734 D/MoonBridge( 5321): bridgeDrSubmitDecodeUnit: frame=4771 frameType=0 len=18136 type=0
12-08 12:13:49.751 I/MoonBridge( 5321): BridgeDrSubmitDecodeUnit: frame=4772 frameType=0 fullLength=18136
12-08 12:13:49.751 D/MoonBridge( 5321): bridgeDrSubmitDecodeUnit: frame=4772 frameType=0 len=18136 type=0
12-08 12:13:49.769 I/MoonBridge( 5321): BridgeDrSubmitDecodeUnit: frame=4773 frameType=0 fullLength=45352
12-08 12:13:49.769 D/MoonBridge( 5321): bridgeDrSubmitDecodeUnit: frame=4773 frameType=0 len=45352 type=0
12-08 12:13:49.769 I/QC2PerfCtrl(  860): isNewSession:0 isActiveEncodeSession:0 isUHDSession: 0 totalFPS:57.823528, totalSession:1,
12-08 12:13:49.770 E/perfservice(  864): End applying 'END_HINT' from hint 'VIDEO' - Failed after 5 retries - Latency: 0.582ms
12-08 12:13:49.771 E/perfservice(  864):   >> Failed final validation: /sys/block/dm-0/queue/read_ahead_kb=512
12-08 12:13:49.771 E/perfservice(  864):   >> Failed final validation: /sys/block/dm-1/queue/read_ahead_kb=512
12-08 12:13:49.771 E/perfservice(  864): End applying 'START_HINT' from hint 'VIDEO' - Failed after 5 retries - Latency: 0.591ms
12-08 12:13:49.771 E/perfservice(  864):   >> Failed final validation: /sys/block/dm-0/queue/read_ahead_kb=512
12-08 12:13:49.771 E/perfservice(  864):   >> Failed final validation: /sys/block/dm-1/queue/read_ahead_kb=512
12-08 12:13:49.783 I/MoonBridge( 5321): BridgeDrSubmitDecodeUnit: frame=4774 frameType=0 fullLength=21160
12-08 12:13:49.783 D/MoonBridge( 5321): bridgeDrSubmitDecodeUnit: frame=4774 frameType=0 len=21160 type=0
12-08 12:13:49.784 I/QC2PerfCtrl(  860): isNewSession:0 isActiveEncodeSession:0 isUHDSession: 0 totalFPS:65.666664, totalSession:1,
12-08 12:13:49.785 E/perfservice(  864): End applying 'END_HINT' from hint 'VIDEO' - Failed after 5 retries - Latency: 0.661ms
12-08 12:13:49.785 E/perfservice(  864):   >> Failed final validation: /sys/block/dm-0/queue/read_ahead_kb=512
12-08 12:13:49.785 E/perfservice(  864):   >> Failed final validation: /sys/block/dm-1/queue/read_ahead_kb=512
12-08 12:13:49.786 E/perfservice(  864): End applying 'START_HINT' from hint 'VIDEO' - Failed after 5 retries - Latency: 0.889ms
12-08 12:13:49.786 E/perfservice(  864):   >> Failed final validation: /sys/block/dm-0/queue/read_ahead_kb=512
12-08 12:13:49.786 E/perfservice(  864):   >> Failed final validation: /sys/block/dm-1/queue/read_ahead_kb=512
12-08 12:13:49.796 E/libsensortelemetry( 1772): imu_iot samples delayed: 5192186ns capture to arrival (ERS limit: 3500000ns)
12-08 12:13:49.801 I/MoonBridge( 5321): BridgeDrSubmitDecodeUnit: frame=4775 frameType=0 fullLength=21160
12-08 12:13:49.801 D/MoonBridge( 5321): bridgeDrSubmitDecodeUnit: frame=4775 frameType=0 len=21160 type=0
12-08 12:13:49.818 I/MoonBridge( 5321): BridgeDrSubmitDecodeUnit: frame=4776 frameType=0 fullLength=21160
12-08 12:13:49.818 D/MoonBridge( 5321): bridgeDrSubmitDecodeUnit: frame=4776 frameType=0 len=21160 type=0
12-08 12:13:49.826 I/GraphicsGovernor( 3567): Dynamic Foveation Lvl 3, Min Foveation Lvl 3, DynRes Enabled 0, DynRes Scaler 1.000000
12-08 12:13:49.836 I/MoonBridge( 5321): BridgeDrSubmitDecodeUnit: frame=4777 frameType=0 fullLength=54424
12-08 12:13:49.836 D/MoonBridge( 5321): bridgeDrSubmitDecodeUnit: frame=4777 frameType=0 len=54424 type=0
12-08 12:13:49.836 I/QC2PerfCtrl(  860): isNewSession:0 isActiveEncodeSession:0 isUHDSession: 0 totalFPS:57.823528, totalSession:1,
12-08 12:13:49.838 E/perfservice(  864): End applying 'END_HINT' from hint 'VIDEO' - Failed after 5 retries - Latency: 0.623ms
12-08 12:13:49.838 E/perfservice(  864):   >> Failed final validation: /sys/block/dm-0/queue/read_ahead_kb=512
12-08 12:13:49.838 E/perfservice(  864):   >> Failed final validation: /sys/block/dm-1/queue/read_ahead_kb=512
12-08 12:13:49.838 E/perfservice(  864): End applying 'START_HINT' from hint 'VIDEO' - Failed after 5 retries - Latency: 0.623ms
12-08 12:13:49.838 E/perfservice(  864):   >> Failed final validation: /sys/block/dm-0/queue/read_ahead_kb=512
12-08 12:13:49.838 E/perfservice(  864):   >> Failed final validation: /sys/block/dm-1/queue/read_ahead_kb=512
12-08 12:13:49.850 I/MoonBridge( 5321): BridgeDrSubmitDecodeUnit: frame=4778 frameType=0 fullLength=19144
12-08 12:13:49.850 D/MoonBridge( 5321): bridgeDrSubmitDecodeUnit: frame=4778 frameType=0 len=19144 type=0
12-08 12:13:49.850 I/QC2PerfCtrl(  860): isNewSession:0 isActiveEncodeSession:0 isUHDSession: 0 totalFPS:65.666664, totalSession:1,
12-08 12:13:49.852 E/perfservice(  864): End applying 'END_HINT' from hint 'VIDEO' - Failed after 5 retries - Latency: 0.583ms
12-08 12:13:49.852 E/perfservice(  864):   >> Failed final validation: /sys/block/dm-0/queue/read_ahead_kb=512
12-08 12:13:49.852 E/perfservice(  864):   >> Failed final validation: /sys/block/dm-1/queue/read_ahead_kb=512
12-08 12:13:49.852 E/perfservice(  864): End applying 'START_HINT' from hint 'VIDEO' - Failed after 5 retries - Latency: 0.611ms
12-08 12:13:49.852 E/perfservice(  864):   >> Failed final validation: /sys/block/dm-0/queue/read_ahead_kb=512
12-08 12:13:49.852 E/perfservice(  864):   >> Failed final validation: /sys/block/dm-1/queue/read_ahead_kb=512
12-08 12:13:49.867 I/MoonBridge( 5321): BridgeDrSubmitDecodeUnit: frame=4779 frameType=0 fullLength=18136
12-08 12:13:49.867 D/MoonBridge( 5321): bridgeDrSubmitDecodeUnit: frame=4779 frameType=0 len=18136 type=0
12-08 12:13:49.883 I/MoonBridge( 5321): BridgeDrSubmitDecodeUnit: frame=4780 frameType=0 fullLength=19144
12-08 12:13:49.883 D/MoonBridge( 5321): bridgeDrSubmitDecodeUnit: frame=4780 frameType=0 len=19144 type=0
12-08 12:13:49.902 I/MoonBridge( 5321): BridgeDrSubmitDecodeUnit: frame=4781 frameType=0 fullLength=56440
12-08 12:13:49.902 D/MoonBridge( 5321): bridgeDrSubmitDecodeUnit: frame=4781 frameType=0 len=56440 type=0
12-08 12:13:49.918 I/MoonBridge( 5321): BridgeDrSubmitDecodeUnit: frame=4782 frameType=0 fullLength=18136
12-08 12:13:49.918 D/MoonBridge( 5321): bridgeDrSubmitDecodeUnit: frame=4782 frameType=0 len=18136 type=0
12-08 12:13:49.931 I/libcamerahal(  873): [INSIGHTS][2.02s] recv/ret/req heartbeat: cam4: 121/121/121, cam5: 121/121/121
12-08 12:13:49.934 I/MoonBridge( 5321): BridgeDrSubmitDecodeUnit: frame=4783 frameType=0 fullLength=18136
12-08 12:13:49.934 D/MoonBridge( 5321): bridgeDrSubmitDecodeUnit: frame=4783 frameType=0 len=18136 type=0
12-08 12:13:49.950 I/MoonBridge( 5321): BridgeDrSubmitDecodeUnit: frame=4784 frameType=0 fullLength=18136
12-08 12:13:49.950 D/MoonBridge( 5321): bridgeDrSubmitDecodeUnit: frame=4784 frameType=0 len=18136 type=0
12-08 12:13:49.970 I/MoonBridge( 5321): BridgeDrSubmitDecodeUnit: frame=4785 frameType=0 fullLength=55432
12-08 12:13:49.970 D/MoonBridge( 5321): bridgeDrSubmitDecodeUnit: frame=4785 frameType=0 len=55432 type=0
12-08 12:13:49.984 I/MoonBridge( 5321): BridgeDrSubmitDecodeUnit: frame=4786 frameType=0 fullLength=17128
12-08 12:13:49.985 D/MoonBridge( 5321): bridgeDrSubmitDecodeUnit: frame=4786 frameType=0 len=17128 type=0
12-08 12:13:49.999 I/MoonBridge( 5321): BridgeDrSubmitDecodeUnit: frame=4787 frameType=0 fullLength=18136
12-08 12:13:50.000 D/MoonBridge( 5321): bridgeDrSubmitDecodeUnit: frame=4787 frameType=0 len=18136 type=0
12-08 12:13:50.016 I/MoonBridge( 5321): BridgeDrSubmitDecodeUnit: frame=4788 frameType=0 fullLength=21160
12-08 12:13:50.016 D/MoonBridge( 5321): bridgeDrSubmitDecodeUnit: frame=4788 frameType=0 len=21160 type=0
12-08 12:13:50.035 I/MoonBridge( 5321): BridgeDrSubmitDecodeUnit: frame=4789 frameType=0 fullLength=49384
12-08 12:13:50.035 D/MoonBridge( 5321): bridgeDrSubmitDecodeUnit: frame=4789 frameType=0 len=49384 type=0
12-08 12:13:50.051 I/MoonBridge( 5321): BridgeDrSubmitDecodeUnit: frame=4790 frameType=0 fullLength=21160
12-08 12:13:50.051 D/MoonBridge( 5321): bridgeDrSubmitDecodeUnit: frame=4790 frameType=0 len=21160 type=0
12-08 12:13:50.056 I/JniUtils-inl( 5321): Creating temporary JNIEnv. This is a heavy operation and should be infrequent. To optimize, use JNI AttachCurrentThread on calling thread
12-08 12:13:50.067 I/MoonBridge( 5321): BridgeDrSubmitDecodeUnit: frame=4791 frameType=0 fullLength=20152
12-08 12:13:50.067 D/MoonBridge( 5321): bridgeDrSubmitDecodeUnit: frame=4791 frameType=0 len=20152 type=0
12-08 12:13:50.085 I/MoonBridge( 5321): BridgeDrSubmitDecodeUnit: frame=4792 frameType=0 fullLength=20152
12-08 12:13:50.085 D/MoonBridge( 5321): bridgeDrSubmitDecodeUnit: frame=4792 frameType=0 len=20152 type=0
12-08 12:13:50.103 I/MoonBridge( 5321): BridgeDrSubmitDecodeUnit: frame=4793 frameType=0 fullLength=53416
12-08 12:13:50.103 D/MoonBridge( 5321): bridgeDrSubmitDecodeUnit: frame=4793 frameType=0 len=53416 type=0
12-08 12:13:50.118 I/MoonBridge( 5321): BridgeDrSubmitDecodeUnit: frame=4794 frameType=0 fullLength=21160
12-08 12:13:50.119 D/MoonBridge( 5321): bridgeDrSubmitDecodeUnit: frame=4794 frameType=0 len=21160 type=0
12-08 12:13:50.134 I/MoonBridge( 5321): BridgeDrSubmitDecodeUnit: frame=4795 frameType=0 fullLength=20152
12-08 12:13:50.134 D/MoonBridge( 5321): bridgeDrSubmitDecodeUnit: frame=4795 frameType=0 len=20152 type=0
12-08 12:13:50.140 I/VD628x  (  871): Flicker results: freq 581.121826, max 581.121826, dcr 61.483479, pct 0.000337, idx 0.000321, conf 0.024949, snr -15.486976, svm 0.000641, sus 2
12-08 12:13:50.151 I/MoonBridge( 5321): BridgeDrSubmitDecodeUnit: frame=4796 frameType=0 fullLength=20152
12-08 12:13:50.151 D/MoonBridge( 5321): bridgeDrSubmitDecodeUnit: frame=4796 frameType=0 len=20152 type=0
12-08 12:13:50.169 I/MoonBridge( 5321): BridgeDrSubmitDecodeUnit: frame=4797 frameType=0 fullLength=59464
12-08 12:13:50.169 D/MoonBridge( 5321): bridgeDrSubmitDecodeUnit: frame=4797 frameType=0 len=59464 type=0
12-08 12:13:50.185 I/MoonBridge( 5321): BridgeDrSubmitDecodeUnit: frame=4798 frameType=0 fullLength=26200
12-08 12:13:50.185 D/MoonBridge( 5321): bridgeDrSubmitDecodeUnit: frame=4798 frameType=0 len=26200 type=0
12-08 12:13:50.200 I/MoonBridge( 5321): BridgeDrSubmitDecodeUnit: frame=4799 frameType=0 fullLength=15112
12-08 12:13:50.200 D/MoonBridge( 5321): bridgeDrSubmitDecodeUnit: frame=4799 frameType=0 len=15112 type=0
12-08 12:13:50.218 I/MoonBridge( 5321): BridgeDrSubmitDecodeUnit: frame=4800 frameType=0 fullLength=18136
12-08 12:13:50.218 D/MoonBridge( 5321): bridgeDrSubmitDecodeUnit: frame=4800 frameType=0 len=18136 type=0
12-08 12:13:50.235 I/MoonBridge( 5321): BridgeDrSubmitDecodeUnit: frame=4801 frameType=0 fullLength=56440
12-08 12:13:50.236 D/MoonBridge( 5321): bridgeDrSubmitDecodeUnit: frame=4801 frameType=0 len=56440 type=0
12-08 12:13:50.242 I/VrApi   ( 5321): FPS=91/90,Prd=21ms,Tear=0,Early=0,Stale=0,Stale2/5/10/max=0/0/0/0,VSnc=1,Lat=-1,Fov=3,CPU4/GPU=3/2,1651/456MHz,OC=3F,TA=0/0/0,SP=N/N/N,Mem=2736MHz,Free=3749MB,PLS=0,Temp=35.0C/0.0C,TW=2.10ms,App=0.94ms,GD=0.00ms,CPU&GPU=2.35ms,LCnt=3(DR90,LM3),GPU%=0.30,CPU%=0.31(W0.34),CFL=12.10/15.91,ICFLp95=14.70,LD=0,SF=1.00,LP=1,DVFS=0
12-08 12:13:50.253 I/MoonBridge( 5321): BridgeDrSubmitDecodeUnit: frame=4802 frameType=0 fullLength=19144
12-08 12:13:50.253 D/MoonBridge( 5321): bridgeDrSubmitDecodeUnit: frame=4802 frameType=0 len=19144 type=0
12-08 12:13:50.254 I/QC2PerfCtrl(  860): isNewSession:0 isActiveEncodeSession:0 isUHDSession: 0 totalFPS:57.823528, totalSession:1,
12-08 12:13:50.255 E/perfservice(  864): End applying 'END_HINT' from hint 'VIDEO' - Failed after 5 retries - Latency: 0.697ms
12-08 12:13:50.255 E/perfservice(  864):   >> Failed final validation: /sys/block/dm-0/queue/read_ahead_kb=512
12-08 12:13:50.255 E/perfservice(  864):   >> Failed final validation: /sys/block/dm-1/queue/read_ahead_kb=512
12-08 12:13:50.255 E/perfservice(  864): End applying 'START_HINT' from hint 'VIDEO' - Failed after 5 retries - Latency: 0.574ms
12-08 12:13:50.255 E/perfservice(  864):   >> Failed final validation: /sys/block/dm-0/queue/read_ahead_kb=512
12-08 12:13:50.255 E/perfservice(  864):   >> Failed final validation: /sys/block/dm-1/queue/read_ahead_kb=512
12-08 12:13:50.269 I/MoonBridge( 5321): BridgeDrSubmitDecodeUnit: frame=4803 frameType=0 fullLength=15112
12-08 12:13:50.270 D/MoonBridge( 5321): bridgeDrSubmitDecodeUnit: frame=4803 frameType=0 len=15112 type=0
12-08 12:13:50.273 I/Tracking( 1772): CONSTELLATION:IMU_STATUS: 0x402c25cbf028a4e8 (R): [#Samples=2476] 10498.982s | [FusionTracked=1.000, OutputTracked=1.000, OutputValid=1.000] [AccelSat=0.000, GyroSat=0.000] [AccelMinMeanMax: X=5.970|6.129|6.334, Y=4.464|4.590|4.772, Z=-5.954|-5.761|-5.623] [GyroMinMeanMax: X=0.023|0.031|0.040, Y=-0.017|-0.011|0.002, Z=0.002|0.010|0.032] [AccelStuck: X=0|0.000, Y=0|0.000, Z=0|0.000] [GyroStuck: X=0|0.000, Y=0|0.000, Z=0|0.000]  [Current time=10498.982s, last log time=10493.981s]
12-08 12:13:50.288 I/MoonBridge( 5321): BridgeDrSubmitDecodeUnit: frame=4804 frameType=0 fullLength=18136
12-08 12:13:50.289 D/MoonBridge( 5321): bridgeDrSubmitDecodeUnit: frame=4804 frameType=0 len=18136 type=0
12-08 12:13:50.307 I/MoonBridge( 5321): BridgeDrSubmitDecodeUnit: frame=4805 frameType=0 fullLength=49384
12-08 12:13:50.307 D/MoonBridge( 5321): bridgeDrSubmitDecodeUnit: frame=4805 frameType=0 len=49384 type=0
12-08 12:13:50.322 I/MoonBridge( 5321): BridgeDrSubmitDecodeUnit: frame=4806 frameType=0 fullLength=19144
12-08 12:13:50.323 D/MoonBridge( 5321): bridgeDrSubmitDecodeUnit: frame=4806 frameType=0 len=19144 type=0
12-08 12:13:50.339 I/MoonBridge( 5321): BridgeDrSubmitDecodeUnit: frame=4807 frameType=0 fullLength=18136
12-08 12:13:50.339 D/MoonBridge( 5321): bridgeDrSubmitDecodeUnit: frame=4807 frameType=0 len=18136 type=0
12-08 12:13:50.356 I/MoonBridge( 5321): BridgeDrSubmitDecodeUnit: frame=4808 frameType=0 fullLength=20152
12-08 12:13:50.356 D/MoonBridge( 5321): bridgeDrSubmitDecodeUnit: frame=4808 frameType=0 len=20152 type=0
12-08 12:13:50.373 I/MoonBridge( 5321): BridgeDrSubmitDecodeUnit: frame=4809 frameType=0 fullLength=48376
12-08 12:13:50.373 D/MoonBridge( 5321): bridgeDrSubmitDecodeUnit: frame=4809 frameType=0 len=48376 type=0
12-08 12:13:50.389 I/MoonBridge( 5321): BridgeDrSubmitDecodeUnit: frame=4810 frameType=0 fullLength=21160
12-08 12:13:50.389 D/MoonBridge( 5321): bridgeDrSubmitDecodeUnit: frame=4810 frameType=0 len=21160 type=0
12-08 12:13:50.407 I/MoonBridge( 5321): BridgeDrSubmitDecodeUnit: frame=4811 frameType=0 fullLength=20152
12-08 12:13:50.407 D/MoonBridge( 5321): bridgeDrSubmitDecodeUnit: frame=4811 frameType=0 len=20152 type=0
12-08 12:13:50.417 I/[CT]    ( 3567): MIXEDREALITY: PassthroughApiManager: GetUpdatedLayerState: (every 2 seconds) PT is: ON numLayers: 1
12-08 12:13:50.422 I/MoonBridge( 5321): BridgeDrSubmitDecodeUnit: frame=4812 frameType=0 fullLength=20152
12-08 12:13:50.422 D/MoonBridge( 5321): bridgeDrSubmitDecodeUnit: frame=4812 frameType=0 len=20152 type=0
12-08 12:13:50.443 I/MoonBridge( 5321): BridgeDrSubmitDecodeUnit: frame=4813 frameType=0 fullLength=59464
12-08 12:13:50.443 D/MoonBridge( 5321): bridgeDrSubmitDecodeUnit: frame=4813 frameType=0 len=59464 type=0
12-08 12:13:50.455 I/MoonBridge( 5321): BridgeDrSubmitDecodeUnit: frame=4814 frameType=0 fullLength=23176
12-08 12:13:50.455 D/MoonBridge( 5321): bridgeDrSubmitDecodeUnit: frame=4814 frameType=0 len=23176 type=0
12-08 12:13:50.456 I/QC2PerfCtrl(  860): isNewSession:0 isActiveEncodeSession:0 isUHDSession: 0 totalFPS:82.333336, totalSession:1,
12-08 12:13:50.457 E/perfservice(  864): End applying 'END_HINT' from hint 'VIDEO' - Failed after 5 retries - Latency: 0.678ms
12-08 12:13:50.457 E/perfservice(  864):   >> Failed final validation: /sys/block/dm-0/queue/read_ahead_kb=512
12-08 12:13:50.457 E/perfservice(  864):   >> Failed final validation: /sys/block/dm-1/queue/read_ahead_kb=512
12-08 12:13:50.457 E/perfservice(  864): End applying 'START_HINT' from hint 'VIDEO' - Failed after 5 retries - Latency: 0.644ms
12-08 12:13:50.457 E/perfservice(  864):   >> Failed final validation: /sys/block/dm-0/queue/read_ahead_kb=512
12-08 12:13:50.457 E/perfservice(  864):   >> Failed final validation: /sys/block/dm-1/queue/read_ahead_kb=512
12-08 12:13:50.472 I/MoonBridge( 5321): BridgeDrSubmitDecodeUnit: frame=4815 frameType=0 fullLength=17128
12-08 12:13:50.472 D/MoonBridge( 5321): bridgeDrSubmitDecodeUnit: frame=4815 frameType=0 len=17128 type=0
12-08 12:13:50.489 I/MoonBridge( 5321): BridgeDrSubmitDecodeUnit: frame=4816 frameType=0 fullLength=18136
12-08 12:13:50.489 D/MoonBridge( 5321): bridgeDrSubmitDecodeUnit: frame=4816 frameType=0 len=18136 type=0
12-08 12:13:50.508 I/MoonBridge( 5321): BridgeDrSubmitDecodeUnit: frame=4817 frameType=0 fullLength=57448
12-08 12:13:50.508 D/MoonBridge( 5321): bridgeDrSubmitDecodeUnit: frame=4817 frameType=0 len=57448 type=0
12-08 12:13:50.509 I/QC2PerfCtrl(  860): isNewSession:0 isActiveEncodeSession:0 isUHDSession: 0 totalFPS:61.500000, totalSession:1,
12-08 12:13:50.510 E/perfservice(  864): End applying 'END_HINT' from hint 'VIDEO' - Failed after 5 retries - Latency: 0.537ms
12-08 12:13:50.510 E/perfservice(  864):   >> Failed final validation: /sys/block/dm-0/queue/read_ahead_kb=512
12-08 12:13:50.510 E/perfservice(  864):   >> Failed final validation: /sys/block/dm-1/queue/read_ahead_kb=512
12-08 12:13:50.510 E/perfservice(  864): End applying 'START_HINT' from hint 'VIDEO' - Failed after 5 retries - Latency: 0.599ms
12-08 12:13:50.510 E/perfservice(  864):   >> Failed final validation: /sys/block/dm-0/queue/read_ahead_kb=512
12-08 12:13:50.510 E/perfservice(  864):   >> Failed final validation: /sys/block/dm-1/queue/read_ahead_kb=512
12-08 12:13:50.522 I/MoonBridge( 5321): BridgeDrSubmitDecodeUnit: frame=4818 frameType=0 fullLength=19144
12-08 12:13:50.523 D/MoonBridge( 5321): bridgeDrSubmitDecodeUnit: frame=4818 frameType=0 len=19144 type=0
12-08 12:13:50.523 I/QC2PerfCtrl(  860): isNewSession:0 isActiveEncodeSession:0 isUHDSession: 0 totalFPS:70.428574, totalSession:1,
12-08 12:13:50.524 E/perfservice(  864): End applying 'END_HINT' from hint 'VIDEO' - Failed after 5 retries - Latency: 0.584ms
12-08 12:13:50.524 E/perfservice(  864):   >> Failed final validation: /sys/block/dm-0/queue/read_ahead_kb=512
12-08 12:13:50.524 E/perfservice(  864):   >> Failed final validation: /sys/block/dm-1/queue/read_ahead_kb=512
12-08 12:13:50.524 E/perfservice(  864): End applying 'START_HINT' from hint 'VIDEO' - Failed after 5 retries - Latency: 0.470ms
12-08 12:13:50.524 E/perfservice(  864):   >> Failed final validation: /sys/block/dm-0/queue/read_ahead_kb=512
12-08 12:13:50.524 E/perfservice(  864):   >> Failed final validation: /sys/block/dm-1/queue/read_ahead_kb=512
12-08 12:13:50.539 I/MoonBridge( 5321): BridgeDrSubmitDecodeUnit: frame=4819 frameType=0 fullLength=16120
12-08 12:13:50.539 D/MoonBridge( 5321): bridgeDrSubmitDecodeUnit: frame=4819 frameType=0 len=16120 type=0
12-08 12:13:50.556 I/MoonBridge( 5321): BridgeDrSubmitDecodeUnit: frame=4820 frameType=0 fullLength=18136
12-08 12:13:50.556 D/MoonBridge( 5321): bridgeDrSubmitDecodeUnit: frame=4820 frameType=0 len=18136 type=0
12-08 12:13:50.574 I/MoonBridge( 5321): BridgeDrSubmitDecodeUnit: frame=4821 frameType=0 fullLength=45352
12-08 12:13:50.574 D/MoonBridge( 5321): bridgeDrSubmitDecodeUnit: frame=4821 frameType=0 len=45352 type=0
12-08 12:13:50.575 I/QC2PerfCtrl(  860): isNewSession:0 isActiveEncodeSession:0 isUHDSession: 0 totalFPS:61.500000, totalSession:1,
12-08 12:13:50.576 E/perfservice(  864): End applying 'END_HINT' from hint 'VIDEO' - Failed after 5 retries - Latency: 0.900ms
12-08 12:13:50.576 E/perfservice(  864):   >> Failed final validation: /sys/block/dm-0/queue/read_ahead_kb=512
12-08 12:13:50.576 E/perfservice(  864):   >> Failed final validation: /sys/block/dm-1/queue/read_ahead_kb=512
12-08 12:13:50.576 E/perfservice(  864): End applying 'START_HINT' from hint 'VIDEO' - Failed after 5 retries - Latency: 0.792ms
12-08 12:13:50.577 E/perfservice(  864):   >> Failed final validation: /sys/block/dm-0/queue/read_ahead_kb=512
12-08 12:13:50.577 E/perfservice(  864):   >> Failed final validation: /sys/block/dm-1/queue/read_ahead_kb=512
12-08 12:13:50.588 I/MoonBridge( 5321): BridgeDrSubmitDecodeUnit: frame=4822 frameType=0 fullLength=19144
12-08 12:13:50.589 D/MoonBridge( 5321): bridgeDrSubmitDecodeUnit: frame=4822 frameType=0 len=19144 type=0
12-08 12:13:50.589 I/QC2PerfCtrl(  860): isNewSession:0 isActiveEncodeSession:0 isUHDSession: 0 totalFPS:70.428574, totalSession:1,
12-08 12:13:50.592 E/perfservice(  864): End applying 'END_HINT' from hint 'VIDEO' - Failed after 5 retries - Latency: 0.524ms
12-08 12:13:50.592 E/perfservice(  864):   >> Failed final validation: /sys/block/dm-0/queue/read_ahead_kb=512
12-08 12:13:50.592 E/perfservice(  864):   >> Failed final validation: /sys/block/dm-1/queue/read_ahead_kb=512
12-08 12:13:50.592 E/perfservice(  864): End applying 'START_HINT' from hint 'VIDEO' - Failed after 5 retries - Latency: 0.562ms
12-08 12:13:50.592 E/perfservice(  864):   >> Failed final validation: /sys/block/dm-0/queue/read_ahead_kb=512
12-08 12:13:50.592 E/perfservice(  864):   >> Failed final validation: /sys/block/dm-1/queue/read_ahead_kb=512
12-08 12:13:50.607 I/MoonBridge( 5321): BridgeDrSubmitDecodeUnit: frame=4823 frameType=0 fullLength=20152
12-08 12:13:50.607 D/MoonBridge( 5321): bridgeDrSubmitDecodeUnit: frame=4823 frameType=0 len=20152 type=0
12-08 12:13:50.623 I/MoonBridge( 5321): BridgeDrSubmitDecodeUnit: frame=4824 frameType=0 fullLength=21160
12-08 12:13:50.623 D/MoonBridge( 5321): bridgeDrSubmitDecodeUnit: frame=4824 frameType=0 len=21160 type=0
12-08 12:13:50.642 I/MoonBridge( 5321): BridgeDrSubmitDecodeUnit: frame=4825 frameType=0 fullLength=55432
12-08 12:13:50.642 D/MoonBridge( 5321): bridgeDrSubmitDecodeUnit: frame=4825 frameType=0 len=55432 type=0
12-08 12:13:50.643 I/QC2PerfCtrl(  860): isNewSession:0 isActiveEncodeSession:0 isUHDSession: 0 totalFPS:57.823528, totalSession:1,
12-08 12:13:50.644 E/perfservice(  864): End applying 'END_HINT' from hint 'VIDEO' - Failed after 5 retries - Latency: 0.664ms
12-08 12:13:50.644 E/perfservice(  864):   >> Failed final validation: /sys/block/dm-0/queue/read_ahead_kb=512
12-08 12:13:50.644 E/perfservice(  864):   >> Failed final validation: /sys/block/dm-1/queue/read_ahead_kb=512
12-08 12:13:50.644 E/perfservice(  864): End applying 'START_HINT' from hint 'VIDEO' - Failed after 5 retries - Latency: 0.680ms
12-08 12:13:50.644 E/perfservice(  864):   >> Failed final validation: /sys/block/dm-0/queue/read_ahead_kb=512
12-08 12:13:50.644 E/perfservice(  864):   >> Failed final validation: /sys/block/dm-1/queue/read_ahead_kb=512
12-08 12:13:50.657 I/MoonBridge( 5321): BridgeDrSubmitDecodeUnit: frame=4826 frameType=0 fullLength=24184
12-08 12:13:50.658 D/MoonBridge( 5321): bridgeDrSubmitDecodeUnit: frame=4826 frameType=0 len=24184 type=0
12-08 12:13:50.658 I/QC2PerfCtrl(  860): isNewSession:0 isActiveEncodeSession:0 isUHDSession: 0 totalFPS:65.666664, totalSession:1,
12-08 12:13:50.659 E/perfservice(  864): End applying 'END_HINT' from hint 'VIDEO' - Failed after 5 retries - Latency: 0.578ms
12-08 12:13:50.659 E/perfservice(  864):   >> Failed final validation: /sys/block/dm-0/queue/read_ahead_kb=512
12-08 12:13:50.659 E/perfservice(  864):   >> Failed final validation: /sys/block/dm-1/queue/read_ahead_kb=512
12-08 12:13:50.659 E/perfservice(  864): End applying 'START_HINT' from hint 'VIDEO' - Failed after 5 retries - Latency: 0.689ms
12-08 12:13:50.659 E/perfservice(  864):   >> Failed final validation: /sys/block/dm-0/queue/read_ahead_kb=512
12-08 12:13:50.659 E/perfservice(  864):   >> Failed final validation: /sys/block/dm-1/queue/read_ahead_kb=512
12-08 12:13:50.673 I/MoonBridge( 5321): BridgeDrSubmitDecodeUnit: frame=4827 frameType=0 fullLength=17128
12-08 12:13:50.673 D/MoonBridge( 5321): bridgeDrSubmitDecodeUnit: frame=4827 frameType=0 len=17128 type=0
12-08 12:13:50.690 I/MoonBridge( 5321): BridgeDrSubmitDecodeUnit: frame=4828 frameType=0 fullLength=17128
12-08 12:13:50.690 D/MoonBridge( 5321): bridgeDrSubmitDecodeUnit: frame=4828 frameType=0 len=17128 type=0
12-08 12:13:50.700 D/OVRMetricsToolSDK( 5321): ovrMetricsTool_DefineMetrics
12-08 12:13:50.700 W/OVRMetricsSystem( 5321): OVRMetricsTool.defineMetrics failed: [OVRMetric(definition=OVRMetricDefinition(Name=number_of_meshes, DisplayName=Mesh#, Group=DataModel, RangeMin=0, RangeMax=1000, ShowGraph=false, ShowStat=true), getValue=Function0<java.lang.Integer>)]
12-08 12:13:50.708 I/MoonBridge( 5321): BridgeDrSubmitDecodeUnit: frame=4829 frameType=0 fullLength=55432
12-08 12:13:50.708 D/MoonBridge( 5321): bridgeDrSubmitDecodeUnit: frame=4829 frameType=0 len=55432 type=0
12-08 12:13:50.717 I/MRSS    ( 1574): MIXEDREALITY: EnvironmentDepthMetacapability: processTelemetry client com.oculus.vrshell state true aggregated 0
12-08 12:13:50.723 I/MoonBridge( 5321): BridgeDrSubmitDecodeUnit: frame=4830 frameType=0 fullLength=18136
12-08 12:13:50.723 D/MoonBridge( 5321): bridgeDrSubmitDecodeUnit: frame=4830 frameType=0 len=18136 type=0
12-08 12:13:50.739 I/[CT]    ( 3567): MIXEDREALITY: [Insights] PassthroughTelemetry: rendering over 30.0 sec, session 132.0 sec, dropped_draw_rate: 0.0% (0 failed draw calls)
12-08 12:13:50.739 I/[CT]    ( 3567): MIXEDREALITY: [Insights] PassthroughTelemetry: - TTFR completed: --, predicted: -- (skipped mid session)
12-08 12:13:50.739 I/[CT]    ( 3567): MIXEDREALITY: [Insights] PassthroughTelemetry: - TTFR depth rendered: --, computed: -- (skipped mid session)
