12-08 16:15:30.939 I/FrameSetDispatcher(  873): [{WT(0,1):RAW10}] purpose: constellation, slots: 
12-08 16:15:30.939 I/FrameSetDispatcher(  873): [{WT(0,1):RAW10}] purpose: exposure_control_worldTracking, slots: SLOT_0 SLOT_2 SLOT_3 
12-08 16:15:30.939 I/FrameSetDispatcher(  873): [{WT(0,1):RAW10}] purpose: iobt, slots: SLOT_0 SLOT_2 
12-08 16:15:30.939 I/FrameSetDispatcher(  873): [{WT(0,1):RAW10}] purpose: mr_monochrome, slots: SLOT_0 SLOT_2 
12-08 16:15:30.939 I/FrameSetDispatcher(  873): [{WT(0,1):RAW10}] purpose: object, slots: SLOT_3 
12-08 16:15:30.939 I/FrameSetDispatcher(  873): [{WT(0,1):RAW10}] purpose: active_slots, slots: SLOT_0 SLOT_2 SLOT_3 
12-08 16:15:30.939 I/FrameSetDispatcher(  873): [{WT(0,1):RAW10}] purpose: hand, slots: SLOT_0 SLOT_2 
12-08 16:15:30.939 I/FrameSetDispatcher(  873): [{WT(0,1):RAW10}] purpose: iot, slots: SLOT_0 SLOT_2 
12-08 16:15:30.939 I/FrameSetDispatcher(  873): [{WT(0,1):RAW10}] purpose: projector_assisted_depth, slots: 
12-08 16:15:30.939 I/FrameSetDispatcher(  873): [{WT:RAW10}] Client pid=1772 (IOT): [worldTracking] Updated CameraMuxMode: 4, Slots: SLOT_0 SLOT_2 
12-08 16:15:30.939 I/FrameSetDispatcher(  873): [{WT:RAW10}] Client pid=1772 (Cnst): [worldTracking] Updated CameraMuxMode: 4, Slots: 
12-08 16:15:30.939 I/FrameSetDispatcher(  873): [{WT:RAW10}] Client pid=1772 (Cnst): [worldTracking] Updated CameraMuxMode: 4, Slots: 
12-08 16:15:30.939 I/FrameSetDispatcher(  873): [{WT:RAW10}] Client pid=1772 (Obj): [worldTracking] Updated CameraMuxMode: 4, Slots: SLOT_3 
12-08 16:15:30.939 I/FrameSetDispatcher(  873): [{WT:RAW10}] Client pid=1772 (ExpCtl): [worldTracking] Updated CameraMuxMode: 4, Slots: SLOT_0 SLOT_2 SLOT_3 
12-08 16:15:30.939 I/FrameSetDispatcher(  873): [{WT:RAW10}] Latest MuxModeSettings: 4
12-08 16:15:30.939 I/FrameSetDispatcher(  873): [{WT:RAW10}] purpose: ambient_controller, slots: 
12-08 16:15:30.939 I/FrameSetDispatcher(  873): [{WT:RAW10}] purpose: constellation, slots: 
12-08 16:15:30.939 I/FrameSetDispatcher(  873): [{WT:RAW10}] purpose: exposure_control_worldTracking, slots: SLOT_0 SLOT_2 SLOT_3 
12-08 16:15:30.939 I/FrameSetDispatcher(  873): [{WT:RAW10}] purpose: iobt, slots: SLOT_0 SLOT_2 
12-08 16:15:30.939 I/FrameSetDispatcher(  873): [{WT:RAW10}] purpose: mr_monochrome, slots: SLOT_0 SLOT_2 
12-08 16:15:30.939 I/FrameSetDispatcher(  873): [{WT:RAW10}] purpose: object, slots: SLOT_3 
12-08 16:15:30.939 I/FrameSetDispatcher(  873): [{WT:RAW10}] purpose: active_slots, slots: SLOT_0 SLOT_2 SLOT_3 
12-08 16:15:30.939 I/FrameSetDispatcher(  873): [{WT:RAW10}] purpose: hand, slots: SLOT_0 SLOT_2 
12-08 16:15:30.939 I/FrameSetDispatcher(  873): [{WT:RAW10}] purpose: iot, slots: SLOT_0 SLOT_2 
12-08 16:15:30.939 I/FrameSetDispatcher(  873): [{WT:RAW10}] purpose: projector_assisted_depth, slots: 
12-08 16:15:30.939 I/SensorDataTransforms( 1574): [MrStreamControl:projector_assisted_depth] Staging mux mode updates for {worldTracking: ind-4, seqId-174},
12-08 16:15:30.939 I/SensorDataTransforms( 1574): [MrStreamControl:projector_assisted_depth] Mux mode updates successfully staged
12-08 16:15:30.939 E/SyncBossHAL(  873): [error  ] syncboss_hal_impl_camera_v2_metadata.c(380): Failed to match frame for syncbossCamId 16 to recent shutter packet: queue is empty
12-08 16:15:30.939 E/SyncBossHAL(  873): [error  ] syncboss_hal_impl_camera_v2_metadata.c(1401): Failed to match imx471 frame to timestamp packet. cam_id: 16, tag: 3
12-08 16:15:30.939 E/SensorService(  873): SyncbossCameraController::getFrameMetadata(syncbossCamId: 16): rc: -1.
12-08 16:15:30.939 E/SensorService(  873): failed to handle frame metadata for cam 4 streamType 10, dropping frame!
12-08 16:15:30.939 I/SensorDataTransforms( 1772): [iobt:iobt] Staging mux mode updates for {worldTracking: ind-4, seqId-174},
12-08 16:15:30.939 I/SensorDataTransforms( 1772): [iobt:iobt] Mux mode updates successfully staged
12-08 16:15:30.939 D/TrackingService( 1772): [iobt:iobt]Queue mux mode update notification: lowLightHandsObject
12-08 16:15:30.939 D/TrackingService( 1772): [iobt]start onMuxStateUpdate. ModeId: lowLightControllerObject -> lowLightHandsObject
12-08 16:15:30.939 D/TrackingService( 1772): [iobt][iobt]handleMuxModeNotification started for muxMode[worldTracking: lowLightHandsObject]
12-08 16:15:30.939 D/TrackingService( 1772): [iobt][iobt]handleMuxModeNotification finished for muxMode[worldTracking: lowLightHandsObject]
12-08 16:15:30.939 D/TrackingService( 1772): [iobt]end onMuxStateUpdate. ModeId: lowLightControllerObject -> lowLightHandsObject
12-08 16:15:30.939 I/TrackingService( 1772): [                       iobt:iobt] Mux Mode Transition from sensor service: lowLightControllerObject -> lowLightHandsObject transition time: 0 ms
12-08 16:15:30.941 D/CameraStream(  873): [constellation] Client [Cnst(1772)] attempting stop
12-08 16:15:30.941 I/FrameSetDispatcher(  873): [{WT:RAW10}] Client pid=1772 (Cnst): Client thread stopping
12-08 16:15:30.942 I/CameraClientManager(  873): [Cnst(1772)][constellation] client stopped (estimated 0 started clients remaining)
12-08 16:15:30.942 I/CameraClientManager(  873): [[Cnst(1772)][constellation]] definitely stopping stream
12-08 16:15:30.947 I/SyncBossFW(  866): 24999078 [info   ] {NICE}: nice_set_frame_rate called on same period of 16666us
12-08 16:15:30.947 I/SyncBossFW(  866): 24999078 [info   ] {NCM }: No slot with constellation capability found.
12-08 16:15:30.947 I/SyncBossFW(  866): 24999080 [info   ] {NICE}: nice_set_frame_rate called on same period of 16666us
12-08 16:15:30.947 I/SyncBossFW(  866): 24999081 [info   ] {NCM }: No slot with projector capability found.
12-08 16:15:30.949 I/SyncBossFW(  866): 24999081 [info   ] {NCM }: Stopping projector
12-08 16:15:30.950 D/SensorService(  873): Configured syncboss nice config: [{camera_set: 1, num_slots: 4, [ { tag: 64, default_exposure_us: 65535, default_gain: 65535, capabilities: 0, slot_length: 0, }, { tag: 65, default_exposure_us: 5000, default_gain: 48, capabilities: 8, slot_length: 0, }, { tag: 66, default_exposure_us: 65535, default_gain: 65535, capabilities: 0, slot_length: 0, }, { tag: 67, default_exposure_us: 65535, default_gain: 65535, capabilities: 0, slot_length: 0, }, ] shutter_period_us: 16666, }, {camera_set: 2, num_slots: 4, [ { tag: 64, default_exposure_us: 65535, default_gain: 65535, capabilities: 0, slot_length: 0, }, { tag: 65, default_exposure_us: 5000, default_gain: 48, capabilities: 8, slot_length: 0, }, { tag: 66, default_exposure_us: 65535, default_gain: 65535, capabilities: 0, slot_length: 0, }, { tag: 67, default_exposure_us: 65535, default_gain: 65535, capabilities: 0, slot_length: 0, }, ] shutter_period_us: 16666, }, ]
12-08 16:15:30.950 I/SensorService(  873): [worldTracking] Stopping cameras for purpose constellation
12-08 16:15:30.950 D/NiceCameraSystem(  873): CameraSystem stopping cameras for purpose constellation
12-08 16:15:30.950 I/FrameSetCollator(  873): [{WT:RAW10}] Skipping stop, start count: 4
12-08 16:15:30.951 I/SensorService(  873): [worldTracking] Stopping camera streams for purpose: constellation
12-08 16:15:30.951 I/CameraClientManager(  873): [[Cnst(1772)][constellation]] stream stop completed
12-08 16:15:30.951 D/CameraStream(  873): [constellation] Client [Cnst(1772)]: stop complete
12-08 16:15:30.951 I/TrackingFidelityService( 1765): endTransition[worldTracking]: lowLightControllerObject(3)->lowLightHandsObject(4), seqId=174, succeeded=true
12-08 16:15:30.951 I/TrackingFidelityService( 1765): Received hand/controller update: multimodal_hands_and_controllers_enabled
12-08 16:15:30.955 I/libsensortelemetry(  873): Updating camera metrics frame period from 16666 to 13888
12-08 16:15:30.959 D/CameraStream(  873): [ambient_controller] Client [Cnst(1772)] attempting stop
12-08 16:15:30.959 I/FrameSetDispatcher(  873): [{WT:RAW10}] Client pid=1772 (Cnst): Client thread stopping
12-08 16:15:30.959 I/CameraClientManager(  873): [Cnst(1772)][ambient_controller] client stopped (estimated 0 started clients remaining)
12-08 16:15:30.959 I/CameraClientManager(  873): [[Cnst(1772)][ambient_controller]] definitely stopping stream
12-08 16:15:30.959 I/SensorService(  873): [worldTracking] Stopping cameras for purpose ambient_controller
12-08 16:15:30.959 D/NiceCameraSystem(  873): CameraSystem stopping cameras for purpose ambient_controller
12-08 16:15:30.959 I/FrameSetCollator(  873): [{WT:RAW10}] Skipping stop, start count: 3
12-08 16:15:30.959 I/SensorService(  873): [worldTracking] Stopping camera streams for purpose: ambient_controller
12-08 16:15:30.959 I/CameraClientManager(  873): [[Cnst(1772)][ambient_controller]] stream stop completed
12-08 16:15:30.959 D/CameraStream(  873): [ambient_controller] Client [Cnst(1772)]: stop complete
12-08 16:15:30.960 E/FrameSetCollator(  873): [{WT(0,1):RAW10}] 1 FrameSets had unexpected timestamps (in the last 216.45ms). Ex: slot 1 24999076.464ms -> 24999093.130ms (observed period: 16.666ms, expected period: 16.666ms (16.666ms))
12-08 16:15:30.960 E/FrameSetCollator(  873): [{WT:RAW10}] 1 FrameSets had unexpected timestamps (in the last 211.33ms). Ex: slot 1 24999076.464ms -> 24999093.130ms (observed period: 16.666ms, expected period: 16.666ms (16.666ms))
12-08 16:15:30.960 E/SensorService(  873): failed to handle frame metadata for cam 5 streamType 10, dropping frame!
12-08 16:15:30.964 E/SensorService(  873): failed to handle frame metadata for cam 4 streamType 10, dropping frame!
12-08 16:15:30.964 D/TrackingService( 1772): constellation: Joining stream thread: CtrllrCam
12-08 16:15:30.964 D/TrackingService( 1772): constellation: stopCameras finished
12-08 16:15:30.964 D/TrackingService( 1772): [constellation][constellation]handleMuxModeNotification finished for muxMode[worldTracking: lowLightHandsObject]
12-08 16:15:30.964 D/TrackingService( 1772): [constellation]end onMuxStateUpdate. ModeId: lowLightControllerObject -> lowLightHandsObject
12-08 16:15:30.964 I/TrackingService( 1772): [     constellation:constellation] Mux Mode Transition from sensor service: lowLightControllerObject -> lowLightHandsObject transition time: 25 ms
12-08 16:15:30.964 D/TrackingService( 1772): [ambient_controller]start onMuxStateUpdate. ModeId: lowLightHandsObject -> lowLightHandsObject
12-08 16:15:30.964 D/TrackingService( 1772): [constellation][ambient_controller]handleMuxModeNotification started for muxMode[worldTracking: lowLightHandsObject]
12-08 16:15:30.964 E/TrackingService( 1772): Resetting MuxMode lowLightHandsObject which is already set
12-08 16:15:30.964 D/TrackingService( 1772): [ambient_controller]end onMuxStateUpdate. ModeId: lowLightHandsObject -> lowLightHandsObject
12-08 16:15:30.964 I/TrackingService( 1772): [constellation:ambient_controller] Mux Mode Transition from sensor service: lowLightHandsObject -> lowLightHandsObject transition time: 0 ms
12-08 16:15:30.968 I/TrackingFidelityService( 1765): checkMultimodalFeature: Attempt made to enable multimodal hands+controllers when not supported by app
12-08 16:15:30.968 I/TrackingFidelityService( 1765): Request(s)={constellation:0,controller_selftracked:0,hands:3,environment_lighting:5,keyboard:5,scene_reconstruction:0,surface_inputs:0,}, Mux mode idx=4, name=lowLightHandsObject, score=-1950
12-08 16:15:30.968 I/TrackingFidelityService( 1765): beginTransition[worldTracking]: lowLightHandsObject(4)->lowLightHandsObject(4)
12-08 16:15:30.968 I/TrackingFidelityService( 1765): _applyMuxModeLockedInternal: Mode lowLightHandsObject already set. Returning.
12-08 16:15:30.968 I/TrackingFidelityService( 1765): endTransition[worldTracking]: lowLightHandsObject(4)->lowLightHandsObject(4), seqId=-1, succeeded=true
12-08 16:15:30.970 E/VolumetricWindowManagerServiceBase( 2051): Apply window change transaction with no window: windowToken = VolumetricWindowToken { scope = 1, token = horizonos.view.VolumetricWindowToken$InternalVolumetricToken@7b2627d, persistableToken = 4cae7f4b-18ca-4a86-a6a7-175933ab6c3c }
12-08 16:15:30.978 E/FrameSetCollator(  873): [{WT(0,1):RAW10}] releasing incomplete frame set: (0:1, 1:1), (deadlineMissed, muxModeMisMatch) = (1, 0), (captureDevTs, currentTs, tolerance, current+tolerance) = (24999109796000, 24999093130000, 30000, 24999093160000), (frame.slotIndex) = (2), (frame.modeIndex, frameSet.modeIndex) = (3, 3)
12-08 16:15:30.978 E/FrameSetCollator(  873): [{WT:RAW10}] releasing incomplete frame set: (0:1, 1:1, 2:1, 3:1), (deadlineMissed, muxModeMisMatch) = (1, 0), (captureDevTs, currentTs, tolerance, current+tolerance) = (24999109796000, 24999093130000, 30000, 24999093160000), (frame.slotIndex) = (2), (frame.modeIndex, frameSet.modeIndex) = (3, 3)
12-08 16:15:30.981 W/SensorService(  873): Slot 1 for mode 4 is not controlled by control purpose constellationExposureControl. Skipping.
12-08 16:15:30.984 E/FrameSetCollator(  873): [{COL:FOVPR}] 1 FrameSets had unexpected timestamps (in the last 489.06ms). Ex: slot 0 24999043.132ms -> 24999108.225ms (observed period: 65.093ms, expected period: 13.888ms (51.205ms))
12-08 16:15:30.987 I/DisplayDeviceRepository( 2051): Display device changed: DisplayDeviceInfo{"MirrorRoot for 3fb2db9c-dcfd-4249-81f3-1693cdd635c7": uniqueId="virtual:android,1000,MirrorRoot for 3fb2db9c-dcfd-4249-81f3-1693cdd635c7,0", 2 x 2, modeId 463, renderFrameRate 60.0, defaultModeId 463, supportedModes [{id=463, width=2, height=2, fps=60.0, alternativeRefreshRates=[], supportedHdrTypes=[]}], colorMode 0, supportedColorModes [0], hdrCapabilities null, allmSupported false, gameContentTypeSupported false, density 200, 200.0 x 200.0 dpi, appVsyncOff 0, presDeadline 16666666, touch NONE, rotation 0, type VIRTUAL, deviceProductInfo null, state ON, committedState UNKNOWN, owner android (uid 1000), frameRateOverride , brightnessMinimum 0.0, brightnessMaximum 0.0, brightnessDefault 0.0, hdrSdrRatio NaN, FLAG_SECURE, FLAG_SUPPORTS_PROTECTED_BUFFERS, FLAG_OWN_CONTENT_ONLY, FLAG_DESTROY_CONTENT_ON_REMOVAL, installOrientation 0, displayShape DisplayShape{ spec=1483868123 displayWidth=2 displayHeight=2 physicalPixelDisplaySizeRatio=1.0 rotation=0 offsetX=0 offsetY=0 scale=1.0}}
12-08 16:15:30.987 I/FrameSetDispatcher(  873): [{COL:FOVPR}] 1 older Mux Mode settings are removed.
12-08 16:15:30.987 I/FrameSetDispatcher(  873): [{COL:FOVPR}] Client pid=1574 (MrSSCamS): Remove old Mux Mode 1: slot indices: SLOT_0 
12-08 16:15:30.991 V/WindowManager( 2051): Queueing legacy sync-set: 1026
12-08 16:15:30.994 D/ActivityManager( 2051): sync unfroze 3733 com.meta.pclinkservice.server for 1
12-08 16:15:30.995 I/WindowManager( 2051): Override config changes=20000c80 {0.0 ?mcc0mnc ?localeList ?layoutDir sw2dp w2dp h2dp 200dpi smll port ?uimode ?night -touch -keyb/v/h -nav/h winConfig={ mBounds=Rect(0, 0 - 2, 2) mAppBounds=Rect(0, 0 - 2, 2) mMaxBounds=Rect(0, 0 - 2, 2) mDisplayRotation=ROTATION_0 mWindowingMode=fullscreen mDisplayWindowingMode=fullscreen mActivityType=undefined mAlwaysOnTop=undefined mRotation=ROTATION_0} ?fontWeightAdjustment} for displayId=11
12-08 16:15:31.012 V/ActivityManager( 2051): bindService: Intent { act=com.oculus.intent.action.REMOTE_DESKTOP_PROVIDER pkg=com.oculus.remotedesktop } type=null conn=android.os.BinderProxy@92c60bc flags=0x1
12-08 16:15:31.013 V/WindowManager( 2051): Content Recording: Display 11 state is now (2), so update recording?
12-08 16:15:31.022 I/HorizonOsWindowManagerUtils( 2051): setFocusedWindowSync: setting focus to ActivityRecord{7477fb2 u0 com.oculus.panelapp.settings/com.oculus.navigator.quickcontrols.app.NavigatorQuickControlsActivity t2655}
12-08 16:15:31.024 I/TrackingFidelityService( 1765): Received hand/controller update: hand_tracking_enabled
12-08 16:15:31.031 D/ActivityManager( 2051): sync unfroze 4775 com.oculus.remotedesktop:RemoteDesktop for 6
12-08 16:15:31.044 I/TrackingFidelityService( 1765): checkMultimodalFeature: Attempt made to enable multimodal hands+controllers when not supported by app
12-08 16:15:31.044 I/TrackingFidelityService( 1765): Request(s)={constellation:0,controller_selftracked:0,hands:3,environment_lighting:5,keyboard:5,scene_reconstruction:0,surface_inputs:0,}, Mux mode idx=4, name=lowLightHandsObject, score=-1950
12-08 16:15:31.044 I/TrackingFidelityService( 1765): beginTransition[worldTracking]: lowLightHandsObject(4)->lowLightHandsObject(4)
12-08 16:15:31.044 I/TrackingFidelityService( 1765): _applyMuxModeLockedInternal: Mode lowLightHandsObject already set. Returning.
12-08 16:15:31.044 I/TrackingFidelityService( 1765): endTransition[worldTracking]: lowLightHandsObject(4)->lowLightHandsObject(4), seqId=-1, succeeded=true
12-08 16:15:31.045 I/SpatialWindowResourceService( 2051): setWindowFrameRate() token: horizonos.view.VolumetricWindowToken$InternalVolumetricToken@1a1ff23 framerate: 0.0
12-08 16:15:31.045 I/SpatialWindowResourceService( 2051): setWindowUserPerceivedState(): Setting Application State:ComponentInfo{com.oculus.panelapp.settings/com.oculus.navigator.quickcontrols.app.NavigatorQuickControlsActivity} ProcessName:com.oculus.panelapp.settings PerceptionState:(old):NO_PERCEPTION->(new):CRITICAL_PERCEPTION
12-08 16:15:31.045 I/FrameSetDispatcher(  873): [{WT(0,1):RAW10}] 1 older Mux Mode settings are removed.
12-08 16:15:31.045 I/FrameSetDispatcher(  873): [{WT(0,1):RAW10}] Client pid=1574 (MrSSCamS): Remove old Mux Mode 3: slot indices: SLOT_0 SLOT_2 
12-08 16:15:31.045 W/SpatialWindowResourceService( 2051): setWindowUserPerceivedState(): Failed to setProcessAppPerception ComponentName:ComponentInfo{com.oculus.panelapp.settings/com.oculus.navigator.quickcontrols.app.NavigatorQuickControlsActivity} ProcessName:com.oculus.panelapp.settings Uid:10079 PerceptionState:CRITICAL_PERCEPTION
12-08 16:15:31.045 I/SpatialWindowResourceService( 2051): setWindowFrameRate() token: horizonos.view.VolumetricWindowToken$InternalVolumetricToken@f37ffcd framerate: 0.0
12-08 16:15:31.046 I/SpatialWindowResourceService( 2051): setWindowUserPerceivedState(): Setting Application State:ComponentInfo{com.oculus.panelapp.library/com.oculus.navigator.systembar.app.SystemBarActivity} ProcessName:com.oculus.panelapp.library:SystemBar PerceptionState:(old):NO_PERCEPTION->(new):CRITICAL_PERCEPTION
12-08 16:15:31.046 I/TrackingFidelityService( 1765): Received hand/controller update: multimodal_hands_and_controllers_enabled
12-08 16:15:31.046 V/WindowManager( 2051): Content Recording: Display 11 state is now (2), so update recording?
12-08 16:15:31.049 I/FrameSetDispatcher(  873): [{WT:RAW10}] 1 older Mux Mode settings are removed.
12-08 16:15:31.049 I/FrameSetDispatcher(  873): [{WT:RAW10}] Client pid=1772 (ExpCtl): Remove old Mux Mode 3: slot indices: SLOT_0 SLOT_1 SLOT_2 SLOT_3 
12-08 16:15:31.049 I/FrameSetDispatcher(  873): [{WT:RAW10}] Client pid=1772 (IOT): Remove old Mux Mode 3: slot indices: SLOT_0 SLOT_2 
12-08 16:15:31.059 I/TrackingService( 1772): [iot:iot] Configuration update starting
12-08 16:15:31.060 I/TrackingService( 1772): [iot:iot] Configuration update done
12-08 16:15:31.060 I/TrackingService( 1772): [iot:iot] Finish configuration update starting
12-08 16:15:31.060 I/TrackingService( 1772): [iot:iot] Finish configuration update done
12-08 16:15:31.060 I/OculusWindowMgr( 2051): OWMS::focusChanged: windowRootTaskId: 12
12-08 16:15:31.061 I/OculusWindowMgr( 2051): OWMS::focusChanged: getImmersiveTask returned
12-08 16:15:31.061 I/OculusWindowMgr( 2051): OWMS::focusChanged: mFocusPlaceholderActivity found in Task.
12-08 16:15:31.062 D/VolumetricContentMonitor( 2051): Focused window changed to RunningWindowInfo{  pid: 10239, uid: 10079, userId: 0, windowContainerToken: 13967968, windowToken: android.view.IWindow$Stub$Proxy@1791319, windowId: com.android.server.wm.WindowState$WindowId@2b4efde, displayId: 0, windowType: 1, activity: RunningActivityInfo { rootTask: 12, uid: 10079, pid: 10239, userId: 0, activity: com.oculus.navigator.quickcontrols.app.NavigatorQuickControlsActivity, windowId: com.android.server.wm.WindowState$WindowId@2b4efde, state: ACTIVITY_STATE_VISIBLE}}, from android.view.IWindow$Stub$Proxy@163238e
12-08 16:15:31.063 D/ActivityTaskManager( 2051): getDisplaysWithTopActivities: immersive ActivityRecord{4800ec1 u0 com.oculus.vrshell/.HomeActivity t2576}
12-08 16:15:31.063 D/SpatialAudioService( 2051): Skipping processing for app: com.oculus.mrds (isNewApp: false, perAppEnabled: true, epsService: true)
12-08 16:15:31.063 V/WorldManagerService( 2051): VW Content Listener: com.oculus.mrds -1
12-08 16:15:31.063 D/SpatialAudioService( 2051): Skipping processing for app: com.oculus.panelapp.settings (isNewApp: false, perAppEnabled: true, epsService: true)
12-08 16:15:31.064 V/WorldManagerService( 2051): VW Content Listener: com.oculus.panelapp.settings -1
12-08 16:15:31.064 I/SpatialWindowResourceService( 2051): setWindowFrameRate() token: horizonos.view.VolumetricWindowToken$InternalVolumetricToken@1a1ff23 framerate: 0.0
12-08 16:15:31.064 I/SpatialWindowResourceService( 2051): setWindowFrameRate() token: horizonos.view.VolumetricWindowToken$InternalVolumetricToken@63257b8 framerate: 0.0
12-08 16:15:31.066 I/FrameSetDispatcher(  873): [{WT:RAW10}] Client pid=1772 (Obj): Remove old Mux Mode 3: slot indices: SLOT_3 
12-08 16:15:31.066 I/TrackingService( 1772): [object:object] Configuration update starting
12-08 16:15:31.067 I/TrackingService( 1772): [object:object] Configuration update done
12-08 16:15:31.067 I/TrackingService( 1772): [object:object] Finish configuration update starting
12-08 16:15:31.067 I/TrackingService( 1772): [object:object] Finish configuration update done
12-08 16:15:31.076 I/TrackingFidelityService( 1765): checkMultimodalFeature: Attempt made to enable multimodal hands+controllers when not supported by app
12-08 16:15:31.077 I/TrackingFidelityService( 1765): Request(s)={constellation:0,controller_selftracked:0,hands:3,environment_lighting:5,keyboard:5,scene_reconstruction:0,surface_inputs:0,}, Mux mode idx=4, name=lowLightHandsObject, score=-1950
12-08 16:15:31.077 I/TrackingFidelityService( 1765): beginTransition[worldTracking]: lowLightHandsObject(4)->lowLightHandsObject(4)
12-08 16:15:31.077 I/TrackingFidelityService( 1765): _applyMuxModeLockedInternal: Mode lowLightHandsObject already set. Returning.
12-08 16:15:31.077 I/TrackingFidelityService( 1765): endTransition[worldTracking]: lowLightHandsObject(4)->lowLightHandsObject(4), seqId=-1, succeeded=true
12-08 16:15:31.087 I/TrackingFidelityService( 1765): Received ambient flicker update. Setting maximum low_latency_pt fidelity to 5
12-08 16:15:31.087 I/TrackingFidelityService( 1765): Request(s)={low_latency_pt:5,}
12-08 16:15:31.094 I/TrackingFidelityService( 1765): Request(s)={low_latency_pt:5,mr_passthrough:3,pt_display_sync:5,hyperscape_room_scanning:0,isp_foveation:5,}, Mux mode idx=2, name=defaultDisplay, score=-2980
12-08 16:15:31.094 I/TrackingFidelityService( 1765): beginTransition[color]: defaultDisplay(2)->defaultDisplay(2)
12-08 16:15:31.094 I/TrackingFidelityService( 1765): _applyMuxModeLockedInternal: Mode defaultDisplay already set. Returning.
12-08 16:15:31.094 I/TrackingFidelityService( 1765): endTransition[color]: defaultDisplay(2)->defaultDisplay(2), seqId=-1, succeeded=true
12-08 16:15:31.112 W/WindowManager( 2051): Requires INTERNAL_SYSTEM_WINDOW permission if assign type to input. New type will be 0.
12-08 16:15:31.115 W/FrameSetDispatcher(  873): [{WT:RAW10}] Client pid=1772 (IOT): client is taking longer than 33ms to return FrameSets (1x in the past 0.473s)
12-08 16:15:31.120 W/WindowManager( 2051): Requires INTERNAL_SYSTEM_WINDOW permission if assign type to input. New type will be 0.
12-08 16:15:31.132 I/TrackingFidelityService( 1765): Received hand/controller update: hand_tracking_enabled
12-08 16:15:31.135 W/WindowManager( 2051): Requires INTERNAL_SYSTEM_WINDOW permission if assign type to input. New type will be 0.
12-08 16:15:31.137 I/TrackingFidelityService( 1765): checkMultimodalFeature: Attempt made to enable multimodal hands+controllers when not supported by app
12-08 16:15:31.137 I/TrackingFidelityService( 1765): Request(s)={constellation:0,controller_selftracked:0,hands:3,environment_lighting:5,keyboard:5,scene_reconstruction:0,surface_inputs:0,}, Mux mode idx=4, name=lowLightHandsObject, score=-1950
12-08 16:15:31.137 I/TrackingFidelityService( 1765): beginTransition[worldTracking]: lowLightHandsObject(4)->lowLightHandsObject(4)
12-08 16:15:31.137 I/TrackingFidelityService( 1765): _applyMuxModeLockedInternal: Mode lowLightHandsObject already set. Returning.
12-08 16:15:31.137 I/TrackingFidelityService( 1765): endTransition[worldTracking]: lowLightHandsObject(4)->lowLightHandsObject(4), seqId=-1, succeeded=true
12-08 16:15:31.137 I/TrackingFidelityService( 1765): Received hand/controller update: multimodal_hands_and_controllers_enabled
12-08 16:15:31.142 I/VolumetricWindowManagerServiceImpl( 2051): addWindow(parentVwToken=VolumetricWindowToken { scope = 2, token = android.os.Binder@66f2e3f, persistableToken = 37706acc-0d1a-4caf-8409-256a717ec7b0 }, placementParams=VolumetricWindowPlacementParams { volumetricWindowType = 0, parentWindowToken = VolumetricWindowToken { scope = 2, token = android.os.Binder@66f2e3f, persistableToken = 37706acc-0d1a-4caf-8409-256a717ec7b0 }, relativeSpaceToken = null, inParentPixels = false, requestedPose = null, requestedBounds = null, requestedSurfaceSize = 67x564, layoutParams = VolumetricWindowLayoutParams { attachFrom = 51, attachTo = 51, translationAdjustment = TranslationAdjustment { x = 0, y = 0, z = 4 }, rotationAdjustment = RotationAdjustment { pitchX = 0, yawY = 0, rollZ = 0 }, matchParentDensity = false, pixelTranslationOverride = Point(2, -199), flags = 0 }, pendingIntent = null, surfacePackage = android.view.SurfaceControlViewHost$SurfacePackage@623d86f, visible = true }
12-08 16:15:31.152 D/JobServiceContext( 2051): doCallback of : JobStatus{264e6a3 #u0a102/1828726837 com.oculus.horizon/com.oculus.auth.control.AccountSyncJobService u=0 s=10102 TIME=-817ms:+5h59m59s183ms NET PERIODIC READY} v:VERB_EXECUTING
12-08 16:15:31.152 D/JobServiceContext( 2051): Cleaning up 264e6a3 #u0a102/1828726837 com.oculus.horizon/com.oculus.auth.control.AccountSyncJobService reschedule=false reason=app called jobFinished
12-08 16:15:31.157 I/VolumetricWindow( 2051): [setDrawn] VW=17752a76-e2cd-42fb-978b-f5c8221e3d4e: isDrawn=true (isActive=true, isVisible=true)
12-08 16:15:31.157 I/VolumetricWindow( 2051): [setDrawn] VW=37706acc-0d1a-4caf-8409-256a717ec7b0: isDrawn=true (isActive=true, isVisible=true)
12-08 16:15:31.160 I/TrackingFidelityService( 1765): checkMultimodalFeature: Attempt made to enable multimodal hands+controllers when not supported by app
12-08 16:15:31.160 I/TrackingFidelityService( 1765): Request(s)={constellation:0,controller_selftracked:0,hands:3,environment_lighting:5,keyboard:5,scene_reconstruction:0,surface_inputs:0,}, Mux mode idx=4, name=lowLightHandsObject, score=-1950
12-08 16:15:31.160 I/TrackingFidelityService( 1765): beginTransition[worldTracking]: lowLightHandsObject(4)->lowLightHandsObject(4)
12-08 16:15:31.160 I/TrackingFidelityService( 1765): _applyMuxModeLockedInternal: Mode lowLightHandsObject already set. Returning.
12-08 16:15:31.160 I/TrackingFidelityService( 1765): endTransition[worldTracking]: lowLightHandsObject(4)->lowLightHandsObject(4), seqId=-1, succeeded=true
12-08 16:15:31.163 V/WindowManager( 2051): Sent Transition #1025 createdAt=12-08 16:15:30.987
12-08 16:15:31.163 V/WindowManager( 2051):     startWCT=WindowContainerTransaction { changes = {RemoteToken{569082 Task{56fc267 #6 type=standard}}={}, RemoteToken{e085601 Task{c6833b9 #12 type=standard}}={}} hops = [] errorCallbackToken=null taskFragmentOrganizer=null }
12-08 16:15:31.163 V/WindowManager( 2051):     info={id=1025 t=TO_FRONT f=0x0 trk=0 r=[0@Point(0, 0)] c=[{WCT{RemoteToken{8091cb6 Task{805cb03 #2655 type=recents A=10079:com.oculus.navigator.quickcontrols.app.NavigatorQuickControlsActivity}}} m=TO_FRONT f=TRANSLUCENT p=WCT{RemoteToken{e085601 Task{c6833b9 #12 type=standard}}} leash=Surface(name=Task=2655)/@0x7ec7d5 sb=Rect(80000, 0 - 81840, 1000) eb=Rect(80000, 0 - 81840, 1000) d=0},{WCT{RemoteToken{e085601 Task{c6833b9 #12 type=standard}}} m=TO_FRONT f=TRANSLUCENT leash=Surface(name=Task=12)/@0x22810c0 sb=Rect(80000, 0 - 81840, 1000) eb=Rect(80000, 0 - 81840, 1000) eo=Point(80000, 0) d=0},{WCT{RemoteToken{b849664 Task{fec4b53 #2579 type=standard A=10049:com.oculus.panelapp.library:1048820175}}} m=TO_FRONT f=TRANSLUCENT p=WCT{RemoteToken{569082 Task{56fc267 #6 type=standard}}} leash=Surface(name=Task=2579)/@0x6e3eb2b sb=Rect(24000, 0 - 25500, 117) eb=Rect(24000, 0 - 25500, 117) d=0},{WCT{RemoteToken{569082 Task{56fc267 #6 type=standard}}} m=TO_FRONT f=TRANSLUCENT leash=Surface(name=Task=6)/@0x956e77a sb=Rect(24000, 0 - 25500, 117) eb=Rect(24000, 0 - 25500, 117) eo=Point(24000, 0) d=0}]}
12-08 16:15:31.173 V/WindowManager( 2051): Finish Transition #1025: created at 12-08 16:15:30.987 collect-started=0.041ms started=0.073ms ready=1.699ms sent=168.437ms finished=183.911ms
12-08 16:15:31.189 I/VolumetricWindowManagerServiceImpl( 2051): onWindowPlacementAccepted for newVwToken=VolumetricWindowToken { scope = 1, token = horizonos.view.VolumetricWindowToken$InternalVolumetricToken@be36168, persistableToken = 0ce4e3da-f48c-4f10-866d-60d0a39d9fe2 }, parentVwToken=VolumetricWindowToken { scope = 2, token = android.os.Binder@66f2e3f, persistableToken = 37706acc-0d1a-4caf-8409-256a717ec7b0 }
12-08 16:15:31.191 I/VolumetricContainerPlacement( 2051): acquired ContainerPlacement{mId=9, mBounds=Rect(72000, 0 - 80000, 8000)}
12-08 16:15:31.191 I/SpaceManagerServiceImpl( 2051): addSpace done: userId = 0, spaceToken = SpaceToken { binderToken = horizonos.view.SpaceToken$InternalSpaceToken@879a26, persistableToken = 7901beda-c990-4f07-974b-7aeab060dcec }
12-08 16:15:31.193 I/DisplayDeviceRepository( 2051): Display device added: DisplayDeviceInfo{"MirrorRoot for 0ce4e3da-f48c-4f10-866d-60d0a39d9fe2": uniqueId="virtual:android,1000,MirrorRoot for 0ce4e3da-f48c-4f10-866d-60d0a39d9fe2,0", 67 x 564, modeId 464, renderFrameRate 60.0, defaultModeId 464, supportedModes [{id=464, width=67, height=564, fps=60.0, alternativeRefreshRates=[], supportedHdrTypes=[]}], colorMode 0, supportedColorModes [0], hdrCapabilities null, allmSupported false, gameContentTypeSupported false, density 200, 200.0 x 200.0 dpi, appVsyncOff 0, presDeadline 16666666, touch NONE, rotation 0, type VIRTUAL, deviceProductInfo null, state OFF, committedState UNKNOWN, owner android (uid 1000), frameRateOverride , brightnessMinimum 0.0, brightnessMaximum 0.0, brightnessDefault 0.0, hdrSdrRatio NaN, FLAG_SECURE, FLAG_SUPPORTS_PROTECTED_BUFFERS, FLAG_OWN_CONTENT_ONLY, FLAG_DESTROY_CONTENT_ON_REMOVAL, installOrientation 0, displayShape DisplayShape{ spec=585457113 displayWidth=67 displayHeight=564 physicalPixelDisplaySizeRatio=1.0 rotation=0 offsetX=0 offsetY=0 scale=1.0}}
12-08 16:15:31.194 I/LogicalDisplayMapper( 2051): Applying layout: [{dispId: 0(ON), displayGroupName: , addr: {port=146, model=0x40446dbbd154e4}, mThermalBrightnessThrottlingMapId: null, mRefreshRateZoneId: null, mLeadDisplayId: -1, mThermalRefreshRateThrottlingMapId: null}], Previous layout: [{dispId: 0(ON), displayGroupName: , addr: {port=146, model=0x40446dbbd154e4}, mThermalBrightnessThrottlingMapId: null, mRefreshRateZoneId: null, mLeadDisplayId: -1, mThermalRefreshRateThrottlingMapId: null}]
12-08 16:15:31.194 I/LogicalDisplayMapper( 2051): Setting new display group 0 for display 275, from previous group: null
12-08 16:15:31.194 I/LogicalDisplayMapper( 2051): Adding new display: 275: DisplayInfo{"MirrorRoot for 0ce4e3da-f48c-4f10-866d-60d0a39d9fe2", displayId 275, displayGroupId 0, FLAG_SECURE, FLAG_SUPPORTS_PROTECTED_BUFFERS, real 67 x 564, largest app 67 x 564, smallest app 67 x 564, appVsyncOff 0, presDeadline 16666666, mode 46460.0, defaultMode 464, modes [{id=464, width=67, height=564, fps=60.0, alternativeRefreshRates=[], supportedHdrTypes=[]}], hdrCapabilities null, userDisabledHdrTypes [], minimalPostProcessingSupported false, rotation 0, state OFF, committedState UNKNOWN, type VIRTUAL, uniqueId "virtual:android,1000,MirrorRoot for 0ce4e3da-f48c-4f10-866d-60d0a39d9fe2,0", app 67 x 564, density 200 (200.0 x 200.0) dpi, layerStack 275, colorMode 0, supportedColorModes [0], deviceProductInfo null, owner android (uid 1000), removeMode 1, refreshRateOverride 0.0, brightnessMinimum 0.0, brightnessMaximum 0.0, brightnessDefault 0.0, installOrientation ROTATION_0, layoutLimitedRefreshRate null, hdrSdrRatio not_available, thermalRefreshRateThrottling {}, thermalBrightnessThrottlingDataId default}
12-08 16:15:31.195 W/BrightnessThrottler( 2051): DeviceConfig ThermalBrightnessThrottlingData is null
12-08 16:15:31.195 W/DisplayPowerController2[275]( 2051): Screen brightness nits configuration is unavailable; falling back
12-08 16:15:31.206 I/WindowManager( 2051): Override config changes=20005df8 {0.0 ?mcc0mnc ?localeList ?layoutDir sw54dp w54dp h451dp 200dpi smll port ?uimode ?night -touch -keyb/v/h -nav/h winConfig={ mBounds=Rect(0, 0 - 67, 564) mAppBounds=Rect(0, 0 - 67, 564) mMaxBounds=Rect(0, 0 - 67, 564) mDisplayRotation=ROTATION_0 mWindowingMode=fullscreen mDisplayWindowingMode=fullscreen mActivityType=undefined mAlwaysOnTop=undefined mRotation=ROTATION_0} ?fontWeightAdjustment} for displayId=275
12-08 16:15:31.207 W/DisplayController( 3353): Skipping Display Configuration change on non-added display.
12-08 16:15:31.212 I/VolumetricWindowManagerServiceImpl( 2051): addVolumetricWindow done: userId = 0, wct = null, vw type = 0, vw persistable token = 0ce4e3da-f48c-4f10-866d-60d0a39d9fe2, rootTaskId = NA
12-08 16:15:31.216 W/WindowManager( 2051): Failed looking up window session=Session{c88bd8e 28906:u0a10049} callers=com.android.server.wm.WindowManagerService.windowForClientLocked:6161 com.android.server.wm.WindowManagerService.removeWindow:1985 com.android.server.wm.Session.remove:231 
12-08 16:15:31.216 V/DisplayPowerController2[275]( 2051): Brightness [0.0] reason changing to: 'manual', previous reason: '0'.
12-08 16:15:31.216 I/DisplayPowerController2[275]( 2051): BrightnessEvent: disp=275, physDisp=virtual:android,1000,MirrorRoot for 0ce4e3da-f48c-4f10-866d-60d0a39d9fe2,0, brt=0.0, initBrt=NaN, rcmdBrt=NaN, preBrt=NaN, lux=0.0, preLux=0.0, hbmMax=1.0, hbmMode=off, rbcStrength=-1, thrmMax=1.0, powerFactor=1.0, wasShortTermModelActive=false, flags=, reason=manual, autoBrightness=false, strategy=InvalidBrightnessStrategy
12-08 16:15:31.218 I/VolumetricWindow( 2051): [setDrawn] VW=37706acc-0d1a-4caf-8409-256a717ec7b0: isDrawn=false (isActive=true, isVisible=true)
12-08 16:15:31.218 I/VolumetricWindow( 2051): [setDrawn] VW=17752a76-e2cd-42fb-978b-f5c8221e3d4e: isDrawn=false (isActive=true, isVisible=true)
12-08 16:15:31.219 W/WindowManager( 2051): Ongoing sync outside of a transition.
12-08 16:15:31.219 E/BLASTSyncEngine( 2051): SyncGroup 1027: Started when there is other active SyncGroup
12-08 16:15:31.219 V/WindowManager( 2051): Content Recording: Display 275 state is now (1), so update recording?
12-08 16:15:31.219 W/TransitionController( 2051): Ongoing Sync outside of transition.
12-08 16:15:31.219 V/WindowManager( 2051): Queueing transition: TransitionRecord{74f065b id=-1 type=TO_BACK flags=0x0}
12-08 16:15:31.220 W/Transition( 2051): Transition already started id=1027 state=2
12-08 16:15:31.225 I/SpatialWindowResourceService( 2051): setWindowFrameRate() token: horizonos.view.VolumetricWindowToken$InternalVolumetricToken@1a1ff23 framerate: 1.0
12-08 16:15:31.226 V/WindowManager( 2051): Sent Transition #1027 createdAt=12-08 16:15:31.219 via request=TransitionRequestInfo { type = SLEEP, triggerTask = null, remoteTransition = null, displayChange = null }
12-08 16:15:31.226 V/WindowManager( 2051):     startWCT=WindowContainerTransaction { changes = {} hops = [] errorCallbackToken=null taskFragmentOrganizer=null }
12-08 16:15:31.226 V/WindowManager( 2051):     info={id=1027 t=SLEEP f=0x0 trk=0 r=[] c=[]}
12-08 16:15:31.227 I/SpatialWindowResourceService( 2051): setWindowUserPerceivedState(): Setting Application State:ComponentInfo{com.oculus.panelapp.settings/com.oculus.navigator.quickcontrols.app.NavigatorQuickControlsActivity} ProcessName:com.oculus.panelapp.settings PerceptionState:(old):CRITICAL_PERCEPTION->(new):NO_PERCEPTION
12-08 16:15:31.227 W/SpatialWindowResourceService( 2051): setWindowUserPerceivedState(): Failed to setProcessAppPerception ComponentName:ComponentInfo{com.oculus.panelapp.settings/com.oculus.navigator.quickcontrols.app.NavigatorQuickControlsActivity} ProcessName:com.oculus.panelapp.settings Uid:10079 PerceptionState:NO_PERCEPTION
12-08 16:15:31.227 I/SpatialWindowResourceService( 2051): setWindowFrameRate() token: horizonos.view.VolumetricWindowToken$InternalVolumetricToken@f37ffcd framerate: 1.0
12-08 16:15:31.227 I/SpatialWindowResourceService( 2051): setWindowUserPerceivedState(): Setting Application State:ComponentInfo{com.oculus.panelapp.library/com.oculus.navigator.systembar.app.SystemBarActivity} ProcessName:com.oculus.panelapp.library:SystemBar PerceptionState:(old):CRITICAL_PERCEPTION->(new):NO_PERCEPTION
12-08 16:15:31.228 W/ProcessStats( 2051): Tracking association SourceState{8ae6fd1 com.oculus.metacam/10093 BFgs #38912} whose proc state 4 is better than process ProcessState{6439612 com.oculus.hzosgallery/10121 pkg=com.oculus.hzosgallery} proc state 13 (865 skipped)
12-08 16:15:31.229 V/WindowManager( 2051): Finish Transition #1027: created at 12-08 16:15:31.219 collect-started=0.049ms request-sent=0.093ms started=0.201ms ready=0.199ms sent=0.309ms finished=2.54ms
12-08 16:15:31.242 I/TrackingFidelityService( 1765): Received hand/controller update: hand_tracking_enabled
12-08 16:15:31.243 V/WindowManager( 2051): Sent Transition #1028 createdAt=12-08 16:15:31.219
12-08 16:15:31.243 V/WindowManager( 2051):     startWCT=WindowContainerTransaction { changes = {RemoteToken{569082 Task{56fc267 #6 type=standard}}={}, RemoteToken{e085601 Task{c6833b9 #12 type=standard}}={}} hops = [] errorCallbackToken=null taskFragmentOrganizer=null }
12-08 16:15:31.243 V/WindowManager( 2051):     info={id=1028 t=TO_BACK f=0x0 trk=1 r=[0@Point(0, 0)] c=[{WCT{RemoteToken{8091cb6 Task{805cb03 #2655 type=recents A=10079:com.oculus.navigator.quickcontrols.app.NavigatorQuickControlsActivity}}} m=TO_BACK f=TRANSLUCENT p=WCT{RemoteToken{e085601 Task{c6833b9 #12 type=standard}}} leash=Surface(name=Task=2655)/@0x7ec7d5 sb=Rect(80000, 0 - 81840, 1000) eb=Rect(80000, 0 - 81840, 1000) d=0},{WCT{RemoteToken{e085601 Task{c6833b9 #12 type=standard}}} m=TO_BACK f=TRANSLUCENT leash=Surface(name=Task=12)/@0x22810c0 sb=Rect(80000, 0 - 81840, 1000) eb=Rect(80000, 0 - 81840, 1000) eo=Point(80000, 0) d=0},{WCT{RemoteToken{b849664 Task{fec4b53 #2579 type=standard A=10049:com.oculus.panelapp.library:1048820175}}} m=TO_BACK f=TRANSLUCENT p=WCT{RemoteToken{569082 Task{56fc267 #6 type=standard}}} leash=Surface(name=Task=2579)/@0x6e3eb2b sb=Rect(24000, 0 - 25500, 117) eb=Rect(24000, 0 - 25500, 117) d=0},{WCT{RemoteToken{569082 Task{56fc267 #6 type=standard}}} m=TO_BACK f=TRANSLUCENT leash=Surface(name=Task=6)/@0x956e77a sb=Rect(24000, 0 - 25500, 117) eb=Rect(24000, 0 - 25500, 117) eo=Point(24000, 0) d=0}]}
12-08 16:15:31.244 I/TrackingFidelityService( 1765): checkMultimodalFeature: Attempt made to enable multimodal hands+controllers when not supported by app
12-08 16:15:31.245 I/TrackingFidelityService( 1765): Request(s)={constellation:0,controller_selftracked:0,hands:3,environment_lighting:5,keyboard:5,scene_reconstruction:0,surface_inputs:0,}, Mux mode idx=4, name=lowLightHandsObject, score=-1950
12-08 16:15:31.246 I/TrackingFidelityService( 1765): beginTransition[worldTracking]: lowLightHandsObject(4)->lowLightHandsObject(4)
12-08 16:15:31.246 I/TrackingFidelityService( 1765): _applyMuxModeLockedInternal: Mode lowLightHandsObject already set. Returning.
12-08 16:15:31.246 I/TrackingFidelityService( 1765): endTransition[worldTracking]: lowLightHandsObject(4)->lowLightHandsObject(4), seqId=-1, succeeded=true
12-08 16:15:31.246 I/TrackingFidelityService( 1765): Received hand/controller update: multimodal_hands_and_controllers_enabled
12-08 16:15:31.247 V/WindowManager( 2051): Finish Transition #1028: created at 12-08 16:15:31.219 collect-started=12.214ms started=13.731ms ready=15.396ms sent=19.473ms finished=27.964ms
12-08 16:15:31.255 I/TrackingFidelityService( 1765): checkMultimodalFeature: Attempt made to enable multimodal hands+controllers when not supported by app
12-08 16:15:31.256 I/TrackingFidelityService( 1765): Request(s)={constellation:0,controller_selftracked:0,hands:3,environment_lighting:5,keyboard:5,scene_reconstruction:0,surface_inputs:0,}, Mux mode idx=4, name=lowLightHandsObject, score=-1950
12-08 16:15:31.256 I/TrackingFidelityService( 1765): beginTransition[worldTracking]: lowLightHandsObject(4)->lowLightHandsObject(4)
12-08 16:15:31.256 I/TrackingFidelityService( 1765): _applyMuxModeLockedInternal: Mode lowLightHandsObject already set. Returning.
12-08 16:15:31.256 I/TrackingFidelityService( 1765): endTransition[worldTracking]: lowLightHandsObject(4)->lowLightHandsObject(4), seqId=-1, succeeded=true
12-08 16:15:31.292 D/CameraStream(  873): [ocal] Client [IOT(1772)] attempting start
12-08 16:15:31.292 I/FrameSetDispatcher(  873): [{COL:FOVPR}] Client pid=1772 (IOT): Client thread[{COL:FOVPR}:IOT] started
12-08 16:15:31.292 I/CameraClientManager(  873): [IOT(1772)][ocal] client started (estimated 1 started clients total)
12-08 16:15:31.292 I/CameraClientManager(  873): [[IOT(1772)][ocal]] definitely starting stream
12-08 16:15:31.292 I/SensorService(  873): [color] Starting cameras for purpose ocal
12-08 16:15:31.292 I/FrameSetCollator(  873): [{COL:FOVPR}] Skipping start, current start count: 2
12-08 16:15:31.292 I/SensorService(  873): [color] Starting camera streams for purpose: ocal, current muxmode = 2
12-08 16:15:31.292 I/CameraClientManager(  873): [[IOT(1772)][ocal]] stream start completed
12-08 16:15:31.292 D/CameraStream(  873): [ocal] Client [IOT(1772)]: start complete
12-08 16:15:31.293 W/TrackingService( 1772): trying to start depth stream when 3-way OCal is not enabled
12-08 16:15:31.293 I/TrackingService( 1772): [iot:ocal] Configuration update starting
12-08 16:15:31.293 I/TrackingService( 1772): [iot:ocal] Configuration update done
12-08 16:15:31.293 I/TrackingService( 1772): [iot:ocal] Finish configuration update starting
12-08 16:15:31.294 I/TrackingService( 1772): [iot:ocal] Finish configuration update done
12-08 16:15:31.297 D/TrackingService( 1772): IOT not starting color stream while color stream is already active.
12-08 16:15:31.297 W/TrackingService( 1772): trying to start depth stream when 3-way OCal is not enabled
12-08 16:15:31.313 W/WindowManager( 2051): Failed looking up window session=Session{3326f5b 10239:u0a10079} callers=com.android.server.wm.WindowManagerService.windowForClientLocked:6161 com.android.server.wm.WindowManagerService.removeWindow:1985 com.android.server.wm.Session.remove:231 
12-08 16:15:31.314 W/TrackingService( 1772): Clearing stuck Color frame set: timestamp 24999.413647, last release 24999.410784
12-08 16:15:31.342 W/WindowManager( 2051): Failed looking up window session=Session{c88bd8e 28906:u0a10049} callers=com.android.server.wm.WindowManagerService.windowForClientLocked:6161 com.android.server.wm.WindowManagerService.removeWindow:1985 com.android.server.wm.Session.remove:231 
12-08 16:15:31.351 I/TrackingFidelityService( 1765): Received hand/controller update: hand_tracking_enabled
12-08 16:15:31.353 I/TrackingFidelityService( 1765): checkMultimodalFeature: Attempt made to enable multimodal hands+controllers when not supported by app
12-08 16:15:31.353 I/TrackingFidelityService( 1765): Request(s)={constellation:0,controller_selftracked:0,hands:3,environment_lighting:5,keyboard:5,scene_reconstruction:0,surface_inputs:0,}, Mux mode idx=4, name=lowLightHandsObject, score=-1950
12-08 16:15:31.353 I/TrackingFidelityService( 1765): beginTransition[worldTracking]: lowLightHandsObject(4)->lowLightHandsObject(4)
12-08 16:15:31.353 I/TrackingFidelityService( 1765): _applyMuxModeLockedInternal: Mode lowLightHandsObject already set. Returning.
12-08 16:15:31.353 I/TrackingFidelityService( 1765): endTransition[worldTracking]: lowLightHandsObject(4)->lowLightHandsObject(4), seqId=-1, succeeded=true
12-08 16:15:31.354 I/TrackingFidelityService( 1765): Received hand/controller update: multimodal_hands_and_controllers_enabled
12-08 16:15:31.355 I/TrackingFidelityService( 1765): checkMultimodalFeature: Attempt made to enable multimodal hands+controllers when not supported by app
12-08 16:15:31.355 I/TrackingFidelityService( 1765): Request(s)={constellation:0,controller_selftracked:0,hands:3,environment_lighting:5,keyboard:5,scene_reconstruction:0,surface_inputs:0,}, Mux mode idx=4, name=lowLightHandsObject, score=-1950
12-08 16:15:31.355 I/TrackingFidelityService( 1765): beginTransition[worldTracking]: lowLightHandsObject(4)->lowLightHandsObject(4)
12-08 16:15:31.355 I/TrackingFidelityService( 1765): _applyMuxModeLockedInternal: Mode lowLightHandsObject already set. Returning.
12-08 16:15:31.355 I/TrackingFidelityService( 1765): endTransition[worldTracking]: lowLightHandsObject(4)->lowLightHandsObject(4), seqId=-1, succeeded=true
12-08 16:15:31.377 I/OculusWindowMgr( 2051): OWMS::focusChanged: windowRootTaskId: 11
12-08 16:15:31.377 I/OculusWindowMgr( 2051): OWMS::focusChanged: getImmersiveTask returned
12-08 16:15:31.377 I/OculusWindowMgr( 2051): OWMS::focusChanged: mFocusPlaceholderActivity found in Task.
12-08 16:15:31.378 D/ActivityTaskManager( 2051): getDisplaysWithTopActivities: immersive ActivityRecord{4800ec1 u0 com.oculus.vrshell/.HomeActivity t2576}
12-08 16:15:31.378 D/VolumetricContentMonitor( 2051): Focused window changed to RunningWindowInfo{  pid: 25589, uid: 10087, userId: 0, windowContainerToken: 265684873, windowToken: android.view.IWindow$Stub$Proxy@163238e, windowId: com.android.server.wm.WindowState$WindowId@9df97af, displayId: 0, windowType: 1, activity: RunningActivityInfo { rootTask: 11, uid: 10087, pid: 25589, userId: 0, activity: com.oculus.mrds.msft.connectactivity.ConnectActivity, windowId: com.android.server.wm.WindowState$WindowId@9df97af, state: ACTIVITY_STATE_VISIBLE}}, from android.view.IWindow$Stub$Proxy@1791319
12-08 16:15:31.378 D/SpatialAudioService( 2051): Skipping processing for app: com.oculus.panelapp.settings (isNewApp: false, perAppEnabled: true, epsService: true)
12-08 16:15:31.379 V/WorldManagerService( 2051): VW Content Listener: com.oculus.panelapp.settings -1
12-08 16:15:31.379 D/SpatialAudioService( 2051): Skipping processing for app: com.oculus.mrds (isNewApp: false, perAppEnabled: true, epsService: true)
12-08 16:15:31.379 V/WorldManagerService( 2051): VW Content Listener: com.oculus.mrds -1
12-08 16:15:31.379 I/SpatialWindowResourceService( 2051): setWindowFrameRate() token: horizonos.view.VolumetricWindowToken$InternalVolumetricToken@1a1ff23 framerate: 1.0
12-08 16:15:31.379 I/SpatialWindowResourceService( 2051): setWindowFrameRate() token: horizonos.view.VolumetricWindowToken$InternalVolumetricToken@63257b8 framerate: 0.0
12-08 16:15:31.458 I/TrackingFidelityService( 1765): Received hand/controller update: hand_tracking_enabled
12-08 16:15:31.461 I/TrackingFidelityService( 1765): checkMultimodalFeature: Attempt made to enable multimodal hands+controllers when not supported by app
12-08 16:15:31.462 I/TrackingFidelityService( 1765): Request(s)={constellation:0,controller_selftracked:0,hands:3,environment_lighting:5,keyboard:5,scene_reconstruction:0,surface_inputs:0,}, Mux mode idx=4, name=lowLightHandsObject, score=-1950
12-08 16:15:31.462 I/TrackingFidelityService( 1765): beginTransition[worldTracking]: lowLightHandsObject(4)->lowLightHandsObject(4)
12-08 16:15:31.462 I/TrackingFidelityService( 1765): _applyMuxModeLockedInternal: Mode lowLightHandsObject already set. Returning.
12-08 16:15:31.462 I/TrackingFidelityService( 1765): endTransition[worldTracking]: lowLightHandsObject(4)->lowLightHandsObject(4), seqId=-1, succeeded=true
12-08 16:15:31.463 I/TrackingFidelityService( 1765): Received hand/controller update: multimodal_hands_and_controllers_enabled
12-08 16:15:31.464 I/TrackingFidelityService( 1765): checkMultimodalFeature: Attempt made to enable multimodal hands+controllers when not supported by app
12-08 16:15:31.464 I/TrackingFidelityService( 1765): Request(s)={constellation:0,controller_selftracked:0,hands:3,environment_lighting:5,keyboard:5,scene_reconstruction:0,surface_inputs:0,}, Mux mode idx=4, name=lowLightHandsObject, score=-1950
12-08 16:15:31.464 I/TrackingFidelityService( 1765): beginTransition[worldTracking]: lowLightHandsObject(4)->lowLightHandsObject(4)
12-08 16:15:31.464 I/TrackingFidelityService( 1765): _applyMuxModeLockedInternal: Mode lowLightHandsObject already set. Returning.
12-08 16:15:31.464 I/TrackingFidelityService( 1765): endTransition[worldTracking]: lowLightHandsObject(4)->lowLightHandsObject(4), seqId=-1, succeeded=true
12-08 16:15:31.521 D/TrackingService( 1772): [HANDTRACKINGGLUE] resumeCapability
12-08 16:15:31.522 D/CameraStream(  873): [hand] Client [Hand(1772)] attempting start
12-08 16:15:31.522 I/FrameSetDispatcher(  873): [{WT:RAW10}] Client pid=1772 (Hand): Client thread[{WT:RAW10}:Hand] started
12-08 16:15:31.522 I/CameraClientManager(  873): [Hand(1772)][hand] client started (estimated 1 started clients total)
12-08 16:15:31.522 I/CameraClientManager(  873): [[Hand(1772)][hand]] definitely starting stream
12-08 16:15:31.522 I/SensorService(  873): [worldTracking] Starting cameras for purpose hand
12-08 16:15:31.522 I/FrameSetCollator(  873): [{WT:RAW10}] Skipping start, current start count: 4
12-08 16:15:31.522 I/SensorService(  873): [worldTracking] Starting camera streams for purpose: hand, current muxmode = 4
