12-08 16:15:47.267 I/OpenXR  (12932): Required permission horizonos.permission.IMPORT_EXPORT_IOT_MAP_DATA is missing, retrying check as com.oculus.permission.IMPORT_EXPORT_IOT_MAP_DATA -> 0
12-08 16:15:47.267 I/OpenXR  (12932): xrEnumerateInstanceExtensionProperties: skipping extension=`XR_META_spatial_entity_group_sharing` due to: missing uses-permission string `horizonos.permission.IMPORT_EXPORT_IOT_MAP_DATA` from AndroidManifest in package `com.example.moonlight_spatialsdk`
12-08 16:15:47.267 I/OpenXR  (12932): Checking for permission horizonos.permission.USE_ANCHOR_API of package com.example.moonlight_spatialsdk
12-08 16:15:47.269 I/OpenXR  (12932): Required permission horizonos.permission.USE_ANCHOR_API is missing, retrying check as com.oculus.permission.USE_ANCHOR_API -> 0
12-08 16:15:47.269 I/OpenXR  (12932): xrEnumerateInstanceExtensionProperties: skipping extension=`XR_FB_spatial_entity_container` due to: missing uses-permission string `horizonos.permission.USE_ANCHOR_API` from AndroidManifest in package `com.example.moonlight_spatialsdk`
12-08 16:15:47.269 I/OpenXR  (12932): Checking for permission com.oculus.permission.USE_COLOCATION_DISCOVERY_API of package com.example.moonlight_spatialsdk
12-08 16:15:47.270 I/OpenXR  (12932): xrEnumerateInstanceExtensionProperties: skipping extension=`XR_META_colocation_discovery` due to: missing uses-permission string `com.oculus.permission.USE_COLOCATION_DISCOVERY_API` from AndroidManifest in package `com.example.moonlight_spatialsdk`
12-08 16:15:47.270 I/OpenXR  (12932): Checking for permission horizonos.permission.USE_ANCHOR_API of package com.example.moonlight_spatialsdk
12-08 16:15:47.271 I/OpenXR  (12932): Required permission horizonos.permission.USE_ANCHOR_API is missing, retrying check as com.oculus.permission.USE_ANCHOR_API -> 0
12-08 16:15:47.271 I/OpenXR  (12932): xrEnumerateInstanceExtensionProperties: skipping extension=`XR_FB_scene` due to: missing uses-permission string `horizonos.permission.USE_ANCHOR_API` from AndroidManifest in package `com.example.moonlight_spatialsdk`
12-08 16:15:47.271 I/OpenXR  (12932): Checking for permission horizonos.permission.USE_ANCHOR_API of package com.example.moonlight_spatialsdk
12-08 16:15:47.274 I/OpenXR  (12932): Required permission horizonos.permission.USE_ANCHOR_API is missing, retrying check as com.oculus.permission.USE_ANCHOR_API -> 0
12-08 16:15:47.274 I/OpenXR  (12932): xrEnumerateInstanceExtensionProperties: skipping extension=`XR_FB_scene_capture` due to: missing uses-permission string `horizonos.permission.USE_ANCHOR_API` from AndroidManifest in package `com.example.moonlight_spatialsdk`
12-08 16:15:47.274 I/OpenXR  (12932): xrEnumerateInstanceExtensionProperties: skipping extension=`XR_FBX1_plane` due to: Tier=55 extState=APC deviceIsExpEnabled=false expManifestSet=true isFirstPartyApp=false isSystemApp=false
12-08 16:15:47.274 I/OpenXR  (12932): xrEnumerateInstanceExtensionProperties: skipping extension=`XR_METAX1_spatial_entity_mesh` due to: Tier=50 extState=APC deviceIsExpEnabled=false expManifestSet=true isFirstPartyApp=false isSystemApp=false
12-08 16:15:47.275 I/OpenXR  (12932): Checking for permission horizonos.permission.USE_SCENE of package com.example.moonlight_spatialsdk
12-08 16:15:47.277 I/OpenXR  (12932): Required permission horizonos.permission.USE_SCENE is missing, retrying check as com.oculus.permission.USE_SCENE -> 0
12-08 16:15:47.277 I/OpenXR  (12932): xrEnumerateInstanceExtensionProperties: skipping extension=`XR_META_spatial_entity_mesh` due to: missing uses-permission string `horizonos.permission.USE_SCENE` from AndroidManifest in package `com.example.moonlight_spatialsdk`
12-08 16:15:47.277 I/OpenXR  (12932): xrEnumerateInstanceExtensionProperties: skipping extension=`XR_METAX2_spatial_entity_room_mesh` due to: Tier=50 extState=APC deviceIsExpEnabled=false expManifestSet=true isFirstPartyApp=false isSystemApp=false
12-08 16:15:47.277 I/OpenXR  (12932): Checking for permission horizonos.permission.USE_SCENE of package com.example.moonlight_spatialsdk
12-08 16:15:47.279 I/OpenXR  (12932): Required permission horizonos.permission.USE_SCENE is missing, retrying check as com.oculus.permission.USE_SCENE -> 0
12-08 16:15:47.279 I/OpenXR  (12932): xrEnumerateInstanceExtensionProperties: skipping extension=`XR_META_spatial_entity_room_mesh` due to: missing uses-permission string `horizonos.permission.USE_SCENE` from AndroidManifest in package `com.example.moonlight_spatialsdk`
12-08 16:15:47.279 I/OpenXR  (12932): xrEnumerateInstanceExtensionProperties: skipping extension=`XR_FB_face_tracking` due to: missing uses-feature string `oculus.software.face_tracking` from AndroidManifest
12-08 16:15:47.279 I/OpenXR  (12932): xrEnumerateInstanceExtensionProperties: skipping extension=`XR_FB_face_tracking2` due to: missing uses-feature string `oculus.software.face_tracking` from AndroidManifest
12-08 16:15:47.279 I/OpenXR  (12932): xrEnumerateInstanceExtensionProperties: skipping extension=`XR_METAX1_face_tracking_visemes` due to: Tier=50 extState=APC deviceIsExpEnabled=false expManifestSet=true isFirstPartyApp=false isSystemApp=false
12-08 16:15:47.279 I/OpenXR  (12932): xrEnumerateInstanceExtensionProperties: skipping extension=`XR_META_face_tracking_visemes` due to: missing uses-feature string `oculus.software.face_tracking` from AndroidManifest
12-08 16:15:47.279 I/OpenXR  (12932): xrEnumerateInstanceExtensionProperties: skipping extension=`XR_FBX1_face_tracking_config` due to: Tier=55 extState=APC deviceIsExpEnabled=false expManifestSet=true isFirstPartyApp=false isSystemApp=false
12-08 16:15:47.279 I/OpenXR  (12932): xrEnumerateInstanceExtensionProperties: skipping extension 'XR_META_local_dimming' as device requirements requirements (16) are not met.
12-08 16:15:47.279 I/OpenXR  (12932): xrEnumerateInstanceExtensionProperties: skipping extension=`XR_METAX1_local_dimming` due to: Tier=55 extState=APC deviceIsExpEnabled=false expManifestSet=true isFirstPartyApp=false isSystemApp=false
12-08 16:15:47.279 I/OpenXR  (12932): xrEnumerateInstanceExtensionProperties: skipping extension=`XR_META_foveation_eye_tracked` due to: missing uses-feature string `oculus.software.eye_tracking` from AndroidManifest
12-08 16:15:47.279 I/OpenXR  (12932): xrEnumerateInstanceExtensionProperties: skipping extension=`XR_FBX1_eye_tracking` due to: Tier=55 extState=APC deviceIsExpEnabled=false expManifestSet=true isFirstPartyApp=false isSystemApp=false
12-08 16:15:47.279 I/OpenXR  (12932): xrEnumerateInstanceExtensionProperties: skipping extension=`XR_FBX1_eye_tracking_social` due to: Tier=55 extState=APC deviceIsExpEnabled=false expManifestSet=true isFirstPartyApp=false isSystemApp=false
12-08 16:15:47.279 I/OpenXR  (12932): xrEnumerateInstanceExtensionProperties: skipping extension=`XR_FB_eye_tracking_social` due to: missing uses-feature string `oculus.software.eye_tracking` from AndroidManifest
12-08 16:15:47.279 I/OpenXR  (12932): xrEnumerateInstanceExtensionProperties: skipping extension=`XR_FBX1_eye_tracking_social_config` due to: Tier=55 extState=APC deviceIsExpEnabled=false expManifestSet=true isFirstPartyApp=false isSystemApp=false
12-08 16:15:47.279 I/OpenXR  (12932): xrEnumerateInstanceExtensionProperties: skipping extension=`XR_FBX1_composition_layer_settings` due to: Tier=40 extState=APC deviceIsExpEnabled=false expManifestSet=true isFirstPartyApp=false isSystemApp=false
12-08 16:15:47.279 I/OpenXR  (12932): xrEnumerateInstanceExtensionProperties: skipping extension=`XR_METAX1_feature_fidelity` due to: Tier=55 extState=APC deviceIsExpEnabled=false expManifestSet=true isFirstPartyApp=false isSystemApp=false
12-08 16:15:47.279 I/OpenXR  (12932): xrEnumerateInstanceExtensionProperties: skipping extension=`XR_FBX1_composition_layer_depth_test` due to: Tier=40 extState=APC deviceIsExpEnabled=false expManifestSet=true isFirstPartyApp=false isSystemApp=false
12-08 16:15:47.279 I/OpenXR  (12932): Checking for permission horizonos.permission.EYE_TRACKING of package com.example.moonlight_spatialsdk
12-08 16:15:47.281 I/OpenXR  (12932): Required permission horizonos.permission.EYE_TRACKING is missing, retrying check as com.oculus.permission.EYE_TRACKING -> 0
12-08 16:15:47.281 I/OpenXR  (12932): xrEnumerateInstanceExtensionProperties: skipping extension=`XR_EXT_eye_gaze_interaction` due to: missing uses-permission string `horizonos.permission.EYE_TRACKING` from AndroidManifest in package `com.example.moonlight_spatialsdk`
12-08 16:15:47.281 I/OpenXR  (12932): xrEnumerateInstanceExtensionProperties: skipping extension=`XR_METAX1_hand_tracking_body_fusion` due to: Tier=50 extState=APC deviceIsExpEnabled=false expManifestSet=true isFirstPartyApp=false isSystemApp=false
12-08 16:15:47.281 I/OpenXR  (12932): xrEnumerateInstanceExtensionProperties: skipping extension=`XR_META_hand_tracking_wide_motion_mode` due to: missing uses-feature string `com.oculus.software.body_tracking` from AndroidManifest
12-08 16:15:47.281 I/OpenXR  (12932): xrEnumerateInstanceExtensionProperties: skipping extension=`XR_METAX1_hand_tracking_wide_motion_mode2` due to: Tier=50 extState=APC deviceIsExpEnabled=false expManifestSet=true isFirstPartyApp=false isSystemApp=false
12-08 16:15:47.281 I/OpenXR  (12932): xrEnumerateInstanceExtensionProperties: skipping extension=`XR_METAX1_hand_tracking_frequency_hint` due to: Tier=50 extState=APC deviceIsExpEnabled=false expManifestSet=true isFirstPartyApp=false isSystemApp=false
12-08 16:15:47.281 I/OpenXR  (12932): xrEnumerateInstanceExtensionProperties: skipping extension=`XR_METAX1_hand_tracking_unextrapolated_poses` due to: Tier=50 extState=APC deviceIsExpEnabled=false expManifestSet=true isFirstPartyApp=false isSystemApp=false
12-08 16:15:47.281 I/OpenXR  (12932): xrEnumerateInstanceExtensionProperties: skipping extension=`XR_EXTX1_hand_tracking_data_source` due to: Tier=40 extState=APC deviceIsExpEnabled=false expManifestSet=true isFirstPartyApp=false isSystemApp=false
12-08 16:15:47.281 I/OpenXR  (12932): xrEnumerateInstanceExtensionProperties: skipping extension=`XR_METAX1_performance_metrics` due to: Tier=40 extState=APC deviceIsExpEnabled=false expManifestSet=true isFirstPartyApp=false isSystemApp=false
12-08 16:15:47.281 I/OpenXR  (12932): xrEnumerateInstanceExtensionProperties: skipping extension=`XR_METAX1_spatial_entity_marker` due to: Tier=40 extState=APC deviceIsExpEnabled=false expManifestSet=true isFirstPartyApp=false isSystemApp=false
12-08 16:15:47.281 I/OpenXR  (12932): xrEnumerateInstanceExtensionProperties: skipping extension=`XR_METAX1_virtual_keyboard` due to: Tier=40 extState=APC deviceIsExpEnabled=false expManifestSet=true isFirstPartyApp=false isSystemApp=false
12-08 16:15:47.281 I/OpenXR  (12932): xrEnumerateInstanceExtensionProperties: skipping extension=`XR_METAX2_virtual_keyboard` due to: Tier=40 extState=APC deviceIsExpEnabled=false expManifestSet=true isFirstPartyApp=false isSystemApp=false
12-08 16:15:47.281 I/OpenXR  (12932): xrEnumerateInstanceExtensionProperties: skipping extension=`XR_METAX1_fitness_toolkit` due to: Tier=50 extState=APC deviceIsExpEnabled=false expManifestSet=true isFirstPartyApp=false isSystemApp=false
12-08 16:15:47.281 I/OpenXR  (12932): xrEnumerateInstanceExtensionProperties: skipping extension=`XR_EXTX1_event_channel` due to: Tier=40 extState=APC deviceIsExpEnabled=false expManifestSet=true isFirstPartyApp=false isSystemApp=false
12-08 16:15:47.281 I/OpenXR  (12932): xrEnumerateInstanceExtensionProperties: skipping extension=`XR_METAX1_environment_depth` due to: Tier=40 extState=APC deviceIsExpEnabled=false expManifestSet=true isFirstPartyApp=false isSystemApp=false
12-08 16:15:47.281 I/OpenXR  (12932): xrEnumerateInstanceExtensionProperties: skipping extension=`XR_METAX2_environment_depth` due to: Tier=40 extState=APC deviceIsExpEnabled=false expManifestSet=true isFirstPartyApp=false isSystemApp=false
12-08 16:15:47.281 I/OpenXR  (12932): Checking for permission horizonos.permission.USE_SCENE of package com.example.moonlight_spatialsdk
12-08 16:15:47.283 I/OpenXR  (12932): Required permission horizonos.permission.USE_SCENE is missing, retrying check as com.oculus.permission.USE_SCENE -> 0
12-08 16:15:47.283 I/OpenXR  (12932): xrEnumerateInstanceExtensionProperties: skipping extension=`XR_META_environment_depth` due to: missing uses-permission string `horizonos.permission.USE_SCENE` from AndroidManifest in package `com.example.moonlight_spatialsdk`
12-08 16:15:47.283 I/OpenXR  (12932): Checking for permission horizonos.permission.USE_SCENE of package com.example.moonlight_spatialsdk
12-08 16:15:47.284 I/OpenXR  (12932): Required permission horizonos.permission.USE_SCENE is missing, retrying check as com.oculus.permission.USE_SCENE -> 0
12-08 16:15:47.284 I/OpenXR  (12932): xrEnumerateInstanceExtensionProperties: skipping extension=`XR_META_environment_raycast` due to: missing uses-permission string `horizonos.permission.USE_SCENE` from AndroidManifest in package `com.example.moonlight_spatialsdk`
12-08 16:15:47.284 I/OpenXR  (12932): xrEnumerateInstanceExtensionProperties: skipping extension=`XR_METAX1_automatic_layer_filter` due to: Tier=50 extState=APC deviceIsExpEnabled=false expManifestSet=true isFirstPartyApp=false isSystemApp=false
12-08 16:15:47.284 I/OpenXR  (12932): xrEnumerateInstanceExtensionProperties: skipping extension=`XR_METAX1_body_tracking_fidelity` due to: Tier=50 extState=APC deviceIsExpEnabled=false expManifestSet=true isFirstPartyApp=false isSystemApp=false
12-08 16:15:47.284 I/OpenXR  (12932): xrEnumerateInstanceExtensionProperties: skipping extension=`XR_META_body_tracking_fidelity` due to: missing uses-feature string `com.oculus.software.body_tracking` from AndroidManifest
12-08 16:15:47.284 I/OpenXR  (12932): xrEnumerateInstanceExtensionProperties: skipping extension=`XR_METAX1_body_tracking_calibration` due to: Tier=50 extState=APC deviceIsExpEnabled=false expManifestSet=true isFirstPartyApp=false isSystemApp=false
12-08 16:15:47.284 I/OpenXR  (12932): xrEnumerateInstanceExtensionProperties: skipping extension=`XR_META_body_tracking_calibration` due to: missing uses-feature string `com.oculus.software.body_tracking` from AndroidManifest
12-08 16:15:47.284 I/OpenXR  (12932): xrEnumerateInstanceExtensionProperties: skipping extension=`XR_METAX1_view_locate_stabilization` due to: Tier=50 extState=APC deviceIsExpEnabled=false expManifestSet=true isFirstPartyApp=false isSystemApp=false
12-08 16:15:47.284 I/OpenXR  (12932): xrEnumerateInstanceExtensionProperties: skipping extension=`XR_METAX1_boundary_visibility` due to: Tier=50 extState=APC deviceIsExpEnabled=false expManifestSet=true isFirstPartyApp=false isSystemApp=false
12-08 16:15:47.284 I/OpenXR  (12932): Checking for permission com.oculus.permission.BOUNDARY_VISIBILITY of package com.example.moonlight_spatialsdk
12-08 16:15:47.285 I/OpenXR  (12932): xrEnumerateInstanceExtensionProperties: skipping extension=`XR_META_boundary_visibility` due to: missing uses-permission string `com.oculus.permission.BOUNDARY_VISIBILITY` from AndroidManifest in package `com.example.moonlight_spatialsdk`
12-08 16:15:47.285 I/OpenXR  (12932): xrEnumerateInstanceExtensionProperties: skipping extension=`XR_METAX1_dynamic_object_tracker` due to: Tier=40 extState=APC deviceIsExpEnabled=false expManifestSet=true isFirstPartyApp=false isSystemApp=false
12-08 16:15:47.285 I/OpenXR  (12932): Checking for permission horizonos.permission.USE_SCENE of package com.example.moonlight_spatialsdk
12-08 16:15:47.286 I/OpenXR  (12932): Required permission horizonos.permission.USE_SCENE is missing, retrying check as com.oculus.permission.USE_SCENE -> 0
12-08 16:15:47.286 I/OpenXR  (12932): xrEnumerateInstanceExtensionProperties: skipping extension=`XR_META_dynamic_object_tracker` due to: missing uses-permission string `horizonos.permission.USE_SCENE` from AndroidManifest in package `com.example.moonlight_spatialsdk`
12-08 16:15:47.286 I/OpenXR  (12932): Checking for permission horizonos.permission.USE_SCENE of package com.example.moonlight_spatialsdk
12-08 16:15:47.288 I/OpenXR  (12932): Required permission horizonos.permission.USE_SCENE is missing, retrying check as com.oculus.permission.USE_SCENE -> 0
12-08 16:15:47.288 I/OpenXR  (12932): xrEnumerateInstanceExtensionProperties: skipping extension=`XR_META_dynamic_object_keyboard` due to: missing uses-permission string `horizonos.permission.USE_SCENE` from AndroidManifest in package `com.example.moonlight_spatialsdk`
12-08 16:15:47.288 I/OpenXR  (12932): xrEnumerateInstanceExtensionProperties: skipping extension=`XR_METAX2_temporal_antialiasing` due to: Tier=50 extState=APC deviceIsExpEnabled=false expManifestSet=true isFirstPartyApp=false isSystemApp=false
12-08 16:15:47.288 I/OpenXR  (12932): xrEnumerateInstanceExtensionProperties: skipping extension=`XR_METAX3_temporal_antialiasing` due to: Tier=50 extState=APC deviceIsExpEnabled=false expManifestSet=true isFirstPartyApp=false isSystemApp=false
12-08 16:15:47.288 I/OpenXR  (12932): xrEnumerateInstanceExtensionProperties: skipping extension=`XR_LOGITECHX1_kadavu_interaction` due to: Tier=50 extState=APC deviceIsExpEnabled=false expManifestSet=true isFirstPartyApp=false isSystemApp=false
12-08 16:15:47.288 I/OpenXR  (12932): xrEnumerateInstanceExtensionProperties: skipping extension=`XR_METAX1_performance_modes` due to: Tier=50 extState=APC deviceIsExpEnabled=false expManifestSet=true isFirstPartyApp=false isSystemApp=false
12-08 16:15:47.288 I/OpenXR  (12932): xrEnumerateInstanceExtensionProperties: skipping extension=`XR_METAX2_colocation` due to: Tier=50 extState=APC deviceIsExpEnabled=false expManifestSet=true isFirstPartyApp=false isSystemApp=false
12-08 16:15:47.288 I/OpenXR  (12932): xrEnumerateInstanceExtensionProperties: skipping extension=`XR_METAX2_debug_utils_region_profiling` due to: Tier=50 extState=APC deviceIsExpEnabled=false expManifestSet=true isFirstPartyApp=false isSystemApp=false
12-08 16:15:47.288 I/OpenXR  (12932): xrEnumerateInstanceExtensionProperties: skipping extension=`XR_METAX1_swapchain_memory_aliased` due to: Tier=50 extState=APC deviceIsExpEnabled=false expManifestSet=true isFirstPartyApp=false isSystemApp=false
12-08 16:15:47.288 I/OpenXR  (12932): xrEnumerateInstanceExtensionProperties: skipping extension=`XR_EXTX2_stationary_reference_space` due to: Tier=40 extState=APC deviceIsExpEnabled=false expManifestSet=true isFirstPartyApp=false isSystemApp=false
12-08 16:15:47.288 I/OpenXR  (12932): Checking for permission horizonos.permission.USE_ANCHOR_API of package com.example.moonlight_spatialsdk
12-08 16:15:47.290 I/OpenXR  (12932): Required permission horizonos.permission.USE_ANCHOR_API is missing, retrying check as com.oculus.permission.USE_ANCHOR_API -> 0
12-08 16:15:47.290 I/OpenXR  (12932): xrEnumerateInstanceExtensionProperties: skipping extension=`XR_EXT_spatial_entity` due to: missing uses-permission string `horizonos.permission.USE_ANCHOR_API` from AndroidManifest in package `com.example.moonlight_spatialsdk`
12-08 16:15:47.290 I/OpenXR  (12932): Checking for permission horizonos.permission.USE_ANCHOR_API of package com.example.moonlight_spatialsdk
12-08 16:15:47.291 I/OpenXR  (12932): Required permission horizonos.permission.USE_ANCHOR_API is missing, retrying check as com.oculus.permission.USE_ANCHOR_API -> 0
12-08 16:15:47.291 I/OpenXR  (12932): xrEnumerateInstanceExtensionProperties: skipping extension=`XR_EXT_spatial_anchor` due to: missing uses-permission string `horizonos.permission.USE_ANCHOR_API` from AndroidManifest in package `com.example.moonlight_spatialsdk`
12-08 16:15:47.291 I/OpenXR  (12932): Checking for permission horizonos.permission.USE_SCENE of package com.example.moonlight_spatialsdk
12-08 16:15:47.293 I/OpenXR  (12932): Required permission horizonos.permission.USE_SCENE is missing, retrying check as com.oculus.permission.USE_SCENE -> 0
12-08 16:15:47.293 I/OpenXR  (12932): xrEnumerateInstanceExtensionProperties: skipping extension=`XR_EXT_spatial_plane_tracking` due to: missing uses-permission string `horizonos.permission.USE_SCENE` from AndroidManifest in package `com.example.moonlight_spatialsdk`
12-08 16:15:47.293 I/OpenXR  (12932): Checking for permission horizonos.permission.USE_ANCHOR_API of package com.example.moonlight_spatialsdk
12-08 16:15:47.294 I/OpenXR  (12932): Required permission horizonos.permission.USE_ANCHOR_API is missing, retrying check as com.oculus.permission.USE_ANCHOR_API -> 0
12-08 16:15:47.294 I/OpenXR  (12932): xrEnumerateInstanceExtensionProperties: skipping extension=`XR_EXT_spatial_persistence` due to: missing uses-permission string `horizonos.permission.USE_ANCHOR_API` from AndroidManifest in package `com.example.moonlight_spatialsdk`
12-08 16:15:47.294 I/OpenXR  (12932): Checking for permission horizonos.permission.USE_ANCHOR_API of package com.example.moonlight_spatialsdk
12-08 16:15:47.296 I/OpenXR  (12932): Required permission horizonos.permission.USE_ANCHOR_API is missing, retrying check as com.oculus.permission.USE_ANCHOR_API -> 0
12-08 16:15:47.296 I/OpenXR  (12932): xrEnumerateInstanceExtensionProperties: skipping extension=`XR_EXT_spatial_persistence_operations` due to: missing uses-permission string `horizonos.permission.USE_ANCHOR_API` from AndroidManifest in package `com.example.moonlight_spatialsdk`
12-08 16:15:47.296 I/OpenXR  (12932): Checking for permission horizonos.permission.USE_SCENE of package com.example.moonlight_spatialsdk
12-08 16:15:47.297 I/OpenXR  (12932): Required permission horizonos.permission.USE_SCENE is missing, retrying check as com.oculus.permission.USE_SCENE -> 0
12-08 16:15:47.297 I/OpenXR  (12932): xrEnumerateInstanceExtensionProperties: skipping extension=`XR_EXT_spatial_marker_tracking` due to: missing uses-permission string `horizonos.permission.USE_SCENE` from AndroidManifest in package `com.example.moonlight_spatialsdk`
12-08 16:15:47.297 I/OpenXR  (12932): xrEnumerateInstanceExtensionProperties: skipping extension=`XR_METAX1_graphics_budget` due to: Tier=50 extState=APC deviceIsExpEnabled=false expManifestSet=true isFirstPartyApp=false isSystemApp=false
12-08 16:15:47.297 I/OpenXR  (12932): xrEnumerateInstanceExtensionProperties: skipping extension=`XR_METAX1_dynamic_performance_scaling` due to: Tier=50 extState=APC deviceIsExpEnabled=false expManifestSet=true isFirstPartyApp=false isSystemApp=false
12-08 16:15:47.297 I/OpenXR  (12932): xrEnumerateInstanceExtensionProperties: skipping extension=`XR_EXTX1_haptic_parametric` due to: Tier=40 extState=APC deviceIsExpEnabled=false expManifestSet=true isFirstPartyApp=false isSystemApp=false
12-08 16:15:47.297 V/OpenXR-Loader(12932): Verbose [GENERAL | xrEnumerateInstanceExtensionProperties | OpenXR-Loader] : Completed loader trampoline
12-08 16:15:47.297 V/OpenXR-Loader(12932): Verbose [GENERAL | xrEnumerateInstanceExtensionProperties | OpenXR-Loader] : Entering loader trampoline
12-08 16:15:47.298 V/OpenXR-Loader(12932): Verbose [GENERAL | xrEnumerateInstanceExtensionProperties | OpenXR-Loader] : Completed loader trampoline
12-08 16:15:47.298 I/HorizonStandalone(12932): Hmi: OpenXR extension available: XR_KHR_android_create_instance
12-08 16:15:47.298 I/HorizonStandalone(12932): Hmi: OpenXR extension available: XR_KHR_android_surface_swapchain
12-08 16:15:47.298 I/HorizonStandalone(12932): Hmi: OpenXR extension available: XR_KHR_android_thread_settings
12-08 16:15:47.298 I/HorizonStandalone(12932): Hmi: OpenXR extension available: XR_FB_android_surface_swapchain_create
12-08 16:15:47.298 I/HorizonStandalone(12932): Hmi: OpenXR extension available: XR_KHR_opengl_es_enable
12-08 16:15:47.298 I/HorizonStandalone(12932): Hmi: OpenXR extension available: XR_KHR_vulkan_enable
12-08 16:15:47.298 I/HorizonStandalone(12932): Hmi: OpenXR extension available: XR_KHR_vulkan_enable2
12-08 16:15:47.298 I/HorizonStandalone(12932): Hmi: OpenXR extension available: XR_KHR_composition_layer_cube
12-08 16:15:47.298 I/HorizonStandalone(12932): Hmi: OpenXR extension available: XR_KHR_composition_layer_cylinder
12-08 16:15:47.298 I/HorizonStandalone(12932): Hmi: OpenXR extension available: XR_KHR_composition_layer_equirect2
12-08 16:15:47.298 I/HorizonStandalone(12932): Hmi: OpenXR extension available: XR_KHR_composition_layer_color_scale_bias
12-08 16:15:47.298 I/HorizonStandalone(12932): Hmi: OpenXR extension available: XR_KHR_composition_layer_depth
12-08 16:15:47.298 I/HorizonStandalone(12932): Hmi: OpenXR extension available: XR_FB_color_space
12-08 16:15:47.298 I/HorizonStandalone(12932): Hmi: OpenXR extension available: XR_EXT_performance_settings
12-08 16:15:47.298 I/HorizonStandalone(12932): Hmi: OpenXR extension available: XR_EXT_hand_tracking
12-08 16:15:47.298 I/HorizonStandalone(12932): Hmi: OpenXR extension available: XR_EXT_debug_utils
12-08 16:15:47.298 I/HorizonStandalone(12932): Hmi: OpenXR extension available: XR_FB_display_refresh_rate
12-08 16:15:47.298 I/HorizonStandalone(12932): Hmi: OpenXR extension available: XR_FB_swapchain_update_state
12-08 16:15:47.298 I/HorizonStandalone(12932): Hmi: OpenXR extension available: XR_FB_swapchain_update_state_opengl_es
12-08 16:15:47.298 I/HorizonStandalone(12932): Hmi: OpenXR extension available: XR_FB_swapchain_update_state_vulkan
12-08 16:15:47.298 I/HorizonStandalone(12932): Hmi: OpenXR extension available: XR_FB_swapchain_update_state_android_surface
12-08 16:15:47.298 I/HorizonStandalone(12932): Hmi: OpenXR extension available: XR_OCULUS_common_reference_spaces
12-08 16:15:47.298 I/HorizonStandalone(12932): Hmi: OpenXR extension available: XR_FB_composition_layer_image_layout
12-08 16:15:47.298 I/HorizonStandalone(12932): Hmi: OpenXR extension available: XR_FB_composition_layer_alpha_blend
12-08 16:15:47.298 I/HorizonStandalone(12932): Hmi: OpenXR extension available: XR_EXT_composition_layer_inverted_alpha
12-08 16:15:47.298 I/HorizonStandalone(12932): Hmi: OpenXR extension available: XR_FB_common_events
12-08 16:15:47.298 I/HorizonStandalone(12932): Hmi: OpenXR extension available: XR_FB_hand_tracking_mesh
12-08 16:15:47.298 I/HorizonStandalone(12932): Hmi: OpenXR extension available: XR_FB_hand_tracking_aim
12-08 16:15:47.298 I/HorizonStandalone(12932): Hmi: OpenXR extension available: XR_FB_hand_tracking_capsules
12-08 16:15:47.298 I/HorizonStandalone(12932): Hmi: OpenXR extension available: XR_META_hand_tracking_microgestures
12-08 16:15:47.298 I/HorizonStandalone(12932): Hmi: OpenXR extension available: XR_FB_foveation
12-08 16:15:47.298 I/HorizonStandalone(12932): Hmi: OpenXR extension available: XR_FB_foveation_configuration
12-08 16:15:47.298 I/HorizonStandalone(12932): Hmi: OpenXR extension available: XR_FB_foveation_vulkan
12-08 16:15:47.298 I/HorizonStandalone(12932): Hmi: OpenXR extension available: XR_FB_composition_layer_secure_content
12-08 16:15:47.298 I/HorizonStandalone(12932): Hmi: OpenXR extension available: XR_KHR_convert_timespec_time
12-08 16:15:47.298 I/HorizonStandalone(12932): Hmi: OpenXR extension available: XR_FB_triangle_mesh
12-08 16:15:47.298 I/HorizonStandalone(12932): Hmi: OpenXR extension available: XR_FB_passthrough
12-08 16:15:47.298 I/HorizonStandalone(12932): Hmi: OpenXR extension available: XR_META_passthrough_color_lut
12-08 16:15:47.298 I/HorizonStandalone(12932): Hmi: OpenXR extension available: XR_META_passthrough_layer_resumed_event
12-08 16:15:47.298 I/HorizonStandalone(12932): Hmi: OpenXR extension available: XR_META_passthrough_preferences
12-08 16:15:47.298 I/HorizonStandalone(12932): Hmi: OpenXR extension available: XR_FB_render_model
12-08 16:15:47.298 I/HorizonStandalone(12932): Hmi: OpenXR extension available: XR_FB_touch_controller_proximity
12-08 16:15:47.298 I/HorizonStandalone(12932): Hmi: OpenXR extension available: XR_FB_touch_controller_pro
12-08 16:15:47.298 I/HorizonStandalone(12932): Hmi: OpenXR extension available: XR_META_touch_controller_plus
12-08 16:15:47.298 I/HorizonStandalone(12932): Hmi: OpenXR extension available: XR_FB_haptic_amplitude_envelope
12-08 16:15:47.298 I/HorizonStandalone(12932): Hmi: OpenXR extension available: XR_FB_haptic_pcm
12-08 16:15:47.298 I/HorizonStandalone(12932): Hmi: OpenXR extension available: XR_FB_spatial_entity_user
12-08 16:15:47.298 I/HorizonStandalone(12932): Hmi: OpenXR extension available: XR_FB_space_warp
12-08 16:15:47.298 I/HorizonStandalone(12932): Hmi: OpenXR extension available: XR_META_vulkan_swapchain_create_info
12-08 16:15:47.298 I/HorizonStandalone(12932): Hmi: OpenXR extension available: XR_FB_composition_layer_settings
12-08 16:15:47.298 I/HorizonStandalone(12932): Hmi: OpenXR extension available: XR_META_feature_fidelity
12-08 16:15:47.298 I/HorizonStandalone(12932): Hmi: OpenXR extension available: XR_FB_composition_layer_depth_test
12-08 16:15:47.298 I/HorizonStandalone(12932): Hmi: OpenXR extension available: XR_EXT_hand_joints_motion_range
12-08 16:15:47.298 I/HorizonStandalone(12932): Hmi: OpenXR extension available: XR_EXT_hand_tracking_data_source
12-08 16:15:47.298 I/HorizonStandalone(12932): Hmi: OpenXR extension available: XR_META_performance_metrics
12-08 16:15:47.298 I/HorizonStandalone(12932): Hmi: OpenXR extension available: XR_META_virtual_keyboard
12-08 16:15:47.298 I/HorizonStandalone(12932): Hmi: OpenXR extension available: XR_META_detached_controllers
12-08 16:15:47.298 I/HorizonStandalone(12932): Hmi: OpenXR extension available: XR_MSFT_hand_interaction
12-08 16:15:47.298 I/HorizonStandalone(12932): Hmi: OpenXR extension available: XR_META_headset_id
12-08 16:15:47.298 I/HorizonStandalone(12932): Hmi: OpenXR extension available: XR_META_recommended_layer_resolution
12-08 16:15:47.298 I/HorizonStandalone(12932): Hmi: OpenXR extension available: XR_EXT_active_action_set_priority
12-08 16:15:47.298 I/HorizonStandalone(12932): Hmi: OpenXR extension available: XR_META_automatic_layer_filter
12-08 16:15:47.298 I/HorizonStandalone(12932): Hmi: OpenXR extension available: XR_EXT_palm_pose
12-08 16:15:47.298 I/HorizonStandalone(12932): Hmi: OpenXR extension available: XR_META_simultaneous_hands_and_controllers
12-08 16:15:47.298 I/HorizonStandalone(12932): Hmi: OpenXR extension available: XR_EXT_local_floor
12-08 16:15:47.298 I/HorizonStandalone(12932): Hmi: OpenXR extension available: XR_EXT_hand_interaction
12-08 16:15:47.298 I/HorizonStandalone(12932): Hmi: OpenXR extension available: XR_EXT_user_presence
12-08 16:15:47.298 I/HorizonStandalone(12932): Hmi: OpenXR extension available: XR_KHR_visibility_mask
12-08 16:15:47.298 I/HorizonStandalone(12932): Hmi: OpenXR extension available: XR_LOGITECH_mx_ink_stylus_interaction
12-08 16:15:47.298 I/HorizonStandalone(12932): Hmi: OpenXR extension available: XR_EXT_future
12-08 16:15:47.298 I/HorizonStandalone(12932): Hmi: OpenXR extension available: XR_EXT_frame_synthesis
12-08 16:15:47.298 I/HorizonStandalone(12932): Hmi: OpenXR extension available: XR_META_tile_properties_hint
12-08 16:15:47.298 I/HorizonStandalone(12932): Hmi: OpenXR extension available: XR_KHR_maintenance1
12-08 16:15:47.298 I/HorizonStandalone(12932): Hmi: Desired extension not found: XR_FB_body_tracking
12-08 16:15:47.298 I/HorizonStandalone(12932): Hmi: Desired extension not found: XR_EXT_eye_gaze_interaction
12-08 16:15:47.298 I/HorizonStandalone(12932): Hmi: Desired extension not found: XR_FB_eye_tracking_social
12-08 16:15:47.298 I/HorizonStandalone(12932): Hmi: Desired extension not found: XR_FB_scene_capture
12-08 16:15:47.298 I/HorizonStandalone(12932): Hmi: Desired extension not found: XR_FB_spatial_entity
12-08 16:15:47.298 I/HorizonStandalone(12932): Hmi: Desired extension not found: XR_FB_spatial_entity_query
12-08 16:15:47.298 I/HorizonStandalone(12932): Hmi: Desired extension not found: XR_FBX1_plane
12-08 16:15:47.298 I/HorizonStandalone(12932): Hmi: Desired extension not found: XR_METAX1_environment_depth
12-08 16:15:47.298 I/HorizonStandalone(12932): Hmi: Desired extension not found: XR_METAX2_environment_depth
12-08 16:15:47.298 I/HorizonStandalone(12932): Hmi: Desired extension not found: XR_METAX1_virtual_reference_space
12-08 16:15:47.298 I/HorizonStandalone(12932): Hmi: Desired extension not found: XR_EXTX1_event_channel
12-08 16:15:47.298 I/HorizonStandalone(12932): Hmi: Desired extension not found: XR_FB_spatial_entity_storage
12-08 16:15:47.298 I/HorizonStandalone(12932): Hmi: Desired extension not found: XR_FB_spatial_entity_container
12-08 16:15:47.298 I/HorizonStandalone(12932): Hmi: Desired extension not found: XR_META_spatial_entity_discovery
12-08 16:15:47.298 I/HorizonStandalone(12932): Hmi: Desired extension not found: XR_META_environment_depth
12-08 16:15:47.298 I/HorizonStandalone(12932): Hmi: Desired extension not found: XR_META_spatial_entity_mesh
12-08 16:15:47.299 I/HorizonStandalone(12932): Hmi: Desired extension not found: XR_FB_scene
12-08 16:15:47.299 I/HorizonStandalone(12932): Hmi: enabled OpenXR extension: 'XR_FB_android_surface_swapchain_create'
12-08 16:15:47.299 I/HorizonStandalone(12932): Hmi: enabled OpenXR extension: 'XR_KHR_android_surface_swapchain'
12-08 16:15:47.299 I/HorizonStandalone(12932): Hmi: enabled OpenXR extension: 'XR_KHR_vulkan_enable'
12-08 16:15:47.299 I/HorizonStandalone(12932): Hmi: enabled OpenXR extension: 'XR_FB_swapchain_update_state'
12-08 16:15:47.299 I/HorizonStandalone(12932): Hmi: enabled OpenXR extension: 'XR_FB_touch_controller_proximity'
12-08 16:15:47.299 I/HorizonStandalone(12932): Hmi: enabled OpenXR extension: 'XR_FB_foveation'
12-08 16:15:47.299 I/HorizonStandalone(12932): Hmi: enabled OpenXR extension: 'XR_KHR_visibility_mask'
12-08 16:15:47.299 I/HorizonStandalone(12932): Hmi: enabled OpenXR extension: 'XR_FB_hand_tracking_mesh'
12-08 16:15:47.299 I/HorizonStandalone(12932): Hmi: enabled OpenXR extension: 'XR_FB_foveation_configuration'
12-08 16:15:47.299 I/HorizonStandalone(12932): Hmi: enabled OpenXR extension: 'XR_EXT_user_presence'
12-08 16:15:47.299 I/HorizonStandalone(12932): Hmi: enabled OpenXR extension: 'XR_FB_foveation_vulkan'
12-08 16:15:47.299 I/HorizonStandalone(12932): Hmi: enabled OpenXR extension: 'XR_FB_common_events'
12-08 16:15:47.299 I/HorizonStandalone(12932): Hmi: enabled OpenXR extension: 'XR_EXT_hand_joints_motion_range'
12-08 16:15:47.299 I/HorizonStandalone(12932): Hmi: enabled OpenXR extension: 'XR_KHR_composition_layer_color_scale_bias'
12-08 16:15:47.299 I/HorizonStandalone(12932): Hmi: enabled OpenXR extension: 'XR_EXT_local_floor'
12-08 16:15:47.299 I/HorizonStandalone(12932): Hmi: enabled OpenXR extension: 'XR_EXT_performance_settings'
12-08 16:15:47.299 I/HorizonStandalone(12932): Hmi: enabled OpenXR extension: 'XR_FB_composition_layer_secure_content'
12-08 16:15:47.299 I/HorizonStandalone(12932): Hmi: enabled OpenXR extension: 'XR_KHR_composition_layer_cylinder'
12-08 16:15:47.299 I/HorizonStandalone(12932): Hmi: enabled OpenXR extension: 'XR_FB_display_refresh_rate'
12-08 16:15:47.299 I/HorizonStandalone(12932): Hmi: enabled OpenXR extension: 'XR_KHR_vulkan_enable2'
12-08 16:15:47.299 I/HorizonStandalone(12932): Hmi: enabled OpenXR extension: 'XR_FB_composition_layer_alpha_blend'
12-08 16:15:47.299 I/HorizonStandalone(12932): Hmi: enabled OpenXR extension: 'XR_EXT_hand_tracking'
12-08 16:15:47.299 I/HorizonStandalone(12932): Hmi: enabled OpenXR extension: 'XR_FB_touch_controller_pro'
12-08 16:15:47.299 I/HorizonStandalone(12932): Hmi: enabled OpenXR extension: 'XR_META_hand_tracking_microgestures'
12-08 16:15:47.299 I/HorizonStandalone(12932): Hmi: enabled OpenXR extension: 'XR_KHR_composition_layer_cube'
12-08 16:15:47.299 I/HorizonStandalone(12932): Hmi: enabled OpenXR extension: 'XR_FB_passthrough'
12-08 16:15:47.299 I/HorizonStandalone(12932): Hmi: enabled OpenXR extension: 'XR_META_passthrough_color_lut'
12-08 16:15:47.299 I/HorizonStandalone(12932): Hmi: enabled OpenXR extension: 'XR_EXT_hand_interaction'
12-08 16:15:47.299 I/HorizonStandalone(12932): Hmi: enabled OpenXR extension: 'XR_FB_hand_tracking_aim'
12-08 16:15:47.299 I/HorizonStandalone(12932): Hmi: enabled OpenXR extension: 'XR_EXT_hand_tracking_data_source'
12-08 16:15:47.299 I/HorizonStandalone(12932): Hmi: enabled OpenXR extension: 'XR_META_headset_id'
12-08 16:15:47.299 I/HorizonStandalone(12932): Hmi: enabled OpenXR extension: 'XR_META_passthrough_preferences'
12-08 16:15:47.299 I/HorizonStandalone(12932): Hmi: enabled OpenXR extension: 'XR_META_touch_controller_plus'
12-08 16:15:47.299 I/HorizonStandalone(12932): Hmi: enabled OpenXR extension: 'XR_FB_render_model'
12-08 16:15:47.299 I/HorizonStandalone(12932): Hmi: enabled OpenXR extension: 'XR_FB_color_space'
12-08 16:15:47.299 I/HorizonStandalone(12932): Hmi: enabled OpenXR extension: 'XR_KHR_composition_layer_equirect2'
12-08 16:15:47.299 V/OpenXR-Loader(12932): Verbose [GENERAL | xrCreateInstance | OpenXR-Loader] : Entering loader trampoline
12-08 16:15:47.299 V/OpenXR-Loader(12932): Verbose [GENERAL | xrCreateInstance | OpenXR-Loader] : Entering LoaderInstance::CreateInstance
12-08 16:15:47.299 V/OpenXR-Loader(12932): Verbose [GENERAL | xrCreateInstance | OpenXR-Loader] : Entering loader terminator
12-08 16:15:47.299 I/OpenXR  (12932): ----------- xrCreateInstance [start] ----------
12-08 16:15:47.299 I/OpenXR_ClientState(12932): OpenXRClientState::create - from xrCreateInstance
12-08 16:15:47.299 I/VersionGater(12932): App OpenXR version is 1.1.48
12-08 16:15:47.299 I/VersionGater(12932): Version gate state: 1111 1111 1111 1111 0000 0000 000
12-08 16:15:47.303 I/TREX    (12932): Initializing TREX for client 442b3e812d050761...
12-08 16:15:47.303 I/TREX    (12932): Initializing system...
12-08 16:15:47.303 I/XrRuntimeSystem_Client(12932): BodyPoweredHands checkSysPropForBodyAPIOverride 0
12-08 16:15:47.303 I/XrRuntimeSystem_Client(12932): SP plugin: permissionMatch 0, skipSysProp 0. shouldLoad 0
12-08 16:15:47.303 I/TREXLoadPolicy(12932): RenderModelPlugin: all features matched!
12-08 16:15:47.303 I/TREXLoadPolicy(12932): RenderModelPlugin: all permissions matched!
12-08 16:15:47.304 I/TREX    (12932): Created plugin package context for com.oculus.systemdriver
12-08 16:15:47.305 I/RuntimeIPCSystem [RUNTIMEIPC](12932): RuntimeIPCSystem: Init called: Version: 81, Platform: Android, Build Date: Dec  7 2025, Build Time: 14:26:30, BuildMode: shared
12-08 16:15:47.306 I/RuntimeIpcHelperService( 2051): Going to start ComponentInfo{com.oculus.systemdriver/com.oculus.vrruntimeservice.VrRuntimeService} as foreground, Calling uid: 10177 pid: 12932
12-08 16:15:47.307 I/RipcServerClientHandler [RUNTIMEIPC]( 3567): Event buffer size (server): 8192
12-08 16:15:47.308 I/RipcServerMgr [RUNTIMEIPC]( 3567): HandleClientConnect SUCCESS: Client: com.example.moonlight_spatialsdk:com.example.moonlight_spatialsdk:12932:, Server: com.oculus.systemdriver:com.oculus.vrruntimeservice (RenderModelServer)
12-08 16:15:47.308 I/RipcClient [RUNTIMEIPC](12932): Event buffer size (client): 8192
12-08 16:15:47.308 I/RipcClient [RUNTIMEIPC](12932): TryToGetIPCResourcesFromServer: RPC_CONNECTOR_CONNECT_TO_SERVER SUCCESS: Client: com.example.moonlight_spatialsdk:com.example.moonlight_spatialsdk:12932, Server: com.oculus.systemdriver:com.oculus.vrruntimeservice:0 (RenderModelServer), Version: 81, Platform: Android, Build Date: Dec  7 2025, Build Time: 14:26:30, BuildMode: shared
12-08 16:15:47.308 I/RipcClient [RUNTIMEIPC](12932): EnsureServerConnection: SUCCESS. Client: com.example.moonlight_spatialsdk:com.example.moonlight_spatialsdk:12932, Server: com.oculus.systemdriver:com.oculus.vrruntimeservice:0 (RenderModelServer)
12-08 16:15:47.308 I/RipcClient [RUNTIMEIPC](12932): [RIPC_CONNECT_LOG] ConnectToServer: SUCCESS: Client: com.example.moonlight_spatialsdk:com.example.moonlight_spatialsdk:12932, Server: com.oculus.systemdriver:com.oculus.vrruntimeservice:0 (RenderModelServer)
12-08 16:15:47.309 D/MemoryBrokerClient(12932): memorybroker::ClientConnection ctor
12-08 16:15:47.310 I/TREXLoadPolicy(12932): VirtualKeyboardPlugin: all features matched!
12-08 16:15:47.311 D/TelemetryService( 1125): PathwayGuard: from OSSDK/NDK is not allowed to send oculus_trex_plugin_load_succeeded; dropping; Please use the Statsd approach https://www.internalfb.com/intern/wiki/HzOS_Systems/HzOS_Systems_Performance_and_Reliability/VROS_System_Insights/VROS_Telemetry/XFN/Statsd/
12-08 16:15:47.311 D/TelemetryService( 1125): Reported oculus_telemetry_blocked_ossdk_events breach event
12-08 16:15:47.311 I/TREX    (12932): Created plugin package context for com.oculus.systemdriver
12-08 16:15:47.311 I/RuntimeIPCSystem [RUNTIMEIPC](12932): RuntimeIPCSystem: Init called: Version: 81, Platform: Android, Build Date: Dec  7 2025, Build Time: 14:26:30, BuildMode: shared
12-08 16:15:47.311 I/RuntimeIpcHelperService( 2051): Going to start ComponentInfo{com.oculus.systemdriver/com.oculus.vrruntimeservice.VrRuntimeService} as foreground, Calling uid: 10177 pid: 12932
12-08 16:15:47.313 I/RipcServerClientHandler [RUNTIMEIPC]( 3567): Event buffer size (server): 8192
12-08 16:15:47.313 I/RipcServerMgr [RUNTIMEIPC]( 3567): HandleClientConnect SUCCESS: Client: com.example.moonlight_spatialsdk:com.example.moonlight_spatialsdk:12932:, Server: com.oculus.systemdriver:com.oculus.vrruntimeservice (VirtualKeyboardServer)
12-08 16:15:47.313 I/RipcClient [RUNTIMEIPC](12932): Event buffer size (client): 8192
12-08 16:15:47.313 I/RipcClient [RUNTIMEIPC](12932): TryToGetIPCResourcesFromServer: RPC_CONNECTOR_CONNECT_TO_SERVER SUCCESS: Client: com.example.moonlight_spatialsdk:com.example.moonlight_spatialsdk:12932, Server: com.oculus.systemdriver:com.oculus.vrruntimeservice:0 (VirtualKeyboardServer), Version: 81, Platform: Android, Build Date: Dec  7 2025, Build Time: 14:26:30, BuildMode: shared
12-08 16:15:47.314 I/RipcClient [RUNTIMEIPC](12932): EnsureServerConnection: SUCCESS. Client: com.example.moonlight_spatialsdk:com.example.moonlight_spatialsdk:12932, Server: com.oculus.systemdriver:com.oculus.vrruntimeservice:0 (VirtualKeyboardServer)
12-08 16:15:47.314 I/RipcClient [RUNTIMEIPC](12932): [RIPC_CONNECT_LOG] ConnectToServer: SUCCESS: Client: com.example.moonlight_spatialsdk:com.example.moonlight_spatialsdk:12932, Server: com.oculus.systemdriver:com.oculus.vrruntimeservice:0 (VirtualKeyboardServer)
12-08 16:15:47.321 W/GkCacheQuerierClient(12932): getGkValue: Query result for 'oculus_xrruntime:oculus_trex_insightsdk_killsw' not successful: 4
12-08 16:15:47.321 W/libc    (12932): Access denied finding property "ro.vendor.hw.device_config"
12-08 16:15:47.321 W/libc    (12932): Access denied finding property "ro.vendor.product.model_extended"
12-08 16:15:47.322 I/TREX    (12932): PTINC: API=vrruntime reason=gk
12-08 16:15:47.322 I/TREXLoadPolicy(12932): InsightMrPassthrough: all features matched!
12-08 16:15:47.322 I/TREX    (12932): Created plugin package context for com.oculus.systemdriver
12-08 16:15:47.322 I/[CT]    (12932): MIXEDREALITY: TREX-MRPT: Passthrough API in VrRuntime enabled.
12-08 16:15:47.323 W/GkCacheQuerierClient(12932): getGkValue: Query result for 'oculus_xrruntime:oculus_trex_insightsdk_killsw' not successful: 4
12-08 16:15:47.323 I/[CT]    (12932): MIXEDREALITY: MRLE: MrLightingEstimationInterfaceImpl: Initialize
12-08 16:15:47.323 D/TelemetryService( 1125): PathwayGuard: from OSSDK/NDK is not allowed to send oculus_trex_plugin_load_succeeded; dropping; Please use the Statsd approach https://www.internalfb.com/intern/wiki/HzOS_Systems/HzOS_Systems_Performance_and_Reliability/VROS_System_Insights/VROS_Telemetry/XFN/Statsd/
12-08 16:15:47.323 D/TelemetryService( 1125): Reported oculus_telemetry_blocked_ossdk_events breach event
12-08 16:15:47.323 I/TREX    (12932): Created plugin package context for com.oculus.systemdriver
12-08 16:15:47.323 I/RuntimeIPCSystem [RUNTIMEIPC](12932): RuntimeIPCSystem: Init called: Version: 81, Platform: Android, Build Date: Dec  7 2025, Build Time: 14:26:30, BuildMode: shared
12-08 16:15:47.324 D/TelemetryService( 1125): PathwayGuard: from OSSDK/NDK is not allowed to send oculus_trex_plugin_load_succeeded; dropping; Please use the Statsd approach https://www.internalfb.com/intern/wiki/HzOS_Systems/HzOS_Systems_Performance_and_Reliability/VROS_System_Insights/VROS_Telemetry/XFN/Statsd/
12-08 16:15:47.324 I/RuntimeIpcHelperService( 2051): Going to start ComponentInfo{com.oculus.systemdriver/com.oculus.vrruntimeservice.VrRuntimeService} as foreground, Calling uid: 10177 pid: 12932
12-08 16:15:47.324 D/TelemetryService( 1125): Reported oculus_telemetry_blocked_ossdk_events breach event
12-08 16:15:47.324 D/TelemetryService( 1125): PathwayGuard: from OSSDK/NDK is not allowed to send oculus_trex_plugin_load_succeeded; dropping; Please use the Statsd approach https://www.internalfb.com/intern/wiki/HzOS_Systems/HzOS_Systems_Performance_and_Reliability/VROS_System_Insights/VROS_Telemetry/XFN/Statsd/
12-08 16:15:47.324 D/TelemetryService( 1125): Reported oculus_telemetry_blocked_ossdk_events breach event
12-08 16:15:47.324 D/MediaCodecList(12932): codecHandlesFormat: no format, so no extra checks
12-08 16:15:47.326 D/MediaCodecList(12932): codecHandlesFormat: no format, so no extra checks
12-08 16:15:47.326 D/CCodec  (12932): allocate(c2.android.raw.decoder)
12-08 16:15:47.326 I/RipcServerClientHandler [RUNTIMEIPC]( 3567): Event buffer size (server): 8192
12-08 16:15:47.326 D/CCodec  (12932): allocate(c2.android.raw.decoder)
12-08 16:15:47.327 I/RipcServerMgr [RUNTIMEIPC]( 3567): HandleClientConnect SUCCESS: Client: com.example.moonlight_spatialsdk:com.example.moonlight_spatialsdk:12932:, Server: com.oculus.systemdriver:com.oculus.vrruntimeservice (HapticsServer)
12-08 16:15:47.327 I/RipcClient [RUNTIMEIPC](12932): Event buffer size (client): 8192
12-08 16:15:47.327 I/RipcClient [RUNTIMEIPC](12932): TryToGetIPCResourcesFromServer: RPC_CONNECTOR_CONNECT_TO_SERVER SUCCESS: Client: com.example.moonlight_spatialsdk:com.example.moonlight_spatialsdk:12932, Server: com.oculus.systemdriver:com.oculus.vrruntimeservice:0 (HapticsServer), Version: 81, Platform: Android, Build Date: Dec  7 2025, Build Time: 14:26:30, BuildMode: shared
12-08 16:15:47.327 I/RipcClient [RUNTIMEIPC](12932): EnsureServerConnection: SUCCESS. Client: com.example.moonlight_spatialsdk:com.example.moonlight_spatialsdk:12932, Server: com.oculus.systemdriver:com.oculus.vrruntimeservice:0 (HapticsServer)
12-08 16:15:47.327 I/RipcClient [RUNTIMEIPC](12932): [RIPC_CONNECT_LOG] ConnectToServer: SUCCESS: Client: com.example.moonlight_spatialsdk:com.example.moonlight_spatialsdk:12932, Server: com.oculus.systemdriver:com.oculus.vrruntimeservice:0 (HapticsServer)
12-08 16:15:47.327 I/Codec2Client(12932): Available Codec2 services: "default" "default9" "dolby" "software"
12-08 16:15:47.327 I/TREX    (12932): Loading EMGSDK Client Plugin
12-08 16:15:47.328 D/TelemetryService( 1125): PathwayGuard: from OSSDK/NDK is not allowed to send oculus_trex_plugin_load_succeeded; dropping; Please use the Statsd approach https://www.internalfb.com/intern/wiki/HzOS_Systems/HzOS_Systems_Performance_and_Reliability/VROS_System_Insights/VROS_Telemetry/XFN/Statsd/
12-08 16:15:47.328 D/TelemetryService( 1125): Reported oculus_telemetry_blocked_ossdk_events breach event
12-08 16:15:47.328 I/TREX    (12932): Created plugin package context for com.oculus.systemdriver
12-08 16:15:47.329 I/RuntimeIPCSystem [RUNTIMEIPC](12932): RuntimeIPCSystem: Init called: Version: 81, Platform: Android, Build Date: Dec  7 2025, Build Time: 14:26:30, BuildMode: shared
12-08 16:15:47.329 W/REFLECT [RUNTIMEIPC]( 3567): Disabling all permissions (ONLY USE IN TESTS): 3069553965:com.example.moonlight_spatialsdk/com.example.moonlight_spatialsdk (10177:12932), mask: 11111111111111111111111111111111
12-08 16:15:47.329 I/RuntimeIpcHelperService( 2051): Going to start ComponentInfo{com.oculus.systemdriver/com.oculus.vrruntimeservice.VrRuntimeService} as foreground, Calling uid: 10177 pid: 12932
12-08 16:15:47.330 I/CCodec  (12932): setting up 'default' as default (vendor) store
12-08 16:15:47.330 I/CCodec  (12932): setting up 'default' as default (vendor) store
12-08 16:15:47.332 I/RuntimeIpcHelperService( 2051): Going to start ComponentInfo{com.oculus.systemdriver/com.oculus.vrruntimeservice.VrRuntimeService} as foreground, Calling uid: 10177 pid: 12932
12-08 16:15:47.332 I/CCodec  (12932): Created component [c2.android.raw.decoder]
12-08 16:15:47.333 I/CCodec  (12932): Created component [c2.android.raw.decoder]
12-08 16:15:47.333 D/CCodecConfig(12932): read media type: audio/raw
12-08 16:15:47.333 D/CCodecConfig(12932): read media type: audio/raw
12-08 16:15:47.334 I/RipcServerClientHandler [RUNTIMEIPC]( 3567): Event buffer size (server): 8192
12-08 16:15:47.334 D/ReflectedParamUpdater(12932): extent() != 1 for single value type: algo.buffers.max-count.values
12-08 16:15:47.334 I/RipcServerMgr [RUNTIMEIPC]( 3567): HandleClientConnect SUCCESS: Client: com.example.moonlight_spatialsdk:com.example.moonlight_spatialsdk:12932:, Server: com.oculus.systemdriver:com.oculus.vrruntimeservice (HandInputDataServer)
12-08 16:15:47.334 D/ReflectedParamUpdater(12932): extent() != 1 for single value type: algo.buffers.max-count.values
12-08 16:15:47.335 I/RipcClient [RUNTIMEIPC](12932): Event buffer size (client): 8192
12-08 16:15:47.335 I/RipcClient [RUNTIMEIPC](12932): TryToGetIPCResourcesFromServer: RPC_CONNECTOR_CONNECT_TO_SERVER SUCCESS: Client: com.example.moonlight_spatialsdk:com.example.moonlight_spatialsdk:12932, Server: com.oculus.systemdriver:com.oculus.vrruntimeservice:0 (HandInputDataServer), Version: 81, Platform: Android, Build Date: Dec  7 2025, Build Time: 14:26:30, BuildMode: shared
12-08 16:15:47.335 D/ReflectedParamUpdater(12932): extent() != 1 for single value type: output.subscribed-indices.values
12-08 16:15:47.335 I/RipcClient [RUNTIMEIPC](12932): EnsureServerConnection: SUCCESS. Client: com.example.moonlight_spatialsdk:com.example.moonlight_spatialsdk:12932, Server: com.oculus.systemdriver:com.oculus.vrruntimeservice:0 (HandInputDataServer)
