12-08 16:15:31.522 I/CameraClientManager(  873): [[Hand(1772)][hand]] stream start completed
12-08 16:15:31.522 D/CameraStream(  873): [hand] Client [Hand(1772)]: start complete
12-08 16:15:31.549 D/SensorDataTransforms( 1772): [hand:hand] Erased 2 stale entries from the staged mux states for worldTracking.
12-08 16:15:31.549 I/TrackingService( 1772): [hand:hand] Configuration update starting
12-08 16:15:31.549 I/TrackingService( 1772): [hand:hand] Configuration update done
12-08 16:15:31.549 I/TrackingService( 1772): [hand:hand] Finish configuration update starting
12-08 16:15:31.572 I/TrackingFidelityService( 1765): Received hand/controller update: hand_tracking_enabled
12-08 16:15:31.574 I/TrackingFidelityService( 1765): checkMultimodalFeature: Attempt made to enable multimodal hands+controllers when not supported by app
12-08 16:15:31.574 I/TrackingFidelityService( 1765): Request(s)={constellation:0,controller_selftracked:0,hands:3,environment_lighting:5,keyboard:5,scene_reconstruction:0,surface_inputs:0,}, Mux mode idx=4, name=lowLightHandsObject, score=-1950
12-08 16:15:31.574 I/TrackingFidelityService( 1765): beginTransition[worldTracking]: lowLightHandsObject(4)->lowLightHandsObject(4)
12-08 16:15:31.574 I/TrackingFidelityService( 1765): _applyMuxModeLockedInternal: Mode lowLightHandsObject already set. Returning.
12-08 16:15:31.574 I/TrackingFidelityService( 1765): endTransition[worldTracking]: lowLightHandsObject(4)->lowLightHandsObject(4), seqId=-1, succeeded=true
12-08 16:15:31.574 I/TrackingFidelityService( 1765): Received hand/controller update: multimodal_hands_and_controllers_enabled
12-08 16:15:31.574 I/TrackingFidelityService( 1765): checkMultimodalFeature: Attempt made to enable multimodal hands+controllers when not supported by app
12-08 16:15:31.575 I/TrackingFidelityService( 1765): Request(s)={constellation:0,controller_selftracked:0,hands:3,environment_lighting:5,keyboard:5,scene_reconstruction:0,surface_inputs:0,}, Mux mode idx=4, name=lowLightHandsObject, score=-1950
12-08 16:15:31.576 I/TrackingFidelityService( 1765): beginTransition[worldTracking]: lowLightHandsObject(4)->lowLightHandsObject(4)
12-08 16:15:31.576 I/TrackingFidelityService( 1765): _applyMuxModeLockedInternal: Mode lowLightHandsObject already set. Returning.
12-08 16:15:31.576 I/TrackingFidelityService( 1765): endTransition[worldTracking]: lowLightHandsObject(4)->lowLightHandsObject(4), seqId=-1, succeeded=true
12-08 16:15:31.581 D/TrackingService( 1772): [hand]end onMuxStateUpdate. ModeId: lowLightControllerObject -> lowLightHandsObject
12-08 16:15:31.581 I/TrackingService( 1772): [                       hand:hand] Mux Mode Transition from sensor service: lowLightControllerObject -> lowLightHandsObject transition time: 642 ms
12-08 16:15:31.582 W/FrameSetDispatcher(  873): [{WT:RAW10}] Client pid=1772 (Hand): client is taking longer than 33ms to return FrameSets (1x in the past 0.060s)
12-08 16:15:31.584 I/TrackingService( 1772): [hand:hand] Finish configuration update done
12-08 16:15:32.615 I/SpatialWindowResourceService( 2051): setWindowFrameRate() token: horizonos.view.VolumetricWindowToken$InternalVolumetricToken@1a1ff23 framerate: 0.0
12-08 16:15:32.615 I/SpatialWindowResourceService( 2051): setWindowUserPerceivedState(): Setting Application State:ComponentInfo{com.oculus.panelapp.settings/com.oculus.navigator.quickcontrols.app.NavigatorQuickControlsActivity} ProcessName:com.oculus.panelapp.settings PerceptionState:(old):NO_PERCEPTION->(new):CRITICAL_PERCEPTION
12-08 16:15:32.616 W/SpatialWindowResourceService( 2051): setWindowUserPerceivedState(): Failed to setProcessAppPerception ComponentName:ComponentInfo{com.oculus.panelapp.settings/com.oculus.navigator.quickcontrols.app.NavigatorQuickControlsActivity} ProcessName:com.oculus.panelapp.settings Uid:10079 PerceptionState:CRITICAL_PERCEPTION
12-08 16:15:32.616 I/SpatialWindowResourceService( 2051): setWindowFrameRate() token: horizonos.view.VolumetricWindowToken$InternalVolumetricToken@f37ffcd framerate: 0.0
12-08 16:15:32.616 I/SpatialWindowResourceService( 2051): setWindowUserPerceivedState(): Setting Application State:ComponentInfo{com.oculus.panelapp.library/com.oculus.navigator.systembar.app.SystemBarActivity} ProcessName:com.oculus.panelapp.library:SystemBar PerceptionState:(old):NO_PERCEPTION->(new):CRITICAL_PERCEPTION
12-08 16:15:32.627 V/ActivityManager( 2051): bindService: Intent { act=com.oculus.intent.action.REMOTE_DESKTOP_PROVIDER pkg=com.oculus.remotedesktop } type=null conn=android.os.BinderProxy@4715f1f flags=0x1
12-08 16:15:32.668 W/WindowManager( 2051): Requires INTERNAL_SYSTEM_WINDOW permission if assign type to input. New type will be 0.
12-08 16:15:32.669 I/OculusWindowMgr( 2051): OWMS::focusChanged: windowRootTaskId: 12
12-08 16:15:32.669 I/OculusWindowMgr( 2051): OWMS::focusChanged: getImmersiveTask returned
12-08 16:15:32.669 I/OculusWindowMgr( 2051): OWMS::focusChanged: mFocusPlaceholderActivity found in Task.
12-08 16:15:32.670 D/ActivityTaskManager( 2051): getDisplaysWithTopActivities: immersive ActivityRecord{4800ec1 u0 com.oculus.vrshell/.HomeActivity t2576}
12-08 16:15:32.672 D/VolumetricContentMonitor( 2051): Focused window changed to RunningWindowInfo{  pid: 10239, uid: 10079, userId: 0, windowContainerToken: 13967968, windowToken: android.view.IWindow$Stub$Proxy@1791319, windowId: com.android.server.wm.WindowState$WindowId@2b4efde, displayId: 0, windowType: 1, activity: RunningActivityInfo { rootTask: 12, uid: 10079, pid: 10239, userId: 0, activity: com.oculus.navigator.quickcontrols.app.NavigatorQuickControlsActivity, windowId: com.android.server.wm.WindowState$WindowId@2b4efde, state: ACTIVITY_STATE_VISIBLE}}, from android.view.IWindow$Stub$Proxy@163238e
12-08 16:15:32.674 D/SpatialAudioService( 2051): Skipping processing for app: com.oculus.mrds (isNewApp: false, perAppEnabled: true, epsService: true)
12-08 16:15:32.674 V/WorldManagerService( 2051): VW Content Listener: com.oculus.mrds -1
12-08 16:15:32.674 D/SpatialAudioService( 2051): Skipping processing for app: com.oculus.panelapp.settings (isNewApp: false, perAppEnabled: true, epsService: true)
12-08 16:15:32.674 I/VolumetricWindowManagerServiceImpl( 2051): addWindow(parentVwToken=VolumetricWindowToken { scope = 2, token = android.os.Binder@66f2e3f, persistableToken = 37706acc-0d1a-4caf-8409-256a717ec7b0 }, placementParams=VolumetricWindowPlacementParams { volumetricWindowType = 0, parentWindowToken = VolumetricWindowToken { scope = 2, token = android.os.Binder@66f2e3f, persistableToken = 37706acc-0d1a-4caf-8409-256a717ec7b0 }, relativeSpaceToken = null, inParentPixels = false, requestedPose = null, requestedBounds = null, requestedSurfaceSize = 67x564, layoutParams = VolumetricWindowLayoutParams { attachFrom = 51, attachTo = 51, translationAdjustment = TranslationAdjustment { x = 0, y = 0, z = 4 }, rotationAdjustment = RotationAdjustment { pitchX = 0, yawY = 0, rollZ = 0 }, matchParentDensity = false, pixelTranslationOverride = Point(2, -199), flags = 0 }, pendingIntent = null, surfacePackage = android.view.SurfaceControlViewHost$SurfacePackage@542581e, visible = true }
12-08 16:15:32.675 V/WorldManagerService( 2051): VW Content Listener: com.oculus.panelapp.settings -1
12-08 16:15:32.675 I/SpatialWindowResourceService( 2051): setWindowFrameRate() token: horizonos.view.VolumetricWindowToken$InternalVolumetricToken@1a1ff23 framerate: 0.0
12-08 16:15:32.675 I/SpatialWindowResourceService( 2051): setWindowFrameRate() token: horizonos.view.VolumetricWindowToken$InternalVolumetricToken@63257b8 framerate: 0.0
12-08 16:15:32.677 I/VolumetricWindowManagerServiceImpl( 2051): onWindowPlacementAccepted for newVwToken=VolumetricWindowToken { scope = 1, token = horizonos.view.VolumetricWindowToken$InternalVolumetricToken@94cd8ff, persistableToken = 3cbdd284-5d2f-4ef0-aec1-451ee537e18d }, parentVwToken=VolumetricWindowToken { scope = 2, token = android.os.Binder@66f2e3f, persistableToken = 37706acc-0d1a-4caf-8409-256a717ec7b0 }
12-08 16:15:32.678 I/VolumetricContainerPlacement( 2051): acquired ContainerPlacement{mId=12, mBounds=Rect(96000, 0 - 104000, 8000)}
12-08 16:15:32.678 I/SpaceManagerServiceImpl( 2051): addSpace done: userId = 0, spaceToken = SpaceToken { binderToken = horizonos.view.SpaceToken$InternalSpaceToken@e487d15, persistableToken = dc6d6f12-cfbe-4a56-a303-ad3188cc29a0 }
12-08 16:15:32.678 W/WindowManager( 2051): Requires INTERNAL_SYSTEM_WINDOW permission if assign type to input. New type will be 0.
12-08 16:15:32.679 I/DisplayDeviceRepository( 2051): Display device added: DisplayDeviceInfo{"MirrorRoot for 3cbdd284-5d2f-4ef0-aec1-451ee537e18d": uniqueId="virtual:android,1000,MirrorRoot for 3cbdd284-5d2f-4ef0-aec1-451ee537e18d,0", 67 x 564, modeId 465, renderFrameRate 60.0, defaultModeId 465, supportedModes [{id=465, width=67, height=564, fps=60.0, alternativeRefreshRates=[], supportedHdrTypes=[]}], colorMode 0, supportedColorModes [0], hdrCapabilities null, allmSupported false, gameContentTypeSupported false, density 200, 200.0 x 200.0 dpi, appVsyncOff 0, presDeadline 16666666, touch NONE, rotation 0, type VIRTUAL, deviceProductInfo null, state OFF, committedState UNKNOWN, owner android (uid 1000), frameRateOverride , brightnessMinimum 0.0, brightnessMaximum 0.0, brightnessDefault 0.0, hdrSdrRatio NaN, FLAG_SECURE, FLAG_SUPPORTS_PROTECTED_BUFFERS, FLAG_OWN_CONTENT_ONLY, FLAG_DESTROY_CONTENT_ON_REMOVAL, installOrientation 0, displayShape DisplayShape{ spec=585457113 displayWidth=67 displayHeight=564 physicalPixelDisplaySizeRatio=1.0 rotation=0 offsetX=0 offsetY=0 scale=1.0}}
12-08 16:15:32.679 I/LogicalDisplayMapper( 2051): Applying layout: [{dispId: 0(ON), displayGroupName: , addr: {port=146, model=0x40446dbbd154e4}, mThermalBrightnessThrottlingMapId: null, mRefreshRateZoneId: null, mLeadDisplayId: -1, mThermalRefreshRateThrottlingMapId: null}], Previous layout: [{dispId: 0(ON), displayGroupName: , addr: {port=146, model=0x40446dbbd154e4}, mThermalBrightnessThrottlingMapId: null, mRefreshRateZoneId: null, mLeadDisplayId: -1, mThermalRefreshRateThrottlingMapId: null}]
12-08 16:15:32.679 I/LogicalDisplayMapper( 2051): Setting new display group 0 for display 276, from previous group: null
12-08 16:15:32.680 I/LogicalDisplayMapper( 2051): Adding new display: 276: DisplayInfo{"MirrorRoot for 3cbdd284-5d2f-4ef0-aec1-451ee537e18d", displayId 276, displayGroupId 0, FLAG_SECURE, FLAG_SUPPORTS_PROTECTED_BUFFERS, real 67 x 564, largest app 67 x 564, smallest app 67 x 564, appVsyncOff 0, presDeadline 16666666, mode 46560.0, defaultMode 465, modes [{id=465, width=67, height=564, fps=60.0, alternativeRefreshRates=[], supportedHdrTypes=[]}], hdrCapabilities null, userDisabledHdrTypes [], minimalPostProcessingSupported false, rotation 0, state OFF, committedState UNKNOWN, type VIRTUAL, uniqueId "virtual:android,1000,MirrorRoot for 3cbdd284-5d2f-4ef0-aec1-451ee537e18d,0", app 67 x 564, density 200 (200.0 x 200.0) dpi, layerStack 276, colorMode 0, supportedColorModes [0], deviceProductInfo null, owner android (uid 1000), removeMode 1, refreshRateOverride 0.0, brightnessMinimum 0.0, brightnessMaximum 0.0, brightnessDefault 0.0, installOrientation ROTATION_0, layoutLimitedRefreshRate null, hdrSdrRatio not_available, thermalRefreshRateThrottling {}, thermalBrightnessThrottlingDataId default}
12-08 16:15:32.680 W/BrightnessThrottler( 2051): DeviceConfig ThermalBrightnessThrottlingData is null
12-08 16:15:32.680 W/DisplayPowerController2[276]( 2051): Screen brightness nits configuration is unavailable; falling back
12-08 16:15:32.695 I/WindowManager( 2051): Override config changes=20005df8 {0.0 ?mcc0mnc ?localeList ?layoutDir sw54dp w54dp h451dp 200dpi smll port ?uimode ?night -touch -keyb/v/h -nav/h winConfig={ mBounds=Rect(0, 0 - 67, 564) mAppBounds=Rect(0, 0 - 67, 564) mMaxBounds=Rect(0, 0 - 67, 564) mDisplayRotation=ROTATION_0 mWindowingMode=fullscreen mDisplayWindowingMode=fullscreen mActivityType=undefined mAlwaysOnTop=undefined mRotation=ROTATION_0} ?fontWeightAdjustment} for displayId=276
12-08 16:15:32.695 W/DisplayController( 3353): Skipping Display Configuration change on non-added display.
12-08 16:15:32.700 I/VolumetricWindowManagerServiceImpl( 2051): addVolumetricWindow done: userId = 0, wct = null, vw type = 0, vw persistable token = 3cbdd284-5d2f-4ef0-aec1-451ee537e18d, rootTaskId = NA
12-08 16:15:32.700 V/WindowManager( 2051): Queueing transition: TransitionRecord{2ea2ad id=-1 type=SLEEP flags=0x0}
12-08 16:15:32.700 V/WindowManager( 2051): Content Recording: Display 276 state is now (1), so update recording?
12-08 16:15:32.701 V/DisplayPowerController2[276]( 2051): Brightness [0.0] reason changing to: 'manual', previous reason: '0'.
12-08 16:15:32.701 I/DisplayPowerController2[276]( 2051): BrightnessEvent: disp=276, physDisp=virtual:android,1000,MirrorRoot for 3cbdd284-5d2f-4ef0-aec1-451ee537e18d,0, brt=0.0, initBrt=NaN, rcmdBrt=NaN, preBrt=NaN, lux=0.0, preLux=0.0, hbmMax=1.0, hbmMode=off, rbcStrength=-1, thrmMax=1.0, powerFactor=1.0, wasShortTermModelActive=false, flags=, reason=manual, autoBrightness=false, strategy=InvalidBrightnessStrategy
12-08 16:15:32.707 V/WindowManager( 2051): Sent Transition #1029 createdAt=12-08 16:15:32.608
12-08 16:15:32.707 V/WindowManager( 2051):     startWCT=WindowContainerTransaction { changes = {RemoteToken{569082 Task{56fc267 #6 type=standard}}={}, RemoteToken{e085601 Task{c6833b9 #12 type=standard}}={}} hops = [] errorCallbackToken=null taskFragmentOrganizer=null }
12-08 16:15:32.707 V/WindowManager( 2051):     info={id=1029 t=TO_FRONT f=0x0 trk=0 r=[0@Point(0, 0)] c=[{WCT{RemoteToken{8091cb6 Task{805cb03 #2655 type=recents A=10079:com.oculus.navigator.quickcontrols.app.NavigatorQuickControlsActivity}}} m=TO_FRONT f=TRANSLUCENT p=WCT{RemoteToken{e085601 Task{c6833b9 #12 type=standard}}} leash=Surface(name=Task=2655)/@0x7ec7d5 sb=Rect(80000, 0 - 81840, 1000) eb=Rect(80000, 0 - 81840, 1000) d=0},{WCT{RemoteToken{e085601 Task{c6833b9 #12 type=standard}}} m=TO_FRONT f=TRANSLUCENT leash=Surface(name=Task=12)/@0x22810c0 sb=Rect(80000, 0 - 81840, 1000) eb=Rect(80000, 0 - 81840, 1000) eo=Point(80000, 0) d=0},{WCT{RemoteToken{b849664 Task{fec4b53 #2579 type=standard A=10049:com.oculus.panelapp.library:1048820175}}} m=TO_FRONT f=TRANSLUCENT p=WCT{RemoteToken{569082 Task{56fc267 #6 type=standard}}} leash=Surface(name=Task=2579)/@0x6e3eb2b sb=Rect(24000, 0 - 25500, 117) eb=Rect(24000, 0 - 25500, 117) d=0},{WCT{RemoteToken{569082 Task{56fc267 #6 type=standard}}} m=TO_FRONT f=TRANSLUCENT leash=Surface(name=Task=6)/@0x956e77a sb=Rect(24000, 0 - 25500, 117) eb=Rect(24000, 0 - 25500, 117) eo=Point(24000, 0) d=0}]}
12-08 16:15:32.709 I/VolumetricWindow( 2051): [setDrawn] VW=17752a76-e2cd-42fb-978b-f5c8221e3d4e: isDrawn=true (isActive=true, isVisible=true)
12-08 16:15:32.713 I/VolumetricWindow( 2051): [setDrawn] VW=37706acc-0d1a-4caf-8409-256a717ec7b0: isDrawn=true (isActive=true, isVisible=true)
12-08 16:15:32.716 V/WindowManager( 2051): Sent Transition #1030 createdAt=12-08 16:15:32.700 via request=TransitionRequestInfo { type = SLEEP, triggerTask = null, remoteTransition = null, displayChange = null }
12-08 16:15:32.716 V/WindowManager( 2051):     startWCT=null
12-08 16:15:32.716 V/WindowManager( 2051):     info={id=1030 t=SLEEP f=0x0 trk=0 r=[] c=[]}
12-08 16:15:32.716 V/WindowManager( 2051): Finish Transition #1029: created at 12-08 16:15:32.608 collect-started=0.036ms started=0.085ms ready=1.312ms sent=98.521ms finished=104.997ms
12-08 16:15:32.716 W/Transition( 2051): Transition already started id=1030 state=2
12-08 16:15:32.717 V/WindowManager( 2051): Finish Transition #1030: created at 12-08 16:15:32.700 collect-started=6.824ms request-sent=12.766ms started=12.803ms ready=12.801ms sent=12.974ms finished=16.229ms
12-08 16:15:32.734 E/FrameSetCollator(  873): [{COL:FOVPR}] 19 FrameSets had unexpected timestamps (in the last 1749.99ms). Ex: slot 0 25000843.974ms -> 25000857.926ms (observed period: 13.952ms, expected period: 13.888ms (0.064ms))
12-08 16:15:32.737 I/DisplayDeviceRepository( 2051): Display device changed state: "MirrorRoot for 0ce4e3da-f48c-4f10-866d-60d0a39d9fe2", ON
12-08 16:15:32.738 I/DisplayDeviceRepository( 2051): Display device changed: DisplayDeviceInfo{"MirrorRoot for 0ce4e3da-f48c-4f10-866d-60d0a39d9fe2": uniqueId="virtual:android,1000,MirrorRoot for 0ce4e3da-f48c-4f10-866d-60d0a39d9fe2,0", 67 x 564, modeId 464, renderFrameRate 60.0, defaultModeId 464, supportedModes [{id=464, width=67, height=564, fps=60.0, alternativeRefreshRates=[], supportedHdrTypes=[]}], colorMode 0, supportedColorModes [0], hdrCapabilities null, allmSupported false, gameContentTypeSupported false, density 200, 200.0 x 200.0 dpi, appVsyncOff 0, presDeadline 16666666, touch NONE, rotation 0, type VIRTUAL, deviceProductInfo null, state ON, committedState UNKNOWN, owner android (uid 1000), frameRateOverride , brightnessMinimum 0.0, brightnessMaximum 0.0, brightnessDefault 0.0, hdrSdrRatio NaN, FLAG_SECURE, FLAG_SUPPORTS_PROTECTED_BUFFERS, FLAG_OWN_CONTENT_ONLY, FLAG_DESTROY_CONTENT_ON_REMOVAL, installOrientation 0, displayShape DisplayShape{ spec=585457113 displayWidth=67 displayHeight=564 physicalPixelDisplaySizeRatio=1.0 rotation=0 offsetX=0 offsetY=0 scale=1.0}}
12-08 16:15:32.739 V/WindowManager( 2051): Content Recording: Display 275 state is now (2), so update recording?
12-08 16:15:32.739 I/DisplayDevice( 2051): [275] Layerstack set to 275 for virtual:android,1000,MirrorRoot for 0ce4e3da-f48c-4f10-866d-60d0a39d9fe2,0
12-08 16:15:32.742 I/DisplayDeviceRepository( 2051): Display device changed state: "MirrorRoot for 3cbdd284-5d2f-4ef0-aec1-451ee537e18d", ON
12-08 16:15:32.743 I/DisplayDeviceRepository( 2051): Display device changed: DisplayDeviceInfo{"MirrorRoot for 3cbdd284-5d2f-4ef0-aec1-451ee537e18d": uniqueId="virtual:android,1000,MirrorRoot for 3cbdd284-5d2f-4ef0-aec1-451ee537e18d,0", 67 x 564, modeId 465, renderFrameRate 60.0, defaultModeId 465, supportedModes [{id=465, width=67, height=564, fps=60.0, alternativeRefreshRates=[], supportedHdrTypes=[]}], colorMode 0, supportedColorModes [0], hdrCapabilities null, allmSupported false, gameContentTypeSupported false, density 200, 200.0 x 200.0 dpi, appVsyncOff 0, presDeadline 16666666, touch NONE, rotation 0, type VIRTUAL, deviceProductInfo null, state ON, committedState UNKNOWN, owner android (uid 1000), frameRateOverride , brightnessMinimum 0.0, brightnessMaximum 0.0, brightnessDefault 0.0, hdrSdrRatio NaN, FLAG_SECURE, FLAG_SUPPORTS_PROTECTED_BUFFERS, FLAG_OWN_CONTENT_ONLY, FLAG_DESTROY_CONTENT_ON_REMOVAL, installOrientation 0, displayShape DisplayShape{ spec=585457113 displayWidth=67 displayHeight=564 physicalPixelDisplaySizeRatio=1.0 rotation=0 offsetX=0 offsetY=0 scale=1.0}}
12-08 16:15:32.744 I/DisplayDevice( 2051): [276] Layerstack set to 276 for virtual:android,1000,MirrorRoot for 3cbdd284-5d2f-4ef0-aec1-451ee537e18d,0
12-08 16:15:32.745 V/WindowManager( 2051): Content Recording: Display 276 state is now (2), so update recording?
12-08 16:15:32.972 D/ActivityManager( 2051): freezing 5628 com.android.permissioncontroller
12-08 16:15:33.984 E/FrameSetCollator(  873): [{COL:FOVPR}] 2 FrameSets had unexpected timestamps (in the last 1250.07ms). Ex: slot 0 25002093.907ms -> 25002107.848ms (observed period: 13.941ms, expected period: 13.888ms (0.053ms))
12-08 16:15:34.266 I/SyncBossHAL(  873): [info   ] syncboss_hal_impl_input.c(1239): Pulsar connected devices state change: 27, host current time: 27530589ms
12-08 16:15:34.266 I/SyncBossHAL(  873): [info   ] pulsar_input_cache.c(893): Refreshing input cache
12-08 16:15:34.267 I/SyncBossHAL(  873): [info   ] pulsar_input_cache.c(609): Enumerating 402c25cbf028a4e8
12-08 16:15:34.268 I/SyncBossFW(  866): 25002403 [info   ] {WIHO}: Pulsar dev connected 402c25cbf028a4e8 t: 25002403ms, (type: 10011601, connection id: 0x1a, cl version: 2)
12-08 16:15:34.279 I/SyncBossHAL(  873): [info   ] pulsar_input_cache.c(576): Enumerating device version: 85.35.39
12-08 16:15:34.321 W/TrackingService( 1772): 13 late Color frame set were dropped: timestamp 25002.441110, current monochrome 25002.442996
12-08 16:15:34.334 I/SyncBossHAL(  873): [info   ] pulsar_input_cache.c(719): Cache populated for device 402c25cbf028a4e8
12-08 16:15:34.334 I/SyncBossHAL(  873): [info   ] pulsar_input_cache.c(286): Finished getting cache data for controller
12-08 16:15:34.334 I/SyncBossHAL(  873):     id            : 402c25cbf028a4e8
12-08 16:15:34.334 I/SyncBossHAL(  873):     pulsar_type   : 0x10011601
12-08 16:15:34.334 I/SyncBossHAL(  873):     connection id : 0x1a
12-08 16:15:34.334 I/SyncBossHAL(  873):     fw ver        : 85.35.39
12-08 16:15:34.334 I/SyncBossHAL(  873):     spl ver       : 1.5.11
12-08 16:15:34.334 I/SyncBossHAL(  873):     serial        : 2G0YZJ2F7N03SN
12-08 16:15:34.334 I/SyncBossHAL(  873):     handedness    : right
12-08 16:15:34.334 I/SyncBossHAL(  873):     battery state : 80%
12-08 16:15:34.334 I/SyncBossHAL(  873): [info   ] pulsar_input_cache.c(909): Cache refresh complete in 68ms
12-08 16:15:34.334 I/SyncBossHAL(  873): [info   ] pulsar_manager.c(180): Setting controller ID 402c25cbf028a4e8 LED config to period: 66664us, on-time: 19us, delay: 26453us
12-08 16:15:34.337 D/SensorService(  873): Syncboss input 402c25cbf028a4e8 hardware type 6, subtype 2, revision 0x10
12-08 16:15:34.337 I/SensorService(  873): preparePairedControllerInfo is adding device with valid 1
12-08 16:15:34.337 D/SensorService(  873): Syncboss input f343f271512a1feb hardware type 6, subtype 1, revision 
12-08 16:15:34.337 I/SensorService(  873): preparePairedControllerInfo is adding device with valid 1
12-08 16:15:34.338 D/SensorService(  873): stateChangeNotifierFunc(): Reporting controller info. Change token: 52, paired=2 connected=1
12-08 16:15:34.338 D/ControllerManagement( 3227): processStateChange([PairedControllerInfo RUBY 402c25cbf028a4e8 connected detached mcnt=2])
12-08 16:15:34.338 I/ControllerManagement( 3227): ControllerGlue: 402c25cbf028a4e8: boostControllerTxPower: controllerType=RUBY, countryCode=US, txPower=8
12-08 16:15:34.338 D/SensorService(  873): ControllerProvider: Successfully set tx power to 8, filter to 8
12-08 16:15:34.339 D/ControllerManagement( 3227): RemoteService::recordControllerStatusUpdate: device 402c25cbf028a4e8: status: CONNECTED_ACTIVE tracking: NONE, errors: --
12-08 16:15:34.339 D/SensorService(  873): Found paired controllers: 2
12-08 16:15:34.339 D/SensorService(  873): Syncboss input 402c25cbf028a4e8 hardware type 6, subtype 2, revision 0x10
12-08 16:15:34.339 I/SensorService(  873): preparePairedControllerInfo is adding device with valid 1
12-08 16:15:34.339 D/SensorService(  873): Syncboss input f343f271512a1feb hardware type 6, subtype 1, revision 
12-08 16:15:34.339 I/SensorService(  873): preparePairedControllerInfo is adding device with valid 1
12-08 16:15:34.340 D/ControllerManagement( 3227): processStateChange([PairedControllerInfo RUBY f343f271512a1feb disconnected detached update-required mcnt=2])
12-08 16:15:34.341 I/SyncBossHAL(  873): [info   ] pulsar_manager.c(327): Setting transmit power for all connected controllers to 8 dBm
12-08 16:15:34.342 D/SensorService(  873): Found paired controllers: 2
12-08 16:15:34.342 D/SensorService(  873): Syncboss input 402c25cbf028a4e8 hardware type 6, subtype 2, revision 0x10
12-08 16:15:34.342 I/SensorService(  873): preparePairedControllerInfo is adding device with valid 1
12-08 16:15:34.342 D/SensorService(  873): Syncboss input f343f271512a1feb hardware type 6, subtype 1, revision 
12-08 16:15:34.342 I/SensorService(  873): preparePairedControllerInfo is adding device with valid 1
12-08 16:15:34.343 D/SensorService(  873): Found paired controllers: 2
12-08 16:15:34.343 D/SensorService(  873): Syncboss input 402c25cbf028a4e8 hardware type 6, subtype 2, revision 0x10
12-08 16:15:34.343 I/SyncBossHAL(  873): [info   ] pulsar_manager.c(327): Setting filter transmit power for all connected controllers to 8 dBm
12-08 16:15:34.343 I/SensorService(  873): preparePairedControllerInfo is adding device with valid 1
12-08 16:15:34.343 D/SensorService(  873): Syncboss input f343f271512a1feb hardware type 6, subtype 1, revision 
12-08 16:15:34.343 I/SensorService(  873): preparePairedControllerInfo is adding device with valid 1
12-08 16:15:34.343 D/TrackingService( 1772): Creating RemoteConstellationTrackedDevice
12-08 16:15:34.343 I/TrackingService( 1772): Registering primary controller 402c25cbf028a4e8 in RIGHT slot
12-08 16:15:34.344 D/ControllerManagement( 3227): RemoteService::recordControllerStatusUpdate: device 402c25cbf028a4e8: status: CONNECTED_ACTIVE tracking: NONE, errors: --
12-08 16:15:34.344 D/TrackingService( 1772): registerRemote: 402c25cbf028a4e8
12-08 16:15:34.356 I/input   (    0): Device 0x402C25CBF028A4E8 as /devices/virtual/input/input28
12-08 16:15:34.356 D/ControllerManagement( 3227): RemoteService::recordControllerStatusUpdate: device 402c25cbf028a4e8: status: CONNECTED_ACTIVE tracking: NONE, errors: --
12-08 16:15:34.363 V/WindowManager( 2051): Content Recording: Display 275 state is now (2), so update recording?
12-08 16:15:34.364 V/WindowManager( 2051): Content Recording: Display 276 state is now (2), so update recording?
12-08 16:15:34.386 I/SyncBossInput(  873): [info   ] [ruby (right) 402c25cbf028a4e8]:       0 [info   ] {LOG }: Board Info: rev=16, lock_state=locked
12-08 16:15:34.436 I/SyncBossInput(  873): [info   ] [ruby (right) 402c25cbf028a4e8]:       0 [info   ] {LOG }: FW Version: 85.35.39 (ce603560a598:USER)
12-08 16:15:34.486 D/ControllerManagement( 3227): RemoteService::recordControllerStatusUpdate: device 402c25cbf028a4e8: status: CONNECTED_ACTIVE tracking: NONE, errors: --
12-08 16:15:34.490 I/SyncBossInput(  873): [info   ] [ruby (right) 402c25cbf028a4e8]:       0 [info   ] {LOG }: Build Date: Dec  4 2025 Time: 16:25:04
12-08 16:15:34.536 I/SyncBossInput(  873): [info   ] [ruby (right) 402c25cbf028a4e8]:       0 [info   ] {LOG }: Reset reason: SYSTEM_OFF
12-08 16:15:34.567 I/SyncBossInput(  873): [info   ] [ruby (right) 402c25cbf028a4e8]:       0 [info   ] {APP }: WAKE_SOURCE: 
12-08 16:15:34.593 I/SyncBossInput(  873): [info   ] [ruby (right) 402c25cbf028a4e8]:       0 [info   ] {APP }: --> WOM
12-08 16:15:34.639 I/SyncBossInput(  873): [info   ] [ruby (right) 402c25cbf028a4e8]:       4 [info   ] {IMU }: IMU model: ICM42686, rev: 0xb6
12-08 16:15:34.724 I/SyncBossInput(  873): [info   ] [ruby (right) 402c25cbf028a4e8]:      67 [info   ] {INPM}: Input MCU version: app=85.35.39, spl=1.5.11
12-08 16:15:34.782 I/SyncBossInput(  873): [info   ] [ruby (right) 402c25cbf028a4e8]:      68 [info   ] {INPM}: Input MCU board info: id=16, handedness=1
12-08 16:15:34.825 I/SyncBossInput(  873): [info   ] [ruby (right) 402c25cbf028a4e8]:      86 [info   ] {DFYT}: Battery: 1355mV (80%)
12-08 16:15:34.867 I/SyncBossInput(  873): [info   ] [ruby (right) 402c25cbf028a4e8]:     150 [info   ] {INPM}: Input MCU put to sleep
12-08 16:15:34.906 I/SyncBossInput(  873): [info   ] [ruby (right) 402c25cbf028a4e8]:     153 [info   ] {THDG}: UNSET -> active_seek
12-08 16:15:34.956 I/SyncBossInput(  873): [info   ] [ruby (right) 402c25cbf028a4e8]:     217 [info   ] {INPM}:       0 [info   ] {MAIN}: v85.35.39
12-08 16:15:35.018 I/SyncBossInput(  873): [info   ] [ruby (right) 402c25cbf028a4e8]:     218 [info   ] {INPM}:       0 [info   ] {MAIN}: Reset reason: RESET_PIN 
12-08 16:15:35.076 I/SyncBossInput(  873): [info   ] [ruby (right) 402c25cbf028a4e8]:     218 [info   ] {INPM}:       0 [info   ] {BOD }: BOD lev=7,reg=0x7000a
12-08 16:15:35.124 I/SyncBossInput(  873): [info   ] [ruby (right) 402c25cbf028a4e8]:     244 [info   ] {THDG}: active_seek -> active_connected
12-08 16:15:35.182 I/SyncBossInput(  873): [info   ] [ruby (right) 402c25cbf028a4e8]:     252 [info   ] {IRLD}: IR LED configured: p=66664, ot=19, d=26453
12-08 16:15:35.224 I/SyncBossInput(  873): [info   ] [ruby (right) 402c25cbf028a4e8]:     556 [info   ] {BATH}: Battery health: 1330/1332/1317
12-08 16:15:35.321 W/TrackingService( 1772): 28 late Color frame set were dropped: timestamp 25003.440976, current monochrome 25003.442956
12-08 16:15:35.338 I/SyncBossHAL(  873): [info   ] syncboss_hal_input_controller.c(186): Controller 402c25cbf028a4e8 battery level changed: 0% -> 80%
12-08 16:15:35.341 D/SensorService(  873): Syncboss input 402c25cbf028a4e8 hardware type 6, subtype 2, revision 0x10
12-08 16:15:35.341 I/SensorService(  873): preparePairedControllerInfo is adding device with valid 1
12-08 16:15:35.341 D/SensorService(  873): Syncboss input f343f271512a1feb hardware type 6, subtype 1, revision 
12-08 16:15:35.341 I/SensorService(  873): preparePairedControllerInfo is adding device with valid 1
12-08 16:15:35.341 D/SensorService(  873): stateChangeNotifierFunc(): Reporting controller info. Change token: 53, paired=2 connected=1
12-08 16:15:35.341 D/ControllerManagement( 3227): processStateChange([PairedControllerInfo RUBY 402c25cbf028a4e8 connected detached mcnt=2])
12-08 16:15:35.345 D/SensorService(  873): Found paired controllers: 2
12-08 16:15:35.345 D/SensorService(  873): Syncboss input 402c25cbf028a4e8 hardware type 6, subtype 2, revision 0x10
12-08 16:15:35.345 I/SensorService(  873): preparePairedControllerInfo is adding device with valid 1
12-08 16:15:35.345 D/SensorService(  873): Syncboss input f343f271512a1feb hardware type 6, subtype 1, revision 
12-08 16:15:35.345 I/SensorService(  873): preparePairedControllerInfo is adding device with valid 1
12-08 16:15:35.345 D/ControllerManagement( 3227): processStateChange([PairedControllerInfo RUBY f343f271512a1feb disconnected detached update-required mcnt=2])
12-08 16:15:35.347 D/SensorService(  873): Found paired controllers: 2
12-08 16:15:35.347 D/SensorService(  873): Syncboss input 402c25cbf028a4e8 hardware type 6, subtype 2, revision 0x10
12-08 16:15:35.347 I/SensorService(  873): preparePairedControllerInfo is adding device with valid 1
12-08 16:15:35.347 D/SensorService(  873): Syncboss input f343f271512a1feb hardware type 6, subtype 1, revision 
12-08 16:15:35.347 I/SensorService(  873): preparePairedControllerInfo is adding device with valid 1
12-08 16:15:35.754 E/TaskPersister( 2051): File error accessing recents directory (directory doesn't exist?).
12-08 16:15:35.950 D/TrackingService( 1772): 402c25cbf028a4e8: isControllerInHand(27532.27s): 1 ctEnabled: 0 btnPress(27532.27s): 1 *btnOrTpdTouch: 0 *btnOrTpdProx(27531.77s): 0 thbstkOffCenter: 1 
12-08 16:15:35.950 D/TrackingService( 1772): [HANDTRACKING] Controller 402c25cbf028a4e8 in hand: Y, valid: Y
12-08 16:15:35.950 D/ControllerManagement( 3227): RemoteService::recordControllerStatusUpdate: device 402c25cbf028a4e8: status: CONNECTED_ACTIVE tracking: NONE, errors: --
12-08 16:15:35.969 I/TrackingFidelityService( 1765): Received hand/controller update: hand_tracking_enabled
12-08 16:15:35.972 I/TrackingFidelityService( 1765): checkMultimodalFeature: Attempt made to enable multimodal hands+controllers when not supported by app
12-08 16:15:35.973 W/TrackingFidelityService( 1765): Fidelity data undefined in catalog for enabling feature like controller_selftracked. 98 similar misses.
12-08 16:15:35.973 I/TrackingFidelityService( 1765): Request(s)={constellation:5,controller_selftracked:5,hands:0,environment_lighting:0,keyboard:5,scene_reconstruction:0,}, Mux mode idx=3, name=lowLightControllerObject, score=-1960
12-08 16:15:35.973 I/TrackingFidelityService( 1765): beginTransition[worldTracking]: lowLightHandsObject(4)->lowLightControllerObject(3)
12-08 16:15:35.973 I/TrackingFidelityService( 1765): _applyMuxModeLockedInternal: Applying camera mux mode lowLightControllerObject via requestFeaturesWithFidelitiesLocked
12-08 16:15:35.973 I/SensorService(  873): [worldTracking] Setting camera mux mode to 3
12-08 16:15:35.973 I/SensorService(  873): updating CameraStream mux states
12-08 16:15:35.974 I/SensorDataTransforms( 1772): [constellation:ambient_controller] Staging mux mode updates for {worldTracking: ind-3, seqId-175},
12-08 16:15:35.974 I/SensorDataTransforms( 1772): [constellation:ambient_controller] Mux mode updates successfully staged
12-08 16:15:35.974 D/TrackingService( 1772): [constellation:ambient_controller]Queue mux mode update notification: lowLightControllerObject
12-08 16:15:35.974 I/SensorDataTransforms( 1772): [ExpCtl:exposure_control_worldTracking] Staging mux mode updates for {worldTracking: ind-3, seqId-175},
12-08 16:15:35.974 I/SensorDataTransforms( 1772): [ExpCtl:exposure_control_worldTracking] Signaling start of the mode transition
12-08 16:15:35.974 I/SensorDataTransforms( 1772): [ExpCtl:exposure_control_worldTracking] Mux mode updates successfully staged
12-08 16:15:35.974 I/SensorService(  873): ending update to CameraStream mux states
12-08 16:15:35.974 I/SensorDataTransforms( 1772): [hand:hand] Staging mux mode updates for {worldTracking: ind-3, seqId-175},
12-08 16:15:35.974 I/SensorDataTransforms( 1772): [hand:hand] Signaling start of the mode transition
12-08 16:15:35.974 I/FrameSetCollator(  873): [{WT(0,1):RAW10}] Updated frame set period to 16666000, with all camera system activeSlots [[T,T,T,T,]]
12-08 16:15:35.974 I/TrackingService( 1772): [hand:hand] Start configuration update starting
12-08 16:15:35.974 I/FrameSetCollator(  873): [{WT:RAW10}] Updated frame set period to 16666000, with all camera system activeSlots [[T,T,T,T,]]
12-08 16:15:35.974 I/FrameSetDispatcher(  873): [{WT(0,1):RAW10}] Client pid=1574 (MrSSCamS): [worldTracking] Updated CameraMuxMode: 3, Slots: 
12-08 16:15:35.974 I/FrameSetDispatcher(  873): [{WT(0,1):RAW10}] Client pid=1574 (MrSSCamS): [worldTracking] Updated CameraMuxMode: 3, Slots: SLOT_0 SLOT_2 
12-08 16:15:35.974 I/FrameSetDispatcher(  873): [{WT(0,1):RAW10}] Latest MuxModeSettings: 3
12-08 16:15:35.974 I/FrameSetDispatcher(  873): [{WT(0,1):RAW10}] purpose: ambient_controller, slots: SLOT_0 SLOT_2 
12-08 16:15:35.974 I/FrameSetDispatcher(  873): [{WT(0,1):RAW10}] purpose: constellation, slots: SLOT_1 
12-08 16:15:35.974 I/TrackingService( 1772): [hand:hand] Start configuration update done
12-08 16:15:35.974 I/FrameSetDispatcher(  873): [{WT(0,1):RAW10}] purpose: exposure_control_worldTracking, slots: SLOT_0 SLOT_1 SLOT_2 SLOT_3 
12-08 16:15:35.974 I/FrameSetDispatcher(  873): [{WT(0,1):RAW10}] purpose: iobt, slots: SLOT_0 SLOT_2 
12-08 16:15:35.974 I/FrameSetDispatcher(  873): [{WT(0,1):RAW10}] purpose: mr_monochrome, slots: SLOT_0 SLOT_2 
12-08 16:15:35.974 I/FrameSetDispatcher(  873): [{WT(0,1):RAW10}] purpose: object, slots: SLOT_3 
12-08 16:15:35.974 I/SensorDataTransforms( 1772): [hand:hand] Mux mode updates successfully staged
12-08 16:15:35.974 I/FrameSetDispatcher(  873): [{WT(0,1):RAW10}] purpose: active_slots, slots: SLOT_0 SLOT_1 SLOT_2 SLOT_3 
12-08 16:15:35.974 I/FrameSetDispatcher(  873): [{WT(0,1):RAW10}] purpose: hand, slots: 
12-08 16:15:35.974 D/TrackingService( 1772): [hand:hand]Queue mux mode update notification: lowLightControllerObject
12-08 16:15:35.974 I/FrameSetDispatcher(  873): [{WT(0,1):RAW10}] purpose: iot, slots: SLOT_0 SLOT_2 
12-08 16:15:35.974 I/FrameSetDispatcher(  873): [{WT(0,1):RAW10}] purpose: projector_assisted_depth, slots: 
12-08 16:15:35.974 I/FrameSetDispatcher(  873): [{WT:RAW10}] Client pid=1772 (IOT): [worldTracking] Updated CameraMuxMode: 3, Slots: SLOT_0 SLOT_2 
12-08 16:15:35.974 I/FrameSetDispatcher(  873): [{WT:RAW10}] Client pid=1772 (Obj): [worldTracking] Updated CameraMuxMode: 3, Slots: SLOT_3 
12-08 16:15:35.974 I/FrameSetDispatcher(  873): [{WT:RAW10}] Client pid=1772 (ExpCtl): [worldTracking] Updated CameraMuxMode: 3, Slots: SLOT_0 SLOT_1 SLOT_2 SLOT_3 
12-08 16:15:35.974 I/FrameSetDispatcher(  873): [{WT:RAW10}] Client pid=1772 (Hand): [worldTracking] Updated CameraMuxMode: 3, Slots: 
12-08 16:15:35.974 I/FrameSetDispatcher(  873): [{WT:RAW10}] Latest MuxModeSettings: 3
12-08 16:15:35.974 I/FrameSetDispatcher(  873): [{WT:RAW10}] purpose: ambient_controller, slots: SLOT_0 SLOT_2 
12-08 16:15:35.974 I/FrameSetDispatcher(  873): [{WT:RAW10}] purpose: constellation, slots: SLOT_1 
12-08 16:15:35.974 I/FrameSetDispatcher(  873): [{WT:RAW10}] purpose: exposure_control_worldTracking, slots: SLOT_0 SLOT_1 SLOT_2 SLOT_3 
12-08 16:15:35.974 I/FrameSetDispatcher(  873): [{WT:RAW10}] purpose: iobt, slots: SLOT_0 SLOT_2 
12-08 16:15:35.974 I/FrameSetDispatcher(  873): [{WT:RAW10}] purpose: mr_monochrome, slots: SLOT_0 SLOT_2 
12-08 16:15:35.974 I/FrameSetDispatcher(  873): [{WT:RAW10}] purpose: object, slots: SLOT_3 
12-08 16:15:35.974 I/FrameSetDispatcher(  873): [{WT:RAW10}] purpose: active_slots, slots: SLOT_0 SLOT_1 SLOT_2 SLOT_3 
12-08 16:15:35.974 I/FrameSetDispatcher(  873): [{WT:RAW10}] purpose: hand, slots: 
12-08 16:15:35.974 I/FrameSetDispatcher(  873): [{WT:RAW10}] purpose: iot, slots: SLOT_0 SLOT_2 
12-08 16:15:35.974 I/FrameSetDispatcher(  873): [{WT:RAW10}] purpose: projector_assisted_depth, slots: 
12-08 16:15:35.974 I/SensorDataTransforms( 1772): [iobt:iobt] Staging mux mode updates for {worldTracking: ind-3, seqId-175},
12-08 16:15:35.974 I/SensorDataTransforms( 1772): [iobt:iobt] Mux mode updates successfully staged
12-08 16:15:35.974 D/TrackingService( 1772): [iobt:iobt]Queue mux mode update notification: lowLightControllerObject
12-08 16:15:35.974 D/TrackingService( 1772): [hand]start onMuxStateUpdate. ModeId: lowLightHandsObject -> lowLightControllerObject
12-08 16:15:35.974 D/TrackingService( 1772): [HANDTRACKINGGLUE] handleMuxModeNotification
12-08 16:15:35.974 D/TrackingService( 1772): [HANDTRACKINGGLUE] handleStateChange muxMode=lowLightControllerObject
12-08 16:15:35.975 D/TrackingService( 1772): [iobt]start onMuxStateUpdate. ModeId: lowLightHandsObject -> lowLightControllerObject
12-08 16:15:35.975 I/SensorDataTransforms( 1772): [object:object] Staging mux mode updates for {worldTracking: ind-3, seqId-175},
12-08 16:15:35.975 D/TrackingService( 1772): [iobt][iobt]handleMuxModeNotification started for muxMode[worldTracking: lowLightControllerObject]
12-08 16:15:35.975 I/SensorDataTransforms( 1772): [object:object] Signaling start of the mode transition
12-08 16:15:35.975 I/TrackingService( 1772): [object:object] Start configuration update starting
12-08 16:15:35.975 D/TrackingService( 1772): [iobt][iobt]handleMuxModeNotification finished for muxMode[worldTracking: lowLightControllerObject]
12-08 16:15:35.975 I/TrackingService( 1772): [object:object] Start configuration update done
12-08 16:15:35.975 D/TrackingService( 1772): [iobt]end onMuxStateUpdate. ModeId: lowLightHandsObject -> lowLightControllerObject
12-08 16:15:35.975 I/TrackingService( 1772): [                       iobt:iobt] Mux Mode Transition from sensor service: lowLightHandsObject -> lowLightControllerObject transition time: 0 ms
12-08 16:15:35.975 I/SensorDataTransforms( 1772): [object:object] Mux mode updates successfully staged
12-08 16:15:35.975 D/TrackingService( 1772): [object:object]Queue mux mode update notification: lowLightControllerObject
12-08 16:15:35.975 D/TrackingService( 1772): [object]start onMuxStateUpdate. ModeId: lowLightHandsObject -> lowLightControllerObject
12-08 16:15:35.975 D/TrackingService( 1772): [object][object]handleMuxModeNotification started for muxMode[worldTracking: lowLightControllerObject]
12-08 16:15:35.975 D/TrackingService( 1772): [object][object]handleMuxModeNotification finished for muxMode[worldTracking: lowLightControllerObject]
12-08 16:15:35.975 I/SensorDataTransforms( 1772): [constellation:constellation] Staging mux mode updates for {worldTracking: ind-3, seqId-175},
12-08 16:15:35.975 D/TrackingService( 1772): [object]end onMuxStateUpdate. ModeId: lowLightHandsObject -> lowLightControllerObject
12-08 16:15:35.975 I/SensorDataTransforms( 1772): [constellation:constellation] Mux mode updates successfully staged
12-08 16:15:35.975 D/TrackingService( 1772): [constellation:constellation]Queue mux mode update notification: lowLightControllerObject
12-08 16:15:35.975 I/TrackingService( 1772): [                   object:object] Mux Mode Transition from sensor service: lowLightHandsObject -> lowLightControllerObject transition time: 0 ms
12-08 16:15:35.975 D/TrackingService( 1772): [ambient_controller]start onMuxStateUpdate. ModeId: lowLightHandsObject -> lowLightControllerObject
12-08 16:15:35.975 D/TrackingService( 1772): [constellation][ambient_controller]handleMuxModeNotification started for muxMode[worldTracking: lowLightControllerObject]
12-08 16:15:35.975 D/CameraStream(  873): [hand] Client [Hand(1772)] attempting stop
12-08 16:15:35.975 I/FrameSetDispatcher(  873): [{WT:RAW10}] Client pid=1772 (Hand): Client thread stopping
12-08 16:15:35.975 I/SensorDataTransforms( 1574): [MrStreamControl:mr_monochrome] Staging mux mode updates for {worldTracking: ind-3, seqId-175},
12-08 16:15:35.975 I/SensorDataTransforms( 1574): [MrStreamControl:mr_monochrome] Signaling start of the mode transition
12-08 16:15:35.975 I/CameraClientManager(  873): [Hand(1772)][hand] client stopped (estimated 0 started clients remaining)
12-08 16:15:35.975 I/CameraClientManager(  873): [[Hand(1772)][hand]] definitely stopping stream
12-08 16:15:35.975 I/SensorDataTransforms( 1772): [iot:iot] Staging mux mode updates for {worldTracking: ind-3, seqId-175},
12-08 16:15:35.975 I/SensorDataTransforms( 1772): [iot:iot] Signaling start of the mode transition
12-08 16:15:35.975 I/TrackingService( 1772): [iot:iot] Start configuration update starting
12-08 16:15:35.975 I/TrackingService( 1772): [iot:iot] Start configuration update done
12-08 16:15:35.976 I/SensorDataTransforms( 1772): [iot:iot] Mux mode updates successfully staged
12-08 16:15:35.976 D/TrackingService( 1772): [iot:iot]Queue mux mode update notification: lowLightControllerObject
12-08 16:15:35.976 D/TrackingService( 1772): [iot]start onMuxStateUpdate. ModeId: lowLightHandsObject -> lowLightControllerObject
12-08 16:15:35.976 D/TrackingService( 1772): [iot][iot]handleMuxModeNotification started for muxMode[worldTracking: lowLightControllerObject]
12-08 16:15:35.976 I/SensorDataTransforms( 1574): [MrStreamControl:mr_monochrome] Mux mode updates successfully staged
12-08 16:15:35.976 I/SensorDataTransforms( 1574): [MrStreamControl:projector_assisted_depth] Staging mux mode updates for {worldTracking: ind-3, seqId-175},
12-08 16:15:35.976 I/SensorDataTransforms( 1574): [MrStreamControl:projector_assisted_depth] Mux mode updates successfully staged
12-08 16:15:35.976 D/CameraStream(  873): [constellation] Client [Cnst(1772)] attempting start
12-08 16:15:35.976 D/TrackingService( 1772): [iot][iot]handleMuxModeNotification finished for muxMode[worldTracking: lowLightControllerObject]
12-08 16:15:35.976 D/TrackingService( 1772): [iot]end onMuxStateUpdate. ModeId: lowLightHandsObject -> lowLightControllerObject
12-08 16:15:35.976 I/TrackingService( 1772): [                         iot:iot] Mux Mode Transition from sensor service: lowLightHandsObject -> lowLightControllerObject transition time: 0 ms
12-08 16:15:35.976 I/FrameSetDispatcher(  873): [{WT:RAW10}] Client pid=1772 (Cnst): Client thread[{WT:RAW10}:Cnst] started
12-08 16:15:35.976 I/CameraClientManager(  873): [Cnst(1772)][constellation] client started (estimated 1 started clients total)
12-08 16:15:35.976 I/CameraClientManager(  873): [[Cnst(1772)][constellation]] definitely starting stream
12-08 16:15:35.978 E/FrameSetCollator(  873): [{WT(0,1):RAW10}] 2 FrameSets had unexpected timestamps (in the last 5018.21ms). Ex: slot 2 25004076.264ms -> 25004109.596ms (observed period: 33.332ms, expected period: 16.666ms (16.666ms))
12-08 16:15:35.978 E/FrameSetCollator(  873): [{WT:RAW10}] 2 FrameSets had unexpected timestamps (in the last 5018.23ms). Ex: slot 2 25004076.264ms -> 25004109.596ms (observed period: 33.332ms, expected period: 16.666ms (16.666ms))
12-08 16:15:35.979 D/SensorService(  873): Configured syncboss nice config: [{camera_set: 1, num_slots: 4, [ { tag: 48, default_exposure_us: 65535, default_gain: 65535, capabilities: 0, slot_length: 0, }, { tag: 49, default_exposure_us: 38, default_gain: 48, capabilities: 2, slot_length: 0, }, { tag: 50, default_exposure_us: 65535, default_gain: 65535, capabilities: 0, slot_length: 0, }, { tag: 51, default_exposure_us: 65535, default_gain: 65535, capabilities: 0, slot_length: 0, }, ] shutter_period_us: 16666, }, {camera_set: 2, num_slots: 4, [ { tag: 48, default_exposure_us: 65535, default_gain: 65535, capabilities: 0, slot_length: 0, }, { tag: 49, default_exposure_us: 38, default_gain: 48, capabilities: 2, slot_length: 0, }, { tag: 50, default_exposure_us: 65535, default_gain: 65535, capabilities: 0, slot_length: 0, }, { tag: 51, default_exposure_us: 65535, default_gain: 65535, capabilities: 0, slot_length: 0, }, ] shutter_period_us: 16666, }, ]
12-08 16:15:35.979 I/SensorService(  873): [worldTracking] Stopping cameras for purpose hand
12-08 16:15:35.979 D/NiceCameraSystem(  873): CameraSystem stopping cameras for purpose hand
12-08 16:15:35.979 I/FrameSetCollator(  873): [{WT:RAW10}] Skipping stop, start count: 3
12-08 16:15:35.979 I/SensorService(  873): [worldTracking] Stopping camera streams for purpose: hand
12-08 16:15:35.979 I/CameraClientManager(  873): [[Hand(1772)][hand]] stream stop completed
12-08 16:15:35.979 D/CameraStream(  873): [hand] Client [Hand(1772)]: stop complete
12-08 16:15:35.979 I/TrackingFidelityService( 1765): endTransition[worldTracking]: lowLightHandsObject(4)->lowLightControllerObject(3), seqId=175, succeeded=true
12-08 16:15:35.980 I/SensorService(  873): [worldTracking] Starting cameras for purpose constellation
12-08 16:15:35.980 I/FrameSetCollator(  873): [{WT:RAW10}] Skipping start, current start count: 4
12-08 16:15:35.980 I/SensorService(  873): [worldTracking] Starting camera streams for purpose: constellation, current muxmode = 3
12-08 16:15:35.980 I/CameraClientManager(  873): [[Cnst(1772)][constellation]] stream start completed
12-08 16:15:35.980 D/CameraStream(  873): [constellation] Client [Cnst(1772)]: start complete
12-08 16:15:35.980 I/TrackingFidelityService( 1765): Received hand/controller update: multimodal_hands_and_controllers_enabled
12-08 16:15:35.980 D/TrackingService( 1772): [HANDTRACKINGGLUE] suspendCapability
12-08 16:15:35.980 D/TrackingService( 1772): hand: Joining stream thread: HandCam
12-08 16:15:35.981 I/TrackingFidelityService( 1765): checkMultimodalFeature: Attempt made to enable multimodal hands+controllers when not supported by app
12-08 16:15:35.981 D/TrackingService( 1772): hand: stopCameras finished
12-08 16:15:35.981 D/TrackingService( 1772): [hand]end onMuxStateUpdate. ModeId: lowLightHandsObject -> lowLightControllerObject
12-08 16:15:35.981 I/TrackingService( 1772): [                       hand:hand] Mux Mode Transition from sensor service: lowLightHandsObject -> lowLightControllerObject transition time: 6 ms
12-08 16:15:35.981 I/TrackingFidelityService( 1765): Request(s)={constellation:5,controller_selftracked:5,hands:0,environment_lighting:0,keyboard:5,scene_reconstruction:0,}, Mux mode idx=3, name=lowLightControllerObject, score=-1960
12-08 16:15:35.981 I/TrackingFidelityService( 1765): beginTransition[worldTracking]: lowLightControllerObject(3)->lowLightControllerObject(3)
12-08 16:15:35.981 I/TrackingFidelityService( 1765): _applyMuxModeLockedInternal: Mode lowLightControllerObject already set. Returning.
12-08 16:15:35.981 I/TrackingFidelityService( 1765): endTransition[worldTracking]: lowLightControllerObject(3)->lowLightControllerObject(3), seqId=-1, succeeded=true
12-08 16:15:35.982 D/CameraStream(  873): [ambient_controller] Client [Cnst(1772)] attempting start
12-08 16:15:35.982 I/FrameSetDispatcher(  873): [{WT:RAW10}] Client pid=1772 (Cnst): Client thread[{WT:RAW10}:Cnst] started
12-08 16:15:35.983 I/CameraClientManager(  873): [Cnst(1772)][ambient_controller] client started (estimated 1 started clients total)
12-08 16:15:35.983 I/CameraClientManager(  873): [[Cnst(1772)][ambient_controller]] definitely starting stream
12-08 16:15:35.983 I/SensorService(  873): [worldTracking] Starting cameras for purpose ambient_controller
12-08 16:15:35.983 I/FrameSetCollator(  873): [{WT:RAW10}] Skipping start, current start count: 5
12-08 16:15:35.983 I/SensorService(  873): [worldTracking] Starting camera streams for purpose: ambient_controller, current muxmode = 3
12-08 16:15:35.983 I/CameraClientManager(  873): [[Cnst(1772)][ambient_controller]] stream start completed
12-08 16:15:35.983 D/CameraStream(  873): [ambient_controller] Client [Cnst(1772)]: start complete
12-08 16:15:35.983 D/TrackingService( 1772): [constellation][ambient_controller]handleMuxModeNotification finished for muxMode[worldTracking: lowLightControllerObject]
12-08 16:15:35.983 D/TrackingService( 1772): [ambient_controller]end onMuxStateUpdate. ModeId: lowLightHandsObject -> lowLightControllerObject
12-08 16:15:35.983 I/TrackingService( 1772): [constellation:ambient_controller] Mux Mode Transition from sensor service: lowLightHandsObject -> lowLightControllerObject transition time: 8 ms
12-08 16:15:35.984 D/TrackingService( 1772): [constellation]start onMuxStateUpdate. ModeId: lowLightControllerObject -> lowLightControllerObject
12-08 16:15:35.984 D/TrackingService( 1772): [constellation][constellation]handleMuxModeNotification started for muxMode[worldTracking: lowLightControllerObject]
12-08 16:15:35.984 E/TrackingService( 1772): Resetting MuxMode lowLightControllerObject which is already set
12-08 16:15:35.984 D/TrackingService( 1772): [constellation]end onMuxStateUpdate. ModeId: lowLightControllerObject -> lowLightControllerObject
12-08 16:15:35.984 I/TrackingService( 1772): [     constellation:constellation] Mux Mode Transition from sensor service: lowLightControllerObject -> lowLightControllerObject transition time: 0 ms
12-08 16:15:35.984 I/SyncBossFW(  866): 25004113 [info   ] {NICE}: nice_set_frame_rate called on same period of 16666us
