12-08 16:15:47.371 I/AppsFilter( 2051): interaction: PackageSetting{fe0e85f com.example.moonlight_spatialsdk/10177} -> PackageSetting{4d94119 com.meta.pclinkservice.server/10047} BLOCKED
12-08 16:15:47.371 I/AppsFilter( 2051): interaction: PackageSetting{fe0e85f com.example.moonlight_spatialsdk/10177} -> PackageSetting{4ac85de com.meta.transport/10120} BLOCKED
12-08 16:15:47.371 I/AppsFilter( 2051): interaction: PackageSetting{fe0e85f com.example.moonlight_spatialsdk/10177} -> PackageSetting{5f2d3bf com.oculus.configuration/10055} BLOCKED
12-08 16:15:47.371 V/LibLoaderImpl(12932): internalGetAPIFunction: loadLibrary 'loaderimpl'
12-08 16:15:47.371 V/LibLoaderImpl(12932): Using System.loadLibrary
12-08 16:15:47.371 D/MediaCodec(12932): flushMediametrics
12-08 16:15:47.371 D/MediaCodec(12932): updateMediametrics(0xb400006f120cb000) ttff: 13ms, ttff_os: 12ms, init: 9ms ,configure: 1ms, start: 2ms, decode: 0ms, rendering: -1ms
12-08 16:15:47.371 D/BufferPoolAccessor2.0( 1138): Destruction - bufferpool2 0xb400007cc6a32028 cached: 0/0M, 0/0% in use; allocs: 0, 0% recycled; transfers: 0, 0% unfetched
12-08 16:15:47.372 D/MediaCodec(12932): flushMediametrics
12-08 16:15:47.372 D/MediaCodec(12932): updateMediametrics(0xb400006fcd33b800) ttff: 14ms, ttff_os: 10ms, init: 7ms ,configure: 0ms, start: 3ms, decode: 0ms, rendering: -1ms
12-08 16:15:47.372 I/BpBinder(12932): onLastStrongRef automatically unlinking death recipients: android.media.IResourceManagerService
12-08 16:15:47.372 W/mediaextractor( 1110): Binder 0xb4000075a6480238 destroyed after setInheritRt before being parceled.
12-08 16:15:47.372 W/mediaextractor( 1110): Binder 0xb4000075a6480058 destroyed after setInheritRt before being parceled.
12-08 16:15:47.372 W/mediaextractor( 1110): Binder 0xb4000075a64800f8 destroyed after setInheritRt before being parceled.
12-08 16:15:47.372 W/mediaextractor( 1110): Binder 0xb4000075a641a008 destroyed after setInheritRt before being parceled.
12-08 16:15:47.372 W/mediaextractor( 1110): Binder 0xb4000075a6480468 destroyed after setInheritRt before being parceled.
12-08 16:15:47.373 I/libloaderimpl(12932): nativeSetClassLoader:0x3226
12-08 16:15:47.373 V/LibLoaderImpl(12932): internalGetAPIFunction: calling nativeGetAPIFunction
12-08 16:15:47.373 W/mediaextractor( 1110): Binder 0xb4000075b280f0d8 destroyed after setInheritRt before being parceled.
12-08 16:15:47.373 I/libloaderimpl(12932): LibLoaderImpl nativeGetAPIFunction.
12-08 16:15:47.373 W/mediaextractor( 1110): Binder 0xb4000075b280f038 destroyed after setInheritRt before being parceled.
12-08 16:15:47.373 W/mediaextractor( 1110): Binder 0xb4000075b280e228 destroyed after setInheritRt before being parceled.
12-08 16:15:47.373 W/mediaextractor( 1110): Binder 0xb4000075b2819cc8 destroyed after setInheritRt before being parceled.
12-08 16:15:47.373 W/mediaextractor( 1110): Binder 0xb4000075b280e318 destroyed after setInheritRt before being parceled.
12-08 16:15:47.374 I/libloaderimpl(12932): LibLoaderHandle SUCCESS
12-08 16:15:47.374 I/TREX    (12932): loaded 'com.oculus.appautomation:libtrex_app_automation_plugin_v1.so'
12-08 16:15:47.374 I/libloaderimpl(12932): LibLoaderImpl GetAPIFunction. libName: libtrex_app_automation_plugin_v1.so, funcName: trex_GetPluginInfo
12-08 16:15:47.374 I/Vsync   ( 3567): Vsync 1226:  2 x 13.89 ms (72.00 Hz, at 27543.698)
12-08 16:15:47.374 W/libloaderimpl(12932): LibLoaderImpl: GetAPIFunction. Function not found: trex_GetPluginInfo
12-08 16:15:47.374 I/libloaderimpl(12932): LibLoaderImpl GetAPIFunction. libName: libtrex_app_automation_plugin_v1.so, funcName: trex_Initialize
12-08 16:15:47.374 W/libloaderimpl(12932): LibLoaderImpl: GetAPIFunction. Function not found: trex_Initialize
12-08 16:15:47.374 I/libloaderimpl(12932): LibLoaderImpl GetAPIFunction. libName: libtrex_app_automation_plugin_v1.so, funcName: trex_Shutdown
12-08 16:15:47.374 W/libloaderimpl(12932): LibLoaderImpl: GetAPIFunction. Function not found: trex_Shutdown
12-08 16:15:47.374 E/TREX    (12932): Failed to find plugin API functions in 'com.oculus.appautomation:libtrex_app_automation_plugin_v1.so'
12-08 16:15:47.374 I/TREX    (12932): Plugin 'com.oculus.appautomation:libtrex_app_automation_plugin_v1.so' not loaded.
12-08 16:15:47.374 I/PerformanceManagerInterface_Impl(12932): PerformanceManagerInterface_Impl_V1: feature: 1: oculus.software.handtracking
12-08 16:15:47.374 I/TREX    (12932): Interface 'WristbandClientInterface', version 6 was not found. Check debug build for more information.
12-08 16:15:47.375 I/RuntimeIPCSystem [RUNTIMEIPC](12932): RuntimeIPCSystem: Init called: Version: 81, Platform: Android, Build Date: Dec  7 2025, Build Time: 14:26:30, BuildMode: shared
12-08 16:15:47.375 D/TelemetryService( 1125): PathwayGuard: from OSSDK/NDK is not allowed to send oculus_trex_plugin_load_failed; dropping; Please use the Statsd approach https://www.internalfb.com/intern/wiki/HzOS_Systems/HzOS_Systems_Performance_and_Reliability/VROS_System_Insights/VROS_Telemetry/XFN/Statsd/
12-08 16:15:47.375 D/TelemetryService( 1125): Reported oculus_telemetry_blocked_ossdk_events breach event
12-08 16:15:47.376 I/RuntimeIpcHelperService( 2051): Going to start ComponentInfo{com.oculus.systemdriver/com.oculus.vrruntimeservice.VrRuntimeService} as foreground, Calling uid: 10177 pid: 12932
12-08 16:15:47.377 D/MediaCodecList(12932): codecHandlesFormat: no format, so no extra checks
12-08 16:15:47.377 I/RuntimeIpcHelperService( 2051): Going to start ComponentInfo{com.oculus.systemdriver/com.oculus.vrruntimeservice.VrRuntimeService} as foreground, Calling uid: 10177 pid: 12932
12-08 16:15:47.377 D/CCodec  (12932): allocate(c2.android.raw.decoder)
12-08 16:15:47.377 I/CCodec  (12932): setting up 'default' as default (vendor) store
12-08 16:15:47.378 I/RipcServerClientHandler [RUNTIMEIPC]( 3567): Event buffer size (server): 8192
12-08 16:15:47.379 I/CCodec  (12932): Created component [c2.android.raw.decoder]
12-08 16:15:47.379 I/RipcServerMgr [RUNTIMEIPC]( 3567): HandleClientConnect SUCCESS: Client: com.example.moonlight_spatialsdk:com.example.moonlight_spatialsdk:12932:, Server: com.oculus.systemdriver:com.oculus.vrruntimeservice (RuntimeServiceDevice)
12-08 16:15:47.379 D/CCodecConfig(12932): read media type: audio/raw
12-08 16:15:47.379 I/RipcClient [RUNTIMEIPC](12932): Event buffer size (client): 8192
12-08 16:15:47.379 I/RipcClient [RUNTIMEIPC](12932): TryToGetIPCResourcesFromServer: RPC_CONNECTOR_CONNECT_TO_SERVER SUCCESS: Client: com.example.moonlight_spatialsdk:com.example.moonlight_spatialsdk:12932, Server: com.oculus.systemdriver:com.oculus.vrruntimeservice:0 (RuntimeServiceDevice), Version: 81, Platform: Android, Build Date: Dec  7 2025, Build Time: 14:26:30, BuildMode: shared
12-08 16:15:47.379 W/REFLECT [RUNTIMEIPC]( 3567): Disabling all permissions (ONLY USE IN TESTS): 3069553965:com.example.moonlight_spatialsdk/com.example.moonlight_spatialsdk (10177:12932), mask: 11111111111111111111111111111111
12-08 16:15:47.379 I/RipcClient [RUNTIMEIPC](12932): EnsureServerConnection: SUCCESS. Client: com.example.moonlight_spatialsdk:com.example.moonlight_spatialsdk:12932, Server: com.oculus.systemdriver:com.oculus.vrruntimeservice:0 (RuntimeServiceDevice)
12-08 16:15:47.379 I/RipcClient [RUNTIMEIPC](12932): [RIPC_CONNECT_LOG] ConnectToServer: SUCCESS: Client: com.example.moonlight_spatialsdk:com.example.moonlight_spatialsdk:12932, Server: com.oculus.systemdriver:com.oculus.vrruntimeservice:0 (RuntimeServiceDevice)
12-08 16:15:47.380 I/RipcClient [RUNTIMEIPC](12932): ReleaseRef: Remaining refs: 0, Client: com.example.moonlight_spatialsdk:com.example.moonlight_spatialsdk:12932, Server: com.oculus.systemdriver:com.oculus.vrruntimeservice:0 (RuntimeServiceDevice)
12-08 16:15:47.380 D/ReflectedParamUpdater(12932): extent() != 1 for single value type: algo.buffers.max-count.values
12-08 16:15:47.380 W/RuntimeIPCNotificationThread [RUNTIMEIPC](12932): RuntimeIPCNotificationThread MainLoop: WaitForNotification FAILED: -1
12-08 16:15:47.380 W/RuntimeIPCNotificationThread [RUNTIMEIPC](12932): RuntimeIPCNotificationThread MainLoop: exiting
12-08 16:15:47.380 D/ReflectedParamUpdater(12932): extent() != 1 for single value type: output.subscribed-indices.values
12-08 16:15:47.380 W/RipcClient [RUNTIMEIPC](12932): [RIPC_CONNECT_LOG] DisconnectFromServer: Not connected: 0, Client: com.example.moonlight_spatialsdk:com.example.moonlight_spatialsdk:12932, Server: com.oculus.systemdriver:com.oculus.vrruntimeservice:0 (RuntimeServiceDevice)
12-08 16:15:47.380 D/ReflectedParamUpdater(12932): extent() != 1 for single value type: input.buffers.allocator-ids.values
12-08 16:15:47.380 D/ReflectedParamUpdater(12932): extent() != 1 for single value type: output.buffers.allocator-ids.values
12-08 16:15:47.380 I/RipcServerClientHandler [RUNTIMEIPC]( 3567): [RIPC_CONNECT_LOG] RipcServerClientHandler::Shutdown: Client: com.example.moonlight_spatialsdk:com.example.moonlight_spatialsdk:12932:, Server: com.oculus.systemdriver:com.oculus.vrruntimeservice (RuntimeServiceDevice)
12-08 16:15:47.380 I/RipcClient [RUNTIMEIPC](12932): [RIPC_CONNECT_LOG] Shutdown: clientId: 16777224, Client: com.example.moonlight_spatialsdk:com.example.moonlight_spatialsdk:12932, Server: com.oculus.systemdriver:com.oculus.vrruntimeservice:0 (RuntimeServiceDevice), SUCCESS
12-08 16:15:47.380 I/RipcClientMgr [RUNTIMEIPC](12932): [RIPC_CONNECT_LOG] DisconnectFromServer DONE: clientId: 16777224, Client: com.example.moonlight_spatialsdk:com.example.moonlight_spatialsdk:12932, Server: com.oculus.systemdriver:com.oculus.vrruntimeservice:0 (RuntimeServiceDevice)
12-08 16:15:47.380 D/ReflectedParamUpdater(12932): extent() != 1 for single value type: algo.buffers.allocator-ids.values
12-08 16:15:47.380 I/RuntimeIPCApi [RUNTIMEIPC](12932): ipc_DisconnectFromServer: 16777224, SUCCESS
12-08 16:15:47.380 I/Distortion(12932): Initializing Mesh Decenter Correction
12-08 16:15:47.380 D/ReflectedParamUpdater(12932): extent() != 1 for single value type: output.buffers.pool-ids.values
12-08 16:15:47.380 D/ReflectedParamUpdater(12932): extent() != 1 for single value type: algo.buffers.pool-ids.values
12-08 16:15:47.380 I/CCodecConfig(12932): query failed after returning 8 values (BAD_INDEX)
12-08 16:15:47.381 D/CCodecConfig(12932): c2 config diff is Dict {
12-08 16:15:47.381 D/CCodecConfig(12932):   c2::u32 coded.bitrate.value = 64000
12-08 16:15:47.381 D/CCodecConfig(12932):   c2::u32 input.buffers.max-size.value = 65536
12-08 16:15:47.381 D/CCodecConfig(12932):   c2::u32 input.delay.value = 0
12-08 16:15:47.381 D/CCodecConfig(12932):   string input.media-type.value = "audio/raw"
12-08 16:15:47.381 D/CCodecConfig(12932):   string output.media-type.value = "audio/raw"
12-08 16:15:47.381 D/CCodecConfig(12932):   c2::u32 raw.channel-count.value = 2
12-08 16:15:47.381 D/CCodecConfig(12932):   c2::u32 raw.pcm-encoding.value = 0
12-08 16:15:47.381 D/CCodecConfig(12932):   c2::u32 raw.sample-rate.value = 44100
12-08 16:15:47.381 D/CCodecConfig(12932): }
12-08 16:15:47.381 D/MediaCodec(12932): flushMediametrics
12-08 16:15:47.381 D/CCodec  (12932): [c2.android.raw.decoder] buffers are bound to CCodec for this session
12-08 16:15:47.381 D/CCodecConfig(12932): no c2 equivalents for durationUs
12-08 16:15:47.381 D/CCodecConfig(12932): no c2 equivalents for track-id
12-08 16:15:47.381 D/CCodecConfig(12932): no c2 equivalents for bits-per-sample
12-08 16:15:47.381 D/CCodecConfig(12932): no c2 equivalents for flags
12-08 16:15:47.381 I/Distortion(12932): Decenter tester version = 200
12-08 16:15:47.381 I/Distortion(12932): SetLensPositions - iad=0.0635, left offset=-0.00313837,4.25965e-05, right offset=0.00323463,-0.000142143
12-08 16:15:47.381 D/CCodecConfig(12932): c2 config diff is   c2::u32 raw.channel-count.value = 1
12-08 16:15:47.381 D/CCodecConfig(12932):   c2::u32 raw.sample-rate.value = 48000
12-08 16:15:47.381 W/Codec2Client(12932): query -- param skipped: index = 1107298332.
12-08 16:15:47.381 D/CCodec  (12932): encoding statistics level = 0
12-08 16:15:47.382 D/CCodec  (12932): setup formats input: AMessage(what = 0x00000000) = {
12-08 16:15:47.382 D/CCodec  (12932):   int32_t android._codec-pcm-encoding = 2
12-08 16:15:47.382 D/CCodec  (12932):   int32_t bitrate = 64000
12-08 16:15:47.382 D/CCodec  (12932):   int32_t channel-count = 1
12-08 16:15:47.382 D/CCodec  (12932):   int32_t max-input-size = 65536
12-08 16:15:47.382 D/CCodec  (12932):   string mime = "audio/raw"
12-08 16:15:47.382 D/CCodec  (12932):   int32_t pcm-encoding = 2
12-08 16:15:47.382 D/CCodec  (12932):   int32_t sample-rate = 48000
12-08 16:15:47.382 D/CCodec  (12932): }
12-08 16:15:47.382 D/CCodec  (12932): setup formats output: AMessage(what = 0x00000000) = {
12-08 16:15:47.382 D/CCodec  (12932):   int32_t android._codec-pcm-encoding = 2
12-08 16:15:47.382 D/CCodec  (12932):   int32_t channel-count = 1
12-08 16:15:47.382 D/CCodec  (12932):   string mime = "audio/raw"
12-08 16:15:47.382 D/CCodec  (12932):   int32_t pcm-encoding = 2
12-08 16:15:47.382 D/CCodec  (12932):   int32_t sample-rate = 48000
12-08 16:15:47.382 D/CCodec  (12932):   int32_t channel-mask = 0
12-08 16:15:47.382 D/CCodec  (12932):   int32_t android._config-pcm-encoding = 2
12-08 16:15:47.382 D/CCodec  (12932): }
12-08 16:15:47.382 I/CCodecConfig(12932): query failed after returning 8 values (BAD_INDEX)
12-08 16:15:47.382 W/Codec2Client(12932): query -- param skipped: index = 1342179345.
12-08 16:15:47.382 W/Codec2Client(12932): query -- param skipped: index = 2415921170.
12-08 16:15:47.382 I/VrRuntimeCompatHelper(12932): DevicesSupported : 4 devices, quest2|questpro|quest3
12-08 16:15:47.382 I/ApplicationAttributes(12932): IsSystem 0
12-08 16:15:47.382 I/Distortion(12932): Initializing Mesh Decenter Correction
12-08 16:15:47.383 I/Distortion(12932): Decenter tester version = 200
12-08 16:15:47.383 I/Distortion(12932): SetLensPositions - iad=0.0635, left offset=-0.00313837,4.25965e-05, right offset=0.00323463,-0.000142143
12-08 16:15:47.383 D/CCodecBufferChannel(12932): [c2.android.raw.decoder#578] Created input block pool with allocatorID 16 => poolID 21 - OK (0)
12-08 16:15:47.384 I/OpenXR  (12932): ----------- xrCreateInstance [end] ----------
12-08 16:15:47.384 I/CCodecBufferChannel(12932): [c2.android.raw.decoder#578] Created output block pool with allocatorID 16 => poolID 215 - OK
12-08 16:15:47.384 V/OpenXR_DriverLoader(12932): xrGetInstanceProcAddr: xrSetDebugUtilsObjectNameEXT not supported, the extension is not enabled for the requested OpenXR API version 1.1.48.
12-08 16:15:47.384 V/OpenXR_DriverLoader(12932): xrGetInstanceProcAddr: xrCreateDebugUtilsMessengerEXT not supported, the extension is not enabled for the requested OpenXR API version 1.1.48.
12-08 16:15:47.384 V/OpenXR_DriverLoader(12932): xrGetInstanceProcAddr: xrDestroyDebugUtilsMessengerEXT not supported, the extension is not enabled for the requested OpenXR API version 1.1.48.
12-08 16:15:47.384 V/OpenXR_DriverLoader(12932): xrGetInstanceProcAddr: xrSubmitDebugUtilsMessageEXT not supported, the extension is not enabled for the requested OpenXR API version 1.1.48.
12-08 16:15:47.384 V/OpenXR_DriverLoader(12932): xrGetInstanceProcAddr: xrSessionBeginDebugUtilsLabelRegionEXT not supported, the extension is not enabled for the requested OpenXR API version 1.1.48.
12-08 16:15:47.384 V/OpenXR_DriverLoader(12932): xrGetInstanceProcAddr: xrSessionEndDebugUtilsLabelRegionEXT not supported, the extension is not enabled for the requested OpenXR API version 1.1.48.
12-08 16:15:47.384 V/OpenXR_DriverLoader(12932): xrGetInstanceProcAddr: xrSessionInsertDebugUtilsLabelEXT not supported, the extension is not enabled for the requested OpenXR API version 1.1.48.
12-08 16:15:47.384 V/OpenXR-Loader(12932): Verbose [GENERAL | xrCreateInstance | OpenXR-Loader] : Completed loader terminator
12-08 16:15:47.384 D/CCodecBufferChannel(12932): [c2.android.raw.decoder#578] Configured output block pool ids 215 => OK
12-08 16:15:47.384 V/OpenXR_DriverLoader(12932): xrGetInstanceProcAddr: xrSessionBeginDebugUtilsLabelRegionEXT not supported, the extension is not enabled for the requested OpenXR API version 1.1.48.
12-08 16:15:47.384 V/OpenXR_DriverLoader(12932): xrGetInstanceProcAddr: xrSessionEndDebugUtilsLabelRegionEXT not supported, the extension is not enabled for the requested OpenXR API version 1.1.48.
12-08 16:15:47.384 V/OpenXR_DriverLoader(12932): xrGetInstanceProcAddr: xrSessionInsertDebugUtilsLabelEXT not supported, the extension is not enabled for the requested OpenXR API version 1.1.48.
12-08 16:15:47.384 I/OpenXR-Loader(12932): Info [GENERAL | xrCreateInstance | OpenXR-Loader] : LoaderInstance::CreateInstance succeeded with 0 layers enabled and runtime interface - created instance = 0x0000000000000001
12-08 16:15:47.384 V/OpenXR-Loader(12932): Verbose [GENERAL | xrCreateInstance | OpenXR-Loader] : Completed loader trampoline
12-08 16:15:47.384 V/OpenXR_DriverLoader(12932): xrGetInstanceProcAddr: xrEnumeratePerformanceMetricsCounterPathsMETA not supported, the extension is not enabled for the requested OpenXR API version 1.1.48.
12-08 16:15:47.384 V/OpenXR_DriverLoader(12932): xrGetInstanceProcAddr: xrSetPerformanceMetricsStateMETA not supported, the extension is not enabled for the requested OpenXR API version 1.1.48.
12-08 16:15:47.384 V/OpenXR_DriverLoader(12932): xrGetInstanceProcAddr: xrGetPerformanceMetricsStateMETA not supported, the extension is not enabled for the requested OpenXR API version 1.1.48.
12-08 16:15:47.384 V/OpenXR_DriverLoader(12932): xrGetInstanceProcAddr: xrQueryPerformanceMetricsCounterMETA not supported, the extension is not enabled for the requested OpenXR API version 1.1.48.
12-08 16:15:47.384 V/OpenXR_DriverLoader(12932): xrGetInstanceProcAddr: xrCreateBodyTrackerFB not supported, the extension is not enabled for the requested OpenXR API version 1.1.48.
12-08 16:15:47.384 V/OpenXR_DriverLoader(12932): xrGetInstanceProcAddr: xrDestroyBodyTrackerFB not supported, the extension is not enabled for the requested OpenXR API version 1.1.48.
12-08 16:15:47.384 V/OpenXR_DriverLoader(12932): xrGetInstanceProcAddr: xrLocateBodyJointsFB not supported, the extension is not enabled for the requested OpenXR API version 1.1.48.
12-08 16:15:47.384 V/OpenXR_DriverLoader(12932): xrGetInstanceProcAddr: xrGetBodySkeletonFB not supported, the extension is not enabled for the requested OpenXR API version 1.1.48.
12-08 16:15:47.384 V/OpenXR_DriverLoader(12932): xrGetInstanceProcAddr: xrCreateVirtualReferenceSpaceMETAX1 not supported, the extension is not enabled for the requested OpenXR API version 1.1.48.
12-08 16:15:47.384 V/OpenXR_DriverLoader(12932): xrGetInstanceProcAddr: xrSetVirtualReferenceSpacePoseMETAX1 not supported, the extension is not enabled for the requested OpenXR API version 1.1.48.
12-08 16:15:47.384 V/OpenXR_DriverLoader(12932): xrGetInstanceProcAddr: xrSetUserRestSpaceMETAX1 not supported, the extension is not enabled for the requested OpenXR API version 1.1.48.
12-08 16:15:47.384 V/OpenXR_DriverLoader(12932): xrGetInstanceProcAddr: xrResumeSimultaneousHandsAndControllersTrackingMETA not supported, the extension is not enabled for the requested OpenXR API version 1.1.48.
12-08 16:15:47.384 V/OpenXR_DriverLoader(12932): xrGetInstanceProcAddr: xrPauseSimultaneousHandsAndControllersTrackingMETA not supported, the extension is not enabled for the requested OpenXR API version 1.1.48.
12-08 16:15:47.384 I/QC2CompStore(  860): Setting heap usage to system
12-08 16:15:47.384 I/HorizonStandalone(12932): Hmi: Registering input class horizon::hmi::XrControllerLeft
12-08 16:15:47.384 I/HorizonStandalone(12932): Hmi: Registering input class horizon::hmi::XrControllerRight
12-08 16:15:47.384 I/HorizonStandalone(12932): Hmi: Registering input class horizon::hmi::XrHandLeft
12-08 16:15:47.384 I/HorizonStandalone(12932): Hmi: Registering input class horizon::hmi::XrHandRight
12-08 16:15:47.384 I/HorizonStandalone(12932): Hmi: Registering input class horizon::hmi::XrEyeGaze
12-08 16:15:47.385 D/SimpleC2Component( 1138): Using output block pool with poolID 215 => got 215 - 0
12-08 16:15:47.385 D/MediaBufferGroup( 1110): creating MemoryDealer
12-08 16:15:47.387 D/CCodecBufferChannel(12932): [c2.android.raw.decoder#578] MediaCodec discarded an unknown buffer
12-08 16:15:47.387 D/CCodecBufferChannel(12932): [c2.android.raw.decoder#578] MediaCodec discarded an unknown buffer
12-08 16:15:47.387 D/CCodecBufferChannel(12932): [c2.android.raw.decoder#578] MediaCodec discarded an unknown buffer
12-08 16:15:47.388 I/hw-BpHwBinder(12932): onLastStrongRef automatically unlinking death recipients
12-08 16:15:47.388 I/hw-BpHwBinder( 1138): onLastStrongRef automatically unlinking death recipients
12-08 16:15:47.388 D/BufferPoolAccessor2.0( 1138): Destruction - bufferpool2 0xb400007cc6a32428 cached: 0/0M, 0/0% in use; allocs: 0, 0% recycled; transfers: 0, 0% unfetched
12-08 16:15:47.388 D/MediaCodec(12932): flushMediametrics
12-08 16:15:47.388 D/MediaCodec(12932): updateMediametrics(0xb400006f120cb000) ttff: 9ms, ttff_os: 6ms, init: 3ms ,configure: 0ms, start: 3ms, decode: 0ms, rendering: -1ms
12-08 16:15:47.389 I/BpBinder(12932): onLastStrongRef automatically unlinking death recipients: android.media.IResourceManagerService
12-08 16:15:47.389 W/mediaextractor( 1110): Binder 0xb4000075a6480508 destroyed after setInheritRt before being parceled.
12-08 16:15:47.389 W/mediaextractor( 1110): Binder 0xb4000075a6480008 destroyed after setInheritRt before being parceled.
12-08 16:15:47.389 W/mediaextractor( 1110): Binder 0xb4000075a64800a8 destroyed after setInheritRt before being parceled.
12-08 16:15:47.389 W/mediaextractor( 1110): Binder 0xb4000075a641a1c8 destroyed after setInheritRt before being parceled.
12-08 16:15:47.389 W/mediaextractor( 1110): Binder 0xb4000075a64801e8 destroyed after setInheritRt before being parceled.
12-08 16:15:47.404 I/HorizonStandalone(12932): Application: initView begin
12-08 16:15:47.407 D/vulkan  (12932): searching for layers in '/data/app/~~4bsiPsbN28XmRzhnQ30wOg==/com.example.moonlight_spatialsdk-ZXa26bKnRaSsjTjRIJ_ssA==/lib/arm64'
12-08 16:15:47.407 D/vulkan  (12932): searching for layers in '/data/app/~~4bsiPsbN28XmRzhnQ30wOg==/com.example.moonlight_spatialsdk-ZXa26bKnRaSsjTjRIJ_ssA==/base.apk!/lib/arm64-v8a'
12-08 16:15:47.408 D/vulkan  (12932): searching for layers in '/apex/com.meta.xr/priv-app/VrDriver/VrDriver.apk!/lib/arm64-v8a'
12-08 16:15:47.410 W/Adreno-AppProfiles(12932): Could not find QSPM HAL service. Skipping adreno profile processing.
12-08 16:15:47.411 I/AdrenoVK-0(12932): ===== BEGIN DUMP OF OVERRIDDEN SETTINGS =====
12-08 16:15:47.411 I/AdrenoVK-0(12932): ===== END DUMP OF OVERRIDDEN SETTINGS =====
12-08 16:15:47.413 W/Adreno-AppProfiles(12932): Could not find QSPM HAL service. Skipping adreno profile processing.
12-08 16:15:47.414 I/AdrenoVK-0(12932): ===== BEGIN DUMP OF OVERRIDDEN SETTINGS =====
12-08 16:15:47.414 I/AdrenoVK-0(12932): ===== END DUMP OF OVERRIDDEN SETTINGS =====
12-08 16:15:47.418 I/AdrenoVK-0(12932): QUALCOMM build          : 5eb6d58341, Icac217ebc7
12-08 16:15:47.418 I/AdrenoVK-0(12932): Build Date              : 11/10/25
12-08 16:15:47.418 I/AdrenoVK-0(12932): Shader Compiler Version : E031.50.14.00
12-08 16:15:47.418 I/AdrenoVK-0(12932): Local Branch            : 
12-08 16:15:47.418 I/AdrenoVK-0(12932): Remote Branch           : refs/tags/AU_LINUX_ANDROID_LA.VENDOR.12.3.11.00.00.934.442
12-08 16:15:47.418 I/AdrenoVK-0(12932): Remote Branch           : NONE
12-08 16:15:47.418 I/AdrenoVK-0(12932): Reconstruct Branch      : NOTHING
12-08 16:15:47.418 I/AdrenoVK-0(12932): Build Config            : S P 12.1.6 AArch64
12-08 16:15:47.418 I/AdrenoVK-0(12932): Driver Path             : /vendor/lib64/hw/vulkan.adreno.so
12-08 16:15:47.418 I/AdrenoVK-0(12932): Driver Version          : 0837.0.6
12-08 16:15:47.418 I/AdrenoVK-0(12932): PFP                     : 0x01511181
12-08 16:15:47.418 I/AdrenoVK-0(12932): ME                      : 0x00000000
12-08 16:15:47.418 I/AdrenoVK-0(12932): Application Name    : RHISupportedFeaturesProbe
12-08 16:15:47.418 I/AdrenoVK-0(12932): Process Name        : com.example.moonlight_spatialsdk
12-08 16:15:47.418 I/AdrenoVK-0(12932): Application Version : 0x00000001
12-08 16:15:47.418 I/AdrenoVK-0(12932): Engine Name         : Meta Horizon Engine
12-08 16:15:47.418 I/AdrenoVK-0(12932): Engine Version      : 0x00000001
12-08 16:15:47.418 I/AdrenoVK-0(12932): Api Version         : 0x00403000
12-08 16:15:47.425 I/[SEO] PanelToggleController( 4168): Visibility toggled from true to false, reason system-initiated, source ExternalLaunch, force hide false
12-08 16:15:47.425 I/[SEO] ShellFrameAnalytics( 4168): Shell Heartbeat activeFlowName: DesktopFlow isFlowRequestingActivation: 1 flowActivationReason: DesktopFlow focusedPanelTimeSpent: {"139":1027,"146":3347,"3":583} visibleTimeSpent: {"146":4958,"3":513,"6":513} panelIdToComponentName: {"146":"com.example.moonlight_spatialsdk/com.example.moonlight_spatialsdk.PancakeActivity","3":"com.oculus.panelapp.library/com.oculus.navigator.library.app.NavigatorLibraryActivity","6":"com.oculus.panelapp.library/com.oculus.navigator.systembar.app.SystemBarActivity"} inputTimeSpent: {"139":"{\"focus_controller\":1027}","146":"{\"focus_controller\":3347,\"visible_controller\":4958}","3":"{\"focus_controller\":583,\"visible_controller\":513}","6":"{\"visible_controller\":513}"} inputClickCount: {"146":"{\"focused_controller\":1,\"visible_controller\":1}"} mouseMoveTimeSpent: 0 mouseScrollTimeSpent: 0 quickActionsMenuActivations: 0 quickActionsMenuTimeSpent: 0 quickActionsMenuSessionLengths: [] quickActionsMenuSelections: {} handTrackingOptIn: 1 handTrackingAutoTransition: 0 directTouchTabletEnabled: 4958 gamepadButtonDestinations: {}
12-08 16:15:47.427 I/[SEO] SystemTaskBar( 4168): UpdateVisibility(Spatial, 0)
12-08 16:15:47.430 W/Adreno-AppProfiles(12932): Could not find QSPM HAL service. Skipping adreno profile processing.
12-08 16:15:47.431 I/AdrenoVK-0(12932): ===== BEGIN DUMP OF OVERRIDDEN SETTINGS =====
12-08 16:15:47.431 I/AdrenoVK-0(12932): ===== END DUMP OF OVERRIDDEN SETTINGS =====
12-08 16:15:47.433 I/AdrenoVK-0(12932): QUALCOMM build          : 5eb6d58341, Icac217ebc7
12-08 16:15:47.433 I/AdrenoVK-0(12932): Build Date              : 11/10/25
12-08 16:15:47.433 I/AdrenoVK-0(12932): Shader Compiler Version : E031.50.14.00
12-08 16:15:47.433 I/AdrenoVK-0(12932): Local Branch            : 
12-08 16:15:47.433 I/AdrenoVK-0(12932): Remote Branch           : refs/tags/AU_LINUX_ANDROID_LA.VENDOR.12.3.11.00.00.934.442
12-08 16:15:47.433 I/AdrenoVK-0(12932): Remote Branch           : NONE
12-08 16:15:47.433 I/AdrenoVK-0(12932): Reconstruct Branch      : NOTHING
12-08 16:15:47.433 I/AdrenoVK-0(12932): Build Config            : S P 12.1.6 AArch64
12-08 16:15:47.433 I/AdrenoVK-0(12932): Driver Path             : /vendor/lib64/hw/vulkan.adreno.so
12-08 16:15:47.433 I/AdrenoVK-0(12932): Driver Version          : 0837.0.6
12-08 16:15:47.433 I/AdrenoVK-0(12932): PFP                     : 0x01511181
12-08 16:15:47.433 I/AdrenoVK-0(12932): ME                      : 0x00000000
12-08 16:15:47.433 I/AdrenoVK-0(12932): Application Name    : Aether Application
12-08 16:15:47.433 I/AdrenoVK-0(12932): Process Name        : com.example.moonlight_spatialsdk
12-08 16:15:47.433 I/AdrenoVK-0(12932): Application Version : 0x00000000
12-08 16:15:47.433 I/AdrenoVK-0(12932): Engine Name         : Meta Horizon Engine
12-08 16:15:47.433 I/AdrenoVK-0(12932): Engine Version      : 0x00000001
12-08 16:15:47.433 I/AdrenoVK-0(12932): Api Version         : 0x00402000
12-08 16:15:47.433 I/VulkanLoader(12932): ovrVulkanLoader::Load
12-08 16:15:47.433 W/VulkanLoader(12932): VulkanLoader::LoadInstanceFunctions: Failed to load vkCreateDebugReportCallbackEXT, likely vkInstance created without xrGetVulkanInstanceExtensionsKHR/vrapi_GetInstanceExtensionsVulkan
12-08 16:15:47.433 W/VulkanLoader(12932): VulkanLoader::LoadInstanceFunctions: Failed to load vkCreateDebugUtilsMessengerEXT, likely vkInstance created without xrGetVulkanInstanceExtensionsKHR/vrapi_GetInstanceExtensionsVulkan
12-08 16:15:47.433 W/VulkanLoader(12932): VulkanLoader::LoadInstanceFunctions: Failed to load vkDestroyDebugReportCallbackEXT, likely vkInstance created without xrGetVulkanInstanceExtensionsKHR/vrapi_GetInstanceExtensionsVulkan
12-08 16:15:47.433 W/VulkanLoader(12932): VulkanLoader::LoadInstanceFunctions: Failed to load vkDestroyDebugUtilsMessengerEXT, likely vkInstance created without xrGetVulkanInstanceExtensionsKHR/vrapi_GetInstanceExtensionsVulkan
12-08 16:15:47.433 W/VulkanLoader(12932): VulkanLoader::LoadInstanceFunctions: Failed to load vkGetPhysicalDeviceSurfaceCapabilities2KHR, likely vkInstance created without xrGetVulkanInstanceExtensionsKHR/vrapi_GetInstanceExtensionsVulkan
12-08 16:15:47.433 W/VulkanLoader(12932): ovrVulkanLoader::LoadDeviceFunctions: device invalid
12-08 16:15:47.433 W/VulkanLoader(12932): ovrVulkanLoader::LoadExtensionList: physicalDevice invalid
12-08 16:15:47.433 I/Vulkan_Utils(12932): --------------------------------
12-08 16:15:47.433 I/Vulkan_Utils(12932): Device Name          : Adreno (TM) 740
12-08 16:15:47.433 I/Vulkan_Utils(12932): Device Type          : integrated GPU
12-08 16:15:47.433 I/Vulkan_Utils(12932): Vendor ID            : 0x5143
12-08 16:15:47.433 I/Vulkan_Utils(12932): Device ID            : 0x43050B00
12-08 16:15:47.433 I/Vulkan_Utils(12932): Driver Version       : 512.837.6
12-08 16:15:47.433 I/Vulkan_Utils(12932): API Version          : 1.3.295
12-08 16:15:47.433 I/Vulkan_Utils(12932): Queue Families       : 0 = graphics compute transfer (4 queues, 4 priorities)
12-08 16:15:47.433 I/Vulkan_Utils(12932):                        1 = (1 queues, 4 priorities)
12-08 16:15:47.433 I/Vulkan_Utils(12932): Work Queue Family    : 0
12-08 16:15:47.433 I/Vulkan_Utils(12932): Device Extensions    : VK_KHR_swapchain (required, enabled)
12-08 16:15:47.433 I/Vulkan_Utils(12932):                        VK_KHR_external_memory (required, enabled)
12-08 16:15:47.433 I/Vulkan_Utils(12932):                        VK_KHR_get_memory_requirements2 (required, enabled)
12-08 16:15:47.433 I/Vulkan_Utils(12932):                        VK_ANDROID_external_memory_android_hardware_buffer (required, enabled)
12-08 16:15:47.433 I/Vulkan_Utils(12932):                        VK_EXT_queue_family_foreign (required, enabled)
12-08 16:15:47.433 I/Vulkan_Utils(12932): Device Extensions      VK_EXT_fragment_density_map (optional, enabled)
12-08 16:15:47.433 I/Vulkan_Utils(12932):                        VK_EXT_fragment_density_map2 (optional, enabled)
12-08 16:15:47.433 I/Vulkan_Utils(12932):                        VK_KHR_maintenance1 (optional, enabled)
12-08 16:15:47.433 I/Vulkan_Utils(12932):                        VK_KHR_bind_memory2 (optional, enabled)
12-08 16:15:47.433 I/Vulkan_Utils(12932):                        VK_KHR_sampler_ycbcr_conversion (optional, enabled)
12-08 16:15:47.433 I/Vulkan_Utils(12932):                        VK_KHR_dedicated_allocation (optional, enabled)
12-08 16:15:47.433 I/Vulkan_Utils(12932):                        VK_KHR_external_memory_fd (optional, enabled)
12-08 16:15:47.433 I/Vulkan_Utils(12932):                        VK_EXT_extended_dynamic_state (optional, enabled)
12-08 16:15:47.433 I/Vulkan_Utils(12932):                        VK_KHR_shared_presentable_image (optional, enabled)
12-08 16:15:47.433 I/Vulkan_Utils(12932):                        VK_KHR_timeline_semaphore (optional, enabled)
12-08 16:15:47.439 I/[SEO] VrShellDesktopBase( 4168): BackgroundDesktop: Spatial, reason egoCentricDesktopBackground
12-08 16:15:47.439 I/HorizonStandalone(12932): Renderer: RendererValidation Successfully created renderer device
12-08 16:15:47.439 I/HorizonStandalone(12932): Renderer: Renderer deviceName='Adreno (TM) 740' deviceType=1 driver='512.837.6'
12-08 16:15:47.439 I/[SEO] PanelAppHost( 4168): OnBackground panel (panelId:146) (com.example.moonlight_spatialsdk/com.example.moonlight_spatialsdk.PancakeActivity)
12-08 16:15:47.439 I/[SEO] PanelAppHost( 4168): Panel app (panelId:146) (com.example.moonlight_spatialsdk/com.example.moonlight_spatialsdk.PancakeActivity) changing state from foreground to background
12-08 16:15:47.439 W/OpenXR  (12932): xrGetVulkanGraphicsDevice2KHR: Called twice.
12-08 16:15:47.439 I/VulkanLoader(12932): ovrVulkanLoader::Load
12-08 16:15:47.439 W/VulkanLoader(12932): VulkanLoader::LoadInstanceFunctions: Failed to load vkCreateDebugReportCallbackEXT, likely vkInstance created without xrGetVulkanInstanceExtensionsKHR/vrapi_GetInstanceExtensionsVulkan
12-08 16:15:47.439 W/VulkanLoader(12932): VulkanLoader::LoadInstanceFunctions: Failed to load vkCreateDebugUtilsMessengerEXT, likely vkInstance created without xrGetVulkanInstanceExtensionsKHR/vrapi_GetInstanceExtensionsVulkan
12-08 16:15:47.439 W/VulkanLoader(12932): VulkanLoader::LoadInstanceFunctions: Failed to load vkDestroyDebugReportCallbackEXT, likely vkInstance created without xrGetVulkanInstanceExtensionsKHR/vrapi_GetInstanceExtensionsVulkan
12-08 16:15:47.439 W/VulkanLoader(12932): VulkanLoader::LoadInstanceFunctions: Failed to load vkDestroyDebugUtilsMessengerEXT, likely vkInstance created without xrGetVulkanInstanceExtensionsKHR/vrapi_GetInstanceExtensionsVulkan
12-08 16:15:47.439 W/VulkanLoader(12932): VulkanLoader::LoadInstanceFunctions: Failed to load vkGetPhysicalDeviceSurfaceCapabilities2KHR, likely vkInstance created without xrGetVulkanInstanceExtensionsKHR/vrapi_GetInstanceExtensionsVulkan
12-08 16:15:47.439 D/[UNSET] ShellApplication( 4168): Notifying state updated to BACKGROUND for panel app 146
12-08 16:15:47.439 W/VulkanLoader(12932): ovrVulkanLoader::LoadDeviceFunctions: device invalid
12-08 16:15:47.439 W/VulkanLoader(12932): ovrVulkanLoader::LoadExtensionList: physicalDevice invalid
12-08 16:15:47.439 V/[SEO] ReprojectedPanelAppManager( 4168): onPanelStateChange: 146, state=false
12-08 16:15:47.439 I/Vulkan_Utils(12932): --------------------------------
12-08 16:15:47.439 I/Vulkan_Utils(12932): Device Name          : Adreno (TM) 740
12-08 16:15:47.439 I/Vulkan_Utils(12932): Device Type          : integrated GPU
12-08 16:15:47.439 I/Vulkan_Utils(12932): Vendor ID            : 0x5143
12-08 16:15:47.439 I/Vulkan_Utils(12932): Device ID            : 0x43050B00
12-08 16:15:47.439 I/Vulkan_Utils(12932): Driver Version       : 512.837.6
12-08 16:15:47.439 I/[SEO] PanelActivityInfo( 4168): onPanelStateChange: false for component com.example.moonlight_spatialsdk/com.example.moonlight_spatialsdk.PancakeActivity with id 146
12-08 16:15:47.439 I/Vulkan_Utils(12932): API Version          : 1.3.295
12-08 16:15:47.439 I/Vulkan_Utils(12932): Queue Families       : 0 = graphics compute transfer (4 queues, 4 priorities)
12-08 16:15:47.439 I/Vulkan_Utils(12932):                        1 = (1 queues, 4 priorities)
12-08 16:15:47.439 I/Vulkan_Utils(12932): Work Queue Family    : 0
12-08 16:15:47.439 I/[SEO] PanelAppHost( 4168): Panel (panelId:146) (com.example.moonlight_spatialsdk/com.example.moonlight_spatialsdk.PancakeActivity) is now backgrounded due to: egoCentricDesktopBackground
12-08 16:15:47.440 I/Vulkan_Utils(12932): Device Extensions    : VK_KHR_swapchain (required, enabled)
12-08 16:15:47.440 I/Vulkan_Utils(12932):                        VK_KHR_external_memory (required, enabled)
12-08 16:15:47.440 I/Vulkan_Utils(12932):                        VK_KHR_get_memory_requirements2 (required, enabled)
12-08 16:15:47.440 I/Vulkan_Utils(12932):                        VK_ANDROID_external_memory_android_hardware_buffer (required, enabled)
12-08 16:15:47.440 I/Vulkan_Utils(12932):                        VK_EXT_queue_family_foreign (required, enabled)
12-08 16:15:47.440 I/Vulkan_Utils(12932): Device Extensions      VK_EXT_fragment_density_map (optional, enabled)
12-08 16:15:47.440 I/Vulkan_Utils(12932):                        VK_EXT_fragment_density_map2 (optional, enabled)
12-08 16:15:47.440 I/Vulkan_Utils(12932):                        VK_KHR_maintenance1 (optional, enabled)
12-08 16:15:47.440 I/Vulkan_Utils(12932):                        VK_KHR_bind_memory2 (optional, enabled)
12-08 16:15:47.440 I/Vulkan_Utils(12932):                        VK_KHR_sampler_ycbcr_conversion (optional, enabled)
12-08 16:15:47.440 I/Vulkan_Utils(12932):                        VK_KHR_dedicated_allocation (optional, enabled)
12-08 16:15:47.440 I/Vulkan_Utils(12932):                        VK_KHR_external_memory_fd (optional, enabled)
12-08 16:15:47.440 I/Vulkan_Utils(12932):                        VK_EXT_extended_dynamic_state (optional, enabled)
12-08 16:15:47.440 I/Vulkan_Utils(12932):                        VK_KHR_shared_presentable_image (optional, enabled)
12-08 16:15:47.440 I/Vulkan_Utils(12932):                        VK_KHR_timeline_semaphore (optional, enabled)
12-08 16:15:47.440 I/OpenXR  (12932): ------------ xrCreateSession [start] -----------
12-08 16:15:47.440 I/VrRuntimeClient(12932): VrRuntimeClient(): 0xb400006f123b8b80
12-08 16:15:47.440 I/[SEO] DesktopPanelController( 4168): Backgrounded desktop Spatial with reason egoCentricDesktopBackground
12-08 16:15:47.440 I/[SEO] PerformanceController( 4168): Sending Desktop Visibility Signal: 0
12-08 16:15:47.440 W/WindowOnBackDispatcher( 4168): sendCancelIfRunning: isInProgress=falsecallback=android.view.ViewRootImpl$$ExternalSyntheticLambda17@e647d1e
12-08 16:15:47.440 D/CoreBackPreview( 2051): Window{58177d0 u0 com.oculus.android_panel_app.AndroidPanelLayer-com.oculus.vrshell-controlbar13}: Setting back callback null
12-08 16:15:47.440 I/JniUtils-inl(12932): Creating temporary JNIEnv. This is a heavy operation and should be infrequent. To optimize, use JNI AttachCurrentThread on calling thread
12-08 16:15:47.441 I/JVMHandler(12932): JVMHandler: callStaticMethodWithVariableArguments. [functionName:getDisplayID] is valid: [1]
12-08 16:15:47.441 I/OpenXR  ( 4168): xrPerfSettingsSetPerformanceLevelEXT [package=com.oculus.vrshell, domain=cpu, level=sustained high]
12-08 16:15:47.443 W/.oculus.vrshell( 4168): Binder 0x73afdc5190 destroyed after setInheritRt before being parceled.
12-08 16:15:47.443 W/.oculus.vrshell( 4168): Binder 0x73294ea8f0 destroyed after setInheritRt before being parceled.
12-08 16:15:47.443 W/.oculus.vrshell( 4168): Binder 0x732912b6c8 destroyed after setInheritRt before being parceled.
12-08 16:15:47.443 W/.oculus.vrshell( 4168): Binder 0x73294ea898 destroyed after setInheritRt before being parceled.
12-08 16:15:47.443 I/VrGuardianService( 5403): com.oculus.vrshell -> GuardianSDKServer::SetGuardianHitDialog 0
12-08 16:15:47.444 I/[SEO] PanelAppOSLifecycleNotificationManager( 4168): Sending frameState isForeground:0 to OS for app com.example.moonlight_spatialsdk/com.example.moonlight_spatialsdk.PancakeActivity
12-08 16:15:47.444 W/InputManager-JNI( 2051): Input channel object '58177d0 com.oculus.android_panel_app.AndroidPanelLayer-com.oculus.vrshell-controlbar13 (client)' was disposed without first being removed with the input manager!
12-08 16:15:47.444 I/[NAV][BAR] Active2dPanelDataSourceImpl(28906): onAppStatusChanged: {"appState":[{"name":"com.oculus.systemux/com.oculus.panelapp.activetaskbar.ActiveTaskBarActivity","panels":[{"panelId":1,"shouldBePrePinned":false,"state":"Foreground","volumetricWindowToken":"908d4ff6-355a-4672-97b2-947e809531d6"}]},{"name":"com.oculus.panelapp.library/com.oculus.navigator.library.app.NavigatorLibraryActivity","panels":[{"panelId":3,"shouldBePrePinned":false,"state":"Background","volumetricWindowToken":"ba3cf751-e68a-42ef-9fc8-fda532e026a2"}]},{"name":"com.oculus.vrshell/com.oculus.panelapp.bloom.BloomActivity","panels":[{"panelId":4,"shouldBePrePinned":false,"state":"Foreground","volumetricWindowToken":"6bee8476-07e9-41cd-921c-85f1613e54cb"}]},{"name":"com.oculus.vrshell/com.oculus.panelapp.displaybar.DisplayBarActivity","panels":[{"panelId":5,"shouldBePrePinned":false,"state":"Foreground","volumetricWindowToken":"8adfb8d6-830a-45c8-a8da-a4240bab9259"}]},{"name":"com.oculus.panelapp.settings/com.oculus.navigator.quickcontrols.app.NavigatorQuickControlsActivity","panels":[{"panelId":73,"shouldBePrePinned":false,"state":"Background","volumetricWindowToken":"37706acc-0d1a-4caf-8409-256a717ec7b0"}]},{"name":"com.oculus.mrds/com.oculus.mrds.msft.connectactivity.ConnectActivity","panels":[{"panelId":139,"shouldBePrePinned":false,"state":"Foreground","volumetricWindowToken":"f1334d1b-9009-4a10-8502-1a02fd433796"}]},{"name":"com.oculus.panelapp.library/com.oculus.navigator.systembar.app.SystemBarActivity","panels":[{"panelId":6,"shouldBePrePinned":false,"state":"Background","volumetricWindowToken":"17752a76-e2cd-42fb-978b-f5c8221e3d4e"}]},{"name":"com.example.moonlight_spatialsdk/com.example.moonlight_spatialsdk.PancakeActivity","panels":[{"panelId":146,"shouldBePrePinned":false,"state":"Background","volumetricWindowToken":"aba2ee1d-1764-470b-a3cd-b93a2043a371"}]}],"mostRecent":["com.oculus.panelapp.library/com.oculus.navigator.library.app.NavigatorLibraryActivity","com.example.moonlight_spatialsdk/com.example.moonlight_spatialsdk.PancakeActivity","com.oculus.panelapp.settings/com.oculus.navigator.quickcontrols.app.NavigatorQuickControlsActivity","com.oculus.mrds/com.oculus.mrds.msft.connectactivity.ConnectActivity","com.oculus.panelapp.library/com.oculus.navigator.systembar.app.SystemBarActivity","com.oculus.vrshell/com.oculus.panelapp.displaybar.DisplayBarActivity","com.oculus.vrshell/com.oculus.panelapp.bloom.BloomActivity"]}
12-08 16:15:47.444 I/Shell   ( 4168): remove cursor: 3939499775 (new count: 0)
12-08 16:15:47.445 I/[NAV][BAR] Active2dPanelDataSourceImpl(28906): onAppStatusChanged: {"appState":[{"name":"com.oculus.systemux/com.oculus.panelapp.activetaskbar.ActiveTaskBarActivity","panels":[{"panelId":1,"shouldBePrePinned":false,"state":"Foreground","volumetricWindowToken":"908d4ff6-355a-4672-97b2-947e809531d6"}]},{"name":"com.oculus.panelapp.library/com.oculus.navigator.library.app.NavigatorLibraryActivity","panels":[{"panelId":3,"shouldBePrePinned":false,"state":"Background","volumetricWindowToken":"ba3cf751-e68a-42ef-9fc8-fda532e026a2"}]},{"name":"com.oculus.vrshell/com.oculus.panelapp.bloom.BloomActivity","panels":[{"panelId":4,"shouldBePrePinned":false,"state":"Foreground","volumetricWindowToken":"6bee8476-07e9-41cd-921c-85f1613e54cb"}]},{"name":"com.oculus.vrshell/com.oculus.panelapp.displaybar.DisplayBarActivity","panels":[{"panelId":5,"shouldBePrePinned":false,"state":"Foreground","volumetricWindowToken":"8adfb8d6-830a-45c8-a8da-a4240bab9259"}]},{"name":"com.oculus.panelapp.settings/com.oculus.navigator.quickcontrols.app.NavigatorQuickControlsActivity","panels":[{"panelId":73,"shouldBePrePinned":false,"state":"Background","volumetricWindowToken":"37706acc-0d1a-4caf-8409-256a717ec7b0"}]},{"name":"com.oculus.mrds/com.oculus.mrds.msft.connectactivity.ConnectActivity","panels":[{"panelId":139,"shouldBePrePinned":false,"state":"Foreground","volumetricWindowToken":"f1334d1b-9009-4a10-8502-1a02fd433796"}]},{"name":"com.oculus.panelapp.library/com.oculus.navigator.systembar.app.SystemBarActivity","panels":[{"panelId":6,"shouldBePrePinned":false,"state":"Background","volumetricWindowToken":"17752a76-e2cd-42fb-978b-f5c8221e3d4e"}]},{"name":"com.example.moonlight_spatialsdk/com.example.moonlight_spatialsdk.PancakeActivity","panels":[{"panelId":146,"shouldBePrePinned":false,"state":"Background","volumetricWindowToken":"aba2ee1d-1764-470b-a3cd-b93a2043a371"}]}],"mostRecent":["com.oculus.panelapp.library/com.oculus.navigator.library.app.NavigatorLibraryActivity","com.example.moonlight_spatialsdk/com.example.moonlight_spatialsdk.PancakeActivity","com.oculus.panelapp.settings/com.oculus.navigator.quickcontrols.app.NavigatorQuickControlsActivity","com.oculus.mrds/com.oculus.mrds.msft.connectactivity.ConnectActivity","com.oculus.panelapp.library/com.oculus.navigator.systembar.app.SystemBarActivity","com.oculus.vrshell/com.oculus.panelapp.displaybar.DisplayBarActivity","com.oculus.vrshell/com.oculus.panelapp.bloom.BloomActivity"]}
12-08 16:15:47.447 I/VolumetricWindow( 2051): [setDrawn] VW=aba2ee1d-1764-470b-a3cd-b93a2043a371: isDrawn=false (isActive=true, isVisible=true)
12-08 16:15:47.448 V/WindowManager( 2051): Queueing transition: TransitionRecord{fed76ba id=-1 type=TO_BACK flags=0x0}
12-08 16:15:47.448 I/DisplayDeviceRepository( 2051): Display device removed: DisplayDeviceInfo{"com.oculus.android_panel_app.AndroidPanelLayer-com.oculus.vrshell-controlbar13": uniqueId="virtual:com.oculus.vrshell,10053,com.oculus.android_panel_app.AndroidPanelLayer-com.oculus.vrshell-controlbar13,0", 550 x 60, modeId 469, renderFrameRate 60.0, defaultModeId 469, supportedModes [{id=469, width=550, height=60, fps=60.0, alternativeRefreshRates=[], supportedHdrTypes=[]}], colorMode 0, supportedColorModes [0], hdrCapabilities null, allmSupported false, gameContentTypeSupported false, density 200, 200.0 x 200.0 dpi, appVsyncOff 0, presDeadline 16666666, touch NONE, rotation 0, type VIRTUAL, deviceProductInfo null, state ON, committedState UNKNOWN, owner com.oculus.vrshell (uid 10053), frameRateOverride , brightnessMinimum 0.0, brightnessMaximum 0.0, brightnessDefault 0.0, hdrSdrRatio NaN, FLAG_PRIVATE, FLAG_NEVER_BLANK, FLAG_OWN_CONTENT_ONLY, installOrientation 0, displayShape DisplayShape{ spec=854794591 displayWidth=550 displayHeight=60 physicalPixelDisplaySizeRatio=1.0 rotation=0 offsetX=0 offsetY=0 scale=1.0}}
12-08 16:15:47.449 I/LogicalDisplayMapper( 2051): Removing display: 280
12-08 16:15:47.449 I/SpatialWindowResourceService( 2051): setWindowFrameRate() token: horizonos.view.VolumetricWindowToken$InternalVolumetricToken@4016ed6 framerate: 1.0
12-08 16:15:47.449 I/SpatialWindowResourceService( 2051): setWindowUserPerceivedState(): Setting Application State:ComponentInfo{com.example.moonlight_spatialsdk/com.example.moonlight_spatialsdk.PancakeActivity} ProcessName:com.example.moonlight_spatialsdk PerceptionState:(old):CRITICAL_PERCEPTION->(new):NO_PERCEPTION
12-08 16:15:47.450 D/IPCService( 4168): Sending command prefix: layerVisib to token: VolumetricWindowToken { scope = 1, token = android.os.BinderProxy@b1dddf5, persistableToken = 98d83c5b-1b66-468f-9dd3-fc0e49c83941 } shellSate: true
12-08 16:15:47.450 D/[UNSET] ShellApplication( 4168): Sending command: layerVisibility controlbar13 0 6055333187330402532 to panelId 16
12-08 16:15:47.451 W/system_server( 2051): Binder 0xb4000073d120e650 destroyed after setInheritRt before being parceled.
12-08 16:15:47.452 D/CompatibilityChangeReporter(12932): Compat change id reported: 263076149; UID 10177; state: ENABLED
12-08 16:15:47.453 D/[UNSET] ShellApplication( 4168): Updating window drawn state: false for panelId 146
12-08 16:15:47.455 I/JVMHandler(12932): JVMHandler: callStaticMethodWithVariableArguments. [functionName:getUUIDforVolumetricWindow] is valid: [1]
12-08 16:15:47.455 I/JVMHandler(12932): JVMHandler: callStaticMethodWithVariableArguments. [functionName:getLaunchId] is valid: [1]
12-08 16:15:47.459 I/[SEO] PanelAppHost( 4168): Setting panel layer visibility of layer "controlbar13" to invisible, panel (panelId:16) (com.oculus.vrshell/com.oculus.panelapp.controlbar.UnifiedControlBarActivity)
12-08 16:15:47.460 D/IPCService( 4168): Sending command prefix: layerClipp to token: VolumetricWindowToken { scope = 2, token = android.os.BinderProxy@7432f8d, persistableToken = 98d83c5b-1b66-468f-9dd3-fc0e49c83941 } shellSate: true
12-08 16:15:47.460 D/[UNSET] ShellApplication( 4168): Sending command: layerClipping {"layerName":"controlbar13","u":0.0,"v":0.0,"width":1.0,"height":1.0} to panelId 16
12-08 16:15:47.462 W/surfaceflinger( 2437): Binder 0xb400007510458460 destroyed after setInheritRt before being parceled.
12-08 16:15:47.462 W/surfaceflinger( 2437): Binder 0xb400007510459308 destroyed after setInheritRt before being parceled.
12-08 16:15:47.462 W/surfaceflinger( 2437): Binder 0xb400007510361a48 destroyed after setInheritRt before being parceled.
12-08 16:15:47.462 W/surfaceflinger( 2437): Binder 0xb4000074d9671810 destroyed after setInheritRt before being parceled.
12-08 16:15:47.462 I/InputManager( 2051): Not applying additional properties for display 280 because the pointer is currently targeting display 0.
12-08 16:15:47.465 I/DynamicObjectClient( 4801): Query Dynamic Object Tracker anchors
12-08 16:15:47.465 I/DynamicObjectClient( 4801): Object in query has empty predictions or tracking flags
12-08 16:15:47.465 W/VrRuntimeClient(12932): Failed to call getLaunchId
12-08 16:15:47.465 I/VrRuntimeClient(12932): s_->rssdkClient.InitClient
12-08 16:15:47.466 I/RuntimeIPCSystem [RUNTIMEIPC](12932): RuntimeIPCSystem: Init called: Version: 81, Platform: Android, Build Date: Dec  7 2025, Build Time: 14:26:30, BuildMode: shared
12-08 16:15:47.466 I/RuntimeIpcHelperService( 2051): Going to start ComponentInfo{com.oculus.systemdriver/com.oculus.vrruntimeservice.VrRuntimeService} as foreground, Calling uid: 10177 pid: 12932
12-08 16:15:47.468 I/DesktopSignalController( 2051): Desktop visibility changed: false
12-08 16:15:47.468 I/ResourceProtectionService( 2051): Processing desktop visibility change: false
12-08 16:15:47.468 I/RuntimeIpcHelperService( 2051): Going to start ComponentInfo{com.oculus.systemdriver/com.oculus.vrruntimeservice.VrRuntimeService} as foreground, Calling uid: 10177 pid: 12932
12-08 16:15:47.470 I/RipcServerClientHandler [RUNTIMEIPC]( 3567): Event buffer size (server): 8192
12-08 16:15:47.470 I/RipcServerMgr [RUNTIMEIPC]( 3567): HandleClientConnect SUCCESS: Client: com.example.moonlight_spatialsdk:com.example.moonlight_spatialsdk:12932:VrRuntimeClient-1, Server: com.oculus.systemdriver:com.oculus.vrruntimeservice (RuntimeServiceServer)
12-08 16:15:47.471 I/RipcClient [RUNTIMEIPC](12932): Event buffer size (client): 8192
