--------- beginning of main
12-07 14:14:16.445 E/TrackedObjectManager( 2832): Failed to connect to TrackedObjectService with error Status(-129, EX_TRANSACTION_FAILED): 'DEAD_OBJECT: '
12-07 14:14:16.445 W/OSDynamicObjectDataQuerier( 2832): Attempted to start tracking objects when tracker was already started
12-07 14:14:16.445 E/TrackedObjectManager( 2832): Failed to connect to TrackedObjectService with error Status(-129, EX_TRANSACTION_FAILED): 'DEAD_OBJECT: '
12-07 14:14:16.445 E/TrackedObjectManager( 2832): Failed to start tracking keyboard object with error Status(-129, EX_TRANSACTION_FAILED): 'DEAD_OBJECT: '
12-07 14:14:16.446 I/InputDispatcher( 1971): Dropping event because no targets were found: MotionEvent
12-07 14:14:16.458 E/TrackedObjectManager( 2832): Failed to connect to TrackedObjectService with error Status(-129, EX_TRANSACTION_FAILED): 'DEAD_OBJECT: '
12-07 14:14:16.458 W/OSDynamicObjectDataQuerier( 2832): Attempted to start tracking objects when tracker was already started
12-07 14:14:16.458 E/TrackedObjectManager( 2832): Failed to connect to TrackedObjectService with error Status(-129, EX_TRANSACTION_FAILED): 'DEAD_OBJECT: '
12-07 14:14:16.458 E/TrackedObjectManager( 2832): Failed to start tracking keyboard object with error Status(-129, EX_TRANSACTION_FAILED): 'DEAD_OBJECT: '
12-07 14:14:16.460 I/InputDispatcher( 1971): Dropping event because no targets were found: MotionEvent
12-07 14:14:16.472 E/TrackedObjectManager( 2832): Failed to connect to TrackedObjectService with error Status(-129, EX_TRANSACTION_FAILED): 'DEAD_OBJECT: '
12-07 14:14:16.472 W/OSDynamicObjectDataQuerier( 2832): Tracker stopped running without input server stopping it, attempting restart
12-07 14:14:16.472 W/OSDynamicObjectDataQuerier( 2832): Attempted to start tracking objects when tracker was already started
12-07 14:14:16.472 E/TrackedObjectManager( 2832): Failed to connect to TrackedObjectService with error Status(-129, EX_TRANSACTION_FAILED): 'DEAD_OBJECT: '
12-07 14:14:16.472 E/TrackedObjectManager( 2832): Failed to start tracking keyboard object with error Status(-129, EX_TRANSACTION_FAILED): 'DEAD_OBJECT: '
12-07 14:14:16.474 I/InputDispatcher( 1971): Dropping event because no targets were found: MotionEvent
--------- beginning of system
12-07 14:14:16.481 D/CoreBackPreview( 1971): Window{3b52d97 u0 com.example.moonlight_spatialsdk/com.example.moonlight_spatialsdk.PancakeActivity}: Setting back callback OnBackInvokedCallbackInfo{mCallback=android.window.IOnBackInvokedCallback$Stub$Proxy@a950c33, mPriority=0, mIsAnimationCallback=false}
12-07 14:14:16.486 E/TrackedObjectManager( 2832): Failed to connect to TrackedObjectService with error Status(-129, EX_TRANSACTION_FAILED): 'DEAD_OBJECT: '
12-07 14:14:16.486 W/OSDynamicObjectDataQuerier( 2832): Attempted to start tracking objects when tracker was already started
12-07 14:14:16.486 E/TrackedObjectManager( 2832): Failed to connect to TrackedObjectService with error Status(-129, EX_TRANSACTION_FAILED): 'DEAD_OBJECT: '
12-07 14:14:16.486 E/TrackedObjectManager( 2832): Failed to start tracking keyboard object with error Status(-129, EX_TRANSACTION_FAILED): 'DEAD_OBJECT: '
12-07 14:14:16.489 I/InputDispatcher( 1971): Dropping event because no targets were found: MotionEvent
12-07 14:14:16.492 I/MRSS    ( 1157): MIXEDREALITY: EnvironmentDepthMetacapability: processTelemetry client com.oculus.vrshell state true aggregated 1
12-07 14:14:16.500 E/TrackedObjectManager( 2832): Failed to connect to TrackedObjectService with error Status(-129, EX_TRANSACTION_FAILED): 'DEAD_OBJECT: '
12-07 14:14:16.500 W/OSDynamicObjectDataQuerier( 2832): Attempted to start tracking objects when tracker was already started
12-07 14:14:16.500 E/TrackedObjectManager( 2832): Failed to connect to TrackedObjectService with error Status(-129, EX_TRANSACTION_FAILED): 'DEAD_OBJECT: '
12-07 14:14:16.500 E/TrackedObjectManager( 2832): Failed to start tracking keyboard object with error Status(-129, EX_TRANSACTION_FAILED): 'DEAD_OBJECT: '
12-07 14:14:16.505 I/InputDispatcher( 1971): Dropping event because no targets were found: MotionEvent
12-07 14:14:16.514 E/TrackedObjectManager( 2832): Failed to connect to TrackedObjectService with error Status(-129, EX_TRANSACTION_FAILED): 'DEAD_OBJECT: '
12-07 14:14:16.514 W/OSDynamicObjectDataQuerier( 2832): Attempted to start tracking objects when tracker was already started
12-07 14:14:16.514 E/TrackedObjectManager( 2832): Failed to connect to TrackedObjectService with error Status(-129, EX_TRANSACTION_FAILED): 'DEAD_OBJECT: '
12-07 14:14:16.514 E/TrackedObjectManager( 2832): Failed to start tracking keyboard object with error Status(-129, EX_TRANSACTION_FAILED): 'DEAD_OBJECT: '
12-07 14:14:16.516 I/InputDispatcher( 1971): Dropping event because no targets were found: MotionEvent
12-07 14:14:16.528 E/TrackedObjectManager( 2832): Failed to connect to TrackedObjectService with error Status(-129, EX_TRANSACTION_FAILED): 'DEAD_OBJECT: '
12-07 14:14:16.528 W/OSDynamicObjectDataQuerier( 2832): Attempted to start tracking objects when tracker was already started
12-07 14:14:16.528 E/TrackedObjectManager( 2832): Failed to connect to TrackedObjectService with error Status(-129, EX_TRANSACTION_FAILED): 'DEAD_OBJECT: '
12-07 14:14:16.528 E/TrackedObjectManager( 2832): Failed to start tracking keyboard object with error Status(-129, EX_TRANSACTION_FAILED): 'DEAD_OBJECT: '
12-07 14:14:16.529 I/InputDispatcher( 1971): Dropping event because no targets were found: MotionEvent
12-07 14:14:16.536 I/AdrenoGLES-0(32238): QUALCOMM build                   : 5eb6d58341, Icac217ebc7
12-07 14:14:16.536 I/AdrenoGLES-0(32238): Build Date                       : 11/10/25
12-07 14:14:16.536 I/AdrenoGLES-0(32238): OpenGL ES Shader Compiler Version: E031.50.14.00
12-07 14:14:16.536 I/AdrenoGLES-0(32238): Local Branch                     : 
12-07 14:14:16.536 I/AdrenoGLES-0(32238): Remote Branch                    : refs/tags/AU_LINUX_ANDROID_LA.VENDOR.12.3.11.00.00.934.442
12-07 14:14:16.536 I/AdrenoGLES-0(32238): Remote Branch                    : NONE
12-07 14:14:16.536 I/AdrenoGLES-0(32238): Reconstruct Branch               : NOTHING
12-07 14:14:16.536 I/AdrenoGLES-0(32238): Build Config                     : S P 12.1.6 AArch64
12-07 14:14:16.536 I/AdrenoGLES-0(32238): Driver Path                      : /vendor/lib64/egl/libGLESv2_adreno.so
12-07 14:14:16.536 I/AdrenoGLES-0(32238): Driver Version                   : 0837.0.6
12-07 14:14:16.536 I/AdrenoGLES-0(32238): Process Name                     : com.example.moonlight_spatialsdk
12-07 14:14:16.542 E/TrackedObjectManager( 2832): Failed to connect to TrackedObjectService with error Status(-129, EX_TRANSACTION_FAILED): 'DEAD_OBJECT: '
12-07 14:14:16.542 W/OSDynamicObjectDataQuerier( 2832): Attempted to start tracking objects when tracker was already started
12-07 14:14:16.542 E/TrackedObjectManager( 2832): Failed to connect to TrackedObjectService with error Status(-129, EX_TRANSACTION_FAILED): 'DEAD_OBJECT: '
12-07 14:14:16.542 E/TrackedObjectManager( 2832): Failed to start tracking keyboard object with error Status(-129, EX_TRANSACTION_FAILED): 'DEAD_OBJECT: '
12-07 14:14:16.545 I/InputDispatcher( 1971): Dropping event because no targets were found: MotionEvent
12-07 14:14:16.549 I/AdrenoGLES-0(32238): PFP: 0x01511181, ME: 0x00000000
12-07 14:14:16.552 W/Adreno-AppProfiles(32238): Could not find QSPM HAL service. Skipping adreno profile processing.
12-07 14:14:16.555 I/AdrenoUtils(32238): <ReadGpuID:1293>: Reading chip ID through GSL
12-07 14:14:16.556 E/TrackedObjectManager( 2832): Failed to connect to TrackedObjectService with error Status(-129, EX_TRANSACTION_FAILED): 'DEAD_OBJECT: '
12-07 14:14:16.556 W/OSDynamicObjectDataQuerier( 2832): Attempted to start tracking objects when tracker was already started
12-07 14:14:16.556 E/TrackedObjectManager( 2832): Failed to connect to TrackedObjectService with error Status(-129, EX_TRANSACTION_FAILED): 'DEAD_OBJECT: '
12-07 14:14:16.556 E/TrackedObjectManager( 2832): Failed to start tracking keyboard object with error Status(-129, EX_TRANSACTION_FAILED): 'DEAD_OBJECT: '
12-07 14:14:16.557 I/OculusWindowMgr( 1971): OWMS::focusChanged: windowRootTaskId: 13
12-07 14:14:16.556 I/hwservicemanager(  338): getTransport: Cannot find entry android.hardware.configstore@1.0::ISurfaceFlingerConfigs/default in either framework or device VINTF manifest.
12-07 14:14:16.557 I/OculusWindowMgr( 1971): OWMS::focusChanged: getImmersiveTask returned
12-07 14:14:16.557 I/OculusWindowMgr( 1971): OWMS::focusChanged: mFocusPlaceholderActivity found in Task.
12-07 14:14:16.559 I/ClientMgr( 2832): FocusedWindowChanged: falling back to client with same uid: 10053, and pid: 3469
12-07 14:14:16.559 I/ClientMgr( 2832): ClientMgr::SetFocusedClient: FocusedClient did not change: [com.oculus.vrshell:3469]
12-07 14:14:16.559 I/ClientMgr( 2832): ClientMgr::SetFocusedClient: 3469:com.oculus.vrshell type 1
12-07 14:14:16.559 I/ClientMgr( 2832): ClientMgr::SetFocusedClient: Updating focus state for all clients
12-07 14:14:16.559 I/ClientMgr( 2832): ClientMgr::SetFocusedClient: Updating Focus State: 1 for Client: com.oculus.vrshell:3469, Client DisplayId: -1
12-07 14:14:16.559 I/ClientMgr( 2832): ClientMgr::SetFocusedClient: Updating Focus State: 0 for Client: /system/bin/surfaceflinger:2392, Client DisplayId: 0
12-07 14:14:16.559 I/ClientMgr( 2832): ClientMgr::SetFocusedClient: Updating Focus State: 0 for Client: com.oculus.vrguardianservice:5455, Client DisplayId: -1
12-07 14:14:16.559 I/ClientMgr( 2832): ClientMgr::SetFocusedClient: Updating Focus State: 0 for Client: /system_ext/bin/mrsystemservice:1157, Client DisplayId: 0
12-07 14:14:16.559 I/ClientMgr( 2832): SetFocusedPackageName - packageName com.oculus.vrshell processName com.oculus.vrshell clientId 523657589 clientPid 3469
12-07 14:14:16.559 I/ServiceInputManager( 2832): ServiceInputManager::SetFocusedPackageName 'com.oculus.vrshell'
12-07 14:14:16.559 I/TrexControllerServerPlugin( 2832): ControllerServerBase Set Focused client: com.oculus.vrshell:3469
12-07 14:14:16.559 D/VolumetricContentMonitor( 1971): Focused window changed to RunningWindowInfo{  pid: 32238, uid: 10176, userId: 0, windowContainerToken: 228584432, windowToken: android.view.IWindow$Stub$Proxy@29ac569, windowId: com.android.server.wm.WindowState$WindowId@c423bee, displayId: 0, windowType: 1, activity: RunningActivityInfo { rootTask: 13, uid: 10176, pid: 32238, userId: 0, activity: com.example.moonlight_spatialsdk.PancakeActivity, windowId: com.android.server.wm.WindowState$WindowId@c423bee, state: ACTIVITY_STATE_VISIBLE}}, from android.view.IWindow$Stub$Proxy@f46ce94
12-07 14:14:16.559 V/WorldManagerService( 1971): VW Content Listener: com.oculus.mrds -1
12-07 14:14:16.559 D/ActivityTaskManager( 1971): getDisplaysWithTopActivities: immersive ActivityRecord{224fcee u0 com.oculus.vrshell/.HomeActivity t2465}
12-07 14:14:16.560 D/SpatialAudioService( 1971): Skipping processing for app: com.oculus.mrds (isNewApp: false, perAppEnabled: true, epsService: true)
12-07 14:14:16.560 V/WorldManagerService( 1971): VW Content Listener: com.example.moonlight_spatialsdk -1
12-07 14:14:16.560 I/SpatialWindowResourceService( 1971): setWindowFrameRate() token: horizonos.view.VolumetricWindowToken$InternalVolumetricToken@e4c6cd1 framerate: 0.0
12-07 14:14:16.560 I/SpatialWindowResourceService( 1971): setWindowFrameRate() token: horizonos.view.VolumetricWindowToken$InternalVolumetricToken@f8b221f framerate: 0.0
12-07 14:14:16.562 D/SpatialAudioService( 1971): Skipping processing for app: com.example.moonlight_spatialsdk (isNewApp: false, perAppEnabled: true, epsService: true)
12-07 14:14:16.562 I/InputDispatcher( 1971): Dropping event because no targets were found: MotionEvent
12-07 14:14:16.568 I/[SEO] DesktopFocusManager( 3469): Focused panel changed from 597 to 599
12-07 14:14:16.570 E/TrackedObjectManager( 2832): Failed to connect to TrackedObjectService with error Status(-129, EX_TRANSACTION_FAILED): 'DEAD_OBJECT: '
12-07 14:14:16.570 W/OSDynamicObjectDataQuerier( 2832): Attempted to start tracking objects when tracker was already started
12-07 14:14:16.570 E/TrackedObjectManager( 2832): Failed to connect to TrackedObjectService with error Status(-129, EX_TRANSACTION_FAILED): 'DEAD_OBJECT: '
12-07 14:14:16.570 E/TrackedObjectManager( 2832): Failed to start tracking keyboard object with error Status(-129, EX_TRANSACTION_FAILED): 'DEAD_OBJECT: '
12-07 14:14:16.571 I/OpenGLRenderer(32238): setStopped(0)
12-07 14:14:16.572 I/InputDispatcher( 1971): Dropping event because no targets were found: MotionEvent
12-07 14:14:16.577 E/OpenGLRenderer(32238): Unable to match the desired swap behavior.
12-07 14:14:16.577 I/OpenGLRenderer(32238): setStopped(0): complete
--------- beginning of kernel
12-07 14:14:16.538 I/servicemanager(    0): Could not find android.hardware.graphics.allocator.IAllocator/default in the VINTF manifest.
12-07 14:14:16.541 I/servicemanager(    0): Could not find android.hardware.graphics.allocator.IAllocator/default in the VINTF manifest.
12-07 14:14:16.583 E/TrackedObjectManager( 2832): Failed to connect to TrackedObjectService with error Status(-129, EX_TRANSACTION_FAILED): 'DEAD_OBJECT: '
12-07 14:14:16.583 W/OSDynamicObjectDataQuerier( 2832): Attempted to start tracking objects when tracker was already started
12-07 14:14:16.583 E/TrackedObjectManager( 2832): Failed to connect to TrackedObjectService with error Status(-129, EX_TRANSACTION_FAILED): 'DEAD_OBJECT: '
12-07 14:14:16.583 E/TrackedObjectManager( 2832): Failed to start tracking keyboard object with error Status(-129, EX_TRANSACTION_FAILED): 'DEAD_OBJECT: '
12-07 14:14:16.586 I/InputDispatcher( 1971): Dropping event because no targets were found: MotionEvent
12-07 14:14:16.595 I/OpenGLRenderer(32238): setStopped(0)
12-07 14:14:16.597 E/TrackedObjectManager( 2832): Failed to connect to TrackedObjectService with error Status(-129, EX_TRANSACTION_FAILED): 'DEAD_OBJECT: '
12-07 14:14:16.597 W/OSDynamicObjectDataQuerier( 2832): Attempted to start tracking objects when tracker was already started
12-07 14:14:16.597 E/TrackedObjectManager( 2832): Failed to connect to TrackedObjectService with error Status(-129, EX_TRANSACTION_FAILED): 'DEAD_OBJECT: '
12-07 14:14:16.597 E/TrackedObjectManager( 2832): Failed to start tracking keyboard object with error Status(-129, EX_TRANSACTION_FAILED): 'DEAD_OBJECT: '
12-07 14:14:16.599 I/InputDispatcher( 1971): Dropping event because no targets were found: MotionEvent
12-07 14:14:16.611 E/TrackedObjectManager( 2832): Failed to connect to TrackedObjectService with error Status(-129, EX_TRANSACTION_FAILED): 'DEAD_OBJECT: '
12-07 14:14:16.611 W/OSDynamicObjectDataQuerier( 2832): Attempted to start tracking objects when tracker was already started
12-07 14:14:16.611 E/TrackedObjectManager( 2832): Failed to connect to TrackedObjectService with error Status(-129, EX_TRANSACTION_FAILED): 'DEAD_OBJECT: '
12-07 14:14:16.611 E/TrackedObjectManager( 2832): Failed to start tracking keyboard object with error Status(-129, EX_TRANSACTION_FAILED): 'DEAD_OBJECT: '
12-07 14:14:16.613 I/OpenGLRenderer(32238): setStopped(0): complete
12-07 14:14:16.614 I/InputDispatcher( 1971): Dropping event because no targets were found: MotionEvent
12-07 14:14:16.617 W/ziparchive( 1971): Unable to open '/data/app/~~4QPgUiyyfiAfpX0jB-YmqA==/com.example.moonlight_spatialsdk-waCVIbyb2JyCaRxZqs9mZw==/base.dm': No such file or directory
12-07 14:14:16.618 I/ActivityTaskManager( 1971): Displayed com.example.moonlight_spatialsdk/.PancakeActivity for user 0: +1s670ms
12-07 14:14:16.622 I/OpenGLRenderer(32238): Davey! duration=1309ms; Flags=1, FrameTimelineVsyncId=93679622, IntendedVsync=134773985001068, Vsync=134774629445506, InputEventId=0, HandleInputStart=134774638151557, AnimationStart=134774638192078, PerformTraversalsStart=134774638344682, DrawStart=134775259220629, FrameDeadline=134773998889955, FrameInterval=134774637803588, FrameStartTime=11111111, SyncQueued=134775276548131, SyncStart=134775276617089, IssueDrawCommandsStart=134775276893964, SwapBuffers=134775293081987, FrameCompleted=134775294393914, DequeueBufferDuration=12239, QueueBufferDuration=535520, GpuCompleted=134775293726414, SwapBuffersCompleted=134775294393914, DisplayPresentTime=-486221630394137664, CommandSubmissionCompleted=134775293081987, 
12-07 14:14:16.625 E/TrackedObjectManager( 2832): Failed to connect to TrackedObjectService with error Status(-129, EX_TRANSACTION_FAILED): 'DEAD_OBJECT: '
12-07 14:14:16.625 W/OSDynamicObjectDataQuerier( 2832): Attempted to start tracking objects when tracker was already started
12-07 14:14:16.625 E/TrackedObjectManager( 2832): Failed to connect to TrackedObjectService with error Status(-129, EX_TRANSACTION_FAILED): 'DEAD_OBJECT: '
12-07 14:14:16.625 E/TrackedObjectManager( 2832): Failed to start tracking keyboard object with error Status(-129, EX_TRANSACTION_FAILED): 'DEAD_OBJECT: '
12-07 14:14:16.639 E/TrackedObjectManager( 2832): Failed to connect to TrackedObjectService with error Status(-129, EX_TRANSACTION_FAILED): 'DEAD_OBJECT: '
12-07 14:14:16.639 W/OSDynamicObjectDataQuerier( 2832): Attempted to start tracking objects when tracker was already started
12-07 14:14:16.639 E/TrackedObjectManager( 2832): Failed to connect to TrackedObjectService with error Status(-129, EX_TRANSACTION_FAILED): 'DEAD_OBJECT: '
12-07 14:14:16.639 E/TrackedObjectManager( 2832): Failed to start tracking keyboard object with error Status(-129, EX_TRANSACTION_FAILED): 'DEAD_OBJECT: '
12-07 14:14:16.642 I/DynamicObjectClient( 4885): Query Dynamic Object Tracker anchors
12-07 14:14:16.642 I/DynamicObjectClient( 4885): Object in query has empty predictions or tracking flags
12-07 14:14:16.653 E/TrackedObjectManager( 2832): Failed to connect to TrackedObjectService with error Status(-129, EX_TRANSACTION_FAILED): 'DEAD_OBJECT: '
12-07 14:14:16.653 W/OSDynamicObjectDataQuerier( 2832): Attempted to start tracking objects when tracker was already started
12-07 14:14:16.653 E/TrackedObjectManager( 2832): Failed to connect to TrackedObjectService with error Status(-129, EX_TRANSACTION_FAILED): 'DEAD_OBJECT: '
12-07 14:14:16.653 E/TrackedObjectManager( 2832): Failed to start tracking keyboard object with error Status(-129, EX_TRANSACTION_FAILED): 'DEAD_OBJECT: '
12-07 14:14:16.655 D/CompatibilityChangeReporter( 1971): Compat change id reported: 214016041; UID 10176; state: ENABLED
12-07 14:14:16.655 I/ImeTracker( 1971): com.example.moonlight_spatialsdk:4c5dcec0: onRequestHide at ORIGIN_SERVER_HIDE_INPUT reason HIDE_UNSPECIFIED_WINDOW
12-07 14:14:16.655 I/ImeTracker( 1971): com.example.moonlight_spatialsdk:4c5dcec0: onCancelled at PHASE_SERVER_SHOULD_HIDE
12-07 14:14:16.660 D/KeyboardInputMethodService( 3469): onFinishInput
12-07 14:14:16.667 E/TrackedObjectManager( 2832): Failed to connect to TrackedObjectService with error Status(-129, EX_TRANSACTION_FAILED): 'DEAD_OBJECT: '
12-07 14:14:16.667 W/OSDynamicObjectDataQuerier( 2832): Attempted to start tracking objects when tracker was already started
12-07 14:14:16.667 E/TrackedObjectManager( 2832): Failed to connect to TrackedObjectService with error Status(-129, EX_TRANSACTION_FAILED): 'DEAD_OBJECT: '
12-07 14:14:16.667 E/TrackedObjectManager( 2832): Failed to start tracking keyboard object with error Status(-129, EX_TRANSACTION_FAILED): 'DEAD_OBJECT: '
12-07 14:14:16.681 I/Choreographer(32238): Skipped 59 frames!  The application may be doing too much work on its main thread.
12-07 14:14:16.681 E/TrackedObjectManager( 2832): Failed to connect to TrackedObjectService with error Status(-129, EX_TRANSACTION_FAILED): 'DEAD_OBJECT: '
12-07 14:14:16.681 W/OSDynamicObjectDataQuerier( 2832): Attempted to start tracking objects when tracker was already started
12-07 14:14:16.681 E/TrackedObjectManager( 2832): Failed to connect to TrackedObjectService with error Status(-129, EX_TRANSACTION_FAILED): 'DEAD_OBJECT: '
12-07 14:14:16.681 E/TrackedObjectManager( 2832): Failed to start tracking keyboard object with error Status(-129, EX_TRANSACTION_FAILED): 'DEAD_OBJECT: '
12-07 14:14:16.695 E/TrackedObjectManager( 2832): Failed to connect to TrackedObjectService with error Status(-129, EX_TRANSACTION_FAILED): 'DEAD_OBJECT: '
12-07 14:14:16.695 W/OSDynamicObjectDataQuerier( 2832): Attempted to start tracking objects when tracker was already started
12-07 14:14:16.695 E/TrackedObjectManager( 2832): Failed to connect to TrackedObjectService with error Status(-129, EX_TRANSACTION_FAILED): 'DEAD_OBJECT: '
12-07 14:14:16.695 E/TrackedObjectManager( 2832): Failed to start tracking keyboard object with error Status(-129, EX_TRANSACTION_FAILED): 'DEAD_OBJECT: '
12-07 14:14:16.708 E/TrackedObjectManager( 2832): Failed to connect to TrackedObjectService with error Status(-129, EX_TRANSACTION_FAILED): 'DEAD_OBJECT: '
12-07 14:14:16.708 W/OSDynamicObjectDataQuerier( 2832): Attempted to start tracking objects when tracker was already started
12-07 14:14:16.708 E/TrackedObjectManager( 2832): Failed to connect to TrackedObjectService with error Status(-129, EX_TRANSACTION_FAILED): 'DEAD_OBJECT: '
12-07 14:14:16.709 E/TrackedObjectManager( 2832): Failed to start tracking keyboard object with error Status(-129, EX_TRANSACTION_FAILED): 'DEAD_OBJECT: '
12-07 14:14:16.722 E/TrackedObjectManager( 2832): Failed to connect to TrackedObjectService with error Status(-129, EX_TRANSACTION_FAILED): 'DEAD_OBJECT: '
12-07 14:14:16.722 W/OSDynamicObjectDataQuerier( 2832): Attempted to start tracking objects when tracker was already started
12-07 14:14:16.722 E/TrackedObjectManager( 2832): Failed to connect to TrackedObjectService with error Status(-129, EX_TRANSACTION_FAILED): 'DEAD_OBJECT: '
12-07 14:14:16.722 E/TrackedObjectManager( 2832): Failed to start tracking keyboard object with error Status(-129, EX_TRANSACTION_FAILED): 'DEAD_OBJECT: '
12-07 14:14:16.728 D/KeyboardInputMethodService( 3469): onStartInput
12-07 14:14:16.731 I/OpenGLRenderer(32238): Davey! duration=712ms; Flags=0, FrameTimelineVsyncId=93680328, IntendedVsync=134774696112172, Vsync=134775351667721, InputEventId=-21753934, HandleInputStart=134775362716733, AnimationStart=134775369400900, PerformTraversalsStart=134775399006372, DrawStart=134775404420279, FrameDeadline=134775310001053, FrameInterval=134775362323139, FrameStartTime=11111111, SyncQueued=134775405607519, SyncStart=134775405682154, IssueDrawCommandsStart=134775405730175, SwapBuffers=134775406835956, FrameCompleted=134775409038509, DequeueBufferDuration=8490, QueueBufferDuration=257396, GpuCompleted=134775409038509, SwapBuffersCompleted=134775407347988, DisplayPresentTime=-6190193325575306250, CommandSubmissionCompleted=134775406835956, 
12-07 14:14:16.736 E/TrackedObjectManager( 2832): Failed to connect to TrackedObjectService with error Status(-129, EX_TRANSACTION_FAILED): 'DEAD_OBJECT: '
12-07 14:14:16.736 W/OSDynamicObjectDataQuerier( 2832): Attempted to start tracking objects when tracker was already started
12-07 14:14:16.736 E/TrackedObjectManager( 2832): Failed to connect to TrackedObjectService with error Status(-129, EX_TRANSACTION_FAILED): 'DEAD_OBJECT: '
12-07 14:14:16.736 E/TrackedObjectManager( 2832): Failed to start tracking keyboard object with error Status(-129, EX_TRANSACTION_FAILED): 'DEAD_OBJECT: '
12-07 14:14:16.750 E/TrackedObjectManager( 2832): Failed to connect to TrackedObjectService with error Status(-129, EX_TRANSACTION_FAILED): 'DEAD_OBJECT: '
12-07 14:14:16.750 W/OSDynamicObjectDataQuerier( 2832): Attempted to start tracking objects when tracker was already started
12-07 14:14:16.750 E/TrackedObjectManager( 2832): Failed to connect to TrackedObjectService with error Status(-129, EX_TRANSACTION_FAILED): 'DEAD_OBJECT: '
12-07 14:14:16.750 E/TrackedObjectManager( 2832): Failed to start tracking keyboard object with error Status(-129, EX_TRANSACTION_FAILED): 'DEAD_OBJECT: '
12-07 14:14:16.764 E/TrackedObjectManager( 2832): Failed to connect to TrackedObjectService with error Status(-129, EX_TRANSACTION_FAILED): 'DEAD_OBJECT: '
12-07 14:14:16.764 W/OSDynamicObjectDataQuerier( 2832): Attempted to start tracking objects when tracker was already started
12-07 14:14:16.764 E/TrackedObjectManager( 2832): Failed to connect to TrackedObjectService with error Status(-129, EX_TRANSACTION_FAILED): 'DEAD_OBJECT: '
12-07 14:14:16.764 E/TrackedObjectManager( 2832): Failed to start tracking keyboard object with error Status(-129, EX_TRANSACTION_FAILED): 'DEAD_OBJECT: '
12-07 14:14:16.778 E/TrackedObjectManager( 2832): Failed to connect to TrackedObjectService with error Status(-129, EX_TRANSACTION_FAILED): 'DEAD_OBJECT: '
12-07 14:14:16.778 W/OSDynamicObjectDataQuerier( 2832): Attempted to start tracking objects when tracker was already started
12-07 14:14:16.778 E/TrackedObjectManager( 2832): Failed to connect to TrackedObjectService with error Status(-129, EX_TRANSACTION_FAILED): 'DEAD_OBJECT: '
12-07 14:14:16.778 E/TrackedObjectManager( 2832): Failed to start tracking keyboard object with error Status(-129, EX_TRANSACTION_FAILED): 'DEAD_OBJECT: '
12-07 14:14:16.792 E/TrackedObjectManager( 2832): Failed to connect to TrackedObjectService with error Status(-129, EX_TRANSACTION_FAILED): 'DEAD_OBJECT: '
12-07 14:14:16.792 W/OSDynamicObjectDataQuerier( 2832): Attempted to start tracking objects when tracker was already started
12-07 14:14:16.792 E/TrackedObjectManager( 2832): Failed to connect to TrackedObjectService with error Status(-129, EX_TRANSACTION_FAILED): 'DEAD_OBJECT: '
12-07 14:14:16.792 E/TrackedObjectManager( 2832): Failed to start tracking keyboard object with error Status(-129, EX_TRANSACTION_FAILED): 'DEAD_OBJECT: '
12-07 14:14:16.806 E/TrackedObjectManager( 2832): Failed to connect to TrackedObjectService with error Status(-129, EX_TRANSACTION_FAILED): 'DEAD_OBJECT: '
12-07 14:14:16.806 W/OSDynamicObjectDataQuerier( 2832): Attempted to start tracking objects when tracker was already started
12-07 14:14:16.806 E/TrackedObjectManager( 2832): Failed to connect to TrackedObjectService with error Status(-129, EX_TRANSACTION_FAILED): 'DEAD_OBJECT: '
12-07 14:14:16.806 E/TrackedObjectManager( 2832): Failed to start tracking keyboard object with error Status(-129, EX_TRANSACTION_FAILED): 'DEAD_OBJECT: '
12-07 14:14:16.820 E/TrackedObjectManager( 2832): Failed to connect to TrackedObjectService with error Status(-129, EX_TRANSACTION_FAILED): 'DEAD_OBJECT: '
12-07 14:14:16.820 W/OSDynamicObjectDataQuerier( 2832): Attempted to start tracking objects when tracker was already started
12-07 14:14:16.820 E/TrackedObjectManager( 2832): Failed to connect to TrackedObjectService with error Status(-129, EX_TRANSACTION_FAILED): 'DEAD_OBJECT: '
12-07 14:14:16.820 E/TrackedObjectManager( 2832): Failed to start tracking keyboard object with error Status(-129, EX_TRANSACTION_FAILED): 'DEAD_OBJECT: '
12-07 14:14:16.833 E/TrackedObjectManager( 2832): Failed to connect to TrackedObjectService with error Status(-129, EX_TRANSACTION_FAILED): 'DEAD_OBJECT: '
12-07 14:14:16.833 W/OSDynamicObjectDataQuerier( 2832): Attempted to start tracking objects when tracker was already started
12-07 14:14:16.833 E/TrackedObjectManager( 2832): Failed to connect to TrackedObjectService with error Status(-129, EX_TRANSACTION_FAILED): 'DEAD_OBJECT: '
12-07 14:14:16.834 E/TrackedObjectManager( 2832): Failed to start tracking keyboard object with error Status(-129, EX_TRANSACTION_FAILED): 'DEAD_OBJECT: '
12-07 14:14:16.847 E/TrackedObjectManager( 2832): Failed to connect to TrackedObjectService with error Status(-129, EX_TRANSACTION_FAILED): 'DEAD_OBJECT: '
12-07 14:14:16.847 W/OSDynamicObjectDataQuerier( 2832): Attempted to start tracking objects when tracker was already started
12-07 14:14:16.847 E/TrackedObjectManager( 2832): Failed to connect to TrackedObjectService with error Status(-129, EX_TRANSACTION_FAILED): 'DEAD_OBJECT: '
12-07 14:14:16.847 E/TrackedObjectManager( 2832): Failed to start tracking keyboard object with error Status(-129, EX_TRANSACTION_FAILED): 'DEAD_OBJECT: '
12-07 14:14:16.861 E/TrackedObjectManager( 2832): Failed to connect to TrackedObjectService with error Status(-129, EX_TRANSACTION_FAILED): 'DEAD_OBJECT: '
12-07 14:14:16.861 W/OSDynamicObjectDataQuerier( 2832): Attempted to start tracking objects when tracker was already started
12-07 14:14:16.861 E/TrackedObjectManager( 2832): Failed to connect to TrackedObjectService with error Status(-129, EX_TRANSACTION_FAILED): 'DEAD_OBJECT: '
12-07 14:14:16.861 E/TrackedObjectManager( 2832): Failed to start tracking keyboard object with error Status(-129, EX_TRANSACTION_FAILED): 'DEAD_OBJECT: '
12-07 14:14:16.875 E/TrackedObjectManager( 2832): Failed to connect to TrackedObjectService with error Status(-129, EX_TRANSACTION_FAILED): 'DEAD_OBJECT: '
12-07 14:14:16.875 W/OSDynamicObjectDataQuerier( 2832): Attempted to start tracking objects when tracker was already started
12-07 14:14:16.875 E/TrackedObjectManager( 2832): Failed to connect to TrackedObjectService with error Status(-129, EX_TRANSACTION_FAILED): 'DEAD_OBJECT: '
12-07 14:14:16.875 E/TrackedObjectManager( 2832): Failed to start tracking keyboard object with error Status(-129, EX_TRANSACTION_FAILED): 'DEAD_OBJECT: '
12-07 14:14:16.889 E/TrackedObjectManager( 2832): Failed to connect to TrackedObjectService with error Status(-129, EX_TRANSACTION_FAILED): 'DEAD_OBJECT: '
12-07 14:14:16.889 W/OSDynamicObjectDataQuerier( 2832): Attempted to start tracking objects when tracker was already started
12-07 14:14:16.889 E/TrackedObjectManager( 2832): Failed to connect to TrackedObjectService with error Status(-129, EX_TRANSACTION_FAILED): 'DEAD_OBJECT: '
12-07 14:14:16.889 E/TrackedObjectManager( 2832): Failed to start tracking keyboard object with error Status(-129, EX_TRANSACTION_FAILED): 'DEAD_OBJECT: '
12-07 14:14:16.903 E/TrackedObjectManager( 2832): Failed to connect to TrackedObjectService with error Status(-129, EX_TRANSACTION_FAILED): 'DEAD_OBJECT: '
12-07 14:14:16.903 W/OSDynamicObjectDataQuerier( 2832): Attempted to start tracking objects when tracker was already started
12-07 14:14:16.903 E/TrackedObjectManager( 2832): Failed to connect to TrackedObjectService with error Status(-129, EX_TRANSACTION_FAILED): 'DEAD_OBJECT: '
12-07 14:14:16.903 E/TrackedObjectManager( 2832): Failed to start tracking keyboard object with error Status(-129, EX_TRANSACTION_FAILED): 'DEAD_OBJECT: '
12-07 14:14:16.917 E/TrackedObjectManager( 2832): Failed to connect to TrackedObjectService with error Status(-129, EX_TRANSACTION_FAILED): 'DEAD_OBJECT: '
12-07 14:14:16.917 W/OSDynamicObjectDataQuerier( 2832): Attempted to start tracking objects when tracker was already started
12-07 14:14:16.917 E/TrackedObjectManager( 2832): Failed to connect to TrackedObjectService with error Status(-129, EX_TRANSACTION_FAILED): 'DEAD_OBJECT: '
12-07 14:14:16.917 E/TrackedObjectManager( 2832): Failed to start tracking keyboard object with error Status(-129, EX_TRANSACTION_FAILED): 'DEAD_OBJECT: '
12-07 14:14:16.931 E/TrackedObjectManager( 2832): Failed to connect to TrackedObjectService with error Status(-129, EX_TRANSACTION_FAILED): 'DEAD_OBJECT: '
12-07 14:14:16.931 W/OSDynamicObjectDataQuerier( 2832): Attempted to start tracking objects when tracker was already started
12-07 14:14:16.931 E/TrackedObjectManager( 2832): Failed to connect to TrackedObjectService with error Status(-129, EX_TRANSACTION_FAILED): 'DEAD_OBJECT: '
12-07 14:14:16.931 E/TrackedObjectManager( 2832): Failed to start tracking keyboard object with error Status(-129, EX_TRANSACTION_FAILED): 'DEAD_OBJECT: '
12-07 14:14:16.945 E/TrackedObjectManager( 2832): Failed to connect to TrackedObjectService with error Status(-129, EX_TRANSACTION_FAILED): 'DEAD_OBJECT: '
12-07 14:14:16.945 W/OSDynamicObjectDataQuerier( 2832): Attempted to start tracking objects when tracker was already started
12-07 14:14:16.945 E/TrackedObjectManager( 2832): Failed to connect to TrackedObjectService with error Status(-129, EX_TRANSACTION_FAILED): 'DEAD_OBJECT: '
12-07 14:14:16.945 E/TrackedObjectManager( 2832): Failed to start tracking keyboard object with error Status(-129, EX_TRANSACTION_FAILED): 'DEAD_OBJECT: '
12-07 14:14:16.958 E/TrackedObjectManager( 2832): Failed to connect to TrackedObjectService with error Status(-129, EX_TRANSACTION_FAILED): 'DEAD_OBJECT: '
12-07 14:14:16.959 W/OSDynamicObjectDataQuerier( 2832): Attempted to start tracking objects when tracker was already started
12-07 14:14:16.959 E/TrackedObjectManager( 2832): Failed to connect to TrackedObjectService with error Status(-129, EX_TRANSACTION_FAILED): 'DEAD_OBJECT: '
12-07 14:14:16.959 E/TrackedObjectManager( 2832): Failed to start tracking keyboard object with error Status(-129, EX_TRANSACTION_FAILED): 'DEAD_OBJECT: '
12-07 14:14:16.972 E/TrackedObjectManager( 2832): Failed to connect to TrackedObjectService with error Status(-129, EX_TRANSACTION_FAILED): 'DEAD_OBJECT: '
12-07 14:14:16.972 W/OSDynamicObjectDataQuerier( 2832): Attempted to start tracking objects when tracker was already started
12-07 14:14:16.972 E/TrackedObjectManager( 2832): Failed to connect to TrackedObjectService with error Status(-129, EX_TRANSACTION_FAILED): 'DEAD_OBJECT: '
12-07 14:14:16.972 E/TrackedObjectManager( 2832): Failed to start tracking keyboard object with error Status(-129, EX_TRANSACTION_FAILED): 'DEAD_OBJECT: '
12-07 14:14:16.982 W/m.meta.systemui( 7059): Binder 0xb4000075ebc4e1d0 destroyed after setInheritRt before being parceled.
12-07 14:14:16.987 W/WindowOnBackDispatcher( 7059): sendCancelIfRunning: isInProgress=falsecallback=android.view.ViewRootImpl$$ExternalSyntheticLambda17@407591b
12-07 14:14:16.987 E/TrackedObjectManager( 2832): Failed to connect to TrackedObjectService with error Status(-129, EX_TRANSACTION_FAILED): 'DEAD_OBJECT: '
12-07 14:14:16.987 W/OSDynamicObjectDataQuerier( 2832): Attempted to start tracking objects when tracker was already started
12-07 14:14:16.987 E/TrackedObjectManager( 2832): Failed to connect to TrackedObjectService with error Status(-129, EX_TRANSACTION_FAILED): 'DEAD_OBJECT: '
12-07 14:14:16.987 E/TrackedObjectManager( 2832): Failed to start tracking keyboard object with error Status(-129, EX_TRANSACTION_FAILED): 'DEAD_OBJECT: '
12-07 14:14:16.987 D/CoreBackPreview( 1971): Window{8b914cd u0 Splash Screen com.example.moonlight_spatialsdk EXITING}: Setting back callback null
12-07 14:14:16.987 W/InputManager-JNI( 1971): Input channel object '8b914cd Splash Screen com.example.moonlight_spatialsdk (client)' was disposed without first being removed with the input manager!
12-07 14:14:16.988 W/m.meta.systemui( 7059): Binder 0xb4000076590763b0 destroyed after setInheritRt before being parceled.
12-07 14:14:16.988 W/m.meta.systemui( 7059): Binder 0xb4000075ed7cd708 destroyed after setInheritRt before being parceled.
12-07 14:14:16.988 W/m.meta.systemui( 7059): Binder 0xb400007659076308 destroyed after setInheritRt before being parceled.
12-07 14:14:17.000 E/TrackedObjectManager( 2832): Failed to connect to TrackedObjectService with error Status(-129, EX_TRANSACTION_FAILED): 'DEAD_OBJECT: '
12-07 14:14:17.000 W/OSDynamicObjectDataQuerier( 2832): Attempted to start tracking objects when tracker was already started
12-07 14:14:17.000 E/TrackedObjectManager( 2832): Failed to connect to TrackedObjectService with error Status(-129, EX_TRANSACTION_FAILED): 'DEAD_OBJECT: '
12-07 14:14:17.000 E/TrackedObjectManager( 2832): Failed to start tracking keyboard object with error Status(-129, EX_TRANSACTION_FAILED): 'DEAD_OBJECT: '
12-07 14:14:17.001 I/GraphicsGovernor( 2832): Dynamic Foveation Lvl 3, Min Foveation Lvl 3, DynRes Enabled 1, DynRes Scaler 1.000000
12-07 14:14:17.006 I/Vsync   ( 2832): Vsync 2195:  2 x 13.89 ms (72.00 Hz, at 134775.688)
12-07 14:14:17.014 E/TrackedObjectManager( 2832): Failed to connect to TrackedObjectService with error Status(-129, EX_TRANSACTION_FAILED): 'DEAD_OBJECT: '
12-07 14:14:17.014 W/OSDynamicObjectDataQuerier( 2832): Attempted to start tracking objects when tracker was already started
12-07 14:14:17.014 E/TrackedObjectManager( 2832): Failed to connect to TrackedObjectService with error Status(-129, EX_TRANSACTION_FAILED): 'DEAD_OBJECT: '
12-07 14:14:17.014 E/TrackedObjectManager( 2832): Failed to start tracking keyboard object with error Status(-129, EX_TRANSACTION_FAILED): 'DEAD_OBJECT: '
12-07 14:14:17.024 D/OCMSProcessMonitor(27119): Notifying listeners of app uid change event for com.example.moonlight_spatialsdk, current importance: 1000, new importance: 100
12-07 14:14:17.024 D/AppChangeManager(27119): Immersive app (com.example.moonlight_spatialsdk) has been opened, throttling active installer jobs
12-07 14:14:17.028 E/TrackedObjectManager( 2832): Failed to connect to TrackedObjectService with error Status(-129, EX_TRANSACTION_FAILED): 'DEAD_OBJECT: '
12-07 14:14:17.028 W/OSDynamicObjectDataQuerier( 2832): Attempted to start tracking objects when tracker was already started
12-07 14:14:17.028 E/TrackedObjectManager( 2832): Failed to connect to TrackedObjectService with error Status(-129, EX_TRANSACTION_FAILED): 'DEAD_OBJECT: '
12-07 14:14:17.028 E/TrackedObjectManager( 2832): Failed to start tracking keyboard object with error Status(-129, EX_TRANSACTION_FAILED): 'DEAD_OBJECT: '
12-07 14:14:17.042 E/TrackedObjectManager( 2832): Failed to connect to TrackedObjectService with error Status(-129, EX_TRANSACTION_FAILED): 'DEAD_OBJECT: '
12-07 14:14:17.042 W/OSDynamicObjectDataQuerier( 2832): Attempted to start tracking objects when tracker was already started
12-07 14:14:17.042 E/TrackedObjectManager( 2832): Failed to connect to TrackedObjectService with error Status(-129, EX_TRANSACTION_FAILED): 'DEAD_OBJECT: '
12-07 14:14:17.042 E/TrackedObjectManager( 2832): Failed to start tracking keyboard object with error Status(-129, EX_TRANSACTION_FAILED): 'DEAD_OBJECT: '
12-07 14:14:17.045 I/OpenXR_Anchor( 3469): xrQuerySpacesFB: no split anchor query enabled
12-07 14:14:17.045 I/[CT]    ( 3469): SP:AF:InsightAnchorApi: QueryAnchorSpaces loadAndQueryAvailableAnchors flow. (task start) duration: 0.000000000 [sec], flags: 44, location: StorageLocation::LOCAL(1), method: 1, request: 5053, source: SourceType::LIVE_TRACKER(1)
12-07 14:14:17.045 I/[CT]    ( 3469): RuntimeIpcHelper: RuntimeIpcClient::CALL_RPC isAsync: true, func: loadAvailableAnchors
12-07 14:14:17.045 I/[CT]    ( 4885): SP:AP:AnchorPersistenceRuntimeIpcServer: checkRPC start: sessionUuid:1e3ba3f0-dfb6-0aba-a69b-b18fb253c69c, clientId:2367474718, givenPackageName:com.oculus.vrshell
12-07 14:14:17.045 I/[CT]    ( 4885): SP:AP:AnchorPersistenceRuntimeIpcServer: checkPackageAccess - detectedPackageName:com.oculus.vrshell, detectedProcessName:com.oculus.vrshell, givenPackageName:com.oculus.vrshell
12-07 14:14:17.045 I/[CT]    ( 4885): SP:AP:AnchorPersistenceRuntimeIpcServer: checkRPC package name matches: sessionUuid:1e3ba3f0-dfb6-0aba-a69b-b18fb253c69c, clientId:2367474718, givenPackageName:com.oculus.vrshell, detectedPackageName:com.oculus.vrshell, detectedProcessName:com.oculus.vrshell
12-07 14:14:17.046 I/[CT]    ( 4885): SP:AP:AnchorPersistenceRuntimeIpcServer: queryAvailableAnchorsSMV2: clientId: 2367474718, maxAnchors: 500, filter: 0, queryMultipleRoomsEnabledByOpenXrVersion: true, source: 1, appId: com.oculus.vrshell
12-07 14:14:17.046 I/[CT]    ( 4885): SP:AP:AnchorPersistenceConfig: getSceneRuntimePermissionEnabled: USE_SCENE permission is enabled on this device
12-07 14:14:17.046 I/[CT]    ( 4885): SP:AP:AnchorPersistenceScenePermissions: hasClientGrantedScenePermission: USE_SCENE permission is enabled on this device, check client 2367474718, grant is true
12-07 14:14:17.046 I/[CT]    ( 4885): SP:AP:AnchorPersistenceConfig: getSceneRuntimePermissionEnabled: USE_SCENE permission is enabled on this device
12-07 14:14:17.046 I/[CT]    ( 4885): SP:SceneAnchorFilterUtil: filterSceneDataByPermission: com.oculus.vrshell permission check passed, keep scene data. anchors size: 0
12-07 14:14:17.047 I/[CT]    ( 3469): SP:AF:InsightAnchorApi: QueryAnchorSpaces (task finish) returnCode: AnchorResultCode::SUCCESS(0), numSpacesFound: 0, spacesFoundUuids: [], duration: 0.000000000 [sec], flags: 44, location: 1, method: 1, request: 5053
12-07 14:14:17.047 I/[CT]    ( 3469): SP:TREX:SpatialPersistencePlugin: Event type: 6
12-07 14:14:17.047 I/TREX    ( 3469): Spatial Persistence event: QuerySpacesFinish
12-07 14:14:17.048 I/Vsync   ( 2832): Vsync 2198:  2 x 13.89 ms (72.00 Hz, at 134775.729)
12-07 14:14:17.056 E/TrackedObjectManager( 2832): Failed to connect to TrackedObjectService with error Status(-129, EX_TRANSACTION_FAILED): 'DEAD_OBJECT: '
12-07 14:14:17.056 W/OSDynamicObjectDataQuerier( 2832): Attempted to start tracking objects when tracker was already started
12-07 14:14:17.056 E/TrackedObjectManager( 2832): Failed to connect to TrackedObjectService with error Status(-129, EX_TRANSACTION_FAILED): 'DEAD_OBJECT: '
12-07 14:14:17.056 E/TrackedObjectManager( 2832): Failed to start tracking keyboard object with error Status(-129, EX_TRANSACTION_FAILED): 'DEAD_OBJECT: '
12-07 14:14:17.070 E/TrackedObjectManager( 2832): Failed to connect to TrackedObjectService with error Status(-129, EX_TRANSACTION_FAILED): 'DEAD_OBJECT: '
12-07 14:14:17.070 W/OSDynamicObjectDataQuerier( 2832): Attempted to start tracking objects when tracker was already started
12-07 14:14:17.070 E/TrackedObjectManager( 2832): Failed to connect to TrackedObjectService with error Status(-129, EX_TRANSACTION_FAILED): 'DEAD_OBJECT: '
12-07 14:14:17.070 E/TrackedObjectManager( 2832): Failed to start tracking keyboard object with error Status(-129, EX_TRANSACTION_FAILED): 'DEAD_OBJECT: '
12-07 14:14:17.070 D/libflickersensor(  884): Recording telemetry for aggregation period of 29.9 seconds
12-07 14:14:17.083 E/TrackedObjectManager( 2832): Failed to connect to TrackedObjectService with error Status(-129, EX_TRANSACTION_FAILED): 'DEAD_OBJECT: '
12-07 14:14:17.084 W/OSDynamicObjectDataQuerier( 2832): Attempted to start tracking objects when tracker was already started
12-07 14:14:17.084 E/TrackedObjectManager( 2832): Failed to connect to TrackedObjectService with error Status(-129, EX_TRANSACTION_FAILED): 'DEAD_OBJECT: '
12-07 14:14:17.084 E/TrackedObjectManager( 2832): Failed to start tracking keyboard object with error Status(-129, EX_TRANSACTION_FAILED): 'DEAD_OBJECT: '
12-07 14:14:17.097 E/TrackedObjectManager( 2832): Failed to connect to TrackedObjectService with error Status(-129, EX_TRANSACTION_FAILED): 'DEAD_OBJECT: '
12-07 14:14:17.097 W/OSDynamicObjectDataQuerier( 2832): Attempted to start tracking objects when tracker was already started
12-07 14:14:17.097 E/TrackedObjectManager( 2832): Failed to connect to TrackedObjectService with error Status(-129, EX_TRANSACTION_FAILED): 'DEAD_OBJECT: '
12-07 14:14:17.097 E/TrackedObjectManager( 2832): Failed to start tracking keyboard object with error Status(-129, EX_TRANSACTION_FAILED): 'DEAD_OBJECT: '
12-07 14:14:17.107 I/VD628x  (  884): Flicker results: freq 376.736816, max 376.736816, dcr 64.980179, pct 0.000412, idx 0.000332, conf 0.008520, snr -20.514019, svm 0.000697, sus 2
12-07 14:14:17.111 E/TrackedObjectManager( 2832): Failed to connect to TrackedObjectService with error Status(-129, EX_TRANSACTION_FAILED): 'DEAD_OBJECT: '
12-07 14:14:17.111 W/OSDynamicObjectDataQuerier( 2832): Attempted to start tracking objects when tracker was already started
12-07 14:14:17.111 E/TrackedObjectManager( 2832): Failed to connect to TrackedObjectService with error Status(-129, EX_TRANSACTION_FAILED): 'DEAD_OBJECT: '
12-07 14:14:17.111 E/TrackedObjectManager( 2832): Failed to start tracking keyboard object with error Status(-129, EX_TRANSACTION_FAILED): 'DEAD_OBJECT: '
12-07 14:14:17.117 I/Vsync   ( 2832): Vsync 2203:  2 x 13.89 ms (72.00 Hz, at 134775.799)
12-07 14:14:17.121 I/VrApi   ( 3469): FPS=71/72,Prd=34ms,Tear=0,Early=7,Stale=3,Stale2/5/10/max=1/0/0/2,VSnc=1,Lat=-1,Fov=3,CPU4/GPU=3/2,1382/456MHz,OC=3F,TA=0/0/0,SP=N/N/N,Mem=2736MHz,Free=3306MB,PLS=0,Temp=33.0C/0.0C,TW=2.50ms,App=1.06ms,GD=0.00ms,CPU&GPU=11.74ms,LCnt=6(DR0,LM3),GPU%=0.36,CPU%=0.84(W0.86),CFL=13.60/17.64,ICFLp95=16.86,LD=0,SF=1.00,LP=1,DVFS=0,ShrpLCnt=2,ShrpR=0.500,SSLCnt=0/0
12-07 14:14:17.125 E/TrackedObjectManager( 2832): Failed to connect to TrackedObjectService with error Status(-129, EX_TRANSACTION_FAILED): 'DEAD_OBJECT: '
12-07 14:14:17.125 W/OSDynamicObjectDataQuerier( 2832): Attempted to start tracking objects when tracker was already started
12-07 14:14:17.125 E/TrackedObjectManager( 2832): Failed to connect to TrackedObjectService with error Status(-129, EX_TRANSACTION_FAILED): 'DEAD_OBJECT: '
12-07 14:14:17.125 E/TrackedObjectManager( 2832): Failed to start tracking keyboard object with error Status(-129, EX_TRANSACTION_FAILED): 'DEAD_OBJECT: '
12-07 14:14:17.139 E/TrackedObjectManager( 2832): Failed to connect to TrackedObjectService with error Status(-129, EX_TRANSACTION_FAILED): 'DEAD_OBJECT: '
12-07 14:14:17.139 W/OSDynamicObjectDataQuerier( 2832): Attempted to start tracking objects when tracker was already started
12-07 14:14:17.139 E/TrackedObjectManager( 2832): Failed to connect to TrackedObjectService with error Status(-129, EX_TRANSACTION_FAILED): 'DEAD_OBJECT: '
12-07 14:14:17.139 E/TrackedObjectManager( 2832): Failed to start tracking keyboard object with error Status(-129, EX_TRANSACTION_FAILED): 'DEAD_OBJECT: '
12-07 14:14:17.153 E/TrackedObjectManager( 2832): Failed to connect to TrackedObjectService with error Status(-129, EX_TRANSACTION_FAILED): 'DEAD_OBJECT: '
12-07 14:14:17.153 W/OSDynamicObjectDataQuerier( 2832): Attempted to start tracking objects when tracker was already started
12-07 14:14:17.153 E/TrackedObjectManager( 2832): Failed to connect to TrackedObjectService with error Status(-129, EX_TRANSACTION_FAILED): 'DEAD_OBJECT: '
12-07 14:14:17.153 E/TrackedObjectManager( 2832): Failed to start tracking keyboard object with error Status(-129, EX_TRANSACTION_FAILED): 'DEAD_OBJECT: '
12-07 14:14:17.167 E/TrackedObjectManager( 2832): Failed to connect to TrackedObjectService with error Status(-129, EX_TRANSACTION_FAILED): 'DEAD_OBJECT: '
12-07 14:14:17.167 W/OSDynamicObjectDataQuerier( 2832): Attempted to start tracking objects when tracker was already started
12-07 14:14:17.167 E/TrackedObjectManager( 2832): Failed to connect to TrackedObjectService with error Status(-129, EX_TRANSACTION_FAILED): 'DEAD_OBJECT: '
12-07 14:14:17.167 E/TrackedObjectManager( 2832): Failed to start tracking keyboard object with error Status(-129, EX_TRANSACTION_FAILED): 'DEAD_OBJECT: '
12-07 14:14:17.172 I/Vsync   ( 2832): Vsync 2207:  2 x 13.89 ms (72.00 Hz, at 134775.854)
12-07 14:14:17.181 E/TrackedObjectManager( 2832): Failed to connect to TrackedObjectService with error Status(-129, EX_TRANSACTION_FAILED): 'DEAD_OBJECT: '
12-07 14:14:17.181 W/OSDynamicObjectDataQuerier( 2832): Attempted to start tracking objects when tracker was already started
12-07 14:14:17.181 E/TrackedObjectManager( 2832): Failed to connect to TrackedObjectService with error Status(-129, EX_TRANSACTION_FAILED): 'DEAD_OBJECT: '
12-07 14:14:17.181 E/TrackedObjectManager( 2832): Failed to start tracking keyboard object with error Status(-129, EX_TRANSACTION_FAILED): 'DEAD_OBJECT: '
12-07 14:14:17.195 E/TrackedObjectManager( 2832): Failed to connect to TrackedObjectService with error Status(-129, EX_TRANSACTION_FAILED): 'DEAD_OBJECT: '
12-07 14:14:17.195 W/OSDynamicObjectDataQuerier( 2832): Attempted to start tracking objects when tracker was already started
12-07 14:14:17.195 E/TrackedObjectManager( 2832): Failed to connect to TrackedObjectService with error Status(-129, EX_TRANSACTION_FAILED): 'DEAD_OBJECT: '
12-07 14:14:17.195 E/TrackedObjectManager( 2832): Failed to start tracking keyboard object with error Status(-129, EX_TRANSACTION_FAILED): 'DEAD_OBJECT: '
12-07 14:14:17.209 E/TrackedObjectManager( 2832): Failed to connect to TrackedObjectService with error Status(-129, EX_TRANSACTION_FAILED): 'DEAD_OBJECT: '
12-07 14:14:17.209 W/OSDynamicObjectDataQuerier( 2832): Attempted to start tracking objects when tracker was already started
12-07 14:14:17.209 E/TrackedObjectManager( 2832): Failed to connect to TrackedObjectService with error Status(-129, EX_TRANSACTION_FAILED): 'DEAD_OBJECT: '
12-07 14:14:17.209 E/TrackedObjectManager( 2832): Failed to start tracking keyboard object with error Status(-129, EX_TRANSACTION_FAILED): 'DEAD_OBJECT: '
12-07 14:14:17.214 I/Vsync   ( 2832): Vsync 2210:  2 x 13.89 ms (72.00 Hz, at 134775.896)
12-07 14:14:17.222 E/TrackedObjectManager( 2832): Failed to connect to TrackedObjectService with error Status(-129, EX_TRANSACTION_FAILED): 'DEAD_OBJECT: '
12-07 14:14:17.222 W/OSDynamicObjectDataQuerier( 2832): Attempted to start tracking objects when tracker was already started
12-07 14:14:17.222 E/TrackedObjectManager( 2832): Failed to connect to TrackedObjectService with error Status(-129, EX_TRANSACTION_FAILED): 'DEAD_OBJECT: '
12-07 14:14:17.222 E/TrackedObjectManager( 2832): Failed to start tracking keyboard object with error Status(-129, EX_TRANSACTION_FAILED): 'DEAD_OBJECT: '
12-07 14:14:17.232 D/telemetry-tokenbucket( 1126): Quota event rate (volume per 60 second) exceeds max, rejecting, process: /system_ext/bin/mrsystemservice, rate: 146044 , max: 129000
12-07 14:14:17.236 E/TrackedObjectManager( 2832): Failed to connect to TrackedObjectService with error Status(-129, EX_TRANSACTION_FAILED): 'DEAD_OBJECT: '
12-07 14:14:17.236 W/OSDynamicObjectDataQuerier( 2832): Attempted to start tracking objects when tracker was already started
12-07 14:14:17.236 E/TrackedObjectManager( 2832): Failed to connect to TrackedObjectService with error Status(-129, EX_TRANSACTION_FAILED): 'DEAD_OBJECT: '
12-07 14:14:17.236 E/TrackedObjectManager( 2832): Failed to start tracking keyboard object with error Status(-129, EX_TRANSACTION_FAILED): 'DEAD_OBJECT: '
