12-07 14:14:21.133 I/OCMSPushReceiver(27119): \"ts_ms\":1765145624"
12-07 14:14:21.133 I/OCMSPushReceiver(27119): "is_in_feed":"0"
12-07 14:14:21.133 I/OCMSPushReceiver(27119): "high_priority":false
12-07 14:14:21.133 I/OCMSPushReceiver(27119): "can_auto_group":true
12-07 14:14:21.133 I/OCMSPushReceiver(27119): "app_package_name":"com.oculus.store"
12-07 14:14:21.133 I/OCMSPushReceiver(27119): }
12-07 14:14:21.135 D/OCMSPushReceiver(27119): PHA notification message received, notifying AppSafety
12-07 14:14:21.138 D/PHANotificationReceiver( 5043): Received PHANotificationReceiver intent
12-07 14:14:21.139 E/TrackedObjectManager( 2832): Failed to connect to TrackedObjectService with error Status(-129, EX_TRANSACTION_FAILED): 'DEAD_OBJECT: '
12-07 14:14:21.139 W/OSDynamicObjectDataQuerier( 2832): Attempted to start tracking objects when tracker was already started
12-07 14:14:21.139 E/TrackedObjectManager( 2832): Failed to connect to TrackedObjectService with error Status(-129, EX_TRANSACTION_FAILED): 'DEAD_OBJECT: '
12-07 14:14:21.139 E/TrackedObjectManager( 2832): Failed to start tracking keyboard object with error Status(-129, EX_TRANSACTION_FAILED): 'DEAD_OBJECT: '
12-07 14:14:21.139 D/PHANotificationReceiver( 5043): Received PHANotificationReceiver received payload: {"package_pha_info_list":[{"package_hash":"e52edd36640034a4a6a6c3ec6ba31b25655a7b3ea94752f9f88d0ef36cb6f18b","package_id":"com.example.moonlight_spatialsdk","pha_category":"","pha_verdict":"RUNNING","should_upload":true}],"ts_ms":1765145624}
12-07 14:14:21.143 D/HzOS.BinderClient( 1971): Connected to PreferencesService
12-07 14:14:21.144 W/LaunchInterceptorUtil( 1971): Package metadata is empty: com.example.moonlight_spatialsdk
12-07 14:14:21.145 D/HzOS.BinderClient( 1971): Connected to PreferencesService
12-07 14:14:21.145 W/LaunchInterceptorUtil( 1971): Package metadata is empty: com.example.moonlight_spatialsdk
12-07 14:14:21.146 D/HzOS.BinderClient( 1971): Connected to PreferencesService
12-07 14:14:21.147 W/LaunchInterceptorUtil( 1971): Package metadata is empty: com.example.moonlight_spatialsdk
12-07 14:14:21.147 W/LaunchInterceptorUtil( 1971): Package metadata is empty: com.example.moonlight_spatialsdk
12-07 14:14:21.147 D/HzOS.BinderClient( 1971): Connected to PreferencesService
12-07 14:14:21.150 I/ActivityTaskManager( 1971): START u0 {act=android.intent.action.MAIN flg=0x10000000 cmp=com.example.moonlight_spatialsdk/.ImmersiveActivity (has extras)} with LAUNCH_SINGLE_TASK from uid 10176 (BAL_ALLOW_VISIBLE_WINDOW) result code=0
12-07 14:14:21.150 I/VrKeyguardViewMediator( 3282): handleSetOccluded, occluded: false, prevValue: false, mHiding: false
12-07 14:14:21.150 D/VrLockscreenHost( 3282): setOccluded: false, was: false, force: false, window: null
12-07 14:14:21.153 E/TrackedObjectManager( 2832): Failed to connect to TrackedObjectService with error Status(-129, EX_TRANSACTION_FAILED): 'DEAD_OBJECT: '
12-07 14:14:21.153 W/OSDynamicObjectDataQuerier( 2832): Attempted to start tracking objects when tracker was already started
12-07 14:14:21.153 E/TrackedObjectManager( 2832): Failed to connect to TrackedObjectService with error Status(-129, EX_TRANSACTION_FAILED): 'DEAD_OBJECT: '
12-07 14:14:21.153 E/TrackedObjectManager( 2832): Failed to start tracking keyboard object with error Status(-129, EX_TRANSACTION_FAILED): 'DEAD_OBJECT: '
12-07 14:14:21.154 D/[SEO] ShellSpatialWindowManagerService( 3469): Requesting placement of new volumetric window for ComponentInfo{com.example.moonlight_spatialsdk/com.example.moonlight_spatialsdk.ImmersiveActivity} from ActivityInfo{dbc2242 com.example.moonlight_spatialsdk.PancakeActivity} VolumetricWindowToken { scope = 2, token = android.os.BinderProxy@c96e253, persistableToken = c1419eeb-fd1d-41ad-900d-bc1a36e77ceb }
12-07 14:14:21.155 D/[SEO] ShellSpatialWindowManagerService( 3469): Setup Activity Launch Environment for com.example.moonlight_spatialsdk/com.example.moonlight_spatialsdk.ImmersiveActivity
12-07 14:14:21.156 D/[SEO] ShellSpatialWindowManagerService( 3469): Routing activity intent through Shell's launch checks
12-07 14:14:21.157 W/[SEO] IntentResolutionUtils( 3469): Could not find source panel panelId
12-07 14:14:21.157 D/[SEO] ShellControlBroadcastReceiver( 3469): onReceive: Intent{action=com.oculus.vrshell.intent.action.LAUNCH, data=com.example.moonlight_spatialsdk/com.example.moonlight_spatialsdk.ImmersiveActivity, type=null, categories=null, component=null, flags=0x10010000, extras={launch_source=com.example.moonlight_spatialsdk/com.example.moonlight_spatialsdk.PancakeActivity, activity_surface_width=500, requestingCrashRecovery=null, isHomeIntent=false, launchId=6a3bb624-7729-4f51-82fd-89705065bc32, target=null, activity_intent=true, defaultLaunchReason=0, activity_surface_height=800, queryParametersUri=null}}
12-07 14:14:21.157 D/[SEO] ShellControlBroadcastReceiver( 3469): isLaunchAction = true, isTrustedAppLaunch = true
12-07 14:14:21.157 D/[SEO] ShellControlBroadcastReceiver( 3469): Transitioning broadcast to nativeBroadcastIntent.
12-07 14:14:21.157 W/[SEO] IntentParser( 3469): Got intent with null or empty value for key(s): requestingCrashRecovery target queryParametersUri 
12-07 14:14:21.157 D/[SEO] ShellService( 3469): onStartCommand() with action com.oculus.intent.action.BROADCAST_INTENT
12-07 14:14:21.157 W/[SEO] IntentParser( 3469): Got intent with null or empty value for key(s): requestingCrashRecovery target queryParametersUri 
12-07 14:14:21.161 I/[SEO] FrameCommandHelpers( 3469): Handling Pending Launch from Intent - target=com.example.moonlight_spatialsdk/com.example.moonlight_spatialsdk.ImmersiveActivity, launch source=com.oculus.vrshell.intent.action.LAUNCH
12-07 14:14:21.162 I/[SEO] PanelAppLaunchInfo( 3469): PanelAppLaunchInfo componentString:com.example.moonlight_spatialsdk/com.example.moonlight_spatialsdk.ImmersiveActivity packageName:com.example.moonlight_spatialsdk serviceName:com.example.moonlight_spatialsdk.ImmersiveActivity componentName:com.example.moonlight_spatialsdk/com.example.moonlight_spatialsdk.ImmersiveActivity
12-07 14:14:21.162 I/[SEO] HostPlatform( 3469): Retrieving component launch information for package (com.example.moonlight_spatialsdk) and service (com.example.moonlight_spatialsdk.ImmersiveActivity)
12-07 14:14:21.162 D/[SEO] PanelAppConfigurationUtil( 3469): Refreshing APK info for com.example.moonlight_spatialsdk/com.example.moonlight_spatialsdk.ImmersiveActivity; UID or version code changed
12-07 14:14:21.162 I/[SEO] PanelAppConfigurationUtil( 3469): Sending Android activity token to component com.example.moonlight_spatialsdk/com.example.moonlight_spatialsdk.ImmersiveActivity:false
12-07 14:14:21.163 D/CompatibilityChangeReporter( 1971): Compat change id reported: 161252188; UID 10176; state: DISABLED
12-07 14:14:21.163 I/[SEO] PanelAppLaunchInfo( 3469): SetMultiLayer shouldAllowLayerSupport_ [0] name [] componentName [com.example.moonlight_spatialsdk/com.example.moonlight_spatialsdk.ImmersiveActivity]
12-07 14:14:21.163 I/[SEO] HostPlatform( 3469): Is PanelSDK component for package (com.example.moonlight_spatialsdk) and service (com.example.moonlight_spatialsdk.ImmersiveActivity) - false
12-07 14:14:21.165 I/[SEO] LaunchController( 3469): Registering Pending Launch of type External with component: com.example.moonlight_spatialsdk/com.example.moonlight_spatialsdk.ImmersiveActivity launchId: 6a3bb624-7729-4f51-82fd-89705065bc32 requested by com.oculus.vrshell.intent.action.LAUNCH, overwriting existing launch false, of type None.
12-07 14:14:21.167 E/TrackedObjectManager( 2832): Failed to connect to TrackedObjectService with error Status(-129, EX_TRANSACTION_FAILED): 'DEAD_OBJECT: '
12-07 14:14:21.167 W/OSDynamicObjectDataQuerier( 2832): Attempted to start tracking objects when tracker was already started
12-07 14:14:21.167 E/TrackedObjectManager( 2832): Failed to connect to TrackedObjectService with error Status(-129, EX_TRANSACTION_FAILED): 'DEAD_OBJECT: '
12-07 14:14:21.167 E/TrackedObjectManager( 2832): Failed to start tracking keyboard object with error Status(-129, EX_TRANSACTION_FAILED): 'DEAD_OBJECT: '
12-07 14:14:21.171 W/AppManagerInternal(27119): Entitlement for packageName=com.example.moonlight_spatialsdk not found, channels=[Store, Q4B, PcStore]
12-07 14:14:21.171 D/LibraryProvider(27119): queryApp(com.example.moonlight_spatialsdk) could not find entitlement
12-07 14:14:21.171 W/OVRLibrary( 3469): null cursor received for query content://com.oculus.ocms.library/apps/com.example.moonlight_spatialsdk
12-07 14:14:21.171 D/[SEO] HostPlatformPackages( 3469): app is null, packageName: com.example.moonlight_spatialsdk
12-07 14:14:21.173 I/[SEO] LaunchCheckController( 3469): GetAutomationForceLaunchCheckFlags: packageName=com.example.moonlight_spatialsdk, forcedLaunchCheckApp=
12-07 14:14:21.173 I/[SEO] LaunchCheckController( 3469): Building launch checks for component: com.example.moonlight_spatialsdk/com.example.moonlight_spatialsdk.ImmersiveActivity launchId: 6a3bb624-7729-4f51-82fd-89705065bc32
12-07 14:14:21.174 I/[SEO] LaunchCheckController( 3469): GetAutomationForceLaunchCheckFlags: packageName=com.example.moonlight_spatialsdk, forcedLaunchCheckApp=
12-07 14:14:21.174 I/[SEO] LaunchCheckController( 3469): Finished building launch checks for component: com.example.moonlight_spatialsdk/com.example.moonlight_spatialsdk.ImmersiveActivity launchId: 6a3bb624-7729-4f51-82fd-89705065bc32
12-07 14:14:21.174 I/[SEO] LaunchController( 3469): LaunchController::Launch pending type External, pending details component: com.example.moonlight_spatialsdk/com.example.moonlight_spatialsdk.ImmersiveActivity launchId: 6a3bb624-7729-4f51-82fd-89705065bc32, launch type External, launch details component: com.example.moonlight_spatialsdk/com.example.moonlight_spatialsdk.ImmersiveActivity launchId: 6a3bb624-7729-4f51-82fd-89705065bc32
12-07 14:14:21.174 I/[SEO] ApplicationLaunchData( 3469): UpdateShortcutCurrencyInLibrary aliasId is empty
12-07 14:14:21.174 I/[SEO] HostPlatform( 3469): LaunchExternalApplication
12-07 14:14:21.174 D/[UNSET] ShellApplication( 3469): sendLaunchIntent: 'com.example.moonlight_spatialsdk/com.example.moonlight_spatialsdk.ImmersiveActivity' command: '' launchId: '6a3bb624-7729-4f51-82fd-89705065bc32'
12-07 14:14:21.174 D/[SEO] ShellSpatialWindowManagerService( 3469): Placing immersive activity into new volumetric window
12-07 14:14:21.176 D/[SEO] ShellSpatialWindowManagerService( 3469): placeImmersiveActivityIntoNewVolumetricWindow: shouldQuitCurrentApp=false
12-07 14:14:21.176 I/[SEO] DesktopPanelController( 3469): Animating desktop hide with reason system-initiated, source ExternalLaunch
12-07 14:14:21.177 I/VolumetricWindowManagerServiceImpl( 1971): Handling SWMS response: launch into NEW_VOLUMETRIC_WINDOW VolumetricWindowPlacementResponse { volumetricToken = VolumetricWindowToken { scope = 1, token = horizonos.view.VolumetricWindowToken$InternalVolumetricToken@579ac5a, persistableToken = 5dd83d9a-b4b0-47a3-a74c-ff4781b8b012 }, relativeSpaceToken = SpaceToken { binderToken = android.os.BinderProxy@8194805, persistableToken = 00000000-0000-0000-0000-000000000000 }, pose = Pose { orientation = Vector4f { x = 0.0, y = 0.0, z = 0.0, w = 1.0 }, position = Vector3f { x = 0.0, y = 0.0, z = 0.0 } }, bounds = Extent3f { width = 0.15874992, height = 0.07937496, depth = 0.0 }, surfaceSize = 1000x500, densityDpi = 0, visible = true } for launch request [ActivityInfo{fb94405 com.example.moonlight_spatialsdk.ImmersiveActivity}](vrdesktop seq: 1)
12-07 14:14:21.177 I/VolumetricContainerPlacement( 1971): acquired ContainerPlacement{mId=0, mBounds=Rect(0, 0 - 8000, 8000)}
12-07 14:14:21.180 I/SpaceManagerServiceImpl( 1971): addSpace done: userId = 0, spaceToken = SpaceToken { binderToken = horizonos.view.SpaceToken$InternalSpaceToken@eedfe8b, persistableToken = 0ac6b375-3fb7-4b63-a913-635ba6c5bba3 }
12-07 14:14:21.181 E/TrackedObjectManager( 2832): Failed to connect to TrackedObjectService with error Status(-129, EX_TRANSACTION_FAILED): 'DEAD_OBJECT: '
12-07 14:14:21.181 W/OSDynamicObjectDataQuerier( 2832): Attempted to start tracking objects when tracker was already started
12-07 14:14:21.181 E/TrackedObjectManager( 2832): Failed to connect to TrackedObjectService with error Status(-129, EX_TRANSACTION_FAILED): 'DEAD_OBJECT: '
12-07 14:14:21.181 E/TrackedObjectManager( 2832): Failed to start tracking keyboard object with error Status(-129, EX_TRANSACTION_FAILED): 'DEAD_OBJECT: '
12-07 14:14:21.182 I/DisplayDeviceRepository( 1971): Display device added: DisplayDeviceInfo{"MirrorRoot for 5dd83d9a-b4b0-47a3-a74c-ff4781b8b012": uniqueId="virtual:android,1000,MirrorRoot for 5dd83d9a-b4b0-47a3-a74c-ff4781b8b012,0", 1000 x 500, modeId 1372, renderFrameRate 60.0, defaultModeId 1372, supportedModes [{id=1372, width=1000, height=500, fps=60.0, alternativeRefreshRates=[], supportedHdrTypes=[]}], colorMode 0, supportedColorModes [0], hdrCapabilities null, allmSupported false, gameContentTypeSupported false, density 200, 200.0 x 200.0 dpi, appVsyncOff 0, presDeadline 16666666, touch NONE, rotation 0, type VIRTUAL, deviceProductInfo null, state OFF, committedState UNKNOWN, owner android (uid 1000), frameRateOverride , brightnessMinimum 0.0, brightnessMaximum 0.0, brightnessDefault 0.0, hdrSdrRatio NaN, FLAG_SECURE, FLAG_SUPPORTS_PROTECTED_BUFFERS, FLAG_OWN_CONTENT_ONLY, FLAG_DESTROY_CONTENT_ON_REMOVAL, installOrientation 0, displayShape DisplayShape{ spec=-1856918115 displayWidth=1000 displayHeight=500 physicalPixelDisplaySizeRatio=1.0 rotation=0 offsetX=0 offsetY=0 scale=1.0}}
12-07 14:14:21.183 D/parfait:service( 1158): Received TRACE_START process_start:com.example.moonlight_spatialsdk request
12-07 14:14:21.183 D/parfait:tracing( 1158): Trigger scenario name: process_start:com.example.moonlight_spatialsdk
12-07 14:14:21.183 I/LogicalDisplayMapper( 1971): Applying layout: [{dispId: 0(ON), displayGroupName: , addr: {port=146, model=0x40446dbbd154e4}, mThermalBrightnessThrottlingMapId: null, mRefreshRateZoneId: null, mLeadDisplayId: -1, mThermalRefreshRateThrottlingMapId: null}], Previous layout: [{dispId: 0(ON), displayGroupName: , addr: {port=146, model=0x40446dbbd154e4}, mThermalBrightnessThrottlingMapId: null, mRefreshRateZoneId: null, mLeadDisplayId: -1, mThermalRefreshRateThrottlingMapId: null}]
12-07 14:14:21.183 I/parfait:tracing( 1158): Trigger scenario process_start:com.example.moonlight_spatialsdk not found in config, ignoring.
12-07 14:14:21.183 D/parfait:logger( 1158): Dropping event /data/oculus/parfait/telemetry_logs/aeda4ae5-bc87-9587-5b46-c96081ad8f19.log
12-07 14:14:21.183 I/LogicalDisplayMapper( 1971): Setting new display group 0 for display 1011, from previous group: null
12-07 14:14:21.185 I/LogicalDisplayMapper( 1971): Adding new display: 1011: DisplayInfo{"MirrorRoot for 5dd83d9a-b4b0-47a3-a74c-ff4781b8b012", displayId 1011, displayGroupId 0, FLAG_SECURE, FLAG_SUPPORTS_PROTECTED_BUFFERS, real 1000 x 500, largest app 1000 x 500, smallest app 1000 x 500, appVsyncOff 0, presDeadline 16666666, mode 137260.0, defaultMode 1372, modes [{id=1372, width=1000, height=500, fps=60.0, alternativeRefreshRates=[], supportedHdrTypes=[]}], hdrCapabilities null, userDisabledHdrTypes [], minimalPostProcessingSupported false, rotation 0, state OFF, committedState UNKNOWN, type VIRTUAL, uniqueId "virtual:android,1000,MirrorRoot for 5dd83d9a-b4b0-47a3-a74c-ff4781b8b012,0", app 1000 x 500, density 200 (200.0 x 200.0) dpi, layerStack 1011, colorMode 0, supportedColorModes [0], deviceProductInfo null, owner android (uid 1000), removeMode 1, refreshRateOverride 0.0, brightnessMinimum 0.0, brightnessMaximum 0.0, brightnessDefault 0.0, installOrientation ROTATION_0, layoutLimitedRefreshRate null, hdrSdrRatio not_available, thermalRefreshRateThrottling {}, thermalBrightnessThrottlingDataId default}
12-07 14:14:21.186 W/BrightnessThrottler( 1971): DeviceConfig ThermalBrightnessThrottlingData is null
12-07 14:14:21.186 W/DisplayPowerController2[1011]( 1971): Screen brightness nits configuration is unavailable; falling back
12-07 14:14:21.194 E/TrackedObjectManager( 2832): Failed to connect to TrackedObjectService with error Status(-129, EX_TRANSACTION_FAILED): 'DEAD_OBJECT: '
12-07 14:14:21.194 W/OSDynamicObjectDataQuerier( 2832): Attempted to start tracking objects when tracker was already started
12-07 14:14:21.195 E/TrackedObjectManager( 2832): Failed to connect to TrackedObjectService with error Status(-129, EX_TRANSACTION_FAILED): 'DEAD_OBJECT: '
12-07 14:14:21.195 E/TrackedObjectManager( 2832): Failed to start tracking keyboard object with error Status(-129, EX_TRANSACTION_FAILED): 'DEAD_OBJECT: '
12-07 14:14:21.204 I/WindowManager( 1971): Override config changes=20005df8 {0.0 ?mcc0mnc ?localeList ?layoutDir sw400dp w800dp h400dp 200dpi nrml long land ?uimode ?night -touch -keyb/v/h -nav/h winConfig={ mBounds=Rect(0, 0 - 1000, 500) mAppBounds=Rect(0, 0 - 1000, 500) mMaxBounds=Rect(0, 0 - 1000, 500) mDisplayRotation=ROTATION_0 mWindowingMode=fullscreen mDisplayWindowingMode=fullscreen mActivityType=undefined mAlwaysOnTop=undefined mRotation=ROTATION_0} ?fontWeightAdjustment} for displayId=1011
12-07 14:14:21.205 W/DisplayController( 7059): Skipping Display Configuration change on non-added display.
12-07 14:14:21.209 E/TrackedObjectManager( 2832): Failed to connect to TrackedObjectService with error Status(-129, EX_TRANSACTION_FAILED): 'DEAD_OBJECT: '
12-07 14:14:21.209 W/OSDynamicObjectDataQuerier( 2832): Attempted to start tracking objects when tracker was already started
12-07 14:14:21.209 E/TrackedObjectManager( 2832): Failed to connect to TrackedObjectService with error Status(-129, EX_TRANSACTION_FAILED): 'DEAD_OBJECT: '
12-07 14:14:21.209 E/TrackedObjectManager( 2832): Failed to start tracking keyboard object with error Status(-129, EX_TRANSACTION_FAILED): 'DEAD_OBJECT: '
12-07 14:14:21.211 D/DisplayManagerService( 1971): Ignore redundant display event 1011/2 to 10079/25425
12-07 14:14:21.211 D/DisplayManagerService( 1971): Ignore redundant display event 1011/2 to 10049/32634
12-07 14:14:21.213 V/DisplayPowerController2[1011]( 1971): Brightness [0.0] reason changing to: 'manual', previous reason: '0'.
12-07 14:14:21.215 I/DisplayPowerController2[1011]( 1971): BrightnessEvent: disp=1011, physDisp=virtual:android,1000,MirrorRoot for 5dd83d9a-b4b0-47a3-a74c-ff4781b8b012,0, brt=0.0, initBrt=NaN, rcmdBrt=NaN, preBrt=NaN, lux=0.0, preLux=0.0, hbmMax=1.0, hbmMode=off, rbcStrength=-1, thrmMax=1.0, powerFactor=1.0, wasShortTermModelActive=false, flags=, reason=manual, autoBrightness=false, strategy=InvalidBrightnessStrategy
12-07 14:14:21.215 I/VolumetricWindowManagerServiceImpl( 1971): addVolumetricWindow done: userId = 0, wct = bd6b078, vw type = 2, vw persistable token = 5dd83d9a-b4b0-47a3-a74c-ff4781b8b012, rootTaskId = 3
12-07 14:14:21.215 I/VolumetricWindowManagerServiceImpl( 1971): addTaskVolumetricWindowLocked: taskId = 3, VW = VolumetricWindowInfo { volumetricWindowToken = VolumetricWindowToken { scope = 1, token = horizonos.view.VolumetricWindowToken$InternalVolumetricToken@579ac5a, persistableToken = 5dd83d9a-b4b0-47a3-a74c-ff4781b8b012 }, type = 2, bounds = Extent3f { width = 0.15874992, height = 0.07937496, depth = 0.0 }, pose = Pose { orientation = Vector4f { x = 0.0, y = 0.0, z = 0.0, w = 1.0 }, position = Vector3f { x = 0.0, y = 0.0, z = 0.0 } }, windowSize2d = Extent2i { width = 1000, height = 500 }, densityDpi = 200, windowSpaceToken = SpaceToken { binderToken = horizonos.view.SpaceToken$InternalSpaceToken@eedfe8b, persistableToken = 0ac6b375-3fb7-4b63-a913-635ba6c5bba3 }, visible = true, active = true, drawn = false, persistable = false, singlePassCompositionEnabled = false, depthTestEnabled = false, inView = false, windowFlags = 0, priorityHintInfo = PriorityHintInfo { windowPpd = 0.0, viewAngleSine = -1.0, visiblePercent = 1.0, distanceFromUser = 0.0, attentionZone = 0 }, taskInfo = null, presentation = VolumetricWindowPresentationInfo { controlBar = null }, layoutParams = null, children = [], shape = 1, cylinderInfo = null }, isSinglePassCompositionEnabled = false, isComponentBlocklisted = false, isComponentForcedToSPC = false
12-07 14:14:21.222 E/TrackedObjectManager( 2832): Failed to connect to TrackedObjectService with error Status(-129, EX_TRANSACTION_FAILED): 'DEAD_OBJECT: '
12-07 14:14:21.222 W/OSDynamicObjectDataQuerier( 2832): Attempted to start tracking objects when tracker was already started
12-07 14:14:21.222 E/TrackedObjectManager( 2832): Failed to connect to TrackedObjectService with error Status(-129, EX_TRANSACTION_FAILED): 'DEAD_OBJECT: '
12-07 14:14:21.222 E/TrackedObjectManager( 2832): Failed to start tracking keyboard object with error Status(-129, EX_TRANSACTION_FAILED): 'DEAD_OBJECT: '
12-07 14:14:21.229 E/CellBroadcastUtils( 1971): getDefaultCellBroadcastReceiverPackageName: no package found
12-07 14:14:21.232 D/perfservice(  872): [POWERHINT] Received LAUNCH hint
12-07 14:14:21.233 E/perfservice(  872): End applying 'START_HINT' from hint 'LAUNCH' - Failed after 5 retries - Latency: 0.639ms
12-07 14:14:21.233 E/perfservice(  872):   >> Failed final validation: /sys/block/dm-0/queue/read_ahead_kb=512
12-07 14:14:21.233 E/perfservice(  872):   >> Failed final validation: /sys/block/dm-1/queue/read_ahead_kb=512
12-07 14:14:21.234 I/ActivityTaskManager( 1971): Add Task{990c71e #2904 type=standard A=10176:com.example.moonlight_spatialsdk} to hidden list because adding Task{9bd28e5 #2905 type=standard A=10176:com.example.moonlight_spatialsdk}
12-07 14:14:21.236 E/TrackedObjectManager( 2832): Failed to connect to TrackedObjectService with error Status(-129, EX_TRANSACTION_FAILED): 'DEAD_OBJECT: '
12-07 14:14:21.236 W/OSDynamicObjectDataQuerier( 2832): Attempted to start tracking objects when tracker was already started
12-07 14:14:21.236 E/TrackedObjectManager( 2832): Failed to connect to TrackedObjectService with error Status(-129, EX_TRANSACTION_FAILED): 'DEAD_OBJECT: '
12-07 14:14:21.236 E/TrackedObjectManager( 2832): Failed to start tracking keyboard object with error Status(-129, EX_TRANSACTION_FAILED): 'DEAD_OBJECT: '
12-07 14:14:21.237 I/ActivityTaskManager( 1971): START u0 {act=android.intent.action.MAIN flg=0x10010100 cmp=com.example.moonlight_spatialsdk/.ImmersiveActivity (has extras)} with LAUNCH_SINGLE_TASK from uid 10176 (realCallingUid=1000) (BAL_ALLOW_VISIBLE_WINDOW) result code=0
12-07 14:14:21.237 I/VolumetricContentMonitor( 1971): Switching to immersive app. taskId: 3, ActivityInfo{7f59e6b com.example.moonlight_spatialsdk.ImmersiveActivity}
12-07 14:14:21.239 I/UiModeController( 1971): Switching from com.oculus.vrshell to com.example.moonlight_spatialsdk
12-07 14:14:21.239 V/WindowManager( 1971): Queueing transition: TransitionRecord{c2b8899 id=-1 type=SLEEP flags=0x0}
12-07 14:14:21.239 V/WindowManager( 1971): Content Recording: Display 1011 state is now (1), so update recording?
12-07 14:14:21.247 I/InterstitialController( 1971): onImmersiveActivityAppeared: uid: 10176, pid: 32238, state: 4, com.example.moonlight_spatialsdk, on task: WCT{RemoteToken{bd6b078 Task{403e4d4 #3 type=standard}}}, launchId: null
12-07 14:14:21.248 V/WorldManagerService( 1971): VW Content Listener: com.example.moonlight_spatialsdk -1
12-07 14:14:21.248 D/SpatialAudioService( 1971): Skipping processing for app: com.example.moonlight_spatialsdk (isNewApp: false, perAppEnabled: true, epsService: true)
12-07 14:14:21.248 W/TrustedCallerVerifier(27119): Could not verify trusted caller for uidPackageNames=[com.oculus.metacam] and uidSignature=android.content.pm.Signature@89661ab1
12-07 14:14:21.250 E/TrackedObjectManager( 2832): Failed to connect to TrackedObjectService with error Status(-129, EX_TRANSACTION_FAILED): 'DEAD_OBJECT: '
12-07 14:14:21.250 W/OSDynamicObjectDataQuerier( 2832): Attempted to start tracking objects when tracker was already started
12-07 14:14:21.250 E/TrackedObjectManager( 2832): Failed to connect to TrackedObjectService with error Status(-129, EX_TRANSACTION_FAILED): 'DEAD_OBJECT: '
12-07 14:14:21.250 E/TrackedObjectManager( 2832): Failed to start tracking keyboard object with error Status(-129, EX_TRANSACTION_FAILED): 'DEAD_OBJECT: '
12-07 14:14:21.251 I/BpBinder( 2392): onLastStrongRef automatically unlinking death recipients: 
12-07 14:14:21.256 W/AppManagerInternal(27119): Entitlement for packageName=com.example.moonlight_spatialsdk not found, channels=[Store, Q4B, PcStore]
12-07 14:14:21.256 D/LibraryProvider(27119): queryApp(com.example.moonlight_spatialsdk) could not find entitlement
12-07 14:14:21.256 W/OVRLibrary(15000): null cursor received for query content://com.oculus.ocms.library/apps/com.example.moonlight_spatialsdk
12-07 14:14:21.257 E/CoresdkAnalyticsEvent(15000): could not set key=session_id value=null
12-07 14:14:21.264 E/TrackedObjectManager( 2832): Failed to connect to TrackedObjectService with error Status(-129, EX_TRANSACTION_FAILED): 'DEAD_OBJECT: '
12-07 14:14:21.264 W/OSDynamicObjectDataQuerier( 2832): Attempted to start tracking objects when tracker was already started
12-07 14:14:21.264 E/TrackedObjectManager( 2832): Failed to connect to TrackedObjectService with error Status(-129, EX_TRANSACTION_FAILED): 'DEAD_OBJECT: '
12-07 14:14:21.264 E/TrackedObjectManager( 2832): Failed to start tracking keyboard object with error Status(-129, EX_TRANSACTION_FAILED): 'DEAD_OBJECT: '
12-07 14:14:21.268 D/VrosSpatialAudio(32238): Immersive activity detected, skip VrosSpatialAudio init
12-07 14:14:21.269 I/System.out(32238): === IMMERSIVE_ACTIVITY_ONCREATE_START ===
12-07 14:14:21.269 E/ImmersiveActivity(32238): === IMMERSIVE_ACTIVITY_ONCREATE_START ===
12-07 14:14:21.269 I/VrActivity[j](32238): VrActivity::onCreate com.example.moonlight_spatialsdk.ImmersiveActivity@77c40bb false
12-07 14:14:21.278 E/TrackedObjectManager( 2832): Failed to connect to TrackedObjectService with error Status(-129, EX_TRANSACTION_FAILED): 'DEAD_OBJECT: '
12-07 14:14:21.278 W/OSDynamicObjectDataQuerier( 2832): Attempted to start tracking objects when tracker was already started
12-07 14:14:21.278 E/TrackedObjectManager( 2832): Failed to connect to TrackedObjectService with error Status(-129, EX_TRANSACTION_FAILED): 'DEAD_OBJECT: '
12-07 14:14:21.278 E/TrackedObjectManager( 2832): Failed to start tracking keyboard object with error Status(-129, EX_TRANSACTION_FAILED): 'DEAD_OBJECT: '
12-07 14:14:21.278 I/VrApi   ( 3469): FPS=72/72,Prd=26ms,Tear=0,Early=0,Stale=0,Stale2/5/10/max=0/0/0/0,VSnc=1,Lat=-1,Fov=3,CPU4/GPU=3/2,2361/456MHz,OC=3F,TA=0/0/0,SP=N/N/N,Mem=2736MHz,Free=3306MB,PLS=0,Temp=33.0C/0.0C,TW=2.39ms,App=1.08ms,GD=0.00ms,CPU&GPU=9.36ms,LCnt=6(DR72,LM4),GPU%=0.27,CPU%=0.40(W0.43),CFL=12.77/16.17,ICFLp95=15.53,LD=0,SF=1.00,LP=1,DVFS=0,ShrpLCnt=2,ShrpR=0.000,SSLCnt=1/2
12-07 14:14:21.292 E/TrackedObjectManager( 2832): Failed to connect to TrackedObjectService with error Status(-129, EX_TRANSACTION_FAILED): 'DEAD_OBJECT: '
12-07 14:14:21.292 W/OSDynamicObjectDataQuerier( 2832): Attempted to start tracking objects when tracker was already started
12-07 14:14:21.292 E/TrackedObjectManager( 2832): Failed to connect to TrackedObjectService with error Status(-129, EX_TRANSACTION_FAILED): 'DEAD_OBJECT: '
12-07 14:14:21.292 E/TrackedObjectManager( 2832): Failed to start tracking keyboard object with error Status(-129, EX_TRANSACTION_FAILED): 'DEAD_OBJECT: '
12-07 14:14:21.292 I/Tracking( 9368): Vega: [INSIGHTS] Mode=DescriptorVega,6DoF,Agg=33s,Inl=12,21,198,Mem=88.9,FrameDur=6.9,49.4,PoseLat=1.6,6.8,CamImuLat=22.3,70.8,Jit=0.0,0.1,Drops(Cam=0,IMU=0),MeanIr=21673.7,Exp(1.7ms,g=1,I=61)(1.7ms,g=1,I=61)(2.7ms,g=1,I=60)(2.7ms,g=1,I=60)(0.0ms,g=0)(0.0ms,g=0),NonInertEnv=n
12-07 14:14:21.306 E/TrackedObjectManager( 2832): Failed to connect to TrackedObjectService with error Status(-129, EX_TRANSACTION_FAILED): 'DEAD_OBJECT: '
12-07 14:14:21.306 W/OSDynamicObjectDataQuerier( 2832): Attempted to start tracking objects when tracker was already started
12-07 14:14:21.306 E/TrackedObjectManager( 2832): Failed to connect to TrackedObjectService with error Status(-129, EX_TRANSACTION_FAILED): 'DEAD_OBJECT: '
12-07 14:14:21.306 E/TrackedObjectManager( 2832): Failed to start tracking keyboard object with error Status(-129, EX_TRANSACTION_FAILED): 'DEAD_OBJECT: '
12-07 14:14:21.319 E/TrackedObjectManager( 2832): Failed to connect to TrackedObjectService with error Status(-129, EX_TRANSACTION_FAILED): 'DEAD_OBJECT: '
12-07 14:14:21.319 W/OSDynamicObjectDataQuerier( 2832): Attempted to start tracking objects when tracker was already started
12-07 14:14:21.319 E/TrackedObjectManager( 2832): Failed to connect to TrackedObjectService with error Status(-129, EX_TRANSACTION_FAILED): 'DEAD_OBJECT: '
12-07 14:14:21.319 E/TrackedObjectManager( 2832): Failed to start tracking keyboard object with error Status(-129, EX_TRANSACTION_FAILED): 'DEAD_OBJECT: '
12-07 14:14:21.321 I/SPATIAL_SDK_LOGGER(32238): ISDK: Registering ISDK plugin
12-07 14:14:21.334 E/TrackedObjectManager( 2832): Failed to connect to TrackedObjectService with error Status(-129, EX_TRANSACTION_FAILED): 'DEAD_OBJECT: '
12-07 14:14:21.334 W/OSDynamicObjectDataQuerier( 2832): Attempted to start tracking objects when tracker was already started
12-07 14:14:21.334 E/TrackedObjectManager( 2832): Failed to connect to TrackedObjectService with error Status(-129, EX_TRANSACTION_FAILED): 'DEAD_OBJECT: '
12-07 14:14:21.334 E/TrackedObjectManager( 2832): Failed to start tracking keyboard object with error Status(-129, EX_TRANSACTION_FAILED): 'DEAD_OBJECT: '
12-07 14:14:21.335 I/SPATIAL_SDK_LOGGER(32238): OVRMetricsTool: Registering OVR Metrics Tool plugin
12-07 14:14:21.335 I/SPATIAL_SDK_LOGGER(32238): OVRMetricsTool: Registered OVR Metrics Tool plugin
12-07 14:14:21.335 I/SPATIAL_SDK_LOGGER(32238): OVRMetricsTool: Initializing OVRMetricsTool
12-07 14:14:21.335 D/OVRMetricsToolSDK(32238): ovrMetricsTool_EnterVrMode
12-07 14:14:21.335 E/OVRMetricsToolSDK(32238): Failed to get OVRMetricsTool SDK API.
12-07 14:14:21.335 I/SPATIAL_SDK_LOGGER(32238): OVRMetricsTool: Initializing OVRMetricsTool Done
12-07 14:14:21.341 I/SPATIAL_SDK_LOGGER(32238): Data: DataModel created with client id 5579959938312044544
12-07 14:14:21.342 I/SPATIAL_SDK_LOGGER(32238): Utils: temp_folder '/data/user/0/com.example.moonlight_spatialsdk/cache'
12-07 14:14:21.344 I/SPATIAL_SDK_LOGGER(32238): Utils: external_files_folder '/storage/emulated/0/Android/data/com.example.moonlight_spatialsdk/files'
12-07 14:14:21.344 I/SPATIAL_SDK_LOGGER(32238): Aether: extFolder: /storage/emulated/0/Android/data/com.example.moonlight_spatialsdk/files
12-07 14:14:21.347 E/TrackedObjectManager( 2832): Failed to connect to TrackedObjectService with error Status(-129, EX_TRANSACTION_FAILED): 'DEAD_OBJECT: '
12-07 14:14:21.347 W/OSDynamicObjectDataQuerier( 2832): Attempted to start tracking objects when tracker was already started
12-07 14:14:21.347 E/TrackedObjectManager( 2832): Failed to connect to TrackedObjectService with error Status(-129, EX_TRANSACTION_FAILED): 'DEAD_OBJECT: '
12-07 14:14:21.347 E/TrackedObjectManager( 2832): Failed to start tracking keyboard object with error Status(-129, EX_TRANSACTION_FAILED): 'DEAD_OBJECT: '
12-07 14:14:21.348 I/SPATIAL_SDK_LOGGER(32238): Utils: external_files_folder '/storage/emulated/0/Android/data/com.example.moonlight_spatialsdk/files'
12-07 14:14:21.348 I/HorizonStandalone(32238): Application: GraphicsHSR constructor
12-07 14:14:21.348 I/HorizonStandalone(32238): Application: ----------------------------------------------------------------
12-07 14:14:21.348 W/HorizonStandalone(32238): Core: AssertHandlerFlags overridden to |Log|Callstack|Callbacks|Abort|DebugBreak|
12-07 14:14:21.350 I/HorizonStandalone(32238): Application: AetherApplication()
12-07 14:14:21.350 I/MRSS    ( 1157): MIXEDREALITY: PlaneFreeSpace: PlaneFreespaceComputeCapability: [INSIGHTS] 2 input frames - 0 processed framesMax distance travelled: -1    [VOLUME]: # points integrated (avg): 0 - # points on body (avg): 0    [HEIGHTMAP]: Valid heightmap area (m^2) (avg): 0 - Invalid heightmap area (m^2) (avg): 0 - Floor area (m^2) (avg): 0 - Clutter area (m^2) (avg): 0    [SYSTEM]: Depth data processing freq: 0 - Pipeline processing time: 0 Floor update freq: 0 CPU System usage: 0,  Memory Usage: 0
12-07 14:14:21.352 I/HorizonStandalone(32238): Application: HardwareInfo: deviceName=eureka, deviceModel=quest 3, deviceId=73d396b98a7006bb, manufacturerName=oculus, os=oculus, osBranch=releases-oculus-14.0-v85, osVersion=51764730039000520 displaySafeAreaTop=0, displaySafeAreaBottom=0, displaySafeAreaLeft=0, displaySafeAreaRight=0
12-07 14:14:21.352 I/HorizonStandalone(32238): Application: FLAG: connection_type: 
12-07 14:14:21.352 I/HorizonStandalone(32238): Application: FLAG: matchmaking_disabled: false
12-07 14:14:21.352 I/HorizonStandalone(32238): Application: FLAG: player_seed: 0
12-07 14:14:21.352 I/HorizonStandalone(32238): Application: FLAG: zone_namespace: 
12-07 14:14:21.352 I/HorizonStandalone(32238): Application: FLAG: zone_namespace_fallback: 
12-07 14:14:21.352 I/HorizonStandalone(32238): Application: FLAG: app_persistent_path: 
12-07 14:14:21.352 I/HorizonStandalone(32238): Application: FLAG: disable_http_proxy: false
12-07 14:14:21.352 I/HorizonStandalone(32238): Application: FLAG: extra_json_payload: 
12-07 14:14:21.352 I/HorizonStandalone(32238): Application: FLAG: headless: false
12-07 14:14:21.352 I/HorizonStandalone(32238): Application: FLAG: local_override_config: local_override_config.json
12-07 14:14:21.352 I/HorizonStandalone(32238): Application: FLAG: logFile: 
12-07 14:14:21.352 I/HorizonStandalone(32238): Application: FLAG: logical_cores: 0
12-07 14:14:21.352 I/HorizonStandalone(32238): Application: FLAG: mode2_config_dir: 
12-07 14:14:21.352 I/HorizonStandalone(32238): Application: FLAG: mode_config_dir: mode/xr
12-07 14:14:21.352 I/HorizonStandalone(32238): Application: FLAG: predefined_session_id: 
12-07 14:14:21.352 I/HorizonStandalone(32238): Application: FLAG: run_in_ci: false
12-07 14:14:21.352 I/HorizonStandalone(32238): Application: FLAG: run_in_fb_infra: false
12-07 14:14:21.352 I/HorizonStandalone(32238): Application: FLAG: test_app_handle: 
12-07 14:14:21.352 I/HorizonStandalone(32238): Application: FLAG: test_build_number: 
12-07 14:14:21.352 I/HorizonStandalone(32238): Application: FLAG: test_name: 
12-07 14:14:21.352 I/HorizonStandalone(32238): Application: FLAG: test_run_id: 
12-07 14:14:21.352 I/HorizonStandalone(32238): Application: FLAG: user_config: user_config.json
12-07 14:14:21.352 I/HorizonStandalone(32238): Application: FLAG: time_to_assert_seconds: 0
12-07 14:14:21.352 I/HorizonStandalone(32238): Application: FLAG: time_to_crash_seconds: 0
12-07 14:14:21.352 I/HorizonStandalone(32238): Application: FLAG: time_to_exception_seconds: 0
12-07 14:14:21.352 I/HorizonStandalone(32238): Application: FLAG: time_to_exit_seconds: 0
12-07 14:14:21.352 I/HorizonStandalone(32238): Application: FLAG: time_to_stall_renderer_seconds: 0
12-07 14:14:21.352 I/HorizonStandalone(32238): Application: FLAG: time_to_stall_sim_seconds: 0
12-07 14:14:21.352 I/HorizonStandalone(32238): Application: FLAG: time_to_stall_waitforjob_seconds: 0
12-07 14:14:21.352 I/HorizonStandalone(32238): Application: FLAG: config_overrides: 
12-07 14:14:21.352 I/HorizonStandalone(32238): Application: FLAG: autoConnectChromeDebuggerIfWaiting: false
12-07 14:14:21.352 I/HorizonStandalone(32238): Application: FLAG: enablePropertyBatching: true
12-07 14:14:21.352 I/HorizonStandalone(32238): Application: FLAG: enableRemoteScriptingDebugger: false
12-07 14:14:21.352 I/HorizonStandalone(32238): Application: FLAG: enableScriptTimeouts: false
12-07 14:14:21.352 I/HorizonStandalone(32238): Application: FLAG: remoteScriptingDebuggerPort: 9229
12-07 14:14:21.352 I/HorizonStandalone(32238): Application: FLAG: scriptTimeoutMs: 5000
12-07 14:14:21.352 I/HorizonStandalone(32238): Application: FLAG: waitForDebugger: false
12-07 14:14:21.352 I/HorizonStandalone(32238): Application: FLAG: flagfile: 
12-07 14:14:21.352 I/HorizonStandalone(32238): Application: FLAG: fromenv: 
12-07 14:14:21.352 I/HorizonStandalone(32238): Application: FLAG: tryfromenv: 
12-07 14:14:21.352 I/HorizonStandalone(32238): Application: FLAG: undefok: 
12-07 14:14:21.352 I/HorizonStandalone(32238): Application: FLAG: tab_completion_columns: 80
12-07 14:14:21.352 I/HorizonStandalone(32238): Application: FLAG: tab_completion_word: 
12-07 14:14:21.352 I/HorizonStandalone(32238): Application: FLAG: help: false
12-07 14:14:21.352 I/HorizonStandalone(32238): Application: FLAG: helpfull: false
12-07 14:14:21.352 I/HorizonStandalone(32238): Application: FLAG: helpmatch: 
12-07 14:14:21.352 I/HorizonStandalone(32238): Application: FLAG: helpon: 
12-07 14:14:21.352 I/HorizonStandalone(32238): Application: FLAG: helppackage: false
12-07 14:14:21.352 I/HorizonStandalone(32238): Application: FLAG: helpshort: false
12-07 14:14:21.352 I/HorizonStandalone(32238): Application: FLAG: helpxml: false
12-07 14:14:21.352 I/HorizonStandalone(32238): Application: FLAG: version: false
12-07 14:14:21.353 I/HorizonStandalone(32238): Application: Using temporary path: /data/user/0/com.example.moonlight_spatialsdk/files/AetherApplication/20251207/32238
12-07 14:14:21.354 I/HorizonStandalone(32238): Path: setApplicationTempDirectory /data/user/0/com.example.moonlight_spatialsdk/files/AetherApplication/20251207/32238 succeeded
12-07 14:14:21.354 I/HorizonStandalone(32238): Core: Closing log file, ''
12-07 14:14:21.354 I/HorizonStandalone(32238): Application: Log file initialized: /data/user/0/com.example.moonlight_spatialsdk/files/AetherApplication/20251207/32238/logs/AetherApplication.log
12-07 14:14:21.354 I/HorizonStandalone(32238): Application: Application pid: 32238
12-07 14:14:21.355 I/HorizonStandalone(32238): Path: setApplicationPersistentPath /storage/emulated/0/Android/data/com.example.moonlight_spatialsdk/files succeeded
12-07 14:14:21.355 I/HorizonStandalone(32238): Config: LoadFlags: AllowNoManifest=true, AllowDefaultConfigs=true, AllowUnknownConfigs=true
12-07 14:14:21.355 I/HorizonStandalone(32238): Config: Loading config files: baseConfigDir=config, modeConfigDir=config/mode/xr, mode2ConfigDir=, userConfigPath=config/user_config.json, overrideConfigPath=config/local_override_config.json, os=oculus, arch=arm64, hardwareVariant=eureka
12-07 14:14:21.355 W/HorizonStandalone(32238): Io: readTextFile("config/manifest.json", buffer, dataSize)
12-07 14:14:21.355 I/HorizonStandalone(32238): Config: manifest file could not be found/read: config/manifest.json
12-07 14:14:21.355 W/HorizonStandalone(32238): Config: AllowNoManifest
12-07 14:14:21.355 W/HorizonStandalone(32238): Io: readTextFile("config/oculus/manifest.json", buffer, dataSize)
12-07 14:14:21.355 I/HorizonStandalone(32238): Config: manifest file could not be found/read: config/oculus/manifest.json
12-07 14:14:21.355 W/HorizonStandalone(32238): Config: AllowNoManifest
12-07 14:14:21.355 W/HorizonStandalone(32238): Io: readTextFile("config/oculus/arm64/manifest.json", buffer, dataSize)
12-07 14:14:21.356 I/HorizonStandalone(32238): Config: manifest file could not be found/read: config/oculus/arm64/manifest.json
12-07 14:14:21.356 W/HorizonStandalone(32238): Config: AllowNoManifest
12-07 14:14:21.356 W/HorizonStandalone(32238): Io: readTextFile("config/oculus/arm64/eureka/manifest.json", buffer, dataSize)
12-07 14:14:21.356 I/HorizonStandalone(32238): Config: manifest file could not be found/read: config/oculus/arm64/eureka/manifest.json
12-07 14:14:21.356 W/HorizonStandalone(32238): Config: AllowNoManifest
12-07 14:14:21.356 W/HorizonStandalone(32238): Io: readTextFile("config/mode/xr/manifest.json", buffer, dataSize)
12-07 14:14:21.356 I/HorizonStandalone(32238): Config: manifest file could not be found/read: config/mode/xr/manifest.json
12-07 14:14:21.356 W/HorizonStandalone(32238): Config: AllowNoManifest
12-07 14:14:21.356 W/HorizonStandalone(32238): Io: readTextFile("config/mode/xr/oculus/manifest.json", buffer, dataSize)
12-07 14:14:21.356 I/HorizonStandalone(32238): Config: manifest file could not be found/read: config/mode/xr/oculus/manifest.json
12-07 14:14:21.356 W/HorizonStandalone(32238): Config: AllowNoManifest
12-07 14:14:21.356 W/HorizonStandalone(32238): Io: readTextFile("config/mode/xr/oculus/arm64/manifest.json", buffer, dataSize)
12-07 14:14:21.356 I/HorizonStandalone(32238): Config: manifest file could not be found/read: config/mode/xr/oculus/arm64/manifest.json
12-07 14:14:21.356 W/HorizonStandalone(32238): Config: AllowNoManifest
12-07 14:14:21.356 W/HorizonStandalone(32238): Io: readTextFile("config/mode/xr/oculus/arm64/eureka/manifest.json", buffer, dataSize)
12-07 14:14:21.356 I/HorizonStandalone(32238): Config: manifest file could not be found/read: config/mode/xr/oculus/arm64/eureka/manifest.json
12-07 14:14:21.356 W/HorizonStandalone(32238): Config: AllowNoManifest
12-07 14:14:21.356 W/HorizonStandalone(32238): Io: readTextFile("config/user_config.jsonc", buffer, dataSize)
12-07 14:14:21.356 I/HorizonStandalone(32238): Config: Config file config/user_config.jsonc Not Found, falling back to  config/user_config.json
12-07 14:14:21.356 W/HorizonStandalone(32238): Io: readTextFile("config/user_config.json", buffer, dataSize)
12-07 14:14:21.356 I/HorizonStandalone(32238): Config: override file could not be found/read: config/user_config.json
12-07 14:14:21.356 W/HorizonStandalone(32238): Io: readTextFile("config/local_override_config.jsonc", buffer, dataSize)
12-07 14:14:21.356 I/HorizonStandalone(32238): Config: Config file config/local_override_config.jsonc Not Found, falling back to  config/local_override_config.json
12-07 14:14:21.356 W/HorizonStandalone(32238): Io: readTextFile("config/local_override_config.json", buffer, dataSize)
12-07 14:14:21.356 I/HorizonStandalone(32238): Config: override file could not be found/read: config/local_override_config.json
12-07 14:14:21.356 W/HorizonStandalone(32238): Io: readTextFile("config/oculus/local_override_config.jsonc", buffer, dataSize)
12-07 14:14:21.356 I/HorizonStandalone(32238): Config: Config file config/oculus/local_override_config.jsonc Not Found, falling back to  config/oculus/local_override_config.json
12-07 14:14:21.356 W/HorizonStandalone(32238): Io: readTextFile("config/oculus/local_override_config.json", buffer, dataSize)
12-07 14:14:21.356 I/HorizonStandalone(32238): Config: override file could not be found/read: config/oculus/local_override_config.json
12-07 14:14:21.356 W/HorizonStandalone(32238): Io: readTextFile("config/oculus/arm64/local_override_config.jsonc", buffer, dataSize)
12-07 14:14:21.356 I/HorizonStandalone(32238): Config: Config file config/oculus/arm64/local_override_config.jsonc Not Found, falling back to  config/oculus/arm64/local_override_config.json
12-07 14:14:21.356 W/HorizonStandalone(32238): Io: readTextFile("config/oculus/arm64/local_override_config.json", buffer, dataSize)
12-07 14:14:21.356 I/HorizonStandalone(32238): Config: override file could not be found/read: config/oculus/arm64/local_override_config.json
12-07 14:14:21.356 W/HorizonStandalone(32238): Io: readTextFile("config/oculus/arm64/eureka/local_override_config.jsonc", buffer, dataSize)
12-07 14:14:21.356 I/HorizonStandalone(32238): Config: Config file config/oculus/arm64/eureka/local_override_config.jsonc Not Found, falling back to  config/oculus/arm64/eureka/local_override_config.json
12-07 14:14:21.356 W/HorizonStandalone(32238): Io: readTextFile("config/oculus/arm64/eureka/local_override_config.json", buffer, dataSize)
12-07 14:14:21.356 I/HorizonStandalone(32238): Config: override file could not be found/read: config/oculus/arm64/eureka/local_override_config.json
12-07 14:14:21.356 W/HorizonStandalone(32238): Config: AllowDefaultConfigs: No config file specified by manifest for horizon::travel::TravelConfig. Using object defaults.
12-07 14:14:21.356 W/HorizonStandalone(32238): Config: AllowDefaultConfigs: No config file specified by manifest for horizon::scripting_model::ScriptingConfig. Using object defaults.
12-07 14:14:21.356 W/HorizonStandalone(32238): Config: AllowDefaultConfigs: No config file specified by manifest for horizon::networking::ShardingConfig. Using object defaults.
12-07 14:14:21.356 I/HorizonStandalone(32238): Config: Missing config horizon::meta_config::MetaConfigConfig on interface <fix-T201766142>, error deferred
12-07 14:14:21.356 I/HorizonStandalone(32238): Config: Missing config horizon::physics::PhysicsConfig on interface <fix-T201766142>, error deferred
12-07 14:14:21.356 I/HorizonStandalone(32238): Config: Missing config horizon::matchmaking::MatchmakingConfig on interface <fix-T201766142>, error deferred
12-07 14:14:21.356 W/HorizonStandalone(32238): Config: AllowDefaultConfigs: No config file specified by manifest for horizon::ts_environment_file::FbsourceTsconfigConfig. Using object defaults.
12-07 14:14:21.356 I/HorizonStandalone(32238): Config: Missing config horizon::locomotion::LocomotionConfig on interface <fix-T201766142>, error deferred
12-07 14:14:21.356 I/HorizonStandalone(32238): Config: Missing config horizon::input::InputConfig on interface <fix-T201766142>, error deferred
12-07 14:14:21.356 I/HorizonStandalone(32238): Config: Missing config horizon::hmi::HmiConfig on interface <fix-T201766142>, error deferred
12-07 14:14:21.356 I/HorizonStandalone(32238): Config: Missing config horizon::player_grabbing::PlayerGrabbingConfig on interface <fix-T201766142>, error deferred
12-07 14:14:21.356 I/HorizonStandalone(32238): Config: Missing config horizon::core_ui::CoreUiConfig on interface <fix-T201766142>, error deferred
12-07 14:14:21.356 I/HorizonStandalone(32238): Config: Missing config horizon::player::PlayerConfig on interface <fix-T201766142>, error deferred
12-07 14:14:21.356 I/HorizonStandalone(32238): Config: Missing config horizon::character::CharacterConfig on interface <fix-T201766142>, error deferred
12-07 14:14:21.356 I/HorizonStandalone(32238): Config: Missing config horizon::avatar::AvatarConfig on interface <fix-T201766142>, error deferred
12-07 14:14:21.356 I/HorizonStandalone(32238): Config: Missing config horizon::worlds::splat_renderer::SplatRendererConfig on interface <fix-T201766142>, error deferred
12-07 14:14:21.356 I/HorizonStandalone(32238): Config: Missing config horizon::asset_service::AssetServiceServerConfig on interface <fix-T201766142>, error deferred
12-07 14:14:21.356 I/HorizonStandalone(32238): Config: Missing config horizon::asset_service::AssetServiceClientConfig on interface <fix-T201766142>, error deferred
12-07 14:14:21.356 I/HorizonStandalone(32238): Config: Missing config horizon::asset_service::AssetRefreshConfig on interface <fix-T201766142>, error deferred
12-07 14:14:21.356 I/HorizonStandalone(32238): Config: Missing config horizon::asset_service::AssetServiceConfig on interface <fix-T201766142>, error deferred
12-07 14:14:21.356 W/HorizonStandalone(32238): Config: AllowDefaultConfigs: No config file specified by manifest for horizon::WorldLoaderConfig. Using object defaults.
12-07 14:14:21.356 I/HorizonStandalone(32238): Config: Missing config horizon::WebRequestConfig on interface <fix-T201766142>, error deferred
12-07 14:14:21.356 W/HorizonStandalone(32238): Config: AllowDefaultConfigs: No config file specified by manifest for horizon::WatchdogConfig. Using object defaults.
12-07 14:14:21.356 I/HorizonStandalone(32238): Config: Missing config horizon::RenderConfig on interface <fix-T201766142>, error deferred
12-07 14:14:21.356 I/HorizonStandalone(32238): Config: Missing config horizon::auth::AuthConfig on interface <fix-T201766142>, error deferred
12-07 14:14:21.356 I/HorizonStandalone(32238): Config: Missing config horizon::ui_debug::DebugUiConfig on interface <fix-T201766142>, error deferred
12-07 14:14:21.356 W/HorizonStandalone(32238): Config: AllowDefaultConfigs: No config file specified by manifest for horizon::LogConfig. Using object defaults.
12-07 14:14:21.356 W/HorizonStandalone(32238): Config: AllowDefaultConfigs: No config file specified by manifest for horizon::renderer::FontsConfig. Using object defaults.
12-07 14:14:21.356 I/HorizonStandalone(32238): Config: Missing config horizon::aether::AetherConfig on interface <fix-T201766142>, error deferred
12-07 14:14:21.356 W/HorizonStandalone(32238): Config: AllowDefaultConfigs: No config file specified by manifest for horizon::JobSystemDebugConfig. Using object defaults.
12-07 14:14:21.356 W/HorizonStandalone(32238): Config: AllowDefaultConfigs: No config file specified by manifest for horizon::FlecsPipelineConfig. Using object defaults.
12-07 14:14:21.356 I/HorizonStandalone(32238): Config: Missing config horizon::interaction::InteractionConfig on interface <fix-T201766142>, error deferred
12-07 14:14:21.356 I/HorizonStandalone(32238): Config: Missing config horizon::VoipConfig on interface <fix-T201766142>, error deferred
12-07 14:14:21.356 W/HorizonStandalone(32238): Config: AllowDefaultConfigs: No config file specified by manifest for horizon::SceneManagerConfig. Using object defaults.
12-07 14:14:21.356 I/HorizonStandalone(32238): Config: Missing config horizon::embodiment::EmbodimentConfig on interface <fix-T201766142>, error deferred
12-07 14:14:21.356 W/HorizonStandalone(32238): Config: AllowDefaultConfigs: No config file specified by manifest for horizon::AppPhaseConfig. Using object defaults.
12-07 14:14:21.356 W/HorizonStandalone(32238): Config: AllowDefaultConfigs: No config file specified by manifest for horizon::EntityLifecycleConfig. Using object defaults.
12-07 14:14:21.356 W/HorizonStandalone(32238): Config: AllowDefaultConfigs: No config file specified by manifest for horizon::DynamicConfig. Using object defaults.
12-07 14:14:21.356 I/HorizonStandalone(32238): Config: Missing config horizon::networking::NetworkConfig on interface <fix-T201766142>, error deferred
