--------- beginning of tracking
12-07 12:59:48.945 I/SyncBossFW(  879): 77438127 [info   ] {PROX}: Prox state: 1
12-07 12:59:48.945 I/SyncBossHAL( 9363): [info   ] syncboss_hal_powerstate.c(54): Reporting powerstate event: PROX_ON
12-07 12:59:48.945 D/SensorService( 9363): Received Powerstate PROX_ON
--------- beginning of system
12-07 12:59:48.946 I/PowerGroup( 1971): Waking up power group from Asleep (groupId=0, uid=1000, reason=WAKE_REASON_UNKNOWN, details=VrPwMng:leave-standby)...
12-07 12:59:48.946 I/PowerManagerService( 1971): Waking up from Asleep (uid=1000, reason=WAKE_REASON_UNKNOWN, details=VrPwMng:leave-standby)...
12-07 12:59:48.947 E/ActivityManager( 1971): Cancel pending or running compactions as system is awake
12-07 12:59:48.948 W/ContextImpl( 3282): Calling a method in the system process without a qualified user: android.app.ContextImpl.bindService:1988 android.content.ContextWrapper.bindService:861 com.oculus.userserver.api.OculusUserManager.bindService:732 com.oculus.userserver.api.OculusUserManager.access$200:39 com.oculus.userserver.api.OculusUserManager$BlockingServiceConnection.connect:80 
12-07 12:59:48.948 I/DisplayPowerController2[0]( 1971): Blocking screen on until initial contents have been drawn.
12-07 12:59:48.949 D/ActivityTaskManager( 1971): Top Process State changed to PROCESS_STATE_TOP
12-07 12:59:48.949 E/SensorClientUtils( 9367): Unknown power state received from VRPM: 5
12-07 12:59:48.949 E/ActivityTaskManager( 1971): setVisibility=true while transition is not collecting or finishing ActivityRecord{224fcee u0 com.oculus.vrshell/.HomeActivity t2465} caller=com.android.server.wm.ActivityRecord.setVisibility:5376 com.android.server.wm.TaskFragment.resumeTopActivity:1422 com.android.server.wm.Task.resumeTopActivityInnerLocked:5150 com.android.server.wm.Task.resumeTopActivityUncheckedLocked:5080 com.android.server.wm.Task.resumeTopActivityUncheckedLocked:5099 com.android.server.wm.Task.resumeTopActivityUncheckedLocked:5131 com.android.server.wm.RootWindowContainer.lambda$applySleepTokens$21:2451 com.android.server.wm.RootWindowContainer.$r8$lambda$D_Wc-Lh4EGRMPIlHgz7Bs4GPU0o:0 
12-07 12:59:48.949 E/SensorClientUtils( 9339): Unknown power state received from VRPM: 5
12-07 12:59:48.951 E/ActivityTaskManager( 1971): setVisibility=true while transition is not collecting or finishing ActivityRecord{3750182 u0 com.oculus.vrshell/.FocusPlaceholderActivity t2879} caller=com.android.server.wm.ActivityRecord.setVisibility:5376 com.android.server.wm.ActivityRecord.makeVisibleIfNeeded:6132 com.android.server.wm.EnsureActivitiesVisibleHelper.setActivityVisibilityState:214 com.android.server.wm.EnsureActivitiesVisibleHelper.process:144 com.android.server.wm.TaskFragment.updateActivityVisibilities:1171 com.android.server.wm.Task.lambda$ensureActivitiesVisible$21:4984 com.android.server.wm.Task.$r8$lambda$mpSM591f23-emlE2bMkzIqa7Pww:0 com.android.server.wm.Task$$ExternalSyntheticLambda26.accept:0 
12-07 12:59:48.952 E/ActivityTaskManager( 1971): setVisibility=true while transition is not collecting or finishing ActivityRecord{a765865 u0 com.oculus.vrshell/com.oculus.panelapp.controlbar.UnifiedControlBarActivity t2575} caller=com.android.server.wm.ActivityRecord.setVisibility:5376 com.android.server.wm.ActivityRecord.makeVisibleIfNeeded:6132 com.android.server.wm.EnsureActivitiesVisibleHelper.setActivityVisibilityState:214 com.android.server.wm.EnsureActivitiesVisibleHelper.process:144 com.android.server.wm.TaskFragment.updateActivityVisibilities:1171 com.android.server.wm.Task.lambda$ensureActivitiesVisible$21:4984 com.android.server.wm.Task.$r8$lambda$mpSM591f23-emlE2bMkzIqa7Pww:0 com.android.server.wm.Task$$ExternalSyntheticLambda26.accept:0 
12-07 12:59:48.953 E/ActivityTaskManager( 1971): setVisibility=true while transition is not collecting or finishing ActivityRecord{3dfa583 u0 com.oculus.vrshell/com.oculus.panelapp.toasts.ToastsActivity t2469} caller=com.android.server.wm.ActivityRecord.setVisibility:5376 com.android.server.wm.ActivityRecord.makeVisibleIfNeeded:6132 com.android.server.wm.EnsureActivitiesVisibleHelper.setActivityVisibilityState:214 com.android.server.wm.EnsureActivitiesVisibleHelper.process:144 com.android.server.wm.TaskFragment.updateActivityVisibilities:1171 com.android.server.wm.Task.lambda$ensureActivitiesVisible$21:4984 com.android.server.wm.Task.$r8$lambda$mpSM591f23-emlE2bMkzIqa7Pww:0 com.android.server.wm.Task$$ExternalSyntheticLambda26.accept:0 
12-07 12:59:48.954 E/ActivityTaskManager( 1971): setVisibility=true while transition is not collecting or finishing ActivityRecord{f2fd22e u0 com.oculus.vrshell/com.oculus.panelapp.displaybar.DisplayBarActivity t2471} caller=com.android.server.wm.ActivityRecord.setVisibility:5376 com.android.server.wm.ActivityRecord.makeVisibleIfNeeded:6132 com.android.server.wm.EnsureActivitiesVisibleHelper.setActivityVisibilityState:214 com.android.server.wm.EnsureActivitiesVisibleHelper.process:144 com.android.server.wm.TaskFragment.updateActivityVisibilities:1171 com.android.server.wm.Task.lambda$ensureActivitiesVisible$21:4984 com.android.server.wm.Task.$r8$lambda$mpSM591f23-emlE2bMkzIqa7Pww:0 com.android.server.wm.Task$$ExternalSyntheticLambda26.accept:0 
12-07 12:59:48.954 E/ActivityTaskManager( 1971): setVisibility=true while transition is not collecting or finishing ActivityRecord{5735996 u0 com.oculus.systemux/com.oculus.panelapp.activetaskbar.ActiveTaskBarActivity t2466} caller=com.android.server.wm.ActivityRecord.setVisibility:5376 com.android.server.wm.ActivityRecord.makeVisibleIfNeeded:6132 com.android.server.wm.EnsureActivitiesVisibleHelper.setActivityVisibilityState:214 com.android.server.wm.EnsureActivitiesVisibleHelper.process:144 com.android.server.wm.TaskFragment.updateActivityVisibilities:1171 com.android.server.wm.Task.lambda$ensureActivitiesVisible$21:4984 com.android.server.wm.Task.$r8$lambda$mpSM591f23-emlE2bMkzIqa7Pww:0 com.android.server.wm.Task$$ExternalSyntheticLambda26.accept:0 
12-07 12:59:48.955 E/ActivityTaskManager( 1971): setVisibility=true while transition is not collecting or finishing ActivityRecord{334e1de u0 com.oculus.vrshell/com.oculus.panelapp.bloom.BloomActivity t2470} caller=com.android.server.wm.ActivityRecord.setVisibility:5376 com.android.server.wm.ActivityRecord.makeVisibleIfNeeded:6132 com.android.server.wm.EnsureActivitiesVisibleHelper.setActivityVisibilityState:214 com.android.server.wm.EnsureActivitiesVisibleHelper.process:144 com.android.server.wm.TaskFragment.updateActivityVisibilities:1171 com.android.server.wm.Task.lambda$ensureActivitiesVisible$21:4984 com.android.server.wm.Task.$r8$lambda$mpSM591f23-emlE2bMkzIqa7Pww:0 com.android.server.wm.Task$$ExternalSyntheticLambda26.accept:0 
12-07 12:59:48.957 I/ActivityManager( 1971): updateOomAdj start time is before than pendingPid added, don't delete it
12-07 12:59:48.960 I/DisplayBrightnessStrategySelector( 1971): Changing the DisplayBrightnessStrategy from ScreenOffBrightnessStrategy toTemporaryBrightnessStrategy for display 0
12-07 12:59:48.961 V/DisplayPowerController2[0]( 1971): Brightness [0.49019608] reason changing to: 'temporary', previous reason: 'screen_off'.
12-07 12:59:48.961 I/DisplayPowerController2[0]( 1971): BrightnessEvent: disp=0, physDisp=local:4630946970282026130, brt=0.49019608, initBrt=0.0, rcmdBrt=NaN, preBrt=NaN, lux=0.0, preLux=0.0, hbmMax=1.0, hbmMode=off, rbcStrength=0, thrmMax=1.0, powerFactor=1.0, wasShortTermModelActive=false, flags=, reason=temporary, autoBrightness=false, strategy=TemporaryBrightnessStrategy
12-07 12:59:48.961 I/DisplayPowerController2[2]( 1971): Blocking screen on until initial contents have been drawn.
12-07 12:59:48.961 I/DisplayBrightnessStrategySelector( 1971): Changing the DisplayBrightnessStrategy from ScreenOffBrightnessStrategy toInvalidBrightnessStrategy for display 2
12-07 12:59:48.961 V/DisplayPowerController2[2]( 1971): Brightness [0.0] reason changing to: 'manual', previous reason: 'screen_off'.
12-07 12:59:48.961 I/DisplayPowerController2[2]( 1971): BrightnessEvent: disp=2, physDisp=virtual:android,1000,MirrorRoot for e4393e7a-5577-4bff-a71a-48da84d3f8a4,0, brt=0.0, initBrt=0.0, rcmdBrt=NaN, preBrt=NaN, lux=0.0, preLux=0.0, hbmMax=1.0, hbmMode=off, rbcStrength=-1, thrmMax=1.0, powerFactor=1.0, wasShortTermModelActive=false, flags=, reason=manual, autoBrightness=false, strategy=InvalidBrightnessStrategy
12-07 12:59:48.962 I/UiModeController( 1971): Switching from com.oculus.vrshell to com.oculus.vrshell
12-07 12:59:48.962 I/DisplayPowerController2[3]( 1971): Blocking screen on until initial contents have been drawn.
12-07 12:59:48.963 I/DisplayBrightnessStrategySelector( 1971): Changing the DisplayBrightnessStrategy from ScreenOffBrightnessStrategy toInvalidBrightnessStrategy for display 3
12-07 12:59:48.963 V/DisplayPowerController2[3]( 1971): Brightness [0.0] reason changing to: 'manual', previous reason: 'screen_off'.
12-07 12:59:48.963 V/ActivityManager( 1971): bindService: Intent { cmp=com.oculus.userserver2/com.oculus.userserver.managerservice.OculusUserManagerServiceStable } type=null conn=android.os.BinderProxy@98c7821 flags=0x1
12-07 12:59:48.963 I/DisplayPowerController2[3]( 1971): BrightnessEvent: disp=3, physDisp=virtual:android,1000,MirrorRoot for 63fe882e-4429-4fd1-9917-69c7f7b51c89,0, brt=0.0, initBrt=0.0, rcmdBrt=NaN, preBrt=NaN, lux=0.0, preLux=0.0, hbmMax=1.0, hbmMode=off, rbcStrength=-1, thrmMax=1.0, powerFactor=1.0, wasShortTermModelActive=false, flags=, reason=manual, autoBrightness=false, strategy=InvalidBrightnessStrategy
12-07 12:59:48.963 I/DisplayPowerController2[5]( 1971): Blocking screen on until initial contents have been drawn.
12-07 12:59:48.964 I/DisplayBrightnessStrategySelector( 1971): Changing the DisplayBrightnessStrategy from ScreenOffBrightnessStrategy toInvalidBrightnessStrategy for display 5
12-07 12:59:48.964 V/DisplayPowerController2[5]( 1971): Brightness [0.0] reason changing to: 'manual', previous reason: 'screen_off'.
12-07 12:59:48.964 I/DisplayPowerController2[5]( 1971): BrightnessEvent: disp=5, physDisp=virtual:android,1000,MirrorRoot for 847068b1-90d9-4580-b78f-e3071c88f73e,0, brt=0.0, initBrt=0.0, rcmdBrt=NaN, preBrt=NaN, lux=0.0, preLux=0.0, hbmMax=1.0, hbmMode=off, rbcStrength=-1, thrmMax=1.0, powerFactor=1.0, wasShortTermModelActive=false, flags=, reason=manual, autoBrightness=false, strategy=InvalidBrightnessStrategy
12-07 12:59:48.964 I/DisplayPowerController2[6]( 1971): Blocking screen on until initial contents have been drawn.
12-07 12:59:48.964 I/DisplayBrightnessStrategySelector( 1971): Changing the DisplayBrightnessStrategy from ScreenOffBrightnessStrategy toInvalidBrightnessStrategy for display 6
12-07 12:59:48.966 V/DisplayPowerController2[6]( 1971): Brightness [0.0] reason changing to: 'manual', previous reason: 'screen_off'.
12-07 12:59:48.966 I/DisplayPowerController2[6]( 1971): BrightnessEvent: disp=6, physDisp=virtual:android,1000,MirrorRoot for 554da8b2-df3a-4057-9260-2365d3e188ed,0, brt=0.0, initBrt=0.0, rcmdBrt=NaN, preBrt=NaN, lux=0.0, preLux=0.0, hbmMax=1.0, hbmMode=off, rbcStrength=-1, thrmMax=1.0, powerFactor=1.0, wasShortTermModelActive=false, flags=, reason=manual, autoBrightness=false, strategy=InvalidBrightnessStrategy
12-07 12:59:48.966 I/DisplayPowerController2[9]( 1971): Blocking screen on until initial contents have been drawn.
12-07 12:59:48.966 D/JobServiceContext( 1971): Scheduling time out for '.batterynotif.LowBatteryNotificationJobService' jId: 1828726845, in 18 s
12-07 12:59:48.967 V/ActivityManager( 1971): bindService: Intent { flg=0x4 cmp=com.oculus.ocms/.batterynotif.LowBatteryNotificationJobService } type=null conn=android.app.LoadedApk$ServiceDispatcher$InnerConnection@59f3607 flags=0x8105
12-07 12:59:48.967 I/DisplayBrightnessStrategySelector( 1971): Changing the DisplayBrightnessStrategy from ScreenOffBrightnessStrategy toInvalidBrightnessStrategy for display 9
12-07 12:59:48.967 V/DisplayPowerController2[9]( 1971): Brightness [0.0] reason changing to: 'manual', previous reason: 'screen_off'.
12-07 12:59:48.967 I/DisplayPowerController2[9]( 1971): BrightnessEvent: disp=9, physDisp=virtual:android,1000,MirrorRoot for efab378f-d430-453e-9e9a-9f58c3efb41b,0, brt=0.0, initBrt=0.0, rcmdBrt=NaN, preBrt=NaN, lux=0.0, preLux=0.0, hbmMax=1.0, hbmMode=off, rbcStrength=-1, thrmMax=1.0, powerFactor=1.0, wasShortTermModelActive=false, flags=, reason=manual, autoBrightness=false, strategy=InvalidBrightnessStrategy
12-07 12:59:48.967 I/DisplayPowerController2[11]( 1971): Blocking screen on until initial contents have been drawn.
12-07 12:59:48.968 I/DisplayBrightnessStrategySelector( 1971): Changing the DisplayBrightnessStrategy from ScreenOffBrightnessStrategy toInvalidBrightnessStrategy for display 11
12-07 12:59:48.968 V/DisplayPowerController2[11]( 1971): Brightness [0.0] reason changing to: 'manual', previous reason: 'screen_off'.
12-07 12:59:48.968 I/DisplayPowerController2[11]( 1971): BrightnessEvent: disp=11, physDisp=virtual:android,1000,MirrorRoot for 79fe7f8c-5222-497d-a237-9d9502b5710a,0, brt=0.0, initBrt=0.0, rcmdBrt=NaN, preBrt=NaN, lux=0.0, preLux=0.0, hbmMax=1.0, hbmMode=off, rbcStrength=-1, thrmMax=1.0, powerFactor=1.0, wasShortTermModelActive=false, flags=, reason=manual, autoBrightness=false, strategy=InvalidBrightnessStrategy
12-07 12:59:48.969 I/DisplayPowerController2[12]( 1971): Blocking screen on until initial contents have been drawn.
12-07 12:59:48.970 I/DisplayBrightnessStrategySelector( 1971): Changing the DisplayBrightnessStrategy from ScreenOffBrightnessStrategy toInvalidBrightnessStrategy for display 12
12-07 12:59:48.970 V/DisplayPowerController2[12]( 1971): Brightness [0.0] reason changing to: 'manual', previous reason: 'screen_off'.
12-07 12:59:48.970 I/DisplayPowerController2[12]( 1971): BrightnessEvent: disp=12, physDisp=virtual:android,1000,MirrorRoot for 883a999f-5853-4b1f-bd01-cc8aa07ee944,0, brt=0.0, initBrt=0.0, rcmdBrt=NaN, preBrt=NaN, lux=0.0, preLux=0.0, hbmMax=1.0, hbmMode=off, rbcStrength=-1, thrmMax=1.0, powerFactor=1.0, wasShortTermModelActive=false, flags=, reason=manual, autoBrightness=false, strategy=InvalidBrightnessStrategy
12-07 12:59:48.970 I/DisplayPowerController2[104]( 1971): Blocking screen on until initial contents have been drawn.
12-07 12:59:48.972 I/DisplayBrightnessStrategySelector( 1971): Changing the DisplayBrightnessStrategy from ScreenOffBrightnessStrategy toInvalidBrightnessStrategy for display 104
12-07 12:59:48.972 V/DisplayPowerController2[104]( 1971): Brightness [0.0] reason changing to: 'manual', previous reason: 'screen_off'.
12-07 12:59:48.972 I/DisplayPowerController2[104]( 1971): BrightnessEvent: disp=104, physDisp=virtual:android,1000,MirrorRoot for f28a0a90-101b-49f2-9e77-80a860b7197b,0, brt=0.0, initBrt=0.0, rcmdBrt=NaN, preBrt=NaN, lux=0.0, preLux=0.0, hbmMax=1.0, hbmMode=off, rbcStrength=-1, thrmMax=1.0, powerFactor=1.0, wasShortTermModelActive=false, flags=, reason=manual, autoBrightness=false, strategy=InvalidBrightnessStrategy
12-07 12:59:48.972 I/DisplayPowerController2[237]( 1971): Blocking screen on until initial contents have been drawn.
12-07 12:59:48.972 I/DisplayBrightnessStrategySelector( 1971): Changing the DisplayBrightnessStrategy from ScreenOffBrightnessStrategy toInvalidBrightnessStrategy for display 237
12-07 12:59:48.972 V/DisplayPowerController2[237]( 1971): Brightness [0.0] reason changing to: 'manual', previous reason: 'screen_off'.
12-07 12:59:48.972 I/DisplayPowerController2[237]( 1971): BrightnessEvent: disp=237, physDisp=virtual:android,1000,MirrorRoot for c6f66c87-7856-4356-9a76-41fdd287daf2,0, brt=0.0, initBrt=0.0, rcmdBrt=NaN, preBrt=NaN, lux=0.0, preLux=0.0, hbmMax=1.0, hbmMode=off, rbcStrength=-1, thrmMax=1.0, powerFactor=1.0, wasShortTermModelActive=false, flags=, reason=manual, autoBrightness=false, strategy=InvalidBrightnessStrategy
12-07 12:59:48.972 I/DisplayPowerController2[970]( 1971): Blocking screen on until initial contents have been drawn.
12-07 12:59:48.973 I/DisplayBrightnessStrategySelector( 1971): Changing the DisplayBrightnessStrategy from ScreenOffBrightnessStrategy toInvalidBrightnessStrategy for display 970
12-07 12:59:48.973 V/DisplayPowerController2[970]( 1971): Brightness [0.0] reason changing to: 'manual', previous reason: 'screen_off'.
12-07 12:59:48.973 I/DisplayPowerController2[970]( 1971): BrightnessEvent: disp=970, physDisp=virtual:android,1000,MirrorRoot for 4e7222ab-5edf-4bb9-921e-d23a85fd0bb0,0, brt=0.0, initBrt=0.0, rcmdBrt=NaN, preBrt=NaN, lux=0.0, preLux=0.0, hbmMax=1.0, hbmMode=off, rbcStrength=-1, thrmMax=1.0, powerFactor=1.0, wasShortTermModelActive=false, flags=, reason=manual, autoBrightness=false, strategy=InvalidBrightnessStrategy
12-07 12:59:48.973 I/DisplayPowerController2[0]( 1971): Unblocked screen on after 25 ms
12-07 12:59:48.974 I/DisplayPowerController2[2]( 1971): Unblocked screen on after 12 ms
12-07 12:59:48.974 I/DisplayPowerController2[3]( 1971): Unblocked screen on after 12 ms
12-07 12:59:48.974 I/DisplayPowerController2[5]( 1971): Unblocked screen on after 11 ms
12-07 12:59:48.974 I/DisplayPowerController2[6]( 1971): Unblocked screen on after 10 ms
12-07 12:59:48.974 I/DisplayPowerController2[9]( 1971): Unblocked screen on after 8 ms
12-07 12:59:48.974 I/DisplayPowerController2[11]( 1971): Unblocked screen on after 7 ms
12-07 12:59:48.974 I/DisplayPowerController2[12]( 1971): Unblocked screen on after 5 ms
12-07 12:59:48.974 I/DisplayPowerController2[104]( 1971): Unblocked screen on after 4 ms
12-07 12:59:48.974 I/DisplayPowerController2[237]( 1971): Unblocked screen on after 2 ms
12-07 12:59:48.974 I/DisplayPowerController2[970]( 1971): Unblocked screen on after 2 ms
12-07 12:59:48.977 I/DisplayDeviceRepository( 1971): Display device changed state: "Built-in Screen", ON
12-07 12:59:48.977 I/InterstitialController( 1971): onImmersiveActivityAppeared: uid: 10053, pid: 3469, state: 4, com.oculus.vrshell, on task: WCT{RemoteToken{5f731a0 Task{a438a27 #2 type=home}}}, launchId: null
--------- beginning of kernel
12-07 12:59:48.940 I/[drm:dsi_display_set_mode [msm_drm]] [msm-dsi-info](    0): mdp_transfer_time=0, hactive=4128, vactive=2208, fps=72, clk_rate=0
12-07 12:59:48.940 I/[drm:dsi_ctrl_isr_configure [msm_drm]] [msm-dsi-info](    0): dsi-ctrl-0: IRQ 438 registered
12-07 12:59:48.940 I/[drm:dsi_ctrl_isr_configure [msm_drm]] [msm-dsi-info](    0): dsi-ctrl-1: IRQ 439 registered
12-07 12:59:48.983 I/DisplayDevice( 1971): [0] Layerstack set to 0 for local:4630946970282026130
12-07 12:59:48.986 D/SensorClientUtils( 9367): Received power state from VRPM: RUNNING
12-07 12:59:48.986 D/PowerMonitor( 9367): Cancelling delayed transition to SLEEP
12-07 12:59:48.986 D/PowerMonitor( 9367): Received transition request from SLEEP to RUNNING
12-07 12:59:48.987 D/SensorClientUtils( 9339): Received power state from VRPM: RUNNING
12-07 12:59:48.987 D/PowerMonitor( 9367): Executing transition from SLEEP to STANDBY
12-07 12:59:48.987 D/PowerMonitor( 9339): Cancelling delayed transition to SLEEP
12-07 12:59:48.987 D/TrackingFidelityService( 9367): [Utility Frequency][tfs.utility.powermonitor] applyPowerState: SLEEP -> STANDBY
12-07 12:59:48.987 D/PowerMonitor( 9367): Executing transition from STANDBY to RUNNING
12-07 12:59:48.987 D/TrackingFidelityService( 9367): [Utility Frequency][tfs.utility.powermonitor] applyPowerState: STANDBY -> RUNNING
12-07 12:59:48.987 D/PowerMonitor( 9339): Received transition request from SLEEP to RUNNING
12-07 12:59:48.987 D/PowerMonitor( 9339): Executing transition from SLEEP to STANDBY
12-07 12:59:48.987 D/ControllerManagement( 9339): [controller] SLEEP -> STANDBY
12-07 12:59:48.987 D/ControllerManagement( 9339): ControllerGlue: setting expected mode to Streaming
12-07 12:59:48.987 D/ControllerManagement( 9339): ControllerGlue: Setting current mode to Streaming
12-07 12:59:48.987 D/ControllerManagement( 9339): ControllerGlue: leave mode Disabled
12-07 12:59:48.987 D/ControllerManagement( 9339): ControllerGlue: Setting mode to Streaming
12-07 12:59:48.987 D/ControllerManagement( 9339): ControllerGlue: enter mode Streaming
12-07 12:59:48.987 D/libsensorscommon( 9363): ControllerProvider: StreamingClient requested by 9339
12-07 12:59:48.987 D/SensorService( 9363): ControllerProvider: acquiring StreamingSession
12-07 12:59:48.988 D/SensorService( 9363): SyncbossEventHandler: starting all streams
12-07 12:59:48.988 D/SensorService( 9363): SyncbossEventHandler: producerThreadFunc() start
12-07 12:59:48.988 D/SensorService( 9363): SyncbossEventHandler: stopping all streams
12-07 12:59:48.988 D/SensorService( 9363): SyncbossEventHandler: producerThreadFunc() exit
12-07 12:59:48.988 D/SensorService( 9363): SyncbossEventHandler: starting all streams
12-07 12:59:48.988 D/SensorService( 9363): SyncbossEventHandler: acquired session; approx # alive: 1
12-07 12:59:48.988 D/SensorService( 9363): SyncbossEventHandler: producerThreadFunc() start
12-07 12:59:48.988 D/TSAccess( 9367): Apply power state 'Running'
12-07 12:59:48.947 I/init    (    0): processing action (sys.hmt.mounted=1) from (/vendor/etc/init/hw/init.eureka.rc:12)
12-07 12:59:48.947 I/init    (    0): processing action (sys.hmt.mounted=1) from (/vendor/etc/init/hw/init.anorak.rc:393)
12-07 12:59:48.947 I/vd6281  (    0): spi speed set : 4174000
12-07 12:59:48.947 I/vd6281  (    0): nb of samples per chunk  : 4096
12-07 12:59:48.988 D/TrackingService( 9368): apply power state 'Running'
12-07 12:59:48.989 D/PowerMonitor( 9368): Cancelling delayed transition to SLEEP
12-07 12:59:48.989 D/PowerMonitor( 9368): Received transition request from SLEEP to RUNNING
12-07 12:59:48.989 D/PowerMonitor( 9368): Executing transition from SLEEP to STANDBY
12-07 12:59:48.989 I/SyncBossHAL( 9363): [info   ] syncboss_hal_impl_input.c(437): no pulsar frequency blocklist (vendor.syncbosshal.pulsar_blocklist) set
12-07 12:59:48.989 D/TrackingService( 9368): StateHandler setState powerState=STANDBY
12-07 12:59:48.989 I/SyncBossHAL( 9363): [info   ] syncboss_hal_impl_input.c(496): No AFH behavior specified, enabled by default
12-07 12:59:48.989 D/TrackingService( 9368): Enqueued transition to (targetPowerState, targetMuxName): (STANDBY, --) - transition timeout: 1000000000 ns
12-07 12:59:48.989 I/TrackingService( 9368): [                   PerfLockHooks] Power transition: SLEEP -> STANDBY transition time: 0 ms
12-07 12:59:48.989 I/TrackingService( 9368): [                            bolt] Power transition: SLEEP -> STANDBY transition time: 0 ms
12-07 12:59:48.989 D/TrackingService( 9368): IOT sleep to standby started
12-07 12:59:48.989 I/SyncBossHAL( 9363): [info   ] pulsar_manager_utils.c(664): Starting Pulsar beacon mode
12-07 12:59:48.992 I/SyncBossFW(  879): 77438173 [info   ] {WIHI}: Starting beacon mode
12-07 12:59:48.993 D/SensorService( 9363): SyncbossEventHandler: Enabled sensor PULSAR - Active sensors: synthetic[HMD_DOUBLETAP,EXTERNAL_TIMING,ZAP] non-synth[PULSAR]
12-07 12:59:48.993 D/SensorService( 9363): ControllerProvider: acquiring StreamingClient impl; approx # alive: 1
12-07 12:59:48.993 D/libsensorscommon( 9363): ControllerProvider: acquiring StreamingClient hidl for client 9339
12-07 12:59:48.994 D/ControllerManagement( 9339): RemoteService::recordControllerStatusUpdate: device 402c25cbf028a4e8: status: SEARCHING tracking: ORIENTATION, errors: --
12-07 12:59:48.994 D/ControllerManagement( 9339): RemoteService::recordControllerStatusUpdate: device f343f271512a1feb: status: SEARCHING tracking: NONE, errors: --
12-07 12:59:48.994 D/PowerMonitor( 9339): Executing transition from STANDBY to RUNNING
12-07 12:59:48.994 D/ControllerManagement( 9339): [controller] STANDBY -> RUNNING
12-07 12:59:48.994 D/ControllerManagement( 9339): processStateChange([PairedControllerInfo RUBY 402c25cbf028a4e8 disconnected detached mcnt=0])
12-07 12:59:48.994 D/ControllerManagement( 9339): processStateChange([PairedControllerInfo RUBY f343f271512a1feb disconnected detached update-required mcnt=0])
12-07 12:59:48.997 D/SensorService( 9363): Syncboss input 402c25cbf028a4e8 hardware type 6, subtype 2, revision 
12-07 12:59:48.997 I/SensorService( 9363): preparePairedControllerInfo is adding device with valid 1
12-07 12:59:48.997 D/SensorService( 9363): Syncboss input f343f271512a1feb hardware type 6, subtype 1, revision 
12-07 12:59:48.997 I/SensorService( 9363): preparePairedControllerInfo is adding device with valid 1
12-07 12:59:48.998 D/SensorService( 9363): stateChangeNotifierFunc(): Reporting controller info. Change token: 46, paired=2 connected=0
12-07 12:59:48.998 D/ControllerManagement( 9339): processStateChange([PairedControllerInfo RUBY 402c25cbf028a4e8 disconnected detached update-required mcnt=0])
12-07 12:59:49.001 D/SensorService( 9363): Found paired controllers: 2
12-07 12:59:49.001 D/SensorService( 9363): Syncboss input 402c25cbf028a4e8 hardware type 6, subtype 2, revision 
12-07 12:59:49.001 I/SensorService( 9363): preparePairedControllerInfo is adding device with valid 1
12-07 12:59:49.001 D/SensorService( 9363): Syncboss input f343f271512a1feb hardware type 6, subtype 1, revision 
12-07 12:59:49.001 I/SensorService( 9363): preparePairedControllerInfo is adding device with valid 1
12-07 12:59:49.001 D/ControllerManagement( 9339): processStateChange([PairedControllerInfo RUBY f343f271512a1feb disconnected detached update-required mcnt=0])
12-07 12:59:49.002 D/JobServiceContext( 1971): Scheduling time out for 'com.oculus.userserver.managerservice.user.usersync.UserSyncJobService' jId: 1828726831, in 18 s
12-07 12:59:49.004 V/ActivityManager( 1971): bindService: Intent { flg=0x4 cmp=com.oculus.userserver2/com.oculus.userserver.managerservice.user.usersync.UserSyncJobService } type=null conn=android.app.LoadedApk$ServiceDispatcher$InnerConnection@5ef9c56 flags=0x8105
12-07 12:59:49.005 D/SensorService( 9363): Found paired controllers: 2
12-07 12:59:49.005 D/SensorService( 9363): Syncboss input 402c25cbf028a4e8 hardware type 6, subtype 2, revision 
12-07 12:59:49.005 I/SensorService( 9363): preparePairedControllerInfo is adding device with valid 1
12-07 12:59:49.005 D/SensorService( 9363): Syncboss input f343f271512a1feb hardware type 6, subtype 1, revision 
12-07 12:59:49.005 I/SensorService( 9363): preparePairedControllerInfo is adding device with valid 1
12-07 12:59:49.012 D/JobServiceContext( 1971): handleServiceBound for 42b37be #u0a68/1828726845 com.oculus.ocms/.batterynotif.LowBatteryNotificationJobService
12-07 12:59:49.012 D/JobServiceContext( 1971): Scheduling time out for '.batterynotif.LowBatteryNotificationJobService' jId: 1828726845, in 8 s
12-07 12:59:49.019 W/BatteryExternalStatsWorker( 1971): error reading modem stats:ERROR_PHONE_NOT_AVAILABLE
12-07 12:59:49.021 D/JobServiceContext( 1971): doCallback of : JobStatus{42b37be #u0a68/1828726845 com.oculus.ocms/.batterynotif.LowBatteryNotificationJobService u=0 s=10068 TIME=-3m31s436ms:+6m28s564ms NET PERIODIC READY} v:VERB_STARTING
12-07 12:59:49.021 D/JobServiceContext( 1971): Scheduling time out for '.batterynotif.LowBatteryNotificationJobService' jId: 1828726845, in 300 s
12-07 12:59:49.024 W/VolumetricWindowManagerService( 1971): Skip associateSpatialAudio because token appears to not be valid for any user: android.view.ViewRootImpl$W@d3e1d34 for session ID 15249 from pid 1971
12-07 12:59:49.027 D/JobServiceContext( 1971): handleServiceBound for 1bbf18a #u0a58/1828726831 com.oculus.userserver2/com.oculus.userserver.managerservice.user.usersync.UserSyncJobService
12-07 12:59:49.027 D/JobServiceContext( 1971): Scheduling time out for 'com.oculus.userserver.managerservice.user.usersync.UserSyncJobService' jId: 1828726831, in 8 s
12-07 12:59:49.027 V/ActivityManager( 1971): bindService: Intent { act=com.oculus.vrshell.SHELL_ENV_START_SERVICE cat=[android.intent.category.INFO] dat=shellenv://bind/... flg=0x10000000 pkg=com.oculus.vrshell cmp=com.oculus.vrshell/.ShellService } type=null conn=android.os.BinderProxy@7e127e2 flags=0x1000
12-07 12:59:49.030 D/JobServiceContext( 1971): doCallback of : JobStatus{1bbf18a #u0a58/1828726831 com.oculus.userserver2/com.oculus.userserver.managerservice.user.usersync.UserSyncJobService u=0 s=10058 TIME=-35ms:+23h59m59s965ms NET PERIODIC READY} v:VERB_STARTING
12-07 12:59:49.030 D/JobServiceContext( 1971): Scheduling time out for 'com.oculus.userserver.managerservice.user.usersync.UserSyncJobService' jId: 1828726831, in 300 s
12-07 12:59:49.041 I/VolumetricWindowManagerServiceImpl( 1971): changing secure flag for 554da8b2-df3a-4057-9260-2365d3e188ed: false -> true
12-07 12:59:49.108 I/SensorService( 9363): registerDirectChannel_: Allocated direct channel handle 2 (to pid 1971)
12-07 12:59:49.110 I/SensorService( 9363): configDirectReport for channelHandle:2 sensorHandle:3 Rate:1
12-07 12:59:49.132 D/JobServiceContext( 1971): Scheduling time out for 'com.oculus.auth.control.AccountSyncJobService' jId: 1828726837, in 18 s
12-07 12:59:49.137 V/ActivityManager( 1971): bindService: Intent { flg=0x4 cmp=com.oculus.horizon/com.oculus.auth.control.AccountSyncJobService } type=null conn=android.app.LoadedApk$ServiceDispatcher$InnerConnection@8bf3b53 flags=0x8105
12-07 12:59:49.145 D/JobServiceContext( 1971): Scheduling time out for 'com.oculus.auth.control.SessionPingJobService' jId: 1828726842, in 18 s
12-07 12:59:49.152 V/ActivityManager( 1971): bindService: Intent { flg=0x4 cmp=com.oculus.horizon/com.oculus.auth.control.SessionPingJobService } type=null conn=android.app.LoadedApk$ServiceDispatcher$InnerConnection@3d4749a flags=0x8105
12-07 12:59:49.158 I/Telecom ( 1971): CallAudioRouteStateMachine: Message received: MUTE_EXTERNALLY_CHANGED=3004, arg1=0: CARSM.mCR->CARSM.pM_MUTE_EXTERNALLY_CHANGED@Ank
12-07 12:59:49.158 I/Telecom ( 1971): QuiescentEarpieceRoute: Processing message MUTE_EXTERNALLY_CHANGED: CARSM.mCR->CARSM.pM_MUTE_EXTERNALLY_CHANGED@Ank
12-07 12:59:49.158 D/JobServiceContext( 1971): handleServiceBound for ed6318d #u0a102/1828726837 com.oculus.horizon/com.oculus.auth.control.AccountSyncJobService
12-07 12:59:49.158 D/JobServiceContext( 1971): Scheduling time out for 'com.oculus.auth.control.AccountSyncJobService' jId: 1828726837, in 8 s
12-07 12:59:49.162 D/JobServiceContext( 1971): handleServiceBound for c1e11bc #u0a102/1828726842 com.oculus.horizon/com.oculus.auth.control.SessionPingJobService
12-07 12:59:49.162 D/JobServiceContext( 1971): Scheduling time out for 'com.oculus.auth.control.SessionPingJobService' jId: 1828726842, in 8 s
12-07 12:59:49.165 D/JobServiceContext( 1971): doCallback of : JobStatus{ed6318d #u0a102/1828726837 com.oculus.horizon/com.oculus.auth.control.AccountSyncJobService u=0 s=10102 TIME=-34ms:+5h59m59s966ms NET PERIODIC READY} v:VERB_STARTING
12-07 12:59:49.165 D/JobServiceContext( 1971): Scheduling time out for 'com.oculus.auth.control.AccountSyncJobService' jId: 1828726837, in 300 s
12-07 12:59:49.165 D/JobServiceContext( 1971): doCallback of : JobStatus{c1e11bc #u0a102/1828726842 com.oculus.horizon/com.oculus.auth.control.SessionPingJobService u=0 s=10102 TIME=none:-20ms READY} v:VERB_STARTING
12-07 12:59:49.165 D/JobServiceContext( 1971): Scheduling time out for 'com.oculus.auth.control.SessionPingJobService' jId: 1828726842, in 300 s
12-07 12:59:49.166 D/JobServiceContext( 1971): doCallback of : JobStatus{c1e11bc #u0a102/1828726842 com.oculus.horizon/com.oculus.auth.control.SessionPingJobService u=0 s=10102 TIME=none:-21ms READY} v:VERB_EXECUTING
12-07 12:59:49.166 D/JobServiceContext( 1971): Cleaning up c1e11bc #u0a102/1828726842 com.oculus.horizon/com.oculus.auth.control.SessionPingJobService reschedule=false reason=app called jobFinished
12-07 12:59:49.171 D/SensorService( 9363): SyncbossEventHandler: acquired session; approx # alive: 2
12-07 12:59:49.174 I/SyncBossFW(  879): 77438355 [info   ] {APPI}: Setting imu data rate to 800.0000
12-07 12:59:49.175 I/SyncBossFW(  879): 77438357 [info   ] {APPI}: Enabling IMU
12-07 12:59:48.947 I/vd6281  (    0): sample width in bytes: 64
12-07 12:59:49.149 I/wlan    ( 4847): [4847:I:OSIF] scan start scan id 41033
12-07 12:59:49.216 D/SensorService( 9363): SyncbossEventHandler: Enabled sensor HMD_IMU - Active sensors: synthetic[HMD_DOUBLETAP,EXTERNAL_TIMING,ZAP] non-synth[HMD_IMU,PULSAR]
12-07 12:59:49.216 D/SensorService( 9363): SyncbossEventHandler: acquired session; approx # alive: 3
12-07 12:59:49.218 I/SyncBossFW(  879): 77438400 [info   ] {APPI}: Setting mag data rate to 25.0000
12-07 12:59:49.222 D/SensorService( 9363): SyncbossEventHandler: Enabled sensor HMD_MAG - Active sensors: synthetic[HMD_DOUBLETAP,EXTERNAL_TIMING,ZAP] non-synth[HMD_MAG,HMD_IMU,PULSAR]
12-07 12:59:49.222 D/TrackingService( 9368): IOT sleep to standby completed
12-07 12:59:49.222 D/TrackingService( 9368): starting IOT motion thread, imu batch dispatch enabled=false
12-07 12:59:49.222 I/TrackingService( 9368): [                             iot] Power transition: SLEEP -> STANDBY transition time: 232 ms
12-07 12:59:49.223 I/SyncBossFW(  879): 77438403 [info   ] {APPI}: Enabling magnetometer
12-07 12:59:49.223 I/SyncBossFW(  879): 77438403 [info   ] {APPI}: Enabling mag streaming.  Temperature comp enabled
12-07 12:59:49.231 I/DisplayDeviceRepository( 1971): Display device changed state: "Built-in Screen", ON
12-07 12:59:49.233 D/DisplayManagerService( 1971): Ignore redundant display event 0/2 to 10079/25425
12-07 12:59:49.233 D/DisplayManagerService( 1971): Ignore redundant display event 0/2 to 10049/32634
12-07 12:59:49.234 W/PowerManagerService( 1971): Screen on took 289 ms
12-07 12:59:49.236 I/OculusWindowMgr( 1971): OWMS::focusChanged: windowRootTaskId: 2
12-07 12:59:49.236 I/OculusWindowMgr( 1971): OWMS::focusChanged: getImmersiveTask returned
12-07 12:59:49.236 I/OculusWindowMgr( 1971): OWMS::focusChanged: matchedTaskId: 2
12-07 12:59:49.240 D/ActivityManager( 1971): sync unfroze 18205 com.oculus.socialplatform for 3
12-07 12:59:49.245 D/ActivityManager( 1971): sync unfroze 13932 com.meta.rl.trust.service for 3
12-07 12:59:49.262 D/JobServiceContext( 1971): Scheduling time out for 'androidx.work.impl.background.systemjob.SystemJobService' jId: 7313, in 18 s
12-07 12:59:49.263 V/ActivityManager( 1971): bindService: Intent { flg=0x4 cmp=com.oculus.metacam/androidx.work.impl.background.systemjob.SystemJobService } type=null conn=android.app.LoadedApk$ServiceDispatcher$InnerConnection@d03384a flags=0x8105
12-07 12:59:49.268 D/JobServiceContext( 1971): handleServiceBound for ae761ec #u0a93/7313 com.oculus.metacam/androidx.work.impl.background.systemjob.SystemJobService
12-07 12:59:49.268 D/JobServiceContext( 1971): Scheduling time out for 'androidx.work.impl.background.systemjob.SystemJobService' jId: 7313, in 8 s
12-07 12:59:49.269 D/JobServiceContext( 1971): doCallback of : JobStatus{ae761ec #u0a93/7313 com.oculus.metacam/androidx.work.impl.background.systemjob.SystemJobService u=0 s=10093 NET BATNOTLOW READY} v:VERB_STARTING
12-07 12:59:49.269 D/JobServiceContext( 1971): Scheduling time out for 'androidx.work.impl.background.systemjob.SystemJobService' jId: 7313, in 300 s
12-07 12:59:49.280 D/ActivityManager( 1971): sync unfroze 13855 com.oculus.hzosgallery for 7
12-07 12:59:49.287 D/JobServiceContext( 1971): doCallback of : JobStatus{ae761ec #u0a93/7313 com.oculus.metacam/androidx.work.impl.background.systemjob.SystemJobService u=0 s=10093 NET BATNOTLOW READY} v:VERB_EXECUTING
12-07 12:59:49.287 D/JobServiceContext( 1971): Cleaning up ae761ec #u0a93/7313 com.oculus.metacam/androidx.work.impl.background.systemjob.SystemJobService reschedule=false reason=app called jobFinished
12-07 12:59:49.311 E/libsensortelemetry( 9368): imu_iot samples delayed: 6081679ns capture to arrival (ERS limit: 3500000ns)
12-07 12:59:49.314 I/TrackingService( 9368): [                   constellation] Power transition: SLEEP -> STANDBY transition time: 91 ms
12-07 12:59:49.314 D/TrackingService( 9368): [HANDTRACKINGGLUE] sleepToStandby
12-07 12:59:49.314 I/TrackingService( 9368): [                            hand] Power transition: SLEEP -> STANDBY transition time: 0 ms
12-07 12:59:49.314 I/TrackingService( 9368): [              selftracked_client] Power transition: SLEEP -> STANDBY transition time: 0 ms
12-07 12:59:49.314 I/TrackingService( 9368): [                            iobt] Power transition: SLEEP -> STANDBY transition time: 0 ms
12-07 12:59:49.381 I/TrackingService( 9368): [                          object] Power transition: SLEEP -> STANDBY transition time: 66 ms
12-07 12:59:49.382 I/TrackingService( 9368): [                      controller] Power transition: SLEEP -> STANDBY transition time: 0 ms
12-07 12:59:49.382 I/TrackingService( 9368): [            ExposureControlCmmv2] Power transition: SLEEP -> STANDBY transition time: 0 ms
12-07 12:59:49.382 I/TrackingService( 9368): [                            face] Power transition: SLEEP -> STANDBY transition time: 0 ms
12-07 12:59:49.382 D/libsensorscommon( 9363): ControllerProvider: StreamingClient requested by 9368
12-07 12:59:49.382 D/SensorService( 9363): ControllerProvider: acquiring StreamingClient impl; approx # alive: 2
12-07 12:59:49.382 D/ControllerManagement( 9339): processStateChange([PairedControllerInfo RUBY 402c25cbf028a4e8 disconnected detached update-required mcnt=0])
12-07 12:59:49.382 D/TrackingService( 9368): Transition completed for NONE
12-07 12:59:49.382 D/PowerMonitor( 9368): Executing transition from STANDBY to RUNNING
12-07 12:59:49.382 D/TrackingService( 9368): StateHandler setState powerState=RUNNING
12-07 12:59:49.382 D/TrackingService( 9368): Enqueued transition to (targetPowerState, targetMuxName): (RUNNING, --) - transition timeout: 1000000000 ns
12-07 12:59:49.382 I/TrackingService( 9368): [                   PerfLockHooks] Power transition: STANDBY -> RUNNING transition time: 0 ms
12-07 12:59:49.382 I/TrackingService( 9368): [                            bolt] Power transition: STANDBY -> RUNNING transition time: 0 ms
12-07 12:59:49.382 D/TrackingService( 9368): IOT standby to running started
12-07 12:59:49.383 D/CameraStream( 9363): [iot] Client [IOT(9368)] attempting start
12-07 12:59:49.383 D/SensorService( 9363): Found paired controllers: 2
12-07 12:59:49.383 D/SensorService( 9363): Syncboss input 402c25cbf028a4e8 hardware type 6, subtype 2, revision 
12-07 12:59:49.383 I/SensorService( 9363): preparePairedControllerInfo is adding device with valid 1
12-07 12:59:49.383 D/SensorService( 9363): Syncboss input f343f271512a1feb hardware type 6, subtype 1, revision 
12-07 12:59:49.383 I/SensorService( 9363): preparePairedControllerInfo is adding device with valid 1
12-07 12:59:49.383 D/ControllerManagement( 9339): processStateChange([PairedControllerInfo RUBY f343f271512a1feb disconnected detached update-required mcnt=0])
12-07 12:59:49.383 I/FrameSetDispatcher( 9363): [{WT:RAW10}] Client pid=9368 (IOT): Client thread[{WT:RAW10}:IOT] started
12-07 12:59:49.383 I/CameraClientManager( 9363): [IOT(9368)][iot] client started (estimated 1 started clients total)
12-07 12:59:49.383 I/CameraClientManager( 9363): [[IOT(9368)][iot]] definitely starting stream
12-07 12:59:49.383 I/SensorService( 9363): [worldTracking] Starting cameras for purpose iot
12-07 12:59:49.384 D/SensorService( 9363): Found paired controllers: 2
12-07 12:59:49.384 D/SensorService( 9363): Syncboss input 402c25cbf028a4e8 hardware type 6, subtype 2, revision 
12-07 12:59:49.384 I/SensorService( 9363): preparePairedControllerInfo is adding device with valid 1
12-07 12:59:49.384 D/SensorService( 9363): Syncboss input f343f271512a1feb hardware type 6, subtype 1, revision 
12-07 12:59:49.384 I/SensorService( 9363): preparePairedControllerInfo is adding device with valid 1
12-07 12:59:49.384 D/libsensorscommon( 9363): ControllerProvider: acquiring StreamingClient hidl for client 9368
12-07 12:59:49.385 V/ActivityManager( 1971): bindService: Intent { cmp=com.oculus.deviceauthserver/.DeviceAuthService } type=null conn=android.os.BinderProxy@61a8a25 flags=0x1
12-07 12:59:49.355 I/CAM_INFO(    0): CAM-SENSOR: cam_sensor_driver_cmd: 1211 CAM_ACQUIRE_DEV Success for og01a1b id:0x7750,slave-addr:0xa0 crm:[0]
12-07 12:59:49.356 I/CAM_INFO(   20): CAM-SMMU: cam_smmu_map_user_iova: 3257 fd=710 already in list [20:59:49:395] cb=ife idx=0 handle=25084 len=757760,give same addr back
12-07 12:59:49.356 I/CAM_INFO(    0): CAM-CRM: cam_req_mgr_link_v3: 4951 link reserved 0000000000000000 0 trigger_type:1 num_devs:2 sess_hdl:10879488 no_crm:4
12-07 12:59:49.357 I/CAM_INFO(    0): CAM-ISP: cam_ife_hw_mgr_print_acquire_info: 2027 20:59:49.396 Acquired Single IFE[9] with [0 pix] [0 pd] [1 rdi] ports for ctx:6 per_port_enabled :0 sensor:0 ul: 1
12-07 12:59:49.357 I/CAM_INFO(    0): CAM-ISP: __cam_isp_ctx_acquire_hw_v2: 9737 NO CRM session,top state machine assigned for no crm ctx 6
12-07 12:59:49.365 I/CAM_INFO(    0): CAM-SENSOR: cam_sensor_driver_cmd: 1211 CAM_ACQUIRE_DEV Success for og01a1b id:0x7750,slave-addr:0xb0 crm:[0]
12-07 12:59:49.365 I/CAM_INFO(   20): CAM-SMMU: cam_smmu_map_user_iova: 3257 fd=731 already in list [20:59:49:405] cb=ife idx=0 handle=25084 len=757760,give same addr back
12-07 12:59:49.366 I/CAM_INFO(    0): CAM-CRM: cam_req_mgr_link_v3: 4951 link reserved 0000000000000000 0 trigger_type:1 num_devs:2 sess_hdl:13894149 no_crm:4
12-07 12:59:49.366 I/CAM_INFO(    0): CAM-ISP: cam_ife_hw_mgr_print_acquire_info: 2027 20:59:49.406 Acquired Single IFE[8] with [0 pix] [0 pd] [1 rdi] ports for ctx:11 per_port_enabled :0 sensor:1 ul: 1
12-07 12:59:49.366 I/CAM_INFO(    0): CAM-ISP: __cam_isp_ctx_acquire_hw_v2: 9737 NO CRM session,top state machine assigned for no crm ctx 11
12-07 12:59:49.372 I/CAM_INFO(    0): CAM-SENSOR: cam_sensor_driver_cmd: 1211 CAM_ACQUIRE_DEV Success for ov7251 id:0xd,slave-addr:0xc0 crm:[0]
12-07 12:59:49.373 I/CAM_INFO(   20): CAM-SMMU: cam_smmu_map_user_iova: 3257 fd=754 already in list [20:59:49:412] cb=ife idx=0 handle=25084 len=757760,give same addr back
12-07 12:59:49.373 I/CAM_INFO(    0): CAM-CRM: cam_req_mgr_link_v3: 4951 link reserved 0000000000000000 0 trigger_type:1 num_devs:2 sess_hdl:1049098 no_crm:4
12-07 12:59:49.375 I/CAM_INFO(    0): CAM-ISP: cam_ife_hw_mgr_print_acquire_info: 2027 20:59:49.414 Acquired Single IFE[7] with [0 pix] [0 pd] [1 rdi] ports for ctx:10 per_port_enabled :0 sensor:2 ul: 1
12-07 12:59:49.375 I/CAM_INFO(    0): CAM-ISP: __cam_isp_ctx_acquire_hw_v2: 9737 NO CRM session,top state machine assigned for no crm ctx 10
12-07 12:59:49.381 I/CAM_INFO(    0): CAM-SENSOR: cam_sensor_driver_cmd: 1211 CAM_ACQUIRE_DEV Success for ov7251 id:0xd,slave-addr:0xd0 crm:[0]
12-07 12:59:49.383 I/CAM_INFO(   20): CAM-SMMU: cam_smmu_map_user_iova: 3257 fd=771 already in list [20:59:49:422] cb=ife idx=0 handle=25084 len=757760,give same addr back
12-07 12:59:49.383 I/CAM_INFO(    0): CAM-CRM: cam_req_mgr_link_v3: 4951 link reserved 0000000000000000 0 trigger_type:1 num_devs:2 sess_hdl:8192527 no_crm:4
12-07 12:59:49.383 I/CAM_INFO(    0): CAM-ISP: cam_ife_hw_mgr_print_acquire_info: 2027 20:59:49.422 Acquired Single IFE[6] with [0 pix] [0 pd] [1 rdi] ports for ctx:13 per_port_enabled :0 sensor:3 ul: 1
12-07 12:59:49.423 I/SensorService( 9363): doEnableHalCameras[NICE] Create SyncbossHandleWrapper
12-07 12:59:49.423 I/SensorService( 9363): doEnableHalCameras[NICE] FsyncEventHandler::GetInstance
12-07 12:59:49.423 W/SensorService( 9363): Enabling sensor HMD_FSIN with noop callback
12-07 12:59:49.423 D/SensorService( 9363): SyncbossEventHandler: acquired session; approx # alive: 4
12-07 12:59:49.423 D/SensorService( 9363): SyncbossEventHandler: Enabled sensor HMD_FSIN - Active sensors: synthetic[HMD_DOUBLETAP,EXTERNAL_TIMING,ZAP] non-synth[HMD_MAG,HMD_IMU,HMD_FSIN,PULSA
12-07 12:59:49.427 I/SyncBossFW(  879): 77438608 [info   ] {GCM }: general_cam_mgr_init for cameras 0xf
12-07 12:59:49.383 I/CAM_INFO(    0): CAM-ISP: __cam_isp_ctx_acquire_hw_v2: 9737 NO CRM session,top state machine assigned for no crm ctx 13
12-07 12:59:49.444 I/init    (    0): processing action (service.bootanim.exit_vendor=1) from (/vendor/etc/init/hw/init.anorak.rc:390)
12-07 12:59:49.484 I/DisplayManagerService( 1971): vrCompositorReady: restore brightness updates
12-07 12:59:49.484 W/BrightnessSynchronizer( 1971): Brightness sync observer requesting synchronization a second time.
12-07 12:59:49.486 D/JobServiceContext( 1971): doCallback of : JobStatus{42b37be #u0a68/1828726845 com.oculus.ocms/.batterynotif.LowBatteryNotificationJobService u=0 s=10068 TIME=-3m31s901ms:+6m28s99ms NET PERIODIC READY} v:VERB_EXECUTING
12-07 12:59:49.486 D/JobServiceContext( 1971): Cleaning up 42b37be #u0a68/1828726845 com.oculus.ocms/.batterynotif.LowBatteryNotificationJobService reschedule=false reason=app called jobFinished
12-07 12:59:49.488 D/JobServiceContext( 1971): doCallback of : JobStatus{1bbf18a #u0a58/1828726831 com.oculus.userserver2/com.oculus.userserver.managerservice.user.usersync.UserSyncJobService u=0 s=10058 TIME=-493ms:+23h59m59s507ms NET PERIODIC READY} v:VERB_EXECUTING
12-07 12:59:49.488 D/JobServiceContext( 1971): Cleaning up 1bbf18a #u0a58/1828726831 com.oculus.userserver2/com.oculus.userserver.managerservice.user.usersync.UserSyncJobService reschedule=false reason=app called jobFinished
12-07 12:59:49.497 I/TrackingFidelityService( 9367): Received hand/controller update: hand_tracking_enabled
12-07 12:59:49.499 I/TrackingFidelityService( 9367): checkMultimodalFeature: Attempt made to enable multimodal hands+controllers when not supported by app
12-07 12:59:49.499 D/JobServiceContext( 1971): doCallback of : JobStatus{ed6318d #u0a102/1828726837 com.oculus.horizon/com.oculus.auth.control.AccountSyncJobService u=0 s=10102 TIME=-368ms:+5h59m59s632ms NET PERIODIC READY} v:VERB_EXECUTING
12-07 12:59:49.499 D/JobServiceContext( 1971): Cleaning up ed6318d #u0a102/1828726837 com.oculus.horizon/com.oculus.auth.control.AccountSyncJobService reschedule=false reason=app called jobFinished
12-07 12:59:49.499 W/TrackingFidelityService( 9367): Fidelity data undefined in catalog for enabling feature like environment_lighting. 3 similar misses.
12-07 12:59:49.499 I/TrackingFidelityService( 9367): Request(s)={constellation:0,controller_selftracked:0,hands:3,environment_lighting:5,keyboard:0,scene_reconstruction:0,surface_inputs:0,}, Mux mode idx=8, name=lowLightHands, score=-1950
12-07 12:59:49.499 I/TrackingFidelityService( 9367): beginTransition[worldTracking]: lowLightController(1)->lowLightHands(8)
12-07 12:59:49.499 I/TrackingFidelityService( 9367): _applyMuxModeLockedInternal: Applying camera mux mode lowLightHands via requestFeaturesWithFidelitiesLocked
12-07 12:59:49.594 I/CAM_INFO(    0): CAM-ISP: __cam_isp_ctx_start_dev_in_ready: 10771 Start IFE device ctx 6 with irq state machine [RDI Only Activated State Machine IRQ] in initial SubState [EPOCH] UL_path 1
12-07 12:59:49.594 I/CAM_INFO(    0): CAM-ISP: __cam_isp_ctx_start_dev_in_ready: 10771 Start IFE device ctx 11 with irq state machine [RDI Only Activated State Machine IRQ] in initial SubState [EPOCH] UL_path 1
12-07 12:59:49.594 I/CAM_INFO(    0): CAM-ISP: __cam_isp_ctx_start_dev_in_ready: 10771 Start IFE device ctx 10 with irq state machine [RDI Only Activated State Machine IRQ] in initial SubState [EPOCH] UL_path 1
12-07 12:59:49.594 I/CAM_INFO(    0): CAM-ISP: __cam_isp_ctx_start_dev_in_ready: 10771 Start IFE device ctx 13 with irq state machine [RDI Only Activated State Machine IRQ] in initial SubState [EPOCH] UL_path 1
12-07 12:59:49.594 I/CAM_INFO(    0): CAM-SENSOR: cam_sensor_driver_cmd: 1352 20:59:49.634 CAM_START_DEV[0] Success for og01a1b sensor_id:0x7750,sensor_slave_addr:0xa0
12-07 12:59:49.595 I/CAM_INFO(    0): CAM-SENSOR: cam_sensor_driver_cmd: 1352 20:59:49.634 CAM_START_DEV[1] Success for og01a1b sensor_id:0x7750,sensor_slave_addr:0xb0
12-07 12:59:49.595 I/CAM_INFO(    0): CAM-SENSOR: cam_sensor_driver_cmd: 1352 20:59:49.635 CAM_START_DEV[3] Success for ov7251 sensor_id:0xd,sensor_slave_addr:0xd0
12-07 12:59:49.530 E/VolumetricWindowManagerServiceBase( 1971): Apply window change transaction with no window: windowToken = VolumetricWindowToken { scope = 1, token = horizonos.view.VolumetricWindowToken$InternalVolumetricToken@cc0b830, persistableToken = bb9f31ba-fac4-4611-a13f-fd8aa594bd0c }
12-07 12:59:49.531 I/WorldManagerService( 1971): Added World 9351906201599529 to the recent worlds stack
12-07 12:59:49.531 I/WorldManagerService( 1971): Setting active world with ID: 9351906201599529 and tpye: 1
12-07 12:59:49.532 D/ActivityManager( 1971): sync unfroze 14547 com.oculus.remotedesktop:RemoteDesktop for 3
12-07 12:59:49.545 D/CameraStream( 9363): [passthrough] Client [MrSSCamS(1157)] attempting start
12-07 12:59:49.545 I/FrameSetDispatcher( 9363): [{COL:FOVPR}] Client pid=1157 (MrSSCamS): Client thread[{COL:FOVPR}:MrS] started
12-07 12:59:49.545 I/CameraClientManager( 9363): [MrSSCamS(1157)][passthrough] client started (estimated 1 started clients total)
12-07 12:59:49.545 I/CameraClientManager( 9363): [[MrSSCamS(1157)][passthrough]] definitely starting stream
