12-07 13:00:05.950 I/Tracking( 9368): BOLT:HexagonTelemetry: Global DSP utilization: 20.61% (1031 / 5005 ms), Scalar Util: 63.31%, HVX Util: 56.17%, HMX Util: 24.57%, DMA Active: 0.00%, Freq: 1171.2 MHz
12-07 13:00:05.950 I/Tracking( 9368): boltlib: Logging Rpc stats (detailed=false, onAbort=false)
12-07 13:00:05.950 I/Tracking( 9368): boltlib: DSP Rpc stats over 5006 ms: {"HexagonPyramid3x3Async":72,"controller_inference":25}
12-07 13:00:05.957 E/TrackedObjectManager( 2832): Failed to connect to TrackedObjectService with error Status(-129, EX_TRANSACTION_FAILED): 'DEAD_OBJECT: '
12-07 13:00:05.957 W/OSDynamicObjectDataQuerier( 2832): Attempted to start tracking objects when tracker was already started
12-07 13:00:05.957 E/TrackedObjectManager( 2832): Failed to connect to TrackedObjectService with error Status(-129, EX_TRANSACTION_FAILED): 'DEAD_OBJECT: '
12-07 13:00:05.957 E/TrackedObjectManager( 2832): Failed to start tracking keyboard object with error Status(-129, EX_TRANSACTION_FAILED): 'DEAD_OBJECT: '
12-07 13:00:05.970 E/TrackedObjectManager( 2832): Failed to connect to TrackedObjectService with error Status(-129, EX_TRANSACTION_FAILED): 'DEAD_OBJECT: '
12-07 13:00:05.970 W/OSDynamicObjectDataQuerier( 2832): Attempted to start tracking objects when tracker was already started
12-07 13:00:05.970 E/TrackedObjectManager( 2832): Failed to connect to TrackedObjectService with error Status(-129, EX_TRANSACTION_FAILED): 'DEAD_OBJECT: '
12-07 13:00:05.970 E/TrackedObjectManager( 2832): Failed to start tracking keyboard object with error Status(-129, EX_TRANSACTION_FAILED): 'DEAD_OBJECT: '
12-07 13:00:05.984 E/TrackedObjectManager( 2832): Failed to connect to TrackedObjectService with error Status(-129, EX_TRANSACTION_FAILED): 'DEAD_OBJECT: '
12-07 13:00:05.984 W/OSDynamicObjectDataQuerier( 2832): Attempted to start tracking objects when tracker was already started
12-07 13:00:05.984 E/TrackedObjectManager( 2832): Failed to connect to TrackedObjectService with error Status(-129, EX_TRANSACTION_FAILED): 'DEAD_OBJECT: '
12-07 13:00:05.984 E/TrackedObjectManager( 2832): Failed to start tracking keyboard object with error Status(-129, EX_TRANSACTION_FAILED): 'DEAD_OBJECT: '
12-07 13:00:05.985 I/vendor.qti.bluetooth@1.1-ibs_handler(  857): DeviceSleep: TX Awake, Sending SLEEP_IND
12-07 13:00:05.985 D/vendor.qti.bluetooth@1.1-ibs_handler(  857): SerialClockVote: vote for UART CLK OFF
12-07 13:00:05.995 I/lowmemorykiller(  336): Kill 'com.oculus.statscollector' (13943), uid 1000, oom_score_adj 955 to free 99328kb rss, and 19496kB swap; reason: device is not responding
12-07 13:00:05.998 E/TrackedObjectManager( 2832): Failed to connect to TrackedObjectService with error Status(-129, EX_TRANSACTION_FAILED): 'DEAD_OBJECT: '
12-07 13:00:05.998 W/OSDynamicObjectDataQuerier( 2832): Attempted to start tracking objects when tracker was already started
12-07 13:00:05.999 E/TrackedObjectManager( 2832): Failed to connect to TrackedObjectService with error Status(-129, EX_TRANSACTION_FAILED): 'DEAD_OBJECT: '
12-07 13:00:05.999 E/TrackedObjectManager( 2832): Failed to start tracking keyboard object with error Status(-129, EX_TRANSACTION_FAILED): 'DEAD_OBJECT: '
12-07 13:00:05.970 I/oom_reaper(    0): reaped process 13943 (.statscollector), now anon-rss:0kB, file-rss:0kB, shmem-rss:400kB
12-07 13:00:06.012 E/TrackedObjectManager( 2832): Failed to connect to TrackedObjectService with error Status(-129, EX_TRANSACTION_FAILED): 'DEAD_OBJECT: '
12-07 13:00:06.012 W/OSDynamicObjectDataQuerier( 2832): Attempted to start tracking objects when tracker was already started
12-07 13:00:06.012 E/TrackedObjectManager( 2832): Failed to connect to TrackedObjectService with error Status(-129, EX_TRANSACTION_FAILED): 'DEAD_OBJECT: '
12-07 13:00:06.012 E/TrackedObjectManager( 2832): Failed to start tracking keyboard object with error Status(-129, EX_TRANSACTION_FAILED): 'DEAD_OBJECT: '
12-07 13:00:06.014 I/ActivityManager( 1971): Process com.oculus.statscollector (pid 13943) has died: cch+55 CEM 
12-07 13:00:06.014 I/Zygote  (  843): Process 13943 exited due to signal 9 (Killed)
12-07 13:00:06.014 I/libprocessgroup( 1971): Successfully killed process cgroup uid 1000 pid 13943 in 0ms
12-07 13:00:06.015 D/ThreadTagService( 1971): Process died: 13943
12-07 13:00:06.016 I/ActivityManager( 1971): Connection with lmkd established
12-07 13:00:06.016 I/lowmemorykiller(  336): lmkd data connection established
12-07 13:00:06.026 E/TrackedObjectManager( 2832): Failed to connect to TrackedObjectService with error Status(-129, EX_TRANSACTION_FAILED): 'DEAD_OBJECT: '
12-07 13:00:06.026 W/OSDynamicObjectDataQuerier( 2832): Attempted to start tracking objects when tracker was already started
12-07 13:00:06.026 E/TrackedObjectManager( 2832): Failed to connect to TrackedObjectService with error Status(-129, EX_TRANSACTION_FAILED): 'DEAD_OBJECT: '
12-07 13:00:06.026 E/TrackedObjectManager( 2832): Failed to start tracking keyboard object with error Status(-129, EX_TRANSACTION_FAILED): 'DEAD_OBJECT: '
12-07 13:00:06.040 E/TrackedObjectManager( 2832): Failed to connect to TrackedObjectService with error Status(-129, EX_TRANSACTION_FAILED): 'DEAD_OBJECT: '
12-07 13:00:06.040 W/OSDynamicObjectDataQuerier( 2832): Attempted to start tracking objects when tracker was already started
12-07 13:00:06.040 E/TrackedObjectManager( 2832): Failed to connect to TrackedObjectService with error Status(-129, EX_TRANSACTION_FAILED): 'DEAD_OBJECT: '
12-07 13:00:06.040 E/TrackedObjectManager( 2832): Failed to start tracking keyboard object with error Status(-129, EX_TRANSACTION_FAILED): 'DEAD_OBJECT: '
12-07 13:00:06.053 V/ActivityManager( 1971): bindService: Intent { act=android.accounts.AccountAuthenticator cmp=com.oculus.horizon/com.oculus.auth.authenticator.oculus.OculusAuthenticatorService } type=null conn=android.app.LoadedApk$ServiceDispatcher$InnerConnection@57993c8 flags=0x1
12-07 13:00:06.054 E/TrackedObjectManager( 2832): Failed to connect to TrackedObjectService with error Status(-129, EX_TRANSACTION_FAILED): 'DEAD_OBJECT: '
12-07 13:00:06.054 W/OSDynamicObjectDataQuerier( 2832): Attempted to start tracking objects when tracker was already started
12-07 13:00:06.054 E/TrackedObjectManager( 2832): Failed to connect to TrackedObjectService with error Status(-129, EX_TRANSACTION_FAILED): 'DEAD_OBJECT: '
12-07 13:00:06.054 E/TrackedObjectManager( 2832): Failed to start tracking keyboard object with error Status(-129, EX_TRANSACTION_FAILED): 'DEAD_OBJECT: '
12-07 13:00:06.057 I/BaseAuthenticator( 3960): getAuthToken - callingPackage: com.oculus.ocms, tokenType: is_logged_in
12-07 13:00:06.061 I/BaseAuthenticator( 3960): getAuthTokenSync - calling doGetAuthToken, callingPackage: com.oculus.ocms, action: OBTAIN_TOKEN, appPackageName: , requestId: c4910cef-f44a-433d-ab9d-381f0430e632
12-07 13:00:06.061 I/OculusAuthenticator( 3960): doGetAuthToken - obtainRootToken:false callingPackage:com.oculus.ocmsappPackageName:appId:nulltokenType:is_logged_intokenScopeTypeACCOUNT_SCOPED
12-07 13:00:06.064 I/TokenProvider( 3960): obtainToken requestType: 3, callingPackage: com.oculus.ocms
12-07 13:00:06.064 I/OculusAuthenticator( 3960): doGetAuthToken - calling GetAuthTokenResult forToken:false callingPackage:com.oculus.ocmsappPackageName:appId:nulltokenType:is_logged_intokenScopeTypeACCOUNT_SCOPED
12-07 13:00:06.064 I/BaseAuthenticator( 3960): getAuthTokenSync - calling produceReturnResult  - callingPackage: com.oculus.ocms, action: OBTAIN_TOKEN, appPackageName: 
12-07 13:00:06.065 I/AuthLogger( 3960): Action succeeded: OBTAIN_TOKEN, callingPackage: com.oculus.ocms, accountType: com.oculus, tokenType: is_logged_in, extras: {client_request_id=c4910cef-f44a-433d-ab9d-381f0430e632, calling_app_id=null, token_scope=ACCOUNT_SCOPED, expiration_time_ms=0, outcome=token}, duration: 7ms
12-07 13:00:06.066 W/VrStoreChannel(27119): Entitlement 5437604436301807 has invalid package name=null
12-07 13:00:06.067 W/VrStoreChannel(27119): Entitlement 9624843750973294 has invalid package name=null
12-07 13:00:06.067 I/MRSS    ( 1157): MIXEDREALITY: EnvironmentDepthMetacapability: processTelemetry client com.oculus.vrshell state true aggregated 0
12-07 13:00:06.067 W/VrStoreChannel(27119): Entitlement 32362356940076332 has invalid package name=null
12-07 13:00:06.067 W/VrStoreChannel(27119): Entitlement 25523172283989805 has invalid package name=null
12-07 13:00:06.067 W/VrStoreChannel(27119): Entitlement 25986968054225373 has invalid package name=null
12-07 13:00:06.067 W/VrStoreChannel(27119): Entitlement 24887482114276973 has invalid package name=null
12-07 13:00:06.067 W/VrStoreChannel(27119): Entitlement 33404906389100120 has invalid package name=null
12-07 13:00:06.068 W/VrStoreChannel(27119): Entitlement 9175052559285308 has invalid package name=null
12-07 13:00:06.068 E/TrackedObjectManager( 2832): Failed to connect to TrackedObjectService with error Status(-129, EX_TRANSACTION_FAILED): 'DEAD_OBJECT: '
12-07 13:00:06.068 W/OSDynamicObjectDataQuerier( 2832): Attempted to start tracking objects when tracker was already started
12-07 13:00:06.068 E/TrackedObjectManager( 2832): Failed to connect to TrackedObjectService with error Status(-129, EX_TRANSACTION_FAILED): 'DEAD_OBJECT: '
12-07 13:00:06.068 E/TrackedObjectManager( 2832): Failed to start tracking keyboard object with error Status(-129, EX_TRANSACTION_FAILED): 'DEAD_OBJECT: '
12-07 13:00:06.068 W/VrStoreChannel(27119): Entitlement 24793428336976053 has invalid package name=null
12-07 13:00:06.068 W/VrStoreChannel(27119): Entitlement 24864875876533688 has invalid package name=null
12-07 13:00:06.069 W/VrStoreChannel(27119): Entitlement 24675271952153725 has invalid package name=null
12-07 13:00:06.069 W/VrStoreChannel(27119): Entitlement 24808362038822394 has invalid package name=null
12-07 13:00:06.069 W/VrStoreChannel(27119): Entitlement 24109719895374767 has invalid package name=null
12-07 13:00:06.070 V/ActivityManager( 1971): bindService: Intent { act=android.accounts.AccountAuthenticator cmp=com.oculus.horizon/com.oculus.auth.authenticator.oculus.OculusAuthenticatorService } type=null conn=android.app.LoadedApk$ServiceDispatcher$InnerConnection@edbb53f flags=0x1
12-07 13:00:06.072 W/VrStoreChannel(27119): Entitlement 3057535150987422 (com.oculus.shellenv) has an invalid binary
12-07 13:00:06.072 I/BaseAuthenticator( 3960): getAuthToken - callingPackage: com.oculus.ocms, tokenType: is_logged_in
12-07 13:00:06.079 I/BaseAuthenticator( 3960): getAuthTokenSync - calling doGetAuthToken, callingPackage: com.oculus.ocms, action: OBTAIN_TOKEN, appPackageName: , requestId: bb92c548-b033-4bdf-ae51-32dc2d2eece0
12-07 13:00:06.079 I/OculusAuthenticator( 3960): doGetAuthToken - obtainRootToken:false callingPackage:com.oculus.ocmsappPackageName:appId:nulltokenType:is_logged_intokenScopeTypeACCOUNT_SCOPED
12-07 13:00:06.081 I/TokenProvider( 3960): obtainToken requestType: 3, callingPackage: com.oculus.ocms
12-07 13:00:06.081 I/OculusAuthenticator( 3960): doGetAuthToken - calling GetAuthTokenResult forToken:false callingPackage:com.oculus.ocmsappPackageName:appId:nulltokenType:is_logged_intokenScopeTypeACCOUNT_SCOPED
12-07 13:00:06.081 I/BaseAuthenticator( 3960): getAuthTokenSync - calling produceReturnResult  - callingPackage: com.oculus.ocms, action: OBTAIN_TOKEN, appPackageName: 
12-07 13:00:06.081 I/AuthLogger( 3960): Action succeeded: OBTAIN_TOKEN, callingPackage: com.oculus.ocms, accountType: com.oculus, tokenType: is_logged_in, extras: {client_request_id=bb92c548-b033-4bdf-ae51-32dc2d2eece0, calling_app_id=null, token_scope=ACCOUNT_SCOPED, expiration_time_ms=0, outcome=token}, duration: 9ms
12-07 13:00:06.081 E/TrackedObjectManager( 2832): Failed to connect to TrackedObjectService with error Status(-129, EX_TRANSACTION_FAILED): 'DEAD_OBJECT: '
12-07 13:00:06.081 W/OSDynamicObjectDataQuerier( 2832): Attempted to start tracking objects when tracker was already started
12-07 13:00:06.081 E/TrackedObjectManager( 2832): Failed to connect to TrackedObjectService with error Status(-129, EX_TRANSACTION_FAILED): 'DEAD_OBJECT: '
12-07 13:00:06.081 E/TrackedObjectManager( 2832): Failed to start tracking keyboard object with error Status(-129, EX_TRANSACTION_FAILED): 'DEAD_OBJECT: '
12-07 13:00:06.084 D/EncryptedSharedPrefSecureStore(27119): Getting value for oc_uat_1966835873381466 from secure store
12-07 13:00:06.084 D/AccountAuthUtil(27119): Successfully fetched token from secure store
12-07 13:00:06.084 D/OculusToken(27119): Success getting oculus token (USER)
12-07 13:00:06.087 V/ActivityManager( 1971): bindService: Intent { act=android.accounts.AccountAuthenticator cmp=com.oculus.horizon/com.oculus.auth.authenticator.oculus.OculusAuthenticatorService } type=null conn=android.app.LoadedApk$ServiceDispatcher$InnerConnection@a95e3c2 flags=0x1
12-07 13:00:06.090 I/BaseAuthenticator( 3960): getAuthToken - callingPackage: com.oculus.ocms, tokenType: is_logged_in
12-07 13:00:06.092 I/BaseAuthenticator( 3960): getAuthTokenSync - calling doGetAuthToken, callingPackage: com.oculus.ocms, action: OBTAIN_TOKEN, appPackageName: , requestId: 98f3241b-bd14-4ec9-b266-8fa030340e25
12-07 13:00:06.092 I/OculusAuthenticator( 3960): doGetAuthToken - obtainRootToken:false callingPackage:com.oculus.ocmsappPackageName:appId:nulltokenType:is_logged_intokenScopeTypeACCOUNT_SCOPED
12-07 13:00:06.094 I/TokenProvider( 3960): obtainToken requestType: 3, callingPackage: com.oculus.ocms
12-07 13:00:06.094 I/OculusAuthenticator( 3960): doGetAuthToken - calling GetAuthTokenResult forToken:false callingPackage:com.oculus.ocmsappPackageName:appId:nulltokenType:is_logged_intokenScopeTypeACCOUNT_SCOPED
12-07 13:00:06.094 I/BaseAuthenticator( 3960): getAuthTokenSync - calling produceReturnResult  - callingPackage: com.oculus.ocms, action: OBTAIN_TOKEN, appPackageName: 
12-07 13:00:06.094 I/AuthLogger( 3960): Action succeeded: OBTAIN_TOKEN, callingPackage: com.oculus.ocms, accountType: com.oculus, tokenType: is_logged_in, extras: {client_request_id=98f3241b-bd14-4ec9-b266-8fa030340e25, calling_app_id=null, token_scope=ACCOUNT_SCOPED, expiration_time_ms=0, outcome=token}, duration: 4ms
12-07 13:00:06.095 E/TrackedObjectManager( 2832): Failed to connect to TrackedObjectService with error Status(-129, EX_TRANSACTION_FAILED): 'DEAD_OBJECT: '
12-07 13:00:06.095 W/OSDynamicObjectDataQuerier( 2832): Attempted to start tracking objects when tracker was already started
12-07 13:00:06.095 E/TrackedObjectManager( 2832): Failed to connect to TrackedObjectService with error Status(-129, EX_TRANSACTION_FAILED): 'DEAD_OBJECT: '
12-07 13:00:06.095 E/TrackedObjectManager( 2832): Failed to start tracking keyboard object with error Status(-129, EX_TRANSACTION_FAILED): 'DEAD_OBJECT: '
12-07 13:00:06.102 V/ActivityManager( 1971): bindService: Intent { act=android.accounts.AccountAuthenticator cmp=com.oculus.horizon/com.oculus.auth.authenticator.oculus.OculusAuthenticatorService } type=null conn=android.app.LoadedApk$ServiceDispatcher$InnerConnection@7924f41 flags=0x1
12-07 13:00:06.104 I/BaseAuthenticator( 3960): getAuthToken - callingPackage: com.oculus.ocms, tokenType: is_logged_in
12-07 13:00:06.107 I/BaseAuthenticator( 3960): getAuthTokenSync - calling doGetAuthToken, callingPackage: com.oculus.ocms, action: OBTAIN_TOKEN, appPackageName: , requestId: 5e005d25-d347-437b-81a8-d209884ecd72
12-07 13:00:06.107 I/OculusAuthenticator( 3960): doGetAuthToken - obtainRootToken:false callingPackage:com.oculus.ocmsappPackageName:appId:nulltokenType:is_logged_intokenScopeTypeACCOUNT_SCOPED
12-07 13:00:06.109 I/TokenProvider( 3960): obtainToken requestType: 3, callingPackage: com.oculus.ocms
12-07 13:00:06.109 I/OculusAuthenticator( 3960): doGetAuthToken - calling GetAuthTokenResult forToken:false callingPackage:com.oculus.ocmsappPackageName:appId:nulltokenType:is_logged_intokenScopeTypeACCOUNT_SCOPED
12-07 13:00:06.109 I/BaseAuthenticator( 3960): getAuthTokenSync - calling produceReturnResult  - callingPackage: com.oculus.ocms, action: OBTAIN_TOKEN, appPackageName: 
12-07 13:00:06.109 I/AuthLogger( 3960): Action succeeded: OBTAIN_TOKEN, callingPackage: com.oculus.ocms, accountType: com.oculus, tokenType: is_logged_in, extras: {client_request_id=5e005d25-d347-437b-81a8-d209884ecd72, calling_app_id=null, token_scope=ACCOUNT_SCOPED, expiration_time_ms=0, outcome=token}, duration: 5ms
12-07 13:00:06.109 E/TrackedObjectManager( 2832): Failed to connect to TrackedObjectService with error Status(-129, EX_TRANSACTION_FAILED): 'DEAD_OBJECT: '
12-07 13:00:06.109 W/OSDynamicObjectDataQuerier( 2832): Attempted to start tracking objects when tracker was already started
12-07 13:00:06.109 E/TrackedObjectManager( 2832): Failed to connect to TrackedObjectService with error Status(-129, EX_TRANSACTION_FAILED): 'DEAD_OBJECT: '
12-07 13:00:06.109 E/TrackedObjectManager( 2832): Failed to start tracking keyboard object with error Status(-129, EX_TRANSACTION_FAILED): 'DEAD_OBJECT: '
12-07 13:00:06.111 D/EncryptedSharedPrefSecureStore(27119): Getting value for oc_uat_1966835873381466 from secure store
12-07 13:00:06.112 D/AccountAuthUtil(27119): Successfully fetched token from secure store
12-07 13:00:06.112 D/OculusToken(27119): Success getting oculus token (USER)
12-07 13:00:06.123 E/TrackedObjectManager( 2832): Failed to connect to TrackedObjectService with error Status(-129, EX_TRANSACTION_FAILED): 'DEAD_OBJECT: '
12-07 13:00:06.123 W/OSDynamicObjectDataQuerier( 2832): Attempted to start tracking objects when tracker was already started
12-07 13:00:06.123 E/TrackedObjectManager( 2832): Failed to connect to TrackedObjectService with error Status(-129, EX_TRANSACTION_FAILED): 'DEAD_OBJECT: '
12-07 13:00:06.123 E/TrackedObjectManager( 2832): Failed to start tracking keyboard object with error Status(-129, EX_TRANSACTION_FAILED): 'DEAD_OBJECT: '
12-07 13:00:06.135 D/vendor.qti.bluetooth@1.1-wake_lock(  857): Release wakelock is released 
12-07 13:00:06.137 E/TrackedObjectManager( 2832): Failed to connect to TrackedObjectService with error Status(-129, EX_TRANSACTION_FAILED): 'DEAD_OBJECT: '
12-07 13:00:06.137 W/OSDynamicObjectDataQuerier( 2832): Attempted to start tracking objects when tracker was already started
12-07 13:00:06.137 E/TrackedObjectManager( 2832): Failed to connect to TrackedObjectService with error Status(-129, EX_TRANSACTION_FAILED): 'DEAD_OBJECT: '
12-07 13:00:06.137 E/TrackedObjectManager( 2832): Failed to start tracking keyboard object with error Status(-129, EX_TRANSACTION_FAILED): 'DEAD_OBJECT: '
12-07 13:00:06.151 E/TrackedObjectManager( 2832): Failed to connect to TrackedObjectService with error Status(-129, EX_TRANSACTION_FAILED): 'DEAD_OBJECT: '
12-07 13:00:06.151 W/OSDynamicObjectDataQuerier( 2832): Attempted to start tracking objects when tracker was already started
12-07 13:00:06.151 E/TrackedObjectManager( 2832): Failed to connect to TrackedObjectService with error Status(-129, EX_TRANSACTION_FAILED): 'DEAD_OBJECT: '
12-07 13:00:06.151 E/TrackedObjectManager( 2832): Failed to start tracking keyboard object with error Status(-129, EX_TRANSACTION_FAILED): 'DEAD_OBJECT: '
12-07 13:00:06.165 E/TrackedObjectManager( 2832): Failed to connect to TrackedObjectService with error Status(-129, EX_TRANSACTION_FAILED): 'DEAD_OBJECT: '
12-07 13:00:06.165 W/OSDynamicObjectDataQuerier( 2832): Attempted to start tracking objects when tracker was already started
12-07 13:00:06.165 E/TrackedObjectManager( 2832): Failed to connect to TrackedObjectService with error Status(-129, EX_TRANSACTION_FAILED): 'DEAD_OBJECT: '
12-07 13:00:06.165 E/TrackedObjectManager( 2832): Failed to start tracking keyboard object with error Status(-129, EX_TRANSACTION_FAILED): 'DEAD_OBJECT: '
12-07 13:00:06.178 I/VD628x  (  884): Flicker results: freq 225.052277, max 224.903091, dcr 65.054291, pct 0.000104, idx 0.000073, conf 0.000565, snr -32.384975, svm 0.000000, sus 2
12-07 13:00:06.179 E/TrackedObjectManager( 2832): Failed to connect to TrackedObjectService with error Status(-129, EX_TRANSACTION_FAILED): 'DEAD_OBJECT: '
12-07 13:00:06.179 W/OSDynamicObjectDataQuerier( 2832): Attempted to start tracking objects when tracker was already started
12-07 13:00:06.179 E/TrackedObjectManager( 2832): Failed to connect to TrackedObjectService with error Status(-129, EX_TRANSACTION_FAILED): 'DEAD_OBJECT: '
12-07 13:00:06.179 E/TrackedObjectManager( 2832): Failed to start tracking keyboard object with error Status(-129, EX_TRANSACTION_FAILED): 'DEAD_OBJECT: '
12-07 13:00:06.192 E/TrackedObjectManager( 2832): Failed to connect to TrackedObjectService with error Status(-129, EX_TRANSACTION_FAILED): 'DEAD_OBJECT: '
12-07 13:00:06.192 W/OSDynamicObjectDataQuerier( 2832): Attempted to start tracking objects when tracker was already started
12-07 13:00:06.192 E/TrackedObjectManager( 2832): Failed to connect to TrackedObjectService with error Status(-129, EX_TRANSACTION_FAILED): 'DEAD_OBJECT: '
12-07 13:00:06.193 E/TrackedObjectManager( 2832): Failed to start tracking keyboard object with error Status(-129, EX_TRANSACTION_FAILED): 'DEAD_OBJECT: '
12-07 13:00:06.196 I/Shell   ( 3469): HsrSoundSystem::playOneShotSound3D for GUID a726c8c1-2e67-4049-bc5a-bcedb8d5d1ab with event name press1
12-07 13:00:06.196 I/[SEO] HapticSystem( 3469): HapticSystem::Playing haptic clip press1 on 2 for -1 scaled 1.000000 delta 0.000000
12-07 13:00:06.206 E/TrackedObjectManager( 2832): Failed to connect to TrackedObjectService with error Status(-129, EX_TRANSACTION_FAILED): 'DEAD_OBJECT: '
12-07 13:00:06.206 W/OSDynamicObjectDataQuerier( 2832): Attempted to start tracking objects when tracker was already started
12-07 13:00:06.206 E/TrackedObjectManager( 2832): Failed to connect to TrackedObjectService with error Status(-129, EX_TRANSACTION_FAILED): 'DEAD_OBJECT: '
12-07 13:00:06.206 E/TrackedObjectManager( 2832): Failed to start tracking keyboard object with error Status(-129, EX_TRANSACTION_FAILED): 'DEAD_OBJECT: '
12-07 13:00:06.221 E/TrackedObjectManager( 2832): Failed to connect to TrackedObjectService with error Status(-129, EX_TRANSACTION_FAILED): 'DEAD_OBJECT: '
12-07 13:00:06.221 W/OSDynamicObjectDataQuerier( 2832): Attempted to start tracking objects when tracker was already started
12-07 13:00:06.221 E/TrackedObjectManager( 2832): Failed to connect to TrackedObjectService with error Status(-129, EX_TRANSACTION_FAILED): 'DEAD_OBJECT: '
12-07 13:00:06.221 E/TrackedObjectManager( 2832): Failed to start tracking keyboard object with error Status(-129, EX_TRANSACTION_FAILED): 'DEAD_OBJECT: '
12-07 13:00:06.234 E/TrackedObjectManager( 2832): Failed to connect to TrackedObjectService with error Status(-129, EX_TRANSACTION_FAILED): 'DEAD_OBJECT: '
12-07 13:00:06.234 W/OSDynamicObjectDataQuerier( 2832): Attempted to start tracking objects when tracker was already started
12-07 13:00:06.234 E/TrackedObjectManager( 2832): Failed to connect to TrackedObjectService with error Status(-129, EX_TRANSACTION_FAILED): 'DEAD_OBJECT: '
12-07 13:00:06.234 E/TrackedObjectManager( 2832): Failed to start tracking keyboard object with error Status(-129, EX_TRANSACTION_FAILED): 'DEAD_OBJECT: '
12-07 13:00:06.248 E/TrackedObjectManager( 2832): Failed to connect to TrackedObjectService with error Status(-129, EX_TRANSACTION_FAILED): 'DEAD_OBJECT: '
12-07 13:00:06.248 W/OSDynamicObjectDataQuerier( 2832): Attempted to start tracking objects when tracker was already started
12-07 13:00:06.248 E/TrackedObjectManager( 2832): Failed to connect to TrackedObjectService with error Status(-129, EX_TRANSACTION_FAILED): 'DEAD_OBJECT: '
12-07 13:00:06.248 E/TrackedObjectManager( 2832): Failed to start tracking keyboard object with error Status(-129, EX_TRANSACTION_FAILED): 'DEAD_OBJECT: '
12-07 13:00:06.262 E/TrackedObjectManager( 2832): Failed to connect to TrackedObjectService with error Status(-129, EX_TRANSACTION_FAILED): 'DEAD_OBJECT: '
12-07 13:00:06.262 W/OSDynamicObjectDataQuerier( 2832): Attempted to start tracking objects when tracker was already started
12-07 13:00:06.262 E/TrackedObjectManager( 2832): Failed to connect to TrackedObjectService with error Status(-129, EX_TRANSACTION_FAILED): 'DEAD_OBJECT: '
12-07 13:00:06.262 E/TrackedObjectManager( 2832): Failed to start tracking keyboard object with error Status(-129, EX_TRANSACTION_FAILED): 'DEAD_OBJECT: '
12-07 13:00:06.276 E/TrackedObjectManager( 2832): Failed to connect to TrackedObjectService with error Status(-129, EX_TRANSACTION_FAILED): 'DEAD_OBJECT: '
12-07 13:00:06.276 W/OSDynamicObjectDataQuerier( 2832): Attempted to start tracking objects when tracker was already started
12-07 13:00:06.276 E/TrackedObjectManager( 2832): Failed to connect to TrackedObjectService with error Status(-129, EX_TRANSACTION_FAILED): 'DEAD_OBJECT: '
12-07 13:00:06.276 E/TrackedObjectManager( 2832): Failed to start tracking keyboard object with error Status(-129, EX_TRANSACTION_FAILED): 'DEAD_OBJECT: '
12-07 13:00:06.290 E/TrackedObjectManager( 2832): Failed to connect to TrackedObjectService with error Status(-129, EX_TRANSACTION_FAILED): 'DEAD_OBJECT: '
12-07 13:00:06.290 W/OSDynamicObjectDataQuerier( 2832): Attempted to start tracking objects when tracker was already started
12-07 13:00:06.290 E/TrackedObjectManager( 2832): Failed to connect to TrackedObjectService with error Status(-129, EX_TRANSACTION_FAILED): 'DEAD_OBJECT: '
12-07 13:00:06.290 E/TrackedObjectManager( 2832): Failed to start tracking keyboard object with error Status(-129, EX_TRANSACTION_FAILED): 'DEAD_OBJECT: '
12-07 13:00:06.304 E/TrackedObjectManager( 2832): Failed to connect to TrackedObjectService with error Status(-129, EX_TRANSACTION_FAILED): 'DEAD_OBJECT: '
12-07 13:00:06.304 W/OSDynamicObjectDataQuerier( 2832): Attempted to start tracking objects when tracker was already started
12-07 13:00:06.304 E/TrackedObjectManager( 2832): Failed to connect to TrackedObjectService with error Status(-129, EX_TRANSACTION_FAILED): 'DEAD_OBJECT: '
12-07 13:00:06.304 E/TrackedObjectManager( 2832): Failed to start tracking keyboard object with error Status(-129, EX_TRANSACTION_FAILED): 'DEAD_OBJECT: '
12-07 13:00:06.317 E/TrackedObjectManager( 2832): Failed to connect to TrackedObjectService with error Status(-129, EX_TRANSACTION_FAILED): 'DEAD_OBJECT: '
12-07 13:00:06.318 W/OSDynamicObjectDataQuerier( 2832): Attempted to start tracking objects when tracker was already started
12-07 13:00:06.318 E/TrackedObjectManager( 2832): Failed to connect to TrackedObjectService with error Status(-129, EX_TRANSACTION_FAILED): 'DEAD_OBJECT: '
12-07 13:00:06.318 E/TrackedObjectManager( 2832): Failed to start tracking keyboard object with error Status(-129, EX_TRANSACTION_FAILED): 'DEAD_OBJECT: '
12-07 13:00:06.331 E/TrackedObjectManager( 2832): Failed to connect to TrackedObjectService with error Status(-129, EX_TRANSACTION_FAILED): 'DEAD_OBJECT: '
12-07 13:00:06.331 W/OSDynamicObjectDataQuerier( 2832): Attempted to start tracking objects when tracker was already started
12-07 13:00:06.331 E/TrackedObjectManager( 2832): Failed to connect to TrackedObjectService with error Status(-129, EX_TRANSACTION_FAILED): 'DEAD_OBJECT: '
12-07 13:00:06.331 E/TrackedObjectManager( 2832): Failed to start tracking keyboard object with error Status(-129, EX_TRANSACTION_FAILED): 'DEAD_OBJECT: '
12-07 13:00:06.345 E/TrackedObjectManager( 2832): Failed to connect to TrackedObjectService with error Status(-129, EX_TRANSACTION_FAILED): 'DEAD_OBJECT: '
12-07 13:00:06.345 W/OSDynamicObjectDataQuerier( 2832): Attempted to start tracking objects when tracker was already started
12-07 13:00:06.345 E/TrackedObjectManager( 2832): Failed to connect to TrackedObjectService with error Status(-129, EX_TRANSACTION_FAILED): 'DEAD_OBJECT: '
12-07 13:00:06.345 E/TrackedObjectManager( 2832): Failed to start tracking keyboard object with error Status(-129, EX_TRANSACTION_FAILED): 'DEAD_OBJECT: '
12-07 13:00:06.359 E/TrackedObjectManager( 2832): Failed to connect to TrackedObjectService with error Status(-129, EX_TRANSACTION_FAILED): 'DEAD_OBJECT: '
12-07 13:00:06.359 W/OSDynamicObjectDataQuerier( 2832): Attempted to start tracking objects when tracker was already started
12-07 13:00:06.359 E/TrackedObjectManager( 2832): Failed to connect to TrackedObjectService with error Status(-129, EX_TRANSACTION_FAILED): 'DEAD_OBJECT: '
12-07 13:00:06.359 E/TrackedObjectManager( 2832): Failed to start tracking keyboard object with error Status(-129, EX_TRANSACTION_FAILED): 'DEAD_OBJECT: '
12-07 13:00:06.373 E/TrackedObjectManager( 2832): Failed to connect to TrackedObjectService with error Status(-129, EX_TRANSACTION_FAILED): 'DEAD_OBJECT: '
12-07 13:00:06.373 W/OSDynamicObjectDataQuerier( 2832): Attempted to start tracking objects when tracker was already started
12-07 13:00:06.373 E/TrackedObjectManager( 2832): Failed to connect to TrackedObjectService with error Status(-129, EX_TRANSACTION_FAILED): 'DEAD_OBJECT: '
12-07 13:00:06.373 E/TrackedObjectManager( 2832): Failed to start tracking keyboard object with error Status(-129, EX_TRANSACTION_FAILED): 'DEAD_OBJECT: '
12-07 13:00:06.387 E/TrackedObjectManager( 2832): Failed to connect to TrackedObjectService with error Status(-129, EX_TRANSACTION_FAILED): 'DEAD_OBJECT: '
12-07 13:00:06.387 W/OSDynamicObjectDataQuerier( 2832): Attempted to start tracking objects when tracker was already started
12-07 13:00:06.387 E/TrackedObjectManager( 2832): Failed to connect to TrackedObjectService with error Status(-129, EX_TRANSACTION_FAILED): 'DEAD_OBJECT: '
12-07 13:00:06.387 E/TrackedObjectManager( 2832): Failed to start tracking keyboard object with error Status(-129, EX_TRANSACTION_FAILED): 'DEAD_OBJECT: '
12-07 13:00:06.393 E/HzDcSyncController( 1971): Error while setting sysprop [persist.device_config.oculus_shared_os_services.oculus_mobile_native_telemetry_allowed_sdk_events_list]. The value length exceeds 91 bytes: 1694. Note that this error does not affect the value being read via MDC or ADC.
12-07 13:00:06.401 E/TrackedObjectManager( 2832): Failed to connect to TrackedObjectService with error Status(-129, EX_TRANSACTION_FAILED): 'DEAD_OBJECT: '
12-07 13:00:06.401 W/OSDynamicObjectDataQuerier( 2832): Attempted to start tracking objects when tracker was already started
12-07 13:00:06.401 E/TrackedObjectManager( 2832): Failed to connect to TrackedObjectService with error Status(-129, EX_TRANSACTION_FAILED): 'DEAD_OBJECT: '
12-07 13:00:06.401 E/TrackedObjectManager( 2832): Failed to start tracking keyboard object with error Status(-129, EX_TRANSACTION_FAILED): 'DEAD_OBJECT: '
12-07 13:00:06.413 D/TrafficStats( 5043): tagSocket(93) with statsTag=0xffffffff, statsUid=-1
12-07 13:00:06.415 E/TrackedObjectManager( 2832): Failed to connect to TrackedObjectService with error Status(-129, EX_TRANSACTION_FAILED): 'DEAD_OBJECT: '
12-07 13:00:06.415 W/OSDynamicObjectDataQuerier( 2832): Attempted to start tracking objects when tracker was already started
12-07 13:00:06.415 E/TrackedObjectManager( 2832): Failed to connect to TrackedObjectService with error Status(-129, EX_TRANSACTION_FAILED): 'DEAD_OBJECT: '
12-07 13:00:06.415 E/TrackedObjectManager( 2832): Failed to start tracking keyboard object with error Status(-129, EX_TRANSACTION_FAILED): 'DEAD_OBJECT: '
12-07 13:00:06.416 D/TrafficStats( 5043): tagSocket(107) with statsTag=0xffffffff, statsUid=-1
12-07 13:00:06.429 E/TrackedObjectManager( 2832): Failed to connect to TrackedObjectService with error Status(-129, EX_TRANSACTION_FAILED): 'DEAD_OBJECT: '
12-07 13:00:06.429 W/OSDynamicObjectDataQuerier( 2832): Attempted to start tracking objects when tracker was already started
12-07 13:00:06.429 E/TrackedObjectManager( 2832): Failed to connect to TrackedObjectService with error Status(-129, EX_TRANSACTION_FAILED): 'DEAD_OBJECT: '
12-07 13:00:06.429 E/TrackedObjectManager( 2832): Failed to start tracking keyboard object with error Status(-129, EX_TRANSACTION_FAILED): 'DEAD_OBJECT: '
12-07 13:00:06.443 E/TrackedObjectManager( 2832): Failed to connect to TrackedObjectService with error Status(-129, EX_TRANSACTION_FAILED): 'DEAD_OBJECT: '
12-07 13:00:06.443 W/OSDynamicObjectDataQuerier( 2832): Attempted to start tracking objects when tracker was already started
12-07 13:00:06.443 E/TrackedObjectManager( 2832): Failed to connect to TrackedObjectService with error Status(-129, EX_TRANSACTION_FAILED): 'DEAD_OBJECT: '
12-07 13:00:06.443 E/TrackedObjectManager( 2832): Failed to start tracking keyboard object with error Status(-129, EX_TRANSACTION_FAILED): 'DEAD_OBJECT: '
12-07 13:00:06.446 E/[CT]    ( 2832): CALIBRATION_RUNTIME: OnlineCalibrationSession: Calibration unsuccessful status code is 3.
12-07 13:00:06.456 E/TrackedObjectManager( 2832): Failed to connect to TrackedObjectService with error Status(-129, EX_TRANSACTION_FAILED): 'DEAD_OBJECT: '
12-07 13:00:06.456 W/OSDynamicObjectDataQuerier( 2832): Attempted to start tracking objects when tracker was already started
12-07 13:00:06.456 E/TrackedObjectManager( 2832): Failed to connect to TrackedObjectService with error Status(-129, EX_TRANSACTION_FAILED): 'DEAD_OBJECT: '
12-07 13:00:06.456 E/TrackedObjectManager( 2832): Failed to start tracking keyboard object with error Status(-129, EX_TRANSACTION_FAILED): 'DEAD_OBJECT: '
12-07 13:00:06.470 E/TrackedObjectManager( 2832): Failed to connect to TrackedObjectService with error Status(-129, EX_TRANSACTION_FAILED): 'DEAD_OBJECT: '
12-07 13:00:06.470 W/OSDynamicObjectDataQuerier( 2832): Attempted to start tracking objects when tracker was already started
12-07 13:00:06.470 E/TrackedObjectManager( 2832): Failed to connect to TrackedObjectService with error Status(-129, EX_TRANSACTION_FAILED): 'DEAD_OBJECT: '
12-07 13:00:06.470 E/TrackedObjectManager( 2832): Failed to start tracking keyboard object with error Status(-129, EX_TRANSACTION_FAILED): 'DEAD_OBJECT: '
12-07 13:00:06.484 E/TrackedObjectManager( 2832): Failed to connect to TrackedObjectService with error Status(-129, EX_TRANSACTION_FAILED): 'DEAD_OBJECT: '
12-07 13:00:06.484 W/OSDynamicObjectDataQuerier( 2832): Attempted to start tracking objects when tracker was already started
12-07 13:00:06.484 E/TrackedObjectManager( 2832): Failed to connect to TrackedObjectService with error Status(-129, EX_TRANSACTION_FAILED): 'DEAD_OBJECT: '
12-07 13:00:06.484 E/TrackedObjectManager( 2832): Failed to start tracking keyboard object with error Status(-129, EX_TRANSACTION_FAILED): 'DEAD_OBJECT: '
12-07 13:00:06.498 E/TrackedObjectManager( 2832): Failed to connect to TrackedObjectService with error Status(-129, EX_TRANSACTION_FAILED): 'DEAD_OBJECT: '
12-07 13:00:06.498 W/OSDynamicObjectDataQuerier( 2832): Attempted to start tracking objects when tracker was already started
12-07 13:00:06.498 E/TrackedObjectManager( 2832): Failed to connect to TrackedObjectService with error Status(-129, EX_TRANSACTION_FAILED): 'DEAD_OBJECT: '
12-07 13:00:06.498 E/TrackedObjectManager( 2832): Failed to start tracking keyboard object with error Status(-129, EX_TRANSACTION_FAILED): 'DEAD_OBJECT: '
12-07 13:00:06.512 E/TrackedObjectManager( 2832): Failed to connect to TrackedObjectService with error Status(-129, EX_TRANSACTION_FAILED): 'DEAD_OBJECT: '
12-07 13:00:06.512 W/OSDynamicObjectDataQuerier( 2832): Attempted to start tracking objects when tracker was already started
12-07 13:00:06.512 E/TrackedObjectManager( 2832): Failed to connect to TrackedObjectService with error Status(-129, EX_TRANSACTION_FAILED): 'DEAD_OBJECT: '
12-07 13:00:06.512 E/TrackedObjectManager( 2832): Failed to start tracking keyboard object with error Status(-129, EX_TRANSACTION_FAILED): 'DEAD_OBJECT: '
12-07 13:00:06.526 E/TrackedObjectManager( 2832): Failed to connect to TrackedObjectService with error Status(-129, EX_TRANSACTION_FAILED): 'DEAD_OBJECT: '
12-07 13:00:06.526 W/OSDynamicObjectDataQuerier( 2832): Attempted to start tracking objects when tracker was already started
12-07 13:00:06.526 E/TrackedObjectManager( 2832): Failed to connect to TrackedObjectService with error Status(-129, EX_TRANSACTION_FAILED): 'DEAD_OBJECT: '
12-07 13:00:06.526 E/TrackedObjectManager( 2832): Failed to start tracking keyboard object with error Status(-129, EX_TRANSACTION_FAILED): 'DEAD_OBJECT: '
12-07 13:00:06.536 I/ight_spatialsdk(20157): Compiler allocated 4737KB to compile void com.meta.spatial.uiset.button.foundation.ButtonImplKt.ButtonImpl-G5izSWc(kotlin.jvm.functions.Function0, com.meta.spatial.uiset.button.foundation.ButtonVariant, androidx.compose.foundation.interaction.MutableInteractionSource, androidx.compose.ui.Modifier, java.lang.String, kotlin.jvm.functions.Function2, boolean, java.lang.Boolean, java.lang.Object, androidx.compose.ui.graphics.Color, androidx.compose.ui.text.TextStyle, androidx.compose.ui.Alignment$Horizontal, androidx.compose.runtime.Composer, int, int, int)
12-07 13:00:06.540 E/TrackedObjectManager( 2832): Failed to connect to TrackedObjectService with error Status(-129, EX_TRANSACTION_FAILED): 'DEAD_OBJECT: '
12-07 13:00:06.540 W/OSDynamicObjectDataQuerier( 2832): Attempted to start tracking objects when tracker was already started
12-07 13:00:06.540 E/TrackedObjectManager( 2832): Failed to connect to TrackedObjectService with error Status(-129, EX_TRANSACTION_FAILED): 'DEAD_OBJECT: '
12-07 13:00:06.540 E/TrackedObjectManager( 2832): Failed to start tracking keyboard object with error Status(-129, EX_TRANSACTION_FAILED): 'DEAD_OBJECT: '
12-07 13:00:06.554 E/TrackedObjectManager( 2832): Failed to connect to TrackedObjectService with error Status(-129, EX_TRANSACTION_FAILED): 'DEAD_OBJECT: '
12-07 13:00:06.554 W/OSDynamicObjectDataQuerier( 2832): Attempted to start tracking objects when tracker was already started
12-07 13:00:06.554 E/TrackedObjectManager( 2832): Failed to connect to TrackedObjectService with error Status(-129, EX_TRANSACTION_FAILED): 'DEAD_OBJECT: '
12-07 13:00:06.554 E/TrackedObjectManager( 2832): Failed to start tracking keyboard object with error Status(-129, EX_TRANSACTION_FAILED): 'DEAD_OBJECT: '
12-07 13:00:06.568 E/TrackedObjectManager( 2832): Failed to connect to TrackedObjectService with error Status(-129, EX_TRANSACTION_FAILED): 'DEAD_OBJECT: '
12-07 13:00:06.568 W/OSDynamicObjectDataQuerier( 2832): Attempted to start tracking objects when tracker was already started
12-07 13:00:06.568 E/TrackedObjectManager( 2832): Failed to connect to TrackedObjectService with error Status(-129, EX_TRANSACTION_FAILED): 'DEAD_OBJECT: '
12-07 13:00:06.568 E/TrackedObjectManager( 2832): Failed to start tracking keyboard object with error Status(-129, EX_TRANSACTION_FAILED): 'DEAD_OBJECT: '
12-07 13:00:06.581 E/TrackedObjectManager( 2832): Failed to connect to TrackedObjectService with error Status(-129, EX_TRANSACTION_FAILED): 'DEAD_OBJECT: '
12-07 13:00:06.581 W/OSDynamicObjectDataQuerier( 2832): Tracker stopped running without input server stopping it, attempting restart
12-07 13:00:06.581 W/OSDynamicObjectDataQuerier( 2832): Attempted to start tracking objects when tracker was already started
12-07 13:00:06.581 E/TrackedObjectManager( 2832): Failed to connect to TrackedObjectService with error Status(-129, EX_TRANSACTION_FAILED): 'DEAD_OBJECT: '
12-07 13:00:06.581 E/TrackedObjectManager( 2832): Failed to start tracking keyboard object with error Status(-129, EX_TRANSACTION_FAILED): 'DEAD_OBJECT: '
12-07 13:00:06.595 E/TrackedObjectManager( 2832): Failed to connect to TrackedObjectService with error Status(-129, EX_TRANSACTION_FAILED): 'DEAD_OBJECT: '
12-07 13:00:06.595 W/OSDynamicObjectDataQuerier( 2832): Attempted to start tracking objects when tracker was already started
12-07 13:00:06.595 E/TrackedObjectManager( 2832): Failed to connect to TrackedObjectService with error Status(-129, EX_TRANSACTION_FAILED): 'DEAD_OBJECT: '
12-07 13:00:06.595 E/TrackedObjectManager( 2832): Failed to start tracking keyboard object with error Status(-129, EX_TRANSACTION_FAILED): 'DEAD_OBJECT: '
12-07 13:00:06.596 I/GraphicsGovernor( 2832): Dynamic Foveation Lvl 3, Min Foveation Lvl 3, DynRes Enabled 1, DynRes Scaler 1.000000
12-07 13:00:06.609 E/TrackedObjectManager( 2832): Failed to connect to TrackedObjectService with error Status(-129, EX_TRANSACTION_FAILED): 'DEAD_OBJECT: '
12-07 13:00:06.609 W/OSDynamicObjectDataQuerier( 2832): Attempted to start tracking objects when tracker was already started
12-07 13:00:06.609 E/TrackedObjectManager( 2832): Failed to connect to TrackedObjectService with error Status(-129, EX_TRANSACTION_FAILED): 'DEAD_OBJECT: '
12-07 13:00:06.609 E/TrackedObjectManager( 2832): Failed to start tracking keyboard object with error Status(-129, EX_TRANSACTION_FAILED): 'DEAD_OBJECT: '
12-07 13:00:06.623 E/TrackedObjectManager( 2832): Failed to connect to TrackedObjectService with error Status(-129, EX_TRANSACTION_FAILED): 'DEAD_OBJECT: '
12-07 13:00:06.623 W/OSDynamicObjectDataQuerier( 2832): Attempted to start tracking objects when tracker was already started
12-07 13:00:06.623 E/TrackedObjectManager( 2832): Failed to connect to TrackedObjectService with error Status(-129, EX_TRANSACTION_FAILED): 'DEAD_OBJECT: '
12-07 13:00:06.623 E/TrackedObjectManager( 2832): Failed to start tracking keyboard object with error Status(-129, EX_TRANSACTION_FAILED): 'DEAD_OBJECT: '
12-07 13:00:06.629 I/OpenXR_Anchor( 3469): xrQuerySpacesFB: no split anchor query enabled
12-07 13:00:06.629 I/[CT]    ( 3469): SP:AF:InsightAnchorApi: QueryAnchorSpaces loadAndQueryAvailableAnchors flow. (task start) duration: 0.000000000 [sec], flags: 44, location: StorageLocation::LOCAL(1), method: 1, request: 4906, source: SourceType::LIVE_TRACKER(1)
12-07 13:00:06.629 I/[CT]    ( 3469): SP:AP:AnchorPersistenceRuntimeIpcClient: loadAvailableAnchors: maxAnchors: 500, filter: 0, queryMultipleRoomsEnabledByOpenXrVersion: true, source: 1, appId: com.oculus.vrshell
12-07 13:00:06.629 I/[CT]    ( 3469): RuntimeIpcHelper: RuntimeIpcClient::CALL_RPC isAsync: true, func: loadAvailableAnchors
12-07 13:00:06.629 I/[CT]    ( 4885): SP:AP:AnchorPersistenceRuntimeIpcServer: checkRPC start: sessionUuid:1e3ba3f0-dfb6-0aba-a69b-b18fb253c69c, clientId:2367474718, givenPackageName:com.oculus.vrshell
12-07 13:00:06.629 I/[CT]    ( 4885): SP:AP:AnchorPersistenceRuntimeIpcServer: checkPackageAccess - detectedPackageName:com.oculus.vrshell, detectedProcessName:com.oculus.vrshell, givenPackageName:com.oculus.vrshell
12-07 13:00:06.629 I/[CT]    ( 4885): SP:AP:AnchorPersistenceRuntimeIpcServer: checkRPC package name matches: sessionUuid:1e3ba3f0-dfb6-0aba-a69b-b18fb253c69c, clientId:2367474718, givenPackageName:com.oculus.vrshell, detectedPackageName:com.oculus.vrshell, detectedProcessName:com.oculus.vrshell
12-07 13:00:06.630 I/[CT]    ( 4885): SP:AP:AnchorPersistenceRuntimeIpcServer: queryAvailableAnchorsSMV2: clientId: 2367474718, maxAnchors: 500, filter: 0, queryMultipleRoomsEnabledByOpenXrVersion: true, source: 1, appId: com.oculus.vrshell
12-07 13:00:06.630 I/[CT]    ( 4885): SP:AP:AnchorPersistenceConfig: getSceneRuntimePermissionEnabled: USE_SCENE permission is enabled on this device
12-07 13:00:06.630 I/[CT]    ( 4885): SP:AP:AnchorPersistenceScenePermissions: hasClientGrantedScenePermission: USE_SCENE permission is enabled on this device, check client 2367474718, grant is true
12-07 13:00:06.630 I/[CT]    ( 4885): SP:AP:AnchorPersistenceConfig: getSceneRuntimePermissionEnabled: USE_SCENE permission is enabled on this device
12-07 13:00:06.631 I/[CT]    ( 4885): SP:SceneAnchorFilterUtil: filterSceneDataByPermission: com.oculus.vrshell permission check passed, keep scene data. anchors size: 0
12-07 13:00:06.632 I/[CT]    ( 3469): SP:AF:InsightAnchorApi: QueryAnchorSpaces (task finish) returnCode: AnchorResultCode::SUCCESS(0), numSpacesFound: 0, spacesFoundUuids: [], duration: 0.000000000 [sec], flags: 44, location: 1, method: 1, request: 4906
12-07 13:00:06.635 I/MRSS    ( 1157): MIXEDREALITY: MrSystemService: FramesetTelemetry: valid: -/-, stereo/depth/color: avail:  264/   0/ 636, accepted %: 100.0/0.0/100.0, dropped %: 0.0/0.0/0.0, valid %: 100.0/0.0/100.0, textured %: 0.0/0.0/100.0.
12-07 13:00:06.635 I/MRSS    ( 1157): MIXEDREALITY: MrSystemService: FramesetTelemetry: timeouts stereo/color: compute side: 0/0, render side: 0/0, egl: 0.
12-07 13:00:06.637 E/TrackedObjectManager( 2832): Failed to connect to TrackedObjectService with error Status(-129, EX_TRANSACTION_FAILED): 'DEAD_OBJECT: '
12-07 13:00:06.637 W/OSDynamicObjectDataQuerier( 2832): Attempted to start tracking objects when tracker was already started
12-07 13:00:06.637 E/TrackedObjectManager( 2832): Failed to connect to TrackedObjectService with error Status(-129, EX_TRANSACTION_FAILED): 'DEAD_OBJECT: '
12-07 13:00:06.637 E/TrackedObjectManager( 2832): Failed to start tracking keyboard object with error Status(-129, EX_TRANSACTION_FAILED): 'DEAD_OBJECT: '
12-07 13:00:06.645 I/[CT]    ( 3469): SP:TREX:SpatialPersistencePlugin: Event type: 6
12-07 13:00:06.645 I/TREX    ( 3469): Spatial Persistence event: QuerySpacesFinish
12-07 13:00:06.651 E/TrackedObjectManager( 2832): Failed to connect to TrackedObjectService with error Status(-129, EX_TRANSACTION_FAILED): 'DEAD_OBJECT: '
12-07 13:00:06.651 W/OSDynamicObjectDataQuerier( 2832): Attempted to start tracking objects when tracker was already started
12-07 13:00:06.651 E/TrackedObjectManager( 2832): Failed to connect to TrackedObjectService with error Status(-129, EX_TRANSACTION_FAILED): 'DEAD_OBJECT: '
12-07 13:00:06.651 E/TrackedObjectManager( 2832): Failed to start tracking keyboard object with error Status(-129, EX_TRANSACTION_FAILED): 'DEAD_OBJECT: '
12-07 13:00:06.665 E/TrackedObjectManager( 2832): Failed to connect to TrackedObjectService with error Status(-129, EX_TRANSACTION_FAILED): 'DEAD_OBJECT: '
12-07 13:00:06.665 W/OSDynamicObjectDataQuerier( 2832): Attempted to start tracking objects when tracker was already started
12-07 13:00:06.665 E/TrackedObjectManager( 2832): Failed to connect to TrackedObjectService with error Status(-129, EX_TRANSACTION_FAILED): 'DEAD_OBJECT: '
12-07 13:00:06.665 E/TrackedObjectManager( 2832): Failed to start tracking keyboard object with error Status(-129, EX_TRANSACTION_FAILED): 'DEAD_OBJECT: '
12-07 13:00:06.675 I/VrApi   ( 3469): FPS=72/72,Prd=26ms,Tear=0,Early=0,Stale=0,Stale2/5/10/max=0/0/0/0,VSnc=1,Lat=-1,Fov=3,CPU4/GPU=3/2,2361/456MHz,OC=3F,TA=0/0/0,SP=N/N/N,Mem=3196MHz,Free=3402MB,PLS=0,Temp=30.0C/0.0C,TW=2.21ms,App=1.25ms,GD=0.00ms,CPU&GPU=9.95ms,LCnt=6(DR72,LM4),GPU%=0.27,CPU%=0.86(W0.88),CFL=12.72/16.33,ICFLp95=15.60,LD=0,SF=1.00,LP=1,DVFS=0,ShrpLCnt=2,ShrpR=0.500,SSLCnt=0/0
12-07 13:00:06.679 E/TrackedObjectManager( 2832): Failed to connect to TrackedObjectService with error Status(-129, EX_TRANSACTION_FAILED): 'DEAD_OBJECT: '
12-07 13:00:06.679 W/OSDynamicObjectDataQuerier( 2832): Attempted to start tracking objects when tracker was already started
12-07 13:00:06.679 E/TrackedObjectManager( 2832): Failed to connect to TrackedObjectService with error Status(-129, EX_TRANSACTION_FAILED): 'DEAD_OBJECT: '
12-07 13:00:06.679 E/TrackedObjectManager( 2832): Failed to start tracking keyboard object with error Status(-129, EX_TRANSACTION_FAILED): 'DEAD_OBJECT: '
12-07 13:00:06.692 E/TrackedObjectManager( 2832): Failed to connect to TrackedObjectService with error Status(-129, EX_TRANSACTION_FAILED): 'DEAD_OBJECT: '
12-07 13:00:06.693 W/OSDynamicObjectDataQuerier( 2832): Attempted to start tracking objects when tracker was already started
12-07 13:00:06.693 E/TrackedObjectManager( 2832): Failed to connect to TrackedObjectService with error Status(-129, EX_TRANSACTION_FAILED): 'DEAD_OBJECT: '
12-07 13:00:06.693 E/TrackedObjectManager( 2832): Failed to start tracking keyboard object with error Status(-129, EX_TRANSACTION_FAILED): 'DEAD_OBJECT: '
12-07 13:00:06.706 E/TrackedObjectManager( 2832): Failed to connect to TrackedObjectService with error Status(-129, EX_TRANSACTION_FAILED): 'DEAD_OBJECT: '
12-07 13:00:06.706 W/OSDynamicObjectDataQuerier( 2832): Attempted to start tracking objects when tracker was already started
12-07 13:00:06.706 E/TrackedObjectManager( 2832): Failed to connect to TrackedObjectService with error Status(-129, EX_TRANSACTION_FAILED): 'DEAD_OBJECT: '
12-07 13:00:06.706 E/TrackedObjectManager( 2832): Failed to start tracking keyboard object with error Status(-129, EX_TRANSACTION_FAILED): 'DEAD_OBJECT: '
12-07 13:00:06.709 E/HzDcSyncController( 1971): Error while setting sysprop [persist.device_config.oculus_shared_os_services.oculus_mobile_telemetry_rate_limit]. The value length exceeds 91 bytes: 1640. Note that this error does not affect the value being read via MDC or ADC.
12-07 13:00:06.711 I/[CT]    ( 5455): SP:AF:AnchorFramework: calculateRigidScenePose: Located 9 / 9 anchors in a76ef9da-61e2-adec-fff1-f571f0d5f82f for calculating rigid scene pose for com.oculus.guardian
12-07 13:00:06.711 I/[CT]    ( 5455): SP:AF:AnchorAccuracy: New Rigid Scene calculated using 9 anchors attached to 1 IAs. 0.2011216870014323 seconds since last update
12-07 13:00:06.711 I/[CT]    ( 5455): SP:AF:AnchorAccuracy: Translation difference (mean/min/max): 0.008745259752484143 0.0002411412278888747 0.021600831300020218
12-07 13:00:06.711 I/[CT]    ( 5455): SP:AF:AnchorAccuracy: Rotation difference (mean/min/max): 0.009692719620135095 0.00947522185742855 0.009740007109940052
12-07 13:00:06.711 I/[CT]    ( 5455): SP:AF:AnchorAccuracy: New scene origin pose: 0.10804345458745956 -0.3983491063117981 0.4087739884853363 : 0.7066486477851868 -0.7066485285758972 0.02545081079006195 0.025450807064771652
12-07 13:00:06.711 I/[CT]    ( 5455): SP:AF:AnchorAccuracy: New scene origin pose moved: 2.7516759359969e-07 translation 1.5853294144108077e-07 rotation
12-07 13:00:06.720 E/TrackedObjectManager( 2832): Failed to connect to TrackedObjectService with error Status(-129, EX_TRANSACTION_FAILED): 'DEAD_OBJECT: '
12-07 13:00:06.720 W/OSDynamicObjectDataQuerier( 2832): Attempted to start tracking objects when tracker was already started
