--------- beginning of system
12-07 15:09:33.154 I/keystore2(  565): system/security/keystore2/src/watchdog.rs:319 - Watchdog thread idle -> terminating. Have a great day.
--------- beginning of tracking
12-07 15:09:33.664 I/SyncBossFW(  879): 85222536 [info   ] {PROX}: Prox state: 1
12-07 15:09:33.666 I/SyncBossHAL( 9363): [info   ] syncboss_hal_powerstate.c(54): Reporting powerstate event: PROX_ON
12-07 15:09:33.667 D/SensorService( 9363): Received Powerstate PROX_ON
12-07 15:09:33.667 I/PowerGroup( 1971): Waking up power group from Asleep (groupId=0, uid=1000, reason=WAKE_REASON_UNKNOWN, details=VrPwMng:leave-standby)...
12-07 15:09:33.667 I/PowerManagerService( 1971): Waking up from Asleep (uid=1000, reason=WAKE_REASON_UNKNOWN, details=VrPwMng:leave-standby)...
12-07 15:09:33.668 E/ActivityManager( 1971): Cancel pending or running compactions as system is awake
12-07 15:09:33.669 W/ContextImpl( 3282): Calling a method in the system process without a qualified user: android.app.ContextImpl.bindService:1988 android.content.ContextWrapper.bindService:861 com.oculus.userserver.api.OculusUserManager.bindService:732 com.oculus.userserver.api.OculusUserManager.access$200:39 com.oculus.userserver.api.OculusUserManager$BlockingServiceConnection.connect:80 
12-07 15:09:33.670 I/DisplayPowerController2[0]( 1971): Blocking screen on until initial contents have been drawn.
12-07 15:09:33.670 D/ActivityTaskManager( 1971): Top Process State changed to PROCESS_STATE_TOP
12-07 15:09:33.670 E/SensorClientUtils( 9367): Unknown power state received from VRPM: 5
12-07 15:09:33.671 E/ActivityTaskManager( 1971): setVisibility=true while transition is not collecting or finishing ActivityRecord{224fcee u0 com.oculus.vrshell/.HomeActivity t2465} caller=com.android.server.wm.ActivityRecord.setVisibility:5376 com.android.server.wm.TaskFragment.resumeTopActivity:1422 com.android.server.wm.Task.resumeTopActivityInnerLocked:5150 com.android.server.wm.Task.resumeTopActivityUncheckedLocked:5080 com.android.server.wm.Task.resumeTopActivityUncheckedLocked:5099 com.android.server.wm.Task.resumeTopActivityUncheckedLocked:5131 com.android.server.wm.RootWindowContainer.lambda$applySleepTokens$21:2451 com.android.server.wm.RootWindowContainer.$r8$lambda$D_Wc-Lh4EGRMPIlHgz7Bs4GPU0o:0 
12-07 15:09:33.671 E/SensorClientUtils( 9339): Unknown power state received from VRPM: 5
12-07 15:09:33.676 E/ActivityTaskManager( 1971): setVisibility=true while transition is not collecting or finishing ActivityRecord{44f5813 u0 com.oculus.vrshell/.FocusPlaceholderActivity t2924} caller=com.android.server.wm.ActivityRecord.setVisibility:5376 com.android.server.wm.ActivityRecord.makeVisibleIfNeeded:6132 com.android.server.wm.EnsureActivitiesVisibleHelper.setActivityVisibilityState:214 com.android.server.wm.EnsureActivitiesVisibleHelper.process:144 com.android.server.wm.TaskFragment.updateActivityVisibilities:1171 com.android.server.wm.Task.lambda$ensureActivitiesVisible$21:4984 com.android.server.wm.Task.$r8$lambda$mpSM591f23-emlE2bMkzIqa7Pww:0 com.android.server.wm.Task$$ExternalSyntheticLambda26.accept:0 
12-07 15:09:33.677 E/ActivityTaskManager( 1971): setVisibility=true while transition is not collecting or finishing ActivityRecord{a765865 u0 com.oculus.vrshell/com.oculus.panelapp.controlbar.UnifiedControlBarActivity t2575} caller=com.android.server.wm.ActivityRecord.setVisibility:5376 com.android.server.wm.ActivityRecord.makeVisibleIfNeeded:6132 com.android.server.wm.EnsureActivitiesVisibleHelper.setActivityVisibilityState:214 com.android.server.wm.EnsureActivitiesVisibleHelper.process:144 com.android.server.wm.TaskFragment.updateActivityVisibilities:1171 com.android.server.wm.Task.lambda$ensureActivitiesVisible$21:4984 com.android.server.wm.Task.$r8$lambda$mpSM591f23-emlE2bMkzIqa7Pww:0 com.android.server.wm.Task$$ExternalSyntheticLambda26.accept:0 
12-07 15:09:33.678 E/ActivityTaskManager( 1971): setVisibility=true while transition is not collecting or finishing ActivityRecord{3dfa583 u0 com.oculus.vrshell/com.oculus.panelapp.toasts.ToastsActivity t2469} caller=com.android.server.wm.ActivityRecord.setVisibility:5376 com.android.server.wm.ActivityRecord.makeVisibleIfNeeded:6132 com.android.server.wm.EnsureActivitiesVisibleHelper.setActivityVisibilityState:214 com.android.server.wm.EnsureActivitiesVisibleHelper.process:144 com.android.server.wm.TaskFragment.updateActivityVisibilities:1171 com.android.server.wm.Task.lambda$ensureActivitiesVisible$21:4984 com.android.server.wm.Task.$r8$lambda$mpSM591f23-emlE2bMkzIqa7Pww:0 com.android.server.wm.Task$$ExternalSyntheticLambda26.accept:0 
12-07 15:09:33.679 E/ActivityTaskManager( 1971): setVisibility=true while transition is not collecting or finishing ActivityRecord{f2fd22e u0 com.oculus.vrshell/com.oculus.panelapp.displaybar.DisplayBarActivity t2471} caller=com.android.server.wm.ActivityRecord.setVisibility:5376 com.android.server.wm.ActivityRecord.makeVisibleIfNeeded:6132 com.android.server.wm.EnsureActivitiesVisibleHelper.setActivityVisibilityState:214 com.android.server.wm.EnsureActivitiesVisibleHelper.process:144 com.android.server.wm.TaskFragment.updateActivityVisibilities:1171 com.android.server.wm.Task.lambda$ensureActivitiesVisible$21:4984 com.android.server.wm.Task.$r8$lambda$mpSM591f23-emlE2bMkzIqa7Pww:0 com.android.server.wm.Task$$ExternalSyntheticLambda26.accept:0 
12-07 15:09:33.680 E/ActivityTaskManager( 1971): setVisibility=true while transition is not collecting or finishing ActivityRecord{5735996 u0 com.oculus.systemux/com.oculus.panelapp.activetaskbar.ActiveTaskBarActivity t2466} caller=com.android.server.wm.ActivityRecord.setVisibility:5376 com.android.server.wm.ActivityRecord.makeVisibleIfNeeded:6132 com.android.server.wm.EnsureActivitiesVisibleHelper.setActivityVisibilityState:214 com.android.server.wm.EnsureActivitiesVisibleHelper.process:144 com.android.server.wm.TaskFragment.updateActivityVisibilities:1171 com.android.server.wm.Task.lambda$ensureActivitiesVisible$21:4984 com.android.server.wm.Task.$r8$lambda$mpSM591f23-emlE2bMkzIqa7Pww:0 com.android.server.wm.Task$$ExternalSyntheticLambda26.accept:0 
12-07 15:09:33.680 E/ActivityTaskManager( 1971): setVisibility=true while transition is not collecting or finishing ActivityRecord{334e1de u0 com.oculus.vrshell/com.oculus.panelapp.bloom.BloomActivity t2470} caller=com.android.server.wm.ActivityRecord.setVisibility:5376 com.android.server.wm.ActivityRecord.makeVisibleIfNeeded:6132 com.android.server.wm.EnsureActivitiesVisibleHelper.setActivityVisibilityState:214 com.android.server.wm.EnsureActivitiesVisibleHelper.process:144 com.android.server.wm.TaskFragment.updateActivityVisibilities:1171 com.android.server.wm.Task.lambda$ensureActivitiesVisible$21:4984 com.android.server.wm.Task.$r8$lambda$mpSM591f23-emlE2bMkzIqa7Pww:0 com.android.server.wm.Task$$ExternalSyntheticLambda26.accept:0 
12-07 15:09:33.683 I/ActivityManager( 1971): updateOomAdj start time is before than pendingPid added, don't delete it
12-07 15:09:33.684 I/ActivityManager( 1971): updateOomAdj start time is before than pendingPid added, don't delete it
12-07 15:09:33.684 W/ProcessStats( 1971): Tracking association SourceState{411af3 com.oculus.ocms/10068 Fgs #118730} whose proc state 3 is better than process ProcessState{5ce4b1 com.oculus.quickplayservice/1000 pkg=com.oculus.quickplayservice} proc state 14 (5 skipped)
12-07 15:09:33.684 V/ActivityManager( 1971): bindService: Intent { cmp=com.oculus.userserver2/com.oculus.userserver.managerservice.OculusUserManagerServiceStable } type=null conn=android.os.BinderProxy@72db3d2 flags=0x1
12-07 15:09:33.685 I/DisplayBrightnessStrategySelector( 1971): Changing the DisplayBrightnessStrategy from ScreenOffBrightnessStrategy toTemporaryBrightnessStrategy for display 0
12-07 15:09:33.685 I/UiModeController( 1971): Switching from com.oculus.vrshell to com.oculus.vrshell
12-07 15:09:33.685 V/DisplayPowerController2[0]( 1971): Brightness [0.49019608] reason changing to: 'temporary', previous reason: 'screen_off'.
12-07 15:09:33.687 I/DisplayPowerController2[0]( 1971): BrightnessEvent: disp=0, physDisp=local:4630946970282026130, brt=0.49019608, initBrt=0.0, rcmdBrt=NaN, preBrt=NaN, lux=0.0, preLux=0.0, hbmMax=1.0, hbmMode=off, rbcStrength=0, thrmMax=1.0, powerFactor=1.0, wasShortTermModelActive=false, flags=, reason=temporary, autoBrightness=false, strategy=TemporaryBrightnessStrategy
12-07 15:09:33.688 I/DisplayPowerController2[2]( 1971): Blocking screen on until initial contents have been drawn.
12-07 15:09:33.688 I/DisplayBrightnessStrategySelector( 1971): Changing the DisplayBrightnessStrategy from ScreenOffBrightnessStrategy toInvalidBrightnessStrategy for display 2
12-07 15:09:33.688 V/DisplayPowerController2[2]( 1971): Brightness [0.0] reason changing to: 'manual', previous reason: 'screen_off'.
12-07 15:09:33.688 I/DisplayPowerController2[2]( 1971): BrightnessEvent: disp=2, physDisp=virtual:android,1000,MirrorRoot for e4393e7a-5577-4bff-a71a-48da84d3f8a4,0, brt=0.0, initBrt=0.0, rcmdBrt=NaN, preBrt=NaN, lux=0.0, preLux=0.0, hbmMax=1.0, hbmMode=off, rbcStrength=-1, thrmMax=1.0, powerFactor=1.0, wasShortTermModelActive=false, flags=, reason=manual, autoBrightness=false, strategy=InvalidBrightnessStrategy
12-07 15:09:33.693 I/InterstitialController( 1971): onImmersiveActivityAppeared: uid: 10053, pid: 3469, state: 4, com.oculus.vrshell, on task: WCT{RemoteToken{5f731a0 Task{a438a27 #2 type=home}}}, launchId: null
12-07 15:09:33.693 I/DisplayPowerController2[3]( 1971): Blocking screen on until initial contents have been drawn.
12-07 15:09:33.693 I/DisplayBrightnessStrategySelector( 1971): Changing the DisplayBrightnessStrategy from ScreenOffBrightnessStrategy toInvalidBrightnessStrategy for display 3
12-07 15:09:33.693 V/DisplayPowerController2[3]( 1971): Brightness [0.0] reason changing to: 'manual', previous reason: 'screen_off'.
12-07 15:09:33.693 I/DisplayPowerController2[3]( 1971): BrightnessEvent: disp=3, physDisp=virtual:android,1000,MirrorRoot for 63fe882e-4429-4fd1-9917-69c7f7b51c89,0, brt=0.0, initBrt=0.0, rcmdBrt=NaN, preBrt=NaN, lux=0.0, preLux=0.0, hbmMax=1.0, hbmMode=off, rbcStrength=-1, thrmMax=1.0, powerFactor=1.0, wasShortTermModelActive=false, flags=, reason=manual, autoBrightness=false, strategy=InvalidBrightnessStrategy
12-07 15:09:33.693 I/DisplayPowerController2[5]( 1971): Blocking screen on until initial contents have been drawn.
12-07 15:09:33.694 D/JobServiceContext( 1971): Scheduling time out for 'com.oculus.userserver.managerservice.user.usersync.UserSyncJobService' jId: 1828726831, in 18 s
12-07 15:09:33.694 V/ActivityManager( 1971): bindService: Intent { flg=0x4 cmp=com.oculus.userserver2/com.oculus.userserver.managerservice.user.usersync.UserSyncJobService } type=null conn=android.app.LoadedApk$ServiceDispatcher$InnerConnection@b337fff flags=0x8105
12-07 15:09:33.695 I/DisplayBrightnessStrategySelector( 1971): Changing the DisplayBrightnessStrategy from ScreenOffBrightnessStrategy toInvalidBrightnessStrategy for display 5
12-07 15:09:33.695 V/DisplayPowerController2[5]( 1971): Brightness [0.0] reason changing to: 'manual', previous reason: 'screen_off'.
12-07 15:09:33.695 I/DisplayPowerController2[5]( 1971): BrightnessEvent: disp=5, physDisp=virtual:android,1000,MirrorRoot for 847068b1-90d9-4580-b78f-e3071c88f73e,0, brt=0.0, initBrt=0.0, rcmdBrt=NaN, preBrt=NaN, lux=0.0, preLux=0.0, hbmMax=1.0, hbmMode=off, rbcStrength=-1, thrmMax=1.0, powerFactor=1.0, wasShortTermModelActive=false, flags=, reason=manual, autoBrightness=false, strategy=InvalidBrightnessStrategy
12-07 15:09:33.696 I/DisplayPowerController2[6]( 1971): Blocking screen on until initial contents have been drawn.
12-07 15:09:33.696 I/DisplayBrightnessStrategySelector( 1971): Changing the DisplayBrightnessStrategy from ScreenOffBrightnessStrategy toInvalidBrightnessStrategy for display 6
12-07 15:09:33.696 V/DisplayPowerController2[6]( 1971): Brightness [0.0] reason changing to: 'manual', previous reason: 'screen_off'.
12-07 15:09:33.696 I/DisplayPowerController2[6]( 1971): BrightnessEvent: disp=6, physDisp=virtual:android,1000,MirrorRoot for 554da8b2-df3a-4057-9260-2365d3e188ed,0, brt=0.0, initBrt=0.0, rcmdBrt=NaN, preBrt=NaN, lux=0.0, preLux=0.0, hbmMax=1.0, hbmMode=off, rbcStrength=-1, thrmMax=1.0, powerFactor=1.0, wasShortTermModelActive=false, flags=, reason=manual, autoBrightness=false, strategy=InvalidBrightnessStrategy
12-07 15:09:33.696 I/DisplayPowerController2[9]( 1971): Blocking screen on until initial contents have been drawn.
12-07 15:09:33.699 I/DisplayBrightnessStrategySelector( 1971): Changing the DisplayBrightnessStrategy from ScreenOffBrightnessStrategy toInvalidBrightnessStrategy for display 9
12-07 15:09:33.699 V/DisplayPowerController2[9]( 1971): Brightness [0.0] reason changing to: 'manual', previous reason: 'screen_off'.
12-07 15:09:33.699 I/DisplayPowerController2[9]( 1971): BrightnessEvent: disp=9, physDisp=virtual:android,1000,MirrorRoot for efab378f-d430-453e-9e9a-9f58c3efb41b,0, brt=0.0, initBrt=0.0, rcmdBrt=NaN, preBrt=NaN, lux=0.0, preLux=0.0, hbmMax=1.0, hbmMode=off, rbcStrength=-1, thrmMax=1.0, powerFactor=1.0, wasShortTermModelActive=false, flags=, reason=manual, autoBrightness=false, strategy=InvalidBrightnessStrategy
12-07 15:09:33.700 I/DisplayPowerController2[11]( 1971): Blocking screen on until initial contents have been drawn.
12-07 15:09:33.702 D/JobServiceContext( 1971): handleServiceBound for f8f3b1e #u0a58/1828726831 com.oculus.userserver2/com.oculus.userserver.managerservice.user.usersync.UserSyncJobService
12-07 15:09:33.702 D/JobServiceContext( 1971): Scheduling time out for 'com.oculus.userserver.managerservice.user.usersync.UserSyncJobService' jId: 1828726831, in 8 s
12-07 15:09:33.703 D/JobServiceContext( 1971): doCallback of : JobStatus{f8f3b1e #u0a58/1828726831 com.oculus.userserver2/com.oculus.userserver.managerservice.user.usersync.UserSyncJobService u=0 s=10058 TIME=-11ms:+23h59m59s989ms NET PERIODIC READY} v:VERB_STARTING
12-07 15:09:33.704 D/JobServiceContext( 1971): Scheduling time out for 'com.oculus.userserver.managerservice.user.usersync.UserSyncJobService' jId: 1828726831, in 300 s
12-07 15:09:33.707 I/DisplayBrightnessStrategySelector( 1971): Changing the DisplayBrightnessStrategy from ScreenOffBrightnessStrategy toInvalidBrightnessStrategy for display 11
12-07 15:09:33.707 V/DisplayPowerController2[11]( 1971): Brightness [0.0] reason changing to: 'manual', previous reason: 'screen_off'.
12-07 15:09:33.707 I/DisplayPowerController2[11]( 1971): BrightnessEvent: disp=11, physDisp=virtual:android,1000,MirrorRoot for 79fe7f8c-5222-497d-a237-9d9502b5710a,0, brt=0.0, initBrt=0.0, rcmdBrt=NaN, preBrt=NaN, lux=0.0, preLux=0.0, hbmMax=1.0, hbmMode=off, rbcStrength=-1, thrmMax=1.0, powerFactor=1.0, wasShortTermModelActive=false, flags=, reason=manual, autoBrightness=false, strategy=InvalidBrightnessStrategy
12-07 15:09:33.708 I/DisplayPowerController2[12]( 1971): Blocking screen on until initial contents have been drawn.
12-07 15:09:33.708 I/DisplayBrightnessStrategySelector( 1971): Changing the DisplayBrightnessStrategy from ScreenOffBrightnessStrategy toInvalidBrightnessStrategy for display 12
12-07 15:09:33.708 V/DisplayPowerController2[12]( 1971): Brightness [0.0] reason changing to: 'manual', previous reason: 'screen_off'.
12-07 15:09:33.708 I/DisplayPowerController2[12]( 1971): BrightnessEvent: disp=12, physDisp=virtual:android,1000,MirrorRoot for 883a999f-5853-4b1f-bd01-cc8aa07ee944,0, brt=0.0, initBrt=0.0, rcmdBrt=NaN, preBrt=NaN, lux=0.0, preLux=0.0, hbmMax=1.0, hbmMode=off, rbcStrength=-1, thrmMax=1.0, powerFactor=1.0, wasShortTermModelActive=false, flags=, reason=manual, autoBrightness=false, strategy=InvalidBrightnessStrategy
12-07 15:09:33.708 I/DisplayPowerController2[104]( 1971): Blocking screen on until initial contents have been drawn.
12-07 15:09:33.709 I/DisplayBrightnessStrategySelector( 1971): Changing the DisplayBrightnessStrategy from ScreenOffBrightnessStrategy toInvalidBrightnessStrategy for display 104
12-07 15:09:33.709 V/DisplayPowerController2[104]( 1971): Brightness [0.0] reason changing to: 'manual', previous reason: 'screen_off'.
12-07 15:09:33.709 I/DisplayPowerController2[104]( 1971): BrightnessEvent: disp=104, physDisp=virtual:android,1000,MirrorRoot for f28a0a90-101b-49f2-9e77-80a860b7197b,0, brt=0.0, initBrt=0.0, rcmdBrt=NaN, preBrt=NaN, lux=0.0, preLux=0.0, hbmMax=1.0, hbmMode=off, rbcStrength=-1, thrmMax=1.0, powerFactor=1.0, wasShortTermModelActive=false, flags=, reason=manual, autoBrightness=false, strategy=InvalidBrightnessStrategy
12-07 15:09:33.709 I/DisplayPowerController2[237]( 1971): Blocking screen on until initial contents have been drawn.
12-07 15:09:33.710 I/DisplayBrightnessStrategySelector( 1971): Changing the DisplayBrightnessStrategy from ScreenOffBrightnessStrategy toInvalidBrightnessStrategy for display 237
12-07 15:09:33.710 V/DisplayPowerController2[237]( 1971): Brightness [0.0] reason changing to: 'manual', previous reason: 'screen_off'.
12-07 15:09:33.710 I/DisplayPowerController2[237]( 1971): BrightnessEvent: disp=237, physDisp=virtual:android,1000,MirrorRoot for c6f66c87-7856-4356-9a76-41fdd287daf2,0, brt=0.0, initBrt=0.0, rcmdBrt=NaN, preBrt=NaN, lux=0.0, preLux=0.0, hbmMax=1.0, hbmMode=off, rbcStrength=-1, thrmMax=1.0, powerFactor=1.0, wasShortTermModelActive=false, flags=, reason=manual, autoBrightness=false, strategy=InvalidBrightnessStrategy
12-07 15:09:33.711 I/DisplayPowerController2[1044]( 1971): Blocking screen on until initial contents have been drawn.
12-07 15:09:33.711 I/DisplayBrightnessStrategySelector( 1971): Changing the DisplayBrightnessStrategy from ScreenOffBrightnessStrategy toInvalidBrightnessStrategy for display 1044
12-07 15:09:33.711 V/DisplayPowerController2[1044]( 1971): Brightness [0.0] reason changing to: 'manual', previous reason: 'screen_off'.
12-07 15:09:33.711 I/DisplayPowerController2[1044]( 1971): BrightnessEvent: disp=1044, physDisp=virtual:android,1000,MirrorRoot for 6482edfa-d52a-4883-93eb-320448fb84d8,0, brt=0.0, initBrt=0.0, rcmdBrt=NaN, preBrt=NaN, lux=0.0, preLux=0.0, hbmMax=1.0, hbmMode=off, rbcStrength=-1, thrmMax=1.0, powerFactor=1.0, wasShortTermModelActive=false, flags=, reason=manual, autoBrightness=false, strategy=InvalidBrightnessStrategy
12-07 15:09:33.712 I/DisplayPowerController2[0]( 1971): Unblocked screen on after 42 ms
12-07 15:09:33.712 I/DisplayPowerController2[2]( 1971): Unblocked screen on after 24 ms
12-07 15:09:33.712 I/DisplayPowerController2[3]( 1971): Unblocked screen on after 19 ms
12-07 15:09:33.712 I/DisplayPowerController2[5]( 1971): Unblocked screen on after 19 ms
12-07 15:09:33.712 I/DisplayPowerController2[6]( 1971): Unblocked screen on after 16 ms
12-07 15:09:33.712 I/DisplayPowerController2[9]( 1971): Unblocked screen on after 16 ms
12-07 15:09:33.712 I/DisplayPowerController2[11]( 1971): Unblocked screen on after 12 ms
12-07 15:09:33.712 I/DisplayPowerController2[12]( 1971): Unblocked screen on after 4 ms
12-07 15:09:33.712 I/DisplayPowerController2[104]( 1971): Unblocked screen on after 4 ms
12-07 15:09:33.712 I/DisplayPowerController2[237]( 1971): Unblocked screen on after 3 ms
12-07 15:09:33.712 I/DisplayPowerController2[1044]( 1971): Unblocked screen on after 1 ms
12-07 15:09:33.716 I/DisplayDeviceRepository( 1971): Display device changed state: "Built-in Screen", ON
12-07 15:09:33.718 I/DisplayDevice( 1971): [0] Layerstack set to 0 for local:4630946970282026130
--------- beginning of kernel
12-07 15:09:33.679 I/[drm:dsi_display_set_mode [msm_drm]] [msm-dsi-info](    0): mdp_transfer_time=0, hactive=4128, vactive=2208, fps=72, clk_rate=0
12-07 15:09:33.679 I/[drm:dsi_ctrl_isr_configure [msm_drm]] [msm-dsi-info](    0): dsi-ctrl-0: IRQ 438 registered
12-07 15:09:33.679 I/[drm:dsi_ctrl_isr_configure [msm_drm]] [msm-dsi-info](    0): dsi-ctrl-1: IRQ 439 registered
12-07 15:09:33.723 V/ActivityManager( 1971): bindService: Intent { act=com.oculus.vrshell.SHELL_ENV_START_SERVICE cat=[android.intent.category.INFO] dat=shellenv://bind/... flg=0x10000000 pkg=com.oculus.vrshell cmp=com.oculus.vrshell/.ShellService } type=null conn=android.os.BinderProxy@6105873 flags=0x1000
12-07 15:09:33.724 D/SensorClientUtils( 9367): Received power state from VRPM: RUNNING
12-07 15:09:33.724 D/PowerMonitor( 9367): Cancelling delayed transition to SLEEP
12-07 15:09:33.724 D/SensorClientUtils( 9339): Received power state from VRPM: RUNNING
12-07 15:09:33.724 D/PowerMonitor( 9339): Cancelling delayed transition to SLEEP
12-07 15:09:33.724 D/PowerMonitor( 9339): Received transition request from SLEEP to RUNNING
12-07 15:09:33.724 D/PowerMonitor( 9367): Received transition request from SLEEP to RUNNING
12-07 15:09:33.724 D/PowerMonitor( 9339): Executing transition from SLEEP to STANDBY
12-07 15:09:33.724 D/ControllerManagement( 9339): [controller] SLEEP -> STANDBY
12-07 15:09:33.724 D/ControllerManagement( 9339): ControllerGlue: setting expected mode to Streaming
12-07 15:09:33.724 D/ControllerManagement( 9339): ControllerGlue: Setting current mode to Streaming
12-07 15:09:33.724 D/ControllerManagement( 9339): ControllerGlue: leave mode Disabled
12-07 15:09:33.724 D/ControllerManagement( 9339): ControllerGlue: Setting mode to Streaming
12-07 15:09:33.724 D/ControllerManagement( 9339): ControllerGlue: enter mode Streaming
12-07 15:09:33.724 D/PowerMonitor( 9367): Executing transition from SLEEP to STANDBY
12-07 15:09:33.724 D/TrackingFidelityService( 9367): [Utility Frequency][tfs.utility.powermonitor] applyPowerState: SLEEP -> STANDBY
12-07 15:09:33.724 D/PowerMonitor( 9367): Executing transition from STANDBY to RUNNING
12-07 15:09:33.724 D/TrackingFidelityService( 9367): [Utility Frequency][tfs.utility.powermonitor] applyPowerState: STANDBY -> RUNNING
12-07 15:09:33.725 D/libsensorscommon( 9363): ControllerProvider: StreamingClient requested by 9339
12-07 15:09:33.725 D/SensorService( 9363): ControllerProvider: acquiring StreamingSession
12-07 15:09:33.725 D/SensorService( 9363): SyncbossEventHandler: starting all streams
12-07 15:09:33.725 D/SensorService( 9363): SyncbossEventHandler: stopping all streams
12-07 15:09:33.726 D/SensorService( 9363): SyncbossEventHandler: producerThreadFunc() start
12-07 15:09:33.726 D/SensorService( 9363): SyncbossEventHandler: producerThreadFunc() exit
12-07 15:09:33.726 D/SensorService( 9363): SyncbossEventHandler: starting all streams
12-07 15:09:33.726 D/SensorService( 9363): SyncbossEventHandler: producerThreadFunc() start
12-07 15:09:33.726 D/SensorService( 9363): SyncbossEventHandler: acquired session; approx # alive: 1
12-07 15:09:33.728 D/TSAccess( 9367): Apply power state 'Running'
12-07 15:09:33.684 I/vd6281  (    0): spi speed set : 4174000
12-07 15:09:33.684 I/vd6281  (    0): nb of samples per chunk  : 4096
12-07 15:09:33.684 I/vd6281  (    0): sample width in bytes: 64
12-07 15:09:33.685 I/init    (    0): processing action (sys.hmt.mounted=1) from (/vendor/etc/init/hw/init.eureka.rc:12)
12-07 15:09:33.685 I/init    (    0): processing action (sys.hmt.mounted=1) from (/vendor/etc/init/hw/init.anorak.rc:393)
12-07 15:09:33.728 D/TrackingService( 9368): apply power state 'Running'
12-07 15:09:33.728 D/PowerMonitor( 9368): Cancelling delayed transition to SLEEP
12-07 15:09:33.728 D/PowerMonitor( 9368): Received transition request from SLEEP to RUNNING
12-07 15:09:33.728 D/PowerMonitor( 9368): Executing transition from SLEEP to STANDBY
12-07 15:09:33.729 D/TrackingService( 9368): StateHandler setState powerState=STANDBY
12-07 15:09:33.729 D/TrackingService( 9368): Enqueued transition to (targetPowerState, targetMuxName): (STANDBY, --) - transition timeout: 1000000000 ns
12-07 15:09:33.729 I/TrackingService( 9368): [                   PerfLockHooks] Power transition: SLEEP -> STANDBY transition time: 0 ms
12-07 15:09:33.729 I/TrackingService( 9368): [                            bolt] Power transition: SLEEP -> STANDBY transition time: 0 ms
12-07 15:09:33.729 D/TrackingService( 9368): IOT sleep to standby started
12-07 15:09:33.730 I/SyncBossHAL( 9363): [info   ] syncboss_hal_impl_input.c(437): no pulsar frequency blocklist (vendor.syncbosshal.pulsar_blocklist) set
12-07 15:09:33.730 I/SyncBossHAL( 9363): [info   ] syncboss_hal_impl_input.c(496): No AFH behavior specified, enabled by default
12-07 15:09:33.731 I/SyncBossHAL( 9363): [info   ] pulsar_manager_utils.c(664): Starting Pulsar beacon mode
12-07 15:09:33.734 I/SyncBossFW(  879): 85222605 [info   ] {WIHI}: Starting beacon mode
12-07 15:09:33.735 D/SensorService( 9363): SyncbossEventHandler: Enabled sensor PULSAR - Active sensors: synthetic[HMD_DOUBLETAP,EXTERNAL_TIMING,ZAP] non-synth[PULSAR]
12-07 15:09:33.735 D/SensorService( 9363): ControllerProvider: acquiring StreamingClient impl; approx # alive: 1
12-07 15:09:33.735 D/libsensorscommon( 9363): ControllerProvider: acquiring StreamingClient hidl for client 9339
12-07 15:09:33.735 D/ControllerManagement( 9339): RemoteService::recordControllerStatusUpdate: device 402c25cbf028a4e8: status: SEARCHING tracking: POSITION, errors: --
12-07 15:09:33.735 D/ControllerManagement( 9339): RemoteService::recordControllerStatusUpdate: device f343f271512a1feb: status: SEARCHING tracking: ORIENTATION, errors: --
12-07 15:09:33.736 D/PowerMonitor( 9339): Executing transition from STANDBY to RUNNING
12-07 15:09:33.736 D/ControllerManagement( 9339): [controller] STANDBY -> RUNNING
12-07 15:09:33.739 D/SensorService( 9363): Syncboss input 402c25cbf028a4e8 hardware type 6, subtype 2, revision 
12-07 15:09:33.739 I/SensorService( 9363): preparePairedControllerInfo is adding device with valid 1
12-07 15:09:33.739 D/SensorService( 9363): Syncboss input f343f271512a1feb hardware type 6, subtype 1, revision 
12-07 15:09:33.739 I/SensorService( 9363): preparePairedControllerInfo is adding device with valid 1
12-07 15:09:33.742 D/SensorService( 9363): stateChangeNotifierFunc(): Reporting controller info. Change token: 68, paired=2 connected=0
12-07 15:09:33.743 D/ControllerManagement( 9339): processStateChange([PairedControllerInfo RUBY 402c25cbf028a4e8 disconnected detached mcnt=2])
12-07 15:09:33.743 D/ControllerManagement( 9339): processStateChange([PairedControllerInfo RUBY f343f271512a1feb disconnected detached mcnt=2])
12-07 15:09:33.743 D/ControllerManagement( 9339): processStateChange([PairedControllerInfo RUBY 402c25cbf028a4e8 disconnected detached update-required mcnt=2])
12-07 15:09:33.744 I/VolumetricWindowManagerServiceImpl( 1971): changing secure flag for 554da8b2-df3a-4057-9260-2365d3e188ed: false -> true
12-07 15:09:33.746 D/SensorService( 9363): Found paired controllers: 2
12-07 15:09:33.747 D/SensorService( 9363): Syncboss input 402c25cbf028a4e8 hardware type 6, subtype 2, revision 
12-07 15:09:33.747 I/SensorService( 9363): preparePairedControllerInfo is adding device with valid 1
12-07 15:09:33.747 D/SensorService( 9363): Syncboss input f343f271512a1feb hardware type 6, subtype 1, revision 
12-07 15:09:33.747 I/SensorService( 9363): preparePairedControllerInfo is adding device with valid 1
12-07 15:09:33.747 D/ControllerManagement( 9339): processStateChange([PairedControllerInfo RUBY f343f271512a1feb disconnected detached update-required mcnt=2])
12-07 15:09:33.750 D/SensorService( 9363): Found paired controllers: 2
12-07 15:09:33.750 D/SensorService( 9363): Syncboss input 402c25cbf028a4e8 hardware type 6, subtype 2, revision 
12-07 15:09:33.750 I/SensorService( 9363): preparePairedControllerInfo is adding device with valid 1
12-07 15:09:33.751 D/SensorService( 9363): Syncboss input f343f271512a1feb hardware type 6, subtype 1, revision 
12-07 15:09:33.751 I/SensorService( 9363): preparePairedControllerInfo is adding device with valid 1
12-07 15:09:33.762 D/JobServiceContext( 1971): Scheduling time out for 'com.oculus.auth.control.AccountSyncJobService' jId: 1828726837, in 18 s
12-07 15:09:33.763 V/ActivityManager( 1971): bindService: Intent { flg=0x4 cmp=com.oculus.horizon/com.oculus.auth.control.AccountSyncJobService } type=null conn=android.app.LoadedApk$ServiceDispatcher$InnerConnection@b248292 flags=0x8105
12-07 15:09:33.767 D/JobServiceContext( 1971): Scheduling time out for 'com.oculus.auth.control.SessionPingJobService' jId: 1828726842, in 18 s
12-07 15:09:33.769 V/ActivityManager( 1971): bindService: Intent { flg=0x4 cmp=com.oculus.horizon/com.oculus.auth.control.SessionPingJobService } type=null conn=android.app.LoadedApk$ServiceDispatcher$InnerConnection@de8c3bf flags=0x8105
12-07 15:09:33.781 D/JobServiceContext( 1971): handleServiceBound for d3d301d #u0a102/1828726837 com.oculus.horizon/com.oculus.auth.control.AccountSyncJobService
12-07 15:09:33.781 D/JobServiceContext( 1971): Scheduling time out for 'com.oculus.auth.control.AccountSyncJobService' jId: 1828726837, in 8 s
12-07 15:09:33.782 I/Telecom ( 1971): CallAudioRouteStateMachine: Message received: MUTE_EXTERNALLY_CHANGED=3004, arg1=0: CARSM.mCR->CARSM.pM_MUTE_EXTERNALLY_CHANGED@ArQ
12-07 15:09:33.782 I/Telecom ( 1971): QuiescentEarpieceRoute: Processing message MUTE_EXTERNALLY_CHANGED: CARSM.mCR->CARSM.pM_MUTE_EXTERNALLY_CHANGED@ArQ
12-07 15:09:33.784 D/JobServiceContext( 1971): handleServiceBound for c0435de #u0a102/1828726842 com.oculus.horizon/com.oculus.auth.control.SessionPingJobService
12-07 15:09:33.784 D/JobServiceContext( 1971): Scheduling time out for 'com.oculus.auth.control.SessionPingJobService' jId: 1828726842, in 8 s
12-07 15:09:33.785 D/JobServiceContext( 1971): doCallback of : JobStatus{d3d301d #u0a102/1828726837 com.oculus.horizon/com.oculus.auth.control.AccountSyncJobService u=0 s=10102 TIME=-24ms:+5h59m59s976ms NET PERIODIC READY} v:VERB_STARTING
12-07 15:09:33.785 D/JobServiceContext( 1971): Scheduling time out for 'com.oculus.auth.control.AccountSyncJobService' jId: 1828726837, in 300 s
12-07 15:09:33.786 D/JobServiceContext( 1971): doCallback of : JobStatus{c0435de #u0a102/1828726842 com.oculus.horizon/com.oculus.auth.control.SessionPingJobService u=0 s=10102 TIME=none:-19ms READY} v:VERB_STARTING
12-07 15:09:33.786 D/JobServiceContext( 1971): Scheduling time out for 'com.oculus.auth.control.SessionPingJobService' jId: 1828726842, in 300 s
12-07 15:09:33.786 I/SensorService( 9363): registerDirectChannel_: Allocated direct channel handle 2 (to pid 1971)
12-07 15:09:33.787 D/JobServiceContext( 1971): doCallback of : JobStatus{c0435de #u0a102/1828726842 com.oculus.horizon/com.oculus.auth.control.SessionPingJobService u=0 s=10102 TIME=none:-20ms READY} v:VERB_EXECUTING
12-07 15:09:33.787 D/JobServiceContext( 1971): Cleaning up c0435de #u0a102/1828726842 com.oculus.horizon/com.oculus.auth.control.SessionPingJobService reschedule=false reason=app called jobFinished
12-07 15:09:33.787 W/VolumetricWindowManagerService( 1971): Skip associateSpatialAudio because token appears to not be valid for any user: android.view.ViewRootImpl$W@d3e1d34 for session ID 16281 from pid 1971
12-07 15:09:33.789 I/SensorService( 9363): configDirectReport for channelHandle:2 sensorHandle:3 Rate:1
12-07 15:09:33.831 I/wlan    ( 4847): [4847:I:OSIF] scan start scan id 41042
12-07 15:09:33.941 D/SensorService( 9363): SyncbossEventHandler: acquired session; approx # alive: 2
12-07 15:09:33.945 I/SyncBossFW(  879): 85222816 [info   ] {APPI}: Setting imu data rate to 800.0000
12-07 15:09:33.945 I/SyncBossFW(  879): 85222817 [info   ] {APPI}: Enabling IMU
12-07 15:09:33.956 I/DisplayDeviceRepository( 1971): Display device changed state: "Built-in Screen", ON
12-07 15:09:33.957 D/DisplayManagerService( 1971): Ignore redundant display event 0/2 to 10079/25425
12-07 15:09:33.957 D/DisplayManagerService( 1971): Ignore redundant display event 0/2 to 10049/32634
12-07 15:09:33.960 I/OculusWindowMgr( 1971): OWMS::focusChanged: windowRootTaskId: 2
12-07 15:09:33.960 I/OculusWindowMgr( 1971): OWMS::focusChanged: getImmersiveTask returned
12-07 15:09:33.960 I/OculusWindowMgr( 1971): OWMS::focusChanged: matchedTaskId: 2
12-07 15:09:33.971 W/PowerManagerService( 1971): Screen on took 303 ms
12-07 15:09:33.974 D/ActivityManager( 1971): sync unfroze 11169 com.meta.rl.trust.service for 3
12-07 15:09:33.979 D/CompatibilityChangeReporter( 1971): Compat change id reported: 135634846; UID 10103; state: DISABLED
12-07 15:09:33.979 D/CompatibilityChangeReporter( 1971): Compat change id reported: 177438394; UID 10103; state: DISABLED
12-07 15:09:33.979 D/CompatibilityChangeReporter( 1971): Compat change id reported: 135772972; UID 10103; state: DISABLED
12-07 15:09:33.979 D/CompatibilityChangeReporter( 1971): Compat change id reported: 135754954; UID 10103; state: DISABLED
12-07 15:09:33.979 D/CompatibilityChangeReporter( 1971): Compat change id reported: 143937733; UID 10103; state: DISABLED
12-07 15:09:33.985 D/SensorService( 9363): SyncbossEventHandler: Enabled sensor HMD_IMU - Active sensors: synthetic[HMD_DOUBLETAP,EXTERNAL_TIMING,ZAP] non-synth[HMD_IMU,PULSAR]
12-07 15:09:33.985 D/SensorService( 9363): SyncbossEventHandler: acquired session; approx # alive: 3
12-07 15:09:33.989 I/SyncBossHAL( 9363): [info   ] syncboss_hal_powerstate.c(54): Reporting powerstate event: PROX_OFF
12-07 15:09:33.989 D/SensorService( 9363): Received Powerstate PROX_OFF
12-07 15:09:33.989 I/SyncBossFW(  879): 85222860 [info   ] {APPI}: Setting mag data rate to 25.0000
12-07 15:09:33.989 I/SyncBossFW(  879): 85222862 [info   ] {PROX}: Prox state: 0
12-07 15:09:33.989 I/ActivityManager( 1971): Start proc 12028:com.oculus.socialplatform/u0a103 for broadcast {com.oculus.socialplatform/com.oculus.socialplatform.remotelaunch.UserPresentBroadcastReceiver}
12-07 15:09:33.991 D/SensorService( 9363): SyncbossEventHandler: Enabled sensor HMD_MAG - Active sensors: synthetic[HMD_DOUBLETAP,EXTERNAL_TIMING,ZAP] non-synth[HMD_MAG,HMD_IMU,PULSAR]
12-07 15:09:33.990 D/SensorClientUtils( 9339): Received power state from VRPM: STANDBY
12-07 15:09:33.991 D/PowerMonitor( 9339): Received transition request from RUNNING to STANDBY
12-07 15:09:33.991 D/PowerMonitor( 9339): Skipping no-op transition from RUNNING to STANDBY
12-07 15:09:33.992 D/TrackingService( 9368): IOT sleep to standby completed
12-07 15:09:33.992 I/TrackingService( 9368): [                             iot] Power transition: SLEEP -> STANDBY transition time: 262 ms
12-07 15:09:33.992 D/SensorClientUtils( 9367): Received power state from VRPM: STANDBY
12-07 15:09:33.992 D/PowerMonitor( 9367): Received transition request from RUNNING to STANDBY
12-07 15:09:33.992 D/PowerMonitor( 9367): Skipping no-op transition from RUNNING to STANDBY
12-07 15:09:33.992 D/TSAccess( 9367): Apply power state 'Standby'
12-07 15:09:33.992 D/TrackingService( 9368): starting IOT motion thread, imu batch dispatch enabled=false
12-07 15:09:33.993 I/SyncBossFW(  879): 85222863 [info   ] {APPI}: Enabling magnetometer
12-07 15:09:33.993 I/SyncBossFW(  879): 85222863 [info   ] {APPI}: Enabling mag streaming.  Temperature comp enabled
12-07 15:09:33.950 I/init    (    0): processing action (sys.hmt.mounted=0) from (/vendor/etc/init/hw/init.eureka.rc:15)
12-07 15:09:33.950 I/init    (    0): processing action (sys.hmt.mounted=0) from (/vendor/etc/init/hw/init.anorak.rc:396)
12-07 15:09:33.997 I/Telecom ( 1971): CallAudioRouteStateMachine: Message received: MUTE_EXTERNALLY_CHANGED=3004, arg1=0: CARSM.mCR->CARSM.pM_MUTE_EXTERNALLY_CHANGED@ArU
12-07 15:09:33.997 I/Telecom ( 1971): QuiescentEarpieceRoute: Processing message MUTE_EXTERNALLY_CHANGED: CARSM.mCR->CARSM.pM_MUTE_EXTERNALLY_CHANGED@ArU
12-07 15:09:34.003 D/JobServiceContext( 1971): Scheduling time out for 'androidx.work.impl.background.systemjob.SystemJobService' jId: 7329, in 18 s
12-07 15:09:34.003 V/ActivityManager( 1971): bindService: Intent { flg=0x4 cmp=com.oculus.metacam/androidx.work.impl.background.systemjob.SystemJobService } type=null conn=android.app.LoadedApk$ServiceDispatcher$InnerConnection@f088dd8 flags=0x8105
12-07 15:09:34.009 D/JobServiceContext( 1971): handleServiceBound for c208d4a #u0a93/7329 com.oculus.metacam/androidx.work.impl.background.systemjob.SystemJobService
12-07 15:09:34.009 D/JobServiceContext( 1971): Scheduling time out for 'androidx.work.impl.background.systemjob.SystemJobService' jId: 7329, in 8 s
12-07 15:09:34.009 D/JobServiceContext( 1971): doCallback of : JobStatus{c208d4a #u0a93/7329 com.oculus.metacam/androidx.work.impl.background.systemjob.SystemJobService u=0 s=10093 NET BATNOTLOW READY} v:VERB_STARTING
12-07 15:09:34.009 D/JobServiceContext( 1971): Scheduling time out for 'androidx.work.impl.background.systemjob.SystemJobService' jId: 7329, in 300 s
12-07 15:09:34.010 D/CompatibilityChangeReporter( 1971): Compat change id reported: 168419799; UID 10103; state: DISABLED
12-07 15:09:34.011 D/CompatibilityChangeReporter( 1971): Compat change id reported: 273564678; UID 10103; state: DISABLED
12-07 15:09:34.012 D/CompatibilityChangeReporter( 1971): Compat change id reported: 265195908; UID 10103; state: ENABLED
12-07 15:09:34.019 D/CompatibilityChangeReporter( 1971): Compat change id reported: 170503758; UID 10103; state: DISABLED
12-07 15:09:34.023 D/ActivityManager( 1971): sync unfroze 11079 com.oculus.hzosgallery for 7
12-07 15:09:34.035 D/JobServiceContext( 1971): doCallback of : JobStatus{c208d4a #u0a93/7329 com.oculus.metacam/androidx.work.impl.background.systemjob.SystemJobService u=0 s=10093 NET BATNOTLOW READY} v:VERB_EXECUTING
12-07 15:09:34.035 D/JobServiceContext( 1971): Cleaning up c208d4a #u0a93/7329 com.oculus.metacam/androidx.work.impl.background.systemjob.SystemJobService reschedule=false reason=app called jobFinished
12-07 15:09:34.063 V/ActivityManager( 1971): bindService: Intent { cmp=com.oculus.deviceauthserver/.DeviceAuthService } type=null conn=android.os.BinderProxy@c23afee flags=0x1
12-07 15:09:34.064 D/CompatibilityChangeReporter( 1971): Compat change id reported: 161252188; UID 1000; state: DISABLED
12-07 15:09:34.107 E/libsensortelemetry( 9368): imu_iot samples delayed: 6823054ns capture to arrival (ERS limit: 3500000ns)
12-07 15:09:34.128 I/TrackingService( 9368): [                   constellation] Power transition: SLEEP -> STANDBY transition time: 136 ms
12-07 15:09:34.128 D/TrackingService( 9368): [HANDTRACKINGGLUE] sleepToStandby
12-07 15:09:34.128 I/TrackingService( 9368): [                            hand] Power transition: SLEEP -> STANDBY transition time: 0 ms
12-07 15:09:34.128 I/TrackingService( 9368): [              selftracked_client] Power transition: SLEEP -> STANDBY transition time: 0 ms
12-07 15:09:34.128 I/TrackingService( 9368): [                            iobt] Power transition: SLEEP -> STANDBY transition time: 0 ms
12-07 15:09:34.148 D/CompatibilityChangeReporter( 1971): Compat change id reported: 175319604; UID 1000; state: ENABLED
12-07 15:09:34.148 D/CompatibilityChangeReporter( 1971): Compat change id reported: 195579280; UID 1000; state: ENABLED
12-07 15:09:34.168 I/TrackingService( 9368): [                          object] Power transition: SLEEP -> STANDBY transition time: 40 ms
12-07 15:09:34.169 D/libsensorscommon( 9363): ControllerProvider: StreamingClient requested by 9368
12-07 15:09:34.169 D/SensorService( 9363): ControllerProvider: acquiring StreamingClient impl; approx # alive: 2
12-07 15:09:34.169 I/TrackingService( 9368): [                      controller] Power transition: SLEEP -> STANDBY transition time: 0 ms
12-07 15:09:34.169 I/TrackingService( 9368): [            ExposureControlCmmv2] Power transition: SLEEP -> STANDBY transition time: 0 ms
12-07 15:09:34.169 D/ControllerManagement( 9339): processStateChange([PairedControllerInfo RUBY 402c25cbf028a4e8 disconnected detached update-required mcnt=2])
12-07 15:09:34.169 I/TrackingService( 9368): [                            face] Power transition: SLEEP -> STANDBY transition time: 0 ms
12-07 15:09:34.169 D/TrackingService( 9368): Transition completed for NONE
12-07 15:09:34.169 D/PowerMonitor( 9368): Executing transition from STANDBY to RUNNING
12-07 15:09:34.169 D/TrackingService( 9368): StateHandler setState powerState=RUNNING
12-07 15:09:34.169 D/TrackingService( 9368): Enqueued transition to (targetPowerState, targetMuxName): (RUNNING, --) - transition timeout: 1000000000 ns
12-07 15:09:34.171 D/SensorService( 9363): Found paired controllers: 2
12-07 15:09:34.171 D/SensorService( 9363): Syncboss input 402c25cbf028a4e8 hardware type 6, subtype 2, revision 
12-07 15:09:34.171 I/SensorService( 9363): preparePairedControllerInfo is adding device with valid 1
12-07 15:09:34.171 D/SensorService( 9363): Syncboss input f343f271512a1feb hardware type 6, subtype 1, revision 
12-07 15:09:34.171 I/SensorService( 9363): preparePairedControllerInfo is adding device with valid 1
12-07 15:09:34.171 D/ControllerManagement( 9339): processStateChange([PairedControllerInfo RUBY f343f271512a1feb disconnected detached update-required mcnt=2])
12-07 15:09:34.172 D/SensorService( 9363): Found paired controllers: 2
12-07 15:09:34.172 D/SensorService( 9363): Syncboss input 402c25cbf028a4e8 hardware type 6, subtype 2, revision 
12-07 15:09:34.172 I/SensorService( 9363): preparePairedControllerInfo is adding device with valid 1
12-07 15:09:34.172 D/SensorService( 9363): Syncboss input f343f271512a1feb hardware type 6, subtype 1, revision 
12-07 15:09:34.172 I/SensorService( 9363): preparePairedControllerInfo is adding device with valid 1
12-07 15:09:34.172 D/libsensorscommon( 9363): ControllerProvider: acquiring StreamingClient hidl for client 9368
12-07 15:09:34.180 I/TrackingService( 9368): [                   PerfLockHooks] Power transition: STANDBY -> RUNNING transition time: 0 ms
12-07 15:09:34.180 I/TrackingService( 9368): [                            bolt] Power transition: STANDBY -> RUNNING transition time: 0 ms
12-07 15:09:34.180 D/TrackingService( 9368): IOT standby to running started
12-07 15:09:34.181 D/CameraStream( 9363): [iot] Client [IOT(9368)] attempting start
12-07 15:09:34.181 I/FrameSetDispatcher( 9363): [{WT:RAW10}] Client pid=9368 (IOT): Client thread[{WT:RAW10}:IOT] started
12-07 15:09:34.182 I/CameraClientManager( 9363): [IOT(9368)][iot] client started (estimated 1 started clients total)
12-07 15:09:34.182 I/CameraClientManager( 9363): [[IOT(9368)][iot]] definitely starting stream
12-07 15:09:34.182 I/SensorService( 9363): [worldTracking] Starting cameras for purpose iot
12-07 15:09:34.150 I/CAM_INFO(    0): CAM-SENSOR: cam_sensor_driver_cmd: 1211 CAM_ACQUIRE_DEV Success for og01a1b id:0x7750,slave-addr:0xa0 crm:[0]
12-07 15:09:34.151 I/CAM_INFO(   23): CAM-SMMU: cam_smmu_map_user_iova: 3257 fd=729 already in list [23:9:34:192] cb=ife idx=0 handle=25084 len=757760,give same addr back
12-07 15:09:34.152 I/CAM_INFO(    0): CAM-CRM: cam_req_mgr_link_v3: 4951 link reserved 0000000000000000 0 trigger_type:1 num_devs:2 sess_hdl:16581120 no_crm:4
12-07 15:09:34.152 I/CAM_INFO(    0): CAM-ISP: cam_ife_hw_mgr_print_acquire_info: 2027 23:9:34.192 Acquired Single IFE[9] with [0 pix] [0 pd] [1 rdi] ports for ctx:4 per_port_enabled :0 sensor:0 ul: 1
12-07 15:09:34.152 I/CAM_INFO(    0): CAM-ISP: __cam_isp_ctx_acquire_hw_v2: 9737 NO CRM session,top state machine assigned for no crm ctx 4
12-07 15:09:34.160 I/CAM_INFO(    0): CAM-SENSOR: cam_sensor_driver_cmd: 1211 CAM_ACQUIRE_DEV Success for og01a1b id:0x7750,slave-addr:0xb0 crm:[0]
12-07 15:09:34.162 I/CAM_INFO(   23): CAM-SMMU: cam_smmu_map_user_iova: 3257 fd=751 already in list [23:9:34:202] cb=ife idx=0 handle=25084 len=757760,give same addr back
12-07 15:09:34.162 I/CAM_INFO(    0): CAM-CRM: cam_req_mgr_link_v3: 4951 link reserved 0000000000000000 0 trigger_type:1 num_devs:2 sess_hdl:9699845 no_crm:4
12-07 15:09:34.162 I/CAM_INFO(    0): CAM-ISP: cam_ife_hw_mgr_print_acquire_info: 2027 23:9:34.202 Acquired Single IFE[8] with [0 pix] [0 pd] [1 rdi] ports for ctx:9 per_port_enabled :0 sensor:1 ul: 1
12-07 15:09:34.162 I/CAM_INFO(    0): CAM-ISP: __cam_isp_ctx_acquire_hw_v2: 9737 NO CRM session,top state machine assigned for no crm ctx 9
12-07 15:09:34.168 I/CAM_INFO(    0): CAM-SENSOR: cam_sensor_driver_cmd: 1211 CAM_ACQUIRE_DEV Success for ov7251 id:0xd,slave-addr:0xc0 crm:[0]
12-07 15:09:34.169 I/CAM_INFO(   23): CAM-SMMU: cam_smmu_map_user_iova: 3257 fd=769 already in list [23:9:34:209] cb=ife idx=0 handle=25084 len=757760,give same addr back
12-07 15:09:34.169 I/CAM_INFO(    0): CAM-CRM: cam_req_mgr_link_v3: 4951 link reserved 0000000000000000 0 trigger_type:1 num_devs:2 sess_hdl:7143946 no_crm:4
12-07 15:09:34.169 I/CAM_INFO(    0): CAM-ISP: cam_ife_hw_mgr_print_acquire_info: 2027 23:9:34.209 Acquired Single IFE[7] with [0 pix] [0 pd] [1 rdi] ports for ctx:12 per_port_enabled :0 sensor:2 ul: 1
12-07 15:09:34.169 I/CAM_INFO(    0): CAM-ISP: __cam_isp_ctx_acquire_hw_v2: 9737 NO CRM session,top state machine assigned for no crm ctx 12
12-07 15:09:34.175 I/CAM_INFO(    0): CAM-SENSOR: cam_sensor_driver_cmd: 1211 CAM_ACQUIRE_DEV Success for ov7251 id:0xd,slave-addr:0xd0 crm:[0]
12-07 15:09:34.176 I/CAM_INFO(   23): CAM-SMMU: cam_smmu_map_user_iova: 3257 fd=791 already in list [23:9:34:216] cb=ife idx=0 handle=25084 len=757760,give same addr back
12-07 15:09:34.176 I/CAM_INFO(    0): CAM-CRM: cam_req_mgr_link_v3: 4951 link reserved 0000000000000000 0 trigger_type:1 num_devs:2 sess_hdl:2687503 no_crm:4
12-07 15:09:34.176 I/CAM_INFO(    0): CAM-ISP: cam_ife_hw_mgr_print_acquire_info: 2027 23:9:34.217 Acquired Single IFE[6] with [0 pix] [0 pd] [1 rdi] ports for ctx:0 per_port_enabled :0 sensor:3 ul: 1
12-07 15:09:34.217 I/SensorService( 9363): doEnableHalCameras[NICE] Create SyncbossHandleWrapper
12-07 15:09:34.217 I/SensorService( 9363): doEnableHalCameras[NICE] FsyncEventHandler::GetInstance
12-07 15:09:34.217 W/SensorService( 9363): Enabling sensor HMD_FSIN with noop callback
12-07 15:09:34.217 D/SensorService( 9363): SyncbossEventHandler: acquired session; approx # alive: 4
12-07 15:09:34.217 D/SensorService( 9363): SyncbossEventHandler: Enabled sensor HMD_FSIN - Active sensors: synthetic[HMD_DOUBLETAP,EXTERNAL_TIMING,ZAP] non-synth[HMD_MAG,HMD_IMU,HMD_FSIN,PULSA
12-07 15:09:34.221 I/SyncBossFW(  879): 85223093 [info   ] {GCM }: general_cam_mgr_init for cameras 0xf
12-07 15:09:34.224 D/CompatibilityChangeReporter( 1971): Compat change id reported: 271850009; UID 10080; state: ENABLED
12-07 15:09:34.274 V/ActivityManager( 1971): bindService: Intent { cmp=com.oculus.horizon/com.facebook.mobileconfigservice.service.MobileConfigService } type=null conn=android.os.BinderProxy@81fad57 flags=0x5
12-07 15:09:34.276 D/CompatibilityChangeReporter( 1971): Compat change id reported: 261072174; UID 10103; state: DISABLED
12-07 15:09:34.281 D/JobServiceContext( 1971): doCallback of : JobStatus{f8f3b1e #u0a58/1828726831 com.oculus.userserver2/com.oculus.userserver.managerservice.user.usersync.UserSyncJobService u=0 s=10058 TIME=-589ms:+23h59m59s411ms NET PERIODIC READY} v:VERB_EXECUTING
12-07 15:09:34.281 D/JobServiceContext( 1971): Cleaning up f8f3b1e #u0a58/1828726831 com.oculus.userserver2/com.oculus.userserver.managerservice.user.usersync.UserSyncJobService reschedule=false reason=app called jobFinished
12-07 15:09:34.290 D/JobServiceContext( 1971): doCallback of : JobStatus{d3d301d #u0a102/1828726837 com.oculus.horizon/com.oculus.auth.control.AccountSyncJobService u=0 s=10102 TIME=-529ms:+5h59m59s471ms NET PERIODIC READY} v:VERB_EXECUTING
12-07 15:09:34.290 D/JobServiceContext( 1971): Cleaning up d3d301d #u0a102/1828726837 com.oculus.horizon/com.oculus.auth.control.AccountSyncJobService reschedule=false reason=app called jobFinished
12-07 15:09:34.292 V/ActivityManager( 1971): bindService: Intent { act=com.oculus.presence.StablePresenceService cmp=com.oculus.presence/.services.presence.PresenceService (has extras) } type=null conn=android.os.BinderProxy@c81faae flags=0x1
12-07 15:09:34.294 V/ActivityManager( 1971): bindService: Intent { cmp=com.oculus.horizon/com.oculus.auth.service.AuthService2 } type=null conn=android.os.BinderProxy@9f82ce5 flags=0x1
12-07 15:09:34.310 I/ActivityManager( 1971): Flag disabled. Ignoring finishAttachApplication from uid: 10103. pid: 12028
12-07 15:09:34.176 I/CAM_INFO(    0): CAM-ISP: __cam_isp_ctx_acquire_hw_v2: 9737 NO CRM session,top state machine assigned for no crm ctx 0
12-07 15:09:34.292 I/init    (    0): processing action (service.bootanim.exit_vendor=1) from (/vendor/etc/init/hw/init.anorak.rc:390)
12-07 15:09:34.332 I/DisplayManagerService( 1971): vrCompositorReady: restore brightness updates
12-07 15:09:34.332 W/BrightnessSynchronizer( 1971): Brightness sync observer requesting synchronization a second time.
12-07 15:09:34.335 I/TrackingFidelityService( 9367): Received hand/controller update: hand_tracking_enabled
12-07 15:09:34.338 I/TrackingFidelityService( 9367): checkMultimodalFeature: Attempt made to enable multimodal hands+controllers when not supported by app
12-07 15:09:34.338 W/TrackingFidelityService( 9367): Fidelity data undefined in catalog for enabling feature like environment_lighting. 3 similar misses.
12-07 15:09:34.338 I/TrackingFidelityService( 9367): Request(s)={constellation:0,controller_selftracked:0,hands:3,environment_lighting:5,keyboard:0,scene_reconstruction:0,surface_inputs:0,}, Mux mode idx=8, name=lowLightHands, score=-1950
12-07 15:09:34.338 I/TrackingFidelityService( 9367): beginTransition[worldTracking]: lowLightController(1)->lowLightHands(8)
12-07 15:09:34.338 I/TrackingFidelityService( 9367): _applyMuxModeLockedInternal: Applying camera mux mode lowLightHands via requestFeaturesWithFidelitiesLocked
12-07 15:09:34.304 W/healthd (    0): battery l=100 v=4324 t=33.0 h=2 st=5 c=0 fc=4820000 cc=17 chg=a
12-07 15:09:34.363 D/CompatibilityChangeReporter( 1971): Compat change id reported: 271850009; UID 10103; state: DISABLED
12-07 15:09:34.363 D/CompatibilityChangeReporter( 1971): Compat change id reported: 253665015; UID 10103; state: DISABLED
12-07 15:09:34.363 D/CompatibilityChangeReporter( 1971): Compat change id reported: 194532703; UID 10103; state: DISABLED
