12-07 13:08:16.747 I/HorizonStandalone(22431): Config: Config file config/local_override_config.jsonc Not Found, falling back to  config/local_override_config.json
12-07 13:08:16.747 W/HorizonStandalone(22431): Io: readTextFile("config/local_override_config.json", buffer, dataSize)
12-07 13:08:16.747 I/HorizonStandalone(22431): Config: override file could not be found/read: config/local_override_config.json
12-07 13:08:16.747 W/HorizonStandalone(22431): Io: readTextFile("config/oculus/local_override_config.jsonc", buffer, dataSize)
12-07 13:08:16.747 I/HorizonStandalone(22431): Config: Config file config/oculus/local_override_config.jsonc Not Found, falling back to  config/oculus/local_override_config.json
12-07 13:08:16.747 W/HorizonStandalone(22431): Io: readTextFile("config/oculus/local_override_config.json", buffer, dataSize)
12-07 13:08:16.747 I/HorizonStandalone(22431): Config: override file could not be found/read: config/oculus/local_override_config.json
12-07 13:08:16.747 W/HorizonStandalone(22431): Io: readTextFile("config/oculus/arm64/local_override_config.jsonc", buffer, dataSize)
12-07 13:08:16.747 I/HorizonStandalone(22431): Config: Config file config/oculus/arm64/local_override_config.jsonc Not Found, falling back to  config/oculus/arm64/local_override_config.json
12-07 13:08:16.747 W/HorizonStandalone(22431): Io: readTextFile("config/oculus/arm64/local_override_config.json", buffer, dataSize)
12-07 13:08:16.747 I/HorizonStandalone(22431): Config: override file could not be found/read: config/oculus/arm64/local_override_config.json
12-07 13:08:16.747 W/HorizonStandalone(22431): Io: readTextFile("config/oculus/arm64/eureka/local_override_config.jsonc", buffer, dataSize)
12-07 13:08:16.747 I/HorizonStandalone(22431): Config: Config file config/oculus/arm64/eureka/local_override_config.jsonc Not Found, falling back to  config/oculus/arm64/eureka/local_override_config.json
12-07 13:08:16.747 W/HorizonStandalone(22431): Io: readTextFile("config/oculus/arm64/eureka/local_override_config.json", buffer, dataSize)
12-07 13:08:16.747 I/HorizonStandalone(22431): Config: override file could not be found/read: config/oculus/arm64/eureka/local_override_config.json
12-07 13:08:16.747 I/HorizonStandalone(22431): Config: Missing config horizon::worlds::splat_renderer::SplatRendererConfig on interface <fix-T201766142>, error deferred
12-07 13:08:16.747 I/HorizonStandalone(22431): Config: Missing config horizon::ui_debug::DebugUiConfig on interface <fix-T201766142>, error deferred
12-07 13:08:16.747 W/HorizonStandalone(22431): Config: AllowDefaultConfigs: No config file specified by manifest for horizon::scripting_model::ScriptingConfig. Using object defaults.
12-07 13:08:16.747 I/HorizonStandalone(22431): Config: Missing config horizon::physics::PhysicsConfig on interface <fix-T201766142>, error deferred
12-07 13:08:16.747 W/HorizonStandalone(22431): Config: AllowDefaultConfigs: No config file specified by manifest for horizon::networking::ShardingConfig. Using object defaults.
12-07 13:08:16.747 I/HorizonStandalone(22431): Config: Missing config horizon::meta_config::MetaConfigConfig on interface <fix-T201766142>, error deferred
12-07 13:08:16.747 I/HorizonStandalone(22431): Config: Missing config horizon::locomotion::LocomotionConfig on interface <fix-T201766142>, error deferred
12-07 13:08:16.747 I/HorizonStandalone(22431): Config: Missing config horizon::interaction::InteractionConfig on interface <fix-T201766142>, error deferred
12-07 13:08:16.747 I/HorizonStandalone(22431): Config: Missing config horizon::networking::NetworkConfig on interface <fix-T201766142>, error deferred
12-07 13:08:16.747 I/HorizonStandalone(22431): Config: Missing config horizon::input::InputConfig on interface <fix-T201766142>, error deferred
12-07 13:08:16.747 I/HorizonStandalone(22431): Config: Missing config horizon::hmi::HmiConfig on interface <fix-T201766142>, error deferred
12-07 13:08:16.747 W/HorizonStandalone(22431): Config: AllowDefaultConfigs: No config file specified by manifest for horizon::visibility_mask::VisibilityMaskConfig. Using object defaults.
12-07 13:08:16.747 I/HorizonStandalone(22431): Config: Missing config horizon::embodiment::EmbodimentConfig on interface <fix-T201766142>, error deferred
12-07 13:08:16.747 I/HorizonStandalone(22431): Config: Missing config horizon::core_ui::CoreUiConfig on interface <fix-T201766142>, error deferred
12-07 13:08:16.747 W/HorizonStandalone(22431): Config: AllowDefaultConfigs: No config file specified by manifest for horizon::JobSystemDebugConfig. Using object defaults.
12-07 13:08:16.747 I/HorizonStandalone(22431): Config: Missing config horizon::auth::AuthConfig on interface <fix-T201766142>, error deferred
12-07 13:08:16.747 W/HorizonStandalone(22431): Config: AllowDefaultConfigs: No config file specified by manifest for horizon::LogConfig. Using object defaults.
12-07 13:08:16.747 I/HorizonStandalone(22431): Config: Missing config horizon::asset_service::AssetServiceConfig on interface <fix-T201766142>, error deferred
12-07 13:08:16.747 I/HorizonStandalone(22431): Config: Missing config horizon::asset_service::AssetServiceClientConfig on interface <fix-T201766142>, error deferred
12-07 13:08:16.747 I/HorizonStandalone(22431): Config: Missing config horizon::VoipConfig on interface <fix-T201766142>, error deferred
12-07 13:08:16.747 W/HorizonStandalone(22431): Config: AllowDefaultConfigs: No config file specified by manifest for horizon::ts_environment_file::FbsourceTsconfigConfig. Using object defaults.
12-07 13:08:16.747 W/HorizonStandalone(22431): Config: AllowDefaultConfigs: No config file specified by manifest for horizon::renderer::FontsConfig. Using object defaults.
12-07 13:08:16.747 W/HorizonStandalone(22431): Config: AllowDefaultConfigs: No config file specified by manifest for horizon::PerformanceConfig. Using object defaults.
12-07 13:08:16.747 I/HorizonStandalone(22431): Config: Missing config horizon::asset_service::AssetServiceServerConfig on interface <fix-T201766142>, error deferred
12-07 13:08:16.747 I/HorizonStandalone(22431): Config: Missing config horizon::WebRequestConfig on interface <fix-T201766142>, error deferred
12-07 13:08:16.747 W/HorizonStandalone(22431): Config: AllowDefaultConfigs: No config file specified by manifest for horizon::FlecsPipelineConfig. Using object defaults.
12-07 13:08:16.747 I/HorizonStandalone(22431): Config: Missing config horizon::aether::AetherConfig on interface <fix-T201766142>, error deferred
12-07 13:08:16.747 W/HorizonStandalone(22431): Config: AllowDefaultConfigs: No config file specified by manifest for horizon::BuildConfig. Using object defaults.
12-07 13:08:16.747 W/HorizonStandalone(22431): Config: AllowDefaultConfigs: No config file specified by manifest for horizon::SceneManagerConfig. Using object defaults.
12-07 13:08:16.747 W/HorizonStandalone(22431): Config: AllowDefaultConfigs: No config file specified by manifest for horizon::DynamicConfig. Using object defaults.
12-07 13:08:16.747 I/HorizonStandalone(22431): Config: Missing config horizon::player::PlayerConfig on interface <fix-T201766142>, error deferred
12-07 13:08:16.747 I/HorizonStandalone(22431): Config: Missing config horizon::asset_service::AssetRefreshConfig on interface <fix-T201766142>, error deferred
12-07 13:08:16.747 W/HorizonStandalone(22431): Config: AllowDefaultConfigs: No config file specified by manifest for horizon::WatchdogConfig. Using object defaults.
12-07 13:08:16.747 W/HorizonStandalone(22431): Config: AllowDefaultConfigs: No config file specified by manifest for horizon::WorldLoaderConfig. Using object defaults.
12-07 13:08:16.747 W/HorizonStandalone(22431): Config: AllowDefaultConfigs: No config file specified by manifest for horizon::travel::TravelConfig. Using object defaults.
12-07 13:08:16.747 I/HorizonStandalone(22431): Config: Missing config horizon::character::CharacterConfig on interface <fix-T201766142>, error deferred
12-07 13:08:16.747 I/HorizonStandalone(22431): Config: Missing config horizon::avatar::AvatarConfig on interface <fix-T201766142>, error deferred
12-07 13:08:16.747 W/HorizonStandalone(22431): Config: AllowDefaultConfigs: No config file specified by manifest for horizon::ApplicationConfig. Using object defaults.
12-07 13:08:16.747 I/HorizonStandalone(22431): Config: Missing config horizon::AudioConfig on interface <fix-T201766142>, error deferred
12-07 13:08:16.747 I/HorizonStandalone(22431): Config: Missing config horizon::matchmaking::MatchmakingConfig on interface <fix-T201766142>, error deferred
12-07 13:08:16.747 I/HorizonStandalone(22431): Config: Missing config horizon::RenderConfig on interface <fix-T201766142>, error deferred
12-07 13:08:16.747 W/HorizonStandalone(22431): Config: AllowDefaultConfigs: No config file specified by manifest for horizon::AppPhaseConfig. Using object defaults.
12-07 13:08:16.747 W/HorizonStandalone(22431): Config: AllowDefaultConfigs: No config file specified by manifest for horizon::EntityLifecycleConfig. Using object defaults.
12-07 13:08:16.747 I/HorizonStandalone(22431): Config: Missing config horizon::player_grabbing::PlayerGrabbingConfig on interface <fix-T201766142>, error deferred
12-07 13:08:16.747 I/HorizonStandalone(22431): Config: Missing config horizon::AnalyticsConfig on interface <fix-T201766142>, error deferred
12-07 13:08:16.747 I/HorizonStandalone(22431): Config: [1/4] Registering configs...
12-07 13:08:16.748 I/HorizonStandalone(22431): Config: [2/4] Applying config layers...
12-07 13:08:16.748 I/HorizonStandalone(22431): Config: ConfigChanged: horizon::embodiment::EmbodimentConfig v2 (LocalConfigChange)
12-07 13:08:16.748 I/HorizonStandalone(22431): Config: ConfigChanged: horizon::character::CharacterConfig v2 (LocalConfigChange)
12-07 13:08:16.749 I/HorizonStandalone(22431): Config: ConfigChanged: horizon::embodiment::EmbodimentConfig v3 (LocalConfigChange)
12-07 13:08:16.749 I/HorizonStandalone(22431): Config: ConfigChanged: horizon::character::CharacterConfig v3 (LocalConfigChange)
12-07 13:08:16.749 I/HorizonStandalone(22431): Config: ConfigChanged: horizon::embodiment::EmbodimentConfig v4 (LocalConfigChange)
12-07 13:08:16.749 I/HorizonStandalone(22431): Config: ConfigChanged: horizon::character::CharacterConfig v4 (LocalConfigChange)
12-07 13:08:16.749 I/HorizonStandalone(22431): Config: ConfigChanged: horizon::embodiment::EmbodimentConfig v5 (LocalConfigChange)
12-07 13:08:16.749 I/HorizonStandalone(22431): Config: ConfigChanged: horizon::character::CharacterConfig v5 (LocalConfigChange)
12-07 13:08:16.749 I/HorizonStandalone(22431): Config: ConfigChanged: horizon::embodiment::EmbodimentConfig v6 (LocalConfigChange)
12-07 13:08:16.750 I/HorizonStandalone(22431): Config: ConfigChanged: horizon::character::CharacterConfig v6 (LocalConfigChange)
12-07 13:08:16.750 I/HorizonStandalone(22431): Config: ConfigChanged: horizon::embodiment::EmbodimentConfig v7 (LocalConfigChange)
12-07 13:08:16.750 I/HorizonStandalone(22431): Config: ConfigChanged: horizon::character::CharacterConfig v7 (LocalConfigChange)
12-07 13:08:16.750 I/HorizonStandalone(22431): Config: ConfigChanged: horizon::worlds::splat_renderer::SplatRendererConfig v2 (LocalConfigChange)
12-07 13:08:16.750 I/HorizonStandalone(22431): Config: ConfigChanged: horizon::embodiment::EmbodimentConfig v8 (LocalConfigChange)
12-07 13:08:16.750 I/HorizonStandalone(22431): Config: ConfigChanged: horizon::character::CharacterConfig v8 (LocalConfigChange)
12-07 13:08:16.750 I/HorizonStandalone(22431): Config: [3/4] Validating configs...
12-07 13:08:16.751 W/HorizonStandalone(22431): Config: horizon::networking::NetworkConfig: Matchmaking requires a svrBuildSet.  Matchmaking disabled.
12-07 13:08:16.751 I/HorizonStandalone(22431): Config: ConfigChanged: horizon::networking::NetworkConfig v2 (LocalConfigChange)
12-07 13:08:16.751 I/HorizonStandalone(22431): Config: ConfigChanged: horizon::embodiment::EmbodimentConfig v9 (LocalConfigChange)
12-07 13:08:16.751 W/HorizonStandalone(22431): Config: horizon::WebRequestConfig: enableAnalytics is enabled, but graphqlAnalyticsNameOverride is empty and no qplMarkerIdOverride is set.Please either set graphqlAnalyticsNameOverride to a unique event name for your project or set qplMarkerIdOverride to a valid event ID. Auto disabling graphql events.
12-07 13:08:16.751 I/HorizonStandalone(22431): Config: ConfigChanged: horizon::WebRequestConfig v2 (LocalConfigChange)
12-07 13:08:16.751 E/TrackedObjectManager( 2832): Failed to connect to TrackedObjectService with error Status(-129, EX_TRANSACTION_FAILED): 'DEAD_OBJECT: '
12-07 13:08:16.751 W/OSDynamicObjectDataQuerier( 2832): Attempted to start tracking objects when tracker was already started
12-07 13:08:16.751 E/TrackedObjectManager( 2832): Failed to connect to TrackedObjectService with error Status(-129, EX_TRANSACTION_FAILED): 'DEAD_OBJECT: '
12-07 13:08:16.751 E/TrackedObjectManager( 2832): Failed to start tracking keyboard object with error Status(-129, EX_TRANSACTION_FAILED): 'DEAD_OBJECT: '
12-07 13:08:16.751 W/HorizonStandalone(22431): Config: horizon::travel::TravelConfig: Setting the 'publicZones' in networkConfig is required in order to run a separate client or server instance
12-07 13:08:16.751 I/HorizonStandalone(22431): Config: ConfigChanged: horizon::character::CharacterConfig v9 (LocalConfigChange)
12-07 13:08:16.751 W/HorizonStandalone(22431): Config: horizon::AnalyticsConfig: enableShutdownEvent is enabled, but shutdownNameOverride is empty. Please set it to a unique event name for your project. Auto disabling shutdown events.
12-07 13:08:16.751 I/HorizonStandalone(22431): Config: ConfigChanged: horizon::AnalyticsConfig v2 (LocalConfigChange)
12-07 13:08:16.751 I/HorizonStandalone(22431): Config: [4/4] Setting config baselines...
12-07 13:08:16.751 I/HorizonStandalone(22431): Config: Set as baseline: horizon::worlds::splat_renderer::SplatRendererConfig v2
12-07 13:08:16.751 I/HorizonStandalone(22431): Config: Set as baseline: horizon::ui_debug::DebugUiConfig v1
12-07 13:08:16.751 I/HorizonStandalone(22431): Config: Set as baseline: horizon::scripting_model::ScriptingConfig v1
12-07 13:08:16.751 I/HorizonStandalone(22431): Config: Set as baseline: horizon::physics::PhysicsConfig v1
12-07 13:08:16.751 I/HorizonStandalone(22431): Config: Set as baseline: horizon::networking::ShardingConfig v1
12-07 13:08:16.751 I/HorizonStandalone(22431): Config: Set as baseline: horizon::meta_config::MetaConfigConfig v1
12-07 13:08:16.751 I/HorizonStandalone(22431): Config: Set as baseline: horizon::locomotion::LocomotionConfig v1
12-07 13:08:16.751 I/HorizonStandalone(22431): Config: Set as baseline: horizon::interaction::InteractionConfig v1
12-07 13:08:16.751 I/HorizonStandalone(22431): Config: Set as baseline: horizon::networking::NetworkConfig v2
12-07 13:08:16.751 I/HorizonStandalone(22431): Config: Set as baseline: horizon::input::InputConfig v1
12-07 13:08:16.751 I/HorizonStandalone(22431): Config: Set as baseline: horizon::hmi::HmiConfig v1
12-07 13:08:16.751 I/HorizonStandalone(22431): Config: Set as baseline: horizon::visibility_mask::VisibilityMaskConfig v1
12-07 13:08:16.751 I/HorizonStandalone(22431): Config: Set as baseline: horizon::embodiment::EmbodimentConfig v9
12-07 13:08:16.751 I/HorizonStandalone(22431): Config: Set as baseline: horizon::core_ui::CoreUiConfig v1
12-07 13:08:16.751 I/HorizonStandalone(22431): Config: Set as baseline: horizon::JobSystemDebugConfig v1
12-07 13:08:16.751 I/HorizonStandalone(22431): Config: Set as baseline: horizon::auth::AuthConfig v1
12-07 13:08:16.751 I/HorizonStandalone(22431): Config: Set as baseline: horizon::LogConfig v1
12-07 13:08:16.751 I/HorizonStandalone(22431): Config: Set as baseline: horizon::asset_service::AssetServiceConfig v1
12-07 13:08:16.751 I/HorizonStandalone(22431): Config: Set as immutable: horizon::asset_service::AssetServiceConfig v1
12-07 13:08:16.751 I/HorizonStandalone(22431): Config: Set as baseline: horizon::asset_service::AssetServiceClientConfig v1
12-07 13:08:16.751 I/HorizonStandalone(22431): Config: Set as immutable: horizon::asset_service::AssetServiceClientConfig v1
12-07 13:08:16.751 I/HorizonStandalone(22431): Config: Set as baseline: horizon::VoipConfig v1
12-07 13:08:16.751 I/HorizonStandalone(22431): Config: Set as baseline: horizon::ts_environment_file::FbsourceTsconfigConfig v1
12-07 13:08:16.751 I/HorizonStandalone(22431): Config: Set as baseline: horizon::renderer::FontsConfig v1
12-07 13:08:16.751 I/HorizonStandalone(22431): Config: Set as baseline: horizon::PerformanceConfig v1
12-07 13:08:16.751 I/HorizonStandalone(22431): Config: Set as baseline: horizon::asset_service::AssetServiceServerConfig v1
12-07 13:08:16.751 I/HorizonStandalone(22431): Config: Set as immutable: horizon::asset_service::AssetServiceServerConfig v1
12-07 13:08:16.751 I/HorizonStandalone(22431): Config: Set as baseline: horizon::WebRequestConfig v2
12-07 13:08:16.751 I/HorizonStandalone(22431): Config: Set as baseline: horizon::FlecsPipelineConfig v1
12-07 13:08:16.751 I/HorizonStandalone(22431): Config: Set as immutable: horizon::FlecsPipelineConfig v1
12-07 13:08:16.751 I/HorizonStandalone(22431): Config: Set as baseline: horizon::aether::AetherConfig v1
12-07 13:08:16.751 I/HorizonStandalone(22431): Config: Set as baseline: horizon::BuildConfig v1
12-07 13:08:16.752 I/HorizonStandalone(22431): Config: Set as baseline: horizon::SceneManagerConfig v1
12-07 13:08:16.752 I/HorizonStandalone(22431): Config: Set as baseline: horizon::DynamicConfig v1
12-07 13:08:16.752 I/HorizonStandalone(22431): Config: Set as baseline: horizon::player::PlayerConfig v1
12-07 13:08:16.752 I/HorizonStandalone(22431): Config: Set as baseline: horizon::asset_service::AssetRefreshConfig v1
12-07 13:08:16.752 I/HorizonStandalone(22431): Config: Set as baseline: horizon::WatchdogConfig v1
12-07 13:08:16.752 I/HorizonStandalone(22431): Config: Set as baseline: horizon::WorldLoaderConfig v1
12-07 13:08:16.752 I/HorizonStandalone(22431): Config: Set as baseline: horizon::travel::TravelConfig v1
12-07 13:08:16.752 I/HorizonStandalone(22431): Config: Set as baseline: horizon::character::CharacterConfig v9
12-07 13:08:16.752 I/HorizonStandalone(22431): Config: Set as baseline: horizon::avatar::AvatarConfig v1
12-07 13:08:16.752 I/HorizonStandalone(22431): Config: Set as baseline: horizon::ApplicationConfig v1
12-07 13:08:16.752 I/HorizonStandalone(22431): Config: Set as baseline: horizon::AudioConfig v1
12-07 13:08:16.752 I/HorizonStandalone(22431): Config: Set as baseline: horizon::matchmaking::MatchmakingConfig v1
12-07 13:08:16.752 I/HorizonStandalone(22431): Config: Set as immutable: horizon::matchmaking::MatchmakingConfig v1
12-07 13:08:16.752 I/HorizonStandalone(22431): Config: Set as baseline: horizon::RenderConfig v1
12-07 13:08:16.752 I/HorizonStandalone(22431): Config: Set as baseline: horizon::AppPhaseConfig v1
12-07 13:08:16.752 I/HorizonStandalone(22431): Config: Set as baseline: horizon::EntityLifecycleConfig v1
12-07 13:08:16.752 I/HorizonStandalone(22431): Config: Set as baseline: horizon::player_grabbing::PlayerGrabbingConfig v1
12-07 13:08:16.752 I/HorizonStandalone(22431): Config: Set as baseline: horizon::AnalyticsConfig v2
12-07 13:08:16.752 I/HorizonStandalone(22431): Config: Config loading complete!
12-07 13:08:16.752 I/HorizonStandalone(22431): LogManager: Active Logging Profile is `InCodeDefault`
12-07 13:08:16.752 I/HorizonStandalone(22431): LogManager: Global log verbosity has been set to [Info] overriding individual category settings
12-07 13:08:16.752 I/HorizonStandalone(22431): LogManager: Global log verbosity has been set to [Info] overriding individual category settings
12-07 13:08:16.752 I/HorizonStandalone(22431): Application: getHostProcessInfo
12-07 13:08:16.752 I/HorizonStandalone(22431): Application: Using session ID from process UUID: 667717f9-bb78-418b-a6b9-cc8859e20ac0
12-07 13:08:16.752 I/HorizonStandalone(22431): Application: getHostConfig
12-07 13:08:16.752 I/HorizonStandalone(22431): Application: Creating default user agent as no user agent was preconfigured.
12-07 13:08:16.752 I/HorizonStandalone(22431): UserAgent: User agent generated: [FBAVI/51764730039000520;FBDV/quest 3]
12-07 13:08:16.752 I/HorizonStandalone(22431): Application: initStaticModules
12-07 13:08:16.752 I/HorizonStandalone(22431): Application: Skipping lifecycle analytics event ModulesConstructed due to event bus get failure (ErrorNotFound)
12-07 13:08:16.752 W/HorizonStandalone(22431): Config: Config horizon::worlds::splat_renderer::SplatRendererConfig for interface "splat_renderer" is defaulted because it was missing
12-07 13:08:16.752 I/HorizonStandalone(22431): Config: Config horizon::ui_debug::DebugUiConfig for interface "ui_debug" is unused and defaulted
12-07 13:08:16.752 I/HorizonStandalone(22431): Config: Config horizon::physics::PhysicsConfig for interface "physics" is unused and defaulted
12-07 13:08:16.752 I/HorizonStandalone(22431): Config: Config horizon::meta_config::MetaConfigConfig for interface "meta_config" is unused and defaulted
12-07 13:08:16.752 I/HorizonStandalone(22431): Config: Config horizon::locomotion::LocomotionConfig for interface "locomotion" is unused and defaulted
12-07 13:08:16.752 I/HorizonStandalone(22431): Config: Config horizon::interaction::InteractionConfig for interface "interaction" is unused and defaulted
12-07 13:08:16.752 I/HorizonStandalone(22431): Config: Config horizon::networking::NetworkConfig for interface "networking" is unused and defaulted
12-07 13:08:16.752 W/HorizonStandalone(22431): Config: Config horizon::input::InputConfig for interface "input" is defaulted because it was missing
12-07 13:08:16.752 W/HorizonStandalone(22431): Config: Config horizon::hmi::HmiConfig for interface "hmi_manager" is defaulted because it was missing
12-07 13:08:16.752 I/HorizonStandalone(22431): Config: Config horizon::embodiment::EmbodimentConfig for interface "embodiment" is unused and defaulted
12-07 13:08:16.752 I/HorizonStandalone(22431): Config: Config horizon::core_ui::CoreUiConfig for interface "core_ui" is unused and defaulted
12-07 13:08:16.752 I/HorizonStandalone(22431): Config: Config horizon::auth::AuthConfig for interface "authentication" is unused and defaulted
12-07 13:08:16.752 I/HorizonStandalone(22431): Config: Config horizon::asset_service::AssetServiceConfig for interface "asset_service" is unused and defaulted
12-07 13:08:16.752 I/HorizonStandalone(22431): Config: Config horizon::asset_service::AssetServiceClientConfig for interface "asset_service" is unused and defaulted
12-07 13:08:16.752 I/HorizonStandalone(22431): Config: Config horizon::VoipConfig for interface "voip" is unused and defaulted
12-07 13:08:16.752 I/HorizonStandalone(22431): Config: Config horizon::asset_service::AssetServiceServerConfig for interface "asset_service" is unused and defaulted
12-07 13:08:16.752 I/HorizonStandalone(22431): Config: Config horizon::WebRequestConfig for interface "web_request" is unused and defaulted
12-07 13:08:16.752 W/HorizonStandalone(22431): Config: Config horizon::aether::AetherConfig for interface "aether" is defaulted because it was missing
12-07 13:08:16.752 I/HorizonStandalone(22431): Config: Config horizon::player::PlayerConfig for interface "player" is unused and defaulted
12-07 13:08:16.752 I/HorizonStandalone(22431): Config: Config horizon::asset_service::AssetRefreshConfig for interface "asset_service" is unused and defaulted
12-07 13:08:16.752 I/HorizonStandalone(22431): Config: Config horizon::character::CharacterConfig for interface "character" is unused and defaulted
12-07 13:08:16.752 I/HorizonStandalone(22431): Config: Config horizon::avatar::AvatarConfig for interface "avatar" is unused and defaulted
12-07 13:08:16.752 I/HorizonStandalone(22431): Config: Config horizon::AudioConfig for interface "audio" is unused and defaulted
12-07 13:08:16.752 I/HorizonStandalone(22431): Config: Config horizon::matchmaking::MatchmakingConfig for interface "matchmaking" is unused and defaulted
12-07 13:08:16.752 W/HorizonStandalone(22431): Config: Config horizon::RenderConfig for interface "renderer" is defaulted because it was missing
12-07 13:08:16.752 I/HorizonStandalone(22431): Config: Config horizon::player_grabbing::PlayerGrabbingConfig for interface "player_grabbing" is unused and defaulted
12-07 13:08:16.752 I/HorizonStandalone(22431): Config: Config horizon::AnalyticsConfig for interface "analytics" is unused and defaulted
12-07 13:08:16.752 I/HorizonStandalone(22431): Application: Initializing window manager: horizon::NullWindowManager
12-07 13:08:16.752 I/HorizonStandalone(22431): Application: Skipping lifecycle analytics event ApplicationClassInitComplete due to event bus get failure (ErrorNotFound)
12-07 13:08:16.752 W/HorizonStandalone(22431): World: No provider found for required dependency horizon::player::IPlayerManager of horizon::platform_api::NativeFootstepServiceHolder. It may not have an attr::worldContext(), or a module that provides it may not be linked into the application.
12-07 13:08:16.753 W/HorizonStandalone(22431): World: No provider found for required dependency horizon::physics::IPhysicsScene of horizon::physics::NativePhysicsServiceHolder. It may not have an attr::worldContext(), or a module that provides it may not be linked into the application.
12-07 13:08:16.753 W/HorizonStandalone(22431): World: No provider found for required dependency horizon::platform_api::IPlatformAPIEventManager of horizon::physics::NativePhysicsServiceHolder. It may not have an attr::worldContext(), or a module that provides it may not be linked into the application.
12-07 13:08:16.753 W/HorizonStandalone(22431): World: No provider found for required dependency horizon::embodiment::IEmbodimentSystem of horizon::platform_api::NativeAvatarServiceHolder. It may not have an attr::worldContext(), or a module that provides it may not be linked into the application.
12-07 13:08:16.753 W/HorizonStandalone(22431): World: No provider found for required dependency horizon::player::IPlayerManager of horizon::platform_api::NativeAvatarServiceHolder. It may not have an attr::worldContext(), or a module that provides it may not be linked into the application.
12-07 13:08:16.753 W/HorizonStandalone(22431): World: No provider found for required dependency horizon::physics::IPhysicsScene of horizon::player_input::PlayerHandPointer. It may not have an attr::worldContext(), or a module that provides it may not be linked into the application.
12-07 13:08:16.753 W/HorizonStandalone(22431): World: No provider found for required dependency horizon::platform_api::IPlatformAPI of horizon::platform_api::NativePlayerServiceHolder. It may not have an attr::worldContext(), or a module that provides it may not be linked into the application.
12-07 13:08:16.753 W/HorizonStandalone(22431): World: No provider found for required dependency horizon::player::IPlayerManager of horizon::platform_api::NativePlayerServiceHolder. It may not have an attr::worldContext(), or a module that provides it may not be linked into the application.
12-07 13:08:16.753 W/HorizonStandalone(22431): World: No provider found for required dependency horizon::player::IPlayerManager of horizon::platform_api::NativePlayerInputServiceHolder. It may not have an attr::worldContext(), or a module that provides it may not be linked into the application.
12-07 13:08:16.753 I/HorizonStandalone(22431): Application: initStaticConfigs
12-07 13:08:16.753 I/HorizonStandalone(22431): Config: ConfigChanged: horizon::BuildConfig v2 (LocalConfigChange)
12-07 13:08:16.753 I/HorizonStandalone(22431): Config: ConfigChanged: horizon::RenderConfig v2 (LocalConfigChange)
12-07 13:08:16.753 I/HorizonStandalone(22431): Config: ConfigChanged: horizon::AppPhaseConfig v2 (LocalConfigChange)
12-07 13:08:16.753 I/HorizonStandalone(22431): Config: ConfigChanged: horizon::hmi::HmiConfig v2 (LocalConfigChange)
12-07 13:08:16.753 I/HorizonStandalone(22431): Config: ConfigChanged: horizon::input::InputConfig v2 (LocalConfigChange)
12-07 13:08:16.755 I/HorizonStandalone(22431): Task: Job System Started with a max of 16384 jobs, total memory 0.00mb, static 0.00mb, jobCount related 0.00mb, analytics 0.00 mb
12-07 13:08:16.755 I/HorizonStandalone(22431): Core: Reserving space for executor data
12-07 13:08:16.755 I/HorizonStandalone(22431): Core:  - total thread count : 8
12-07 13:08:16.755 I/HorizonStandalone(22431): Core:  - num sync threads : 2
12-07 13:08:16.755 I/HorizonStandalone(22431): Core:  - num async threads : 4
12-07 13:08:16.755 I/HorizonStandalone(22431): Core:  - num high cpu async threads : 1
12-07 13:08:16.755 I/HorizonStandalone(22431): Core:  - num interrupt threads : 1
12-07 13:08:16.755 I/HorizonStandalone(22431): Core: HSR CPU executor initialized with 2 Sync Threads - std::thread::hardware_concurrency reports 6 concurrent threads supported
12-07 13:08:16.755 I/HorizonStandalone(22431): Core: HSR CPU executor initialized with 4 Async Threads - std::thread::hardware_concurrency reports 6 concurrent threads supported
12-07 13:08:16.755 I/HorizonStandalone(22431): Core: HSR CPU executor initialized with 1 High Cpu Async Threads - std::thread::hardware_concurrency reports 6 concurrent threads supported
12-07 13:08:16.755 I/HorizonStandalone(22431): Core: HSR CPU executor initialized with 1 Interrupt Threads - std::thread::hardware_concurrency reports 6 concurrent threads supported
12-07 13:08:16.756 I/HorizonStandalone(22431): Core: Initializing thread HSR:Sync-0[22583] with priority 1
12-07 13:08:16.756 I/HorizonStandalone(22431): Core: NativeTaskExecutor initialized using 0.00mb allowing a maximum of 16384 tasks
12-07 13:08:16.756 I/HorizonStandalone(22431): Core: Initializing thread HSR:Sync-1[22584] with priority 1
12-07 13:08:16.756 I/HorizonStandalone(22431): Core: Initializing thread HSR:Async-0[22585] with priority 0
12-07 13:08:16.756 I/HorizonStandalone(22431): Core: Initializing thread HSR:Async-1[22586] with priority 0
12-07 13:08:16.757 I/HorizonStandalone(22431): Application: Starting up platform
12-07 13:08:16.757 I/HorizonStandalone(22431): Core: Initializing thread HSR:Async-2[22587] with priority 0
12-07 13:08:16.757 I/HorizonStandalone(22431): Core: Initializing thread HSR:Async-3[22588] with priority 0
12-07 13:08:16.757 I/HorizonStandalone(22431): Core: Initializing thread HSR:CpuAsync-0[22589] with priority 0
12-07 13:08:16.757 I/HorizonStandalone(22431): Core: Initializing thread HSR:Inter-0[22590] with priority 2
12-07 13:08:16.766 E/TrackedObjectManager( 2832): Failed to connect to TrackedObjectService with error Status(-129, EX_TRANSACTION_FAILED): 'DEAD_OBJECT: '
12-07 13:08:16.766 W/OSDynamicObjectDataQuerier( 2832): Attempted to start tracking objects when tracker was already started
12-07 13:08:16.766 E/TrackedObjectManager( 2832): Failed to connect to TrackedObjectService with error Status(-129, EX_TRANSACTION_FAILED): 'DEAD_OBJECT: '
12-07 13:08:16.766 E/TrackedObjectManager( 2832): Failed to start tracking keyboard object with error Status(-129, EX_TRANSACTION_FAILED): 'DEAD_OBJECT: '
12-07 13:08:16.779 E/TrackedObjectManager( 2832): Failed to connect to TrackedObjectService with error Status(-129, EX_TRANSACTION_FAILED): 'DEAD_OBJECT: '
12-07 13:08:16.779 W/OSDynamicObjectDataQuerier( 2832): Attempted to start tracking objects when tracker was already started
12-07 13:08:16.779 E/TrackedObjectManager( 2832): Failed to connect to TrackedObjectService with error Status(-129, EX_TRANSACTION_FAILED): 'DEAD_OBJECT: '
12-07 13:08:16.779 E/TrackedObjectManager( 2832): Failed to start tracking keyboard object with error Status(-129, EX_TRANSACTION_FAILED): 'DEAD_OBJECT: '
12-07 13:08:16.792 E/TrackedObjectManager( 2832): Failed to connect to TrackedObjectService with error Status(-129, EX_TRANSACTION_FAILED): 'DEAD_OBJECT: '
12-07 13:08:16.792 W/OSDynamicObjectDataQuerier( 2832): Attempted to start tracking objects when tracker was already started
12-07 13:08:16.792 E/TrackedObjectManager( 2832): Failed to connect to TrackedObjectService with error Status(-129, EX_TRANSACTION_FAILED): 'DEAD_OBJECT: '
12-07 13:08:16.793 E/TrackedObjectManager( 2832): Failed to start tracking keyboard object with error Status(-129, EX_TRANSACTION_FAILED): 'DEAD_OBJECT: '
12-07 13:08:16.806 E/TrackedObjectManager( 2832): Failed to connect to TrackedObjectService with error Status(-129, EX_TRANSACTION_FAILED): 'DEAD_OBJECT: '
12-07 13:08:16.806 W/OSDynamicObjectDataQuerier( 2832): Attempted to start tracking objects when tracker was already started
12-07 13:08:16.806 E/TrackedObjectManager( 2832): Failed to connect to TrackedObjectService with error Status(-129, EX_TRANSACTION_FAILED): 'DEAD_OBJECT: '
12-07 13:08:16.806 E/TrackedObjectManager( 2832): Failed to start tracking keyboard object with error Status(-129, EX_TRANSACTION_FAILED): 'DEAD_OBJECT: '
12-07 13:08:16.821 E/TrackedObjectManager( 2832): Failed to connect to TrackedObjectService with error Status(-129, EX_TRANSACTION_FAILED): 'DEAD_OBJECT: '
12-07 13:08:16.821 W/OSDynamicObjectDataQuerier( 2832): Attempted to start tracking objects when tracker was already started
12-07 13:08:16.821 E/TrackedObjectManager( 2832): Failed to connect to TrackedObjectService with error Status(-129, EX_TRANSACTION_FAILED): 'DEAD_OBJECT: '
12-07 13:08:16.821 E/TrackedObjectManager( 2832): Failed to start tracking keyboard object with error Status(-129, EX_TRANSACTION_FAILED): 'DEAD_OBJECT: '
12-07 13:08:16.824 I/HorizonStandalone(22431): Application: Memory status: Total Memory: 277244 KB, Used Memory: 22543 KB
12-07 13:08:16.825 I/HorizonStandalone(22431): Application: Skipping lifecycle analytics event ApplicationPreExecHeadComplete due to event bus get failure (ErrorNotFound)
12-07 13:08:16.825 I/HorizonStandalone(22431): Application: Starting up module manager
12-07 13:08:16.825 I/HorizonStandalone(22431): Hmi: Initialize started
12-07 13:08:16.825 I/HorizonStandalone(22431): Hmi: Initialize complete
12-07 13:08:16.825 I/HorizonStandalone(22431): Application: Callback called at Startup End for HmiModule
12-07 13:08:16.826 I/HorizonStandalone(22431): Application: Creating World
12-07 13:08:16.828 W/HorizonStandalone(22431): Input: No input modes specified
12-07 13:08:16.828 I/HorizonStandalone(22431): Input: Registering input class horizon::DefaultMenuInput
12-07 13:08:16.828 I/HorizonStandalone(22431): Input: Registering input class horizon::WorldsMenuInput
12-07 13:08:16.828 W/HorizonStandalone(22431): Input: Registering an input class (horizon::WorldsMenuInput) with no inputClassBindings entry in inputConfig.
12-07 13:08:16.828 I/HorizonStandalone(22431): Input: Registering input class horizon::hmi_input_structures::EmbodimentInputState
12-07 13:08:16.829 I/HorizonStandalone(22431): Input: Registering input class horizon::hmi_input_structures::HandGestureInputState
12-07 13:08:16.830 I/HorizonStandalone(22431): Input: Registering input class horizon::input::DeveloperInput
12-07 13:08:16.830 I/HorizonStandalone(22431): Input: Registering input class horizon::player_input::DefaultGameplayInput
12-07 13:08:16.830 I/HorizonStandalone(22431): Input: Registering input class horizon::player_input::DefaultMoveInput
12-07 13:08:16.831 I/HorizonStandalone(22431): Config: ConfigChanged: horizon::input::InputConfig v3 (LocalConfigChange)
12-07 13:08:16.832 I/HorizonStandalone(22431): World: Beginning automatic registration of flecs components.
12-07 13:08:16.832 I/system_server( 1971): Background concurrent copying GC freed 502739(23MB) AllocSpace objects, 16(592KB) LOS objects, 35% free, 42MB/66MB, paused 102us,65us total 195.539ms
12-07 13:08:16.834 W/JavaBinder( 1971): BinderProxy is being destroyed but the application did not call unlinkToDeath to unlink all of its death recipients beforehand.  Releasing leaked death recipient: com.android.server.wm.EmbeddedWindowController$$ExternalSyntheticLambda0
12-07 13:08:16.834 I/BpBinder( 1971): onLastStrongRef automatically unlinking death recipients: 
12-07 13:08:16.834 E/TrackedObjectManager( 2832): Failed to connect to TrackedObjectService with error Status(-129, EX_TRANSACTION_FAILED): 'DEAD_OBJECT: '
12-07 13:08:16.834 W/OSDynamicObjectDataQuerier( 2832): Attempted to start tracking objects when tracker was already started
12-07 13:08:16.834 E/TrackedObjectManager( 2832): Failed to connect to TrackedObjectService with error Status(-129, EX_TRANSACTION_FAILED): 'DEAD_OBJECT: '
12-07 13:08:16.834 E/TrackedObjectManager( 2832): Failed to start tracking keyboard object with error Status(-129, EX_TRANSACTION_FAILED): 'DEAD_OBJECT: '
12-07 13:08:16.835 W/JavaBinder( 1971): BinderProxy is being destroyed but the application did not call unlinkToDeath to unlink all of its death recipients beforehand.  Releasing leaked death recipient: com.android.server.wm.EmbeddedWindowController$$ExternalSyntheticLambda0
12-07 13:08:16.835 I/BpBinder( 1971): onLastStrongRef automatically unlinking death recipients: 
12-07 13:08:16.837 I/HorizonStandalone(22431): World: Automatic registration of flecs components is complete.
12-07 13:08:16.837 D/HzOS.BinderClient( 1971): BinderClient shutdown completed
12-07 13:08:16.837 D/HzOS.BinderClient( 1971): BinderClient shutdown completed
12-07 13:08:16.837 D/HzOS.BinderClient( 1971): BinderClient shutdown completed
12-07 13:08:16.837 D/HzOS.BinderClient( 1971): BinderClient shutdown completed
12-07 13:08:16.838 W/HorizonStandalone(22431): Input: No initial input mode specified
12-07 13:08:16.841 I/HorizonStandalone(22431): Application: onWorldCreateEvent
12-07 13:08:16.842 I/HorizonStandalone(22431): Application: AetherModule.cpp::onWorldCreateEvent():: constucted instance of AetherSplatRendererSystem successfully
12-07 13:08:16.842 I/HorizonStandalone(22431): Renderer: SplatRendererFramework::startup
12-07 13:08:16.842 I/HorizonStandalone(22431): Hmi: Post initialize started
12-07 13:08:16.842 I/HorizonStandalone(22431): Hmi: CrossPlatformPerfMetrics not logging analytics - Analytics module not available
12-07 13:08:16.842 I/HorizonStandalone(22431): Hmi: CrossPlatformPerfMetrics initialized (analytics: disabled, event: hsr_base_perf_warnings)
12-07 13:08:16.842 I/HorizonStandalone(22431): Hmi: Post initialize complete
12-07 13:08:16.843 I/HorizonStandalone(22431): Application: Skipping lifecycle analytics event ModulesPostStartupComplete due to event bus get failure (ErrorNotFound)
12-07 13:08:16.843 I/HorizonStandalone(22431): Application: Starting up the application
12-07 13:08:16.843 I/HorizonStandalone(22431): Application: startup()
12-07 13:08:16.843 I/HorizonStandalone(22431): Application: App Name: Aether Application
12-07 13:08:16.843 I/HorizonStandalone(22431): Hmi: ContextStartupJob execute
12-07 13:08:16.843 I/HorizonStandalone(22431): Application: App Version: 
12-07 13:08:16.843 I/HorizonStandalone(22431): Application: HSR Version: 
12-07 13:08:16.843 I/HorizonStandalone(22431): Application: App Id: 7235633249785169
12-07 13:08:16.843 E/VrDeviceManagerService( 1166): Permission denied: process 3469 (uid 10053) doesn't have the required permission: com.oculus.permission.SET_THREAD_POLICY
12-07 13:08:16.843 I/HorizonStandalone(22431): Application: Facebook App Id: 
12-07 13:08:16.843 I/HorizonStandalone(22431): Application: Commit: 
12-07 13:08:16.843 I/HorizonStandalone(22431): Application: Standalone Quest App Id: 7235633249785169
12-07 13:08:16.843 I/HorizonStandalone(22431): Application: Standalone Rift App Id: 6651547741534515
12-07 13:08:16.843 I/HorizonStandalone(22431): Application: Run in CI: false
12-07 13:08:16.843 I/HorizonStandalone(22431): Application: Run in FB Infra: false
12-07 13:08:16.844 I/HorizonStandalone(22431): Application: Build Set Id: 
12-07 13:08:16.844 V/OpenXR-Loader(22431): Verbose [GENERAL | xrInitializeLoaderKHR | OpenXR-Loader] : Entering loader trampoline
12-07 13:08:16.844 V/OpenXR-Loader(22431): Verbose [GENERAL | InitializeLoaderInitData | OpenXR-Loader] : Unloading any previously loaded runtime
12-07 13:08:16.844 I/HorizonStandalone(22431): Application: Skipping lifecycle analytics event InformationalStartupComplete due to event bus get failure (ErrorNotFound)
12-07 13:08:16.844 I/HorizonStandalone(22431): Application: Skipping lifecycle analytics event ApplicationPreExecComplete due to event bus get failure (ErrorNotFound)
12-07 13:08:16.844 I/HorizonStandalone(22431): Application: Skipping lifecycle analytics event AppStartComplete due to event bus get failure (ErrorNotFound)
12-07 13:08:16.844 I/HorizonStandalone(22431): Application: Skipping lifecycle analytics event TelemetryValidation due to event bus get failure (ErrorNotFound)
12-07 13:08:16.844 I/HorizonStandalone(22431): Application: Running the platform
12-07 13:08:16.844 I/HorizonStandalone(22431): Core: installed exit handler
12-07 13:08:16.844 I/DynamicObjectClient( 4885): Query Dynamic Object Tracker anchors
12-07 13:08:16.844 I/DynamicObjectClient( 4885): Object in query has empty predictions or tracking flags
12-07 13:08:16.844 V/OpenXR-Loader(22431): Verbose [GENERAL | xrEnumerateInstanceExtensionProperties | OpenXR-Loader] : Entering loader trampoline
12-07 13:08:16.845 I/OpenXR-Loader(22431): getActiveRuntimeCursor: Querying URI: content://org.khronos.openxr.runtime_broker/openxr/1/abi/arm64-v8a/runtimes/active
12-07 13:08:16.848 E/TrackedObjectManager( 2832): Failed to connect to TrackedObjectService with error Status(-129, EX_TRANSACTION_FAILED): 'DEAD_OBJECT: '
12-07 13:08:16.848 W/OSDynamicObjectDataQuerier( 2832): Attempted to start tracking objects when tracker was already started
12-07 13:08:16.848 E/TrackedObjectManager( 2832): Failed to connect to TrackedObjectService with error Status(-129, EX_TRANSACTION_FAILED): 'DEAD_OBJECT: '
12-07 13:08:16.848 E/TrackedObjectManager( 2832): Failed to start tracking keyboard object with error Status(-129, EX_TRANSACTION_FAILED): 'DEAD_OBJECT: '
12-07 13:08:16.849 W/OpenXR-Loader(22431): Null cursor when querying installable content resolver.
12-07 13:08:16.849 I/OpenXR-Loader(22431): getActiveRuntimeCursor: Querying URI: content://org.khronos.openxr.system_runtime_broker/openxr/1/abi/arm64-v8a/runtimes/active
12-07 13:08:16.851 W/OpenXR-Loader(22431): Null cursor when querying system content resolver.
12-07 13:08:16.851 E/OpenXR-Loader(22431): Could access neither the installable nor system runtime broker.
12-07 13:08:16.852 I/OpenXR-Loader(22431): Info [GENERAL | xrEnumerateInstanceExtensionProperties | OpenXR-Loader] : RuntimeManifestFile::FindManifestFiles - using global runtime file /odm/etc/openxr/1/active_runtime.aarch64.json
12-07 13:08:16.852 I/OpenXR-Loader(22431): Info [GENERAL |  | OpenXR-Loader] : RuntimeManifestFile::CreateIfValid - attempting to load /odm/etc/openxr/1/active_runtime.aarch64.json
12-07 13:08:16.857 I/OpenXR-Loader(22431): Info [GENERAL | xrEnumerateInstanceExtensionProperties | OpenXR-Loader] : RuntimeInterface::LoadRuntime forwarding xrInitializeLoaderKHR call to runtime before calling xrNegotiateLoaderRuntimeInterface.
12-07 13:08:16.857 V/OpenXR  (22431): OpenXRForwardLoader::xrInitializeLoaderKHR [start]
12-07 13:08:16.862 D/ApplicationLoaders(22431): Returning zygote-cached class loader: /system/framework/android.test.base.jar
12-07 13:08:16.862 E/TrackedObjectManager( 2832): Failed to connect to TrackedObjectService with error Status(-129, EX_TRANSACTION_FAILED): 'DEAD_OBJECT: '
12-07 13:08:16.862 W/OSDynamicObjectDataQuerier( 2832): Attempted to start tracking objects when tracker was already started
12-07 13:08:16.862 E/TrackedObjectManager( 2832): Failed to connect to TrackedObjectService with error Status(-129, EX_TRANSACTION_FAILED): 'DEAD_OBJECT: '
12-07 13:08:16.862 E/TrackedObjectManager( 2832): Failed to start tracking keyboard object with error Status(-129, EX_TRANSACTION_FAILED): 'DEAD_OBJECT: '
12-07 13:08:16.862 D/ApplicationLoaders(22431): Returning zygote-cached class loader: /system/framework/android.hidl.manager-V1.0-java.jar
12-07 13:08:16.862 D/ApplicationLoaders(22431): Returning zygote-cached class loader: /system/framework/android.hidl.base-V1.0-java.jar
12-07 13:08:16.866 I/AppsFilter( 1971): interaction: PackageSetting{88a7f95 com.example.moonlight_spatialsdk/10176} -> PackageSetting{9ff146a com.android.cts.priv.ctsshim/10005} BLOCKED
12-07 13:08:16.866 I/AppsFilter( 1971): interaction: PackageSetting{88a7f95 com.example.moonlight_spatialsdk/10176} -> PackageSetting{835210e com.oculus.avatareditor/10085} BLOCKED
12-07 13:08:16.866 I/AppsFilter( 1971): interaction: PackageSetting{88a7f95 com.example.moonlight_spatialsdk/10176} -> PackageSetting{ed739f8 com.oculus.updater/10075} BLOCKED
12-07 13:08:16.866 I/AppsFilter( 1971): interaction: PackageSetting{88a7f95 com.example.moonlight_spatialsdk/10176} -> PackageSetting{e032f69 com.sulivan.voicechat/10167} BLOCKED
12-07 13:08:16.866 I/AppsFilter( 1971): interaction: PackageSetting{88a7f95 com.example.moonlight_spatialsdk/10176} -> PackageSetting{e82c878 com.Norainu.MetacityPatrol/10168} BLOCKED
12-07 13:08:16.866 I/AppsFilter( 1971): interaction: PackageSetting{88a7f95 com.example.moonlight_spatialsdk/10176} -> PackageSetting{1f20d36 com.oculus.magicislandcastingservice/10059} BLOCKED
12-07 13:08:16.866 I/AppsFilter( 1971): interaction: PackageSetting{88a7f95 com.example.moonlight_spatialsdk/10176} -> PackageSetting{1da4437 com.oculus.captionservice/10076} BLOCKED
12-07 13:08:16.866 I/AppsFilter( 1971): interaction: PackageSetting{88a7f95 com.example.moonlight_spatialsdk/10176} -> PackageSetting{d85872f com.meta.rl.trust.service/10080} BLOCKED
12-07 13:08:16.866 I/AppsFilter( 1971): interaction: PackageSetting{88a7f95 com.example.moonlight_spatialsdk/10176} -> PackageSetting{f49c6c2 com.ubisoft.StarTrekTNG/10156} BLOCKED
12-07 13:08:16.866 D/nativeloader(22431): Configuring clns-shared-7 for other apk /system/framework/org.apache.http.legacy.jar. target_sdk_version=24, uses_libraries=ALL, library_path=/apex/com.meta.xr/priv-app/VrDriver/lib/arm64:/apex/com.meta.xr/priv-app/VrDriver/VrDriver.apk!/lib/arm64-v8a:/system/lib64:/system_ext/lib64:/apex/com.meta.xr/priv-app/VrDriver/VrDriver.apk!/lib/arm64-v8a, permitted_path=/data:/mnt/expand::/apex/com.meta.xr/priv-app/VrDriver:/system/lib64:/system_ext/lib64
12-07 13:08:16.866 D/nativeloader(22431): Extending system_exposed_libraries: libaudiotapper.oculus.so:libcalibrationmanager.oculus.so:libheadtracker.oculus.so:libinstsamp.oculus.so:libossdk.oculus.so:libparfait.oculus.so:libripcclient.oculus.so:libripcmanager.oculus.so:libsystemsensoraccess.oculus.so:libappsensoraccess.oculus.so:libOVRMrcLib.oculus.so:libxrstreaminghost.oculus.so:libhzos.meta.so:libhzos_featurejournal.meta.so:libhzos_gaze.meta.so:libhzos_orthofit.meta.so:libhzos_reportstatsevent.meta.so:libhzos_spaces.meta.so:libhzos_trackedinput.meta.so:libhzos_trackingclient.meta.so
12-07 13:08:16.866 I/AppsFilter( 1971): interaction: PackageSetting{88a7f95 com.example.moonlight_spatialsdk/10176} -> PackageSetting{904ecd3 com.tripp.tripp_client_unity/10169} BLOCKED
12-07 13:08:16.866 I/AppsFilter( 1971): interaction: PackageSetting{88a7f95 com.example.moonlight_spatialsdk/10176} -> PackageSetting{b1c1bdd com.facebook.horizon/10118} BLOCKED
12-07 13:08:16.866 I/AppsFilter( 1971): interaction: PackageSetting{88a7f95 com.example.moonlight_spatialsdk/10176} -> PackageSetting{de2709 com.oculus.browser/10101} BLOCKED
12-07 13:08:16.866 I/AppsFilter( 1971): interaction: PackageSetting{88a7f95 com.example.moonlight_spatialsdk/10176} -> PackageSetting{8718d0e com.android.htmlviewer/10031} BLOCKED
12-07 13:08:16.866 I/AppsFilter( 1971): interaction: PackageSetting{88a7f95 com.example.moonlight_spatialsdk/10176} -> PackageSetting{827832f com.whatsapp/10114} BLOCKED
12-07 13:08:16.866 I/AppsFilter( 1971): interaction: PackageSetting{88a7f95 com.example.moonlight_spatialsdk/10176} -> PackageSetting{8255d3c com.oculus.cvp/10094} BLOCKED
12-07 13:08:16.866 I/AppsFilter( 1971): interaction: PackageSetting{88a7f95 com.example.moonlight_spatialsdk/10176} -> PackageSetting{2b92ac5 com.oculus.systemintelligence/10153} BLOCKED
12-07 13:08:16.866 I/AppsFilter( 1971): interaction: PackageSetting{88a7f95 com.example.moonlight_spatialsdk/10176} -> PackageSetting{d3d6c1a com.meta.curio.toybox/10117} BLOCKED
12-07 13:08:16.866 I/AppsFilter( 1971): interaction: PackageSetting{88a7f95 com.example.moonlight_spatialsdk/10176} -> PackageSetting{33234b com.meta.shell.env.vista.focused/10166} BLOCKED
12-07 13:08:16.866 I/AppsFilter( 1971): interaction: PackageSetting{88a7f95 com.example.moonlight_spatialsdk/10176} -> PackageSetting{1891128 com.meta.curio.ruler/10111} BLOCKED
12-07 13:08:16.866 I/AppsFilter( 1971): interaction: PackageSetting{88a7f95 com.example.moonlight_spatialsdk/10176} -> PackageSetting{786ae41 com.oculus.accountscenter/10107} BLOCKED
12-07 13:08:16.866 I/AppsFilter( 1971): interaction: PackageSetting{88a7f95 com.example.moonlight_spatialsdk/10176} -> PackageSetting{9ca1c4e com.oculus.identitymanagement.service/10063} BLOCKED
12-07 13:08:16.866 I/AppsFilter( 1971): interaction: PackageSetting{88a7f95 com.example.moonlight_spatialsdk/10176} -> PackageSetting{4b62fe6 com.TacticalNounours.QuantumVoid/10143} BLOCKED
12-07 13:08:16.866 I/AppsFilter( 1971): interaction: PackageSetting{88a7f95 com.example.moonlight_spatialsdk/10176} -> PackageSetting{60ea927 VirtualDesktop.Android/10161} BLOCKED
12-07 13:08:16.866 I/AppsFilter( 1971): interaction: PackageSetting{88a7f95 com.example.moonlight_spatialsdk/10176} -> PackageSetting{6f217d4 com.oculus.loneechoavalanche/10165} BLOCKED
12-07 13:08:16.866 I/AppsFilter( 1971): interaction: PackageSetting{88a7f95 com.example.moonlight_spatialsdk/10176} -> PackageSetting{a4eed7d com.oculus.settings.rro/10119} BLOCKED
