12-07 15:09:34.867 I/FrameSetDispatcher( 9363): [{WT(0,1):RAW10}] Client pid=1157 (MrSSCamS): Remove old Mux Mode 1: slot indices: SLOT_0 SLOT_2 
12-07 15:09:34.867 I/FrameSetCollator( 9363): [{WT(0,1):RAW10}] Skipping start, current start count: 2
12-07 15:09:34.867 I/SensorService( 9363): [worldTracking] Starting camera streams for purpose: mr_monochrome, current muxmode = 8
12-07 15:09:34.867 I/CameraClientManager( 9363): [[MrSSCamS(1157)][mr_monochrome]] stream start completed
12-07 15:09:34.867 D/CameraStream( 9363): [mr_monochrome] Client [MrSSCamS(1157)]: start complete
12-07 15:09:34.867 I/VolumetricWindow( 1971): [setDrawn] VW=dc05b7b8-8c59-476c-afd6-522b21da1195: isDrawn=true (isActive=true, isVisible=true)
12-07 15:09:34.873 I/OculusWindowMgr( 1971): OWMS::focusChanged: windowRootTaskId: 11
12-07 15:09:34.873 I/OculusWindowMgr( 1971): OWMS::focusChanged: getImmersiveTask returned
12-07 15:09:34.873 I/OculusWindowMgr( 1971): OWMS::focusChanged: mFocusPlaceholderActivity found in Task.
12-07 15:09:34.874 W/Transition( 1971): Transition already started id=3497 state=2
12-07 15:09:34.875 V/WindowManager( 1971): Sent Transition #3496 createdAt=12-07 15:09:34.746 via request=TransitionRequestInfo { type = OPEN, triggerTask = TaskInfo{userId=0 taskId=2925 displayId=0 isRunning=true baseIntent=Intent { act=com.oculus.mrds.WINDOWS_APP_CONNECT_FLOW flg=0x18810100 pkg=com.oculus.mrds cmp=com.oculus.mrds/.msft.connectactivity.ConnectActivity } baseActivity=ComponentInfo{com.oculus.mrds/com.oculus.mrds.msft.connectactivity.ConnectActivity} topActivity=ComponentInfo{com.oculus.mrds/com.oculus.mrds.msft.connectactivity.ConnectActivity} origActivity=null realActivity=ComponentInfo{com.oculus.mrds/com.oculus.mrds.msft.connectactivity.ConnectActivity} numActivities=1 numActivitiesPerUser={0=1} lastActiveTime=197398380 supportsMultiWindow=true resizeMode=1 isResizeable=true minWidth=-1 minHeight=-1 defaultMinSize=1 token=WCT{RemoteToken{4005b9e Task{75ed9c0 #2925 type=standard A=10087:com.oculus.mrds}}} topActivityType=1 pictureInPictureParams=null shouldDockBigOverlays=false launchIntoPipHostTaskId=-1 lastParentTaskIdBeforePip=-1 displayCutoutSafeInsets=null topActivityInfo=ActivityInfo{a45567f com.oculus.mrds.msft.connectactivity.ConnectActivity} launchCookies=[] telemetryLaunchIds=[] positionInParent=Point(0, 0) parentTaskId=11 isFocused=false isVisible=false isVisibleRequested=true isSleeping=false topActivityInSizeCompat=false topActivityEligibleForLetterboxEducation= false topActivityLetterboxed= false isFromDoubleTap= false topActivityLetterboxVerticalPosition= -1 topActivityLetterboxHorizontalPosition= -1 topActivityLetterboxWidth=-1 topActivityLetterboxHeight=-1 locusId=null displayAreaFeatureId=1 cameraCompatControlState=hidden}, remoteTransition = null, displayChange = null }
12-07 15:09:34.875 V/WindowManager( 1971):     startWCT=WindowContainerTransaction { changes = {} hops = [] errorCallbackToken=null taskFragmentOrganizer=null }
12-07 15:09:34.875 V/WindowManager( 1971):     info={id=3496 t=OPEN f=0x0 trk=0 r=[0@Point(0, 0)] c=[{WCT{RemoteToken{4005b9e Task{75ed9c0 #2925 type=standard A=10087:com.oculus.mrds}}} m=OPEN f=TRANSLUCENT|NO_ANIMATION|MOVE_TO_TOP p=WCT{RemoteToken{74331ea Task{cf6fa6c #11 type=standard}}} leash=Surface(name=Task=2925)/@0x34553a1 sb=Rect(64000, 0 - 64567, 77) eb=Rect(64000, 0 - 64567, 77) d=0},{WCT{RemoteToken{74331ea Task{cf6fa6c #11 type=standard}}} m=TO_FRONT f=TRANSLUCENT|NO_ANIMATION|MOVE_TO_TOP leash=Surface(name=Task=11)/@0x9b40af1 sb=Rect(64000, 0 - 64567, 77) eb=Rect(64000, 0 - 64567, 77) eo=Point(64000, 0) d=0}]}
12-07 15:09:34.876 V/WindowManager( 1971): Sent Transition #3497 createdAt=12-07 15:09:34.756 via request=TransitionRequestInfo { type = SLEEP, triggerTask = null, remoteTransition = null, displayChange = null }
12-07 15:09:34.876 V/WindowManager( 1971):     startWCT=WindowContainerTransaction { changes = {} hops = [] errorCallbackToken=null taskFragmentOrganizer=null }
12-07 15:09:34.876 V/WindowManager( 1971):     info={id=3497 t=SLEEP f=0x0 trk=0 r=[] c=[]}
12-07 15:09:34.878 V/WindowManager( 1971): Finish Transition #3496: created at 12-07 15:09:34.746 collect-started=0.047ms request-sent=7.183ms started=37.965ms ready=37.939ms sent=115.77ms finished=122.713ms
12-07 15:09:34.879 I/SpatialWindowResourceService( 1971): setWindowFrameRate() token: horizonos.view.VolumetricWindowToken$InternalVolumetricToken@c943fb framerate: 0.0
12-07 15:09:34.879 V/WindowManager( 1971): Finish Transition #3497: created at 12-07 15:09:34.756 collect-started=106.571ms request-sent=110.428ms started=110.447ms ready=110.445ms sent=110.549ms finished=118.802ms
12-07 15:09:34.880 D/VolumetricContentMonitor( 1971): Focused window changed to RunningWindowInfo{  pid: 26939, uid: 10087, userId: 0, windowContainerToken: 179500693, windowToken: android.view.IWindow$Stub$Proxy@19293aa, windowId: com.android.server.wm.WindowState$WindowId@3e2db9b, displayId: 0, windowType: 1, activity: RunningActivityInfo { rootTask: 11, uid: 10087, pid: 26939, userId: 0, activity: com.oculus.mrds.msft.connectactivity.ConnectActivity, windowId: com.android.server.wm.WindowState$WindowId@3e2db9b, state: ACTIVITY_STATE_VISIBLE}}, from android.view.IWindow$Stub$Proxy@8573247
12-07 15:09:34.880 I/SpatialWindowResourceService( 1971): setWindowFrameRate() token: horizonos.view.VolumetricWindowToken$InternalVolumetricToken@c943fb framerate: 0.0
12-07 15:09:34.880 V/WorldManagerService( 1971): VW Content Listener: com.oculus.vrshell -1
12-07 15:09:34.880 D/SpatialAudioService( 1971): Skipping processing for app: com.oculus.vrshell (isNewApp: false, perAppEnabled: true, epsService: true)
12-07 15:09:34.880 V/WorldManagerService( 1971): VW Content Listener: com.oculus.mrds -1
12-07 15:09:34.882 D/SpatialAudioService( 1971): Skipping processing for app: com.oculus.mrds (isNewApp: false, perAppEnabled: true, epsService: true)
12-07 15:09:34.867 I/        (    0): Info: adsprpc (8241): 517: 517: cvp-dsp-thread: fastrpc_driver_register: fastrpc driver qcom,fastcv0 registered with handle 1157
12-07 15:09:34.867 I/msm_cvp (    0): sess: Opening cvp instance: 0000000000000000
12-07 15:09:34.868 I/msm_cvp (    0): pwr: cvp (eva) powered on
12-07 15:09:34.871 I/msm_cvp (    0): err: __flush_debug_queue: invalid msg size - 126
12-07 15:09:34.871 I/msm_cvp (    0): err: __flush_debug_queue: invalid msg size - 126
12-07 15:09:34.873 I/synx    (    0): info: synx_initialize: 2303: [sess :88] session created cvp-kernel-client
12-07 15:09:34.936 W/FrameSetDispatcher( 9363): [{WT:RAW10}] Client pid=9368 (IOT): client is taking longer than 33ms to return FrameSets (1x in the past 0.756s)
12-07 15:09:34.943 V/ActivityManager( 1971): bindService: Intent { cmp=com.oculus.horizon/com.facebook.mobileconfigservice.service.MobileConfigService } type=null conn=android.os.BinderProxy@3099677 flags=0x5
12-07 15:09:34.945 D/CompatibilityChangeReporter( 1971): Compat change id reported: 261072174; UID 10109; state: ENABLED
12-07 15:09:34.947 I/ActivityManager( 1971): Flag disabled. Ignoring finishAttachApplication from uid: 10109. pid: 12141
12-07 15:09:34.947 I/TrackingFidelityService( 9367): Request(s)={mr_passthrough:3,}
12-07 15:09:34.947 I/TrackingFidelityService( 9367): Request(s)={mr_passthrough:3,pt_display_sync:5,hyperscape_room_scanning:0,isp_foveation:5,low_latency_pt:5,}, Mux mode idx=2, name=defaultDisplay, score=-2980
12-07 15:09:34.947 I/TrackingFidelityService( 9367): beginTransition[color]: default(1)->defaultDisplay(2)
12-07 15:09:34.947 I/TrackingFidelityService( 9367): _applyMuxModeLockedInternal: Applying camera mux mode defaultDisplay via requestFeaturesWithFidelitiesLocked
12-07 15:09:34.950 I/SensorService( 9363): [color] Setting camera mux mode to 2
12-07 15:09:34.950 I/SensorService( 9363): updating CameraStream mux states
12-07 15:09:34.951 I/SensorDataTransforms( 9365): [CameraStreamControl:cam2bridge] Staging mux mode updates for {color: ind-2, seqId-137},
12-07 15:09:34.951 I/SensorDataTransforms( 9365): [CameraStreamControl:cam2bridge] Mux mode updates succesfully staged
12-07 15:09:34.952 I/SensorDataTransforms( 9368): [iot:ocal] Staging mux mode updates for {color: ind-2, seqId-137},
12-07 15:09:34.952 I/SensorDataTransforms( 9368): [iot:ocal] Signaling start of the mode transition
12-07 15:09:34.952 I/TrackingService( 9368): [iot:ocal] Start configuration update starting
12-07 15:09:34.952 I/TrackingService( 9368): [iot:ocal] Start configuration update done
12-07 15:09:34.952 I/SensorDataTransforms( 9368): [iot:ocal] Mux mode updates successfully staged
12-07 15:09:34.952 D/TrackingService( 9368): [iot:ocal]Queue mux mode update notification: defaultDisplay
12-07 15:09:34.952 I/SensorService( 9363): ending update to CameraStream mux states
12-07 15:09:34.952 I/FrameSetCollator( 9363): [{COL:FOVPR}] Updated frame set period to 13888000, with all camera system activeSlots [[T,]]
12-07 15:09:34.952 I/FrameSetDispatcher( 9363): [{COL:FOVPR}] Client pid=1157 (MrSSCamS): [color] Updated CameraMuxMode: 2, Slots: SLOT_0 
12-07 15:09:34.952 I/FrameSetDispatcher( 9363): [{COL:FOVPR}] Latest MuxModeSettings: 2
12-07 15:09:34.952 I/FrameSetDispatcher( 9363): [{COL:FOVPR}] purpose: active_slots, slots: SLOT_0 
12-07 15:09:34.952 I/FrameSetDispatcher( 9363): [{COL:FOVPR}] purpose: cam2bridge, slots: SLOT_0 
12-07 15:09:34.952 I/FrameSetDispatcher( 9363): [{COL:FOVPR}] purpose: ocal, slots: SLOT_0 
12-07 15:09:34.952 I/FrameSetDispatcher( 9363): [{COL:FOVPR}] purpose: passthrough, slots: SLOT_0 
12-07 15:09:34.952 I/SensorDataTransforms( 1157): [MrStreamControl:passthrough] Staging mux mode updates for {color: ind-2, seqId-137},
12-07 15:09:34.952 I/SensorDataTransforms( 1157): [MrStreamControl:passthrough] Signaling start of the mode transition
12-07 15:09:34.952 I/SensorDataTransforms( 1157): [MrStreamControl:passthrough] Mux mode updates successfully staged
12-07 15:09:34.952 D/TrackingService( 9368): [ocal]start onMuxStateUpdate. ModeId: default -> defaultDisplay
12-07 15:09:34.952 D/TrackingService( 9368): [iot][ocal]handleMuxModeNotification started for muxMode[color: defaultDisplay]
12-07 15:09:34.952 D/TrackingService( 9368): [iot][ocal]handleMuxModeNotification finished for muxMode[color: defaultDisplay]
12-07 15:09:34.952 D/TrackingService( 9368): [ocal]end onMuxStateUpdate. ModeId: default -> defaultDisplay
12-07 15:09:34.952 I/TrackingService( 9368): [                        iot:ocal] Mux Mode Transition from sensor service: default -> defaultDisplay transition time: 0 ms
12-07 15:09:34.955 I/SyncBossFW(  879): 85223827 [info   ] {GCM }: general_cam_mgr_stop_streaming for cameras 0x30
12-07 15:09:34.955 I/SensorService( 9363): Active camera ids set to: []
12-07 15:09:34.955 I/ColorCameraSystem( 9363): [color] Switch to display rate sync mode (72.000 Hz).
12-07 15:09:34.957 I/ColorCameraSystem( 9363): [color] Set camera sync mode to display
12-07 15:09:34.958 I/SyncBossFW(  879): 85223830 [info   ] {BRGB}: Enabling display sync mode
12-07 15:09:34.958 W/SensorService( 9363): received frame for disabled cam5
12-07 15:09:34.961 W/SensorService( 9363): received frame for disabled cam4
12-07 15:09:34.962 I/SensorService( 9363): Active camera ids set to: [4,5]
12-07 15:09:34.962 W/SensorService( 9363): [color] Skipped updateSyncbossFrameTag - no updater or override provided
12-07 15:09:34.962 I/SyncBossFW(  879): 85223831 [info   ] {GCM }: general_cam_mgr_set_frame_rate_config cams 0x30 period 13888us
12-07 15:09:34.962 I/SyncBossFW(  879): 85223834 [info   ] {GCM }: general_cam_mgr_start_streaming for cameras 0x30
12-07 15:09:34.964 I/TrackingFidelityService( 9367): endTransition[color]: default(1)->defaultDisplay(2), seqId=137, succeeded=true
12-07 15:09:34.976 D/CameraStream( 9363): [ocal] Client [IOT(9368)] attempting start
12-07 15:09:34.977 I/FrameSetDispatcher( 9363): [{COL:FOVPR}] Client pid=9368 (IOT): Client thread[{COL:FOVPR}:IOT] started
12-07 15:09:34.977 I/CameraClientManager( 9363): [IOT(9368)][ocal] client started (estimated 1 started clients total)
12-07 15:09:34.977 I/CameraClientManager( 9363): [[IOT(9368)][ocal]] definitely starting stream
12-07 15:09:34.977 I/SensorService( 9363): [color] Starting cameras for purpose ocal
12-07 15:09:34.977 I/FrameSetCollator( 9363): [{COL:FOVPR}] Skipping start, current start count: 2
12-07 15:09:34.977 I/SensorService( 9363): [color] Starting camera streams for purpose: ocal, current muxmode = 2
12-07 15:09:34.977 I/CameraClientManager( 9363): [[IOT(9368)][ocal]] stream start completed
12-07 15:09:34.977 D/CameraStream( 9363): [ocal] Client [IOT(9368)]: start complete
12-07 15:09:34.977 W/TrackingService( 9368): trying to start depth stream when 3-way OCal is not enabled
12-07 15:09:34.981 I/ActivityManager( 1971): Process com.oculus.socialplatform (pid 12028) has died: cch+15 CEM 
12-07 15:09:34.982 D/DisplayManagerService( 1971): Drop pending events for gone uid 10103
12-07 15:09:34.989 I/libsensortelemetry( 9363): Updating camera metrics frame period from 16666 to 13888
12-07 15:09:34.995 E/SensorService( 9363): failed to handle frame metadata for cam 4 streamType 10, dropping frame!
12-07 15:09:34.998 E/SensorService( 9363): failed to handle frame metadata for cam 5 streamType 10, dropping frame!
12-07 15:09:34.977 I/oom_reaper(    0): reaped process 12141 (p:RemoteDesktop), now anon-rss:0kB, file-rss:0kB, shmem-rss:416kB
12-07 15:09:35.019 E/FrameSetCollator( 9363): [{COL:FOVPR}] 1 FrameSets had unexpected timestamps (in the last 185.90ms). Ex: slot 0 85223800.712ms -> 85223878.969ms (observed period: 78.257ms, expected period: 13.888ms (64.369ms))
12-07 15:09:35.021 I/ActivityManager( 1971): Process com.oculus.remotedesktop:RemoteDesktop (pid 12141) has died: cch+5 CEM 
12-07 15:09:35.022 D/DisplayManagerService( 1971): Drop pending events for gone uid 10109
12-07 15:09:35.023 I/FrameSetDispatcher( 9363): [{COL:FOVPR}] 1 older Mux Mode settings are removed.
12-07 15:09:35.023 I/FrameSetDispatcher( 9363): [{COL:FOVPR}] Client pid=1157 (MrSSCamS): Remove old Mux Mode 1: slot indices: SLOT_0 
12-07 15:09:35.023 I/FrameSetDispatcher( 9363): [{COL:FOVPR}] Client pid=9368 (IOT): Remove old Mux Mode 1: slot indices: SLOT_0 
12-07 15:09:35.023 I/TrackingService( 9368): [iot:ocal] Configuration update starting
12-07 15:09:35.023 I/TrackingService( 9368): [iot:ocal] Configuration update done
12-07 15:09:35.023 I/TrackingService( 9368): [iot:ocal] Finish configuration update starting
12-07 15:09:35.023 I/TrackingService( 9368): [iot:ocal] Finish configuration update done
12-07 15:09:35.024 D/TrackingService( 9368): IOT not starting color stream while color stream is already active.
12-07 15:09:35.024 W/TrackingService( 9368): trying to start depth stream when 3-way OCal is not enabled
12-07 15:09:35.099 I/oom_reaper(    0): reaped process 27655 (kservice.server), now anon-rss:0kB, file-rss:0kB, shmem-rss:412kB
12-07 15:09:35.144 I/ActivityManager( 1971): Process com.meta.pclinkservice.server (pid 27655) has died: cch LAST
12-07 15:09:35.144 W/ActivityManager( 1971): Scheduling restart of crashed service com.meta.pclinkservice.server/com.meta.linkservice.oaf.PCLinkService in 10656ms for connection
12-07 15:09:35.145 D/DisplayManagerService( 1971): Drop pending events for gone uid 10047
12-07 15:09:35.156 D/TrackingService( 9368): [HANDTRACKINGGLUE] resumeCapability
12-07 15:09:35.156 D/CameraStream( 9363): [hand] Client [Hand(9368)] attempting start
12-07 15:09:35.156 I/FrameSetDispatcher( 9363): [{WT:RAW10}] Client pid=9368 (Hand): Client thread[{WT:RAW10}:Hand] started
12-07 15:09:35.156 I/CameraClientManager( 9363): [Hand(9368)][hand] client started (estimated 1 started clients total)
12-07 15:09:35.156 I/CameraClientManager( 9363): [[Hand(9368)][hand]] definitely starting stream
12-07 15:09:35.156 I/SensorService( 9363): [worldTracking] Starting cameras for purpose hand
12-07 15:09:35.156 I/FrameSetCollator( 9363): [{WT:RAW10}] Skipping start, current start count: 2
12-07 15:09:35.157 I/SensorService( 9363): [worldTracking] Starting camera streams for purpose: hand, current muxmode = 8
12-07 15:09:35.157 I/CameraClientManager( 9363): [[Hand(9368)][hand]] stream start completed
12-07 15:09:35.157 D/CameraStream( 9363): [hand] Client [Hand(9368)]: start complete
12-07 15:09:35.169 W/TrackingService( 9368): Timeout: (power: STANDBY, mux: --) => (power: RUNNING, mux: --), Observer=hand, Timeouts=0, slowTimeouts=1
12-07 15:09:35.170 D/SensorDataTransforms( 9368): [hand:hand] Erased 1 stale entries from the staged mux states for worldTracking.
12-07 15:09:35.170 I/TrackingService( 9368): [hand:hand] Configuration update starting
12-07 15:09:35.170 I/TrackingService( 9368): [hand:hand] Configuration update done
12-07 15:09:35.170 I/TrackingService( 9368): [hand:hand] Finish configuration update starting
12-07 15:09:35.203 W/FrameSetDispatcher( 9363): [{WT:RAW10}] Client pid=9368 (Hand): client is taking longer than 33ms to return FrameSets (1x in the past 0.047s)
12-07 15:09:35.234 I/TrackingService( 9368): [                            hand] Power transition: STANDBY -> RUNNING transition time: 800 ms
12-07 15:09:35.234 I/TrackingService( 9368): [              selftracked_client] Power transition: STANDBY -> RUNNING transition time: 0 ms
12-07 15:09:35.234 I/TrackingService( 9368): [                            iobt] Power transition: STANDBY -> RUNNING transition time: 0 ms
12-07 15:09:35.234 I/TrackingService( 9368): [                          object] Power transition: STANDBY -> RUNNING transition time: 0 ms
12-07 15:09:35.234 I/TrackingService( 9368): [                      controller] Power transition: STANDBY -> RUNNING transition time: 0 ms
12-07 15:09:35.236 I/TrackingService( 9368): [hand:hand] Finish configuration update done
12-07 15:09:35.236 D/CameraStream( 9363): [exposure_control_worldTracking] Client [ExpCtl(9368)] attempting start
12-07 15:09:35.236 I/FrameSetDispatcher( 9363): [{WT:RAW10}] Client pid=9368 (ExpCtl): Client thread[{WT:RAW10}:ExpC] started
12-07 15:09:35.236 I/CameraClientManager( 9363): [ExpCtl(9368)][exposure_control_worldTracking] client started (estimated 1 started clients total)
12-07 15:09:35.236 I/CameraClientManager( 9363): [[ExpCtl(9368)][exposure_control_worldTracking]] definitely starting stream
12-07 15:09:35.236 I/SensorService( 9363): [worldTracking] Starting cameras for purpose exposure_control_worldTracking
12-07 15:09:35.238 I/FrameSetCollator( 9363): [{WT:RAW10}] Skipping start, current start count: 3
12-07 15:09:35.238 I/SensorService( 9363): [worldTracking] Starting camera streams for purpose: exposure_control_worldTracking, current muxmode = 8
12-07 15:09:35.238 I/CameraClientManager( 9363): [[ExpCtl(9368)][exposure_control_worldTracking]] stream start completed
12-07 15:09:35.238 D/CameraStream( 9363): [exposure_control_worldTracking] Client [ExpCtl(9368)]: start complete
12-07 15:09:35.243 W/SensorService( 9363): Slot 1 for mode 8 is not controlled by control purpose constellationExposureControl. Skipping.
12-07 15:09:35.243 I/TrackingService( 9368): [            ExposureControlCmmv2] Power transition: STANDBY -> RUNNING transition time: 9 ms
12-07 15:09:35.243 I/SensorService( 9363): configDirectReport for channelHandle:1 sensorHandle:3 Rate:3
12-07 15:09:35.244 I/TrackingService( 9368): [                            face] Power transition: STANDBY -> RUNNING transition time: 0 ms
12-07 15:09:35.244 D/TrackingService( 9368): Transition completed for hand
12-07 15:09:35.244 D/TrackingService( 9368): apply power state 'Standby'
12-07 15:09:35.244 D/PowerMonitor( 9368): Received transition request from RUNNING to STANDBY
12-07 15:09:35.244 D/PowerMonitor( 9368): Skipping no-op transition from RUNNING to STANDBY
12-07 15:09:35.270 W/FrameSetDispatcher( 9363): [{WT:RAW10}] Client pid=9368 (ExpCtl): client is taking longer than 33ms to return FrameSets (1x in the past 0.034s)
12-07 15:09:35.801 I/ActivityManager( 1971): com.oculus.updater is exempt from freezer
12-07 15:09:35.801 D/CompatibilityChangeReporter( 1971): Compat change id reported: 135634846; UID 10075; state: DISABLED
12-07 15:09:35.801 D/CompatibilityChangeReporter( 1971): Compat change id reported: 177438394; UID 10075; state: DISABLED
12-07 15:09:35.801 D/CompatibilityChangeReporter( 1971): Compat change id reported: 135772972; UID 10075; state: DISABLED
12-07 15:09:35.801 D/CompatibilityChangeReporter( 1971): Compat change id reported: 135754954; UID 10075; state: DISABLED
12-07 15:09:35.802 D/CompatibilityChangeReporter( 1971): Compat change id reported: 143937733; UID 10075; state: DISABLED
12-07 15:09:35.813 I/ActivityManager( 1971): Start proc 12261:com.oculus.updater/u0a75 for service {com.oculus.updater/com.oculus.updater.OculusUpdaterDumpService}
12-07 15:09:35.827 D/CompatibilityChangeReporter( 1971): Compat change id reported: 168419799; UID 10075; state: DISABLED
12-07 15:09:35.827 D/CompatibilityChangeReporter( 1971): Compat change id reported: 273564678; UID 10075; state: DISABLED
12-07 15:09:35.829 D/CompatibilityChangeReporter( 1971): Compat change id reported: 265195908; UID 10075; state: ENABLED
12-07 15:09:35.832 D/CompatibilityChangeReporter( 1971): Compat change id reported: 170503758; UID 10075; state: DISABLED
12-07 15:09:35.934 I/ActivityManager( 1971): Flag disabled. Ignoring finishAttachApplication from uid: 10075. pid: 12261
12-07 15:09:35.970 V/ActivityManager( 1971): bindService: Intent { cmp=com.oculus.horizon/com.facebook.mobileconfigservice.service.MobileConfigService } type=null conn=android.os.BinderProxy@3d64fb0 flags=0x5
12-07 15:09:35.972 D/CompatibilityChangeReporter( 1971): Compat change id reported: 261072174; UID 10075; state: DISABLED
12-07 15:09:35.993 D/RemoteService( 9339): RemoteService - Registering status callback
12-07 15:09:36.061 E/FrameSetCollator( 9363): [{COL:FOVPR}] 22 FrameSets had unexpected timestamps (in the last 1041.77ms). Ex: slot 0 85224906.725ms -> 85224920.747ms (observed period: 14.022ms, expected period: 13.888ms (0.134ms))
12-07 15:09:36.144 I/SyncBossHAL( 9363): [info   ] syncboss_hal_powerstate.c(54): Reporting powerstate event: PROX_ON
12-07 15:09:36.144 D/SensorService( 9363): Received Powerstate PROX_ON
12-07 15:09:36.145 I/SyncBossFW(  879): 85225017 [info   ] {PROX}: Prox state: 1
12-07 15:09:36.147 D/SensorClientUtils( 9367): Received power state from VRPM: RUNNING
12-07 15:09:36.147 D/PowerMonitor( 9367): Received transition request from STANDBY to RUNNING
12-07 15:09:36.147 D/TSAccess( 9367): Apply power state 'Running'
12-07 15:09:36.147 D/TrackingService( 9368): apply power state 'Running'
12-07 15:09:36.147 D/PowerMonitor( 9368): Received transition request from STANDBY to RUNNING
12-07 15:09:36.147 D/SensorClientUtils( 9339): Received power state from VRPM: RUNNING
12-07 15:09:36.147 D/PowerMonitor( 9339): Received transition request from STANDBY to RUNNING
12-07 15:09:36.107 I/init    (    0): processing action (sys.hmt.mounted=1) from (/vendor/etc/init/hw/init.eureka.rc:12)
12-07 15:09:36.107 I/init    (    0): processing action (sys.hmt.mounted=1) from (/vendor/etc/init/hw/init.anorak.rc:393)
12-07 15:09:36.155 I/Telecom ( 1971): CallAudioRouteStateMachine: Message received: MUTE_EXTERNALLY_CHANGED=3004, arg1=0: CARSM.mCR->CARSM.pM_MUTE_EXTERNALLY_CHANGED@ArY
12-07 15:09:36.155 I/Telecom ( 1971): QuiescentEarpieceRoute: Processing message MUTE_EXTERNALLY_CHANGED: CARSM.mCR->CARSM.pM_MUTE_EXTERNALLY_CHANGED@ArY
12-07 15:09:36.138 W/healthd (    0): battery l=100 v=4329 t=33.0 h=2 st=5 c=40650 fc=4820000 cc=17 chg=a
12-07 15:09:36.183 I/DisplayDeviceRepository( 1971): Display device changed: DisplayDeviceInfo{"MirrorRoot for dc05b7b8-8c59-476c-afd6-522b21da1195": uniqueId="virtual:android,1000,MirrorRoot for dc05b7b8-8c59-476c-afd6-522b21da1195,0", 567 x 77, modeId 1417, renderFrameRate 60.0, defaultModeId 1417, supportedModes [{id=1417, width=567, height=77, fps=60.0, alternativeRefreshRates=[], supportedHdrTypes=[]}], colorMode 0, supportedColorModes [0], hdrCapabilities null, allmSupported false, gameContentTypeSupported false, density 200, 200.0 x 200.0 dpi, appVsyncOff 0, presDeadline 16666666, touch NONE, rotation 0, type VIRTUAL, deviceProductInfo null, state OFF, committedState UNKNOWN, owner android (uid 1000), frameRateOverride , brightnessMinimum 0.0, brightnessMaximum 0.0, brightnessDefault 0.0, hdrSdrRatio NaN, FLAG_SECURE, FLAG_SUPPORTS_PROTECTED_BUFFERS, FLAG_OWN_CONTENT_ONLY, FLAG_DESTROY_CONTENT_ON_REMOVAL, installOrientation 0, displayShape DisplayShape{ spec=-523945749 displayWidth=567 displayHeight=77 physicalPixelDisplaySizeRatio=1.0 rotation=0 offsetX=0 offsetY=0 scale=1.0}}
12-07 15:09:36.184 I/DisplayDeviceRepository( 1971): Display device changed state: "MirrorRoot for dc05b7b8-8c59-476c-afd6-522b21da1195", ON
12-07 15:09:36.185 D/DisplayManagerService( 1971): Ignore redundant display event 1046/2 to 10079/25425
12-07 15:09:36.185 D/DisplayManagerService( 1971): Ignore redundant display event 1046/2 to 10049/32634
12-07 15:09:36.185 I/DisplayDevice( 1971): [1046] Layerstack set to 1046 for virtual:android,1000,MirrorRoot for dc05b7b8-8c59-476c-afd6-522b21da1195,0
12-07 15:09:36.188 V/WindowManager( 1971): Content Recording: Display 1046 state is now (2), so update recording?
12-07 15:09:36.189 I/SpatialWindowResourceService( 1971): setWindowFrameRate() token: horizonos.view.VolumetricWindowToken$InternalVolumetricToken@c943fb framerate: 0.0
12-07 15:09:36.652 D/JobServiceContext( 1971): Scheduling time out for 'com.oculus.auth.control.AccountSyncJobService' jId: 1828726837, in 18 s
12-07 15:09:36.652 V/ActivityManager( 1971): bindService: Intent { flg=0x4 cmp=com.oculus.horizon/com.oculus.auth.control.AccountSyncJobService } type=null conn=android.app.LoadedApk$ServiceDispatcher$InnerConnection@f0ca41f flags=0x8105
12-07 15:09:36.656 D/JobServiceContext( 1971): Scheduling time out for 'com.oculus.auth.control.SessionPingJobService' jId: 1828726842, in 18 s
12-07 15:09:36.657 V/ActivityManager( 1971): bindService: Intent { flg=0x4 cmp=com.oculus.horizon/com.oculus.auth.control.SessionPingJobService } type=null conn=android.app.LoadedApk$ServiceDispatcher$InnerConnection@661633b flags=0x8105
12-07 15:09:36.679 D/JobServiceContext( 1971): handleServiceBound for 383dbbe #u0a102/1828726837 com.oculus.horizon/com.oculus.auth.control.AccountSyncJobService
12-07 15:09:36.679 D/JobServiceContext( 1971): Scheduling time out for 'com.oculus.auth.control.AccountSyncJobService' jId: 1828726837, in 8 s
12-07 15:09:36.688 D/JobServiceContext( 1971): handleServiceBound for 69df5ca #u0a102/1828726842 com.oculus.horizon/com.oculus.auth.control.SessionPingJobService
12-07 15:09:36.688 D/JobServiceContext( 1971): Scheduling time out for 'com.oculus.auth.control.SessionPingJobService' jId: 1828726842, in 8 s
12-07 15:09:36.690 D/JobServiceContext( 1971): doCallback of : JobStatus{383dbbe #u0a102/1828726837 com.oculus.horizon/com.oculus.auth.control.AccountSyncJobService u=0 s=10102 TIME=-40ms:+5h59m59s960ms NET PERIODIC READY} v:VERB_STARTING
12-07 15:09:36.691 D/JobServiceContext( 1971): Scheduling time out for 'com.oculus.auth.control.AccountSyncJobService' jId: 1828726837, in 300 s
12-07 15:09:36.691 D/JobServiceContext( 1971): doCallback of : JobStatus{69df5ca #u0a102/1828726842 com.oculus.horizon/com.oculus.auth.control.SessionPingJobService u=0 s=10102 TIME=none:-35ms READY} v:VERB_STARTING
12-07 15:09:36.691 D/JobServiceContext( 1971): Scheduling time out for 'com.oculus.auth.control.SessionPingJobService' jId: 1828726842, in 300 s
12-07 15:09:36.692 D/JobServiceContext( 1971): doCallback of : JobStatus{69df5ca #u0a102/1828726842 com.oculus.horizon/com.oculus.auth.control.SessionPingJobService u=0 s=10102 TIME=none:-36ms READY} v:VERB_EXECUTING
12-07 15:09:36.692 D/JobServiceContext( 1971): Cleaning up 69df5ca #u0a102/1828726842 com.oculus.horizon/com.oculus.auth.control.SessionPingJobService reschedule=false reason=app called jobFinished
12-07 15:09:36.811 V/ActivityManager( 1971): bindService: Intent { cmp=com.oculus.deviceauthserver/.DeviceAuthService } type=null conn=android.os.BinderProxy@78f817 flags=0x1
12-07 15:09:36.812 I/ActivityManager( 1971): com.oculus.deviceauthserver is exempt from freezer
12-07 15:09:36.812 D/CompatibilityChangeReporter( 1971): Compat change id reported: 135634846; UID 1000; state: DISABLED
12-07 15:09:36.812 D/CompatibilityChangeReporter( 1971): Compat change id reported: 177438394; UID 1000; state: DISABLED
12-07 15:09:36.812 D/CompatibilityChangeReporter( 1971): Compat change id reported: 135772972; UID 1000; state: DISABLED
12-07 15:09:36.813 D/CompatibilityChangeReporter( 1971): Compat change id reported: 135754954; UID 1000; state: ENABLED
12-07 15:09:36.821 I/ActivityManager( 1971): Start proc 12313:com.oculus.deviceauthserver/1000 for service {com.oculus.deviceauthserver/com.oculus.deviceauthserver.DeviceAuthService}
12-07 15:09:36.839 D/CompatibilityChangeReporter( 1971): Compat change id reported: 168419799; UID 1000; state: DISABLED
12-07 15:09:36.839 D/CompatibilityChangeReporter( 1971): Compat change id reported: 273564678; UID 1000; state: DISABLED
12-07 15:09:36.872 I/ActivityManager( 1971): Flag disabled. Ignoring finishAttachApplication from uid: 1000. pid: 12313
12-07 15:09:37.283 I/SyncBossHAL( 9363): [info   ] syncboss_hal_impl_input.c(1239): Pulsar connected devices state change: 37, host current time: 138095965ms
12-07 15:09:37.283 I/SyncBossHAL( 9363): [info   ] pulsar_input_cache.c(893): Refreshing input cache
12-07 15:09:37.286 I/SyncBossFW(  879): 85226156 [info   ] {WIHO}: Pulsar dev connected f343f271512a1feb t: 85226156ms, (type: 10001601, connection id: 0x25, cl version: 2)
12-07 15:09:37.287 I/SyncBossHAL( 9363): [info   ] pulsar_input_cache.c(609): Enumerating f343f271512a1feb
12-07 15:09:37.293 D/JobServiceContext( 1971): doCallback of : JobStatus{383dbbe #u0a102/1828726837 com.oculus.horizon/com.oculus.auth.control.AccountSyncJobService u=0 s=10102 TIME=-643ms:+5h59m59s357ms NET PERIODIC READY} v:VERB_EXECUTING
12-07 15:09:37.293 D/JobServiceContext( 1971): Cleaning up 383dbbe #u0a102/1828726837 com.oculus.horizon/com.oculus.auth.control.AccountSyncJobService reschedule=false reason=app called jobFinished
12-07 15:09:37.299 I/SyncBossHAL( 9363): [info   ] pulsar_input_cache.c(576): Enumerating device version: 85.35.37
12-07 15:09:37.354 I/SyncBossHAL( 9363): [info   ] pulsar_input_cache.c(719): Cache populated for device f343f271512a1feb
12-07 15:09:37.354 I/SyncBossHAL( 9363): [info   ] pulsar_input_cache.c(286): Finished getting cache data for controller
12-07 15:09:37.354 I/SyncBossHAL( 9363):     id            : f343f271512a1feb
12-07 15:09:37.354 I/SyncBossHAL( 9363):     pulsar_type   : 0x10001601
12-07 15:09:37.354 I/SyncBossHAL( 9363):     connection id : 0x25
12-07 15:09:37.354 I/SyncBossHAL( 9363):     fw ver        : 85.35.37
12-07 15:09:37.354 I/SyncBossHAL( 9363):     spl ver       : 1.5.11
12-07 15:09:37.354 I/SyncBossHAL( 9363):     serial        : 2G0YYJ2F7Q0317
12-07 15:09:37.354 I/SyncBossHAL( 9363):     handedness    : left
12-07 15:09:37.354 I/SyncBossHAL( 9363):     battery state : 80%
12-07 15:09:37.354 I/SyncBossHAL( 9363): [info   ] pulsar_input_cache.c(909): Cache refresh complete in 70ms
12-07 15:09:37.354 I/SyncBossHAL( 9363): [info   ] pulsar_manager.c(180): Setting controller ID f343f271512a1feb LED config to period: 66664us, on-time: 19us, delay: 26453us
12-07 15:09:37.357 D/SensorService( 9363): Syncboss input f343f271512a1feb hardware type 6, subtype 1, revision 0x10
12-07 15:09:37.357 I/SensorService( 9363): preparePairedControllerInfo is adding device with valid 1
12-07 15:09:37.357 D/SensorService( 9363): Syncboss input 402c25cbf028a4e8 hardware type 6, subtype 2, revision 
12-07 15:09:37.357 I/SensorService( 9363): preparePairedControllerInfo is adding device with valid 1
12-07 15:09:37.357 D/SensorService( 9363): stateChangeNotifierFunc(): Reporting controller info. Change token: 69, paired=2 connected=1
12-07 15:09:37.357 D/ControllerManagement( 9339): processStateChange([PairedControllerInfo RUBY f343f271512a1feb connected detached mcnt=2])
12-07 15:09:37.358 I/ControllerManagement( 9339): ControllerGlue: f343f271512a1feb: boostControllerTxPower: controllerType=RUBY, countryCode=US, txPower=8
12-07 15:09:37.358 D/SensorService( 9363): ControllerProvider: Successfully set tx power to 8, filter to 8
12-07 15:09:37.358 I/SyncBossHAL( 9363): [info   ] pulsar_manager.c(327): Setting transmit power for all connected controllers to 8 dBm
12-07 15:09:37.358 D/ControllerManagement( 9339): RemoteService::recordControllerStatusUpdate: device f343f271512a1feb: status: CONNECTED_ACTIVE tracking: NONE, errors: --
12-07 15:09:37.358 W/RemoteService( 9339): Failed to update remote status, removing callback
12-07 15:09:37.359 D/SensorService( 9363): Found paired controllers: 2
12-07 15:09:37.359 D/SensorService( 9363): Syncboss input f343f271512a1feb hardware type 6, subtype 1, revision 0x10
12-07 15:09:37.359 I/SensorService( 9363): preparePairedControllerInfo is adding device with valid 1
12-07 15:09:37.359 D/SensorService( 9363): Syncboss input 402c25cbf028a4e8 hardware type 6, subtype 2, revision 
12-07 15:09:37.359 I/SensorService( 9363): preparePairedControllerInfo is adding device with valid 1
12-07 15:09:37.359 I/SyncBossHAL( 9363): [info   ] pulsar_manager.c(327): Setting filter transmit power for all connected controllers to 8 dBm
12-07 15:09:37.359 D/ControllerManagement( 9339): processStateChange([PairedControllerInfo RUBY 402c25cbf028a4e8 disconnected detached update-required mcnt=2])
12-07 15:09:37.318 I/binder  (    0): 9339:9520 transaction async to 0:0 failed 55406767/29189/-22, code 1 size 304-0 line 3201
12-07 15:09:37.362 D/SensorService( 9363): Found paired controllers: 2
12-07 15:09:37.362 D/SensorService( 9363): Syncboss input f343f271512a1feb hardware type 6, subtype 1, revision 0x10
12-07 15:09:37.362 I/SensorService( 9363): preparePairedControllerInfo is adding device with valid 1
12-07 15:09:37.362 D/SensorService( 9363): Syncboss input 402c25cbf028a4e8 hardware type 6, subtype 2, revision 
12-07 15:09:37.362 I/SensorService( 9363): preparePairedControllerInfo is adding device with valid 1
12-07 15:09:37.364 D/SensorService( 9363): Found paired controllers: 2
12-07 15:09:37.364 D/SensorService( 9363): Syncboss input f343f271512a1feb hardware type 6, subtype 1, revision 0x10
12-07 15:09:37.364 I/SensorService( 9363): preparePairedControllerInfo is adding device with valid 1
12-07 15:09:37.364 D/SensorService( 9363): Syncboss input 402c25cbf028a4e8 hardware type 6, subtype 2, revision 
12-07 15:09:37.364 I/SensorService( 9363): preparePairedControllerInfo is adding device with valid 1
12-07 15:09:37.364 D/TrackingService( 9368): Creating RemoteConstellationTrackedDevice
12-07 15:09:37.365 I/TrackingService( 9368): Registering primary controller f343f271512a1feb in LEFT slot
12-07 15:09:37.365 D/ControllerManagement( 9339): RemoteService::recordControllerStatusUpdate: device f343f271512a1feb: status: CONNECTED_ACTIVE tracking: NONE, errors: --
12-07 15:09:37.365 D/TrackingService( 9368): registerRemote: f343f271512a1feb
12-07 15:09:37.325 I/input   (    0): Device 0xF343F271512A1FEB as /devices/virtual/input/input65
12-07 15:09:37.374 D/ControllerManagement( 9339): RemoteService::recordControllerStatusUpdate: device f343f271512a1feb: status: CONNECTED_ACTIVE tracking: NONE, errors: --
12-07 15:09:37.376 V/WindowManager( 1971): Content Recording: Display 1046 state is now (2), so update recording?
12-07 15:09:37.394 E/FrameSetCollator( 9363): [{COL:FOVPR}] 25 FrameSets had unexpected timestamps (in the last 1333.20ms). Ex: slot 0 85226239.698ms -> 85226253.655ms (observed period: 13.957ms, expected period: 13.888ms (0.069ms))
12-07 15:09:37.401 I/SyncBossInput( 9363): [info   ] [ruby ( left) f343f271512a1feb]:  193362 [info   ] {THDG}: active_connected -> active_seek
12-07 15:09:37.415 I/SyncBossHAL( 9363): [info   ] syncboss_hal_input_controller.c(186): Controller f343f271512a1feb battery level changed: 0% -> 80%
12-07 15:09:37.416 D/SensorService( 9363): Syncboss input f343f271512a1feb hardware type 6, subtype 1, revision 0x10
12-07 15:09:37.416 I/SensorService( 9363): preparePairedControllerInfo is adding device with valid 1
12-07 15:09:37.416 D/SensorService( 9363): Syncboss input 402c25cbf028a4e8 hardware type 6, subtype 2, revision 
12-07 15:09:37.416 I/SensorService( 9363): preparePairedControllerInfo is adding device with valid 1
12-07 15:09:37.416 D/SensorService( 9363): stateChangeNotifierFunc(): Reporting controller info. Change token: 70, paired=2 connected=1
12-07 15:09:37.416 D/ControllerManagement( 9339): processStateChange([PairedControllerInfo RUBY f343f271512a1feb connected detached mcnt=2])
12-07 15:09:37.419 D/SensorService( 9363): Found paired controllers: 2
12-07 15:09:37.419 D/SensorService( 9363): Syncboss input f343f271512a1feb hardware type 6, subtype 1, revision 0x10
12-07 15:09:37.419 I/SensorService( 9363): preparePairedControllerInfo is adding device with valid 1
12-07 15:09:37.419 D/SensorService( 9363): Syncboss input 402c25cbf028a4e8 hardware type 6, subtype 2, revision 
12-07 15:09:37.419 I/SensorService( 9363): preparePairedControllerInfo is adding device with valid 1
12-07 15:09:37.419 D/ControllerManagement( 9339): processStateChange([PairedControllerInfo RUBY 402c25cbf028a4e8 disconnected detached update-required mcnt=2])
12-07 15:09:37.420 D/SensorService( 9363): Found paired controllers: 2
12-07 15:09:37.420 D/SensorService( 9363): Syncboss input f343f271512a1feb hardware type 6, subtype 1, revision 0x10
12-07 15:09:37.420 I/SensorService( 9363): preparePairedControllerInfo is adding device with valid 1
12-07 15:09:37.420 D/SensorService( 9363): Syncboss input 402c25cbf028a4e8 hardware type 6, subtype 2, revision 
12-07 15:09:37.420 I/SensorService( 9363): preparePairedControllerInfo is adding device with valid 1
12-07 15:09:37.441 I/SyncBossInput( 9363): [info   ] [ruby ( left) f343f271512a1feb]:  223425 [info   ] {INPM}: Input MCU put to sleep
12-07 15:09:37.487 I/SyncBossInput( 9363): [info   ] [ruby ( left) f343f271512a1feb]:  223425 [info   ] {THDG}: active_seek -> inactive_seek
12-07 15:09:37.545 I/SyncBossInput( 9363): [info   ] [ruby ( left) f343f271512a1feb]: 1184886 [info   ] {IRLD}: IR LED configured: p=66664, ot=19, d=26453
12-07 15:09:37.568 D/ControllerManagement( 9339): RemoteService::recordControllerStatusUpdate: device f343f271512a1feb: status: CONNECTED_ACTIVE tracking: NONE, errors: --
12-07 15:09:37.590 I/SyncBossInput( 9363): [info   ] [ruby ( left) f343f271512a1feb]: 1184944 [info   ] {THDG}: inactive_seek -> active_connected
12-07 15:09:37.590 I/SyncBossHAL( 9363): [info   ] syncboss_hal_impl_input.c(1239): Pulsar connected devices state change: 38, host current time: 138096271ms
12-07 15:09:37.590 I/SyncBossHAL( 9363): [info   ] pulsar_input_cache.c(893): Refreshing input cache
12-07 15:09:37.592 I/SyncBossFW(  879): 85226463 [info   ] {WIHO}: Pulsar dev connected 402c25cbf028a4e8 t: 85226463ms, (type: 10011601, connection id: 0x26, cl version: 2)
12-07 15:09:37.594 I/SyncBossHAL( 9363): [info   ] pulsar_input_cache.c(609): Enumerating 402c25cbf028a4e8
12-07 15:09:37.607 I/SyncBossHAL( 9363): [info   ] pulsar_input_cache.c(576): Enumerating device version: 85.35.37
12-07 15:09:37.642 I/SyncBossInput( 9363): [info   ] [ruby ( left) f343f271512a1feb]: 1185022 [info   ] {INPM}:       0 [info   ] {MAIN}: v85.35.37
12-07 15:09:37.668 I/SyncBossHAL( 9363): [info   ] pulsar_input_cache.c(719): Cache populated for device 402c25cbf028a4e8
12-07 15:09:37.668 I/SyncBossHAL( 9363): [info   ] pulsar_input_cache.c(286): Finished getting cache data for controller
12-07 15:09:37.668 I/SyncBossHAL( 9363):     id            : 402c25cbf028a4e8
12-07 15:09:37.668 I/SyncBossHAL( 9363):     pulsar_type   : 0x10011601
12-07 15:09:37.668 I/SyncBossHAL( 9363):     connection id : 0x26
12-07 15:09:37.668 I/SyncBossHAL( 9363):     fw ver        : 85.35.37
12-07 15:09:37.668 I/SyncBossHAL( 9363):     spl ver       : 1.5.11
12-07 15:09:37.668 I/SyncBossHAL( 9363):     serial        : 2G0YZJ2F7N03SN
12-07 15:09:37.668 I/SyncBossHAL( 9363):     handedness    : right
12-07 15:09:37.668 I/SyncBossHAL( 9363):     battery state : 70%
12-07 15:09:37.668 I/SyncBossHAL( 9363): [info   ] pulsar_input_cache.c(909): Cache refresh complete in 79ms
12-07 15:09:37.668 I/SyncBossHAL( 9363): [info   ] pulsar_manager.c(180): Setting controller ID f343f271512a1feb LED config to period: 66664us, on-time: 19us, delay: 26453us
12-07 15:09:37.673 D/SensorService( 9363): Syncboss input 402c25cbf028a4e8 hardware type 6, subtype 2, revision 0x10
12-07 15:09:37.673 I/SensorService( 9363): preparePairedControllerInfo is adding device with valid 1
12-07 15:09:37.673 D/SensorService( 9363): Syncboss input f343f271512a1feb hardware type 6, subtype 1, revision 0x10
12-07 15:09:37.673 I/SensorService( 9363): preparePairedControllerInfo is adding device with valid 1
12-07 15:09:37.673 D/SensorService( 9363): stateChangeNotifierFunc(): Reporting controller info. Change token: 71, paired=2 connected=2
12-07 15:09:37.673 D/ControllerManagement( 9339): processStateChange([PairedControllerInfo RUBY 402c25cbf028a4e8 connected detached mcnt=2])
12-07 15:09:37.673 I/ControllerManagement( 9339): ControllerGlue: 402c25cbf028a4e8: boostControllerTxPower: controllerType=RUBY, countryCode=US, txPower=8
12-07 15:09:37.674 D/SensorService( 9363): ControllerProvider: Successfully set tx power to 8, filter to 8
12-07 15:09:37.674 D/ControllerManagement( 9339): RemoteService::recordControllerStatusUpdate: device 402c25cbf028a4e8: status: CONNECTED_ACTIVE tracking: NONE, errors: --
12-07 15:09:37.674 I/SyncBossHAL( 9363): [info   ] pulsar_manager.c(180): Setting controller ID 402c25cbf028a4e8 LED config to period: 66664us, on-time: 19us, delay: 26453us
12-07 15:09:37.675 D/SensorService( 9363): Found paired controllers: 2
12-07 15:09:37.675 D/SensorService( 9363): Syncboss input 402c25cbf028a4e8 hardware type 6, subtype 2, revision 0x10
12-07 15:09:37.675 I/SensorService( 9363): preparePairedControllerInfo is adding device with valid 1
12-07 15:09:37.675 D/SensorService( 9363): Syncboss input f343f271512a1feb hardware type 6, subtype 1, revision 0x10
12-07 15:09:37.675 I/SensorService( 9363): preparePairedControllerInfo is adding device with valid 1
12-07 15:09:37.676 D/ControllerManagement( 9339): processStateChange([PairedControllerInfo RUBY f343f271512a1feb connected detached mcnt=2])
12-07 15:09:37.678 D/SensorService( 9363): Found paired controllers: 2
12-07 15:09:37.678 D/SensorService( 9363): Syncboss input 402c25cbf028a4e8 hardware type 6, subtype 2, revision 0x10
12-07 15:09:37.678 I/SensorService( 9363): preparePairedControllerInfo is adding device with valid 1
12-07 15:09:37.678 D/SensorService( 9363): Syncboss input f343f271512a1feb hardware type 6, subtype 1, revision 0x10
12-07 15:09:37.678 I/SensorService( 9363): preparePairedControllerInfo is adding device with valid 1
12-07 15:09:37.678 D/SensorService( 9363): Found paired controllers: 2
12-07 15:09:37.678 D/SensorService( 9363): Syncboss input 402c25cbf028a4e8 hardware type 6, subtype 2, revision 0x10
12-07 15:09:37.678 I/SensorService( 9363): preparePairedControllerInfo is adding device with valid 1
12-07 15:09:37.678 D/SensorService( 9363): Syncboss input f343f271512a1feb hardware type 6, subtype 1, revision 0x10
12-07 15:09:37.678 I/SensorService( 9363): preparePairedControllerInfo is adding device with valid 1
12-07 15:09:37.678 D/TrackingService( 9368): Creating RemoteConstellationTrackedDevice
12-07 15:09:37.679 I/TrackingService( 9368): Registering primary controller 402c25cbf028a4e8 in RIGHT slot
12-07 15:09:37.679 D/ControllerManagement( 9339): RemoteService::recordControllerStatusUpdate: device 402c25cbf028a4e8: status: CONNECTED_ACTIVE tracking: NONE, errors: --
12-07 15:09:37.679 D/TrackingService( 9368): registerRemote: 402c25cbf028a4e8
12-07 15:09:37.680 I/SyncBossHAL( 9363): [info   ] pulsar_manager.c(327): Setting transmit power for all connected controllers to 8 dBm
12-07 15:09:37.639 I/input   (    0): Device 0x402C25CBF028A4E8 as /devices/virtual/input/input66
12-07 15:09:37.682 I/SyncBossHAL( 9363): [info   ] pulsar_manager.c(327): Setting filter transmit power for all connected controllers to 8 dBm
12-07 15:09:37.690 D/ControllerManagement( 9339): RemoteService::recordControllerStatusUpdate: device 402c25cbf028a4e8: status: CONNECTED_ACTIVE tracking: NONE, errors: --
12-07 15:09:37.701 I/SyncBossInput( 9363): [info   ] [ruby ( left) f343f271512a1feb]: 1185022 [info   ] {INPM}:       0 [info   ] {MAIN}: Reset reason: RESET_PIN 
12-07 15:09:37.718 I/SyncBossInput( 9363): [info   ] [ruby (right) 402c25cbf028a4e8]: 13756281 [info   ] {THDG}: active_connected -> active_seek
12-07 15:09:37.730 I/SyncBossHAL( 9363): [info   ] syncboss_hal_input_controller.c(186): Controller 402c25cbf028a4e8 battery level changed: 0% -> 70%
12-07 15:09:37.733 D/SensorService( 9363): Syncboss input 402c25cbf028a4e8 hardware type 6, subtype 2, revision 0x10
12-07 15:09:37.733 I/SensorService( 9363): preparePairedControllerInfo is adding device with valid 1
12-07 15:09:37.733 D/SensorService( 9363): Syncboss input f343f271512a1feb hardware type 6, subtype 1, revision 0x10
12-07 15:09:37.733 I/SensorService( 9363): preparePairedControllerInfo is adding device with valid 1
12-07 15:09:37.733 D/SensorService( 9363): stateChangeNotifierFunc(): Reporting controller info. Change token: 72, paired=2 connected=2
12-07 15:09:37.733 D/ControllerManagement( 9339): processStateChange([PairedControllerInfo RUBY 402c25cbf028a4e8 connected detached mcnt=2])
12-07 15:09:37.738 D/SensorService( 9363): Found paired controllers: 2
12-07 15:09:37.738 D/SensorService( 9363): Syncboss input 402c25cbf028a4e8 hardware type 6, subtype 2, revision 0x10
12-07 15:09:37.738 I/SensorService( 9363): preparePairedControllerInfo is adding device with valid 1
12-07 15:09:37.738 D/SensorService( 9363): Syncboss input f343f271512a1feb hardware type 6, subtype 1, revision 0x10
12-07 15:09:37.738 I/SensorService( 9363): preparePairedControllerInfo is adding device with valid 1
12-07 15:09:37.738 D/ControllerManagement( 9339): processStateChange([PairedControllerInfo RUBY f343f271512a1feb connected detached mcnt=2])
12-07 15:09:37.739 D/SensorService( 9363): Found paired controllers: 2
12-07 15:09:37.739 D/SensorService( 9363): Syncboss input 402c25cbf028a4e8 hardware type 6, subtype 2, revision 0x10
12-07 15:09:37.739 I/SensorService( 9363): preparePairedControllerInfo is adding device with valid 1
12-07 15:09:37.739 D/SensorService( 9363): Syncboss input f343f271512a1feb hardware type 6, subtype 1, revision 0x10
12-07 15:09:37.739 I/SensorService( 9363): preparePairedControllerInfo is adding device with valid 1
12-07 15:09:37.760 I/SyncBossInput( 9363): [info   ] [ruby ( left) f343f271512a1feb]: 1185022 [info   ] {INPM}:       0 [info   ] {BOD }: BOD lev=7,reg=0x7000a
12-07 15:09:37.760 I/SyncBossInput( 9363): [info   ] [ruby (right) 402c25cbf028a4e8]: 13786345 [info   ] {INPM}: Input MCU put to sleep
12-07 15:09:37.803 I/SyncBossInput( 9363): [info   ] [ruby (right) 402c25cbf028a4e8]: 13786345 [info   ] {THDG}: active_seek -> inactive_seek
12-07 15:09:37.813 I/SyncBossInput( 9363): [info   ] [ruby ( left) f343f271512a1feb]: 1185205 [info   ] {IRLD}: IR LED configured: p=66664, ot=19, d=26453
12-07 15:09:37.861 I/SyncBossInput( 9363): [info   ] [ruby (right) 402c25cbf028a4e8]: 14735156 [info   ] {IRLD}: IR LED configured: p=66664, ot=19, d=26453
12-07 15:09:37.884 D/ControllerManagement( 9339): RemoteService::recordControllerStatusUpdate: device 402c25cbf028a4e8: status: CONNECTED_ACTIVE tracking: NONE, errors: --
12-07 15:09:37.906 I/SyncBossInput( 9363): [info   ] [ruby (right) 402c25cbf028a4e8]: 14735208 [info   ] {THDG}: inactive_seek -> active_connected
12-07 15:09:37.957 I/SyncBossInput( 9363): [info   ] [ruby (right) 402c25cbf028a4e8]: 14735285 [info   ] {INPM}:       0 [info   ] {MAIN}: v85.35.37
12-07 15:09:38.019 I/SyncBossInput( 9363): [info   ] [ruby (right) 402c25cbf028a4e8]: 14735286 [info   ] {INPM}:       0 [info   ] {MAIN}: Reset reason: RESET_PIN 
12-07 15:09:38.037 W/TrackingService( 9368): 16 late Color frame set were dropped: timestamp 85226.892391, current monochrome 85226.900588
12-07 15:09:38.082 I/SyncBossInput( 9363): [info   ] [ruby (right) 402c25cbf028a4e8]: 14735286 [info   ] {INPM}:       0 [info   ] {BOD }: BOD lev=7,reg=0x7000aIN 
12-07 15:09:38.694 E/TaskPersister( 1971): File error accessing recents directory (directory doesn't exist?).
12-07 15:09:38.805 W/healthd (    0): battery l=100 v=4293 t=33.0 h=2 st=5 c=-330696 fc=4820000 cc=17 chg=a
12-07 15:09:39.156 E/libsensortelemetry( 9368): imu_iot samples delayed: 5144859ns capture to arrival (ERS limit: 3500000ns)
12-07 15:09:39.157 E/libsensortelemetry( 9363): imu samples delayed: 5070588ns capture to arrival (ERS limit: 3500000ns)
12-07 15:09:39.552 W/ContextImpl( 5043): Calling a method in the system process without a qualified user: android.app.ContextImpl.startService:1899 android.content.ContextWrapper.startService:825 com.oculus.appsafety.packageintegrity.PackageIntegrityUtils.sendResultToOCMS:2223 com.oculus.appsafety.packageintegrity.PackageIntegrityUtils.lambda$updateStorePackageSignatures$27:3072 com.oculus.appsafety.packageintegrity.PackageIntegrityUtils.$r8$lambda$spxwCO2KiyNTPBbcjgChQCxsmU8:0 
