12-07 15:27:17.769 D/VolumetricContentMonitor( 1971): Focused window changed to RunningWindowInfo{  pid: 3469, uid: 10053, userId: 0, windowContainerToken: 156543366, windowToken: android.view.IWindow$Stub$Proxy@8573247, windowId: com.android.server.wm.WindowState$WindowId@85c3a74, displayId: 0, windowType: 1, activity: RunningActivityInfo { rootTask: 2, uid: 10053, pid: 3469, userId: 0, activity: com.oculus.vrshell.HomeActivity, windowId: com.android.server.wm.WindowState$WindowId@85c3a74, state: ACTIVITY_STATE_VISIBLE}}, from android.view.IWindow$Stub$Proxy@3dedd8d
12-07 15:27:17.769 I/SyncBossFW(  879): 86286597 [info   ] {GCM }: general_cam_mgr_start_streaming for cameras 0x30
12-07 15:27:17.775 D/CoreBackPreview( 1971): Window{9fcf7d8 u0 com.oculus.vrshell/com.oculus.vrshell.FocusPlaceholderActivity}: Setting back callback OnBackInvokedCallbackInfo{mCallback=android.window.IOnBackInvokedCallback$Stub$Proxy@65ae16, mPriority=0, mIsAnimationCallback=false}
12-07 15:27:17.776 D/CameraStream( 9363): [projector_assisted_depth] Client [MrSSCamS(1157)] attempting start
12-07 15:27:17.777 I/FrameSetDispatcher( 9363): [{WT(0,1):RAW10}] Client pid=1157 (MrSSCamS): Client thread[{WT(0,1):RAW10}] started
12-07 15:27:17.777 I/CameraClientManager( 9363): [MrSSCamS(1157)][projector_assisted_depth] client started (estimated 1 started clients total)
12-07 15:27:17.777 I/CameraClientManager( 9363): [[MrSSCamS(1157)][projector_assisted_depth]] definitely starting stream
12-07 15:27:17.777 I/SensorService( 9363): [worldTracking] Starting cameras for purpose projector_assisted_depth
12-07 15:27:17.808 V/WorldManagerService( 1971): VW Content Listener: com.oculus.vrshell -1
12-07 15:27:17.808 D/SpatialAudioService( 1971): Skipping processing for app: com.oculus.vrshell (isNewApp: false, perAppEnabled: true, epsService: true)
12-07 15:27:17.808 V/WorldManagerService( 1971): VW Content Listener: com.oculus.vrshell -1
12-07 15:27:17.810 V/WindowManager( 1971): Sent Transition #3608 createdAt=12-07 15:27:17.696 via request=TransitionRequestInfo { type = OPEN, triggerTask = TaskInfo{userId=0 taskId=2944 displayId=0 isRunning=true baseIntent=Intent { flg=0x10810100 cmp=com.oculus.vrshell/.FocusPlaceholderActivity } baseActivity=ComponentInfo{com.oculus.vrshell/com.oculus.vrshell.FocusPlaceholderActivity} topActivity=ComponentInfo{com.oculus.vrshell/com.oculus.vrshell.FocusPlaceholderActivity} origActivity=null realActivity=ComponentInfo{com.oculus.vrshell/com.oculus.vrshell.FocusPlaceholderActivity} numActivities=1 numActivitiesPerUser={0=1} lastActiveTime=198461339 supportsMultiWindow=true resizeMode=0 isResizeable=false minWidth=-1 minHeight=-1 defaultMinSize=1 token=WCT{RemoteToken{198b51c Task{4f39c8d #2944 type=standard A=10053:com.oculus.vrshell:-339196040}}} topActivityType=1 pictureInPictureParams=null shouldDockBigOverlays=false launchIntoPipHostTaskId=-1 lastParentTaskIdBeforePip=-1 displayCutoutSafeInsets=null topActivityInfo=ActivityInfo{4dbd525 com.oculus.vrshell.FocusPlaceholderActivity} launchCookies=[] telemetryLaunchIds=[] positionInParent=Point(0, 0) parentTaskId=5 isFocused=false isVisible=false isVisibleRequested=true isSleeping=false topActivityInSizeCompat=false topActivityEligibleForLetterboxEducation= false topActivityLetterboxed= false isFromDoubleTap= false topActivityLetterboxVerticalPosition= -1 topActivityLetterboxHorizontalPosition= -1 topActivityLetterboxWidth=-1 topActivityLetterboxHeight=-1 locusId=null displayAreaFeatureId=1 cameraCompatControlState=hidden}, remoteTransition = null, displayChange = null }
12-07 15:27:17.810 V/WindowManager( 1971):     startWCT=WindowContainerTransaction { changes = {} hops = [] errorCallbackToken=null taskFragmentOrganizer=null }
12-07 15:27:17.759 I/CAM_INFO(    0): CAM-SENSOR: cam_sensor_driver_cmd: 1211 CAM_ACQUIRE_DEV Success for og01a1b id:0x7750,slave-addr:0xb0 crm:[0]
12-07 15:27:17.762 I/CAM_INFO(   23): CAM-SMMU: cam_smmu_map_user_iova: 3257 fd=940 already in list [23:27:17:803] cb=ife idx=0 handle=25084 len=757760,give same addr back
12-07 15:27:17.763 I/CAM_INFO(    0): CAM-CRM: cam_req_mgr_link_v3: 4951 link reserved 0000000000000000 0 trigger_type:1 num_devs:2 sess_hdl:7078416 no_crm:4
12-07 15:27:17.763 I/CAM_INFO(    0): CAM-ISP: cam_ife_hw_mgr_print_acquire_info: 2027 23:27:17.804 Acquired Single IFE[8] with [0 pix] [0 pd] [1 rdi] ports for ctx:7 per_port_enabled :0 sensor:1 ul: 1
12-07 15:27:17.764 I/CAM_INFO(    0): CAM-ISP: __cam_isp_ctx_acquire_hw_v2: 9737 NO CRM session,top state machine assigned for no crm ctx 7
12-07 15:27:17.770 I/CAM_INFO(    0): CAM-SENSOR: cam_sensor_driver_cmd: 1211 CAM_ACQUIRE_DEV Success for ov7251 id:0xd,slave-addr:0xc0 crm:[0]
12-07 15:27:17.770 I/CAM_INFO(   23): CAM-SMMU: cam_smmu_map_user_iova: 3257 fd=957 already in list [23:27:17:811] cb=ife idx=0 handle=25084 len=757760,give same addr back
12-07 15:27:17.771 I/CAM_INFO(    0): CAM-CRM: cam_req_mgr_link_v3: 4951 link reserved 0000000000000000 0 trigger_type:1 num_devs:2 sess_hdl:8126997 no_crm:4
12-07 15:27:17.773 I/CAM_INFO(    0): CAM-ISP: cam_ife_hw_mgr_print_acquire_info: 2027 23:27:17.813 Acquired Single IFE[7] with [0 pix] [0 pd] [1 rdi] ports for ctx:3 per_port_enabled :0 sensor:2 ul: 1
12-07 15:27:17.773 I/CAM_INFO(    0): CAM-ISP: __cam_isp_ctx_acquire_hw_v2: 9737 NO CRM session,top state machine assigned for no crm ctx 3
12-07 15:27:17.782 I/CAM_INFO(    0): CAM-SENSOR: cam_sensor_driver_cmd: 1211 CAM_ACQUIRE_DEV Success for ov7251 id:0xd,slave-addr:0xd0 crm:[0]
12-07 15:27:17.786 I/CAM_INFO(   23): CAM-SMMU: cam_smmu_map_user_iova: 3257 fd=974 already in list [23:27:17:827] cb=ife idx=0 handle=25084 len=757760,give same addr back
12-07 15:27:17.788 I/CAM_INFO(    0): CAM-CRM: cam_req_mgr_link_v3: 4951 link reserved 0000000000000000 0 trigger_type:1 num_devs:2 sess_hdl:12911130 no_crm:4
12-07 15:27:17.789 I/CAM_INFO(    0): CAM-ISP: cam_ife_hw_mgr_print_acquire_info: 2027 23:27:17.829 Acquired Single IFE[6] with [0 pix] [0 pd] [1 rdi] ports for ctx:5 per_port_enabled :0 sensor:3 ul: 1
12-07 15:27:17.810 V/WindowManager( 1971):     info={id=3608 t=OPEN f=0x0 trk=0 r=[0@Point(0, 0)] c=[{WCT{RemoteToken{c26a4b Task{ce4658f #2465 type=home A=10053:com.oculus.vrshell:1047810524}}} m=CHANGE f=MOVE_TO_TOP p=WCT{RemoteToken{5f731a0 Task{a438a27 #2 type=home}}} leash=Surface(name=Task=2465)/@0xdac69c2 sb=Rect(0, 0 - 4128, 2208) eb=Rect(0, 0 - 4128, 2208) d=0},{WCT{RemoteToken{5f731a0 Task{a438a27 #2 type=home}}} m=CHANGE f=TRANSLUCENT|MOVE_TO_TOP leash=Surface(name=Task=2)/@0x99910f sb=Rect(0, 0 - 4128, 2208) eb=Rect(0, 0 - 4128, 2208) d=0},{WCT{RemoteToken{198b51c Task{4f39c8d #2944 type=standard A=10053:com.oculus.vrshell:-339196040}}} m=OPEN f=NO_ANIMATION p=WCT{RemoteToken{3f434b9 Task{7447972 #5 type=standard}}} leash=Surface(name=Task=2944)/@0x16e9f0 sb=Rect(16000, 0 - 16001, 1) eb=Rect(16000, 0 - 16001, 1) d=0},{WCT{RemoteToken{3f434b9 Task{7447972 #5 type=standard}}} m=TO_FRONT f=TRANSLUCENT|NO_ANIMATION leash=Surface(name=Task=5)/@0x1863657 sb=Rect(16000, 0 - 16001, 1) eb=Rect(16000, 0 - 16001, 1) eo=Point(16000, 0) d=0}]}
12-07 15:27:17.816 I/VolumetricWindow( 1971): [setDrawn] VW=b2cad7bf-0e76-4319-96e8-07884ce6c6bf: isDrawn=true (isActive=true, isVisible=true)
12-07 15:27:17.817 V/WindowManager( 1971): Sent Transition #3609 createdAt=12-07 15:27:17.724 via request=TransitionRequestInfo { type = SLEEP, triggerTask = null, remoteTransition = null, displayChange = null }
12-07 15:27:17.818 V/WindowManager( 1971):     startWCT=null
12-07 15:27:17.818 V/WindowManager( 1971):     info={id=3609 t=SLEEP f=0x0 trk=0 r=[] c=[]}
12-07 15:27:17.820 W/SpatialWindowResourceService( 1971): setWindowUserPerceivedState(): process is marked immersive, avoid 2D resource management
12-07 15:27:17.820 D/SpatialAudioService( 1971): Skipping processing for app: com.oculus.vrshell (isNewApp: false, perAppEnabled: true, epsService: true)
12-07 15:27:17.822 V/WindowManager( 1971): Finish Transition #3608: created at 12-07 15:27:17.696 collect-started=0.009ms request-sent=16.093ms started=18.681ms ready=18.665ms sent=112.882ms finished=125.741ms
12-07 15:27:17.827 D/SensorService( 9363): SyncbossEventHandler: acquired session; approx # alive: 4
12-07 15:27:17.830 I/SyncBossFW(  879): 86286660 [info   ] {APPI}: Setting mag data rate to 25.0000
12-07 15:27:17.831 I/SensorService( 9363): doEnableHalCameras[NICE] Create SyncbossHandleWrapper
12-07 15:27:17.831 I/SensorService( 9363): doEnableHalCameras[NICE] FsyncEventHandler::GetInstance
12-07 15:27:17.833 D/SensorService( 9363): SyncbossEventHandler: Enabled sensor HMD_MAG - Active sensors: synthetic[HMD_DOUBLETAP,EXTERNAL_TIMING,ZAP] non-synth[HMD_MAG,HMD_IMU,HMD_FSIN,PULSAR
12-07 15:27:17.833 D/TrackingService( 9368): IOT sleep to standby completed
12-07 15:27:17.833 I/TrackingService( 9368): [                             iot] Power transition: SLEEP -> STANDBY transition time: 321 ms
12-07 15:27:17.834 D/TrackingService( 9368): starting IOT motion thread, imu batch dispatch enabled=false
12-07 15:27:17.836 I/SyncBossFW(  879): 86286663 [info   ] {APPI}: Enabling magnetometer
12-07 15:27:17.837 I/SyncBossFW(  879): 86286663 [info   ] {APPI}: Enabling mag streaming.  Temperature comp enabled
12-07 15:27:17.837 I/SyncBossFW(  879): 86286664 [info   ] {GCM }: general_cam_mgr_init for cameras 0xf
12-07 15:27:17.837 E/libsensortelemetry( 9368): imu_iot samples delayed: 8950982ns capture to arrival (ERS limit: 3500000ns)
12-07 15:27:17.867 W/Transition( 1971): Transition already started id=3609 state=2
12-07 15:27:17.871 V/WindowManager( 1971): Finish Transition #3609: created at 12-07 15:27:17.724 collect-started=85.216ms request-sent=92.213ms started=92.229ms ready=92.228ms sent=92.742ms finished=146.268ms
12-07 15:27:17.932 I/TrackingService( 9368): [                   constellation] Power transition: SLEEP -> STANDBY transition time: 98 ms
12-07 15:27:17.932 D/TrackingService( 9368): [HANDTRACKINGGLUE] sleepToStandby
12-07 15:27:17.932 I/TrackingService( 9368): [                            hand] Power transition: SLEEP -> STANDBY transition time: 0 ms
12-07 15:27:17.937 I/TrackingService( 9368): [              selftracked_client] Power transition: SLEEP -> STANDBY transition time: 4 ms
12-07 15:27:17.937 I/TrackingService( 9368): [                            iobt] Power transition: SLEEP -> STANDBY transition time: 0 ms
12-07 15:27:18.014 I/TrackingService( 9368): [                          object] Power transition: SLEEP -> STANDBY transition time: 76 ms
12-07 15:27:18.014 D/libsensorscommon( 9363): ControllerProvider: StreamingClient requested by 9368
12-07 15:27:18.014 D/SensorService( 9363): ControllerProvider: acquiring StreamingClient impl; approx # alive: 2
12-07 15:27:18.014 I/TrackingService( 9368): [                      controller] Power transition: SLEEP -> STANDBY transition time: 0 ms
12-07 15:27:18.014 I/TrackingService( 9368): [            ExposureControlCmmv2] Power transition: SLEEP -> STANDBY transition time: 0 ms
12-07 15:27:18.014 D/ControllerManagement( 9339): processStateChange([PairedControllerInfo RUBY 402c25cbf028a4e8 disconnected detached update-required mcnt=2])
12-07 15:27:18.016 D/SensorService( 9363): Found paired controllers: 2
12-07 15:27:18.016 D/SensorService( 9363): Syncboss input 402c25cbf028a4e8 hardware type 6, subtype 2, revision 
12-07 15:27:18.016 I/SensorService( 9363): preparePairedControllerInfo is adding device with valid 1
12-07 15:27:18.016 D/SensorService( 9363): Syncboss input f343f271512a1feb hardware type 6, subtype 1, revision 
12-07 15:27:18.016 I/SensorService( 9363): preparePairedControllerInfo is adding device with valid 1
12-07 15:27:18.016 D/ControllerManagement( 9339): processStateChange([PairedControllerInfo RUBY f343f271512a1feb disconnected detached update-required mcnt=2])
12-07 15:27:18.017 D/SensorService( 9363): Found paired controllers: 2
12-07 15:27:18.017 D/SensorService( 9363): Syncboss input 402c25cbf028a4e8 hardware type 6, subtype 2, revision 
12-07 15:27:18.017 I/SensorService( 9363): preparePairedControllerInfo is adding device with valid 1
12-07 15:27:18.017 D/SensorService( 9363): Syncboss input f343f271512a1feb hardware type 6, subtype 1, revision 
12-07 15:27:18.017 I/SensorService( 9363): preparePairedControllerInfo is adding device with valid 1
12-07 15:27:18.017 D/libsensorscommon( 9363): ControllerProvider: acquiring StreamingClient hidl for client 9368
12-07 15:27:18.026 I/TrackingService( 9368): [                            face] Power transition: SLEEP -> STANDBY transition time: 11 ms
12-07 15:27:18.026 D/TrackingService( 9368): Transition completed for NONE
12-07 15:27:18.026 D/PowerMonitor( 9368): Executing transition from STANDBY to RUNNING
12-07 15:27:18.026 D/TrackingService( 9368): StateHandler setState powerState=RUNNING
12-07 15:27:18.026 D/TrackingService( 9368): Enqueued transition to (targetPowerState, targetMuxName): (RUNNING, --) - transition timeout: 1000000000 ns
12-07 15:27:18.026 I/TrackingService( 9368): [                   PerfLockHooks] Power transition: STANDBY -> RUNNING transition time: 0 ms
12-07 15:27:18.026 I/TrackingService( 9368): [                            bolt] Power transition: STANDBY -> RUNNING transition time: 0 ms
12-07 15:27:18.026 D/TrackingService( 9368): IOT standby to running started
12-07 15:27:18.026 D/CameraStream( 9363): [iot] Client [IOT(9368)] attempting start
12-07 15:27:18.026 I/FrameSetDispatcher( 9363): [{WT:RAW10}] Client pid=9368 (IOT): Client thread[{WT:RAW10}:IOT] started
12-07 15:27:18.026 I/CameraClientManager( 9363): [IOT(9368)][iot] client started (estimated 1 started clients total)
12-07 15:27:18.026 I/CameraClientManager( 9363): [[IOT(9368)][iot]] definitely starting stream
12-07 15:27:17.790 I/CAM_INFO(    0): CAM-ISP: __cam_isp_ctx_acquire_hw_v2: 9737 NO CRM session,top state machine assigned for no crm ctx 5
12-07 15:27:18.049 D/SensorService( 9363): Configured syncboss nice config: [{camera_set: 1, num_slots: 4, [ { tag: 16, default_exposure_us: 65535, default_gain: 65535, capabilities: 0, slot_length: 0, }, { tag: 17, default_exposure_us: 38, default_gain: 48, capabilities: 2, slot_length: 0, }, { tag: 18, default_exposure_us: 65535, default_gain: 65535, capabilities: 0, slot_length: 0, }, { tag: 19, default_exposure_us: 5000, default_gain: 48, capabilities: 8, slot_length: 0, }, ] shutter_period_us: 16666, }, {camera_set: 2, num_slots: 4, [ { tag: 16, default_exposure_us: 65535, default_gain: 65535, capabilities: 0, slot_length: 0, }, { tag: 17, default_exposure_us: 38, default_gain: 48, capabilities: 2, slot_length: 0, }, { tag: 18, default_exposure_us: 65535, default_gain: 65535, capabilities: 0, slot_length: 0, }, { tag: 19, default_exposure_us: 5000, default_gain: 48, capabilities: 8, slot_length: 0, }, ] shutter_period_us: 16666, }, ]
12-07 15:27:18.050 I/FrameSetCollator( 9363): [{WT(0,1):RAW10}] started at 139156.73
12-07 15:27:18.050 I/SensorService( 9363): [worldTracking] Starting camera streams for purpose: projector_assisted_depth, current muxmode = 1
12-07 15:27:18.053 I/SyncBossFW(  879): 86286869 [info   ] {APPI}: Setting projector pattern sequence
12-07 15:27:18.054 I/SyncBossFW(  879): 86286870 [info   ] {NICE}: nice_set_frame_rate called on same period of 16666us
12-07 15:27:18.054 I/SyncBossFW(  879): 86286870 [info   ] {NICE}: nice_set_frame_rate called on same period of 16666us
12-07 15:27:18.054 I/SyncBossFW(  879): 86286872 [info   ] {NICE}: nice_set_frame_rate called on same period of 16666us
12-07 15:27:18.054 I/SyncBossFW(  879): 86286872 [info   ] {NCM }: Found slot with constellation capability
12-07 15:27:18.054 I/SyncBossFW(  879): 86286875 [info   ] {NICE}: nice_set_frame_rate called on same period of 16666us
12-07 15:27:18.054 I/SyncBossFW(  879): 86286875 [info   ] {NCM }: No slot with projector capability found.
12-07 15:27:18.054 I/SyncBossFW(  879): 86286875 [info   ] {NCM }: Stopping projector
12-07 15:27:18.054 I/SyncBossFW(  879): 86286882 [info   ] {GCM }: general_cam_mgr_get_stream_info for cameras 0x1
12-07 15:27:18.057 I/CameraClientManager( 9363): [[MrSSCamS(1157)][projector_assisted_depth]] stream start completed
12-07 15:27:18.057 D/CameraStream( 9363): [projector_assisted_depth] Client [MrSSCamS(1157)]: start complete
12-07 15:27:18.057 I/SensorService( 9363): [worldTracking] Starting cameras for purpose iot
12-07 15:27:18.058 I/FrameSetCollator( 9363): [{WT:RAW10}] started at 139156.74
12-07 15:27:18.058 I/SensorService( 9363): [worldTracking] Starting camera streams for purpose: iot, current muxmode = 1
12-07 15:27:18.058 I/CameraClientManager( 9363): [[IOT(9368)][iot]] stream start completed
12-07 15:27:18.058 D/CameraStream( 9363): [iot] Client [IOT(9368)]: start complete
12-07 15:27:18.058 D/CameraStream( 9363): [mr_monochrome] Client [MrSSCamS(1157)] attempting start
12-07 15:27:18.058 I/FrameSetDispatcher( 9363): [{WT(0,1):RAW10}] Client pid=1157 (MrSSCamS): Client thread[{WT(0,1):RAW10}] started
12-07 15:27:18.058 I/CameraClientManager( 9363): [MrSSCamS(1157)][mr_monochrome] client started (estimated 1 started clients total)
12-07 15:27:18.058 I/CameraClientManager( 9363): [[MrSSCamS(1157)][mr_monochrome]] definitely starting stream
12-07 15:27:18.058 I/SensorService( 9363): [worldTracking] Starting cameras for purpose mr_monochrome
12-07 15:27:18.059 I/FrameSetCollator( 9363): [{WT(0,1):RAW10}] Skipping start, current start count: 2
12-07 15:27:18.059 I/SensorService( 9363): [worldTracking] Starting camera streams for purpose: mr_monochrome, current muxmode = 1
12-07 15:27:18.059 I/CameraClientManager( 9363): [[MrSSCamS(1157)][mr_monochrome]] stream start completed
12-07 15:27:18.059 D/CameraStream( 9363): [mr_monochrome] Client [MrSSCamS(1157)]: start complete
12-07 15:27:18.061 I/SyncBossFW(  879): 86286886 [info   ] {GCM }: general_cam_mgr_start_streaming for cameras 0xf
12-07 15:27:18.061 I/SyncBossFW(  879): 86286887 [info   ] {NCM }: [rate_lim=5000] Sending constellation cadence: [P: 66664us, D: 26466us]
12-07 15:27:18.061 I/SyncBossFW(  879): 86286888 [info   ] {NCM }: [rate_lim=5000] Ack received for constellation cadence: [P: 66664us, D: 26466us]
12-07 15:27:18.063 D/TrackingService( 9368): IOT standby to running completed
12-07 15:27:18.063 I/TrackingService( 9368): [                             iot] Power transition: STANDBY -> RUNNING transition time: 36 ms
12-07 15:27:18.064 D/CameraStream( 9363): [constellation] Client [Cnst(9368)] attempting start
12-07 15:27:18.064 I/FrameSetDispatcher( 9363): [{WT:RAW10}] Client pid=9368 (Cnst): Client thread[{WT:RAW10}:Cnst] started
12-07 15:27:18.064 I/CameraClientManager( 9363): [Cnst(9368)][constellation] client started (estimated 1 started clients total)
12-07 15:27:18.064 I/CameraClientManager( 9363): [[Cnst(9368)][constellation]] definitely starting stream
12-07 15:27:18.064 I/SensorService( 9363): [worldTracking] Starting cameras for purpose constellation
12-07 15:27:18.064 I/FrameSetCollator( 9363): [{WT:RAW10}] Skipping start, current start count: 2
12-07 15:27:18.064 I/SensorService( 9363): [worldTracking] Starting camera streams for purpose: constellation, current muxmode = 1
12-07 15:27:18.064 I/CameraClientManager( 9363): [[Cnst(9368)][constellation]] stream start completed
12-07 15:27:18.064 D/CameraStream( 9363): [constellation] Client [Cnst(9368)]: start complete
12-07 15:27:18.013 I/CAM_INFO(    0): CAM-ISP: __cam_isp_ctx_start_dev_in_ready: 10771 Start IFE device ctx 2 with irq state machine [RDI Only Activated State Machine IRQ] in initial SubState [EPOCH] UL_path 1
12-07 15:27:18.013 I/CAM_INFO(    0): CAM-ISP: __cam_isp_ctx_start_dev_in_ready: 10771 Start IFE device ctx 3 with irq state machine [RDI Only Activated State Machine IRQ] in initial SubState [EPOCH] UL_path 1
12-07 15:27:18.014 I/CAM_INFO(    0): CAM-SENSOR: cam_sensor_driver_cmd: 1352 23:27:18.54 CAM_START_DEV[0] Success for og01a1b sensor_id:0x7750,sensor_slave_addr:0xa0
12-07 15:27:18.014 I/CAM_INFO(    0): CAM-ISP: __cam_isp_ctx_start_dev_in_ready: 10771 Start IFE device ctx 7 with irq state machine [RDI Only Activated State Machine IRQ] in initial SubState [EPOCH] UL_path 1
12-07 15:27:18.014 I/CAM_INFO(    0): CAM-SENSOR: cam_sensor_driver_cmd: 1352 23:27:18.54 CAM_START_DEV[2] Success for ov7251 sensor_id:0xd,sensor_slave_addr:0xc0
12-07 15:27:18.014 I/CAM_INFO(    0): CAM-ISP: __cam_isp_ctx_start_dev_in_ready: 10771 Start IFE device ctx 5 with irq state machine [RDI Only Activated State Machine IRQ] in initial SubState [EPOCH] UL_path 1
12-07 15:27:18.014 I/CAM_INFO(    0): CAM-SENSOR: cam_sensor_driver_cmd: 1352 23:27:18.55 CAM_START_DEV[1] Success for og01a1b sensor_id:0x7750,sensor_slave_addr:0xb0
12-07 15:27:18.074 D/CameraStream( 9363): [ambient_controller] Client [Cnst(9368)] attempting start
12-07 15:27:18.015 I/CAM_INFO(    0): CAM-SENSOR: cam_sensor_driver_cmd: 1352 23:27:18.55 CAM_START_DEV[3] Success for ov7251 sensor_id:0xd,sensor_slave_addr:0xd0
12-07 15:27:18.050 I/        (    0): Info: adsprpc (8241): 517: 517: cvp-dsp-thread: fastrpc_driver_register: fastrpc driver qcom,fastcv0 registered with handle 1157
12-07 15:27:18.050 I/msm_cvp (    0): sess: Opening cvp instance: 0000000000000000
12-07 15:27:18.053 I/msm_cvp (    0): pwr: cvp (eva) powered on
12-07 15:27:18.055 I/msm_cvp (    0): err: __flush_debug_queue: invalid msg size - 126
12-07 15:27:18.055 I/msm_cvp (    0): err: __flush_debug_queue: invalid msg size - 126
12-07 15:27:18.075 I/FrameSetDispatcher( 9363): [{WT:RAW10}] Client pid=9368 (Cnst): Client thread[{WT:RAW10}:Cnst] started
12-07 15:27:18.075 I/CameraClientManager( 9363): [Cnst(9368)][ambient_controller] client started (estimated 1 started clients total)
12-07 15:27:18.075 I/CameraClientManager( 9363): [[Cnst(9368)][ambient_controller]] definitely starting stream
12-07 15:27:18.075 I/SensorService( 9363): [worldTracking] Starting cameras for purpose ambient_controller
12-07 15:27:18.075 I/FrameSetCollator( 9363): [{WT:RAW10}] Skipping start, current start count: 3
12-07 15:27:18.075 I/SensorService( 9363): [worldTracking] Starting camera streams for purpose: ambient_controller, current muxmode = 1
12-07 15:27:18.075 I/CameraClientManager( 9363): [[Cnst(9368)][ambient_controller]] stream start completed
12-07 15:27:18.075 D/CameraStream( 9363): [ambient_controller] Client [Cnst(9368)]: start complete
12-07 15:27:18.085 I/TrackingService( 9368): [                   constellation] Power transition: STANDBY -> RUNNING transition time: 21 ms
12-07 15:27:18.085 D/TrackingService( 9368): [HANDTRACKINGGLUE] standbyToRunning
12-07 15:27:18.085 D/TrackingService( 9368): [HANDTRACKINGGLUE] handleStateChange muxMode=null
12-07 15:27:18.085 D/TrackingService( 9368): [HANDTRACKINGGLUE] suspendCapability
12-07 15:27:18.085 I/TrackingService( 9368): [                            hand] Power transition: STANDBY -> RUNNING transition time: 0 ms
12-07 15:27:18.085 I/TrackingService( 9368): [              selftracked_client] Power transition: STANDBY -> RUNNING transition time: 0 ms
12-07 15:27:18.085 I/TrackingService( 9368): [                            iobt] Power transition: STANDBY -> RUNNING transition time: 0 ms
12-07 15:27:18.085 I/TrackingService( 9368): [                          object] Power transition: STANDBY -> RUNNING transition time: 0 ms
12-07 15:27:18.085 I/TrackingService( 9368): [                      controller] Power transition: STANDBY -> RUNNING transition time: 0 ms
12-07 15:27:18.085 D/CameraStream( 9363): [exposure_control_worldTracking] Client [ExpCtl(9368)] attempting start
12-07 15:27:18.086 I/FrameSetDispatcher( 9363): [{WT:RAW10}] Client pid=9368 (ExpCtl): Client thread[{WT:RAW10}:ExpC] started
12-07 15:27:18.086 I/CameraClientManager( 9363): [ExpCtl(9368)][exposure_control_worldTracking] client started (estimated 1 started clients total)
12-07 15:27:18.086 I/CameraClientManager( 9363): [[ExpCtl(9368)][exposure_control_worldTracking]] definitely starting stream
12-07 15:27:18.086 I/SensorService( 9363): [worldTracking] Starting cameras for purpose exposure_control_worldTracking
12-07 15:27:18.057 I/synx    (    0): info: synx_initialize: 2303: [sess :92] session created cvp-kernel-client
12-07 15:27:18.086 I/FrameSetCollator( 9363): [{WT:RAW10}] Skipping start, current start count: 4
12-07 15:27:18.086 I/SensorService( 9363): [worldTracking] Starting camera streams for purpose: exposure_control_worldTracking, current muxmode = 1
12-07 15:27:18.086 I/CameraClientManager( 9363): [[ExpCtl(9368)][exposure_control_worldTracking]] stream start completed
12-07 15:27:18.086 D/CameraStream( 9363): [exposure_control_worldTracking] Client [ExpCtl(9368)]: start complete
12-07 15:27:18.090 I/TrackingService( 9368): [            ExposureControlCmmv2] Power transition: STANDBY -> RUNNING transition time: 4 ms
12-07 15:27:18.090 I/SensorService( 9363): configDirectReport for channelHandle:1 sensorHandle:3 Rate:3
12-07 15:27:18.092 I/TrackingService( 9368): [                            face] Power transition: STANDBY -> RUNNING transition time: 2 ms
12-07 15:27:18.099 D/TrackingService( 9368): Transition completed for NONE
12-07 15:27:18.100 D/JobServiceContext( 1971): doCallback of : JobStatus{c5539c5 #u0a68/1828726845 com.oculus.ocms/.batterynotif.LowBatteryNotificationJobService u=0 s=10068 TIME=-1m0s515ms:+8m59s485ms NET PERIODIC READY} v:VERB_EXECUTING
12-07 15:27:18.100 D/JobServiceContext( 1971): Cleaning up c5539c5 #u0a68/1828726845 com.oculus.ocms/.batterynotif.LowBatteryNotificationJobService reschedule=false reason=app called jobFinished
12-07 15:27:18.138 I/SyncBossFW(  879): 86286965 [info   ] {NTHR}: First shutter for camera set (0x1) was sent 78135us after start
12-07 15:27:18.138 I/SyncBossFW(  879): 86286967 [info   ] {NTHR}: First shutter for camera set (0x2) was sent 78255us after start
12-07 15:27:18.152 D/CoreBackPreview( 1971): Window{b6228bc u0 Splash Screen com.oculus.vrshell EXITING}: Setting back callback null
12-07 15:27:18.133 I/init    (    0): processing action (service.bootanim.exit_vendor=1) from (/vendor/etc/init/hw/init.anorak.rc:390)
12-07 15:27:18.173 I/DisplayManagerService( 1971): vrCompositorReady: restore brightness updates
12-07 15:27:18.173 W/BrightnessSynchronizer( 1971): Brightness sync observer requesting synchronization a second time.
12-07 15:27:18.186 I/TrackingFidelityService( 9367): Received hand/controller update: hand_tracking_enabled
12-07 15:27:18.156 I/CAM_ERR (    0): CAM-ISP: __cam_isp_ctx_rdi_only_epoch_in_top_state: 7751 epoch with no req in active list ctx:5 res_id:0
12-07 15:27:18.187 I/TrackingFidelityService( 9367): Request(s)={mr_passthrough:3,}
12-07 15:27:18.187 W/TrackingFidelityService( 9367): Fidelity data undefined in catalog for enabling feature like mr_passthrough. 2 similar misses.
12-07 15:27:18.187 I/TrackingFidelityService( 9367): Request(s)={mr_passthrough:3,pt_display_sync:0,hyperscape_room_scanning:0,isp_foveation:5,low_latency_pt:0,}, Mux mode idx=1, name=default, score=-1970
12-07 15:27:18.187 I/TrackingFidelityService( 9367): beginTransition[color]: default(1)->default(1)
12-07 15:27:18.187 I/TrackingFidelityService( 9367): _applyMuxModeLockedInternal: Mode default already set. Returning.
12-07 15:27:18.187 I/TrackingFidelityService( 9367): endTransition[color]: default(1)->default(1), seqId=-1, succeeded=true
12-07 15:27:18.190 I/TrackingFidelityService( 9367): checkMultimodalFeature: Attempt made to enable multimodal hands+controllers when not supported by app
12-07 15:27:18.191 W/TrackingFidelityService( 9367): Fidelity data undefined in catalog for enabling feature like environment_lighting. 3 similar misses.
12-07 15:27:18.191 I/TrackingFidelityService( 9367): Request(s)={constellation:0,controller_selftracked:0,hands:3,environment_lighting:5,keyboard:0,scene_reconstruction:0,surface_inputs:0,}, Mux mode idx=8, name=lowLightHands, score=-1950
12-07 15:27:18.191 I/TrackingFidelityService( 9367): beginTransition[worldTracking]: lowLightController(1)->lowLightHands(8)
12-07 15:27:18.191 I/TrackingFidelityService( 9367): _applyMuxModeLockedInternal: Applying camera mux mode lowLightHands via requestFeaturesWithFidelitiesLocked
12-07 15:27:18.191 I/SensorService( 9363): [worldTracking] Setting camera mux mode to 8
12-07 15:27:18.191 I/SensorService( 9363): updating CameraStream mux states
12-07 15:27:18.192 I/SensorDataTransforms( 9368): [constellation:ambient_controller] Staging mux mode updates for {worldTracking: ind-8, seqId-150},
12-07 15:27:18.192 I/SensorDataTransforms( 9368): [constellation:ambient_controller] Signaling start of the mode transition
12-07 15:27:18.192 I/TrackingService( 9368): [constellation:ambient_controller] Start configuration update starting
12-07 15:27:18.192 I/TrackingService( 9368): [constellation:ambient_controller] Start configuration update done
12-07 15:27:18.192 I/SensorDataTransforms( 9368): [constellation:ambient_controller] Mux mode updates successfully staged
12-07 15:27:18.192 D/TrackingService( 9368): [constellation:ambient_controller]Queue mux mode update notification: lowLightHands
12-07 15:27:18.192 D/TrackingService( 9368): [ambient_controller]start onMuxStateUpdate. ModeId: lowLightController -> lowLightHands
12-07 15:27:18.192 D/TrackingService( 9368): [constellation][ambient_controller]handleMuxModeNotification started for muxMode[worldTracking: lowLightHands]
12-07 15:27:18.195 D/CameraStream( 9363): [constellation] Client [Cnst(9368)] attempting stop
12-07 15:27:18.195 I/FrameSetDispatcher( 9363): [{WT:RAW10}] Client pid=9368 (Cnst): Client thread stopping
12-07 15:27:18.196 I/CameraClientManager( 9363): [Cnst(9368)][constellation] client stopped (estimated 0 started clients remaining)
12-07 15:27:18.196 I/CameraClientManager( 9363): [[Cnst(9368)][constellation]] definitely stopping stream
12-07 15:27:18.197 I/SensorDataTransforms( 9368): [ExpCtl:exposure_control_worldTracking] Staging mux mode updates for {worldTracking: ind-8, seqId-150},
12-07 15:27:18.197 I/SensorDataTransforms( 9368): [ExpCtl:exposure_control_worldTracking] Signaling start of the mode transition
12-07 15:27:18.197 I/SensorDataTransforms( 9368): [ExpCtl:exposure_control_worldTracking] Mux mode updates successfully staged
12-07 15:27:18.197 I/SensorDataTransforms( 9368): [constellation:constellation] Staging mux mode updates for {worldTracking: ind-8, seqId-150},
12-07 15:27:18.197 I/SensorDataTransforms( 9368): [constellation:constellation] Signaling start of the mode transition
12-07 15:27:18.197 I/TrackingService( 9368): [constellation:constellation] Start configuration update starting
12-07 15:27:18.197 I/TrackingService( 9368): [constellation:constellation] Start configuration update done
12-07 15:27:18.197 I/SensorDataTransforms( 9368): [constellation:constellation] Mux mode updates successfully staged
12-07 15:27:18.197 D/TrackingService( 9368): [constellation:constellation]Queue mux mode update notification: lowLightHands
12-07 15:27:18.198 I/SensorDataTransforms( 1157): [MrStreamControl:mr_monochrome] Staging mux mode updates for {worldTracking: ind-8, seqId-150},
12-07 15:27:18.198 I/SensorDataTransforms( 1157): [MrStreamControl:mr_monochrome] Signaling start of the mode transition
12-07 15:27:18.198 I/SensorDataTransforms( 1157): [MrStreamControl:mr_monochrome] Mux mode updates successfully staged
12-07 15:27:18.198 I/SensorDataTransforms( 9368): [hand:hand] Staging mux mode updates for {worldTracking: ind-8, seqId-150},
12-07 15:27:18.198 I/SensorDataTransforms( 9368): [hand:hand] Mux mode updates successfully staged
12-07 15:27:18.198 D/TrackingService( 9368): [hand:hand]Queue mux mode update notification: lowLightHands
12-07 15:27:18.198 D/TrackingService( 9368): [hand]start onMuxStateUpdate. ModeId: lowLightController -> lowLightHands
12-07 15:27:18.198 D/TrackingService( 9368): [HANDTRACKINGGLUE] handleMuxModeNotification
12-07 15:27:18.198 D/TrackingService( 9368): [HANDTRACKINGGLUE] handleStateChange muxMode=lowLightHands
12-07 15:27:18.198 D/TrackingService( 9368): [HANDTRACKINGGLUE] startCapability
12-07 15:27:18.199 I/SensorDataTransforms( 9368): [object:object] Staging mux mode updates for {worldTracking: ind-8, seqId-150},
12-07 15:27:18.199 I/SensorDataTransforms( 9368): [object:object] Mux mode updates successfully staged
12-07 15:27:18.199 D/TrackingService( 9368): [object:object]Queue mux mode update notification: lowLightHands
12-07 15:27:18.199 D/TrackingService( 9368): [object]start onMuxStateUpdate. ModeId: lowLightController -> lowLightHands
12-07 15:27:18.199 D/TrackingService( 9368): [object][object]handleMuxModeNotification started for muxMode[worldTracking: lowLightHands]
12-07 15:27:18.199 D/TrackingService( 9368): [object][object]handleMuxModeNotification finished for muxMode[worldTracking: lowLightHands]
12-07 15:27:18.199 D/TrackingService( 9368): [object]end onMuxStateUpdate. ModeId: lowLightController -> lowLightHands
12-07 15:27:18.199 I/TrackingService( 9368): [                   object:object] Mux Mode Transition from sensor service: lowLightController -> lowLightHands transition time: 0 ms
12-07 15:27:18.199 D/JobServiceContext( 1971): doCallback of : JobStatus{7dc13b0 #u0a58/1828726831 com.oculus.userserver2/com.oculus.userserver.managerservice.user.usersync.UserSyncJobService u=0 s=10058 TIME=-706ms:+23h59m59s294ms NET PERIODIC READY} v:VERB_EXECUTING
12-07 15:27:18.199 D/JobServiceContext( 1971): Cleaning up 7dc13b0 #u0a58/1828726831 com.oculus.userserver2/com.oculus.userserver.managerservice.user.usersync.UserSyncJobService reschedule=false reason=app called jobFinished
12-07 15:27:18.200 I/SensorDataTransforms( 9368): [iot:iot] Staging mux mode updates for {worldTracking: ind-8, seqId-150},
12-07 15:27:18.200 I/SensorDataTransforms( 9368): [iot:iot] Signaling start of the mode transition
12-07 15:27:18.200 I/TrackingService( 9368): [iot:iot] Start configuration update starting
12-07 15:27:18.200 I/TrackingService( 9368): [iot:iot] Start configuration update done
12-07 15:27:18.200 I/SensorDataTransforms( 9368): [iot:iot] Mux mode updates successfully staged
12-07 15:27:18.200 D/TrackingService( 9368): [iot:iot]Queue mux mode update notification: lowLightHands
12-07 15:27:18.200 D/TrackingService( 9368): [iot]start onMuxStateUpdate. ModeId: lowLightController -> lowLightHands
12-07 15:27:18.200 D/TrackingService( 9368): [iot][iot]handleMuxModeNotification started for muxMode[worldTracking: lowLightHands]
12-07 15:27:18.200 D/TrackingService( 9368): [iot][iot]handleMuxModeNotification finished for muxMode[worldTracking: lowLightHands]
12-07 15:27:18.200 D/TrackingService( 9368): [iot]end onMuxStateUpdate. ModeId: lowLightController -> lowLightHands
12-07 15:27:18.201 I/TrackingService( 9368): [                         iot:iot] Mux Mode Transition from sensor service: lowLightController -> lowLightHands transition time: 0 ms
12-07 15:27:18.202 I/SensorService( 9363): ending update to CameraStream mux states
12-07 15:27:18.202 I/FrameSetCollator( 9363): [{WT(0,1):RAW10}] Updated frame set period to 16666000, with all camera system activeSlots [[T,F,T,F,]]
12-07 15:27:18.202 I/FrameSetCollator( 9363): [{WT:RAW10}] Updated frame set period to 16666000, with all camera system activeSlots [[T,F,T,F,]]
12-07 15:27:18.202 I/FrameSetDispatcher( 9363): [{WT(0,1):RAW10}] Client pid=1157 (MrSSCamS): [worldTracking] Updated CameraMuxMode: 8, Slots: 
12-07 15:27:18.202 I/FrameSetDispatcher( 9363): [{WT(0,1):RAW10}] Client pid=1157 (MrSSCamS): [worldTracking] Updated CameraMuxMode: 8, Slots: SLOT_0 SLOT_2 
12-07 15:27:18.202 I/FrameSetDispatcher( 9363): [{WT(0,1):RAW10}] Latest MuxModeSettings: 8
12-07 15:27:18.202 I/FrameSetDispatcher( 9363): [{WT(0,1):RAW10}] purpose: ambient_controller, slots: 
12-07 15:27:18.202 I/FrameSetDispatcher( 9363): [{WT(0,1):RAW10}] purpose: constellation, slots: 
12-07 15:27:18.202 I/FrameSetDispatcher( 9363): [{WT(0,1):RAW10}] purpose: exposure_control_worldTracking, slots: SLOT_0 SLOT_2 
12-07 15:27:18.202 I/FrameSetDispatcher( 9363): [{WT(0,1):RAW10}] purpose: iobt, slots: SLOT_0 SLOT_2 
12-07 15:27:18.202 I/FrameSetDispatcher( 9363): [{WT(0,1):RAW10}] purpose: mr_monochrome, slots: SLOT_0 SLOT_2 
12-07 15:27:18.202 I/FrameSetDispatcher( 9363): [{WT(0,1):RAW10}] purpose: object, slots: 
12-07 15:27:18.202 I/FrameSetDispatcher( 9363): [{WT(0,1):RAW10}] purpose: active_slots, slots: SLOT_0 SLOT_2 
12-07 15:27:18.202 I/FrameSetDispatcher( 9363): [{WT(0,1):RAW10}] purpose: hand, slots: SLOT_0 SLOT_2 
12-07 15:27:18.202 I/FrameSetDispatcher( 9363): [{WT(0,1):RAW10}] purpose: iot, slots: SLOT_0 SLOT_2 
12-07 15:27:18.202 I/FrameSetDispatcher( 9363): [{WT(0,1):RAW10}] purpose: projector_assisted_depth, slots: 
12-07 15:27:18.202 I/SensorDataTransforms( 1157): [MrStreamControl:projector_assisted_depth] Staging mux mode updates for {worldTracking: ind-8, seqId-150},
12-07 15:27:18.202 I/SensorDataTransforms( 1157): [MrStreamControl:projector_assisted_depth] Mux mode updates successfully staged
12-07 15:27:18.202 I/SensorDataTransforms( 9368): [iobt:iobt] Staging mux mode updates for {worldTracking: ind-8, seqId-150},
12-07 15:27:18.202 I/SensorDataTransforms( 9368): [iobt:iobt] Mux mode updates successfully staged
12-07 15:27:18.202 D/TrackingService( 9368): [iobt:iobt]Queue mux mode update notification: lowLightHands
12-07 15:27:18.202 D/TrackingService( 9368): [iobt]start onMuxStateUpdate. ModeId: lowLightController -> lowLightHands
12-07 15:27:18.202 D/TrackingService( 9368): [iobt][iobt]handleMuxModeNotification started for muxMode[worldTracking: lowLightHands]
12-07 15:27:18.202 D/TrackingService( 9368): [iobt][iobt]handleMuxModeNotification finished for muxMode[worldTracking: lowLightHands]
12-07 15:27:18.202 D/TrackingService( 9368): [iobt]end onMuxStateUpdate. ModeId: lowLightController -> lowLightHands
12-07 15:27:18.202 I/TrackingService( 9368): [                       iobt:iobt] Mux Mode Transition from sensor service: lowLightController -> lowLightHands transition time: 0 ms
12-07 15:27:18.202 I/FrameSetDispatcher( 9363): [{WT:RAW10}] Client pid=9368 (IOT): [worldTracking] Updated CameraMuxMode: 8, Slots: SLOT_0 SLOT_2 
12-07 15:27:18.202 I/FrameSetDispatcher( 9363): [{WT:RAW10}] Client pid=9368 (Cnst): [worldTracking] Updated CameraMuxMode: 8, Slots: 
12-07 15:27:18.202 I/FrameSetDispatcher( 9363): [{WT:RAW10}] Client pid=9368 (ExpCtl): [worldTracking] Updated CameraMuxMode: 8, Slots: SLOT_0 SLOT_2 
12-07 15:27:18.202 I/FrameSetDispatcher( 9363): [{WT:RAW10}] Latest MuxModeSettings: 8
12-07 15:27:18.202 I/FrameSetDispatcher( 9363): [{WT:RAW10}] purpose: ambient_controller, slots: 
12-07 15:27:18.202 I/FrameSetDispatcher( 9363): [{WT:RAW10}] purpose: constellation, slots: 
12-07 15:27:18.202 I/FrameSetDispatcher( 9363): [{WT:RAW10}] purpose: exposure_control_worldTracking, slots: SLOT_0 SLOT_2 
12-07 15:27:18.202 I/FrameSetDispatcher( 9363): [{WT:RAW10}] purpose: iobt, slots: SLOT_0 SLOT_2 
12-07 15:27:18.202 I/FrameSetDispatcher( 9363): [{WT:RAW10}] purpose: mr_monochrome, slots: SLOT_0 SLOT_2 
12-07 15:27:18.202 I/FrameSetDispatcher( 9363): [{WT:RAW10}] purpose: object, slots: 
12-07 15:27:18.202 I/FrameSetDispatcher( 9363): [{WT:RAW10}] purpose: active_slots, slots: SLOT_0 SLOT_2 
12-07 15:27:18.202 I/FrameSetDispatcher( 9363): [{WT:RAW10}] purpose: hand, slots: SLOT_0 SLOT_2 
12-07 15:27:18.202 I/FrameSetDispatcher( 9363): [{WT:RAW10}] purpose: iot, slots: SLOT_0 SLOT_2 
12-07 15:27:18.202 I/FrameSetDispatcher( 9363): [{WT:RAW10}] purpose: projector_assisted_depth, slots: 
12-07 15:27:18.207 D/SensorService( 9363): Configured syncboss nice config: [{camera_set: 1, num_slots: 4, [ { tag: 128, default_exposure_us: 65535, default_gain: 65535, capabilities: 0, slot_length: 0, }, { tag: 129, default_exposure_us: 5000, default_gain: 48, capabilities: 8, slot_length: 0, }, { tag: 130, default_exposure_us: 65535, default_gain: 65535, capabilities: 0, slot_length: 0, }, { tag: 131, default_exposure_us: 5000, default_gain: 48, capabilities: 8, slot_length: 0, }, ] shutter_period_us: 16666, }, {camera_set: 2, num_slots: 4, [ { tag: 128, default_exposure_us: 65535, default_gain: 65535, capabilities: 0, slot_length: 0, }, { tag: 129, default_exposure_us: 5000, default_gain: 48, capabilities: 8, slot_length: 0, }, { tag: 130, default_exposure_us: 65535, default_gain: 65535, capabilities: 0, slot_length: 0, }, { tag: 131, default_exposure_us: 5000, default_gain: 48, capabilities: 8, slot_length: 0, }, ] shutter_period_us: 16666, }, ]
12-07 15:27:18.207 I/TrackingFidelityService( 9367): endTransition[worldTracking]: lowLightController(1)->lowLightHands(8), seqId=150, succeeded=true
12-07 15:27:18.207 I/SensorService( 9363): [worldTracking] Stopping cameras for purpose constellation
12-07 15:27:18.207 D/NiceCameraSystem( 9363): CameraSystem stopping cameras for purpose constellation
12-07 15:27:18.207 I/FrameSetCollator( 9363): [{WT:RAW10}] Skipping stop, start count: 3
12-07 15:27:18.207 I/SensorService( 9363): [worldTracking] Stopping camera streams for purpose: constellation
12-07 15:27:18.207 I/CameraClientManager( 9363): [[Cnst(9368)][constellation]] stream stop completed
12-07 15:27:18.207 D/CameraStream( 9363): [constellation] Client [Cnst(9368)]: stop complete
12-07 15:27:18.208 I/TrackingFidelityService( 9367): Received hand/controller update: multimodal_hands_and_controllers_enabled
12-07 15:27:18.209 D/CameraStream( 9363): [ambient_controller] Client [Cnst(9368)] attempting stop
12-07 15:27:18.209 I/TrackingFidelityService( 9367): checkMultimodalFeature: Attempt made to enable multimodal hands+controllers when not supported by app
12-07 15:27:18.209 I/FrameSetDispatcher( 9363): [{WT:RAW10}] Client pid=9368 (Cnst): Client thread stopping
12-07 15:27:18.209 I/CameraClientManager( 9363): [Cnst(9368)][ambient_controller] client stopped (estimated 0 started clients remaining)
12-07 15:27:18.209 I/TrackingFidelityService( 9367): Request(s)={constellation:0,controller_selftracked:0,hands:3,environment_lighting:5,keyboard:0,scene_reconstruction:0,surface_inputs:0,}, Mux mode idx=8, name=lowLightHands, score=-1950
12-07 15:27:18.209 I/CameraClientManager( 9363): [[Cnst(9368)][ambient_controller]] definitely stopping stream
12-07 15:27:18.209 I/SensorService( 9363): [worldTracking] Stopping cameras for purpose ambient_controller
12-07 15:27:18.209 D/NiceCameraSystem( 9363): CameraSystem stopping cameras for purpose ambient_controller
12-07 15:27:18.209 I/FrameSetCollator( 9363): [{WT:RAW10}] Skipping stop, start count: 2
12-07 15:27:18.209 I/SensorService( 9363): [worldTracking] Stopping camera streams for purpose: ambient_controller
12-07 15:27:18.209 I/CameraClientManager( 9363): [[Cnst(9368)][ambient_controller]] stream stop completed
12-07 15:27:18.209 D/CameraStream( 9363): [ambient_controller] Client [Cnst(9368)]: stop complete
12-07 15:27:18.156 I/CAM_ERR (    0): CAM-ISP: __cam_isp_ctx_rdi_only_epoch_in_top_state: 7751 epoch with no req in active list ctx:3 res_id:0
12-07 15:27:18.170 I/CAM_ERR (    0): CAM-ISP: __cam_isp_ctx_rdi_only_epoch_in_top_state: 7751 epoch with no req in active list ctx:2 res_id:0
12-07 15:27:18.212 I/SyncBossFW(  879): 86287035 [info   ] {NICE}: nice_set_frame_rate called on same period of 16666us
12-07 15:27:18.212 I/SyncBossFW(  879): 86287035 [info   ] {NCM }: No slot with constellation capability found.
12-07 15:27:18.212 I/SyncBossFW(  879): 86287037 [info   ] {NICE}: nice_set_frame_rate called on same period of 16666us
12-07 15:27:18.212 I/SyncBossFW(  879): 86287037 [info   ] {NCM }: No slot with projector capability found.
12-07 15:27:18.212 I/SyncBossFW(  879): 86287037 [info   ] {NCM }: Stopping projector
12-07 15:27:18.209 I/TrackingFidelityService( 9367): beginTransition[worldTracking]: lowLightHands(8)->lowLightHands(8)
12-07 15:27:18.212 I/TrackingFidelityService( 9367): _applyMuxModeLockedInternal: Mode lowLightHands already set. Returning.
12-07 15:27:18.212 I/TrackingFidelityService( 9367): endTransition[worldTracking]: lowLightHands(8)->lowLightHands(8), seqId=-1, succeeded=true
12-07 15:27:18.232 E/FrameSetCollator( 9363): [{WT:RAW10}] releasing incomplete frame set: (0:0, 1:0, 2:1, 3:1), (deadlineMissed, muxModeMisMatch) = (1, 0), (captureDevTs, currentTs, tolerance, current+tolerance) = (86287058180000, 86287041514000, 30000, 86287041544000), (frame.slotIndex) = (2), (frame.modeIndex, frameSet.modeIndex) = (1, 0)
12-07 15:27:18.232 E/FrameSetCollator( 9363): [{WT:RAW10}] 1 FrameSets had unexpected timestamps (in the last 174.25ms). Ex: slot 2 86287041.514ms -> 86287058.180ms (observed period: 16.666ms, expected period: 16.666ms (-16.666ms))
12-07 15:27:18.233 D/TrackingService( 9368): constellation: Joining stream thread: CtrllrCam
12-07 15:27:18.233 V/ActivityManager( 1971): bindService: Intent { cmp=com.oculus.horizon/.service.OVRService } type=null conn=android.os.BinderProxy@31e2050 flags=0x1
12-07 15:27:18.233 D/TrackingService( 9368): constellation: stopCameras finished
12-07 15:27:18.233 D/TrackingService( 9368): [constellation][ambient_controller]handleMuxModeNotification finished for muxMode[worldTracking: lowLightHands]
12-07 15:27:18.233 D/TrackingService( 9368): [ambient_controller]end onMuxStateUpdate. ModeId: lowLightController -> lowLightHands
12-07 15:27:18.233 I/TrackingService( 9368): [constellation:ambient_controller] Mux Mode Transition from sensor service: lowLightController -> lowLightHands transition time: 41 ms
12-07 15:27:18.233 D/TrackingService( 9368): [constellation]start onMuxStateUpdate. ModeId: lowLightHands -> lowLightHands
12-07 15:27:18.233 D/TrackingService( 9368): [constellation][constellation]handleMuxModeNotification started for muxMode[worldTracking: lowLightHands]
12-07 15:27:18.233 E/TrackingService( 9368): Resetting MuxMode lowLightHands which is already set
12-07 15:27:18.233 D/TrackingService( 9368): [constellation]end onMuxStateUpdate. ModeId: lowLightHands -> lowLightHands
12-07 15:27:18.233 I/TrackingService( 9368): [     constellation:constellation] Mux Mode Transition from sensor service: lowLightHands -> lowLightHands transition time: 0 ms
12-07 15:27:18.233 W/SensorService( 9363): Slot 1 for mode 8 is not controlled by control purpose constellationExposureControl. Skipping.
12-07 15:27:18.234 D/libsensortelemetry( 9363): Empty timestamp or no timestamp matched for HalCamId 0
12-07 15:27:18.234 D/libsensortelemetry( 9363): Empty timestamp or no timestamp matched for HalCamId 1
12-07 15:27:18.269 W/FrameSetDispatcher( 9363): [{WT:RAW10}] Client pid=9368 (IOT): client is taking longer than 33ms to return FrameSets (1x in the past 0.243s)
12-07 15:27:18.275 I/TrackingFidelityService( 9367): Received ambient flicker update. Setting maximum low_latency_pt fidelity to 5
12-07 15:27:18.275 I/TrackingFidelityService( 9367): Request(s)={low_latency_pt:5,}
12-07 15:27:18.275 I/TrackingFidelityService( 9367): Request(s)={low_latency_pt:0,mr_passthrough:3,pt_display_sync:0,hyperscape_room_scanning:0,isp_foveation:5,}, Mux mode idx=1, name=default, score=-1970
12-07 15:27:18.275 I/TrackingFidelityService( 9367): beginTransition[color]: default(1)->default(1)
12-07 15:27:18.275 I/TrackingFidelityService( 9367): _applyMuxModeLockedInternal: Mode default already set. Returning.
12-07 15:27:18.275 I/TrackingFidelityService( 9367): endTransition[color]: default(1)->default(1), seqId=-1, succeeded=true
12-07 15:27:18.286 I/TrackingFidelityService( 9367): Received hand/controller update: hand_tracking_enabled
12-07 15:27:18.288 I/TrackingFidelityService( 9367): checkMultimodalFeature: Attempt made to enable multimodal hands+controllers when not supported by app
12-07 15:27:18.288 I/TrackingFidelityService( 9367): Request(s)={constellation:0,controller_selftracked:0,hands:3,environment_lighting:5,keyboard:0,scene_reconstruction:0,surface_inputs:0,}, Mux mode idx=8, name=lowLightHands, score=-1950
12-07 15:27:18.288 I/TrackingFidelityService( 9367): beginTransition[worldTracking]: lowLightHands(8)->lowLightHands(8)
12-07 15:27:18.288 I/TrackingFidelityService( 9367): _applyMuxModeLockedInternal: Mode lowLightHands already set. Returning.
12-07 15:27:18.288 I/TrackingFidelityService( 9367): endTransition[worldTracking]: lowLightHands(8)->lowLightHands(8), seqId=-1, succeeded=true
12-07 15:27:18.288 I/TrackingFidelityService( 9367): Received hand/controller update: multimodal_hands_and_controllers_enabled
12-07 15:27:18.288 I/TrackingFidelityService( 9367): checkMultimodalFeature: Attempt made to enable multimodal hands+controllers when not supported by app
12-07 15:27:18.289 I/TrackingFidelityService( 9367): Request(s)={constellation:0,controller_selftracked:0,hands:3,environment_lighting:5,keyboard:0,scene_reconstruction:0,surface_inputs:0,}, Mux mode idx=8, name=lowLightHands, score=-1950
12-07 15:27:18.289 I/TrackingFidelityService( 9367): beginTransition[worldTracking]: lowLightHands(8)->lowLightHands(8)
12-07 15:27:18.289 I/TrackingFidelityService( 9367): _applyMuxModeLockedInternal: Mode lowLightHands already set. Returning.
12-07 15:27:18.289 I/TrackingFidelityService( 9367): endTransition[worldTracking]: lowLightHands(8)->lowLightHands(8), seqId=-1, succeeded=true
12-07 15:27:18.297 I/TrackingFidelityService( 9367): Request(s)={face:1,codec_avatar_encoder:0,}
12-07 15:27:18.297 I/TrackingServiceProxy( 1971): Starting audio data stream.
12-07 15:27:18.297 I/TrackingService( 9368): Updating face tracking breakdown: FT: 0 ET: 0 ORT_ACTIVE: 0, ORT_BG: 0, LST: 1, CDC: 0
12-07 15:27:18.299 I/FrameSetDispatcher( 9363): [{WT(0,1):RAW10}] 1 older Mux Mode settings are removed.
12-07 15:27:18.299 I/FrameSetDispatcher( 9363): [{WT(0,1):RAW10}] Client pid=1157 (MrSSCamS): Remove old Mux Mode 1: slot indices: SLOT_0 SLOT_2 
12-07 15:27:18.303 I/FrameSetDispatcher( 9363): [{WT:RAW10}] 1 older Mux Mode settings are removed.
