--------- beginning of kernel
12-07 13:08:01.484 W/healthd (    0): battery l=100 v=4333 t=31.0 h=2 st=5 c=0 fc=4820000 cc=17 chg=a
--------- beginning of tracking
12-07 13:08:01.967 I/SyncBossFW(  879): 77931129 [info   ] {PROX}: Prox state: 1
12-07 13:08:01.969 I/SyncBossHAL( 9363): [info   ] syncboss_hal_powerstate.c(54): Reporting powerstate event: PROX_ON
12-07 13:08:01.970 D/SensorService( 9363): Received Powerstate PROX_ON
--------- beginning of system
12-07 13:08:01.971 I/PowerGroup( 1971): Waking up power group from Asleep (groupId=0, uid=1000, reason=WAKE_REASON_UNKNOWN, details=VrPwMng:leave-standby)...
12-07 13:08:01.971 I/PowerManagerService( 1971): Waking up from Asleep (uid=1000, reason=WAKE_REASON_UNKNOWN, details=VrPwMng:leave-standby)...
12-07 13:08:01.971 E/ActivityManager( 1971): Cancel pending or running compactions as system is awake
12-07 13:08:01.972 W/ContextImpl( 3282): Calling a method in the system process without a qualified user: android.app.ContextImpl.bindService:1988 android.content.ContextWrapper.bindService:861 com.oculus.userserver.api.OculusUserManager.bindService:732 com.oculus.userserver.api.OculusUserManager.access$200:39 com.oculus.userserver.api.OculusUserManager$BlockingServiceConnection.connect:80 
12-07 13:08:01.973 I/DisplayPowerController2[0]( 1971): Blocking screen on until initial contents have been drawn.
12-07 13:08:01.973 D/ActivityTaskManager( 1971): Top Process State changed to PROCESS_STATE_TOP
12-07 13:08:01.974 E/ActivityTaskManager( 1971): setVisibility=true while transition is not collecting or finishing ActivityRecord{224fcee u0 com.oculus.vrshell/.HomeActivity t2465} caller=com.android.server.wm.ActivityRecord.setVisibility:5376 com.android.server.wm.TaskFragment.resumeTopActivity:1422 com.android.server.wm.Task.resumeTopActivityInnerLocked:5150 com.android.server.wm.Task.resumeTopActivityUncheckedLocked:5080 com.android.server.wm.Task.resumeTopActivityUncheckedLocked:5099 com.android.server.wm.Task.resumeTopActivityUncheckedLocked:5131 com.android.server.wm.RootWindowContainer.lambda$applySleepTokens$21:2451 com.android.server.wm.RootWindowContainer.$r8$lambda$D_Wc-Lh4EGRMPIlHgz7Bs4GPU0o:0 
12-07 13:08:01.974 E/SensorClientUtils( 9367): Unknown power state received from VRPM: 5
12-07 13:08:01.974 E/SensorClientUtils( 9339): Unknown power state received from VRPM: 5
12-07 13:08:01.977 E/ActivityTaskManager( 1971): setVisibility=true while transition is not collecting or finishing ActivityRecord{8f4b236 u0 com.oculus.vrshell/.FocusPlaceholderActivity t2886} caller=com.android.server.wm.ActivityRecord.setVisibility:5376 com.android.server.wm.ActivityRecord.makeVisibleIfNeeded:6132 com.android.server.wm.EnsureActivitiesVisibleHelper.setActivityVisibilityState:214 com.android.server.wm.EnsureActivitiesVisibleHelper.process:144 com.android.server.wm.TaskFragment.updateActivityVisibilities:1171 com.android.server.wm.Task.lambda$ensureActivitiesVisible$21:4984 com.android.server.wm.Task.$r8$lambda$mpSM591f23-emlE2bMkzIqa7Pww:0 com.android.server.wm.Task$$ExternalSyntheticLambda26.accept:0 
12-07 13:08:01.978 E/ActivityTaskManager( 1971): setVisibility=true while transition is not collecting or finishing ActivityRecord{a765865 u0 com.oculus.vrshell/com.oculus.panelapp.controlbar.UnifiedControlBarActivity t2575} caller=com.android.server.wm.ActivityRecord.setVisibility:5376 com.android.server.wm.ActivityRecord.makeVisibleIfNeeded:6132 com.android.server.wm.EnsureActivitiesVisibleHelper.setActivityVisibilityState:214 com.android.server.wm.EnsureActivitiesVisibleHelper.process:144 com.android.server.wm.TaskFragment.updateActivityVisibilities:1171 com.android.server.wm.Task.lambda$ensureActivitiesVisible$21:4984 com.android.server.wm.Task.$r8$lambda$mpSM591f23-emlE2bMkzIqa7Pww:0 com.android.server.wm.Task$$ExternalSyntheticLambda26.accept:0 
12-07 13:08:01.979 E/ActivityTaskManager( 1971): setVisibility=true while transition is not collecting or finishing ActivityRecord{3dfa583 u0 com.oculus.vrshell/com.oculus.panelapp.toasts.ToastsActivity t2469} caller=com.android.server.wm.ActivityRecord.setVisibility:5376 com.android.server.wm.ActivityRecord.makeVisibleIfNeeded:6132 com.android.server.wm.EnsureActivitiesVisibleHelper.setActivityVisibilityState:214 com.android.server.wm.EnsureActivitiesVisibleHelper.process:144 com.android.server.wm.TaskFragment.updateActivityVisibilities:1171 com.android.server.wm.Task.lambda$ensureActivitiesVisible$21:4984 com.android.server.wm.Task.$r8$lambda$mpSM591f23-emlE2bMkzIqa7Pww:0 com.android.server.wm.Task$$ExternalSyntheticLambda26.accept:0 
12-07 13:08:01.980 E/ActivityTaskManager( 1971): setVisibility=true while transition is not collecting or finishing ActivityRecord{f2fd22e u0 com.oculus.vrshell/com.oculus.panelapp.displaybar.DisplayBarActivity t2471} caller=com.android.server.wm.ActivityRecord.setVisibility:5376 com.android.server.wm.ActivityRecord.makeVisibleIfNeeded:6132 com.android.server.wm.EnsureActivitiesVisibleHelper.setActivityVisibilityState:214 com.android.server.wm.EnsureActivitiesVisibleHelper.process:144 com.android.server.wm.TaskFragment.updateActivityVisibilities:1171 com.android.server.wm.Task.lambda$ensureActivitiesVisible$21:4984 com.android.server.wm.Task.$r8$lambda$mpSM591f23-emlE2bMkzIqa7Pww:0 com.android.server.wm.Task$$ExternalSyntheticLambda26.accept:0 
12-07 13:08:01.981 E/ActivityTaskManager( 1971): setVisibility=true while transition is not collecting or finishing ActivityRecord{5735996 u0 com.oculus.systemux/com.oculus.panelapp.activetaskbar.ActiveTaskBarActivity t2466} caller=com.android.server.wm.ActivityRecord.setVisibility:5376 com.android.server.wm.ActivityRecord.makeVisibleIfNeeded:6132 com.android.server.wm.EnsureActivitiesVisibleHelper.setActivityVisibilityState:214 com.android.server.wm.EnsureActivitiesVisibleHelper.process:144 com.android.server.wm.TaskFragment.updateActivityVisibilities:1171 com.android.server.wm.Task.lambda$ensureActivitiesVisible$21:4984 com.android.server.wm.Task.$r8$lambda$mpSM591f23-emlE2bMkzIqa7Pww:0 com.android.server.wm.Task$$ExternalSyntheticLambda26.accept:0 
12-07 13:08:01.982 E/ActivityTaskManager( 1971): setVisibility=true while transition is not collecting or finishing ActivityRecord{334e1de u0 com.oculus.vrshell/com.oculus.panelapp.bloom.BloomActivity t2470} caller=com.android.server.wm.ActivityRecord.setVisibility:5376 com.android.server.wm.ActivityRecord.makeVisibleIfNeeded:6132 com.android.server.wm.EnsureActivitiesVisibleHelper.setActivityVisibilityState:214 com.android.server.wm.EnsureActivitiesVisibleHelper.process:144 com.android.server.wm.TaskFragment.updateActivityVisibilities:1171 com.android.server.wm.Task.lambda$ensureActivitiesVisible$21:4984 com.android.server.wm.Task.$r8$lambda$mpSM591f23-emlE2bMkzIqa7Pww:0 com.android.server.wm.Task$$ExternalSyntheticLambda26.accept:0 
12-07 13:08:01.983 I/ActivityManager( 1971): updateOomAdj start time is before than pendingPid added, don't delete it
12-07 13:08:01.988 D/JobServiceContext( 1971): Scheduling time out for 'androidx.work.impl.background.systemjob.SystemJobService' jId: 6619, in 18 s
12-07 13:08:01.988 V/ActivityManager( 1971): bindService: Intent { flg=0x4 cmp=com.meta.rl.trust.service/androidx.work.impl.background.systemjob.SystemJobService } type=null conn=android.app.LoadedApk$ServiceDispatcher$InnerConnection@e825ddf flags=0x8105
12-07 13:08:01.991 I/UiModeController( 1971): Switching from com.oculus.vrshell to com.oculus.vrshell
12-07 13:08:01.991 D/ActivityManager( 1971): sync unfroze 13932 com.meta.rl.trust.service for 6
12-07 13:08:01.992 I/DisplayBrightnessStrategySelector( 1971): Changing the DisplayBrightnessStrategy from ScreenOffBrightnessStrategy toTemporaryBrightnessStrategy for display 0
12-07 13:08:01.992 V/DisplayPowerController2[0]( 1971): Brightness [0.49019608] reason changing to: 'temporary', previous reason: 'screen_off'.
12-07 13:08:01.992 I/DisplayPowerController2[0]( 1971): BrightnessEvent: disp=0, physDisp=local:4630946970282026130, brt=0.49019608, initBrt=0.0, rcmdBrt=NaN, preBrt=NaN, lux=0.0, preLux=0.0, hbmMax=1.0, hbmMode=off, rbcStrength=0, thrmMax=1.0, powerFactor=1.0, wasShortTermModelActive=false, flags=, reason=temporary, autoBrightness=false, strategy=TemporaryBrightnessStrategy
12-07 13:08:01.992 I/DisplayPowerController2[2]( 1971): Blocking screen on until initial contents have been drawn.
12-07 13:08:01.993 I/DisplayBrightnessStrategySelector( 1971): Changing the DisplayBrightnessStrategy from ScreenOffBrightnessStrategy toInvalidBrightnessStrategy for display 2
12-07 13:08:01.993 V/DisplayPowerController2[2]( 1971): Brightness [0.0] reason changing to: 'manual', previous reason: 'screen_off'.
12-07 13:08:01.993 I/DisplayPowerController2[2]( 1971): BrightnessEvent: disp=2, physDisp=virtual:android,1000,MirrorRoot for e4393e7a-5577-4bff-a71a-48da84d3f8a4,0, brt=0.0, initBrt=0.0, rcmdBrt=NaN, preBrt=NaN, lux=0.0, preLux=0.0, hbmMax=1.0, hbmMode=off, rbcStrength=-1, thrmMax=1.0, powerFactor=1.0, wasShortTermModelActive=false, flags=, reason=manual, autoBrightness=false, strategy=InvalidBrightnessStrategy
12-07 13:08:01.993 I/DisplayPowerController2[3]( 1971): Blocking screen on until initial contents have been drawn.
12-07 13:08:01.993 I/DisplayBrightnessStrategySelector( 1971): Changing the DisplayBrightnessStrategy from ScreenOffBrightnessStrategy toInvalidBrightnessStrategy for display 3
12-07 13:08:01.994 V/DisplayPowerController2[3]( 1971): Brightness [0.0] reason changing to: 'manual', previous reason: 'screen_off'.
12-07 13:08:01.994 I/DisplayPowerController2[3]( 1971): BrightnessEvent: disp=3, physDisp=virtual:android,1000,MirrorRoot for 63fe882e-4429-4fd1-9917-69c7f7b51c89,0, brt=0.0, initBrt=0.0, rcmdBrt=NaN, preBrt=NaN, lux=0.0, preLux=0.0, hbmMax=1.0, hbmMode=off, rbcStrength=-1, thrmMax=1.0, powerFactor=1.0, wasShortTermModelActive=false, flags=, reason=manual, autoBrightness=false, strategy=InvalidBrightnessStrategy
12-07 13:08:01.994 I/DisplayPowerController2[5]( 1971): Blocking screen on until initial contents have been drawn.
12-07 13:08:01.994 I/DisplayBrightnessStrategySelector( 1971): Changing the DisplayBrightnessStrategy from ScreenOffBrightnessStrategy toInvalidBrightnessStrategy for display 5
12-07 13:08:01.995 V/DisplayPowerController2[5]( 1971): Brightness [0.0] reason changing to: 'manual', previous reason: 'screen_off'.
12-07 13:08:01.995 I/DisplayPowerController2[5]( 1971): BrightnessEvent: disp=5, physDisp=virtual:android,1000,MirrorRoot for 847068b1-90d9-4580-b78f-e3071c88f73e,0, brt=0.0, initBrt=0.0, rcmdBrt=NaN, preBrt=NaN, lux=0.0, preLux=0.0, hbmMax=1.0, hbmMode=off, rbcStrength=-1, thrmMax=1.0, powerFactor=1.0, wasShortTermModelActive=false, flags=, reason=manual, autoBrightness=false, strategy=InvalidBrightnessStrategy
12-07 13:08:01.995 I/DisplayPowerController2[6]( 1971): Blocking screen on until initial contents have been drawn.
12-07 13:08:01.995 V/ActivityManager( 1971): bindService: Intent { cmp=com.oculus.userserver2/com.oculus.userserver.managerservice.OculusUserManagerServiceStable } type=null conn=android.os.BinderProxy@c034a8a flags=0x1
12-07 13:08:01.997 I/DisplayBrightnessStrategySelector( 1971): Changing the DisplayBrightnessStrategy from ScreenOffBrightnessStrategy toInvalidBrightnessStrategy for display 6
12-07 13:08:01.997 V/DisplayPowerController2[6]( 1971): Brightness [0.0] reason changing to: 'manual', previous reason: 'screen_off'.
12-07 13:08:01.997 I/DisplayPowerController2[6]( 1971): BrightnessEvent: disp=6, physDisp=virtual:android,1000,MirrorRoot for 554da8b2-df3a-4057-9260-2365d3e188ed,0, brt=0.0, initBrt=0.0, rcmdBrt=NaN, preBrt=NaN, lux=0.0, preLux=0.0, hbmMax=1.0, hbmMode=off, rbcStrength=-1, thrmMax=1.0, powerFactor=1.0, wasShortTermModelActive=false, flags=, reason=manual, autoBrightness=false, strategy=InvalidBrightnessStrategy
12-07 13:08:01.997 I/DisplayPowerController2[9]( 1971): Blocking screen on until initial contents have been drawn.
12-07 13:08:01.998 I/InterstitialController( 1971): onImmersiveActivityAppeared: uid: 10053, pid: 3469, state: 4, com.oculus.vrshell, on task: WCT{RemoteToken{5f731a0 Task{a438a27 #2 type=home}}}, launchId: null
12-07 13:08:01.999 E/AlarmManager( 1971): Attempt to decrement existing alarm count 0 by 1 for uid 1000
12-07 13:08:02.000 I/DisplayBrightnessStrategySelector( 1971): Changing the DisplayBrightnessStrategy from ScreenOffBrightnessStrategy toInvalidBrightnessStrategy for display 9
12-07 13:08:02.000 V/DisplayPowerController2[9]( 1971): Brightness [0.0] reason changing to: 'manual', previous reason: 'screen_off'.
12-07 13:08:02.000 I/DisplayPowerController2[9]( 1971): BrightnessEvent: disp=9, physDisp=virtual:android,1000,MirrorRoot for efab378f-d430-453e-9e9a-9f58c3efb41b,0, brt=0.0, initBrt=0.0, rcmdBrt=NaN, preBrt=NaN, lux=0.0, preLux=0.0, hbmMax=1.0, hbmMode=off, rbcStrength=-1, thrmMax=1.0, powerFactor=1.0, wasShortTermModelActive=false, flags=, reason=manual, autoBrightness=false, strategy=InvalidBrightnessStrategy
12-07 13:08:02.000 I/DisplayPowerController2[11]( 1971): Blocking screen on until initial contents have been drawn.
12-07 13:08:02.000 W/ActivityManager( 1971): Dropping Event: wtf since tag: system_server_wtf is disabled or DropboxManager is null
12-07 13:08:02.001 I/DisplayBrightnessStrategySelector( 1971): Changing the DisplayBrightnessStrategy from ScreenOffBrightnessStrategy toInvalidBrightnessStrategy for display 11
12-07 13:08:02.002 V/DisplayPowerController2[11]( 1971): Brightness [0.0] reason changing to: 'manual', previous reason: 'screen_off'.
12-07 13:08:02.002 I/DisplayPowerController2[11]( 1971): BrightnessEvent: disp=11, physDisp=virtual:android,1000,MirrorRoot for 79fe7f8c-5222-497d-a237-9d9502b5710a,0, brt=0.0, initBrt=0.0, rcmdBrt=NaN, preBrt=NaN, lux=0.0, preLux=0.0, hbmMax=1.0, hbmMode=off, rbcStrength=-1, thrmMax=1.0, powerFactor=1.0, wasShortTermModelActive=false, flags=, reason=manual, autoBrightness=false, strategy=InvalidBrightnessStrategy
12-07 13:08:02.002 I/DisplayPowerController2[12]( 1971): Blocking screen on until initial contents have been drawn.
12-07 13:08:02.002 D/JobServiceContext( 1971): Scheduling time out for 'com.oculus.userserver.managerservice.user.usersync.UserSyncJobService' jId: 1828726831, in 18 s
12-07 13:08:02.002 V/ActivityManager( 1971): bindService: Intent { flg=0x4 cmp=com.oculus.userserver2/com.oculus.userserver.managerservice.user.usersync.UserSyncJobService } type=null conn=android.app.LoadedApk$ServiceDispatcher$InnerConnection@63429d7 flags=0x8105
12-07 13:08:02.005 I/DisplayBrightnessStrategySelector( 1971): Changing the DisplayBrightnessStrategy from ScreenOffBrightnessStrategy toInvalidBrightnessStrategy for display 12
12-07 13:08:02.005 V/DisplayPowerController2[12]( 1971): Brightness [0.0] reason changing to: 'manual', previous reason: 'screen_off'.
12-07 13:08:02.005 I/DisplayPowerController2[12]( 1971): BrightnessEvent: disp=12, physDisp=virtual:android,1000,MirrorRoot for 883a999f-5853-4b1f-bd01-cc8aa07ee944,0, brt=0.0, initBrt=0.0, rcmdBrt=NaN, preBrt=NaN, lux=0.0, preLux=0.0, hbmMax=1.0, hbmMode=off, rbcStrength=-1, thrmMax=1.0, powerFactor=1.0, wasShortTermModelActive=false, flags=, reason=manual, autoBrightness=false, strategy=InvalidBrightnessStrategy
12-07 13:08:02.005 I/DisplayPowerController2[104]( 1971): Blocking screen on until initial contents have been drawn.
12-07 13:08:02.013 I/DisplayBrightnessStrategySelector( 1971): Changing the DisplayBrightnessStrategy from ScreenOffBrightnessStrategy toInvalidBrightnessStrategy for display 104
12-07 13:08:02.013 V/DisplayPowerController2[104]( 1971): Brightness [0.0] reason changing to: 'manual', previous reason: 'screen_off'.
12-07 13:08:02.013 I/DisplayPowerController2[104]( 1971): BrightnessEvent: disp=104, physDisp=virtual:android,1000,MirrorRoot for f28a0a90-101b-49f2-9e77-80a860b7197b,0, brt=0.0, initBrt=0.0, rcmdBrt=NaN, preBrt=NaN, lux=0.0, preLux=0.0, hbmMax=1.0, hbmMode=off, rbcStrength=-1, thrmMax=1.0, powerFactor=1.0, wasShortTermModelActive=false, flags=, reason=manual, autoBrightness=false, strategy=InvalidBrightnessStrategy
12-07 13:08:02.013 I/DisplayPowerController2[237]( 1971): Blocking screen on until initial contents have been drawn.
12-07 13:08:02.015 I/DisplayBrightnessStrategySelector( 1971): Changing the DisplayBrightnessStrategy from ScreenOffBrightnessStrategy toInvalidBrightnessStrategy for display 237
12-07 13:08:02.015 V/DisplayPowerController2[237]( 1971): Brightness [0.0] reason changing to: 'manual', previous reason: 'screen_off'.
12-07 13:08:02.015 I/DisplayPowerController2[237]( 1971): BrightnessEvent: disp=237, physDisp=virtual:android,1000,MirrorRoot for c6f66c87-7856-4356-9a76-41fdd287daf2,0, brt=0.0, initBrt=0.0, rcmdBrt=NaN, preBrt=NaN, lux=0.0, preLux=0.0, hbmMax=1.0, hbmMode=off, rbcStrength=-1, thrmMax=1.0, powerFactor=1.0, wasShortTermModelActive=false, flags=, reason=manual, autoBrightness=false, strategy=InvalidBrightnessStrategy
12-07 13:08:02.016 I/DisplayPowerController2[981]( 1971): Blocking screen on until initial contents have been drawn.
12-07 13:08:02.016 V/ActivityManager( 1971): bindService: Intent { act=com.oculus.vrshell.SHELL_ENV_START_SERVICE cat=[android.intent.category.INFO] dat=shellenv://bind/... flg=0x10000000 pkg=com.oculus.vrshell cmp=com.oculus.vrshell/.ShellService } type=null conn=android.os.BinderProxy@1e47ccf flags=0x1000
12-07 13:08:02.016 I/DisplayBrightnessStrategySelector( 1971): Changing the DisplayBrightnessStrategy from ScreenOffBrightnessStrategy toInvalidBrightnessStrategy for display 981
12-07 13:08:02.016 V/DisplayPowerController2[981]( 1971): Brightness [0.0] reason changing to: 'manual', previous reason: 'screen_off'.
12-07 13:08:02.016 I/DisplayPowerController2[981]( 1971): BrightnessEvent: disp=981, physDisp=virtual:android,1000,MirrorRoot for dbe42626-4a3a-4dc8-8d8b-53a37111a750,0, brt=0.0, initBrt=0.0, rcmdBrt=NaN, preBrt=NaN, lux=0.0, preLux=0.0, hbmMax=1.0, hbmMode=off, rbcStrength=-1, thrmMax=1.0, powerFactor=1.0, wasShortTermModelActive=false, flags=, reason=manual, autoBrightness=false, strategy=InvalidBrightnessStrategy
12-07 13:08:02.017 I/DisplayPowerController2[0]( 1971): Unblocked screen on after 44 ms
12-07 13:08:02.017 I/DisplayPowerController2[2]( 1971): Unblocked screen on after 25 ms
12-07 13:08:02.017 I/DisplayPowerController2[3]( 1971): Unblocked screen on after 24 ms
12-07 13:08:02.017 I/DisplayPowerController2[5]( 1971): Unblocked screen on after 23 ms
12-07 13:08:02.017 I/DisplayPowerController2[6]( 1971): Unblocked screen on after 22 ms
12-07 13:08:02.017 I/DisplayPowerController2[9]( 1971): Unblocked screen on after 20 ms
12-07 13:08:02.017 I/DisplayPowerController2[11]( 1971): Unblocked screen on after 17 ms
12-07 13:08:02.017 I/DisplayPowerController2[12]( 1971): Unblocked screen on after 15 ms
12-07 13:08:02.017 I/DisplayPowerController2[104]( 1971): Unblocked screen on after 12 ms
12-07 13:08:02.017 I/DisplayPowerController2[237]( 1971): Unblocked screen on after 4 ms
12-07 13:08:02.017 I/DisplayPowerController2[981]( 1971): Unblocked screen on after 2 ms
12-07 13:08:02.021 D/JobServiceContext( 1971): handleServiceBound for cdd4b5a #u0a80/6619 com.meta.rl.trust.service/androidx.work.impl.background.systemjob.SystemJobService
12-07 13:08:02.021 D/JobServiceContext( 1971): Scheduling time out for 'androidx.work.impl.background.systemjob.SystemJobService' jId: 6619, in 8 s
12-07 13:08:02.021 D/JobServiceContext( 1971): handleServiceBound for fd38556 #u0a58/1828726831 com.oculus.userserver2/com.oculus.userserver.managerservice.user.usersync.UserSyncJobService
12-07 13:08:02.021 D/JobServiceContext( 1971): Scheduling time out for 'com.oculus.userserver.managerservice.user.usersync.UserSyncJobService' jId: 1828726831, in 8 s
12-07 13:08:01.984 I/[drm:dsi_display_set_mode [msm_drm]] [msm-dsi-info](    0): mdp_transfer_time=0, hactive=4128, vactive=2208, fps=72, clk_rate=0
12-07 13:08:02.022 D/JobServiceContext( 1971): doCallback of : JobStatus{cdd4b5a #u0a80/6619 com.meta.rl.trust.service/androidx.work.impl.background.systemjob.SystemJobService u=0 s=10080 TIME=-2m1s850ms:none NET STORENOTLOW READY} v:VERB_STARTING
12-07 13:08:02.022 D/JobServiceContext( 1971): Scheduling time out for 'androidx.work.impl.background.systemjob.SystemJobService' jId: 6619, in 300 s
12-07 13:08:02.023 D/JobServiceContext( 1971): doCallback of : JobStatus{fd38556 #u0a58/1828726831 com.oculus.userserver2/com.oculus.userserver.managerservice.user.usersync.UserSyncJobService u=0 s=10058 TIME=-22ms:+23h59m59s978ms NET PERIODIC READY} v:VERB_STARTING
12-07 13:08:02.023 D/JobServiceContext( 1971): Scheduling time out for 'com.oculus.userserver.managerservice.user.usersync.UserSyncJobService' jId: 1828726831, in 300 s
12-07 13:08:02.025 D/SensorClientUtils( 9367): Received power state from VRPM: RUNNING
12-07 13:08:02.025 D/PowerMonitor( 9367): Cancelling delayed transition to SLEEP
12-07 13:08:02.025 D/PowerMonitor( 9367): Received transition request from SLEEP to RUNNING
12-07 13:08:02.025 D/SensorClientUtils( 9339): Received power state from VRPM: RUNNING
12-07 13:08:02.025 D/PowerMonitor( 9367): Executing transition from SLEEP to STANDBY
12-07 13:08:02.025 D/TrackingFidelityService( 9367): [Utility Frequency][tfs.utility.powermonitor] applyPowerState: SLEEP -> STANDBY
12-07 13:08:02.025 D/PowerMonitor( 9367): Executing transition from STANDBY to RUNNING
12-07 13:08:02.025 D/TrackingFidelityService( 9367): [Utility Frequency][tfs.utility.powermonitor] applyPowerState: STANDBY -> RUNNING
12-07 13:08:02.025 D/PowerMonitor( 9339): Cancelling delayed transition to SLEEP
12-07 13:08:02.025 D/PowerMonitor( 9339): Received transition request from SLEEP to RUNNING
12-07 13:08:01.984 I/[drm:dsi_ctrl_isr_configure [msm_drm]] [msm-dsi-info](    0): dsi-ctrl-0: IRQ 438 registered
12-07 13:08:01.985 I/[drm:dsi_ctrl_isr_configure [msm_drm]] [msm-dsi-info](    0): dsi-ctrl-1: IRQ 439 registered
12-07 13:08:01.986 I/vd6281  (    0): spi speed set : 4174000
12-07 13:08:01.986 I/vd6281  (    0): nb of samples per chunk  : 4096
12-07 13:08:01.986 I/vd6281  (    0): sample width in bytes: 64
12-07 13:08:01.987 I/init    (    0): processing action (sys.hmt.mounted=1) from (/vendor/etc/init/hw/init.eureka.rc:12)
12-07 13:08:01.988 I/init    (    0): processing action (sys.hmt.mounted=1) from (/vendor/etc/init/hw/init.anorak.rc:393)
12-07 13:08:02.026 D/PowerMonitor( 9339): Executing transition from SLEEP to STANDBY
12-07 13:08:02.026 D/ControllerManagement( 9339): [controller] SLEEP -> STANDBY
12-07 13:08:02.026 D/ControllerManagement( 9339): ControllerGlue: setting expected mode to Streaming
12-07 13:08:02.026 D/ControllerManagement( 9339): ControllerGlue: Setting current mode to Streaming
12-07 13:08:02.026 D/ControllerManagement( 9339): ControllerGlue: leave mode Disabled
12-07 13:08:02.026 D/ControllerManagement( 9339): ControllerGlue: Setting mode to Streaming
12-07 13:08:02.026 D/ControllerManagement( 9339): ControllerGlue: enter mode Streaming
12-07 13:08:02.026 D/libsensorscommon( 9363): ControllerProvider: StreamingClient requested by 9339
12-07 13:08:02.026 D/SensorService( 9363): ControllerProvider: acquiring StreamingSession
12-07 13:08:02.026 D/SensorService( 9363): SyncbossEventHandler: starting all streams
12-07 13:08:02.027 D/SensorService( 9363): SyncbossEventHandler: producerThreadFunc() start
12-07 13:08:02.027 D/TSAccess( 9367): Apply power state 'Running'
12-07 13:08:02.027 D/SensorService( 9363): SyncbossEventHandler: stopping all streams
12-07 13:08:02.027 D/SensorService( 9363): SyncbossEventHandler: producerThreadFunc() exit
12-07 13:08:02.027 D/TrackingService( 9368): apply power state 'Running'
12-07 13:08:02.027 D/PowerMonitor( 9368): Cancelling delayed transition to SLEEP
12-07 13:08:02.027 D/SensorService( 9363): SyncbossEventHandler: starting all streams
12-07 13:08:02.027 D/PowerMonitor( 9368): Received transition request from SLEEP to RUNNING
12-07 13:08:02.027 D/SensorService( 9363): SyncbossEventHandler: producerThreadFunc() start
12-07 13:08:02.027 D/SensorService( 9363): SyncbossEventHandler: acquired session; approx # alive: 1
12-07 13:08:02.029 I/SyncBossHAL( 9363): [info   ] syncboss_hal_impl_input.c(437): no pulsar frequency blocklist (vendor.syncbosshal.pulsar_blocklist) set
12-07 13:08:02.030 I/SyncBossHAL( 9363): [info   ] syncboss_hal_impl_input.c(496): No AFH behavior specified, enabled by default
12-07 13:08:02.030 D/PowerMonitor( 9368): Executing transition from SLEEP to STANDBY
12-07 13:08:02.030 D/TrackingService( 9368): StateHandler setState powerState=STANDBY
12-07 13:08:02.030 D/TrackingService( 9368): Enqueued transition to (targetPowerState, targetMuxName): (STANDBY, --) - transition timeout: 1000000000 ns
12-07 13:08:02.030 I/TrackingService( 9368): [                   PerfLockHooks] Power transition: SLEEP -> STANDBY transition time: 0 ms
12-07 13:08:02.030 I/TrackingService( 9368): [                            bolt] Power transition: SLEEP -> STANDBY transition time: 0 ms
12-07 13:08:02.030 D/TrackingService( 9368): IOT sleep to standby started
12-07 13:08:02.031 I/SyncBossHAL( 9363): [info   ] pulsar_manager_utils.c(664): Starting Pulsar beacon mode
12-07 13:08:02.033 I/DisplayDeviceRepository( 1971): Display device changed state: "Built-in Screen", ON
12-07 13:08:02.033 I/SyncBossFW(  879): 77931195 [info   ] {WIHI}: Starting beacon mode
12-07 13:08:02.034 D/SensorService( 9363): SyncbossEventHandler: Enabled sensor PULSAR - Active sensors: synthetic[HMD_DOUBLETAP,EXTERNAL_TIMING,ZAP] non-synth[PULSAR]
12-07 13:08:02.034 D/SensorService( 9363): ControllerProvider: acquiring StreamingClient impl; approx # alive: 1
12-07 13:08:02.034 I/DisplayDevice( 1971): [0] Layerstack set to 0 for local:4630946970282026130
12-07 13:08:02.034 D/libsensorscommon( 9363): ControllerProvider: acquiring StreamingClient hidl for client 9339
12-07 13:08:02.035 D/ControllerManagement( 9339): RemoteService::recordControllerStatusUpdate: device 402c25cbf028a4e8: status: SEARCHING tracking: POSITION, errors: --
12-07 13:08:02.035 D/ControllerManagement( 9339): RemoteService::recordControllerStatusUpdate: device f343f271512a1feb: status: SEARCHING tracking: NONE, errors: --
12-07 13:08:02.036 D/PowerMonitor( 9339): Executing transition from STANDBY to RUNNING
12-07 13:08:02.036 D/ControllerManagement( 9339): [controller] STANDBY -> RUNNING
12-07 13:08:02.036 D/ControllerManagement( 9339): processStateChange([PairedControllerInfo RUBY 402c25cbf028a4e8 disconnected detached mcnt=0])
12-07 13:08:02.036 D/ControllerManagement( 9339): processStateChange([PairedControllerInfo RUBY f343f271512a1feb disconnected detached update-required mcnt=0])
12-07 13:08:02.039 D/SensorService( 9363): Syncboss input 402c25cbf028a4e8 hardware type 6, subtype 2, revision 
12-07 13:08:02.039 I/SensorService( 9363): preparePairedControllerInfo is adding device with valid 1
12-07 13:08:02.039 D/SensorService( 9363): Syncboss input f343f271512a1feb hardware type 6, subtype 1, revision 
12-07 13:08:02.039 I/SensorService( 9363): preparePairedControllerInfo is adding device with valid 1
12-07 13:08:02.041 D/SensorService( 9363): stateChangeNotifierFunc(): Reporting controller info. Change token: 48, paired=2 connected=0
12-07 13:08:02.046 D/SensorService( 9363): Found paired controllers: 2
12-07 13:08:02.046 D/SensorService( 9363): Syncboss input 402c25cbf028a4e8 hardware type 6, subtype 2, revision 
12-07 13:08:02.046 I/SensorService( 9363): preparePairedControllerInfo is adding device with valid 1
12-07 13:08:02.046 D/SensorService( 9363): Syncboss input f343f271512a1feb hardware type 6, subtype 1, revision 
12-07 13:08:02.046 I/SensorService( 9363): preparePairedControllerInfo is adding device with valid 1
12-07 13:08:02.046 I/VolumetricWindowManagerServiceImpl( 1971): changing secure flag for 554da8b2-df3a-4057-9260-2365d3e188ed: false -> true
12-07 13:08:02.047 D/ControllerManagement( 9339): processStateChange([PairedControllerInfo RUBY 402c25cbf028a4e8 disconnected detached update-required mcnt=0])
12-07 13:08:02.047 D/ControllerManagement( 9339): processStateChange([PairedControllerInfo RUBY f343f271512a1feb disconnected detached update-required mcnt=0])
12-07 13:08:02.051 D/SensorService( 9363): Found paired controllers: 2
12-07 13:08:02.051 D/SensorService( 9363): Syncboss input 402c25cbf028a4e8 hardware type 6, subtype 2, revision 
12-07 13:08:02.051 I/SensorService( 9363): preparePairedControllerInfo is adding device with valid 1
12-07 13:08:02.051 D/SensorService( 9363): Syncboss input f343f271512a1feb hardware type 6, subtype 1, revision 
12-07 13:08:02.051 I/SensorService( 9363): preparePairedControllerInfo is adding device with valid 1
12-07 13:08:02.057 D/JobServiceContext( 1971): Scheduling time out for 'com.oculus.auth.control.AccountSyncJobService' jId: 1828726837, in 18 s
12-07 13:08:02.058 V/ActivityManager( 1971): bindService: Intent { flg=0x4 cmp=com.oculus.horizon/com.oculus.auth.control.AccountSyncJobService } type=null conn=android.app.LoadedApk$ServiceDispatcher$InnerConnection@90e90db flags=0x8105
12-07 13:08:02.065 D/JobServiceContext( 1971): Scheduling time out for 'com.oculus.auth.control.SessionPingJobService' jId: 1828726842, in 18 s
12-07 13:08:02.067 V/ActivityManager( 1971): bindService: Intent { flg=0x4 cmp=com.oculus.horizon/com.oculus.auth.control.SessionPingJobService } type=null conn=android.app.LoadedApk$ServiceDispatcher$InnerConnection@19bb324 flags=0x8105
12-07 13:08:02.077 D/JobServiceContext( 1971): handleServiceBound for 43dd9d5 #u0a102/1828726837 com.oculus.horizon/com.oculus.auth.control.AccountSyncJobService
12-07 13:08:02.077 D/JobServiceContext( 1971): Scheduling time out for 'com.oculus.auth.control.AccountSyncJobService' jId: 1828726837, in 8 s
12-07 13:08:02.083 W/VolumetricWindowManagerService( 1971): Skip associateSpatialAudio because token appears to not be valid for any user: android.view.ViewRootImpl$W@d3e1d34 for session ID 15353 from pid 1971
12-07 13:08:02.089 D/JobServiceContext( 1971): handleServiceBound for 95b5fb7 #u0a102/1828726842 com.oculus.horizon/com.oculus.auth.control.SessionPingJobService
12-07 13:08:02.089 D/JobServiceContext( 1971): Scheduling time out for 'com.oculus.auth.control.SessionPingJobService' jId: 1828726842, in 8 s
12-07 13:08:02.089 D/JobServiceContext( 1971): doCallback of : JobStatus{43dd9d5 #u0a102/1828726837 com.oculus.horizon/com.oculus.auth.control.AccountSyncJobService u=0 s=10102 TIME=-33ms:+5h59m59s967ms NET PERIODIC READY} v:VERB_STARTING
12-07 13:08:02.089 D/JobServiceContext( 1971): Scheduling time out for 'com.oculus.auth.control.AccountSyncJobService' jId: 1828726837, in 300 s
12-07 13:08:02.093 D/JobServiceContext( 1971): doCallback of : JobStatus{95b5fb7 #u0a102/1828726842 com.oculus.horizon/com.oculus.auth.control.SessionPingJobService u=0 s=10102 TIME=none:-27ms READY} v:VERB_STARTING
12-07 13:08:02.093 D/JobServiceContext( 1971): Scheduling time out for 'com.oculus.auth.control.SessionPingJobService' jId: 1828726842, in 300 s
12-07 13:08:02.093 D/JobServiceContext( 1971): doCallback of : JobStatus{95b5fb7 #u0a102/1828726842 com.oculus.horizon/com.oculus.auth.control.SessionPingJobService u=0 s=10102 TIME=none:-28ms READY} v:VERB_EXECUTING
12-07 13:08:02.093 D/JobServiceContext( 1971): Cleaning up 95b5fb7 #u0a102/1828726842 com.oculus.horizon/com.oculus.auth.control.SessionPingJobService reschedule=false reason=app called jobFinished
12-07 13:08:02.097 I/Telecom ( 1971): CallAudioRouteStateMachine: Message received: MUTE_EXTERNALLY_CHANGED=3004, arg1=0: CARSM.mCR->CARSM.pM_MUTE_EXTERNALLY_CHANGED@AoQ
12-07 13:08:02.097 I/Telecom ( 1971): QuiescentEarpieceRoute: Processing message MUTE_EXTERNALLY_CHANGED: CARSM.mCR->CARSM.pM_MUTE_EXTERNALLY_CHANGED@AoQ
12-07 13:08:02.109 I/SensorService( 9363): registerDirectChannel_: Allocated direct channel handle 2 (to pid 1971)
12-07 13:08:02.111 I/SensorService( 9363): configDirectReport for channelHandle:2 sensorHandle:3 Rate:1
12-07 13:08:02.101 I/wlan    ( 4847): [4847:I:OSIF] scan start scan id 41034
12-07 13:08:02.263 I/DisplayDeviceRepository( 1971): Display device changed state: "Built-in Screen", ON
12-07 13:08:02.263 D/SensorService( 9363): SyncbossEventHandler: acquired session; approx # alive: 2
12-07 13:08:02.266 D/DisplayManagerService( 1971): Ignore redundant display event 0/2 to 10079/25425
12-07 13:08:02.266 D/DisplayManagerService( 1971): Ignore redundant display event 0/2 to 10049/32634
12-07 13:08:02.268 I/SyncBossFW(  879): 77931427 [info   ] {APPI}: Setting imu data rate to 800.0000
12-07 13:08:02.268 I/OculusWindowMgr( 1971): OWMS::focusChanged: windowRootTaskId: 2
12-07 13:08:02.268 I/OculusWindowMgr( 1971): OWMS::focusChanged: getImmersiveTask returned
12-07 13:08:02.268 I/OculusWindowMgr( 1971): OWMS::focusChanged: matchedTaskId: 2
12-07 13:08:02.268 I/SyncBossFW(  879): 77931430 [info   ] {APPI}: Enabling IMU
12-07 13:08:02.276 D/CompatibilityChangeReporter( 1971): Compat change id reported: 135634846; UID 10103; state: DISABLED
12-07 13:08:02.276 D/CompatibilityChangeReporter( 1971): Compat change id reported: 177438394; UID 10103; state: DISABLED
12-07 13:08:02.276 D/CompatibilityChangeReporter( 1971): Compat change id reported: 135772972; UID 10103; state: DISABLED
12-07 13:08:02.276 D/CompatibilityChangeReporter( 1971): Compat change id reported: 135754954; UID 10103; state: DISABLED
12-07 13:08:02.278 D/CompatibilityChangeReporter( 1971): Compat change id reported: 143937733; UID 10103; state: DISABLED
12-07 13:08:02.280 V/ActivityManager( 1971): bindService: Intent { cmp=com.oculus.deviceauthserver/.DeviceAuthService } type=null conn=android.os.BinderProxy@1e50b7c flags=0x1
12-07 13:08:02.291 W/PowerManagerService( 1971): Screen on took 320 ms
12-07 13:08:02.293 D/JobServiceContext( 1971): doCallback of : JobStatus{cdd4b5a #u0a80/6619 com.meta.rl.trust.service/androidx.work.impl.background.systemjob.SystemJobService u=0 s=10080 TIME=-2m2s120ms:none NET STORENOTLOW READY} v:VERB_EXECUTING
12-07 13:08:02.293 D/JobServiceContext( 1971): Cleaning up cdd4b5a #u0a80/6619 com.meta.rl.trust.service/androidx.work.impl.background.systemjob.SystemJobService reschedule=false reason=app called jobFinished
12-07 13:08:02.304 I/ActivityManager( 1971): Start proc 22058:com.oculus.socialplatform/u0a103 for broadcast {com.oculus.socialplatform/com.oculus.socialplatform.remotelaunch.UserPresentBroadcastReceiver}
12-07 13:08:02.308 D/SensorService( 9363): SyncbossEventHandler: Enabled sensor HMD_IMU - Active sensors: synthetic[HMD_DOUBLETAP,EXTERNAL_TIMING,ZAP] non-synth[HMD_IMU,PULSAR]
12-07 13:08:02.309 D/SensorService( 9363): SyncbossEventHandler: acquired session; approx # alive: 3
12-07 13:08:02.312 I/SyncBossFW(  879): 77931473 [info   ] {APPI}: Setting mag data rate to 25.0000
12-07 13:08:02.315 D/SensorService( 9363): SyncbossEventHandler: Enabled sensor HMD_MAG - Active sensors: synthetic[HMD_DOUBLETAP,EXTERNAL_TIMING,ZAP] non-synth[HMD_MAG,HMD_IMU,PULSAR]
12-07 13:08:02.315 D/TrackingService( 9368): IOT sleep to standby completed
12-07 13:08:02.315 D/TrackingService( 9368): starting IOT motion thread, imu batch dispatch enabled=false
12-07 13:08:02.315 I/TrackingService( 9368): [                             iot] Power transition: SLEEP -> STANDBY transition time: 285 ms
12-07 13:08:02.316 I/SyncBossFW(  879): 77931476 [info   ] {APPI}: Enabling magnetometer
12-07 13:08:02.316 I/SyncBossFW(  879): 77931476 [info   ] {APPI}: Enabling mag streaming.  Temperature comp enabled
12-07 13:08:02.321 D/CompatibilityChangeReporter( 1971): Compat change id reported: 168419799; UID 10103; state: DISABLED
12-07 13:08:02.321 D/CompatibilityChangeReporter( 1971): Compat change id reported: 273564678; UID 10103; state: DISABLED
12-07 13:08:02.324 D/CompatibilityChangeReporter( 1971): Compat change id reported: 265195908; UID 10103; state: ENABLED
12-07 13:08:02.345 D/CompatibilityChangeReporter( 1971): Compat change id reported: 170503758; UID 10103; state: DISABLED
12-07 13:08:02.348 E/libsensortelemetry( 9368): imu_iot samples delayed: 6507427ns capture to arrival (ERS limit: 3500000ns)
12-07 13:08:02.372 D/JobServiceContext( 1971): doCallback of : JobStatus{43dd9d5 #u0a102/1828726837 com.oculus.horizon/com.oculus.auth.control.AccountSyncJobService u=0 s=10102 TIME=-316ms:+5h59m59s684ms NET PERIODIC READY} v:VERB_EXECUTING
12-07 13:08:02.372 D/JobServiceContext( 1971): Cleaning up 43dd9d5 #u0a102/1828726837 com.oculus.horizon/com.oculus.auth.control.AccountSyncJobService reschedule=false reason=app called jobFinished
12-07 13:08:02.398 I/TrackingService( 9368): [                   constellation] Power transition: SLEEP -> STANDBY transition time: 82 ms
12-07 13:08:02.398 D/TrackingService( 9368): [HANDTRACKINGGLUE] sleepToStandby
12-07 13:08:02.398 I/TrackingService( 9368): [                            hand] Power transition: SLEEP -> STANDBY transition time: 0 ms
12-07 13:08:02.399 I/TrackingService( 9368): [              selftracked_client] Power transition: SLEEP -> STANDBY transition time: 0 ms
12-07 13:08:02.399 I/TrackingService( 9368): [                            iobt] Power transition: SLEEP -> STANDBY transition time: 0 ms
12-07 13:08:02.467 D/JobServiceContext( 1971): doCallback of : JobStatus{fd38556 #u0a58/1828726831 com.oculus.userserver2/com.oculus.userserver.managerservice.user.usersync.UserSyncJobService u=0 s=10058 TIME=-467ms:+23h59m59s533ms NET PERIODIC READY} v:VERB_EXECUTING
12-07 13:08:02.467 D/JobServiceContext( 1971): Cleaning up fd38556 #u0a58/1828726831 com.oculus.userserver2/com.oculus.userserver.managerservice.user.usersync.UserSyncJobService reschedule=false reason=app called jobFinished
12-07 13:08:02.513 I/DisplayManagerService( 1971): vrCompositorReady: restore brightness updates
12-07 13:08:02.513 W/BrightnessSynchronizer( 1971): Brightness sync observer requesting synchronization a second time.
12-07 13:08:02.474 I/init    (    0): processing action (service.bootanim.exit_vendor=1) from (/vendor/etc/init/hw/init.anorak.rc:390)
12-07 13:08:02.519 I/TrackingService( 9368): [                          object] Power transition: SLEEP -> STANDBY transition time: 120 ms
12-07 13:08:02.519 I/TrackingService( 9368): [                      controller] Power transition: SLEEP -> STANDBY transition time: 0 ms
12-07 13:08:02.519 I/TrackingService( 9368): [            ExposureControlCmmv2] Power transition: SLEEP -> STANDBY transition time: 0 ms
12-07 13:08:02.520 D/libsensorscommon( 9363): ControllerProvider: StreamingClient requested by 9368
12-07 13:08:02.520 D/SensorService( 9363): ControllerProvider: acquiring StreamingClient impl; approx # alive: 2
12-07 13:08:02.520 I/TrackingService( 9368): [                            face] Power transition: SLEEP -> STANDBY transition time: 0 ms
12-07 13:08:02.520 D/TrackingService( 9368): Transition completed for NONE
12-07 13:08:02.520 D/PowerMonitor( 9368): Executing transition from STANDBY to RUNNING
12-07 13:08:02.520 D/TrackingService( 9368): StateHandler setState powerState=RUNNING
12-07 13:08:02.520 D/TrackingService( 9368): Enqueued transition to (targetPowerState, targetMuxName): (RUNNING, --) - transition timeout: 1000000000 ns
12-07 13:08:02.520 D/ControllerManagement( 9339): processStateChange([PairedControllerInfo RUBY 402c25cbf028a4e8 disconnected detached update-required mcnt=0])
12-07 13:08:02.520 I/TrackingFidelityService( 9367): Received hand/controller update: hand_tracking_enabled
12-07 13:08:02.522 I/TrackingService( 9368): [                   PerfLockHooks] Power transition: STANDBY -> RUNNING transition time: 0 ms
12-07 13:08:02.522 I/TrackingService( 9368): [                            bolt] Power transition: STANDBY -> RUNNING transition time: 0 ms
12-07 13:08:02.522 D/TrackingService( 9368): IOT standby to running started
12-07 13:08:02.522 I/TrackingFidelityService( 9367): checkMultimodalFeature: Attempt made to enable multimodal hands+controllers when not supported by app
12-07 13:08:02.522 D/SensorService( 9363): Found paired controllers: 2
12-07 13:08:02.522 D/SensorService( 9363): Syncboss input 402c25cbf028a4e8 hardware type 6, subtype 2, revision 
12-07 13:08:02.522 I/SensorService( 9363): preparePairedControllerInfo is adding device with valid 1
12-07 13:08:02.522 D/SensorService( 9363): Syncboss input f343f271512a1feb hardware type 6, subtype 1, revision 
12-07 13:08:02.522 I/SensorService( 9363): preparePairedControllerInfo is adding device with valid 1
12-07 13:08:02.522 D/ControllerManagement( 9339): processStateChange([PairedControllerInfo RUBY f343f271512a1feb disconnected detached update-required mcnt=0])
12-07 13:08:02.522 W/TrackingFidelityService( 9367): Fidelity data undefined in catalog for enabling feature like environment_lighting. 3 similar misses.
12-07 13:08:02.522 I/TrackingFidelityService( 9367): Request(s)={constellation:0,controller_selftracked:0,hands:3,environment_lighting:5,keyboard:0,scene_reconstruction:0,surface_inputs:0,}, Mux mode idx=8, name=lowLightHands, score=-1950
12-07 13:08:02.522 I/TrackingFidelityService( 9367): beginTransition[worldTracking]: lowLightController(1)->lowLightHands(8)
12-07 13:08:02.522 I/TrackingFidelityService( 9367): _applyMuxModeLockedInternal: Applying camera mux mode lowLightHands via requestFeaturesWithFidelitiesLocked
12-07 13:08:02.522 I/SensorService( 9363): [worldTracking] Setting camera mux mode to 8
12-07 13:08:02.523 I/SensorService( 9363): updating CameraStream mux states
12-07 13:08:02.523 D/SensorService( 9363): Found paired controllers: 2
12-07 13:08:02.523 D/SensorService( 9363): Syncboss input 402c25cbf028a4e8 hardware type 6, subtype 2, revision 
12-07 13:08:02.523 I/SensorService( 9363): preparePairedControllerInfo is adding device with valid 1
12-07 13:08:02.523 D/SensorService( 9363): Syncboss input f343f271512a1feb hardware type 6, subtype 1, revision 
12-07 13:08:02.523 I/SensorService( 9363): preparePairedControllerInfo is adding device with valid 1
12-07 13:08:02.523 D/libsensorscommon( 9363): ControllerProvider: acquiring StreamingClient hidl for client 9368
12-07 13:08:02.523 I/SensorDataTransforms( 9368): [constellation:ambient_controller] Staging mux mode updates for {worldTracking: ind-8, seqId-104},
12-07 13:08:02.523 I/SensorDataTransforms( 9368): [constellation:ambient_controller] Signaling start of the mode transition
12-07 13:08:02.523 I/TrackingService( 9368): [constellation:ambient_controller] Start configuration update starting
12-07 13:08:02.523 I/TrackingService( 9368): [constellation:ambient_controller] Start configuration update done
12-07 13:08:02.523 I/SensorDataTransforms( 9368): [constellation:ambient_controller] Mux mode updates successfully staged
12-07 13:08:02.523 D/TrackingService( 9368): [constellation:ambient_controller]Queue mux mode update notification: lowLightHands
12-07 13:08:02.523 I/SensorDataTransforms( 9368): [constellation:constellation] Staging mux mode updates for {worldTracking: ind-8, seqId-104},
12-07 13:08:02.523 I/SensorDataTransforms( 9368): [constellation:constellation] Signaling start of the mode transition
12-07 13:08:02.523 I/TrackingService( 9368): [constellation:constellation] Start configuration update starting
12-07 13:08:02.523 I/TrackingService( 9368): [constellation:constellation] Start configuration update done
12-07 13:08:02.523 I/SensorDataTransforms( 9368): [constellation:constellation] Mux mode updates successfully staged
12-07 13:08:02.523 D/TrackingService( 9368): [constellation:constellation]Queue mux mode update notification: lowLightHands
12-07 13:08:02.523 I/SensorDataTransforms( 9368): [ExpCtl:exposure_control_worldTracking] Staging mux mode updates for {worldTracking: ind-8, seqId-104},
12-07 13:08:02.523 I/SensorDataTransforms( 9368): [ExpCtl:exposure_control_worldTracking] Signaling start of the mode transition
12-07 13:08:02.523 I/SensorDataTransforms( 9368): [ExpCtl:exposure_control_worldTracking] Mux mode updates successfully staged
12-07 13:08:02.524 I/SensorDataTransforms( 1157): [MrStreamControl:mr_monochrome] Staging mux mode updates for {worldTracking: ind-8, seqId-104},
12-07 13:08:02.524 I/SensorDataTransforms( 1157): [MrStreamControl:mr_monochrome] Signaling start of the mode transition
12-07 13:08:02.524 I/SensorDataTransforms( 1157): [MrStreamControl:mr_monochrome] Mux mode updates successfully staged
12-07 13:08:02.524 D/TrackingService( 9368): [ambient_controller]start onMuxStateUpdate. ModeId: lowLightController -> lowLightHands
12-07 13:08:02.524 D/TrackingService( 9368): [constellation][ambient_controller]handleMuxModeNotification started for muxMode[worldTracking: lowLightHands]
12-07 13:08:02.524 D/TrackingService( 9368): [constellation][ambient_controller]handleMuxModeNotification finished for muxMode[worldTracking: lowLightHands]
12-07 13:08:02.524 D/TrackingService( 9368): [ambient_controller]end onMuxStateUpdate. ModeId: lowLightController -> lowLightHands
12-07 13:08:02.524 I/TrackingService( 9368): [constellation:ambient_controller] Mux Mode Transition from sensor service: lowLightController -> lowLightHands transition time: 0 ms
12-07 13:08:02.524 D/TrackingService( 9368): [constellation]start onMuxStateUpdate. ModeId: lowLightHands -> lowLightHands
12-07 13:08:02.524 D/TrackingService( 9368): [constellation][constellation]handleMuxModeNotification started for muxMode[worldTracking: lowLightHands]
12-07 13:08:02.524 E/TrackingService( 9368): Resetting MuxMode lowLightHands which is already set
12-07 13:08:02.524 D/TrackingService( 9368): [constellation]end onMuxStateUpdate. ModeId: lowLightHands -> lowLightHands
12-07 13:08:02.524 I/TrackingService( 9368): [     constellation:constellation] Mux Mode Transition from sensor service: lowLightHands -> lowLightHands transition time: 0 ms
12-07 13:08:02.524 I/SensorService( 9363): ending update to CameraStream mux states
12-07 13:08:02.524 I/FrameSetCollator( 9363): [{WT(0,1):RAW10}] Updated frame set period to 16666000, with all camera system activeSlots [[T,F,T,F,]]
12-07 13:08:02.524 I/FrameSetCollator( 9363): [{WT:RAW10}] Updated frame set period to 16666000, with all camera system activeSlots [[T,F,T,F,]]
12-07 13:08:02.524 I/FrameSetDispatcher( 9363): [{WT(0,1):RAW10}] Latest MuxModeSettings: 8
12-07 13:08:02.524 I/FrameSetDispatcher( 9363): [{WT(0,1):RAW10}] purpose: ambient_controller, slots: 
12-07 13:08:02.524 I/FrameSetDispatcher( 9363): [{WT(0,1):RAW10}] purpose: constellation, slots: 
12-07 13:08:02.524 I/FrameSetDispatcher( 9363): [{WT(0,1):RAW10}] purpose: exposure_control_worldTracking, slots: SLOT_0 SLOT_2 
12-07 13:08:02.524 I/FrameSetDispatcher( 9363): [{WT(0,1):RAW10}] purpose: iobt, slots: SLOT_0 SLOT_2 
12-07 13:08:02.524 I/FrameSetDispatcher( 9363): [{WT(0,1):RAW10}] purpose: mr_monochrome, slots: SLOT_0 SLOT_2 
12-07 13:08:02.524 I/FrameSetDispatcher( 9363): [{WT(0,1):RAW10}] purpose: object, slots: 
12-07 13:08:02.524 I/FrameSetDispatcher( 9363): [{WT(0,1):RAW10}] purpose: active_slots, slots: SLOT_0 SLOT_2 
12-07 13:08:02.525 I/SensorDataTransforms( 9368): [iobt:iobt] Staging mux mode updates for {worldTracking: ind-8, seqId-104},
12-07 13:08:02.525 I/SensorDataTransforms( 9368): [iobt:iobt] Mux mode updates successfully staged
12-07 13:08:02.525 D/TrackingService( 9368): [iobt:iobt]Queue mux mode update notification: lowLightHands
12-07 13:08:02.525 D/TrackingService( 9368): [iobt]start onMuxStateUpdate. ModeId: lowLightController -> lowLightHands
12-07 13:08:02.525 D/TrackingService( 9368): [iobt][iobt]handleMuxModeNotification started for muxMode[worldTracking: lowLightHands]
12-07 13:08:02.525 D/TrackingService( 9368): [iobt][iobt]handleMuxModeNotification finished for muxMode[worldTracking: lowLightHands]
12-07 13:08:02.525 D/TrackingService( 9368): [iobt]end onMuxStateUpdate. ModeId: lowLightController -> lowLightHands
12-07 13:08:02.525 I/SensorDataTransforms( 9368): [object:object] Staging mux mode updates for {worldTracking: ind-8, seqId-104},
12-07 13:08:02.525 I/SensorDataTransforms( 9368): [object:object] Mux mode updates successfully staged
12-07 13:08:02.525 D/TrackingService( 9368): [object:object]Queue mux mode update notification: lowLightHands
12-07 13:08:02.525 D/TrackingService( 9368): [object]start onMuxStateUpdate. ModeId: lowLightController -> lowLightHands
12-07 13:08:02.525 D/TrackingService( 9368): [object][object]handleMuxModeNotification started for muxMode[worldTracking: lowLightHands]
12-07 13:08:02.525 D/TrackingService( 9368): [object][object]handleMuxModeNotification finished for muxMode[worldTracking: lowLightHands]
12-07 13:08:02.525 D/TrackingService( 9368): [object]end onMuxStateUpdate. ModeId: lowLightController -> lowLightHands
12-07 13:08:02.525 I/TrackingService( 9368): [                   object:object] Mux Mode Transition from sensor service: lowLightController -> lowLightHands transition time: 0 ms
12-07 13:08:02.525 I/SensorDataTransforms( 9368): [hand:hand] Staging mux mode updates for {worldTracking: ind-8, seqId-104},
12-07 13:08:02.525 I/SensorDataTransforms( 9368): [hand:hand] Mux mode updates successfully staged
12-07 13:08:02.525 D/TrackingService( 9368): [hand:hand]Queue mux mode update notification: lowLightHands
12-07 13:08:02.525 D/TrackingService( 9368): [hand]start onMuxStateUpdate. ModeId: lowLightController -> lowLightHands
12-07 13:08:02.525 D/TrackingService( 9368): [HANDTRACKINGGLUE] handleMuxModeNotification
12-07 13:08:02.525 D/TrackingService( 9368): [HANDTRACKINGGLUE] handleStateChange muxMode=lowLightHands
12-07 13:08:02.525 D/TrackingService( 9368): [hand]end onMuxStateUpdate. ModeId: lowLightController -> lowLightHands
12-07 13:08:02.525 I/TrackingService( 9368): [                       hand:hand] Mux Mode Transition from sensor service: lowLightController -> lowLightHands transition time: 0 ms
