12-07 15:27:18.303 I/FrameSetDispatcher( 9363): [{WT:RAW10}] Client pid=9368 (IOT): Remove old Mux Mode 1: slot indices: SLOT_0 SLOT_2 
12-07 15:27:18.303 I/FrameSetDispatcher( 9363): [{WT:RAW10}] Client pid=9368 (ExpCtl): Remove old Mux Mode 1: slot indices: SLOT_0 SLOT_1 SLOT_2 
12-07 15:27:18.303 I/TrackingService( 9368): [iot:iot] Configuration update starting
12-07 15:27:18.305 I/TrackingService( 9368): [iot:iot] Configuration update done
12-07 15:27:18.305 I/TrackingService( 9368): [iot:iot] Finish configuration update starting
12-07 15:27:18.305 I/TrackingService( 9368): [iot:iot] Finish configuration update done
12-07 15:27:18.369 I/TrackingServiceProxy( 1971): Oboe audio stream started.
12-07 15:27:18.396 I/TrackingFidelityService( 9367): Received hand/controller update: hand_tracking_enabled
12-07 15:27:18.398 I/TrackingFidelityService( 9367): checkMultimodalFeature: Attempt made to enable multimodal hands+controllers when not supported by app
12-07 15:27:18.398 I/TrackingFidelityService( 9367): Request(s)={constellation:0,controller_selftracked:0,hands:3,environment_lighting:5,keyboard:0,scene_reconstruction:0,surface_inputs:0,}, Mux mode idx=8, name=lowLightHands, score=-1950
12-07 15:27:18.398 I/TrackingFidelityService( 9367): beginTransition[worldTracking]: lowLightHands(8)->lowLightHands(8)
12-07 15:27:18.398 I/TrackingFidelityService( 9367): _applyMuxModeLockedInternal: Mode lowLightHands already set. Returning.
12-07 15:27:18.398 I/TrackingFidelityService( 9367): endTransition[worldTracking]: lowLightHands(8)->lowLightHands(8), seqId=-1, succeeded=true
12-07 15:27:18.398 I/TrackingFidelityService( 9367): Received hand/controller update: multimodal_hands_and_controllers_enabled
12-07 15:27:18.398 I/TrackingFidelityService( 9367): checkMultimodalFeature: Attempt made to enable multimodal hands+controllers when not supported by app
12-07 15:27:18.399 I/TrackingFidelityService( 9367): Request(s)={constellation:0,controller_selftracked:0,hands:3,environment_lighting:5,keyboard:0,scene_reconstruction:0,surface_inputs:0,}, Mux mode idx=8, name=lowLightHands, score=-1950
12-07 15:27:18.399 I/TrackingFidelityService( 9367): beginTransition[worldTracking]: lowLightHands(8)->lowLightHands(8)
12-07 15:27:18.399 I/TrackingFidelityService( 9367): _applyMuxModeLockedInternal: Mode lowLightHands already set. Returning.
12-07 15:27:18.399 I/TrackingFidelityService( 9367): endTransition[worldTracking]: lowLightHands(8)->lowLightHands(8), seqId=-1, succeeded=true
12-07 15:27:18.452 V/ActivityManager( 1971): bindService: Intent { act=com.microsoft.windowsapp.BIND_REMOTE_DESKTOP_SERVICE pkg=com.microsoft.rdc.androidx } type=null conn=android.os.BinderProxy@a6db1ac flags=0x1
12-07 15:27:18.454 D/ActivityManager( 1971): sync unfroze 9274 com.microsoft.rdc.androidx for 6
12-07 15:27:18.170 I/CAM_ERR (    0): CAM-ISP: __cam_isp_ctx_rdi_only_epoch_in_top_state: 7751 epoch with no req in active list ctx:7 res_id:0
12-07 15:27:18.426 E/msm_cdc_enable_ondemand_supply(    0): either dev or supplies or cdc_vreg is NULL
12-07 15:27:18.426 E/lpass-cdc soc(    0): spf_core_platform:lpass-cdc: lpass_cdc_dmic_clk_enable: dmic power supply enbl failed
12-07 15:27:18.426 E/msm_cdc_enable_ondemand_supply(    0): either dev or supplies or cdc_vreg is NULL
12-07 15:27:18.426 E/lpass-cdc soc(    0): spf_core_platform:lpass-cdc: lpass_cdc_dmic_clk_enable: dmic power supply enbl failed
12-07 15:27:18.508 V/ActivityManager( 1971): bindService: Intent { cmp=com.oculus.deviceauthserver/.DeviceAuthService } type=null conn=android.os.BinderProxy@484b4ae flags=0x1
12-07 15:27:18.508 I/TrackingFidelityService( 9367): Received hand/controller update: hand_tracking_enabled
12-07 15:27:18.508 D/CompatibilityChangeReporter( 1971): Compat change id reported: 161252188; UID 1000; state: DISABLED
12-07 15:27:18.511 I/TrackingFidelityService( 9367): checkMultimodalFeature: Attempt made to enable multimodal hands+controllers when not supported by app
12-07 15:27:18.511 I/TrackingFidelityService( 9367): Request(s)={constellation:0,controller_selftracked:0,hands:3,environment_lighting:5,keyboard:0,scene_reconstruction:0,surface_inputs:0,}, Mux mode idx=8, name=lowLightHands, score=-1950
12-07 15:27:18.511 I/TrackingFidelityService( 9367): beginTransition[worldTracking]: lowLightHands(8)->lowLightHands(8)
12-07 15:27:18.511 I/TrackingFidelityService( 9367): _applyMuxModeLockedInternal: Mode lowLightHands already set. Returning.
12-07 15:27:18.511 I/TrackingFidelityService( 9367): endTransition[worldTracking]: lowLightHands(8)->lowLightHands(8), seqId=-1, succeeded=true
12-07 15:27:18.511 I/TrackingFidelityService( 9367): Received hand/controller update: multimodal_hands_and_controllers_enabled
12-07 15:27:18.514 I/TrackingFidelityService( 9367): checkMultimodalFeature: Attempt made to enable multimodal hands+controllers when not supported by app
12-07 15:27:18.514 I/TrackingFidelityService( 9367): Request(s)={constellation:0,controller_selftracked:0,hands:3,environment_lighting:5,keyboard:0,scene_reconstruction:0,surface_inputs:0,}, Mux mode idx=8, name=lowLightHands, score=-1950
12-07 15:27:18.514 I/TrackingFidelityService( 9367): beginTransition[worldTracking]: lowLightHands(8)->lowLightHands(8)
12-07 15:27:18.514 I/TrackingFidelityService( 9367): _applyMuxModeLockedInternal: Mode lowLightHands already set. Returning.
12-07 15:27:18.514 I/TrackingFidelityService( 9367): endTransition[worldTracking]: lowLightHands(8)->lowLightHands(8), seqId=-1, succeeded=true
12-07 15:27:18.575 I/SyncBossHAL( 9363): [info   ] syncboss_hal_impl_input.c(1239): Pulsar connected devices state change: 43, host current time: 139157256ms
12-07 15:27:18.575 I/SyncBossHAL( 9363): [info   ] pulsar_input_cache.c(893): Refreshing input cache
12-07 15:27:18.576 I/SyncBossHAL( 9363): [info   ] pulsar_input_cache.c(609): Enumerating 402c25cbf028a4e8
12-07 15:27:18.578 I/SyncBossFW(  879): 86287406 [info   ] {WIHO}: Pulsar dev connected 402c25cbf028a4e8 t: 86287406ms, (type: 10011601, connection id: 0x2b, cl version: 2)
12-07 15:27:18.589 D/ActivityManager( 1971): freezing 14934 com.android.rkpdapp
12-07 15:27:18.591 I/SyncBossHAL( 9363): [info   ] pulsar_input_cache.c(576): Enumerating device version: 85.35.37
12-07 15:27:18.613 D/JobServiceContext( 1971): doCallback of : JobStatus{2c46559 #u0a102/1828726837 com.oculus.horizon/com.oculus.auth.control.AccountSyncJobService u=0 s=10102 TIME=-998ms:+5h59m59s2ms NET PERIODIC READY} v:VERB_EXECUTING
12-07 15:27:18.613 D/JobServiceContext( 1971): Cleaning up 2c46559 #u0a102/1828726837 com.oculus.horizon/com.oculus.auth.control.AccountSyncJobService reschedule=false reason=app called jobFinished
12-07 15:27:18.619 I/TrackingFidelityService( 9367): Received hand/controller update: hand_tracking_enabled
12-07 15:27:18.620 I/TrackingFidelityService( 9367): checkMultimodalFeature: Attempt made to enable multimodal hands+controllers when not supported by app
12-07 15:27:18.620 I/TrackingFidelityService( 9367): Request(s)={constellation:0,controller_selftracked:0,hands:3,environment_lighting:5,keyboard:0,scene_reconstruction:0,surface_inputs:0,}, Mux mode idx=8, name=lowLightHands, score=-1950
12-07 15:27:18.621 I/TrackingFidelityService( 9367): beginTransition[worldTracking]: lowLightHands(8)->lowLightHands(8)
12-07 15:27:18.622 I/TrackingFidelityService( 9367): _applyMuxModeLockedInternal: Mode lowLightHands already set. Returning.
12-07 15:27:18.622 I/TrackingFidelityService( 9367): endTransition[worldTracking]: lowLightHands(8)->lowLightHands(8), seqId=-1, succeeded=true
12-07 15:27:18.623 I/TrackingFidelityService( 9367): Received hand/controller update: multimodal_hands_and_controllers_enabled
12-07 15:27:18.625 I/TrackingFidelityService( 9367): checkMultimodalFeature: Attempt made to enable multimodal hands+controllers when not supported by app
12-07 15:27:18.625 I/TrackingFidelityService( 9367): Request(s)={constellation:0,controller_selftracked:0,hands:3,environment_lighting:5,keyboard:0,scene_reconstruction:0,surface_inputs:0,}, Mux mode idx=8, name=lowLightHands, score=-1950
12-07 15:27:18.625 I/TrackingFidelityService( 9367): beginTransition[worldTracking]: lowLightHands(8)->lowLightHands(8)
12-07 15:27:18.625 I/TrackingFidelityService( 9367): _applyMuxModeLockedInternal: Mode lowLightHands already set. Returning.
12-07 15:27:18.625 I/TrackingFidelityService( 9367): endTransition[worldTracking]: lowLightHands(8)->lowLightHands(8), seqId=-1, succeeded=true
12-07 15:27:18.648 D/CameraStream( 9363): [ocal] Client [IOT(9368)] attempting start
12-07 15:27:18.649 I/FrameSetDispatcher( 9363): [{COL:FOVPR}] Client pid=9368 (IOT): Client thread[{COL:FOVPR}:IOT] started
12-07 15:27:18.649 I/CameraClientManager( 9363): [IOT(9368)][ocal] client started (estimated 1 started clients total)
12-07 15:27:18.649 I/CameraClientManager( 9363): [[IOT(9368)][ocal]] definitely starting stream
12-07 15:27:18.649 I/SensorService( 9363): [color] Starting cameras for purpose ocal
12-07 15:27:18.649 I/FrameSetCollator( 9363): [{COL:FOVPR}] Skipping start, current start count: 2
12-07 15:27:18.649 I/SensorService( 9363): [color] Starting camera streams for purpose: ocal, current muxmode = 1
12-07 15:27:18.649 I/CameraClientManager( 9363): [[IOT(9368)][ocal]] stream start completed
12-07 15:27:18.649 D/CameraStream( 9363): [ocal] Client [IOT(9368)]: start complete
12-07 15:27:18.650 I/SyncBossHAL( 9363): [info   ] pulsar_input_cache.c(719): Cache populated for device 402c25cbf028a4e8
12-07 15:27:18.650 I/SyncBossHAL( 9363): [info   ] pulsar_input_cache.c(286): Finished getting cache data for controller
12-07 15:27:18.650 I/SyncBossHAL( 9363):     id            : 402c25cbf028a4e8
12-07 15:27:18.650 I/SyncBossHAL( 9363):     pulsar_type   : 0x10011601
12-07 15:27:18.650 I/SyncBossHAL( 9363):     connection id : 0x2b
12-07 15:27:18.650 I/SyncBossHAL( 9363):     fw ver        : 85.35.37
12-07 15:27:18.650 I/SyncBossHAL( 9363):     spl ver       : 1.5.11
12-07 15:27:18.650 I/SyncBossHAL( 9363):     serial        : 2G0YZJ2F7N03SN
12-07 15:27:18.650 I/SyncBossHAL( 9363):     handedness    : right
12-07 15:27:18.650 I/SyncBossHAL( 9363):     battery state : 70%
12-07 15:27:18.650 I/SyncBossHAL( 9363): [info   ] pulsar_input_cache.c(909): Cache refresh complete in 74ms
12-07 15:27:18.650 I/SyncBossHAL( 9363): [info   ] pulsar_manager.c(180): Setting controller ID 402c25cbf028a4e8 LED config to period: 66664us, on-time: 19us, delay: 26453us
12-07 15:27:18.652 D/SensorService( 9363): Syncboss input 402c25cbf028a4e8 hardware type 6, subtype 2, revision 0x10
12-07 15:27:18.652 I/SensorService( 9363): preparePairedControllerInfo is adding device with valid 1
12-07 15:27:18.652 D/SensorService( 9363): Syncboss input f343f271512a1feb hardware type 6, subtype 1, revision 
12-07 15:27:18.652 I/SensorService( 9363): preparePairedControllerInfo is adding device with valid 1
12-07 15:27:18.653 D/SensorService( 9363): stateChangeNotifierFunc(): Reporting controller info. Change token: 81, paired=2 connected=1
12-07 15:27:18.653 D/ControllerManagement( 9339): processStateChange([PairedControllerInfo RUBY 402c25cbf028a4e8 connected detached mcnt=2])
12-07 15:27:18.653 I/ControllerManagement( 9339): ControllerGlue: 402c25cbf028a4e8: boostControllerTxPower: controllerType=RUBY, countryCode=US, txPower=8
12-07 15:27:18.653 D/SensorService( 9363): ControllerProvider: Successfully set tx power to 8, filter to 8
12-07 15:27:18.654 D/ControllerManagement( 9339): RemoteService::recordControllerStatusUpdate: device 402c25cbf028a4e8: status: CONNECTED_ACTIVE tracking: NONE, errors: --
12-07 15:27:18.655 I/SyncBossHAL( 9363): [info   ] pulsar_manager.c(327): Setting transmit power for all connected controllers to 8 dBm
12-07 15:27:18.655 D/SensorService( 9363): Found paired controllers: 2
12-07 15:27:18.655 D/SensorService( 9363): Syncboss input 402c25cbf028a4e8 hardware type 6, subtype 2, revision 0x10
12-07 15:27:18.655 I/SensorService( 9363): preparePairedControllerInfo is adding device with valid 1
12-07 15:27:18.655 D/SensorService( 9363): Syncboss input f343f271512a1feb hardware type 6, subtype 1, revision 
12-07 15:27:18.655 I/SensorService( 9363): preparePairedControllerInfo is adding device with valid 1
12-07 15:27:18.655 D/ControllerManagement( 9339): processStateChange([PairedControllerInfo RUBY f343f271512a1feb disconnected detached update-required mcnt=2])
12-07 15:27:18.657 I/SyncBossHAL( 9363): [info   ] pulsar_manager.c(327): Setting filter transmit power for all connected controllers to 8 dBm
12-07 15:27:18.657 D/SensorService( 9363): Found paired controllers: 2
12-07 15:27:18.657 D/SensorService( 9363): Syncboss input 402c25cbf028a4e8 hardware type 6, subtype 2, revision 0x10
12-07 15:27:18.657 I/SensorService( 9363): preparePairedControllerInfo is adding device with valid 1
12-07 15:27:18.657 D/SensorService( 9363): Syncboss input f343f271512a1feb hardware type 6, subtype 1, revision 
12-07 15:27:18.657 I/SensorService( 9363): preparePairedControllerInfo is adding device with valid 1
12-07 15:27:18.658 D/CompatibilityChangeReporter( 1971): Compat change id reported: 171306433; UID 1000; state: ENABLED
12-07 15:27:18.658 D/CompatibilityChangeReporter( 1971): Compat change id reported: 218533173; UID 1000; state: ENABLED
12-07 15:27:18.620 I/input   (    0): Device 0x402C25CBF028A4E8 as /devices/virtual/input/input71
12-07 15:27:18.660 D/SensorService( 9363): Found paired controllers: 2
12-07 15:27:18.660 D/SensorService( 9363): Syncboss input 402c25cbf028a4e8 hardware type 6, subtype 2, revision 0x10
12-07 15:27:18.660 I/SensorService( 9363): preparePairedControllerInfo is adding device with valid 1
12-07 15:27:18.660 D/SensorService( 9363): Syncboss input f343f271512a1feb hardware type 6, subtype 1, revision 
12-07 15:27:18.660 I/SensorService( 9363): preparePairedControllerInfo is adding device with valid 1
12-07 15:27:18.660 D/TrackingService( 9368): Creating RemoteConstellationTrackedDevice
12-07 15:27:18.660 I/TrackingService( 9368): Registering primary controller 402c25cbf028a4e8 in RIGHT slot
12-07 15:27:18.660 D/ControllerManagement( 9339): RemoteService::recordControllerStatusUpdate: device 402c25cbf028a4e8: status: CONNECTED_ACTIVE tracking: NONE, errors: --
12-07 15:27:18.660 D/TrackingService( 9368): registerRemote: 402c25cbf028a4e8
12-07 15:27:18.665 W/TrackingService( 9368): trying to start depth stream when 3-way OCal is not enabled
12-07 15:27:18.667 D/ControllerManagement( 9339): RemoteService::recordControllerStatusUpdate: device 402c25cbf028a4e8: status: CONNECTED_ACTIVE tracking: NONE, errors: --
12-07 15:27:18.669 E/VolumetricWindowManagerServiceBase( 1971): Apply window change transaction with no window: windowToken = VolumetricWindowToken { scope = 1, token = horizonos.view.VolumetricWindowToken$InternalVolumetricToken@793bff5, persistableToken = 1f30ced6-ecb8-49cc-ad68-f434c3e72743 }
12-07 15:27:18.671 D/DisplayManagerService( 1971): Ignore redundant display event 0/2 to 10079/25425
12-07 15:27:18.671 D/DisplayManagerService( 1971): Ignore redundant display event 0/2 to 10049/32634
12-07 15:27:18.699 I/SyncBossInput( 9363): [info   ] [ruby (right) 402c25cbf028a4e8]: 15483687 [info   ] {THDG}: active_connected -> active_seek
12-07 15:27:18.712 I/SyncBossHAL( 9363): [info   ] syncboss_hal_input_controller.c(186): Controller 402c25cbf028a4e8 battery level changed: 0% -> 70%
12-07 15:27:18.713 D/SensorService( 9363): Syncboss input 402c25cbf028a4e8 hardware type 6, subtype 2, revision 0x10
12-07 15:27:18.713 I/SensorService( 9363): preparePairedControllerInfo is adding device with valid 1
12-07 15:27:18.713 D/SensorService( 9363): Syncboss input f343f271512a1feb hardware type 6, subtype 1, revision 
12-07 15:27:18.713 I/SensorService( 9363): preparePairedControllerInfo is adding device with valid 1
12-07 15:27:18.714 D/SensorService( 9363): stateChangeNotifierFunc(): Reporting controller info. Change token: 82, paired=2 connected=1
12-07 15:27:18.714 D/ControllerManagement( 9339): processStateChange([PairedControllerInfo RUBY 402c25cbf028a4e8 connected detached mcnt=2])
12-07 15:27:18.715 D/SensorService( 9363): Found paired controllers: 2
12-07 15:27:18.715 D/SensorService( 9363): Syncboss input 402c25cbf028a4e8 hardware type 6, subtype 2, revision 0x10
12-07 15:27:18.716 I/SensorService( 9363): preparePairedControllerInfo is adding device with valid 1
12-07 15:27:18.716 D/SensorService( 9363): Syncboss input f343f271512a1feb hardware type 6, subtype 1, revision 
12-07 15:27:18.716 I/SensorService( 9363): preparePairedControllerInfo is adding device with valid 1
12-07 15:27:18.717 D/ControllerManagement( 9339): processStateChange([PairedControllerInfo RUBY f343f271512a1feb disconnected detached update-required mcnt=2])
12-07 15:27:18.718 D/SensorService( 9363): Found paired controllers: 2
12-07 15:27:18.718 D/SensorService( 9363): Syncboss input 402c25cbf028a4e8 hardware type 6, subtype 2, revision 0x10
12-07 15:27:18.718 I/SensorService( 9363): preparePairedControllerInfo is adding device with valid 1
12-07 15:27:18.718 D/SensorService( 9363): Syncboss input f343f271512a1feb hardware type 6, subtype 1, revision 
12-07 15:27:18.718 I/SensorService( 9363): preparePairedControllerInfo is adding device with valid 1
12-07 15:27:18.741 I/SyncBossInput( 9363): [info   ] [ruby (right) 402c25cbf028a4e8]: 15513751 [info   ] {INPM}: Input MCU put to sleep
12-07 15:27:18.787 I/SyncBossInput( 9363): [info   ] [ruby (right) 402c25cbf028a4e8]: 15513751 [info   ] {THDG}: active_seek -> inactive_seek
12-07 15:27:18.822 D/TrackingService( 9368): [HANDTRACKINGGLUE] resumeCapability
12-07 15:27:18.822 D/CameraStream( 9363): [hand] Client [Hand(9368)] attempting start
12-07 15:27:18.824 I/FrameSetDispatcher( 9363): [{WT:RAW10}] Client pid=9368 (Hand): Client thread[{WT:RAW10}:Hand] started
12-07 15:27:18.824 I/CameraClientManager( 9363): [Hand(9368)][hand] client started (estimated 1 started clients total)
12-07 15:27:18.824 I/CameraClientManager( 9363): [[Hand(9368)][hand]] definitely starting stream
12-07 15:27:18.824 I/SensorService( 9363): [worldTracking] Starting cameras for purpose hand
12-07 15:27:18.824 I/FrameSetCollator( 9363): [{WT:RAW10}] Skipping start, current start count: 3
12-07 15:27:18.824 I/SensorService( 9363): [worldTracking] Starting camera streams for purpose: hand, current muxmode = 8
12-07 15:27:18.824 I/CameraClientManager( 9363): [[Hand(9368)][hand]] stream start completed
12-07 15:27:18.824 D/CameraStream( 9363): [hand] Client [Hand(9368)]: start complete
12-07 15:27:18.840 D/SensorDataTransforms( 9368): [hand:hand] Erased 1 stale entries from the staged mux states for worldTracking.
12-07 15:27:18.840 I/TrackingService( 9368): [hand:hand] Configuration update starting
12-07 15:27:18.840 I/TrackingService( 9368): [hand:hand] Configuration update done
12-07 15:27:18.840 I/TrackingService( 9368): [hand:hand] Finish configuration update starting
12-07 15:27:18.851 I/SyncBossInput( 9363): [info   ] [ruby (right) 402c25cbf028a4e8]: 15792576 [info   ] {APP }: [rate_lim=1000] Waking from inactive_seek due to WOM
12-07 15:27:18.866 D/TrackingService( 9368): 402c25cbf028a4e8: isControllerInHand(139157.55s): 1 ctEnabled: 0 btnPress: 1 *btnOrTpdTouch: 0 *btnOrTpdProx: 0 thbstkOffCenter(139157.55s): 1 
12-07 15:27:18.866 D/TrackingService( 9368): [HANDTRACKING] Controller 402c25cbf028a4e8 in hand: Y, valid: Y
12-07 15:27:18.866 D/ControllerManagement( 9339): RemoteService::recordControllerStatusUpdate: device 402c25cbf028a4e8: status: CONNECTED_ACTIVE tracking: NONE, errors: --
12-07 15:27:18.869 W/FrameSetDispatcher( 9363): [{WT:RAW10}] Client pid=9368 (Hand): client is taking longer than 33ms to return FrameSets (1x in the past 0.046s)
12-07 15:27:18.903 I/SyncBossInput( 9363): [info   ] [ruby (right) 402c25cbf028a4e8]: 15792732 [info   ] {IRLD}: IR LED configured: p=66664, ot=19, d=26453
12-07 15:27:18.919 I/TrackingService( 9368): [hand:hand] Finish configuration update done
12-07 15:27:18.919 D/TrackingService( 9368): [hand]end onMuxStateUpdate. ModeId: lowLightController -> lowLightHands
12-07 15:27:18.919 I/TrackingService( 9368): [                       hand:hand] Mux Mode Transition from sensor service: lowLightController -> lowLightHands transition time: 721 ms
12-07 15:27:18.947 I/SyncBossInput( 9363): [info   ] [ruby (right) 402c25cbf028a4e8]: 15792788 [info   ] {THDG}: inactive_seek -> active_connected
12-07 15:27:19.011 I/SyncBossInput( 9363): [info   ] [ruby (right) 402c25cbf028a4e8]: 15792865 [info   ] {INPM}:       0 [info   ] {MAIN}: v85.35.37,reg=0x7000a
12-07 15:27:19.072 I/SyncBossInput( 9363): [info   ] [ruby (right) 402c25cbf028a4e8]: 15792865 [info   ] {INPM}:       0 [info   ] {MAIN}: Reset reason: RESET_PIN 
12-07 15:27:19.119 I/keystore2(  565): system/security/keystore2/src/watchdog.rs:319 - Watchdog thread idle -> terminating. Have a great day.
12-07 15:27:19.131 I/SyncBossInput( 9363): [info   ] [ruby (right) 402c25cbf028a4e8]: 15792866 [info   ] {INPM}:       0 [info   ] {BOD }: BOD lev=7,reg=0x7000aIN 
12-07 15:27:19.326 I/TrackingFidelityService( 9367): Request(s)={pt_display_sync:5,}
12-07 15:27:19.326 W/TrackingFidelityService( 9367): Fidelity data undefined in catalog for enabling feature like pt_display_sync. 4 similar misses.
12-07 15:27:19.326 I/TrackingFidelityService( 9367): Request(s)={pt_display_sync:5,mr_passthrough:3,hyperscape_room_scanning:0,isp_foveation:5,low_latency_pt:5,}, Mux mode idx=2, name=defaultDisplay, score=-2980
12-07 15:27:19.326 I/TrackingFidelityService( 9367): beginTransition[color]: default(1)->defaultDisplay(2)
12-07 15:27:19.326 I/TrackingFidelityService( 9367): _applyMuxModeLockedInternal: Applying camera mux mode defaultDisplay via requestFeaturesWithFidelitiesLocked
12-07 15:27:19.326 I/SensorService( 9363): [color] Setting camera mux mode to 2
12-07 15:27:19.326 I/SensorService( 9363): updating CameraStream mux states
12-07 15:27:19.328 I/SensorDataTransforms( 9368): [iot:ocal] Staging mux mode updates for {color: ind-2, seqId-151},
12-07 15:27:19.328 I/SensorDataTransforms( 9368): [iot:ocal] Signaling start of the mode transition
12-07 15:27:19.328 I/TrackingService( 9368): [iot:ocal] Start configuration update starting
12-07 15:27:19.328 I/TrackingService( 9368): [iot:ocal] Start configuration update done
12-07 15:27:19.328 I/SensorDataTransforms( 9368): [iot:ocal] Mux mode updates successfully staged
12-07 15:27:19.328 D/TrackingService( 9368): [iot:ocal]Queue mux mode update notification: defaultDisplay
12-07 15:27:19.328 D/TrackingService( 9368): [ocal]start onMuxStateUpdate. ModeId: default -> defaultDisplay
12-07 15:27:19.328 D/TrackingService( 9368): [iot][ocal]handleMuxModeNotification started for muxMode[color: defaultDisplay]
12-07 15:27:19.328 D/TrackingService( 9368): [iot][ocal]handleMuxModeNotification finished for muxMode[color: defaultDisplay]
12-07 15:27:19.328 D/TrackingService( 9368): [ocal]end onMuxStateUpdate. ModeId: default -> defaultDisplay
12-07 15:27:19.328 I/TrackingService( 9368): [                        iot:ocal] Mux Mode Transition from sensor service: default -> defaultDisplay transition time: 0 ms
12-07 15:27:19.329 I/SensorDataTransforms( 9365): [CameraStreamControl:cam2bridge] Staging mux mode updates for {color: ind-2, seqId-151},
12-07 15:27:19.329 I/SensorDataTransforms( 9365): [CameraStreamControl:cam2bridge] Mux mode updates succesfully staged
12-07 15:27:19.329 I/SensorService( 9363): ending update to CameraStream mux states
12-07 15:27:19.329 I/FrameSetCollator( 9363): [{COL:FOVPR}] Updated frame set period to 13888000, with all camera system activeSlots [[T,]]
12-07 15:27:19.329 I/FrameSetDispatcher( 9363): [{COL:FOVPR}] Client pid=1157 (MrSSCamS): [color] Updated CameraMuxMode: 2, Slots: SLOT_0 
12-07 15:27:19.329 I/FrameSetDispatcher( 9363): [{COL:FOVPR}] Client pid=9368 (IOT): [color] Updated CameraMuxMode: 2, Slots: SLOT_0 
12-07 15:27:19.329 I/FrameSetDispatcher( 9363): [{COL:FOVPR}] Latest MuxModeSettings: 2
12-07 15:27:19.329 I/FrameSetDispatcher( 9363): [{COL:FOVPR}] purpose: active_slots, slots: SLOT_0 
12-07 15:27:19.329 I/FrameSetDispatcher( 9363): [{COL:FOVPR}] purpose: cam2bridge, slots: SLOT_0 
12-07 15:27:19.329 I/FrameSetDispatcher( 9363): [{COL:FOVPR}] purpose: ocal, slots: SLOT_0 
12-07 15:27:19.329 I/FrameSetDispatcher( 9363): [{COL:FOVPR}] purpose: passthrough, slots: SLOT_0 
12-07 15:27:19.329 I/SensorDataTransforms( 1157): [MrStreamControl:passthrough] Staging mux mode updates for {color: ind-2, seqId-151},
12-07 15:27:19.329 I/SensorDataTransforms( 1157): [MrStreamControl:passthrough] Signaling start of the mode transition
12-07 15:27:19.330 I/SensorDataTransforms( 1157): [MrStreamControl:passthrough] Mux mode updates successfully staged
12-07 15:27:19.333 I/SyncBossFW(  879): 86288162 [info   ] {GCM }: general_cam_mgr_stop_streaming for cameras 0x30
12-07 15:27:19.332 I/SensorService( 9363): Active camera ids set to: []
12-07 15:27:19.334 I/ColorCameraSystem( 9363): [color] Switch to display rate sync mode (72.000 Hz).
12-07 15:27:19.336 I/ColorCameraSystem( 9363): [color] Set camera sync mode to display
12-07 15:27:19.336 I/SyncBossFW(  879): 86288166 [info   ] {BRGB}: Enabling display sync mode
12-07 15:27:19.340 W/SensorService( 9363): received frame for disabled cam5
12-07 15:27:19.300 I/[drm:dsi_display_set_mode [msm_drm]] [msm-dsi-info](    0): mdp_transfer_time=0, hactive=4128, vactive=2208, fps=72, clk_rate=0
12-07 15:27:19.341 I/SensorService( 9363): Active camera ids set to: [4,5]
12-07 15:27:19.341 W/SensorService( 9363): [color] Skipped updateSyncbossFrameTag - no updater or override provided
12-07 15:27:19.341 I/TrackingFidelityService( 9367): endTransition[color]: default(1)->defaultDisplay(2), seqId=151, succeeded=true
12-07 15:27:19.343 E/SyncBossHAL( 9363): [error  ] syncboss_hal_impl_camera_v2_metadata.c(380): Failed to match frame for syncbossCamId 16 to recent shutter packet: queue is empty
12-07 15:27:19.343 E/SyncBossHAL( 9363): [error  ] syncboss_hal_impl_camera_v2_metadata.c(1401): Failed to match imx471 frame to timestamp packet. cam_id: 16, tag: 3
12-07 15:27:19.343 E/SensorService( 9363): SyncbossCameraController::getFrameMetadata(syncbossCamId: 16): rc: -1.
12-07 15:27:19.343 E/SensorService( 9363): failed to handle frame metadata for cam 4 streamType 10, dropping frame!
12-07 15:27:19.344 I/DisplayDeviceRepository( 1971): Display device changed: DisplayDeviceInfo{"Built-in Screen": uniqueId="local:4630946970282026130", 4128 x 2208, modeId 50, renderFrameRate 72.00001, defaultModeId 1, supportedModes [{id=1, width=4128, height=2208, fps=90.0, alternativeRefreshRates=[], supportedHdrTypes=[1, 2, 3]}, {id=2, width=3104, height=1664, fps=90.0, alternativeRefreshRates=[], supportedHdrTypes=[1, 2, 3]}, {id=3, width=4128, height=2208, fps=120.00001, alternativeRefreshRates=[], supportedHdrTypes=[1, 2, 3]}, {id=4, width=4128, height=2208, fps=119.00001, alternativeRefreshRates=[], supportedHdrTypes=[1, 2, 3]}, {id=5, width=4128, height=2208, fps=118.0, alternativeRefreshRates=[], supportedHdrTypes=[1, 2, 3]}, {id=6, width=4128, height=2208, fps=117.00001, alternativeRefreshRates=[], supportedHdrTypes=[1, 2, 3]}, {id=7, width=4128, height=2208, fps=116.00001, alternativeRefreshRates=[], supportedHdrTypes=[1, 2, 3]}, {id=8, width=4128, height=2208, fps=115.0, alternativeRefreshRates=[], supportedHdrTypes=[1, 2, 3]}, {id=9, width=4128, height=2208, fps=114.00001, alternativeRefreshRates=[], supportedHdrTypes=[1, 2, 3]}, {id=10, width=4128, height=2208, fps=113.00001, alternativeRefreshRates=[], supportedHdrTypes=[1, 2, 3]}, {id=11, width=4128, height=2208, fps=112.00001, alternativeRefreshRates=[], supportedHdrTypes=[1, 2, 3]}, {id=12, width=4128, height=2208, fps=111.0, alternativeRefreshRates=[], supportedHdrTypes=[1, 2, 3]}, {id=13, width=4128, height=2208, fps=110.0, alternativeRefreshRates=[], supportedHdrTypes=[1, 2, 3]}, {id=14, width=4128, height=2208, fps=109.00001, alternativeRefreshRates=[], supportedHdrTypes=[1, 2, 3]}, {id=15, width=4128, height=2208, fps=108.0, alternativeRefreshRates=[], supportedHdrTypes=[1, 2, 3]}, {id=16, width=4128, height=2208, fps=107.00001, alternativeRefreshRates=[], supportedHdrTypes=[1, 2, 3]}, {id=17, width=4128, height=2208, fps=106.0, alternativeRefreshRates=[], supportedHdrTypes=[1, 2, 3]}, {id=18, width=4128, height=2208, fps=105.00001, alternativeRefreshRates=[], supportedHdrTypes=[1, 2, 3]}, {id=19, width=4128, height=2208, fps=104.00001, alternativeRefreshRates=[], supportedHdrTypes=[1, 2, 3]}, {id=20, width=4128, height=2208, fps=103.00001, alternativeRefreshRates=[], supportedHdrTypes=[1, 2, 3]}, {id=21, width=4128, height=2208, fps=102.00001, alternativeRefreshRates=[], supportedHdrTypes=[1, 2, 3]}, {id=22, width=4128, height=2208, fps=101.0, alternativeRefreshRates=[], supportedHdrTypes=[1, 2, 3]}, {id=23, width=4128, height=2208, fps=100.0, alternativeRefreshRates=[], supportedHdrTypes=[1, 2, 3]}, {id=24, width=4128, height=2208, fps=99.0, alternativeRefreshRates=[], supportedHdrTypes=[1, 2, 3]}, {id=25, width=4128, height=2208, fps=98.00001, alternativeRefreshRates=[], supportedHdrTypes=[1, 2, 3]}, {id=26, width=4128, height=2208, fps=97.0, alternativeRefreshRates=[], supportedHdrTypes=[1, 2, 3]}, {id=27, width=4128, height=2208, fps=96.00001, alternativeRefreshRates=[], supportedHdrTypes=[1, 2, 3]}, {id=28, width=4128, height=2208, fps=95.00001, alternativeRefreshRates=[], supportedHdrTypes=[1, 2, 3]}, {id=29, width=4128, height=2208, fps=94.00001, alternativeRefreshRates=[], supportedHdrTypes=[1, 2, 3]}, {id=30, width=4128, height=2208, fps=93.0, alternativeRefreshRates=[], supportedHdrTypes=[1, 2, 3]}, {id=31, width=4128, height=2208, fps=92.0, alternativeRefreshRates=[], supportedHdrTypes=[1, 2, 3]}, {id=32, width=4128, height=2208, fps=91.00001, alternativeRefreshRates=[], supportedHdrTypes=[1, 2, 3]}, {id=33, width=4128, height=2208, fps=89.0, alternativeRefreshRates=[], supportedHdrTypes=[1, 2, 3]}, {id=34, width=4128, height=2208, fps=88.0, alternativeRefreshRates=[], supportedHdrTypes=[1, 2, 3]}, {id=35, width=4128, height=2208, fps=87.00001, alternativeRefreshRates=[], supportedHdrTypes=[1, 2, 3]}, {id=36, width=4128, height=2208, fps=86.00001, alternativeRefreshRates=[], supportedHdrTypes=[1, 2, 3]}, {id=37, width=4128, height=2208, fps=85.00001, alternativeRefreshRates=[], supportedHdrTypes=[1, 2, 3]}, {id=38, width=4128, height=
12-07 15:27:19.348 D/DisplayManagerService( 1971): Ignore redundant display event 0/2 to 10079/25425
12-07 15:27:19.348 D/DisplayManagerService( 1971): Ignore redundant display event 0/2 to 10049/32634
12-07 15:27:19.345 I/SyncBossFW(  879): 86288168 [info   ] {GCM }: general_cam_mgr_set_frame_rate_config cams 0x30 period 13888us
12-07 15:27:19.350 I/SyncBossFW(  879): 86288172 [info   ] {GCM }: general_cam_mgr_start_streaming for cameras 0x30
12-07 15:27:19.366 I/libsensortelemetry( 9363): Updating camera metrics frame period from 16666 to 13888
12-07 15:27:19.370 E/FrameSetCollator( 9363): [{COL:FOVPR}] 1 FrameSets had unexpected timestamps (in the last 1605.64ms). Ex: slot 0 86288141.470ms -> 86288185.558ms (observed period: 44.088ms, expected period: 13.888ms (30.200ms))
12-07 15:27:19.373 I/FrameSetDispatcher( 9363): [{COL:FOVPR}] 1 older Mux Mode settings are removed.
12-07 15:27:19.373 I/FrameSetDispatcher( 9363): [{COL:FOVPR}] Client pid=9368 (IOT): Remove old Mux Mode 1: slot indices: SLOT_0 
12-07 15:27:19.373 I/FrameSetDispatcher( 9363): [{COL:FOVPR}] Client pid=1157 (MrSSCamS): Remove old Mux Mode 1: slot indices: SLOT_0 
12-07 15:27:19.374 I/TrackingService( 9368): [iot:ocal] Configuration update starting
12-07 15:27:19.374 I/TrackingService( 9368): [iot:ocal] Configuration update done
12-07 15:27:19.374 I/TrackingService( 9368): [iot:ocal] Finish configuration update starting
12-07 15:27:19.375 I/TrackingService( 9368): [iot:ocal] Finish configuration update done
12-07 15:27:19.375 D/TrackingService( 9368): IOT not starting color stream while color stream is already active.
12-07 15:27:19.375 W/TrackingService( 9368): trying to start depth stream when 3-way OCal is not enabled
12-07 15:27:19.424 D/ControllerManagement( 9339): RemoteService::recordControllerStatusUpdate: device 402c25cbf028a4e8: status: CONNECTED_ACTIVE tracking: NONE, errors: --
12-07 15:27:19.909 W/healthd (    0): battery l=100 v=4313 t=35.0 h=2 st=5 c=-84596 fc=4820000 cc=17 chg=a
12-07 15:27:20.278 W/AppOps  ( 1971): Noting op not finished: uid 10053 pkg com.oculus.vrshell code 140 startTime of in progress event=1765150039312
12-07 15:27:20.320 W/NotificationHistory( 1971): Attempted to add notif for locked/gone/disabled user 0
12-07 15:27:20.403 I/DisplayDeviceRepository( 1971): Display device changed: DisplayDeviceInfo{"MirrorRoot for 554da8b2-df3a-4057-9260-2365d3e188ed": uniqueId="virtual:android,1000,MirrorRoot for 554da8b2-df3a-4057-9260-2365d3e188ed,0", 688 x 100, modeId 1453, renderFrameRate 60.0, defaultModeId 1453, supportedModes [{id=1453, width=688, height=100, fps=60.0, alternativeRefreshRates=[], supportedHdrTypes=[]}], colorMode 0, supportedColorModes [0], hdrCapabilities null, allmSupported false, gameContentTypeSupported false, density 200, 200.0 x 200.0 dpi, appVsyncOff 0, presDeadline 16666666, touch NONE, rotation 0, type VIRTUAL, deviceProductInfo null, state ON, committedState UNKNOWN, owner android (uid 1000), frameRateOverride , brightnessMinimum 0.0, brightnessMaximum 0.0, brightnessDefault 0.0, hdrSdrRatio NaN, FLAG_SECURE, FLAG_SUPPORTS_PROTECTED_BUFFERS, FLAG_OWN_CONTENT_ONLY, FLAG_DESTROY_CONTENT_ON_REMOVAL, installOrientation 0, displayShape DisplayShape{ spec=1155992187 displayWidth=688 displayHeight=100 physicalPixelDisplaySizeRatio=1.0 rotation=0 offsetX=0 offsetY=0 scale=1.0}}
12-07 15:27:20.405 D/DisplayManagerService( 1971): Ignore redundant display event 6/2 to 10079/25425
12-07 15:27:20.405 D/DisplayManagerService( 1971): Ignore redundant display event 6/2 to 10049/32634
12-07 15:27:20.406 I/WindowManager( 1971): Override config changes=20000d80 {0.0 ?mcc0mnc ?localeList ?layoutDir sw80dp w550dp h80dp 200dpi nrml long land ?uimode ?night -touch -keyb/v/h -nav/h winConfig={ mBounds=Rect(0, 0 - 688, 100) mAppBounds=Rect(0, 0 - 688, 100) mMaxBounds=Rect(0, 0 - 688, 100) mDisplayRotation=ROTATION_0 mWindowingMode=fullscreen mDisplayWindowingMode=fullscreen mActivityType=undefined mAlwaysOnTop=undefined mRotation=ROTATION_0} ?fontWeightAdjustment} for displayId=6
12-07 15:27:20.410 V/WindowManager( 1971): Content Recording: Display 6 state is now (2), so update recording?
12-07 15:27:20.411 V/WindowManager( 1971): Content Recording: Display 6 state is now (2), so update recording?
12-07 15:27:20.441 E/FrameSetCollator( 9363): [{COL:FOVPR}] 10 FrameSets had unexpected timestamps (in the last 1071.71ms). Ex: slot 0 86289246.509ms -> 86289260.454ms (observed period: 13.945ms, expected period: 13.888ms (0.057ms))
12-07 15:27:20.444 E/libsensortelemetry( 9363): imu samples delayed: 5240294ns capture to arrival (ERS limit: 3500000ns)
12-07 15:27:20.546 E/libsensortelemetry( 9368): imu_iot samples delayed: 5318783ns capture to arrival (ERS limit: 3500000ns)
12-07 15:27:20.795 I/SyncBossHAL( 9363): [info   ] syncboss_hal_impl_input.c(1239): Pulsar connected devices state change: 44, host current time: 139159477ms
12-07 15:27:20.795 I/SyncBossHAL( 9363): [info   ] pulsar_input_cache.c(893): Refreshing input cache
12-07 15:27:20.797 I/SyncBossHAL( 9363): [info   ] pulsar_input_cache.c(609): Enumerating f343f271512a1feb
12-07 15:27:20.798 I/SyncBossFW(  879): 86289626 [info   ] {WIHO}: Pulsar dev connected f343f271512a1feb t: 86289626ms, (type: 10001601, connection id: 0x2c, cl version: 2)
12-07 15:27:20.810 I/SyncBossHAL( 9363): [info   ] pulsar_input_cache.c(576): Enumerating device version: 85.35.37
12-07 15:27:20.821 I/WorldManagerService( 1971): Added World 9351906201599529 to the recent worlds stack
12-07 15:27:20.821 I/WorldManagerService( 1971): Setting active world with ID: 9351906201599529 and tpye: 1
12-07 15:27:20.822 D/ActivityManager( 1971): sync unfroze 14155 com.oculus.remotedesktop:RemoteDesktop for 3
12-07 15:27:20.867 I/SyncBossHAL( 9363): [info   ] pulsar_input_cache.c(719): Cache populated for device f343f271512a1feb
12-07 15:27:20.867 I/SyncBossHAL( 9363): [info   ] pulsar_input_cache.c(286): Finished getting cache data for controller
12-07 15:27:20.867 I/SyncBossHAL( 9363):     id            : f343f271512a1feb
12-07 15:27:20.867 I/SyncBossHAL( 9363):     pulsar_type   : 0x10001601
12-07 15:27:20.867 I/SyncBossHAL( 9363):     connection id : 0x2c
12-07 15:27:20.867 I/SyncBossHAL( 9363):     fw ver        : 85.35.37
12-07 15:27:20.867 I/SyncBossHAL( 9363):     spl ver       : 1.5.11
12-07 15:27:20.867 I/SyncBossHAL( 9363):     serial        : 2G0YYJ2F7Q0317
12-07 15:27:20.867 I/SyncBossHAL( 9363):     handedness    : left
12-07 15:27:20.867 I/SyncBossHAL( 9363):     battery state : 80%
12-07 15:27:20.867 I/SyncBossHAL( 9363): [info   ] pulsar_input_cache.c(909): Cache refresh complete in 72ms
12-07 15:27:20.867 I/SyncBossHAL( 9363): [info   ] pulsar_manager.c(180): Setting controller ID 402c25cbf028a4e8 LED config to period: 66664us, on-time: 19us, delay: 26453us
12-07 15:27:20.869 D/SensorService( 9363): Syncboss input 402c25cbf028a4e8 hardware type 6, subtype 2, revision 0x10
12-07 15:27:20.869 I/SensorService( 9363): preparePairedControllerInfo is adding device with valid 1
12-07 15:27:20.869 D/SensorService( 9363): Syncboss input f343f271512a1feb hardware type 6, subtype 1, revision 0x10
12-07 15:27:20.869 I/SensorService( 9363): preparePairedControllerInfo is adding device with valid 1
12-07 15:27:20.869 D/SensorService( 9363): stateChangeNotifierFunc(): Reporting controller info. Change token: 83, paired=2 connected=2
12-07 15:27:20.869 D/ControllerManagement( 9339): processStateChange([PairedControllerInfo RUBY 402c25cbf028a4e8 connected detached mcnt=2])
12-07 15:27:20.871 D/SensorService( 9363): Found paired controllers: 2
12-07 15:27:20.871 D/SensorService( 9363): Syncboss input 402c25cbf028a4e8 hardware type 6, subtype 2, revision 0x10
12-07 15:27:20.871 I/SensorService( 9363): preparePairedControllerInfo is adding device with valid 1
12-07 15:27:20.871 D/SensorService( 9363): Syncboss input f343f271512a1feb hardware type 6, subtype 1, revision 0x10
12-07 15:27:20.871 I/SensorService( 9363): preparePairedControllerInfo is adding device with valid 1
12-07 15:27:20.871 D/ControllerManagement( 9339): processStateChange([PairedControllerInfo RUBY f343f271512a1feb connected detached mcnt=2])
12-07 15:27:20.872 I/ControllerManagement( 9339): ControllerGlue: f343f271512a1feb: boostControllerTxPower: controllerType=RUBY, countryCode=US, txPower=8
12-07 15:27:20.872 D/SensorService( 9363): ControllerProvider: Successfully set tx power to 8, filter to 8
12-07 15:27:20.872 I/SyncBossHAL( 9363): [info   ] pulsar_manager.c(180): Setting controller ID f343f271512a1feb LED config to period: 66664us, on-time: 19us, delay: 26453us
12-07 15:27:20.873 D/ControllerManagement( 9339): RemoteService::recordControllerStatusUpdate: device f343f271512a1feb: status: CONNECTED_ACTIVE tracking: NONE, errors: --
12-07 15:27:20.874 D/SensorService( 9363): Found paired controllers: 2
12-07 15:27:20.874 D/SensorService( 9363): Syncboss input 402c25cbf028a4e8 hardware type 6, subtype 2, revision 0x10
12-07 15:27:20.874 I/SensorService( 9363): preparePairedControllerInfo is adding device with valid 1
12-07 15:27:20.874 D/SensorService( 9363): Syncboss input f343f271512a1feb hardware type 6, subtype 1, revision 0x10
12-07 15:27:20.874 I/SensorService( 9363): preparePairedControllerInfo is adding device with valid 1
12-07 15:27:20.836 I/input   (    0): Device 0xF343F271512A1FEB as /devices/virtual/input/input72
12-07 15:27:20.876 D/SensorService( 9363): Found paired controllers: 2
12-07 15:27:20.876 D/SensorService( 9363): Syncboss input 402c25cbf028a4e8 hardware type 6, subtype 2, revision 0x10
12-07 15:27:20.876 I/SensorService( 9363): preparePairedControllerInfo is adding device with valid 1
12-07 15:27:20.876 D/SensorService( 9363): Syncboss input f343f271512a1feb hardware type 6, subtype 1, revision 0x10
12-07 15:27:20.876 I/SensorService( 9363): preparePairedControllerInfo is adding device with valid 1
12-07 15:27:20.876 D/TrackingService( 9368): Creating RemoteConstellationTrackedDevice
12-07 15:27:20.876 I/TrackingService( 9368): Registering primary controller f343f271512a1feb in LEFT slot
12-07 15:27:20.877 D/ControllerManagement( 9339): RemoteService::recordControllerStatusUpdate: device f343f271512a1feb: status: CONNECTED_ACTIVE tracking: NONE, errors: --
12-07 15:27:20.877 D/TrackingService( 9368): registerRemote: f343f271512a1feb
12-07 15:27:20.877 I/SyncBossHAL( 9363): [info   ] pulsar_manager.c(327): Setting transmit power for all connected controllers to 8 dBm
12-07 15:27:20.879 I/SyncBossHAL( 9363): [info   ] pulsar_manager.c(327): Setting filter transmit power for all connected controllers to 8 dBm
12-07 15:27:20.896 D/ControllerManagement( 9339): RemoteService::recordControllerStatusUpdate: device f343f271512a1feb: status: CONNECTED_ACTIVE tracking: NONE, errors: --
12-07 15:27:20.916 I/SyncBossInput( 9363): [info   ] [ruby ( left) f343f271512a1feb]: 1943639 [info   ] {THDG}: active_connected -> active_seek
12-07 15:27:20.923 I/SyncBossInput( 9363): [info   ] [ruby (right) 402c25cbf028a4e8]: 15794941 [info   ] {IRLD}: IR LED configured: p=66664, ot=19, d=26453
12-07 15:27:20.929 I/SyncBossHAL( 9363): [info   ] syncboss_hal_input_controller.c(186): Controller f343f271512a1feb battery level changed: 0% -> 80%
12-07 15:27:20.932 D/SensorService( 9363): Syncboss input 402c25cbf028a4e8 hardware type 6, subtype 2, revision 0x10
12-07 15:27:20.932 I/SensorService( 9363): preparePairedControllerInfo is adding device with valid 1
12-07 15:27:20.932 D/SensorService( 9363): Syncboss input f343f271512a1feb hardware type 6, subtype 1, revision 0x10
12-07 15:27:20.932 I/SensorService( 9363): preparePairedControllerInfo is adding device with valid 1
12-07 15:27:20.934 D/SensorService( 9363): stateChangeNotifierFunc(): Reporting controller info. Change token: 84, paired=2 connected=2
12-07 15:27:20.935 D/ControllerManagement( 9339): processStateChange([PairedControllerInfo RUBY 402c25cbf028a4e8 connected detached mcnt=2])
12-07 15:27:20.941 D/CompatibilityChangeReporter( 1971): Compat change id reported: 175319604; UID 1000; state: ENABLED
12-07 15:27:20.942 D/CompatibilityChangeReporter( 1971): Compat change id reported: 195579280; UID 1000; state: ENABLED
12-07 15:27:20.943 D/SensorService( 9363): Found paired controllers: 2
12-07 15:27:20.943 D/SensorService( 9363): Syncboss input 402c25cbf028a4e8 hardware type 6, subtype 2, revision 0x10
12-07 15:27:20.943 I/SensorService( 9363): preparePairedControllerInfo is adding device with valid 1
12-07 15:27:20.943 D/SensorService( 9363): Syncboss input f343f271512a1feb hardware type 6, subtype 1, revision 0x10
12-07 15:27:20.943 I/SensorService( 9363): preparePairedControllerInfo is adding device with valid 1
12-07 15:27:20.943 D/ControllerManagement( 9339): processStateChange([PairedControllerInfo RUBY f343f271512a1feb connected detached mcnt=2])
12-07 15:27:20.944 D/SensorService( 9363): Found paired controllers: 2
12-07 15:27:20.944 D/SensorService( 9363): Syncboss input 402c25cbf028a4e8 hardware type 6, subtype 2, revision 0x10
12-07 15:27:20.944 I/SensorService( 9363): preparePairedControllerInfo is adding device with valid 1
12-07 15:27:20.944 D/SensorService( 9363): Syncboss input f343f271512a1feb hardware type 6, subtype 1, revision 0x10
12-07 15:27:20.944 I/SensorService( 9363): preparePairedControllerInfo is adding device with valid 1
12-07 15:27:20.945 W/LaunchInterceptorUtil( 1971): Package metadata is empty: com.oculus.mrds
12-07 15:27:20.946 W/LaunchInterceptorUtil( 1971): Package metadata is empty: com.oculus.mrds
12-07 15:27:20.947 W/LaunchInterceptorUtil( 1971): Package metadata is empty: com.oculus.mrds
12-07 15:27:20.947 W/LaunchInterceptorUtil( 1971): Package metadata is empty: com.oculus.mrds
12-07 15:27:20.950 I/ActivityTaskManager( 1971): START u0 {act=com.oculus.mrds.WINDOWS_APP_CONNECT_FLOW flg=0x18011000 pkg=com.oculus.mrds cmp=com.oculus.mrds/.msft.connectactivity.ConnectActivity} with LAUNCH_SINGLE_TASK from uid 10087 (BAL_ALLOW_VISIBLE_WINDOW) result code=0
12-07 15:27:20.956 I/SyncBossInput( 9363): [info   ] [ruby ( left) f343f271512a1feb]: 1973703 [info   ] {INPM}: Input MCU put to sleep
12-07 15:27:20.998 I/VolumetricWindowManagerServiceImpl( 1971): Handling SWMS response: launch into NEW_VOLUMETRIC_WINDOW VolumetricWindowPlacementResponse { volumetricToken = VolumetricWindowToken { scope = 1, token = horizonos.view.VolumetricWindowToken$InternalVolumetricToken@6a904bf, persistableToken = faaacdfe-af4d-4f08-b773-4c32ac2a2694 }, relativeSpaceToken = SpaceToken { binderToken = android.os.BinderProxy@8194805, persistableToken = 00000000-0000-0000-0000-000000000000 }, pose = Pose { orientation = Vector4f { x = 0.0, y = 0.0, z = 0.0, w = 1.0 }, position = Vector3f { x = 0.0, y = 0.0, z = 0.0 } }, bounds = Extent3f { width = 0.07207247, height = 0.0098424945, depth = 0.0 }, surfaceSize = 567x77, densityDpi = 200, visible = true } for launch request [ActivityInfo{488dade com.oculus.mrds.msft.connectactivity.ConnectActivity}](vrdesktop seq: 1)
12-07 15:27:20.998 W/VolumetricWindowManagerServiceImpl( 1971): Surface aspect ratio does not match spatial bounds aspect ratio. Surface: 7.3636365, Spatial bounds aspect: 7.322582, Spatial bounds: Extent3f { width = 0.07207247, height = 0.0098424945, depth = 0.0 }
12-07 15:27:20.999 I/VolumetricContainerPlacement( 1971): acquired ContainerPlacement{mId=8, mBounds=Rect(64000, 0 - 72000, 8000)}
12-07 15:27:21.000 I/SpaceManagerServiceImpl( 1971): addSpace done: userId = 0, spaceToken = SpaceToken { binderToken = horizonos.view.SpaceToken$InternalSpaceToken@23678c, persistableToken = 05e1b264-0f6e-46dc-acad-78f6c2aec03c }
12-07 15:27:21.001 I/SyncBossInput( 9363): [info   ] [ruby ( left) f343f271512a1feb]: 1973703 [info   ] {THDG}: active_seek -> inactive_seek
12-07 15:27:21.003 I/DisplayDeviceRepository( 1971): Display device added: DisplayDeviceInfo{"MirrorRoot for faaacdfe-af4d-4f08-b773-4c32ac2a2694": uniqueId="virtual:android,1000,MirrorRoot for faaacdfe-af4d-4f08-b773-4c32ac2a2694,0", 567 x 77, modeId 1454, renderFrameRate 60.0, defaultModeId 1454, supportedModes [{id=1454, width=567, height=77, fps=60.0, alternativeRefreshRates=[], supportedHdrTypes=[]}], colorMode 0, supportedColorModes [0], hdrCapabilities null, allmSupported false, gameContentTypeSupported false, density 200, 200.0 x 200.0 dpi, appVsyncOff 0, presDeadline 16666666, touch NONE, rotation 0, type VIRTUAL, deviceProductInfo null, state OFF, committedState UNKNOWN, owner android (uid 1000), frameRateOverride , brightnessMinimum 0.0, brightnessMaximum 0.0, brightnessDefault 0.0, hdrSdrRatio NaN, FLAG_SECURE, FLAG_SUPPORTS_PROTECTED_BUFFERS, FLAG_OWN_CONTENT_ONLY, FLAG_DESTROY_CONTENT_ON_REMOVAL, installOrientation 0, displayShape DisplayShape{ spec=-523945749 displayWidth=567 displayHeight=77 physicalPixelDisplaySizeRatio=1.0 rotation=0 offsetX=0 offsetY=0 scale=1.0}}
12-07 15:27:21.003 I/LogicalDisplayMapper( 1971): Applying layout: [{dispId: 0(ON), displayGroupName: , addr: {port=146, model=0x40446dbbd154e4}, mThermalBrightnessThrottlingMapId: null, mRefreshRateZoneId: null, mLeadDisplayId: -1, mThermalRefreshRateThrottlingMapId: null}], Previous layout: [{dispId: 0(ON), displayGroupName: , addr: {port=146, model=0x40446dbbd154e4}, mThermalBrightnessThrottlingMapId: null, mRefreshRateZoneId: null, mLeadDisplayId: -1, mThermalRefreshRateThrottlingMapId: null}]
12-07 15:27:21.003 I/LogicalDisplayMapper( 1971): Setting new display group 0 for display 1076, from previous group: null
12-07 15:27:21.004 I/LogicalDisplayMapper( 1971): Adding new display: 1076: DisplayInfo{"MirrorRoot for faaacdfe-af4d-4f08-b773-4c32ac2a2694", displayId 1076, displayGroupId 0, FLAG_SECURE, FLAG_SUPPORTS_PROTECTED_BUFFERS, real 567 x 77, largest app 567 x 77, smallest app 567 x 77, appVsyncOff 0, presDeadline 16666666, mode 145460.0, defaultMode 1454, modes [{id=1454, width=567, height=77, fps=60.0, alternativeRefreshRates=[], supportedHdrTypes=[]}], hdrCapabilities null, userDisabledHdrTypes [], minimalPostProcessingSupported false, rotation 0, state OFF, committedState UNKNOWN, type VIRTUAL, uniqueId "virtual:android,1000,MirrorRoot for faaacdfe-af4d-4f08-b773-4c32ac2a2694,0", app 567 x 77, density 200 (200.0 x 200.0) dpi, layerStack 1076, colorMode 0, supportedColorModes [0], deviceProductInfo null, owner android (uid 1000), removeMode 1, refreshRateOverride 0.0, brightnessMinimum 0.0, brightnessMaximum 0.0, brightnessDefault 0.0, installOrientation ROTATION_0, layoutLimitedRefreshRate null, hdrSdrRatio not_available, thermalRefreshRateThrottling {}, thermalBrightnessThrottlingDataId default}
12-07 15:27:21.004 W/BrightnessThrottler( 1971): DeviceConfig ThermalBrightnessThrottlingData is null
12-07 15:27:21.004 W/DisplayPowerController2[1076]( 1971): Screen brightness nits configuration is unavailable; falling back
12-07 15:27:21.007 V/DisplayPowerController2[1076]( 1971): Brightness [0.0] reason changing to: 'manual', previous reason: '0'.
12-07 15:27:21.007 I/DisplayPowerController2[1076]( 1971): BrightnessEvent: disp=1076, physDisp=virtual:android,1000,MirrorRoot for faaacdfe-af4d-4f08-b773-4c32ac2a2694,0, brt=0.0, initBrt=NaN, rcmdBrt=NaN, preBrt=NaN, lux=0.0, preLux=0.0, hbmMax=1.0, hbmMode=off, rbcStrength=-1, thrmMax=1.0, powerFactor=1.0, wasShortTermModelActive=false, flags=, reason=manual, autoBrightness=false, strategy=InvalidBrightnessStrategy
