12-07 13:08:16.376 E/TrackedObjectManager( 2832): Failed to start tracking keyboard object with error Status(-129, EX_TRANSACTION_FAILED): 'DEAD_OBJECT: '
12-07 13:08:16.390 E/TrackedObjectManager( 2832): Failed to connect to TrackedObjectService with error Status(-129, EX_TRANSACTION_FAILED): 'DEAD_OBJECT: '
12-07 13:08:16.390 W/OSDynamicObjectDataQuerier( 2832): Attempted to start tracking objects when tracker was already started
12-07 13:08:16.390 E/TrackedObjectManager( 2832): Failed to connect to TrackedObjectService with error Status(-129, EX_TRANSACTION_FAILED): 'DEAD_OBJECT: '
12-07 13:08:16.390 E/TrackedObjectManager( 2832): Failed to start tracking keyboard object with error Status(-129, EX_TRANSACTION_FAILED): 'DEAD_OBJECT: '
12-07 13:08:16.404 E/TrackedObjectManager( 2832): Failed to connect to TrackedObjectService with error Status(-129, EX_TRANSACTION_FAILED): 'DEAD_OBJECT: '
12-07 13:08:16.404 W/OSDynamicObjectDataQuerier( 2832): Attempted to start tracking objects when tracker was already started
12-07 13:08:16.404 E/TrackedObjectManager( 2832): Failed to connect to TrackedObjectService with error Status(-129, EX_TRANSACTION_FAILED): 'DEAD_OBJECT: '
12-07 13:08:16.404 E/TrackedObjectManager( 2832): Failed to start tracking keyboard object with error Status(-129, EX_TRANSACTION_FAILED): 'DEAD_OBJECT: '
12-07 13:08:16.418 E/TrackedObjectManager( 2832): Failed to connect to TrackedObjectService with error Status(-129, EX_TRANSACTION_FAILED): 'DEAD_OBJECT: '
12-07 13:08:16.418 W/OSDynamicObjectDataQuerier( 2832): Attempted to start tracking objects when tracker was already started
12-07 13:08:16.418 E/TrackedObjectManager( 2832): Failed to connect to TrackedObjectService with error Status(-129, EX_TRANSACTION_FAILED): 'DEAD_OBJECT: '
12-07 13:08:16.418 E/TrackedObjectManager( 2832): Failed to start tracking keyboard object with error Status(-129, EX_TRANSACTION_FAILED): 'DEAD_OBJECT: '
12-07 13:08:16.429 I/MoonlightConnectionMgr(22431): checkPairing start host=10.1.95.5 port=47989
12-07 13:08:16.431 E/TrackedObjectManager( 2832): Failed to connect to TrackedObjectService with error Status(-129, EX_TRANSACTION_FAILED): 'DEAD_OBJECT: '
12-07 13:08:16.431 W/OSDynamicObjectDataQuerier( 2832): Attempted to start tracking objects when tracker was already started
12-07 13:08:16.431 E/TrackedObjectManager( 2832): Failed to connect to TrackedObjectService with error Status(-129, EX_TRANSACTION_FAILED): 'DEAD_OBJECT: '
12-07 13:08:16.431 E/TrackedObjectManager( 2832): Failed to start tracking keyboard object with error Status(-129, EX_TRANSACTION_FAILED): 'DEAD_OBJECT: '
12-07 13:08:16.433 D/TrafficStats(22431): tagSocket(99) with statsTag=0xffffffff, statsUid=-1
12-07 13:08:16.445 E/TrackedObjectManager( 2832): Failed to connect to TrackedObjectService with error Status(-129, EX_TRANSACTION_FAILED): 'DEAD_OBJECT: '
12-07 13:08:16.445 W/OSDynamicObjectDataQuerier( 2832): Attempted to start tracking objects when tracker was already started
12-07 13:08:16.445 E/TrackedObjectManager( 2832): Failed to connect to TrackedObjectService with error Status(-129, EX_TRANSACTION_FAILED): 'DEAD_OBJECT: '
12-07 13:08:16.445 E/TrackedObjectManager( 2832): Failed to start tracking keyboard object with error Status(-129, EX_TRANSACTION_FAILED): 'DEAD_OBJECT: '
12-07 13:08:16.459 E/TrackedObjectManager( 2832): Failed to connect to TrackedObjectService with error Status(-129, EX_TRANSACTION_FAILED): 'DEAD_OBJECT: '
12-07 13:08:16.459 W/OSDynamicObjectDataQuerier( 2832): Attempted to start tracking objects when tracker was already started
12-07 13:08:16.459 E/TrackedObjectManager( 2832): Failed to connect to TrackedObjectService with error Status(-129, EX_TRANSACTION_FAILED): 'DEAD_OBJECT: '
12-07 13:08:16.459 E/TrackedObjectManager( 2832): Failed to start tracking keyboard object with error Status(-129, EX_TRANSACTION_FAILED): 'DEAD_OBJECT: '
12-07 13:08:16.466 D/TrafficStats(22431): tagSocket(99) with statsTag=0xffffffff, statsUid=-1
12-07 13:08:16.470 I/Tracking( 9368): BOLT:HexagonTelemetry: Global DSP utilization: 20.63% (1032 / 5003 ms), Scalar Util: 63.18%, HVX Util: 56.16%, HMX Util: 24.51%, DMA Active: 0.00%, Freq: 1171.2 MHz
12-07 13:08:16.470 I/Tracking( 9368): boltlib: Logging Rpc stats (detailed=false, onAbort=false)
12-07 13:08:16.470 I/Tracking( 9368): boltlib: DSP Rpc stats over 5003 ms: {"HexagonPyramid3x3Async":74,"controller_inference":25}
12-07 13:08:16.473 E/TrackedObjectManager( 2832): Failed to connect to TrackedObjectService with error Status(-129, EX_TRANSACTION_FAILED): 'DEAD_OBJECT: '
12-07 13:08:16.473 W/OSDynamicObjectDataQuerier( 2832): Attempted to start tracking objects when tracker was already started
12-07 13:08:16.473 E/TrackedObjectManager( 2832): Failed to connect to TrackedObjectService with error Status(-129, EX_TRANSACTION_FAILED): 'DEAD_OBJECT: '
12-07 13:08:16.473 E/TrackedObjectManager( 2832): Failed to start tracking keyboard object with error Status(-129, EX_TRANSACTION_FAILED): 'DEAD_OBJECT: '
12-07 13:08:16.487 E/TrackedObjectManager( 2832): Failed to connect to TrackedObjectService with error Status(-129, EX_TRANSACTION_FAILED): 'DEAD_OBJECT: '
12-07 13:08:16.487 W/OSDynamicObjectDataQuerier( 2832): Attempted to start tracking objects when tracker was already started
12-07 13:08:16.487 E/TrackedObjectManager( 2832): Failed to connect to TrackedObjectService with error Status(-129, EX_TRANSACTION_FAILED): 'DEAD_OBJECT: '
12-07 13:08:16.487 E/TrackedObjectManager( 2832): Failed to start tracking keyboard object with error Status(-129, EX_TRANSACTION_FAILED): 'DEAD_OBJECT: '
12-07 13:08:16.501 E/TrackedObjectManager( 2832): Failed to connect to TrackedObjectService with error Status(-129, EX_TRANSACTION_FAILED): 'DEAD_OBJECT: '
12-07 13:08:16.501 W/OSDynamicObjectDataQuerier( 2832): Attempted to start tracking objects when tracker was already started
12-07 13:08:16.501 E/TrackedObjectManager( 2832): Failed to connect to TrackedObjectService with error Status(-129, EX_TRANSACTION_FAILED): 'DEAD_OBJECT: '
12-07 13:08:16.501 E/TrackedObjectManager( 2832): Failed to start tracking keyboard object with error Status(-129, EX_TRANSACTION_FAILED): 'DEAD_OBJECT: '
12-07 13:08:16.509 I/MoonlightConnectionMgr(22431): checkPairing result host=10.1.95.5 state=PAIRED
12-07 13:08:16.511 I/PancakeActivity(22431): onConnect clicked host=10.1.95.5 port=47989 appId=0
12-07 13:08:16.515 E/TrackedObjectManager( 2832): Failed to connect to TrackedObjectService with error Status(-129, EX_TRANSACTION_FAILED): 'DEAD_OBJECT: '
12-07 13:08:16.515 W/OSDynamicObjectDataQuerier( 2832): Attempted to start tracking objects when tracker was already started
12-07 13:08:16.515 E/TrackedObjectManager( 2832): Failed to connect to TrackedObjectService with error Status(-129, EX_TRANSACTION_FAILED): 'DEAD_OBJECT: '
12-07 13:08:16.515 E/TrackedObjectManager( 2832): Failed to start tracking keyboard object with error Status(-129, EX_TRANSACTION_FAILED): 'DEAD_OBJECT: '
12-07 13:08:16.519 D/HzOS.BinderClient( 1971): Connected to PreferencesService
12-07 13:08:16.520 W/LaunchInterceptorUtil( 1971): Package metadata is empty: com.example.moonlight_spatialsdk
12-07 13:08:16.521 D/HzOS.BinderClient( 1971): Connected to PreferencesService
12-07 13:08:16.522 W/LaunchInterceptorUtil( 1971): Package metadata is empty: com.example.moonlight_spatialsdk
12-07 13:08:16.523 D/HzOS.BinderClient( 1971): Connected to PreferencesService
12-07 13:08:16.523 W/LaunchInterceptorUtil( 1971): Package metadata is empty: com.example.moonlight_spatialsdk
12-07 13:08:16.524 W/LaunchInterceptorUtil( 1971): Package metadata is empty: com.example.moonlight_spatialsdk
12-07 13:08:16.524 D/HzOS.BinderClient( 1971): Connected to PreferencesService
12-07 13:08:16.526 I/ActivityTaskManager( 1971): START u0 {act=android.intent.action.MAIN flg=0x10000000 cmp=com.example.moonlight_spatialsdk/.ImmersiveActivity (has extras)} with LAUNCH_SINGLE_TASK from uid 10176 (BAL_ALLOW_VISIBLE_WINDOW) result code=0
12-07 13:08:16.526 I/VrKeyguardViewMediator( 3282): handleSetOccluded, occluded: false, prevValue: false, mHiding: false
12-07 13:08:16.526 D/VrLockscreenHost( 3282): setOccluded: false, was: false, force: false, window: null
12-07 13:08:16.529 E/TrackedObjectManager( 2832): Failed to connect to TrackedObjectService with error Status(-129, EX_TRANSACTION_FAILED): 'DEAD_OBJECT: '
12-07 13:08:16.529 W/OSDynamicObjectDataQuerier( 2832): Attempted to start tracking objects when tracker was already started
12-07 13:08:16.529 E/TrackedObjectManager( 2832): Failed to connect to TrackedObjectService with error Status(-129, EX_TRANSACTION_FAILED): 'DEAD_OBJECT: '
12-07 13:08:16.529 E/TrackedObjectManager( 2832): Failed to start tracking keyboard object with error Status(-129, EX_TRANSACTION_FAILED): 'DEAD_OBJECT: '
12-07 13:08:16.532 D/[SEO] ShellSpatialWindowManagerService( 3469): Requesting placement of new volumetric window for ComponentInfo{com.example.moonlight_spatialsdk/com.example.moonlight_spatialsdk.ImmersiveActivity} from ActivityInfo{8bd1eb3 com.example.moonlight_spatialsdk.PancakeActivity} VolumetricWindowToken { scope = 2, token = android.os.BinderProxy@952cc70, persistableToken = 3647dd26-dffc-4163-877c-a9a12e09676d }
12-07 13:08:16.535 D/[SEO] ShellSpatialWindowManagerService( 3469): Setup Activity Launch Environment for com.example.moonlight_spatialsdk/com.example.moonlight_spatialsdk.ImmersiveActivity
12-07 13:08:16.536 D/[SEO] ShellSpatialWindowManagerService( 3469): Routing activity intent through Shell's launch checks
12-07 13:08:16.537 W/[SEO] IntentResolutionUtils( 3469): Could not find source panel panelId
12-07 13:08:16.537 D/[SEO] ShellControlBroadcastReceiver( 3469): onReceive: Intent{action=com.oculus.vrshell.intent.action.LAUNCH, data=com.example.moonlight_spatialsdk/com.example.moonlight_spatialsdk.ImmersiveActivity, type=null, categories=null, component=null, flags=0x10010000, extras={launch_source=com.example.moonlight_spatialsdk/com.example.moonlight_spatialsdk.PancakeActivity, activity_surface_width=500, requestingCrashRecovery=null, isHomeIntent=false, launchId=3f57ab6b-44a8-4811-bc1f-fabc4ff1c372, target=null, activity_intent=true, defaultLaunchReason=0, activity_surface_height=800, queryParametersUri=null}}
12-07 13:08:16.537 D/[SEO] ShellControlBroadcastReceiver( 3469): isLaunchAction = true, isTrustedAppLaunch = true
12-07 13:08:16.537 D/[SEO] ShellControlBroadcastReceiver( 3469): Transitioning broadcast to nativeBroadcastIntent.
12-07 13:08:16.537 W/[SEO] IntentParser( 3469): Got intent with null or empty value for key(s): requestingCrashRecovery target queryParametersUri 
12-07 13:08:16.537 D/[SEO] ShellService( 3469): onStartCommand() with action com.oculus.intent.action.BROADCAST_INTENT
12-07 13:08:16.537 W/[SEO] IntentParser( 3469): Got intent with null or empty value for key(s): requestingCrashRecovery target queryParametersUri 
12-07 13:08:16.542 E/TrackedObjectManager( 2832): Failed to connect to TrackedObjectService with error Status(-129, EX_TRANSACTION_FAILED): 'DEAD_OBJECT: '
12-07 13:08:16.542 W/OSDynamicObjectDataQuerier( 2832): Attempted to start tracking objects when tracker was already started
12-07 13:08:16.542 E/TrackedObjectManager( 2832): Failed to connect to TrackedObjectService with error Status(-129, EX_TRANSACTION_FAILED): 'DEAD_OBJECT: '
12-07 13:08:16.543 E/TrackedObjectManager( 2832): Failed to start tracking keyboard object with error Status(-129, EX_TRANSACTION_FAILED): 'DEAD_OBJECT: '
12-07 13:08:16.549 I/[SEO] FrameCommandHelpers( 3469): Handling Pending Launch from Intent - target=com.example.moonlight_spatialsdk/com.example.moonlight_spatialsdk.ImmersiveActivity, launch source=com.oculus.vrshell.intent.action.LAUNCH
12-07 13:08:16.550 I/[SEO] PanelAppLaunchInfo( 3469): PanelAppLaunchInfo componentString:com.example.moonlight_spatialsdk/com.example.moonlight_spatialsdk.ImmersiveActivity packageName:com.example.moonlight_spatialsdk serviceName:com.example.moonlight_spatialsdk.ImmersiveActivity componentName:com.example.moonlight_spatialsdk/com.example.moonlight_spatialsdk.ImmersiveActivity
12-07 13:08:16.550 I/[SEO] HostPlatform( 3469): Retrieving component launch information for package (com.example.moonlight_spatialsdk) and service (com.example.moonlight_spatialsdk.ImmersiveActivity)
12-07 13:08:16.550 D/[SEO] PanelAppConfigurationUtil( 3469): Refreshing APK info for com.example.moonlight_spatialsdk/com.example.moonlight_spatialsdk.ImmersiveActivity; UID or version code changed
12-07 13:08:16.550 I/[SEO] PanelAppConfigurationUtil( 3469): Sending Android activity token to component com.example.moonlight_spatialsdk/com.example.moonlight_spatialsdk.ImmersiveActivity:false
12-07 13:08:16.551 D/CompatibilityChangeReporter( 1971): Compat change id reported: 161252188; UID 10176; state: DISABLED
12-07 13:08:16.551 I/[SEO] PanelAppLaunchInfo( 3469): SetMultiLayer shouldAllowLayerSupport_ [0] name [] componentName [com.example.moonlight_spatialsdk/com.example.moonlight_spatialsdk.ImmersiveActivity]
12-07 13:08:16.551 I/[SEO] HostPlatform( 3469): Is PanelSDK component for package (com.example.moonlight_spatialsdk) and service (com.example.moonlight_spatialsdk.ImmersiveActivity) - false
12-07 13:08:16.552 I/VrApi   ( 3469): FPS=72/72,Prd=27ms,Tear=0,Early=0,Stale=0,Stale2/5/10/max=0/0/0/0,VSnc=1,Lat=-1,Fov=3,CPU4/GPU=3/2,1651/456MHz,OC=3F,TA=0/0/0,SP=N/N/N,Mem=3196MHz,Free=3381MB,PLS=0,Temp=31.0C/0.0C,TW=2.24ms,App=1.34ms,GD=0.00ms,CPU&GPU=9.36ms,LCnt=6(DR72,LM4),GPU%=0.28,CPU%=0.60(W0.62),CFL=13.01/17.43,ICFLp95=16.53,LD=0,SF=1.00,LP=1,DVFS=0,ShrpLCnt=2,ShrpR=0.500,SSLCnt=0/0
12-07 13:08:16.553 I/[SEO] LaunchController( 3469): Registering Pending Launch of type External with component: com.example.moonlight_spatialsdk/com.example.moonlight_spatialsdk.ImmersiveActivity launchId: 3f57ab6b-44a8-4811-bc1f-fabc4ff1c372 requested by com.oculus.vrshell.intent.action.LAUNCH, overwriting existing launch false, of type None.
12-07 13:08:16.556 E/TrackedObjectManager( 2832): Failed to connect to TrackedObjectService with error Status(-129, EX_TRANSACTION_FAILED): 'DEAD_OBJECT: '
12-07 13:08:16.557 W/OSDynamicObjectDataQuerier( 2832): Attempted to start tracking objects when tracker was already started
12-07 13:08:16.557 E/TrackedObjectManager( 2832): Failed to connect to TrackedObjectService with error Status(-129, EX_TRANSACTION_FAILED): 'DEAD_OBJECT: '
12-07 13:08:16.557 E/TrackedObjectManager( 2832): Failed to start tracking keyboard object with error Status(-129, EX_TRANSACTION_FAILED): 'DEAD_OBJECT: '
12-07 13:08:16.558 W/ProcessStats( 1971): Tracking association SourceState{411af3 com.oculus.ocms/10068 BTop #111882} whose proc state 2 is better than process ProcessState{5ce4b1 com.oculus.quickplayservice/1000 pkg=com.oculus.quickplayservice} proc state 14 (38 skipped)
12-07 13:08:16.560 W/AppManagerInternal(27119): Entitlement for packageName=com.example.moonlight_spatialsdk not found, channels=[Store, Q4B, PcStore]
12-07 13:08:16.560 D/LibraryProvider(27119): queryApp(com.example.moonlight_spatialsdk) could not find entitlement
12-07 13:08:16.560 W/OVRLibrary( 3469): null cursor received for query content://com.oculus.ocms.library/apps/com.example.moonlight_spatialsdk
12-07 13:08:16.560 D/[SEO] HostPlatformPackages( 3469): app is null, packageName: com.example.moonlight_spatialsdk
12-07 13:08:16.562 I/[SEO] LaunchCheckController( 3469): GetAutomationForceLaunchCheckFlags: packageName=com.example.moonlight_spatialsdk, forcedLaunchCheckApp=
12-07 13:08:16.562 I/[SEO] LaunchCheckController( 3469): Building launch checks for component: com.example.moonlight_spatialsdk/com.example.moonlight_spatialsdk.ImmersiveActivity launchId: 3f57ab6b-44a8-4811-bc1f-fabc4ff1c372
12-07 13:08:16.562 I/[SEO] LaunchCheckController( 3469): GetAutomationForceLaunchCheckFlags: packageName=com.example.moonlight_spatialsdk, forcedLaunchCheckApp=
12-07 13:08:16.562 I/[SEO] LaunchCheckController( 3469): Finished building launch checks for component: com.example.moonlight_spatialsdk/com.example.moonlight_spatialsdk.ImmersiveActivity launchId: 3f57ab6b-44a8-4811-bc1f-fabc4ff1c372
12-07 13:08:16.563 I/[SEO] LaunchController( 3469): LaunchController::Launch pending type External, pending details component: com.example.moonlight_spatialsdk/com.example.moonlight_spatialsdk.ImmersiveActivity launchId: 3f57ab6b-44a8-4811-bc1f-fabc4ff1c372, launch type External, launch details component: com.example.moonlight_spatialsdk/com.example.moonlight_spatialsdk.ImmersiveActivity launchId: 3f57ab6b-44a8-4811-bc1f-fabc4ff1c372
12-07 13:08:16.563 I/[SEO] ApplicationLaunchData( 3469): UpdateShortcutCurrencyInLibrary aliasId is empty
12-07 13:08:16.563 I/[SEO] HostPlatform( 3469): LaunchExternalApplication
12-07 13:08:16.563 D/[UNSET] ShellApplication( 3469): sendLaunchIntent: 'com.example.moonlight_spatialsdk/com.example.moonlight_spatialsdk.ImmersiveActivity' command: '' launchId: '3f57ab6b-44a8-4811-bc1f-fabc4ff1c372'
12-07 13:08:16.563 D/[SEO] ShellSpatialWindowManagerService( 3469): Placing immersive activity into new volumetric window
12-07 13:08:16.563 D/[SEO] ShellSpatialWindowManagerService( 3469): placeImmersiveActivityIntoNewVolumetricWindow: shouldQuitCurrentApp=false
12-07 13:08:16.564 I/[SEO] DesktopPanelController( 3469): Animating desktop hide with reason system-initiated, source ExternalLaunch
12-07 13:08:16.564 I/VolumetricWindowManagerServiceImpl( 1971): Handling SWMS response: launch into NEW_VOLUMETRIC_WINDOW VolumetricWindowPlacementResponse { volumetricToken = VolumetricWindowToken { scope = 1, token = horizonos.view.VolumetricWindowToken$InternalVolumetricToken@4a2442, persistableToken = 34dcff59-19c8-4512-9eb8-7fe342369a35 }, relativeSpaceToken = SpaceToken { binderToken = android.os.BinderProxy@8194805, persistableToken = 00000000-0000-0000-0000-000000000000 }, pose = Pose { orientation = Vector4f { x = 0.0, y = 0.0, z = 0.0, w = 1.0 }, position = Vector3f { x = 0.0, y = 0.0, z = 0.0 } }, bounds = Extent3f { width = 0.15874992, height = 0.07937496, depth = 0.0 }, surfaceSize = 1000x500, densityDpi = 0, visible = true } for launch request [ActivityInfo{8b28a8d com.example.moonlight_spatialsdk.ImmersiveActivity}](vrdesktop seq: 1)
12-07 13:08:16.564 I/VolumetricContainerPlacement( 1971): acquired ContainerPlacement{mId=0, mBounds=Rect(0, 0 - 8000, 8000)}
12-07 13:08:16.567 I/SpaceManagerServiceImpl( 1971): addSpace done: userId = 0, spaceToken = SpaceToken { binderToken = horizonos.view.SpaceToken$InternalSpaceToken@3a9bc53, persistableToken = 91f49503-d282-4b2a-a5de-3cc042626e53 }
12-07 13:08:16.569 I/DisplayDeviceRepository( 1971): Display device added: DisplayDeviceInfo{"MirrorRoot for 34dcff59-19c8-4512-9eb8-7fe342369a35": uniqueId="virtual:android,1000,MirrorRoot for 34dcff59-19c8-4512-9eb8-7fe342369a35,0", 1000 x 500, modeId 1336, renderFrameRate 60.0, defaultModeId 1336, supportedModes [{id=1336, width=1000, height=500, fps=60.0, alternativeRefreshRates=[], supportedHdrTypes=[]}], colorMode 0, supportedColorModes [0], hdrCapabilities null, allmSupported false, gameContentTypeSupported false, density 200, 200.0 x 200.0 dpi, appVsyncOff 0, presDeadline 16666666, touch NONE, rotation 0, type VIRTUAL, deviceProductInfo null, state OFF, committedState UNKNOWN, owner android (uid 1000), frameRateOverride , brightnessMinimum 0.0, brightnessMaximum 0.0, brightnessDefault 0.0, hdrSdrRatio NaN, FLAG_SECURE, FLAG_SUPPORTS_PROTECTED_BUFFERS, FLAG_OWN_CONTENT_ONLY, FLAG_DESTROY_CONTENT_ON_REMOVAL, installOrientation 0, displayShape DisplayShape{ spec=-1856918115 displayWidth=1000 displayHeight=500 physicalPixelDisplaySizeRatio=1.0 rotation=0 offsetX=0 offsetY=0 scale=1.0}}
12-07 13:08:16.569 D/parfait:service( 1158): Received TRACE_START process_start:com.example.moonlight_spatialsdk request
12-07 13:08:16.569 D/parfait:tracing( 1158): Trigger scenario name: process_start:com.example.moonlight_spatialsdk
12-07 13:08:16.570 I/parfait:tracing( 1158): Trigger scenario process_start:com.example.moonlight_spatialsdk not found in config, ignoring.
12-07 13:08:16.570 D/parfait:logger( 1158): Dropping event /data/oculus/parfait/telemetry_logs/6ddd6a19-0bc1-d0b2-1340-efcd74645820.log
12-07 13:08:16.570 I/LogicalDisplayMapper( 1971): Applying layout: [{dispId: 0(ON), displayGroupName: , addr: {port=146, model=0x40446dbbd154e4}, mThermalBrightnessThrottlingMapId: null, mRefreshRateZoneId: null, mLeadDisplayId: -1, mThermalRefreshRateThrottlingMapId: null}], Previous layout: [{dispId: 0(ON), displayGroupName: , addr: {port=146, model=0x40446dbbd154e4}, mThermalBrightnessThrottlingMapId: null, mRefreshRateZoneId: null, mLeadDisplayId: -1, mThermalRefreshRateThrottlingMapId: null}]
12-07 13:08:16.570 I/LogicalDisplayMapper( 1971): Setting new display group 0 for display 987, from previous group: null
12-07 13:08:16.570 E/TrackedObjectManager( 2832): Failed to connect to TrackedObjectService with error Status(-129, EX_TRANSACTION_FAILED): 'DEAD_OBJECT: '
12-07 13:08:16.570 W/OSDynamicObjectDataQuerier( 2832): Tracker stopped running without input server stopping it, attempting restart
12-07 13:08:16.570 W/OSDynamicObjectDataQuerier( 2832): Attempted to start tracking objects when tracker was already started
12-07 13:08:16.570 E/TrackedObjectManager( 2832): Failed to connect to TrackedObjectService with error Status(-129, EX_TRANSACTION_FAILED): 'DEAD_OBJECT: '
12-07 13:08:16.570 E/TrackedObjectManager( 2832): Failed to start tracking keyboard object with error Status(-129, EX_TRANSACTION_FAILED): 'DEAD_OBJECT: '
12-07 13:08:16.570 I/LogicalDisplayMapper( 1971): Adding new display: 987: DisplayInfo{"MirrorRoot for 34dcff59-19c8-4512-9eb8-7fe342369a35", displayId 987, displayGroupId 0, FLAG_SECURE, FLAG_SUPPORTS_PROTECTED_BUFFERS, real 1000 x 500, largest app 1000 x 500, smallest app 1000 x 500, appVsyncOff 0, presDeadline 16666666, mode 133660.0, defaultMode 1336, modes [{id=1336, width=1000, height=500, fps=60.0, alternativeRefreshRates=[], supportedHdrTypes=[]}], hdrCapabilities null, userDisabledHdrTypes [], minimalPostProcessingSupported false, rotation 0, state OFF, committedState UNKNOWN, type VIRTUAL, uniqueId "virtual:android,1000,MirrorRoot for 34dcff59-19c8-4512-9eb8-7fe342369a35,0", app 1000 x 500, density 200 (200.0 x 200.0) dpi, layerStack 987, colorMode 0, supportedColorModes [0], deviceProductInfo null, owner android (uid 1000), removeMode 1, refreshRateOverride 0.0, brightnessMinimum 0.0, brightnessMaximum 0.0, brightnessDefault 0.0, installOrientation ROTATION_0, layoutLimitedRefreshRate null, hdrSdrRatio not_available, thermalRefreshRateThrottling {}, thermalBrightnessThrottlingDataId default}
12-07 13:08:16.571 I/GraphicsGovernor( 2832): Dynamic Foveation Lvl 3, Min Foveation Lvl 3, DynRes Enabled 1, DynRes Scaler 1.000000
12-07 13:08:16.571 W/BrightnessThrottler( 1971): DeviceConfig ThermalBrightnessThrottlingData is null
12-07 13:08:16.571 W/DisplayPowerController2[987]( 1971): Screen brightness nits configuration is unavailable; falling back
12-07 13:08:16.572 I/[CT]    ( 2832): MIXEDREALITY: PassthroughApiManager: GetUpdatedLayerState: (every 2 seconds) PT is: ON numLayers: 1
12-07 13:08:16.573 V/DisplayPowerController2[987]( 1971): Brightness [0.0] reason changing to: 'manual', previous reason: '0'.
12-07 13:08:16.574 I/DisplayPowerController2[987]( 1971): BrightnessEvent: disp=987, physDisp=virtual:android,1000,MirrorRoot for 34dcff59-19c8-4512-9eb8-7fe342369a35,0, brt=0.0, initBrt=NaN, rcmdBrt=NaN, preBrt=NaN, lux=0.0, preLux=0.0, hbmMax=1.0, hbmMode=off, rbcStrength=-1, thrmMax=1.0, powerFactor=1.0, wasShortTermModelActive=false, flags=, reason=manual, autoBrightness=false, strategy=InvalidBrightnessStrategy
12-07 13:08:16.584 E/TrackedObjectManager( 2832): Failed to connect to TrackedObjectService with error Status(-129, EX_TRANSACTION_FAILED): 'DEAD_OBJECT: '
12-07 13:08:16.584 W/OSDynamicObjectDataQuerier( 2832): Attempted to start tracking objects when tracker was already started
12-07 13:08:16.584 E/TrackedObjectManager( 2832): Failed to connect to TrackedObjectService with error Status(-129, EX_TRANSACTION_FAILED): 'DEAD_OBJECT: '
12-07 13:08:16.584 E/TrackedObjectManager( 2832): Failed to start tracking keyboard object with error Status(-129, EX_TRANSACTION_FAILED): 'DEAD_OBJECT: '
12-07 13:08:16.598 E/TrackedObjectManager( 2832): Failed to connect to TrackedObjectService with error Status(-129, EX_TRANSACTION_FAILED): 'DEAD_OBJECT: '
12-07 13:08:16.598 W/OSDynamicObjectDataQuerier( 2832): Attempted to start tracking objects when tracker was already started
12-07 13:08:16.598 E/TrackedObjectManager( 2832): Failed to connect to TrackedObjectService with error Status(-129, EX_TRANSACTION_FAILED): 'DEAD_OBJECT: '
12-07 13:08:16.598 E/TrackedObjectManager( 2832): Failed to start tracking keyboard object with error Status(-129, EX_TRANSACTION_FAILED): 'DEAD_OBJECT: '
12-07 13:08:16.600 I/WindowManager( 1971): Override config changes=20005df8 {0.0 ?mcc0mnc ?localeList ?layoutDir sw400dp w800dp h400dp 200dpi nrml long land ?uimode ?night -touch -keyb/v/h -nav/h winConfig={ mBounds=Rect(0, 0 - 1000, 500) mAppBounds=Rect(0, 0 - 1000, 500) mMaxBounds=Rect(0, 0 - 1000, 500) mDisplayRotation=ROTATION_0 mWindowingMode=fullscreen mDisplayWindowingMode=fullscreen mActivityType=undefined mAlwaysOnTop=undefined mRotation=ROTATION_0} ?fontWeightAdjustment} for displayId=987
12-07 13:08:16.601 W/DisplayController( 7059): Skipping Display Configuration change on non-added display.
12-07 13:08:16.608 D/DisplayManagerService( 1971): Ignore redundant display event 987/2 to 10079/25425
12-07 13:08:16.608 D/DisplayManagerService( 1971): Ignore redundant display event 987/2 to 10049/32634
12-07 13:08:16.609 I/VolumetricWindowManagerServiceImpl( 1971): addVolumetricWindow done: userId = 0, wct = bd6b078, vw type = 2, vw persistable token = 34dcff59-19c8-4512-9eb8-7fe342369a35, rootTaskId = 3
12-07 13:08:16.609 I/VolumetricWindowManagerServiceImpl( 1971): addTaskVolumetricWindowLocked: taskId = 3, VW = VolumetricWindowInfo { volumetricWindowToken = VolumetricWindowToken { scope = 1, token = horizonos.view.VolumetricWindowToken$InternalVolumetricToken@4a2442, persistableToken = 34dcff59-19c8-4512-9eb8-7fe342369a35 }, type = 2, bounds = Extent3f { width = 0.15874992, height = 0.07937496, depth = 0.0 }, pose = Pose { orientation = Vector4f { x = 0.0, y = 0.0, z = 0.0, w = 1.0 }, position = Vector3f { x = 0.0, y = 0.0, z = 0.0 } }, windowSize2d = Extent2i { width = 1000, height = 500 }, densityDpi = 200, windowSpaceToken = SpaceToken { binderToken = horizonos.view.SpaceToken$InternalSpaceToken@3a9bc53, persistableToken = 91f49503-d282-4b2a-a5de-3cc042626e53 }, visible = true, active = true, drawn = false, persistable = false, singlePassCompositionEnabled = false, depthTestEnabled = false, inView = false, windowFlags = 0, priorityHintInfo = PriorityHintInfo { windowPpd = 0.0, viewAngleSine = -1.0, visiblePercent = 1.0, distanceFromUser = 0.0, attentionZone = 0 }, taskInfo = null, presentation = VolumetricWindowPresentationInfo { controlBar = null }, layoutParams = null, children = [], shape = 1, cylinderInfo = null }, isSinglePassCompositionEnabled = false, isComponentBlocklisted = false, isComponentForcedToSPC = false
12-07 13:08:16.613 E/TrackedObjectManager( 2832): Failed to connect to TrackedObjectService with error Status(-129, EX_TRANSACTION_FAILED): 'DEAD_OBJECT: '
12-07 13:08:16.613 W/OSDynamicObjectDataQuerier( 2832): Attempted to start tracking objects when tracker was already started
12-07 13:08:16.613 E/TrackedObjectManager( 2832): Failed to connect to TrackedObjectService with error Status(-129, EX_TRANSACTION_FAILED): 'DEAD_OBJECT: '
12-07 13:08:16.613 E/TrackedObjectManager( 2832): Failed to start tracking keyboard object with error Status(-129, EX_TRANSACTION_FAILED): 'DEAD_OBJECT: '
12-07 13:08:16.620 E/CellBroadcastUtils( 1971): getDefaultCellBroadcastReceiverPackageName: no package found
12-07 13:08:16.624 D/perfservice(  872): [POWERHINT] Received LAUNCH hint
12-07 13:08:16.625 E/perfservice(  872): End applying 'START_HINT' from hint 'LAUNCH' - Failed after 5 retries - Latency: 0.788ms
12-07 13:08:16.625 E/perfservice(  872):   >> Failed final validation: /sys/block/dm-0/queue/read_ahead_kb=512
12-07 13:08:16.625 E/perfservice(  872):   >> Failed final validation: /sys/block/dm-1/queue/read_ahead_kb=512
12-07 13:08:16.626 I/ActivityTaskManager( 1971): Add Task{ef56ecc #2888 type=standard A=10176:com.example.moonlight_spatialsdk} to hidden list because adding Task{d4c536d #2889 type=standard A=10176:com.example.moonlight_spatialsdk}
12-07 13:08:16.626 E/TrackedObjectManager( 2832): Failed to connect to TrackedObjectService with error Status(-129, EX_TRANSACTION_FAILED): 'DEAD_OBJECT: '
12-07 13:08:16.626 W/OSDynamicObjectDataQuerier( 2832): Attempted to start tracking objects when tracker was already started
12-07 13:08:16.626 E/TrackedObjectManager( 2832): Failed to connect to TrackedObjectService with error Status(-129, EX_TRANSACTION_FAILED): 'DEAD_OBJECT: '
12-07 13:08:16.626 E/TrackedObjectManager( 2832): Failed to start tracking keyboard object with error Status(-129, EX_TRANSACTION_FAILED): 'DEAD_OBJECT: '
12-07 13:08:16.628 I/OpenXR_Anchor( 3469): xrQuerySpacesFB: no split anchor query enabled
12-07 13:08:16.628 I/[CT]    ( 3469): SP:AF:InsightAnchorApi: QueryAnchorSpaces loadAndQueryAvailableAnchors flow. (task start) duration: 0.000000000 [sec], flags: 44, location: StorageLocation::LOCAL(1), method: 1, request: 4945, source: SourceType::LIVE_TRACKER(1)
12-07 13:08:16.629 I/ActivityTaskManager( 1971): START u0 {act=android.intent.action.MAIN flg=0x10010100 cmp=com.example.moonlight_spatialsdk/.ImmersiveActivity (has extras)} with LAUNCH_SINGLE_TASK from uid 10176 (realCallingUid=1000) (BAL_ALLOW_VISIBLE_WINDOW) result code=0
12-07 13:08:16.630 I/[CT]    ( 3469): RuntimeIpcHelper: RuntimeIpcClient::CALL_RPC isAsync: true, func: loadAvailableAnchors
12-07 13:08:16.630 I/[CT]    ( 4885): SP:AP:AnchorPersistenceRuntimeIpcServer: checkRPC start: sessionUuid:1e3ba3f0-dfb6-0aba-a69b-b18fb253c69c, clientId:2367474718, givenPackageName:com.oculus.vrshell
12-07 13:08:16.630 I/[CT]    ( 4885): SP:AP:AnchorPersistenceRuntimeIpcServer: checkPackageAccess - detectedPackageName:com.oculus.vrshell, detectedProcessName:com.oculus.vrshell, givenPackageName:com.oculus.vrshell
12-07 13:08:16.630 I/[CT]    ( 4885): SP:AP:AnchorPersistenceRuntimeIpcServer: checkRPC package name matches: sessionUuid:1e3ba3f0-dfb6-0aba-a69b-b18fb253c69c, clientId:2367474718, givenPackageName:com.oculus.vrshell, detectedPackageName:com.oculus.vrshell, detectedProcessName:com.oculus.vrshell
12-07 13:08:16.630 I/[CT]    ( 4885): SP:AP:AnchorPersistenceRuntimeIpcServer: queryAvailableAnchorsSMV2: clientId: 2367474718, maxAnchors: 500, filter: 0, queryMultipleRoomsEnabledByOpenXrVersion: true, source: 1, appId: com.oculus.vrshell
12-07 13:08:16.630 I/[CT]    ( 4885): SP:AP:AnchorPersistenceConfig: getSceneRuntimePermissionEnabled: USE_SCENE permission is enabled on this device
12-07 13:08:16.630 I/[CT]    ( 4885): SP:AP:AnchorPersistenceScenePermissions: hasClientGrantedScenePermission: USE_SCENE permission is enabled on this device, check client 2367474718, grant is true
12-07 13:08:16.630 I/[CT]    ( 4885): SP:AP:AnchorPersistenceConfig: getSceneRuntimePermissionEnabled: USE_SCENE permission is enabled on this device
12-07 13:08:16.630 I/VolumetricContentMonitor( 1971): Switching to immersive app. taskId: 3, ActivityInfo{753e033 com.example.moonlight_spatialsdk.ImmersiveActivity}
12-07 13:08:16.631 I/UiModeController( 1971): Switching from com.oculus.vrshell to com.example.moonlight_spatialsdk
12-07 13:08:16.631 I/InterstitialController( 1971): onImmersiveActivityAppeared: uid: 10176, pid: 22431, state: 4, com.example.moonlight_spatialsdk, on task: WCT{RemoteToken{bd6b078 Task{403e4d4 #3 type=standard}}}, launchId: null
12-07 13:08:16.632 I/[CT]    ( 4885): SP:SceneAnchorFilterUtil: filterSceneDataByPermission: com.oculus.vrshell permission check passed, keep scene data. anchors size: 0
12-07 13:08:16.633 I/[CT]    ( 3469): SP:AF:InsightAnchorApi: QueryAnchorSpaces (task finish) returnCode: AnchorResultCode::SUCCESS(0), numSpacesFound: 0, spacesFoundUuids: [], duration: 0.000000000 [sec], flags: 44, location: 1, method: 1, request: 4945
12-07 13:08:16.636 V/WindowManager( 1971): Queueing transition: TransitionRecord{ba42ca1 id=-1 type=SLEEP flags=0x0}
12-07 13:08:16.636 V/WindowManager( 1971): Content Recording: Display 987 state is now (1), so update recording?
12-07 13:08:16.638 V/WorldManagerService( 1971): VW Content Listener: com.example.moonlight_spatialsdk -1
12-07 13:08:16.639 D/SpatialAudioService( 1971): Skipping processing for app: com.example.moonlight_spatialsdk (isNewApp: false, perAppEnabled: true, epsService: true)
12-07 13:08:16.640 E/TrackedObjectManager( 2832): Failed to connect to TrackedObjectService with error Status(-129, EX_TRANSACTION_FAILED): 'DEAD_OBJECT: '
12-07 13:08:16.640 W/OSDynamicObjectDataQuerier( 2832): Attempted to start tracking objects when tracker was already started
12-07 13:08:16.640 E/TrackedObjectManager( 2832): Failed to connect to TrackedObjectService with error Status(-129, EX_TRANSACTION_FAILED): 'DEAD_OBJECT: '
12-07 13:08:16.640 E/TrackedObjectManager( 2832): Failed to start tracking keyboard object with error Status(-129, EX_TRANSACTION_FAILED): 'DEAD_OBJECT: '
12-07 13:08:16.643 W/TrustedCallerVerifier(27119): Could not verify trusted caller for uidPackageNames=[com.oculus.metacam] and uidSignature=android.content.pm.Signature@89661ab1
12-07 13:08:16.645 I/[CT]    ( 3469): SP:TREX:SpatialPersistencePlugin: Event type: 6
12-07 13:08:16.645 I/TREX    ( 3469): Spatial Persistence event: QuerySpacesFinish
12-07 13:08:16.651 W/AppManagerInternal(27119): Entitlement for packageName=com.example.moonlight_spatialsdk not found, channels=[Store, Q4B, PcStore]
12-07 13:08:16.651 D/LibraryProvider(27119): queryApp(com.example.moonlight_spatialsdk) could not find entitlement
12-07 13:08:16.651 W/OVRLibrary(15000): null cursor received for query content://com.oculus.ocms.library/apps/com.example.moonlight_spatialsdk
12-07 13:08:16.651 E/CoresdkAnalyticsEvent(15000): could not set key=session_id value=null
12-07 13:08:16.653 D/VrosSpatialAudio(22431): Immersive activity detected, skip VrosSpatialAudio init
12-07 13:08:16.654 E/TrackedObjectManager( 2832): Failed to connect to TrackedObjectService with error Status(-129, EX_TRANSACTION_FAILED): 'DEAD_OBJECT: '
12-07 13:08:16.654 W/OSDynamicObjectDataQuerier( 2832): Attempted to start tracking objects when tracker was already started
12-07 13:08:16.654 E/TrackedObjectManager( 2832): Failed to connect to TrackedObjectService with error Status(-129, EX_TRANSACTION_FAILED): 'DEAD_OBJECT: '
12-07 13:08:16.654 E/TrackedObjectManager( 2832): Failed to start tracking keyboard object with error Status(-129, EX_TRANSACTION_FAILED): 'DEAD_OBJECT: '
12-07 13:08:16.654 I/System.out(22431): === IMMERSIVE_ACTIVITY_ONCREATE_START ===
12-07 13:08:16.654 E/ImmersiveActivity(22431): === IMMERSIVE_ACTIVITY_ONCREATE_START ===
12-07 13:08:16.654 I/VrActivity[j](22431): VrActivity::onCreate com.example.moonlight_spatialsdk.ImmersiveActivity@1b6e8ef false
12-07 13:08:16.660 I/BpBinder( 2392): onLastStrongRef automatically unlinking death recipients: 
12-07 13:08:16.668 E/TrackedObjectManager( 2832): Failed to connect to TrackedObjectService with error Status(-129, EX_TRANSACTION_FAILED): 'DEAD_OBJECT: '
12-07 13:08:16.668 W/OSDynamicObjectDataQuerier( 2832): Attempted to start tracking objects when tracker was already started
12-07 13:08:16.668 E/TrackedObjectManager( 2832): Failed to connect to TrackedObjectService with error Status(-129, EX_TRANSACTION_FAILED): 'DEAD_OBJECT: '
12-07 13:08:16.668 E/TrackedObjectManager( 2832): Failed to start tracking keyboard object with error Status(-129, EX_TRANSACTION_FAILED): 'DEAD_OBJECT: '
12-07 13:08:16.681 E/TrackedObjectManager( 2832): Failed to connect to TrackedObjectService with error Status(-129, EX_TRANSACTION_FAILED): 'DEAD_OBJECT: '
12-07 13:08:16.681 W/OSDynamicObjectDataQuerier( 2832): Attempted to start tracking objects when tracker was already started
12-07 13:08:16.681 E/TrackedObjectManager( 2832): Failed to connect to TrackedObjectService with error Status(-129, EX_TRANSACTION_FAILED): 'DEAD_OBJECT: '
12-07 13:08:16.681 E/TrackedObjectManager( 2832): Failed to start tracking keyboard object with error Status(-129, EX_TRANSACTION_FAILED): 'DEAD_OBJECT: '
12-07 13:08:16.695 E/TrackedObjectManager( 2832): Failed to connect to TrackedObjectService with error Status(-129, EX_TRANSACTION_FAILED): 'DEAD_OBJECT: '
12-07 13:08:16.695 W/OSDynamicObjectDataQuerier( 2832): Attempted to start tracking objects when tracker was already started
12-07 13:08:16.695 E/TrackedObjectManager( 2832): Failed to connect to TrackedObjectService with error Status(-129, EX_TRANSACTION_FAILED): 'DEAD_OBJECT: '
12-07 13:08:16.695 E/TrackedObjectManager( 2832): Failed to start tracking keyboard object with error Status(-129, EX_TRANSACTION_FAILED): 'DEAD_OBJECT: '
12-07 13:08:16.709 E/TrackedObjectManager( 2832): Failed to connect to TrackedObjectService with error Status(-129, EX_TRANSACTION_FAILED): 'DEAD_OBJECT: '
12-07 13:08:16.709 W/OSDynamicObjectDataQuerier( 2832): Attempted to start tracking objects when tracker was already started
12-07 13:08:16.709 E/TrackedObjectManager( 2832): Failed to connect to TrackedObjectService with error Status(-129, EX_TRANSACTION_FAILED): 'DEAD_OBJECT: '
12-07 13:08:16.709 E/TrackedObjectManager( 2832): Failed to start tracking keyboard object with error Status(-129, EX_TRANSACTION_FAILED): 'DEAD_OBJECT: '
12-07 13:08:16.711 I/SPATIAL_SDK_LOGGER(22431): ISDK: Registering ISDK plugin
12-07 13:08:16.722 I/SPATIAL_SDK_LOGGER(22431): OVRMetricsTool: Registering OVR Metrics Tool plugin
12-07 13:08:16.722 I/SPATIAL_SDK_LOGGER(22431): OVRMetricsTool: Registered OVR Metrics Tool plugin
12-07 13:08:16.722 I/SPATIAL_SDK_LOGGER(22431): OVRMetricsTool: Initializing OVRMetricsTool
12-07 13:08:16.722 D/OVRMetricsToolSDK(22431): ovrMetricsTool_EnterVrMode
12-07 13:08:16.722 E/OVRMetricsToolSDK(22431): Failed to get OVRMetricsTool SDK API.
12-07 13:08:16.722 I/SPATIAL_SDK_LOGGER(22431): OVRMetricsTool: Initializing OVRMetricsTool Done
12-07 13:08:16.723 E/TrackedObjectManager( 2832): Failed to connect to TrackedObjectService with error Status(-129, EX_TRANSACTION_FAILED): 'DEAD_OBJECT: '
12-07 13:08:16.723 W/OSDynamicObjectDataQuerier( 2832): Attempted to start tracking objects when tracker was already started
12-07 13:08:16.723 E/TrackedObjectManager( 2832): Failed to connect to TrackedObjectService with error Status(-129, EX_TRANSACTION_FAILED): 'DEAD_OBJECT: '
12-07 13:08:16.723 E/TrackedObjectManager( 2832): Failed to start tracking keyboard object with error Status(-129, EX_TRANSACTION_FAILED): 'DEAD_OBJECT: '
12-07 13:08:16.729 I/SPATIAL_SDK_LOGGER(22431): Data: DataModel created with client id 2238289014803136512
12-07 13:08:16.730 I/SPATIAL_SDK_LOGGER(22431): Utils: temp_folder '/data/user/0/com.example.moonlight_spatialsdk/cache'
12-07 13:08:16.733 I/SPATIAL_SDK_LOGGER(22431): Utils: external_files_folder '/storage/emulated/0/Android/data/com.example.moonlight_spatialsdk/files'
12-07 13:08:16.733 I/SPATIAL_SDK_LOGGER(22431): Aether: extFolder: /storage/emulated/0/Android/data/com.example.moonlight_spatialsdk/files
12-07 13:08:16.737 I/SPATIAL_SDK_LOGGER(22431): Utils: external_files_folder '/storage/emulated/0/Android/data/com.example.moonlight_spatialsdk/files'
12-07 13:08:16.737 I/HorizonStandalone(22431): Application: GraphicsHSR constructor
12-07 13:08:16.737 I/HorizonStandalone(22431): Application: ----------------------------------------------------------------
12-07 13:08:16.737 W/HorizonStandalone(22431): Core: AssertHandlerFlags overridden to |Log|Callstack|Callbacks|Abort|DebugBreak|
12-07 13:08:16.737 E/TrackedObjectManager( 2832): Failed to connect to TrackedObjectService with error Status(-129, EX_TRANSACTION_FAILED): 'DEAD_OBJECT: '
12-07 13:08:16.737 W/OSDynamicObjectDataQuerier( 2832): Attempted to start tracking objects when tracker was already started
12-07 13:08:16.737 E/TrackedObjectManager( 2832): Failed to connect to TrackedObjectService with error Status(-129, EX_TRANSACTION_FAILED): 'DEAD_OBJECT: '
12-07 13:08:16.737 E/TrackedObjectManager( 2832): Failed to start tracking keyboard object with error Status(-129, EX_TRANSACTION_FAILED): 'DEAD_OBJECT: '
12-07 13:08:16.739 I/HorizonStandalone(22431): Application: AetherApplication()
12-07 13:08:16.744 I/HorizonStandalone(22431): Application: HardwareInfo: deviceName=eureka, deviceModel=quest 3, deviceId=73d396b98a7006bb, manufacturerName=oculus, os=oculus, osBranch=releases-oculus-14.0-v85, osVersion=51764730039000520 displaySafeAreaTop=0, displaySafeAreaBottom=0, displaySafeAreaLeft=0, displaySafeAreaRight=0
12-07 13:08:16.744 I/HorizonStandalone(22431): Application: FLAG: connection_type: 
12-07 13:08:16.744 I/HorizonStandalone(22431): Application: FLAG: matchmaking_disabled: false
12-07 13:08:16.744 I/HorizonStandalone(22431): Application: FLAG: player_seed: 0
12-07 13:08:16.744 I/HorizonStandalone(22431): Application: FLAG: zone_namespace: 
12-07 13:08:16.744 I/HorizonStandalone(22431): Application: FLAG: zone_namespace_fallback: 
12-07 13:08:16.744 I/HorizonStandalone(22431): Application: FLAG: app_persistent_path: 
12-07 13:08:16.744 I/HorizonStandalone(22431): Application: FLAG: disable_http_proxy: false
12-07 13:08:16.744 I/HorizonStandalone(22431): Application: FLAG: extra_json_payload: 
12-07 13:08:16.744 I/HorizonStandalone(22431): Application: FLAG: headless: false
12-07 13:08:16.744 I/HorizonStandalone(22431): Application: FLAG: local_override_config: local_override_config.json
12-07 13:08:16.744 I/HorizonStandalone(22431): Application: FLAG: logFile: 
12-07 13:08:16.744 I/HorizonStandalone(22431): Application: FLAG: logical_cores: 0
12-07 13:08:16.744 I/HorizonStandalone(22431): Application: FLAG: mode2_config_dir: 
12-07 13:08:16.744 I/HorizonStandalone(22431): Application: FLAG: mode_config_dir: mode/xr
12-07 13:08:16.744 I/HorizonStandalone(22431): Application: FLAG: predefined_session_id: 
12-07 13:08:16.744 I/HorizonStandalone(22431): Application: FLAG: run_in_ci: false
12-07 13:08:16.744 I/HorizonStandalone(22431): Application: FLAG: run_in_fb_infra: false
12-07 13:08:16.744 I/HorizonStandalone(22431): Application: FLAG: test_app_handle: 
12-07 13:08:16.744 I/HorizonStandalone(22431): Application: FLAG: test_build_number: 
12-07 13:08:16.744 I/HorizonStandalone(22431): Application: FLAG: test_name: 
12-07 13:08:16.744 I/HorizonStandalone(22431): Application: FLAG: test_run_id: 
12-07 13:08:16.744 I/HorizonStandalone(22431): Application: FLAG: user_config: user_config.json
12-07 13:08:16.744 I/HorizonStandalone(22431): Application: FLAG: time_to_assert_seconds: 0
12-07 13:08:16.744 I/HorizonStandalone(22431): Application: FLAG: time_to_crash_seconds: 0
12-07 13:08:16.744 I/HorizonStandalone(22431): Application: FLAG: time_to_exception_seconds: 0
12-07 13:08:16.744 I/HorizonStandalone(22431): Application: FLAG: time_to_exit_seconds: 0
12-07 13:08:16.744 I/HorizonStandalone(22431): Application: FLAG: time_to_stall_renderer_seconds: 0
12-07 13:08:16.744 I/HorizonStandalone(22431): Application: FLAG: time_to_stall_sim_seconds: 0
12-07 13:08:16.744 I/HorizonStandalone(22431): Application: FLAG: time_to_stall_waitforjob_seconds: 0
12-07 13:08:16.744 I/HorizonStandalone(22431): Application: FLAG: config_overrides: 
12-07 13:08:16.744 I/HorizonStandalone(22431): Application: FLAG: autoConnectChromeDebuggerIfWaiting: false
12-07 13:08:16.744 I/HorizonStandalone(22431): Application: FLAG: enablePropertyBatching: true
12-07 13:08:16.744 I/HorizonStandalone(22431): Application: FLAG: enableRemoteScriptingDebugger: false
12-07 13:08:16.744 I/HorizonStandalone(22431): Application: FLAG: enableScriptTimeouts: false
12-07 13:08:16.744 I/HorizonStandalone(22431): Application: FLAG: remoteScriptingDebuggerPort: 9229
12-07 13:08:16.744 I/HorizonStandalone(22431): Application: FLAG: scriptTimeoutMs: 5000
12-07 13:08:16.744 I/HorizonStandalone(22431): Application: FLAG: waitForDebugger: false
12-07 13:08:16.744 I/HorizonStandalone(22431): Application: FLAG: flagfile: 
12-07 13:08:16.744 I/HorizonStandalone(22431): Application: FLAG: fromenv: 
12-07 13:08:16.744 I/HorizonStandalone(22431): Application: FLAG: tryfromenv: 
12-07 13:08:16.744 I/HorizonStandalone(22431): Application: FLAG: undefok: 
12-07 13:08:16.744 I/HorizonStandalone(22431): Application: FLAG: tab_completion_columns: 80
12-07 13:08:16.744 I/HorizonStandalone(22431): Application: FLAG: tab_completion_word: 
12-07 13:08:16.744 I/HorizonStandalone(22431): Application: FLAG: help: false
12-07 13:08:16.744 I/HorizonStandalone(22431): Application: FLAG: helpfull: false
12-07 13:08:16.744 I/HorizonStandalone(22431): Application: FLAG: helpmatch: 
12-07 13:08:16.744 I/HorizonStandalone(22431): Application: FLAG: helpon: 
12-07 13:08:16.744 I/HorizonStandalone(22431): Application: FLAG: helppackage: false
12-07 13:08:16.744 I/HorizonStandalone(22431): Application: FLAG: helpshort: false
12-07 13:08:16.744 I/HorizonStandalone(22431): Application: FLAG: helpxml: false
12-07 13:08:16.744 I/HorizonStandalone(22431): Application: FLAG: version: false
12-07 13:08:16.745 I/HorizonStandalone(22431): Application: Using temporary path: /data/user/0/com.example.moonlight_spatialsdk/files/AetherApplication/20251207/22431
12-07 13:08:16.745 I/HorizonStandalone(22431): Path: setApplicationTempDirectory /data/user/0/com.example.moonlight_spatialsdk/files/AetherApplication/20251207/22431 succeeded
12-07 13:08:16.745 I/HorizonStandalone(22431): Core: Closing log file, ''
12-07 13:08:16.745 I/HorizonStandalone(22431): Application: Log file initialized: /data/user/0/com.example.moonlight_spatialsdk/files/AetherApplication/20251207/22431/logs/AetherApplication.log
12-07 13:08:16.745 I/HorizonStandalone(22431): Application: Application pid: 22431
12-07 13:08:16.746 I/HorizonStandalone(22431): Path: setApplicationPersistentPath /storage/emulated/0/Android/data/com.example.moonlight_spatialsdk/files succeeded
12-07 13:08:16.746 I/HorizonStandalone(22431): Config: LoadFlags: AllowNoManifest=true, AllowDefaultConfigs=true, AllowUnknownConfigs=true
12-07 13:08:16.747 I/HorizonStandalone(22431): Config: Loading config files: baseConfigDir=config, modeConfigDir=config/mode/xr, mode2ConfigDir=, userConfigPath=config/user_config.json, overrideConfigPath=config/local_override_config.json, os=oculus, arch=arm64, hardwareVariant=eureka
12-07 13:08:16.747 W/HorizonStandalone(22431): Io: readTextFile("config/manifest.json", buffer, dataSize)
12-07 13:08:16.747 I/HorizonStandalone(22431): Config: manifest file could not be found/read: config/manifest.json
12-07 13:08:16.747 W/HorizonStandalone(22431): Config: AllowNoManifest
12-07 13:08:16.747 W/HorizonStandalone(22431): Io: readTextFile("config/oculus/manifest.json", buffer, dataSize)
12-07 13:08:16.747 I/HorizonStandalone(22431): Config: manifest file could not be found/read: config/oculus/manifest.json
12-07 13:08:16.747 W/HorizonStandalone(22431): Config: AllowNoManifest
12-07 13:08:16.747 W/HorizonStandalone(22431): Io: readTextFile("config/oculus/arm64/manifest.json", buffer, dataSize)
12-07 13:08:16.747 I/HorizonStandalone(22431): Config: manifest file could not be found/read: config/oculus/arm64/manifest.json
12-07 13:08:16.747 W/HorizonStandalone(22431): Config: AllowNoManifest
12-07 13:08:16.747 W/HorizonStandalone(22431): Io: readTextFile("config/oculus/arm64/eureka/manifest.json", buffer, dataSize)
12-07 13:08:16.747 I/HorizonStandalone(22431): Config: manifest file could not be found/read: config/oculus/arm64/eureka/manifest.json
12-07 13:08:16.747 W/HorizonStandalone(22431): Config: AllowNoManifest
12-07 13:08:16.747 W/HorizonStandalone(22431): Io: readTextFile("config/mode/xr/manifest.json", buffer, dataSize)
12-07 13:08:16.747 I/HorizonStandalone(22431): Config: manifest file could not be found/read: config/mode/xr/manifest.json
12-07 13:08:16.747 W/HorizonStandalone(22431): Config: AllowNoManifest
12-07 13:08:16.747 W/HorizonStandalone(22431): Io: readTextFile("config/mode/xr/oculus/manifest.json", buffer, dataSize)
12-07 13:08:16.747 I/HorizonStandalone(22431): Config: manifest file could not be found/read: config/mode/xr/oculus/manifest.json
12-07 13:08:16.747 W/HorizonStandalone(22431): Config: AllowNoManifest
12-07 13:08:16.747 W/HorizonStandalone(22431): Io: readTextFile("config/mode/xr/oculus/arm64/manifest.json", buffer, dataSize)
12-07 13:08:16.747 I/HorizonStandalone(22431): Config: manifest file could not be found/read: config/mode/xr/oculus/arm64/manifest.json
12-07 13:08:16.747 W/HorizonStandalone(22431): Config: AllowNoManifest
12-07 13:08:16.747 W/HorizonStandalone(22431): Io: readTextFile("config/mode/xr/oculus/arm64/eureka/manifest.json", buffer, dataSize)
12-07 13:08:16.747 I/HorizonStandalone(22431): Config: manifest file could not be found/read: config/mode/xr/oculus/arm64/eureka/manifest.json
12-07 13:08:16.747 W/HorizonStandalone(22431): Config: AllowNoManifest
12-07 13:08:16.747 W/HorizonStandalone(22431): Io: readTextFile("config/user_config.jsonc", buffer, dataSize)
12-07 13:08:16.747 I/HorizonStandalone(22431): Config: Config file config/user_config.jsonc Not Found, falling back to  config/user_config.json
12-07 13:08:16.747 W/HorizonStandalone(22431): Io: readTextFile("config/user_config.json", buffer, dataSize)
12-07 13:08:16.747 I/HorizonStandalone(22431): Config: override file could not be found/read: config/user_config.json
12-07 13:08:16.747 W/HorizonStandalone(22431): Io: readTextFile("config/local_override_config.jsonc", buffer, dataSize)
