12-07 14:50:39.567 E/TrackedObjectManager( 2832): Failed to start tracking keyboard object with error Status(-129, EX_TRANSACTION_FAILED): 'DEAD_OBJECT: '
12-07 14:50:39.569 I/LogicalDisplayMapper( 1971): Applying layout: [{dispId: 0(ON), displayGroupName: , addr: {port=146, model=0x40446dbbd154e4}, mThermalBrightnessThrottlingMapId: null, mRefreshRateZoneId: null, mLeadDisplayId: -1, mThermalRefreshRateThrottlingMapId: null}], Previous layout: [{dispId: 0(ON), displayGroupName: , addr: {port=146, model=0x40446dbbd154e4}, mThermalBrightnessThrottlingMapId: null, mRefreshRateZoneId: null, mLeadDisplayId: -1, mThermalRefreshRateThrottlingMapId: null}]
12-07 14:50:39.569 I/LogicalDisplayMapper( 1971): Setting new display group 0 for display 1039, from previous group: null
12-07 14:50:39.570 I/LogicalDisplayMapper( 1971): Adding new display: 1039: DisplayInfo{"MirrorRoot for c12e7e96-be15-4367-bf13-1b98ebddde0e", displayId 1039, displayGroupId 0, FLAG_SECURE, FLAG_SUPPORTS_PROTECTED_BUFFERS, real 1000 x 500, largest app 1000 x 500, smallest app 1000 x 500, appVsyncOff 0, presDeadline 16666666, mode 141060.0, defaultMode 1410, modes [{id=1410, width=1000, height=500, fps=60.0, alternativeRefreshRates=[], supportedHdrTypes=[]}], hdrCapabilities null, userDisabledHdrTypes [], minimalPostProcessingSupported false, rotation 0, state OFF, committedState UNKNOWN, type VIRTUAL, uniqueId "virtual:android,1000,MirrorRoot for c12e7e96-be15-4367-bf13-1b98ebddde0e,0", app 1000 x 500, density 200 (200.0 x 200.0) dpi, layerStack 1039, colorMode 0, supportedColorModes [0], deviceProductInfo null, owner android (uid 1000), removeMode 1, refreshRateOverride 0.0, brightnessMinimum 0.0, brightnessMaximum 0.0, brightnessDefault 0.0, installOrientation ROTATION_0, layoutLimitedRefreshRate null, hdrSdrRatio not_available, thermalRefreshRateThrottling {}, thermalBrightnessThrottlingDataId default}
12-07 14:50:39.570 W/BrightnessThrottler( 1971): DeviceConfig ThermalBrightnessThrottlingData is null
12-07 14:50:39.571 W/DisplayPowerController2[1039]( 1971): Screen brightness nits configuration is unavailable; falling back
12-07 14:50:39.580 E/TrackedObjectManager( 2832): Failed to connect to TrackedObjectService with error Status(-129, EX_TRANSACTION_FAILED): 'DEAD_OBJECT: '
12-07 14:50:39.580 W/OSDynamicObjectDataQuerier( 2832): Attempted to start tracking objects when tracker was already started
12-07 14:50:39.580 E/TrackedObjectManager( 2832): Failed to connect to TrackedObjectService with error Status(-129, EX_TRANSACTION_FAILED): 'DEAD_OBJECT: '
12-07 14:50:39.580 E/TrackedObjectManager( 2832): Failed to start tracking keyboard object with error Status(-129, EX_TRANSACTION_FAILED): 'DEAD_OBJECT: '
12-07 14:50:39.581 I/WindowManager( 1971): Override config changes=20005df8 {0.0 ?mcc0mnc ?localeList ?layoutDir sw400dp w800dp h400dp 200dpi nrml long land ?uimode ?night -touch -keyb/v/h -nav/h winConfig={ mBounds=Rect(0, 0 - 1000, 500) mAppBounds=Rect(0, 0 - 1000, 500) mMaxBounds=Rect(0, 0 - 1000, 500) mDisplayRotation=ROTATION_0 mWindowingMode=fullscreen mDisplayWindowingMode=fullscreen mActivityType=undefined mAlwaysOnTop=undefined mRotation=ROTATION_0} ?fontWeightAdjustment} for displayId=1039
12-07 14:50:39.582 W/DisplayController( 7059): Skipping Display Configuration change on non-added display.
12-07 14:50:39.587 D/DisplayManagerService( 1971): Ignore redundant display event 1039/2 to 10079/25425
12-07 14:50:39.587 D/DisplayManagerService( 1971): Ignore redundant display event 1039/2 to 10049/32634
12-07 14:50:39.588 V/DisplayPowerController2[1039]( 1971): Brightness [0.0] reason changing to: 'manual', previous reason: '0'.
12-07 14:50:39.588 I/DisplayPowerController2[1039]( 1971): BrightnessEvent: disp=1039, physDisp=virtual:android,1000,MirrorRoot for c12e7e96-be15-4367-bf13-1b98ebddde0e,0, brt=0.0, initBrt=NaN, rcmdBrt=NaN, preBrt=NaN, lux=0.0, preLux=0.0, hbmMax=1.0, hbmMode=off, rbcStrength=-1, thrmMax=1.0, powerFactor=1.0, wasShortTermModelActive=false, flags=, reason=manual, autoBrightness=false, strategy=InvalidBrightnessStrategy
12-07 14:50:39.590 I/VolumetricWindowManagerServiceImpl( 1971): addVolumetricWindow done: userId = 0, wct = bd6b078, vw type = 2, vw persistable token = c12e7e96-be15-4367-bf13-1b98ebddde0e, rootTaskId = 3
12-07 14:50:39.590 I/VolumetricWindowManagerServiceImpl( 1971): addTaskVolumetricWindowLocked: taskId = 3, VW = VolumetricWindowInfo { volumetricWindowToken = VolumetricWindowToken { scope = 1, token = horizonos.view.VolumetricWindowToken$InternalVolumetricToken@a01e1b7, persistableToken = c12e7e96-be15-4367-bf13-1b98ebddde0e }, type = 2, bounds = Extent3f { width = 0.15874992, height = 0.07937496, depth = 0.0 }, pose = Pose { orientation = Vector4f { x = 0.0, y = 0.0, z = 0.0, w = 1.0 }, position = Vector3f { x = 0.0, y = 0.0, z = 0.0 } }, windowSize2d = Extent2i { width = 1000, height = 500 }, densityDpi = 200, windowSpaceToken = SpaceToken { binderToken = horizonos.view.SpaceToken$InternalSpaceToken@1d0d24, persistableToken = 1cca9b45-9b67-49f6-a28a-4950949a3126 }, visible = true, active = true, drawn = false, persistable = false, singlePassCompositionEnabled = false, depthTestEnabled = false, inView = false, windowFlags = 0, priorityHintInfo = PriorityHintInfo { windowPpd = 0.0, viewAngleSine = -1.0, visiblePercent = 1.0, distanceFromUser = 0.0, attentionZone = 0 }, taskInfo = null, presentation = VolumetricWindowPresentationInfo { controlBar = null }, layoutParams = null, children = [], shape = 1, cylinderInfo = null }, isSinglePassCompositionEnabled = false, isComponentBlocklisted = false, isComponentForcedToSPC = false
12-07 14:50:39.594 E/TrackedObjectManager( 2832): Failed to connect to TrackedObjectService with error Status(-129, EX_TRANSACTION_FAILED): 'DEAD_OBJECT: '
12-07 14:50:39.594 W/OSDynamicObjectDataQuerier( 2832): Attempted to start tracking objects when tracker was already started
12-07 14:50:39.594 E/TrackedObjectManager( 2832): Failed to connect to TrackedObjectService with error Status(-129, EX_TRANSACTION_FAILED): 'DEAD_OBJECT: '
12-07 14:50:39.594 E/TrackedObjectManager( 2832): Failed to start tracking keyboard object with error Status(-129, EX_TRANSACTION_FAILED): 'DEAD_OBJECT: '
12-07 14:50:39.600 E/CellBroadcastUtils( 1971): getDefaultCellBroadcastReceiverPackageName: no package found
12-07 14:50:39.603 D/perfservice(  872): [POWERHINT] Received LAUNCH hint
12-07 14:50:39.604 E/perfservice(  872): End applying 'START_HINT' from hint 'LAUNCH' - Failed after 5 retries - Latency: 0.541ms
12-07 14:50:39.604 E/perfservice(  872):   >> Failed final validation: /sys/block/dm-0/queue/read_ahead_kb=512
12-07 14:50:39.604 E/perfservice(  872):   >> Failed final validation: /sys/block/dm-1/queue/read_ahead_kb=512
12-07 14:50:39.605 I/ActivityTaskManager( 1971): Add Task{a169d98 #2919 type=standard A=10176:com.example.moonlight_spatialsdk} to hidden list because adding Task{7a4896d #2920 type=standard A=10176:com.example.moonlight_spatialsdk}
12-07 14:50:39.608 E/TrackedObjectManager( 2832): Failed to connect to TrackedObjectService with error Status(-129, EX_TRANSACTION_FAILED): 'DEAD_OBJECT: '
12-07 14:50:39.608 W/OSDynamicObjectDataQuerier( 2832): Attempted to start tracking objects when tracker was already started
12-07 14:50:39.608 E/TrackedObjectManager( 2832): Failed to connect to TrackedObjectService with error Status(-129, EX_TRANSACTION_FAILED): 'DEAD_OBJECT: '
12-07 14:50:39.608 E/TrackedObjectManager( 2832): Failed to start tracking keyboard object with error Status(-129, EX_TRANSACTION_FAILED): 'DEAD_OBJECT: '
12-07 14:50:39.608 I/ActivityTaskManager( 1971): START u0 {act=android.intent.action.MAIN flg=0x10010100 cmp=com.example.moonlight_spatialsdk/.ImmersiveActivity (has extras)} with LAUNCH_SINGLE_TASK from uid 10176 (realCallingUid=1000) (BAL_ALLOW_VISIBLE_WINDOW) result code=0
12-07 14:50:39.610 I/VolumetricContentMonitor( 1971): Switching to immersive app. taskId: 3, ActivityInfo{e350afa com.example.moonlight_spatialsdk.ImmersiveActivity}
12-07 14:50:39.612 V/WindowManager( 1971): Queueing transition: TransitionRecord{66bfb08 id=-1 type=SLEEP flags=0x0}
12-07 14:50:39.612 V/WindowManager( 1971): Content Recording: Display 1039 state is now (1), so update recording?
12-07 14:50:39.615 I/InterstitialController( 1971): onImmersiveActivityAppeared: uid: 10176, pid: 9526, state: 4, com.example.moonlight_spatialsdk, on task: WCT{RemoteToken{bd6b078 Task{403e4d4 #3 type=standard}}}, launchId: null
12-07 14:50:39.615 I/UiModeController( 1971): Switching from com.oculus.vrshell to com.example.moonlight_spatialsdk
12-07 14:50:39.618 V/WorldManagerService( 1971): VW Content Listener: com.example.moonlight_spatialsdk -1
12-07 14:50:39.618 D/SpatialAudioService( 1971): Skipping processing for app: com.example.moonlight_spatialsdk (isNewApp: false, perAppEnabled: true, epsService: true)
12-07 14:50:39.619 W/TrustedCallerVerifier(27119): Could not verify trusted caller for uidPackageNames=[com.oculus.metacam] and uidSignature=android.content.pm.Signature@89661ab1
12-07 14:50:39.622 E/TrackedObjectManager( 2832): Failed to connect to TrackedObjectService with error Status(-129, EX_TRANSACTION_FAILED): 'DEAD_OBJECT: '
12-07 14:50:39.622 W/OSDynamicObjectDataQuerier( 2832): Attempted to start tracking objects when tracker was already started
12-07 14:50:39.622 E/TrackedObjectManager( 2832): Failed to connect to TrackedObjectService with error Status(-129, EX_TRANSACTION_FAILED): 'DEAD_OBJECT: '
12-07 14:50:39.622 E/TrackedObjectManager( 2832): Failed to start tracking keyboard object with error Status(-129, EX_TRANSACTION_FAILED): 'DEAD_OBJECT: '
12-07 14:50:39.625 W/AppManagerInternal(27119): Entitlement for packageName=com.example.moonlight_spatialsdk not found, channels=[Store, Q4B, PcStore]
12-07 14:50:39.625 D/LibraryProvider(27119): queryApp(com.example.moonlight_spatialsdk) could not find entitlement
12-07 14:50:39.625 W/OVRLibrary(15000): null cursor received for query content://com.oculus.ocms.library/apps/com.example.moonlight_spatialsdk
12-07 14:50:39.625 E/CoresdkAnalyticsEvent(15000): could not set key=session_id value=null
12-07 14:50:39.627 D/VrosSpatialAudio( 9526): Immersive activity detected, skip VrosSpatialAudio init
12-07 14:50:39.628 I/System.out( 9526): === IMMERSIVE_ACTIVITY_ONCREATE_START ===
12-07 14:50:39.628 E/ImmersiveActivity( 9526): === IMMERSIVE_ACTIVITY_ONCREATE_START ===
12-07 14:50:39.629 I/VrActivity[j]( 9526): VrActivity::onCreate com.example.moonlight_spatialsdk.ImmersiveActivity@c4c01c4 false
12-07 14:50:39.633 I/BpBinder( 2392): onLastStrongRef automatically unlinking death recipients: 
12-07 14:50:39.635 E/TrackedObjectManager( 2832): Failed to connect to TrackedObjectService with error Status(-129, EX_TRANSACTION_FAILED): 'DEAD_OBJECT: '
12-07 14:50:39.635 W/OSDynamicObjectDataQuerier( 2832): Attempted to start tracking objects when tracker was already started
12-07 14:50:39.635 E/TrackedObjectManager( 2832): Failed to connect to TrackedObjectService with error Status(-129, EX_TRANSACTION_FAILED): 'DEAD_OBJECT: '
12-07 14:50:39.635 E/TrackedObjectManager( 2832): Failed to start tracking keyboard object with error Status(-129, EX_TRANSACTION_FAILED): 'DEAD_OBJECT: '
12-07 14:50:39.649 E/TrackedObjectManager( 2832): Failed to connect to TrackedObjectService with error Status(-129, EX_TRANSACTION_FAILED): 'DEAD_OBJECT: '
12-07 14:50:39.649 W/OSDynamicObjectDataQuerier( 2832): Attempted to start tracking objects when tracker was already started
12-07 14:50:39.649 E/TrackedObjectManager( 2832): Failed to connect to TrackedObjectService with error Status(-129, EX_TRANSACTION_FAILED): 'DEAD_OBJECT: '
12-07 14:50:39.649 E/TrackedObjectManager( 2832): Failed to start tracking keyboard object with error Status(-129, EX_TRANSACTION_FAILED): 'DEAD_OBJECT: '
12-07 14:50:39.659 I/libcamerahal( 9363): [INSIGHTS][2.02s] recv/ret/req heartbeat: cam4: 145/145/145, cam5: 145/145/145
12-07 14:50:39.663 E/TrackedObjectManager( 2832): Failed to connect to TrackedObjectService with error Status(-129, EX_TRANSACTION_FAILED): 'DEAD_OBJECT: '
12-07 14:50:39.663 W/OSDynamicObjectDataQuerier( 2832): Attempted to start tracking objects when tracker was already started
12-07 14:50:39.663 E/TrackedObjectManager( 2832): Failed to connect to TrackedObjectService with error Status(-129, EX_TRANSACTION_FAILED): 'DEAD_OBJECT: '
12-07 14:50:39.663 E/TrackedObjectManager( 2832): Failed to start tracking keyboard object with error Status(-129, EX_TRANSACTION_FAILED): 'DEAD_OBJECT: '
12-07 14:50:39.672 I/Tracking( 9368): CONSTELLATION:IMU_STATUS: 0x402c25cbf028a4e8 (R): [#Samples=2476] 84088.588s | [FusionTracked=1.000, OutputTracked=1.000, OutputValid=1.000] [AccelSat=0.000, GyroSat=0.000] [AccelMinMeanMax: X=0.393|2.199|5.401, Y=-7.404|-4.603|-1.930, Z=-10.281|-8.009|-5.244] [GyroMinMeanMax: X=-0.526|0.034|0.654, Y=-0.886|-0.002|0.961, Z=-1.072|0.006|1.238] [AccelStuck: X=0|0.000, Y=0|0.000, Z=0|0.000] [GyroStuck: X=4|0.126, Y=4|-0.100, Z=4|-0.481]  [Current time=84088.588s, last log time=84083.587s]
12-07 14:50:39.673 I/SPATIAL_SDK_LOGGER( 9526): ISDK: Registering ISDK plugin
12-07 14:50:39.677 E/TrackedObjectManager( 2832): Failed to connect to TrackedObjectService with error Status(-129, EX_TRANSACTION_FAILED): 'DEAD_OBJECT: '
12-07 14:50:39.677 W/OSDynamicObjectDataQuerier( 2832): Attempted to start tracking objects when tracker was already started
12-07 14:50:39.677 E/TrackedObjectManager( 2832): Failed to connect to TrackedObjectService with error Status(-129, EX_TRANSACTION_FAILED): 'DEAD_OBJECT: '
12-07 14:50:39.677 E/TrackedObjectManager( 2832): Failed to start tracking keyboard object with error Status(-129, EX_TRANSACTION_FAILED): 'DEAD_OBJECT: '
12-07 14:50:39.685 I/SPATIAL_SDK_LOGGER( 9526): OVRMetricsTool: Registering OVR Metrics Tool plugin
12-07 14:50:39.685 I/SPATIAL_SDK_LOGGER( 9526): OVRMetricsTool: Registered OVR Metrics Tool plugin
12-07 14:50:39.685 I/SPATIAL_SDK_LOGGER( 9526): OVRMetricsTool: Initializing OVRMetricsTool
12-07 14:50:39.685 D/OVRMetricsToolSDK( 9526): ovrMetricsTool_EnterVrMode
12-07 14:50:39.685 E/OVRMetricsToolSDK( 9526): Failed to get OVRMetricsTool SDK API.
12-07 14:50:39.685 I/SPATIAL_SDK_LOGGER( 9526): OVRMetricsTool: Initializing OVRMetricsTool Done
12-07 14:50:39.685 I/Tracking( 9368): CONSTELLATION:IMU_STATUS: 0xf343f271512a1feb (L): [#Samples=2528] 84088.599s | [FusionTracked=1.000, OutputTracked=1.000, OutputValid=1.000] [AccelSat=0.000, GyroSat=0.000] [AccelMinMeanMax: X=-4.308|-4.134|-3.965, Y=-2.106|-1.865|-1.696, Z=-8.953|-8.621|-8.229] [GyroMinMeanMax: X=-0.077|-0.011|0.102, Y=-0.070|-0.022|0.011, Z=-0.064|-0.005|0.047] [AccelStuck: X=0|0.000, Y=0|0.000, Z=0|0.000] [GyroStuck: X=0|0.000, Y=0|0.000, Z=0|0.000]  [Current time=84088.599s, last log time=84083.598s]
12-07 14:50:39.690 I/SPATIAL_SDK_LOGGER( 9526): Data: DataModel created with client id 7484982580689764352
12-07 14:50:39.691 I/SPATIAL_SDK_LOGGER( 9526): Utils: temp_folder '/data/user/0/com.example.moonlight_spatialsdk/cache'
12-07 14:50:39.691 E/TrackedObjectManager( 2832): Failed to connect to TrackedObjectService with error Status(-129, EX_TRANSACTION_FAILED): 'DEAD_OBJECT: '
12-07 14:50:39.691 W/OSDynamicObjectDataQuerier( 2832): Attempted to start tracking objects when tracker was already started
12-07 14:50:39.691 E/TrackedObjectManager( 2832): Failed to connect to TrackedObjectService with error Status(-129, EX_TRANSACTION_FAILED): 'DEAD_OBJECT: '
12-07 14:50:39.691 E/TrackedObjectManager( 2832): Failed to start tracking keyboard object with error Status(-129, EX_TRANSACTION_FAILED): 'DEAD_OBJECT: '
12-07 14:50:39.692 I/SPATIAL_SDK_LOGGER( 9526): Utils: external_files_folder '/storage/emulated/0/Android/data/com.example.moonlight_spatialsdk/files'
12-07 14:50:39.692 I/SPATIAL_SDK_LOGGER( 9526): Aether: extFolder: /storage/emulated/0/Android/data/com.example.moonlight_spatialsdk/files
12-07 14:50:39.697 I/SPATIAL_SDK_LOGGER( 9526): Utils: external_files_folder '/storage/emulated/0/Android/data/com.example.moonlight_spatialsdk/files'
12-07 14:50:39.697 I/HorizonStandalone( 9526): Application: GraphicsHSR constructor
12-07 14:50:39.697 I/HorizonStandalone( 9526): Application: ----------------------------------------------------------------
12-07 14:50:39.697 W/HorizonStandalone( 9526): Core: AssertHandlerFlags overridden to |Log|Callstack|Callbacks|Abort|DebugBreak|
12-07 14:50:39.699 I/HorizonStandalone( 9526): Application: AetherApplication()
12-07 14:50:39.701 I/HorizonStandalone( 9526): Application: HardwareInfo: deviceName=eureka, deviceModel=quest 3, deviceId=73d396b98a7006bb, manufacturerName=oculus, os=oculus, osBranch=releases-oculus-14.0-v85, osVersion=51764730039000520 displaySafeAreaTop=0, displaySafeAreaBottom=0, displaySafeAreaLeft=0, displaySafeAreaRight=0
12-07 14:50:39.701 I/HorizonStandalone( 9526): Application: FLAG: connection_type: 
12-07 14:50:39.701 I/HorizonStandalone( 9526): Application: FLAG: matchmaking_disabled: false
12-07 14:50:39.701 I/HorizonStandalone( 9526): Application: FLAG: player_seed: 0
12-07 14:50:39.701 I/HorizonStandalone( 9526): Application: FLAG: zone_namespace: 
12-07 14:50:39.701 I/HorizonStandalone( 9526): Application: FLAG: zone_namespace_fallback: 
12-07 14:50:39.701 I/HorizonStandalone( 9526): Application: FLAG: app_persistent_path: 
12-07 14:50:39.701 I/HorizonStandalone( 9526): Application: FLAG: disable_http_proxy: false
12-07 14:50:39.701 I/HorizonStandalone( 9526): Application: FLAG: extra_json_payload: 
12-07 14:50:39.701 I/HorizonStandalone( 9526): Application: FLAG: headless: false
12-07 14:50:39.701 I/HorizonStandalone( 9526): Application: FLAG: local_override_config: local_override_config.json
12-07 14:50:39.701 I/HorizonStandalone( 9526): Application: FLAG: logFile: 
12-07 14:50:39.701 I/HorizonStandalone( 9526): Application: FLAG: logical_cores: 0
12-07 14:50:39.701 I/HorizonStandalone( 9526): Application: FLAG: mode2_config_dir: 
12-07 14:50:39.701 I/HorizonStandalone( 9526): Application: FLAG: mode_config_dir: mode/xr
12-07 14:50:39.701 I/HorizonStandalone( 9526): Application: FLAG: predefined_session_id: 
12-07 14:50:39.701 I/HorizonStandalone( 9526): Application: FLAG: run_in_ci: false
12-07 14:50:39.701 I/HorizonStandalone( 9526): Application: FLAG: run_in_fb_infra: false
12-07 14:50:39.701 I/HorizonStandalone( 9526): Application: FLAG: test_app_handle: 
12-07 14:50:39.701 I/HorizonStandalone( 9526): Application: FLAG: test_build_number: 
12-07 14:50:39.701 I/HorizonStandalone( 9526): Application: FLAG: test_name: 
12-07 14:50:39.701 I/HorizonStandalone( 9526): Application: FLAG: test_run_id: 
12-07 14:50:39.701 I/HorizonStandalone( 9526): Application: FLAG: user_config: user_config.json
12-07 14:50:39.701 I/HorizonStandalone( 9526): Application: FLAG: time_to_assert_seconds: 0
12-07 14:50:39.701 I/HorizonStandalone( 9526): Application: FLAG: time_to_crash_seconds: 0
12-07 14:50:39.701 I/HorizonStandalone( 9526): Application: FLAG: time_to_exception_seconds: 0
12-07 14:50:39.701 I/HorizonStandalone( 9526): Application: FLAG: time_to_exit_seconds: 0
12-07 14:50:39.701 I/HorizonStandalone( 9526): Application: FLAG: time_to_stall_renderer_seconds: 0
12-07 14:50:39.701 I/HorizonStandalone( 9526): Application: FLAG: time_to_stall_sim_seconds: 0
12-07 14:50:39.701 I/HorizonStandalone( 9526): Application: FLAG: time_to_stall_waitforjob_seconds: 0
12-07 14:50:39.701 I/HorizonStandalone( 9526): Application: FLAG: config_overrides: 
12-07 14:50:39.701 I/HorizonStandalone( 9526): Application: FLAG: autoConnectChromeDebuggerIfWaiting: false
12-07 14:50:39.701 I/HorizonStandalone( 9526): Application: FLAG: enablePropertyBatching: true
12-07 14:50:39.701 I/HorizonStandalone( 9526): Application: FLAG: enableRemoteScriptingDebugger: false
12-07 14:50:39.701 I/HorizonStandalone( 9526): Application: FLAG: enableScriptTimeouts: false
12-07 14:50:39.701 I/HorizonStandalone( 9526): Application: FLAG: remoteScriptingDebuggerPort: 9229
12-07 14:50:39.701 I/HorizonStandalone( 9526): Application: FLAG: scriptTimeoutMs: 5000
12-07 14:50:39.701 I/HorizonStandalone( 9526): Application: FLAG: waitForDebugger: false
12-07 14:50:39.701 I/HorizonStandalone( 9526): Application: FLAG: flagfile: 
12-07 14:50:39.701 I/HorizonStandalone( 9526): Application: FLAG: fromenv: 
12-07 14:50:39.701 I/HorizonStandalone( 9526): Application: FLAG: tryfromenv: 
12-07 14:50:39.701 I/HorizonStandalone( 9526): Application: FLAG: undefok: 
12-07 14:50:39.701 I/HorizonStandalone( 9526): Application: FLAG: tab_completion_columns: 80
12-07 14:50:39.701 I/HorizonStandalone( 9526): Application: FLAG: tab_completion_word: 
12-07 14:50:39.701 I/HorizonStandalone( 9526): Application: FLAG: help: false
12-07 14:50:39.701 I/HorizonStandalone( 9526): Application: FLAG: helpfull: false
12-07 14:50:39.701 I/HorizonStandalone( 9526): Application: FLAG: helpmatch: 
12-07 14:50:39.701 I/HorizonStandalone( 9526): Application: FLAG: helpon: 
12-07 14:50:39.701 I/HorizonStandalone( 9526): Application: FLAG: helppackage: false
12-07 14:50:39.701 I/HorizonStandalone( 9526): Application: FLAG: helpshort: false
12-07 14:50:39.701 I/HorizonStandalone( 9526): Application: FLAG: helpxml: false
12-07 14:50:39.701 I/HorizonStandalone( 9526): Application: FLAG: version: false
12-07 14:50:39.701 I/HorizonStandalone( 9526): Application: Using temporary path: /data/user/0/com.example.moonlight_spatialsdk/files/AetherApplication/20251207/9526
12-07 14:50:39.703 I/HorizonStandalone( 9526): Path: setApplicationTempDirectory /data/user/0/com.example.moonlight_spatialsdk/files/AetherApplication/20251207/9526 succeeded
12-07 14:50:39.703 I/HorizonStandalone( 9526): Core: Closing log file, ''
12-07 14:50:39.703 I/HorizonStandalone( 9526): Application: Log file initialized: /data/user/0/com.example.moonlight_spatialsdk/files/AetherApplication/20251207/9526/logs/AetherApplication.log
12-07 14:50:39.703 I/HorizonStandalone( 9526): Application: Application pid: 9526
12-07 14:50:39.704 I/HorizonStandalone( 9526): Path: setApplicationPersistentPath /storage/emulated/0/Android/data/com.example.moonlight_spatialsdk/files succeeded
12-07 14:50:39.704 I/HorizonStandalone( 9526): Config: LoadFlags: AllowNoManifest=true, AllowDefaultConfigs=true, AllowUnknownConfigs=true
12-07 14:50:39.704 I/HorizonStandalone( 9526): Config: Loading config files: baseConfigDir=config, modeConfigDir=config/mode/xr, mode2ConfigDir=, userConfigPath=config/user_config.json, overrideConfigPath=config/local_override_config.json, os=oculus, arch=arm64, hardwareVariant=eureka
12-07 14:50:39.704 W/HorizonStandalone( 9526): Io: readTextFile("config/manifest.json", buffer, dataSize)
12-07 14:50:39.704 I/HorizonStandalone( 9526): Config: manifest file could not be found/read: config/manifest.json
12-07 14:50:39.704 W/HorizonStandalone( 9526): Config: AllowNoManifest
12-07 14:50:39.704 W/HorizonStandalone( 9526): Io: readTextFile("config/oculus/manifest.json", buffer, dataSize)
12-07 14:50:39.704 I/HorizonStandalone( 9526): Config: manifest file could not be found/read: config/oculus/manifest.json
12-07 14:50:39.704 W/HorizonStandalone( 9526): Config: AllowNoManifest
12-07 14:50:39.704 W/HorizonStandalone( 9526): Io: readTextFile("config/oculus/arm64/manifest.json", buffer, dataSize)
12-07 14:50:39.704 I/HorizonStandalone( 9526): Config: manifest file could not be found/read: config/oculus/arm64/manifest.json
12-07 14:50:39.704 W/HorizonStandalone( 9526): Config: AllowNoManifest
12-07 14:50:39.704 W/HorizonStandalone( 9526): Io: readTextFile("config/oculus/arm64/eureka/manifest.json", buffer, dataSize)
12-07 14:50:39.704 I/HorizonStandalone( 9526): Config: manifest file could not be found/read: config/oculus/arm64/eureka/manifest.json
12-07 14:50:39.704 W/HorizonStandalone( 9526): Config: AllowNoManifest
12-07 14:50:39.704 W/HorizonStandalone( 9526): Io: readTextFile("config/mode/xr/manifest.json", buffer, dataSize)
12-07 14:50:39.704 I/HorizonStandalone( 9526): Config: manifest file could not be found/read: config/mode/xr/manifest.json
12-07 14:50:39.704 W/HorizonStandalone( 9526): Config: AllowNoManifest
12-07 14:50:39.704 W/HorizonStandalone( 9526): Io: readTextFile("config/mode/xr/oculus/manifest.json", buffer, dataSize)
12-07 14:50:39.704 I/HorizonStandalone( 9526): Config: manifest file could not be found/read: config/mode/xr/oculus/manifest.json
12-07 14:50:39.704 W/HorizonStandalone( 9526): Config: AllowNoManifest
12-07 14:50:39.704 W/HorizonStandalone( 9526): Io: readTextFile("config/mode/xr/oculus/arm64/manifest.json", buffer, dataSize)
12-07 14:50:39.704 I/HorizonStandalone( 9526): Config: manifest file could not be found/read: config/mode/xr/oculus/arm64/manifest.json
12-07 14:50:39.704 W/HorizonStandalone( 9526): Config: AllowNoManifest
12-07 14:50:39.704 W/HorizonStandalone( 9526): Io: readTextFile("config/mode/xr/oculus/arm64/eureka/manifest.json", buffer, dataSize)
12-07 14:50:39.704 I/HorizonStandalone( 9526): Config: manifest file could not be found/read: config/mode/xr/oculus/arm64/eureka/manifest.json
12-07 14:50:39.704 W/HorizonStandalone( 9526): Config: AllowNoManifest
12-07 14:50:39.704 W/HorizonStandalone( 9526): Io: readTextFile("config/user_config.jsonc", buffer, dataSize)
12-07 14:50:39.704 I/HorizonStandalone( 9526): Config: Config file config/user_config.jsonc Not Found, falling back to  config/user_config.json
12-07 14:50:39.704 W/HorizonStandalone( 9526): Io: readTextFile("config/user_config.json", buffer, dataSize)
12-07 14:50:39.704 I/HorizonStandalone( 9526): Config: override file could not be found/read: config/user_config.json
12-07 14:50:39.704 W/HorizonStandalone( 9526): Io: readTextFile("config/local_override_config.jsonc", buffer, dataSize)
12-07 14:50:39.704 I/HorizonStandalone( 9526): Config: Config file config/local_override_config.jsonc Not Found, falling back to  config/local_override_config.json
12-07 14:50:39.704 W/HorizonStandalone( 9526): Io: readTextFile("config/local_override_config.json", buffer, dataSize)
12-07 14:50:39.704 I/HorizonStandalone( 9526): Config: override file could not be found/read: config/local_override_config.json
12-07 14:50:39.704 W/HorizonStandalone( 9526): Io: readTextFile("config/oculus/local_override_config.jsonc", buffer, dataSize)
12-07 14:50:39.704 I/HorizonStandalone( 9526): Config: Config file config/oculus/local_override_config.jsonc Not Found, falling back to  config/oculus/local_override_config.json
12-07 14:50:39.704 W/HorizonStandalone( 9526): Io: readTextFile("config/oculus/local_override_config.json", buffer, dataSize)
12-07 14:50:39.704 I/HorizonStandalone( 9526): Config: override file could not be found/read: config/oculus/local_override_config.json
12-07 14:50:39.704 W/HorizonStandalone( 9526): Io: readTextFile("config/oculus/arm64/local_override_config.jsonc", buffer, dataSize)
12-07 14:50:39.704 I/HorizonStandalone( 9526): Config: Config file config/oculus/arm64/local_override_config.jsonc Not Found, falling back to  config/oculus/arm64/local_override_config.json
12-07 14:50:39.704 W/HorizonStandalone( 9526): Io: readTextFile("config/oculus/arm64/local_override_config.json", buffer, dataSize)
12-07 14:50:39.704 I/HorizonStandalone( 9526): Config: override file could not be found/read: config/oculus/arm64/local_override_config.json
12-07 14:50:39.704 W/HorizonStandalone( 9526): Io: readTextFile("config/oculus/arm64/eureka/local_override_config.jsonc", buffer, dataSize)
12-07 14:50:39.704 I/HorizonStandalone( 9526): Config: Config file config/oculus/arm64/eureka/local_override_config.jsonc Not Found, falling back to  config/oculus/arm64/eureka/local_override_config.json
12-07 14:50:39.704 W/HorizonStandalone( 9526): Io: readTextFile("config/oculus/arm64/eureka/local_override_config.json", buffer, dataSize)
12-07 14:50:39.704 I/HorizonStandalone( 9526): Config: override file could not be found/read: config/oculus/arm64/eureka/local_override_config.json
12-07 14:50:39.704 I/HorizonStandalone( 9526): Config: Missing config horizon::worlds::splat_renderer::SplatRendererConfig on interface <fix-T201766142>, error deferred
12-07 14:50:39.704 W/HorizonStandalone( 9526): Config: AllowDefaultConfigs: No config file specified by manifest for horizon::ts_environment_file::FbsourceTsconfigConfig. Using object defaults.
12-07 14:50:39.704 W/HorizonStandalone( 9526): Config: AllowDefaultConfigs: No config file specified by manifest for horizon::scripting_model::ScriptingConfig. Using object defaults.
12-07 14:50:39.704 I/HorizonStandalone( 9526): Config: Missing config horizon::player_grabbing::PlayerGrabbingConfig on interface <fix-T201766142>, error deferred
12-07 14:50:39.704 I/HorizonStandalone( 9526): Config: Missing config horizon::matchmaking::MatchmakingConfig on interface <fix-T201766142>, error deferred
12-07 14:50:39.704 I/HorizonStandalone( 9526): Config: Missing config horizon::player::PlayerConfig on interface <fix-T201766142>, error deferred
12-07 14:50:39.705 I/HorizonStandalone( 9526): Config: Missing config horizon::physics::PhysicsConfig on interface <fix-T201766142>, error deferred
12-07 14:50:39.705 I/HorizonStandalone( 9526): Config: Missing config horizon::input::InputConfig on interface <fix-T201766142>, error deferred
12-07 14:50:39.705 I/HorizonStandalone( 9526): Config: Missing config horizon::hmi::HmiConfig on interface <fix-T201766142>, error deferred
12-07 14:50:39.705 W/HorizonStandalone( 9526): Config: AllowDefaultConfigs: No config file specified by manifest for horizon::visibility_mask::VisibilityMaskConfig. Using object defaults.
12-07 14:50:39.705 I/HorizonStandalone( 9526): Config: Missing config horizon::core_ui::CoreUiConfig on interface <fix-T201766142>, error deferred
12-07 14:50:39.705 I/HorizonStandalone( 9526): Config: Missing config horizon::character::CharacterConfig on interface <fix-T201766142>, error deferred
12-07 14:50:39.705 I/HorizonStandalone( 9526): Config: Missing config horizon::avatar::AvatarConfig on interface <fix-T201766142>, error deferred
12-07 14:50:39.705 I/HorizonStandalone( 9526): Config: Missing config horizon::auth::AuthConfig on interface <fix-T201766142>, error deferred
12-07 14:50:39.705 I/HorizonStandalone( 9526): Config: Missing config horizon::ui_debug::DebugUiConfig on interface <fix-T201766142>, error deferred
12-07 14:50:39.705 W/HorizonStandalone( 9526): Config: AllowDefaultConfigs: No config file specified by manifest for horizon::EntityLifecycleConfig. Using object defaults.
12-07 14:50:39.705 I/HorizonStandalone( 9526): Config: Missing config horizon::asset_service::AssetServiceConfig on interface <fix-T201766142>, error deferred
12-07 14:50:39.705 I/HorizonStandalone( 9526): Config: Missing config horizon::asset_service::AssetServiceClientConfig on interface <fix-T201766142>, error deferred
12-07 14:50:39.705 W/HorizonStandalone( 9526): Config: AllowDefaultConfigs: No config file specified by manifest for horizon::JobSystemDebugConfig. Using object defaults.
12-07 14:50:39.705 W/HorizonStandalone( 9526): Config: AllowDefaultConfigs: No config file specified by manifest for horizon::WatchdogConfig. Using object defaults.
12-07 14:50:39.705 I/HorizonStandalone( 9526): Config: Missing config horizon::interaction::InteractionConfig on interface <fix-T201766142>, error deferred
12-07 14:50:39.705 I/HorizonStandalone( 9526): Config: Missing config horizon::embodiment::EmbodimentConfig on interface <fix-T201766142>, error deferred
12-07 14:50:39.705 I/HorizonStandalone( 9526): Config: Missing config horizon::VoipConfig on interface <fix-T201766142>, error deferred
12-07 14:50:39.705 W/HorizonStandalone( 9526): Config: AllowDefaultConfigs: No config file specified by manifest for horizon::networking::ShardingConfig. Using object defaults.
12-07 14:50:39.705 W/HorizonStandalone( 9526): Config: AllowDefaultConfigs: No config file specified by manifest for horizon::SceneManagerConfig. Using object defaults.
12-07 14:50:39.705 W/HorizonStandalone( 9526): Config: AllowDefaultConfigs: No config file specified by manifest for horizon::ApplicationConfig. Using object defaults.
12-07 14:50:39.705 I/HorizonStandalone( 9526): Config: Missing config horizon::asset_service::AssetRefreshConfig on interface <fix-T201766142>, error deferred
12-07 14:50:39.705 W/HorizonStandalone( 9526): Config: AllowDefaultConfigs: No config file specified by manifest for horizon::LogConfig. Using object defaults.
12-07 14:50:39.705 W/HorizonStandalone( 9526): Config: AllowDefaultConfigs: No config file specified by manifest for horizon::travel::TravelConfig. Using object defaults.
12-07 14:50:39.705 W/HorizonStandalone( 9526): Config: AllowDefaultConfigs: No config file specified by manifest for horizon::renderer::FontsConfig. Using object defaults.
12-07 14:50:39.705 I/HorizonStandalone( 9526): Config: Missing config horizon::RenderConfig on interface <fix-T201766142>, error deferred
12-07 14:50:39.705 I/HorizonStandalone( 9526): Config: Missing config horizon::meta_config::MetaConfigConfig on interface <fix-T201766142>, error deferred
12-07 14:50:39.705 I/HorizonStandalone( 9526): Config: Missing config horizon::asset_service::AssetServiceServerConfig on interface <fix-T201766142>, error deferred
12-07 14:50:39.705 I/HorizonStandalone( 9526): Config: Missing config horizon::WebRequestConfig on interface <fix-T201766142>, error deferred
12-07 14:50:39.705 I/HorizonStandalone( 9526): Config: Missing config horizon::networking::NetworkConfig on interface <fix-T201766142>, error deferred
12-07 14:50:39.705 I/HorizonStandalone( 9526): Config: Missing config horizon::aether::AetherConfig on interface <fix-T201766142>, error deferred
12-07 14:50:39.705 W/HorizonStandalone( 9526): Config: AllowDefaultConfigs: No config file specified by manifest for horizon::DynamicConfig. Using object defaults.
12-07 14:50:39.705 W/HorizonStandalone( 9526): Config: AllowDefaultConfigs: No config file specified by manifest for horizon::FlecsPipelineConfig. Using object defaults.
12-07 14:50:39.705 W/HorizonStandalone( 9526): Config: AllowDefaultConfigs: No config file specified by manifest for horizon::WorldLoaderConfig. Using object defaults.
12-07 14:50:39.705 I/HorizonStandalone( 9526): Config: Missing config horizon::AudioConfig on interface <fix-T201766142>, error deferred
12-07 14:50:39.705 W/HorizonStandalone( 9526): Config: AllowDefaultConfigs: No config file specified by manifest for horizon::BuildConfig. Using object defaults.
12-07 14:50:39.705 I/HorizonStandalone( 9526): Config: Missing config horizon::locomotion::LocomotionConfig on interface <fix-T201766142>, error deferred
12-07 14:50:39.705 I/HorizonStandalone( 9526): Config: Missing config horizon::AnalyticsConfig on interface <fix-T201766142>, error deferred
12-07 14:50:39.705 W/HorizonStandalone( 9526): Config: AllowDefaultConfigs: No config file specified by manifest for horizon::PerformanceConfig. Using object defaults.
12-07 14:50:39.705 W/HorizonStandalone( 9526): Config: AllowDefaultConfigs: No config file specified by manifest for horizon::AppPhaseConfig. Using object defaults.
12-07 14:50:39.705 I/HorizonStandalone( 9526): Config: [1/4] Registering configs...
12-07 14:50:39.705 E/TrackedObjectManager( 2832): Failed to connect to TrackedObjectService with error Status(-129, EX_TRANSACTION_FAILED): 'DEAD_OBJECT: '
12-07 14:50:39.705 W/OSDynamicObjectDataQuerier( 2832): Attempted to start tracking objects when tracker was already started
12-07 14:50:39.705 E/TrackedObjectManager( 2832): Failed to connect to TrackedObjectService with error Status(-129, EX_TRANSACTION_FAILED): 'DEAD_OBJECT: '
12-07 14:50:39.705 E/TrackedObjectManager( 2832): Failed to start tracking keyboard object with error Status(-129, EX_TRANSACTION_FAILED): 'DEAD_OBJECT: '
12-07 14:50:39.705 I/HorizonStandalone( 9526): Config: [2/4] Applying config layers...
12-07 14:50:39.706 I/HorizonStandalone( 9526): Config: ConfigChanged: horizon::character::CharacterConfig v2 (LocalConfigChange)
12-07 14:50:39.706 I/HorizonStandalone( 9526): Config: ConfigChanged: horizon::embodiment::EmbodimentConfig v2 (LocalConfigChange)
12-07 14:50:39.706 I/HorizonStandalone( 9526): Config: ConfigChanged: horizon::character::CharacterConfig v3 (LocalConfigChange)
12-07 14:50:39.706 I/HorizonStandalone( 9526): Config: ConfigChanged: horizon::embodiment::EmbodimentConfig v3 (LocalConfigChange)
12-07 14:50:39.706 I/HorizonStandalone( 9526): Config: ConfigChanged: horizon::character::CharacterConfig v4 (LocalConfigChange)
12-07 14:50:39.707 I/HorizonStandalone( 9526): Config: ConfigChanged: horizon::embodiment::EmbodimentConfig v4 (LocalConfigChange)
12-07 14:50:39.707 I/HorizonStandalone( 9526): Config: ConfigChanged: horizon::character::CharacterConfig v5 (LocalConfigChange)
12-07 14:50:39.707 I/HorizonStandalone( 9526): Config: ConfigChanged: horizon::embodiment::EmbodimentConfig v5 (LocalConfigChange)
12-07 14:50:39.708 I/HorizonStandalone( 9526): Config: ConfigChanged: horizon::character::CharacterConfig v6 (LocalConfigChange)
12-07 14:50:39.708 I/HorizonStandalone( 9526): Config: ConfigChanged: horizon::embodiment::EmbodimentConfig v6 (LocalConfigChange)
12-07 14:50:39.708 I/HorizonStandalone( 9526): Config: ConfigChanged: horizon::character::CharacterConfig v7 (LocalConfigChange)
12-07 14:50:39.708 I/HorizonStandalone( 9526): Config: ConfigChanged: horizon::embodiment::EmbodimentConfig v7 (LocalConfigChange)
12-07 14:50:39.709 I/HorizonStandalone( 9526): Config: ConfigChanged: horizon::worlds::splat_renderer::SplatRendererConfig v2 (LocalConfigChange)
12-07 14:50:39.709 I/HorizonStandalone( 9526): Config: ConfigChanged: horizon::character::CharacterConfig v8 (LocalConfigChange)
12-07 14:50:39.709 I/HorizonStandalone( 9526): Config: ConfigChanged: horizon::embodiment::EmbodimentConfig v8 (LocalConfigChange)
12-07 14:50:39.709 I/HorizonStandalone( 9526): Config: [3/4] Validating configs...
12-07 14:50:39.709 I/HorizonStandalone( 9526): Config: ConfigChanged: horizon::character::CharacterConfig v9 (LocalConfigChange)
12-07 14:50:39.710 I/HorizonStandalone( 9526): Config: ConfigChanged: horizon::embodiment::EmbodimentConfig v9 (LocalConfigChange)
12-07 14:50:39.710 W/HorizonStandalone( 9526): Config: horizon::travel::TravelConfig: Setting the 'publicZones' in networkConfig is required in order to run a separate client or server instance
12-07 14:50:39.710 W/HorizonStandalone( 9526): Config: horizon::WebRequestConfig: enableAnalytics is enabled, but graphqlAnalyticsNameOverride is empty and no qplMarkerIdOverride is set.Please either set graphqlAnalyticsNameOverride to a unique event name for your project or set qplMarkerIdOverride to a valid event ID. Auto disabling graphql events.
12-07 14:50:39.710 I/HorizonStandalone( 9526): Config: ConfigChanged: horizon::WebRequestConfig v2 (LocalConfigChange)
12-07 14:50:39.710 W/HorizonStandalone( 9526): Config: horizon::networking::NetworkConfig: Matchmaking requires a svrBuildSet.  Matchmaking disabled.
12-07 14:50:39.710 I/HorizonStandalone( 9526): Config: ConfigChanged: horizon::networking::NetworkConfig v2 (LocalConfigChange)
12-07 14:50:39.710 W/HorizonStandalone( 9526): Config: horizon::AnalyticsConfig: enableShutdownEvent is enabled, but shutdownNameOverride is empty. Please set it to a unique event name for your project. Auto disabling shutdown events.
12-07 14:50:39.710 I/HorizonStandalone( 9526): Config: ConfigChanged: horizon::AnalyticsConfig v2 (LocalConfigChange)
12-07 14:50:39.710 I/HorizonStandalone( 9526): Config: [4/4] Setting config baselines...
12-07 14:50:39.710 I/HorizonStandalone( 9526): Config: Set as baseline: horizon::worlds::splat_renderer::SplatRendererConfig v2
12-07 14:50:39.710 I/HorizonStandalone( 9526): Config: Set as baseline: horizon::ts_environment_file::FbsourceTsconfigConfig v1
12-07 14:50:39.710 I/HorizonStandalone( 9526): Config: Set as baseline: horizon::scripting_model::ScriptingConfig v1
12-07 14:50:39.710 I/HorizonStandalone( 9526): Config: Set as baseline: horizon::player_grabbing::PlayerGrabbingConfig v1
12-07 14:50:39.710 I/HorizonStandalone( 9526): Config: Set as baseline: horizon::matchmaking::MatchmakingConfig v1
12-07 14:50:39.710 I/HorizonStandalone( 9526): Config: Set as immutable: horizon::matchmaking::MatchmakingConfig v1
12-07 14:50:39.710 I/HorizonStandalone( 9526): Config: Set as baseline: horizon::player::PlayerConfig v1
12-07 14:50:39.710 I/HorizonStandalone( 9526): Config: Set as baseline: horizon::physics::PhysicsConfig v1
12-07 14:50:39.710 I/HorizonStandalone( 9526): Config: Set as baseline: horizon::input::InputConfig v1
12-07 14:50:39.710 I/HorizonStandalone( 9526): Config: Set as baseline: horizon::hmi::HmiConfig v1
12-07 14:50:39.710 I/HorizonStandalone( 9526): Config: Set as baseline: horizon::visibility_mask::VisibilityMaskConfig v1
12-07 14:50:39.710 I/HorizonStandalone( 9526): Config: Set as baseline: horizon::core_ui::CoreUiConfig v1
12-07 14:50:39.710 I/HorizonStandalone( 9526): Config: Set as baseline: horizon::character::CharacterConfig v9
12-07 14:50:39.710 I/HorizonStandalone( 9526): Config: Set as baseline: horizon::avatar::AvatarConfig v1
12-07 14:50:39.710 I/HorizonStandalone( 9526): Config: Set as baseline: horizon::auth::AuthConfig v1
12-07 14:50:39.710 I/HorizonStandalone( 9526): Config: Set as baseline: horizon::ui_debug::DebugUiConfig v1
12-07 14:50:39.710 I/HorizonStandalone( 9526): Config: Set as baseline: horizon::EntityLifecycleConfig v1
12-07 14:50:39.710 I/HorizonStandalone( 9526): Config: Set as baseline: horizon::asset_service::AssetServiceConfig v1
12-07 14:50:39.710 I/HorizonStandalone( 9526): Config: Set as immutable: horizon::asset_service::AssetServiceConfig v1
12-07 14:50:39.711 I/HorizonStandalone( 9526): Config: Set as baseline: horizon::asset_service::AssetServiceClientConfig v1
12-07 14:50:39.711 I/HorizonStandalone( 9526): Config: Set as immutable: horizon::asset_service::AssetServiceClientConfig v1
12-07 14:50:39.711 I/HorizonStandalone( 9526): Config: Set as baseline: horizon::JobSystemDebugConfig v1
12-07 14:50:39.711 I/HorizonStandalone( 9526): Config: Set as baseline: horizon::WatchdogConfig v1
12-07 14:50:39.711 I/HorizonStandalone( 9526): Config: Set as baseline: horizon::interaction::InteractionConfig v1
12-07 14:50:39.711 I/HorizonStandalone( 9526): Config: Set as baseline: horizon::embodiment::EmbodimentConfig v9
12-07 14:50:39.711 I/HorizonStandalone( 9526): Config: Set as baseline: horizon::VoipConfig v1
12-07 14:50:39.711 I/HorizonStandalone( 9526): Config: Set as baseline: horizon::networking::ShardingConfig v1
12-07 14:50:39.711 I/HorizonStandalone( 9526): Config: Set as baseline: horizon::SceneManagerConfig v1
12-07 14:50:39.711 I/HorizonStandalone( 9526): Config: Set as baseline: horizon::ApplicationConfig v1
12-07 14:50:39.711 I/HorizonStandalone( 9526): Config: Set as baseline: horizon::asset_service::AssetRefreshConfig v1
12-07 14:50:39.711 I/HorizonStandalone( 9526): Config: Set as baseline: horizon::LogConfig v1
12-07 14:50:39.711 I/HorizonStandalone( 9526): Config: Set as baseline: horizon::travel::TravelConfig v1
12-07 14:50:39.711 I/HorizonStandalone( 9526): Config: Set as baseline: horizon::renderer::FontsConfig v1
12-07 14:50:39.711 I/HorizonStandalone( 9526): Config: Set as baseline: horizon::RenderConfig v1
12-07 14:50:39.711 I/HorizonStandalone( 9526): Config: Set as baseline: horizon::meta_config::MetaConfigConfig v1
12-07 14:50:39.711 I/HorizonStandalone( 9526): Config: Set as baseline: horizon::asset_service::AssetServiceServerConfig v1
12-07 14:50:39.711 I/HorizonStandalone( 9526): Config: Set as immutable: horizon::asset_service::AssetServiceServerConfig v1
12-07 14:50:39.711 I/HorizonStandalone( 9526): Config: Set as baseline: horizon::WebRequestConfig v2
12-07 14:50:39.711 I/HorizonStandalone( 9526): Config: Set as baseline: horizon::networking::NetworkConfig v2
12-07 14:50:39.711 I/HorizonStandalone( 9526): Config: Set as baseline: horizon::aether::AetherConfig v1
12-07 14:50:39.711 I/HorizonStandalone( 9526): Config: Set as baseline: horizon::DynamicConfig v1
12-07 14:50:39.711 I/HorizonStandalone( 9526): Config: Set as baseline: horizon::FlecsPipelineConfig v1
12-07 14:50:39.711 I/HorizonStandalone( 9526): Config: Set as immutable: horizon::FlecsPipelineConfig v1
12-07 14:50:39.711 I/HorizonStandalone( 9526): Config: Set as baseline: horizon::WorldLoaderConfig v1
12-07 14:50:39.711 I/HorizonStandalone( 9526): Config: Set as baseline: horizon::AudioConfig v1
12-07 14:50:39.711 I/HorizonStandalone( 9526): Config: Set as baseline: horizon::BuildConfig v1
12-07 14:50:39.711 I/HorizonStandalone( 9526): Config: Set as baseline: horizon::locomotion::LocomotionConfig v1
12-07 14:50:39.711 I/HorizonStandalone( 9526): Config: Set as baseline: horizon::AnalyticsConfig v2
12-07 14:50:39.711 I/HorizonStandalone( 9526): Config: Set as baseline: horizon::PerformanceConfig v1
12-07 14:50:39.711 I/HorizonStandalone( 9526): Config: Set as baseline: horizon::AppPhaseConfig v1
12-07 14:50:39.711 I/HorizonStandalone( 9526): Config: Config loading complete!
12-07 14:50:39.711 I/HorizonStandalone( 9526): LogManager: Active Logging Profile is `InCodeDefault`
12-07 14:50:39.711 I/HorizonStandalone( 9526): LogManager: Global log verbosity has been set to [Info] overriding individual category settings
12-07 14:50:39.711 I/HorizonStandalone( 9526): LogManager: Global log verbosity has been set to [Info] overriding individual category settings
12-07 14:50:39.711 I/HorizonStandalone( 9526): Application: getHostProcessInfo
12-07 14:50:39.711 I/HorizonStandalone( 9526): Application: Using session ID from process UUID: f22920ca-e08e-4da0-a38d-991faa1b806e
12-07 14:50:39.711 I/HorizonStandalone( 9526): Application: getHostConfig
12-07 14:50:39.711 I/HorizonStandalone( 9526): Application: Creating default user agent as no user agent was preconfigured.
12-07 14:50:39.711 I/HorizonStandalone( 9526): UserAgent: User agent generated: [FBAVI/51764730039000520;FBDV/quest 3]
12-07 14:50:39.711 I/HorizonStandalone( 9526): Application: initStaticModules
12-07 14:50:39.711 I/HorizonStandalone( 9526): Application: Skipping lifecycle analytics event ModulesConstructed due to event bus get failure (ErrorNotFound)
12-07 14:50:39.711 W/HorizonStandalone( 9526): Config: Config horizon::worlds::splat_renderer::SplatRendererConfig for interface "splat_renderer" is defaulted because it was missing
12-07 14:50:39.711 I/HorizonStandalone( 9526): Config: Config horizon::player_grabbing::PlayerGrabbingConfig for interface "player_grabbing" is unused and defaulted
12-07 14:50:39.711 I/HorizonStandalone( 9526): Config: Config horizon::matchmaking::MatchmakingConfig for interface "matchmaking" is unused and defaulted
12-07 14:50:39.711 I/HorizonStandalone( 9526): Config: Config horizon::player::PlayerConfig for interface "player" is unused and defaulted
12-07 14:50:39.711 I/HorizonStandalone( 9526): Config: Config horizon::physics::PhysicsConfig for interface "physics" is unused and defaulted
12-07 14:50:39.712 W/HorizonStandalone( 9526): Config: Config horizon::input::InputConfig for interface "input" is defaulted because it was missing
12-07 14:50:39.712 W/HorizonStandalone( 9526): Config: Config horizon::hmi::HmiConfig for interface "hmi_manager" is defaulted because it was missing
12-07 14:50:39.712 I/HorizonStandalone( 9526): Config: Config horizon::core_ui::CoreUiConfig for interface "core_ui" is unused and defaulted
12-07 14:50:39.712 I/HorizonStandalone( 9526): Config: Config horizon::character::CharacterConfig for interface "character" is unused and defaulted
12-07 14:50:39.712 I/HorizonStandalone( 9526): Config: Config horizon::avatar::AvatarConfig for interface "avatar" is unused and defaulted
12-07 14:50:39.712 I/HorizonStandalone( 9526): Config: Config horizon::auth::AuthConfig for interface "authentication" is unused and defaulted
12-07 14:50:39.712 I/HorizonStandalone( 9526): Config: Config horizon::ui_debug::DebugUiConfig for interface "ui_debug" is unused and defaulted
12-07 14:50:39.712 I/HorizonStandalone( 9526): Config: Config horizon::asset_service::AssetServiceConfig for interface "asset_service" is unused and defaulted
12-07 14:50:39.712 I/HorizonStandalone( 9526): Config: Config horizon::asset_service::AssetServiceClientConfig for interface "asset_service" is unused and defaulted
12-07 14:50:39.712 I/HorizonStandalone( 9526): Config: Config horizon::interaction::InteractionConfig for interface "interaction" is unused and defaulted
12-07 14:50:39.712 I/HorizonStandalone( 9526): Config: Config horizon::embodiment::EmbodimentConfig for interface "embodiment" is unused and defaulted
12-07 14:50:39.712 I/HorizonStandalone( 9526): Config: Config horizon::VoipConfig for interface "voip" is unused and defaulted
12-07 14:50:39.712 I/HorizonStandalone( 9526): Config: Config horizon::asset_service::AssetRefreshConfig for interface "asset_service" is unused and defaulted
12-07 14:50:39.712 W/HorizonStandalone( 9526): Config: Config horizon::RenderConfig for interface "renderer" is defaulted because it was missing
12-07 14:50:39.712 I/HorizonStandalone( 9526): Config: Config horizon::meta_config::MetaConfigConfig for interface "meta_config" is unused and defaulted
12-07 14:50:39.712 I/HorizonStandalone( 9526): Config: Config horizon::asset_service::AssetServiceServerConfig for interface "asset_service" is unused and defaulted
12-07 14:50:39.712 I/HorizonStandalone( 9526): Config: Config horizon::WebRequestConfig for interface "web_request" is unused and defaulted
12-07 14:50:39.712 I/HorizonStandalone( 9526): Config: Config horizon::networking::NetworkConfig for interface "networking" is unused and defaulted
12-07 14:50:39.712 W/HorizonStandalone( 9526): Config: Config horizon::aether::AetherConfig for interface "aether" is defaulted because it was missing
12-07 14:50:39.712 I/HorizonStandalone( 9526): Config: Config horizon::AudioConfig for interface "audio" is unused and defaulted
