12-07 15:27:40.283 E/TrackedObjectManager( 2832): Failed to connect to TrackedObjectService with error Status(-129, EX_TRANSACTION_FAILED): 'DEAD_OBJECT: '
12-07 15:27:40.283 E/TrackedObjectManager( 2832): Failed to start tracking keyboard object with error Status(-129, EX_TRANSACTION_FAILED): 'DEAD_OBJECT: '
12-07 15:27:40.285 W/SyncBossFW(  879): 86309114 [warning] {BSP }: Mag interrupt pin LOW in drdy handler
12-07 15:27:40.297 E/TrackedObjectManager( 2832): Failed to connect to TrackedObjectService with error Status(-129, EX_TRANSACTION_FAILED): 'DEAD_OBJECT: '
12-07 15:27:40.297 W/OSDynamicObjectDataQuerier( 2832): Attempted to start tracking objects when tracker was already started
12-07 15:27:40.297 E/TrackedObjectManager( 2832): Failed to connect to TrackedObjectService with error Status(-129, EX_TRANSACTION_FAILED): 'DEAD_OBJECT: '
12-07 15:27:40.297 E/TrackedObjectManager( 2832): Failed to start tracking keyboard object with error Status(-129, EX_TRANSACTION_FAILED): 'DEAD_OBJECT: '
12-07 15:27:40.310 E/TrackedObjectManager( 2832): Failed to connect to TrackedObjectService with error Status(-129, EX_TRANSACTION_FAILED): 'DEAD_OBJECT: '
12-07 15:27:40.311 W/OSDynamicObjectDataQuerier( 2832): Attempted to start tracking objects when tracker was already started
12-07 15:27:40.311 E/TrackedObjectManager( 2832): Failed to connect to TrackedObjectService with error Status(-129, EX_TRANSACTION_FAILED): 'DEAD_OBJECT: '
12-07 15:27:40.311 E/TrackedObjectManager( 2832): Failed to start tracking keyboard object with error Status(-129, EX_TRANSACTION_FAILED): 'DEAD_OBJECT: '
12-07 15:27:40.311 I/GraphicsGovernor( 2832): Dynamic Foveation Lvl 3, Min Foveation Lvl 3, DynRes Enabled 1, DynRes Scaler 1.000000
12-07 15:27:40.324 E/TrackedObjectManager( 2832): Failed to connect to TrackedObjectService with error Status(-129, EX_TRANSACTION_FAILED): 'DEAD_OBJECT: '
12-07 15:27:40.324 W/OSDynamicObjectDataQuerier( 2832): Attempted to start tracking objects when tracker was already started
12-07 15:27:40.325 E/TrackedObjectManager( 2832): Failed to connect to TrackedObjectService with error Status(-129, EX_TRANSACTION_FAILED): 'DEAD_OBJECT: '
12-07 15:27:40.325 E/TrackedObjectManager( 2832): Failed to start tracking keyboard object with error Status(-129, EX_TRANSACTION_FAILED): 'DEAD_OBJECT: '
12-07 15:27:40.338 E/TrackedObjectManager( 2832): Failed to connect to TrackedObjectService with error Status(-129, EX_TRANSACTION_FAILED): 'DEAD_OBJECT: '
12-07 15:27:40.338 W/OSDynamicObjectDataQuerier( 2832): Attempted to start tracking objects when tracker was already started
12-07 15:27:40.338 E/TrackedObjectManager( 2832): Failed to connect to TrackedObjectService with error Status(-129, EX_TRANSACTION_FAILED): 'DEAD_OBJECT: '
12-07 15:27:40.338 E/TrackedObjectManager( 2832): Failed to start tracking keyboard object with error Status(-129, EX_TRANSACTION_FAILED): 'DEAD_OBJECT: '
12-07 15:27:40.344 I/Shell   ( 3469): HsrSoundSystem::playOneShotSound3D for GUID a726c8c1-2e67-4049-bc5a-bcedb8d5d1ab with event name press1
12-07 15:27:40.344 I/[SEO] HapticSystem( 3469): HapticSystem::Playing haptic clip press1 on 2 for -1 scaled 1.000000 delta 0.000000
12-07 15:27:40.352 E/TrackedObjectManager( 2832): Failed to connect to TrackedObjectService with error Status(-129, EX_TRANSACTION_FAILED): 'DEAD_OBJECT: '
12-07 15:27:40.352 W/OSDynamicObjectDataQuerier( 2832): Attempted to start tracking objects when tracker was already started
12-07 15:27:40.352 E/TrackedObjectManager( 2832): Failed to connect to TrackedObjectService with error Status(-129, EX_TRANSACTION_FAILED): 'DEAD_OBJECT: '
12-07 15:27:40.352 E/TrackedObjectManager( 2832): Failed to start tracking keyboard object with error Status(-129, EX_TRANSACTION_FAILED): 'DEAD_OBJECT: '
12-07 15:27:40.366 E/TrackedObjectManager( 2832): Failed to connect to TrackedObjectService with error Status(-129, EX_TRANSACTION_FAILED): 'DEAD_OBJECT: '
12-07 15:27:40.366 W/OSDynamicObjectDataQuerier( 2832): Attempted to start tracking objects when tracker was already started
12-07 15:27:40.366 E/TrackedObjectManager( 2832): Failed to connect to TrackedObjectService with error Status(-129, EX_TRANSACTION_FAILED): 'DEAD_OBJECT: '
12-07 15:27:40.366 E/TrackedObjectManager( 2832): Failed to start tracking keyboard object with error Status(-129, EX_TRANSACTION_FAILED): 'DEAD_OBJECT: '
12-07 15:27:40.380 E/TrackedObjectManager( 2832): Failed to connect to TrackedObjectService with error Status(-129, EX_TRANSACTION_FAILED): 'DEAD_OBJECT: '
12-07 15:27:40.380 W/OSDynamicObjectDataQuerier( 2832): Attempted to start tracking objects when tracker was already started
12-07 15:27:40.380 E/TrackedObjectManager( 2832): Failed to connect to TrackedObjectService with error Status(-129, EX_TRANSACTION_FAILED): 'DEAD_OBJECT: '
12-07 15:27:40.380 E/TrackedObjectManager( 2832): Failed to start tracking keyboard object with error Status(-129, EX_TRANSACTION_FAILED): 'DEAD_OBJECT: '
12-07 15:27:40.386 I/OpenXR_Anchor( 3469): xrQuerySpacesFB: no split anchor query enabled
12-07 15:27:40.386 I/[CT]    ( 3469): SP:AF:InsightAnchorApi: QueryAnchorSpaces loadAndQueryAvailableAnchors flow. (task start) duration: 0.000000000 [sec], flags: 44, location: StorageLocation::LOCAL(1), method: 1, request: 5334, source: SourceType::LIVE_TRACKER(1)
12-07 15:27:40.387 I/[CT]    ( 3469): RuntimeIpcHelper: RuntimeIpcClient::CALL_RPC isAsync: true, func: loadAvailableAnchors
12-07 15:27:40.387 I/[CT]    ( 4885): SP:AP:AnchorPersistenceRuntimeIpcServer: checkRPC start: sessionUuid:1e3ba3f0-dfb6-0aba-a69b-b18fb253c69c, clientId:2367474718, givenPackageName:com.oculus.vrshell
12-07 15:27:40.387 I/[CT]    ( 4885): SP:AP:AnchorPersistenceRuntimeIpcServer: checkPackageAccess - detectedPackageName:com.oculus.vrshell, detectedProcessName:com.oculus.vrshell, givenPackageName:com.oculus.vrshell
12-07 15:27:40.387 I/[CT]    ( 4885): SP:AP:AnchorPersistenceRuntimeIpcServer: checkRPC package name matches: sessionUuid:1e3ba3f0-dfb6-0aba-a69b-b18fb253c69c, clientId:2367474718, givenPackageName:com.oculus.vrshell, detectedPackageName:com.oculus.vrshell, detectedProcessName:com.oculus.vrshell
12-07 15:27:40.387 I/[CT]    ( 4885): SP:AP:AnchorPersistenceRuntimeIpcServer: queryAvailableAnchorsSMV2: clientId: 2367474718, maxAnchors: 500, filter: 0, queryMultipleRoomsEnabledByOpenXrVersion: true, source: 1, appId: com.oculus.vrshell
12-07 15:27:40.387 I/[CT]    ( 4885): SP:AP:AnchorPersistenceConfig: getSceneRuntimePermissionEnabled: USE_SCENE permission is enabled on this device
12-07 15:27:40.387 I/[CT]    ( 4885): SP:AP:AnchorPersistenceScenePermissions: hasClientGrantedScenePermission: USE_SCENE permission is enabled on this device, check client 2367474718, grant is true
12-07 15:27:40.387 I/[CT]    ( 4885): SP:AP:AnchorPersistenceConfig: getSceneRuntimePermissionEnabled: USE_SCENE permission is enabled on this device
12-07 15:27:40.388 I/[CT]    ( 4885): SP:SceneAnchorFilterUtil: filterSceneDataByPermission: com.oculus.vrshell permission check passed, keep scene data. anchors size: 0
12-07 15:27:40.389 I/[CT]    ( 3469): SP:AF:InsightAnchorApi: QueryAnchorSpaces (task finish) returnCode: AnchorResultCode::SUCCESS(0), numSpacesFound: 0, spacesFoundUuids: [], duration: 0.000000000 [sec], flags: 44, location: 1, method: 1, request: 5334
12-07 15:27:40.394 E/TrackedObjectManager( 2832): Failed to connect to TrackedObjectService with error Status(-129, EX_TRANSACTION_FAILED): 'DEAD_OBJECT: '
12-07 15:27:40.394 W/OSDynamicObjectDataQuerier( 2832): Attempted to start tracking objects when tracker was already started
12-07 15:27:40.394 E/TrackedObjectManager( 2832): Failed to connect to TrackedObjectService with error Status(-129, EX_TRANSACTION_FAILED): 'DEAD_OBJECT: '
12-07 15:27:40.394 E/TrackedObjectManager( 2832): Failed to start tracking keyboard object with error Status(-129, EX_TRANSACTION_FAILED): 'DEAD_OBJECT: '
12-07 15:27:40.400 I/[CT]    ( 3469): SP:TREX:SpatialPersistencePlugin: Event type: 6
12-07 15:27:40.400 I/TREX    ( 3469): Spatial Persistence event: QuerySpacesFinish
12-07 15:27:40.408 E/TrackedObjectManager( 2832): Failed to connect to TrackedObjectService with error Status(-129, EX_TRANSACTION_FAILED): 'DEAD_OBJECT: '
12-07 15:27:40.408 W/OSDynamicObjectDataQuerier( 2832): Attempted to start tracking objects when tracker was already started
12-07 15:27:40.408 E/TrackedObjectManager( 2832): Failed to connect to TrackedObjectService with error Status(-129, EX_TRANSACTION_FAILED): 'DEAD_OBJECT: '
12-07 15:27:40.408 E/TrackedObjectManager( 2832): Failed to start tracking keyboard object with error Status(-129, EX_TRANSACTION_FAILED): 'DEAD_OBJECT: '
12-07 15:27:40.422 E/TrackedObjectManager( 2832): Failed to connect to TrackedObjectService with error Status(-129, EX_TRANSACTION_FAILED): 'DEAD_OBJECT: '
12-07 15:27:40.422 W/OSDynamicObjectDataQuerier( 2832): Attempted to start tracking objects when tracker was already started
12-07 15:27:40.422 E/TrackedObjectManager( 2832): Failed to connect to TrackedObjectService with error Status(-129, EX_TRANSACTION_FAILED): 'DEAD_OBJECT: '
12-07 15:27:40.422 E/TrackedObjectManager( 2832): Failed to start tracking keyboard object with error Status(-129, EX_TRANSACTION_FAILED): 'DEAD_OBJECT: '
12-07 15:27:40.435 E/TrackedObjectManager( 2832): Failed to connect to TrackedObjectService with error Status(-129, EX_TRANSACTION_FAILED): 'DEAD_OBJECT: '
12-07 15:27:40.435 W/OSDynamicObjectDataQuerier( 2832): Attempted to start tracking objects when tracker was already started
12-07 15:27:40.436 E/TrackedObjectManager( 2832): Failed to connect to TrackedObjectService with error Status(-129, EX_TRANSACTION_FAILED): 'DEAD_OBJECT: '
12-07 15:27:40.436 E/TrackedObjectManager( 2832): Failed to start tracking keyboard object with error Status(-129, EX_TRANSACTION_FAILED): 'DEAD_OBJECT: '
12-07 15:27:40.449 E/TrackedObjectManager( 2832): Failed to connect to TrackedObjectService with error Status(-129, EX_TRANSACTION_FAILED): 'DEAD_OBJECT: '
12-07 15:27:40.449 W/OSDynamicObjectDataQuerier( 2832): Attempted to start tracking objects when tracker was already started
12-07 15:27:40.449 E/TrackedObjectManager( 2832): Failed to connect to TrackedObjectService with error Status(-129, EX_TRANSACTION_FAILED): 'DEAD_OBJECT: '
12-07 15:27:40.449 E/TrackedObjectManager( 2832): Failed to start tracking keyboard object with error Status(-129, EX_TRANSACTION_FAILED): 'DEAD_OBJECT: '
12-07 15:27:40.463 E/TrackedObjectManager( 2832): Failed to connect to TrackedObjectService with error Status(-129, EX_TRANSACTION_FAILED): 'DEAD_OBJECT: '
12-07 15:27:40.463 W/OSDynamicObjectDataQuerier( 2832): Attempted to start tracking objects when tracker was already started
12-07 15:27:40.463 E/TrackedObjectManager( 2832): Failed to connect to TrackedObjectService with error Status(-129, EX_TRANSACTION_FAILED): 'DEAD_OBJECT: '
12-07 15:27:40.463 E/TrackedObjectManager( 2832): Failed to start tracking keyboard object with error Status(-129, EX_TRANSACTION_FAILED): 'DEAD_OBJECT: '
12-07 15:27:40.477 E/TrackedObjectManager( 2832): Failed to connect to TrackedObjectService with error Status(-129, EX_TRANSACTION_FAILED): 'DEAD_OBJECT: '
12-07 15:27:40.477 W/OSDynamicObjectDataQuerier( 2832): Attempted to start tracking objects when tracker was already started
12-07 15:27:40.477 E/TrackedObjectManager( 2832): Failed to connect to TrackedObjectService with error Status(-129, EX_TRANSACTION_FAILED): 'DEAD_OBJECT: '
12-07 15:27:40.477 E/TrackedObjectManager( 2832): Failed to start tracking keyboard object with error Status(-129, EX_TRANSACTION_FAILED): 'DEAD_OBJECT: '
12-07 15:27:40.491 E/TrackedObjectManager( 2832): Failed to connect to TrackedObjectService with error Status(-129, EX_TRANSACTION_FAILED): 'DEAD_OBJECT: '
12-07 15:27:40.491 W/OSDynamicObjectDataQuerier( 2832): Attempted to start tracking objects when tracker was already started
12-07 15:27:40.491 E/TrackedObjectManager( 2832): Failed to connect to TrackedObjectService with error Status(-129, EX_TRANSACTION_FAILED): 'DEAD_OBJECT: '
12-07 15:27:40.491 E/TrackedObjectManager( 2832): Failed to start tracking keyboard object with error Status(-129, EX_TRANSACTION_FAILED): 'DEAD_OBJECT: '
12-07 15:27:40.505 E/TrackedObjectManager( 2832): Failed to connect to TrackedObjectService with error Status(-129, EX_TRANSACTION_FAILED): 'DEAD_OBJECT: '
12-07 15:27:40.505 W/OSDynamicObjectDataQuerier( 2832): Attempted to start tracking objects when tracker was already started
12-07 15:27:40.505 E/TrackedObjectManager( 2832): Failed to connect to TrackedObjectService with error Status(-129, EX_TRANSACTION_FAILED): 'DEAD_OBJECT: '
12-07 15:27:40.505 E/TrackedObjectManager( 2832): Failed to start tracking keyboard object with error Status(-129, EX_TRANSACTION_FAILED): 'DEAD_OBJECT: '
12-07 15:27:40.517 I/MoonlightPairingHelper(18259): checkPairing start host=10.1.95.5 port=47989
12-07 15:27:40.519 E/TrackedObjectManager( 2832): Failed to connect to TrackedObjectService with error Status(-129, EX_TRANSACTION_FAILED): 'DEAD_OBJECT: '
12-07 15:27:40.519 W/OSDynamicObjectDataQuerier( 2832): Attempted to start tracking objects when tracker was already started
12-07 15:27:40.519 E/TrackedObjectManager( 2832): Failed to connect to TrackedObjectService with error Status(-129, EX_TRANSACTION_FAILED): 'DEAD_OBJECT: '
12-07 15:27:40.519 E/TrackedObjectManager( 2832): Failed to start tracking keyboard object with error Status(-129, EX_TRANSACTION_FAILED): 'DEAD_OBJECT: '
12-07 15:27:40.522 D/TrafficStats(18259): tagSocket(95) with statsTag=0xffffffff, statsUid=-1
12-07 15:27:40.533 E/TrackedObjectManager( 2832): Failed to connect to TrackedObjectService with error Status(-129, EX_TRANSACTION_FAILED): 'DEAD_OBJECT: '
12-07 15:27:40.533 W/OSDynamicObjectDataQuerier( 2832): Attempted to start tracking objects when tracker was already started
12-07 15:27:40.533 E/TrackedObjectManager( 2832): Failed to connect to TrackedObjectService with error Status(-129, EX_TRANSACTION_FAILED): 'DEAD_OBJECT: '
12-07 15:27:40.533 E/TrackedObjectManager( 2832): Failed to start tracking keyboard object with error Status(-129, EX_TRANSACTION_FAILED): 'DEAD_OBJECT: '
12-07 15:27:40.547 E/TrackedObjectManager( 2832): Failed to connect to TrackedObjectService with error Status(-129, EX_TRANSACTION_FAILED): 'DEAD_OBJECT: '
12-07 15:27:40.547 W/OSDynamicObjectDataQuerier( 2832): Attempted to start tracking objects when tracker was already started
12-07 15:27:40.547 E/TrackedObjectManager( 2832): Failed to connect to TrackedObjectService with error Status(-129, EX_TRANSACTION_FAILED): 'DEAD_OBJECT: '
12-07 15:27:40.547 E/TrackedObjectManager( 2832): Failed to start tracking keyboard object with error Status(-129, EX_TRANSACTION_FAILED): 'DEAD_OBJECT: '
12-07 15:27:40.558 D/TrafficStats(18259): tagSocket(95) with statsTag=0xffffffff, statsUid=-1
12-07 15:27:40.561 E/TrackedObjectManager( 2832): Failed to connect to TrackedObjectService with error Status(-129, EX_TRANSACTION_FAILED): 'DEAD_OBJECT: '
12-07 15:27:40.561 W/OSDynamicObjectDataQuerier( 2832): Attempted to start tracking objects when tracker was already started
12-07 15:27:40.561 E/TrackedObjectManager( 2832): Failed to connect to TrackedObjectService with error Status(-129, EX_TRANSACTION_FAILED): 'DEAD_OBJECT: '
12-07 15:27:40.561 E/TrackedObjectManager( 2832): Failed to start tracking keyboard object with error Status(-129, EX_TRANSACTION_FAILED): 'DEAD_OBJECT: '
12-07 15:27:40.574 E/TrackedObjectManager( 2832): Failed to connect to TrackedObjectService with error Status(-129, EX_TRANSACTION_FAILED): 'DEAD_OBJECT: '
12-07 15:27:40.574 W/OSDynamicObjectDataQuerier( 2832): Attempted to start tracking objects when tracker was already started
12-07 15:27:40.574 E/TrackedObjectManager( 2832): Failed to connect to TrackedObjectService with error Status(-129, EX_TRANSACTION_FAILED): 'DEAD_OBJECT: '
12-07 15:27:40.574 E/TrackedObjectManager( 2832): Failed to start tracking keyboard object with error Status(-129, EX_TRANSACTION_FAILED): 'DEAD_OBJECT: '
12-07 15:27:40.588 E/TrackedObjectManager( 2832): Failed to connect to TrackedObjectService with error Status(-129, EX_TRANSACTION_FAILED): 'DEAD_OBJECT: '
12-07 15:27:40.588 W/OSDynamicObjectDataQuerier( 2832): Attempted to start tracking objects when tracker was already started
12-07 15:27:40.588 E/TrackedObjectManager( 2832): Failed to connect to TrackedObjectService with error Status(-129, EX_TRANSACTION_FAILED): 'DEAD_OBJECT: '
12-07 15:27:40.588 E/TrackedObjectManager( 2832): Failed to start tracking keyboard object with error Status(-129, EX_TRANSACTION_FAILED): 'DEAD_OBJECT: '
12-07 15:27:40.601 I/MoonlightPairingHelper(18259): checkPairing result host=10.1.95.5 state=PAIRED
12-07 15:27:40.602 I/PancakeActivity(18259): onConnect clicked host=10.1.95.5 port=47989 appId=881448767
12-07 15:27:40.602 E/TrackedObjectManager( 2832): Failed to connect to TrackedObjectService with error Status(-129, EX_TRANSACTION_FAILED): 'DEAD_OBJECT: '
12-07 15:27:40.602 W/OSDynamicObjectDataQuerier( 2832): Attempted to start tracking objects when tracker was already started
12-07 15:27:40.602 E/TrackedObjectManager( 2832): Failed to connect to TrackedObjectService with error Status(-129, EX_TRANSACTION_FAILED): 'DEAD_OBJECT: '
12-07 15:27:40.602 E/TrackedObjectManager( 2832): Failed to start tracking keyboard object with error Status(-129, EX_TRANSACTION_FAILED): 'DEAD_OBJECT: '
12-07 15:27:40.611 D/HzOS.BinderClient( 1971): Connected to PreferencesService
12-07 15:27:40.612 I/DynamicObjectClient( 4885): Query Dynamic Object Tracker anchors
12-07 15:27:40.612 I/DynamicObjectClient( 4885): Object in query has empty predictions or tracking flags
12-07 15:27:40.612 W/LaunchInterceptorUtil( 1971): Package metadata is empty: com.example.moonlight_spatialsdk
12-07 15:27:40.613 D/HzOS.BinderClient( 1971): Connected to PreferencesService
12-07 15:27:40.613 W/LaunchInterceptorUtil( 1971): Package metadata is empty: com.example.moonlight_spatialsdk
12-07 15:27:40.615 D/HzOS.BinderClient( 1971): Connected to PreferencesService
12-07 15:27:40.615 W/LaunchInterceptorUtil( 1971): Package metadata is empty: com.example.moonlight_spatialsdk
12-07 15:27:40.615 W/LaunchInterceptorUtil( 1971): Package metadata is empty: com.example.moonlight_spatialsdk
12-07 15:27:40.616 E/TrackedObjectManager( 2832): Failed to connect to TrackedObjectService with error Status(-129, EX_TRANSACTION_FAILED): 'DEAD_OBJECT: '
12-07 15:27:40.616 W/OSDynamicObjectDataQuerier( 2832): Attempted to start tracking objects when tracker was already started
12-07 15:27:40.616 E/TrackedObjectManager( 2832): Failed to connect to TrackedObjectService with error Status(-129, EX_TRANSACTION_FAILED): 'DEAD_OBJECT: '
12-07 15:27:40.616 E/TrackedObjectManager( 2832): Failed to start tracking keyboard object with error Status(-129, EX_TRANSACTION_FAILED): 'DEAD_OBJECT: '
12-07 15:27:40.616 D/HzOS.BinderClient( 1971): Connected to PreferencesService
12-07 15:27:40.618 I/ActivityTaskManager( 1971): START u0 {act=android.intent.action.MAIN flg=0x10000000 cmp=com.example.moonlight_spatialsdk/.ImmersiveActivity (has extras)} with LAUNCH_SINGLE_TASK from uid 10176 (BAL_ALLOW_VISIBLE_WINDOW) result code=0
12-07 15:27:40.618 I/VrKeyguardViewMediator( 3282): handleSetOccluded, occluded: false, prevValue: false, mHiding: false
12-07 15:27:40.618 D/VrLockscreenHost( 3282): setOccluded: false, was: false, force: false, window: null
12-07 15:27:40.622 D/[SEO] ShellSpatialWindowManagerService( 3469): Requesting placement of new volumetric window for ComponentInfo{com.example.moonlight_spatialsdk/com.example.moonlight_spatialsdk.ImmersiveActivity} from ActivityInfo{6e09da9 com.example.moonlight_spatialsdk.PancakeActivity} VolumetricWindowToken { scope = 2, token = android.os.BinderProxy@762cf2e, persistableToken = 12e39116-3d12-4ae0-8aee-baa5535707e3 }
12-07 15:27:40.623 D/[SEO] ShellSpatialWindowManagerService( 3469): Setup Activity Launch Environment for com.example.moonlight_spatialsdk/com.example.moonlight_spatialsdk.ImmersiveActivity
12-07 15:27:40.625 D/[SEO] ShellSpatialWindowManagerService( 3469): Routing activity intent through Shell's launch checks
12-07 15:27:40.625 W/[SEO] IntentResolutionUtils( 3469): Could not find source panel panelId
12-07 15:27:40.625 D/[SEO] ShellControlBroadcastReceiver( 3469): onReceive: Intent{action=com.oculus.vrshell.intent.action.LAUNCH, data=com.example.moonlight_spatialsdk/com.example.moonlight_spatialsdk.ImmersiveActivity, type=null, categories=null, component=null, flags=0x10010000, extras={launch_source=com.example.moonlight_spatialsdk/com.example.moonlight_spatialsdk.PancakeActivity, activity_surface_width=500, requestingCrashRecovery=null, isHomeIntent=false, launchId=6f379bda-f0d2-48fb-9b3e-36dab2041a5f, target=null, activity_intent=true, defaultLaunchReason=0, activity_surface_height=800, queryParametersUri=null}}
12-07 15:27:40.625 D/[SEO] ShellControlBroadcastReceiver( 3469): isLaunchAction = true, isTrustedAppLaunch = true
12-07 15:27:40.625 D/[SEO] ShellControlBroadcastReceiver( 3469): Transitioning broadcast to nativeBroadcastIntent.
12-07 15:27:40.625 W/[SEO] IntentParser( 3469): Got intent with null or empty value for key(s): requestingCrashRecovery target queryParametersUri 
12-07 15:27:40.625 D/[SEO] ShellService( 3469): onStartCommand() with action com.oculus.intent.action.BROADCAST_INTENT
12-07 15:27:40.625 W/[SEO] IntentParser( 3469): Got intent with null or empty value for key(s): requestingCrashRecovery target queryParametersUri 
12-07 15:27:40.630 E/TrackedObjectManager( 2832): Failed to connect to TrackedObjectService with error Status(-129, EX_TRANSACTION_FAILED): 'DEAD_OBJECT: '
12-07 15:27:40.630 W/OSDynamicObjectDataQuerier( 2832): Attempted to start tracking objects when tracker was already started
12-07 15:27:40.630 E/TrackedObjectManager( 2832): Failed to connect to TrackedObjectService with error Status(-129, EX_TRANSACTION_FAILED): 'DEAD_OBJECT: '
12-07 15:27:40.630 E/TrackedObjectManager( 2832): Failed to start tracking keyboard object with error Status(-129, EX_TRANSACTION_FAILED): 'DEAD_OBJECT: '
12-07 15:27:40.638 I/[SEO] FrameCommandHelpers( 3469): Handling Pending Launch from Intent - target=com.example.moonlight_spatialsdk/com.example.moonlight_spatialsdk.ImmersiveActivity, launch source=com.oculus.vrshell.intent.action.LAUNCH
12-07 15:27:40.639 I/[SEO] PanelAppLaunchInfo( 3469): PanelAppLaunchInfo componentString:com.example.moonlight_spatialsdk/com.example.moonlight_spatialsdk.ImmersiveActivity packageName:com.example.moonlight_spatialsdk serviceName:com.example.moonlight_spatialsdk.ImmersiveActivity componentName:com.example.moonlight_spatialsdk/com.example.moonlight_spatialsdk.ImmersiveActivity
12-07 15:27:40.639 I/[SEO] HostPlatform( 3469): Retrieving component launch information for package (com.example.moonlight_spatialsdk) and service (com.example.moonlight_spatialsdk.ImmersiveActivity)
12-07 15:27:40.639 D/[SEO] PanelAppConfigurationUtil( 3469): Refreshing APK info for com.example.moonlight_spatialsdk/com.example.moonlight_spatialsdk.ImmersiveActivity; UID or version code changed
12-07 15:27:40.639 I/[SEO] PanelAppConfigurationUtil( 3469): Sending Android activity token to component com.example.moonlight_spatialsdk/com.example.moonlight_spatialsdk.ImmersiveActivity:false
12-07 15:27:40.639 D/CompatibilityChangeReporter( 1971): Compat change id reported: 161252188; UID 10176; state: DISABLED
12-07 15:27:40.640 I/[SEO] PanelAppLaunchInfo( 3469): SetMultiLayer shouldAllowLayerSupport_ [0] name [] componentName [com.example.moonlight_spatialsdk/com.example.moonlight_spatialsdk.ImmersiveActivity]
12-07 15:27:40.640 I/[SEO] HostPlatform( 3469): Is PanelSDK component for package (com.example.moonlight_spatialsdk) and service (com.example.moonlight_spatialsdk.ImmersiveActivity) - false
12-07 15:27:40.641 I/[SEO] LaunchController( 3469): Registering Pending Launch of type External with component: com.example.moonlight_spatialsdk/com.example.moonlight_spatialsdk.ImmersiveActivity launchId: 6f379bda-f0d2-48fb-9b3e-36dab2041a5f requested by com.oculus.vrshell.intent.action.LAUNCH, overwriting existing launch false, of type None.
12-07 15:27:40.644 E/TrackedObjectManager( 2832): Failed to connect to TrackedObjectService with error Status(-129, EX_TRANSACTION_FAILED): 'DEAD_OBJECT: '
12-07 15:27:40.644 W/OSDynamicObjectDataQuerier( 2832): Attempted to start tracking objects when tracker was already started
12-07 15:27:40.644 E/TrackedObjectManager( 2832): Failed to connect to TrackedObjectService with error Status(-129, EX_TRANSACTION_FAILED): 'DEAD_OBJECT: '
12-07 15:27:40.644 E/TrackedObjectManager( 2832): Failed to start tracking keyboard object with error Status(-129, EX_TRANSACTION_FAILED): 'DEAD_OBJECT: '
12-07 15:27:40.648 W/AppManagerInternal(27119): Entitlement for packageName=com.example.moonlight_spatialsdk not found, channels=[Store, Q4B, PcStore]
12-07 15:27:40.648 D/LibraryProvider(27119): queryApp(com.example.moonlight_spatialsdk) could not find entitlement
12-07 15:27:40.649 W/OVRLibrary( 3469): null cursor received for query content://com.oculus.ocms.library/apps/com.example.moonlight_spatialsdk
12-07 15:27:40.649 D/[SEO] HostPlatformPackages( 3469): app is null, packageName: com.example.moonlight_spatialsdk
12-07 15:27:40.651 I/[SEO] LaunchCheckController( 3469): GetAutomationForceLaunchCheckFlags: packageName=com.example.moonlight_spatialsdk, forcedLaunchCheckApp=
12-07 15:27:40.651 I/[SEO] LaunchCheckController( 3469): Building launch checks for component: com.example.moonlight_spatialsdk/com.example.moonlight_spatialsdk.ImmersiveActivity launchId: 6f379bda-f0d2-48fb-9b3e-36dab2041a5f
12-07 15:27:40.652 I/[SEO] LaunchCheckController( 3469): GetAutomationForceLaunchCheckFlags: packageName=com.example.moonlight_spatialsdk, forcedLaunchCheckApp=
12-07 15:27:40.652 I/[SEO] LaunchCheckController( 3469): Finished building launch checks for component: com.example.moonlight_spatialsdk/com.example.moonlight_spatialsdk.ImmersiveActivity launchId: 6f379bda-f0d2-48fb-9b3e-36dab2041a5f
12-07 15:27:40.652 I/[SEO] LaunchController( 3469): LaunchController::Launch pending type External, pending details component: com.example.moonlight_spatialsdk/com.example.moonlight_spatialsdk.ImmersiveActivity launchId: 6f379bda-f0d2-48fb-9b3e-36dab2041a5f, launch type External, launch details component: com.example.moonlight_spatialsdk/com.example.moonlight_spatialsdk.ImmersiveActivity launchId: 6f379bda-f0d2-48fb-9b3e-36dab2041a5f
12-07 15:27:40.652 I/[SEO] ApplicationLaunchData( 3469): UpdateShortcutCurrencyInLibrary aliasId is empty
12-07 15:27:40.652 I/[SEO] HostPlatform( 3469): LaunchExternalApplication
12-07 15:27:40.652 D/[UNSET] ShellApplication( 3469): sendLaunchIntent: 'com.example.moonlight_spatialsdk/com.example.moonlight_spatialsdk.ImmersiveActivity' command: '' launchId: '6f379bda-f0d2-48fb-9b3e-36dab2041a5f'
12-07 15:27:40.652 D/[SEO] ShellSpatialWindowManagerService( 3469): Placing immersive activity into new volumetric window
12-07 15:27:40.653 D/[SEO] ShellSpatialWindowManagerService( 3469): placeImmersiveActivityIntoNewVolumetricWindow: shouldQuitCurrentApp=false
12-07 15:27:40.653 I/[SEO] DesktopPanelController( 3469): Animating desktop hide with reason system-initiated, source ExternalLaunch
12-07 15:27:40.654 I/VolumetricWindowManagerServiceImpl( 1971): Handling SWMS response: launch into NEW_VOLUMETRIC_WINDOW VolumetricWindowPlacementResponse { volumetricToken = VolumetricWindowToken { scope = 1, token = horizonos.view.VolumetricWindowToken$InternalVolumetricToken@a90136c, persistableToken = 547af3e5-37e1-4a11-bd28-ae1d38628a96 }, relativeSpaceToken = SpaceToken { binderToken = android.os.BinderProxy@8194805, persistableToken = 00000000-0000-0000-0000-000000000000 }, pose = Pose { orientation = Vector4f { x = 0.0, y = 0.0, z = 0.0, w = 1.0 }, position = Vector3f { x = 0.0, y = 0.0, z = 0.0 } }, bounds = Extent3f { width = 0.15874992, height = 0.07937496, depth = 0.0 }, surfaceSize = 1000x500, densityDpi = 0, visible = true } for launch request [ActivityInfo{a2f741f com.example.moonlight_spatialsdk.ImmersiveActivity}](vrdesktop seq: 1)
12-07 15:27:40.655 I/VolumetricContainerPlacement( 1971): acquired ContainerPlacement{mId=0, mBounds=Rect(0, 0 - 8000, 8000)}
12-07 15:27:40.656 E/libsensortelemetry( 9363): imu samples delayed: 5018577ns capture to arrival (ERS limit: 3500000ns)
12-07 15:27:40.657 I/SpaceManagerServiceImpl( 1971): addSpace done: userId = 0, spaceToken = SpaceToken { binderToken = horizonos.view.SpaceToken$InternalSpaceToken@6cb5d35, persistableToken = ff28582d-abb1-4955-869c-34b2af7ccbf0 }
12-07 15:27:40.658 E/TrackedObjectManager( 2832): Failed to connect to TrackedObjectService with error Status(-129, EX_TRANSACTION_FAILED): 'DEAD_OBJECT: '
12-07 15:27:40.658 W/OSDynamicObjectDataQuerier( 2832): Attempted to start tracking objects when tracker was already started
12-07 15:27:40.658 E/TrackedObjectManager( 2832): Failed to connect to TrackedObjectService with error Status(-129, EX_TRANSACTION_FAILED): 'DEAD_OBJECT: '
12-07 15:27:40.658 E/TrackedObjectManager( 2832): Failed to start tracking keyboard object with error Status(-129, EX_TRANSACTION_FAILED): 'DEAD_OBJECT: '
12-07 15:27:40.659 D/parfait:service( 1158): Received TRACE_START process_start:com.example.moonlight_spatialsdk request
12-07 15:27:40.659 D/parfait:tracing( 1158): Trigger scenario name: process_start:com.example.moonlight_spatialsdk
12-07 15:27:40.659 I/parfait:tracing( 1158): Trigger scenario process_start:com.example.moonlight_spatialsdk not found in config, ignoring.
12-07 15:27:40.659 D/parfait:logger( 1158): Dropping event /data/oculus/parfait/telemetry_logs/26f1bd3f-8756-d78d-d040-f643729d8233.log
12-07 15:27:40.661 I/DisplayDeviceRepository( 1971): Display device added: DisplayDeviceInfo{"MirrorRoot for 547af3e5-37e1-4a11-bd28-ae1d38628a96": uniqueId="virtual:android,1000,MirrorRoot for 547af3e5-37e1-4a11-bd28-ae1d38628a96,0", 1000 x 500, modeId 1459, renderFrameRate 60.0, defaultModeId 1459, supportedModes [{id=1459, width=1000, height=500, fps=60.0, alternativeRefreshRates=[], supportedHdrTypes=[]}], colorMode 0, supportedColorModes [0], hdrCapabilities null, allmSupported false, gameContentTypeSupported false, density 200, 200.0 x 200.0 dpi, appVsyncOff 0, presDeadline 16666666, touch NONE, rotation 0, type VIRTUAL, deviceProductInfo null, state OFF, committedState UNKNOWN, owner android (uid 1000), frameRateOverride , brightnessMinimum 0.0, brightnessMaximum 0.0, brightnessDefault 0.0, hdrSdrRatio NaN, FLAG_SECURE, FLAG_SUPPORTS_PROTECTED_BUFFERS, FLAG_OWN_CONTENT_ONLY, FLAG_DESTROY_CONTENT_ON_REMOVAL, installOrientation 0, displayShape DisplayShape{ spec=-1856918115 displayWidth=1000 displayHeight=500 physicalPixelDisplaySizeRatio=1.0 rotation=0 offsetX=0 offsetY=0 scale=1.0}}
12-07 15:27:40.662 I/LogicalDisplayMapper( 1971): Applying layout: [{dispId: 0(ON), displayGroupName: , addr: {port=146, model=0x40446dbbd154e4}, mThermalBrightnessThrottlingMapId: null, mRefreshRateZoneId: null, mLeadDisplayId: -1, mThermalRefreshRateThrottlingMapId: null}], Previous layout: [{dispId: 0(ON), displayGroupName: , addr: {port=146, model=0x40446dbbd154e4}, mThermalBrightnessThrottlingMapId: null, mRefreshRateZoneId: null, mLeadDisplayId: -1, mThermalRefreshRateThrottlingMapId: null}]
12-07 15:27:40.662 I/LogicalDisplayMapper( 1971): Setting new display group 0 for display 1080, from previous group: null
12-07 15:27:40.662 I/LogicalDisplayMapper( 1971): Adding new display: 1080: DisplayInfo{"MirrorRoot for 547af3e5-37e1-4a11-bd28-ae1d38628a96", displayId 1080, displayGroupId 0, FLAG_SECURE, FLAG_SUPPORTS_PROTECTED_BUFFERS, real 1000 x 500, largest app 1000 x 500, smallest app 1000 x 500, appVsyncOff 0, presDeadline 16666666, mode 145960.0, defaultMode 1459, modes [{id=1459, width=1000, height=500, fps=60.0, alternativeRefreshRates=[], supportedHdrTypes=[]}], hdrCapabilities null, userDisabledHdrTypes [], minimalPostProcessingSupported false, rotation 0, state OFF, committedState UNKNOWN, type VIRTUAL, uniqueId "virtual:android,1000,MirrorRoot for 547af3e5-37e1-4a11-bd28-ae1d38628a96,0", app 1000 x 500, density 200 (200.0 x 200.0) dpi, layerStack 1080, colorMode 0, supportedColorModes [0], deviceProductInfo null, owner android (uid 1000), removeMode 1, refreshRateOverride 0.0, brightnessMinimum 0.0, brightnessMaximum 0.0, brightnessDefault 0.0, installOrientation ROTATION_0, layoutLimitedRefreshRate null, hdrSdrRatio not_available, thermalRefreshRateThrottling {}, thermalBrightnessThrottlingDataId default}
12-07 15:27:40.663 W/BrightnessThrottler( 1971): DeviceConfig ThermalBrightnessThrottlingData is null
12-07 15:27:40.663 W/DisplayPowerController2[1080]( 1971): Screen brightness nits configuration is unavailable; falling back
12-07 15:27:40.671 E/TrackedObjectManager( 2832): Failed to connect to TrackedObjectService with error Status(-129, EX_TRANSACTION_FAILED): 'DEAD_OBJECT: '
12-07 15:27:40.672 W/OSDynamicObjectDataQuerier( 2832): Attempted to start tracking objects when tracker was already started
12-07 15:27:40.672 E/TrackedObjectManager( 2832): Failed to connect to TrackedObjectService with error Status(-129, EX_TRANSACTION_FAILED): 'DEAD_OBJECT: '
12-07 15:27:40.672 E/TrackedObjectManager( 2832): Failed to start tracking keyboard object with error Status(-129, EX_TRANSACTION_FAILED): 'DEAD_OBJECT: '
12-07 15:27:40.675 I/WindowManager( 1971): Override config changes=20005df8 {0.0 ?mcc0mnc ?localeList ?layoutDir sw400dp w800dp h400dp 200dpi nrml long land ?uimode ?night -touch -keyb/v/h -nav/h winConfig={ mBounds=Rect(0, 0 - 1000, 500) mAppBounds=Rect(0, 0 - 1000, 500) mMaxBounds=Rect(0, 0 - 1000, 500) mDisplayRotation=ROTATION_0 mWindowingMode=fullscreen mDisplayWindowingMode=fullscreen mActivityType=undefined mAlwaysOnTop=undefined mRotation=ROTATION_0} ?fontWeightAdjustment} for displayId=1080
12-07 15:27:40.676 W/DisplayController( 7059): Skipping Display Configuration change on non-added display.
12-07 15:27:40.682 D/DisplayManagerService( 1971): Ignore redundant display event 1080/2 to 10079/25425
12-07 15:27:40.682 D/DisplayManagerService( 1971): Ignore redundant display event 1080/2 to 10049/32634
12-07 15:27:40.683 I/VolumetricWindowManagerServiceImpl( 1971): addVolumetricWindow done: userId = 0, wct = bd6b078, vw type = 2, vw persistable token = 547af3e5-37e1-4a11-bd28-ae1d38628a96, rootTaskId = 3
12-07 15:27:40.683 I/VolumetricWindowManagerServiceImpl( 1971): addTaskVolumetricWindowLocked: taskId = 3, VW = VolumetricWindowInfo { volumetricWindowToken = VolumetricWindowToken { scope = 1, token = horizonos.view.VolumetricWindowToken$InternalVolumetricToken@a90136c, persistableToken = 547af3e5-37e1-4a11-bd28-ae1d38628a96 }, type = 2, bounds = Extent3f { width = 0.15874992, height = 0.07937496, depth = 0.0 }, pose = Pose { orientation = Vector4f { x = 0.0, y = 0.0, z = 0.0, w = 1.0 }, position = Vector3f { x = 0.0, y = 0.0, z = 0.0 } }, windowSize2d = Extent2i { width = 1000, height = 500 }, densityDpi = 200, windowSpaceToken = SpaceToken { binderToken = horizonos.view.SpaceToken$InternalSpaceToken@6cb5d35, persistableToken = ff28582d-abb1-4955-869c-34b2af7ccbf0 }, visible = true, active = true, drawn = false, persistable = false, singlePassCompositionEnabled = false, depthTestEnabled = false, inView = false, windowFlags = 0, priorityHintInfo = PriorityHintInfo { windowPpd = 0.0, viewAngleSine = -1.0, visiblePercent = 1.0, distanceFromUser = 0.0, attentionZone = 0 }, taskInfo = null, presentation = VolumetricWindowPresentationInfo { controlBar = null }, layoutParams = null, children = [], shape = 1, cylinderInfo = null }, isSinglePassCompositionEnabled = false, isComponentBlocklisted = false, isComponentForcedToSPC = false
12-07 15:27:40.685 V/DisplayPowerController2[1080]( 1971): Brightness [0.0] reason changing to: 'manual', previous reason: '0'.
12-07 15:27:40.685 I/DisplayPowerController2[1080]( 1971): BrightnessEvent: disp=1080, physDisp=virtual:android,1000,MirrorRoot for 547af3e5-37e1-4a11-bd28-ae1d38628a96,0, brt=0.0, initBrt=NaN, rcmdBrt=NaN, preBrt=NaN, lux=0.0, preLux=0.0, hbmMax=1.0, hbmMode=off, rbcStrength=-1, thrmMax=1.0, powerFactor=1.0, wasShortTermModelActive=false, flags=, reason=manual, autoBrightness=false, strategy=InvalidBrightnessStrategy
12-07 15:27:40.685 E/TrackedObjectManager( 2832): Failed to connect to TrackedObjectService with error Status(-129, EX_TRANSACTION_FAILED): 'DEAD_OBJECT: '
12-07 15:27:40.685 W/OSDynamicObjectDataQuerier( 2832): Attempted to start tracking objects when tracker was already started
12-07 15:27:40.685 E/TrackedObjectManager( 2832): Failed to connect to TrackedObjectService with error Status(-129, EX_TRANSACTION_FAILED): 'DEAD_OBJECT: '
12-07 15:27:40.685 E/TrackedObjectManager( 2832): Failed to start tracking keyboard object with error Status(-129, EX_TRANSACTION_FAILED): 'DEAD_OBJECT: '
12-07 15:27:40.699 E/CellBroadcastUtils( 1971): getDefaultCellBroadcastReceiverPackageName: no package found
12-07 15:27:40.699 E/TrackedObjectManager( 2832): Failed to connect to TrackedObjectService with error Status(-129, EX_TRANSACTION_FAILED): 'DEAD_OBJECT: '
12-07 15:27:40.699 W/OSDynamicObjectDataQuerier( 2832): Attempted to start tracking objects when tracker was already started
12-07 15:27:40.699 E/TrackedObjectManager( 2832): Failed to connect to TrackedObjectService with error Status(-129, EX_TRANSACTION_FAILED): 'DEAD_OBJECT: '
12-07 15:27:40.699 E/TrackedObjectManager( 2832): Failed to start tracking keyboard object with error Status(-129, EX_TRANSACTION_FAILED): 'DEAD_OBJECT: '
12-07 15:27:40.703 D/perfservice(  872): [POWERHINT] Received LAUNCH hint
12-07 15:27:40.704 E/perfservice(  872): End applying 'START_HINT' from hint 'LAUNCH' - Failed after 5 retries - Latency: 1.142ms
12-07 15:27:40.704 E/perfservice(  872):   >> Failed final validation: /sys/block/dm-0/queue/read_ahead_kb=512
12-07 15:27:40.704 E/perfservice(  872):   >> Failed final validation: /sys/block/dm-1/queue/read_ahead_kb=512
12-07 15:27:40.705 I/ActivityTaskManager( 1971): Add Task{68aa8d #2946 type=standard A=10176:com.example.moonlight_spatialsdk} to hidden list because adding Task{c2884b8 #2947 type=standard A=10176:com.example.moonlight_spatialsdk}
12-07 15:27:40.708 I/ActivityTaskManager( 1971): START u0 {act=android.intent.action.MAIN flg=0x10010100 cmp=com.example.moonlight_spatialsdk/.ImmersiveActivity (has extras)} with LAUNCH_SINGLE_TASK from uid 10176 (realCallingUid=1000) (BAL_ALLOW_VISIBLE_WINDOW) result code=0
12-07 15:27:40.709 I/VolumetricContentMonitor( 1971): Switching to immersive app. taskId: 3, ActivityInfo{cc135f6 com.example.moonlight_spatialsdk.ImmersiveActivity}
12-07 15:27:40.709 I/InterstitialController( 1971): onImmersiveActivityAppeared: uid: 10176, pid: 18259, state: 4, com.example.moonlight_spatialsdk, on task: WCT{RemoteToken{bd6b078 Task{403e4d4 #3 type=standard}}}, launchId: null
12-07 15:27:40.709 I/UiModeController( 1971): Switching from com.oculus.vrshell to com.example.moonlight_spatialsdk
12-07 15:27:40.711 V/WindowManager( 1971): Queueing transition: TransitionRecord{6f8abfc id=-1 type=SLEEP flags=0x0}
12-07 15:27:40.711 V/WindowManager( 1971): Content Recording: Display 1080 state is now (1), so update recording?
12-07 15:27:40.713 E/TrackedObjectManager( 2832): Failed to connect to TrackedObjectService with error Status(-129, EX_TRANSACTION_FAILED): 'DEAD_OBJECT: '
12-07 15:27:40.713 W/OSDynamicObjectDataQuerier( 2832): Attempted to start tracking objects when tracker was already started
12-07 15:27:40.713 E/TrackedObjectManager( 2832): Failed to connect to TrackedObjectService with error Status(-129, EX_TRANSACTION_FAILED): 'DEAD_OBJECT: '
12-07 15:27:40.713 E/TrackedObjectManager( 2832): Failed to start tracking keyboard object with error Status(-129, EX_TRANSACTION_FAILED): 'DEAD_OBJECT: '
12-07 15:27:40.716 V/WorldManagerService( 1971): VW Content Listener: com.example.moonlight_spatialsdk -1
12-07 15:27:40.717 W/TrustedCallerVerifier(27119): Could not verify trusted caller for uidPackageNames=[com.oculus.metacam] and uidSignature=android.content.pm.Signature@89661ab1
12-07 15:27:40.717 D/SpatialAudioService( 1971): Skipping processing for app: com.example.moonlight_spatialsdk (isNewApp: false, perAppEnabled: true, epsService: true)
12-07 15:27:40.724 E/libsensortelemetry( 9368): imu_iot samples delayed: 5085764ns capture to arrival (ERS limit: 3500000ns)
12-07 15:27:40.726 W/AppManagerInternal(27119): Entitlement for packageName=com.example.moonlight_spatialsdk not found, channels=[Store, Q4B, PcStore]
12-07 15:27:40.726 D/LibraryProvider(27119): queryApp(com.example.moonlight_spatialsdk) could not find entitlement
12-07 15:27:40.726 W/OVRLibrary(15000): null cursor received for query content://com.oculus.ocms.library/apps/com.example.moonlight_spatialsdk
12-07 15:27:40.726 E/CoresdkAnalyticsEvent(15000): could not set key=session_id value=null
12-07 15:27:40.727 E/TrackedObjectManager( 2832): Failed to connect to TrackedObjectService with error Status(-129, EX_TRANSACTION_FAILED): 'DEAD_OBJECT: '
12-07 15:27:40.727 W/OSDynamicObjectDataQuerier( 2832): Attempted to start tracking objects when tracker was already started
12-07 15:27:40.727 E/TrackedObjectManager( 2832): Failed to connect to TrackedObjectService with error Status(-129, EX_TRANSACTION_FAILED): 'DEAD_OBJECT: '
12-07 15:27:40.727 E/TrackedObjectManager( 2832): Failed to start tracking keyboard object with error Status(-129, EX_TRANSACTION_FAILED): 'DEAD_OBJECT: '
12-07 15:27:40.732 I/BpBinder( 2392): onLastStrongRef automatically unlinking death recipients: 
12-07 15:27:40.741 E/TrackedObjectManager( 2832): Failed to connect to TrackedObjectService with error Status(-129, EX_TRANSACTION_FAILED): 'DEAD_OBJECT: '
12-07 15:27:40.741 W/OSDynamicObjectDataQuerier( 2832): Attempted to start tracking objects when tracker was already started
12-07 15:27:40.741 E/TrackedObjectManager( 2832): Failed to connect to TrackedObjectService with error Status(-129, EX_TRANSACTION_FAILED): 'DEAD_OBJECT: '
12-07 15:27:40.741 E/TrackedObjectManager( 2832): Failed to start tracking keyboard object with error Status(-129, EX_TRANSACTION_FAILED): 'DEAD_OBJECT: '
12-07 15:27:40.754 D/VrosSpatialAudio(18259): Immersive activity detected, skip VrosSpatialAudio init
12-07 15:27:40.755 E/TrackedObjectManager( 2832): Failed to connect to TrackedObjectService with error Status(-129, EX_TRANSACTION_FAILED): 'DEAD_OBJECT: '
12-07 15:27:40.755 W/OSDynamicObjectDataQuerier( 2832): Attempted to start tracking objects when tracker was already started
12-07 15:27:40.755 E/TrackedObjectManager( 2832): Failed to connect to TrackedObjectService with error Status(-129, EX_TRANSACTION_FAILED): 'DEAD_OBJECT: '
12-07 15:27:40.755 E/TrackedObjectManager( 2832): Failed to start tracking keyboard object with error Status(-129, EX_TRANSACTION_FAILED): 'DEAD_OBJECT: '
12-07 15:27:40.756 I/System.out(18259): === IMMERSIVE_ACTIVITY_ONCREATE_START ===
12-07 15:27:40.756 E/ImmersiveActivity(18259): === IMMERSIVE_ACTIVITY_ONCREATE_START ===
12-07 15:27:40.756 I/VrActivity[j](18259): VrActivity::onCreate com.example.moonlight_spatialsdk.ImmersiveActivity@4668082 false
12-07 15:27:40.769 E/TrackedObjectManager( 2832): Failed to connect to TrackedObjectService with error Status(-129, EX_TRANSACTION_FAILED): 'DEAD_OBJECT: '
12-07 15:27:40.769 W/OSDynamicObjectDataQuerier( 2832): Attempted to start tracking objects when tracker was already started
12-07 15:27:40.769 E/TrackedObjectManager( 2832): Failed to connect to TrackedObjectService with error Status(-129, EX_TRANSACTION_FAILED): 'DEAD_OBJECT: '
12-07 15:27:40.769 E/TrackedObjectManager( 2832): Failed to start tracking keyboard object with error Status(-129, EX_TRANSACTION_FAILED): 'DEAD_OBJECT: '
12-07 15:27:40.783 E/TrackedObjectManager( 2832): Failed to connect to TrackedObjectService with error Status(-129, EX_TRANSACTION_FAILED): 'DEAD_OBJECT: '
12-07 15:27:40.783 W/OSDynamicObjectDataQuerier( 2832): Attempted to start tracking objects when tracker was already started
12-07 15:27:40.783 E/TrackedObjectManager( 2832): Failed to connect to TrackedObjectService with error Status(-129, EX_TRANSACTION_FAILED): 'DEAD_OBJECT: '
12-07 15:27:40.783 E/TrackedObjectManager( 2832): Failed to start tracking keyboard object with error Status(-129, EX_TRANSACTION_FAILED): 'DEAD_OBJECT: '
12-07 15:27:40.796 E/TrackedObjectManager( 2832): Failed to connect to TrackedObjectService with error Status(-129, EX_TRANSACTION_FAILED): 'DEAD_OBJECT: '
12-07 15:27:40.796 W/OSDynamicObjectDataQuerier( 2832): Attempted to start tracking objects when tracker was already started
12-07 15:27:40.796 E/TrackedObjectManager( 2832): Failed to connect to TrackedObjectService with error Status(-129, EX_TRANSACTION_FAILED): 'DEAD_OBJECT: '
12-07 15:27:40.796 E/TrackedObjectManager( 2832): Failed to start tracking keyboard object with error Status(-129, EX_TRANSACTION_FAILED): 'DEAD_OBJECT: '
12-07 15:27:40.806 I/SPATIAL_SDK_LOGGER(18259): ISDK: Registering ISDK plugin
12-07 15:27:40.810 E/TrackedObjectManager( 2832): Failed to connect to TrackedObjectService with error Status(-129, EX_TRANSACTION_FAILED): 'DEAD_OBJECT: '
12-07 15:27:40.810 W/OSDynamicObjectDataQuerier( 2832): Attempted to start tracking objects when tracker was already started
12-07 15:27:40.810 E/TrackedObjectManager( 2832): Failed to connect to TrackedObjectService with error Status(-129, EX_TRANSACTION_FAILED): 'DEAD_OBJECT: '
12-07 15:27:40.810 E/TrackedObjectManager( 2832): Failed to start tracking keyboard object with error Status(-129, EX_TRANSACTION_FAILED): 'DEAD_OBJECT: '
12-07 15:27:40.816 I/SPATIAL_SDK_LOGGER(18259): OVRMetricsTool: Registering OVR Metrics Tool plugin
12-07 15:27:40.816 I/SPATIAL_SDK_LOGGER(18259): OVRMetricsTool: Registered OVR Metrics Tool plugin
12-07 15:27:40.816 I/SPATIAL_SDK_LOGGER(18259): OVRMetricsTool: Initializing OVRMetricsTool
12-07 15:27:40.816 D/OVRMetricsToolSDK(18259): ovrMetricsTool_EnterVrMode
12-07 15:27:40.817 E/OVRMetricsToolSDK(18259): Failed to get OVRMetricsTool SDK API.
12-07 15:27:40.817 I/SPATIAL_SDK_LOGGER(18259): OVRMetricsTool: Initializing OVRMetricsTool Done
12-07 15:27:40.822 I/SPATIAL_SDK_LOGGER(18259): Data: DataModel created with client id 8322652111380676608
12-07 15:27:40.823 I/SPATIAL_SDK_LOGGER(18259): Utils: temp_folder '/data/user/0/com.example.moonlight_spatialsdk/cache'
12-07 15:27:40.824 E/TrackedObjectManager( 2832): Failed to connect to TrackedObjectService with error Status(-129, EX_TRANSACTION_FAILED): 'DEAD_OBJECT: '
12-07 15:27:40.824 W/OSDynamicObjectDataQuerier( 2832): Attempted to start tracking objects when tracker was already started
12-07 15:27:40.824 E/TrackedObjectManager( 2832): Failed to connect to TrackedObjectService with error Status(-129, EX_TRANSACTION_FAILED): 'DEAD_OBJECT: '
12-07 15:27:40.824 E/TrackedObjectManager( 2832): Failed to start tracking keyboard object with error Status(-129, EX_TRANSACTION_FAILED): 'DEAD_OBJECT: '
12-07 15:27:40.824 I/SPATIAL_SDK_LOGGER(18259): Utils: external_files_folder '/storage/emulated/0/Android/data/com.example.moonlight_spatialsdk/files'
12-07 15:27:40.824 I/SPATIAL_SDK_LOGGER(18259): Aether: extFolder: /storage/emulated/0/Android/data/com.example.moonlight_spatialsdk/files
12-07 15:27:40.828 I/SPATIAL_SDK_LOGGER(18259): Utils: external_files_folder '/storage/emulated/0/Android/data/com.example.moonlight_spatialsdk/files'
12-07 15:27:40.829 I/HorizonStandalone(18259): Application: GraphicsHSR constructor
12-07 15:27:40.829 I/HorizonStandalone(18259): Application: ----------------------------------------------------------------
12-07 15:27:40.829 W/HorizonStandalone(18259): Core: AssertHandlerFlags overridden to |Log|Callstack|Callbacks|Abort|DebugBreak|
12-07 15:27:40.830 I/HorizonStandalone(18259): Application: AetherApplication()
12-07 15:27:40.833 I/HorizonStandalone(18259): Application: HardwareInfo: deviceName=eureka, deviceModel=quest 3, deviceId=73d396b98a7006bb, manufacturerName=oculus, os=oculus, osBranch=releases-oculus-14.0-v85, osVersion=51764730039000520 displaySafeAreaTop=0, displaySafeAreaBottom=0, displaySafeAreaLeft=0, displaySafeAreaRight=0
12-07 15:27:40.833 I/HorizonStandalone(18259): Application: FLAG: connection_type: 
12-07 15:27:40.833 I/HorizonStandalone(18259): Application: FLAG: matchmaking_disabled: false
12-07 15:27:40.833 I/HorizonStandalone(18259): Application: FLAG: player_seed: 0
12-07 15:27:40.833 I/HorizonStandalone(18259): Application: FLAG: zone_namespace: 
12-07 15:27:40.833 I/HorizonStandalone(18259): Application: FLAG: zone_namespace_fallback: 
12-07 15:27:40.833 I/HorizonStandalone(18259): Application: FLAG: app_persistent_path: 
12-07 15:27:40.833 I/HorizonStandalone(18259): Application: FLAG: disable_http_proxy: false
12-07 15:27:40.833 I/HorizonStandalone(18259): Application: FLAG: extra_json_payload: 
12-07 15:27:40.833 I/HorizonStandalone(18259): Application: FLAG: headless: false
12-07 15:27:40.833 I/HorizonStandalone(18259): Application: FLAG: local_override_config: local_override_config.json
12-07 15:27:40.833 I/HorizonStandalone(18259): Application: FLAG: logFile: 
12-07 15:27:40.833 I/HorizonStandalone(18259): Application: FLAG: logical_cores: 0
12-07 15:27:40.833 I/HorizonStandalone(18259): Application: FLAG: mode2_config_dir: 
12-07 15:27:40.833 I/HorizonStandalone(18259): Application: FLAG: mode_config_dir: mode/xr
12-07 15:27:40.833 I/HorizonStandalone(18259): Application: FLAG: predefined_session_id: 
12-07 15:27:40.833 I/HorizonStandalone(18259): Application: FLAG: run_in_ci: false
12-07 15:27:40.833 I/HorizonStandalone(18259): Application: FLAG: run_in_fb_infra: false
12-07 15:27:40.833 I/HorizonStandalone(18259): Application: FLAG: test_app_handle: 
