12-07 13:00:08.027 I/Tracking( 9368): Vega: [INSIGHTS] Mode=DescriptorVega,6DoF,Agg=18s,Inl=13,23,108,Mem=94.1,FrameDur=7.2,21.4,PoseLat=1.6,3.2,CamImuLat=21.1,48.0,Jit=0.0,0.1,Drops(Cam=0,IMU=0),MeanIr=29482.4,Exp(1.5ms,g=1,I=62)(1.5ms,g=1,I=62)(2.6ms,g=1,I=60)(2.7ms,g=1,I=59)(0.0ms,g=0)(0.0ms,g=0),NonInertEnv=n
12-07 13:00:08.040 E/TrackedObjectManager( 2832): Failed to connect to TrackedObjectService with error Status(-129, EX_TRANSACTION_FAILED): 'DEAD_OBJECT: '
12-07 13:00:08.040 W/OSDynamicObjectDataQuerier( 2832): Attempted to start tracking objects when tracker was already started
12-07 13:00:08.040 E/TrackedObjectManager( 2832): Failed to connect to TrackedObjectService with error Status(-129, EX_TRANSACTION_FAILED): 'DEAD_OBJECT: '
12-07 13:00:08.040 E/TrackedObjectManager( 2832): Failed to start tracking keyboard object with error Status(-129, EX_TRANSACTION_FAILED): 'DEAD_OBJECT: '
12-07 13:00:08.054 E/TrackedObjectManager( 2832): Failed to connect to TrackedObjectService with error Status(-129, EX_TRANSACTION_FAILED): 'DEAD_OBJECT: '
12-07 13:00:08.054 W/OSDynamicObjectDataQuerier( 2832): Attempted to start tracking objects when tracker was already started
12-07 13:00:08.054 E/TrackedObjectManager( 2832): Failed to connect to TrackedObjectService with error Status(-129, EX_TRANSACTION_FAILED): 'DEAD_OBJECT: '
12-07 13:00:08.054 E/TrackedObjectManager( 2832): Failed to start tracking keyboard object with error Status(-129, EX_TRANSACTION_FAILED): 'DEAD_OBJECT: '
12-07 13:00:08.054 D/JobServiceContext( 1971): doCallback of : JobStatus{2edb25f #1000/202 com.oculus.appsafety/.packageintegrity.PackageIntegritySyncJobService u=0 s=1000 NET PERSISTED READY} v:VERB_EXECUTING
12-07 13:00:08.054 D/JobServiceContext( 1971): Cleaning up 2edb25f #1000/202 com.oculus.appsafety/.packageintegrity.PackageIntegritySyncJobService reschedule=false reason=app called jobFinished
12-07 13:00:08.066 I/MRSS    ( 1157): MIXEDREALITY: EnvironmentDepthMetacapability: processTelemetry client com.oculus.vrshell state true aggregated 0
12-07 13:00:08.068 E/TrackedObjectManager( 2832): Failed to connect to TrackedObjectService with error Status(-129, EX_TRANSACTION_FAILED): 'DEAD_OBJECT: '
12-07 13:00:08.068 W/OSDynamicObjectDataQuerier( 2832): Attempted to start tracking objects when tracker was already started
12-07 13:00:08.068 E/TrackedObjectManager( 2832): Failed to connect to TrackedObjectService with error Status(-129, EX_TRANSACTION_FAILED): 'DEAD_OBJECT: '
12-07 13:00:08.068 E/TrackedObjectManager( 2832): Failed to start tracking keyboard object with error Status(-129, EX_TRANSACTION_FAILED): 'DEAD_OBJECT: '
12-07 13:00:08.081 E/TrackedObjectManager( 2832): Failed to connect to TrackedObjectService with error Status(-129, EX_TRANSACTION_FAILED): 'DEAD_OBJECT: '
12-07 13:00:08.081 W/OSDynamicObjectDataQuerier( 2832): Attempted to start tracking objects when tracker was already started
12-07 13:00:08.081 E/TrackedObjectManager( 2832): Failed to connect to TrackedObjectService with error Status(-129, EX_TRANSACTION_FAILED): 'DEAD_OBJECT: '
12-07 13:00:08.081 E/TrackedObjectManager( 2832): Failed to start tracking keyboard object with error Status(-129, EX_TRANSACTION_FAILED): 'DEAD_OBJECT: '
12-07 13:00:08.093 I/MoonlightConnectionMgr(20157): checkPairing start host=10.1.95.5 port=47989
12-07 13:00:08.095 E/TrackedObjectManager( 2832): Failed to connect to TrackedObjectService with error Status(-129, EX_TRANSACTION_FAILED): 'DEAD_OBJECT: '
12-07 13:00:08.095 W/OSDynamicObjectDataQuerier( 2832): Attempted to start tracking objects when tracker was already started
12-07 13:00:08.095 E/TrackedObjectManager( 2832): Failed to connect to TrackedObjectService with error Status(-129, EX_TRANSACTION_FAILED): 'DEAD_OBJECT: '
12-07 13:00:08.095 E/TrackedObjectManager( 2832): Failed to start tracking keyboard object with error Status(-129, EX_TRANSACTION_FAILED): 'DEAD_OBJECT: '
12-07 13:00:08.098 D/TrafficStats(20157): tagSocket(100) with statsTag=0xffffffff, statsUid=-1
12-07 13:00:08.109 E/TrackedObjectManager( 2832): Failed to connect to TrackedObjectService with error Status(-129, EX_TRANSACTION_FAILED): 'DEAD_OBJECT: '
12-07 13:00:08.109 W/OSDynamicObjectDataQuerier( 2832): Attempted to start tracking objects when tracker was already started
12-07 13:00:08.109 E/TrackedObjectManager( 2832): Failed to connect to TrackedObjectService with error Status(-129, EX_TRANSACTION_FAILED): 'DEAD_OBJECT: '
12-07 13:00:08.109 E/TrackedObjectManager( 2832): Failed to start tracking keyboard object with error Status(-129, EX_TRANSACTION_FAILED): 'DEAD_OBJECT: '
12-07 13:00:08.123 E/TrackedObjectManager( 2832): Failed to connect to TrackedObjectService with error Status(-129, EX_TRANSACTION_FAILED): 'DEAD_OBJECT: '
12-07 13:00:08.123 W/OSDynamicObjectDataQuerier( 2832): Attempted to start tracking objects when tracker was already started
12-07 13:00:08.123 E/TrackedObjectManager( 2832): Failed to connect to TrackedObjectService with error Status(-129, EX_TRANSACTION_FAILED): 'DEAD_OBJECT: '
12-07 13:00:08.123 E/TrackedObjectManager( 2832): Failed to start tracking keyboard object with error Status(-129, EX_TRANSACTION_FAILED): 'DEAD_OBJECT: '
12-07 13:00:08.123 D/TrafficStats(20157): tagSocket(100) with statsTag=0xffffffff, statsUid=-1
12-07 13:00:08.137 E/TrackedObjectManager( 2832): Failed to connect to TrackedObjectService with error Status(-129, EX_TRANSACTION_FAILED): 'DEAD_OBJECT: '
12-07 13:00:08.137 W/OSDynamicObjectDataQuerier( 2832): Attempted to start tracking objects when tracker was already started
12-07 13:00:08.137 E/TrackedObjectManager( 2832): Failed to connect to TrackedObjectService with error Status(-129, EX_TRANSACTION_FAILED): 'DEAD_OBJECT: '
12-07 13:00:08.137 E/TrackedObjectManager( 2832): Failed to start tracking keyboard object with error Status(-129, EX_TRANSACTION_FAILED): 'DEAD_OBJECT: '
12-07 13:00:08.151 E/TrackedObjectManager( 2832): Failed to connect to TrackedObjectService with error Status(-129, EX_TRANSACTION_FAILED): 'DEAD_OBJECT: '
12-07 13:00:08.151 W/OSDynamicObjectDataQuerier( 2832): Attempted to start tracking objects when tracker was already started
12-07 13:00:08.151 E/TrackedObjectManager( 2832): Failed to connect to TrackedObjectService with error Status(-129, EX_TRANSACTION_FAILED): 'DEAD_OBJECT: '
12-07 13:00:08.151 E/TrackedObjectManager( 2832): Failed to start tracking keyboard object with error Status(-129, EX_TRANSACTION_FAILED): 'DEAD_OBJECT: '
12-07 13:00:08.163 I/MoonlightConnectionMgr(20157): checkPairing result host=10.1.95.5 state=PAIRED
12-07 13:00:08.163 I/PancakeActivity(20157): onConnect clicked host=10.1.95.5 port=47989 appId=0
12-07 13:00:08.165 E/TrackedObjectManager( 2832): Failed to connect to TrackedObjectService with error Status(-129, EX_TRANSACTION_FAILED): 'DEAD_OBJECT: '
12-07 13:00:08.165 W/OSDynamicObjectDataQuerier( 2832): Attempted to start tracking objects when tracker was already started
12-07 13:00:08.165 E/TrackedObjectManager( 2832): Failed to connect to TrackedObjectService with error Status(-129, EX_TRANSACTION_FAILED): 'DEAD_OBJECT: '
12-07 13:00:08.165 E/TrackedObjectManager( 2832): Failed to start tracking keyboard object with error Status(-129, EX_TRANSACTION_FAILED): 'DEAD_OBJECT: '
12-07 13:00:08.174 D/HzOS.BinderClient( 1971): Connected to PreferencesService
12-07 13:00:08.175 W/LaunchInterceptorUtil( 1971): Package metadata is empty: com.example.moonlight_spatialsdk
12-07 13:00:08.176 D/HzOS.BinderClient( 1971): Connected to PreferencesService
12-07 13:00:08.176 W/LaunchInterceptorUtil( 1971): Package metadata is empty: com.example.moonlight_spatialsdk
12-07 13:00:08.177 D/HzOS.BinderClient( 1971): Connected to PreferencesService
12-07 13:00:08.177 W/LaunchInterceptorUtil( 1971): Package metadata is empty: com.example.moonlight_spatialsdk
12-07 13:00:08.178 W/LaunchInterceptorUtil( 1971): Package metadata is empty: com.example.moonlight_spatialsdk
12-07 13:00:08.178 D/HzOS.BinderClient( 1971): Connected to PreferencesService
12-07 13:00:08.179 E/TrackedObjectManager( 2832): Failed to connect to TrackedObjectService with error Status(-129, EX_TRANSACTION_FAILED): 'DEAD_OBJECT: '
12-07 13:00:08.179 W/OSDynamicObjectDataQuerier( 2832): Attempted to start tracking objects when tracker was already started
12-07 13:00:08.179 E/TrackedObjectManager( 2832): Failed to connect to TrackedObjectService with error Status(-129, EX_TRANSACTION_FAILED): 'DEAD_OBJECT: '
12-07 13:00:08.179 E/TrackedObjectManager( 2832): Failed to start tracking keyboard object with error Status(-129, EX_TRANSACTION_FAILED): 'DEAD_OBJECT: '
12-07 13:00:08.179 V/ActivityManager( 1971): bindService: Intent { act=android.accounts.AccountAuthenticator cmp=com.oculus.horizon/com.oculus.auth.authenticator.oculus.OculusAuthenticatorService } type=null conn=android.app.LoadedApk$ServiceDispatcher$InnerConnection@d2b6928 flags=0x1
12-07 13:00:08.179 D/CompatibilityChangeReporter( 1971): Compat change id reported: 265464455; UID 10176; state: DISABLED
12-07 13:00:08.179 D/CompatibilityChangeReporter( 1971): Compat change id reported: 265452344; UID 10176; state: DISABLED
12-07 13:00:08.179 D/CompatibilityChangeReporter( 1971): Compat change id reported: 266124927; UID 10176; state: DISABLED
12-07 13:00:08.179 D/CompatibilityChangeReporter( 1971): Compat change id reported: 265451093; UID 10176; state: DISABLED
12-07 13:00:08.179 D/CompatibilityChangeReporter( 1971): Compat change id reported: 265456536; UID 10176; state: DISABLED
12-07 13:00:08.179 D/CompatibilityChangeReporter( 1971): Compat change id reported: 255940284; UID 10176; state: DISABLED
12-07 13:00:08.179 D/CompatibilityChangeReporter( 1971): Compat change id reported: 236283604; UID 10176; state: DISABLED
12-07 13:00:08.179 D/CompatibilityChangeReporter( 1971): Compat change id reported: 263959004; UID 10176; state: DISABLED
12-07 13:00:08.180 D/CompatibilityChangeReporter( 1971): Compat change id reported: 264304459; UID 10176; state: DISABLED
12-07 13:00:08.180 D/CompatibilityChangeReporter( 1971): Compat change id reported: 264301586; UID 10176; state: DISABLED
12-07 13:00:08.180 D/CompatibilityChangeReporter( 1971): Compat change id reported: 254631730; UID 10176; state: DISABLED
12-07 13:00:08.180 D/CompatibilityChangeReporter( 1971): Compat change id reported: 273509367; UID 10176; state: DISABLED
12-07 13:00:08.180 D/CompatibilityChangeReporter( 1971): Compat change id reported: 263259275; UID 10176; state: ENABLED
12-07 13:00:08.180 D/CompatibilityChangeReporter( 1971): Compat change id reported: 174042980; UID 10176; state: DISABLED
12-07 13:00:08.180 D/CompatibilityChangeReporter( 1971): Compat change id reported: 174042936; UID 10176; state: DISABLED
12-07 13:00:08.180 D/CompatibilityChangeReporter( 1971): Compat change id reported: 181136395; UID 10176; state: DISABLED
12-07 13:00:08.180 D/CompatibilityChangeReporter( 1971): Compat change id reported: 194480991; UID 10176; state: ENABLED
12-07 13:00:08.181 I/BaseAuthenticator( 3960): getAuthToken - callingPackage: com.oculus.ocms, tokenType: is_logged_in
12-07 13:00:08.182 I/ActivityTaskManager( 1971): START u0 {act=android.intent.action.MAIN flg=0x10000000 cmp=com.example.moonlight_spatialsdk/.ImmersiveActivity (has extras)} with LAUNCH_SINGLE_TASK from uid 10176 (BAL_ALLOW_VISIBLE_WINDOW) result code=0
12-07 13:00:08.182 I/VrKeyguardViewMediator( 3282): handleSetOccluded, occluded: false, prevValue: false, mHiding: false
12-07 13:00:08.182 D/VrLockscreenHost( 3282): setOccluded: false, was: false, force: false, window: null
12-07 13:00:08.185 I/BaseAuthenticator( 3960): getAuthTokenSync - calling doGetAuthToken, callingPackage: com.oculus.ocms, action: OBTAIN_TOKEN, appPackageName: , requestId: eaeb436a-d207-4259-bfdb-50a54bba15b2
12-07 13:00:08.185 I/OculusAuthenticator( 3960): doGetAuthToken - obtainRootToken:false callingPackage:com.oculus.ocmsappPackageName:appId:nulltokenType:is_logged_intokenScopeTypeACCOUNT_SCOPED
12-07 13:00:08.186 D/[SEO] ShellSpatialWindowManagerService( 3469): Requesting placement of new volumetric window for ComponentInfo{com.example.moonlight_spatialsdk/com.example.moonlight_spatialsdk.ImmersiveActivity} from ActivityInfo{9f716f2 com.example.moonlight_spatialsdk.PancakeActivity} VolumetricWindowToken { scope = 2, token = android.os.BinderProxy@85eb143, persistableToken = 39f6497f-27b5-4774-835d-c6b713c74388 }
12-07 13:00:08.188 I/TokenProvider( 3960): obtainToken requestType: 3, callingPackage: com.oculus.ocms
12-07 13:00:08.188 I/OculusAuthenticator( 3960): doGetAuthToken - calling GetAuthTokenResult forToken:false callingPackage:com.oculus.ocmsappPackageName:appId:nulltokenType:is_logged_intokenScopeTypeACCOUNT_SCOPED
12-07 13:00:08.188 I/BaseAuthenticator( 3960): getAuthTokenSync - calling produceReturnResult  - callingPackage: com.oculus.ocms, action: OBTAIN_TOKEN, appPackageName: 
12-07 13:00:08.188 I/AuthLogger( 3960): Action succeeded: OBTAIN_TOKEN, callingPackage: com.oculus.ocms, accountType: com.oculus, tokenType: is_logged_in, extras: {client_request_id=eaeb436a-d207-4259-bfdb-50a54bba15b2, calling_app_id=null, token_scope=ACCOUNT_SCOPED, expiration_time_ms=0, outcome=token}, duration: 7ms
12-07 13:00:08.188 D/[SEO] ShellSpatialWindowManagerService( 3469): Setup Activity Launch Environment for com.example.moonlight_spatialsdk/com.example.moonlight_spatialsdk.ImmersiveActivity
12-07 13:00:08.190 D/[SEO] ShellSpatialWindowManagerService( 3469): Routing activity intent through Shell's launch checks
12-07 13:00:08.190 W/[SEO] IntentResolutionUtils( 3469): Could not find source panel panelId
12-07 13:00:08.190 D/[SEO] ShellControlBroadcastReceiver( 3469): onReceive: Intent{action=com.oculus.vrshell.intent.action.LAUNCH, data=com.example.moonlight_spatialsdk/com.example.moonlight_spatialsdk.ImmersiveActivity, type=null, categories=null, component=null, flags=0x10010000, extras={launch_source=com.example.moonlight_spatialsdk/com.example.moonlight_spatialsdk.PancakeActivity, activity_surface_width=500, requestingCrashRecovery=null, isHomeIntent=false, launchId=1039d702-a47c-41c7-97ca-5af8443170d6, target=null, activity_intent=true, defaultLaunchReason=0, activity_surface_height=800, queryParametersUri=null}}
12-07 13:00:08.190 D/[SEO] ShellControlBroadcastReceiver( 3469): isLaunchAction = true, isTrustedAppLaunch = true
12-07 13:00:08.190 D/EncryptedSharedPrefSecureStore(27119): Getting value for oc_uat_1966835873381466 from secure store
12-07 13:00:08.190 D/[SEO] ShellControlBroadcastReceiver( 3469): Transitioning broadcast to nativeBroadcastIntent.
12-07 13:00:08.190 W/[SEO] IntentParser( 3469): Got intent with null or empty value for key(s): requestingCrashRecovery target queryParametersUri 
12-07 13:00:08.190 D/[SEO] ShellService( 3469): onStartCommand() with action com.oculus.intent.action.BROADCAST_INTENT
12-07 13:00:08.190 W/[SEO] IntentParser( 3469): Got intent with null or empty value for key(s): requestingCrashRecovery target queryParametersUri 
12-07 13:00:08.191 D/AccountAuthUtil(27119): Successfully fetched token from secure store
12-07 13:00:08.191 D/OculusToken(27119): Success getting oculus token (USER)
12-07 13:00:08.192 E/TrackedObjectManager( 2832): Failed to connect to TrackedObjectService with error Status(-129, EX_TRANSACTION_FAILED): 'DEAD_OBJECT: '
12-07 13:00:08.192 W/OSDynamicObjectDataQuerier( 2832): Attempted to start tracking objects when tracker was already started
12-07 13:00:08.192 E/TrackedObjectManager( 2832): Failed to connect to TrackedObjectService with error Status(-129, EX_TRANSACTION_FAILED): 'DEAD_OBJECT: '
12-07 13:00:08.193 E/TrackedObjectManager( 2832): Failed to start tracking keyboard object with error Status(-129, EX_TRANSACTION_FAILED): 'DEAD_OBJECT: '
12-07 13:00:08.193 D/TrafficStats(27119): tagSocket(155) with statsTag=0x32, statsUid=-1
12-07 13:00:08.199 I/[SEO] FrameCommandHelpers( 3469): Handling Pending Launch from Intent - target=com.example.moonlight_spatialsdk/com.example.moonlight_spatialsdk.ImmersiveActivity, launch source=com.oculus.vrshell.intent.action.LAUNCH
12-07 13:00:08.201 I/[SEO] PanelAppLaunchInfo( 3469): PanelAppLaunchInfo componentString:com.example.moonlight_spatialsdk/com.example.moonlight_spatialsdk.ImmersiveActivity packageName:com.example.moonlight_spatialsdk serviceName:com.example.moonlight_spatialsdk.ImmersiveActivity componentName:com.example.moonlight_spatialsdk/com.example.moonlight_spatialsdk.ImmersiveActivity
12-07 13:00:08.201 I/[SEO] HostPlatform( 3469): Retrieving component launch information for package (com.example.moonlight_spatialsdk) and service (com.example.moonlight_spatialsdk.ImmersiveActivity)
12-07 13:00:08.202 D/[SEO] PanelAppConfigurationUtil( 3469): Refreshing APK info for com.example.moonlight_spatialsdk/com.example.moonlight_spatialsdk.ImmersiveActivity; UID or version code changed
12-07 13:00:08.202 I/[SEO] PanelAppConfigurationUtil( 3469): Sending Android activity token to component com.example.moonlight_spatialsdk/com.example.moonlight_spatialsdk.ImmersiveActivity:false
12-07 13:00:08.203 D/CompatibilityChangeReporter( 1971): Compat change id reported: 161252188; UID 10176; state: DISABLED
12-07 13:00:08.204 I/[SEO] PanelAppLaunchInfo( 3469): SetMultiLayer shouldAllowLayerSupport_ [0] name [] componentName [com.example.moonlight_spatialsdk/com.example.moonlight_spatialsdk.ImmersiveActivity]
12-07 13:00:08.204 I/[SEO] HostPlatform( 3469): Is PanelSDK component for package (com.example.moonlight_spatialsdk) and service (com.example.moonlight_spatialsdk.ImmersiveActivity) - false
12-07 13:00:08.206 I/[SEO] LaunchController( 3469): Registering Pending Launch of type External with component: com.example.moonlight_spatialsdk/com.example.moonlight_spatialsdk.ImmersiveActivity launchId: 1039d702-a47c-41c7-97ca-5af8443170d6 requested by com.oculus.vrshell.intent.action.LAUNCH, overwriting existing launch false, of type None.
12-07 13:00:08.206 E/TrackedObjectManager( 2832): Failed to connect to TrackedObjectService with error Status(-129, EX_TRANSACTION_FAILED): 'DEAD_OBJECT: '
12-07 13:00:08.206 W/OSDynamicObjectDataQuerier( 2832): Attempted to start tracking objects when tracker was already started
12-07 13:00:08.206 E/TrackedObjectManager( 2832): Failed to connect to TrackedObjectService with error Status(-129, EX_TRANSACTION_FAILED): 'DEAD_OBJECT: '
12-07 13:00:08.206 E/TrackedObjectManager( 2832): Failed to start tracking keyboard object with error Status(-129, EX_TRANSACTION_FAILED): 'DEAD_OBJECT: '
12-07 13:00:08.213 W/AppManagerInternal(27119): Entitlement for packageName=com.example.moonlight_spatialsdk not found, channels=[Store, Q4B, PcStore]
12-07 13:00:08.213 D/LibraryProvider(27119): queryApp(com.example.moonlight_spatialsdk) could not find entitlement
12-07 13:00:08.213 W/OVRLibrary( 3469): null cursor received for query content://com.oculus.ocms.library/apps/com.example.moonlight_spatialsdk
12-07 13:00:08.213 D/[SEO] HostPlatformPackages( 3469): app is null, packageName: com.example.moonlight_spatialsdk
12-07 13:00:08.217 I/[SEO] LaunchCheckController( 3469): GetAutomationForceLaunchCheckFlags: packageName=com.example.moonlight_spatialsdk, forcedLaunchCheckApp=
12-07 13:00:08.217 I/[SEO] LaunchCheckController( 3469): Building launch checks for component: com.example.moonlight_spatialsdk/com.example.moonlight_spatialsdk.ImmersiveActivity launchId: 1039d702-a47c-41c7-97ca-5af8443170d6
12-07 13:00:08.219 I/[SEO] LaunchCheckController( 3469): GetAutomationForceLaunchCheckFlags: packageName=com.example.moonlight_spatialsdk, forcedLaunchCheckApp=
12-07 13:00:08.219 I/[SEO] LaunchCheckController( 3469): Finished building launch checks for component: com.example.moonlight_spatialsdk/com.example.moonlight_spatialsdk.ImmersiveActivity launchId: 1039d702-a47c-41c7-97ca-5af8443170d6
12-07 13:00:08.219 I/[SEO] LaunchController( 3469): LaunchController::Launch pending type External, pending details component: com.example.moonlight_spatialsdk/com.example.moonlight_spatialsdk.ImmersiveActivity launchId: 1039d702-a47c-41c7-97ca-5af8443170d6, launch type External, launch details component: com.example.moonlight_spatialsdk/com.example.moonlight_spatialsdk.ImmersiveActivity launchId: 1039d702-a47c-41c7-97ca-5af8443170d6
12-07 13:00:08.219 I/[SEO] ApplicationLaunchData( 3469): UpdateShortcutCurrencyInLibrary aliasId is empty
12-07 13:00:08.219 I/[SEO] HostPlatform( 3469): LaunchExternalApplication
12-07 13:00:08.219 D/[UNSET] ShellApplication( 3469): sendLaunchIntent: 'com.example.moonlight_spatialsdk/com.example.moonlight_spatialsdk.ImmersiveActivity' command: '' launchId: '1039d702-a47c-41c7-97ca-5af8443170d6'
12-07 13:00:08.219 D/[SEO] ShellSpatialWindowManagerService( 3469): Placing immersive activity into new volumetric window
12-07 13:00:08.220 E/TrackedObjectManager( 2832): Failed to connect to TrackedObjectService with error Status(-129, EX_TRANSACTION_FAILED): 'DEAD_OBJECT: '
12-07 13:00:08.220 W/OSDynamicObjectDataQuerier( 2832): Attempted to start tracking objects when tracker was already started
12-07 13:00:08.220 E/TrackedObjectManager( 2832): Failed to connect to TrackedObjectService with error Status(-129, EX_TRANSACTION_FAILED): 'DEAD_OBJECT: '
12-07 13:00:08.220 E/TrackedObjectManager( 2832): Failed to start tracking keyboard object with error Status(-129, EX_TRANSACTION_FAILED): 'DEAD_OBJECT: '
12-07 13:00:08.221 D/[SEO] ShellSpatialWindowManagerService( 3469): placeImmersiveActivityIntoNewVolumetricWindow: shouldQuitCurrentApp=false
12-07 13:00:08.221 I/[SEO] DesktopPanelController( 3469): Animating desktop hide with reason system-initiated, source ExternalLaunch
12-07 13:00:08.221 I/VolumetricWindowManagerServiceImpl( 1971): Handling SWMS response: launch into NEW_VOLUMETRIC_WINDOW VolumetricWindowPlacementResponse { volumetricToken = VolumetricWindowToken { scope = 1, token = horizonos.view.VolumetricWindowToken$InternalVolumetricToken@37827ed, persistableToken = 475d5331-5430-4f91-b922-593d56f63e84 }, relativeSpaceToken = SpaceToken { binderToken = android.os.BinderProxy@8194805, persistableToken = 00000000-0000-0000-0000-000000000000 }, pose = Pose { orientation = Vector4f { x = 0.0, y = 0.0, z = 0.0, w = 1.0 }, position = Vector3f { x = 0.0, y = 0.0, z = 0.0 } }, bounds = Extent3f { width = 0.15874992, height = 0.07937496, depth = 0.0 }, surfaceSize = 1000x500, densityDpi = 0, visible = true } for launch request [ActivityInfo{7caf604 com.example.moonlight_spatialsdk.ImmersiveActivity}](vrdesktop seq: 1)
12-07 13:00:08.221 I/VolumetricContainerPlacement( 1971): acquired ContainerPlacement{mId=0, mBounds=Rect(0, 0 - 8000, 8000)}
12-07 13:00:08.225 I/SpaceManagerServiceImpl( 1971): addSpace done: userId = 0, spaceToken = SpaceToken { binderToken = horizonos.view.SpaceToken$InternalSpaceToken@4a16622, persistableToken = 0157a927-6ca7-4b8f-a7f5-531d174f5924 }
12-07 13:00:08.229 I/DisplayDeviceRepository( 1971): Display device added: DisplayDeviceInfo{"MirrorRoot for 475d5331-5430-4f91-b922-593d56f63e84": uniqueId="virtual:android,1000,MirrorRoot for 475d5331-5430-4f91-b922-593d56f63e84,0", 1000 x 500, modeId 1321, renderFrameRate 60.0, defaultModeId 1321, supportedModes [{id=1321, width=1000, height=500, fps=60.0, alternativeRefreshRates=[], supportedHdrTypes=[]}], colorMode 0, supportedColorModes [0], hdrCapabilities null, allmSupported false, gameContentTypeSupported false, density 200, 200.0 x 200.0 dpi, appVsyncOff 0, presDeadline 16666666, touch NONE, rotation 0, type VIRTUAL, deviceProductInfo null, state OFF, committedState UNKNOWN, owner android (uid 1000), frameRateOverride , brightnessMinimum 0.0, brightnessMaximum 0.0, brightnessDefault 0.0, hdrSdrRatio NaN, FLAG_SECURE, FLAG_SUPPORTS_PROTECTED_BUFFERS, FLAG_OWN_CONTENT_ONLY, FLAG_DESTROY_CONTENT_ON_REMOVAL, installOrientation 0, displayShape DisplayShape{ spec=-1856918115 displayWidth=1000 displayHeight=500 physicalPixelDisplaySizeRatio=1.0 rotation=0 offsetX=0 offsetY=0 scale=1.0}}
12-07 13:00:08.229 D/parfait:service( 1158): Received TRACE_START process_start:com.example.moonlight_spatialsdk request
12-07 13:00:08.230 D/parfait:tracing( 1158): Trigger scenario name: process_start:com.example.moonlight_spatialsdk
12-07 13:00:08.230 I/parfait:tracing( 1158): Trigger scenario process_start:com.example.moonlight_spatialsdk not found in config, ignoring.
12-07 13:00:08.230 D/parfait:logger( 1158): Dropping event /data/oculus/parfait/telemetry_logs/83feef49-a237-d0a3-3444-dff9afddb1ec.log
12-07 13:00:08.234 E/TrackedObjectManager( 2832): Failed to connect to TrackedObjectService with error Status(-129, EX_TRANSACTION_FAILED): 'DEAD_OBJECT: '
12-07 13:00:08.234 W/OSDynamicObjectDataQuerier( 2832): Attempted to start tracking objects when tracker was already started
12-07 13:00:08.234 E/TrackedObjectManager( 2832): Failed to connect to TrackedObjectService with error Status(-129, EX_TRANSACTION_FAILED): 'DEAD_OBJECT: '
12-07 13:00:08.234 E/TrackedObjectManager( 2832): Failed to start tracking keyboard object with error Status(-129, EX_TRANSACTION_FAILED): 'DEAD_OBJECT: '
12-07 13:00:08.239 I/LogicalDisplayMapper( 1971): Applying layout: [{dispId: 0(ON), displayGroupName: , addr: {port=146, model=0x40446dbbd154e4}, mThermalBrightnessThrottlingMapId: null, mRefreshRateZoneId: null, mLeadDisplayId: -1, mThermalRefreshRateThrottlingMapId: null}], Previous layout: [{dispId: 0(ON), displayGroupName: , addr: {port=146, model=0x40446dbbd154e4}, mThermalBrightnessThrottlingMapId: null, mRefreshRateZoneId: null, mLeadDisplayId: -1, mThermalRefreshRateThrottlingMapId: null}]
12-07 13:00:08.240 I/LogicalDisplayMapper( 1971): Setting new display group 0 for display 976, from previous group: null
12-07 13:00:08.248 E/TrackedObjectManager( 2832): Failed to connect to TrackedObjectService with error Status(-129, EX_TRANSACTION_FAILED): 'DEAD_OBJECT: '
12-07 13:00:08.248 W/OSDynamicObjectDataQuerier( 2832): Attempted to start tracking objects when tracker was already started
12-07 13:00:08.248 E/TrackedObjectManager( 2832): Failed to connect to TrackedObjectService with error Status(-129, EX_TRANSACTION_FAILED): 'DEAD_OBJECT: '
12-07 13:00:08.248 E/TrackedObjectManager( 2832): Failed to start tracking keyboard object with error Status(-129, EX_TRANSACTION_FAILED): 'DEAD_OBJECT: '
12-07 13:00:08.252 I/LogicalDisplayMapper( 1971): Adding new display: 976: DisplayInfo{"MirrorRoot for 475d5331-5430-4f91-b922-593d56f63e84", displayId 976, displayGroupId 0, FLAG_SECURE, FLAG_SUPPORTS_PROTECTED_BUFFERS, real 1000 x 500, largest app 1000 x 500, smallest app 1000 x 500, appVsyncOff 0, presDeadline 16666666, mode 132160.0, defaultMode 1321, modes [{id=1321, width=1000, height=500, fps=60.0, alternativeRefreshRates=[], supportedHdrTypes=[]}], hdrCapabilities null, userDisabledHdrTypes [], minimalPostProcessingSupported false, rotation 0, state OFF, committedState UNKNOWN, type VIRTUAL, uniqueId "virtual:android,1000,MirrorRoot for 475d5331-5430-4f91-b922-593d56f63e84,0", app 1000 x 500, density 200 (200.0 x 200.0) dpi, layerStack 976, colorMode 0, supportedColorModes [0], deviceProductInfo null, owner android (uid 1000), removeMode 1, refreshRateOverride 0.0, brightnessMinimum 0.0, brightnessMaximum 0.0, brightnessDefault 0.0, installOrientation ROTATION_0, layoutLimitedRefreshRate null, hdrSdrRatio not_available, thermalRefreshRateThrottling {}, thermalBrightnessThrottlingDataId default}
12-07 13:00:08.253 W/BrightnessThrottler( 1971): DeviceConfig ThermalBrightnessThrottlingData is null
12-07 13:00:08.253 W/DisplayPowerController2[976]( 1971): Screen brightness nits configuration is unavailable; falling back
12-07 13:00:08.262 E/TrackedObjectManager( 2832): Failed to connect to TrackedObjectService with error Status(-129, EX_TRANSACTION_FAILED): 'DEAD_OBJECT: '
12-07 13:00:08.262 W/OSDynamicObjectDataQuerier( 2832): Attempted to start tracking objects when tracker was already started
12-07 13:00:08.262 E/TrackedObjectManager( 2832): Failed to connect to TrackedObjectService with error Status(-129, EX_TRANSACTION_FAILED): 'DEAD_OBJECT: '
12-07 13:00:08.262 E/TrackedObjectManager( 2832): Failed to start tracking keyboard object with error Status(-129, EX_TRANSACTION_FAILED): 'DEAD_OBJECT: '
12-07 13:00:08.276 E/TrackedObjectManager( 2832): Failed to connect to TrackedObjectService with error Status(-129, EX_TRANSACTION_FAILED): 'DEAD_OBJECT: '
12-07 13:00:08.276 W/OSDynamicObjectDataQuerier( 2832): Attempted to start tracking objects when tracker was already started
12-07 13:00:08.276 E/TrackedObjectManager( 2832): Failed to connect to TrackedObjectService with error Status(-129, EX_TRANSACTION_FAILED): 'DEAD_OBJECT: '
12-07 13:00:08.276 E/TrackedObjectManager( 2832): Failed to start tracking keyboard object with error Status(-129, EX_TRANSACTION_FAILED): 'DEAD_OBJECT: '
12-07 13:00:08.284 I/WindowManager( 1971): Override config changes=20005df8 {0.0 ?mcc0mnc ?localeList ?layoutDir sw400dp w800dp h400dp 200dpi nrml long land ?uimode ?night -touch -keyb/v/h -nav/h winConfig={ mBounds=Rect(0, 0 - 1000, 500) mAppBounds=Rect(0, 0 - 1000, 500) mMaxBounds=Rect(0, 0 - 1000, 500) mDisplayRotation=ROTATION_0 mWindowingMode=fullscreen mDisplayWindowingMode=fullscreen mActivityType=undefined mAlwaysOnTop=undefined mRotation=ROTATION_0} ?fontWeightAdjustment} for displayId=976
12-07 13:00:08.286 W/DisplayController( 7059): Skipping Display Configuration change on non-added display.
12-07 13:00:08.290 E/TrackedObjectManager( 2832): Failed to connect to TrackedObjectService with error Status(-129, EX_TRANSACTION_FAILED): 'DEAD_OBJECT: '
12-07 13:00:08.290 W/OSDynamicObjectDataQuerier( 2832): Attempted to start tracking objects when tracker was already started
12-07 13:00:08.290 E/TrackedObjectManager( 2832): Failed to connect to TrackedObjectService with error Status(-129, EX_TRANSACTION_FAILED): 'DEAD_OBJECT: '
12-07 13:00:08.290 E/TrackedObjectManager( 2832): Failed to start tracking keyboard object with error Status(-129, EX_TRANSACTION_FAILED): 'DEAD_OBJECT: '
12-07 13:00:08.290 D/DisplayManagerService( 1971): Ignore redundant display event 976/2 to 10079/25425
12-07 13:00:08.290 D/DisplayManagerService( 1971): Ignore redundant display event 976/2 to 10049/32634
12-07 13:00:08.292 I/VolumetricWindowManagerServiceImpl( 1971): addVolumetricWindow done: userId = 0, wct = bd6b078, vw type = 2, vw persistable token = 475d5331-5430-4f91-b922-593d56f63e84, rootTaskId = 3
12-07 13:00:08.292 I/VolumetricWindowManagerServiceImpl( 1971): addTaskVolumetricWindowLocked: taskId = 3, VW = VolumetricWindowInfo { volumetricWindowToken = VolumetricWindowToken { scope = 1, token = horizonos.view.VolumetricWindowToken$InternalVolumetricToken@37827ed, persistableToken = 475d5331-5430-4f91-b922-593d56f63e84 }, type = 2, bounds = Extent3f { width = 0.15874992, height = 0.07937496, depth = 0.0 }, pose = Pose { orientation = Vector4f { x = 0.0, y = 0.0, z = 0.0, w = 1.0 }, position = Vector3f { x = 0.0, y = 0.0, z = 0.0 } }, windowSize2d = Extent2i { width = 1000, height = 500 }, densityDpi = 200, windowSpaceToken = SpaceToken { binderToken = horizonos.view.SpaceToken$InternalSpaceToken@4a16622, persistableToken = 0157a927-6ca7-4b8f-a7f5-531d174f5924 }, visible = true, active = true, drawn = false, persistable = false, singlePassCompositionEnabled = false, depthTestEnabled = false, inView = false, windowFlags = 0, priorityHintInfo = PriorityHintInfo { windowPpd = 0.0, viewAngleSine = -1.0, visiblePercent = 1.0, distanceFromUser = 0.0, attentionZone = 0 }, taskInfo = null, presentation = VolumetricWindowPresentationInfo { controlBar = null }, layoutParams = null, children = [], shape = 1, cylinderInfo = null }, isSinglePassCompositionEnabled = false, isComponentBlocklisted = false, isComponentForcedToSPC = false
12-07 13:00:08.296 V/DisplayPowerController2[976]( 1971): Brightness [0.0] reason changing to: 'manual', previous reason: '0'.
12-07 13:00:08.296 I/DisplayPowerController2[976]( 1971): BrightnessEvent: disp=976, physDisp=virtual:android,1000,MirrorRoot for 475d5331-5430-4f91-b922-593d56f63e84,0, brt=0.0, initBrt=NaN, rcmdBrt=NaN, preBrt=NaN, lux=0.0, preLux=0.0, hbmMax=1.0, hbmMode=off, rbcStrength=-1, thrmMax=1.0, powerFactor=1.0, wasShortTermModelActive=false, flags=, reason=manual, autoBrightness=false, strategy=InvalidBrightnessStrategy
12-07 13:00:08.296 E/HzDcSyncController( 1971): Error while setting sysprop [persist.device_config.oculus_shared_os_services_sessionless.hzos_media_projection_activity_blocklist]. The value length exceeds 91 bytes: 232. Note that this error does not affect the value being read via MDC or ADC.
12-07 13:00:08.304 E/CellBroadcastUtils( 1971): getDefaultCellBroadcastReceiverPackageName: no package found
12-07 13:00:08.304 E/TrackedObjectManager( 2832): Failed to connect to TrackedObjectService with error Status(-129, EX_TRANSACTION_FAILED): 'DEAD_OBJECT: '
12-07 13:00:08.304 W/OSDynamicObjectDataQuerier( 2832): Attempted to start tracking objects when tracker was already started
12-07 13:00:08.304 E/TrackedObjectManager( 2832): Failed to connect to TrackedObjectService with error Status(-129, EX_TRANSACTION_FAILED): 'DEAD_OBJECT: '
12-07 13:00:08.304 E/TrackedObjectManager( 2832): Failed to start tracking keyboard object with error Status(-129, EX_TRANSACTION_FAILED): 'DEAD_OBJECT: '
12-07 13:00:08.306 D/CompatibilityChangeReporter( 1971): Compat change id reported: 184838306; UID 10176; state: DISABLED
12-07 13:00:08.306 D/CompatibilityChangeReporter( 1971): Compat change id reported: 185004937; UID 10176; state: DISABLED
12-07 13:00:08.309 D/perfservice(  872): [POWERHINT] Received LAUNCH hint
12-07 13:00:08.310 D/CompatibilityChangeReporter( 1971): Compat change id reported: 205907456; UID 10176; state: ENABLED
12-07 13:00:08.311 E/perfservice(  872): End applying 'START_HINT' from hint 'LAUNCH' - Failed after 5 retries - Latency: 1.267ms
12-07 13:00:08.311 E/perfservice(  872):   >> Failed final validation: /sys/block/dm-0/queue/read_ahead_kb=512
12-07 13:00:08.311 E/perfservice(  872):   >> Failed final validation: /sys/block/dm-1/queue/read_ahead_kb=512
12-07 13:00:08.314 I/ActivityTaskManager( 1971): Add Task{cd38ad5 #2881 type=standard A=10176:com.example.moonlight_spatialsdk} to hidden list because adding Task{9a6e4d0 #2882 type=standard A=10176:com.example.moonlight_spatialsdk}
12-07 13:00:08.316 I/ActivityTaskManager( 1971): START u0 {act=android.intent.action.MAIN flg=0x10010100 cmp=com.example.moonlight_spatialsdk/.ImmersiveActivity (has extras)} with LAUNCH_SINGLE_TASK from uid 10176 (realCallingUid=1000) (BAL_ALLOW_VISIBLE_WINDOW) result code=0
12-07 13:00:08.317 I/VolumetricContentMonitor( 1971): Switching to immersive app. taskId: 3, ActivityInfo{a950fce com.example.moonlight_spatialsdk.ImmersiveActivity}
12-07 13:00:08.318 E/TrackedObjectManager( 2832): Failed to connect to TrackedObjectService with error Status(-129, EX_TRANSACTION_FAILED): 'DEAD_OBJECT: '
12-07 13:00:08.318 W/OSDynamicObjectDataQuerier( 2832): Attempted to start tracking objects when tracker was already started
12-07 13:00:08.318 E/TrackedObjectManager( 2832): Failed to connect to TrackedObjectService with error Status(-129, EX_TRANSACTION_FAILED): 'DEAD_OBJECT: '
12-07 13:00:08.318 E/TrackedObjectManager( 2832): Failed to start tracking keyboard object with error Status(-129, EX_TRANSACTION_FAILED): 'DEAD_OBJECT: '
12-07 13:00:08.321 V/WindowManager( 1971): Queueing transition: TransitionRecord{2f59094 id=-1 type=SLEEP flags=0x0}
12-07 13:00:08.321 V/WindowManager( 1971): Content Recording: Display 976 state is now (1), so update recording?
12-07 13:00:08.322 I/UiModeController( 1971): Switching from com.oculus.vrshell to com.example.moonlight_spatialsdk
12-07 13:00:08.322 I/InterstitialController( 1971): onImmersiveActivityAppeared: uid: 10176, pid: 20157, state: 4, com.example.moonlight_spatialsdk, on task: WCT{RemoteToken{bd6b078 Task{403e4d4 #3 type=standard}}}, launchId: null
12-07 13:00:08.328 V/WorldManagerService( 1971): VW Content Listener: com.example.moonlight_spatialsdk -1
12-07 13:00:08.328 D/SpatialAudioService( 1971): Skipping processing for app: com.example.moonlight_spatialsdk (isNewApp: false, perAppEnabled: true, epsService: true)
12-07 13:00:08.331 W/TrustedCallerVerifier(27119): Could not verify trusted caller for uidPackageNames=[com.oculus.metacam] and uidSignature=android.content.pm.Signature@89661ab1
12-07 13:00:08.331 E/TrackedObjectManager( 2832): Failed to connect to TrackedObjectService with error Status(-129, EX_TRANSACTION_FAILED): 'DEAD_OBJECT: '
12-07 13:00:08.331 W/OSDynamicObjectDataQuerier( 2832): Attempted to start tracking objects when tracker was already started
12-07 13:00:08.331 E/TrackedObjectManager( 2832): Failed to connect to TrackedObjectService with error Status(-129, EX_TRANSACTION_FAILED): 'DEAD_OBJECT: '
12-07 13:00:08.331 E/TrackedObjectManager( 2832): Failed to start tracking keyboard object with error Status(-129, EX_TRANSACTION_FAILED): 'DEAD_OBJECT: '
12-07 13:00:08.337 W/AppManagerInternal(27119): Entitlement for packageName=com.example.moonlight_spatialsdk not found, channels=[Store, Q4B, PcStore]
12-07 13:00:08.337 D/LibraryProvider(27119): queryApp(com.example.moonlight_spatialsdk) could not find entitlement
12-07 13:00:08.337 W/OVRLibrary(15000): null cursor received for query content://com.oculus.ocms.library/apps/com.example.moonlight_spatialsdk
12-07 13:00:08.337 E/CoresdkAnalyticsEvent(15000): could not set key=session_id value=null
12-07 13:00:08.338 I/BpBinder( 2392): onLastStrongRef automatically unlinking death recipients: 
12-07 13:00:08.341 D/VrosSpatialAudio(20157): Immersive activity detected, skip VrosSpatialAudio init
12-07 13:00:08.342 I/System.out(20157): === IMMERSIVE_ACTIVITY_ONCREATE_START ===
12-07 13:00:08.342 E/ImmersiveActivity(20157): === IMMERSIVE_ACTIVITY_ONCREATE_START ===
12-07 13:00:08.343 I/VrActivity[j](20157): VrActivity::onCreate com.example.moonlight_spatialsdk.ImmersiveActivity@316a55a false
12-07 13:00:08.346 E/TrackedObjectManager( 2832): Failed to connect to TrackedObjectService with error Status(-129, EX_TRANSACTION_FAILED): 'DEAD_OBJECT: '
12-07 13:00:08.346 W/OSDynamicObjectDataQuerier( 2832): Attempted to start tracking objects when tracker was already started
12-07 13:00:08.346 E/TrackedObjectManager( 2832): Failed to connect to TrackedObjectService with error Status(-129, EX_TRANSACTION_FAILED): 'DEAD_OBJECT: '
12-07 13:00:08.346 E/TrackedObjectManager( 2832): Failed to start tracking keyboard object with error Status(-129, EX_TRANSACTION_FAILED): 'DEAD_OBJECT: '
12-07 13:00:08.359 E/TrackedObjectManager( 2832): Failed to connect to TrackedObjectService with error Status(-129, EX_TRANSACTION_FAILED): 'DEAD_OBJECT: '
12-07 13:00:08.359 W/OSDynamicObjectDataQuerier( 2832): Attempted to start tracking objects when tracker was already started
12-07 13:00:08.359 E/TrackedObjectManager( 2832): Failed to connect to TrackedObjectService with error Status(-129, EX_TRANSACTION_FAILED): 'DEAD_OBJECT: '
12-07 13:00:08.359 E/TrackedObjectManager( 2832): Failed to start tracking keyboard object with error Status(-129, EX_TRANSACTION_FAILED): 'DEAD_OBJECT: '
12-07 13:00:08.373 E/TrackedObjectManager( 2832): Failed to connect to TrackedObjectService with error Status(-129, EX_TRANSACTION_FAILED): 'DEAD_OBJECT: '
12-07 13:00:08.373 W/OSDynamicObjectDataQuerier( 2832): Attempted to start tracking objects when tracker was already started
12-07 13:00:08.373 E/TrackedObjectManager( 2832): Failed to connect to TrackedObjectService with error Status(-129, EX_TRANSACTION_FAILED): 'DEAD_OBJECT: '
12-07 13:00:08.373 E/TrackedObjectManager( 2832): Failed to start tracking keyboard object with error Status(-129, EX_TRANSACTION_FAILED): 'DEAD_OBJECT: '
12-07 13:00:08.378 I/VD628x  (  884): Flicker results: freq 225.358536, max 1289.753784, dcr 65.054291, pct 0.000155, idx 0.000121, conf 0.013569, snr -18.427856, svm 0.000000, sus 2
12-07 13:00:08.387 E/TrackedObjectManager( 2832): Failed to connect to TrackedObjectService with error Status(-129, EX_TRANSACTION_FAILED): 'DEAD_OBJECT: '
12-07 13:00:08.387 W/OSDynamicObjectDataQuerier( 2832): Attempted to start tracking objects when tracker was already started
12-07 13:00:08.387 E/TrackedObjectManager( 2832): Failed to connect to TrackedObjectService with error Status(-129, EX_TRANSACTION_FAILED): 'DEAD_OBJECT: '
12-07 13:00:08.387 E/TrackedObjectManager( 2832): Failed to start tracking keyboard object with error Status(-129, EX_TRANSACTION_FAILED): 'DEAD_OBJECT: '
12-07 13:00:08.399 I/SPATIAL_SDK_LOGGER(20157): ISDK: Registering ISDK plugin
12-07 13:00:08.401 E/TrackedObjectManager( 2832): Failed to connect to TrackedObjectService with error Status(-129, EX_TRANSACTION_FAILED): 'DEAD_OBJECT: '
12-07 13:00:08.401 W/OSDynamicObjectDataQuerier( 2832): Attempted to start tracking objects when tracker was already started
12-07 13:00:08.401 E/TrackedObjectManager( 2832): Failed to connect to TrackedObjectService with error Status(-129, EX_TRANSACTION_FAILED): 'DEAD_OBJECT: '
12-07 13:00:08.401 E/TrackedObjectManager( 2832): Failed to start tracking keyboard object with error Status(-129, EX_TRANSACTION_FAILED): 'DEAD_OBJECT: '
12-07 13:00:08.409 I/SPATIAL_SDK_LOGGER(20157): OVRMetricsTool: Registering OVR Metrics Tool plugin
12-07 13:00:08.409 I/SPATIAL_SDK_LOGGER(20157): OVRMetricsTool: Registered OVR Metrics Tool plugin
12-07 13:00:08.409 I/SPATIAL_SDK_LOGGER(20157): OVRMetricsTool: Initializing OVRMetricsTool
12-07 13:00:08.409 D/OVRMetricsToolSDK(20157): ovrMetricsTool_EnterVrMode
12-07 13:00:08.409 E/OVRMetricsToolSDK(20157): Failed to get OVRMetricsTool SDK API.
12-07 13:00:08.410 I/SPATIAL_SDK_LOGGER(20157): OVRMetricsTool: Initializing OVRMetricsTool Done
12-07 13:00:08.415 I/SPATIAL_SDK_LOGGER(20157): Data: DataModel created with client id 12447949370052050944
12-07 13:00:08.415 E/TrackedObjectManager( 2832): Failed to connect to TrackedObjectService with error Status(-129, EX_TRANSACTION_FAILED): 'DEAD_OBJECT: '
12-07 13:00:08.415 W/OSDynamicObjectDataQuerier( 2832): Attempted to start tracking objects when tracker was already started
12-07 13:00:08.415 E/TrackedObjectManager( 2832): Failed to connect to TrackedObjectService with error Status(-129, EX_TRANSACTION_FAILED): 'DEAD_OBJECT: '
12-07 13:00:08.415 E/TrackedObjectManager( 2832): Failed to start tracking keyboard object with error Status(-129, EX_TRANSACTION_FAILED): 'DEAD_OBJECT: '
12-07 13:00:08.416 I/SPATIAL_SDK_LOGGER(20157): Utils: temp_folder '/data/user/0/com.example.moonlight_spatialsdk/cache'
12-07 13:00:08.417 I/SPATIAL_SDK_LOGGER(20157): Utils: external_files_folder '/storage/emulated/0/Android/data/com.example.moonlight_spatialsdk/files'
12-07 13:00:08.417 I/SPATIAL_SDK_LOGGER(20157): Aether: extFolder: /storage/emulated/0/Android/data/com.example.moonlight_spatialsdk/files
12-07 13:00:08.422 I/SPATIAL_SDK_LOGGER(20157): Utils: external_files_folder '/storage/emulated/0/Android/data/com.example.moonlight_spatialsdk/files'
12-07 13:00:08.422 I/HorizonStandalone(20157): Application: GraphicsHSR constructor
12-07 13:00:08.422 I/HorizonStandalone(20157): Application: ----------------------------------------------------------------
12-07 13:00:08.422 W/HorizonStandalone(20157): Core: AssertHandlerFlags overridden to |Log|Callstack|Callbacks|Abort|DebugBreak|
12-07 13:00:08.424 I/HorizonStandalone(20157): Application: AetherApplication()
12-07 13:00:08.427 I/HorizonStandalone(20157): Application: HardwareInfo: deviceName=eureka, deviceModel=quest 3, deviceId=73d396b98a7006bb, manufacturerName=oculus, os=oculus, osBranch=releases-oculus-14.0-v85, osVersion=51764730039000520 displaySafeAreaTop=0, displaySafeAreaBottom=0, displaySafeAreaLeft=0, displaySafeAreaRight=0
12-07 13:00:08.427 I/HorizonStandalone(20157): Application: FLAG: connection_type: 
12-07 13:00:08.427 I/HorizonStandalone(20157): Application: FLAG: matchmaking_disabled: false
12-07 13:00:08.427 I/HorizonStandalone(20157): Application: FLAG: player_seed: 0
12-07 13:00:08.427 I/HorizonStandalone(20157): Application: FLAG: zone_namespace: 
12-07 13:00:08.427 I/HorizonStandalone(20157): Application: FLAG: zone_namespace_fallback: 
12-07 13:00:08.427 I/HorizonStandalone(20157): Application: FLAG: app_persistent_path: 
12-07 13:00:08.427 I/HorizonStandalone(20157): Application: FLAG: disable_http_proxy: false
12-07 13:00:08.427 I/HorizonStandalone(20157): Application: FLAG: extra_json_payload: 
12-07 13:00:08.427 I/HorizonStandalone(20157): Application: FLAG: headless: false
12-07 13:00:08.427 I/HorizonStandalone(20157): Application: FLAG: local_override_config: local_override_config.json
12-07 13:00:08.427 I/HorizonStandalone(20157): Application: FLAG: logFile: 
12-07 13:00:08.427 I/HorizonStandalone(20157): Application: FLAG: logical_cores: 0
12-07 13:00:08.427 I/HorizonStandalone(20157): Application: FLAG: mode2_config_dir: 
12-07 13:00:08.427 I/HorizonStandalone(20157): Application: FLAG: mode_config_dir: mode/xr
12-07 13:00:08.427 I/HorizonStandalone(20157): Application: FLAG: predefined_session_id: 
12-07 13:00:08.427 I/HorizonStandalone(20157): Application: FLAG: run_in_ci: false
12-07 13:00:08.427 I/HorizonStandalone(20157): Application: FLAG: run_in_fb_infra: false
12-07 13:00:08.427 I/HorizonStandalone(20157): Application: FLAG: test_app_handle: 
12-07 13:00:08.427 I/HorizonStandalone(20157): Application: FLAG: test_build_number: 
12-07 13:00:08.427 I/HorizonStandalone(20157): Application: FLAG: test_name: 
12-07 13:00:08.427 I/HorizonStandalone(20157): Application: FLAG: test_run_id: 
12-07 13:00:08.427 I/HorizonStandalone(20157): Application: FLAG: user_config: user_config.json
12-07 13:00:08.427 I/HorizonStandalone(20157): Application: FLAG: time_to_assert_seconds: 0
12-07 13:00:08.427 I/HorizonStandalone(20157): Application: FLAG: time_to_crash_seconds: 0
12-07 13:00:08.427 I/HorizonStandalone(20157): Application: FLAG: time_to_exception_seconds: 0
12-07 13:00:08.427 I/HorizonStandalone(20157): Application: FLAG: time_to_exit_seconds: 0
12-07 13:00:08.427 I/HorizonStandalone(20157): Application: FLAG: time_to_stall_renderer_seconds: 0
12-07 13:00:08.427 I/HorizonStandalone(20157): Application: FLAG: time_to_stall_sim_seconds: 0
12-07 13:00:08.427 I/HorizonStandalone(20157): Application: FLAG: time_to_stall_waitforjob_seconds: 0
12-07 13:00:08.427 I/HorizonStandalone(20157): Application: FLAG: config_overrides: 
12-07 13:00:08.427 I/HorizonStandalone(20157): Application: FLAG: autoConnectChromeDebuggerIfWaiting: false
12-07 13:00:08.427 I/HorizonStandalone(20157): Application: FLAG: enablePropertyBatching: true
12-07 13:00:08.427 I/HorizonStandalone(20157): Application: FLAG: enableRemoteScriptingDebugger: false
12-07 13:00:08.427 I/HorizonStandalone(20157): Application: FLAG: enableScriptTimeouts: false
12-07 13:00:08.427 I/HorizonStandalone(20157): Application: FLAG: remoteScriptingDebuggerPort: 9229
12-07 13:00:08.427 I/HorizonStandalone(20157): Application: FLAG: scriptTimeoutMs: 5000
12-07 13:00:08.427 I/HorizonStandalone(20157): Application: FLAG: waitForDebugger: false
12-07 13:00:08.427 I/HorizonStandalone(20157): Application: FLAG: flagfile: 
12-07 13:00:08.427 I/HorizonStandalone(20157): Application: FLAG: fromenv: 
12-07 13:00:08.427 I/HorizonStandalone(20157): Application: FLAG: tryfromenv: 
12-07 13:00:08.427 I/HorizonStandalone(20157): Application: FLAG: undefok: 
12-07 13:00:08.427 I/HorizonStandalone(20157): Application: FLAG: tab_completion_columns: 80
12-07 13:00:08.427 I/HorizonStandalone(20157): Application: FLAG: tab_completion_word: 
12-07 13:00:08.427 I/HorizonStandalone(20157): Application: FLAG: help: false
12-07 13:00:08.427 I/HorizonStandalone(20157): Application: FLAG: helpfull: false
12-07 13:00:08.427 I/HorizonStandalone(20157): Application: FLAG: helpmatch: 
12-07 13:00:08.427 I/HorizonStandalone(20157): Application: FLAG: helpon: 
12-07 13:00:08.427 I/HorizonStandalone(20157): Application: FLAG: helppackage: false
12-07 13:00:08.427 I/HorizonStandalone(20157): Application: FLAG: helpshort: false
12-07 13:00:08.427 I/HorizonStandalone(20157): Application: FLAG: helpxml: false
12-07 13:00:08.427 I/HorizonStandalone(20157): Application: FLAG: version: false
12-07 13:00:08.427 I/HorizonStandalone(20157): Application: Using temporary path: /data/user/0/com.example.moonlight_spatialsdk/files/AetherApplication/20251207/20157
12-07 13:00:08.427 I/HorizonStandalone(20157): Path: setApplicationTempDirectory /data/user/0/com.example.moonlight_spatialsdk/files/AetherApplication/20251207/20157 succeeded
12-07 13:00:08.427 I/HorizonStandalone(20157): Core: Closing log file, ''
12-07 13:00:08.427 I/HorizonStandalone(20157): Application: Log file initialized: /data/user/0/com.example.moonlight_spatialsdk/files/AetherApplication/20251207/20157/logs/AetherApplication.log
12-07 13:00:08.427 I/HorizonStandalone(20157): Application: Application pid: 20157
12-07 13:00:08.428 I/HorizonStandalone(20157): Path: setApplicationPersistentPath /storage/emulated/0/Android/data/com.example.moonlight_spatialsdk/files succeeded
12-07 13:00:08.428 I/HorizonStandalone(20157): Config: LoadFlags: AllowNoManifest=true, AllowDefaultConfigs=true, AllowUnknownConfigs=true
12-07 13:00:08.428 I/HorizonStandalone(20157): Config: Loading config files: baseConfigDir=config, modeConfigDir=config/mode/xr, mode2ConfigDir=, userConfigPath=config/user_config.json, overrideConfigPath=config/local_override_config.json, os=oculus, arch=arm64, hardwareVariant=eureka
12-07 13:00:08.428 W/HorizonStandalone(20157): Io: readTextFile("config/manifest.json", buffer, dataSize)
12-07 13:00:08.428 I/HorizonStandalone(20157): Config: manifest file could not be found/read: config/manifest.json
12-07 13:00:08.428 W/HorizonStandalone(20157): Config: AllowNoManifest
12-07 13:00:08.428 W/HorizonStandalone(20157): Io: readTextFile("config/oculus/manifest.json", buffer, dataSize)
