12-07 12:59:49.546 I/DisplayDeviceRepository( 1971): Display device changed: DisplayDeviceInfo{"MirrorRoot for 554da8b2-df3a-4057-9260-2365d3e188ed": uniqueId="virtual:android,1000,MirrorRoot for 554da8b2-df3a-4057-9260-2365d3e188ed,0", 2 x 2, modeId 1316, renderFrameRate 60.0, defaultModeId 1316, supportedModes [{id=1316, width=2, height=2, fps=60.0, alternativeRefreshRates=[], supportedHdrTypes=[]}], colorMode 0, supportedColorModes [0], hdrCapabilities null, allmSupported false, gameContentTypeSupported false, density 200, 200.0 x 200.0 dpi, appVsyncOff 0, presDeadline 16666666, touch NONE, rotation 0, type VIRTUAL, deviceProductInfo null, state ON, committedState UNKNOWN, owner android (uid 1000), frameRateOverride , brightnessMinimum 0.0, brightnessMaximum 0.0, brightnessDefault 0.0, hdrSdrRatio NaN, FLAG_SECURE, FLAG_SUPPORTS_PROTECTED_BUFFERS, FLAG_OWN_CONTENT_ONLY, FLAG_DESTROY_CONTENT_ON_REMOVAL, installOrientation 0, displayShape DisplayShape{ spec=1483868123 displayWidth=2 displayHeight=2 physicalPixelDisplaySizeRatio=1.0 rotation=0 offsetX=0 offsetY=0 scale=1.0}}
12-07 12:59:49.550 I/WindowManager( 1971): Override config changes=20000d80 {0.0 ?mcc0mnc ?localeList ?layoutDir sw2dp w2dp h2dp 200dpi smll port ?uimode ?night -touch -keyb/v/h -nav/h winConfig={ mBounds=Rect(0, 0 - 2, 2) mAppBounds=Rect(0, 0 - 2, 2) mMaxBounds=Rect(0, 0 - 2, 2) mDisplayRotation=ROTATION_0 mWindowingMode=fullscreen mDisplayWindowingMode=fullscreen mActivityType=undefined mAlwaysOnTop=undefined mRotation=ROTATION_0} ?fontWeightAdjustment} for displayId=6
12-07 12:59:49.558 V/WindowManager( 1971): Content Recording: Display 6 state is now (2), so update recording?
12-07 12:59:49.558 D/DisplayManagerService( 1971): Ignore redundant display event 6/2 to 10079/25425
12-07 12:59:49.558 D/DisplayManagerService( 1971): Ignore redundant display event 6/2 to 10049/32634
12-07 12:59:49.559 V/WindowManager( 1971): Content Recording: Display 6 state is now (2), so update recording?
12-07 12:59:49.625 I/SyncBossFW(  879): 77438804 [info   ] {APPI}: Setting projector pattern sequence
12-07 12:59:49.625 I/SyncBossFW(  879): 77438805 [info   ] {NICE}: nice_set_frame_rate called on same period of 16666us
12-07 12:59:49.627 I/SyncBossFW(  879): 77438805 [info   ] {NICE}: nice_set_frame_rate called on same period of 16666us
12-07 12:59:49.628 D/SensorService( 9363): Configured syncboss nice config: [{camera_set: 1, num_slots: 4, [ { tag: 16, default_exposure_us: 65535, default_gain: 65535, capabilities: 0, slot_length: 0, }, { tag: 17, default_exposure_us: 38, default_gain: 48, capabilities: 2, slot_length: 0, }, { tag: 18, default_exposure_us: 65535, default_gain: 65535, capabilities: 0, slot_length: 0, }, { tag: 19, default_exposure_us: 5000, default_gain: 48, capabilities: 8, slot_length: 0, }, ] shutter_period_us: 16666, }, {camera_set: 2, num_slots: 4, [ { tag: 16, default_exposure_us: 65535, default_gain: 65535, capabilities: 0, slot_length: 0, }, { tag: 17, default_exposure_us: 38, default_gain: 48, capabilities: 2, slot_length: 0, }, { tag: 18, default_exposure_us: 65535, default_gain: 65535, capabilities: 0, slot_length: 0, }, { tag: 19, default_exposure_us: 5000, default_gain: 48, capabilities: 8, slot_length: 0, }, ] shutter_period_us: 16666, }, ]
12-07 12:59:49.630 I/FrameSetCollator( 9363): [{WT:RAW10}] started at 130308.31
12-07 12:59:49.630 I/SensorService( 9363): [worldTracking] Starting camera streams for purpose: iot, current muxmode = 1
12-07 12:59:49.634 I/SyncBossFW(  879): 77438806 [info   ] {NICE}: nice_set_frame_rate called on same period of 16666us
12-07 12:59:49.634 I/SyncBossFW(  879): 77438806 [info   ] {NCM }: Found slot with constellation capability
12-07 12:59:49.634 I/SyncBossFW(  879): 77438808 [info   ] {NICE}: nice_set_frame_rate called on same period of 16666us
12-07 12:59:49.634 I/SyncBossFW(  879): 77438808 [info   ] {NCM }: No slot with projector capability found.
12-07 12:59:49.635 I/CameraClientManager( 9363): [[IOT(9368)][iot]] stream start completed
12-07 12:59:49.635 I/SensorService( 9363): [worldTracking] Setting camera mux mode to 8
12-07 12:59:49.635 D/CameraStream( 9363): [iot] Client [IOT(9368)]: start complete
12-07 12:59:49.635 I/SensorService( 9363): updating CameraStream mux states
12-07 12:59:49.636 I/SensorDataTransforms( 9368): [constellation:ambient_controller] Staging mux mode updates for {worldTracking: ind-8, seqId-98},
12-07 12:59:49.636 I/SensorDataTransforms( 9368): [constellation:ambient_controller] Signaling start of the mode transition
12-07 12:59:49.636 I/TrackingService( 9368): [constellation:ambient_controller] Start configuration update starting
12-07 12:59:49.636 I/TrackingService( 9368): [constellation:ambient_controller] Start configuration update done
12-07 12:59:49.636 I/SensorDataTransforms( 9368): [constellation:ambient_controller] Mux mode updates successfully staged
12-07 12:59:49.636 D/TrackingService( 9368): [constellation:ambient_controller]Queue mux mode update notification: lowLightHands
12-07 12:59:49.636 I/SensorDataTransforms( 9368): [hand:hand] Staging mux mode updates for {worldTracking: ind-8, seqId-98},
12-07 12:59:49.636 I/SensorDataTransforms( 9368): [hand:hand] Mux mode updates successfully staged
12-07 12:59:49.636 D/TrackingService( 9368): [hand:hand]Queue mux mode update notification: lowLightHands
12-07 12:59:49.636 I/SensorService( 9363): ending update to CameraStream mux states
12-07 12:59:49.636 I/FrameSetCollator( 9363): [{WT(0,1):RAW10}] Updated frame set period to 16666000, with all camera system activeSlots [[T,F,T,F,]]
12-07 12:59:49.636 I/FrameSetCollator( 9363): [{WT:RAW10}] Updated frame set period to 16666000, with all camera system activeSlots [[T,F,T,F,]]
12-07 12:59:49.636 I/FrameSetDispatcher( 9363): [{WT(0,1):RAW10}] Latest MuxModeSettings: 8
12-07 12:59:49.636 I/FrameSetDispatcher( 9363): [{WT(0,1):RAW10}] purpose: ambient_controller, slots: 
12-07 12:59:49.636 I/FrameSetDispatcher( 9363): [{WT(0,1):RAW10}] purpose: constellation, slots: 
12-07 12:59:49.636 I/SensorDataTransforms( 9368): [iot:iot] Staging mux mode updates for {worldTracking: ind-8, seqId-98},
12-07 12:59:49.636 I/FrameSetDispatcher( 9363): [{WT(0,1):RAW10}] purpose: exposure_control_worldTracking, slots: SLOT_0 SLOT_2 
12-07 12:59:49.636 I/FrameSetDispatcher( 9363): [{WT(0,1):RAW10}] purpose: iobt, slots: SLOT_0 SLOT_2 
12-07 12:59:49.636 I/SensorDataTransforms( 9368): [iot:iot] Signaling start of the mode transition
12-07 12:59:49.636 I/FrameSetDispatcher( 9363): [{WT(0,1):RAW10}] purpose: mr_monochrome, slots: SLOT_0 SLOT_2 
12-07 12:59:49.636 I/FrameSetDispatcher( 9363): [{WT(0,1):RAW10}] purpose: object, slots: 
12-07 12:59:49.636 I/TrackingService( 9368): [iot:iot] Start configuration update starting
12-07 12:59:49.636 I/FrameSetDispatcher( 9363): [{WT(0,1):RAW10}] purpose: active_slots, slots: SLOT_0 SLOT_2 
12-07 12:59:49.636 I/TrackingService( 9368): [iot:iot] Start configuration update done
12-07 12:59:49.636 I/FrameSetDispatcher( 9363): [{WT(0,1):RAW10}] purpose: hand, slots: SLOT_0 SLOT_2 
12-07 12:59:49.636 I/FrameSetDispatcher( 9363): [{WT(0,1):RAW10}] purpose: iot, slots: SLOT_0 SLOT_2 
12-07 12:59:49.636 I/FrameSetDispatcher( 9363): [{WT(0,1):RAW10}] purpose: projector_assisted_depth, slots: 
12-07 12:59:49.636 I/SensorDataTransforms( 9368): [iot:iot] Mux mode updates successfully staged
12-07 12:59:49.636 I/FrameSetDispatcher( 9363): [{WT:RAW10}] Client pid=9368 (IOT): [worldTracking] Updated CameraMuxMode: 8, Slots: SLOT_0 SLOT_2 
12-07 12:59:49.636 D/TrackingService( 9368): [iot:iot]Queue mux mode update notification: lowLightHands
12-07 12:59:49.636 I/FrameSetDispatcher( 9363): [{WT:RAW10}] Latest MuxModeSettings: 8
12-07 12:59:49.636 I/FrameSetDispatcher( 9363): [{WT:RAW10}] purpose: ambient_controller, slots: 
12-07 12:59:49.636 I/FrameSetDispatcher( 9363): [{WT:RAW10}] purpose: constellation, slots: 
12-07 12:59:49.636 I/FrameSetDispatcher( 9363): [{WT:RAW10}] purpose: exposure_control_worldTracking, slots: SLOT_0 SLOT_2 
12-07 12:59:49.636 I/FrameSetDispatcher( 9363): [{WT:RAW10}] purpose: iobt, slots: SLOT_0 SLOT_2 
12-07 12:59:49.636 I/FrameSetDispatcher( 9363): [{WT:RAW10}] purpose: mr_monochrome, slots: SLOT_0 SLOT_2 
12-07 12:59:49.636 I/FrameSetDispatcher( 9363): [{WT:RAW10}] purpose: object, slots: 
12-07 12:59:49.636 I/FrameSetDispatcher( 9363): [{WT:RAW10}] purpose: active_slots, slots: SLOT_0 SLOT_2 
12-07 12:59:49.636 I/FrameSetDispatcher( 9363): [{WT:RAW10}] purpose: hand, slots: SLOT_0 SLOT_2 
12-07 12:59:49.636 I/FrameSetDispatcher( 9363): [{WT:RAW10}] purpose: iot, slots: SLOT_0 SLOT_2 
12-07 12:59:49.636 I/FrameSetDispatcher( 9363): [{WT:RAW10}] purpose: projector_assisted_depth, slots: 
12-07 12:59:49.636 I/SensorDataTransforms( 9368): [iobt:iobt] Staging mux mode updates for {worldTracking: ind-8, seqId-98},
12-07 12:59:49.636 I/SensorDataTransforms( 9368): [iobt:iobt] Mux mode updates successfully staged
12-07 12:59:49.636 D/TrackingService( 9368): [iobt:iobt]Queue mux mode update notification: lowLightHands
12-07 12:59:49.636 I/SensorDataTransforms( 9368): [constellation:constellation] Staging mux mode updates for {worldTracking: ind-8, seqId-98},
12-07 12:59:49.636 I/SensorDataTransforms( 9368): [constellation:constellation] Signaling start of the mode transition
12-07 12:59:49.636 I/TrackingService( 9368): [constellation:constellation] Start configuration update starting
12-07 12:59:49.636 I/TrackingService( 9368): [constellation:constellation] Start configuration update done
12-07 12:59:49.636 I/SensorDataTransforms( 9368): [constellation:constellation] Mux mode updates successfully staged
12-07 12:59:49.636 D/TrackingService( 9368): [constellation:constellation]Queue mux mode update notification: lowLightHands
12-07 12:59:49.636 I/SensorDataTransforms( 1157): [MrStreamControl:mr_monochrome] Staging mux mode updates for {worldTracking: ind-8, seqId-98},
12-07 12:59:49.636 I/SensorDataTransforms( 1157): [MrStreamControl:mr_monochrome] Signaling start of the mode transition
12-07 12:59:49.636 I/SensorDataTransforms( 9368): [ExpCtl:exposure_control_worldTracking] Staging mux mode updates for {worldTracking: ind-8, seqId-98},
12-07 12:59:49.636 I/SensorDataTransforms( 9368): [ExpCtl:exposure_control_worldTracking] Signaling start of the mode transition
12-07 12:59:49.636 I/SensorDataTransforms( 9368): [ExpCtl:exposure_control_worldTracking] Mux mode updates successfully staged
12-07 12:59:49.636 I/SensorDataTransforms( 1157): [MrStreamControl:mr_monochrome] Mux mode updates successfully staged
12-07 12:59:49.636 I/SensorDataTransforms( 9368): [object:object] Staging mux mode updates for {worldTracking: ind-8, seqId-98},
12-07 12:59:49.636 I/SensorDataTransforms( 1157): [MrStreamControl:projector_assisted_depth] Staging mux mode updates for {worldTracking: ind-8, seqId-98},
12-07 12:59:49.636 I/SensorDataTransforms( 9368): [object:object] Mux mode updates successfully staged
12-07 12:59:49.636 D/TrackingService( 9368): [object:object]Queue mux mode update notification: lowLightHands
12-07 12:59:49.636 I/SensorDataTransforms( 1157): [MrStreamControl:projector_assisted_depth] Mux mode updates successfully staged
12-07 12:59:49.636 D/TrackingService( 9368): [ambient_controller]start onMuxStateUpdate. ModeId: lowLightController -> lowLightHands
12-07 12:59:49.636 D/TrackingService( 9368): [hand]start onMuxStateUpdate. ModeId: lowLightController -> lowLightHands
12-07 12:59:49.636 D/TrackingService( 9368): [HANDTRACKINGGLUE] handleMuxModeNotification
12-07 12:59:49.636 D/TrackingService( 9368): [constellation][ambient_controller]handleMuxModeNotification started for muxMode[worldTracking: lowLightHands]
12-07 12:59:49.636 D/TrackingService( 9368): [HANDTRACKINGGLUE] handleStateChange muxMode=lowLightHands
12-07 12:59:49.636 D/TrackingService( 9368): [constellation][ambient_controller]handleMuxModeNotification finished for muxMode[worldTracking: lowLightHands]
12-07 12:59:49.636 D/TrackingService( 9368): [ambient_controller]end onMuxStateUpdate. ModeId: lowLightController -> lowLightHands
12-07 12:59:49.636 D/TrackingService( 9368): [hand]end onMuxStateUpdate. ModeId: lowLightController -> lowLightHands
12-07 12:59:49.636 I/TrackingService( 9368): [constellation:ambient_controller] Mux Mode Transition from sensor service: lowLightController -> lowLightHands transition time: 0 ms
12-07 12:59:49.636 I/TrackingService( 9368): [                       hand:hand] Mux Mode Transition from sensor service: lowLightController -> lowLightHands transition time: 0 ms
12-07 12:59:49.636 D/TrackingService( 9368): [constellation]start onMuxStateUpdate. ModeId: lowLightHands -> lowLightHands
12-07 12:59:49.636 D/TrackingService( 9368): [constellation][constellation]handleMuxModeNotification started for muxMode[worldTracking: lowLightHands]
12-07 12:59:49.636 E/TrackingService( 9368): Resetting MuxMode lowLightHands which is already set
12-07 12:59:49.636 D/TrackingService( 9368): [object]start onMuxStateUpdate. ModeId: lowLightController -> lowLightHands
12-07 12:59:49.636 D/TrackingService( 9368): [constellation]end onMuxStateUpdate. ModeId: lowLightHands -> lowLightHands
12-07 12:59:49.636 I/TrackingService( 9368): [     constellation:constellation] Mux Mode Transition from sensor service: lowLightHands -> lowLightHands transition time: 0 ms
12-07 12:59:49.636 D/TrackingService( 9368): [object][object]handleMuxModeNotification started for muxMode[worldTracking: lowLightHands]
12-07 12:59:49.636 D/TrackingService( 9368): [object][object]handleMuxModeNotification finished for muxMode[worldTracking: lowLightHands]
12-07 12:59:49.636 D/TrackingService( 9368): [object]end onMuxStateUpdate. ModeId: lowLightController -> lowLightHands
12-07 12:59:49.636 I/TrackingService( 9368): [                   object:object] Mux Mode Transition from sensor service: lowLightController -> lowLightHands transition time: 0 ms
12-07 12:59:49.636 D/TrackingService( 9368): [iot]start onMuxStateUpdate. ModeId: lowLightController -> lowLightHands
12-07 12:59:49.636 D/TrackingService( 9368): [iot][iot]handleMuxModeNotification started for muxMode[worldTracking: lowLightHands]
12-07 12:59:49.636 D/TrackingService( 9368): [iobt]start onMuxStateUpdate. ModeId: lowLightController -> lowLightHands
12-07 12:59:49.636 D/TrackingService( 9368): [iobt][iobt]handleMuxModeNotification started for muxMode[worldTracking: lowLightHands]
12-07 12:59:49.636 D/TrackingService( 9368): [iobt][iobt]handleMuxModeNotification finished for muxMode[worldTracking: lowLightHands]
12-07 12:59:49.636 D/TrackingService( 9368): [iobt]end onMuxStateUpdate. ModeId: lowLightController -> lowLightHands
12-07 12:59:49.636 I/TrackingService( 9368): [                       iobt:iobt] Mux Mode Transition from sensor service: lowLightController -> lowLightHands transition time: 0 ms
12-07 12:59:49.639 D/TrackingService( 9368): IOT standby to running completed
12-07 12:59:49.639 I/TrackingService( 9368): [                             iot] Power transition: STANDBY -> RUNNING transition time: 257 ms
12-07 12:59:49.639 I/TrackingService( 9368): [                   constellation] Power transition: STANDBY -> RUNNING transition time: 0 ms
12-07 12:59:49.639 D/TrackingService( 9368): [HANDTRACKINGGLUE] standbyToRunning
12-07 12:59:49.639 D/TrackingService( 9368): [HANDTRACKINGGLUE] handleStateChange muxMode=null
12-07 12:59:49.639 D/TrackingService( 9368): [HANDTRACKINGGLUE] startCapability
12-07 12:59:49.640 D/TrackingService( 9368): [iot][iot]handleMuxModeNotification finished for muxMode[worldTracking: lowLightHands]
12-07 12:59:49.640 D/TrackingService( 9368): [iot]end onMuxStateUpdate. ModeId: lowLightController -> lowLightHands
12-07 12:59:49.640 I/TrackingService( 9368): [                         iot:iot] Mux Mode Transition from sensor service: lowLightController -> lowLightHands transition time: 3 ms
12-07 12:59:49.645 D/SensorService( 9363): Configured syncboss nice config: [{camera_set: 1, num_slots: 4, [ { tag: 128, default_exposure_us: 65535, default_gain: 65535, capabilities: 0, slot_length: 0, }, { tag: 129, default_exposure_us: 5000, default_gain: 48, capabilities: 8, slot_length: 0, }, { tag: 130, default_exposure_us: 65535, default_gain: 65535, capabilities: 0, slot_length: 0, }, { tag: 131, default_exposure_us: 5000, default_gain: 48, capabilities: 8, slot_length: 0, }, ] shutter_period_us: 16666, }, {camera_set: 2, num_slots: 4, [ { tag: 128, default_exposure_us: 65535, default_gain: 65535, capabilities: 0, slot_length: 0, }, { tag: 129, default_exposure_us: 5000, default_gain: 48, capabilities: 8, slot_length: 0, }, { tag: 130, default_exposure_us: 65535, default_gain: 65535, capabilities: 0, slot_length: 0, }, { tag: 131, default_exposure_us: 5000, default_gain: 48, capabilities: 8, slot_length: 0, }, ] shutter_period_us: 16666, }, ]
12-07 12:59:49.645 I/SensorService( 9363): [color] Starting cameras for purpose passthrough
12-07 12:59:49.645 I/TrackingFidelityService( 9367): endTransition[worldTracking]: lowLightController(1)->lowLightHands(8), seqId=98, succeeded=true
12-07 12:59:49.645 I/TrackingFidelityService( 9367): Received hand/controller update: multimodal_hands_and_controllers_enabled
12-07 12:59:49.649 I/TrackingFidelityService( 9367): checkMultimodalFeature: Attempt made to enable multimodal hands+controllers when not supported by app
12-07 12:59:49.649 I/TrackingFidelityService( 9367): Request(s)={constellation:0,controller_selftracked:0,hands:3,environment_lighting:5,keyboard:0,scene_reconstruction:0,surface_inputs:0,}, Mux mode idx=8, name=lowLightHands, score=-1950
12-07 12:59:49.649 I/TrackingFidelityService( 9367): beginTransition[worldTracking]: lowLightHands(8)->lowLightHands(8)
12-07 12:59:49.649 I/TrackingFidelityService( 9367): _applyMuxModeLockedInternal: Mode lowLightHands already set. Returning.
12-07 12:59:49.649 I/TrackingFidelityService( 9367): endTransition[worldTracking]: lowLightHands(8)->lowLightHands(8), seqId=-1, succeeded=true
12-07 12:59:49.649 I/TrackingFidelityService( 9367): Received hand/controller update: hand_tracking_enabled
12-07 12:59:49.650 I/VrSensors-HidlWrapper( 9363): Create IMU Sensor using fmq
12-07 12:59:49.650 I/TrackingFidelityService( 9367): checkMultimodalFeature: Attempt made to enable multimodal hands+controllers when not supported by app
12-07 12:59:49.650 I/TrackingFidelityService( 9367): Request(s)={constellation:0,controller_selftracked:0,hands:3,environment_lighting:5,keyboard:0,scene_reconstruction:0,surface_inputs:0,}, Mux mode idx=8, name=lowLightHands, score=-1950
12-07 12:59:49.650 I/TrackingFidelityService( 9367): beginTransition[worldTracking]: lowLightHands(8)->lowLightHands(8)
12-07 12:59:49.650 I/TrackingFidelityService( 9367): _applyMuxModeLockedInternal: Mode lowLightHands already set. Returning.
12-07 12:59:49.650 I/TrackingFidelityService( 9367): endTransition[worldTracking]: lowLightHands(8)->lowLightHands(8), seqId=-1, succeeded=true
12-07 12:59:49.650 I/TrackingFidelityService( 9367): Received hand/controller update: multimodal_hands_and_controllers_enabled
12-07 12:59:49.651 I/TrackingFidelityService( 9367): checkMultimodalFeature: Attempt made to enable multimodal hands+controllers when not supported by app
12-07 12:59:49.651 I/TrackingFidelityService( 9367): Request(s)={constellation:0,controller_selftracked:0,hands:3,environment_lighting:5,keyboard:0,scene_reconstruction:0,surface_inputs:0,}, Mux mode idx=8, name=lowLightHands, score=-1950
12-07 12:59:49.651 I/TrackingFidelityService( 9367): beginTransition[worldTracking]: lowLightHands(8)->lowLightHands(8)
12-07 12:59:49.651 I/TrackingFidelityService( 9367): _applyMuxModeLockedInternal: Mode lowLightHands already set. Returning.
12-07 12:59:49.651 I/TrackingFidelityService( 9367): endTransition[worldTracking]: lowLightHands(8)->lowLightHands(8), seqId=-1, succeeded=true
12-07 12:59:49.653 I/SyncBossFW(  879): 77438808 [info   ] {NCM }: Stopping projector
12-07 12:59:49.653 I/SyncBossFW(  879): 77438812 [info   ] {GCM }: general_cam_mgr_get_stream_info for cameras 0x1
12-07 12:59:49.653 I/SyncBossFW(  879): 77438816 [info   ] {GCM }: general_cam_mgr_start_streaming for cameras 0xf
12-07 12:59:49.653 I/SyncBossFW(  879): 77438817 [info   ] {NCM }: [rate_lim=5000] Sending constellation cadence: [P: 66664us, D: 26466us]
12-07 12:59:49.653 I/SyncBossFW(  879): 77438819 [info   ] {NCM }: [rate_lim=5000] Ack received for constellation cadence: [P: 66664us, D: 26466us]
12-07 12:59:49.653 I/SyncBossFW(  879): 77438820 [info   ] {NICE}: nice_set_frame_rate called on same period of 16666us
12-07 12:59:49.653 I/SyncBossFW(  879): 77438820 [info   ] {NCM }: No slot with constellation capability found.
12-07 12:59:49.653 I/SyncBossFW(  879): 77438826 [info   ] {NICE}: nice_set_frame_rate called on same period of 16666us
12-07 12:59:49.653 I/SyncBossFW(  879): 77438826 [info   ] {NCM }: No slot with projector capability found.
12-07 12:59:49.653 I/SyncBossFW(  879): 77438826 [info   ] {NCM }: Stopping projector
12-07 12:59:49.656 I/VrSensors-HidlWrapper( 9363): Create IMU Sensor using fmq
12-07 12:59:49.674 I/SyncBossFW(  879): 77438852 [info   ] {NTHR}: First shutter for camera set (0x1) was sent 34803us after start
12-07 12:59:49.674 I/SyncBossFW(  879): 77438854 [info   ] {NTHR}: First shutter for camera set (0x2) was sent 34923us after start
12-07 12:59:49.595 I/CAM_INFO(    0): CAM-SENSOR: cam_sensor_driver_cmd: 1352 20:59:49.635 CAM_START_DEV[2] Success for ov7251 sensor_id:0xd,sensor_slave_addr:0xc0
12-07 12:59:49.660 I/CAM_INFO(    0): CAM-SENSOR: cam_sensor_driver_cmd: 1211 CAM_ACQUIRE_DEV Success for imx471 id:0x471,slave-addr:0x34 crm:[0]
12-07 12:59:49.668 I/CAM_INFO(   20): CAM-SMMU: cam_smmu_map_user_iova: 3257 fd=876 already in list [20:59:49:707] cb=ife idx=0 handle=25084 len=573440,give same addr back
12-07 12:59:49.668 I/CAM_INFO(   20): CAM-SMMU: cam_smmu_map_user_iova: 3257 fd=877 already in list [20:59:49:707] cb=ife idx=0 handle=25084 len=471040,give same addr back
12-07 12:59:49.668 I/CAM_INFO(   20): CAM-SMMU: cam_smmu_map_user_iova: 3257 fd=878 already in list [20:59:49:707] cb=ife idx=0 handle=25084 len=495616,give same addr back
12-07 12:59:49.677 I/CAM_INFO(    0): CAM-SENSOR: cam_sensor_driver_cmd: 1211 CAM_ACQUIRE_DEV Success for imx471 id:0x471,slave-addr:0x34 crm:[0]
12-07 12:59:49.681 I/CAM_INFO(   20): CAM-SMMU: cam_smmu_map_user_iova: 3257 fd=948 already in list [20:59:49:721] cb=ife idx=0 handle=25084 len=573440,give same addr back
12-07 12:59:49.682 I/CAM_INFO(   20): CAM-SMMU: cam_smmu_map_user_iova: 3257 fd=949 already in list [20:59:49:721] cb=ife idx=0 handle=25084 len=471040,give same addr back
12-07 12:59:49.682 I/CAM_INFO(   20): CAM-SMMU: cam_smmu_map_user_iova: 3257 fd=950 already in list [20:59:49:721] cb=ife idx=0 handle=25084 len=495616,give same addr back
12-07 12:59:49.688 I/CAM_INFO(    0): CAM-CRM: cam_req_mgr_link_v3: 4951 link reserved 0000000000000000 0 trigger_type:1 num_devs:2 sess_hdl:10486292 no_crm:4
12-07 12:59:49.688 I/CAM_INFO(    0): CAM-ISP: cam_ife_hw_mgr_print_acquire_info: 2027 20:59:49.727 Acquired Single IFE[1] with [9 pix] [0 pd] [0 rdi] ports for ctx:3 per_port_enabled :0 sensor:-559038737 ul: 0
12-07 12:59:49.688 I/CAM_INFO(    0): CAM-ISP: __cam_isp_ctx_acquire_hw_v2: 9737 NO CRM session,top state machine assigned for no crm ctx 3
12-07 12:59:49.692 I/CAM_INFO(    0): CAM-ISP: __cam_isp_ctx_start_dev_in_ready: 10771 Start IFE device ctx 3 with irq state machine [Activated State Machine IRQ] in initial SubState [SOF] UL_path 0
12-07 12:59:49.692 I/CAM_ERR (    0): CAM-ISP: __cam_isp_ctx_rdi_only_epoch_in_top_state: 7751 epoch with no req in active list ctx:13 res_id:0
12-07 12:59:49.693 I/CAM_INFO(    0): CAM-SENSOR: cam_sensor_driver_cmd: 1352 20:59:49.732 CAM_START_DEV[5] Success for imx471 sensor_id:0x471,sensor_slave_addr:0x34
12-07 12:59:49.693 I/CAM_ERR (    0): CAM-ISP: __cam_isp_ctx_rdi_only_epoch_in_top_state: 7751 epoch with no req in active list ctx:10 res_id:0
12-07 12:59:49.693 I/CAM_INFO(    0): CAM-CRM: cam_req_mgr_link_v3: 4951 link reserved 0000000000000000 0 trigger_type:1 num_devs:2 sess_hdl:10486292 no_crm:4
12-07 12:59:49.695 I/CAM_INFO(    0): CAM-ISP: cam_ife_hw_mgr_print_acquire_info: 2027 20:59:49.734 Acquired Single IFE[0] with [9 pix] [0 pd] [0 rdi] ports for ctx:5 per_port_enabled :0 sensor:-559038737 ul: 0
12-07 12:59:49.695 I/CAM_INFO(    0): CAM-ISP: __cam_isp_ctx_acquire_hw_v2: 9737 NO CRM session,top state machine assigned for no crm ctx 5
12-07 12:59:49.699 I/CAM_INFO(    0): CAM-ISP: __cam_isp_ctx_start_dev_in_ready: 10771 Start IFE device ctx 5 with irq state machine [Activated State Machine IRQ] in initial SubState [SOF] UL_path 0
12-07 12:59:49.700 I/CAM_INFO(    0): CAM-SENSOR: cam_sensor_driver_cmd: 1352 20:59:49.740 CAM_START_DEV[4] Success for imx471 sensor_id:0x471,sensor_slave_addr:0x34
12-07 12:59:49.725 I/CAM_ERR (    0): CAM-ISP: __cam_isp_ctx_rdi_only_epoch_in_top_state: 7751 epoch with no req in active list ctx:11 res_id:0
12-07 12:59:49.740 I/SensorService( 9363): doEnableHalCameras[Color] Create SyncbossHandleWrapper
12-07 12:59:49.740 I/SensorService( 9363): doEnableHalCameras[Color] FsyncEventHandler::GetInstance
12-07 12:59:49.745 I/SyncBossFW(  879): 77438924 [info   ] {GCM }: general_cam_mgr_init for cameras 0x30
12-07 12:59:49.756 I/TrackingFidelityService( 9367): Received ambient flicker update. Setting maximum low_latency_pt fidelity to 5
12-07 12:59:49.756 I/TrackingFidelityService( 9367): Request(s)={low_latency_pt:5,}
12-07 12:59:49.756 W/TrackingFidelityService( 9367): Fidelity data undefined in catalog for enabling feature like pt_display_sync. 2 similar misses.
12-07 12:59:49.756 I/TrackingFidelityService( 9367): Request(s)={low_latency_pt:0,mr_passthrough:0,pt_display_sync:5,hyperscape_room_scanning:0,isp_foveation:5,}, Mux mode idx=1, name=default, score=-1970
12-07 12:59:49.756 I/TrackingFidelityService( 9367): beginTransition[color]: default(1)->default(1)
12-07 12:59:49.756 I/TrackingFidelityService( 9367): _applyMuxModeLockedInternal: Mode default already set. Returning.
12-07 12:59:49.756 I/TrackingFidelityService( 9367): endTransition[color]: default(1)->default(1), seqId=-1, succeeded=true
12-07 12:59:49.797 I/SyncBossFW(  879): 77438978 [info   ] {GCM }: general_cam_mgr_set_frame_rate_config cams 0x30 period 16666us
12-07 12:59:49.798 I/FrameSetCollator( 9363): [{COL:FOVPR}] started at 130308.48
12-07 12:59:49.798 I/SensorService( 9363): [color] Starting camera streams for purpose: passthrough, current muxmode = 1
12-07 12:59:49.800 I/CameraClientManager( 9363): [[MrSSCamS(1157)][passthrough]] stream start completed
12-07 12:59:49.800 D/CameraStream( 9363): [passthrough] Client [MrSSCamS(1157)]: start complete
12-07 12:59:49.801 I/SyncBossFW(  879): 77438980 [info   ] {GCM }: general_cam_mgr_get_stream_info for cameras 0x10
12-07 12:59:49.801 I/SyncBossFW(  879): 77438982 [info   ] {GCM }: general_cam_mgr_start_streaming for cameras 0x30
12-07 12:59:49.802 D/SensorService( 9363): Frame marked invalid by FrameSetCollator
12-07 12:59:49.802 E/FrameSetCollator( 9363): [{WT:RAW10}] releasing incomplete frame set: (0:0, 1:0, 2:1, 3:1), (deadlineMissed, muxModeMisMatch) = (1, 0), (captureDevTs, currentTs, tolerance, current+tolerance) = (77438978784000, 77438945452000, 30000, 77438945482000), (frame.slotIndex) = (0), (frame.modeIndex, frameSet.modeIndex) = (8, 0)
12-07 12:59:49.802 I/FrameSetDispatcher( 9363): [{WT:RAW10}] 1 older Mux Mode settings are removed.
12-07 12:59:49.802 I/FrameSetDispatcher( 9363): [{WT:RAW10}] Client pid=9368 (IOT): Remove old Mux Mode 1: slot indices: SLOT_0 SLOT_2 
12-07 12:59:49.807 I/TrackingService( 9368): [iot:iot] Configuration update starting
12-07 12:59:49.807 I/TrackingService( 9368): [iot:iot] Configuration update done
12-07 12:59:49.807 I/TrackingService( 9368): [iot:iot] Finish configuration update starting
12-07 12:59:49.807 I/TrackingService( 9368): [iot:iot] Finish configuration update done
12-07 12:59:49.810 D/CameraStream( 9363): [projector_assisted_depth] Client [MrSSCamS(1157)] attempting start
12-07 12:59:49.811 I/FrameSetDispatcher( 9363): [{WT(0,1):RAW10}] Client pid=1157 (MrSSCamS): Client thread[{WT(0,1):RAW10}] started
12-07 12:59:49.811 I/CameraClientManager( 9363): [MrSSCamS(1157)][projector_assisted_depth] client started (estimated 1 started clients total)
12-07 12:59:49.811 I/CameraClientManager( 9363): [[MrSSCamS(1157)][projector_assisted_depth]] definitely starting stream
12-07 12:59:49.811 I/SensorService( 9363): [worldTracking] Starting cameras for purpose projector_assisted_depth
12-07 12:59:49.811 I/FrameSetCollator( 9363): [{WT(0,1):RAW10}] started at 130308.49
12-07 12:59:49.811 I/SensorService( 9363): [worldTracking] Starting camera streams for purpose: projector_assisted_depth, current muxmode = 8
12-07 12:59:49.811 I/CameraClientManager( 9363): [[MrSSCamS(1157)][projector_assisted_depth]] stream start completed
12-07 12:59:49.811 D/CameraStream( 9363): [projector_assisted_depth] Client [MrSSCamS(1157)]: start complete
12-07 12:59:49.815 W/LaunchInterceptorUtil( 1971): Package metadata is empty: com.oculus.mrds
12-07 12:59:49.815 W/LaunchInterceptorUtil( 1971): Package metadata is empty: com.oculus.mrds
12-07 12:59:49.816 W/LaunchInterceptorUtil( 1971): Package metadata is empty: com.oculus.mrds
12-07 12:59:49.816 W/LaunchInterceptorUtil( 1971): Package metadata is empty: com.oculus.mrds
12-07 12:59:49.818 I/ActivityTaskManager( 1971): START u0 {act=com.oculus.mrds.WINDOWS_APP_CONNECT_FLOW flg=0x18011000 pkg=com.oculus.mrds cmp=com.oculus.mrds/.msft.connectactivity.ConnectActivity} with LAUNCH_SINGLE_TASK from uid 10087 (BAL_ALLOW_VISIBLE_WINDOW) result code=0
12-07 12:59:49.820 D/CameraStream( 9363): [mr_monochrome] Client [MrSSCamS(1157)] attempting start
12-07 12:59:49.820 I/FrameSetDispatcher( 9363): [{WT(0,1):RAW10}] Client pid=1157 (MrSSCamS): Client thread[{WT(0,1):RAW10}] started
12-07 12:59:49.820 I/CameraClientManager( 9363): [MrSSCamS(1157)][mr_monochrome] client started (estimated 1 started clients total)
12-07 12:59:49.820 I/CameraClientManager( 9363): [[MrSSCamS(1157)][mr_monochrome]] definitely starting stream
12-07 12:59:49.820 I/SensorService( 9363): [worldTracking] Starting cameras for purpose mr_monochrome
12-07 12:59:49.820 I/FrameSetCollator( 9363): [{WT(0,1):RAW10}] Skipping start, current start count: 2
12-07 12:59:49.820 I/SensorService( 9363): [worldTracking] Starting camera streams for purpose: mr_monochrome, current muxmode = 8
12-07 12:59:49.820 I/CameraClientManager( 9363): [[MrSSCamS(1157)][mr_monochrome]] stream start completed
12-07 12:59:49.820 D/CameraStream( 9363): [mr_monochrome] Client [MrSSCamS(1157)]: start complete
12-07 12:59:49.835 I/FrameSetDispatcher( 9363): [{WT(0,1):RAW10}] 1 older Mux Mode settings are removed.
12-07 12:59:49.835 I/FrameSetDispatcher( 9363): [{WT(0,1):RAW10}] Client pid=1157 (MrSSCamS): Remove old Mux Mode 1: slot indices: SLOT_0 SLOT_2 
12-07 12:59:49.725 I/CAM_ERR (    0): CAM-ISP: __cam_isp_ctx_rdi_only_epoch_in_top_state: 7751 epoch with no req in active list ctx:6 res_id:0
12-07 12:59:49.796 I/        (    0): Info: adsprpc (8241): 517: 517: cvp-dsp-thread: fastrpc_driver_register: fastrpc driver qcom,fastcv0 registered with handle 1157
12-07 12:59:49.796 I/msm_cvp (    0): sess: Opening cvp instance: 0000000000000000
12-07 12:59:49.798 I/msm_cvp (    0): pwr: cvp (eva) powered on
12-07 12:59:49.800 I/msm_cvp (    0): err: __flush_debug_queue: invalid msg size - 126
12-07 12:59:49.800 I/msm_cvp (    0): err: __flush_debug_queue: invalid msg size - 126
12-07 12:59:49.802 I/synx    (    0): info: synx_initialize: 2303: [sess :79] session created cvp-kernel-client
12-07 12:59:49.854 I/VolumetricWindowManagerServiceImpl( 1971): Handling SWMS response: launch into NEW_VOLUMETRIC_WINDOW VolumetricWindowPlacementResponse { volumetricToken = VolumetricWindowToken { scope = 1, token = horizonos.view.VolumetricWindowToken$InternalVolumetricToken@bbdc2d, persistableToken = 2e7bd8eb-3dfd-4c29-a5d9-69fb4e906237 }, relativeSpaceToken = SpaceToken { binderToken = android.os.BinderProxy@8194805, persistableToken = 00000000-0000-0000-0000-000000000000 }, pose = Pose { orientation = Vector4f { x = 0.0, y = 0.0, z = 0.0, w = 1.0 }, position = Vector3f { x = 0.0, y = 0.0, z = 0.0 } }, bounds = Extent3f { width = 0.07207247, height = 0.0098424945, depth = 0.0 }, surfaceSize = 567x77, densityDpi = 200, visible = true } for launch request [ActivityInfo{c37d344 com.oculus.mrds.msft.connectactivity.ConnectActivity}](vrdesktop seq: 1)
12-07 12:59:49.854 W/VolumetricWindowManagerServiceImpl( 1971): Surface aspect ratio does not match spatial bounds aspect ratio. Surface: 7.3636365, Spatial bounds aspect: 7.322582, Spatial bounds: Extent3f { width = 0.07207247, height = 0.0098424945, depth = 0.0 }
12-07 12:59:49.855 I/VolumetricContainerPlacement( 1971): acquired ContainerPlacement{mId=8, mBounds=Rect(64000, 0 - 72000, 8000)}
12-07 12:59:49.856 I/SpaceManagerServiceImpl( 1971): addSpace done: userId = 0, spaceToken = SpaceToken { binderToken = horizonos.view.SpaceToken$InternalSpaceToken@4e0a562, persistableToken = 481105b9-eb11-49fc-aa0e-b84386fb2234 }
12-07 12:59:49.858 I/DisplayDeviceRepository( 1971): Display device added: DisplayDeviceInfo{"MirrorRoot for 2e7bd8eb-3dfd-4c29-a5d9-69fb4e906237": uniqueId="virtual:android,1000,MirrorRoot for 2e7bd8eb-3dfd-4c29-a5d9-69fb4e906237,0", 567 x 77, modeId 1317, renderFrameRate 60.0, defaultModeId 1317, supportedModes [{id=1317, width=567, height=77, fps=60.0, alternativeRefreshRates=[], supportedHdrTypes=[]}], colorMode 0, supportedColorModes [0], hdrCapabilities null, allmSupported false, gameContentTypeSupported false, density 200, 200.0 x 200.0 dpi, appVsyncOff 0, presDeadline 16666666, touch NONE, rotation 0, type VIRTUAL, deviceProductInfo null, state OFF, committedState UNKNOWN, owner android (uid 1000), frameRateOverride , brightnessMinimum 0.0, brightnessMaximum 0.0, brightnessDefault 0.0, hdrSdrRatio NaN, FLAG_SECURE, FLAG_SUPPORTS_PROTECTED_BUFFERS, FLAG_OWN_CONTENT_ONLY, FLAG_DESTROY_CONTENT_ON_REMOVAL, installOrientation 0, displayShape DisplayShape{ spec=-523945749 displayWidth=567 displayHeight=77 physicalPixelDisplaySizeRatio=1.0 rotation=0 offsetX=0 offsetY=0 scale=1.0}}
12-07 12:59:49.858 I/LogicalDisplayMapper( 1971): Applying layout: [{dispId: 0(ON), displayGroupName: , addr: {port=146, model=0x40446dbbd154e4}, mThermalBrightnessThrottlingMapId: null, mRefreshRateZoneId: null, mLeadDisplayId: -1, mThermalRefreshRateThrottlingMapId: null}], Previous layout: [{dispId: 0(ON), displayGroupName: , addr: {port=146, model=0x40446dbbd154e4}, mThermalBrightnessThrottlingMapId: null, mRefreshRateZoneId: null, mLeadDisplayId: -1, mThermalRefreshRateThrottlingMapId: null}]
12-07 12:59:49.858 I/LogicalDisplayMapper( 1971): Setting new display group 0 for display 972, from previous group: null
12-07 12:59:49.859 I/LogicalDisplayMapper( 1971): Adding new display: 972: DisplayInfo{"MirrorRoot for 2e7bd8eb-3dfd-4c29-a5d9-69fb4e906237", displayId 972, displayGroupId 0, FLAG_SECURE, FLAG_SUPPORTS_PROTECTED_BUFFERS, real 567 x 77, largest app 567 x 77, smallest app 567 x 77, appVsyncOff 0, presDeadline 16666666, mode 131760.0, defaultMode 1317, modes [{id=1317, width=567, height=77, fps=60.0, alternativeRefreshRates=[], supportedHdrTypes=[]}], hdrCapabilities null, userDisabledHdrTypes [], minimalPostProcessingSupported false, rotation 0, state OFF, committedState UNKNOWN, type VIRTUAL, uniqueId "virtual:android,1000,MirrorRoot for 2e7bd8eb-3dfd-4c29-a5d9-69fb4e906237,0", app 567 x 77, density 200 (200.0 x 200.0) dpi, layerStack 972, colorMode 0, supportedColorModes [0], deviceProductInfo null, owner android (uid 1000), removeMode 1, refreshRateOverride 0.0, brightnessMinimum 0.0, brightnessMaximum 0.0, brightnessDefault 0.0, installOrientation ROTATION_0, layoutLimitedRefreshRate null, hdrSdrRatio not_available, thermalRefreshRateThrottling {}, thermalBrightnessThrottlingDataId default}
12-07 12:59:49.859 W/BrightnessThrottler( 1971): DeviceConfig ThermalBrightnessThrottlingData is null
12-07 12:59:49.859 W/DisplayPowerController2[972]( 1971): Screen brightness nits configuration is unavailable; falling back
12-07 12:59:49.871 I/WindowManager( 1971): Override config changes=20005df8 {0.0 ?mcc0mnc ?localeList ?layoutDir sw62dp w454dp h62dp 200dpi smll land ?uimode ?night -touch -keyb/v/h -nav/h winConfig={ mBounds=Rect(0, 0 - 567, 77) mAppBounds=Rect(0, 0 - 567, 77) mMaxBounds=Rect(0, 0 - 567, 77) mDisplayRotation=ROTATION_0 mWindowingMode=fullscreen mDisplayWindowingMode=fullscreen mActivityType=undefined mAlwaysOnTop=undefined mRotation=ROTATION_0} ?fontWeightAdjustment} for displayId=972
12-07 12:59:49.871 W/DisplayController( 7059): Skipping Display Configuration change on non-added display.
12-07 12:59:49.873 V/ActivityManager( 1971): bindService: Intent { act=android.accounts.AccountAuthenticator cmp=com.oculus.horizon/com.oculus.auth.authenticator.oculus.OculusAuthenticatorService } type=null conn=android.app.LoadedApk$ServiceDispatcher$InnerConnection@30f6336 flags=0x1
12-07 12:59:49.873 I/TrackingFidelityService( 9367): Request(s)={mr_passthrough:3,}
12-07 12:59:49.873 I/TrackingFidelityService( 9367): Request(s)={mr_passthrough:3,pt_display_sync:5,hyperscape_room_scanning:0,isp_foveation:5,low_latency_pt:5,}, Mux mode idx=2, name=defaultDisplay, score=-2980
12-07 12:59:49.873 I/TrackingFidelityService( 9367): beginTransition[color]: default(1)->defaultDisplay(2)
12-07 12:59:49.873 I/TrackingFidelityService( 9367): _applyMuxModeLockedInternal: Applying camera mux mode defaultDisplay via requestFeaturesWithFidelitiesLocked
12-07 12:59:49.873 I/SensorService( 9363): [color] Setting camera mux mode to 2
12-07 12:59:49.873 I/SensorService( 9363): updating CameraStream mux states
12-07 12:59:49.874 I/SensorDataTransforms( 9365): [CameraStreamControl:cam2bridge] Staging mux mode updates for {color: ind-2, seqId-99},
12-07 12:59:49.874 I/SensorDataTransforms( 9365): [CameraStreamControl:cam2bridge] Mux mode updates succesfully staged
12-07 12:59:49.874 I/SensorService( 9363): ending update to CameraStream mux states
12-07 12:59:49.874 I/FrameSetCollator( 9363): [{COL:FOVPR}] Updated frame set period to 13888000, with all camera system activeSlots [[T,]]
12-07 12:59:49.874 I/FrameSetDispatcher( 9363): [{COL:FOVPR}] Client pid=1157 (MrSSCamS): [color] Updated CameraMuxMode: 2, Slots: SLOT_0 
12-07 12:59:49.874 I/FrameSetDispatcher( 9363): [{COL:FOVPR}] Latest MuxModeSettings: 2
12-07 12:59:49.874 I/FrameSetDispatcher( 9363): [{COL:FOVPR}] purpose: active_slots, slots: SLOT_0 
12-07 12:59:49.874 I/FrameSetDispatcher( 9363): [{COL:FOVPR}] purpose: cam2bridge, slots: SLOT_0 
12-07 12:59:49.874 I/FrameSetDispatcher( 9363): [{COL:FOVPR}] purpose: ocal, slots: SLOT_0 
12-07 12:59:49.874 I/FrameSetDispatcher( 9363): [{COL:FOVPR}] purpose: passthrough, slots: SLOT_0 
12-07 12:59:49.874 I/SensorDataTransforms( 9368): [iot:ocal] Staging mux mode updates for {color: ind-2, seqId-99},
12-07 12:59:49.874 I/SensorDataTransforms( 9368): [iot:ocal] Mux mode updates successfully staged
12-07 12:59:49.874 D/TrackingService( 9368): [iot:ocal]Queue mux mode update notification: defaultDisplay
12-07 12:59:49.874 D/DisplayManagerService( 1971): Ignore redundant display event 972/2 to 10079/25425
12-07 12:59:49.874 D/DisplayManagerService( 1971): Ignore redundant display event 972/2 to 10049/32634
12-07 12:59:49.874 D/TrackingService( 9368): [ocal]start onMuxStateUpdate. ModeId: default -> defaultDisplay
12-07 12:59:49.874 D/TrackingService( 9368): [iot][ocal]handleMuxModeNotification started for muxMode[color: defaultDisplay]
12-07 12:59:49.874 D/TrackingService( 9368): [iot][ocal]handleMuxModeNotification finished for muxMode[color: defaultDisplay]
12-07 12:59:49.874 D/TrackingService( 9368): [ocal]end onMuxStateUpdate. ModeId: default -> defaultDisplay
12-07 12:59:49.874 I/TrackingService( 9368): [                        iot:ocal] Mux Mode Transition from sensor service: default -> defaultDisplay transition time: 0 ms
12-07 12:59:49.874 I/SensorDataTransforms( 1157): [MrStreamControl:passthrough] Staging mux mode updates for {color: ind-2, seqId-99},
12-07 12:59:49.874 I/SensorDataTransforms( 1157): [MrStreamControl:passthrough] Signaling start of the mode transition
12-07 12:59:49.874 I/SensorDataTransforms( 1157): [MrStreamControl:passthrough] Mux mode updates successfully staged
12-07 12:59:49.875 E/FrameSetCollator( 9363): [{COL:FOVPR}] 1 FrameSets had unexpected timestamps (in the last 77.71ms). Ex: slot 0 77439028.782ms -> 77439045.448ms (observed period: 16.666ms, expected period: 13.888ms (2.778ms))
12-07 12:59:49.876 I/SensorService( 9363): Active camera ids set to: []
12-07 12:59:49.876 I/ColorCameraSystem( 9363): [color] Switch to display rate sync mode (72.000 Hz).
12-07 12:59:49.877 I/VolumetricWindowManagerServiceImpl( 1971): addVolumetricWindow done: userId = 0, wct = 74331ea, vw type = 1, vw persistable token = 2e7bd8eb-3dfd-4c29-a5d9-69fb4e906237, rootTaskId = 11
12-07 12:59:49.877 V/DisplayPowerController2[972]( 1971): Brightness [0.0] reason changing to: 'manual', previous reason: '0'.
12-07 12:59:49.877 I/DisplayPowerController2[972]( 1971): BrightnessEvent: disp=972, physDisp=virtual:android,1000,MirrorRoot for 2e7bd8eb-3dfd-4c29-a5d9-69fb4e906237,0, brt=0.0, initBrt=NaN, rcmdBrt=NaN, preBrt=NaN, lux=0.0, preLux=0.0, hbmMax=1.0, hbmMode=off, rbcStrength=-1, thrmMax=1.0, powerFactor=1.0, wasShortTermModelActive=false, flags=, reason=manual, autoBrightness=false, strategy=InvalidBrightnessStrategy
12-07 12:59:49.877 I/ColorCameraSystem( 9363): [color] Set camera sync mode to display
12-07 12:59:49.877 I/VolumetricWindowManagerServiceImpl( 1971): addTaskVolumetricWindowLocked: taskId = 11, VW = VolumetricWindowInfo { volumetricWindowToken = VolumetricWindowToken { scope = 1, token = horizonos.view.VolumetricWindowToken$InternalVolumetricToken@bbdc2d, persistableToken = 2e7bd8eb-3dfd-4c29-a5d9-69fb4e906237 }, type = 1, bounds = Extent3f { width = 0.07207247, height = 0.0098424945, depth = 0.0 }, pose = Pose { orientation = Vector4f { x = 0.0, y = 0.0, z = 0.0, w = 1.0 }, position = Vector3f { x = 0.0, y = 0.0, z = 0.0 } }, windowSize2d = Extent2i { width = 567, height = 77 }, densityDpi = 200, windowSpaceToken = SpaceToken { binderToken = horizonos.view.SpaceToken$InternalSpaceToken@4e0a562, persistableToken = 481105b9-eb11-49fc-aa0e-b84386fb2234 }, visible = true, active = true, drawn = false, persistable = false, singlePassCompositionEnabled = false, depthTestEnabled = false, inView = false, windowFlags = 0, priorityHintInfo = PriorityHintInfo { windowPpd = 0.0, viewAngleSine = -1.0, visiblePercent = 1.0, distanceFromUser = 0.0, attentionZone = 0 }, taskInfo = null, presentation = VolumetricWindowPresentationInfo { controlBar = null }, layoutParams = null, children = [], shape = 1, cylinderInfo = null }, isSinglePassCompositionEnabled = false, isComponentBlocklisted = false, isComponentForcedToSPC = false
12-07 12:59:49.878 W/SensorService( 9363): received frame for disabled cam5
12-07 12:59:49.878 I/SyncBossFW(  879): 77439058 [info   ] {GCM }: general_cam_mgr_stop_streaming for cameras 0x30
12-07 12:59:49.878 I/SyncBossFW(  879): 77439060 [info   ] {BRGB}: Enabling display sync mode
12-07 12:59:49.880 I/SyncBossFW(  879): 77439061 [info   ] {GCM }: general_cam_mgr_set_frame_rate_config cams 0x30 period 13888us
12-07 12:59:49.883 I/SensorService( 9363): Active camera ids set to: [4,5]
12-07 12:59:49.883 W/SensorService( 9363): [color] Skipped updateSyncbossFrameTag - no updater or override provided
12-07 12:59:49.883 I/TrackingFidelityService( 9367): endTransition[color]: default(1)->defaultDisplay(2), seqId=99, succeeded=true
12-07 12:59:49.884 I/SyncBossFW(  879): 77439064 [info   ] {GCM }: general_cam_mgr_start_streaming for cameras 0x30
12-07 12:59:49.889 V/ActivityManager( 1971): bindService: Intent { act=android.accounts.AccountAuthenticator cmp=com.oculus.horizon/com.oculus.auth.authenticator.oculus.OculusAuthenticatorService } type=null conn=android.app.LoadedApk$ServiceDispatcher$InnerConnection@3bbaec3 flags=0x1
12-07 12:59:49.895 I/ActivityTaskManager( 1971): START u0 {act=com.oculus.mrds.WINDOWS_APP_CONNECT_FLOW flg=0x18811100 pkg=com.oculus.mrds cmp=com.oculus.mrds/.msft.connectactivity.ConnectActivity} with LAUNCH_SINGLE_TASK from uid 10087 (realCallingUid=1000) (BAL_ALLOW_VISIBLE_WINDOW) result code=0
12-07 12:59:49.896 V/WindowManager( 1971): Queueing transition: TransitionRecord{3d5ceb3 id=-1 type=SLEEP flags=0x0}
12-07 12:59:49.896 V/WindowManager( 1971): Content Recording: Display 972 state is now (1), so update recording?
12-07 12:59:49.900 I/SpatialWindowResourceService( 1971): setWindowFrameRate() token: horizonos.view.VolumetricWindowToken$InternalVolumetricToken@bbdc2d framerate: 0.0
12-07 12:59:49.900 I/SpatialWindowResourceService( 1971): setWindowUserPerceivedState(): Setting Application State:ComponentInfo{com.oculus.mrds/com.oculus.mrds.msft.connectactivity.ConnectActivity} ProcessName:com.oculus.mrds PerceptionState:(old):UNKNOWN_PERCEPTION->(new):CRITICAL_PERCEPTION
12-07 12:59:49.900 I/SpatialWindowResourceService( 1971): setWindowFrameRate() token: horizonos.view.VolumetricWindowToken$InternalVolumetricToken@bbdc2d framerate: 0.0
12-07 12:59:49.903 I/libsensortelemetry( 9363): Updating camera metrics frame period from 16666 to 13888
12-07 12:59:49.908 V/WorldManagerService( 1971): VW Content Listener: com.oculus.mrds -1
12-07 12:59:49.909 D/SpatialAudioService( 1971): Skipping processing for app: com.oculus.mrds (isNewApp: false, perAppEnabled: true, epsService: true)
12-07 12:59:49.909 E/SensorService( 9363): failed to handle frame metadata for cam 5 streamType 10, dropping frame!
12-07 12:59:49.913 E/SensorService( 9363): failed to handle frame metadata for cam 4 streamType 10, dropping frame!
12-07 12:59:49.913 W/WindowManager( 1971): Failed looking up window session=Session{7061f68 26939:u0a10087} callers=com.android.server.wm.WindowManagerService.windowForClientLocked:6161 com.android.server.wm.Session.updateRequestedVisibleTypes:690 android.view.IWindowSession$Stub.onTransact:1040 
12-07 12:59:49.924 V/ActivityManager( 1971): bindService: Intent { act=com.oculus.vrshell.privateipc.IResizeIPCService pkg=com.oculus.vrshell } type=null conn=android.os.BinderProxy@127fda5 flags=0x1
12-07 12:59:49.932 D/TrackingService( 9368): [HANDTRACKINGGLUE] resumeCapability
12-07 12:59:49.932 D/CameraStream( 9363): [hand] Client [Hand(9368)] attempting start
12-07 12:59:49.932 I/FrameSetDispatcher( 9363): [{WT:RAW10}] Client pid=9368 (Hand): Client thread[{WT:RAW10}:Hand] started
12-07 12:59:49.932 I/CameraClientManager( 9363): [Hand(9368)][hand] client started (estimated 1 started clients total)
12-07 12:59:49.932 I/CameraClientManager( 9363): [[Hand(9368)][hand]] definitely starting stream
12-07 12:59:49.932 I/SensorService( 9363): [worldTracking] Starting cameras for purpose hand
12-07 12:59:49.932 I/FrameSetCollator( 9363): [{WT:RAW10}] Skipping start, current start count: 2
12-07 12:59:49.932 I/SensorService( 9363): [worldTracking] Starting camera streams for purpose: hand, current muxmode = 8
12-07 12:59:49.932 I/CameraClientManager( 9363): [[Hand(9368)][hand]] stream start completed
12-07 12:59:49.932 D/CameraStream( 9363): [hand] Client [Hand(9368)]: start complete
12-07 12:59:49.933 E/FrameSetCollator( 9363): [{COL:FOVPR}] releasing incomplete frame set: (4:1, 5:0), (deadlineMissed, muxModeMisMatch) = (1, 1), (captureDevTs, currentTs, tolerance, current+tolerance) = (77439099415000, 77439045448000, 30000, 77439045478000), (frame.slotIndex) = (0), (frame.modeIndex, frameSet.modeIndex) = (2, 1)
12-07 12:59:49.936 I/FrameSetDispatcher( 9363): [{COL:FOVPR}] 1 older Mux Mode settings are removed.
12-07 12:59:49.936 I/FrameSetDispatcher( 9363): [{COL:FOVPR}] Client pid=1157 (MrSSCamS): Remove old Mux Mode 1: slot indices: SLOT_0 
12-07 12:59:49.942 D/CoreBackPreview( 1971): Window{b54a30f u0 com.oculus.mrds/com.oculus.mrds.msft.connectactivity.ConnectActivity}: Setting back callback OnBackInvokedCallbackInfo{mCallback=android.window.IOnBackInvokedCallback$Stub$Proxy@842612b, mPriority=0, mIsAnimationCallback=false}
12-07 12:59:49.953 D/SensorDataTransforms( 9368): [hand:hand] Erased 1 stale entries from the staged mux states for worldTracking.
12-07 12:59:49.953 I/TrackingService( 9368): [hand:hand] Configuration update starting
12-07 12:59:49.953 I/TrackingService( 9368): [hand:hand] Configuration update done
12-07 12:59:49.953 I/TrackingService( 9368): [hand:hand] Finish configuration update starting
