12-07 15:27:31.581 W/ContextImpl( 5043): Calling a method in the system process without a qualified user: android.app.ContextImpl.startService:1899 android.content.ContextWrapper.startService:825 com.oculus.appsafety.packageintegrity.PackageIntegrityUtils.sendResultToOCMS:2223 com.oculus.appsafety.packageintegrity.PackageIntegrityUtils.lambda$updateStorePackageSignatures$27:3072 com.oculus.appsafety.packageintegrity.PackageIntegrityUtils.$r8$lambda$spxwCO2KiyNTPBbcjgChQCxsmU8:0 
12-07 15:27:31.595 W/ContextImpl( 5043): Calling a method in the system process without a qualified user: android.app.ContextImpl.startService:1899 android.content.ContextWrapper.startService:825 com.oculus.appsafety.packageintegrity.PackageIntegrityUtils.sendResultToOCMS:2223 com.oculus.appsafety.packageintegrity.PackageIntegrityUtils.lambda$updateStorePackageSignatures$27:3072 com.oculus.appsafety.packageintegrity.PackageIntegrityUtils.$r8$lambda$spxwCO2KiyNTPBbcjgChQCxsmU8:0 
12-07 15:27:31.608 W/ContextImpl( 5043): Calling a method in the system process without a qualified user: android.app.ContextImpl.startService:1899 android.content.ContextWrapper.startService:825 com.oculus.appsafety.packageintegrity.PackageIntegrityUtils.sendResultToOCMS:2223 com.oculus.appsafety.packageintegrity.PackageIntegrityUtils.lambda$updateStorePackageSignatures$27:3072 com.oculus.appsafety.packageintegrity.PackageIntegrityUtils.$r8$lambda$spxwCO2KiyNTPBbcjgChQCxsmU8:0 
12-07 15:27:31.626 W/ContextImpl( 5043): Calling a method in the system process without a qualified user: android.app.ContextImpl.startService:1899 android.content.ContextWrapper.startService:825 com.oculus.appsafety.packageintegrity.PackageIntegrityUtils.sendResultToOCMS:2223 com.oculus.appsafety.packageintegrity.PackageIntegrityUtils.lambda$updateStorePackageSignatures$27:3072 com.oculus.appsafety.packageintegrity.PackageIntegrityUtils.$r8$lambda$spxwCO2KiyNTPBbcjgChQCxsmU8:0 
12-07 15:27:31.643 W/ContextImpl( 5043): Calling a method in the system process without a qualified user: android.app.ContextImpl.startService:1899 android.content.ContextWrapper.startService:825 com.oculus.appsafety.packageintegrity.PackageIntegrityUtils.sendResultToOCMS:2223 com.oculus.appsafety.packageintegrity.PackageIntegrityUtils.lambda$updateStorePackageSignatures$27:3072 com.oculus.appsafety.packageintegrity.PackageIntegrityUtils.$r8$lambda$spxwCO2KiyNTPBbcjgChQCxsmU8:0 
12-07 15:27:31.657 W/ContextImpl( 5043): Calling a method in the system process without a qualified user: android.app.ContextImpl.startService:1899 android.content.ContextWrapper.startService:825 com.oculus.appsafety.packageintegrity.PackageIntegrityUtils.sendResultToOCMS:2223 com.oculus.appsafety.packageintegrity.PackageIntegrityUtils.lambda$updateStorePackageSignatures$27:3072 com.oculus.appsafety.packageintegrity.PackageIntegrityUtils.$r8$lambda$spxwCO2KiyNTPBbcjgChQCxsmU8:0 
12-07 15:27:31.671 W/ContextImpl( 5043): Calling a method in the system process without a qualified user: android.app.ContextImpl.startService:1899 android.content.ContextWrapper.startService:825 com.oculus.appsafety.packageintegrity.PackageIntegrityUtils.sendResultToOCMS:2223 com.oculus.appsafety.packageintegrity.PackageIntegrityUtils.lambda$updateStorePackageSignatures$27:3072 com.oculus.appsafety.packageintegrity.PackageIntegrityUtils.$r8$lambda$spxwCO2KiyNTPBbcjgChQCxsmU8:0 
12-07 15:27:31.683 W/ContextImpl( 5043): Calling a method in the system process without a qualified user: android.app.ContextImpl.startService:1899 android.content.ContextWrapper.startService:825 com.oculus.appsafety.packageintegrity.PackageIntegrityUtils.sendResultToOCMS:2223 com.oculus.appsafety.packageintegrity.PackageIntegrityUtils.lambda$updateStorePackageSignatures$27:3072 com.oculus.appsafety.packageintegrity.PackageIntegrityUtils.$r8$lambda$spxwCO2KiyNTPBbcjgChQCxsmU8:0 
12-07 15:27:31.697 W/ContextImpl( 5043): Calling a method in the system process without a qualified user: android.app.ContextImpl.startService:1899 android.content.ContextWrapper.startService:825 com.oculus.appsafety.packageintegrity.PackageIntegrityUtils.sendResultToOCMS:2223 com.oculus.appsafety.packageintegrity.PackageIntegrityUtils.lambda$updateStorePackageSignatures$27:3072 com.oculus.appsafety.packageintegrity.PackageIntegrityUtils.$r8$lambda$spxwCO2KiyNTPBbcjgChQCxsmU8:0 
12-07 15:27:31.716 W/ContextImpl( 5043): Calling a method in the system process without a qualified user: android.app.ContextImpl.startService:1899 android.content.ContextWrapper.startService:825 com.oculus.appsafety.packageintegrity.PackageIntegrityUtils.sendResultToOCMS:2223 com.oculus.appsafety.packageintegrity.PackageIntegrityUtils.lambda$updateStorePackageSignatures$27:3072 com.oculus.appsafety.packageintegrity.PackageIntegrityUtils.$r8$lambda$spxwCO2KiyNTPBbcjgChQCxsmU8:0 
12-07 15:27:31.741 W/ContextImpl( 5043): Calling a method in the system process without a qualified user: android.app.ContextImpl.startService:1899 android.content.ContextWrapper.startService:825 com.oculus.appsafety.packageintegrity.PackageIntegrityUtils.sendResultToOCMS:2223 com.oculus.appsafety.packageintegrity.PackageIntegrityUtils.lambda$updateStorePackageSignatures$27:3072 com.oculus.appsafety.packageintegrity.PackageIntegrityUtils.$r8$lambda$spxwCO2KiyNTPBbcjgChQCxsmU8:0 
12-07 15:27:31.756 W/ContextImpl( 5043): Calling a method in the system process without a qualified user: android.app.ContextImpl.startService:1899 android.content.ContextWrapper.startService:825 com.oculus.appsafety.packageintegrity.PackageIntegrityUtils.sendResultToOCMS:2223 com.oculus.appsafety.packageintegrity.PackageIntegrityUtils.lambda$updateStorePackageSignatures$27:3072 com.oculus.appsafety.packageintegrity.PackageIntegrityUtils.$r8$lambda$spxwCO2KiyNTPBbcjgChQCxsmU8:0 
12-07 15:27:31.772 W/ContextImpl( 5043): Calling a method in the system process without a qualified user: android.app.ContextImpl.startService:1899 android.content.ContextWrapper.startService:825 com.oculus.appsafety.packageintegrity.PackageIntegrityUtils.sendResultToOCMS:2223 com.oculus.appsafety.packageintegrity.PackageIntegrityUtils.lambda$updateStorePackageSignatures$27:3072 com.oculus.appsafety.packageintegrity.PackageIntegrityUtils.$r8$lambda$spxwCO2KiyNTPBbcjgChQCxsmU8:0 
12-07 15:27:31.787 W/ContextImpl( 5043): Calling a method in the system process without a qualified user: android.app.ContextImpl.startService:1899 android.content.ContextWrapper.startService:825 com.oculus.appsafety.packageintegrity.PackageIntegrityUtils.sendResultToOCMS:2223 com.oculus.appsafety.packageintegrity.PackageIntegrityUtils.lambda$updateStorePackageSignatures$27:3072 com.oculus.appsafety.packageintegrity.PackageIntegrityUtils.$r8$lambda$spxwCO2KiyNTPBbcjgChQCxsmU8:0 
12-07 15:27:31.798 W/ContextImpl( 5043): Calling a method in the system process without a qualified user: android.app.ContextImpl.startService:1899 android.content.ContextWrapper.startService:825 com.oculus.appsafety.packageintegrity.PackageIntegrityUtils.sendResultToOCMS:2223 com.oculus.appsafety.packageintegrity.PackageIntegrityUtils.lambda$updateStorePackageSignatures$27:3072 com.oculus.appsafety.packageintegrity.PackageIntegrityUtils.$r8$lambda$spxwCO2KiyNTPBbcjgChQCxsmU8:0 
12-07 15:27:31.814 W/ContextImpl( 5043): Calling a method in the system process without a qualified user: android.app.ContextImpl.startService:1899 android.content.ContextWrapper.startService:825 com.oculus.appsafety.packageintegrity.PackageIntegrityUtils.sendResultToOCMS:2223 com.oculus.appsafety.packageintegrity.PackageIntegrityUtils.lambda$updateStorePackageSignatures$27:3072 com.oculus.appsafety.packageintegrity.PackageIntegrityUtils.$r8$lambda$spxwCO2KiyNTPBbcjgChQCxsmU8:0 
12-07 15:27:31.832 W/ContextImpl( 5043): Calling a method in the system process without a qualified user: android.app.ContextImpl.startService:1899 android.content.ContextWrapper.startService:825 com.oculus.appsafety.packageintegrity.PackageIntegrityUtils.sendResultToOCMS:2223 com.oculus.appsafety.packageintegrity.PackageIntegrityUtils.lambda$updateStorePackageSignatures$27:3072 com.oculus.appsafety.packageintegrity.PackageIntegrityUtils.$r8$lambda$spxwCO2KiyNTPBbcjgChQCxsmU8:0 
12-07 15:27:31.846 W/ContextImpl( 5043): Calling a method in the system process without a qualified user: android.app.ContextImpl.startService:1899 android.content.ContextWrapper.startService:825 com.oculus.appsafety.packageintegrity.PackageIntegrityUtils.sendResultToOCMS:2223 com.oculus.appsafety.packageintegrity.PackageIntegrityUtils.lambda$updateStorePackageSignatures$27:3072 com.oculus.appsafety.packageintegrity.PackageIntegrityUtils.$r8$lambda$spxwCO2KiyNTPBbcjgChQCxsmU8:0 
12-07 15:27:31.859 W/ContextImpl( 5043): Calling a method in the system process without a qualified user: android.app.ContextImpl.startService:1899 android.content.ContextWrapper.startService:825 com.oculus.appsafety.packageintegrity.PackageIntegrityUtils.sendResultToOCMS:2223 com.oculus.appsafety.packageintegrity.PackageIntegrityUtils.lambda$updateStorePackageSignatures$27:3072 com.oculus.appsafety.packageintegrity.PackageIntegrityUtils.$r8$lambda$spxwCO2KiyNTPBbcjgChQCxsmU8:0 
12-07 15:27:31.878 W/ContextImpl( 5043): Calling a method in the system process without a qualified user: android.app.ContextImpl.startService:1899 android.content.ContextWrapper.startService:825 com.oculus.appsafety.packageintegrity.PackageIntegrityUtils.sendResultToOCMS:2223 com.oculus.appsafety.packageintegrity.PackageIntegrityUtils.lambda$updateStorePackageSignatures$27:3072 com.oculus.appsafety.packageintegrity.PackageIntegrityUtils.$r8$lambda$spxwCO2KiyNTPBbcjgChQCxsmU8:0 
12-07 15:27:31.908 W/ContextImpl( 5043): Calling a method in the system process without a qualified user: android.app.ContextImpl.startService:1899 android.content.ContextWrapper.startService:825 com.oculus.appsafety.packageintegrity.PackageIntegrityUtils.sendResultToOCMS:2223 com.oculus.appsafety.packageintegrity.PackageIntegrityUtils.lambda$updateStorePackageSignatures$27:3072 com.oculus.appsafety.packageintegrity.PackageIntegrityUtils.$r8$lambda$spxwCO2KiyNTPBbcjgChQCxsmU8:0 
12-07 15:27:31.926 W/ContextImpl( 5043): Calling a method in the system process without a qualified user: android.app.ContextImpl.startService:1899 android.content.ContextWrapper.startService:825 com.oculus.appsafety.packageintegrity.PackageIntegrityUtils.sendResultToOCMS:2223 com.oculus.appsafety.packageintegrity.PackageIntegrityUtils.lambda$updateStorePackageSignatures$27:3072 com.oculus.appsafety.packageintegrity.PackageIntegrityUtils.$r8$lambda$spxwCO2KiyNTPBbcjgChQCxsmU8:0 
12-07 15:27:31.943 W/ContextImpl( 5043): Calling a method in the system process without a qualified user: android.app.ContextImpl.startService:1899 android.content.ContextWrapper.startService:825 com.oculus.appsafety.packageintegrity.PackageIntegrityUtils.sendResultToOCMS:2223 com.oculus.appsafety.packageintegrity.PackageIntegrityUtils.lambda$updateStorePackageSignatures$27:3072 com.oculus.appsafety.packageintegrity.PackageIntegrityUtils.$r8$lambda$spxwCO2KiyNTPBbcjgChQCxsmU8:0 
12-07 15:27:31.959 W/ContextImpl( 5043): Calling a method in the system process without a qualified user: android.app.ContextImpl.startService:1899 android.content.ContextWrapper.startService:825 com.oculus.appsafety.packageintegrity.PackageIntegrityUtils.sendResultToOCMS:2223 com.oculus.appsafety.packageintegrity.PackageIntegrityUtils.lambda$updateStorePackageSignatures$27:3072 com.oculus.appsafety.packageintegrity.PackageIntegrityUtils.$r8$lambda$spxwCO2KiyNTPBbcjgChQCxsmU8:0 
12-07 15:27:31.976 W/ContextImpl( 5043): Calling a method in the system process without a qualified user: android.app.ContextImpl.startService:1899 android.content.ContextWrapper.startService:825 com.oculus.appsafety.packageintegrity.PackageIntegrityUtils.sendResultToOCMS:2223 com.oculus.appsafety.packageintegrity.PackageIntegrityUtils.lambda$updateStorePackageSignatures$27:3072 com.oculus.appsafety.packageintegrity.PackageIntegrityUtils.$r8$lambda$spxwCO2KiyNTPBbcjgChQCxsmU8:0 
12-07 15:27:31.989 W/ContextImpl( 5043): Calling a method in the system process without a qualified user: android.app.ContextImpl.startService:1899 android.content.ContextWrapper.startService:825 com.oculus.appsafety.packageintegrity.PackageIntegrityUtils.sendResultToOCMS:2223 com.oculus.appsafety.packageintegrity.PackageIntegrityUtils.lambda$updateStorePackageSignatures$27:3072 com.oculus.appsafety.packageintegrity.PackageIntegrityUtils.$r8$lambda$spxwCO2KiyNTPBbcjgChQCxsmU8:0 
12-07 15:27:32.005 W/ContextImpl( 5043): Calling a method in the system process without a qualified user: android.app.ContextImpl.startService:1899 android.content.ContextWrapper.startService:825 com.oculus.appsafety.packageintegrity.PackageIntegrityUtils.sendResultToOCMS:2223 com.oculus.appsafety.packageintegrity.PackageIntegrityUtils.lambda$updateStorePackageSignatures$27:3072 com.oculus.appsafety.packageintegrity.PackageIntegrityUtils.$r8$lambda$spxwCO2KiyNTPBbcjgChQCxsmU8:0 
12-07 15:27:32.026 W/ContextImpl( 5043): Calling a method in the system process without a qualified user: android.app.ContextImpl.startService:1899 android.content.ContextWrapper.startService:825 com.oculus.appsafety.packageintegrity.PackageIntegrityUtils.sendResultToOCMS:2223 com.oculus.appsafety.packageintegrity.PackageIntegrityUtils.lambda$updateStorePackageSignatures$27:3072 com.oculus.appsafety.packageintegrity.PackageIntegrityUtils.$r8$lambda$spxwCO2KiyNTPBbcjgChQCxsmU8:0 
12-07 15:27:32.040 W/ContextImpl( 5043): Calling a method in the system process without a qualified user: android.app.ContextImpl.startService:1899 android.content.ContextWrapper.startService:825 com.oculus.appsafety.packageintegrity.PackageIntegrityUtils.sendResultToOCMS:2223 com.oculus.appsafety.packageintegrity.PackageIntegrityUtils.lambda$updateStorePackageSignatures$27:3072 com.oculus.appsafety.packageintegrity.PackageIntegrityUtils.$r8$lambda$spxwCO2KiyNTPBbcjgChQCxsmU8:0 
12-07 15:27:32.044 W/ContextImpl( 5043): Calling a method in the system process without a qualified user: android.app.ContextImpl.startService:1899 android.content.ContextWrapper.startService:825 com.oculus.appsafety.packageintegrity.PackageIntegrityUtils.sendResultToOCMS:2223 com.oculus.appsafety.packageintegrity.PackageIntegrityUtils.lambda$updateStorePackageSignatures$27:3072 com.oculus.appsafety.packageintegrity.PackageIntegrityUtils.$r8$lambda$spxwCO2KiyNTPBbcjgChQCxsmU8:0 
12-07 15:27:32.050 W/ContextImpl( 5043): Calling a method in the system process without a qualified user: android.app.ContextImpl.startService:1899 android.content.ContextWrapper.startService:825 com.oculus.appsafety.packageintegrity.PackageIntegrityUtils.sendResultToOCMS:2223 com.oculus.appsafety.packageintegrity.PackageIntegrityUtils.lambda$updateStorePackageSignatures$27:3072 com.oculus.appsafety.packageintegrity.PackageIntegrityUtils.$r8$lambda$spxwCO2KiyNTPBbcjgChQCxsmU8:0 
12-07 15:27:32.057 W/ContextImpl( 5043): Calling a method in the system process without a qualified user: android.app.ContextImpl.startService:1899 android.content.ContextWrapper.startService:825 com.oculus.appsafety.packageintegrity.PackageIntegrityUtils.sendResultToOCMS:2223 com.oculus.appsafety.packageintegrity.PackageIntegrityUtils.lambda$updateStorePackageSignatures$27:3072 com.oculus.appsafety.packageintegrity.PackageIntegrityUtils.$r8$lambda$spxwCO2KiyNTPBbcjgChQCxsmU8:0 
12-07 15:27:32.063 W/ContextImpl( 5043): Calling a method in the system process without a qualified user: android.app.ContextImpl.startService:1899 android.content.ContextWrapper.startService:825 com.oculus.appsafety.packageintegrity.PackageIntegrityUtils.sendResultToOCMS:2223 com.oculus.appsafety.packageintegrity.PackageIntegrityUtils.lambda$updateStorePackageSignatures$27:3072 com.oculus.appsafety.packageintegrity.PackageIntegrityUtils.$r8$lambda$spxwCO2KiyNTPBbcjgChQCxsmU8:0 
12-07 15:27:32.068 D/JobServiceContext( 1971): doCallback of : JobStatus{ca4f31b #1000/201 com.oculus.appsafety/.packageintegrity.PackageIntegritySyncJobService u=0 s=1000 NET PERSISTED READY} v:VERB_EXECUTING
12-07 15:27:32.068 D/JobServiceContext( 1971): Cleaning up ca4f31b #1000/201 com.oculus.appsafety/.packageintegrity.PackageIntegritySyncJobService reschedule=false reason=app called jobFinished
12-07 15:27:33.858 D/ActivityManager( 1971): freezing 13903 horizon.platform.providers
12-07 15:27:34.264 D/CoreBackPreview( 1971): Window{3b576f3 u0 Pop-Up Window}: Setting back callback OnBackInvokedCallbackInfo{mCallback=android.window.IOnBackInvokedCallback$Stub$Proxy@e9e0e29, mPriority=0, mIsAnimationCallback=false}
12-07 15:27:34.323 I/OculusWindowMgr( 1971): OWMS::focusChanged: windowRootTaskId: 13
12-07 15:27:34.323 I/OculusWindowMgr( 1971): OWMS::focusChanged: getImmersiveTask returned
12-07 15:27:34.323 I/OculusWindowMgr( 1971): OWMS::focusChanged: mFocusPlaceholderActivity found in Task.
12-07 15:27:34.324 D/ActivityTaskManager( 1971): getDisplaysWithTopActivities: immersive ActivityRecord{224fcee u0 com.oculus.vrshell/.HomeActivity t2465}
12-07 15:27:34.324 D/VolumetricContentMonitor( 1971): Focused window changed to RunningWindowInfo{  pid: 18259, uid: 10176, userId: 0, windowContainerToken: 240301486, windowToken: android.view.IWindow$Stub$Proxy@f268f4f, windowId: com.android.server.wm.WindowState$WindowId@92f46dc, displayId: 0, windowType: 1002, activity: RunningActivityInfo { rootTask: 13, uid: 10176, pid: 18259, userId: 0, activity: com.example.moonlight_spatialsdk.PancakeActivity, windowId: com.android.server.wm.WindowState$WindowId@f79a7cf, state: ACTIVITY_STATE_VISIBLE}}, from android.view.IWindow$Stub$Proxy@b18e02e
12-07 15:27:34.324 V/WorldManagerService( 1971): VW Content Listener: com.example.moonlight_spatialsdk -1
12-07 15:27:34.326 D/SpatialAudioService( 1971): Skipping processing for app: com.example.moonlight_spatialsdk (isNewApp: false, perAppEnabled: true, epsService: true)
12-07 15:27:34.578 E/libsensortelemetry( 9368): imu_iot samples delayed: 6202358ns capture to arrival (ERS limit: 3500000ns)
12-07 15:27:34.594 E/libsensortelemetry( 9363): imu samples delayed: 6094493ns capture to arrival (ERS limit: 3500000ns)
12-07 15:27:35.262 D/JobServiceContext( 1971): Scheduling time out for '.casting.DeviceBootJobService' jId: 1828726847, in 18 s
12-07 15:27:35.263 V/ActivityManager( 1971): bindService: Intent { flg=0x4 cmp=com.oculus.metacam/.casting.DeviceBootJobService } type=null conn=android.app.LoadedApk$ServiceDispatcher$InnerConnection@7d7f4c8 flags=0x8105
12-07 15:27:35.271 D/JobServiceContext( 1971): handleServiceBound for f00674a #u0a93/1828726847 com.oculus.metacam/.casting.DeviceBootJobService
12-07 15:27:35.271 D/JobServiceContext( 1971): Scheduling time out for '.casting.DeviceBootJobService' jId: 1828726847, in 8 s
12-07 15:27:35.273 D/JobServiceContext( 1971): doCallback of : JobStatus{f00674a #u0a93/1828726847 com.oculus.metacam/.casting.DeviceBootJobService u=0 s=10093 TIME=-7s512ms:none READY} v:VERB_STARTING
12-07 15:27:35.273 D/JobServiceContext( 1971): Scheduling time out for '.casting.DeviceBootJobService' jId: 1828726847, in 300 s
12-07 15:27:35.290 D/JobServiceContext( 1971): doCallback of : JobStatus{f00674a #u0a93/1828726847 com.oculus.metacam/.casting.DeviceBootJobService u=0 s=10093 TIME=-7s529ms:none READY} v:VERB_EXECUTING
12-07 15:27:35.290 D/JobServiceContext( 1971): Cleaning up f00674a #u0a93/1828726847 com.oculus.metacam/.casting.DeviceBootJobService reschedule=false reason=app called jobFinished
12-07 15:27:35.721 D/CoreBackPreview( 1971): Window{3b576f3 u0 Pop-Up Window}: Setting back callback null
12-07 15:27:35.736 V/WindowManager( 1971): Unknown focus tokens, dropping reportFocusChanged
12-07 15:27:35.748 I/OculusWindowMgr( 1971): OWMS::focusChanged: windowRootTaskId: 13
12-07 15:27:35.749 I/OculusWindowMgr( 1971): OWMS::focusChanged: getImmersiveTask returned
12-07 15:27:35.749 I/OculusWindowMgr( 1971): OWMS::focusChanged: mFocusPlaceholderActivity found in Task.
12-07 15:27:35.750 D/ActivityTaskManager( 1971): getDisplaysWithTopActivities: immersive ActivityRecord{224fcee u0 com.oculus.vrshell/.HomeActivity t2465}
12-07 15:27:35.751 D/VolumetricContentMonitor( 1971): Focused window changed to RunningWindowInfo{  pid: 18259, uid: 10176, userId: 0, windowContainerToken: 139481769, windowToken: android.view.IWindow$Stub$Proxy@b18e02e, windowId: com.android.server.wm.WindowState$WindowId@f79a7cf, displayId: 0, windowType: 1, activity: RunningActivityInfo { rootTask: 13, uid: 10176, pid: 18259, userId: 0, activity: com.example.moonlight_spatialsdk.PancakeActivity, windowId: com.android.server.wm.WindowState$WindowId@f79a7cf, state: ACTIVITY_STATE_VISIBLE}}, from android.view.IWindow$Stub$Proxy@f268f4f
12-07 15:27:35.752 V/WorldManagerService( 1971): VW Content Listener: com.example.moonlight_spatialsdk -1
12-07 15:27:35.754 D/SpatialAudioService( 1971): Skipping processing for app: com.example.moonlight_spatialsdk (isNewApp: false, perAppEnabled: true, epsService: true)
12-07 15:27:36.805 W/TrackingService( 9368): 13 late Color frame set were dropped: timestamp 86305.619412, current monochrome 86305.624104
12-07 15:27:38.083 W/ProcessStats( 1971): Tracking association SourceState{411af3 com.oculus.ocms/10068 BTop #121341} whose proc state 2 is better than process ProcessState{5ce4b1 com.oculus.quickplayservice/1000 pkg=com.oculus.quickplayservice} proc state 14 (382 skipped)
--------- beginning of main
12-07 15:27:38.839 E/TrackedObjectManager( 2832): Failed to start tracking keyboard object with error Status(-129, EX_TRANSACTION_FAILED): 'DEAD_OBJECT: '
12-07 15:27:38.846 W/ShellHsr( 3469): Embodiment: BaseEmbodimentSystem::setAvatarVisibility could not find avatar for id 131073
12-07 15:27:38.846 W/ShellHsr( 3469): Embodiment: BaseEmbodimentSystem::setNameTagVisibility could not find avatar for id 131073
12-07 15:27:38.846 E/ShellHsr( 3469): Avatar: avatarState.avatarId is invalid, aborting prePhysicsSystem
12-07 15:27:38.846 E/ShellHsr( 3469): Avatar: avatarState.avatarId is invalid, aborting postFinalizedTransformsSystem
12-07 15:27:38.852 E/TrackedObjectManager( 2832): Failed to connect to TrackedObjectService with error Status(-129, EX_TRANSACTION_FAILED): 'DEAD_OBJECT: '
12-07 15:27:38.852 W/OSDynamicObjectDataQuerier( 2832): Tracker stopped running without input server stopping it, attempting restart
12-07 15:27:38.852 W/OSDynamicObjectDataQuerier( 2832): Attempted to start tracking objects when tracker was already started
12-07 15:27:38.852 E/TrackedObjectManager( 2832): Failed to connect to TrackedObjectService with error Status(-129, EX_TRANSACTION_FAILED): 'DEAD_OBJECT: '
12-07 15:27:38.852 E/TrackedObjectManager( 2832): Failed to start tracking keyboard object with error Status(-129, EX_TRANSACTION_FAILED): 'DEAD_OBJECT: '
12-07 15:27:38.866 E/TrackedObjectManager( 2832): Failed to connect to TrackedObjectService with error Status(-129, EX_TRANSACTION_FAILED): 'DEAD_OBJECT: '
12-07 15:27:38.866 W/OSDynamicObjectDataQuerier( 2832): Attempted to start tracking objects when tracker was already started
12-07 15:27:38.866 E/TrackedObjectManager( 2832): Failed to connect to TrackedObjectService with error Status(-129, EX_TRANSACTION_FAILED): 'DEAD_OBJECT: '
12-07 15:27:38.866 E/TrackedObjectManager( 2832): Failed to start tracking keyboard object with error Status(-129, EX_TRANSACTION_FAILED): 'DEAD_OBJECT: '
12-07 15:27:38.874 I/MRSS    ( 1157): BOLT:HexagonTelemetry: Global DSP utilization: 29.59% (1480 / 5004 ms), Scalar Util: 67.62%, HVX Util: 55.93%, HMX Util: 26.04%, DMA Active: 0.00%, Freq: 787.2 MHz
12-07 15:27:38.874 I/MRSS    ( 1157): boltlib: Logging Rpc stats (detailed=false, onAbort=false)
12-07 15:27:38.874 I/MRSS    ( 1157): boltlib: DSP Rpc stats over 5004 ms: {"HexagonCvpPreprocessorCompute":150,"unnamed_et0":151}
12-07 15:27:38.880 E/TrackedObjectManager( 2832): Failed to connect to TrackedObjectService with error Status(-129, EX_TRANSACTION_FAILED): 'DEAD_OBJECT: '
12-07 15:27:38.880 W/OSDynamicObjectDataQuerier( 2832): Attempted to start tracking objects when tracker was already started
12-07 15:27:38.880 E/TrackedObjectManager( 2832): Failed to connect to TrackedObjectService with error Status(-129, EX_TRANSACTION_FAILED): 'DEAD_OBJECT: '
12-07 15:27:38.880 E/TrackedObjectManager( 2832): Failed to start tracking keyboard object with error Status(-129, EX_TRANSACTION_FAILED): 'DEAD_OBJECT: '
12-07 15:27:38.894 E/TrackedObjectManager( 2832): Failed to connect to TrackedObjectService with error Status(-129, EX_TRANSACTION_FAILED): 'DEAD_OBJECT: '
12-07 15:27:38.894 W/OSDynamicObjectDataQuerier( 2832): Attempted to start tracking objects when tracker was already started
12-07 15:27:38.894 E/TrackedObjectManager( 2832): Failed to connect to TrackedObjectService with error Status(-129, EX_TRANSACTION_FAILED): 'DEAD_OBJECT: '
12-07 15:27:38.894 E/TrackedObjectManager( 2832): Failed to start tracking keyboard object with error Status(-129, EX_TRANSACTION_FAILED): 'DEAD_OBJECT: '
12-07 15:27:38.908 E/TrackedObjectManager( 2832): Failed to connect to TrackedObjectService with error Status(-129, EX_TRANSACTION_FAILED): 'DEAD_OBJECT: '
12-07 15:27:38.908 W/OSDynamicObjectDataQuerier( 2832): Attempted to start tracking objects when tracker was already started
12-07 15:27:38.908 E/TrackedObjectManager( 2832): Failed to connect to TrackedObjectService with error Status(-129, EX_TRANSACTION_FAILED): 'DEAD_OBJECT: '
12-07 15:27:38.908 E/TrackedObjectManager( 2832): Failed to start tracking keyboard object with error Status(-129, EX_TRANSACTION_FAILED): 'DEAD_OBJECT: '
12-07 15:27:38.922 E/TrackedObjectManager( 2832): Failed to connect to TrackedObjectService with error Status(-129, EX_TRANSACTION_FAILED): 'DEAD_OBJECT: '
12-07 15:27:38.922 W/OSDynamicObjectDataQuerier( 2832): Attempted to start tracking objects when tracker was already started
12-07 15:27:38.922 E/TrackedObjectManager( 2832): Failed to connect to TrackedObjectService with error Status(-129, EX_TRANSACTION_FAILED): 'DEAD_OBJECT: '
12-07 15:27:38.922 E/TrackedObjectManager( 2832): Failed to start tracking keyboard object with error Status(-129, EX_TRANSACTION_FAILED): 'DEAD_OBJECT: '
12-07 15:27:38.936 E/TrackedObjectManager( 2832): Failed to connect to TrackedObjectService with error Status(-129, EX_TRANSACTION_FAILED): 'DEAD_OBJECT: '
12-07 15:27:38.936 W/OSDynamicObjectDataQuerier( 2832): Attempted to start tracking objects when tracker was already started
12-07 15:27:38.936 E/TrackedObjectManager( 2832): Failed to connect to TrackedObjectService with error Status(-129, EX_TRANSACTION_FAILED): 'DEAD_OBJECT: '
12-07 15:27:38.936 E/TrackedObjectManager( 2832): Failed to start tracking keyboard object with error Status(-129, EX_TRANSACTION_FAILED): 'DEAD_OBJECT: '
12-07 15:27:38.950 E/TrackedObjectManager( 2832): Failed to connect to TrackedObjectService with error Status(-129, EX_TRANSACTION_FAILED): 'DEAD_OBJECT: '
12-07 15:27:38.950 W/OSDynamicObjectDataQuerier( 2832): Attempted to start tracking objects when tracker was already started
12-07 15:27:38.950 E/TrackedObjectManager( 2832): Failed to connect to TrackedObjectService with error Status(-129, EX_TRANSACTION_FAILED): 'DEAD_OBJECT: '
12-07 15:27:38.950 E/TrackedObjectManager( 2832): Failed to start tracking keyboard object with error Status(-129, EX_TRANSACTION_FAILED): 'DEAD_OBJECT: '
12-07 15:27:38.955 I/Tracking( 9368): CONSTELLATION_Left: [Throttled count=88] P+C Left: Applying Consistent Zero Velocity Update during slow motion.
12-07 15:27:38.963 E/TrackedObjectManager( 2832): Failed to connect to TrackedObjectService with error Status(-129, EX_TRANSACTION_FAILED): 'DEAD_OBJECT: '
12-07 15:27:38.963 W/OSDynamicObjectDataQuerier( 2832): Attempted to start tracking objects when tracker was already started
12-07 15:27:38.963 E/TrackedObjectManager( 2832): Failed to connect to TrackedObjectService with error Status(-129, EX_TRANSACTION_FAILED): 'DEAD_OBJECT: '
12-07 15:27:38.963 E/TrackedObjectManager( 2832): Failed to start tracking keyboard object with error Status(-129, EX_TRANSACTION_FAILED): 'DEAD_OBJECT: '
12-07 15:27:38.977 E/TrackedObjectManager( 2832): Failed to connect to TrackedObjectService with error Status(-129, EX_TRANSACTION_FAILED): 'DEAD_OBJECT: '
12-07 15:27:38.977 W/OSDynamicObjectDataQuerier( 2832): Attempted to start tracking objects when tracker was already started
12-07 15:27:38.977 E/TrackedObjectManager( 2832): Failed to connect to TrackedObjectService with error Status(-129, EX_TRANSACTION_FAILED): 'DEAD_OBJECT: '
12-07 15:27:38.977 E/TrackedObjectManager( 2832): Failed to start tracking keyboard object with error Status(-129, EX_TRANSACTION_FAILED): 'DEAD_OBJECT: '
12-07 15:27:38.982 D/TelemetryService( 1126): Upload complete after 122 ms with result: success
12-07 15:27:38.991 E/TrackedObjectManager( 2832): Failed to connect to TrackedObjectService with error Status(-129, EX_TRANSACTION_FAILED): 'DEAD_OBJECT: '
12-07 15:27:38.991 W/OSDynamicObjectDataQuerier( 2832): Attempted to start tracking objects when tracker was already started
12-07 15:27:38.991 E/TrackedObjectManager( 2832): Failed to connect to TrackedObjectService with error Status(-129, EX_TRANSACTION_FAILED): 'DEAD_OBJECT: '
12-07 15:27:38.991 E/TrackedObjectManager( 2832): Failed to start tracking keyboard object with error Status(-129, EX_TRANSACTION_FAILED): 'DEAD_OBJECT: '
12-07 15:27:39.005 E/TrackedObjectManager( 2832): Failed to connect to TrackedObjectService with error Status(-129, EX_TRANSACTION_FAILED): 'DEAD_OBJECT: '
12-07 15:27:39.005 W/OSDynamicObjectDataQuerier( 2832): Attempted to start tracking objects when tracker was already started
12-07 15:27:39.005 E/TrackedObjectManager( 2832): Failed to connect to TrackedObjectService with error Status(-129, EX_TRANSACTION_FAILED): 'DEAD_OBJECT: '
12-07 15:27:39.005 E/TrackedObjectManager( 2832): Failed to start tracking keyboard object with error Status(-129, EX_TRANSACTION_FAILED): 'DEAD_OBJECT: '
12-07 15:27:39.019 E/TrackedObjectManager( 2832): Failed to connect to TrackedObjectService with error Status(-129, EX_TRANSACTION_FAILED): 'DEAD_OBJECT: '
12-07 15:27:39.019 W/OSDynamicObjectDataQuerier( 2832): Attempted to start tracking objects when tracker was already started
12-07 15:27:39.019 E/TrackedObjectManager( 2832): Failed to connect to TrackedObjectService with error Status(-129, EX_TRANSACTION_FAILED): 'DEAD_OBJECT: '
12-07 15:27:39.019 E/TrackedObjectManager( 2832): Failed to start tracking keyboard object with error Status(-129, EX_TRANSACTION_FAILED): 'DEAD_OBJECT: '
12-07 15:27:39.033 E/TrackedObjectManager( 2832): Failed to connect to TrackedObjectService with error Status(-129, EX_TRANSACTION_FAILED): 'DEAD_OBJECT: '
12-07 15:27:39.033 W/OSDynamicObjectDataQuerier( 2832): Attempted to start tracking objects when tracker was already started
12-07 15:27:39.033 E/TrackedObjectManager( 2832): Failed to connect to TrackedObjectService with error Status(-129, EX_TRANSACTION_FAILED): 'DEAD_OBJECT: '
12-07 15:27:39.033 E/TrackedObjectManager( 2832): Failed to start tracking keyboard object with error Status(-129, EX_TRANSACTION_FAILED): 'DEAD_OBJECT: '
12-07 15:27:39.047 E/TrackedObjectManager( 2832): Failed to connect to TrackedObjectService with error Status(-129, EX_TRANSACTION_FAILED): 'DEAD_OBJECT: '
12-07 15:27:39.047 W/OSDynamicObjectDataQuerier( 2832): Attempted to start tracking objects when tracker was already started
12-07 15:27:39.047 E/TrackedObjectManager( 2832): Failed to connect to TrackedObjectService with error Status(-129, EX_TRANSACTION_FAILED): 'DEAD_OBJECT: '
12-07 15:27:39.047 E/TrackedObjectManager( 2832): Failed to start tracking keyboard object with error Status(-129, EX_TRANSACTION_FAILED): 'DEAD_OBJECT: '
12-07 15:27:39.061 E/TrackedObjectManager( 2832): Failed to connect to TrackedObjectService with error Status(-129, EX_TRANSACTION_FAILED): 'DEAD_OBJECT: '
12-07 15:27:39.061 W/OSDynamicObjectDataQuerier( 2832): Attempted to start tracking objects when tracker was already started
12-07 15:27:39.061 E/TrackedObjectManager( 2832): Failed to connect to TrackedObjectService with error Status(-129, EX_TRANSACTION_FAILED): 'DEAD_OBJECT: '
12-07 15:27:39.061 E/TrackedObjectManager( 2832): Failed to start tracking keyboard object with error Status(-129, EX_TRANSACTION_FAILED): 'DEAD_OBJECT: '
12-07 15:27:39.075 E/TrackedObjectManager( 2832): Failed to connect to TrackedObjectService with error Status(-129, EX_TRANSACTION_FAILED): 'DEAD_OBJECT: '
12-07 15:27:39.075 W/OSDynamicObjectDataQuerier( 2832): Attempted to start tracking objects when tracker was already started
12-07 15:27:39.075 E/TrackedObjectManager( 2832): Failed to connect to TrackedObjectService with error Status(-129, EX_TRANSACTION_FAILED): 'DEAD_OBJECT: '
12-07 15:27:39.075 E/TrackedObjectManager( 2832): Failed to start tracking keyboard object with error Status(-129, EX_TRANSACTION_FAILED): 'DEAD_OBJECT: '
12-07 15:27:39.089 E/TrackedObjectManager( 2832): Failed to connect to TrackedObjectService with error Status(-129, EX_TRANSACTION_FAILED): 'DEAD_OBJECT: '
12-07 15:27:39.089 W/OSDynamicObjectDataQuerier( 2832): Attempted to start tracking objects when tracker was already started
12-07 15:27:39.089 E/TrackedObjectManager( 2832): Failed to connect to TrackedObjectService with error Status(-129, EX_TRANSACTION_FAILED): 'DEAD_OBJECT: '
12-07 15:27:39.089 E/TrackedObjectManager( 2832): Failed to start tracking keyboard object with error Status(-129, EX_TRANSACTION_FAILED): 'DEAD_OBJECT: '
12-07 15:27:39.102 E/TrackedObjectManager( 2832): Failed to connect to TrackedObjectService with error Status(-129, EX_TRANSACTION_FAILED): 'DEAD_OBJECT: '
12-07 15:27:39.102 W/OSDynamicObjectDataQuerier( 2832): Attempted to start tracking objects when tracker was already started
12-07 15:27:39.102 E/TrackedObjectManager( 2832): Failed to connect to TrackedObjectService with error Status(-129, EX_TRANSACTION_FAILED): 'DEAD_OBJECT: '
12-07 15:27:39.103 E/TrackedObjectManager( 2832): Failed to start tracking keyboard object with error Status(-129, EX_TRANSACTION_FAILED): 'DEAD_OBJECT: '
12-07 15:27:39.116 E/TrackedObjectManager( 2832): Failed to connect to TrackedObjectService with error Status(-129, EX_TRANSACTION_FAILED): 'DEAD_OBJECT: '
12-07 15:27:39.116 W/OSDynamicObjectDataQuerier( 2832): Attempted to start tracking objects when tracker was already started
12-07 15:27:39.116 E/TrackedObjectManager( 2832): Failed to connect to TrackedObjectService with error Status(-129, EX_TRANSACTION_FAILED): 'DEAD_OBJECT: '
12-07 15:27:39.116 E/TrackedObjectManager( 2832): Failed to start tracking keyboard object with error Status(-129, EX_TRANSACTION_FAILED): 'DEAD_OBJECT: '
12-07 15:27:39.130 E/TrackedObjectManager( 2832): Failed to connect to TrackedObjectService with error Status(-129, EX_TRANSACTION_FAILED): 'DEAD_OBJECT: '
12-07 15:27:39.130 W/OSDynamicObjectDataQuerier( 2832): Attempted to start tracking objects when tracker was already started
12-07 15:27:39.130 E/TrackedObjectManager( 2832): Failed to connect to TrackedObjectService with error Status(-129, EX_TRANSACTION_FAILED): 'DEAD_OBJECT: '
12-07 15:27:39.130 E/TrackedObjectManager( 2832): Failed to start tracking keyboard object with error Status(-129, EX_TRANSACTION_FAILED): 'DEAD_OBJECT: '
12-07 15:27:39.144 E/TrackedObjectManager( 2832): Failed to connect to TrackedObjectService with error Status(-129, EX_TRANSACTION_FAILED): 'DEAD_OBJECT: '
12-07 15:27:39.144 W/OSDynamicObjectDataQuerier( 2832): Attempted to start tracking objects when tracker was already started
12-07 15:27:39.144 E/TrackedObjectManager( 2832): Failed to connect to TrackedObjectService with error Status(-129, EX_TRANSACTION_FAILED): 'DEAD_OBJECT: '
12-07 15:27:39.144 E/TrackedObjectManager( 2832): Failed to start tracking keyboard object with error Status(-129, EX_TRANSACTION_FAILED): 'DEAD_OBJECT: '
12-07 15:27:39.149 I/MRSS    ( 1157): MIXEDREALITY: EnvironmentDepthMetacapability: processTelemetry client com.oculus.vrshell state true aggregated 1
12-07 15:27:39.158 E/TrackedObjectManager( 2832): Failed to connect to TrackedObjectService with error Status(-129, EX_TRANSACTION_FAILED): 'DEAD_OBJECT: '
12-07 15:27:39.158 W/OSDynamicObjectDataQuerier( 2832): Attempted to start tracking objects when tracker was already started
12-07 15:27:39.158 E/TrackedObjectManager( 2832): Failed to connect to TrackedObjectService with error Status(-129, EX_TRANSACTION_FAILED): 'DEAD_OBJECT: '
12-07 15:27:39.158 E/TrackedObjectManager( 2832): Failed to start tracking keyboard object with error Status(-129, EX_TRANSACTION_FAILED): 'DEAD_OBJECT: '
12-07 15:27:39.172 E/TrackedObjectManager( 2832): Failed to connect to TrackedObjectService with error Status(-129, EX_TRANSACTION_FAILED): 'DEAD_OBJECT: '
12-07 15:27:39.172 W/OSDynamicObjectDataQuerier( 2832): Attempted to start tracking objects when tracker was already started
12-07 15:27:39.172 E/TrackedObjectManager( 2832): Failed to connect to TrackedObjectService with error Status(-129, EX_TRANSACTION_FAILED): 'DEAD_OBJECT: '
12-07 15:27:39.172 E/TrackedObjectManager( 2832): Failed to start tracking keyboard object with error Status(-129, EX_TRANSACTION_FAILED): 'DEAD_OBJECT: '
12-07 15:27:39.186 E/TrackedObjectManager( 2832): Failed to connect to TrackedObjectService with error Status(-129, EX_TRANSACTION_FAILED): 'DEAD_OBJECT: '
12-07 15:27:39.186 W/OSDynamicObjectDataQuerier( 2832): Attempted to start tracking objects when tracker was already started
12-07 15:27:39.186 E/TrackedObjectManager( 2832): Failed to connect to TrackedObjectService with error Status(-129, EX_TRANSACTION_FAILED): 'DEAD_OBJECT: '
12-07 15:27:39.186 E/TrackedObjectManager( 2832): Failed to start tracking keyboard object with error Status(-129, EX_TRANSACTION_FAILED): 'DEAD_OBJECT: '
12-07 15:27:39.199 E/TrackedObjectManager( 2832): Failed to connect to TrackedObjectService with error Status(-129, EX_TRANSACTION_FAILED): 'DEAD_OBJECT: '
12-07 15:27:39.199 W/OSDynamicObjectDataQuerier( 2832): Attempted to start tracking objects when tracker was already started
12-07 15:27:39.199 E/TrackedObjectManager( 2832): Failed to connect to TrackedObjectService with error Status(-129, EX_TRANSACTION_FAILED): 'DEAD_OBJECT: '
12-07 15:27:39.200 E/TrackedObjectManager( 2832): Failed to start tracking keyboard object with error Status(-129, EX_TRANSACTION_FAILED): 'DEAD_OBJECT: '
12-07 15:27:39.207 I/MRSS    ( 1157): MIXEDREALITY: MrSystemService: FramesetTelemetry: valid: -/-, stereo/depth/color: avail:  265/   0/ 635, accepted %: 100.0/0.0/100.0, dropped %: 0.0/0.0/0.0, valid %: 100.0/0.0/100.0, textured %: 0.0/0.0/100.0.
12-07 15:27:39.207 I/MRSS    ( 1157): MIXEDREALITY: MrSystemService: FramesetTelemetry: timeouts stereo/color: compute side: 0/0, render side: 0/0, egl: 0.
12-07 15:27:39.213 E/TrackedObjectManager( 2832): Failed to connect to TrackedObjectService with error Status(-129, EX_TRANSACTION_FAILED): 'DEAD_OBJECT: '
12-07 15:27:39.213 W/OSDynamicObjectDataQuerier( 2832): Attempted to start tracking objects when tracker was already started
12-07 15:27:39.213 E/TrackedObjectManager( 2832): Failed to connect to TrackedObjectService with error Status(-129, EX_TRANSACTION_FAILED): 'DEAD_OBJECT: '
12-07 15:27:39.213 E/TrackedObjectManager( 2832): Failed to start tracking keyboard object with error Status(-129, EX_TRANSACTION_FAILED): 'DEAD_OBJECT: '
12-07 15:27:39.227 E/TrackedObjectManager( 2832): Failed to connect to TrackedObjectService with error Status(-129, EX_TRANSACTION_FAILED): 'DEAD_OBJECT: '
12-07 15:27:39.227 W/OSDynamicObjectDataQuerier( 2832): Attempted to start tracking objects when tracker was already started
12-07 15:27:39.227 E/TrackedObjectManager( 2832): Failed to connect to TrackedObjectService with error Status(-129, EX_TRANSACTION_FAILED): 'DEAD_OBJECT: '
12-07 15:27:39.227 E/TrackedObjectManager( 2832): Failed to start tracking keyboard object with error Status(-129, EX_TRANSACTION_FAILED): 'DEAD_OBJECT: '
12-07 15:27:39.241 E/TrackedObjectManager( 2832): Failed to connect to TrackedObjectService with error Status(-129, EX_TRANSACTION_FAILED): 'DEAD_OBJECT: '
12-07 15:27:39.241 W/OSDynamicObjectDataQuerier( 2832): Attempted to start tracking objects when tracker was already started
12-07 15:27:39.241 E/TrackedObjectManager( 2832): Failed to connect to TrackedObjectService with error Status(-129, EX_TRANSACTION_FAILED): 'DEAD_OBJECT: '
12-07 15:27:39.241 E/TrackedObjectManager( 2832): Failed to start tracking keyboard object with error Status(-129, EX_TRANSACTION_FAILED): 'DEAD_OBJECT: '
12-07 15:27:39.255 E/TrackedObjectManager( 2832): Failed to connect to TrackedObjectService with error Status(-129, EX_TRANSACTION_FAILED): 'DEAD_OBJECT: '
12-07 15:27:39.255 W/OSDynamicObjectDataQuerier( 2832): Attempted to start tracking objects when tracker was already started
12-07 15:27:39.255 E/TrackedObjectManager( 2832): Failed to connect to TrackedObjectService with error Status(-129, EX_TRANSACTION_FAILED): 'DEAD_OBJECT: '
12-07 15:27:39.255 E/TrackedObjectManager( 2832): Failed to start tracking keyboard object with error Status(-129, EX_TRANSACTION_FAILED): 'DEAD_OBJECT: '
12-07 15:27:39.269 E/TrackedObjectManager( 2832): Failed to connect to TrackedObjectService with error Status(-129, EX_TRANSACTION_FAILED): 'DEAD_OBJECT: '
12-07 15:27:39.269 W/OSDynamicObjectDataQuerier( 2832): Attempted to start tracking objects when tracker was already started
12-07 15:27:39.269 E/TrackedObjectManager( 2832): Failed to connect to TrackedObjectService with error Status(-129, EX_TRANSACTION_FAILED): 'DEAD_OBJECT: '
12-07 15:27:39.269 E/TrackedObjectManager( 2832): Failed to start tracking keyboard object with error Status(-129, EX_TRANSACTION_FAILED): 'DEAD_OBJECT: '
12-07 15:27:39.283 E/TrackedObjectManager( 2832): Failed to connect to TrackedObjectService with error Status(-129, EX_TRANSACTION_FAILED): 'DEAD_OBJECT: '
12-07 15:27:39.283 W/OSDynamicObjectDataQuerier( 2832): Attempted to start tracking objects when tracker was already started
12-07 15:27:39.283 E/TrackedObjectManager( 2832): Failed to connect to TrackedObjectService with error Status(-129, EX_TRANSACTION_FAILED): 'DEAD_OBJECT: '
12-07 15:27:39.283 E/TrackedObjectManager( 2832): Failed to start tracking keyboard object with error Status(-129, EX_TRANSACTION_FAILED): 'DEAD_OBJECT: '
12-07 15:27:39.297 E/TrackedObjectManager( 2832): Failed to connect to TrackedObjectService with error Status(-129, EX_TRANSACTION_FAILED): 'DEAD_OBJECT: '
12-07 15:27:39.297 W/OSDynamicObjectDataQuerier( 2832): Attempted to start tracking objects when tracker was already started
12-07 15:27:39.297 E/TrackedObjectManager( 2832): Failed to connect to TrackedObjectService with error Status(-129, EX_TRANSACTION_FAILED): 'DEAD_OBJECT: '
12-07 15:27:39.297 E/TrackedObjectManager( 2832): Failed to start tracking keyboard object with error Status(-129, EX_TRANSACTION_FAILED): 'DEAD_OBJECT: '
12-07 15:27:39.297 I/GraphicsGovernor( 2832): Dynamic Foveation Lvl 3, Min Foveation Lvl 3, DynRes Enabled 1, DynRes Scaler 1.000000
12-07 15:27:39.311 E/TrackedObjectManager( 2832): Failed to connect to TrackedObjectService with error Status(-129, EX_TRANSACTION_FAILED): 'DEAD_OBJECT: '
12-07 15:27:39.311 W/OSDynamicObjectDataQuerier( 2832): Attempted to start tracking objects when tracker was already started
12-07 15:27:39.311 E/TrackedObjectManager( 2832): Failed to connect to TrackedObjectService with error Status(-129, EX_TRANSACTION_FAILED): 'DEAD_OBJECT: '
12-07 15:27:39.311 E/TrackedObjectManager( 2832): Failed to start tracking keyboard object with error Status(-129, EX_TRANSACTION_FAILED): 'DEAD_OBJECT: '
12-07 15:27:39.324 E/TrackedObjectManager( 2832): Failed to connect to TrackedObjectService with error Status(-129, EX_TRANSACTION_FAILED): 'DEAD_OBJECT: '
12-07 15:27:39.324 W/OSDynamicObjectDataQuerier( 2832): Attempted to start tracking objects when tracker was already started
12-07 15:27:39.325 E/TrackedObjectManager( 2832): Failed to connect to TrackedObjectService with error Status(-129, EX_TRANSACTION_FAILED): 'DEAD_OBJECT: '
12-07 15:27:39.325 E/TrackedObjectManager( 2832): Failed to start tracking keyboard object with error Status(-129, EX_TRANSACTION_FAILED): 'DEAD_OBJECT: '
12-07 15:27:39.338 E/TrackedObjectManager( 2832): Failed to connect to TrackedObjectService with error Status(-129, EX_TRANSACTION_FAILED): 'DEAD_OBJECT: '
12-07 15:27:39.338 W/OSDynamicObjectDataQuerier( 2832): Attempted to start tracking objects when tracker was already started
12-07 15:27:39.338 E/TrackedObjectManager( 2832): Failed to connect to TrackedObjectService with error Status(-129, EX_TRANSACTION_FAILED): 'DEAD_OBJECT: '
12-07 15:27:39.338 E/TrackedObjectManager( 2832): Failed to start tracking keyboard object with error Status(-129, EX_TRANSACTION_FAILED): 'DEAD_OBJECT: '
12-07 15:27:39.352 E/TrackedObjectManager( 2832): Failed to connect to TrackedObjectService with error Status(-129, EX_TRANSACTION_FAILED): 'DEAD_OBJECT: '
12-07 15:27:39.352 W/OSDynamicObjectDataQuerier( 2832): Attempted to start tracking objects when tracker was already started
12-07 15:27:39.352 E/TrackedObjectManager( 2832): Failed to connect to TrackedObjectService with error Status(-129, EX_TRANSACTION_FAILED): 'DEAD_OBJECT: '
12-07 15:27:39.352 E/TrackedObjectManager( 2832): Failed to start tracking keyboard object with error Status(-129, EX_TRANSACTION_FAILED): 'DEAD_OBJECT: '
12-07 15:27:39.366 E/TrackedObjectManager( 2832): Failed to connect to TrackedObjectService with error Status(-129, EX_TRANSACTION_FAILED): 'DEAD_OBJECT: '
12-07 15:27:39.366 W/OSDynamicObjectDataQuerier( 2832): Attempted to start tracking objects when tracker was already started
12-07 15:27:39.366 E/TrackedObjectManager( 2832): Failed to connect to TrackedObjectService with error Status(-129, EX_TRANSACTION_FAILED): 'DEAD_OBJECT: '
12-07 15:27:39.366 E/TrackedObjectManager( 2832): Failed to start tracking keyboard object with error Status(-129, EX_TRANSACTION_FAILED): 'DEAD_OBJECT: '
12-07 15:27:39.380 E/TrackedObjectManager( 2832): Failed to connect to TrackedObjectService with error Status(-129, EX_TRANSACTION_FAILED): 'DEAD_OBJECT: '
12-07 15:27:39.380 W/OSDynamicObjectDataQuerier( 2832): Attempted to start tracking objects when tracker was already started
12-07 15:27:39.380 E/TrackedObjectManager( 2832): Failed to connect to TrackedObjectService with error Status(-129, EX_TRANSACTION_FAILED): 'DEAD_OBJECT: '
12-07 15:27:39.380 E/TrackedObjectManager( 2832): Failed to start tracking keyboard object with error Status(-129, EX_TRANSACTION_FAILED): 'DEAD_OBJECT: '
12-07 15:27:39.386 I/OpenXR_Anchor( 3469): xrQuerySpacesFB: no split anchor query enabled
12-07 15:27:39.386 I/[CT]    ( 3469): SP:AF:InsightAnchorApi: QueryAnchorSpaces loadAndQueryAvailableAnchors flow. (task start) duration: 0.000000000 [sec], flags: 44, location: StorageLocation::LOCAL(1), method: 1, request: 5333, source: SourceType::LIVE_TRACKER(1)
12-07 15:27:39.386 I/[CT]    ( 3469): RuntimeIpcHelper: RuntimeIpcClient::CALL_RPC isAsync: true, func: loadAvailableAnchors
12-07 15:27:39.387 I/[CT]    ( 4885): SP:AP:AnchorPersistenceRuntimeIpcServer: checkRPC start: sessionUuid:1e3ba3f0-dfb6-0aba-a69b-b18fb253c69c, clientId:2367474718, givenPackageName:com.oculus.vrshell
12-07 15:27:39.387 I/[CT]    ( 4885): SP:AP:AnchorPersistenceRuntimeIpcServer: checkPackageAccess - detectedPackageName:com.oculus.vrshell, detectedProcessName:com.oculus.vrshell, givenPackageName:com.oculus.vrshell
12-07 15:27:39.387 I/[CT]    ( 4885): SP:AP:AnchorPersistenceRuntimeIpcServer: checkRPC package name matches: sessionUuid:1e3ba3f0-dfb6-0aba-a69b-b18fb253c69c, clientId:2367474718, givenPackageName:com.oculus.vrshell, detectedPackageName:com.oculus.vrshell, detectedProcessName:com.oculus.vrshell
12-07 15:27:39.387 I/[CT]    ( 4885): SP:AP:AnchorPersistenceRuntimeIpcServer: queryAvailableAnchorsSMV2: clientId: 2367474718, maxAnchors: 500, filter: 0, queryMultipleRoomsEnabledByOpenXrVersion: true, source: 1, appId: com.oculus.vrshell
12-07 15:27:39.387 I/[CT]    ( 4885): SP:AP:AnchorPersistenceConfig: getSceneRuntimePermissionEnabled: USE_SCENE permission is enabled on this device
12-07 15:27:39.387 I/[CT]    ( 4885): SP:AP:AnchorPersistenceScenePermissions: hasClientGrantedScenePermission: USE_SCENE permission is enabled on this device, check client 2367474718, grant is true
12-07 15:27:39.387 I/[CT]    ( 4885): SP:AP:AnchorPersistenceConfig: getSceneRuntimePermissionEnabled: USE_SCENE permission is enabled on this device
12-07 15:27:39.388 I/[CT]    ( 4885): SP:SceneAnchorFilterUtil: filterSceneDataByPermission: com.oculus.vrshell permission check passed, keep scene data. anchors size: 0
12-07 15:27:39.388 I/[CT]    ( 3469): SP:AF:InsightAnchorApi: QueryAnchorSpaces (task finish) returnCode: AnchorResultCode::SUCCESS(0), numSpacesFound: 0, spacesFoundUuids: [], duration: 0.000000000 [sec], flags: 44, location: 1, method: 1, request: 5333
12-07 15:27:39.389 I/[CT]    ( 3469): SP:TREX:SpatialPersistencePlugin: Event type: 6
12-07 15:27:39.389 I/TREX    ( 3469): Spatial Persistence event: QuerySpacesFinish
12-07 15:27:39.394 E/TrackedObjectManager( 2832): Failed to connect to TrackedObjectService with error Status(-129, EX_TRANSACTION_FAILED): 'DEAD_OBJECT: '
12-07 15:27:39.394 W/OSDynamicObjectDataQuerier( 2832): Attempted to start tracking objects when tracker was already started
12-07 15:27:39.394 E/TrackedObjectManager( 2832): Failed to connect to TrackedObjectService with error Status(-129, EX_TRANSACTION_FAILED): 'DEAD_OBJECT: '
12-07 15:27:39.394 E/TrackedObjectManager( 2832): Failed to start tracking keyboard object with error Status(-129, EX_TRANSACTION_FAILED): 'DEAD_OBJECT: '
